cmake is already installed.
pip3 is already installed.
Profiles found in the cache:
Building tests with command: /home/dsystems/Desktop/projects/cpp/cpp_dbc/libs/cpp_dbc/build_test_cpp_dbc.sh --test --yaml --mysql --postgres-on --debug
cmake is already installed.
pip3 is already installed.
git is already installed.
Profiles found in the cache:
Building cpp_dbc tests...
Configuration:
  CPP-YAML support: ON
  MySQL support: ON
  PostgreSQL support: ON
  Build type: Debug
  Address Sanitizer: OFF
+ CONAN_DIR=/home/dsystems/Desktop/projects/cpp/cpp_dbc/libs/cpp_dbc/../../build/libs/cpp_dbc/conan
+ mkdir -p /home/dsystems/Desktop/projects/cpp/cpp_dbc/libs/cpp_dbc/../../build/libs/cpp_dbc/conan
+ echo 'Installing dependencies with Conan...'
Installing dependencies with Conan...
+ cd /home/dsystems/Desktop/projects/cpp/cpp_dbc/libs/cpp_dbc
+ conan install . --output-folder=/home/dsystems/Desktop/projects/cpp/cpp_dbc/libs/cpp_dbc/../../build/libs/cpp_dbc/conan --build=missing -s build_type=Debug

======== Input profiles ========
Profile host:
[settings]
arch=x86_64
build_type=Debug
compiler=gcc
compiler.cppstd=gnu17
compiler.libcxx=libstdc++11
compiler.version=11
os=Linux

Profile build:
[settings]
arch=x86_64
build_type=Release
compiler=gcc
compiler.cppstd=gnu17
compiler.libcxx=libstdc++11
compiler.version=11
os=Linux


======== Computing dependency graph ========
Graph root
    conanfile.txt: /home/dsystems/Desktop/projects/cpp/cpp_dbc/libs/cpp_dbc/conanfile.txt
Requirements
    catch2/3.3.2#3c2be9ddd9ce166ebb318afb0510295a - Cache
    yaml-cpp/0.8.0#4a38b859c0aa87ade0b27d96b13d4512 - Cache

======== Computing necessary packages ========
Requirements
    catch2/3.3.2#3c2be9ddd9ce166ebb318afb0510295a:1bffe38ea63e0a70abc267a577a8cd14c3717db6#db441f5f461a4eaa57d24fd25da2907b - Cache
    yaml-cpp/0.8.0#4a38b859c0aa87ade0b27d96b13d4512:451c431212a77cf562d97fe96ec83958609ba9e0#b226bca72d50a80c0ba0d1574132079c - Cache

======== Installing packages ========
catch2/3.3.2: Already installed! (1 of 2)
yaml-cpp/0.8.0: Already installed! (2 of 2)
WARN: deprecated: Usage of deprecated Conan 1.X features that will be removed in Conan 2.X:
WARN: deprecated:     'cpp_info.filenames' used in: catch2/3.3.2
WARN: deprecated:     'cpp_info.names' used in: catch2/3.3.2
WARN: deprecated:     'cpp_info.build_modules' used in: catch2/3.3.2

======== Finalizing install (deploy, generators) ========
conanfile.txt: Writing generators to /home/dsystems/Desktop/projects/cpp/cpp_dbc/build/libs/cpp_dbc/conan/build/Debug/generators
conanfile.txt: Generator 'CMakeDeps' calling 'generate()'
conanfile.txt: CMakeDeps necessary find_package() and targets for your CMakeLists.txt
    find_package(Catch2)
    find_package(yaml-cpp)
    target_link_libraries(... Catch2::Catch2WithMain yaml-cpp::yaml-cpp)
conanfile.txt: Generator 'CMakeToolchain' calling 'generate()'
conanfile.txt: CMakeToolchain generated: conan_toolchain.cmake
conanfile.txt: CMakeToolchain: Preset 'conan-debug' added to CMakePresets.json.
    (cmake>=3.23) cmake --preset conan-debug
    (cmake<3.23) cmake <path> -G "Unix Makefiles" -DCMAKE_TOOLCHAIN_FILE=generators/conan_toolchain.cmake  -DCMAKE_POLICY_DEFAULT_CMP0091=NEW -DCMAKE_BUILD_TYPE=Debug
conanfile.txt: CMakeToolchain generated: /home/dsystems/Desktop/projects/cpp/cpp_dbc/build/libs/cpp_dbc/conan/build/Debug/generators/CMakePresets.json
conanfile.txt: CMakeToolchain generated: /home/dsystems/Desktop/projects/cpp/cpp_dbc/libs/cpp_dbc/CMakeUserPresets.json
conanfile.txt: Generating aggregated env files
conanfile.txt: Generated aggregated env files: ['conanbuild.sh', 'conanrun.sh']
Install finished successfully
+ cd /home/dsystems/Desktop/projects/cpp/cpp_dbc/libs/cpp_dbc/../../build/libs/cpp_dbc/test
+ '[' -d /home/dsystems/Desktop/projects/cpp/cpp_dbc/libs/cpp_dbc/../../build/libs/cpp_dbc/conan/build/Debug ']'
+ TOOLCHAIN_FILE=/home/dsystems/Desktop/projects/cpp/cpp_dbc/libs/cpp_dbc/../../build/libs/cpp_dbc/conan/build/Debug/generators/conan_toolchain.cmake
+ '[' '!' -f /home/dsystems/Desktop/projects/cpp/cpp_dbc/libs/cpp_dbc/../../build/libs/cpp_dbc/conan/build/Debug/generators/conan_toolchain.cmake ']'
+ echo 'Using toolchain file: /home/dsystems/Desktop/projects/cpp/cpp_dbc/libs/cpp_dbc/../../build/libs/cpp_dbc/conan/build/Debug/generators/conan_toolchain.cmake'
Using toolchain file: /home/dsystems/Desktop/projects/cpp/cpp_dbc/libs/cpp_dbc/../../build/libs/cpp_dbc/conan/build/Debug/generators/conan_toolchain.cmake
+ echo 'Configuring with CMake...'
Configuring with CMake...
+ cmake /home/dsystems/Desktop/projects/cpp/cpp_dbc/libs/cpp_dbc -DCMAKE_TOOLCHAIN_FILE=/home/dsystems/Desktop/projects/cpp/cpp_dbc/libs/cpp_dbc/../../build/libs/cpp_dbc/conan/build/Debug/generators/conan_toolchain.cmake -DCMAKE_BUILD_TYPE=Debug -DUSE_CPP_YAML=ON -DUSE_MYSQL=ON -DUSE_POSTGRESQL=ON -DCPP_DBC_BUILD_TESTS=ON -DENABLE_ASAN=OFF -Wno-dev
-- Using Conan toolchain: /home/dsystems/Desktop/projects/cpp/cpp_dbc/build/libs/cpp_dbc/conan/build/Debug/generators/conan_toolchain.cmake
-- Conan toolchain: Defining architecture flag: -m64
-- Conan toolchain: C++ Standard 17 with extensions ON
-- Warning: Standard CMAKE_CXX_STANDARD value defined in conan_toolchain.cmake to 17 has been modified to 23 by /home/dsystems/Desktop/projects/cpp/cpp_dbc/libs/cpp_dbc/CMakeLists.txt
-- Found cpp_dbc: /usr/lib/x86_64-linux-gnu/libmysqlclient.so  
-- Found cpp_dbc: /usr/lib/x86_64-linux-gnu/libpq.so  
-- Conan: Target declared 'yaml-cpp::yaml-cpp'
-- Warning: Standard CMAKE_CXX_STANDARD value defined in conan_toolchain.cmake to 17 has been modified to 23 by /home/dsystems/Desktop/projects/cpp/cpp_dbc/libs/cpp_dbc/test/CMakeLists.txt
-- Address Sanitizer disabled for tests
-- Conan: Component target declared 'Catch2::Catch2'
-- Conan: Component target declared 'Catch2::Catch2WithMain'
-- Configuring done (0.0s)
-- Generating done (0.0s)
-- Build files have been written to: /home/dsystems/Desktop/projects/cpp/cpp_dbc/build/libs/cpp_dbc/test
+ '[' OFF = OFF ']'
+ echo 'Address Sanitizer is disabled'
Address Sanitizer is disabled
+ echo 'Building the tests...'
Building the tests...
+ cmake --build . --target cpp_dbc_tests
[ 36%] Built target cpp_dbc
[100%] Built target cpp_dbc_tests

Tests built successfully!

Running tests...

========== Running Tests ==========

Running tests directly...

Available tests:

==268743== Memcheck, a memory error detector
==268743== Copyright (C) 2002-2017, and GNU GPL'd, by Julian Seward et al.
==268743== Using Valgrind-3.18.1-42b08ed5bd-20211015 and LibVEX; rerun with -h for copyright info
==268743== Command: /home/dsystems/Desktop/projects/cpp/cpp_dbc/libs/cpp_dbc/../../build/libs/cpp_dbc/test/test/cpp_dbc_tests --list-tests
==268743== 
--268743-- Valgrind options:
--268743--    --leak-check=full
--268743--    --show-leak-kinds=all
--268743--    --track-origins=yes
--268743--    --verbose
--268743-- Contents of /proc/version:
--268743--   Linux version 6.8.0-60-generic (buildd@lcy02-amd64-054) (x86_64-linux-gnu-gcc-13 (Ubuntu 13.3.0-6ubuntu2~24.04) 13.3.0, GNU ld (GNU Binutils for Ubuntu) 2.42) #63-Ubuntu SMP PREEMPT_DYNAMIC Tue Apr 15 19:04:15 UTC 2025
--268743-- 
--268743-- Arch and hwcaps: AMD64, LittleEndian, amd64-cx16-lzcnt-rdtscp-sse3-ssse3-avx-avx2-bmi-f16c-rdrand-rdseed
--268743-- Page sizes: currently 4096, max supported 4096
--268743-- Valgrind library directory: /usr/libexec/valgrind
--268743-- Reading syms from /home/dsystems/Desktop/projects/cpp/cpp_dbc/build/libs/cpp_dbc/test/test/cpp_dbc_tests
--268743-- Reading syms from /usr/lib/x86_64-linux-gnu/ld-linux-x86-64.so.2
--268743--   Considering /usr/lib/debug/.build-id/e4/de036b19e4768e7591b596c4be9f9015f2d28a.debug ..
--268743--   .. build-id is valid
--268743-- Reading syms from /usr/libexec/valgrind/memcheck-amd64-linux
--268743--    object doesn't have a symbol table
--268743--    object doesn't have a dynamic symbol table
--268743-- Scheduler: using generic scheduler lock implementation.
--268743-- Reading suppressions file: /usr/libexec/valgrind/default.supp
==268743== embedded gdbserver: reading from /tmp/vgdb-pipe-from-vgdb-to-268743-by-dsystems-on-dsystems-vm-lm
==268743== embedded gdbserver: writing to   /tmp/vgdb-pipe-to-vgdb-from-268743-by-dsystems-on-dsystems-vm-lm
==268743== embedded gdbserver: shared mem   /tmp/vgdb-pipe-shared-mem-vgdb-268743-by-dsystems-on-dsystems-vm-lm
==268743== 
==268743== TO CONTROL THIS PROCESS USING vgdb (which you probably
==268743== don't want to do, unless you know exactly what you're doing,
==268743== or are doing some strange experiment):
==268743==   /usr/bin/vgdb --pid=268743 ...command...
==268743== 
==268743== TO DEBUG THIS PROCESS USING GDB: start GDB like this
==268743==   /path/to/gdb /home/dsystems/Desktop/projects/cpp/cpp_dbc/libs/cpp_dbc/../../build/libs/cpp_dbc/test/test/cpp_dbc_tests
==268743== and then give GDB the following command
==268743==   target remote | /usr/bin/vgdb --pid=268743
==268743== --pid is optional if only one valgrind process is running
==268743== 
--268743-- REDIR: 0x402aa40 (ld-linux-x86-64.so.2:strlen) redirected to 0x580bcec2 (???)
--268743-- REDIR: 0x402a810 (ld-linux-x86-64.so.2:index) redirected to 0x580bcedc (???)
--268743-- Reading syms from /usr/libexec/valgrind/vgpreload_core-amd64-linux.so
--268743--    object doesn't have a symbol table
--268743-- Reading syms from /usr/libexec/valgrind/vgpreload_memcheck-amd64-linux.so
--268743--    object doesn't have a symbol table
==268743== WARNING: new redirection conflicts with existing -- ignoring it
--268743--     old: 0x0402aa40 (strlen              ) R-> (0000.0) 0x580bcec2 ???
--268743--     new: 0x0402aa40 (strlen              ) R-> (2007.0) 0x0484ee30 strlen
--268743-- REDIR: 0x4027220 (ld-linux-x86-64.so.2:strcmp) redirected to 0x484fcd0 (strcmp)
--268743-- REDIR: 0x402afa0 (ld-linux-x86-64.so.2:mempcpy) redirected to 0x4853840 (mempcpy)
--268743-- Reading syms from /usr/lib/x86_64-linux-gnu/libmysqlclient.so.21.2.42
--268743--    object doesn't have a symbol table
--268743-- Reading syms from /usr/lib/x86_64-linux-gnu/libpq.so.5.14
--268743--    object doesn't have a symbol table
--268743-- Reading syms from /usr/lib/x86_64-linux-gnu/libstdc++.so.6.0.30
--268743--    object doesn't have a symbol table
--268743-- Reading syms from /usr/lib/x86_64-linux-gnu/libgcc_s.so.1
--268743--    object doesn't have a symbol table
--268743-- Reading syms from /usr/lib/x86_64-linux-gnu/libc.so.6
--268743--   Considering /usr/lib/debug/.build-id/cd/410b710f0f094c6832edd95931006d883af48e.debug ..
--268743--   .. build-id is valid
==268743== WARNING: new redirection conflicts with existing -- ignoring it
--268743--     old: 0x05237c60 (memalign            ) R-> (1011.0) 0x0484e080 memalign
--268743--     new: 0x05237c60 (memalign            ) R-> (1017.0) 0x0484e050 aligned_alloc
==268743== WARNING: new redirection conflicts with existing -- ignoring it
--268743--     old: 0x05237c60 (memalign            ) R-> (1011.0) 0x0484e080 memalign
--268743--     new: 0x05237c60 (memalign            ) R-> (1017.0) 0x0484e020 aligned_alloc
==268743== WARNING: new redirection conflicts with existing -- ignoring it
--268743--     old: 0x05237c60 (memalign            ) R-> (1011.0) 0x0484e080 memalign
--268743--     new: 0x05237c60 (memalign            ) R-> (1017.0) 0x0484e050 aligned_alloc
==268743== WARNING: new redirection conflicts with existing -- ignoring it
--268743--     old: 0x05237c60 (memalign            ) R-> (1011.0) 0x0484e080 memalign
--268743--     new: 0x05237c60 (memalign            ) R-> (1017.0) 0x0484e020 aligned_alloc
--268743-- Reading syms from /usr/lib/x86_64-linux-gnu/libssl.so.3
--268743--    object doesn't have a symbol table
--268743-- Reading syms from /usr/lib/x86_64-linux-gnu/libcrypto.so.3
--268743--    object doesn't have a symbol table
--268743-- Reading syms from /usr/lib/x86_64-linux-gnu/libresolv.so.2
--268743--   Considering /usr/lib/debug/.build-id/15/8dd46e86db0845e1dd682160dc622170ba4614.debug ..
--268743--   .. build-id is valid
--268743-- Reading syms from /usr/lib/x86_64-linux-gnu/libzstd.so.1.4.8
--268743--    object doesn't have a symbol table
--268743-- Reading syms from /usr/lib/x86_64-linux-gnu/libgssapi_krb5.so.2.2
--268743--    object doesn't have a symbol table
--268743-- Reading syms from /usr/lib/x86_64-linux-gnu/libldap-2.5.so.0.1.14
--268743--    object doesn't have a symbol table
--268743-- Reading syms from /usr/lib/x86_64-linux-gnu/libm.so.6
--268743--   Considering /usr/lib/debug/.build-id/7d/8778fca8ea4621b268cc03662855d0cd983439.debug ..
--268743--   .. build-id is valid
--268743-- Reading syms from /usr/lib/x86_64-linux-gnu/libkrb5.so.3.3
--268743--    object doesn't have a symbol table
--268743-- Reading syms from /usr/lib/x86_64-linux-gnu/libk5crypto.so.3.1
--268743--    object doesn't have a symbol table
--268743-- Reading syms from /usr/lib/x86_64-linux-gnu/libcom_err.so.2.1
--268743--    object doesn't have a symbol table
--268743-- Reading syms from /usr/lib/x86_64-linux-gnu/libkrb5support.so.0.1
--268743--    object doesn't have a symbol table
--268743-- Reading syms from /usr/lib/x86_64-linux-gnu/liblber-2.5.so.0.1.14
--268743--    object doesn't have a symbol table
--268743-- Reading syms from /usr/lib/x86_64-linux-gnu/libsasl2.so.2.0.25
--268743--    object doesn't have a symbol table
--268743-- Reading syms from /usr/lib/x86_64-linux-gnu/libgnutls.so.30.31.0
--268743--    object doesn't have a symbol table
--268743-- Reading syms from /usr/lib/x86_64-linux-gnu/libkeyutils.so.1.9
--268743--    object doesn't have a symbol table
--268743-- Reading syms from /usr/lib/x86_64-linux-gnu/libp11-kit.so.0.3.0
--268743--    object doesn't have a symbol table
--268743-- Reading syms from /usr/lib/x86_64-linux-gnu/libidn2.so.0.3.7
--268743--    object doesn't have a symbol table
--268743-- Reading syms from /usr/lib/x86_64-linux-gnu/libunistring.so.2.2.0
--268743--    object doesn't have a symbol table
--268743-- Reading syms from /usr/lib/x86_64-linux-gnu/libtasn1.so.6.6.2
--268743--    object doesn't have a symbol table
--268743-- Reading syms from /usr/lib/x86_64-linux-gnu/libnettle.so.8.4
--268743--    object doesn't have a symbol table
--268743-- Reading syms from /usr/lib/x86_64-linux-gnu/libhogweed.so.6.4
--268743--    object doesn't have a symbol table
--268743-- Reading syms from /usr/lib/x86_64-linux-gnu/libgmp.so.10.4.1
--268743--    object doesn't have a symbol table
--268743-- Reading syms from /usr/lib/x86_64-linux-gnu/libffi.so.8.1.0
--268743--    object doesn't have a symbol table
--268743-- REDIR: 0x523a720 (libc.so.6:strnlen) redirected to 0x483f220 (_vgnU_ifunc_wrapper)
--268743-- REDIR: 0x523a9e0 (libc.so.6:strpbrk) redirected to 0x483f220 (_vgnU_ifunc_wrapper)
--268743-- REDIR: 0x523a2e0 (libc.so.6:strcmp) redirected to 0x483f220 (_vgnU_ifunc_wrapper)
--268743-- REDIR: 0x5258cd0 (libc.so.6:wcsnlen) redirected to 0x483f220 (_vgnU_ifunc_wrapper)
--268743-- REDIR: 0x523b6d0 (libc.so.6:memset) redirected to 0x483f220 (_vgnU_ifunc_wrapper)
--268743-- REDIR: 0x5257540 (libc.so.6:wcslen) redirected to 0x483f220 (_vgnU_ifunc_wrapper)
--268743-- REDIR: 0x523bc10 (libc.so.6:memcpy@@GLIBC_2.14) redirected to 0x483f220 (_vgnU_ifunc_wrapper)
--268743-- REDIR: 0x5257370 (libc.so.6:wcschr) redirected to 0x483f220 (_vgnU_ifunc_wrapper)
--268743-- REDIR: 0x523a260 (libc.so.6:index) redirected to 0x483f220 (_vgnU_ifunc_wrapper)
--268743-- REDIR: 0x523a960 (libc.so.6:rindex) redirected to 0x483f220 (_vgnU_ifunc_wrapper)
--268743-- REDIR: 0x523b5a0 (libc.so.6:memmove) redirected to 0x483f220 (_vgnU_ifunc_wrapper)
==268743== Preferring higher priority redirection:
--268743--     old: 0x053327c0 (__memcpy_avx_unalign) R-> (2018.0) 0x04850f90 __memcpy_avx_unaligned_erms
--268743--     new: 0x053327c0 (__memcpy_avx_unalign) R-> (2018.1) 0x04852880 memmove
--268743-- REDIR: 0x52573f0 (libc.so.6:wcscmp) redirected to 0x483f220 (_vgnU_ifunc_wrapper)
--268743-- REDIR: 0x523b9e0 (libc.so.6:stpncpy) redirected to 0x483f220 (_vgnU_ifunc_wrapper)
--268743-- REDIR: 0x52579b0 (libc.so.6:wmemchr) redirected to 0x483f220 (_vgnU_ifunc_wrapper)
--268743-- REDIR: 0x523a830 (libc.so.6:strncmp) redirected to 0x483f220 (_vgnU_ifunc_wrapper)
--268743-- REDIR: 0x523ba70 (libc.so.6:strcasecmp) redirected to 0x483f220 (_vgnU_ifunc_wrapper)
--268743-- REDIR: 0x523a420 (libc.so.6:strcspn) redirected to 0x483f220 (_vgnU_ifunc_wrapper)
--268743-- REDIR: 0x5257470 (libc.so.6:wcscpy) redirected to 0x483f220 (_vgnU_ifunc_wrapper)
--268743-- REDIR: 0x523a1d0 (libc.so.6:strcat) redirected to 0x483f220 (_vgnU_ifunc_wrapper)
--268743-- REDIR: 0x523bb60 (libc.so.6:strncasecmp_l) redirected to 0x483f220 (_vgnU_ifunc_wrapper)
--268743-- REDIR: 0x523b480 (libc.so.6:bcmp) redirected to 0x483f220 (_vgnU_ifunc_wrapper)
--268743-- REDIR: 0x5243570 (libc.so.6:memrchr) redirected to 0x483f220 (_vgnU_ifunc_wrapper)
--268743-- REDIR: 0x523d010 (libc.so.6:strchrnul) redirected to 0x483f220 (_vgnU_ifunc_wrapper)
--268743-- REDIR: 0x523a390 (libc.so.6:strcpy) redirected to 0x483f220 (_vgnU_ifunc_wrapper)
--268743-- REDIR: 0x523bb10 (libc.so.6:strcasecmp_l) redirected to 0x483f220 (_vgnU_ifunc_wrapper)
--268743-- REDIR: 0x523a6a0 (libc.so.6:strlen) redirected to 0x483f220 (_vgnU_ifunc_wrapper)
--268743-- REDIR: 0x523a8d0 (libc.so.6:strncpy) redirected to 0x483f220 (_vgnU_ifunc_wrapper)
--268743-- REDIR: 0x523b950 (libc.so.6:stpcpy) redirected to 0x483f220 (_vgnU_ifunc_wrapper)
--268743-- REDIR: 0x523b3f0 (libc.so.6:memchr) redirected to 0x483f220 (_vgnU_ifunc_wrapper)
--268743-- REDIR: 0x523ab00 (libc.so.6:strspn) redirected to 0x483f220 (_vgnU_ifunc_wrapper)
--268743-- REDIR: 0x523b7d0 (libc.so.6:mempcpy) redirected to 0x483f220 (_vgnU_ifunc_wrapper)
--268743-- REDIR: 0x523bac0 (libc.so.6:strncasecmp) redirected to 0x483f220 (_vgnU_ifunc_wrapper)
--268743-- REDIR: 0x523cf80 (libc.so.6:rawmemchr) redirected to 0x483f220 (_vgnU_ifunc_wrapper)
--268743-- REDIR: 0x523a7a0 (libc.so.6:strncat) redirected to 0x483f220 (_vgnU_ifunc_wrapper)
--268743-- REDIR: 0x52c6280 (libc.so.6:__memcpy_chk) redirected to 0x483f220 (_vgnU_ifunc_wrapper)
--268743-- REDIR: 0x52c63b0 (libc.so.6:__memmove_chk) redirected to 0x483f220 (_vgnU_ifunc_wrapper)
==268743== WARNING: new redirection conflicts with existing -- ignoring it
--268743--     old: 0x05332790 (__memcpy_chk_avx_una) R-> (2030.0) 0x04853940 __memcpy_chk
--268743--     new: 0x05332790 (__memcpy_chk_avx_una) R-> (2024.0) 0x048532c0 __memmove_chk
--268743-- REDIR: 0x523b310 (libc.so.6:strstr) redirected to 0x483f220 (_vgnU_ifunc_wrapper)
==268743== WARNING: new redirection conflicts with existing -- ignoring it
--268743--     old: 0x05332790 (__memcpy_chk_avx_una) R-> (2030.0) 0x04853940 __memcpy_chk
--268743--     new: 0x05332790 (__memcpy_chk_avx_una) R-> (2024.0) 0x048532c0 __memmove_chk
==268743== WARNING: new redirection conflicts with existing -- ignoring it
--268743--     old: 0x05332790 (__memcpy_chk_avx_una) R-> (2030.0) 0x04853940 __memcpy_chk
--268743--     new: 0x05332790 (__memcpy_chk_avx_una) R-> (2024.0) 0x048532c0 __memmove_chk
--268743-- REDIR: 0x532f610 (libc.so.6:__strrchr_avx2) redirected to 0x484e810 (rindex)
--268743-- REDIR: 0x532f7e0 (libc.so.6:__strlen_avx2) redirected to 0x484ed10 (strlen)
--268743-- REDIR: 0x532ba80 (libc.so.6:__memcmp_avx2_movbe) redirected to 0x4852010 (bcmp)
--268743-- REDIR: 0x532ad80 (libc.so.6:__strncmp_avx2) redirected to 0x484f3e0 (strncmp)
--268743-- REDIR: 0x532f180 (libc.so.6:__strchr_avx2) redirected to 0x484e9f0 (index)
--268743-- REDIR: 0x532a940 (libc.so.6:__strcmp_avx2) redirected to 0x484fbd0 (strcmp)
--268743-- REDIR: 0x52370a0 (libc.so.6:malloc) redirected to 0x4848820 (malloc)
--268743-- REDIR: 0x53327c0 (libc.so.6:__memcpy_avx_unaligned_erms) redirected to 0x4852880 (memmove)
--268743-- REDIR: 0x5238520 (libc.so.6:calloc) redirected to 0x484d9d0 (calloc)
--268743-- REDIR: 0x5332790 (libc.so.6:__memcpy_chk_avx_unaligned_erms) redirected to 0x4853940 (__memcpy_chk)
--268743-- REDIR: 0x52373e0 (libc.so.6:free) redirected to 0x484b210 (free)
--268743-- REDIR: 0x4ff2970 (libstdc++.so.6:operator new(unsigned long)) redirected to 0x4848fa0 (operator new(unsigned long))
--268743-- REDIR: 0x4ff0c20 (libstdc++.so.6:operator delete(void*, unsigned long)) redirected to 0x484bb00 (operator delete(void*, unsigned long))
--268743-- REDIR: 0x532b2c0 (libc.so.6:__memchr_avx2) redirected to 0x484fd50 (memchr)
--268743-- REDIR: 0x5332780 (libc.so.6:__mempcpy_avx_unaligned_erms) redirected to 0x4853440 (mempcpy)
--268743-- REDIR: 0x5332f80 (libc.so.6:__memset_avx2_unaligned_erms) redirected to 0x4852770 (memset)
All available test cases:
  Basic cpp_dbc header inclusion
      [basic]
  Basic string operations
      [basic]
  Basic cpp_dbc types and constants
      [basic]
  Basic YAML operations
      [yaml]
  Database configuration loading
      [db_config]
  Database configurations
      [db_config]
  Specific database configurations
      [db_config]
  Connection pool configurations
      [db_config]
  Test queries
      [db_config]
  Create connection strings from configuration
      [db_config]
  Select MySQL database for dev environment
      [db_config]
  Select MySQL database for test environment
      [db_config]
  Select MySQL database for prod environment
      [db_config]
  Select PostgreSQL database for dev environment
      [db_config]
  Select PostgreSQL database for test environment
      [db_config]
  Select PostgreSQL database for prod environment
      [db_config]
  MySQL connection test
      [mysql_connection]
  PostgreSQL connection test
      [postgresql_connection]
  ConnectionPoolConfig tests
      [connection_pool]
  ConnectionPool basic tests
      [connection_pool]
  ConnectionPool with mock connections
      [connection_pool]
  TransactionManager basic tests
      [transaction_manager]
  TransactionManager multi-threaded tests
      [transaction_manager]
  TransactionContext tests
      [transaction_manager]
  ConnectionOptions tests
      [database_config]
  DatabaseConfig tests
      [database_config]
  TestQueries tests
      [database_config]
  DatabaseConfigManager tests
      [database_config]
  DriverManager tests
      [driver][manager]
  MySQL driver tests
      [driver][mysql]
  PostgreSQL driver tests
      [driver][postgresql]
  SQLException tests
      [exception]
  Types enum tests
      [types]
  Abstract interface tests
      [interface]
  DriverManager getRegisteredDrivers tests
      [driver_manager]
  Integration test with mock database
      [integration]
  Load and use test_db_connections.yml
      [integration]
  Real MySQL connection tests
      [mysql_real]
  Real PostgreSQL connection tests
      [postgresql_real]
  Real MySQL connection pool tests
      [mysql_connection_pool_real]
  Real PostgreSQL connection pool tests
      [postgresql_connection_pool_real]
  Real MySQL transaction manager tests
      [mysql_transaction_manager_real]
  Real PostgreSQL transaction manager tests
      [postgresql_transaction_manager_real]
43 test cases

--268743-- REDIR: 0x4ff0c10 (libstdc++.so.6:operator delete(void*)) redirected to 0x484b840 (operator delete(void*))
==268743== 
==268743== HEAP SUMMARY:
==268743==     in use at exit: 0 bytes in 0 blocks
==268743==   total heap usage: 5,167 allocs, 5,167 frees, 657,039 bytes allocated
==268743== 
==268743== All heap blocks were freed -- no leaks are possible
==268743== 
==268743== ERROR SUMMARY: 0 errors from 0 contexts (suppressed: 0 from 0)

Running tests with tag [mysql_real]...

==268755== Memcheck, a memory error detector
==268755== Copyright (C) 2002-2017, and GNU GPL'd, by Julian Seward et al.
==268755== Using Valgrind-3.18.1-42b08ed5bd-20211015 and LibVEX; rerun with -h for copyright info
==268755== Command: /home/dsystems/Desktop/projects/cpp/cpp_dbc/libs/cpp_dbc/../../build/libs/cpp_dbc/test/test/cpp_dbc_tests -s -r compact [mysql_real]
==268755== 
--268755-- Valgrind options:
--268755--    --leak-check=full
--268755--    --show-leak-kinds=all
--268755--    --track-origins=yes
--268755--    --verbose
--268755-- Contents of /proc/version:
--268755--   Linux version 6.8.0-60-generic (buildd@lcy02-amd64-054) (x86_64-linux-gnu-gcc-13 (Ubuntu 13.3.0-6ubuntu2~24.04) 13.3.0, GNU ld (GNU Binutils for Ubuntu) 2.42) #63-Ubuntu SMP PREEMPT_DYNAMIC Tue Apr 15 19:04:15 UTC 2025
--268755-- 
--268755-- Arch and hwcaps: AMD64, LittleEndian, amd64-cx16-lzcnt-rdtscp-sse3-ssse3-avx-avx2-bmi-f16c-rdrand-rdseed
--268755-- Page sizes: currently 4096, max supported 4096
--268755-- Valgrind library directory: /usr/libexec/valgrind
--268755-- Reading syms from /home/dsystems/Desktop/projects/cpp/cpp_dbc/build/libs/cpp_dbc/test/test/cpp_dbc_tests
--268755-- Reading syms from /usr/lib/x86_64-linux-gnu/ld-linux-x86-64.so.2
--268755--   Considering /usr/lib/debug/.build-id/e4/de036b19e4768e7591b596c4be9f9015f2d28a.debug ..
--268755--   .. build-id is valid
--268755-- Reading syms from /usr/libexec/valgrind/memcheck-amd64-linux
--268755--    object doesn't have a symbol table
--268755--    object doesn't have a dynamic symbol table
--268755-- Scheduler: using generic scheduler lock implementation.
--268755-- Reading suppressions file: /usr/libexec/valgrind/default.supp
==268755== embedded gdbserver: reading from /tmp/vgdb-pipe-from-vgdb-to-268755-by-dsystems-on-dsystems-vm-lm
==268755== embedded gdbserver: writing to   /tmp/vgdb-pipe-to-vgdb-from-268755-by-dsystems-on-dsystems-vm-lm
==268755== embedded gdbserver: shared mem   /tmp/vgdb-pipe-shared-mem-vgdb-268755-by-dsystems-on-dsystems-vm-lm
==268755== 
==268755== TO CONTROL THIS PROCESS USING vgdb (which you probably
==268755== don't want to do, unless you know exactly what you're doing,
==268755== or are doing some strange experiment):
==268755==   /usr/bin/vgdb --pid=268755 ...command...
==268755== 
==268755== TO DEBUG THIS PROCESS USING GDB: start GDB like this
==268755==   /path/to/gdb /home/dsystems/Desktop/projects/cpp/cpp_dbc/libs/cpp_dbc/../../build/libs/cpp_dbc/test/test/cpp_dbc_tests
==268755== and then give GDB the following command
==268755==   target remote | /usr/bin/vgdb --pid=268755
==268755== --pid is optional if only one valgrind process is running
==268755== 
--268755-- REDIR: 0x402aa40 (ld-linux-x86-64.so.2:strlen) redirected to 0x580bcec2 (???)
--268755-- REDIR: 0x402a810 (ld-linux-x86-64.so.2:index) redirected to 0x580bcedc (???)
--268755-- Reading syms from /usr/libexec/valgrind/vgpreload_core-amd64-linux.so
--268755--    object doesn't have a symbol table
--268755-- Reading syms from /usr/libexec/valgrind/vgpreload_memcheck-amd64-linux.so
--268755--    object doesn't have a symbol table
==268755== WARNING: new redirection conflicts with existing -- ignoring it
--268755--     old: 0x0402aa40 (strlen              ) R-> (0000.0) 0x580bcec2 ???
--268755--     new: 0x0402aa40 (strlen              ) R-> (2007.0) 0x0484ee30 strlen
--268755-- REDIR: 0x4027220 (ld-linux-x86-64.so.2:strcmp) redirected to 0x484fcd0 (strcmp)
--268755-- REDIR: 0x402afa0 (ld-linux-x86-64.so.2:mempcpy) redirected to 0x4853840 (mempcpy)
--268755-- Reading syms from /usr/lib/x86_64-linux-gnu/libmysqlclient.so.21.2.42
--268755--    object doesn't have a symbol table
--268755-- Reading syms from /usr/lib/x86_64-linux-gnu/libpq.so.5.14
--268755--    object doesn't have a symbol table
--268755-- Reading syms from /usr/lib/x86_64-linux-gnu/libstdc++.so.6.0.30
--268755--    object doesn't have a symbol table
--268755-- Reading syms from /usr/lib/x86_64-linux-gnu/libgcc_s.so.1
--268755--    object doesn't have a symbol table
--268755-- Reading syms from /usr/lib/x86_64-linux-gnu/libc.so.6
--268755--   Considering /usr/lib/debug/.build-id/cd/410b710f0f094c6832edd95931006d883af48e.debug ..
--268755--   .. build-id is valid
==268755== WARNING: new redirection conflicts with existing -- ignoring it
--268755--     old: 0x05237c60 (memalign            ) R-> (1011.0) 0x0484e080 memalign
--268755--     new: 0x05237c60 (memalign            ) R-> (1017.0) 0x0484e050 aligned_alloc
==268755== WARNING: new redirection conflicts with existing -- ignoring it
--268755--     old: 0x05237c60 (memalign            ) R-> (1011.0) 0x0484e080 memalign
--268755--     new: 0x05237c60 (memalign            ) R-> (1017.0) 0x0484e020 aligned_alloc
==268755== WARNING: new redirection conflicts with existing -- ignoring it
--268755--     old: 0x05237c60 (memalign            ) R-> (1011.0) 0x0484e080 memalign
--268755--     new: 0x05237c60 (memalign            ) R-> (1017.0) 0x0484e050 aligned_alloc
==268755== WARNING: new redirection conflicts with existing -- ignoring it
--268755--     old: 0x05237c60 (memalign            ) R-> (1011.0) 0x0484e080 memalign
--268755--     new: 0x05237c60 (memalign            ) R-> (1017.0) 0x0484e020 aligned_alloc
--268755-- Reading syms from /usr/lib/x86_64-linux-gnu/libssl.so.3
--268755--    object doesn't have a symbol table
--268755-- Reading syms from /usr/lib/x86_64-linux-gnu/libcrypto.so.3
--268755--    object doesn't have a symbol table
--268755-- Reading syms from /usr/lib/x86_64-linux-gnu/libresolv.so.2
--268755--   Considering /usr/lib/debug/.build-id/15/8dd46e86db0845e1dd682160dc622170ba4614.debug ..
--268755--   .. build-id is valid
--268755-- Reading syms from /usr/lib/x86_64-linux-gnu/libzstd.so.1.4.8
--268755--    object doesn't have a symbol table
--268755-- Reading syms from /usr/lib/x86_64-linux-gnu/libgssapi_krb5.so.2.2
--268755--    object doesn't have a symbol table
--268755-- Reading syms from /usr/lib/x86_64-linux-gnu/libldap-2.5.so.0.1.14
--268755--    object doesn't have a symbol table
--268755-- Reading syms from /usr/lib/x86_64-linux-gnu/libm.so.6
--268755--   Considering /usr/lib/debug/.build-id/7d/8778fca8ea4621b268cc03662855d0cd983439.debug ..
--268755--   .. build-id is valid
--268755-- Reading syms from /usr/lib/x86_64-linux-gnu/libkrb5.so.3.3
--268755--    object doesn't have a symbol table
--268755-- Reading syms from /usr/lib/x86_64-linux-gnu/libk5crypto.so.3.1
--268755--    object doesn't have a symbol table
--268755-- Reading syms from /usr/lib/x86_64-linux-gnu/libcom_err.so.2.1
--268755--    object doesn't have a symbol table
--268755-- Reading syms from /usr/lib/x86_64-linux-gnu/libkrb5support.so.0.1
--268755--    object doesn't have a symbol table
--268755-- Reading syms from /usr/lib/x86_64-linux-gnu/liblber-2.5.so.0.1.14
--268755--    object doesn't have a symbol table
--268755-- Reading syms from /usr/lib/x86_64-linux-gnu/libsasl2.so.2.0.25
--268755--    object doesn't have a symbol table
--268755-- Reading syms from /usr/lib/x86_64-linux-gnu/libgnutls.so.30.31.0
--268755--    object doesn't have a symbol table
--268755-- Reading syms from /usr/lib/x86_64-linux-gnu/libkeyutils.so.1.9
--268755--    object doesn't have a symbol table
--268755-- Reading syms from /usr/lib/x86_64-linux-gnu/libp11-kit.so.0.3.0
--268755--    object doesn't have a symbol table
--268755-- Reading syms from /usr/lib/x86_64-linux-gnu/libidn2.so.0.3.7
--268755--    object doesn't have a symbol table
--268755-- Reading syms from /usr/lib/x86_64-linux-gnu/libunistring.so.2.2.0
--268755--    object doesn't have a symbol table
--268755-- Reading syms from /usr/lib/x86_64-linux-gnu/libtasn1.so.6.6.2
--268755--    object doesn't have a symbol table
--268755-- Reading syms from /usr/lib/x86_64-linux-gnu/libnettle.so.8.4
--268755--    object doesn't have a symbol table
--268755-- Reading syms from /usr/lib/x86_64-linux-gnu/libhogweed.so.6.4
--268755--    object doesn't have a symbol table
--268755-- Reading syms from /usr/lib/x86_64-linux-gnu/libgmp.so.10.4.1
--268755--    object doesn't have a symbol table
--268755-- Reading syms from /usr/lib/x86_64-linux-gnu/libffi.so.8.1.0
--268755--    object doesn't have a symbol table
--268755-- REDIR: 0x523a720 (libc.so.6:strnlen) redirected to 0x483f220 (_vgnU_ifunc_wrapper)
--268755-- REDIR: 0x523a9e0 (libc.so.6:strpbrk) redirected to 0x483f220 (_vgnU_ifunc_wrapper)
--268755-- REDIR: 0x523a2e0 (libc.so.6:strcmp) redirected to 0x483f220 (_vgnU_ifunc_wrapper)
--268755-- REDIR: 0x5258cd0 (libc.so.6:wcsnlen) redirected to 0x483f220 (_vgnU_ifunc_wrapper)
--268755-- REDIR: 0x523b6d0 (libc.so.6:memset) redirected to 0x483f220 (_vgnU_ifunc_wrapper)
--268755-- REDIR: 0x5257540 (libc.so.6:wcslen) redirected to 0x483f220 (_vgnU_ifunc_wrapper)
--268755-- REDIR: 0x523bc10 (libc.so.6:memcpy@@GLIBC_2.14) redirected to 0x483f220 (_vgnU_ifunc_wrapper)
--268755-- REDIR: 0x5257370 (libc.so.6:wcschr) redirected to 0x483f220 (_vgnU_ifunc_wrapper)
--268755-- REDIR: 0x523a260 (libc.so.6:index) redirected to 0x483f220 (_vgnU_ifunc_wrapper)
--268755-- REDIR: 0x523a960 (libc.so.6:rindex) redirected to 0x483f220 (_vgnU_ifunc_wrapper)
--268755-- REDIR: 0x523b5a0 (libc.so.6:memmove) redirected to 0x483f220 (_vgnU_ifunc_wrapper)
==268755== Preferring higher priority redirection:
--268755--     old: 0x053327c0 (__memcpy_avx_unalign) R-> (2018.0) 0x04850f90 __memcpy_avx_unaligned_erms
--268755--     new: 0x053327c0 (__memcpy_avx_unalign) R-> (2018.1) 0x04852880 memmove
--268755-- REDIR: 0x52573f0 (libc.so.6:wcscmp) redirected to 0x483f220 (_vgnU_ifunc_wrapper)
--268755-- REDIR: 0x523b9e0 (libc.so.6:stpncpy) redirected to 0x483f220 (_vgnU_ifunc_wrapper)
--268755-- REDIR: 0x52579b0 (libc.so.6:wmemchr) redirected to 0x483f220 (_vgnU_ifunc_wrapper)
--268755-- REDIR: 0x523a830 (libc.so.6:strncmp) redirected to 0x483f220 (_vgnU_ifunc_wrapper)
--268755-- REDIR: 0x523ba70 (libc.so.6:strcasecmp) redirected to 0x483f220 (_vgnU_ifunc_wrapper)
--268755-- REDIR: 0x523a420 (libc.so.6:strcspn) redirected to 0x483f220 (_vgnU_ifunc_wrapper)
--268755-- REDIR: 0x5257470 (libc.so.6:wcscpy) redirected to 0x483f220 (_vgnU_ifunc_wrapper)
--268755-- REDIR: 0x523a1d0 (libc.so.6:strcat) redirected to 0x483f220 (_vgnU_ifunc_wrapper)
--268755-- REDIR: 0x523bb60 (libc.so.6:strncasecmp_l) redirected to 0x483f220 (_vgnU_ifunc_wrapper)
--268755-- REDIR: 0x523b480 (libc.so.6:bcmp) redirected to 0x483f220 (_vgnU_ifunc_wrapper)
--268755-- REDIR: 0x5243570 (libc.so.6:memrchr) redirected to 0x483f220 (_vgnU_ifunc_wrapper)
--268755-- REDIR: 0x523d010 (libc.so.6:strchrnul) redirected to 0x483f220 (_vgnU_ifunc_wrapper)
--268755-- REDIR: 0x523a390 (libc.so.6:strcpy) redirected to 0x483f220 (_vgnU_ifunc_wrapper)
--268755-- REDIR: 0x523bb10 (libc.so.6:strcasecmp_l) redirected to 0x483f220 (_vgnU_ifunc_wrapper)
--268755-- REDIR: 0x523a6a0 (libc.so.6:strlen) redirected to 0x483f220 (_vgnU_ifunc_wrapper)
--268755-- REDIR: 0x523a8d0 (libc.so.6:strncpy) redirected to 0x483f220 (_vgnU_ifunc_wrapper)
--268755-- REDIR: 0x523b950 (libc.so.6:stpcpy) redirected to 0x483f220 (_vgnU_ifunc_wrapper)
--268755-- REDIR: 0x523b3f0 (libc.so.6:memchr) redirected to 0x483f220 (_vgnU_ifunc_wrapper)
--268755-- REDIR: 0x523ab00 (libc.so.6:strspn) redirected to 0x483f220 (_vgnU_ifunc_wrapper)
--268755-- REDIR: 0x523b7d0 (libc.so.6:mempcpy) redirected to 0x483f220 (_vgnU_ifunc_wrapper)
--268755-- REDIR: 0x523bac0 (libc.so.6:strncasecmp) redirected to 0x483f220 (_vgnU_ifunc_wrapper)
--268755-- REDIR: 0x523cf80 (libc.so.6:rawmemchr) redirected to 0x483f220 (_vgnU_ifunc_wrapper)
--268755-- REDIR: 0x523a7a0 (libc.so.6:strncat) redirected to 0x483f220 (_vgnU_ifunc_wrapper)
--268755-- REDIR: 0x52c6280 (libc.so.6:__memcpy_chk) redirected to 0x483f220 (_vgnU_ifunc_wrapper)
--268755-- REDIR: 0x52c63b0 (libc.so.6:__memmove_chk) redirected to 0x483f220 (_vgnU_ifunc_wrapper)
==268755== WARNING: new redirection conflicts with existing -- ignoring it
--268755--     old: 0x05332790 (__memcpy_chk_avx_una) R-> (2030.0) 0x04853940 __memcpy_chk
--268755--     new: 0x05332790 (__memcpy_chk_avx_una) R-> (2024.0) 0x048532c0 __memmove_chk
--268755-- REDIR: 0x523b310 (libc.so.6:strstr) redirected to 0x483f220 (_vgnU_ifunc_wrapper)
==268755== WARNING: new redirection conflicts with existing -- ignoring it
--268755--     old: 0x05332790 (__memcpy_chk_avx_una) R-> (2030.0) 0x04853940 __memcpy_chk
--268755--     new: 0x05332790 (__memcpy_chk_avx_una) R-> (2024.0) 0x048532c0 __memmove_chk
==268755== WARNING: new redirection conflicts with existing -- ignoring it
--268755--     old: 0x05332790 (__memcpy_chk_avx_una) R-> (2030.0) 0x04853940 __memcpy_chk
--268755--     new: 0x05332790 (__memcpy_chk_avx_una) R-> (2024.0) 0x048532c0 __memmove_chk
--268755-- REDIR: 0x532f610 (libc.so.6:__strrchr_avx2) redirected to 0x484e810 (rindex)
--268755-- REDIR: 0x532f7e0 (libc.so.6:__strlen_avx2) redirected to 0x484ed10 (strlen)
--268755-- REDIR: 0x532ba80 (libc.so.6:__memcmp_avx2_movbe) redirected to 0x4852010 (bcmp)
--268755-- REDIR: 0x532ad80 (libc.so.6:__strncmp_avx2) redirected to 0x484f3e0 (strncmp)
--268755-- REDIR: 0x532f180 (libc.so.6:__strchr_avx2) redirected to 0x484e9f0 (index)
--268755-- REDIR: 0x532a940 (libc.so.6:__strcmp_avx2) redirected to 0x484fbd0 (strcmp)
--268755-- REDIR: 0x52370a0 (libc.so.6:malloc) redirected to 0x4848820 (malloc)
--268755-- REDIR: 0x53327c0 (libc.so.6:__memcpy_avx_unaligned_erms) redirected to 0x4852880 (memmove)
--268755-- REDIR: 0x5238520 (libc.so.6:calloc) redirected to 0x484d9d0 (calloc)
--268755-- REDIR: 0x5332790 (libc.so.6:__memcpy_chk_avx_unaligned_erms) redirected to 0x4853940 (__memcpy_chk)
--268755-- REDIR: 0x52373e0 (libc.so.6:free) redirected to 0x484b210 (free)
--268755-- REDIR: 0x4ff2970 (libstdc++.so.6:operator new(unsigned long)) redirected to 0x4848fa0 (operator new(unsigned long))
--268755-- REDIR: 0x4ff0c20 (libstdc++.so.6:operator delete(void*, unsigned long)) redirected to 0x484bb00 (operator delete(void*, unsigned long))
--268755-- REDIR: 0x532b2c0 (libc.so.6:__memchr_avx2) redirected to 0x484fd50 (memchr)
--268755-- REDIR: 0x4ff29d0 (libstdc++.so.6:operator new[](unsigned long)) redirected to 0x484a280 (operator new[](unsigned long))
--268755-- REDIR: 0x5332780 (libc.so.6:__mempcpy_avx_unaligned_erms) redirected to 0x4853440 (mempcpy)
--268755-- REDIR: 0x5332f80 (libc.so.6:__memset_avx2_unaligned_erms) redirected to 0x4852770 (memset)
--268755-- REDIR: 0x523afc0 (libc.so.6:__GI_strstr) redirected to 0x4853ae0 (__strstr_sse2)
--268755-- REDIR: 0x4ff0c40 (libstdc++.so.6:operator delete[](void*)) redirected to 0x484ca20 (operator delete[](void*))
--268755-- REDIR: 0x5237740 (libc.so.6:realloc) redirected to 0x484dc50 (realloc)
--268755-- REDIR: 0x5330cb0 (libc.so.6:__strcpy_avx2) redirected to 0x484ee60 (strcpy)
--268755-- REDIR: 0x532d7b0 (libc.so.6:__strncasecmp_avx) redirected to 0x484f640 (strncasecmp)
--268755-- REDIR: 0x532f400 (libc.so.6:__strchrnul_avx2) redirected to 0x4853330 (strchrnul)
--268755-- REDIR: 0x532a6e0 (libc.so.6:__strpbrk_sse42) redirected to 0x4853c00 (strpbrk)
Filters: [mysql_real]
RNG seed: 3379544385
Attempting to connect to MySQL server to create database...
--268755-- REDIR: 0x4ff29b0 (libstdc++.so.6:operator new(unsigned long, std::nothrow_t const&)) redirected to 0x4849820 (operator new(unsigned long, std::nothrow_t const&))
--268755-- REDIR: 0x532f960 (libc.so.6:__strnlen_avx2) redirected to 0x484ecb0 (strnlen)
--268755-- REDIR: 0x532c130 (libc.so.6:__strcasecmp_avx) redirected to 0x484f560 (strcasecmp)
--268755-- REDIR: 0x4ff0c10 (libstdc++.so.6:operator delete(void*)) redirected to 0x484b840 (operator delete(void*))
--268755-- REDIR: 0x5331040 (libc.so.6:__strncpy_avx2) redirected to 0x484efe0 (strncpy)
Executing: CREATE DATABASE IF NOT EXISTS Test01DB CHARACTER SET utf8mb4 COLLATE utf8mb4_unicode_ci
Database creation successful or database already exists!
Attempting to connect to MySQL with connection string: cpp_dbc:mysql://localhost:3306/Test01DB
Username: root, Password: dsystems
MySQL connection successful!
Attempting to connect to MySQL server to create database...
Executing: CREATE DATABASE IF NOT EXISTS Test01DB CHARACTER SET utf8mb4 COLLATE utf8mb4_unicode_ci
Database creation successful or database already exists!
Attempting to connect to MySQL with connection string: cpp_dbc:mysql://localhost:3306/Test01DB
Username: root, Password: dsystems
MySQL connection successful!
16:23:27.176: 132740672: (1) Try to getting connection
16:23:27.279: 166311488: (1) Try to getting connection
16:23:27.308: 166311488: (2) Getted connection
16:23:27.231: 149526080: (1) Try to getting connection
16:23:27.404: 166311488: (3) Closing connection
16:23:27.453: 199882304: (1) Try to getting connection
16:23:27.307: 174704192: (1) Try to getting connection
16:23:27.186: 124347968: (1) Try to getting connection
16:23:27.334: 183096896: (1) Try to getting connection
16:23:27.281: 132740672: (2) Getted connection
16:23:27.368: 191489600: (1) Try to getting connection
16:23:27.489: 199882304: (2) Getted connection
16:23:27.454: 166311488: (4) Connection closed
16:23:27.281: 141133376: (1) Try to getting connection
16:23:27.492: 166311488: (5) Incremented 1
16:23:27.488: 132740672: (3) Closing connection
16:23:27.534: 132740672: (4) Connection closed
16:23:27.536: 132740672: (5) Incremented 2
16:23:27.542: 132740672: (1) Try to getting connection
16:23:27.488: 149526080: (2) Getted connection
16:23:27.540: 166311488: (1) Try to getting connection
16:23:27.552: 124347968: (2) Getted connection
16:23:27.494: 199882304: (3) Closing connection
16:23:27.553: 199882304: (4) Connection closed
16:23:27.553: 199882304: (5) Incremented 3
16:23:27.552: 174704192: (2) Getted connection
16:23:27.574: 199882304: (1) Try to getting connection
16:23:27.583: 174704192: (3) Closing connection
16:23:27.585: 174704192: (4) Connection closed
16:23:27.599: 174704192: (5) Incremented 4
16:23:27.554: 124347968: (3) Closing connection
16:23:27.603: 124347968: (4) Connection closed
16:23:27.603: 124347968: (5) Incremented 5
16:23:27.551: 149526080: (3) Closing connection
16:23:27.611: 149526080: (4) Connection closed
16:23:27.613: 149526080: (5) Incremented 6
16:23:27.611: 124347968: (1) Try to getting connection
16:23:27.614: 183096896: (2) Getted connection
16:23:27.615: 141133376: (2) Getted connection
16:23:27.616: 132740672: (2) Getted connection
16:23:27.621: 141133376: (3) Closing connection
16:23:27.621: 141133376: (4) Connection closed
16:23:27.621: 141133376: (5) Incremented 7
16:23:27.602: 174704192: (1) Try to getting connection
16:23:27.615: 191489600: (2) Getted connection
16:23:27.281: 157918784: (1) Try to getting connection
16:23:27.615: 149526080: (1) Try to getting connection
16:23:27.619: 183096896: (3) Closing connection
16:23:27.624: 183096896: (4) Connection closed
16:23:27.625: 183096896: (5) Incremented 8
16:23:27.622: 141133376: (1) Try to getting connection
16:23:27.624: 191489600: (3) Closing connection
16:23:27.625: 191489600: (4) Connection closed
16:23:27.626: 191489600: (5) Incremented 9
16:23:27.625: 183096896: (1) Try to getting connection
16:23:27.615: 124347968: (2) Getted connection
16:23:27.622: 132740672: (3) Closing connection
16:23:27.627: 132740672: (4) Connection closed
16:23:27.628: 132740672: (5) Incremented 10
16:23:27.627: 124347968: (3) Closing connection
16:23:27.628: 124347968: (4) Connection closed
16:23:27.631: 124347968: (5) Incremented 11
16:23:27.626: 191489600: (1) Try to getting connection
16:23:27.632: 124347968: (1) Try to getting connection
16:23:27.628: 132740672: (1) Try to getting connection
16:23:27.631: 199882304: (2) Getted connection
16:23:27.631: 174704192: (2) Getted connection
16:23:27.632: 157918784: (2) Getted connection
16:23:27.634: 174704192: (3) Closing connection
16:23:27.635: 174704192: (4) Connection closed
16:23:27.636: 174704192: (5) Incremented 12
16:23:27.632: 149526080: (2) Getted connection
16:23:27.630: 166311488: (2) Getted connection
16:23:27.636: 157918784: (3) Closing connection
16:23:27.638: 157918784: (4) Connection closed
16:23:27.638: 157918784: (5) Incremented 13
16:23:27.636: 174704192: (1) Try to getting connection
16:23:27.637: 149526080: (3) Closing connection
16:23:27.639: 149526080: (4) Connection closed
16:23:27.640: 149526080: (5) Incremented 14
16:23:27.639: 157918784: (1) Try to getting connection
16:23:27.638: 166311488: (3) Closing connection
16:23:27.640: 166311488: (4) Connection closed
16:23:27.640: 166311488: (5) Incremented 15
16:23:27.634: 199882304: (3) Closing connection
16:23:27.641: 199882304: (4) Connection closed
16:23:27.641: 199882304: (5) Incremented 16
16:23:27.640: 149526080: (1) Try to getting connection
16:23:27.641: 166311488: (1) Try to getting connection
16:23:27.642: 199882304: (1) Try to getting connection
16:23:27.642: 141133376: (2) Getted connection
16:23:27.643: 183096896: (2) Getted connection
16:23:27.644: 124347968: (2) Getted connection
16:23:27.645: 132740672: (2) Getted connection
16:23:27.644: 141133376: (3) Closing connection
16:23:27.647: 141133376: (4) Connection closed
16:23:27.648: 141133376: (5) Incremented 17
16:23:27.646: 124347968: (3) Closing connection
16:23:27.649: 124347968: (4) Connection closed
16:23:27.649: 124347968: (5) Incremented 18
16:23:27.646: 183096896: (3) Closing connection
16:23:27.649: 183096896: (4) Connection closed
16:23:27.650: 183096896: (5) Incremented 19
16:23:27.648: 132740672: (3) Closing connection
16:23:27.650: 132740672: (4) Connection closed
16:23:27.651: 132740672: (5) Incremented 20
16:23:27.644: 191489600: (2) Getted connection
16:23:27.650: 183096896: (1) Try to getting connection
16:23:27.649: 124347968: (1) Try to getting connection
16:23:27.652: 191489600: (3) Closing connection
16:23:27.653: 191489600: (4) Connection closed
16:23:27.653: 191489600: (5) Incremented 21
16:23:27.651: 132740672: (1) Try to getting connection
16:23:27.648: 141133376: (1) Try to getting connection
16:23:27.653: 191489600: (1) Try to getting connection
16:23:27.655: 174704192: (2) Getted connection
16:23:27.655: 157918784: (2) Getted connection
16:23:27.656: 149526080: (2) Getted connection
16:23:27.656: 166311488: (2) Getted connection
16:23:27.657: 199882304: (2) Getted connection
16:23:27.656: 174704192: (3) Closing connection
16:23:27.660: 166311488: (3) Closing connection
16:23:27.661: 166311488: (4) Connection closed
16:23:27.661: 166311488: (5) Incremented 22
16:23:27.660: 199882304: (3) Closing connection
16:23:27.662: 199882304: (4) Connection closed
16:23:27.662: 199882304: (5) Incremented 23
16:23:27.657: 157918784: (3) Closing connection
16:23:27.662: 157918784: (4) Connection closed
16:23:27.663: 157918784: (5) Incremented 24
16:23:27.659: 149526080: (3) Closing connection
16:23:27.663: 149526080: (4) Connection closed
16:23:27.664: 149526080: (5) Incremented 25
16:23:27.660: 174704192: (4) Connection closed
16:23:27.664: 174704192: (5) Incremented 26
16:23:27.662: 199882304: (1) Try to getting connection
16:23:27.661: 166311488: (1) Try to getting connection
16:23:27.664: 149526080: (1) Try to getting connection
16:23:27.663: 157918784: (1) Try to getting connection
16:23:27.665: 174704192: (1) Try to getting connection
16:23:27.668: 183096896: (2) Getted connection
16:23:27.668: 124347968: (2) Getted connection
16:23:27.669: 141133376: (2) Getted connection
16:23:27.669: 183096896: (3) Closing connection
16:23:27.671: 183096896: (4) Connection closed
16:23:27.672: 183096896: (5) Incremented 27
16:23:27.671: 124347968: (3) Closing connection
16:23:27.673: 124347968: (4) Connection closed
16:23:27.673: 124347968: (5) Incremented 28
16:23:27.670: 191489600: (2) Getted connection
16:23:27.673: 183096896: (1) Try to getting connection
16:23:27.668: 132740672: (2) Getted connection
16:23:27.672: 141133376: (3) Closing connection
16:23:27.676: 141133376: (4) Connection closed
16:23:27.677: 141133376: (5) Incremented 29
16:23:27.674: 124347968: (1) Try to getting connection
16:23:27.677: 132740672: (3) Closing connection
16:23:27.678: 132740672: (4) Connection closed
16:23:27.678: 132740672: (5) Incremented 30
16:23:27.675: 191489600: (3) Closing connection
16:23:27.679: 191489600: (4) Connection closed
16:23:27.679: 191489600: (5) Incremented 31
16:23:27.678: 141133376: (1) Try to getting connection
16:23:27.679: 132740672: (1) Try to getting connection
16:23:27.680: 191489600: (1) Try to getting connection
16:23:27.681: 199882304: (2) Getted connection
16:23:27.682: 166311488: (2) Getted connection
16:23:27.684: 199882304: (3) Closing connection
16:23:27.684: 199882304: (4) Connection closed
16:23:27.685: 174704192: (2) Getted connection
16:23:27.686: 199882304: (5) Incremented 32
16:23:27.686: 183096896: (2) Getted connection
16:23:27.687: 174704192: (3) Closing connection
16:23:27.683: 149526080: (2) Getted connection
==268755== Thread 11:
==268755== Invalid read of size 4
==268755==    at 0x5533396: BIO_clear_flags (in /usr/lib/x86_64-linux-gnu/libcrypto.so.3)
==268755==    by 0x5541692: ??? (in /usr/lib/x86_64-linux-gnu/libcrypto.so.3)
==268755==    by 0x553131A: ??? (in /usr/lib/x86_64-linux-gnu/libcrypto.so.3)
==268755==    by 0x5534C25: ??? (in /usr/lib/x86_64-linux-gnu/libcrypto.so.3)
==268755==    by 0x5534D56: BIO_write (in /usr/lib/x86_64-linux-gnu/libcrypto.so.3)
==268755==    by 0x5407EDD: ??? (in /usr/lib/x86_64-linux-gnu/libssl.so.3)
==268755==    by 0x540A71A: ??? (in /usr/lib/x86_64-linux-gnu/libssl.so.3)
==268755==    by 0x540AAE4: ??? (in /usr/lib/x86_64-linux-gnu/libssl.so.3)
==268755==    by 0x53EE266: SSL_write (in /usr/lib/x86_64-linux-gnu/libssl.so.3)
==268755==    by 0x48E228F: ??? (in /usr/lib/x86_64-linux-gnu/libmysqlclient.so.21.2.42)
==268755==    by 0x48ABA31: ??? (in /usr/lib/x86_64-linux-gnu/libmysqlclient.so.21.2.42)
==268755==    by 0x48ABFEE: ??? (in /usr/lib/x86_64-linux-gnu/libmysqlclient.so.21.2.42)
==268755==  Address 0x6b12d20 is 48 bytes inside a block of size 136 free'd
==268755==    at 0x484B27F: free (in /usr/libexec/valgrind/vgpreload_memcheck-amd64-linux.so)
==268755==    by 0x553A8F3: BIO_free (in /usr/lib/x86_64-linux-gnu/libcrypto.so.3)
==268755==    by 0x553A95B: BIO_free_all (in /usr/lib/x86_64-linux-gnu/libcrypto.so.3)
==268755==    by 0x53F4C83: SSL_free (in /usr/lib/x86_64-linux-gnu/libssl.so.3)
==268755==    by 0x48E2CB5: ??? (in /usr/lib/x86_64-linux-gnu/libmysqlclient.so.21.2.42)
==268755==    by 0x489B2F8: ??? (in /usr/lib/x86_64-linux-gnu/libmysqlclient.so.21.2.42)
==268755==    by 0x4894C0C: ??? (in /usr/lib/x86_64-linux-gnu/libmysqlclient.so.21.2.42)
==268755==    by 0x4895AD1: ??? (in /usr/lib/x86_64-linux-gnu/libmysqlclient.so.21.2.42)
==268755==    by 0x4892AF9: mysql_stmt_prepare (in /usr/lib/x86_64-linux-gnu/libmysqlclient.so.21.2.42)
==268755==    by 0x1E9C58: cpp_dbc::MySQL::MySQLPreparedStatement::MySQLPreparedStatement(MYSQL*, std::__cxx11::basic_string<char, std::char_traits<char>, std::allocator<char> > const&) (driver_mysql.cpp:263)
==268755==    by 0x1F66A8: decltype (::new ((void*)(0)) cpp_dbc::MySQL::MySQLPreparedStatement((declval<MYSQL*&>)(), (declval<std::__cxx11::basic_string<char, std::char_traits<char>, std::allocator<char> > const&>)())) std::construct_at<cpp_dbc::MySQL::MySQLPreparedStatement, MYSQL*&, std::__cxx11::basic_string<char, std::char_traits<char>, std::allocator<char> > const&>(cpp_dbc::MySQL::MySQLPreparedStatement*, MYSQL*&, std::__cxx11::basic_string<char, std::char_traits<char>, std::allocator<char> > const&) (stl_construct.h:97)
==268755==    by 0x1F6724: void std::allocator_traits<std::allocator<cpp_dbc::MySQL::MySQLPreparedStatement> >::construct<cpp_dbc::MySQL::MySQLPreparedStatement, MYSQL*&, std::__cxx11::basic_string<char, std::char_traits<char>, std::allocator<char> > const&>(std::allocator<cpp_dbc::MySQL::MySQLPreparedStatement>&, cpp_dbc::MySQL::MySQLPreparedStatement*, MYSQL*&, std::__cxx11::basic_string<char, std::char_traits<char>, std::allocator<char> > const&) (alloc_traits.h:518)
==268755==  Block was alloc'd at
==268755==    at 0x4848899: malloc (in /usr/libexec/valgrind/vgpreload_memcheck-amd64-linux.so)
==268755==    by 0x561679D: CRYPTO_zalloc (in /usr/lib/x86_64-linux-gnu/libcrypto.so.3)
==268755==    by 0x553A9CA: BIO_new_ex (in /usr/lib/x86_64-linux-gnu/libcrypto.so.3)
==268755==    by 0x53ED34B: SSL_set_fd (in /usr/lib/x86_64-linux-gnu/libssl.so.3)
==268755==    by 0x48F907D: ??? (in /usr/lib/x86_64-linux-gnu/libmysqlclient.so.21.2.42)
==268755==    by 0x489A12C: ??? (in /usr/lib/x86_64-linux-gnu/libmysqlclient.so.21.2.42)
==268755==    by 0x489AD71: ??? (in /usr/lib/x86_64-linux-gnu/libmysqlclient.so.21.2.42)
==268755==    by 0x48A3273: ??? (in /usr/lib/x86_64-linux-gnu/libmysqlclient.so.21.2.42)
==268755==    by 0x489EF82: mysql_real_connect (in /usr/lib/x86_64-linux-gnu/libmysqlclient.so.21.2.42)
==268755==    by 0x1EC2E1: cpp_dbc::MySQL::MySQLConnection::MySQLConnection(std::__cxx11::basic_string<char, std::char_traits<char>, std::allocator<char> > const&, int, std::__cxx11::basic_string<char, std::char_traits<char>, std::allocator<char> > const&, std::__cxx11::basic_string<char, std::char_traits<char>, std::allocator<char> > const&, std::__cxx11::basic_string<char, std::char_traits<char>, std::allocator<char> > const&) (driver_mysql.cpp:624)
==268755==    by 0x1F6A72: decltype (::new ((void*)(0)) cpp_dbc::MySQL::MySQLConnection((declval<std::__cxx11::basic_string<char, std::char_traits<char>, std::allocator<char> >&>)(), (declval<int&>)(), (declval<std::__cxx11::basic_string<char, std::char_traits<char>, std::allocator<char> >&>)(), (declval<std::__cxx11::basic_string<char, std::char_traits<char>, std::allocator<char> > const&>)(), (declval<std::__cxx11::basic_string<char, std::char_traits<char>, std::allocator<char> > const&>)())) std::construct_at<cpp_dbc::MySQL::MySQLConnection, std::__cxx11::basic_string<char, std::char_traits<char>, std::allocator<char> >&, int&, std::__cxx11::basic_string<char, std::char_traits<char>, std::allocator<char> >&, std::__cxx11::basic_string<char, std::char_traits<char>, std::allocator<char> > const&, std::__cxx11::basic_string<char, std::char_traits<char>, std::allocator<char> > const&>(cpp_dbc::MySQL::MySQLConnection*, std::__cxx11::basic_string<char, std::char_traits<char>, std::allocator<char> >&, int&, std::__cxx11::basic_string<char, std::char_traits<char>, std::allocator<char> >&, std::__cxx11::basic_string<char, std::char_traits<char>, std::allocator<char> > const&, std::__cxx11::basic_string<char, std::char_traits<char>, std::allocator<char> > const&) (stl_construct.h:97)
==268755==    by 0x1F6B2E: void std::allocator_traits<std::allocator<cpp_dbc::MySQL::MySQLConnection> >::construct<cpp_dbc::MySQL::MySQLConnection, std::__cxx11::basic_string<char, std::char_traits<char>, std::allocator<char> >&, int&, std::__cxx11::basic_string<char, std::char_traits<char>, std::allocator<char> >&, std::__cxx11::basic_string<char, std::char_traits<char>, std::allocator<char> > const&, std::__cxx11::basic_string<char, std::char_traits<char>, std::allocator<char> > const&>(std::allocator<cpp_dbc::MySQL::MySQLConnection>&, cpp_dbc::MySQL::MySQLConnection*, std::__cxx11::basic_string<char, std::char_traits<char>, std::allocator<char> >&, int&, std::__cxx11::basic_string<char, std::char_traits<char>, std::allocator<char> >&, std::__cxx11::basic_string<char, std::char_traits<char>, std::allocator<char> > const&, std::__cxx11::basic_string<char, std::char_traits<char>, std::allocator<char> > const&) (alloc_traits.h:518)
==268755== 
==268755== Invalid read of size 8
==268755==    at 0x5534C2E: ??? (in /usr/lib/x86_64-linux-gnu/libcrypto.so.3)
==268755==    by 0x5534D56: BIO_write (in /usr/lib/x86_64-linux-gnu/libcrypto.so.3)
==268755==    by 0x5407EDD: ??? (in /usr/lib/x86_64-linux-gnu/libssl.so.3)
==268755==    by 0x540A71A: ??? (in /usr/lib/x86_64-linux-gnu/libssl.so.3)
==268755==    by 0x540AAE4: ??? (in /usr/lib/x86_64-linux-gnu/libssl.so.3)
==268755==    by 0x53EE266: SSL_write (in /usr/lib/x86_64-linux-gnu/libssl.so.3)
==268755==    by 0x48E228F: ??? (in /usr/lib/x86_64-linux-gnu/libmysqlclient.so.21.2.42)
==268755==    by 0x48ABA31: ??? (in /usr/lib/x86_64-linux-gnu/libmysqlclient.so.21.2.42)
==268755==    by 0x48ABFEE: ??? (in /usr/lib/x86_64-linux-gnu/libmysqlclient.so.21.2.42)
==268755==    by 0x489646D: ??? (in /usr/lib/x86_64-linux-gnu/libmysqlclient.so.21.2.42)
==268755==    by 0x4892F0B: mysql_stmt_close (in /usr/lib/x86_64-linux-gnu/libmysqlclient.so.21.2.42)
==268755==    by 0x1EA0C0: cpp_dbc::MySQL::MySQLPreparedStatement::close() (driver_mysql.cpp:298)
==268755==  Address 0x6b12d58 is 104 bytes inside a block of size 136 free'd
==268755==    at 0x484B27F: free (in /usr/libexec/valgrind/vgpreload_memcheck-amd64-linux.so)
==268755==    by 0x553A8F3: BIO_free (in /usr/lib/x86_64-linux-gnu/libcrypto.so.3)
==268755==    by 0x553A95B: BIO_free_all (in /usr/lib/x86_64-linux-gnu/libcrypto.so.3)
==268755==    by 0x53F4C83: SSL_free (in /usr/lib/x86_64-linux-gnu/libssl.so.3)
==268755==    by 0x48E2CB5: ??? (in /usr/lib/x86_64-linux-gnu/libmysqlclient.so.21.2.42)
==268755==    by 0x489B2F8: ??? (in /usr/lib/x86_64-linux-gnu/libmysqlclient.so.21.2.42)
==268755==    by 0x4894C0C: ??? (in /usr/lib/x86_64-linux-gnu/libmysqlclient.so.21.2.42)
==268755==    by 0x4895AD1: ??? (in /usr/lib/x86_64-linux-gnu/libmysqlclient.so.21.2.42)
==268755==    by 0x4892AF9: mysql_stmt_prepare (in /usr/lib/x86_64-linux-gnu/libmysqlclient.so.21.2.42)
==268755==    by 0x1E9C58: cpp_dbc::MySQL::MySQLPreparedStatement::MySQLPreparedStatement(MYSQL*, std::__cxx11::basic_string<char, std::char_traits<char>, std::allocator<char> > const&) (driver_mysql.cpp:263)
==268755==    by 0x1F66A8: decltype (::new ((void*)(0)) cpp_dbc::MySQL::MySQLPreparedStatement((declval<MYSQL*&>)(), (declval<std::__cxx11::basic_string<char, std::char_traits<char>, std::allocator<char> > const&>)())) std::construct_at<cpp_dbc::MySQL::MySQLPreparedStatement, MYSQL*&, std::__cxx11::basic_string<char, std::char_traits<char>, std::allocator<char> > const&>(cpp_dbc::MySQL::MySQLPreparedStatement*, MYSQL*&, std::__cxx11::basic_string<char, std::char_traits<char>, std::allocator<char> > const&) (stl_construct.h:97)
==268755==    by 0x1F6724: void std::allocator_traits<std::allocator<cpp_dbc::MySQL::MySQLPreparedStatement> >::construct<cpp_dbc::MySQL::MySQLPreparedStatement, MYSQL*&, std::__cxx11::basic_string<char, std::char_traits<char>, std::allocator<char> > const&>(std::allocator<cpp_dbc::MySQL::MySQLPreparedStatement>&, cpp_dbc::MySQL::MySQLPreparedStatement*, MYSQL*&, std::__cxx11::basic_string<char, std::char_traits<char>, std::allocator<char> > const&) (alloc_traits.h:518)
==268755==  Block was alloc'd at
==268755==    at 0x4848899: malloc (in /usr/libexec/valgrind/vgpreload_memcheck-amd64-linux.so)
==268755==    by 0x561679D: CRYPTO_zalloc (in /usr/lib/x86_64-linux-gnu/libcrypto.so.3)
==268755==    by 0x553A9CA: BIO_new_ex (in /usr/lib/x86_64-linux-gnu/libcrypto.so.3)
==268755==    by 0x53ED34B: SSL_set_fd (in /usr/lib/x86_64-linux-gnu/libssl.so.3)
==268755==    by 0x48F907D: ??? (in /usr/lib/x86_64-linux-gnu/libmysqlclient.so.21.2.42)
==268755==    by 0x489A12C: ??? (in /usr/lib/x86_64-linux-gnu/libmysqlclient.so.21.2.42)
==268755==    by 0x489AD71: ??? (in /usr/lib/x86_64-linux-gnu/libmysqlclient.so.21.2.42)
==268755==    by 0x48A3273: ??? (in /usr/lib/x86_64-linux-gnu/libmysqlclient.so.21.2.42)
==268755==    by 0x489EF82: mysql_real_connect (in /usr/lib/x86_64-linux-gnu/libmysqlclient.so.21.2.42)
==268755==    by 0x1EC2E1: cpp_dbc::MySQL::MySQLConnection::MySQLConnection(std::__cxx11::basic_string<char, std::char_traits<char>, std::allocator<char> > const&, int, std::__cxx11::basic_string<char, std::char_traits<char>, std::allocator<char> > const&, std::__cxx11::basic_string<char, std::char_traits<char>, std::allocator<char> > const&, std::__cxx11::basic_string<char, std::char_traits<char>, std::allocator<char> > const&) (driver_mysql.cpp:624)
==268755==    by 0x1F6A72: decltype (::new ((void*)(0)) cpp_dbc::MySQL::MySQLConnection((declval<std::__cxx11::basic_string<char, std::char_traits<char>, std::allocator<char> >&>)(), (declval<int&>)(), (declval<std::__cxx11::basic_string<char, std::char_traits<char>, std::allocator<char> >&>)(), (declval<std::__cxx11::basic_string<char, std::char_traits<char>, std::allocator<char> > const&>)(), (declval<std::__cxx11::basic_string<char, std::char_traits<char>, std::allocator<char> > const&>)())) std::construct_at<cpp_dbc::MySQL::MySQLConnection, std::__cxx11::basic_string<char, std::char_traits<char>, std::allocator<char> >&, int&, std::__cxx11::basic_string<char, std::char_traits<char>, std::allocator<char> >&, std::__cxx11::basic_string<char, std::char_traits<char>, std::allocator<char> > const&, std::__cxx11::basic_string<char, std::char_traits<char>, std::allocator<char> > const&>(cpp_dbc::MySQL::MySQLConnection*, std::__cxx11::basic_string<char, std::char_traits<char>, std::allocator<char> >&, int&, std::__cxx11::basic_string<char, std::char_traits<char>, std::allocator<char> >&, std::__cxx11::basic_string<char, std::char_traits<char>, std::allocator<char> > const&, std::__cxx11::basic_string<char, std::char_traits<char>, std::allocator<char> > const&) (stl_construct.h:97)
==268755==    by 0x1F6B2E: void std::allocator_traits<std::allocator<cpp_dbc::MySQL::MySQLConnection> >::construct<cpp_dbc::MySQL::MySQLConnection, std::__cxx11::basic_string<char, std::char_traits<char>, std::allocator<char> >&, int&, std::__cxx11::basic_string<char, std::char_traits<char>, std::allocator<char> >&, std::__cxx11::basic_string<char, std::char_traits<char>, std::allocator<char> > const&, std::__cxx11::basic_string<char, std::char_traits<char>, std::allocator<char> > const&>(std::allocator<cpp_dbc::MySQL::MySQLConnection>&, cpp_dbc::MySQL::MySQLConnection*, std::__cxx11::basic_string<char, std::char_traits<char>, std::allocator<char> >&, int&, std::__cxx11::basic_string<char, std::char_traits<char>, std::allocator<char> >&, std::__cxx11::basic_string<char, std::char_traits<char>, std::allocator<char> > const&, std::__cxx11::basic_string<char, std::char_traits<char>, std::allocator<char> > const&) (alloc_traits.h:518)
==268755== 
==268755== Invalid read of size 8
==268755==    at 0x5534C32: ??? (in /usr/lib/x86_64-linux-gnu/libcrypto.so.3)
==268755==    by 0x5534D56: BIO_write (in /usr/lib/x86_64-linux-gnu/libcrypto.so.3)
==268755==    by 0x5407EDD: ??? (in /usr/lib/x86_64-linux-gnu/libssl.so.3)
==268755==    by 0x540A71A: ??? (in /usr/lib/x86_64-linux-gnu/libssl.so.3)
==268755==    by 0x540AAE4: ??? (in /usr/lib/x86_64-linux-gnu/libssl.so.3)
==268755==    by 0x53EE266: SSL_write (in /usr/lib/x86_64-linux-gnu/libssl.so.3)
==268755==    by 0x48E228F: ??? (in /usr/lib/x86_64-linux-gnu/libmysqlclient.so.21.2.42)
==268755==    by 0x48ABA31: ??? (in /usr/lib/x86_64-linux-gnu/libmysqlclient.so.21.2.42)
==268755==    by 0x48ABFEE: ??? (in /usr/lib/x86_64-linux-gnu/libmysqlclient.so.21.2.42)
==268755==    by 0x489646D: ??? (in /usr/lib/x86_64-linux-gnu/libmysqlclient.so.21.2.42)
==268755==    by 0x4892F0B: mysql_stmt_close (in /usr/lib/x86_64-linux-gnu/libmysqlclient.so.21.2.42)
==268755==    by 0x1EA0C0: cpp_dbc::MySQL::MySQLPreparedStatement::close() (driver_mysql.cpp:298)
==268755==  Address 0x6b12d00 is 16 bytes inside a block of size 136 free'd
==268755==    at 0x484B27F: free (in /usr/libexec/valgrind/vgpreload_memcheck-amd64-linux.so)
==268755==    by 0x553A8F3: BIO_free (in /usr/lib/x86_64-linux-gnu/libcrypto.so.3)
==268755==    by 0x553A95B: BIO_free_all (in /usr/lib/x86_64-linux-gnu/libcrypto.so.3)
==268755==    by 0x53F4C83: SSL_free (in /usr/lib/x86_64-linux-gnu/libssl.so.3)
==268755==    by 0x48E2CB5: ??? (in /usr/lib/x86_64-linux-gnu/libmysqlclient.so.21.2.42)
==268755==    by 0x489B2F8: ??? (in /usr/lib/x86_64-linux-gnu/libmysqlclient.so.21.2.42)
==268755==    by 0x4894C0C: ??? (in /usr/lib/x86_64-linux-gnu/libmysqlclient.so.21.2.42)
==268755==    by 0x4895AD1: ??? (in /usr/lib/x86_64-linux-gnu/libmysqlclient.so.21.2.42)
==268755==    by 0x4892AF9: mysql_stmt_prepare (in /usr/lib/x86_64-linux-gnu/libmysqlclient.so.21.2.42)
==268755==    by 0x1E9C58: cpp_dbc::MySQL::MySQLPreparedStatement::MySQLPreparedStatement(MYSQL*, std::__cxx11::basic_string<char, std::char_traits<char>, std::allocator<char> > const&) (driver_mysql.cpp:263)
==268755==    by 0x1F66A8: decltype (::new ((void*)(0)) cpp_dbc::MySQL::MySQLPreparedStatement((declval<MYSQL*&>)(), (declval<std::__cxx11::basic_string<char, std::char_traits<char>, std::allocator<char> > const&>)())) std::construct_at<cpp_dbc::MySQL::MySQLPreparedStatement, MYSQL*&, std::__cxx11::basic_string<char, std::char_traits<char>, std::allocator<char> > const&>(cpp_dbc::MySQL::MySQLPreparedStatement*, MYSQL*&, std::__cxx11::basic_string<char, std::char_traits<char>, std::allocator<char> > const&) (stl_construct.h:97)
==268755==    by 0x1F6724: void std::allocator_traits<std::allocator<cpp_dbc::MySQL::MySQLPreparedStatement> >::construct<cpp_dbc::MySQL::MySQLPreparedStatement, MYSQL*&, std::__cxx11::basic_string<char, std::char_traits<char>, std::allocator<char> > const&>(std::allocator<cpp_dbc::MySQL::MySQLPreparedStatement>&, cpp_dbc::MySQL::MySQLPreparedStatement*, MYSQL*&, std::__cxx11::basic_string<char, std::char_traits<char>, std::allocator<char> > const&) (alloc_traits.h:518)
==268755==  Block was alloc'd at
==268755==    at 0x4848899: malloc (in /usr/libexec/valgrind/vgpreload_memcheck-amd64-linux.so)
==268755==    by 0x561679D: CRYPTO_zalloc (in /usr/lib/x86_64-linux-gnu/libcrypto.so.3)
==268755==    by 0x553A9CA: BIO_new_ex (in /usr/lib/x86_64-linux-gnu/libcrypto.so.3)
==268755==    by 0x53ED34B: SSL_set_fd (in /usr/lib/x86_64-linux-gnu/libssl.so.3)
==268755==    by 0x48F907D: ??? (in /usr/lib/x86_64-linux-gnu/libmysqlclient.so.21.2.42)
==268755==    by 0x489A12C: ??? (in /usr/lib/x86_64-linux-gnu/libmysqlclient.so.21.2.42)
==268755==    by 0x489AD71: ??? (in /usr/lib/x86_64-linux-gnu/libmysqlclient.so.21.2.42)
==268755==    by 0x48A3273: ??? (in /usr/lib/x86_64-linux-gnu/libmysqlclient.so.21.2.42)
==268755==    by 0x489EF82: mysql_real_connect (in /usr/lib/x86_64-linux-gnu/libmysqlclient.so.21.2.42)
==268755==    by 0x1EC2E1: cpp_dbc::MySQL::MySQLConnection::MySQLConnection(std::__cxx11::basic_string<char, std::char_traits<char>, std::allocator<char> > const&, int, std::__cxx11::basic_string<char, std::char_traits<char>, std::allocator<char> > const&, std::__cxx11::basic_string<char, std::char_traits<char>, std::allocator<char> > const&, std::__cxx11::basic_string<char, std::char_traits<char>, std::allocator<char> > const&) (driver_mysql.cpp:624)
==268755==    by 0x1F6A72: decltype (::new ((void*)(0)) cpp_dbc::MySQL::MySQLConnection((declval<std::__cxx11::basic_string<char, std::char_traits<char>, std::allocator<char> >&>)(), (declval<int&>)(), (declval<std::__cxx11::basic_string<char, std::char_traits<char>, std::allocator<char> >&>)(), (declval<std::__cxx11::basic_string<char, std::char_traits<char>, std::allocator<char> > const&>)(), (declval<std::__cxx11::basic_string<char, std::char_traits<char>, std::allocator<char> > const&>)())) std::construct_at<cpp_dbc::MySQL::MySQLConnection, std::__cxx11::basic_string<char, std::char_traits<char>, std::allocator<char> >&, int&, std::__cxx11::basic_string<char, std::char_traits<char>, std::allocator<char> >&, std::__cxx11::basic_string<char, std::char_traits<char>, std::allocator<char> > const&, std::__cxx11::basic_string<char, std::char_traits<char>, std::allocator<char> > const&>(cpp_dbc::MySQL::MySQLConnection*, std::__cxx11::basic_string<char, std::char_traits<char>, std::allocator<char> >&, int&, std::__cxx11::basic_string<char, std::char_traits<char>, std::allocator<char> >&, std::__cxx11::basic_string<char, std::char_traits<char>, std::allocator<char> > const&, std::__cxx11::basic_string<char, std::char_traits<char>, std::allocator<char> > const&) (stl_construct.h:97)
==268755==    by 0x1F6B2E: void std::allocator_traits<std::allocator<cpp_dbc::MySQL::MySQLConnection> >::construct<cpp_dbc::MySQL::MySQLConnection, std::__cxx11::basic_string<char, std::char_traits<char>, std::allocator<char> >&, int&, std::__cxx11::basic_string<char, std::char_traits<char>, std::allocator<char> >&, std::__cxx11::basic_string<char, std::char_traits<char>, std::allocator<char> > const&, std::__cxx11::basic_string<char, std::char_traits<char>, std::allocator<char> > const&>(std::allocator<cpp_dbc::MySQL::MySQLConnection>&, cpp_dbc::MySQL::MySQLConnection*, std::__cxx11::basic_string<char, std::char_traits<char>, std::allocator<char> >&, int&, std::__cxx11::basic_string<char, std::char_traits<char>, std::allocator<char> >&, std::__cxx11::basic_string<char, std::char_traits<char>, std::allocator<char> > const&, std::__cxx11::basic_string<char, std::char_traits<char>, std::allocator<char> > const&) (alloc_traits.h:518)
==268755== 
==268755== Invalid read of size 8
==268755==    at 0x5534CA0: ??? (in /usr/lib/x86_64-linux-gnu/libcrypto.so.3)
==268755==    by 0x5534D56: BIO_write (in /usr/lib/x86_64-linux-gnu/libcrypto.so.3)
==268755==    by 0x5407EDD: ??? (in /usr/lib/x86_64-linux-gnu/libssl.so.3)
==268755==    by 0x540A71A: ??? (in /usr/lib/x86_64-linux-gnu/libssl.so.3)
==268755==    by 0x540AAE4: ??? (in /usr/lib/x86_64-linux-gnu/libssl.so.3)
==268755==    by 0x53EE266: SSL_write (in /usr/lib/x86_64-linux-gnu/libssl.so.3)
==268755==    by 0x48E228F: ??? (in /usr/lib/x86_64-linux-gnu/libmysqlclient.so.21.2.42)
==268755==    by 0x48ABA31: ??? (in /usr/lib/x86_64-linux-gnu/libmysqlclient.so.21.2.42)
==268755==    by 0x48ABFEE: ??? (in /usr/lib/x86_64-linux-gnu/libmysqlclient.so.21.2.42)
==268755==    by 0x489646D: ??? (in /usr/lib/x86_64-linux-gnu/libmysqlclient.so.21.2.42)
==268755==    by 0x4892F0B: mysql_stmt_close (in /usr/lib/x86_64-linux-gnu/libmysqlclient.so.21.2.42)
==268755==    by 0x1EA0C0: cpp_dbc::MySQL::MySQLPreparedStatement::close() (driver_mysql.cpp:298)
==268755==  Address 0x6b12d08 is 24 bytes inside a block of size 136 free'd
==268755==    at 0x484B27F: free (in /usr/libexec/valgrind/vgpreload_memcheck-amd64-linux.so)
==268755==    by 0x553A8F3: BIO_free (in /usr/lib/x86_64-linux-gnu/libcrypto.so.3)
==268755==    by 0x553A95B: BIO_free_all (in /usr/lib/x86_64-linux-gnu/libcrypto.so.3)
==268755==    by 0x53F4C83: SSL_free (in /usr/lib/x86_64-linux-gnu/libssl.so.3)
==268755==    by 0x48E2CB5: ??? (in /usr/lib/x86_64-linux-gnu/libmysqlclient.so.21.2.42)
==268755==    by 0x489B2F8: ??? (in /usr/lib/x86_64-linux-gnu/libmysqlclient.so.21.2.42)
==268755==    by 0x4894C0C: ??? (in /usr/lib/x86_64-linux-gnu/libmysqlclient.so.21.2.42)
==268755==    by 0x4895AD1: ??? (in /usr/lib/x86_64-linux-gnu/libmysqlclient.so.21.2.42)
==268755==    by 0x4892AF9: mysql_stmt_prepare (in /usr/lib/x86_64-linux-gnu/libmysqlclient.so.21.2.42)
==268755==    by 0x1E9C58: cpp_dbc::MySQL::MySQLPreparedStatement::MySQLPreparedStatement(MYSQL*, std::__cxx11::basic_string<char, std::char_traits<char>, std::allocator<char> > const&) (driver_mysql.cpp:263)
==268755==    by 0x1F66A8: decltype (::new ((void*)(0)) cpp_dbc::MySQL::MySQLPreparedStatement((declval<MYSQL*&>)(), (declval<std::__cxx11::basic_string<char, std::char_traits<char>, std::allocator<char> > const&>)())) std::construct_at<cpp_dbc::MySQL::MySQLPreparedStatement, MYSQL*&, std::__cxx11::basic_string<char, std::char_traits<char>, std::allocator<char> > const&>(cpp_dbc::MySQL::MySQLPreparedStatement*, MYSQL*&, std::__cxx11::basic_string<char, std::char_traits<char>, std::allocator<char> > const&) (stl_construct.h:97)
==268755==    by 0x1F6724: void std::allocator_traits<std::allocator<cpp_dbc::MySQL::MySQLPreparedStatement> >::construct<cpp_dbc::MySQL::MySQLPreparedStatement, MYSQL*&, std::__cxx11::basic_string<char, std::char_traits<char>, std::allocator<char> > const&>(std::allocator<cpp_dbc::MySQL::MySQLPreparedStatement>&, cpp_dbc::MySQL::MySQLPreparedStatement*, MYSQL*&, std::__cxx11::basic_string<char, std::char_traits<char>, std::allocator<char> > const&) (alloc_traits.h:518)
==268755==  Block was alloc'd at
==268755==    at 0x4848899: malloc (in /usr/libexec/valgrind/vgpreload_memcheck-amd64-linux.so)
==268755==    by 0x561679D: CRYPTO_zalloc (in /usr/lib/x86_64-linux-gnu/libcrypto.so.3)
==268755==    by 0x553A9CA: BIO_new_ex (in /usr/lib/x86_64-linux-gnu/libcrypto.so.3)
==268755==    by 0x53ED34B: SSL_set_fd (in /usr/lib/x86_64-linux-gnu/libssl.so.3)
==268755==    by 0x48F907D: ??? (in /usr/lib/x86_64-linux-gnu/libmysqlclient.so.21.2.42)
==268755==    by 0x489A12C: ??? (in /usr/lib/x86_64-linux-gnu/libmysqlclient.so.21.2.42)
==268755==    by 0x489AD71: ??? (in /usr/lib/x86_64-linux-gnu/libmysqlclient.so.21.2.42)
==268755==    by 0x48A3273: ??? (in /usr/lib/x86_64-linux-gnu/libmysqlclient.so.21.2.42)
==268755==    by 0x489EF82: mysql_real_connect (in /usr/lib/x86_64-linux-gnu/libmysqlclient.so.21.2.42)
==268755==    by 0x1EC2E1: cpp_dbc::MySQL::MySQLConnection::MySQLConnection(std::__cxx11::basic_string<char, std::char_traits<char>, std::allocator<char> > const&, int, std::__cxx11::basic_string<char, std::char_traits<char>, std::allocator<char> > const&, std::__cxx11::basic_string<char, std::char_traits<char>, std::allocator<char> > const&, std::__cxx11::basic_string<char, std::char_traits<char>, std::allocator<char> > const&) (driver_mysql.cpp:624)
==268755==    by 0x1F6A72: decltype (::new ((void*)(0)) cpp_dbc::MySQL::MySQLConnection((declval<std::__cxx11::basic_string<char, std::char_traits<char>, std::allocator<char> >&>)(), (declval<int&>)(), (declval<std::__cxx11::basic_string<char, std::char_traits<char>, std::allocator<char> >&>)(), (declval<std::__cxx11::basic_string<char, std::char_traits<char>, std::allocator<char> > const&>)(), (declval<std::__cxx11::basic_string<char, std::char_traits<char>, std::allocator<char> > const&>)())) std::construct_at<cpp_dbc::MySQL::MySQLConnection, std::__cxx11::basic_string<char, std::char_traits<char>, std::allocator<char> >&, int&, std::__cxx11::basic_string<char, std::char_traits<char>, std::allocator<char> >&, std::__cxx11::basic_string<char, std::char_traits<char>, std::allocator<char> > const&, std::__cxx11::basic_string<char, std::char_traits<char>, std::allocator<char> > const&>(cpp_dbc::MySQL::MySQLConnection*, std::__cxx11::basic_string<char, std::char_traits<char>, std::allocator<char> >&, int&, std::__cxx11::basic_string<char, std::char_traits<char>, std::allocator<char> >&, std::__cxx11::basic_string<char, std::char_traits<char>, std::allocator<char> > const&, std::__cxx11::basic_string<char, std::char_traits<char>, std::allocator<char> > const&) (stl_construct.h:97)
==268755==    by 0x1F6B2E: void std::allocator_traits<std::allocator<cpp_dbc::MySQL::MySQLConnection> >::construct<cpp_dbc::MySQL::MySQLConnection, std::__cxx11::basic_string<char, std::char_traits<char>, std::allocator<char> >&, int&, std::__cxx11::basic_string<char, std::char_traits<char>, std::allocator<char> >&, std::__cxx11::basic_string<char, std::char_traits<char>, std::allocator<char> > const&, std::__cxx11::basic_string<char, std::char_traits<char>, std::allocator<char> > const&>(std::allocator<cpp_dbc::MySQL::MySQLConnection>&, cpp_dbc::MySQL::MySQLConnection*, std::__cxx11::basic_string<char, std::char_traits<char>, std::allocator<char> >&, int&, std::__cxx11::basic_string<char, std::char_traits<char>, std::allocator<char> >&, std::__cxx11::basic_string<char, std::char_traits<char>, std::allocator<char> > const&, std::__cxx11::basic_string<char, std::char_traits<char>, std::allocator<char> > const&) (alloc_traits.h:518)
==268755== 
==268755== Invalid read of size 8
==268755==    at 0x553123F: ??? (in /usr/lib/x86_64-linux-gnu/libcrypto.so.3)
==268755==    by 0x5534C56: ??? (in /usr/lib/x86_64-linux-gnu/libcrypto.so.3)
==268755==    by 0x5534D56: BIO_write (in /usr/lib/x86_64-linux-gnu/libcrypto.so.3)
==268755==    by 0x5407EDD: ??? (in /usr/lib/x86_64-linux-gnu/libssl.so.3)
==268755==    by 0x540A71A: ??? (in /usr/lib/x86_64-linux-gnu/libssl.so.3)
==268755==    by 0x540AAE4: ??? (in /usr/lib/x86_64-linux-gnu/libssl.so.3)
==268755==    by 0x53EE266: SSL_write (in /usr/lib/x86_64-linux-gnu/libssl.so.3)
==268755==    by 0x48E228F: ??? (in /usr/lib/x86_64-linux-gnu/libmysqlclient.so.21.2.42)
==268755==    by 0x48ABA31: ??? (in /usr/lib/x86_64-linux-gnu/libmysqlclient.so.21.2.42)
==268755==    by 0x48ABFEE: ??? (in /usr/lib/x86_64-linux-gnu/libmysqlclient.so.21.2.42)
==268755==    by 0x489646D: ??? (in /usr/lib/x86_64-linux-gnu/libmysqlclient.so.21.2.42)
==268755==    by 0x4892F0B: mysql_stmt_close (in /usr/lib/x86_64-linux-gnu/libmysqlclient.so.21.2.42)
==268755==  Address 0x6b12d08 is 24 bytes inside a block of size 136 free'd
==268755==    at 0x484B27F: free (in /usr/libexec/valgrind/vgpreload_memcheck-amd64-linux.so)
==268755==    by 0x553A8F3: BIO_free (in /usr/lib/x86_64-linux-gnu/libcrypto.so.3)
==268755==    by 0x553A95B: BIO_free_all (in /usr/lib/x86_64-linux-gnu/libcrypto.so.3)
==268755==    by 0x53F4C83: SSL_free (in /usr/lib/x86_64-linux-gnu/libssl.so.3)
==268755==    by 0x48E2CB5: ??? (in /usr/lib/x86_64-linux-gnu/libmysqlclient.so.21.2.42)
==268755==    by 0x489B2F8: ??? (in /usr/lib/x86_64-linux-gnu/libmysqlclient.so.21.2.42)
==268755==    by 0x4894C0C: ??? (in /usr/lib/x86_64-linux-gnu/libmysqlclient.so.21.2.42)
==268755==    by 0x4895AD1: ??? (in /usr/lib/x86_64-linux-gnu/libmysqlclient.so.21.2.42)
==268755==    by 0x4892AF9: mysql_stmt_prepare (in /usr/lib/x86_64-linux-gnu/libmysqlclient.so.21.2.42)
==268755==    by 0x1E9C58: cpp_dbc::MySQL::MySQLPreparedStatement::MySQLPreparedStatement(MYSQL*, std::__cxx11::basic_string<char, std::char_traits<char>, std::allocator<char> > const&) (driver_mysql.cpp:263)
==268755==    by 0x1F66A8: decltype (::new ((void*)(0)) cpp_dbc::MySQL::MySQLPreparedStatement((declval<MYSQL*&>)(), (declval<std::__cxx11::basic_string<char, std::char_traits<char>, std::allocator<char> > const&>)())) std::construct_at<cpp_dbc::MySQL::MySQLPreparedStatement, MYSQL*&, std::__cxx11::basic_string<char, std::char_traits<char>, std::allocator<char> > const&>(cpp_dbc::MySQL::MySQLPreparedStatement*, MYSQL*&, std::__cxx11::basic_string<char, std::char_traits<char>, std::allocator<char> > const&) (stl_construct.h:97)
==268755==    by 0x1F6724: void std::allocator_traits<std::allocator<cpp_dbc::MySQL::MySQLPreparedStatement> >::construct<cpp_dbc::MySQL::MySQLPreparedStatement, MYSQL*&, std::__cxx11::basic_string<char, std::char_traits<char>, std::allocator<char> > const&>(std::allocator<cpp_dbc::MySQL::MySQLPreparedStatement>&, cpp_dbc::MySQL::MySQLPreparedStatement*, MYSQL*&, std::__cxx11::basic_string<char, std::char_traits<char>, std::allocator<char> > const&) (alloc_traits.h:518)
==268755==  Block was alloc'd at
==268755==    at 0x4848899: malloc (in /usr/libexec/valgrind/vgpreload_memcheck-amd64-linux.so)
==268755==    by 0x561679D: CRYPTO_zalloc (in /usr/lib/x86_64-linux-gnu/libcrypto.so.3)
==268755==    by 0x553A9CA: BIO_new_ex (in /usr/lib/x86_64-linux-gnu/libcrypto.so.3)
==268755==    by 0x53ED34B: SSL_set_fd (in /usr/lib/x86_64-linux-gnu/libssl.so.3)
==268755==    by 0x48F907D: ??? (in /usr/lib/x86_64-linux-gnu/libmysqlclient.so.21.2.42)
==268755==    by 0x489A12C: ??? (in /usr/lib/x86_64-linux-gnu/libmysqlclient.so.21.2.42)
==268755==    by 0x489AD71: ??? (in /usr/lib/x86_64-linux-gnu/libmysqlclient.so.21.2.42)
==268755==    by 0x48A3273: ??? (in /usr/lib/x86_64-linux-gnu/libmysqlclient.so.21.2.42)
==268755==    by 0x489EF82: mysql_real_connect (in /usr/lib/x86_64-linux-gnu/libmysqlclient.so.21.2.42)
==268755==    by 0x1EC2E1: cpp_dbc::MySQL::MySQLConnection::MySQLConnection(std::__cxx11::basic_string<char, std::char_traits<char>, std::allocator<char> > const&, int, std::__cxx11::basic_string<char, std::char_traits<char>, std::allocator<char> > const&, std::__cxx11::basic_string<char, std::char_traits<char>, std::allocator<char> > const&, std::__cxx11::basic_string<char, std::char_traits<char>, std::allocator<char> > const&) (driver_mysql.cpp:624)
==268755==    by 0x1F6A72: decltype (::new ((void*)(0)) cpp_dbc::MySQL::MySQLConnection((declval<std::__cxx11::basic_string<char, std::char_traits<char>, std::allocator<char> >&>)(), (declval<int&>)(), (declval<std::__cxx11::basic_string<char, std::char_traits<char>, std::allocator<char> >&>)(), (declval<std::__cxx11::basic_string<char, std::char_traits<char>, std::allocator<char> > const&>)(), (declval<std::__cxx11::basic_string<char, std::char_traits<char>, std::allocator<char> > const&>)())) std::construct_at<cpp_dbc::MySQL::MySQLConnection, std::__cxx11::basic_string<char, std::char_traits<char>, std::allocator<char> >&, int&, std::__cxx11::basic_string<char, std::char_traits<char>, std::allocator<char> >&, std::__cxx11::basic_string<char, std::char_traits<char>, std::allocator<char> > const&, std::__cxx11::basic_string<char, std::char_traits<char>, std::allocator<char> > const&>(cpp_dbc::MySQL::MySQLConnection*, std::__cxx11::basic_string<char, std::char_traits<char>, std::allocator<char> >&, int&, std::__cxx11::basic_string<char, std::char_traits<char>, std::allocator<char> >&, std::__cxx11::basic_string<char, std::char_traits<char>, std::allocator<char> > const&, std::__cxx11::basic_string<char, std::char_traits<char>, std::allocator<char> > const&) (stl_construct.h:97)
==268755==    by 0x1F6B2E: void std::allocator_traits<std::allocator<cpp_dbc::MySQL::MySQLConnection> >::construct<cpp_dbc::MySQL::MySQLConnection, std::__cxx11::basic_string<char, std::char_traits<char>, std::allocator<char> >&, int&, std::__cxx11::basic_string<char, std::char_traits<char>, std::allocator<char> >&, std::__cxx11::basic_string<char, std::char_traits<char>, std::allocator<char> > const&, std::__cxx11::basic_string<char, std::char_traits<char>, std::allocator<char> > const&>(std::allocator<cpp_dbc::MySQL::MySQLConnection>&, cpp_dbc::MySQL::MySQLConnection*, std::__cxx11::basic_string<char, std::char_traits<char>, std::allocator<char> >&, int&, std::__cxx11::basic_string<char, std::char_traits<char>, std::allocator<char> >&, std::__cxx11::basic_string<char, std::char_traits<char>, std::allocator<char> > const&, std::__cxx11::basic_string<char, std::char_traits<char>, std::allocator<char> > const&) (alloc_traits.h:518)
==268755== 
==268755== Invalid read of size 8
==268755==    at 0x5533414: BIO_get_callback_arg (in /usr/lib/x86_64-linux-gnu/libcrypto.so.3)
==268755==    by 0x48E321C: ??? (in /usr/lib/x86_64-linux-gnu/libmysqlclient.so.21.2.42)
==268755==    by 0x5534C56: ??? (in /usr/lib/x86_64-linux-gnu/libcrypto.so.3)
==268755==    by 0x5534D56: BIO_write (in /usr/lib/x86_64-linux-gnu/libcrypto.so.3)
==268755==    by 0x5407EDD: ??? (in /usr/lib/x86_64-linux-gnu/libssl.so.3)
==268755==    by 0x540A71A: ??? (in /usr/lib/x86_64-linux-gnu/libssl.so.3)
==268755==    by 0x540AAE4: ??? (in /usr/lib/x86_64-linux-gnu/libssl.so.3)
==268755==    by 0x53EE266: SSL_write (in /usr/lib/x86_64-linux-gnu/libssl.so.3)
==268755==    by 0x48E228F: ??? (in /usr/lib/x86_64-linux-gnu/libmysqlclient.so.21.2.42)
==268755==    by 0x48ABA31: ??? (in /usr/lib/x86_64-linux-gnu/libmysqlclient.so.21.2.42)
==268755==    by 0x48ABFEE: ??? (in /usr/lib/x86_64-linux-gnu/libmysqlclient.so.21.2.42)
==268755==    by 0x489646D: ??? (in /usr/lib/x86_64-linux-gnu/libmysqlclient.so.21.2.42)
==268755==  Address 0x6b12d10 is 32 bytes inside a block of size 136 free'd
==268755==    at 0x484B27F: free (in /usr/libexec/valgrind/vgpreload_memcheck-amd64-linux.so)
==268755==    by 0x553A8F3: BIO_free (in /usr/lib/x86_64-linux-gnu/libcrypto.so.3)
==268755==    by 0x553A95B: BIO_free_all (in /usr/lib/x86_64-linux-gnu/libcrypto.so.3)
==268755==    by 0x53F4C83: SSL_free (in /usr/lib/x86_64-linux-gnu/libssl.so.3)
==268755==    by 0x48E2CB5: ??? (in /usr/lib/x86_64-linux-gnu/libmysqlclient.so.21.2.42)
==268755==    by 0x489B2F8: ??? (in /usr/lib/x86_64-linux-gnu/libmysqlclient.so.21.2.42)
==268755==    by 0x4894C0C: ??? (in /usr/lib/x86_64-linux-gnu/libmysqlclient.so.21.2.42)
==268755==    by 0x4895AD1: ??? (in /usr/lib/x86_64-linux-gnu/libmysqlclient.so.21.2.42)
==268755==    by 0x4892AF9: mysql_stmt_prepare (in /usr/lib/x86_64-linux-gnu/libmysqlclient.so.21.2.42)
==268755==    by 0x1E9C58: cpp_dbc::MySQL::MySQLPreparedStatement::MySQLPreparedStatement(MYSQL*, std::__cxx11::basic_string<char, std::char_traits<char>, std::allocator<char> > const&) (driver_mysql.cpp:263)
==268755==    by 0x1F66A8: decltype (::new ((void*)(0)) cpp_dbc::MySQL::MySQLPreparedStatement((declval<MYSQL*&>)(), (declval<std::__cxx11::basic_string<char, std::char_traits<char>, std::allocator<char> > const&>)())) std::construct_at<cpp_dbc::MySQL::MySQLPreparedStatement, MYSQL*&, std::__cxx11::basic_string<char, std::char_traits<char>, std::allocator<char> > const&>(cpp_dbc::MySQL::MySQLPreparedStatement*, MYSQL*&, std::__cxx11::basic_string<char, std::char_traits<char>, std::allocator<char> > const&) (stl_construct.h:97)
==268755==    by 0x1F6724: void std::allocator_traits<std::allocator<cpp_dbc::MySQL::MySQLPreparedStatement> >::construct<cpp_dbc::MySQL::MySQLPreparedStatement, MYSQL*&, std::__cxx11::basic_string<char, std::char_traits<char>, std::allocator<char> > const&>(std::allocator<cpp_dbc::MySQL::MySQLPreparedStatement>&, cpp_dbc::MySQL::MySQLPreparedStatement*, MYSQL*&, std::__cxx11::basic_string<char, std::char_traits<char>, std::allocator<char> > const&) (alloc_traits.h:518)
==268755==  Block was alloc'd at
==268755==    at 0x4848899: malloc (in /usr/libexec/valgrind/vgpreload_memcheck-amd64-linux.so)
==268755==    by 0x561679D: CRYPTO_zalloc (in /usr/lib/x86_64-linux-gnu/libcrypto.so.3)
==268755==    by 0x553A9CA: BIO_new_ex (in /usr/lib/x86_64-linux-gnu/libcrypto.so.3)
==268755==    by 0x53ED34B: SSL_set_fd (in /usr/lib/x86_64-linux-gnu/libssl.so.3)
==268755==    by 0x48F907D: ??? (in /usr/lib/x86_64-linux-gnu/libmysqlclient.so.21.2.42)
==268755==    by 0x489A12C: ??? (in /usr/lib/x86_64-linux-gnu/libmysqlclient.so.21.2.42)
==268755==    by 0x489AD71: ??? (in /usr/lib/x86_64-linux-gnu/libmysqlclient.so.21.2.42)
==268755==    by 0x48A3273: ??? (in /usr/lib/x86_64-linux-gnu/libmysqlclient.so.21.2.42)
==268755==    by 0x489EF82: mysql_real_connect (in /usr/lib/x86_64-linux-gnu/libmysqlclient.so.21.2.42)
==268755==    by 0x1EC2E1: cpp_dbc::MySQL::MySQLConnection::MySQLConnection(std::__cxx11::basic_string<char, std::char_traits<char>, std::allocator<char> > const&, int, std::__cxx11::basic_string<char, std::char_traits<char>, std::allocator<char> > const&, std::__cxx11::basic_string<char, std::char_traits<char>, std::allocator<char> > const&, std::__cxx11::basic_string<char, std::char_traits<char>, std::allocator<char> > const&) (driver_mysql.cpp:624)
==268755==    by 0x1F6A72: decltype (::new ((void*)(0)) cpp_dbc::MySQL::MySQLConnection((declval<std::__cxx11::basic_string<char, std::char_traits<char>, std::allocator<char> >&>)(), (declval<int&>)(), (declval<std::__cxx11::basic_string<char, std::char_traits<char>, std::allocator<char> >&>)(), (declval<std::__cxx11::basic_string<char, std::char_traits<char>, std::allocator<char> > const&>)(), (declval<std::__cxx11::basic_string<char, std::char_traits<char>, std::allocator<char> > const&>)())) std::construct_at<cpp_dbc::MySQL::MySQLConnection, std::__cxx11::basic_string<char, std::char_traits<char>, std::allocator<char> >&, int&, std::__cxx11::basic_string<char, std::char_traits<char>, std::allocator<char> >&, std::__cxx11::basic_string<char, std::char_traits<char>, std::allocator<char> > const&, std::__cxx11::basic_string<char, std::char_traits<char>, std::allocator<char> > const&>(cpp_dbc::MySQL::MySQLConnection*, std::__cxx11::basic_string<char, std::char_traits<char>, std::allocator<char> >&, int&, std::__cxx11::basic_string<char, std::char_traits<char>, std::allocator<char> >&, std::__cxx11::basic_string<char, std::char_traits<char>, std::allocator<char> > const&, std::__cxx11::basic_string<char, std::char_traits<char>, std::allocator<char> > const&) (stl_construct.h:97)
==268755==    by 0x1F6B2E: void std::allocator_traits<std::allocator<cpp_dbc::MySQL::MySQLConnection> >::construct<cpp_dbc::MySQL::MySQLConnection, std::__cxx11::basic_string<char, std::char_traits<char>, std::allocator<char> >&, int&, std::__cxx11::basic_string<char, std::char_traits<char>, std::allocator<char> >&, std::__cxx11::basic_string<char, std::char_traits<char>, std::allocator<char> > const&, std::__cxx11::basic_string<char, std::char_traits<char>, std::allocator<char> > const&>(std::allocator<cpp_dbc::MySQL::MySQLConnection>&, cpp_dbc::MySQL::MySQLConnection*, std::__cxx11::basic_string<char, std::char_traits<char>, std::allocator<char> >&, int&, std::__cxx11::basic_string<char, std::char_traits<char>, std::allocator<char> >&, std::__cxx11::basic_string<char, std::char_traits<char>, std::allocator<char> > const&, std::__cxx11::basic_string<char, std::char_traits<char>, std::allocator<char> > const&) (alloc_traits.h:518)
==268755== 
==268755== Invalid read of size 8
==268755==    at 0x48E321D: ??? (in /usr/lib/x86_64-linux-gnu/libmysqlclient.so.21.2.42)
==268755==    by 0x5534C56: ??? (in /usr/lib/x86_64-linux-gnu/libcrypto.so.3)
==268755==    by 0x5534D56: BIO_write (in /usr/lib/x86_64-linux-gnu/libcrypto.so.3)
==268755==    by 0x5407EDD: ??? (in /usr/lib/x86_64-linux-gnu/libssl.so.3)
==268755==    by 0x540A71A: ??? (in /usr/lib/x86_64-linux-gnu/libssl.so.3)
==268755==    by 0x540AAE4: ??? (in /usr/lib/x86_64-linux-gnu/libssl.so.3)
==268755==    by 0x53EE266: SSL_write (in /usr/lib/x86_64-linux-gnu/libssl.so.3)
==268755==    by 0x48E228F: ??? (in /usr/lib/x86_64-linux-gnu/libmysqlclient.so.21.2.42)
==268755==    by 0x48ABA31: ??? (in /usr/lib/x86_64-linux-gnu/libmysqlclient.so.21.2.42)
==268755==    by 0x48ABFEE: ??? (in /usr/lib/x86_64-linux-gnu/libmysqlclient.so.21.2.42)
==268755==    by 0x489646D: ??? (in /usr/lib/x86_64-linux-gnu/libmysqlclient.so.21.2.42)
==268755==    by 0x4892F0B: mysql_stmt_close (in /usr/lib/x86_64-linux-gnu/libmysqlclient.so.21.2.42)
==268755==  Address 0x6ad6ad0 is 992 bytes inside a block of size 1,112 free'd
==268755==    at 0x484B27F: free (in /usr/libexec/valgrind/vgpreload_memcheck-amd64-linux.so)
==268755==    by 0x489B2F8: ??? (in /usr/lib/x86_64-linux-gnu/libmysqlclient.so.21.2.42)
==268755==    by 0x4894C0C: ??? (in /usr/lib/x86_64-linux-gnu/libmysqlclient.so.21.2.42)
==268755==    by 0x4895AD1: ??? (in /usr/lib/x86_64-linux-gnu/libmysqlclient.so.21.2.42)
==268755==    by 0x4892AF9: mysql_stmt_prepare (in /usr/lib/x86_64-linux-gnu/libmysqlclient.so.21.2.42)
==268755==    by 0x1E9C58: cpp_dbc::MySQL::MySQLPreparedStatement::MySQLPreparedStatement(MYSQL*, std::__cxx11::basic_string<char, std::char_traits<char>, std::allocator<char> > const&) (driver_mysql.cpp:263)
==268755==    by 0x1F66A8: decltype (::new ((void*)(0)) cpp_dbc::MySQL::MySQLPreparedStatement((declval<MYSQL*&>)(), (declval<std::__cxx11::basic_string<char, std::char_traits<char>, std::allocator<char> > const&>)())) std::construct_at<cpp_dbc::MySQL::MySQLPreparedStatement, MYSQL*&, std::__cxx11::basic_string<char, std::char_traits<char>, std::allocator<char> > const&>(cpp_dbc::MySQL::MySQLPreparedStatement*, MYSQL*&, std::__cxx11::basic_string<char, std::char_traits<char>, std::allocator<char> > const&) (stl_construct.h:97)
==268755==    by 0x1F6724: void std::allocator_traits<std::allocator<cpp_dbc::MySQL::MySQLPreparedStatement> >::construct<cpp_dbc::MySQL::MySQLPreparedStatement, MYSQL*&, std::__cxx11::basic_string<char, std::char_traits<char>, std::allocator<char> > const&>(std::allocator<cpp_dbc::MySQL::MySQLPreparedStatement>&, cpp_dbc::MySQL::MySQLPreparedStatement*, MYSQL*&, std::__cxx11::basic_string<char, std::char_traits<char>, std::allocator<char> > const&) (alloc_traits.h:518)
==268755==    by 0x1F5C74: std::_Sp_counted_ptr_inplace<cpp_dbc::MySQL::MySQLPreparedStatement, std::allocator<cpp_dbc::MySQL::MySQLPreparedStatement>, (__gnu_cxx::_Lock_policy)2>::_Sp_counted_ptr_inplace<MYSQL*&, std::__cxx11::basic_string<char, std::char_traits<char>, std::allocator<char> > const&>(std::allocator<cpp_dbc::MySQL::MySQLPreparedStatement>, MYSQL*&, std::__cxx11::basic_string<char, std::char_traits<char>, std::allocator<char> > const&) (shared_ptr_base.h:519)
==268755==    by 0x1F4CF2: std::__shared_count<(__gnu_cxx::_Lock_policy)2>::__shared_count<cpp_dbc::MySQL::MySQLPreparedStatement, std::allocator<cpp_dbc::MySQL::MySQLPreparedStatement>, MYSQL*&, std::__cxx11::basic_string<char, std::char_traits<char>, std::allocator<char> > const&>(cpp_dbc::MySQL::MySQLPreparedStatement*&, std::_Sp_alloc_shared_tag<std::allocator<cpp_dbc::MySQL::MySQLPreparedStatement> >, MYSQL*&, std::__cxx11::basic_string<char, std::char_traits<char>, std::allocator<char> > const&) (shared_ptr_base.h:650)
==268755==    by 0x1F3D43: std::__shared_ptr<cpp_dbc::MySQL::MySQLPreparedStatement, (__gnu_cxx::_Lock_policy)2>::__shared_ptr<std::allocator<cpp_dbc::MySQL::MySQLPreparedStatement>, MYSQL*&, std::__cxx11::basic_string<char, std::char_traits<char>, std::allocator<char> > const&>(std::_Sp_alloc_shared_tag<std::allocator<cpp_dbc::MySQL::MySQLPreparedStatement> >, MYSQL*&, std::__cxx11::basic_string<char, std::char_traits<char>, std::allocator<char> > const&) (shared_ptr_base.h:1342)
==268755==    by 0x1F2BE8: std::shared_ptr<cpp_dbc::MySQL::MySQLPreparedStatement>::shared_ptr<std::allocator<cpp_dbc::MySQL::MySQLPreparedStatement>, MYSQL*&, std::__cxx11::basic_string<char, std::char_traits<char>, std::allocator<char> > const&>(std::_Sp_alloc_shared_tag<std::allocator<cpp_dbc::MySQL::MySQLPreparedStatement> >, MYSQL*&, std::__cxx11::basic_string<char, std::char_traits<char>, std::allocator<char> > const&) (shared_ptr.h:409)
==268755==  Block was alloc'd at
==268755==    at 0x4848899: malloc (in /usr/libexec/valgrind/vgpreload_memcheck-amd64-linux.so)
==268755==    by 0x48F04CF: ??? (in /usr/lib/x86_64-linux-gnu/libmysqlclient.so.21.2.42)
==268755==    by 0x48E4357: ??? (in /usr/lib/x86_64-linux-gnu/libmysqlclient.so.21.2.42)
==268755==    by 0x48A1DF1: ??? (in /usr/lib/x86_64-linux-gnu/libmysqlclient.so.21.2.42)
==268755==    by 0x48A3273: ??? (in /usr/lib/x86_64-linux-gnu/libmysqlclient.so.21.2.42)
==268755==    by 0x489EF82: mysql_real_connect (in /usr/lib/x86_64-linux-gnu/libmysqlclient.so.21.2.42)
==268755==    by 0x1EC2E1: cpp_dbc::MySQL::MySQLConnection::MySQLConnection(std::__cxx11::basic_string<char, std::char_traits<char>, std::allocator<char> > const&, int, std::__cxx11::basic_string<char, std::char_traits<char>, std::allocator<char> > const&, std::__cxx11::basic_string<char, std::char_traits<char>, std::allocator<char> > const&, std::__cxx11::basic_string<char, std::char_traits<char>, std::allocator<char> > const&) (driver_mysql.cpp:624)
==268755==    by 0x1F6A72: decltype (::new ((void*)(0)) cpp_dbc::MySQL::MySQLConnection((declval<std::__cxx11::basic_string<char, std::char_traits<char>, std::allocator<char> >&>)(), (declval<int&>)(), (declval<std::__cxx11::basic_string<char, std::char_traits<char>, std::allocator<char> >&>)(), (declval<std::__cxx11::basic_string<char, std::char_traits<char>, std::allocator<char> > const&>)(), (declval<std::__cxx11::basic_string<char, std::char_traits<char>, std::allocator<char> > const&>)())) std::construct_at<cpp_dbc::MySQL::MySQLConnection, std::__cxx11::basic_string<char, std::char_traits<char>, std::allocator<char> >&, int&, std::__cxx11::basic_string<char, std::char_traits<char>, std::allocator<char> >&, std::__cxx11::basic_string<char, std::char_traits<char>, std::allocator<char> > const&, std::__cxx11::basic_string<char, std::char_traits<char>, std::allocator<char> > const&>(cpp_dbc::MySQL::MySQLConnection*, std::__cxx11::basic_string<char, std::char_traits<char>, std::allocator<char> >&, int&, std::__cxx11::basic_string<char, std::char_traits<char>, std::allocator<char> >&, std::__cxx11::basic_string<char, std::char_traits<char>, std::allocator<char> > const&, std::__cxx11::basic_string<char, std::char_traits<char>, std::allocator<char> > const&) (stl_construct.h:97)
==268755==    by 0x1F6B2E: void std::allocator_traits<std::allocator<cpp_dbc::MySQL::MySQLConnection> >::construct<cpp_dbc::MySQL::MySQLConnection, std::__cxx11::basic_string<char, std::char_traits<char>, std::allocator<char> >&, int&, std::__cxx11::basic_string<char, std::char_traits<char>, std::allocator<char> >&, std::__cxx11::basic_string<char, std::char_traits<char>, std::allocator<char> > const&, std::__cxx11::basic_string<char, std::char_traits<char>, std::allocator<char> > const&>(std::allocator<cpp_dbc::MySQL::MySQLConnection>&, cpp_dbc::MySQL::MySQLConnection*, std::__cxx11::basic_string<char, std::char_traits<char>, std::allocator<char> >&, int&, std::__cxx11::basic_string<char, std::char_traits<char>, std::allocator<char> >&, std::__cxx11::basic_string<char, std::char_traits<char>, std::allocator<char> > const&, std::__cxx11::basic_string<char, std::char_traits<char>, std::allocator<char> > const&) (alloc_traits.h:518)
==268755==    by 0x1F602C: std::_Sp_counted_ptr_inplace<cpp_dbc::MySQL::MySQLConnection, std::allocator<cpp_dbc::MySQL::MySQLConnection>, (__gnu_cxx::_Lock_policy)2>::_Sp_counted_ptr_inplace<std::__cxx11::basic_string<char, std::char_traits<char>, std::allocator<char> >&, int&, std::__cxx11::basic_string<char, std::char_traits<char>, std::allocator<char> >&, std::__cxx11::basic_string<char, std::char_traits<char>, std::allocator<char> > const&, std::__cxx11::basic_string<char, std::char_traits<char>, std::allocator<char> > const&>(std::allocator<cpp_dbc::MySQL::MySQLConnection>, std::__cxx11::basic_string<char, std::char_traits<char>, std::allocator<char> >&, int&, std::__cxx11::basic_string<char, std::char_traits<char>, std::allocator<char> >&, std::__cxx11::basic_string<char, std::char_traits<char>, std::allocator<char> > const&, std::__cxx11::basic_string<char, std::char_traits<char>, std::allocator<char> > const&) (shared_ptr_base.h:519)
==268755==    by 0x1F4FF2: std::__shared_count<(__gnu_cxx::_Lock_policy)2>::__shared_count<cpp_dbc::MySQL::MySQLConnection, std::allocator<cpp_dbc::MySQL::MySQLConnection>, std::__cxx11::basic_string<char, std::char_traits<char>, std::allocator<char> >&, int&, std::__cxx11::basic_string<char, std::char_traits<char>, std::allocator<char> >&, std::__cxx11::basic_string<char, std::char_traits<char>, std::allocator<char> > const&, std::__cxx11::basic_string<char, std::char_traits<char>, std::allocator<char> > const&>(cpp_dbc::MySQL::MySQLConnection*&, std::_Sp_alloc_shared_tag<std::allocator<cpp_dbc::MySQL::MySQLConnection> >, std::__cxx11::basic_string<char, std::char_traits<char>, std::allocator<char> >&, int&, std::__cxx11::basic_string<char, std::char_traits<char>, std::allocator<char> >&, std::__cxx11::basic_string<char, std::char_traits<char>, std::allocator<char> > const&, std::__cxx11::basic_string<char, std::char_traits<char>, std::allocator<char> > const&) (shared_ptr_base.h:650)
==268755==    by 0x1F42B5: std::__shared_ptr<cpp_dbc::MySQL::MySQLConnection, (__gnu_cxx::_Lock_policy)2>::__shared_ptr<std::allocator<cpp_dbc::MySQL::MySQLConnection>, std::__cxx11::basic_string<char, std::char_traits<char>, std::allocator<char> >&, int&, std::__cxx11::basic_string<char, std::char_traits<char>, std::allocator<char> >&, std::__cxx11::basic_string<char, std::char_traits<char>, std::allocator<char> > const&, std::__cxx11::basic_string<char, std::char_traits<char>, std::allocator<char> > const&>(std::_Sp_alloc_shared_tag<std::allocator<cpp_dbc::MySQL::MySQLConnection> >, std::__cxx11::basic_string<char, std::char_traits<char>, std::allocator<char> >&, int&, std::__cxx11::basic_string<char, std::char_traits<char>, std::allocator<char> >&, std::__cxx11::basic_string<char, std::char_traits<char>, std::allocator<char> > const&, std::__cxx11::basic_string<char, std::char_traits<char>, std::allocator<char> > const&) (shared_ptr_base.h:1342)
==268755== 
==268755== Invalid read of size 8
==268755==    at 0x5407EE2: ??? (in /usr/lib/x86_64-linux-gnu/libssl.so.3)
==268755==    by 0x540A71A: ??? (in /usr/lib/x86_64-linux-gnu/libssl.so.3)
==268755==    by 0x540AAE4: ??? (in /usr/lib/x86_64-linux-gnu/libssl.so.3)
==268755==    by 0x53EE266: SSL_write (in /usr/lib/x86_64-linux-gnu/libssl.so.3)
==268755==    by 0x48E228F: ??? (in /usr/lib/x86_64-linux-gnu/libmysqlclient.so.21.2.42)
==268755==    by 0x48ABA31: ??? (in /usr/lib/x86_64-linux-gnu/libmysqlclient.so.21.2.42)
==268755==    by 0x48ABFEE: ??? (in /usr/lib/x86_64-linux-gnu/libmysqlclient.so.21.2.42)
==268755==    by 0x489646D: ??? (in /usr/lib/x86_64-linux-gnu/libmysqlclient.so.21.2.42)
==268755==    by 0x4892F0B: mysql_stmt_close (in /usr/lib/x86_64-linux-gnu/libmysqlclient.so.21.2.42)
==268755==    by 0x1EA0C0: cpp_dbc::MySQL::MySQLPreparedStatement::close() (driver_mysql.cpp:298)
==268755==    by 0x1E9FCD: cpp_dbc::MySQL::MySQLPreparedStatement::~MySQLPreparedStatement() (driver_mysql.cpp:291)
==268755==    by 0x1F77E3: void std::destroy_at<cpp_dbc::MySQL::MySQLPreparedStatement>(cpp_dbc::MySQL::MySQLPreparedStatement*) (stl_construct.h:88)
==268755==  Address 0x6b11698 is 3,272 bytes inside a block of size 7,608 free'd
==268755==    at 0x484B27F: free (in /usr/libexec/valgrind/vgpreload_memcheck-amd64-linux.so)
==268755==    by 0x48E2CB5: ??? (in /usr/lib/x86_64-linux-gnu/libmysqlclient.so.21.2.42)
==268755==    by 0x489B2F8: ??? (in /usr/lib/x86_64-linux-gnu/libmysqlclient.so.21.2.42)
==268755==    by 0x4894C0C: ??? (in /usr/lib/x86_64-linux-gnu/libmysqlclient.so.21.2.42)
==268755==    by 0x4895AD1: ??? (in /usr/lib/x86_64-linux-gnu/libmysqlclient.so.21.2.42)
==268755==    by 0x4892AF9: mysql_stmt_prepare (in /usr/lib/x86_64-linux-gnu/libmysqlclient.so.21.2.42)
==268755==    by 0x1E9C58: cpp_dbc::MySQL::MySQLPreparedStatement::MySQLPreparedStatement(MYSQL*, std::__cxx11::basic_string<char, std::char_traits<char>, std::allocator<char> > const&) (driver_mysql.cpp:263)
==268755==    by 0x1F66A8: decltype (::new ((void*)(0)) cpp_dbc::MySQL::MySQLPreparedStatement((declval<MYSQL*&>)(), (declval<std::__cxx11::basic_string<char, std::char_traits<char>, std::allocator<char> > const&>)())) std::construct_at<cpp_dbc::MySQL::MySQLPreparedStatement, MYSQL*&, std::__cxx11::basic_string<char, std::char_traits<char>, std::allocator<char> > const&>(cpp_dbc::MySQL::MySQLPreparedStatement*, MYSQL*&, std::__cxx11::basic_string<char, std::char_traits<char>, std::allocator<char> > const&) (stl_construct.h:97)
==268755==    by 0x1F6724: void std::allocator_traits<std::allocator<cpp_dbc::MySQL::MySQLPreparedStatement> >::construct<cpp_dbc::MySQL::MySQLPreparedStatement, MYSQL*&, std::__cxx11::basic_string<char, std::char_traits<char>, std::allocator<char> > const&>(std::allocator<cpp_dbc::MySQL::MySQLPreparedStatement>&, cpp_dbc::MySQL::MySQLPreparedStatement*, MYSQL*&, std::__cxx11::basic_string<char, std::char_traits<char>, std::allocator<char> > const&) (alloc_traits.h:518)
==268755==    by 0x1F5C74: std::_Sp_counted_ptr_inplace<cpp_dbc::MySQL::MySQLPreparedStatement, std::allocator<cpp_dbc::MySQL::MySQLPreparedStatement>, (__gnu_cxx::_Lock_policy)2>::_Sp_counted_ptr_inplace<MYSQL*&, std::__cxx11::basic_string<char, std::char_traits<char>, std::allocator<char> > const&>(std::allocator<cpp_dbc::MySQL::MySQLPreparedStatement>, MYSQL*&, std::__cxx11::basic_string<char, std::char_traits<char>, std::allocator<char> > const&) (shared_ptr_base.h:519)
==268755==    by 0x1F4CF2: std::__shared_count<(__gnu_cxx::_Lock_policy)2>::__shared_count<cpp_dbc::MySQL::MySQLPreparedStatement, std::allocator<cpp_dbc::MySQL::MySQLPreparedStatement>, MYSQL*&, std::__cxx11::basic_string<char, std::char_traits<char>, std::allocator<char> > const&>(cpp_dbc::MySQL::MySQLPreparedStatement*&, std::_Sp_alloc_shared_tag<std::allocator<cpp_dbc::MySQL::MySQLPreparedStatement> >, MYSQL*&, std::__cxx11::basic_string<char, std::char_traits<char>, std::allocator<char> > const&) (shared_ptr_base.h:650)
==268755==    by 0x1F3D43: std::__shared_ptr<cpp_dbc::MySQL::MySQLPreparedStatement, (__gnu_cxx::_Lock_policy)2>::__shared_ptr<std::allocator<cpp_dbc::MySQL::MySQLPreparedStatement>, MYSQL*&, std::__cxx11::basic_string<char, std::char_traits<char>, std::allocator<char> > const&>(std::_Sp_alloc_shared_tag<std::allocator<cpp_dbc::MySQL::MySQLPreparedStatement> >, MYSQL*&, std::__cxx11::basic_string<char, std::char_traits<char>, std::allocator<char> > const&) (shared_ptr_base.h:1342)
==268755==  Block was alloc'd at
==268755==    at 0x4848899: malloc (in /usr/libexec/valgrind/vgpreload_memcheck-amd64-linux.so)
==268755==    by 0x561679D: CRYPTO_zalloc (in /usr/lib/x86_64-linux-gnu/libcrypto.so.3)
==268755==    by 0x53F5F69: SSL_new (in /usr/lib/x86_64-linux-gnu/libssl.so.3)
==268755==    by 0x48F901B: ??? (in /usr/lib/x86_64-linux-gnu/libmysqlclient.so.21.2.42)
==268755==    by 0x489A12C: ??? (in /usr/lib/x86_64-linux-gnu/libmysqlclient.so.21.2.42)
==268755==    by 0x489AD71: ??? (in /usr/lib/x86_64-linux-gnu/libmysqlclient.so.21.2.42)
==268755==    by 0x48A3273: ??? (in /usr/lib/x86_64-linux-gnu/libmysqlclient.so.21.2.42)
==268755==    by 0x489EF82: mysql_real_connect (in /usr/lib/x86_64-linux-gnu/libmysqlclient.so.21.2.42)
==268755==    by 0x1EC2E1: cpp_dbc::MySQL::MySQLConnection::MySQLConnection(std::__cxx11::basic_string<char, std::char_traits<char>, std::allocator<char> > const&, int, std::__cxx11::basic_string<char, std::char_traits<char>, std::allocator<char> > const&, std::__cxx11::basic_string<char, std::char_traits<char>, std::allocator<char> > const&, std::__cxx11::basic_string<char, std::char_traits<char>, std::allocator<char> > const&) (driver_mysql.cpp:624)
==268755==    by 0x1F6A72: decltype (::new ((void*)(0)) cpp_dbc::MySQL::MySQLConnection((declval<std::__cxx11::basic_string<char, std::char_traits<char>, std::allocator<char> >&>)(), (declval<int&>)(), (declval<std::__cxx11::basic_string<char, std::char_traits<char>, std::allocator<char> >&>)(), (declval<std::__cxx11::basic_string<char, std::char_traits<char>, std::allocator<char> > const&>)(), (declval<std::__cxx11::basic_string<char, std::char_traits<char>, std::allocator<char> > const&>)())) std::construct_at<cpp_dbc::MySQL::MySQLConnection, std::__cxx11::basic_string<char, std::char_traits<char>, std::allocator<char> >&, int&, std::__cxx11::basic_string<char, std::char_traits<char>, std::allocator<char> >&, std::__cxx11::basic_string<char, std::char_traits<char>, std::allocator<char> > const&, std::__cxx11::basic_string<char, std::char_traits<char>, std::allocator<char> > const&>(cpp_dbc::MySQL::MySQLConnection*, std::__cxx11::basic_string<char, std::char_traits<char>, std::allocator<char> >&, int&, std::__cxx11::basic_string<char, std::char_traits<char>, std::allocator<char> >&, std::__cxx11::basic_string<char, std::char_traits<char>, std::allocator<char> > const&, std::__cxx11::basic_string<char, std::char_traits<char>, std::allocator<char> > const&) (stl_construct.h:97)
==268755==    by 0x1F6B2E: void std::allocator_traits<std::allocator<cpp_dbc::MySQL::MySQLConnection> >::construct<cpp_dbc::MySQL::MySQLConnection, std::__cxx11::basic_string<char, std::char_traits<char>, std::allocator<char> >&, int&, std::__cxx11::basic_string<char, std::char_traits<char>, std::allocator<char> >&, std::__cxx11::basic_string<char, std::char_traits<char>, std::allocator<char> > const&, std::__cxx11::basic_string<char, std::char_traits<char>, std::allocator<char> > const&>(std::allocator<cpp_dbc::MySQL::MySQLConnection>&, cpp_dbc::MySQL::MySQLConnection*, std::__cxx11::basic_string<char, std::char_traits<char>, std::allocator<char> >&, int&, std::__cxx11::basic_string<char, std::char_traits<char>, std::allocator<char> >&, std::__cxx11::basic_string<char, std::char_traits<char>, std::allocator<char> > const&, std::__cxx11::basic_string<char, std::char_traits<char>, std::allocator<char> > const&) (alloc_traits.h:518)
==268755==    by 0x1F602C: std::_Sp_counted_ptr_inplace<cpp_dbc::MySQL::MySQLConnection, std::allocator<cpp_dbc::MySQL::MySQLConnection>, (__gnu_cxx::_Lock_policy)2>::_Sp_counted_ptr_inplace<std::__cxx11::basic_string<char, std::char_traits<char>, std::allocator<char> >&, int&, std::__cxx11::basic_string<char, std::char_traits<char>, std::allocator<char> >&, std::__cxx11::basic_string<char, std::char_traits<char>, std::allocator<char> > const&, std::__cxx11::basic_string<char, std::char_traits<char>, std::allocator<char> > const&>(std::allocator<cpp_dbc::MySQL::MySQLConnection>, std::__cxx11::basic_string<char, std::char_traits<char>, std::allocator<char> >&, int&, std::__cxx11::basic_string<char, std::char_traits<char>, std::allocator<char> >&, std::__cxx11::basic_string<char, std::char_traits<char>, std::allocator<char> > const&, std::__cxx11::basic_string<char, std::char_traits<char>, std::allocator<char> > const&) (shared_ptr_base.h:519)
==268755== 
==268755== Invalid read of size 8
==268755==    at 0x5407EF9: ??? (in /usr/lib/x86_64-linux-gnu/libssl.so.3)
==268755==    by 0x540A71A: ??? (in /usr/lib/x86_64-linux-gnu/libssl.so.3)
==268755==    by 0x540AAE4: ??? (in /usr/lib/x86_64-linux-gnu/libssl.so.3)
==268755==    by 0x53EE266: SSL_write (in /usr/lib/x86_64-linux-gnu/libssl.so.3)
==268755==    by 0x48E228F: ??? (in /usr/lib/x86_64-linux-gnu/libmysqlclient.so.21.2.42)
==268755==    by 0x48ABA31: ??? (in /usr/lib/x86_64-linux-gnu/libmysqlclient.so.21.2.42)
==268755==    by 0x48ABFEE: ??? (in /usr/lib/x86_64-linux-gnu/libmysqlclient.so.21.2.42)
==268755==    by 0x489646D: ??? (in /usr/lib/x86_64-linux-gnu/libmysqlclient.so.21.2.42)
==268755==    by 0x4892F0B: mysql_stmt_close (in /usr/lib/x86_64-linux-gnu/libmysqlclient.so.21.2.42)
==268755==    by 0x1EA0C0: cpp_dbc::MySQL::MySQLPreparedStatement::close() (driver_mysql.cpp:298)
==268755==    by 0x1E9FCD: cpp_dbc::MySQL::MySQLPreparedStatement::~MySQLPreparedStatement() (driver_mysql.cpp:291)
==268755==    by 0x1F77E3: void std::destroy_at<cpp_dbc::MySQL::MySQLPreparedStatement>(cpp_dbc::MySQL::MySQLPreparedStatement*) (stl_construct.h:88)
==268755==  Address 0x6b11690 is 3,264 bytes inside a block of size 7,608 free'd
==268755==    at 0x484B27F: free (in /usr/libexec/valgrind/vgpreload_memcheck-amd64-linux.so)
==268755==    by 0x48E2CB5: ??? (in /usr/lib/x86_64-linux-gnu/libmysqlclient.so.21.2.42)
==268755==    by 0x489B2F8: ??? (in /usr/lib/x86_64-linux-gnu/libmysqlclient.so.21.2.42)
==268755==    by 0x4894C0C: ??? (in /usr/lib/x86_64-linux-gnu/libmysqlclient.so.21.2.42)
==268755==    by 0x4895AD1: ??? (in /usr/lib/x86_64-linux-gnu/libmysqlclient.so.21.2.42)
==268755==    by 0x4892AF9: mysql_stmt_prepare (in /usr/lib/x86_64-linux-gnu/libmysqlclient.so.21.2.42)
==268755==    by 0x1E9C58: cpp_dbc::MySQL::MySQLPreparedStatement::MySQLPreparedStatement(MYSQL*, std::__cxx11::basic_string<char, std::char_traits<char>, std::allocator<char> > const&) (driver_mysql.cpp:263)
==268755==    by 0x1F66A8: decltype (::new ((void*)(0)) cpp_dbc::MySQL::MySQLPreparedStatement((declval<MYSQL*&>)(), (declval<std::__cxx11::basic_string<char, std::char_traits<char>, std::allocator<char> > const&>)())) std::construct_at<cpp_dbc::MySQL::MySQLPreparedStatement, MYSQL*&, std::__cxx11::basic_string<char, std::char_traits<char>, std::allocator<char> > const&>(cpp_dbc::MySQL::MySQLPreparedStatement*, MYSQL*&, std::__cxx11::basic_string<char, std::char_traits<char>, std::allocator<char> > const&) (stl_construct.h:97)
==268755==    by 0x1F6724: void std::allocator_traits<std::allocator<cpp_dbc::MySQL::MySQLPreparedStatement> >::construct<cpp_dbc::MySQL::MySQLPreparedStatement, MYSQL*&, std::__cxx11::basic_string<char, std::char_traits<char>, std::allocator<char> > const&>(std::allocator<cpp_dbc::MySQL::MySQLPreparedStatement>&, cpp_dbc::MySQL::MySQLPreparedStatement*, MYSQL*&, std::__cxx11::basic_string<char, std::char_traits<char>, std::allocator<char> > const&) (alloc_traits.h:518)
==268755==    by 0x1F5C74: std::_Sp_counted_ptr_inplace<cpp_dbc::MySQL::MySQLPreparedStatement, std::allocator<cpp_dbc::MySQL::MySQLPreparedStatement>, (__gnu_cxx::_Lock_policy)2>::_Sp_counted_ptr_inplace<MYSQL*&, std::__cxx11::basic_string<char, std::char_traits<char>, std::allocator<char> > const&>(std::allocator<cpp_dbc::MySQL::MySQLPreparedStatement>, MYSQL*&, std::__cxx11::basic_string<char, std::char_traits<char>, std::allocator<char> > const&) (shared_ptr_base.h:519)
==268755==    by 0x1F4CF2: std::__shared_count<(__gnu_cxx::_Lock_policy)2>::__shared_count<cpp_dbc::MySQL::MySQLPreparedStatement, std::allocator<cpp_dbc::MySQL::MySQLPreparedStatement>, MYSQL*&, std::__cxx11::basic_string<char, std::char_traits<char>, std::allocator<char> > const&>(cpp_dbc::MySQL::MySQLPreparedStatement*&, std::_Sp_alloc_shared_tag<std::allocator<cpp_dbc::MySQL::MySQLPreparedStatement> >, MYSQL*&, std::__cxx11::basic_string<char, std::char_traits<char>, std::allocator<char> > const&) (shared_ptr_base.h:650)
==268755==    by 0x1F3D43: std::__shared_ptr<cpp_dbc::MySQL::MySQLPreparedStatement, (__gnu_cxx::_Lock_policy)2>::__shared_ptr<std::allocator<cpp_dbc::MySQL::MySQLPreparedStatement>, MYSQL*&, std::__cxx11::basic_string<char, std::char_traits<char>, std::allocator<char> > const&>(std::_Sp_alloc_shared_tag<std::allocator<cpp_dbc::MySQL::MySQLPreparedStatement> >, MYSQL*&, std::__cxx11::basic_string<char, std::char_traits<char>, std::allocator<char> > const&) (shared_ptr_base.h:1342)
==268755==  Block was alloc'd at
==268755==    at 0x4848899: malloc (in /usr/libexec/valgrind/vgpreload_memcheck-amd64-linux.so)
==268755==    by 0x561679D: CRYPTO_zalloc (in /usr/lib/x86_64-linux-gnu/libcrypto.so.3)
==268755==    by 0x53F5F69: SSL_new (in /usr/lib/x86_64-linux-gnu/libssl.so.3)
==268755==    by 0x48F901B: ??? (in /usr/lib/x86_64-linux-gnu/libmysqlclient.so.21.2.42)
==268755==    by 0x489A12C: ??? (in /usr/lib/x86_64-linux-gnu/libmysqlclient.so.21.2.42)
==268755==    by 0x489AD71: ??? (in /usr/lib/x86_64-linux-gnu/libmysqlclient.so.21.2.42)
==268755==    by 0x48A3273: ??? (in /usr/lib/x86_64-linux-gnu/libmysqlclient.so.21.2.42)
==268755==    by 0x489EF82: mysql_real_connect (in /usr/lib/x86_64-linux-gnu/libmysqlclient.so.21.2.42)
==268755==    by 0x1EC2E1: cpp_dbc::MySQL::MySQLConnection::MySQLConnection(std::__cxx11::basic_string<char, std::char_traits<char>, std::allocator<char> > const&, int, std::__cxx11::basic_string<char, std::char_traits<char>, std::allocator<char> > const&, std::__cxx11::basic_string<char, std::char_traits<char>, std::allocator<char> > const&, std::__cxx11::basic_string<char, std::char_traits<char>, std::allocator<char> > const&) (driver_mysql.cpp:624)
==268755==    by 0x1F6A72: decltype (::new ((void*)(0)) cpp_dbc::MySQL::MySQLConnection((declval<std::__cxx11::basic_string<char, std::char_traits<char>, std::allocator<char> >&>)(), (declval<int&>)(), (declval<std::__cxx11::basic_string<char, std::char_traits<char>, std::allocator<char> >&>)(), (declval<std::__cxx11::basic_string<char, std::char_traits<char>, std::allocator<char> > const&>)(), (declval<std::__cxx11::basic_string<char, std::char_traits<char>, std::allocator<char> > const&>)())) std::construct_at<cpp_dbc::MySQL::MySQLConnection, std::__cxx11::basic_string<char, std::char_traits<char>, std::allocator<char> >&, int&, std::__cxx11::basic_string<char, std::char_traits<char>, std::allocator<char> >&, std::__cxx11::basic_string<char, std::char_traits<char>, std::allocator<char> > const&, std::__cxx11::basic_string<char, std::char_traits<char>, std::allocator<char> > const&>(cpp_dbc::MySQL::MySQLConnection*, std::__cxx11::basic_string<char, std::char_traits<char>, std::allocator<char> >&, int&, std::__cxx11::basic_string<char, std::char_traits<char>, std::allocator<char> >&, std::__cxx11::basic_string<char, std::char_traits<char>, std::allocator<char> > const&, std::__cxx11::basic_string<char, std::char_traits<char>, std::allocator<char> > const&) (stl_construct.h:97)
==268755==    by 0x1F6B2E: void std::allocator_traits<std::allocator<cpp_dbc::MySQL::MySQLConnection> >::construct<cpp_dbc::MySQL::MySQLConnection, std::__cxx11::basic_string<char, std::char_traits<char>, std::allocator<char> >&, int&, std::__cxx11::basic_string<char, std::char_traits<char>, std::allocator<char> >&, std::__cxx11::basic_string<char, std::char_traits<char>, std::allocator<char> > const&, std::__cxx11::basic_string<char, std::char_traits<char>, std::allocator<char> > const&>(std::allocator<cpp_dbc::MySQL::MySQLConnection>&, cpp_dbc::MySQL::MySQLConnection*, std::__cxx11::basic_string<char, std::char_traits<char>, std::allocator<char> >&, int&, std::__cxx11::basic_string<char, std::char_traits<char>, std::allocator<char> >&, std::__cxx11::basic_string<char, std::char_traits<char>, std::allocator<char> > const&, std::__cxx11::basic_string<char, std::char_traits<char>, std::allocator<char> > const&) (alloc_traits.h:518)
==268755==    by 0x1F602C: std::_Sp_counted_ptr_inplace<cpp_dbc::MySQL::MySQLConnection, std::allocator<cpp_dbc::MySQL::MySQLConnection>, (__gnu_cxx::_Lock_policy)2>::_Sp_counted_ptr_inplace<std::__cxx11::basic_string<char, std::char_traits<char>, std::allocator<char> >&, int&, std::__cxx11::basic_string<char, std::char_traits<char>, std::allocator<char> >&, std::__cxx11::basic_string<char, std::char_traits<char>, std::allocator<char> > const&, std::__cxx11::basic_string<char, std::char_traits<char>, std::allocator<char> > const&>(std::allocator<cpp_dbc::MySQL::MySQLConnection>, std::__cxx11::basic_string<char, std::char_traits<char>, std::allocator<char> >&, int&, std::__cxx11::basic_string<char, std::char_traits<char>, std::allocator<char> >&, std::__cxx11::basic_string<char, std::char_traits<char>, std::allocator<char> > const&, std::__cxx11::basic_string<char, std::char_traits<char>, std::allocator<char> > const&) (shared_ptr_base.h:519)
==268755== 
==268755== Invalid write of size 8
==268755==    at 0x5407EFD: ??? (in /usr/lib/x86_64-linux-gnu/libssl.so.3)
==268755==    by 0x540A71A: ??? (in /usr/lib/x86_64-linux-gnu/libssl.so.3)
==268755==    by 0x540AAE4: ??? (in /usr/lib/x86_64-linux-gnu/libssl.so.3)
==268755==    by 0x53EE266: SSL_write (in /usr/lib/x86_64-linux-gnu/libssl.so.3)
==268755==    by 0x48E228F: ??? (in /usr/lib/x86_64-linux-gnu/libmysqlclient.so.21.2.42)
==268755==    by 0x48ABA31: ??? (in /usr/lib/x86_64-linux-gnu/libmysqlclient.so.21.2.42)
==268755==    by 0x48ABFEE: ??? (in /usr/lib/x86_64-linux-gnu/libmysqlclient.so.21.2.42)
==268755==    by 0x489646D: ??? (in /usr/lib/x86_64-linux-gnu/libmysqlclient.so.21.2.42)
==268755==    by 0x4892F0B: mysql_stmt_close (in /usr/lib/x86_64-linux-gnu/libmysqlclient.so.21.2.42)
==268755==    by 0x1EA0C0: cpp_dbc::MySQL::MySQLPreparedStatement::close() (driver_mysql.cpp:298)
==268755==    by 0x1E9FCD: cpp_dbc::MySQL::MySQLPreparedStatement::~MySQLPreparedStatement() (driver_mysql.cpp:291)
==268755==    by 0x1F77E3: void std::destroy_at<cpp_dbc::MySQL::MySQLPreparedStatement>(cpp_dbc::MySQL::MySQLPreparedStatement*) (stl_construct.h:88)
==268755==  Address 0x6b11698 is 3,272 bytes inside a block of size 7,608 free'd
==268755==    at 0x484B27F: free (in /usr/libexec/valgrind/vgpreload_memcheck-amd64-linux.so)
==268755==    by 0x48E2CB5: ??? (in /usr/lib/x86_64-linux-gnu/libmysqlclient.so.21.2.42)
==268755==    by 0x489B2F8: ??? (in /usr/lib/x86_64-linux-gnu/libmysqlclient.so.21.2.42)
==268755==    by 0x4894C0C: ??? (in /usr/lib/x86_64-linux-gnu/libmysqlclient.so.21.2.42)
==268755==    by 0x4895AD1: ??? (in /usr/lib/x86_64-linux-gnu/libmysqlclient.so.21.2.42)
==268755==    by 0x4892AF9: mysql_stmt_prepare (in /usr/lib/x86_64-linux-gnu/libmysqlclient.so.21.2.42)
==268755==    by 0x1E9C58: cpp_dbc::MySQL::MySQLPreparedStatement::MySQLPreparedStatement(MYSQL*, std::__cxx11::basic_string<char, std::char_traits<char>, std::allocator<char> > const&) (driver_mysql.cpp:263)
==268755==    by 0x1F66A8: decltype (::new ((void*)(0)) cpp_dbc::MySQL::MySQLPreparedStatement((declval<MYSQL*&>)(), (declval<std::__cxx11::basic_string<char, std::char_traits<char>, std::allocator<char> > const&>)())) std::construct_at<cpp_dbc::MySQL::MySQLPreparedStatement, MYSQL*&, std::__cxx11::basic_string<char, std::char_traits<char>, std::allocator<char> > const&>(cpp_dbc::MySQL::MySQLPreparedStatement*, MYSQL*&, std::__cxx11::basic_string<char, std::char_traits<char>, std::allocator<char> > const&) (stl_construct.h:97)
==268755==    by 0x1F6724: void std::allocator_traits<std::allocator<cpp_dbc::MySQL::MySQLPreparedStatement> >::construct<cpp_dbc::MySQL::MySQLPreparedStatement, MYSQL*&, std::__cxx11::basic_string<char, std::char_traits<char>, std::allocator<char> > const&>(std::allocator<cpp_dbc::MySQL::MySQLPreparedStatement>&, cpp_dbc::MySQL::MySQLPreparedStatement*, MYSQL*&, std::__cxx11::basic_string<char, std::char_traits<char>, std::allocator<char> > const&) (alloc_traits.h:518)
==268755==    by 0x1F5C74: std::_Sp_counted_ptr_inplace<cpp_dbc::MySQL::MySQLPreparedStatement, std::allocator<cpp_dbc::MySQL::MySQLPreparedStatement>, (__gnu_cxx::_Lock_policy)2>::_Sp_counted_ptr_inplace<MYSQL*&, std::__cxx11::basic_string<char, std::char_traits<char>, std::allocator<char> > const&>(std::allocator<cpp_dbc::MySQL::MySQLPreparedStatement>, MYSQL*&, std::__cxx11::basic_string<char, std::char_traits<char>, std::allocator<char> > const&) (shared_ptr_base.h:519)
==268755==    by 0x1F4CF2: std::__shared_count<(__gnu_cxx::_Lock_policy)2>::__shared_count<cpp_dbc::MySQL::MySQLPreparedStatement, std::allocator<cpp_dbc::MySQL::MySQLPreparedStatement>, MYSQL*&, std::__cxx11::basic_string<char, std::char_traits<char>, std::allocator<char> > const&>(cpp_dbc::MySQL::MySQLPreparedStatement*&, std::_Sp_alloc_shared_tag<std::allocator<cpp_dbc::MySQL::MySQLPreparedStatement> >, MYSQL*&, std::__cxx11::basic_string<char, std::char_traits<char>, std::allocator<char> > const&) (shared_ptr_base.h:650)
==268755==    by 0x1F3D43: std::__shared_ptr<cpp_dbc::MySQL::MySQLPreparedStatement, (__gnu_cxx::_Lock_policy)2>::__shared_ptr<std::allocator<cpp_dbc::MySQL::MySQLPreparedStatement>, MYSQL*&, std::__cxx11::basic_string<char, std::char_traits<char>, std::allocator<char> > const&>(std::_Sp_alloc_shared_tag<std::allocator<cpp_dbc::MySQL::MySQLPreparedStatement> >, MYSQL*&, std::__cxx11::basic_string<char, std::char_traits<char>, std::allocator<char> > const&) (shared_ptr_base.h:1342)
==268755==  Block was alloc'd at
==268755==    at 0x4848899: malloc (in /usr/libexec/valgrind/vgpreload_memcheck-amd64-linux.so)
==268755==    by 0x561679D: CRYPTO_zalloc (in /usr/lib/x86_64-linux-gnu/libcrypto.so.3)
==268755==    by 0x53F5F69: SSL_new (in /usr/lib/x86_64-linux-gnu/libssl.so.3)
==268755==    by 0x48F901B: ??? (in /usr/lib/x86_64-linux-gnu/libmysqlclient.so.21.2.42)
==268755==    by 0x489A12C: ??? (in /usr/lib/x86_64-linux-gnu/libmysqlclient.so.21.2.42)
==268755==    by 0x489AD71: ??? (in /usr/lib/x86_64-linux-gnu/libmysqlclient.so.21.2.42)
==268755==    by 0x48A3273: ??? (in /usr/lib/x86_64-linux-gnu/libmysqlclient.so.21.2.42)
==268755==    by 0x489EF82: mysql_real_connect (in /usr/lib/x86_64-linux-gnu/libmysqlclient.so.21.2.42)
==268755==    by 0x1EC2E1: cpp_dbc::MySQL::MySQLConnection::MySQLConnection(std::__cxx11::basic_string<char, std::char_traits<char>, std::allocator<char> > const&, int, std::__cxx11::basic_string<char, std::char_traits<char>, std::allocator<char> > const&, std::__cxx11::basic_string<char, std::char_traits<char>, std::allocator<char> > const&, std::__cxx11::basic_string<char, std::char_traits<char>, std::allocator<char> > const&) (driver_mysql.cpp:624)
==268755==    by 0x1F6A72: decltype (::new ((void*)(0)) cpp_dbc::MySQL::MySQLConnection((declval<std::__cxx11::basic_string<char, std::char_traits<char>, std::allocator<char> >&>)(), (declval<int&>)(), (declval<std::__cxx11::basic_string<char, std::char_traits<char>, std::allocator<char> >&>)(), (declval<std::__cxx11::basic_string<char, std::char_traits<char>, std::allocator<char> > const&>)(), (declval<std::__cxx11::basic_string<char, std::char_traits<char>, std::allocator<char> > const&>)())) std::construct_at<cpp_dbc::MySQL::MySQLConnection, std::__cxx11::basic_string<char, std::char_traits<char>, std::allocator<char> >&, int&, std::__cxx11::basic_string<char, std::char_traits<char>, std::allocator<char> >&, std::__cxx11::basic_string<char, std::char_traits<char>, std::allocator<char> > const&, std::__cxx11::basic_string<char, std::char_traits<char>, std::allocator<char> > const&>(cpp_dbc::MySQL::MySQLConnection*, std::__cxx11::basic_string<char, std::char_traits<char>, std::allocator<char> >&, int&, std::__cxx11::basic_string<char, std::char_traits<char>, std::allocator<char> >&, std::__cxx11::basic_string<char, std::char_traits<char>, std::allocator<char> > const&, std::__cxx11::basic_string<char, std::char_traits<char>, std::allocator<char> > const&) (stl_construct.h:97)
==268755==    by 0x1F6B2E: void std::allocator_traits<std::allocator<cpp_dbc::MySQL::MySQLConnection> >::construct<cpp_dbc::MySQL::MySQLConnection, std::__cxx11::basic_string<char, std::char_traits<char>, std::allocator<char> >&, int&, std::__cxx11::basic_string<char, std::char_traits<char>, std::allocator<char> >&, std::__cxx11::basic_string<char, std::char_traits<char>, std::allocator<char> > const&, std::__cxx11::basic_string<char, std::char_traits<char>, std::allocator<char> > const&>(std::allocator<cpp_dbc::MySQL::MySQLConnection>&, cpp_dbc::MySQL::MySQLConnection*, std::__cxx11::basic_string<char, std::char_traits<char>, std::allocator<char> >&, int&, std::__cxx11::basic_string<char, std::char_traits<char>, std::allocator<char> >&, std::__cxx11::basic_string<char, std::char_traits<char>, std::allocator<char> > const&, std::__cxx11::basic_string<char, std::char_traits<char>, std::allocator<char> > const&) (alloc_traits.h:518)
==268755==    by 0x1F602C: std::_Sp_counted_ptr_inplace<cpp_dbc::MySQL::MySQLConnection, std::allocator<cpp_dbc::MySQL::MySQLConnection>, (__gnu_cxx::_Lock_policy)2>::_Sp_counted_ptr_inplace<std::__cxx11::basic_string<char, std::char_traits<char>, std::allocator<char> >&, int&, std::__cxx11::basic_string<char, std::char_traits<char>, std::allocator<char> >&, std::__cxx11::basic_string<char, std::char_traits<char>, std::allocator<char> > const&, std::__cxx11::basic_string<char, std::char_traits<char>, std::allocator<char> > const&>(std::allocator<cpp_dbc::MySQL::MySQLConnection>, std::__cxx11::basic_string<char, std::char_traits<char>, std::allocator<char> >&, int&, std::__cxx11::basic_string<char, std::char_traits<char>, std::allocator<char> >&, std::__cxx11::basic_string<char, std::char_traits<char>, std::allocator<char> > const&, std::__cxx11::basic_string<char, std::char_traits<char>, std::allocator<char> > const&) (shared_ptr_base.h:519)
==268755== 
==268755== Invalid read of size 8
==268755==    at 0x5407E4C: ??? (in /usr/lib/x86_64-linux-gnu/libssl.so.3)
==268755==    by 0x540A71A: ??? (in /usr/lib/x86_64-linux-gnu/libssl.so.3)
==268755==    by 0x540AAE4: ??? (in /usr/lib/x86_64-linux-gnu/libssl.so.3)
==268755==    by 0x53EE266: SSL_write (in /usr/lib/x86_64-linux-gnu/libssl.so.3)
==268755==    by 0x48E228F: ??? (in /usr/lib/x86_64-linux-gnu/libmysqlclient.so.21.2.42)
==268755==    by 0x48ABA31: ??? (in /usr/lib/x86_64-linux-gnu/libmysqlclient.so.21.2.42)
==268755==    by 0x48ABFEE: ??? (in /usr/lib/x86_64-linux-gnu/libmysqlclient.so.21.2.42)
==268755==    by 0x489646D: ??? (in /usr/lib/x86_64-linux-gnu/libmysqlclient.so.21.2.42)
==268755==    by 0x4892F0B: mysql_stmt_close (in /usr/lib/x86_64-linux-gnu/libmysqlclient.so.21.2.42)
==268755==    by 0x1EA0C0: cpp_dbc::MySQL::MySQLPreparedStatement::close() (driver_mysql.cpp:298)
==268755==    by 0x1E9FCD: cpp_dbc::MySQL::MySQLPreparedStatement::~MySQLPreparedStatement() (driver_mysql.cpp:291)
==268755==    by 0x1F77E3: void std::destroy_at<cpp_dbc::MySQL::MySQLPreparedStatement>(cpp_dbc::MySQL::MySQLPreparedStatement*) (stl_construct.h:88)
==268755==  Address 0x6b11698 is 3,272 bytes inside a block of size 7,608 free'd
==268755==    at 0x484B27F: free (in /usr/libexec/valgrind/vgpreload_memcheck-amd64-linux.so)
==268755==    by 0x48E2CB5: ??? (in /usr/lib/x86_64-linux-gnu/libmysqlclient.so.21.2.42)
==268755==    by 0x489B2F8: ??? (in /usr/lib/x86_64-linux-gnu/libmysqlclient.so.21.2.42)
==268755==    by 0x4894C0C: ??? (in /usr/lib/x86_64-linux-gnu/libmysqlclient.so.21.2.42)
==268755==    by 0x4895AD1: ??? (in /usr/lib/x86_64-linux-gnu/libmysqlclient.so.21.2.42)
==268755==    by 0x4892AF9: mysql_stmt_prepare (in /usr/lib/x86_64-linux-gnu/libmysqlclient.so.21.2.42)
==268755==    by 0x1E9C58: cpp_dbc::MySQL::MySQLPreparedStatement::MySQLPreparedStatement(MYSQL*, std::__cxx11::basic_string<char, std::char_traits<char>, std::allocator<char> > const&) (driver_mysql.cpp:263)
==268755==    by 0x1F66A8: decltype (::new ((void*)(0)) cpp_dbc::MySQL::MySQLPreparedStatement((declval<MYSQL*&>)(), (declval<std::__cxx11::basic_string<char, std::char_traits<char>, std::allocator<char> > const&>)())) std::construct_at<cpp_dbc::MySQL::MySQLPreparedStatement, MYSQL*&, std::__cxx11::basic_string<char, std::char_traits<char>, std::allocator<char> > const&>(cpp_dbc::MySQL::MySQLPreparedStatement*, MYSQL*&, std::__cxx11::basic_string<char, std::char_traits<char>, std::allocator<char> > const&) (stl_construct.h:97)
==268755==    by 0x1F6724: void std::allocator_traits<std::allocator<cpp_dbc::MySQL::MySQLPreparedStatement> >::construct<cpp_dbc::MySQL::MySQLPreparedStatement, MYSQL*&, std::__cxx11::basic_string<char, std::char_traits<char>, std::allocator<char> > const&>(std::allocator<cpp_dbc::MySQL::MySQLPreparedStatement>&, cpp_dbc::MySQL::MySQLPreparedStatement*, MYSQL*&, std::__cxx11::basic_string<char, std::char_traits<char>, std::allocator<char> > const&) (alloc_traits.h:518)
==268755==    by 0x1F5C74: std::_Sp_counted_ptr_inplace<cpp_dbc::MySQL::MySQLPreparedStatement, std::allocator<cpp_dbc::MySQL::MySQLPreparedStatement>, (__gnu_cxx::_Lock_policy)2>::_Sp_counted_ptr_inplace<MYSQL*&, std::__cxx11::basic_string<char, std::char_traits<char>, std::allocator<char> > const&>(std::allocator<cpp_dbc::MySQL::MySQLPreparedStatement>, MYSQL*&, std::__cxx11::basic_string<char, std::char_traits<char>, std::allocator<char> > const&) (shared_ptr_base.h:519)
==268755==    by 0x1F4CF2: std::__shared_count<(__gnu_cxx::_Lock_policy)2>::__shared_count<cpp_dbc::MySQL::MySQLPreparedStatement, std::allocator<cpp_dbc::MySQL::MySQLPreparedStatement>, MYSQL*&, std::__cxx11::basic_string<char, std::char_traits<char>, std::allocator<char> > const&>(cpp_dbc::MySQL::MySQLPreparedStatement*&, std::_Sp_alloc_shared_tag<std::allocator<cpp_dbc::MySQL::MySQLPreparedStatement> >, MYSQL*&, std::__cxx11::basic_string<char, std::char_traits<char>, std::allocator<char> > const&) (shared_ptr_base.h:650)
==268755==    by 0x1F3D43: std::__shared_ptr<cpp_dbc::MySQL::MySQLPreparedStatement, (__gnu_cxx::_Lock_policy)2>::__shared_ptr<std::allocator<cpp_dbc::MySQL::MySQLPreparedStatement>, MYSQL*&, std::__cxx11::basic_string<char, std::char_traits<char>, std::allocator<char> > const&>(std::_Sp_alloc_shared_tag<std::allocator<cpp_dbc::MySQL::MySQLPreparedStatement> >, MYSQL*&, std::__cxx11::basic_string<char, std::char_traits<char>, std::allocator<char> > const&) (shared_ptr_base.h:1342)
==268755==  Block was alloc'd at
==268755==    at 0x4848899: malloc (in /usr/libexec/valgrind/vgpreload_memcheck-amd64-linux.so)
==268755==    by 0x561679D: CRYPTO_zalloc (in /usr/lib/x86_64-linux-gnu/libcrypto.so.3)
==268755==    by 0x53F5F69: SSL_new (in /usr/lib/x86_64-linux-gnu/libssl.so.3)
==268755==    by 0x48F901B: ??? (in /usr/lib/x86_64-linux-gnu/libmysqlclient.so.21.2.42)
==268755==    by 0x489A12C: ??? (in /usr/lib/x86_64-linux-gnu/libmysqlclient.so.21.2.42)
==268755==    by 0x489AD71: ??? (in /usr/lib/x86_64-linux-gnu/libmysqlclient.so.21.2.42)
==268755==    by 0x48A3273: ??? (in /usr/lib/x86_64-linux-gnu/libmysqlclient.so.21.2.42)
==268755==    by 0x489EF82: mysql_real_connect (in /usr/lib/x86_64-linux-gnu/libmysqlclient.so.21.2.42)
==268755==    by 0x1EC2E1: cpp_dbc::MySQL::MySQLConnection::MySQLConnection(std::__cxx11::basic_string<char, std::char_traits<char>, std::allocator<char> > const&, int, std::__cxx11::basic_string<char, std::char_traits<char>, std::allocator<char> > const&, std::__cxx11::basic_string<char, std::char_traits<char>, std::allocator<char> > const&, std::__cxx11::basic_string<char, std::char_traits<char>, std::allocator<char> > const&) (driver_mysql.cpp:624)
==268755==    by 0x1F6A72: decltype (::new ((void*)(0)) cpp_dbc::MySQL::MySQLConnection((declval<std::__cxx11::basic_string<char, std::char_traits<char>, std::allocator<char> >&>)(), (declval<int&>)(), (declval<std::__cxx11::basic_string<char, std::char_traits<char>, std::allocator<char> >&>)(), (declval<std::__cxx11::basic_string<char, std::char_traits<char>, std::allocator<char> > const&>)(), (declval<std::__cxx11::basic_string<char, std::char_traits<char>, std::allocator<char> > const&>)())) std::construct_at<cpp_dbc::MySQL::MySQLConnection, std::__cxx11::basic_string<char, std::char_traits<char>, std::allocator<char> >&, int&, std::__cxx11::basic_string<char, std::char_traits<char>, std::allocator<char> >&, std::__cxx11::basic_string<char, std::char_traits<char>, std::allocator<char> > const&, std::__cxx11::basic_string<char, std::char_traits<char>, std::allocator<char> > const&>(cpp_dbc::MySQL::MySQLConnection*, std::__cxx11::basic_string<char, std::char_traits<char>, std::allocator<char> >&, int&, std::__cxx11::basic_string<char, std::char_traits<char>, std::allocator<char> >&, std::__cxx11::basic_string<char, std::char_traits<char>, std::allocator<char> > const&, std::__cxx11::basic_string<char, std::char_traits<char>, std::allocator<char> > const&) (stl_construct.h:97)
==268755==    by 0x1F6B2E: void std::allocator_traits<std::allocator<cpp_dbc::MySQL::MySQLConnection> >::construct<cpp_dbc::MySQL::MySQLConnection, std::__cxx11::basic_string<char, std::char_traits<char>, std::allocator<char> >&, int&, std::__cxx11::basic_string<char, std::char_traits<char>, std::allocator<char> >&, std::__cxx11::basic_string<char, std::char_traits<char>, std::allocator<char> > const&, std::__cxx11::basic_string<char, std::char_traits<char>, std::allocator<char> > const&>(std::allocator<cpp_dbc::MySQL::MySQLConnection>&, cpp_dbc::MySQL::MySQLConnection*, std::__cxx11::basic_string<char, std::char_traits<char>, std::allocator<char> >&, int&, std::__cxx11::basic_string<char, std::char_traits<char>, std::allocator<char> >&, std::__cxx11::basic_string<char, std::char_traits<char>, std::allocator<char> > const&, std::__cxx11::basic_string<char, std::char_traits<char>, std::allocator<char> > const&) (alloc_traits.h:518)
==268755==    by 0x1F602C: std::_Sp_counted_ptr_inplace<cpp_dbc::MySQL::MySQLConnection, std::allocator<cpp_dbc::MySQL::MySQLConnection>, (__gnu_cxx::_Lock_policy)2>::_Sp_counted_ptr_inplace<std::__cxx11::basic_string<char, std::char_traits<char>, std::allocator<char> >&, int&, std::__cxx11::basic_string<char, std::char_traits<char>, std::allocator<char> >&, std::__cxx11::basic_string<char, std::char_traits<char>, std::allocator<char> > const&, std::__cxx11::basic_string<char, std::char_traits<char>, std::allocator<char> > const&>(std::allocator<cpp_dbc::MySQL::MySQLConnection>, std::__cxx11::basic_string<char, std::char_traits<char>, std::allocator<char> >&, int&, std::__cxx11::basic_string<char, std::char_traits<char>, std::allocator<char> >&, std::__cxx11::basic_string<char, std::char_traits<char>, std::allocator<char> > const&, std::__cxx11::basic_string<char, std::char_traits<char>, std::allocator<char> > const&) (shared_ptr_base.h:519)
==268755== 
==268755== Invalid read of size 8
==268755==    at 0x5407E67: ??? (in /usr/lib/x86_64-linux-gnu/libssl.so.3)
==268755==    by 0x540A71A: ??? (in /usr/lib/x86_64-linux-gnu/libssl.so.3)
==268755==    by 0x540AAE4: ??? (in /usr/lib/x86_64-linux-gnu/libssl.so.3)
==268755==    by 0x53EE266: SSL_write (in /usr/lib/x86_64-linux-gnu/libssl.so.3)
==268755==    by 0x48E228F: ??? (in /usr/lib/x86_64-linux-gnu/libmysqlclient.so.21.2.42)
==268755==    by 0x48ABA31: ??? (in /usr/lib/x86_64-linux-gnu/libmysqlclient.so.21.2.42)
==268755==    by 0x48ABFEE: ??? (in /usr/lib/x86_64-linux-gnu/libmysqlclient.so.21.2.42)
==268755==    by 0x489646D: ??? (in /usr/lib/x86_64-linux-gnu/libmysqlclient.so.21.2.42)
==268755==    by 0x4892F0B: mysql_stmt_close (in /usr/lib/x86_64-linux-gnu/libmysqlclient.so.21.2.42)
==268755==    by 0x1EA0C0: cpp_dbc::MySQL::MySQLPreparedStatement::close() (driver_mysql.cpp:298)
==268755==    by 0x1E9FCD: cpp_dbc::MySQL::MySQLPreparedStatement::~MySQLPreparedStatement() (driver_mysql.cpp:291)
==268755==    by 0x1F77E3: void std::destroy_at<cpp_dbc::MySQL::MySQLPreparedStatement>(cpp_dbc::MySQL::MySQLPreparedStatement*) (stl_construct.h:88)
==268755==  Address 0x6b109e8 is 24 bytes inside a block of size 7,608 free'd
==268755==    at 0x484B27F: free (in /usr/libexec/valgrind/vgpreload_memcheck-amd64-linux.so)
==268755==    by 0x48E2CB5: ??? (in /usr/lib/x86_64-linux-gnu/libmysqlclient.so.21.2.42)
==268755==    by 0x489B2F8: ??? (in /usr/lib/x86_64-linux-gnu/libmysqlclient.so.21.2.42)
==268755==    by 0x4894C0C: ??? (in /usr/lib/x86_64-linux-gnu/libmysqlclient.so.21.2.42)
==268755==    by 0x4895AD1: ??? (in /usr/lib/x86_64-linux-gnu/libmysqlclient.so.21.2.42)
==268755==    by 0x4892AF9: mysql_stmt_prepare (in /usr/lib/x86_64-linux-gnu/libmysqlclient.so.21.2.42)
==268755==    by 0x1E9C58: cpp_dbc::MySQL::MySQLPreparedStatement::MySQLPreparedStatement(MYSQL*, std::__cxx11::basic_string<char, std::char_traits<char>, std::allocator<char> > const&) (driver_mysql.cpp:263)
==268755==    by 0x1F66A8: decltype (::new ((void*)(0)) cpp_dbc::MySQL::MySQLPreparedStatement((declval<MYSQL*&>)(), (declval<std::__cxx11::basic_string<char, std::char_traits<char>, std::allocator<char> > const&>)())) std::construct_at<cpp_dbc::MySQL::MySQLPreparedStatement, MYSQL*&, std::__cxx11::basic_string<char, std::char_traits<char>, std::allocator<char> > const&>(cpp_dbc::MySQL::MySQLPreparedStatement*, MYSQL*&, std::__cxx11::basic_string<char, std::char_traits<char>, std::allocator<char> > const&) (stl_construct.h:97)
==268755==    by 0x1F6724: void std::allocator_traits<std::allocator<cpp_dbc::MySQL::MySQLPreparedStatement> >::construct<cpp_dbc::MySQL::MySQLPreparedStatement, MYSQL*&, std::__cxx11::basic_string<char, std::char_traits<char>, std::allocator<char> > const&>(std::allocator<cpp_dbc::MySQL::MySQLPreparedStatement>&, cpp_dbc::MySQL::MySQLPreparedStatement*, MYSQL*&, std::__cxx11::basic_string<char, std::char_traits<char>, std::allocator<char> > const&) (alloc_traits.h:518)
==268755==    by 0x1F5C74: std::_Sp_counted_ptr_inplace<cpp_dbc::MySQL::MySQLPreparedStatement, std::allocator<cpp_dbc::MySQL::MySQLPreparedStatement>, (__gnu_cxx::_Lock_policy)2>::_Sp_counted_ptr_inplace<MYSQL*&, std::__cxx11::basic_string<char, std::char_traits<char>, std::allocator<char> > const&>(std::allocator<cpp_dbc::MySQL::MySQLPreparedStatement>, MYSQL*&, std::__cxx11::basic_string<char, std::char_traits<char>, std::allocator<char> > const&) (shared_ptr_base.h:519)
==268755==    by 0x1F4CF2: std::__shared_count<(__gnu_cxx::_Lock_policy)2>::__shared_count<cpp_dbc::MySQL::MySQLPreparedStatement, std::allocator<cpp_dbc::MySQL::MySQLPreparedStatement>, MYSQL*&, std::__cxx11::basic_string<char, std::char_traits<char>, std::allocator<char> > const&>(cpp_dbc::MySQL::MySQLPreparedStatement*&, std::_Sp_alloc_shared_tag<std::allocator<cpp_dbc::MySQL::MySQLPreparedStatement> >, MYSQL*&, std::__cxx11::basic_string<char, std::char_traits<char>, std::allocator<char> > const&) (shared_ptr_base.h:650)
==268755==    by 0x1F3D43: std::__shared_ptr<cpp_dbc::MySQL::MySQLPreparedStatement, (__gnu_cxx::_Lock_policy)2>::__shared_ptr<std::allocator<cpp_dbc::MySQL::MySQLPreparedStatement>, MYSQL*&, std::__cxx11::basic_string<char, std::char_traits<char>, std::allocator<char> > const&>(std::_Sp_alloc_shared_tag<std::allocator<cpp_dbc::MySQL::MySQLPreparedStatement> >, MYSQL*&, std::__cxx11::basic_string<char, std::char_traits<char>, std::allocator<char> > const&) (shared_ptr_base.h:1342)
==268755==  Block was alloc'd at
==268755==    at 0x4848899: malloc (in /usr/libexec/valgrind/vgpreload_memcheck-amd64-linux.so)
==268755==    by 0x561679D: CRYPTO_zalloc (in /usr/lib/x86_64-linux-gnu/libcrypto.so.3)
==268755==    by 0x53F5F69: SSL_new (in /usr/lib/x86_64-linux-gnu/libssl.so.3)
==268755==    by 0x48F901B: ??? (in /usr/lib/x86_64-linux-gnu/libmysqlclient.so.21.2.42)
==268755==    by 0x489A12C: ??? (in /usr/lib/x86_64-linux-gnu/libmysqlclient.so.21.2.42)
==268755==    by 0x489AD71: ??? (in /usr/lib/x86_64-linux-gnu/libmysqlclient.so.21.2.42)
==268755==    by 0x48A3273: ??? (in /usr/lib/x86_64-linux-gnu/libmysqlclient.so.21.2.42)
==268755==    by 0x489EF82: mysql_real_connect (in /usr/lib/x86_64-linux-gnu/libmysqlclient.so.21.2.42)
==268755==    by 0x1EC2E1: cpp_dbc::MySQL::MySQLConnection::MySQLConnection(std::__cxx11::basic_string<char, std::char_traits<char>, std::allocator<char> > const&, int, std::__cxx11::basic_string<char, std::char_traits<char>, std::allocator<char> > const&, std::__cxx11::basic_string<char, std::char_traits<char>, std::allocator<char> > const&, std::__cxx11::basic_string<char, std::char_traits<char>, std::allocator<char> > const&) (driver_mysql.cpp:624)
==268755==    by 0x1F6A72: decltype (::new ((void*)(0)) cpp_dbc::MySQL::MySQLConnection((declval<std::__cxx11::basic_string<char, std::char_traits<char>, std::allocator<char> >&>)(), (declval<int&>)(), (declval<std::__cxx11::basic_string<char, std::char_traits<char>, std::allocator<char> >&>)(), (declval<std::__cxx11::basic_string<char, std::char_traits<char>, std::allocator<char> > const&>)(), (declval<std::__cxx11::basic_string<char, std::char_traits<char>, std::allocator<char> > const&>)())) std::construct_at<cpp_dbc::MySQL::MySQLConnection, std::__cxx11::basic_string<char, std::char_traits<char>, std::allocator<char> >&, int&, std::__cxx11::basic_string<char, std::char_traits<char>, std::allocator<char> >&, std::__cxx11::basic_string<char, std::char_traits<char>, std::allocator<char> > const&, std::__cxx11::basic_string<char, std::char_traits<char>, std::allocator<char> > const&>(cpp_dbc::MySQL::MySQLConnection*, std::__cxx11::basic_string<char, std::char_traits<char>, std::allocator<char> >&, int&, std::__cxx11::basic_string<char, std::char_traits<char>, std::allocator<char> >&, std::__cxx11::basic_string<char, std::char_traits<char>, std::allocator<char> > const&, std::__cxx11::basic_string<char, std::char_traits<char>, std::allocator<char> > const&) (stl_construct.h:97)
==268755==    by 0x1F6B2E: void std::allocator_traits<std::allocator<cpp_dbc::MySQL::MySQLConnection> >::construct<cpp_dbc::MySQL::MySQLConnection, std::__cxx11::basic_string<char, std::char_traits<char>, std::allocator<char> >&, int&, std::__cxx11::basic_string<char, std::char_traits<char>, std::allocator<char> >&, std::__cxx11::basic_string<char, std::char_traits<char>, std::allocator<char> > const&, std::__cxx11::basic_string<char, std::char_traits<char>, std::allocator<char> > const&>(std::allocator<cpp_dbc::MySQL::MySQLConnection>&, cpp_dbc::MySQL::MySQLConnection*, std::__cxx11::basic_string<char, std::char_traits<char>, std::allocator<char> >&, int&, std::__cxx11::basic_string<char, std::char_traits<char>, std::allocator<char> >&, std::__cxx11::basic_string<char, std::char_traits<char>, std::allocator<char> > const&, std::__cxx11::basic_string<char, std::char_traits<char>, std::allocator<char> > const&) (alloc_traits.h:518)
==268755==    by 0x1F602C: std::_Sp_counted_ptr_inplace<cpp_dbc::MySQL::MySQLConnection, std::allocator<cpp_dbc::MySQL::MySQLConnection>, (__gnu_cxx::_Lock_policy)2>::_Sp_counted_ptr_inplace<std::__cxx11::basic_string<char, std::char_traits<char>, std::allocator<char> >&, int&, std::__cxx11::basic_string<char, std::char_traits<char>, std::allocator<char> >&, std::__cxx11::basic_string<char, std::char_traits<char>, std::allocator<char> > const&, std::__cxx11::basic_string<char, std::char_traits<char>, std::allocator<char> > const&>(std::allocator<cpp_dbc::MySQL::MySQLConnection>, std::__cxx11::basic_string<char, std::char_traits<char>, std::allocator<char> >&, int&, std::__cxx11::basic_string<char, std::char_traits<char>, std::allocator<char> >&, std::__cxx11::basic_string<char, std::char_traits<char>, std::allocator<char> > const&, std::__cxx11::basic_string<char, std::char_traits<char>, std::allocator<char> > const&) (shared_ptr_base.h:519)
==268755== 
==268755== Invalid read of size 4
==268755==    at 0x5418541: ??? (in /usr/lib/x86_64-linux-gnu/libssl.so.3)
==268755==    by 0x5407F42: ??? (in /usr/lib/x86_64-linux-gnu/libssl.so.3)
==268755==    by 0x540A71A: ??? (in /usr/lib/x86_64-linux-gnu/libssl.so.3)
==268755==    by 0x540AAE4: ??? (in /usr/lib/x86_64-linux-gnu/libssl.so.3)
==268755==    by 0x53EE266: SSL_write (in /usr/lib/x86_64-linux-gnu/libssl.so.3)
==268755==    by 0x48E228F: ??? (in /usr/lib/x86_64-linux-gnu/libmysqlclient.so.21.2.42)
==268755==    by 0x48ABA31: ??? (in /usr/lib/x86_64-linux-gnu/libmysqlclient.so.21.2.42)
==268755==    by 0x48ABFEE: ??? (in /usr/lib/x86_64-linux-gnu/libmysqlclient.so.21.2.42)
==268755==    by 0x489646D: ??? (in /usr/lib/x86_64-linux-gnu/libmysqlclient.so.21.2.42)
==268755==    by 0x4892F0B: mysql_stmt_close (in /usr/lib/x86_64-linux-gnu/libmysqlclient.so.21.2.42)
==268755==    by 0x1EA0C0: cpp_dbc::MySQL::MySQLPreparedStatement::close() (driver_mysql.cpp:298)
==268755==    by 0x1E9FCD: cpp_dbc::MySQL::MySQLPreparedStatement::~MySQLPreparedStatement() (driver_mysql.cpp:291)
==268755==  Address 0x6b10a34 is 100 bytes inside a block of size 7,608 free'd
==268755==    at 0x484B27F: free (in /usr/libexec/valgrind/vgpreload_memcheck-amd64-linux.so)
==268755==    by 0x48E2CB5: ??? (in /usr/lib/x86_64-linux-gnu/libmysqlclient.so.21.2.42)
==268755==    by 0x489B2F8: ??? (in /usr/lib/x86_64-linux-gnu/libmysqlclient.so.21.2.42)
==268755==    by 0x4894C0C: ??? (in /usr/lib/x86_64-linux-gnu/libmysqlclient.so.21.2.42)
==268755==    by 0x4895AD1: ??? (in /usr/lib/x86_64-linux-gnu/libmysqlclient.so.21.2.42)
==268755==    by 0x4892AF9: mysql_stmt_prepare (in /usr/lib/x86_64-linux-gnu/libmysqlclient.so.21.2.42)
==268755==    by 0x1E9C58: cpp_dbc::MySQL::MySQLPreparedStatement::MySQLPreparedStatement(MYSQL*, std::__cxx11::basic_string<char, std::char_traits<char>, std::allocator<char> > const&) (driver_mysql.cpp:263)
==268755==    by 0x1F66A8: decltype (::new ((void*)(0)) cpp_dbc::MySQL::MySQLPreparedStatement((declval<MYSQL*&>)(), (declval<std::__cxx11::basic_string<char, std::char_traits<char>, std::allocator<char> > const&>)())) std::construct_at<cpp_dbc::MySQL::MySQLPreparedStatement, MYSQL*&, std::__cxx11::basic_string<char, std::char_traits<char>, std::allocator<char> > const&>(cpp_dbc::MySQL::MySQLPreparedStatement*, MYSQL*&, std::__cxx11::basic_string<char, std::char_traits<char>, std::allocator<char> > const&) (stl_construct.h:97)
==268755==    by 0x1F6724: void std::allocator_traits<std::allocator<cpp_dbc::MySQL::MySQLPreparedStatement> >::construct<cpp_dbc::MySQL::MySQLPreparedStatement, MYSQL*&, std::__cxx11::basic_string<char, std::char_traits<char>, std::allocator<char> > const&>(std::allocator<cpp_dbc::MySQL::MySQLPreparedStatement>&, cpp_dbc::MySQL::MySQLPreparedStatement*, MYSQL*&, std::__cxx11::basic_string<char, std::char_traits<char>, std::allocator<char> > const&) (alloc_traits.h:518)
==268755==    by 0x1F5C74: std::_Sp_counted_ptr_inplace<cpp_dbc::MySQL::MySQLPreparedStatement, std::allocator<cpp_dbc::MySQL::MySQLPreparedStatement>, (__gnu_cxx::_Lock_policy)2>::_Sp_counted_ptr_inplace<MYSQL*&, std::__cxx11::basic_string<char, std::char_traits<char>, std::allocator<char> > const&>(std::allocator<cpp_dbc::MySQL::MySQLPreparedStatement>, MYSQL*&, std::__cxx11::basic_string<char, std::char_traits<char>, std::allocator<char> > const&) (shared_ptr_base.h:519)
==268755==    by 0x1F4CF2: std::__shared_count<(__gnu_cxx::_Lock_policy)2>::__shared_count<cpp_dbc::MySQL::MySQLPreparedStatement, std::allocator<cpp_dbc::MySQL::MySQLPreparedStatement>, MYSQL*&, std::__cxx11::basic_string<char, std::char_traits<char>, std::allocator<char> > const&>(cpp_dbc::MySQL::MySQLPreparedStatement*&, std::_Sp_alloc_shared_tag<std::allocator<cpp_dbc::MySQL::MySQLPreparedStatement> >, MYSQL*&, std::__cxx11::basic_string<char, std::char_traits<char>, std::allocator<char> > const&) (shared_ptr_base.h:650)
==268755==    by 0x1F3D43: std::__shared_ptr<cpp_dbc::MySQL::MySQLPreparedStatement, (__gnu_cxx::_Lock_policy)2>::__shared_ptr<std::allocator<cpp_dbc::MySQL::MySQLPreparedStatement>, MYSQL*&, std::__cxx11::basic_string<char, std::char_traits<char>, std::allocator<char> > const&>(std::_Sp_alloc_shared_tag<std::allocator<cpp_dbc::MySQL::MySQLPreparedStatement> >, MYSQL*&, std::__cxx11::basic_string<char, std::char_traits<char>, std::allocator<char> > const&) (shared_ptr_base.h:1342)
==268755==  Block was alloc'd at
==268755==    at 0x4848899: malloc (in /usr/libexec/valgrind/vgpreload_memcheck-amd64-linux.so)
==268755==    by 0x561679D: CRYPTO_zalloc (in /usr/lib/x86_64-linux-gnu/libcrypto.so.3)
==268755==    by 0x53F5F69: SSL_new (in /usr/lib/x86_64-linux-gnu/libssl.so.3)
==268755==    by 0x48F901B: ??? (in /usr/lib/x86_64-linux-gnu/libmysqlclient.so.21.2.42)
==268755==    by 0x489A12C: ??? (in /usr/lib/x86_64-linux-gnu/libmysqlclient.so.21.2.42)
==268755==    by 0x489AD71: ??? (in /usr/lib/x86_64-linux-gnu/libmysqlclient.so.21.2.42)
==268755==    by 0x48A3273: ??? (in /usr/lib/x86_64-linux-gnu/libmysqlclient.so.21.2.42)
==268755==    by 0x489EF82: mysql_real_connect (in /usr/lib/x86_64-linux-gnu/libmysqlclient.so.21.2.42)
==268755==    by 0x1EC2E1: cpp_dbc::MySQL::MySQLConnection::MySQLConnection(std::__cxx11::basic_string<char, std::char_traits<char>, std::allocator<char> > const&, int, std::__cxx11::basic_string<char, std::char_traits<char>, std::allocator<char> > const&, std::__cxx11::basic_string<char, std::char_traits<char>, std::allocator<char> > const&, std::__cxx11::basic_string<char, std::char_traits<char>, std::allocator<char> > const&) (driver_mysql.cpp:624)
==268755==    by 0x1F6A72: decltype (::new ((void*)(0)) cpp_dbc::MySQL::MySQLConnection((declval<std::__cxx11::basic_string<char, std::char_traits<char>, std::allocator<char> >&>)(), (declval<int&>)(), (declval<std::__cxx11::basic_string<char, std::char_traits<char>, std::allocator<char> >&>)(), (declval<std::__cxx11::basic_string<char, std::char_traits<char>, std::allocator<char> > const&>)(), (declval<std::__cxx11::basic_string<char, std::char_traits<char>, std::allocator<char> > const&>)())) std::construct_at<cpp_dbc::MySQL::MySQLConnection, std::__cxx11::basic_string<char, std::char_traits<char>, std::allocator<char> >&, int&, std::__cxx11::basic_string<char, std::char_traits<char>, std::allocator<char> >&, std::__cxx11::basic_string<char, std::char_traits<char>, std::allocator<char> > const&, std::__cxx11::basic_string<char, std::char_traits<char>, std::allocator<char> > const&>(cpp_dbc::MySQL::MySQLConnection*, std::__cxx11::basic_string<char, std::char_traits<char>, std::allocator<char> >&, int&, std::__cxx11::basic_string<char, std::char_traits<char>, std::allocator<char> >&, std::__cxx11::basic_string<char, std::char_traits<char>, std::allocator<char> > const&, std::__cxx11::basic_string<char, std::char_traits<char>, std::allocator<char> > const&) (stl_construct.h:97)
==268755==    by 0x1F6B2E: void std::allocator_traits<std::allocator<cpp_dbc::MySQL::MySQLConnection> >::construct<cpp_dbc::MySQL::MySQLConnection, std::__cxx11::basic_string<char, std::char_traits<char>, std::allocator<char> >&, int&, std::__cxx11::basic_string<char, std::char_traits<char>, std::allocator<char> >&, std::__cxx11::basic_string<char, std::char_traits<char>, std::allocator<char> > const&, std::__cxx11::basic_string<char, std::char_traits<char>, std::allocator<char> > const&>(std::allocator<cpp_dbc::MySQL::MySQLConnection>&, cpp_dbc::MySQL::MySQLConnection*, std::__cxx11::basic_string<char, std::char_traits<char>, std::allocator<char> >&, int&, std::__cxx11::basic_string<char, std::char_traits<char>, std::allocator<char> >&, std::__cxx11::basic_string<char, std::char_traits<char>, std::allocator<char> > const&, std::__cxx11::basic_string<char, std::char_traits<char>, std::allocator<char> > const&) (alloc_traits.h:518)
==268755==    by 0x1F602C: std::_Sp_counted_ptr_inplace<cpp_dbc::MySQL::MySQLConnection, std::allocator<cpp_dbc::MySQL::MySQLConnection>, (__gnu_cxx::_Lock_policy)2>::_Sp_counted_ptr_inplace<std::__cxx11::basic_string<char, std::char_traits<char>, std::allocator<char> >&, int&, std::__cxx11::basic_string<char, std::char_traits<char>, std::allocator<char> >&, std::__cxx11::basic_string<char, std::char_traits<char>, std::allocator<char> > const&, std::__cxx11::basic_string<char, std::char_traits<char>, std::allocator<char> > const&>(std::allocator<cpp_dbc::MySQL::MySQLConnection>, std::__cxx11::basic_string<char, std::char_traits<char>, std::allocator<char> >&, int&, std::__cxx11::basic_string<char, std::char_traits<char>, std::allocator<char> >&, std::__cxx11::basic_string<char, std::char_traits<char>, std::allocator<char> > const&, std::__cxx11::basic_string<char, std::char_traits<char>, std::allocator<char> > const&) (shared_ptr_base.h:519)
==268755== 
==268755== Invalid read of size 4
==268755==    at 0x5418548: ??? (in /usr/lib/x86_64-linux-gnu/libssl.so.3)
==268755==    by 0x5407F42: ??? (in /usr/lib/x86_64-linux-gnu/libssl.so.3)
==268755==    by 0x540A71A: ??? (in /usr/lib/x86_64-linux-gnu/libssl.so.3)
==268755==    by 0x540AAE4: ??? (in /usr/lib/x86_64-linux-gnu/libssl.so.3)
==268755==    by 0x53EE266: SSL_write (in /usr/lib/x86_64-linux-gnu/libssl.so.3)
==268755==    by 0x48E228F: ??? (in /usr/lib/x86_64-linux-gnu/libmysqlclient.so.21.2.42)
==268755==    by 0x48ABA31: ??? (in /usr/lib/x86_64-linux-gnu/libmysqlclient.so.21.2.42)
==268755==    by 0x48ABFEE: ??? (in /usr/lib/x86_64-linux-gnu/libmysqlclient.so.21.2.42)
==268755==    by 0x489646D: ??? (in /usr/lib/x86_64-linux-gnu/libmysqlclient.so.21.2.42)
==268755==    by 0x4892F0B: mysql_stmt_close (in /usr/lib/x86_64-linux-gnu/libmysqlclient.so.21.2.42)
==268755==    by 0x1EA0C0: cpp_dbc::MySQL::MySQLPreparedStatement::close() (driver_mysql.cpp:298)
==268755==    by 0x1E9FCD: cpp_dbc::MySQL::MySQLPreparedStatement::~MySQLPreparedStatement() (driver_mysql.cpp:291)
==268755==  Address 0x6b10a18 is 72 bytes inside a block of size 7,608 free'd
==268755==    at 0x484B27F: free (in /usr/libexec/valgrind/vgpreload_memcheck-amd64-linux.so)
==268755==    by 0x48E2CB5: ??? (in /usr/lib/x86_64-linux-gnu/libmysqlclient.so.21.2.42)
==268755==    by 0x489B2F8: ??? (in /usr/lib/x86_64-linux-gnu/libmysqlclient.so.21.2.42)
==268755==    by 0x4894C0C: ??? (in /usr/lib/x86_64-linux-gnu/libmysqlclient.so.21.2.42)
==268755==    by 0x4895AD1: ??? (in /usr/lib/x86_64-linux-gnu/libmysqlclient.so.21.2.42)
==268755==    by 0x4892AF9: mysql_stmt_prepare (in /usr/lib/x86_64-linux-gnu/libmysqlclient.so.21.2.42)
==268755==    by 0x1E9C58: cpp_dbc::MySQL::MySQLPreparedStatement::MySQLPreparedStatement(MYSQL*, std::__cxx11::basic_string<char, std::char_traits<char>, std::allocator<char> > const&) (driver_mysql.cpp:263)
==268755==    by 0x1F66A8: decltype (::new ((void*)(0)) cpp_dbc::MySQL::MySQLPreparedStatement((declval<MYSQL*&>)(), (declval<std::__cxx11::basic_string<char, std::char_traits<char>, std::allocator<char> > const&>)())) std::construct_at<cpp_dbc::MySQL::MySQLPreparedStatement, MYSQL*&, std::__cxx11::basic_string<char, std::char_traits<char>, std::allocator<char> > const&>(cpp_dbc::MySQL::MySQLPreparedStatement*, MYSQL*&, std::__cxx11::basic_string<char, std::char_traits<char>, std::allocator<char> > const&) (stl_construct.h:97)
==268755==    by 0x1F6724: void std::allocator_traits<std::allocator<cpp_dbc::MySQL::MySQLPreparedStatement> >::construct<cpp_dbc::MySQL::MySQLPreparedStatement, MYSQL*&, std::__cxx11::basic_string<char, std::char_traits<char>, std::allocator<char> > const&>(std::allocator<cpp_dbc::MySQL::MySQLPreparedStatement>&, cpp_dbc::MySQL::MySQLPreparedStatement*, MYSQL*&, std::__cxx11::basic_string<char, std::char_traits<char>, std::allocator<char> > const&) (alloc_traits.h:518)
==268755==    by 0x1F5C74: std::_Sp_counted_ptr_inplace<cpp_dbc::MySQL::MySQLPreparedStatement, std::allocator<cpp_dbc::MySQL::MySQLPreparedStatement>, (__gnu_cxx::_Lock_policy)2>::_Sp_counted_ptr_inplace<MYSQL*&, std::__cxx11::basic_string<char, std::char_traits<char>, std::allocator<char> > const&>(std::allocator<cpp_dbc::MySQL::MySQLPreparedStatement>, MYSQL*&, std::__cxx11::basic_string<char, std::char_traits<char>, std::allocator<char> > const&) (shared_ptr_base.h:519)
==268755==    by 0x1F4CF2: std::__shared_count<(__gnu_cxx::_Lock_policy)2>::__shared_count<cpp_dbc::MySQL::MySQLPreparedStatement, std::allocator<cpp_dbc::MySQL::MySQLPreparedStatement>, MYSQL*&, std::__cxx11::basic_string<char, std::char_traits<char>, std::allocator<char> > const&>(cpp_dbc::MySQL::MySQLPreparedStatement*&, std::_Sp_alloc_shared_tag<std::allocator<cpp_dbc::MySQL::MySQLPreparedStatement> >, MYSQL*&, std::__cxx11::basic_string<char, std::char_traits<char>, std::allocator<char> > const&) (shared_ptr_base.h:650)
==268755==    by 0x1F3D43: std::__shared_ptr<cpp_dbc::MySQL::MySQLPreparedStatement, (__gnu_cxx::_Lock_policy)2>::__shared_ptr<std::allocator<cpp_dbc::MySQL::MySQLPreparedStatement>, MYSQL*&, std::__cxx11::basic_string<char, std::char_traits<char>, std::allocator<char> > const&>(std::_Sp_alloc_shared_tag<std::allocator<cpp_dbc::MySQL::MySQLPreparedStatement> >, MYSQL*&, std::__cxx11::basic_string<char, std::char_traits<char>, std::allocator<char> > const&) (shared_ptr_base.h:1342)
==268755==  Block was alloc'd at
==268755==    at 0x4848899: malloc (in /usr/libexec/valgrind/vgpreload_memcheck-amd64-linux.so)
==268755==    by 0x561679D: CRYPTO_zalloc (in /usr/lib/x86_64-linux-gnu/libcrypto.so.3)
==268755==    by 0x53F5F69: SSL_new (in /usr/lib/x86_64-linux-gnu/libssl.so.3)
==268755==    by 0x48F901B: ??? (in /usr/lib/x86_64-linux-gnu/libmysqlclient.so.21.2.42)
==268755==    by 0x489A12C: ??? (in /usr/lib/x86_64-linux-gnu/libmysqlclient.so.21.2.42)
==268755==    by 0x489AD71: ??? (in /usr/lib/x86_64-linux-gnu/libmysqlclient.so.21.2.42)
==268755==    by 0x48A3273: ??? (in /usr/lib/x86_64-linux-gnu/libmysqlclient.so.21.2.42)
==268755==    by 0x489EF82: mysql_real_connect (in /usr/lib/x86_64-linux-gnu/libmysqlclient.so.21.2.42)
==268755==    by 0x1EC2E1: cpp_dbc::MySQL::MySQLConnection::MySQLConnection(std::__cxx11::basic_string<char, std::char_traits<char>, std::allocator<char> > const&, int, std::__cxx11::basic_string<char, std::char_traits<char>, std::allocator<char> > const&, std::__cxx11::basic_string<char, std::char_traits<char>, std::allocator<char> > const&, std::__cxx11::basic_string<char, std::char_traits<char>, std::allocator<char> > const&) (driver_mysql.cpp:624)
==268755==    by 0x1F6A72: decltype (::new ((void*)(0)) cpp_dbc::MySQL::MySQLConnection((declval<std::__cxx11::basic_string<char, std::char_traits<char>, std::allocator<char> >&>)(), (declval<int&>)(), (declval<std::__cxx11::basic_string<char, std::char_traits<char>, std::allocator<char> >&>)(), (declval<std::__cxx11::basic_string<char, std::char_traits<char>, std::allocator<char> > const&>)(), (declval<std::__cxx11::basic_string<char, std::char_traits<char>, std::allocator<char> > const&>)())) std::construct_at<cpp_dbc::MySQL::MySQLConnection, std::__cxx11::basic_string<char, std::char_traits<char>, std::allocator<char> >&, int&, std::__cxx11::basic_string<char, std::char_traits<char>, std::allocator<char> >&, std::__cxx11::basic_string<char, std::char_traits<char>, std::allocator<char> > const&, std::__cxx11::basic_string<char, std::char_traits<char>, std::allocator<char> > const&>(cpp_dbc::MySQL::MySQLConnection*, std::__cxx11::basic_string<char, std::char_traits<char>, std::allocator<char> >&, int&, std::__cxx11::basic_string<char, std::char_traits<char>, std::allocator<char> >&, std::__cxx11::basic_string<char, std::char_traits<char>, std::allocator<char> > const&, std::__cxx11::basic_string<char, std::char_traits<char>, std::allocator<char> > const&) (stl_construct.h:97)
==268755==    by 0x1F6B2E: void std::allocator_traits<std::allocator<cpp_dbc::MySQL::MySQLConnection> >::construct<cpp_dbc::MySQL::MySQLConnection, std::__cxx11::basic_string<char, std::char_traits<char>, std::allocator<char> >&, int&, std::__cxx11::basic_string<char, std::char_traits<char>, std::allocator<char> >&, std::__cxx11::basic_string<char, std::char_traits<char>, std::allocator<char> > const&, std::__cxx11::basic_string<char, std::char_traits<char>, std::allocator<char> > const&>(std::allocator<cpp_dbc::MySQL::MySQLConnection>&, cpp_dbc::MySQL::MySQLConnection*, std::__cxx11::basic_string<char, std::char_traits<char>, std::allocator<char> >&, int&, std::__cxx11::basic_string<char, std::char_traits<char>, std::allocator<char> >&, std::__cxx11::basic_string<char, std::char_traits<char>, std::allocator<char> > const&, std::__cxx11::basic_string<char, std::char_traits<char>, std::allocator<char> > const&) (alloc_traits.h:518)
==268755==    by 0x1F602C: std::_Sp_counted_ptr_inplace<cpp_dbc::MySQL::MySQLConnection, std::allocator<cpp_dbc::MySQL::MySQLConnection>, (__gnu_cxx::_Lock_policy)2>::_Sp_counted_ptr_inplace<std::__cxx11::basic_string<char, std::char_traits<char>, std::allocator<char> >&, int&, std::__cxx11::basic_string<char, std::char_traits<char>, std::allocator<char> >&, std::__cxx11::basic_string<char, std::char_traits<char>, std::allocator<char> > const&, std::__cxx11::basic_string<char, std::char_traits<char>, std::allocator<char> > const&>(std::allocator<cpp_dbc::MySQL::MySQLConnection>, std::__cxx11::basic_string<char, std::char_traits<char>, std::allocator<char> >&, int&, std::__cxx11::basic_string<char, std::char_traits<char>, std::allocator<char> >&, std::__cxx11::basic_string<char, std::char_traits<char>, std::allocator<char> > const&, std::__cxx11::basic_string<char, std::char_traits<char>, std::allocator<char> > const&) (shared_ptr_base.h:519)
==268755== 
==268755== Invalid read of size 8
==268755==    at 0x5407F48: ??? (in /usr/lib/x86_64-linux-gnu/libssl.so.3)
==268755==    by 0x540A71A: ??? (in /usr/lib/x86_64-linux-gnu/libssl.so.3)
==268755==    by 0x540AAE4: ??? (in /usr/lib/x86_64-linux-gnu/libssl.so.3)
==268755==    by 0x53EE266: SSL_write (in /usr/lib/x86_64-linux-gnu/libssl.so.3)
==268755==    by 0x48E228F: ??? (in /usr/lib/x86_64-linux-gnu/libmysqlclient.so.21.2.42)
==268755==    by 0x48ABA31: ??? (in /usr/lib/x86_64-linux-gnu/libmysqlclient.so.21.2.42)
==268755==    by 0x48ABFEE: ??? (in /usr/lib/x86_64-linux-gnu/libmysqlclient.so.21.2.42)
==268755==    by 0x489646D: ??? (in /usr/lib/x86_64-linux-gnu/libmysqlclient.so.21.2.42)
==268755==    by 0x4892F0B: mysql_stmt_close (in /usr/lib/x86_64-linux-gnu/libmysqlclient.so.21.2.42)
==268755==    by 0x1EA0C0: cpp_dbc::MySQL::MySQLPreparedStatement::close() (driver_mysql.cpp:298)
==268755==    by 0x1E9FCD: cpp_dbc::MySQL::MySQLPreparedStatement::~MySQLPreparedStatement() (driver_mysql.cpp:291)
==268755==    by 0x1F77E3: void std::destroy_at<cpp_dbc::MySQL::MySQLPreparedStatement>(cpp_dbc::MySQL::MySQLPreparedStatement*) (stl_construct.h:88)
==268755==  Address 0x6b109d8 is 8 bytes inside a block of size 7,608 free'd
==268755==    at 0x484B27F: free (in /usr/libexec/valgrind/vgpreload_memcheck-amd64-linux.so)
==268755==    by 0x48E2CB5: ??? (in /usr/lib/x86_64-linux-gnu/libmysqlclient.so.21.2.42)
==268755==    by 0x489B2F8: ??? (in /usr/lib/x86_64-linux-gnu/libmysqlclient.so.21.2.42)
==268755==    by 0x4894C0C: ??? (in /usr/lib/x86_64-linux-gnu/libmysqlclient.so.21.2.42)
==268755==    by 0x4895AD1: ??? (in /usr/lib/x86_64-linux-gnu/libmysqlclient.so.21.2.42)
==268755==    by 0x4892AF9: mysql_stmt_prepare (in /usr/lib/x86_64-linux-gnu/libmysqlclient.so.21.2.42)
==268755==    by 0x1E9C58: cpp_dbc::MySQL::MySQLPreparedStatement::MySQLPreparedStatement(MYSQL*, std::__cxx11::basic_string<char, std::char_traits<char>, std::allocator<char> > const&) (driver_mysql.cpp:263)
==268755==    by 0x1F66A8: decltype (::new ((void*)(0)) cpp_dbc::MySQL::MySQLPreparedStatement((declval<MYSQL*&>)(), (declval<std::__cxx11::basic_string<char, std::char_traits<char>, std::allocator<char> > const&>)())) std::construct_at<cpp_dbc::MySQL::MySQLPreparedStatement, MYSQL*&, std::__cxx11::basic_string<char, std::char_traits<char>, std::allocator<char> > const&>(cpp_dbc::MySQL::MySQLPreparedStatement*, MYSQL*&, std::__cxx11::basic_string<char, std::char_traits<char>, std::allocator<char> > const&) (stl_construct.h:97)
==268755==    by 0x1F6724: void std::allocator_traits<std::allocator<cpp_dbc::MySQL::MySQLPreparedStatement> >::construct<cpp_dbc::MySQL::MySQLPreparedStatement, MYSQL*&, std::__cxx11::basic_string<char, std::char_traits<char>, std::allocator<char> > const&>(std::allocator<cpp_dbc::MySQL::MySQLPreparedStatement>&, cpp_dbc::MySQL::MySQLPreparedStatement*, MYSQL*&, std::__cxx11::basic_string<char, std::char_traits<char>, std::allocator<char> > const&) (alloc_traits.h:518)
==268755==    by 0x1F5C74: std::_Sp_counted_ptr_inplace<cpp_dbc::MySQL::MySQLPreparedStatement, std::allocator<cpp_dbc::MySQL::MySQLPreparedStatement>, (__gnu_cxx::_Lock_policy)2>::_Sp_counted_ptr_inplace<MYSQL*&, std::__cxx11::basic_string<char, std::char_traits<char>, std::allocator<char> > const&>(std::allocator<cpp_dbc::MySQL::MySQLPreparedStatement>, MYSQL*&, std::__cxx11::basic_string<char, std::char_traits<char>, std::allocator<char> > const&) (shared_ptr_base.h:519)
==268755==    by 0x1F4CF2: std::__shared_count<(__gnu_cxx::_Lock_policy)2>::__shared_count<cpp_dbc::MySQL::MySQLPreparedStatement, std::allocator<cpp_dbc::MySQL::MySQLPreparedStatement>, MYSQL*&, std::__cxx11::basic_string<char, std::char_traits<char>, std::allocator<char> > const&>(cpp_dbc::MySQL::MySQLPreparedStatement*&, std::_Sp_alloc_shared_tag<std::allocator<cpp_dbc::MySQL::MySQLPreparedStatement> >, MYSQL*&, std::__cxx11::basic_string<char, std::char_traits<char>, std::allocator<char> > const&) (shared_ptr_base.h:650)
==268755==    by 0x1F3D43: std::__shared_ptr<cpp_dbc::MySQL::MySQLPreparedStatement, (__gnu_cxx::_Lock_policy)2>::__shared_ptr<std::allocator<cpp_dbc::MySQL::MySQLPreparedStatement>, MYSQL*&, std::__cxx11::basic_string<char, std::char_traits<char>, std::allocator<char> > const&>(std::_Sp_alloc_shared_tag<std::allocator<cpp_dbc::MySQL::MySQLPreparedStatement> >, MYSQL*&, std::__cxx11::basic_string<char, std::char_traits<char>, std::allocator<char> > const&) (shared_ptr_base.h:1342)
==268755==  Block was alloc'd at
==268755==    at 0x4848899: malloc (in /usr/libexec/valgrind/vgpreload_memcheck-amd64-linux.so)
==268755==    by 0x561679D: CRYPTO_zalloc (in /usr/lib/x86_64-linux-gnu/libcrypto.so.3)
==268755==    by 0x53F5F69: SSL_new (in /usr/lib/x86_64-linux-gnu/libssl.so.3)
==268755==    by 0x48F901B: ??? (in /usr/lib/x86_64-linux-gnu/libmysqlclient.so.21.2.42)
==268755==    by 0x489A12C: ??? (in /usr/lib/x86_64-linux-gnu/libmysqlclient.so.21.2.42)
==268755==    by 0x489AD71: ??? (in /usr/lib/x86_64-linux-gnu/libmysqlclient.so.21.2.42)
==268755==    by 0x48A3273: ??? (in /usr/lib/x86_64-linux-gnu/libmysqlclient.so.21.2.42)
==268755==    by 0x489EF82: mysql_real_connect (in /usr/lib/x86_64-linux-gnu/libmysqlclient.so.21.2.42)
==268755==    by 0x1EC2E1: cpp_dbc::MySQL::MySQLConnection::MySQLConnection(std::__cxx11::basic_string<char, std::char_traits<char>, std::allocator<char> > const&, int, std::__cxx11::basic_string<char, std::char_traits<char>, std::allocator<char> > const&, std::__cxx11::basic_string<char, std::char_traits<char>, std::allocator<char> > const&, std::__cxx11::basic_string<char, std::char_traits<char>, std::allocator<char> > const&) (driver_mysql.cpp:624)
==268755==    by 0x1F6A72: decltype (::new ((void*)(0)) cpp_dbc::MySQL::MySQLConnection((declval<std::__cxx11::basic_string<char, std::char_traits<char>, std::allocator<char> >&>)(), (declval<int&>)(), (declval<std::__cxx11::basic_string<char, std::char_traits<char>, std::allocator<char> >&>)(), (declval<std::__cxx11::basic_string<char, std::char_traits<char>, std::allocator<char> > const&>)(), (declval<std::__cxx11::basic_string<char, std::char_traits<char>, std::allocator<char> > const&>)())) std::construct_at<cpp_dbc::MySQL::MySQLConnection, std::__cxx11::basic_string<char, std::char_traits<char>, std::allocator<char> >&, int&, std::__cxx11::basic_string<char, std::char_traits<char>, std::allocator<char> >&, std::__cxx11::basic_string<char, std::char_traits<char>, std::allocator<char> > const&, std::__cxx11::basic_string<char, std::char_traits<char>, std::allocator<char> > const&>(cpp_dbc::MySQL::MySQLConnection*, std::__cxx11::basic_string<char, std::char_traits<char>, std::allocator<char> >&, int&, std::__cxx11::basic_string<char, std::char_traits<char>, std::allocator<char> >&, std::__cxx11::basic_string<char, std::char_traits<char>, std::allocator<char> > const&, std::__cxx11::basic_string<char, std::char_traits<char>, std::allocator<char> > const&) (stl_construct.h:97)
==268755==    by 0x1F6B2E: void std::allocator_traits<std::allocator<cpp_dbc::MySQL::MySQLConnection> >::construct<cpp_dbc::MySQL::MySQLConnection, std::__cxx11::basic_string<char, std::char_traits<char>, std::allocator<char> >&, int&, std::__cxx11::basic_string<char, std::char_traits<char>, std::allocator<char> >&, std::__cxx11::basic_string<char, std::char_traits<char>, std::allocator<char> > const&, std::__cxx11::basic_string<char, std::char_traits<char>, std::allocator<char> > const&>(std::allocator<cpp_dbc::MySQL::MySQLConnection>&, cpp_dbc::MySQL::MySQLConnection*, std::__cxx11::basic_string<char, std::char_traits<char>, std::allocator<char> >&, int&, std::__cxx11::basic_string<char, std::char_traits<char>, std::allocator<char> >&, std::__cxx11::basic_string<char, std::char_traits<char>, std::allocator<char> > const&, std::__cxx11::basic_string<char, std::char_traits<char>, std::allocator<char> > const&) (alloc_traits.h:518)
==268755==    by 0x1F602C: std::_Sp_counted_ptr_inplace<cpp_dbc::MySQL::MySQLConnection, std::allocator<cpp_dbc::MySQL::MySQLConnection>, (__gnu_cxx::_Lock_policy)2>::_Sp_counted_ptr_inplace<std::__cxx11::basic_string<char, std::char_traits<char>, std::allocator<char> >&, int&, std::__cxx11::basic_string<char, std::char_traits<char>, std::allocator<char> >&, std::__cxx11::basic_string<char, std::char_traits<char>, std::allocator<char> > const&, std::__cxx11::basic_string<char, std::char_traits<char>, std::allocator<char> > const&>(std::allocator<cpp_dbc::MySQL::MySQLConnection>, std::__cxx11::basic_string<char, std::char_traits<char>, std::allocator<char> >&, int&, std::__cxx11::basic_string<char, std::char_traits<char>, std::allocator<char> >&, std::__cxx11::basic_string<char, std::char_traits<char>, std::allocator<char> > const&, std::__cxx11::basic_string<char, std::char_traits<char>, std::allocator<char> > const&) (shared_ptr_base.h:519)
==268755== 
==268755== Invalid write of size 8
==268755==    at 0x540ABF4: ??? (in /usr/lib/x86_64-linux-gnu/libssl.so.3)
==268755==    by 0x53EE266: SSL_write (in /usr/lib/x86_64-linux-gnu/libssl.so.3)
==268755==    by 0x48E228F: ??? (in /usr/lib/x86_64-linux-gnu/libmysqlclient.so.21.2.42)
==268755==    by 0x48ABA31: ??? (in /usr/lib/x86_64-linux-gnu/libmysqlclient.so.21.2.42)
==268755==    by 0x48ABFEE: ??? (in /usr/lib/x86_64-linux-gnu/libmysqlclient.so.21.2.42)
==268755==    by 0x489646D: ??? (in /usr/lib/x86_64-linux-gnu/libmysqlclient.so.21.2.42)
==268755==    by 0x4892F0B: mysql_stmt_close (in /usr/lib/x86_64-linux-gnu/libmysqlclient.so.21.2.42)
==268755==    by 0x1EA0C0: cpp_dbc::MySQL::MySQLPreparedStatement::close() (driver_mysql.cpp:298)
==268755==    by 0x1E9FCD: cpp_dbc::MySQL::MySQLPreparedStatement::~MySQLPreparedStatement() (driver_mysql.cpp:291)
==268755==    by 0x1F77E3: void std::destroy_at<cpp_dbc::MySQL::MySQLPreparedStatement>(cpp_dbc::MySQL::MySQLPreparedStatement*) (stl_construct.h:88)
==268755==    by 0x1F7731: void std::allocator_traits<std::allocator<cpp_dbc::MySQL::MySQLPreparedStatement> >::destroy<cpp_dbc::MySQL::MySQLPreparedStatement>(std::allocator<cpp_dbc::MySQL::MySQLPreparedStatement>&, cpp_dbc::MySQL::MySQLPreparedStatement*) (alloc_traits.h:537)
==268755==    by 0x1F740A: std::_Sp_counted_ptr_inplace<cpp_dbc::MySQL::MySQLPreparedStatement, std::allocator<cpp_dbc::MySQL::MySQLPreparedStatement>, (__gnu_cxx::_Lock_policy)2>::_M_dispose() (shared_ptr_base.h:528)
==268755==  Address 0x6b12688 is 7,352 bytes inside a block of size 7,608 free'd
==268755==    at 0x484B27F: free (in /usr/libexec/valgrind/vgpreload_memcheck-amd64-linux.so)
==268755==    by 0x48E2CB5: ??? (in /usr/lib/x86_64-linux-gnu/libmysqlclient.so.21.2.42)
==268755==    by 0x489B2F8: ??? (in /usr/lib/x86_64-linux-gnu/libmysqlclient.so.21.2.42)
==268755==    by 0x4894C0C: ??? (in /usr/lib/x86_64-linux-gnu/libmysqlclient.so.21.2.42)
==268755==    by 0x4895AD1: ??? (in /usr/lib/x86_64-linux-gnu/libmysqlclient.so.21.2.42)
==268755==    by 0x4892AF9: mysql_stmt_prepare (in /usr/lib/x86_64-linux-gnu/libmysqlclient.so.21.2.42)
==268755==    by 0x1E9C58: cpp_dbc::MySQL::MySQLPreparedStatement::MySQLPreparedStatement(MYSQL*, std::__cxx11::basic_string<char, std::char_traits<char>, std::allocator<char> > const&) (driver_mysql.cpp:263)
==268755==    by 0x1F66A8: decltype (::new ((void*)(0)) cpp_dbc::MySQL::MySQLPreparedStatement((declval<MYSQL*&>)(), (declval<std::__cxx11::basic_string<char, std::char_traits<char>, std::allocator<char> > const&>)())) std::construct_at<cpp_dbc::MySQL::MySQLPreparedStatement, MYSQL*&, std::__cxx11::basic_string<char, std::char_traits<char>, std::allocator<char> > const&>(cpp_dbc::MySQL::MySQLPreparedStatement*, MYSQL*&, std::__cxx11::basic_string<char, std::char_traits<char>, std::allocator<char> > const&) (stl_construct.h:97)
==268755==    by 0x1F6724: void std::allocator_traits<std::allocator<cpp_dbc::MySQL::MySQLPreparedStatement> >::construct<cpp_dbc::MySQL::MySQLPreparedStatement, MYSQL*&, std::__cxx11::basic_string<char, std::char_traits<char>, std::allocator<char> > const&>(std::allocator<cpp_dbc::MySQL::MySQLPreparedStatement>&, cpp_dbc::MySQL::MySQLPreparedStatement*, MYSQL*&, std::__cxx11::basic_string<char, std::char_traits<char>, std::allocator<char> > const&) (alloc_traits.h:518)
==268755==    by 0x1F5C74: std::_Sp_counted_ptr_inplace<cpp_dbc::MySQL::MySQLPreparedStatement, std::allocator<cpp_dbc::MySQL::MySQLPreparedStatement>, (__gnu_cxx::_Lock_policy)2>::_Sp_counted_ptr_inplace<MYSQL*&, std::__cxx11::basic_string<char, std::char_traits<char>, std::allocator<char> > const&>(std::allocator<cpp_dbc::MySQL::MySQLPreparedStatement>, MYSQL*&, std::__cxx11::basic_string<char, std::char_traits<char>, std::allocator<char> > const&) (shared_ptr_base.h:519)
==268755==    by 0x1F4CF2: std::__shared_count<(__gnu_cxx::_Lock_policy)2>::__shared_count<cpp_dbc::MySQL::MySQLPreparedStatement, std::allocator<cpp_dbc::MySQL::MySQLPreparedStatement>, MYSQL*&, std::__cxx11::basic_string<char, std::char_traits<char>, std::allocator<char> > const&>(cpp_dbc::MySQL::MySQLPreparedStatement*&, std::_Sp_alloc_shared_tag<std::allocator<cpp_dbc::MySQL::MySQLPreparedStatement> >, MYSQL*&, std::__cxx11::basic_string<char, std::char_traits<char>, std::allocator<char> > const&) (shared_ptr_base.h:650)
==268755==    by 0x1F3D43: std::__shared_ptr<cpp_dbc::MySQL::MySQLPreparedStatement, (__gnu_cxx::_Lock_policy)2>::__shared_ptr<std::allocator<cpp_dbc::MySQL::MySQLPreparedStatement>, MYSQL*&, std::__cxx11::basic_string<char, std::char_traits<char>, std::allocator<char> > const&>(std::_Sp_alloc_shared_tag<std::allocator<cpp_dbc::MySQL::MySQLPreparedStatement> >, MYSQL*&, std::__cxx11::basic_string<char, std::char_traits<char>, std::allocator<char> > const&) (shared_ptr_base.h:1342)
==268755==  Block was alloc'd at
==268755==    at 0x4848899: malloc (in /usr/libexec/valgrind/vgpreload_memcheck-amd64-linux.so)
==268755==    by 0x561679D: CRYPTO_zalloc (in /usr/lib/x86_64-linux-gnu/libcrypto.so.3)
==268755==    by 0x53F5F69: SSL_new (in /usr/lib/x86_64-linux-gnu/libssl.so.3)
==268755==    by 0x48F901B: ??? (in /usr/lib/x86_64-linux-gnu/libmysqlclient.so.21.2.42)
==268755==    by 0x489A12C: ??? (in /usr/lib/x86_64-linux-gnu/libmysqlclient.so.21.2.42)
==268755==    by 0x489AD71: ??? (in /usr/lib/x86_64-linux-gnu/libmysqlclient.so.21.2.42)
==268755==    by 0x48A3273: ??? (in /usr/lib/x86_64-linux-gnu/libmysqlclient.so.21.2.42)
==268755==    by 0x489EF82: mysql_real_connect (in /usr/lib/x86_64-linux-gnu/libmysqlclient.so.21.2.42)
==268755==    by 0x1EC2E1: cpp_dbc::MySQL::MySQLConnection::MySQLConnection(std::__cxx11::basic_string<char, std::char_traits<char>, std::allocator<char> > const&, int, std::__cxx11::basic_string<char, std::char_traits<char>, std::allocator<char> > const&, std::__cxx11::basic_string<char, std::char_traits<char>, std::allocator<char> > const&, std::__cxx11::basic_string<char, std::char_traits<char>, std::allocator<char> > const&) (driver_mysql.cpp:624)
==268755==    by 0x1F6A72: decltype (::new ((void*)(0)) cpp_dbc::MySQL::MySQLConnection((declval<std::__cxx11::basic_string<char, std::char_traits<char>, std::allocator<char> >&>)(), (declval<int&>)(), (declval<std::__cxx11::basic_string<char, std::char_traits<char>, std::allocator<char> >&>)(), (declval<std::__cxx11::basic_string<char, std::char_traits<char>, std::allocator<char> > const&>)(), (declval<std::__cxx11::basic_string<char, std::char_traits<char>, std::allocator<char> > const&>)())) std::construct_at<cpp_dbc::MySQL::MySQLConnection, std::__cxx11::basic_string<char, std::char_traits<char>, std::allocator<char> >&, int&, std::__cxx11::basic_string<char, std::char_traits<char>, std::allocator<char> >&, std::__cxx11::basic_string<char, std::char_traits<char>, std::allocator<char> > const&, std::__cxx11::basic_string<char, std::char_traits<char>, std::allocator<char> > const&>(cpp_dbc::MySQL::MySQLConnection*, std::__cxx11::basic_string<char, std::char_traits<char>, std::allocator<char> >&, int&, std::__cxx11::basic_string<char, std::char_traits<char>, std::allocator<char> >&, std::__cxx11::basic_string<char, std::char_traits<char>, std::allocator<char> > const&, std::__cxx11::basic_string<char, std::char_traits<char>, std::allocator<char> > const&) (stl_construct.h:97)
==268755==    by 0x1F6B2E: void std::allocator_traits<std::allocator<cpp_dbc::MySQL::MySQLConnection> >::construct<cpp_dbc::MySQL::MySQLConnection, std::__cxx11::basic_string<char, std::char_traits<char>, std::allocator<char> >&, int&, std::__cxx11::basic_string<char, std::char_traits<char>, std::allocator<char> >&, std::__cxx11::basic_string<char, std::char_traits<char>, std::allocator<char> > const&, std::__cxx11::basic_string<char, std::char_traits<char>, std::allocator<char> > const&>(std::allocator<cpp_dbc::MySQL::MySQLConnection>&, cpp_dbc::MySQL::MySQLConnection*, std::__cxx11::basic_string<char, std::char_traits<char>, std::allocator<char> >&, int&, std::__cxx11::basic_string<char, std::char_traits<char>, std::allocator<char> >&, std::__cxx11::basic_string<char, std::char_traits<char>, std::allocator<char> > const&, std::__cxx11::basic_string<char, std::char_traits<char>, std::allocator<char> > const&) (alloc_traits.h:518)
==268755==    by 0x1F602C: std::_Sp_counted_ptr_inplace<cpp_dbc::MySQL::MySQLConnection, std::allocator<cpp_dbc::MySQL::MySQLConnection>, (__gnu_cxx::_Lock_policy)2>::_Sp_counted_ptr_inplace<std::__cxx11::basic_string<char, std::char_traits<char>, std::allocator<char> >&, int&, std::__cxx11::basic_string<char, std::char_traits<char>, std::allocator<char> >&, std::__cxx11::basic_string<char, std::char_traits<char>, std::allocator<char> > const&, std::__cxx11::basic_string<char, std::char_traits<char>, std::allocator<char> > const&>(std::allocator<cpp_dbc::MySQL::MySQLConnection>, std::__cxx11::basic_string<char, std::char_traits<char>, std::allocator<char> >&, int&, std::__cxx11::basic_string<char, std::char_traits<char>, std::allocator<char> >&, std::__cxx11::basic_string<char, std::char_traits<char>, std::allocator<char> > const&, std::__cxx11::basic_string<char, std::char_traits<char>, std::allocator<char> > const&) (shared_ptr_base.h:519)
==268755== 
==268755== Invalid read of size 8
==268755==    at 0x48E2240: ??? (in /usr/lib/x86_64-linux-gnu/libmysqlclient.so.21.2.42)
==268755==    by 0x48ABA31: ??? (in /usr/lib/x86_64-linux-gnu/libmysqlclient.so.21.2.42)
==268755==    by 0x48ABFEE: ??? (in /usr/lib/x86_64-linux-gnu/libmysqlclient.so.21.2.42)
==268755==    by 0x489646D: ??? (in /usr/lib/x86_64-linux-gnu/libmysqlclient.so.21.2.42)
==268755==    by 0x4892F0B: mysql_stmt_close (in /usr/lib/x86_64-linux-gnu/libmysqlclient.so.21.2.42)
==268755==    by 0x1EA0C0: cpp_dbc::MySQL::MySQLPreparedStatement::close() (driver_mysql.cpp:298)
==268755==    by 0x1E9FCD: cpp_dbc::MySQL::MySQLPreparedStatement::~MySQLPreparedStatement() (driver_mysql.cpp:291)
==268755==    by 0x1F77E3: void std::destroy_at<cpp_dbc::MySQL::MySQLPreparedStatement>(cpp_dbc::MySQL::MySQLPreparedStatement*) (stl_construct.h:88)
==268755==    by 0x1F7731: void std::allocator_traits<std::allocator<cpp_dbc::MySQL::MySQLPreparedStatement> >::destroy<cpp_dbc::MySQL::MySQLPreparedStatement>(std::allocator<cpp_dbc::MySQL::MySQLPreparedStatement>&, cpp_dbc::MySQL::MySQLPreparedStatement*) (alloc_traits.h:537)
==268755==    by 0x1F740A: std::_Sp_counted_ptr_inplace<cpp_dbc::MySQL::MySQLPreparedStatement, std::allocator<cpp_dbc::MySQL::MySQLPreparedStatement>, (__gnu_cxx::_Lock_policy)2>::_M_dispose() (shared_ptr_base.h:528)
==268755==    by 0x136F30: std::_Sp_counted_base<(__gnu_cxx::_Lock_policy)2>::_M_release() (shared_ptr_base.h:168)
==268755==    by 0x135C52: std::__shared_count<(__gnu_cxx::_Lock_policy)2>::~__shared_count() (shared_ptr_base.h:705)
==268755==  Address 0x6ad6a70 is 896 bytes inside a block of size 1,112 free'd
==268755==    at 0x484B27F: free (in /usr/libexec/valgrind/vgpreload_memcheck-amd64-linux.so)
==268755==    by 0x489B2F8: ??? (in /usr/lib/x86_64-linux-gnu/libmysqlclient.so.21.2.42)
==268755==    by 0x4894C0C: ??? (in /usr/lib/x86_64-linux-gnu/libmysqlclient.so.21.2.42)
==268755==    by 0x4895AD1: ??? (in /usr/lib/x86_64-linux-gnu/libmysqlclient.so.21.2.42)
==268755==    by 0x4892AF9: mysql_stmt_prepare (in /usr/lib/x86_64-linux-gnu/libmysqlclient.so.21.2.42)
==268755==    by 0x1E9C58: cpp_dbc::MySQL::MySQLPreparedStatement::MySQLPreparedStatement(MYSQL*, std::__cxx11::basic_string<char, std::char_traits<char>, std::allocator<char> > const&) (driver_mysql.cpp:263)
==268755==    by 0x1F66A8: decltype (::new ((void*)(0)) cpp_dbc::MySQL::MySQLPreparedStatement((declval<MYSQL*&>)(), (declval<std::__cxx11::basic_string<char, std::char_traits<char>, std::allocator<char> > const&>)())) std::construct_at<cpp_dbc::MySQL::MySQLPreparedStatement, MYSQL*&, std::__cxx11::basic_string<char, std::char_traits<char>, std::allocator<char> > const&>(cpp_dbc::MySQL::MySQLPreparedStatement*, MYSQL*&, std::__cxx11::basic_string<char, std::char_traits<char>, std::allocator<char> > const&) (stl_construct.h:97)
==268755==    by 0x1F6724: void std::allocator_traits<std::allocator<cpp_dbc::MySQL::MySQLPreparedStatement> >::construct<cpp_dbc::MySQL::MySQLPreparedStatement, MYSQL*&, std::__cxx11::basic_string<char, std::char_traits<char>, std::allocator<char> > const&>(std::allocator<cpp_dbc::MySQL::MySQLPreparedStatement>&, cpp_dbc::MySQL::MySQLPreparedStatement*, MYSQL*&, std::__cxx11::basic_string<char, std::char_traits<char>, std::allocator<char> > const&) (alloc_traits.h:518)
==268755==    by 0x1F5C74: std::_Sp_counted_ptr_inplace<cpp_dbc::MySQL::MySQLPreparedStatement, std::allocator<cpp_dbc::MySQL::MySQLPreparedStatement>, (__gnu_cxx::_Lock_policy)2>::_Sp_counted_ptr_inplace<MYSQL*&, std::__cxx11::basic_string<char, std::char_traits<char>, std::allocator<char> > const&>(std::allocator<cpp_dbc::MySQL::MySQLPreparedStatement>, MYSQL*&, std::__cxx11::basic_string<char, std::char_traits<char>, std::allocator<char> > const&) (shared_ptr_base.h:519)
==268755==    by 0x1F4CF2: std::__shared_count<(__gnu_cxx::_Lock_policy)2>::__shared_count<cpp_dbc::MySQL::MySQLPreparedStatement, std::allocator<cpp_dbc::MySQL::MySQLPreparedStatement>, MYSQL*&, std::__cxx11::basic_string<char, std::char_traits<char>, std::allocator<char> > const&>(cpp_dbc::MySQL::MySQLPreparedStatement*&, std::_Sp_alloc_shared_tag<std::allocator<cpp_dbc::MySQL::MySQLPreparedStatement> >, MYSQL*&, std::__cxx11::basic_string<char, std::char_traits<char>, std::allocator<char> > const&) (shared_ptr_base.h:650)
==268755==    by 0x1F3D43: std::__shared_ptr<cpp_dbc::MySQL::MySQLPreparedStatement, (__gnu_cxx::_Lock_policy)2>::__shared_ptr<std::allocator<cpp_dbc::MySQL::MySQLPreparedStatement>, MYSQL*&, std::__cxx11::basic_string<char, std::char_traits<char>, std::allocator<char> > const&>(std::_Sp_alloc_shared_tag<std::allocator<cpp_dbc::MySQL::MySQLPreparedStatement> >, MYSQL*&, std::__cxx11::basic_string<char, std::char_traits<char>, std::allocator<char> > const&) (shared_ptr_base.h:1342)
==268755==    by 0x1F2BE8: std::shared_ptr<cpp_dbc::MySQL::MySQLPreparedStatement>::shared_ptr<std::allocator<cpp_dbc::MySQL::MySQLPreparedStatement>, MYSQL*&, std::__cxx11::basic_string<char, std::char_traits<char>, std::allocator<char> > const&>(std::_Sp_alloc_shared_tag<std::allocator<cpp_dbc::MySQL::MySQLPreparedStatement> >, MYSQL*&, std::__cxx11::basic_string<char, std::char_traits<char>, std::allocator<char> > const&) (shared_ptr.h:409)
==268755==  Block was alloc'd at
==268755==    at 0x4848899: malloc (in /usr/libexec/valgrind/vgpreload_memcheck-amd64-linux.so)
==268755==    by 0x48F04CF: ??? (in /usr/lib/x86_64-linux-gnu/libmysqlclient.so.21.2.42)
==268755==    by 0x48E4357: ??? (in /usr/lib/x86_64-linux-gnu/libmysqlclient.so.21.2.42)
==268755==    by 0x48A1DF1: ??? (in /usr/lib/x86_64-linux-gnu/libmysqlclient.so.21.2.42)
==268755==    by 0x48A3273: ??? (in /usr/lib/x86_64-linux-gnu/libmysqlclient.so.21.2.42)
==268755==    by 0x489EF82: mysql_real_connect (in /usr/lib/x86_64-linux-gnu/libmysqlclient.so.21.2.42)
==268755==    by 0x1EC2E1: cpp_dbc::MySQL::MySQLConnection::MySQLConnection(std::__cxx11::basic_string<char, std::char_traits<char>, std::allocator<char> > const&, int, std::__cxx11::basic_string<char, std::char_traits<char>, std::allocator<char> > const&, std::__cxx11::basic_string<char, std::char_traits<char>, std::allocator<char> > const&, std::__cxx11::basic_string<char, std::char_traits<char>, std::allocator<char> > const&) (driver_mysql.cpp:624)
==268755==    by 0x1F6A72: decltype (::new ((void*)(0)) cpp_dbc::MySQL::MySQLConnection((declval<std::__cxx11::basic_string<char, std::char_traits<char>, std::allocator<char> >&>)(), (declval<int&>)(), (declval<std::__cxx11::basic_string<char, std::char_traits<char>, std::allocator<char> >&>)(), (declval<std::__cxx11::basic_string<char, std::char_traits<char>, std::allocator<char> > const&>)(), (declval<std::__cxx11::basic_string<char, std::char_traits<char>, std::allocator<char> > const&>)())) std::construct_at<cpp_dbc::MySQL::MySQLConnection, std::__cxx11::basic_string<char, std::char_traits<char>, std::allocator<char> >&, int&, std::__cxx11::basic_string<char, std::char_traits<char>, std::allocator<char> >&, std::__cxx11::basic_string<char, std::char_traits<char>, std::allocator<char> > const&, std::__cxx11::basic_string<char, std::char_traits<char>, std::allocator<char> > const&>(cpp_dbc::MySQL::MySQLConnection*, std::__cxx11::basic_string<char, std::char_traits<char>, std::allocator<char> >&, int&, std::__cxx11::basic_string<char, std::char_traits<char>, std::allocator<char> >&, std::__cxx11::basic_string<char, std::char_traits<char>, std::allocator<char> > const&, std::__cxx11::basic_string<char, std::char_traits<char>, std::allocator<char> > const&) (stl_construct.h:97)
==268755==    by 0x1F6B2E: void std::allocator_traits<std::allocator<cpp_dbc::MySQL::MySQLConnection> >::construct<cpp_dbc::MySQL::MySQLConnection, std::__cxx11::basic_string<char, std::char_traits<char>, std::allocator<char> >&, int&, std::__cxx11::basic_string<char, std::char_traits<char>, std::allocator<char> >&, std::__cxx11::basic_string<char, std::char_traits<char>, std::allocator<char> > const&, std::__cxx11::basic_string<char, std::char_traits<char>, std::allocator<char> > const&>(std::allocator<cpp_dbc::MySQL::MySQLConnection>&, cpp_dbc::MySQL::MySQLConnection*, std::__cxx11::basic_string<char, std::char_traits<char>, std::allocator<char> >&, int&, std::__cxx11::basic_string<char, std::char_traits<char>, std::allocator<char> >&, std::__cxx11::basic_string<char, std::char_traits<char>, std::allocator<char> > const&, std::__cxx11::basic_string<char, std::char_traits<char>, std::allocator<char> > const&) (alloc_traits.h:518)
==268755==    by 0x1F602C: std::_Sp_counted_ptr_inplace<cpp_dbc::MySQL::MySQLConnection, std::allocator<cpp_dbc::MySQL::MySQLConnection>, (__gnu_cxx::_Lock_policy)2>::_Sp_counted_ptr_inplace<std::__cxx11::basic_string<char, std::char_traits<char>, std::allocator<char> >&, int&, std::__cxx11::basic_string<char, std::char_traits<char>, std::allocator<char> >&, std::__cxx11::basic_string<char, std::char_traits<char>, std::allocator<char> > const&, std::__cxx11::basic_string<char, std::char_traits<char>, std::allocator<char> > const&>(std::allocator<cpp_dbc::MySQL::MySQLConnection>, std::__cxx11::basic_string<char, std::char_traits<char>, std::allocator<char> >&, int&, std::__cxx11::basic_string<char, std::char_traits<char>, std::allocator<char> >&, std::__cxx11::basic_string<char, std::char_traits<char>, std::allocator<char> > const&, std::__cxx11::basic_string<char, std::char_traits<char>, std::allocator<char> > const&) (shared_ptr_base.h:519)
==268755==    by 0x1F4FF2: std::__shared_count<(__gnu_cxx::_Lock_policy)2>::__shared_count<cpp_dbc::MySQL::MySQLConnection, std::allocator<cpp_dbc::MySQL::MySQLConnection>, std::__cxx11::basic_string<char, std::char_traits<char>, std::allocator<char> >&, int&, std::__cxx11::basic_string<char, std::char_traits<char>, std::allocator<char> >&, std::__cxx11::basic_string<char, std::char_traits<char>, std::allocator<char> > const&, std::__cxx11::basic_string<char, std::char_traits<char>, std::allocator<char> > const&>(cpp_dbc::MySQL::MySQLConnection*&, std::_Sp_alloc_shared_tag<std::allocator<cpp_dbc::MySQL::MySQLConnection> >, std::__cxx11::basic_string<char, std::char_traits<char>, std::allocator<char> >&, int&, std::__cxx11::basic_string<char, std::char_traits<char>, std::allocator<char> >&, std::__cxx11::basic_string<char, std::char_traits<char>, std::allocator<char> > const&, std::__cxx11::basic_string<char, std::char_traits<char>, std::allocator<char> > const&) (shared_ptr_base.h:650)
==268755==    by 0x1F42B5: std::__shared_ptr<cpp_dbc::MySQL::MySQLConnection, (__gnu_cxx::_Lock_policy)2>::__shared_ptr<std::allocator<cpp_dbc::MySQL::MySQLConnection>, std::__cxx11::basic_string<char, std::char_traits<char>, std::allocator<char> >&, int&, std::__cxx11::basic_string<char, std::char_traits<char>, std::allocator<char> >&, std::__cxx11::basic_string<char, std::char_traits<char>, std::allocator<char> > const&, std::__cxx11::basic_string<char, std::char_traits<char>, std::allocator<char> > const&>(std::_Sp_alloc_shared_tag<std::allocator<cpp_dbc::MySQL::MySQLConnection> >, std::__cxx11::basic_string<char, std::char_traits<char>, std::allocator<char> >&, int&, std::__cxx11::basic_string<char, std::char_traits<char>, std::allocator<char> >&, std::__cxx11::basic_string<char, std::char_traits<char>, std::allocator<char> > const&, std::__cxx11::basic_string<char, std::char_traits<char>, std::allocator<char> > const&) (shared_ptr_base.h:1342)
==268755== 
==268755== Invalid read of size 8
==268755==    at 0x48ABA4E: ??? (in /usr/lib/x86_64-linux-gnu/libmysqlclient.so.21.2.42)
==268755==    by 0x48ABFEE: ??? (in /usr/lib/x86_64-linux-gnu/libmysqlclient.so.21.2.42)
==268755==    by 0x489646D: ??? (in /usr/lib/x86_64-linux-gnu/libmysqlclient.so.21.2.42)
==268755==    by 0x4892F0B: mysql_stmt_close (in /usr/lib/x86_64-linux-gnu/libmysqlclient.so.21.2.42)
==268755==    by 0x1EA0C0: cpp_dbc::MySQL::MySQLPreparedStatement::close() (driver_mysql.cpp:298)
==268755==    by 0x1E9FCD: cpp_dbc::MySQL::MySQLPreparedStatement::~MySQLPreparedStatement() (driver_mysql.cpp:291)
==268755==    by 0x1F77E3: void std::destroy_at<cpp_dbc::MySQL::MySQLPreparedStatement>(cpp_dbc::MySQL::MySQLPreparedStatement*) (stl_construct.h:88)
==268755==    by 0x1F7731: void std::allocator_traits<std::allocator<cpp_dbc::MySQL::MySQLPreparedStatement> >::destroy<cpp_dbc::MySQL::MySQLPreparedStatement>(std::allocator<cpp_dbc::MySQL::MySQLPreparedStatement>&, cpp_dbc::MySQL::MySQLPreparedStatement*) (alloc_traits.h:537)
==268755==    by 0x1F740A: std::_Sp_counted_ptr_inplace<cpp_dbc::MySQL::MySQLPreparedStatement, std::allocator<cpp_dbc::MySQL::MySQLPreparedStatement>, (__gnu_cxx::_Lock_policy)2>::_M_dispose() (shared_ptr_base.h:528)
==268755==    by 0x136F30: std::_Sp_counted_base<(__gnu_cxx::_Lock_policy)2>::_M_release() (shared_ptr_base.h:168)
==268755==    by 0x135C52: std::__shared_count<(__gnu_cxx::_Lock_policy)2>::~__shared_count() (shared_ptr_base.h:705)
==268755==    by 0x170A87: std::__shared_ptr<cpp_dbc::PreparedStatement, (__gnu_cxx::_Lock_policy)2>::~__shared_ptr() (shared_ptr_base.h:1154)
==268755==  Address 0x328 is not stack'd, malloc'd or (recently) free'd
==268755== 
/home/dsystems/Desktop/projects/cpp/cpp_dbc/libs/cpp_dbc/test/test_mysql_real.cpp:209: failed: fatal error condition with message: 'SIGSEGV - Segmentation violation signal'
test cases: 1 | 1 failed
assertions: 1 | 1 failed


==268755== 
==268755== Process terminating with default action of signal 11 (SIGSEGV)
==268755==    at 0x52289FC: __pthread_kill_implementation (pthread_kill.c:44)
==268755==    by 0x52289FC: __pthread_kill_internal (pthread_kill.c:78)
==268755==    by 0x52289FC: pthread_kill@@GLIBC_2.34 (pthread_kill.c:89)
==268755==    by 0x51D4475: raise (raise.c:26)
==268755==    by 0x2A995D: Catch::handleSignal(int) (catch_fatal_condition_handler.cpp:199)
==268755==    by 0x51D451F: ??? (in /usr/lib/x86_64-linux-gnu/libc.so.6)
==268755==    by 0x48ABA4D: ??? (in /usr/lib/x86_64-linux-gnu/libmysqlclient.so.21.2.42)
==268755==    by 0x48ABFEE: ??? (in /usr/lib/x86_64-linux-gnu/libmysqlclient.so.21.2.42)
==268755==    by 0x489646D: ??? (in /usr/lib/x86_64-linux-gnu/libmysqlclient.so.21.2.42)
==268755==    by 0x4892F0B: mysql_stmt_close (in /usr/lib/x86_64-linux-gnu/libmysqlclient.so.21.2.42)
==268755==    by 0x1EA0C0: cpp_dbc::MySQL::MySQLPreparedStatement::close() (driver_mysql.cpp:298)
==268755==    by 0x1E9FCD: cpp_dbc::MySQL::MySQLPreparedStatement::~MySQLPreparedStatement() (driver_mysql.cpp:291)
==268755==    by 0x1F77E3: void std::destroy_at<cpp_dbc::MySQL::MySQLPreparedStatement>(cpp_dbc::MySQL::MySQLPreparedStatement*) (stl_construct.h:88)
==268755==    by 0x1F7731: void std::allocator_traits<std::allocator<cpp_dbc::MySQL::MySQLPreparedStatement> >::destroy<cpp_dbc::MySQL::MySQLPreparedStatement>(std::allocator<cpp_dbc::MySQL::MySQLPreparedStatement>&, cpp_dbc::MySQL::MySQLPreparedStatement*) (alloc_traits.h:537)
==268755== 
==268755== HEAP SUMMARY:
==268755==     in use at exit: 1,567,583 bytes in 11,449 blocks
==268755==   total heap usage: 62,633 allocs, 51,184 frees, 9,128,325 bytes allocated
==268755== 
==268755== Searching for pointers to 11,449 not-freed blocks
==268755== Checked 88,605,272 bytes
==268755== 
==268755== Thread 1:
==268755== 3 bytes in 1 blocks are still reachable in loss record 1 of 2,004
==268755==    at 0x484DCD3: realloc (in /usr/libexec/valgrind/vgpreload_memcheck-amd64-linux.so)
==268755==    by 0x5614CF2: ??? (in /usr/lib/x86_64-linux-gnu/libcrypto.so.3)
==268755==    by 0x560B742: ??? (in /usr/lib/x86_64-linux-gnu/libcrypto.so.3)
==268755==    by 0x562AD6A: ??? (in /usr/lib/x86_64-linux-gnu/libcrypto.so.3)
==268755==    by 0x56F44E7: ??? (in /usr/lib/x86_64-linux-gnu/libcrypto.so.3)
==268755==    by 0x56F53E7: ??? (in /usr/lib/x86_64-linux-gnu/libcrypto.so.3)
==268755==    by 0x55C0470: OSSL_DECODER_do_all_provided (in /usr/lib/x86_64-linux-gnu/libcrypto.so.3)
==268755==    by 0x55CD84B: OSSL_DECODER_CTX_new_for_pkey (in /usr/lib/x86_64-linux-gnu/libcrypto.so.3)
==268755==    by 0x569FB23: ??? (in /usr/lib/x86_64-linux-gnu/libcrypto.so.3)
==268755==    by 0x552DB9A: ??? (in /usr/lib/x86_64-linux-gnu/libcrypto.so.3)
==268755==    by 0x552F3E7: ??? (in /usr/lib/x86_64-linux-gnu/libcrypto.so.3)
==268755==    by 0x552DD18: ??? (in /usr/lib/x86_64-linux-gnu/libcrypto.so.3)
==268755== 
==268755== 4 bytes in 1 blocks are still reachable in loss record 2 of 2,004
==268755==    at 0x4848899: malloc (in /usr/libexec/valgrind/vgpreload_memcheck-amd64-linux.so)
==268755==    by 0x56177D2: CRYPTO_strndup (in /usr/lib/x86_64-linux-gnu/libcrypto.so.3)
==268755==    by 0x5619521: ??? (in /usr/lib/x86_64-linux-gnu/libcrypto.so.3)
==268755==    by 0x5615E27: ??? (in /usr/lib/x86_64-linux-gnu/libcrypto.so.3)
==268755==    by 0x561600A: ??? (in /usr/lib/x86_64-linux-gnu/libcrypto.so.3)
==268755==    by 0x5615BFC: ??? (in /usr/lib/x86_64-linux-gnu/libcrypto.so.3)
==268755==    by 0x56F4A6B: ??? (in /usr/lib/x86_64-linux-gnu/libcrypto.so.3)
==268755==    by 0x55EC302: EVP_CIPHER_fetch (in /usr/lib/x86_64-linux-gnu/libcrypto.so.3)
==268755==    by 0x53F137A: ??? (in /usr/lib/x86_64-linux-gnu/libssl.so.3)
==268755==    by 0x53F5161: SSL_CTX_new_ex (in /usr/lib/x86_64-linux-gnu/libssl.so.3)
==268755==    by 0x48F8280: ??? (in /usr/lib/x86_64-linux-gnu/libmysqlclient.so.21.2.42)
==268755==    by 0x489A042: ??? (in /usr/lib/x86_64-linux-gnu/libmysqlclient.so.21.2.42)
==268755== 
==268755== 4 bytes in 1 blocks are still reachable in loss record 3 of 2,004
==268755==    at 0x4848899: malloc (in /usr/libexec/valgrind/vgpreload_memcheck-amd64-linux.so)
==268755==    by 0x56177D2: CRYPTO_strndup (in /usr/lib/x86_64-linux-gnu/libcrypto.so.3)
==268755==    by 0x5619521: ??? (in /usr/lib/x86_64-linux-gnu/libcrypto.so.3)
==268755==    by 0x5615E27: ??? (in /usr/lib/x86_64-linux-gnu/libcrypto.so.3)
==268755==    by 0x5615C50: ??? (in /usr/lib/x86_64-linux-gnu/libcrypto.so.3)
==268755==    by 0x56F4A6B: ??? (in /usr/lib/x86_64-linux-gnu/libcrypto.so.3)
==268755==    by 0x55EC302: EVP_CIPHER_fetch (in /usr/lib/x86_64-linux-gnu/libcrypto.so.3)
==268755==    by 0x53F137A: ??? (in /usr/lib/x86_64-linux-gnu/libssl.so.3)
==268755==    by 0x53F5161: SSL_CTX_new_ex (in /usr/lib/x86_64-linux-gnu/libssl.so.3)
==268755==    by 0x48F8280: ??? (in /usr/lib/x86_64-linux-gnu/libmysqlclient.so.21.2.42)
==268755==    by 0x489A042: ??? (in /usr/lib/x86_64-linux-gnu/libmysqlclient.so.21.2.42)
==268755==    by 0x489AD71: ??? (in /usr/lib/x86_64-linux-gnu/libmysqlclient.so.21.2.42)
==268755== 
==268755== 4 bytes in 1 blocks are still reachable in loss record 4 of 2,004
==268755==    at 0x4848899: malloc (in /usr/libexec/valgrind/vgpreload_memcheck-amd64-linux.so)
==268755==    by 0x56177D2: CRYPTO_strndup (in /usr/lib/x86_64-linux-gnu/libcrypto.so.3)
==268755==    by 0x5619521: ??? (in /usr/lib/x86_64-linux-gnu/libcrypto.so.3)
==268755==    by 0x5615E27: ??? (in /usr/lib/x86_64-linux-gnu/libcrypto.so.3)
==268755==    by 0x5615F09: ??? (in /usr/lib/x86_64-linux-gnu/libcrypto.so.3)
==268755==    by 0x5615C36: ??? (in /usr/lib/x86_64-linux-gnu/libcrypto.so.3)
==268755==    by 0x56F4A6B: ??? (in /usr/lib/x86_64-linux-gnu/libcrypto.so.3)
==268755==    by 0x55EC302: EVP_CIPHER_fetch (in /usr/lib/x86_64-linux-gnu/libcrypto.so.3)
==268755==    by 0x53F137A: ??? (in /usr/lib/x86_64-linux-gnu/libssl.so.3)
==268755==    by 0x53F5161: SSL_CTX_new_ex (in /usr/lib/x86_64-linux-gnu/libssl.so.3)
==268755==    by 0x48F8280: ??? (in /usr/lib/x86_64-linux-gnu/libmysqlclient.so.21.2.42)
==268755==    by 0x489A042: ??? (in /usr/lib/x86_64-linux-gnu/libmysqlclient.so.21.2.42)
==268755== 
==268755== 4 bytes in 1 blocks are still reachable in loss record 5 of 2,004
==268755==    at 0x4848899: malloc (in /usr/libexec/valgrind/vgpreload_memcheck-amd64-linux.so)
==268755==    by 0x56177D2: CRYPTO_strndup (in /usr/lib/x86_64-linux-gnu/libcrypto.so.3)
==268755==    by 0x5619521: ??? (in /usr/lib/x86_64-linux-gnu/libcrypto.so.3)
==268755==    by 0x56F41B3: ??? (in /usr/lib/x86_64-linux-gnu/libcrypto.so.3)
==268755==    by 0x55C6E3A: ??? (in /usr/lib/x86_64-linux-gnu/libcrypto.so.3)
==268755==    by 0x560B7F8: ??? (in /usr/lib/x86_64-linux-gnu/libcrypto.so.3)
==268755==    by 0x560B71B: ??? (in /usr/lib/x86_64-linux-gnu/libcrypto.so.3)
==268755==    by 0x562AD6A: ??? (in /usr/lib/x86_64-linux-gnu/libcrypto.so.3)
==268755==    by 0x56F44E7: ??? (in /usr/lib/x86_64-linux-gnu/libcrypto.so.3)
==268755==    by 0x56F53E7: ??? (in /usr/lib/x86_64-linux-gnu/libcrypto.so.3)
==268755==    by 0x55C0470: OSSL_DECODER_do_all_provided (in /usr/lib/x86_64-linux-gnu/libcrypto.so.3)
==268755==    by 0x55CD84B: OSSL_DECODER_CTX_new_for_pkey (in /usr/lib/x86_64-linux-gnu/libcrypto.so.3)
==268755== 
==268755== 5 bytes in 1 blocks are still reachable in loss record 6 of 2,004
==268755==    at 0x4848899: malloc (in /usr/libexec/valgrind/vgpreload_memcheck-amd64-linux.so)
==268755==    by 0x56177D2: CRYPTO_strndup (in /usr/lib/x86_64-linux-gnu/libcrypto.so.3)
==268755==    by 0x5619521: ??? (in /usr/lib/x86_64-linux-gnu/libcrypto.so.3)
==268755==    by 0x5615E27: ??? (in /usr/lib/x86_64-linux-gnu/libcrypto.so.3)
==268755==    by 0x566A913: ??? (in /usr/lib/x86_64-linux-gnu/libcrypto.so.3)
==268755==    by 0x560B7F8: ??? (in /usr/lib/x86_64-linux-gnu/libcrypto.so.3)
==268755==    by 0x560B71B: ??? (in /usr/lib/x86_64-linux-gnu/libcrypto.so.3)
==268755==    by 0x562AD6A: ??? (in /usr/lib/x86_64-linux-gnu/libcrypto.so.3)
==268755==    by 0x56F44E7: ??? (in /usr/lib/x86_64-linux-gnu/libcrypto.so.3)
==268755==    by 0x56F49C6: ??? (in /usr/lib/x86_64-linux-gnu/libcrypto.so.3)
==268755==    by 0x5666F9E: OSSL_STORE_LOADER_fetch (in /usr/lib/x86_64-linux-gnu/libcrypto.so.3)
==268755==    by 0x566B2F7: OSSL_STORE_open_ex (in /usr/lib/x86_64-linux-gnu/libcrypto.so.3)
==268755== 
==268755== 7 bytes in 1 blocks are still reachable in loss record 7 of 2,004
==268755==    at 0x4848899: malloc (in /usr/libexec/valgrind/vgpreload_memcheck-amd64-linux.so)
==268755==    by 0x561772A: CRYPTO_strdup (in /usr/lib/x86_64-linux-gnu/libcrypto.so.3)
==268755==    by 0x55763D7: ??? (in /usr/lib/x86_64-linux-gnu/libcrypto.so.3)
==268755==    by 0x55764D7: CONF_module_add (in /usr/lib/x86_64-linux-gnu/libcrypto.so.3)
==268755==    by 0x557880C: ??? (in /usr/lib/x86_64-linux-gnu/libcrypto.so.3)
==268755==    by 0x522BEE7: __pthread_once_slow (pthread_once.c:116)
==268755==    by 0x5621C9C: CRYPTO_THREAD_run_once (in /usr/lib/x86_64-linux-gnu/libcrypto.so.3)
==268755==    by 0x5578955: CONF_modules_load (in /usr/lib/x86_64-linux-gnu/libcrypto.so.3)
==268755==    by 0x5578FCD: CONF_modules_load_file_ex (in /usr/lib/x86_64-linux-gnu/libcrypto.so.3)
==268755==    by 0x561E19F: ??? (in /usr/lib/x86_64-linux-gnu/libcrypto.so.3)
==268755==    by 0x522BEE7: __pthread_once_slow (pthread_once.c:116)
==268755==    by 0x5621C9C: CRYPTO_THREAD_run_once (in /usr/lib/x86_64-linux-gnu/libcrypto.so.3)
==268755== 
==268755== 8 bytes in 1 blocks are still reachable in loss record 8 of 2,004
==268755==    at 0x4849013: operator new(unsigned long) (in /usr/libexec/valgrind/vgpreload_memcheck-amd64-linux.so)
==268755==    by 0x2AB5E1: Catch::Detail::unique_ptr<Catch::ReporterFactory<Catch::AutomakeReporter> > Catch::Detail::make_unique<Catch::ReporterFactory<Catch::AutomakeReporter>>() (catch_unique_ptr.hpp:111)
==268755==    by 0x2AA1D7: Catch::ReporterRegistry::ReporterRegistry() (catch_reporter_registry.cpp:27)
==268755==    by 0x2A4B71: Catch::(anonymous namespace)::RegistryHub::RegistryHub() (catch_registry_hub.cpp:33)
==268755==    by 0x2A4D15: Catch::Singleton<Catch::(anonymous namespace)::RegistryHub, Catch::IRegistryHub, Catch::IMutableRegistryHub>::Singleton() (catch_singletons.hpp:23)
==268755==    by 0x2A4D81: Catch::Singleton<Catch::(anonymous namespace)::RegistryHub, Catch::IRegistryHub, Catch::IMutableRegistryHub>::getInternal() (catch_singletons.hpp:28)
==268755==    by 0x2A4B03: Catch::Singleton<Catch::(anonymous namespace)::RegistryHub, Catch::IRegistryHub, Catch::IMutableRegistryHub>::getMutable() (catch_singletons.hpp:39)
==268755==    by 0x2A4A75: Catch::getMutableRegistryHub() (catch_registry_hub.cpp:93)
==268755==    by 0x26E911: Catch::AutoReg::AutoReg(Catch::Detail::unique_ptr<Catch::ITestInvoker>, Catch::SourceLineInfo const&, Catch::StringRef, Catch::NameAndTags const&) (catch_test_registry.cpp:57)
==268755==    by 0x13113C: __static_initialization_and_destruction_0(int, int) (test_basic.cpp:6)
==268755==    by 0x131316: _GLOBAL__sub_I_test_basic.cpp (test_basic.cpp:36)
==268755==    by 0x51BBEBA: call_init (libc-start.c:145)
==268755==    by 0x51BBEBA: __libc_start_main@@GLIBC_2.34 (libc-start.c:379)
==268755== 
==268755== 8 bytes in 1 blocks are still reachable in loss record 9 of 2,004
==268755==    at 0x4849013: operator new(unsigned long) (in /usr/libexec/valgrind/vgpreload_memcheck-amd64-linux.so)
==268755==    by 0x2AB721: Catch::Detail::unique_ptr<Catch::ReporterFactory<Catch::CompactReporter> > Catch::Detail::make_unique<Catch::ReporterFactory<Catch::CompactReporter>>() (catch_unique_ptr.hpp:111)
==268755==    by 0x2AA256: Catch::ReporterRegistry::ReporterRegistry() (catch_reporter_registry.cpp:28)
==268755==    by 0x2A4B71: Catch::(anonymous namespace)::RegistryHub::RegistryHub() (catch_registry_hub.cpp:33)
==268755==    by 0x2A4D15: Catch::Singleton<Catch::(anonymous namespace)::RegistryHub, Catch::IRegistryHub, Catch::IMutableRegistryHub>::Singleton() (catch_singletons.hpp:23)
==268755==    by 0x2A4D81: Catch::Singleton<Catch::(anonymous namespace)::RegistryHub, Catch::IRegistryHub, Catch::IMutableRegistryHub>::getInternal() (catch_singletons.hpp:28)
==268755==    by 0x2A4B03: Catch::Singleton<Catch::(anonymous namespace)::RegistryHub, Catch::IRegistryHub, Catch::IMutableRegistryHub>::getMutable() (catch_singletons.hpp:39)
==268755==    by 0x2A4A75: Catch::getMutableRegistryHub() (catch_registry_hub.cpp:93)
==268755==    by 0x26E911: Catch::AutoReg::AutoReg(Catch::Detail::unique_ptr<Catch::ITestInvoker>, Catch::SourceLineInfo const&, Catch::StringRef, Catch::NameAndTags const&) (catch_test_registry.cpp:57)
==268755==    by 0x13113C: __static_initialization_and_destruction_0(int, int) (test_basic.cpp:6)
==268755==    by 0x131316: _GLOBAL__sub_I_test_basic.cpp (test_basic.cpp:36)
==268755==    by 0x51BBEBA: call_init (libc-start.c:145)
==268755==    by 0x51BBEBA: __libc_start_main@@GLIBC_2.34 (libc-start.c:379)
==268755== 
==268755== 8 bytes in 1 blocks are still reachable in loss record 10 of 2,004
==268755==    at 0x4849013: operator new(unsigned long) (in /usr/libexec/valgrind/vgpreload_memcheck-amd64-linux.so)
==268755==    by 0x2AB861: Catch::Detail::unique_ptr<Catch::ReporterFactory<Catch::ConsoleReporter> > Catch::Detail::make_unique<Catch::ReporterFactory<Catch::ConsoleReporter>>() (catch_unique_ptr.hpp:111)
==268755==    by 0x2AA2D5: Catch::ReporterRegistry::ReporterRegistry() (catch_reporter_registry.cpp:29)
==268755==    by 0x2A4B71: Catch::(anonymous namespace)::RegistryHub::RegistryHub() (catch_registry_hub.cpp:33)
==268755==    by 0x2A4D15: Catch::Singleton<Catch::(anonymous namespace)::RegistryHub, Catch::IRegistryHub, Catch::IMutableRegistryHub>::Singleton() (catch_singletons.hpp:23)
==268755==    by 0x2A4D81: Catch::Singleton<Catch::(anonymous namespace)::RegistryHub, Catch::IRegistryHub, Catch::IMutableRegistryHub>::getInternal() (catch_singletons.hpp:28)
==268755==    by 0x2A4B03: Catch::Singleton<Catch::(anonymous namespace)::RegistryHub, Catch::IRegistryHub, Catch::IMutableRegistryHub>::getMutable() (catch_singletons.hpp:39)
==268755==    by 0x2A4A75: Catch::getMutableRegistryHub() (catch_registry_hub.cpp:93)
==268755==    by 0x26E911: Catch::AutoReg::AutoReg(Catch::Detail::unique_ptr<Catch::ITestInvoker>, Catch::SourceLineInfo const&, Catch::StringRef, Catch::NameAndTags const&) (catch_test_registry.cpp:57)
==268755==    by 0x13113C: __static_initialization_and_destruction_0(int, int) (test_basic.cpp:6)
==268755==    by 0x131316: _GLOBAL__sub_I_test_basic.cpp (test_basic.cpp:36)
==268755==    by 0x51BBEBA: call_init (libc-start.c:145)
==268755==    by 0x51BBEBA: __libc_start_main@@GLIBC_2.34 (libc-start.c:379)
==268755== 
==268755== 8 bytes in 1 blocks are still reachable in loss record 11 of 2,004
==268755==    at 0x4849013: operator new(unsigned long) (in /usr/libexec/valgrind/vgpreload_memcheck-amd64-linux.so)
==268755==    by 0x2AB9A1: Catch::Detail::unique_ptr<Catch::ReporterFactory<Catch::JunitReporter> > Catch::Detail::make_unique<Catch::ReporterFactory<Catch::JunitReporter>>() (catch_unique_ptr.hpp:111)
==268755==    by 0x2AA354: Catch::ReporterRegistry::ReporterRegistry() (catch_reporter_registry.cpp:30)
==268755==    by 0x2A4B71: Catch::(anonymous namespace)::RegistryHub::RegistryHub() (catch_registry_hub.cpp:33)
==268755==    by 0x2A4D15: Catch::Singleton<Catch::(anonymous namespace)::RegistryHub, Catch::IRegistryHub, Catch::IMutableRegistryHub>::Singleton() (catch_singletons.hpp:23)
==268755==    by 0x2A4D81: Catch::Singleton<Catch::(anonymous namespace)::RegistryHub, Catch::IRegistryHub, Catch::IMutableRegistryHub>::getInternal() (catch_singletons.hpp:28)
==268755==    by 0x2A4B03: Catch::Singleton<Catch::(anonymous namespace)::RegistryHub, Catch::IRegistryHub, Catch::IMutableRegistryHub>::getMutable() (catch_singletons.hpp:39)
==268755==    by 0x2A4A75: Catch::getMutableRegistryHub() (catch_registry_hub.cpp:93)
==268755==    by 0x26E911: Catch::AutoReg::AutoReg(Catch::Detail::unique_ptr<Catch::ITestInvoker>, Catch::SourceLineInfo const&, Catch::StringRef, Catch::NameAndTags const&) (catch_test_registry.cpp:57)
==268755==    by 0x13113C: __static_initialization_and_destruction_0(int, int) (test_basic.cpp:6)
==268755==    by 0x131316: _GLOBAL__sub_I_test_basic.cpp (test_basic.cpp:36)
==268755==    by 0x51BBEBA: call_init (libc-start.c:145)
==268755==    by 0x51BBEBA: __libc_start_main@@GLIBC_2.34 (libc-start.c:379)
==268755== 
==268755== 8 bytes in 1 blocks are still reachable in loss record 12 of 2,004
==268755==    at 0x4849013: operator new(unsigned long) (in /usr/libexec/valgrind/vgpreload_memcheck-amd64-linux.so)
==268755==    by 0x2ABAE1: Catch::Detail::unique_ptr<Catch::ReporterFactory<Catch::SonarQubeReporter> > Catch::Detail::make_unique<Catch::ReporterFactory<Catch::SonarQubeReporter>>() (catch_unique_ptr.hpp:111)
==268755==    by 0x2AA3D3: Catch::ReporterRegistry::ReporterRegistry() (catch_reporter_registry.cpp:31)
==268755==    by 0x2A4B71: Catch::(anonymous namespace)::RegistryHub::RegistryHub() (catch_registry_hub.cpp:33)
==268755==    by 0x2A4D15: Catch::Singleton<Catch::(anonymous namespace)::RegistryHub, Catch::IRegistryHub, Catch::IMutableRegistryHub>::Singleton() (catch_singletons.hpp:23)
==268755==    by 0x2A4D81: Catch::Singleton<Catch::(anonymous namespace)::RegistryHub, Catch::IRegistryHub, Catch::IMutableRegistryHub>::getInternal() (catch_singletons.hpp:28)
==268755==    by 0x2A4B03: Catch::Singleton<Catch::(anonymous namespace)::RegistryHub, Catch::IRegistryHub, Catch::IMutableRegistryHub>::getMutable() (catch_singletons.hpp:39)
==268755==    by 0x2A4A75: Catch::getMutableRegistryHub() (catch_registry_hub.cpp:93)
==268755==    by 0x26E911: Catch::AutoReg::AutoReg(Catch::Detail::unique_ptr<Catch::ITestInvoker>, Catch::SourceLineInfo const&, Catch::StringRef, Catch::NameAndTags const&) (catch_test_registry.cpp:57)
==268755==    by 0x13113C: __static_initialization_and_destruction_0(int, int) (test_basic.cpp:6)
==268755==    by 0x131316: _GLOBAL__sub_I_test_basic.cpp (test_basic.cpp:36)
==268755==    by 0x51BBEBA: call_init (libc-start.c:145)
==268755==    by 0x51BBEBA: __libc_start_main@@GLIBC_2.34 (libc-start.c:379)
==268755== 
==268755== 8 bytes in 1 blocks are still reachable in loss record 13 of 2,004
==268755==    at 0x4849013: operator new(unsigned long) (in /usr/libexec/valgrind/vgpreload_memcheck-amd64-linux.so)
==268755==    by 0x2ABC21: Catch::Detail::unique_ptr<Catch::ReporterFactory<Catch::TAPReporter> > Catch::Detail::make_unique<Catch::ReporterFactory<Catch::TAPReporter>>() (catch_unique_ptr.hpp:111)
==268755==    by 0x2AA452: Catch::ReporterRegistry::ReporterRegistry() (catch_reporter_registry.cpp:32)
==268755==    by 0x2A4B71: Catch::(anonymous namespace)::RegistryHub::RegistryHub() (catch_registry_hub.cpp:33)
==268755==    by 0x2A4D15: Catch::Singleton<Catch::(anonymous namespace)::RegistryHub, Catch::IRegistryHub, Catch::IMutableRegistryHub>::Singleton() (catch_singletons.hpp:23)
==268755==    by 0x2A4D81: Catch::Singleton<Catch::(anonymous namespace)::RegistryHub, Catch::IRegistryHub, Catch::IMutableRegistryHub>::getInternal() (catch_singletons.hpp:28)
==268755==    by 0x2A4B03: Catch::Singleton<Catch::(anonymous namespace)::RegistryHub, Catch::IRegistryHub, Catch::IMutableRegistryHub>::getMutable() (catch_singletons.hpp:39)
==268755==    by 0x2A4A75: Catch::getMutableRegistryHub() (catch_registry_hub.cpp:93)
==268755==    by 0x26E911: Catch::AutoReg::AutoReg(Catch::Detail::unique_ptr<Catch::ITestInvoker>, Catch::SourceLineInfo const&, Catch::StringRef, Catch::NameAndTags const&) (catch_test_registry.cpp:57)
==268755==    by 0x13113C: __static_initialization_and_destruction_0(int, int) (test_basic.cpp:6)
==268755==    by 0x131316: _GLOBAL__sub_I_test_basic.cpp (test_basic.cpp:36)
==268755==    by 0x51BBEBA: call_init (libc-start.c:145)
==268755==    by 0x51BBEBA: __libc_start_main@@GLIBC_2.34 (libc-start.c:379)
==268755== 
==268755== 8 bytes in 1 blocks are still reachable in loss record 14 of 2,004
==268755==    at 0x4849013: operator new(unsigned long) (in /usr/libexec/valgrind/vgpreload_memcheck-amd64-linux.so)
==268755==    by 0x2ABD61: Catch::Detail::unique_ptr<Catch::ReporterFactory<Catch::TeamCityReporter> > Catch::Detail::make_unique<Catch::ReporterFactory<Catch::TeamCityReporter>>() (catch_unique_ptr.hpp:111)
==268755==    by 0x2AA4D1: Catch::ReporterRegistry::ReporterRegistry() (catch_reporter_registry.cpp:33)
==268755==    by 0x2A4B71: Catch::(anonymous namespace)::RegistryHub::RegistryHub() (catch_registry_hub.cpp:33)
==268755==    by 0x2A4D15: Catch::Singleton<Catch::(anonymous namespace)::RegistryHub, Catch::IRegistryHub, Catch::IMutableRegistryHub>::Singleton() (catch_singletons.hpp:23)
==268755==    by 0x2A4D81: Catch::Singleton<Catch::(anonymous namespace)::RegistryHub, Catch::IRegistryHub, Catch::IMutableRegistryHub>::getInternal() (catch_singletons.hpp:28)
==268755==    by 0x2A4B03: Catch::Singleton<Catch::(anonymous namespace)::RegistryHub, Catch::IRegistryHub, Catch::IMutableRegistryHub>::getMutable() (catch_singletons.hpp:39)
==268755==    by 0x2A4A75: Catch::getMutableRegistryHub() (catch_registry_hub.cpp:93)
==268755==    by 0x26E911: Catch::AutoReg::AutoReg(Catch::Detail::unique_ptr<Catch::ITestInvoker>, Catch::SourceLineInfo const&, Catch::StringRef, Catch::NameAndTags const&) (catch_test_registry.cpp:57)
==268755==    by 0x13113C: __static_initialization_and_destruction_0(int, int) (test_basic.cpp:6)
==268755==    by 0x131316: _GLOBAL__sub_I_test_basic.cpp (test_basic.cpp:36)
==268755==    by 0x51BBEBA: call_init (libc-start.c:145)
==268755==    by 0x51BBEBA: __libc_start_main@@GLIBC_2.34 (libc-start.c:379)
==268755== 
==268755== 8 bytes in 1 blocks are still reachable in loss record 15 of 2,004
==268755==    at 0x4849013: operator new(unsigned long) (in /usr/libexec/valgrind/vgpreload_memcheck-amd64-linux.so)
==268755==    by 0x2ABEA1: Catch::Detail::unique_ptr<Catch::ReporterFactory<Catch::XmlReporter> > Catch::Detail::make_unique<Catch::ReporterFactory<Catch::XmlReporter>>() (catch_unique_ptr.hpp:111)
==268755==    by 0x2AA550: Catch::ReporterRegistry::ReporterRegistry() (catch_reporter_registry.cpp:34)
==268755==    by 0x2A4B71: Catch::(anonymous namespace)::RegistryHub::RegistryHub() (catch_registry_hub.cpp:33)
==268755==    by 0x2A4D15: Catch::Singleton<Catch::(anonymous namespace)::RegistryHub, Catch::IRegistryHub, Catch::IMutableRegistryHub>::Singleton() (catch_singletons.hpp:23)
==268755==    by 0x2A4D81: Catch::Singleton<Catch::(anonymous namespace)::RegistryHub, Catch::IRegistryHub, Catch::IMutableRegistryHub>::getInternal() (catch_singletons.hpp:28)
==268755==    by 0x2A4B03: Catch::Singleton<Catch::(anonymous namespace)::RegistryHub, Catch::IRegistryHub, Catch::IMutableRegistryHub>::getMutable() (catch_singletons.hpp:39)
==268755==    by 0x2A4A75: Catch::getMutableRegistryHub() (catch_registry_hub.cpp:93)
==268755==    by 0x26E911: Catch::AutoReg::AutoReg(Catch::Detail::unique_ptr<Catch::ITestInvoker>, Catch::SourceLineInfo const&, Catch::StringRef, Catch::NameAndTags const&) (catch_test_registry.cpp:57)
==268755==    by 0x13113C: __static_initialization_and_destruction_0(int, int) (test_basic.cpp:6)
==268755==    by 0x131316: _GLOBAL__sub_I_test_basic.cpp (test_basic.cpp:36)
==268755==    by 0x51BBEBA: call_init (libc-start.c:145)
==268755==    by 0x51BBEBA: __libc_start_main@@GLIBC_2.34 (libc-start.c:379)
==268755== 
==268755== 8 bytes in 1 blocks are still reachable in loss record 16 of 2,004
==268755==    at 0x4849013: operator new(unsigned long) (in /usr/libexec/valgrind/vgpreload_memcheck-amd64-linux.so)
==268755==    by 0x2B455D: __gnu_cxx::new_allocator<Catch::Detail::unique_ptr<Catch::TestSpec::Pattern> >::allocate(unsigned long, void const*) (new_allocator.h:127)
==268755==    by 0x2B427C: std::allocator_traits<std::allocator<Catch::Detail::unique_ptr<Catch::TestSpec::Pattern> > >::allocate(std::allocator<Catch::Detail::unique_ptr<Catch::TestSpec::Pattern> >&, unsigned long) (alloc_traits.h:464)
==268755==    by 0x2B3BE3: std::_Vector_base<Catch::Detail::unique_ptr<Catch::TestSpec::Pattern>, std::allocator<Catch::Detail::unique_ptr<Catch::TestSpec::Pattern> > >::_M_allocate(unsigned long) (stl_vector.h:346)
==268755==    by 0x2B33EE: void std::vector<Catch::Detail::unique_ptr<Catch::TestSpec::Pattern>, std::allocator<Catch::Detail::unique_ptr<Catch::TestSpec::Pattern> > >::_M_realloc_insert<Catch::Detail::unique_ptr<Catch::TestSpec::TagPattern> >(__gnu_cxx::__normal_iterator<Catch::Detail::unique_ptr<Catch::TestSpec::Pattern>*, std::vector<Catch::Detail::unique_ptr<Catch::TestSpec::Pattern>, std::allocator<Catch::Detail::unique_ptr<Catch::TestSpec::Pattern> > > >, Catch::Detail::unique_ptr<Catch::TestSpec::TagPattern>&&) (vector.tcc:440)
==268755==    by 0x2B2BE9: Catch::Detail::unique_ptr<Catch::TestSpec::Pattern>& std::vector<Catch::Detail::unique_ptr<Catch::TestSpec::Pattern>, std::allocator<Catch::Detail::unique_ptr<Catch::TestSpec::Pattern> > >::emplace_back<Catch::Detail::unique_ptr<Catch::TestSpec::TagPattern> >(Catch::Detail::unique_ptr<Catch::TestSpec::TagPattern>&&) (vector.tcc:121)
==268755==    by 0x2B248F: Catch::TestSpecParser::addTagPattern() (catch_test_spec_parser.cpp:231)
==268755==    by 0x2B1BA7: Catch::TestSpecParser::endMode() (catch_test_spec_parser.cpp:122)
==268755==    by 0x2B1B38: Catch::TestSpecParser::processOtherChar(char) (catch_test_spec_parser.cpp:110)
==268755==    by 0x2B1975: Catch::TestSpecParser::visitChar(char) (catch_test_spec_parser.cpp:65)
==268755==    by 0x2B17B8: Catch::TestSpecParser::parse(std::__cxx11::basic_string<char, std::char_traits<char>, std::allocator<char> > const&) (catch_test_spec_parser.cpp:30)
==268755==    by 0x2A17C5: Catch::Config::Config(Catch::ConfigData const&) (catch_config.cpp:130)
==268755== 
==268755== 8 bytes in 1 blocks are still reachable in loss record 17 of 2,004
==268755==    at 0x4849013: operator new(unsigned long) (in /usr/libexec/valgrind/vgpreload_memcheck-amd64-linux.so)
==268755==    by 0x2536CF: __gnu_cxx::new_allocator<Catch::Detail::unique_ptr<std::__cxx11::basic_ostringstream<char, std::char_traits<char>, std::allocator<char> > > >::allocate(unsigned long, void const*) (new_allocator.h:127)
==268755==    by 0x25335B: std::allocator_traits<std::allocator<Catch::Detail::unique_ptr<std::__cxx11::basic_ostringstream<char, std::char_traits<char>, std::allocator<char> > > > >::allocate(std::allocator<Catch::Detail::unique_ptr<std::__cxx11::basic_ostringstream<char, std::char_traits<char>, std::allocator<char> > > >&, unsigned long) (alloc_traits.h:464)
==268755==    by 0x252F95: std::_Vector_base<Catch::Detail::unique_ptr<std::__cxx11::basic_ostringstream<char, std::char_traits<char>, std::allocator<char> > >, std::allocator<Catch::Detail::unique_ptr<std::__cxx11::basic_ostringstream<char, std::char_traits<char>, std::allocator<char> > > > >::_M_allocate(unsigned long) (stl_vector.h:346)
==268755==    by 0x25271C: void std::vector<Catch::Detail::unique_ptr<std::__cxx11::basic_ostringstream<char, std::char_traits<char>, std::allocator<char> > >, std::allocator<Catch::Detail::unique_ptr<std::__cxx11::basic_ostringstream<char, std::char_traits<char>, std::allocator<char> > > > >::_M_realloc_insert<Catch::Detail::unique_ptr<std::__cxx11::basic_ostringstream<char, std::char_traits<char>, std::allocator<char> > > >(__gnu_cxx::__normal_iterator<Catch::Detail::unique_ptr<std::__cxx11::basic_ostringstream<char, std::char_traits<char>, std::allocator<char> > >*, std::vector<Catch::Detail::unique_ptr<std::__cxx11::basic_ostringstream<char, std::char_traits<char>, std::allocator<char> > >, std::allocator<Catch::Detail::unique_ptr<std::__cxx11::basic_ostringstream<char, std::char_traits<char>, std::allocator<char> > > > > >, Catch::Detail::unique_ptr<std::__cxx11::basic_ostringstream<char, std::char_traits<char>, std::allocator<char> > >&&) (vector.tcc:440)
==268755==    by 0x25205F: Catch::Detail::unique_ptr<std::__cxx11::basic_ostringstream<char, std::char_traits<char>, std::allocator<char> > >& std::vector<Catch::Detail::unique_ptr<std::__cxx11::basic_ostringstream<char, std::char_traits<char>, std::allocator<char> > >, std::allocator<Catch::Detail::unique_ptr<std::__cxx11::basic_ostringstream<char, std::char_traits<char>, std::allocator<char> > > > >::emplace_back<Catch::Detail::unique_ptr<std::__cxx11::basic_ostringstream<char, std::char_traits<char>, std::allocator<char> > > >(Catch::Detail::unique_ptr<std::__cxx11::basic_ostringstream<char, std::char_traits<char>, std::allocator<char> > >&&) (vector.tcc:121)
==268755==    by 0x251CD3: std::vector<Catch::Detail::unique_ptr<std::__cxx11::basic_ostringstream<char, std::char_traits<char>, std::allocator<char> > >, std::allocator<Catch::Detail::unique_ptr<std::__cxx11::basic_ostringstream<char, std::char_traits<char>, std::allocator<char> > > > >::push_back(Catch::Detail::unique_ptr<std::__cxx11::basic_ostringstream<char, std::char_traits<char>, std::allocator<char> > >&&) (stl_vector.h:1204)
==268755==    by 0x251AB6: Catch::StringStreams::add() (catch_reusable_string_stream.cpp:26)
==268755==    by 0x2518D8: Catch::ReusableStringStream::ReusableStringStream() (catch_reusable_string_stream.cpp:43)
==268755==    by 0x217DDD: Catch::TestSpec::extractFilterName[abi:cxx11](Catch::TestSpec::Filter const&) (catch_test_spec.cpp:96)
==268755==    by 0x217FF9: Catch::TestSpec::matchesByFilter(std::vector<Catch::TestCaseHandle, std::allocator<Catch::TestCaseHandle> > const&, Catch::IConfig const&) const::{lambda(Catch::TestSpec::Filter const&)#1}::operator()(Catch::TestSpec::Filter const&) const (catch_test_spec.cpp:117)
==268755==    by 0x2182F3: __gnu_cxx::__normal_iterator<Catch::TestSpec::FilterMatch*, std::vector<Catch::TestSpec::FilterMatch, std::allocator<Catch::TestSpec::FilterMatch> > > std::transform<__gnu_cxx::__normal_iterator<Catch::TestSpec::Filter const*, std::vector<Catch::TestSpec::Filter, std::allocator<Catch::TestSpec::Filter> > >, __gnu_cxx::__normal_iterator<Catch::TestSpec::FilterMatch*, std::vector<Catch::TestSpec::FilterMatch, std::allocator<Catch::TestSpec::FilterMatch> > >, Catch::TestSpec::matchesByFilter(std::vector<Catch::TestCaseHandle, std::allocator<Catch::TestCaseHandle> > const&, Catch::IConfig const&) const::{lambda(Catch::TestSpec::Filter const&)#1}>(__gnu_cxx::__normal_iterator<Catch::TestSpec::Filter const*, std::vector<Catch::TestSpec::Filter, std::allocator<Catch::TestSpec::Filter> > >, __gnu_cxx::__normal_iterator<Catch::TestSpec::Filter const*, std::vector<Catch::TestSpec::Filter, std::allocator<Catch::TestSpec::Filter> > >, __gnu_cxx::__normal_iterator<Catch::TestSpec::FilterMatch*, std::vector<Catch::TestSpec::FilterMatch, std::allocator<Catch::TestSpec::FilterMatch> > >, Catch::TestSpec::matchesByFilter(std::vector<Catch::TestCaseHandle, std::allocator<Catch::TestCaseHandle> > const&, Catch::IConfig const&) const::{lambda(Catch::TestSpec::Filter const&)#1}) (stl_algo.h:4296)
==268755== 
==268755== 8 bytes in 1 blocks are still reachable in loss record 18 of 2,004
==268755==    at 0x4849013: operator new(unsigned long) (in /usr/libexec/valgrind/vgpreload_memcheck-amd64-linux.so)
==268755==    by 0x253507: __gnu_cxx::new_allocator<unsigned long>::allocate(unsigned long, void const*) (new_allocator.h:127)
==268755==    by 0x253184: std::allocator_traits<std::allocator<unsigned long> >::allocate(std::allocator<unsigned long>&, unsigned long) (alloc_traits.h:464)
==268755==    by 0x252AE1: std::_Vector_base<unsigned long, std::allocator<unsigned long> >::_M_allocate(unsigned long) (stl_vector.h:346)
==268755==    by 0x25223C: void std::vector<unsigned long, std::allocator<unsigned long> >::_M_realloc_insert<unsigned long const&>(__gnu_cxx::__normal_iterator<unsigned long*, std::vector<unsigned long, std::allocator<unsigned long> > >, unsigned long const&) (vector.tcc:440)
==268755==    by 0x251E91: std::vector<unsigned long, std::allocator<unsigned long> >::push_back(unsigned long const&) (stl_vector.h:1198)
==268755==    by 0x251BA2: Catch::StringStreams::release(unsigned long) (catch_reusable_string_stream.cpp:38)
==268755==    by 0x2519C6: Catch::ReusableStringStream::~ReusableStringStream() (catch_reusable_string_stream.cpp:50)
==268755==    by 0x217E10: Catch::TestSpec::extractFilterName[abi:cxx11](Catch::TestSpec::Filter const&) (catch_test_spec.cpp:99)
==268755==    by 0x217FF9: Catch::TestSpec::matchesByFilter(std::vector<Catch::TestCaseHandle, std::allocator<Catch::TestCaseHandle> > const&, Catch::IConfig const&) const::{lambda(Catch::TestSpec::Filter const&)#1}::operator()(Catch::TestSpec::Filter const&) const (catch_test_spec.cpp:117)
==268755==    by 0x2182F3: __gnu_cxx::__normal_iterator<Catch::TestSpec::FilterMatch*, std::vector<Catch::TestSpec::FilterMatch, std::allocator<Catch::TestSpec::FilterMatch> > > std::transform<__gnu_cxx::__normal_iterator<Catch::TestSpec::Filter const*, std::vector<Catch::TestSpec::Filter, std::allocator<Catch::TestSpec::Filter> > >, __gnu_cxx::__normal_iterator<Catch::TestSpec::FilterMatch*, std::vector<Catch::TestSpec::FilterMatch, std::allocator<Catch::TestSpec::FilterMatch> > >, Catch::TestSpec::matchesByFilter(std::vector<Catch::TestCaseHandle, std::allocator<Catch::TestCaseHandle> > const&, Catch::IConfig const&) const::{lambda(Catch::TestSpec::Filter const&)#1}>(__gnu_cxx::__normal_iterator<Catch::TestSpec::Filter const*, std::vector<Catch::TestSpec::Filter, std::allocator<Catch::TestSpec::Filter> > >, __gnu_cxx::__normal_iterator<Catch::TestSpec::Filter const*, std::vector<Catch::TestSpec::Filter, std::allocator<Catch::TestSpec::Filter> > >, __gnu_cxx::__normal_iterator<Catch::TestSpec::FilterMatch*, std::vector<Catch::TestSpec::FilterMatch, std::allocator<Catch::TestSpec::FilterMatch> > >, Catch::TestSpec::matchesByFilter(std::vector<Catch::TestCaseHandle, std::allocator<Catch::TestCaseHandle> > const&, Catch::IConfig const&) const::{lambda(Catch::TestSpec::Filter const&)#1}) (stl_algo.h:4296)
==268755==    by 0x21811D: Catch::TestSpec::matchesByFilter(std::vector<Catch::TestCaseHandle, std::allocator<Catch::TestCaseHandle> > const&, Catch::IConfig const&) const (catch_test_spec.cpp:112)
==268755== 
==268755== 8 bytes in 1 blocks are still reachable in loss record 19 of 2,004
==268755==    at 0x4849013: operator new(unsigned long) (in /usr/libexec/valgrind/vgpreload_memcheck-amd64-linux.so)
==268755==    by 0x21A0BB: __gnu_cxx::new_allocator<Catch::TestCaseHandle const*>::allocate(unsigned long, void const*) (new_allocator.h:127)
==268755==    by 0x219D9D: std::allocator_traits<std::allocator<Catch::TestCaseHandle const*> >::allocate(std::allocator<Catch::TestCaseHandle const*>&, unsigned long) (alloc_traits.h:464)
==268755==    by 0x2199F1: std::_Vector_base<Catch::TestCaseHandle const*, std::allocator<Catch::TestCaseHandle const*> >::_M_allocate(unsigned long) (stl_vector.h:346)
==268755==    by 0x219B4C: std::_Vector_base<Catch::TestCaseHandle const*, std::allocator<Catch::TestCaseHandle const*> >::_M_create_storage(unsigned long) (stl_vector.h:361)
==268755==    by 0x219452: std::_Vector_base<Catch::TestCaseHandle const*, std::allocator<Catch::TestCaseHandle const*> >::_Vector_base(unsigned long, std::allocator<Catch::TestCaseHandle const*> const&) (stl_vector.h:305)
==268755==    by 0x218CC4: std::vector<Catch::TestCaseHandle const*, std::allocator<Catch::TestCaseHandle const*> >::vector(std::vector<Catch::TestCaseHandle const*, std::allocator<Catch::TestCaseHandle const*> > const&) (stl_vector.h:555)
==268755==    by 0x218010: Catch::TestSpec::matchesByFilter(std::vector<Catch::TestCaseHandle, std::allocator<Catch::TestCaseHandle> > const&, Catch::IConfig const&) const::{lambda(Catch::TestSpec::Filter const&)#1}::operator()(Catch::TestSpec::Filter const&) const (catch_test_spec.cpp:117)
==268755==    by 0x2182F3: __gnu_cxx::__normal_iterator<Catch::TestSpec::FilterMatch*, std::vector<Catch::TestSpec::FilterMatch, std::allocator<Catch::TestSpec::FilterMatch> > > std::transform<__gnu_cxx::__normal_iterator<Catch::TestSpec::Filter const*, std::vector<Catch::TestSpec::Filter, std::allocator<Catch::TestSpec::Filter> > >, __gnu_cxx::__normal_iterator<Catch::TestSpec::FilterMatch*, std::vector<Catch::TestSpec::FilterMatch, std::allocator<Catch::TestSpec::FilterMatch> > >, Catch::TestSpec::matchesByFilter(std::vector<Catch::TestCaseHandle, std::allocator<Catch::TestCaseHandle> > const&, Catch::IConfig const&) const::{lambda(Catch::TestSpec::Filter const&)#1}>(__gnu_cxx::__normal_iterator<Catch::TestSpec::Filter const*, std::vector<Catch::TestSpec::Filter, std::allocator<Catch::TestSpec::Filter> > >, __gnu_cxx::__normal_iterator<Catch::TestSpec::Filter const*, std::vector<Catch::TestSpec::Filter, std::allocator<Catch::TestSpec::Filter> > >, __gnu_cxx::__normal_iterator<Catch::TestSpec::FilterMatch*, std::vector<Catch::TestSpec::FilterMatch, std::allocator<Catch::TestSpec::FilterMatch> > >, Catch::TestSpec::matchesByFilter(std::vector<Catch::TestCaseHandle, std::allocator<Catch::TestCaseHandle> > const&, Catch::IConfig const&) const::{lambda(Catch::TestSpec::Filter const&)#1}) (stl_algo.h:4296)
==268755==    by 0x21811D: Catch::TestSpec::matchesByFilter(std::vector<Catch::TestCaseHandle, std::allocator<Catch::TestCaseHandle> > const&, Catch::IConfig const&) const (catch_test_spec.cpp:112)
==268755==    by 0x205C50: Catch::(anonymous namespace)::TestGroup::TestGroup(Catch::Detail::unique_ptr<Catch::IEventListener>&&, Catch::Config const*) (catch_session.cpp:96)
==268755==    by 0x207416: Catch::Session::runInternal() (catch_session.cpp:331)
==268755== 
==268755== 8 bytes in 1 blocks are still reachable in loss record 20 of 2,004
==268755==    at 0x4849013: operator new(unsigned long) (in /usr/libexec/valgrind/vgpreload_memcheck-amd64-linux.so)
==268755==    by 0x26DD83: __gnu_cxx::new_allocator<Catch::Detail::unique_ptr<Catch::TestCaseTracking::ITracker> >::allocate(unsigned long, void const*) (new_allocator.h:127)
==268755==    by 0x26D92E: std::allocator_traits<std::allocator<Catch::Detail::unique_ptr<Catch::TestCaseTracking::ITracker> > >::allocate(std::allocator<Catch::Detail::unique_ptr<Catch::TestCaseTracking::ITracker> >&, unsigned long) (alloc_traits.h:464)
==268755==    by 0x26D4E3: std::_Vector_base<Catch::Detail::unique_ptr<Catch::TestCaseTracking::ITracker>, std::allocator<Catch::Detail::unique_ptr<Catch::TestCaseTracking::ITracker> > >::_M_allocate(unsigned long) (stl_vector.h:346)
==268755==    by 0x26C8EE: void std::vector<Catch::Detail::unique_ptr<Catch::TestCaseTracking::ITracker>, std::allocator<Catch::Detail::unique_ptr<Catch::TestCaseTracking::ITracker> > >::_M_realloc_insert<Catch::Detail::unique_ptr<Catch::TestCaseTracking::ITracker> >(__gnu_cxx::__normal_iterator<Catch::Detail::unique_ptr<Catch::TestCaseTracking::ITracker>*, std::vector<Catch::Detail::unique_ptr<Catch::TestCaseTracking::ITracker>, std::allocator<Catch::Detail::unique_ptr<Catch::TestCaseTracking::ITracker> > > >, Catch::Detail::unique_ptr<Catch::TestCaseTracking::ITracker>&&) (vector.tcc:440)
==268755==    by 0x26C54D: Catch::Detail::unique_ptr<Catch::TestCaseTracking::ITracker>& std::vector<Catch::Detail::unique_ptr<Catch::TestCaseTracking::ITracker>, std::allocator<Catch::Detail::unique_ptr<Catch::TestCaseTracking::ITracker> > >::emplace_back<Catch::Detail::unique_ptr<Catch::TestCaseTracking::ITracker> >(Catch::Detail::unique_ptr<Catch::TestCaseTracking::ITracker>&&) (vector.tcc:121)
==268755==    by 0x26BDC3: std::vector<Catch::Detail::unique_ptr<Catch::TestCaseTracking::ITracker>, std::allocator<Catch::Detail::unique_ptr<Catch::TestCaseTracking::ITracker> > >::push_back(Catch::Detail::unique_ptr<Catch::TestCaseTracking::ITracker>&&) (stl_vector.h:1204)
==268755==    by 0x26A57C: Catch::TestCaseTracking::ITracker::addChild(Catch::Detail::unique_ptr<Catch::TestCaseTracking::ITracker>&&) (catch_test_case_tracker.cpp:38)
==268755==    by 0x26B1E5: Catch::TestCaseTracking::SectionTracker::acquire(Catch::TestCaseTracking::TrackerContext&, Catch::TestCaseTracking::NameAndLocationRef const&) (catch_test_case_tracker.cpp:201)
==268755==    by 0x2541FF: Catch::RunContext::runTest(Catch::TestCaseHandle const&) (catch_run_context.cpp:226)
==268755==    by 0x205F36: Catch::(anonymous namespace)::TestGroup::execute() (catch_session.cpp:110)
==268755==    by 0x20742F: Catch::Session::runInternal() (catch_session.cpp:332)
==268755== 
==268755== 8 bytes in 1 blocks are still reachable in loss record 21 of 2,004
==268755==    at 0x4848899: malloc (in /usr/libexec/valgrind/vgpreload_memcheck-amd64-linux.so)
==268755==    by 0x561679D: CRYPTO_zalloc (in /usr/lib/x86_64-linux-gnu/libcrypto.so.3)
==268755==    by 0x561E5D1: ??? (in /usr/lib/x86_64-linux-gnu/libcrypto.so.3)
==268755==    by 0x55CC314: ??? (in /usr/lib/x86_64-linux-gnu/libcrypto.so.3)
==268755==    by 0x55CCCFC: ERR_set_mark (in /usr/lib/x86_64-linux-gnu/libcrypto.so.3)
==268755==    by 0x55790E1: CONF_modules_load_file_ex (in /usr/lib/x86_64-linux-gnu/libcrypto.so.3)
==268755==    by 0x561E19F: ??? (in /usr/lib/x86_64-linux-gnu/libcrypto.so.3)
==268755==    by 0x522BEE7: __pthread_once_slow (pthread_once.c:116)
==268755==    by 0x5621C9C: CRYPTO_THREAD_run_once (in /usr/lib/x86_64-linux-gnu/libcrypto.so.3)
==268755==    by 0x561EC05: OPENSSL_init_crypto (in /usr/lib/x86_64-linux-gnu/libcrypto.so.3)
==268755==    by 0x53EB9B6: OPENSSL_init_ssl (in /usr/lib/x86_64-linux-gnu/libssl.so.3)
==268755==    by 0x488FB29: mysql_server_init (in /usr/lib/x86_64-linux-gnu/libmysqlclient.so.21.2.42)
==268755== 
==268755== 8 bytes in 1 blocks are still reachable in loss record 22 of 2,004
==268755==    at 0x4848899: malloc (in /usr/libexec/valgrind/vgpreload_memcheck-amd64-linux.so)
==268755==    by 0x561772A: CRYPTO_strdup (in /usr/lib/x86_64-linux-gnu/libcrypto.so.3)
==268755==    by 0x55763D7: ??? (in /usr/lib/x86_64-linux-gnu/libcrypto.so.3)
==268755==    by 0x55764D7: CONF_module_add (in /usr/lib/x86_64-linux-gnu/libcrypto.so.3)
==268755==    by 0x55787A6: OPENSSL_load_builtin_modules (in /usr/lib/x86_64-linux-gnu/libcrypto.so.3)
==268755==    by 0x557880C: ??? (in /usr/lib/x86_64-linux-gnu/libcrypto.so.3)
==268755==    by 0x522BEE7: __pthread_once_slow (pthread_once.c:116)
==268755==    by 0x5621C9C: CRYPTO_THREAD_run_once (in /usr/lib/x86_64-linux-gnu/libcrypto.so.3)
==268755==    by 0x5578955: CONF_modules_load (in /usr/lib/x86_64-linux-gnu/libcrypto.so.3)
==268755==    by 0x5578FCD: CONF_modules_load_file_ex (in /usr/lib/x86_64-linux-gnu/libcrypto.so.3)
==268755==    by 0x561E19F: ??? (in /usr/lib/x86_64-linux-gnu/libcrypto.so.3)
==268755==    by 0x522BEE7: __pthread_once_slow (pthread_once.c:116)
==268755== 
==268755== 8 bytes in 1 blocks are still reachable in loss record 23 of 2,004
==268755==    at 0x4848899: malloc (in /usr/libexec/valgrind/vgpreload_memcheck-amd64-linux.so)
==268755==    by 0x55D09D4: ENGINE_add (in /usr/lib/x86_64-linux-gnu/libcrypto.so.3)
==268755==    by 0x561E42E: ??? (in /usr/lib/x86_64-linux-gnu/libcrypto.so.3)
==268755==    by 0x522BEE7: __pthread_once_slow (pthread_once.c:116)
==268755==    by 0x5621C9C: CRYPTO_THREAD_run_once (in /usr/lib/x86_64-linux-gnu/libcrypto.so.3)
==268755==    by 0x561EB9C: OPENSSL_init_crypto (in /usr/lib/x86_64-linux-gnu/libcrypto.so.3)
==268755==    by 0x5578811: ??? (in /usr/lib/x86_64-linux-gnu/libcrypto.so.3)
==268755==    by 0x522BEE7: __pthread_once_slow (pthread_once.c:116)
==268755==    by 0x5621C9C: CRYPTO_THREAD_run_once (in /usr/lib/x86_64-linux-gnu/libcrypto.so.3)
==268755==    by 0x5578955: CONF_modules_load (in /usr/lib/x86_64-linux-gnu/libcrypto.so.3)
==268755==    by 0x5578FCD: CONF_modules_load_file_ex (in /usr/lib/x86_64-linux-gnu/libcrypto.so.3)
==268755==    by 0x561E19F: ??? (in /usr/lib/x86_64-linux-gnu/libcrypto.so.3)
==268755== 
==268755== 8 bytes in 1 blocks are still reachable in loss record 24 of 2,004
==268755==    at 0x4848899: malloc (in /usr/libexec/valgrind/vgpreload_memcheck-amd64-linux.so)
==268755==    by 0x561772A: CRYPTO_strdup (in /usr/lib/x86_64-linux-gnu/libcrypto.so.3)
==268755==    by 0x562987A: ??? (in /usr/lib/x86_64-linux-gnu/libcrypto.so.3)
==268755==    by 0x562AA88: ??? (in /usr/lib/x86_64-linux-gnu/libcrypto.so.3)
==268755==    by 0x562AB70: ??? (in /usr/lib/x86_64-linux-gnu/libcrypto.so.3)
==268755==    by 0x56F44E7: ??? (in /usr/lib/x86_64-linux-gnu/libcrypto.so.3)
==268755==    by 0x56F4B3D: ??? (in /usr/lib/x86_64-linux-gnu/libcrypto.so.3)
==268755==    by 0x55EC302: EVP_CIPHER_fetch (in /usr/lib/x86_64-linux-gnu/libcrypto.so.3)
==268755==    by 0x53F137A: ??? (in /usr/lib/x86_64-linux-gnu/libssl.so.3)
==268755==    by 0x53F5161: SSL_CTX_new_ex (in /usr/lib/x86_64-linux-gnu/libssl.so.3)
==268755==    by 0x48F8280: ??? (in /usr/lib/x86_64-linux-gnu/libmysqlclient.so.21.2.42)
==268755==    by 0x489A042: ??? (in /usr/lib/x86_64-linux-gnu/libmysqlclient.so.21.2.42)
==268755== 
==268755== 8 bytes in 1 blocks are still reachable in loss record 25 of 2,004
==268755==    at 0x4849013: operator new(unsigned long) (in /usr/libexec/valgrind/vgpreload_memcheck-amd64-linux.so)
==268755==    by 0x25C6BF: __gnu_cxx::new_allocator<Catch::TestCaseTracking::ITracker*>::allocate(unsigned long, void const*) (new_allocator.h:127)
==268755==    by 0x25C29C: std::allocator_traits<std::allocator<Catch::TestCaseTracking::ITracker*> >::allocate(std::allocator<Catch::TestCaseTracking::ITracker*>&, unsigned long) (alloc_traits.h:464)
==268755==    by 0x25BAA5: std::_Vector_base<Catch::TestCaseTracking::ITracker*, std::allocator<Catch::TestCaseTracking::ITracker*> >::_M_allocate(unsigned long) (stl_vector.h:346)
==268755==    by 0x25AB66: void std::vector<Catch::TestCaseTracking::ITracker*, std::allocator<Catch::TestCaseTracking::ITracker*> >::_M_realloc_insert<Catch::TestCaseTracking::ITracker*>(__gnu_cxx::__normal_iterator<Catch::TestCaseTracking::ITracker**, std::vector<Catch::TestCaseTracking::ITracker*, std::allocator<Catch::TestCaseTracking::ITracker*> > >, Catch::TestCaseTracking::ITracker*&&) (vector.tcc:440)
==268755==    by 0x259569: Catch::TestCaseTracking::ITracker*& std::vector<Catch::TestCaseTracking::ITracker*, std::allocator<Catch::TestCaseTracking::ITracker*> >::emplace_back<Catch::TestCaseTracking::ITracker*>(Catch::TestCaseTracking::ITracker*&&) (vector.tcc:121)
==268755==    by 0x258711: std::vector<Catch::TestCaseTracking::ITracker*, std::allocator<Catch::TestCaseTracking::ITracker*> >::push_back(Catch::TestCaseTracking::ITracker*&&) (stl_vector.h:1204)
==268755==    by 0x254A91: Catch::RunContext::sectionStarted(Catch::StringRef, Catch::SourceLineInfo const&, Catch::Counts&) (catch_run_context.cpp:305)
==268755==    by 0x25CEAE: Catch::Section::Section(Catch::SourceLineInfo const&, Catch::StringRef, char const*) (catch_section.cpp:31)
==268755==    by 0x1B3A69: CATCH2_INTERNAL_TEST_0() (test_mysql_real.cpp:125)
==268755==    by 0x261743: Catch::TestInvokerAsFunction::invoke() const (catch_test_case_registry_impl.cpp:149)
==268755==    by 0x256F30: Catch::TestCaseHandle::invoke() const (catch_test_case_info.hpp:115)
==268755== 
==268755== 8 bytes in 1 blocks are still reachable in loss record 26 of 2,004
==268755==    at 0x4848899: malloc (in /usr/libexec/valgrind/vgpreload_memcheck-amd64-linux.so)
==268755==    by 0x561679D: CRYPTO_zalloc (in /usr/lib/x86_64-linux-gnu/libcrypto.so.3)
==268755==    by 0x561E5D1: ??? (in /usr/lib/x86_64-linux-gnu/libcrypto.so.3)
==268755==    by 0x55CC314: ??? (in /usr/lib/x86_64-linux-gnu/libcrypto.so.3)
==268755==    by 0x55CCF6E: ERR_new (in /usr/lib/x86_64-linux-gnu/libcrypto.so.3)
==268755==    by 0x5407F14: ??? (in /usr/lib/x86_64-linux-gnu/libssl.so.3)
==268755==    by 0x540A71A: ??? (in /usr/lib/x86_64-linux-gnu/libssl.so.3)
==268755==    by 0x540AAE4: ??? (in /usr/lib/x86_64-linux-gnu/libssl.so.3)
==268755==    by 0x53EE266: SSL_write (in /usr/lib/x86_64-linux-gnu/libssl.so.3)
==268755==    by 0x48E228F: ??? (in /usr/lib/x86_64-linux-gnu/libmysqlclient.so.21.2.42)
==268755==    by 0x48ABA31: ??? (in /usr/lib/x86_64-linux-gnu/libmysqlclient.so.21.2.42)
==268755==    by 0x48ABFEE: ??? (in /usr/lib/x86_64-linux-gnu/libmysqlclient.so.21.2.42)
==268755== 
==268755== 8 bytes in 4 blocks are still reachable in loss record 27 of 2,004
==268755==    at 0x4849013: operator new(unsigned long) (in /usr/libexec/valgrind/vgpreload_memcheck-amd64-linux.so)
==268755==    by 0x130468: __gnu_cxx::new_allocator<char>::allocate(unsigned long, void const*) (new_allocator.h:127)
==268755==    by 0x12F934: allocate (allocator.h:185)
==268755==    by 0x12F934: std::allocator_traits<std::allocator<char> >::allocate(std::allocator<char>&, unsigned long) (alloc_traits.h:464)
==268755==    by 0x130519: std::_Vector_base<char, std::allocator<char> >::_M_allocate(unsigned long) (stl_vector.h:346)
==268755==    by 0x1F1431: std::vector<char, std::allocator<char> >::_M_default_append(unsigned long) (vector.tcc:635)
==268755==    by 0x1EF830: std::vector<char, std::allocator<char> >::resize(unsigned long) (stl_vector.h:940)
==268755==    by 0x1E9E13: cpp_dbc::MySQL::MySQLPreparedStatement::MySQLPreparedStatement(MYSQL*, std::__cxx11::basic_string<char, std::char_traits<char>, std::allocator<char> > const&) (driver_mysql.cpp:286)
==268755==    by 0x1F66A8: decltype (::new ((void*)(0)) cpp_dbc::MySQL::MySQLPreparedStatement((declval<MYSQL*&>)(), (declval<std::__cxx11::basic_string<char, std::char_traits<char>, std::allocator<char> > const&>)())) std::construct_at<cpp_dbc::MySQL::MySQLPreparedStatement, MYSQL*&, std::__cxx11::basic_string<char, std::char_traits<char>, std::allocator<char> > const&>(cpp_dbc::MySQL::MySQLPreparedStatement*, MYSQL*&, std::__cxx11::basic_string<char, std::char_traits<char>, std::allocator<char> > const&) (stl_construct.h:97)
==268755==    by 0x1F6724: void std::allocator_traits<std::allocator<cpp_dbc::MySQL::MySQLPreparedStatement> >::construct<cpp_dbc::MySQL::MySQLPreparedStatement, MYSQL*&, std::__cxx11::basic_string<char, std::char_traits<char>, std::allocator<char> > const&>(std::allocator<cpp_dbc::MySQL::MySQLPreparedStatement>&, cpp_dbc::MySQL::MySQLPreparedStatement*, MYSQL*&, std::__cxx11::basic_string<char, std::char_traits<char>, std::allocator<char> > const&) (alloc_traits.h:518)
==268755==    by 0x1F5C74: std::_Sp_counted_ptr_inplace<cpp_dbc::MySQL::MySQLPreparedStatement, std::allocator<cpp_dbc::MySQL::MySQLPreparedStatement>, (__gnu_cxx::_Lock_policy)2>::_Sp_counted_ptr_inplace<MYSQL*&, std::__cxx11::basic_string<char, std::char_traits<char>, std::allocator<char> > const&>(std::allocator<cpp_dbc::MySQL::MySQLPreparedStatement>, MYSQL*&, std::__cxx11::basic_string<char, std::char_traits<char>, std::allocator<char> > const&) (shared_ptr_base.h:519)
==268755==    by 0x1F4CF2: std::__shared_count<(__gnu_cxx::_Lock_policy)2>::__shared_count<cpp_dbc::MySQL::MySQLPreparedStatement, std::allocator<cpp_dbc::MySQL::MySQLPreparedStatement>, MYSQL*&, std::__cxx11::basic_string<char, std::char_traits<char>, std::allocator<char> > const&>(cpp_dbc::MySQL::MySQLPreparedStatement*&, std::_Sp_alloc_shared_tag<std::allocator<cpp_dbc::MySQL::MySQLPreparedStatement> >, MYSQL*&, std::__cxx11::basic_string<char, std::char_traits<char>, std::allocator<char> > const&) (shared_ptr_base.h:650)
==268755==    by 0x1F3D43: std::__shared_ptr<cpp_dbc::MySQL::MySQLPreparedStatement, (__gnu_cxx::_Lock_policy)2>::__shared_ptr<std::allocator<cpp_dbc::MySQL::MySQLPreparedStatement>, MYSQL*&, std::__cxx11::basic_string<char, std::char_traits<char>, std::allocator<char> > const&>(std::_Sp_alloc_shared_tag<std::allocator<cpp_dbc::MySQL::MySQLPreparedStatement> >, MYSQL*&, std::__cxx11::basic_string<char, std::char_traits<char>, std::allocator<char> > const&) (shared_ptr_base.h:1342)
==268755== 
==268755== 9 bytes in 1 blocks are still reachable in loss record 28 of 2,004
==268755==    at 0x4848899: malloc (in /usr/libexec/valgrind/vgpreload_memcheck-amd64-linux.so)
==268755==    by 0x561772A: CRYPTO_strdup (in /usr/lib/x86_64-linux-gnu/libcrypto.so.3)
==268755==    by 0x55763D7: ??? (in /usr/lib/x86_64-linux-gnu/libcrypto.so.3)
==268755==    by 0x55764D7: CONF_module_add (in /usr/lib/x86_64-linux-gnu/libcrypto.so.3)
==268755==    by 0x55787C5: OPENSSL_load_builtin_modules (in /usr/lib/x86_64-linux-gnu/libcrypto.so.3)
==268755==    by 0x557880C: ??? (in /usr/lib/x86_64-linux-gnu/libcrypto.so.3)
==268755==    by 0x522BEE7: __pthread_once_slow (pthread_once.c:116)
==268755==    by 0x5621C9C: CRYPTO_THREAD_run_once (in /usr/lib/x86_64-linux-gnu/libcrypto.so.3)
==268755==    by 0x5578955: CONF_modules_load (in /usr/lib/x86_64-linux-gnu/libcrypto.so.3)
==268755==    by 0x5578FCD: CONF_modules_load_file_ex (in /usr/lib/x86_64-linux-gnu/libcrypto.so.3)
==268755==    by 0x561E19F: ??? (in /usr/lib/x86_64-linux-gnu/libcrypto.so.3)
==268755==    by 0x522BEE7: __pthread_once_slow (pthread_once.c:116)
==268755== 
==268755== 9 bytes in 1 blocks are still reachable in loss record 29 of 2,004
==268755==    at 0x4848899: malloc (in /usr/libexec/valgrind/vgpreload_memcheck-amd64-linux.so)
==268755==    by 0x56177D2: CRYPTO_strndup (in /usr/lib/x86_64-linux-gnu/libcrypto.so.3)
==268755==    by 0x5619521: ??? (in /usr/lib/x86_64-linux-gnu/libcrypto.so.3)
==268755==    by 0x5615E27: ??? (in /usr/lib/x86_64-linux-gnu/libcrypto.so.3)
==268755==    by 0x5615F35: ??? (in /usr/lib/x86_64-linux-gnu/libcrypto.so.3)
==268755==    by 0x5615C50: ??? (in /usr/lib/x86_64-linux-gnu/libcrypto.so.3)
==268755==    by 0x56F4A6B: ??? (in /usr/lib/x86_64-linux-gnu/libcrypto.so.3)
==268755==    by 0x55EC302: EVP_CIPHER_fetch (in /usr/lib/x86_64-linux-gnu/libcrypto.so.3)
==268755==    by 0x53F137A: ??? (in /usr/lib/x86_64-linux-gnu/libssl.so.3)
==268755==    by 0x53F5161: SSL_CTX_new_ex (in /usr/lib/x86_64-linux-gnu/libssl.so.3)
==268755==    by 0x48F8280: ??? (in /usr/lib/x86_64-linux-gnu/libmysqlclient.so.21.2.42)
==268755==    by 0x489A042: ??? (in /usr/lib/x86_64-linux-gnu/libmysqlclient.so.21.2.42)
==268755== 
==268755== 10 bytes in 1 blocks are still reachable in loss record 30 of 2,004
==268755==    at 0x4848899: malloc (in /usr/libexec/valgrind/vgpreload_memcheck-amd64-linux.so)
==268755==    by 0x561772A: CRYPTO_strdup (in /usr/lib/x86_64-linux-gnu/libcrypto.so.3)
==268755==    by 0x55763D7: ??? (in /usr/lib/x86_64-linux-gnu/libcrypto.so.3)
==268755==    by 0x55764D7: CONF_module_add (in /usr/lib/x86_64-linux-gnu/libcrypto.so.3)
==268755==    by 0x55787DA: OPENSSL_load_builtin_modules (in /usr/lib/x86_64-linux-gnu/libcrypto.so.3)
==268755==    by 0x557880C: ??? (in /usr/lib/x86_64-linux-gnu/libcrypto.so.3)
==268755==    by 0x522BEE7: __pthread_once_slow (pthread_once.c:116)
==268755==    by 0x5621C9C: CRYPTO_THREAD_run_once (in /usr/lib/x86_64-linux-gnu/libcrypto.so.3)
==268755==    by 0x5578955: CONF_modules_load (in /usr/lib/x86_64-linux-gnu/libcrypto.so.3)
==268755==    by 0x5578FCD: CONF_modules_load_file_ex (in /usr/lib/x86_64-linux-gnu/libcrypto.so.3)
==268755==    by 0x561E19F: ??? (in /usr/lib/x86_64-linux-gnu/libcrypto.so.3)
==268755==    by 0x522BEE7: __pthread_once_slow (pthread_once.c:116)
==268755== 
==268755== 10 bytes in 1 blocks are still reachable in loss record 31 of 2,004
==268755==    at 0x4848899: malloc (in /usr/libexec/valgrind/vgpreload_memcheck-amd64-linux.so)
==268755==    by 0x56177D2: CRYPTO_strndup (in /usr/lib/x86_64-linux-gnu/libcrypto.so.3)
==268755==    by 0x5619521: ??? (in /usr/lib/x86_64-linux-gnu/libcrypto.so.3)
==268755==    by 0x5615E27: ??? (in /usr/lib/x86_64-linux-gnu/libcrypto.so.3)
==268755==    by 0x5615F35: ??? (in /usr/lib/x86_64-linux-gnu/libcrypto.so.3)
==268755==    by 0x5615B8A: ??? (in /usr/lib/x86_64-linux-gnu/libcrypto.so.3)
==268755==    by 0x56F4A6B: ??? (in /usr/lib/x86_64-linux-gnu/libcrypto.so.3)
==268755==    by 0x55EC302: EVP_CIPHER_fetch (in /usr/lib/x86_64-linux-gnu/libcrypto.so.3)
==268755==    by 0x53F137A: ??? (in /usr/lib/x86_64-linux-gnu/libssl.so.3)
==268755==    by 0x53F5161: SSL_CTX_new_ex (in /usr/lib/x86_64-linux-gnu/libssl.so.3)
==268755==    by 0x48F8280: ??? (in /usr/lib/x86_64-linux-gnu/libmysqlclient.so.21.2.42)
==268755==    by 0x489A042: ??? (in /usr/lib/x86_64-linux-gnu/libmysqlclient.so.21.2.42)
==268755== 
==268755== 12 bytes in 1 blocks are still reachable in loss record 32 of 2,004
==268755==    at 0x4848899: malloc (in /usr/libexec/valgrind/vgpreload_memcheck-amd64-linux.so)
==268755==    by 0x561772A: CRYPTO_strdup (in /usr/lib/x86_64-linux-gnu/libcrypto.so.3)
==268755==    by 0x55763D7: ??? (in /usr/lib/x86_64-linux-gnu/libcrypto.so.3)
==268755==    by 0x55764D7: CONF_module_add (in /usr/lib/x86_64-linux-gnu/libcrypto.so.3)
==268755==    by 0x557879C: OPENSSL_load_builtin_modules (in /usr/lib/x86_64-linux-gnu/libcrypto.so.3)
==268755==    by 0x557880C: ??? (in /usr/lib/x86_64-linux-gnu/libcrypto.so.3)
==268755==    by 0x522BEE7: __pthread_once_slow (pthread_once.c:116)
==268755==    by 0x5621C9C: CRYPTO_THREAD_run_once (in /usr/lib/x86_64-linux-gnu/libcrypto.so.3)
==268755==    by 0x5578955: CONF_modules_load (in /usr/lib/x86_64-linux-gnu/libcrypto.so.3)
==268755==    by 0x5578FCD: CONF_modules_load_file_ex (in /usr/lib/x86_64-linux-gnu/libcrypto.so.3)
==268755==    by 0x561E19F: ??? (in /usr/lib/x86_64-linux-gnu/libcrypto.so.3)
==268755==    by 0x522BEE7: __pthread_once_slow (pthread_once.c:116)
==268755== 
==268755== 12 bytes in 1 blocks are still reachable in loss record 33 of 2,004
==268755==    at 0x4848899: malloc (in /usr/libexec/valgrind/vgpreload_memcheck-amd64-linux.so)
==268755==    by 0x561772A: CRYPTO_strdup (in /usr/lib/x86_64-linux-gnu/libcrypto.so.3)
==268755==    by 0x55763D7: ??? (in /usr/lib/x86_64-linux-gnu/libcrypto.so.3)
==268755==    by 0x55764D7: CONF_module_add (in /usr/lib/x86_64-linux-gnu/libcrypto.so.3)
==268755==    by 0x55787AB: OPENSSL_load_builtin_modules (in /usr/lib/x86_64-linux-gnu/libcrypto.so.3)
==268755==    by 0x557880C: ??? (in /usr/lib/x86_64-linux-gnu/libcrypto.so.3)
==268755==    by 0x522BEE7: __pthread_once_slow (pthread_once.c:116)
==268755==    by 0x5621C9C: CRYPTO_THREAD_run_once (in /usr/lib/x86_64-linux-gnu/libcrypto.so.3)
==268755==    by 0x5578955: CONF_modules_load (in /usr/lib/x86_64-linux-gnu/libcrypto.so.3)
==268755==    by 0x5578FCD: CONF_modules_load_file_ex (in /usr/lib/x86_64-linux-gnu/libcrypto.so.3)
==268755==    by 0x561E19F: ??? (in /usr/lib/x86_64-linux-gnu/libcrypto.so.3)
==268755==    by 0x522BEE7: __pthread_once_slow (pthread_once.c:116)
==268755== 
==268755== 13 bytes in 1 blocks are still reachable in loss record 34 of 2,004
==268755==    at 0x4848899: malloc (in /usr/libexec/valgrind/vgpreload_memcheck-amd64-linux.so)
==268755==    by 0x561772A: CRYPTO_strdup (in /usr/lib/x86_64-linux-gnu/libcrypto.so.3)
==268755==    by 0x55763D7: ??? (in /usr/lib/x86_64-linux-gnu/libcrypto.so.3)
==268755==    by 0x55764D7: CONF_module_add (in /usr/lib/x86_64-linux-gnu/libcrypto.so.3)
==268755==    by 0x55787A1: OPENSSL_load_builtin_modules (in /usr/lib/x86_64-linux-gnu/libcrypto.so.3)
==268755==    by 0x557880C: ??? (in /usr/lib/x86_64-linux-gnu/libcrypto.so.3)
==268755==    by 0x522BEE7: __pthread_once_slow (pthread_once.c:116)
==268755==    by 0x5621C9C: CRYPTO_THREAD_run_once (in /usr/lib/x86_64-linux-gnu/libcrypto.so.3)
==268755==    by 0x5578955: CONF_modules_load (in /usr/lib/x86_64-linux-gnu/libcrypto.so.3)
==268755==    by 0x5578FCD: CONF_modules_load_file_ex (in /usr/lib/x86_64-linux-gnu/libcrypto.so.3)
==268755==    by 0x561E19F: ??? (in /usr/lib/x86_64-linux-gnu/libcrypto.so.3)
==268755==    by 0x522BEE7: __pthread_once_slow (pthread_once.c:116)
==268755== 
==268755== 13 bytes in 1 blocks are still reachable in loss record 35 of 2,004
==268755==    at 0x4848899: malloc (in /usr/libexec/valgrind/vgpreload_memcheck-amd64-linux.so)
==268755==    by 0x561772A: CRYPTO_strdup (in /usr/lib/x86_64-linux-gnu/libcrypto.so.3)
==268755==    by 0x5576130: ??? (in /usr/lib/x86_64-linux-gnu/libcrypto.so.3)
==268755==    by 0x5578B6D: CONF_modules_load (in /usr/lib/x86_64-linux-gnu/libcrypto.so.3)
==268755==    by 0x5578FCD: CONF_modules_load_file_ex (in /usr/lib/x86_64-linux-gnu/libcrypto.so.3)
==268755==    by 0x561E19F: ??? (in /usr/lib/x86_64-linux-gnu/libcrypto.so.3)
==268755==    by 0x522BEE7: __pthread_once_slow (pthread_once.c:116)
==268755==    by 0x5621C9C: CRYPTO_THREAD_run_once (in /usr/lib/x86_64-linux-gnu/libcrypto.so.3)
==268755==    by 0x561EC05: OPENSSL_init_crypto (in /usr/lib/x86_64-linux-gnu/libcrypto.so.3)
==268755==    by 0x53EB9B6: OPENSSL_init_ssl (in /usr/lib/x86_64-linux-gnu/libssl.so.3)
==268755==    by 0x488FB29: mysql_server_init (in /usr/lib/x86_64-linux-gnu/libmysqlclient.so.21.2.42)
==268755==    by 0x1ED98C: cpp_dbc::MySQL::MySQLDriver::MySQLDriver() (driver_mysql.cpp:797)
==268755== 
==268755== 14 bytes in 1 blocks are still reachable in loss record 36 of 2,004
==268755==    at 0x4848899: malloc (in /usr/libexec/valgrind/vgpreload_memcheck-amd64-linux.so)
==268755==    by 0x56177D2: CRYPTO_strndup (in /usr/lib/x86_64-linux-gnu/libcrypto.so.3)
==268755==    by 0x5619521: ??? (in /usr/lib/x86_64-linux-gnu/libcrypto.so.3)
==268755==    by 0x5615E27: ??? (in /usr/lib/x86_64-linux-gnu/libcrypto.so.3)
==268755==    by 0x561603A: ??? (in /usr/lib/x86_64-linux-gnu/libcrypto.so.3)
==268755==    by 0x5615BFC: ??? (in /usr/lib/x86_64-linux-gnu/libcrypto.so.3)
==268755==    by 0x56F4A6B: ??? (in /usr/lib/x86_64-linux-gnu/libcrypto.so.3)
==268755==    by 0x55EC302: EVP_CIPHER_fetch (in /usr/lib/x86_64-linux-gnu/libcrypto.so.3)
==268755==    by 0x53F137A: ??? (in /usr/lib/x86_64-linux-gnu/libssl.so.3)
==268755==    by 0x53F5161: SSL_CTX_new_ex (in /usr/lib/x86_64-linux-gnu/libssl.so.3)
==268755==    by 0x48F8280: ??? (in /usr/lib/x86_64-linux-gnu/libmysqlclient.so.21.2.42)
==268755==    by 0x489A042: ??? (in /usr/lib/x86_64-linux-gnu/libmysqlclient.so.21.2.42)
==268755== 
==268755== 15 bytes in 1 blocks are still reachable in loss record 37 of 2,004
==268755==    at 0x4848899: malloc (in /usr/libexec/valgrind/vgpreload_memcheck-amd64-linux.so)
==268755==    by 0x561772A: CRYPTO_strdup (in /usr/lib/x86_64-linux-gnu/libcrypto.so.3)
==268755==    by 0x5576078: ??? (in /usr/lib/x86_64-linux-gnu/libcrypto.so.3)
==268755==    by 0x5578B6D: CONF_modules_load (in /usr/lib/x86_64-linux-gnu/libcrypto.so.3)
==268755==    by 0x5578FCD: CONF_modules_load_file_ex (in /usr/lib/x86_64-linux-gnu/libcrypto.so.3)
==268755==    by 0x561E19F: ??? (in /usr/lib/x86_64-linux-gnu/libcrypto.so.3)
==268755==    by 0x522BEE7: __pthread_once_slow (pthread_once.c:116)
==268755==    by 0x5621C9C: CRYPTO_THREAD_run_once (in /usr/lib/x86_64-linux-gnu/libcrypto.so.3)
==268755==    by 0x561EC05: OPENSSL_init_crypto (in /usr/lib/x86_64-linux-gnu/libcrypto.so.3)
==268755==    by 0x53EB9B6: OPENSSL_init_ssl (in /usr/lib/x86_64-linux-gnu/libssl.so.3)
==268755==    by 0x488FB29: mysql_server_init (in /usr/lib/x86_64-linux-gnu/libmysqlclient.so.21.2.42)
==268755==    by 0x1ED98C: cpp_dbc::MySQL::MySQLDriver::MySQLDriver() (driver_mysql.cpp:797)
==268755== 
==268755== 15 bytes in 1 blocks are still reachable in loss record 38 of 2,004
==268755==    at 0x4848899: malloc (in /usr/libexec/valgrind/vgpreload_memcheck-amd64-linux.so)
==268755==    by 0x56177D2: CRYPTO_strndup (in /usr/lib/x86_64-linux-gnu/libcrypto.so.3)
==268755==    by 0x5619521: ??? (in /usr/lib/x86_64-linux-gnu/libcrypto.so.3)
==268755==    by 0x5615E27: ??? (in /usr/lib/x86_64-linux-gnu/libcrypto.so.3)
==268755==    by 0x5615F09: ??? (in /usr/lib/x86_64-linux-gnu/libcrypto.so.3)
==268755==    by 0x5615C50: ??? (in /usr/lib/x86_64-linux-gnu/libcrypto.so.3)
==268755==    by 0x56F4A6B: ??? (in /usr/lib/x86_64-linux-gnu/libcrypto.so.3)
==268755==    by 0x55EC302: EVP_CIPHER_fetch (in /usr/lib/x86_64-linux-gnu/libcrypto.so.3)
==268755==    by 0x53F137A: ??? (in /usr/lib/x86_64-linux-gnu/libssl.so.3)
==268755==    by 0x53F5161: SSL_CTX_new_ex (in /usr/lib/x86_64-linux-gnu/libssl.so.3)
==268755==    by 0x48F8280: ??? (in /usr/lib/x86_64-linux-gnu/libmysqlclient.so.21.2.42)
==268755==    by 0x489A042: ??? (in /usr/lib/x86_64-linux-gnu/libmysqlclient.so.21.2.42)
==268755== 
==268755== 15 bytes in 1 blocks are still reachable in loss record 39 of 2,004
==268755==    at 0x4848899: malloc (in /usr/libexec/valgrind/vgpreload_memcheck-amd64-linux.so)
==268755==    by 0x523A58E: strdup (strdup.c:42)
==268755==    by 0x526CC10: tzset_internal (tzset.c:402)
==268755==    by 0x526D5A6: __tz_convert (tzset.c:577)
==268755==    by 0x1B5137: cpp_dbc::system_utils::currentTimeMillis[abi:cxx11]() (system_utils.hpp:39)
==268755==    by 0x1B2562: CATCH2_INTERNAL_TEST_0()::{lambda()#1}::operator()() const (test_mysql_real.cpp:264)
==268755==    by 0x1B4DC5: void std::__invoke_impl<void, CATCH2_INTERNAL_TEST_0()::{lambda()#1}>(std::__invoke_other, CATCH2_INTERNAL_TEST_0()::{lambda()#1}&&) (invoke.h:61)
==268755==    by 0x1B4D88: std::__invoke_result<CATCH2_INTERNAL_TEST_0()::{lambda()#1}>::type std::__invoke<CATCH2_INTERNAL_TEST_0()::{lambda()#1}>(CATCH2_INTERNAL_TEST_0()::{lambda()#1}&&) (invoke.h:96)
==268755==    by 0x1B4D35: void std::thread::_Invoker<std::tuple<CATCH2_INTERNAL_TEST_0()::{lambda()#1}> >::_M_invoke<0ul>(std::_Index_tuple<0ul>) (std_thread.h:259)
==268755==    by 0x1B4D09: std::thread::_Invoker<std::tuple<CATCH2_INTERNAL_TEST_0()::{lambda()#1}> >::operator()() (std_thread.h:266)
==268755==    by 0x1B4CED: std::thread::_State_impl<std::thread::_Invoker<std::tuple<CATCH2_INTERNAL_TEST_0()::{lambda()#1}> > >::_M_run() (std_thread.h:211)
==268755==    by 0x5020252: ??? (in /usr/lib/x86_64-linux-gnu/libstdc++.so.6.0.30)
==268755== 
==268755== 16 bytes in 1 blocks are still reachable in loss record 40 of 2,004
==268755==    at 0x4849013: operator new(unsigned long) (in /usr/libexec/valgrind/vgpreload_memcheck-amd64-linux.so)
==268755==    by 0x26EB94: Catch::Detail::unique_ptr<Catch::TestInvokerAsFunction> Catch::Detail::make_unique<Catch::TestInvokerAsFunction, void (*&)()>(void (*&)()) (catch_unique_ptr.hpp:111)
==268755==    by 0x26E86D: Catch::makeTestInvoker(void (*)()) (catch_test_registry.cpp:52)
==268755==    by 0x131110: __static_initialization_and_destruction_0(int, int) (test_basic.cpp:6)
==268755==    by 0x131316: _GLOBAL__sub_I_test_basic.cpp (test_basic.cpp:36)
==268755==    by 0x51BBEBA: call_init (libc-start.c:145)
==268755==    by 0x51BBEBA: __libc_start_main@@GLIBC_2.34 (libc-start.c:379)
==268755==    by 0x12E4D4: (below main) (in /home/dsystems/Desktop/projects/cpp/cpp_dbc/build/libs/cpp_dbc/test/test/cpp_dbc_tests)
==268755== 
==268755== 16 bytes in 1 blocks are still reachable in loss record 41 of 2,004
==268755==    at 0x4849013: operator new(unsigned long) (in /usr/libexec/valgrind/vgpreload_memcheck-amd64-linux.so)
==268755==    by 0x2169F1: __gnu_cxx::new_allocator<Catch::Tag>::allocate(unsigned long, void const*) (new_allocator.h:127)
==268755==    by 0x216331: std::allocator_traits<std::allocator<Catch::Tag> >::allocate(std::allocator<Catch::Tag>&, unsigned long) (alloc_traits.h:464)
==268755==    by 0x215DF5: std::_Vector_base<Catch::Tag, std::allocator<Catch::Tag> >::_M_allocate(unsigned long) (stl_vector.h:346)
==268755==    by 0x21560A: void std::vector<Catch::Tag, std::allocator<Catch::Tag> >::_M_realloc_insert<Catch::StringRef>(__gnu_cxx::__normal_iterator<Catch::Tag*, std::vector<Catch::Tag, std::allocator<Catch::Tag> > >, Catch::StringRef&&) (vector.tcc:440)
==268755==    by 0x214F55: Catch::Tag& std::vector<Catch::Tag, std::allocator<Catch::Tag> >::emplace_back<Catch::StringRef>(Catch::StringRef&&) (vector.tcc:121)
==268755==    by 0x21462D: Catch::TestCaseInfo::internalAppendTag(Catch::StringRef) (catch_test_case_info.cpp:225)
==268755==    by 0x213FBA: Catch::TestCaseInfo::TestCaseInfo(Catch::StringRef, Catch::NameAndTags const&, Catch::SourceLineInfo const&) (catch_test_case_info.cpp:168)
==268755==    by 0x214A8E: Catch::Detail::unique_ptr<Catch::TestCaseInfo> Catch::Detail::make_unique<Catch::TestCaseInfo, Catch::StringRef&, Catch::NameAndTags const&, Catch::SourceLineInfo const&>(Catch::StringRef&, Catch::NameAndTags const&, Catch::SourceLineInfo const&) (catch_unique_ptr.hpp:111)
==268755==    by 0x213B99: Catch::makeTestCaseInfo(Catch::StringRef, Catch::NameAndTags const&, Catch::SourceLineInfo const&) (catch_test_case_info.cpp:118)
==268755==    by 0x26E957: Catch::AutoReg::AutoReg(Catch::Detail::unique_ptr<Catch::ITestInvoker>, Catch::SourceLineInfo const&, Catch::StringRef, Catch::NameAndTags const&) (catch_test_registry.cpp:59)
==268755==    by 0x13113C: __static_initialization_and_destruction_0(int, int) (test_basic.cpp:6)
==268755== 
==268755== 16 bytes in 1 blocks are still reachable in loss record 42 of 2,004
==268755==    at 0x4849013: operator new(unsigned long) (in /usr/libexec/valgrind/vgpreload_memcheck-amd64-linux.so)
==268755==    by 0x26EB94: Catch::Detail::unique_ptr<Catch::TestInvokerAsFunction> Catch::Detail::make_unique<Catch::TestInvokerAsFunction, void (*&)()>(void (*&)()) (catch_unique_ptr.hpp:111)
==268755==    by 0x26E86D: Catch::makeTestInvoker(void (*)()) (catch_test_registry.cpp:52)
==268755==    by 0x1311E0: __static_initialization_and_destruction_0(int, int) (test_basic.cpp:17)
==268755==    by 0x131316: _GLOBAL__sub_I_test_basic.cpp (test_basic.cpp:36)
==268755==    by 0x51BBEBA: call_init (libc-start.c:145)
==268755==    by 0x51BBEBA: __libc_start_main@@GLIBC_2.34 (libc-start.c:379)
==268755==    by 0x12E4D4: (below main) (in /home/dsystems/Desktop/projects/cpp/cpp_dbc/build/libs/cpp_dbc/test/test/cpp_dbc_tests)
==268755== 
==268755== 16 bytes in 1 blocks are still reachable in loss record 43 of 2,004
==268755==    at 0x4849013: operator new(unsigned long) (in /usr/libexec/valgrind/vgpreload_memcheck-amd64-linux.so)
==268755==    by 0x2169F1: __gnu_cxx::new_allocator<Catch::Tag>::allocate(unsigned long, void const*) (new_allocator.h:127)
==268755==    by 0x216331: std::allocator_traits<std::allocator<Catch::Tag> >::allocate(std::allocator<Catch::Tag>&, unsigned long) (alloc_traits.h:464)
==268755==    by 0x215DF5: std::_Vector_base<Catch::Tag, std::allocator<Catch::Tag> >::_M_allocate(unsigned long) (stl_vector.h:346)
==268755==    by 0x21560A: void std::vector<Catch::Tag, std::allocator<Catch::Tag> >::_M_realloc_insert<Catch::StringRef>(__gnu_cxx::__normal_iterator<Catch::Tag*, std::vector<Catch::Tag, std::allocator<Catch::Tag> > >, Catch::StringRef&&) (vector.tcc:440)
==268755==    by 0x214F55: Catch::Tag& std::vector<Catch::Tag, std::allocator<Catch::Tag> >::emplace_back<Catch::StringRef>(Catch::StringRef&&) (vector.tcc:121)
==268755==    by 0x21462D: Catch::TestCaseInfo::internalAppendTag(Catch::StringRef) (catch_test_case_info.cpp:225)
==268755==    by 0x213FBA: Catch::TestCaseInfo::TestCaseInfo(Catch::StringRef, Catch::NameAndTags const&, Catch::SourceLineInfo const&) (catch_test_case_info.cpp:168)
==268755==    by 0x214A8E: Catch::Detail::unique_ptr<Catch::TestCaseInfo> Catch::Detail::make_unique<Catch::TestCaseInfo, Catch::StringRef&, Catch::NameAndTags const&, Catch::SourceLineInfo const&>(Catch::StringRef&, Catch::NameAndTags const&, Catch::SourceLineInfo const&) (catch_unique_ptr.hpp:111)
==268755==    by 0x213B99: Catch::makeTestCaseInfo(Catch::StringRef, Catch::NameAndTags const&, Catch::SourceLineInfo const&) (catch_test_case_info.cpp:118)
==268755==    by 0x26E957: Catch::AutoReg::AutoReg(Catch::Detail::unique_ptr<Catch::ITestInvoker>, Catch::SourceLineInfo const&, Catch::StringRef, Catch::NameAndTags const&) (catch_test_registry.cpp:59)
==268755==    by 0x13120C: __static_initialization_and_destruction_0(int, int) (test_basic.cpp:17)
==268755== 
==268755== 16 bytes in 1 blocks are still reachable in loss record 44 of 2,004
==268755==    at 0x4849013: operator new(unsigned long) (in /usr/libexec/valgrind/vgpreload_memcheck-amd64-linux.so)
==268755==    by 0x26EB94: Catch::Detail::unique_ptr<Catch::TestInvokerAsFunction> Catch::Detail::make_unique<Catch::TestInvokerAsFunction, void (*&)()>(void (*&)()) (catch_unique_ptr.hpp:111)
==268755==    by 0x26E86D: Catch::makeTestInvoker(void (*)()) (catch_test_registry.cpp:52)
==268755==    by 0x1312B0: __static_initialization_and_destruction_0(int, int) (test_basic.cpp:28)
==268755==    by 0x131316: _GLOBAL__sub_I_test_basic.cpp (test_basic.cpp:36)
==268755==    by 0x51BBEBA: call_init (libc-start.c:145)
==268755==    by 0x51BBEBA: __libc_start_main@@GLIBC_2.34 (libc-start.c:379)
==268755==    by 0x12E4D4: (below main) (in /home/dsystems/Desktop/projects/cpp/cpp_dbc/build/libs/cpp_dbc/test/test/cpp_dbc_tests)
==268755== 
==268755== 16 bytes in 1 blocks are still reachable in loss record 45 of 2,004
==268755==    at 0x4849013: operator new(unsigned long) (in /usr/libexec/valgrind/vgpreload_memcheck-amd64-linux.so)
==268755==    by 0x2169F1: __gnu_cxx::new_allocator<Catch::Tag>::allocate(unsigned long, void const*) (new_allocator.h:127)
==268755==    by 0x216331: std::allocator_traits<std::allocator<Catch::Tag> >::allocate(std::allocator<Catch::Tag>&, unsigned long) (alloc_traits.h:464)
==268755==    by 0x215DF5: std::_Vector_base<Catch::Tag, std::allocator<Catch::Tag> >::_M_allocate(unsigned long) (stl_vector.h:346)
==268755==    by 0x21560A: void std::vector<Catch::Tag, std::allocator<Catch::Tag> >::_M_realloc_insert<Catch::StringRef>(__gnu_cxx::__normal_iterator<Catch::Tag*, std::vector<Catch::Tag, std::allocator<Catch::Tag> > >, Catch::StringRef&&) (vector.tcc:440)
==268755==    by 0x214F55: Catch::Tag& std::vector<Catch::Tag, std::allocator<Catch::Tag> >::emplace_back<Catch::StringRef>(Catch::StringRef&&) (vector.tcc:121)
==268755==    by 0x21462D: Catch::TestCaseInfo::internalAppendTag(Catch::StringRef) (catch_test_case_info.cpp:225)
==268755==    by 0x213FBA: Catch::TestCaseInfo::TestCaseInfo(Catch::StringRef, Catch::NameAndTags const&, Catch::SourceLineInfo const&) (catch_test_case_info.cpp:168)
==268755==    by 0x214A8E: Catch::Detail::unique_ptr<Catch::TestCaseInfo> Catch::Detail::make_unique<Catch::TestCaseInfo, Catch::StringRef&, Catch::NameAndTags const&, Catch::SourceLineInfo const&>(Catch::StringRef&, Catch::NameAndTags const&, Catch::SourceLineInfo const&) (catch_unique_ptr.hpp:111)
==268755==    by 0x213B99: Catch::makeTestCaseInfo(Catch::StringRef, Catch::NameAndTags const&, Catch::SourceLineInfo const&) (catch_test_case_info.cpp:118)
==268755==    by 0x26E957: Catch::AutoReg::AutoReg(Catch::Detail::unique_ptr<Catch::ITestInvoker>, Catch::SourceLineInfo const&, Catch::StringRef, Catch::NameAndTags const&) (catch_test_registry.cpp:59)
==268755==    by 0x1312DC: __static_initialization_and_destruction_0(int, int) (test_basic.cpp:28)
==268755== 
==268755== 16 bytes in 1 blocks are still reachable in loss record 46 of 2,004
==268755==    at 0x4849013: operator new(unsigned long) (in /usr/libexec/valgrind/vgpreload_memcheck-amd64-linux.so)
==268755==    by 0x26EB94: Catch::Detail::unique_ptr<Catch::TestInvokerAsFunction> Catch::Detail::make_unique<Catch::TestInvokerAsFunction, void (*&)()>(void (*&)()) (catch_unique_ptr.hpp:111)
==268755==    by 0x26E86D: Catch::makeTestInvoker(void (*)()) (catch_test_registry.cpp:52)
==268755==    by 0x133DC4: __static_initialization_and_destruction_0(int, int) (test_yaml.cpp:6)
==268755==    by 0x133E2A: _GLOBAL__sub_I_test_yaml.cpp (test_yaml.cpp:47)
==268755==    by 0x51BBEBA: call_init (libc-start.c:145)
==268755==    by 0x51BBEBA: __libc_start_main@@GLIBC_2.34 (libc-start.c:379)
==268755==    by 0x12E4D4: (below main) (in /home/dsystems/Desktop/projects/cpp/cpp_dbc/build/libs/cpp_dbc/test/test/cpp_dbc_tests)
==268755== 
==268755== 16 bytes in 1 blocks are still reachable in loss record 47 of 2,004
==268755==    at 0x4849013: operator new(unsigned long) (in /usr/libexec/valgrind/vgpreload_memcheck-amd64-linux.so)
==268755==    by 0x2169F1: __gnu_cxx::new_allocator<Catch::Tag>::allocate(unsigned long, void const*) (new_allocator.h:127)
==268755==    by 0x216331: std::allocator_traits<std::allocator<Catch::Tag> >::allocate(std::allocator<Catch::Tag>&, unsigned long) (alloc_traits.h:464)
==268755==    by 0x215DF5: std::_Vector_base<Catch::Tag, std::allocator<Catch::Tag> >::_M_allocate(unsigned long) (stl_vector.h:346)
==268755==    by 0x21560A: void std::vector<Catch::Tag, std::allocator<Catch::Tag> >::_M_realloc_insert<Catch::StringRef>(__gnu_cxx::__normal_iterator<Catch::Tag*, std::vector<Catch::Tag, std::allocator<Catch::Tag> > >, Catch::StringRef&&) (vector.tcc:440)
==268755==    by 0x214F55: Catch::Tag& std::vector<Catch::Tag, std::allocator<Catch::Tag> >::emplace_back<Catch::StringRef>(Catch::StringRef&&) (vector.tcc:121)
==268755==    by 0x21462D: Catch::TestCaseInfo::internalAppendTag(Catch::StringRef) (catch_test_case_info.cpp:225)
==268755==    by 0x213FBA: Catch::TestCaseInfo::TestCaseInfo(Catch::StringRef, Catch::NameAndTags const&, Catch::SourceLineInfo const&) (catch_test_case_info.cpp:168)
==268755==    by 0x214A8E: Catch::Detail::unique_ptr<Catch::TestCaseInfo> Catch::Detail::make_unique<Catch::TestCaseInfo, Catch::StringRef&, Catch::NameAndTags const&, Catch::SourceLineInfo const&>(Catch::StringRef&, Catch::NameAndTags const&, Catch::SourceLineInfo const&) (catch_unique_ptr.hpp:111)
==268755==    by 0x213B99: Catch::makeTestCaseInfo(Catch::StringRef, Catch::NameAndTags const&, Catch::SourceLineInfo const&) (catch_test_case_info.cpp:118)
==268755==    by 0x26E957: Catch::AutoReg::AutoReg(Catch::Detail::unique_ptr<Catch::ITestInvoker>, Catch::SourceLineInfo const&, Catch::StringRef, Catch::NameAndTags const&) (catch_test_registry.cpp:59)
==268755==    by 0x133DF0: __static_initialization_and_destruction_0(int, int) (test_yaml.cpp:6)
==268755== 
==268755== 16 bytes in 1 blocks are still reachable in loss record 48 of 2,004
==268755==    at 0x4849013: operator new(unsigned long) (in /usr/libexec/valgrind/vgpreload_memcheck-amd64-linux.so)
==268755==    by 0x26EB94: Catch::Detail::unique_ptr<Catch::TestInvokerAsFunction> Catch::Detail::make_unique<Catch::TestInvokerAsFunction, void (*&)()>(void (*&)()) (catch_unique_ptr.hpp:111)
==268755==    by 0x26E86D: Catch::makeTestInvoker(void (*)()) (catch_test_registry.cpp:52)
==268755==    by 0x14AE0C: __static_initialization_and_destruction_0(int, int) (test_db_config.cpp:107)
==268755==    by 0x14B762: _GLOBAL__sub_I__Z22createConnectionStringB5cxx11RKN4YAML4NodeE (test_db_config.cpp:498)
==268755==    by 0x51BBEBA: call_init (libc-start.c:145)
==268755==    by 0x51BBEBA: __libc_start_main@@GLIBC_2.34 (libc-start.c:379)
==268755==    by 0x12E4D4: (below main) (in /home/dsystems/Desktop/projects/cpp/cpp_dbc/build/libs/cpp_dbc/test/test/cpp_dbc_tests)
==268755== 
==268755== 16 bytes in 1 blocks are still reachable in loss record 49 of 2,004
==268755==    at 0x4849013: operator new(unsigned long) (in /usr/libexec/valgrind/vgpreload_memcheck-amd64-linux.so)
==268755==    by 0x2169F1: __gnu_cxx::new_allocator<Catch::Tag>::allocate(unsigned long, void const*) (new_allocator.h:127)
==268755==    by 0x216331: std::allocator_traits<std::allocator<Catch::Tag> >::allocate(std::allocator<Catch::Tag>&, unsigned long) (alloc_traits.h:464)
==268755==    by 0x215DF5: std::_Vector_base<Catch::Tag, std::allocator<Catch::Tag> >::_M_allocate(unsigned long) (stl_vector.h:346)
==268755==    by 0x21560A: void std::vector<Catch::Tag, std::allocator<Catch::Tag> >::_M_realloc_insert<Catch::StringRef>(__gnu_cxx::__normal_iterator<Catch::Tag*, std::vector<Catch::Tag, std::allocator<Catch::Tag> > >, Catch::StringRef&&) (vector.tcc:440)
==268755==    by 0x214F55: Catch::Tag& std::vector<Catch::Tag, std::allocator<Catch::Tag> >::emplace_back<Catch::StringRef>(Catch::StringRef&&) (vector.tcc:121)
==268755==    by 0x21462D: Catch::TestCaseInfo::internalAppendTag(Catch::StringRef) (catch_test_case_info.cpp:225)
==268755==    by 0x213FBA: Catch::TestCaseInfo::TestCaseInfo(Catch::StringRef, Catch::NameAndTags const&, Catch::SourceLineInfo const&) (catch_test_case_info.cpp:168)
==268755==    by 0x214A8E: Catch::Detail::unique_ptr<Catch::TestCaseInfo> Catch::Detail::make_unique<Catch::TestCaseInfo, Catch::StringRef&, Catch::NameAndTags const&, Catch::SourceLineInfo const&>(Catch::StringRef&, Catch::NameAndTags const&, Catch::SourceLineInfo const&) (catch_unique_ptr.hpp:111)
==268755==    by 0x213B99: Catch::makeTestCaseInfo(Catch::StringRef, Catch::NameAndTags const&, Catch::SourceLineInfo const&) (catch_test_case_info.cpp:118)
==268755==    by 0x26E957: Catch::AutoReg::AutoReg(Catch::Detail::unique_ptr<Catch::ITestInvoker>, Catch::SourceLineInfo const&, Catch::StringRef, Catch::NameAndTags const&) (catch_test_registry.cpp:59)
==268755==    by 0x14AE38: __static_initialization_and_destruction_0(int, int) (test_db_config.cpp:107)
==268755== 
==268755== 16 bytes in 1 blocks are still reachable in loss record 50 of 2,004
==268755==    at 0x4849013: operator new(unsigned long) (in /usr/libexec/valgrind/vgpreload_memcheck-amd64-linux.so)
==268755==    by 0x26EB94: Catch::Detail::unique_ptr<Catch::TestInvokerAsFunction> Catch::Detail::make_unique<Catch::TestInvokerAsFunction, void (*&)()>(void (*&)()) (catch_unique_ptr.hpp:111)
==268755==    by 0x26E86D: Catch::makeTestInvoker(void (*)()) (catch_test_registry.cpp:52)
==268755==    by 0x14AEDC: __static_initialization_and_destruction_0(int, int) (test_db_config.cpp:136)
==268755==    by 0x14B762: _GLOBAL__sub_I__Z22createConnectionStringB5cxx11RKN4YAML4NodeE (test_db_config.cpp:498)
==268755==    by 0x51BBEBA: call_init (libc-start.c:145)
==268755==    by 0x51BBEBA: __libc_start_main@@GLIBC_2.34 (libc-start.c:379)
==268755==    by 0x12E4D4: (below main) (in /home/dsystems/Desktop/projects/cpp/cpp_dbc/build/libs/cpp_dbc/test/test/cpp_dbc_tests)
==268755== 
==268755== 16 bytes in 1 blocks are still reachable in loss record 51 of 2,004
==268755==    at 0x4849013: operator new(unsigned long) (in /usr/libexec/valgrind/vgpreload_memcheck-amd64-linux.so)
==268755==    by 0x2169F1: __gnu_cxx::new_allocator<Catch::Tag>::allocate(unsigned long, void const*) (new_allocator.h:127)
==268755==    by 0x216331: std::allocator_traits<std::allocator<Catch::Tag> >::allocate(std::allocator<Catch::Tag>&, unsigned long) (alloc_traits.h:464)
==268755==    by 0x215DF5: std::_Vector_base<Catch::Tag, std::allocator<Catch::Tag> >::_M_allocate(unsigned long) (stl_vector.h:346)
==268755==    by 0x21560A: void std::vector<Catch::Tag, std::allocator<Catch::Tag> >::_M_realloc_insert<Catch::StringRef>(__gnu_cxx::__normal_iterator<Catch::Tag*, std::vector<Catch::Tag, std::allocator<Catch::Tag> > >, Catch::StringRef&&) (vector.tcc:440)
==268755==    by 0x214F55: Catch::Tag& std::vector<Catch::Tag, std::allocator<Catch::Tag> >::emplace_back<Catch::StringRef>(Catch::StringRef&&) (vector.tcc:121)
==268755==    by 0x21462D: Catch::TestCaseInfo::internalAppendTag(Catch::StringRef) (catch_test_case_info.cpp:225)
==268755==    by 0x213FBA: Catch::TestCaseInfo::TestCaseInfo(Catch::StringRef, Catch::NameAndTags const&, Catch::SourceLineInfo const&) (catch_test_case_info.cpp:168)
==268755==    by 0x214A8E: Catch::Detail::unique_ptr<Catch::TestCaseInfo> Catch::Detail::make_unique<Catch::TestCaseInfo, Catch::StringRef&, Catch::NameAndTags const&, Catch::SourceLineInfo const&>(Catch::StringRef&, Catch::NameAndTags const&, Catch::SourceLineInfo const&) (catch_unique_ptr.hpp:111)
==268755==    by 0x213B99: Catch::makeTestCaseInfo(Catch::StringRef, Catch::NameAndTags const&, Catch::SourceLineInfo const&) (catch_test_case_info.cpp:118)
==268755==    by 0x26E957: Catch::AutoReg::AutoReg(Catch::Detail::unique_ptr<Catch::ITestInvoker>, Catch::SourceLineInfo const&, Catch::StringRef, Catch::NameAndTags const&) (catch_test_registry.cpp:59)
==268755==    by 0x14AF08: __static_initialization_and_destruction_0(int, int) (test_db_config.cpp:136)
==268755== 
==268755== 16 bytes in 1 blocks are still reachable in loss record 52 of 2,004
==268755==    at 0x4849013: operator new(unsigned long) (in /usr/libexec/valgrind/vgpreload_memcheck-amd64-linux.so)
==268755==    by 0x26EB94: Catch::Detail::unique_ptr<Catch::TestInvokerAsFunction> Catch::Detail::make_unique<Catch::TestInvokerAsFunction, void (*&)()>(void (*&)()) (catch_unique_ptr.hpp:111)
==268755==    by 0x26E86D: Catch::makeTestInvoker(void (*)()) (catch_test_registry.cpp:52)
==268755==    by 0x14AFAC: __static_initialization_and_destruction_0(int, int) (test_db_config.cpp:213)
==268755==    by 0x14B762: _GLOBAL__sub_I__Z22createConnectionStringB5cxx11RKN4YAML4NodeE (test_db_config.cpp:498)
==268755==    by 0x51BBEBA: call_init (libc-start.c:145)
==268755==    by 0x51BBEBA: __libc_start_main@@GLIBC_2.34 (libc-start.c:379)
==268755==    by 0x12E4D4: (below main) (in /home/dsystems/Desktop/projects/cpp/cpp_dbc/build/libs/cpp_dbc/test/test/cpp_dbc_tests)
==268755== 
==268755== 16 bytes in 1 blocks are still reachable in loss record 53 of 2,004
==268755==    at 0x4849013: operator new(unsigned long) (in /usr/libexec/valgrind/vgpreload_memcheck-amd64-linux.so)
==268755==    by 0x2169F1: __gnu_cxx::new_allocator<Catch::Tag>::allocate(unsigned long, void const*) (new_allocator.h:127)
==268755==    by 0x216331: std::allocator_traits<std::allocator<Catch::Tag> >::allocate(std::allocator<Catch::Tag>&, unsigned long) (alloc_traits.h:464)
==268755==    by 0x215DF5: std::_Vector_base<Catch::Tag, std::allocator<Catch::Tag> >::_M_allocate(unsigned long) (stl_vector.h:346)
==268755==    by 0x21560A: void std::vector<Catch::Tag, std::allocator<Catch::Tag> >::_M_realloc_insert<Catch::StringRef>(__gnu_cxx::__normal_iterator<Catch::Tag*, std::vector<Catch::Tag, std::allocator<Catch::Tag> > >, Catch::StringRef&&) (vector.tcc:440)
==268755==    by 0x214F55: Catch::Tag& std::vector<Catch::Tag, std::allocator<Catch::Tag> >::emplace_back<Catch::StringRef>(Catch::StringRef&&) (vector.tcc:121)
==268755==    by 0x21462D: Catch::TestCaseInfo::internalAppendTag(Catch::StringRef) (catch_test_case_info.cpp:225)
==268755==    by 0x213FBA: Catch::TestCaseInfo::TestCaseInfo(Catch::StringRef, Catch::NameAndTags const&, Catch::SourceLineInfo const&) (catch_test_case_info.cpp:168)
==268755==    by 0x214A8E: Catch::Detail::unique_ptr<Catch::TestCaseInfo> Catch::Detail::make_unique<Catch::TestCaseInfo, Catch::StringRef&, Catch::NameAndTags const&, Catch::SourceLineInfo const&>(Catch::StringRef&, Catch::NameAndTags const&, Catch::SourceLineInfo const&) (catch_unique_ptr.hpp:111)
==268755==    by 0x213B99: Catch::makeTestCaseInfo(Catch::StringRef, Catch::NameAndTags const&, Catch::SourceLineInfo const&) (catch_test_case_info.cpp:118)
==268755==    by 0x26E957: Catch::AutoReg::AutoReg(Catch::Detail::unique_ptr<Catch::ITestInvoker>, Catch::SourceLineInfo const&, Catch::StringRef, Catch::NameAndTags const&) (catch_test_registry.cpp:59)
==268755==    by 0x14AFD8: __static_initialization_and_destruction_0(int, int) (test_db_config.cpp:213)
==268755== 
==268755== 16 bytes in 1 blocks are still reachable in loss record 54 of 2,004
==268755==    at 0x4849013: operator new(unsigned long) (in /usr/libexec/valgrind/vgpreload_memcheck-amd64-linux.so)
==268755==    by 0x26EB94: Catch::Detail::unique_ptr<Catch::TestInvokerAsFunction> Catch::Detail::make_unique<Catch::TestInvokerAsFunction, void (*&)()>(void (*&)()) (catch_unique_ptr.hpp:111)
==268755==    by 0x26E86D: Catch::makeTestInvoker(void (*)()) (catch_test_registry.cpp:52)
==268755==    by 0x14B07C: __static_initialization_and_destruction_0(int, int) (test_db_config.cpp:275)
==268755==    by 0x14B762: _GLOBAL__sub_I__Z22createConnectionStringB5cxx11RKN4YAML4NodeE (test_db_config.cpp:498)
==268755==    by 0x51BBEBA: call_init (libc-start.c:145)
==268755==    by 0x51BBEBA: __libc_start_main@@GLIBC_2.34 (libc-start.c:379)
==268755==    by 0x12E4D4: (below main) (in /home/dsystems/Desktop/projects/cpp/cpp_dbc/build/libs/cpp_dbc/test/test/cpp_dbc_tests)
==268755== 
==268755== 16 bytes in 1 blocks are still reachable in loss record 55 of 2,004
==268755==    at 0x4849013: operator new(unsigned long) (in /usr/libexec/valgrind/vgpreload_memcheck-amd64-linux.so)
==268755==    by 0x2169F1: __gnu_cxx::new_allocator<Catch::Tag>::allocate(unsigned long, void const*) (new_allocator.h:127)
==268755==    by 0x216331: std::allocator_traits<std::allocator<Catch::Tag> >::allocate(std::allocator<Catch::Tag>&, unsigned long) (alloc_traits.h:464)
==268755==    by 0x215DF5: std::_Vector_base<Catch::Tag, std::allocator<Catch::Tag> >::_M_allocate(unsigned long) (stl_vector.h:346)
==268755==    by 0x21560A: void std::vector<Catch::Tag, std::allocator<Catch::Tag> >::_M_realloc_insert<Catch::StringRef>(__gnu_cxx::__normal_iterator<Catch::Tag*, std::vector<Catch::Tag, std::allocator<Catch::Tag> > >, Catch::StringRef&&) (vector.tcc:440)
==268755==    by 0x214F55: Catch::Tag& std::vector<Catch::Tag, std::allocator<Catch::Tag> >::emplace_back<Catch::StringRef>(Catch::StringRef&&) (vector.tcc:121)
==268755==    by 0x21462D: Catch::TestCaseInfo::internalAppendTag(Catch::StringRef) (catch_test_case_info.cpp:225)
==268755==    by 0x213FBA: Catch::TestCaseInfo::TestCaseInfo(Catch::StringRef, Catch::NameAndTags const&, Catch::SourceLineInfo const&) (catch_test_case_info.cpp:168)
==268755==    by 0x214A8E: Catch::Detail::unique_ptr<Catch::TestCaseInfo> Catch::Detail::make_unique<Catch::TestCaseInfo, Catch::StringRef&, Catch::NameAndTags const&, Catch::SourceLineInfo const&>(Catch::StringRef&, Catch::NameAndTags const&, Catch::SourceLineInfo const&) (catch_unique_ptr.hpp:111)
==268755==    by 0x213B99: Catch::makeTestCaseInfo(Catch::StringRef, Catch::NameAndTags const&, Catch::SourceLineInfo const&) (catch_test_case_info.cpp:118)
==268755==    by 0x26E957: Catch::AutoReg::AutoReg(Catch::Detail::unique_ptr<Catch::ITestInvoker>, Catch::SourceLineInfo const&, Catch::StringRef, Catch::NameAndTags const&) (catch_test_registry.cpp:59)
==268755==    by 0x14B0A8: __static_initialization_and_destruction_0(int, int) (test_db_config.cpp:275)
==268755== 
==268755== 16 bytes in 1 blocks are still reachable in loss record 56 of 2,004
==268755==    at 0x4849013: operator new(unsigned long) (in /usr/libexec/valgrind/vgpreload_memcheck-amd64-linux.so)
==268755==    by 0x26EB94: Catch::Detail::unique_ptr<Catch::TestInvokerAsFunction> Catch::Detail::make_unique<Catch::TestInvokerAsFunction, void (*&)()>(void (*&)()) (catch_unique_ptr.hpp:111)
==268755==    by 0x26E86D: Catch::makeTestInvoker(void (*)()) (catch_test_registry.cpp:52)
==268755==    by 0x14B14C: __static_initialization_and_destruction_0(int, int) (test_db_config.cpp:311)
==268755==    by 0x14B762: _GLOBAL__sub_I__Z22createConnectionStringB5cxx11RKN4YAML4NodeE (test_db_config.cpp:498)
==268755==    by 0x51BBEBA: call_init (libc-start.c:145)
==268755==    by 0x51BBEBA: __libc_start_main@@GLIBC_2.34 (libc-start.c:379)
==268755==    by 0x12E4D4: (below main) (in /home/dsystems/Desktop/projects/cpp/cpp_dbc/build/libs/cpp_dbc/test/test/cpp_dbc_tests)
==268755== 
==268755== 16 bytes in 1 blocks are still reachable in loss record 57 of 2,004
==268755==    at 0x4849013: operator new(unsigned long) (in /usr/libexec/valgrind/vgpreload_memcheck-amd64-linux.so)
==268755==    by 0x2169F1: __gnu_cxx::new_allocator<Catch::Tag>::allocate(unsigned long, void const*) (new_allocator.h:127)
==268755==    by 0x216331: std::allocator_traits<std::allocator<Catch::Tag> >::allocate(std::allocator<Catch::Tag>&, unsigned long) (alloc_traits.h:464)
==268755==    by 0x215DF5: std::_Vector_base<Catch::Tag, std::allocator<Catch::Tag> >::_M_allocate(unsigned long) (stl_vector.h:346)
==268755==    by 0x21560A: void std::vector<Catch::Tag, std::allocator<Catch::Tag> >::_M_realloc_insert<Catch::StringRef>(__gnu_cxx::__normal_iterator<Catch::Tag*, std::vector<Catch::Tag, std::allocator<Catch::Tag> > >, Catch::StringRef&&) (vector.tcc:440)
==268755==    by 0x214F55: Catch::Tag& std::vector<Catch::Tag, std::allocator<Catch::Tag> >::emplace_back<Catch::StringRef>(Catch::StringRef&&) (vector.tcc:121)
==268755==    by 0x21462D: Catch::TestCaseInfo::internalAppendTag(Catch::StringRef) (catch_test_case_info.cpp:225)
==268755==    by 0x213FBA: Catch::TestCaseInfo::TestCaseInfo(Catch::StringRef, Catch::NameAndTags const&, Catch::SourceLineInfo const&) (catch_test_case_info.cpp:168)
==268755==    by 0x214A8E: Catch::Detail::unique_ptr<Catch::TestCaseInfo> Catch::Detail::make_unique<Catch::TestCaseInfo, Catch::StringRef&, Catch::NameAndTags const&, Catch::SourceLineInfo const&>(Catch::StringRef&, Catch::NameAndTags const&, Catch::SourceLineInfo const&) (catch_unique_ptr.hpp:111)
==268755==    by 0x213B99: Catch::makeTestCaseInfo(Catch::StringRef, Catch::NameAndTags const&, Catch::SourceLineInfo const&) (catch_test_case_info.cpp:118)
==268755==    by 0x26E957: Catch::AutoReg::AutoReg(Catch::Detail::unique_ptr<Catch::ITestInvoker>, Catch::SourceLineInfo const&, Catch::StringRef, Catch::NameAndTags const&) (catch_test_registry.cpp:59)
==268755==    by 0x14B178: __static_initialization_and_destruction_0(int, int) (test_db_config.cpp:311)
==268755== 
==268755== 16 bytes in 1 blocks are still reachable in loss record 58 of 2,004
==268755==    at 0x4849013: operator new(unsigned long) (in /usr/libexec/valgrind/vgpreload_memcheck-amd64-linux.so)
==268755==    by 0x26EB94: Catch::Detail::unique_ptr<Catch::TestInvokerAsFunction> Catch::Detail::make_unique<Catch::TestInvokerAsFunction, void (*&)()>(void (*&)()) (catch_unique_ptr.hpp:111)
==268755==    by 0x26E86D: Catch::makeTestInvoker(void (*)()) (catch_test_registry.cpp:52)
==268755==    by 0x14B21C: __static_initialization_and_destruction_0(int, int) (test_db_config.cpp:355)
==268755==    by 0x14B762: _GLOBAL__sub_I__Z22createConnectionStringB5cxx11RKN4YAML4NodeE (test_db_config.cpp:498)
==268755==    by 0x51BBEBA: call_init (libc-start.c:145)
==268755==    by 0x51BBEBA: __libc_start_main@@GLIBC_2.34 (libc-start.c:379)
==268755==    by 0x12E4D4: (below main) (in /home/dsystems/Desktop/projects/cpp/cpp_dbc/build/libs/cpp_dbc/test/test/cpp_dbc_tests)
==268755== 
==268755== 16 bytes in 1 blocks are still reachable in loss record 59 of 2,004
==268755==    at 0x4849013: operator new(unsigned long) (in /usr/libexec/valgrind/vgpreload_memcheck-amd64-linux.so)
==268755==    by 0x2169F1: __gnu_cxx::new_allocator<Catch::Tag>::allocate(unsigned long, void const*) (new_allocator.h:127)
==268755==    by 0x216331: std::allocator_traits<std::allocator<Catch::Tag> >::allocate(std::allocator<Catch::Tag>&, unsigned long) (alloc_traits.h:464)
==268755==    by 0x215DF5: std::_Vector_base<Catch::Tag, std::allocator<Catch::Tag> >::_M_allocate(unsigned long) (stl_vector.h:346)
==268755==    by 0x21560A: void std::vector<Catch::Tag, std::allocator<Catch::Tag> >::_M_realloc_insert<Catch::StringRef>(__gnu_cxx::__normal_iterator<Catch::Tag*, std::vector<Catch::Tag, std::allocator<Catch::Tag> > >, Catch::StringRef&&) (vector.tcc:440)
==268755==    by 0x214F55: Catch::Tag& std::vector<Catch::Tag, std::allocator<Catch::Tag> >::emplace_back<Catch::StringRef>(Catch::StringRef&&) (vector.tcc:121)
==268755==    by 0x21462D: Catch::TestCaseInfo::internalAppendTag(Catch::StringRef) (catch_test_case_info.cpp:225)
==268755==    by 0x213FBA: Catch::TestCaseInfo::TestCaseInfo(Catch::StringRef, Catch::NameAndTags const&, Catch::SourceLineInfo const&) (catch_test_case_info.cpp:168)
==268755==    by 0x214A8E: Catch::Detail::unique_ptr<Catch::TestCaseInfo> Catch::Detail::make_unique<Catch::TestCaseInfo, Catch::StringRef&, Catch::NameAndTags const&, Catch::SourceLineInfo const&>(Catch::StringRef&, Catch::NameAndTags const&, Catch::SourceLineInfo const&) (catch_unique_ptr.hpp:111)
==268755==    by 0x213B99: Catch::makeTestCaseInfo(Catch::StringRef, Catch::NameAndTags const&, Catch::SourceLineInfo const&) (catch_test_case_info.cpp:118)
==268755==    by 0x26E957: Catch::AutoReg::AutoReg(Catch::Detail::unique_ptr<Catch::ITestInvoker>, Catch::SourceLineInfo const&, Catch::StringRef, Catch::NameAndTags const&) (catch_test_registry.cpp:59)
==268755==    by 0x14B248: __static_initialization_and_destruction_0(int, int) (test_db_config.cpp:355)
==268755== 
==268755== 16 bytes in 1 blocks are still reachable in loss record 60 of 2,004
==268755==    at 0x4849013: operator new(unsigned long) (in /usr/libexec/valgrind/vgpreload_memcheck-amd64-linux.so)
==268755==    by 0x26EB94: Catch::Detail::unique_ptr<Catch::TestInvokerAsFunction> Catch::Detail::make_unique<Catch::TestInvokerAsFunction, void (*&)()>(void (*&)()) (catch_unique_ptr.hpp:111)
==268755==    by 0x26E86D: Catch::makeTestInvoker(void (*)()) (catch_test_registry.cpp:52)
==268755==    by 0x14B2EC: __static_initialization_and_destruction_0(int, int) (test_db_config.cpp:399)
==268755==    by 0x14B762: _GLOBAL__sub_I__Z22createConnectionStringB5cxx11RKN4YAML4NodeE (test_db_config.cpp:498)
==268755==    by 0x51BBEBA: call_init (libc-start.c:145)
==268755==    by 0x51BBEBA: __libc_start_main@@GLIBC_2.34 (libc-start.c:379)
==268755==    by 0x12E4D4: (below main) (in /home/dsystems/Desktop/projects/cpp/cpp_dbc/build/libs/cpp_dbc/test/test/cpp_dbc_tests)
==268755== 
==268755== 16 bytes in 1 blocks are still reachable in loss record 61 of 2,004
==268755==    at 0x4849013: operator new(unsigned long) (in /usr/libexec/valgrind/vgpreload_memcheck-amd64-linux.so)
==268755==    by 0x2169F1: __gnu_cxx::new_allocator<Catch::Tag>::allocate(unsigned long, void const*) (new_allocator.h:127)
==268755==    by 0x216331: std::allocator_traits<std::allocator<Catch::Tag> >::allocate(std::allocator<Catch::Tag>&, unsigned long) (alloc_traits.h:464)
==268755==    by 0x215DF5: std::_Vector_base<Catch::Tag, std::allocator<Catch::Tag> >::_M_allocate(unsigned long) (stl_vector.h:346)
==268755==    by 0x21560A: void std::vector<Catch::Tag, std::allocator<Catch::Tag> >::_M_realloc_insert<Catch::StringRef>(__gnu_cxx::__normal_iterator<Catch::Tag*, std::vector<Catch::Tag, std::allocator<Catch::Tag> > >, Catch::StringRef&&) (vector.tcc:440)
==268755==    by 0x214F55: Catch::Tag& std::vector<Catch::Tag, std::allocator<Catch::Tag> >::emplace_back<Catch::StringRef>(Catch::StringRef&&) (vector.tcc:121)
==268755==    by 0x21462D: Catch::TestCaseInfo::internalAppendTag(Catch::StringRef) (catch_test_case_info.cpp:225)
==268755==    by 0x213FBA: Catch::TestCaseInfo::TestCaseInfo(Catch::StringRef, Catch::NameAndTags const&, Catch::SourceLineInfo const&) (catch_test_case_info.cpp:168)
==268755==    by 0x214A8E: Catch::Detail::unique_ptr<Catch::TestCaseInfo> Catch::Detail::make_unique<Catch::TestCaseInfo, Catch::StringRef&, Catch::NameAndTags const&, Catch::SourceLineInfo const&>(Catch::StringRef&, Catch::NameAndTags const&, Catch::SourceLineInfo const&) (catch_unique_ptr.hpp:111)
==268755==    by 0x213B99: Catch::makeTestCaseInfo(Catch::StringRef, Catch::NameAndTags const&, Catch::SourceLineInfo const&) (catch_test_case_info.cpp:118)
==268755==    by 0x26E957: Catch::AutoReg::AutoReg(Catch::Detail::unique_ptr<Catch::ITestInvoker>, Catch::SourceLineInfo const&, Catch::StringRef, Catch::NameAndTags const&) (catch_test_registry.cpp:59)
==268755==    by 0x14B318: __static_initialization_and_destruction_0(int, int) (test_db_config.cpp:399)
==268755== 
==268755== 16 bytes in 1 blocks are still reachable in loss record 62 of 2,004
==268755==    at 0x4849013: operator new(unsigned long) (in /usr/libexec/valgrind/vgpreload_memcheck-amd64-linux.so)
==268755==    by 0x26EB94: Catch::Detail::unique_ptr<Catch::TestInvokerAsFunction> Catch::Detail::make_unique<Catch::TestInvokerAsFunction, void (*&)()>(void (*&)()) (catch_unique_ptr.hpp:111)
==268755==    by 0x26E86D: Catch::makeTestInvoker(void (*)()) (catch_test_registry.cpp:52)
==268755==    by 0x14B3BC: __static_initialization_and_destruction_0(int, int) (test_db_config.cpp:425)
==268755==    by 0x14B762: _GLOBAL__sub_I__Z22createConnectionStringB5cxx11RKN4YAML4NodeE (test_db_config.cpp:498)
==268755==    by 0x51BBEBA: call_init (libc-start.c:145)
==268755==    by 0x51BBEBA: __libc_start_main@@GLIBC_2.34 (libc-start.c:379)
==268755==    by 0x12E4D4: (below main) (in /home/dsystems/Desktop/projects/cpp/cpp_dbc/build/libs/cpp_dbc/test/test/cpp_dbc_tests)
==268755== 
==268755== 16 bytes in 1 blocks are still reachable in loss record 63 of 2,004
==268755==    at 0x4849013: operator new(unsigned long) (in /usr/libexec/valgrind/vgpreload_memcheck-amd64-linux.so)
==268755==    by 0x2169F1: __gnu_cxx::new_allocator<Catch::Tag>::allocate(unsigned long, void const*) (new_allocator.h:127)
==268755==    by 0x216331: std::allocator_traits<std::allocator<Catch::Tag> >::allocate(std::allocator<Catch::Tag>&, unsigned long) (alloc_traits.h:464)
==268755==    by 0x215DF5: std::_Vector_base<Catch::Tag, std::allocator<Catch::Tag> >::_M_allocate(unsigned long) (stl_vector.h:346)
==268755==    by 0x21560A: void std::vector<Catch::Tag, std::allocator<Catch::Tag> >::_M_realloc_insert<Catch::StringRef>(__gnu_cxx::__normal_iterator<Catch::Tag*, std::vector<Catch::Tag, std::allocator<Catch::Tag> > >, Catch::StringRef&&) (vector.tcc:440)
==268755==    by 0x214F55: Catch::Tag& std::vector<Catch::Tag, std::allocator<Catch::Tag> >::emplace_back<Catch::StringRef>(Catch::StringRef&&) (vector.tcc:121)
==268755==    by 0x21462D: Catch::TestCaseInfo::internalAppendTag(Catch::StringRef) (catch_test_case_info.cpp:225)
==268755==    by 0x213FBA: Catch::TestCaseInfo::TestCaseInfo(Catch::StringRef, Catch::NameAndTags const&, Catch::SourceLineInfo const&) (catch_test_case_info.cpp:168)
==268755==    by 0x214A8E: Catch::Detail::unique_ptr<Catch::TestCaseInfo> Catch::Detail::make_unique<Catch::TestCaseInfo, Catch::StringRef&, Catch::NameAndTags const&, Catch::SourceLineInfo const&>(Catch::StringRef&, Catch::NameAndTags const&, Catch::SourceLineInfo const&) (catch_unique_ptr.hpp:111)
==268755==    by 0x213B99: Catch::makeTestCaseInfo(Catch::StringRef, Catch::NameAndTags const&, Catch::SourceLineInfo const&) (catch_test_case_info.cpp:118)
==268755==    by 0x26E957: Catch::AutoReg::AutoReg(Catch::Detail::unique_ptr<Catch::ITestInvoker>, Catch::SourceLineInfo const&, Catch::StringRef, Catch::NameAndTags const&) (catch_test_registry.cpp:59)
==268755==    by 0x14B3E8: __static_initialization_and_destruction_0(int, int) (test_db_config.cpp:425)
==268755== 
==268755== 16 bytes in 1 blocks are still reachable in loss record 64 of 2,004
==268755==    at 0x4849013: operator new(unsigned long) (in /usr/libexec/valgrind/vgpreload_memcheck-amd64-linux.so)
==268755==    by 0x26EB94: Catch::Detail::unique_ptr<Catch::TestInvokerAsFunction> Catch::Detail::make_unique<Catch::TestInvokerAsFunction, void (*&)()>(void (*&)()) (catch_unique_ptr.hpp:111)
==268755==    by 0x26E86D: Catch::makeTestInvoker(void (*)()) (catch_test_registry.cpp:52)
==268755==    by 0x14B48C: __static_initialization_and_destruction_0(int, int) (test_db_config.cpp:440)
==268755==    by 0x14B762: _GLOBAL__sub_I__Z22createConnectionStringB5cxx11RKN4YAML4NodeE (test_db_config.cpp:498)
==268755==    by 0x51BBEBA: call_init (libc-start.c:145)
==268755==    by 0x51BBEBA: __libc_start_main@@GLIBC_2.34 (libc-start.c:379)
==268755==    by 0x12E4D4: (below main) (in /home/dsystems/Desktop/projects/cpp/cpp_dbc/build/libs/cpp_dbc/test/test/cpp_dbc_tests)
==268755== 
==268755== 16 bytes in 1 blocks are still reachable in loss record 65 of 2,004
==268755==    at 0x4849013: operator new(unsigned long) (in /usr/libexec/valgrind/vgpreload_memcheck-amd64-linux.so)
==268755==    by 0x2169F1: __gnu_cxx::new_allocator<Catch::Tag>::allocate(unsigned long, void const*) (new_allocator.h:127)
==268755==    by 0x216331: std::allocator_traits<std::allocator<Catch::Tag> >::allocate(std::allocator<Catch::Tag>&, unsigned long) (alloc_traits.h:464)
==268755==    by 0x215DF5: std::_Vector_base<Catch::Tag, std::allocator<Catch::Tag> >::_M_allocate(unsigned long) (stl_vector.h:346)
==268755==    by 0x21560A: void std::vector<Catch::Tag, std::allocator<Catch::Tag> >::_M_realloc_insert<Catch::StringRef>(__gnu_cxx::__normal_iterator<Catch::Tag*, std::vector<Catch::Tag, std::allocator<Catch::Tag> > >, Catch::StringRef&&) (vector.tcc:440)
==268755==    by 0x214F55: Catch::Tag& std::vector<Catch::Tag, std::allocator<Catch::Tag> >::emplace_back<Catch::StringRef>(Catch::StringRef&&) (vector.tcc:121)
==268755==    by 0x21462D: Catch::TestCaseInfo::internalAppendTag(Catch::StringRef) (catch_test_case_info.cpp:225)
==268755==    by 0x213FBA: Catch::TestCaseInfo::TestCaseInfo(Catch::StringRef, Catch::NameAndTags const&, Catch::SourceLineInfo const&) (catch_test_case_info.cpp:168)
==268755==    by 0x214A8E: Catch::Detail::unique_ptr<Catch::TestCaseInfo> Catch::Detail::make_unique<Catch::TestCaseInfo, Catch::StringRef&, Catch::NameAndTags const&, Catch::SourceLineInfo const&>(Catch::StringRef&, Catch::NameAndTags const&, Catch::SourceLineInfo const&) (catch_unique_ptr.hpp:111)
==268755==    by 0x213B99: Catch::makeTestCaseInfo(Catch::StringRef, Catch::NameAndTags const&, Catch::SourceLineInfo const&) (catch_test_case_info.cpp:118)
==268755==    by 0x26E957: Catch::AutoReg::AutoReg(Catch::Detail::unique_ptr<Catch::ITestInvoker>, Catch::SourceLineInfo const&, Catch::StringRef, Catch::NameAndTags const&) (catch_test_registry.cpp:59)
==268755==    by 0x14B4B8: __static_initialization_and_destruction_0(int, int) (test_db_config.cpp:440)
==268755== 
==268755== 16 bytes in 1 blocks are still reachable in loss record 66 of 2,004
==268755==    at 0x4849013: operator new(unsigned long) (in /usr/libexec/valgrind/vgpreload_memcheck-amd64-linux.so)
==268755==    by 0x26EB94: Catch::Detail::unique_ptr<Catch::TestInvokerAsFunction> Catch::Detail::make_unique<Catch::TestInvokerAsFunction, void (*&)()>(void (*&)()) (catch_unique_ptr.hpp:111)
==268755==    by 0x26E86D: Catch::makeTestInvoker(void (*)()) (catch_test_registry.cpp:52)
==268755==    by 0x14B55C: __static_initialization_and_destruction_0(int, int) (test_db_config.cpp:455)
==268755==    by 0x14B762: _GLOBAL__sub_I__Z22createConnectionStringB5cxx11RKN4YAML4NodeE (test_db_config.cpp:498)
==268755==    by 0x51BBEBA: call_init (libc-start.c:145)
==268755==    by 0x51BBEBA: __libc_start_main@@GLIBC_2.34 (libc-start.c:379)
==268755==    by 0x12E4D4: (below main) (in /home/dsystems/Desktop/projects/cpp/cpp_dbc/build/libs/cpp_dbc/test/test/cpp_dbc_tests)
==268755== 
==268755== 16 bytes in 1 blocks are still reachable in loss record 67 of 2,004
==268755==    at 0x4849013: operator new(unsigned long) (in /usr/libexec/valgrind/vgpreload_memcheck-amd64-linux.so)
==268755==    by 0x2169F1: __gnu_cxx::new_allocator<Catch::Tag>::allocate(unsigned long, void const*) (new_allocator.h:127)
==268755==    by 0x216331: std::allocator_traits<std::allocator<Catch::Tag> >::allocate(std::allocator<Catch::Tag>&, unsigned long) (alloc_traits.h:464)
==268755==    by 0x215DF5: std::_Vector_base<Catch::Tag, std::allocator<Catch::Tag> >::_M_allocate(unsigned long) (stl_vector.h:346)
==268755==    by 0x21560A: void std::vector<Catch::Tag, std::allocator<Catch::Tag> >::_M_realloc_insert<Catch::StringRef>(__gnu_cxx::__normal_iterator<Catch::Tag*, std::vector<Catch::Tag, std::allocator<Catch::Tag> > >, Catch::StringRef&&) (vector.tcc:440)
==268755==    by 0x214F55: Catch::Tag& std::vector<Catch::Tag, std::allocator<Catch::Tag> >::emplace_back<Catch::StringRef>(Catch::StringRef&&) (vector.tcc:121)
==268755==    by 0x21462D: Catch::TestCaseInfo::internalAppendTag(Catch::StringRef) (catch_test_case_info.cpp:225)
==268755==    by 0x213FBA: Catch::TestCaseInfo::TestCaseInfo(Catch::StringRef, Catch::NameAndTags const&, Catch::SourceLineInfo const&) (catch_test_case_info.cpp:168)
==268755==    by 0x214A8E: Catch::Detail::unique_ptr<Catch::TestCaseInfo> Catch::Detail::make_unique<Catch::TestCaseInfo, Catch::StringRef&, Catch::NameAndTags const&, Catch::SourceLineInfo const&>(Catch::StringRef&, Catch::NameAndTags const&, Catch::SourceLineInfo const&) (catch_unique_ptr.hpp:111)
==268755==    by 0x213B99: Catch::makeTestCaseInfo(Catch::StringRef, Catch::NameAndTags const&, Catch::SourceLineInfo const&) (catch_test_case_info.cpp:118)
==268755==    by 0x26E957: Catch::AutoReg::AutoReg(Catch::Detail::unique_ptr<Catch::ITestInvoker>, Catch::SourceLineInfo const&, Catch::StringRef, Catch::NameAndTags const&) (catch_test_registry.cpp:59)
==268755==    by 0x14B588: __static_initialization_and_destruction_0(int, int) (test_db_config.cpp:455)
==268755== 
==268755== 16 bytes in 1 blocks are still reachable in loss record 68 of 2,004
==268755==    at 0x4849013: operator new(unsigned long) (in /usr/libexec/valgrind/vgpreload_memcheck-amd64-linux.so)
==268755==    by 0x26EB94: Catch::Detail::unique_ptr<Catch::TestInvokerAsFunction> Catch::Detail::make_unique<Catch::TestInvokerAsFunction, void (*&)()>(void (*&)()) (catch_unique_ptr.hpp:111)
==268755==    by 0x26E86D: Catch::makeTestInvoker(void (*)()) (catch_test_registry.cpp:52)
==268755==    by 0x14B62C: __static_initialization_and_destruction_0(int, int) (test_db_config.cpp:470)
==268755==    by 0x14B762: _GLOBAL__sub_I__Z22createConnectionStringB5cxx11RKN4YAML4NodeE (test_db_config.cpp:498)
==268755==    by 0x51BBEBA: call_init (libc-start.c:145)
==268755==    by 0x51BBEBA: __libc_start_main@@GLIBC_2.34 (libc-start.c:379)
==268755==    by 0x12E4D4: (below main) (in /home/dsystems/Desktop/projects/cpp/cpp_dbc/build/libs/cpp_dbc/test/test/cpp_dbc_tests)
==268755== 
==268755== 16 bytes in 1 blocks are still reachable in loss record 69 of 2,004
==268755==    at 0x4849013: operator new(unsigned long) (in /usr/libexec/valgrind/vgpreload_memcheck-amd64-linux.so)
==268755==    by 0x2169F1: __gnu_cxx::new_allocator<Catch::Tag>::allocate(unsigned long, void const*) (new_allocator.h:127)
==268755==    by 0x216331: std::allocator_traits<std::allocator<Catch::Tag> >::allocate(std::allocator<Catch::Tag>&, unsigned long) (alloc_traits.h:464)
==268755==    by 0x215DF5: std::_Vector_base<Catch::Tag, std::allocator<Catch::Tag> >::_M_allocate(unsigned long) (stl_vector.h:346)
==268755==    by 0x21560A: void std::vector<Catch::Tag, std::allocator<Catch::Tag> >::_M_realloc_insert<Catch::StringRef>(__gnu_cxx::__normal_iterator<Catch::Tag*, std::vector<Catch::Tag, std::allocator<Catch::Tag> > >, Catch::StringRef&&) (vector.tcc:440)
==268755==    by 0x214F55: Catch::Tag& std::vector<Catch::Tag, std::allocator<Catch::Tag> >::emplace_back<Catch::StringRef>(Catch::StringRef&&) (vector.tcc:121)
==268755==    by 0x21462D: Catch::TestCaseInfo::internalAppendTag(Catch::StringRef) (catch_test_case_info.cpp:225)
==268755==    by 0x213FBA: Catch::TestCaseInfo::TestCaseInfo(Catch::StringRef, Catch::NameAndTags const&, Catch::SourceLineInfo const&) (catch_test_case_info.cpp:168)
==268755==    by 0x214A8E: Catch::Detail::unique_ptr<Catch::TestCaseInfo> Catch::Detail::make_unique<Catch::TestCaseInfo, Catch::StringRef&, Catch::NameAndTags const&, Catch::SourceLineInfo const&>(Catch::StringRef&, Catch::NameAndTags const&, Catch::SourceLineInfo const&) (catch_unique_ptr.hpp:111)
==268755==    by 0x213B99: Catch::makeTestCaseInfo(Catch::StringRef, Catch::NameAndTags const&, Catch::SourceLineInfo const&) (catch_test_case_info.cpp:118)
==268755==    by 0x26E957: Catch::AutoReg::AutoReg(Catch::Detail::unique_ptr<Catch::ITestInvoker>, Catch::SourceLineInfo const&, Catch::StringRef, Catch::NameAndTags const&) (catch_test_registry.cpp:59)
==268755==    by 0x14B658: __static_initialization_and_destruction_0(int, int) (test_db_config.cpp:470)
==268755== 
==268755== 16 bytes in 1 blocks are still reachable in loss record 70 of 2,004
==268755==    at 0x4849013: operator new(unsigned long) (in /usr/libexec/valgrind/vgpreload_memcheck-amd64-linux.so)
==268755==    by 0x26EB94: Catch::Detail::unique_ptr<Catch::TestInvokerAsFunction> Catch::Detail::make_unique<Catch::TestInvokerAsFunction, void (*&)()>(void (*&)()) (catch_unique_ptr.hpp:111)
==268755==    by 0x26E86D: Catch::makeTestInvoker(void (*)()) (catch_test_registry.cpp:52)
==268755==    by 0x14B6FC: __static_initialization_and_destruction_0(int, int) (test_db_config.cpp:485)
==268755==    by 0x14B762: _GLOBAL__sub_I__Z22createConnectionStringB5cxx11RKN4YAML4NodeE (test_db_config.cpp:498)
==268755==    by 0x51BBEBA: call_init (libc-start.c:145)
==268755==    by 0x51BBEBA: __libc_start_main@@GLIBC_2.34 (libc-start.c:379)
==268755==    by 0x12E4D4: (below main) (in /home/dsystems/Desktop/projects/cpp/cpp_dbc/build/libs/cpp_dbc/test/test/cpp_dbc_tests)
==268755== 
==268755== 16 bytes in 1 blocks are still reachable in loss record 71 of 2,004
==268755==    at 0x4849013: operator new(unsigned long) (in /usr/libexec/valgrind/vgpreload_memcheck-amd64-linux.so)
==268755==    by 0x2169F1: __gnu_cxx::new_allocator<Catch::Tag>::allocate(unsigned long, void const*) (new_allocator.h:127)
==268755==    by 0x216331: std::allocator_traits<std::allocator<Catch::Tag> >::allocate(std::allocator<Catch::Tag>&, unsigned long) (alloc_traits.h:464)
==268755==    by 0x215DF5: std::_Vector_base<Catch::Tag, std::allocator<Catch::Tag> >::_M_allocate(unsigned long) (stl_vector.h:346)
==268755==    by 0x21560A: void std::vector<Catch::Tag, std::allocator<Catch::Tag> >::_M_realloc_insert<Catch::StringRef>(__gnu_cxx::__normal_iterator<Catch::Tag*, std::vector<Catch::Tag, std::allocator<Catch::Tag> > >, Catch::StringRef&&) (vector.tcc:440)
==268755==    by 0x214F55: Catch::Tag& std::vector<Catch::Tag, std::allocator<Catch::Tag> >::emplace_back<Catch::StringRef>(Catch::StringRef&&) (vector.tcc:121)
==268755==    by 0x21462D: Catch::TestCaseInfo::internalAppendTag(Catch::StringRef) (catch_test_case_info.cpp:225)
==268755==    by 0x213FBA: Catch::TestCaseInfo::TestCaseInfo(Catch::StringRef, Catch::NameAndTags const&, Catch::SourceLineInfo const&) (catch_test_case_info.cpp:168)
==268755==    by 0x214A8E: Catch::Detail::unique_ptr<Catch::TestCaseInfo> Catch::Detail::make_unique<Catch::TestCaseInfo, Catch::StringRef&, Catch::NameAndTags const&, Catch::SourceLineInfo const&>(Catch::StringRef&, Catch::NameAndTags const&, Catch::SourceLineInfo const&) (catch_unique_ptr.hpp:111)
==268755==    by 0x213B99: Catch::makeTestCaseInfo(Catch::StringRef, Catch::NameAndTags const&, Catch::SourceLineInfo const&) (catch_test_case_info.cpp:118)
==268755==    by 0x26E957: Catch::AutoReg::AutoReg(Catch::Detail::unique_ptr<Catch::ITestInvoker>, Catch::SourceLineInfo const&, Catch::StringRef, Catch::NameAndTags const&) (catch_test_registry.cpp:59)
==268755==    by 0x14B728: __static_initialization_and_destruction_0(int, int) (test_db_config.cpp:485)
==268755== 
==268755== 16 bytes in 1 blocks are still reachable in loss record 72 of 2,004
==268755==    at 0x4849013: operator new(unsigned long) (in /usr/libexec/valgrind/vgpreload_memcheck-amd64-linux.so)
==268755==    by 0x26EB94: Catch::Detail::unique_ptr<Catch::TestInvokerAsFunction> Catch::Detail::make_unique<Catch::TestInvokerAsFunction, void (*&)()>(void (*&)()) (catch_unique_ptr.hpp:111)
==268755==    by 0x26E86D: Catch::makeTestInvoker(void (*)()) (catch_test_registry.cpp:52)
==268755==    by 0x162579: __static_initialization_and_destruction_0(int, int) (test_mysql_connection.cpp:15)
==268755==    by 0x1625DF: _GLOBAL__sub_I_test_mysql_connection.cpp (test_mysql_connection.cpp:106)
==268755==    by 0x51BBEBA: call_init (libc-start.c:145)
==268755==    by 0x51BBEBA: __libc_start_main@@GLIBC_2.34 (libc-start.c:379)
==268755==    by 0x12E4D4: (below main) (in /home/dsystems/Desktop/projects/cpp/cpp_dbc/build/libs/cpp_dbc/test/test/cpp_dbc_tests)
==268755== 
==268755== 16 bytes in 1 blocks are still reachable in loss record 73 of 2,004
==268755==    at 0x4849013: operator new(unsigned long) (in /usr/libexec/valgrind/vgpreload_memcheck-amd64-linux.so)
==268755==    by 0x2169F1: __gnu_cxx::new_allocator<Catch::Tag>::allocate(unsigned long, void const*) (new_allocator.h:127)
==268755==    by 0x216331: std::allocator_traits<std::allocator<Catch::Tag> >::allocate(std::allocator<Catch::Tag>&, unsigned long) (alloc_traits.h:464)
==268755==    by 0x215DF5: std::_Vector_base<Catch::Tag, std::allocator<Catch::Tag> >::_M_allocate(unsigned long) (stl_vector.h:346)
==268755==    by 0x21560A: void std::vector<Catch::Tag, std::allocator<Catch::Tag> >::_M_realloc_insert<Catch::StringRef>(__gnu_cxx::__normal_iterator<Catch::Tag*, std::vector<Catch::Tag, std::allocator<Catch::Tag> > >, Catch::StringRef&&) (vector.tcc:440)
==268755==    by 0x214F55: Catch::Tag& std::vector<Catch::Tag, std::allocator<Catch::Tag> >::emplace_back<Catch::StringRef>(Catch::StringRef&&) (vector.tcc:121)
==268755==    by 0x21462D: Catch::TestCaseInfo::internalAppendTag(Catch::StringRef) (catch_test_case_info.cpp:225)
==268755==    by 0x213FBA: Catch::TestCaseInfo::TestCaseInfo(Catch::StringRef, Catch::NameAndTags const&, Catch::SourceLineInfo const&) (catch_test_case_info.cpp:168)
==268755==    by 0x214A8E: Catch::Detail::unique_ptr<Catch::TestCaseInfo> Catch::Detail::make_unique<Catch::TestCaseInfo, Catch::StringRef&, Catch::NameAndTags const&, Catch::SourceLineInfo const&>(Catch::StringRef&, Catch::NameAndTags const&, Catch::SourceLineInfo const&) (catch_unique_ptr.hpp:111)
==268755==    by 0x213B99: Catch::makeTestCaseInfo(Catch::StringRef, Catch::NameAndTags const&, Catch::SourceLineInfo const&) (catch_test_case_info.cpp:118)
==268755==    by 0x26E957: Catch::AutoReg::AutoReg(Catch::Detail::unique_ptr<Catch::ITestInvoker>, Catch::SourceLineInfo const&, Catch::StringRef, Catch::NameAndTags const&) (catch_test_registry.cpp:59)
==268755==    by 0x1625A5: __static_initialization_and_destruction_0(int, int) (test_mysql_connection.cpp:15)
==268755== 
==268755== 16 bytes in 1 blocks are still reachable in loss record 74 of 2,004
==268755==    at 0x4849013: operator new(unsigned long) (in /usr/libexec/valgrind/vgpreload_memcheck-amd64-linux.so)
==268755==    by 0x26EB94: Catch::Detail::unique_ptr<Catch::TestInvokerAsFunction> Catch::Detail::make_unique<Catch::TestInvokerAsFunction, void (*&)()>(void (*&)()) (catch_unique_ptr.hpp:111)
==268755==    by 0x26E86D: Catch::makeTestInvoker(void (*)()) (catch_test_registry.cpp:52)
==268755==    by 0x16592D: __static_initialization_and_destruction_0(int, int) (test_postgresql_connection.cpp:15)
==268755==    by 0x165993: _GLOBAL__sub_I_test_postgresql_connection.cpp (test_postgresql_connection.cpp:94)
==268755==    by 0x51BBEBA: call_init (libc-start.c:145)
==268755==    by 0x51BBEBA: __libc_start_main@@GLIBC_2.34 (libc-start.c:379)
==268755==    by 0x12E4D4: (below main) (in /home/dsystems/Desktop/projects/cpp/cpp_dbc/build/libs/cpp_dbc/test/test/cpp_dbc_tests)
==268755== 
==268755== 16 bytes in 1 blocks are still reachable in loss record 75 of 2,004
==268755==    at 0x4849013: operator new(unsigned long) (in /usr/libexec/valgrind/vgpreload_memcheck-amd64-linux.so)
==268755==    by 0x2169F1: __gnu_cxx::new_allocator<Catch::Tag>::allocate(unsigned long, void const*) (new_allocator.h:127)
==268755==    by 0x216331: std::allocator_traits<std::allocator<Catch::Tag> >::allocate(std::allocator<Catch::Tag>&, unsigned long) (alloc_traits.h:464)
==268755==    by 0x215DF5: std::_Vector_base<Catch::Tag, std::allocator<Catch::Tag> >::_M_allocate(unsigned long) (stl_vector.h:346)
==268755==    by 0x21560A: void std::vector<Catch::Tag, std::allocator<Catch::Tag> >::_M_realloc_insert<Catch::StringRef>(__gnu_cxx::__normal_iterator<Catch::Tag*, std::vector<Catch::Tag, std::allocator<Catch::Tag> > >, Catch::StringRef&&) (vector.tcc:440)
==268755==    by 0x214F55: Catch::Tag& std::vector<Catch::Tag, std::allocator<Catch::Tag> >::emplace_back<Catch::StringRef>(Catch::StringRef&&) (vector.tcc:121)
==268755==    by 0x21462D: Catch::TestCaseInfo::internalAppendTag(Catch::StringRef) (catch_test_case_info.cpp:225)
==268755==    by 0x213FBA: Catch::TestCaseInfo::TestCaseInfo(Catch::StringRef, Catch::NameAndTags const&, Catch::SourceLineInfo const&) (catch_test_case_info.cpp:168)
==268755==    by 0x214A8E: Catch::Detail::unique_ptr<Catch::TestCaseInfo> Catch::Detail::make_unique<Catch::TestCaseInfo, Catch::StringRef&, Catch::NameAndTags const&, Catch::SourceLineInfo const&>(Catch::StringRef&, Catch::NameAndTags const&, Catch::SourceLineInfo const&) (catch_unique_ptr.hpp:111)
==268755==    by 0x213B99: Catch::makeTestCaseInfo(Catch::StringRef, Catch::NameAndTags const&, Catch::SourceLineInfo const&) (catch_test_case_info.cpp:118)
==268755==    by 0x26E957: Catch::AutoReg::AutoReg(Catch::Detail::unique_ptr<Catch::ITestInvoker>, Catch::SourceLineInfo const&, Catch::StringRef, Catch::NameAndTags const&) (catch_test_registry.cpp:59)
==268755==    by 0x165959: __static_initialization_and_destruction_0(int, int) (test_postgresql_connection.cpp:15)
==268755== 
==268755== 16 bytes in 1 blocks are still reachable in loss record 76 of 2,004
==268755==    at 0x4849013: operator new(unsigned long) (in /usr/libexec/valgrind/vgpreload_memcheck-amd64-linux.so)
==268755==    by 0x26EB94: Catch::Detail::unique_ptr<Catch::TestInvokerAsFunction> Catch::Detail::make_unique<Catch::TestInvokerAsFunction, void (*&)()>(void (*&)()) (catch_unique_ptr.hpp:111)
==268755==    by 0x26E86D: Catch::makeTestInvoker(void (*)()) (catch_test_registry.cpp:52)
==268755==    by 0x16E81B: __static_initialization_and_destruction_0(int, int) (test_connection_pool.cpp:18)
==268755==    by 0x16EB45: _GLOBAL__sub_I_test_connection_pool.cpp (test_connection_pool.cpp:303)
==268755==    by 0x51BBEBA: call_init (libc-start.c:145)
==268755==    by 0x51BBEBA: __libc_start_main@@GLIBC_2.34 (libc-start.c:379)
==268755==    by 0x12E4D4: (below main) (in /home/dsystems/Desktop/projects/cpp/cpp_dbc/build/libs/cpp_dbc/test/test/cpp_dbc_tests)
==268755== 
==268755== 16 bytes in 1 blocks are still reachable in loss record 77 of 2,004
==268755==    at 0x4849013: operator new(unsigned long) (in /usr/libexec/valgrind/vgpreload_memcheck-amd64-linux.so)
==268755==    by 0x2169F1: __gnu_cxx::new_allocator<Catch::Tag>::allocate(unsigned long, void const*) (new_allocator.h:127)
==268755==    by 0x216331: std::allocator_traits<std::allocator<Catch::Tag> >::allocate(std::allocator<Catch::Tag>&, unsigned long) (alloc_traits.h:464)
==268755==    by 0x215DF5: std::_Vector_base<Catch::Tag, std::allocator<Catch::Tag> >::_M_allocate(unsigned long) (stl_vector.h:346)
==268755==    by 0x21560A: void std::vector<Catch::Tag, std::allocator<Catch::Tag> >::_M_realloc_insert<Catch::StringRef>(__gnu_cxx::__normal_iterator<Catch::Tag*, std::vector<Catch::Tag, std::allocator<Catch::Tag> > >, Catch::StringRef&&) (vector.tcc:440)
==268755==    by 0x214F55: Catch::Tag& std::vector<Catch::Tag, std::allocator<Catch::Tag> >::emplace_back<Catch::StringRef>(Catch::StringRef&&) (vector.tcc:121)
==268755==    by 0x21462D: Catch::TestCaseInfo::internalAppendTag(Catch::StringRef) (catch_test_case_info.cpp:225)
==268755==    by 0x213FBA: Catch::TestCaseInfo::TestCaseInfo(Catch::StringRef, Catch::NameAndTags const&, Catch::SourceLineInfo const&) (catch_test_case_info.cpp:168)
==268755==    by 0x214A8E: Catch::Detail::unique_ptr<Catch::TestCaseInfo> Catch::Detail::make_unique<Catch::TestCaseInfo, Catch::StringRef&, Catch::NameAndTags const&, Catch::SourceLineInfo const&>(Catch::StringRef&, Catch::NameAndTags const&, Catch::SourceLineInfo const&) (catch_unique_ptr.hpp:111)
==268755==    by 0x213B99: Catch::makeTestCaseInfo(Catch::StringRef, Catch::NameAndTags const&, Catch::SourceLineInfo const&) (catch_test_case_info.cpp:118)
==268755==    by 0x26E957: Catch::AutoReg::AutoReg(Catch::Detail::unique_ptr<Catch::ITestInvoker>, Catch::SourceLineInfo const&, Catch::StringRef, Catch::NameAndTags const&) (catch_test_registry.cpp:59)
==268755==    by 0x16E847: __static_initialization_and_destruction_0(int, int) (test_connection_pool.cpp:18)
==268755== 
==268755== 16 bytes in 1 blocks are still reachable in loss record 78 of 2,004
==268755==    at 0x4849013: operator new(unsigned long) (in /usr/libexec/valgrind/vgpreload_memcheck-amd64-linux.so)
==268755==    by 0x26EB94: Catch::Detail::unique_ptr<Catch::TestInvokerAsFunction> Catch::Detail::make_unique<Catch::TestInvokerAsFunction, void (*&)()>(void (*&)()) (catch_unique_ptr.hpp:111)
==268755==    by 0x26E86D: Catch::makeTestInvoker(void (*)()) (catch_test_registry.cpp:52)
==268755==    by 0x16E8EB: __static_initialization_and_destruction_0(int, int) (test_connection_pool.cpp:136)
==268755==    by 0x16EB45: _GLOBAL__sub_I_test_connection_pool.cpp (test_connection_pool.cpp:303)
==268755==    by 0x51BBEBA: call_init (libc-start.c:145)
==268755==    by 0x51BBEBA: __libc_start_main@@GLIBC_2.34 (libc-start.c:379)
==268755==    by 0x12E4D4: (below main) (in /home/dsystems/Desktop/projects/cpp/cpp_dbc/build/libs/cpp_dbc/test/test/cpp_dbc_tests)
==268755== 
==268755== 16 bytes in 1 blocks are still reachable in loss record 79 of 2,004
==268755==    at 0x4849013: operator new(unsigned long) (in /usr/libexec/valgrind/vgpreload_memcheck-amd64-linux.so)
==268755==    by 0x2169F1: __gnu_cxx::new_allocator<Catch::Tag>::allocate(unsigned long, void const*) (new_allocator.h:127)
==268755==    by 0x216331: std::allocator_traits<std::allocator<Catch::Tag> >::allocate(std::allocator<Catch::Tag>&, unsigned long) (alloc_traits.h:464)
==268755==    by 0x215DF5: std::_Vector_base<Catch::Tag, std::allocator<Catch::Tag> >::_M_allocate(unsigned long) (stl_vector.h:346)
==268755==    by 0x21560A: void std::vector<Catch::Tag, std::allocator<Catch::Tag> >::_M_realloc_insert<Catch::StringRef>(__gnu_cxx::__normal_iterator<Catch::Tag*, std::vector<Catch::Tag, std::allocator<Catch::Tag> > >, Catch::StringRef&&) (vector.tcc:440)
==268755==    by 0x214F55: Catch::Tag& std::vector<Catch::Tag, std::allocator<Catch::Tag> >::emplace_back<Catch::StringRef>(Catch::StringRef&&) (vector.tcc:121)
==268755==    by 0x21462D: Catch::TestCaseInfo::internalAppendTag(Catch::StringRef) (catch_test_case_info.cpp:225)
==268755==    by 0x213FBA: Catch::TestCaseInfo::TestCaseInfo(Catch::StringRef, Catch::NameAndTags const&, Catch::SourceLineInfo const&) (catch_test_case_info.cpp:168)
==268755==    by 0x214A8E: Catch::Detail::unique_ptr<Catch::TestCaseInfo> Catch::Detail::make_unique<Catch::TestCaseInfo, Catch::StringRef&, Catch::NameAndTags const&, Catch::SourceLineInfo const&>(Catch::StringRef&, Catch::NameAndTags const&, Catch::SourceLineInfo const&) (catch_unique_ptr.hpp:111)
==268755==    by 0x213B99: Catch::makeTestCaseInfo(Catch::StringRef, Catch::NameAndTags const&, Catch::SourceLineInfo const&) (catch_test_case_info.cpp:118)
==268755==    by 0x26E957: Catch::AutoReg::AutoReg(Catch::Detail::unique_ptr<Catch::ITestInvoker>, Catch::SourceLineInfo const&, Catch::StringRef, Catch::NameAndTags const&) (catch_test_registry.cpp:59)
==268755==    by 0x16E917: __static_initialization_and_destruction_0(int, int) (test_connection_pool.cpp:136)
==268755== 
==268755== 16 bytes in 1 blocks are still reachable in loss record 80 of 2,004
==268755==    at 0x4849013: operator new(unsigned long) (in /usr/libexec/valgrind/vgpreload_memcheck-amd64-linux.so)
==268755==    by 0x26EB94: Catch::Detail::unique_ptr<Catch::TestInvokerAsFunction> Catch::Detail::make_unique<Catch::TestInvokerAsFunction, void (*&)()>(void (*&)()) (catch_unique_ptr.hpp:111)
==268755==    by 0x26E86D: Catch::makeTestInvoker(void (*)()) (catch_test_registry.cpp:52)
==268755==    by 0x16E9BB: __static_initialization_and_destruction_0(int, int) (test_connection_pool.cpp:174)
==268755==    by 0x16EB45: _GLOBAL__sub_I_test_connection_pool.cpp (test_connection_pool.cpp:303)
==268755==    by 0x51BBEBA: call_init (libc-start.c:145)
==268755==    by 0x51BBEBA: __libc_start_main@@GLIBC_2.34 (libc-start.c:379)
==268755==    by 0x12E4D4: (below main) (in /home/dsystems/Desktop/projects/cpp/cpp_dbc/build/libs/cpp_dbc/test/test/cpp_dbc_tests)
==268755== 
==268755== 16 bytes in 1 blocks are still reachable in loss record 81 of 2,004
==268755==    at 0x4849013: operator new(unsigned long) (in /usr/libexec/valgrind/vgpreload_memcheck-amd64-linux.so)
==268755==    by 0x2169F1: __gnu_cxx::new_allocator<Catch::Tag>::allocate(unsigned long, void const*) (new_allocator.h:127)
==268755==    by 0x216331: std::allocator_traits<std::allocator<Catch::Tag> >::allocate(std::allocator<Catch::Tag>&, unsigned long) (alloc_traits.h:464)
==268755==    by 0x215DF5: std::_Vector_base<Catch::Tag, std::allocator<Catch::Tag> >::_M_allocate(unsigned long) (stl_vector.h:346)
==268755==    by 0x21560A: void std::vector<Catch::Tag, std::allocator<Catch::Tag> >::_M_realloc_insert<Catch::StringRef>(__gnu_cxx::__normal_iterator<Catch::Tag*, std::vector<Catch::Tag, std::allocator<Catch::Tag> > >, Catch::StringRef&&) (vector.tcc:440)
==268755==    by 0x214F55: Catch::Tag& std::vector<Catch::Tag, std::allocator<Catch::Tag> >::emplace_back<Catch::StringRef>(Catch::StringRef&&) (vector.tcc:121)
==268755==    by 0x21462D: Catch::TestCaseInfo::internalAppendTag(Catch::StringRef) (catch_test_case_info.cpp:225)
==268755==    by 0x213FBA: Catch::TestCaseInfo::TestCaseInfo(Catch::StringRef, Catch::NameAndTags const&, Catch::SourceLineInfo const&) (catch_test_case_info.cpp:168)
==268755==    by 0x214A8E: Catch::Detail::unique_ptr<Catch::TestCaseInfo> Catch::Detail::make_unique<Catch::TestCaseInfo, Catch::StringRef&, Catch::NameAndTags const&, Catch::SourceLineInfo const&>(Catch::StringRef&, Catch::NameAndTags const&, Catch::SourceLineInfo const&) (catch_unique_ptr.hpp:111)
==268755==    by 0x213B99: Catch::makeTestCaseInfo(Catch::StringRef, Catch::NameAndTags const&, Catch::SourceLineInfo const&) (catch_test_case_info.cpp:118)
==268755==    by 0x26E957: Catch::AutoReg::AutoReg(Catch::Detail::unique_ptr<Catch::ITestInvoker>, Catch::SourceLineInfo const&, Catch::StringRef, Catch::NameAndTags const&) (catch_test_registry.cpp:59)
==268755==    by 0x16E9E7: __static_initialization_and_destruction_0(int, int) (test_connection_pool.cpp:174)
==268755== 
==268755== 16 bytes in 1 blocks are still reachable in loss record 82 of 2,004
==268755==    at 0x4849013: operator new(unsigned long) (in /usr/libexec/valgrind/vgpreload_memcheck-amd64-linux.so)
==268755==    by 0x26EB94: Catch::Detail::unique_ptr<Catch::TestInvokerAsFunction> Catch::Detail::make_unique<Catch::TestInvokerAsFunction, void (*&)()>(void (*&)()) (catch_unique_ptr.hpp:111)
==268755==    by 0x26E86D: Catch::makeTestInvoker(void (*)()) (catch_test_registry.cpp:52)
==268755==    by 0x18081B: __static_initialization_and_destruction_0(int, int) (test_transaction_manager.cpp:17)
==268755==    by 0x180B45: _GLOBAL__sub_I_test_transaction_manager.cpp (test_transaction_manager.cpp:238)
==268755==    by 0x51BBEBA: call_init (libc-start.c:145)
==268755==    by 0x51BBEBA: __libc_start_main@@GLIBC_2.34 (libc-start.c:379)
==268755==    by 0x12E4D4: (below main) (in /home/dsystems/Desktop/projects/cpp/cpp_dbc/build/libs/cpp_dbc/test/test/cpp_dbc_tests)
==268755== 
==268755== 16 bytes in 1 blocks are still reachable in loss record 83 of 2,004
==268755==    at 0x4849013: operator new(unsigned long) (in /usr/libexec/valgrind/vgpreload_memcheck-amd64-linux.so)
==268755==    by 0x2169F1: __gnu_cxx::new_allocator<Catch::Tag>::allocate(unsigned long, void const*) (new_allocator.h:127)
==268755==    by 0x216331: std::allocator_traits<std::allocator<Catch::Tag> >::allocate(std::allocator<Catch::Tag>&, unsigned long) (alloc_traits.h:464)
==268755==    by 0x215DF5: std::_Vector_base<Catch::Tag, std::allocator<Catch::Tag> >::_M_allocate(unsigned long) (stl_vector.h:346)
==268755==    by 0x21560A: void std::vector<Catch::Tag, std::allocator<Catch::Tag> >::_M_realloc_insert<Catch::StringRef>(__gnu_cxx::__normal_iterator<Catch::Tag*, std::vector<Catch::Tag, std::allocator<Catch::Tag> > >, Catch::StringRef&&) (vector.tcc:440)
==268755==    by 0x214F55: Catch::Tag& std::vector<Catch::Tag, std::allocator<Catch::Tag> >::emplace_back<Catch::StringRef>(Catch::StringRef&&) (vector.tcc:121)
==268755==    by 0x21462D: Catch::TestCaseInfo::internalAppendTag(Catch::StringRef) (catch_test_case_info.cpp:225)
==268755==    by 0x213FBA: Catch::TestCaseInfo::TestCaseInfo(Catch::StringRef, Catch::NameAndTags const&, Catch::SourceLineInfo const&) (catch_test_case_info.cpp:168)
==268755==    by 0x214A8E: Catch::Detail::unique_ptr<Catch::TestCaseInfo> Catch::Detail::make_unique<Catch::TestCaseInfo, Catch::StringRef&, Catch::NameAndTags const&, Catch::SourceLineInfo const&>(Catch::StringRef&, Catch::NameAndTags const&, Catch::SourceLineInfo const&) (catch_unique_ptr.hpp:111)
==268755==    by 0x213B99: Catch::makeTestCaseInfo(Catch::StringRef, Catch::NameAndTags const&, Catch::SourceLineInfo const&) (catch_test_case_info.cpp:118)
==268755==    by 0x26E957: Catch::AutoReg::AutoReg(Catch::Detail::unique_ptr<Catch::ITestInvoker>, Catch::SourceLineInfo const&, Catch::StringRef, Catch::NameAndTags const&) (catch_test_registry.cpp:59)
==268755==    by 0x180847: __static_initialization_and_destruction_0(int, int) (test_transaction_manager.cpp:17)
==268755== 
==268755== 16 bytes in 1 blocks are still reachable in loss record 84 of 2,004
==268755==    at 0x4849013: operator new(unsigned long) (in /usr/libexec/valgrind/vgpreload_memcheck-amd64-linux.so)
==268755==    by 0x26EB94: Catch::Detail::unique_ptr<Catch::TestInvokerAsFunction> Catch::Detail::make_unique<Catch::TestInvokerAsFunction, void (*&)()>(void (*&)()) (catch_unique_ptr.hpp:111)
==268755==    by 0x26E86D: Catch::makeTestInvoker(void (*)()) (catch_test_registry.cpp:52)
==268755==    by 0x1808EB: __static_initialization_and_destruction_0(int, int) (test_transaction_manager.cpp:142)
==268755==    by 0x180B45: _GLOBAL__sub_I_test_transaction_manager.cpp (test_transaction_manager.cpp:238)
==268755==    by 0x51BBEBA: call_init (libc-start.c:145)
==268755==    by 0x51BBEBA: __libc_start_main@@GLIBC_2.34 (libc-start.c:379)
==268755==    by 0x12E4D4: (below main) (in /home/dsystems/Desktop/projects/cpp/cpp_dbc/build/libs/cpp_dbc/test/test/cpp_dbc_tests)
==268755== 
==268755== 16 bytes in 1 blocks are still reachable in loss record 85 of 2,004
==268755==    at 0x4849013: operator new(unsigned long) (in /usr/libexec/valgrind/vgpreload_memcheck-amd64-linux.so)
==268755==    by 0x2169F1: __gnu_cxx::new_allocator<Catch::Tag>::allocate(unsigned long, void const*) (new_allocator.h:127)
==268755==    by 0x216331: std::allocator_traits<std::allocator<Catch::Tag> >::allocate(std::allocator<Catch::Tag>&, unsigned long) (alloc_traits.h:464)
==268755==    by 0x215DF5: std::_Vector_base<Catch::Tag, std::allocator<Catch::Tag> >::_M_allocate(unsigned long) (stl_vector.h:346)
==268755==    by 0x21560A: void std::vector<Catch::Tag, std::allocator<Catch::Tag> >::_M_realloc_insert<Catch::StringRef>(__gnu_cxx::__normal_iterator<Catch::Tag*, std::vector<Catch::Tag, std::allocator<Catch::Tag> > >, Catch::StringRef&&) (vector.tcc:440)
==268755==    by 0x214F55: Catch::Tag& std::vector<Catch::Tag, std::allocator<Catch::Tag> >::emplace_back<Catch::StringRef>(Catch::StringRef&&) (vector.tcc:121)
==268755==    by 0x21462D: Catch::TestCaseInfo::internalAppendTag(Catch::StringRef) (catch_test_case_info.cpp:225)
==268755==    by 0x213FBA: Catch::TestCaseInfo::TestCaseInfo(Catch::StringRef, Catch::NameAndTags const&, Catch::SourceLineInfo const&) (catch_test_case_info.cpp:168)
==268755==    by 0x214A8E: Catch::Detail::unique_ptr<Catch::TestCaseInfo> Catch::Detail::make_unique<Catch::TestCaseInfo, Catch::StringRef&, Catch::NameAndTags const&, Catch::SourceLineInfo const&>(Catch::StringRef&, Catch::NameAndTags const&, Catch::SourceLineInfo const&) (catch_unique_ptr.hpp:111)
==268755==    by 0x213B99: Catch::makeTestCaseInfo(Catch::StringRef, Catch::NameAndTags const&, Catch::SourceLineInfo const&) (catch_test_case_info.cpp:118)
==268755==    by 0x26E957: Catch::AutoReg::AutoReg(Catch::Detail::unique_ptr<Catch::ITestInvoker>, Catch::SourceLineInfo const&, Catch::StringRef, Catch::NameAndTags const&) (catch_test_registry.cpp:59)
==268755==    by 0x180917: __static_initialization_and_destruction_0(int, int) (test_transaction_manager.cpp:142)
==268755== 
==268755== 16 bytes in 1 blocks are still reachable in loss record 86 of 2,004
==268755==    at 0x4849013: operator new(unsigned long) (in /usr/libexec/valgrind/vgpreload_memcheck-amd64-linux.so)
==268755==    by 0x26EB94: Catch::Detail::unique_ptr<Catch::TestInvokerAsFunction> Catch::Detail::make_unique<Catch::TestInvokerAsFunction, void (*&)()>(void (*&)()) (catch_unique_ptr.hpp:111)
==268755==    by 0x26E86D: Catch::makeTestInvoker(void (*)()) (catch_test_registry.cpp:52)
==268755==    by 0x1809BB: __static_initialization_and_destruction_0(int, int) (test_transaction_manager.cpp:210)
==268755==    by 0x180B45: _GLOBAL__sub_I_test_transaction_manager.cpp (test_transaction_manager.cpp:238)
==268755==    by 0x51BBEBA: call_init (libc-start.c:145)
==268755==    by 0x51BBEBA: __libc_start_main@@GLIBC_2.34 (libc-start.c:379)
==268755==    by 0x12E4D4: (below main) (in /home/dsystems/Desktop/projects/cpp/cpp_dbc/build/libs/cpp_dbc/test/test/cpp_dbc_tests)
==268755== 
==268755== 16 bytes in 1 blocks are still reachable in loss record 87 of 2,004
==268755==    at 0x4849013: operator new(unsigned long) (in /usr/libexec/valgrind/vgpreload_memcheck-amd64-linux.so)
==268755==    by 0x2169F1: __gnu_cxx::new_allocator<Catch::Tag>::allocate(unsigned long, void const*) (new_allocator.h:127)
==268755==    by 0x216331: std::allocator_traits<std::allocator<Catch::Tag> >::allocate(std::allocator<Catch::Tag>&, unsigned long) (alloc_traits.h:464)
==268755==    by 0x215DF5: std::_Vector_base<Catch::Tag, std::allocator<Catch::Tag> >::_M_allocate(unsigned long) (stl_vector.h:346)
==268755==    by 0x21560A: void std::vector<Catch::Tag, std::allocator<Catch::Tag> >::_M_realloc_insert<Catch::StringRef>(__gnu_cxx::__normal_iterator<Catch::Tag*, std::vector<Catch::Tag, std::allocator<Catch::Tag> > >, Catch::StringRef&&) (vector.tcc:440)
==268755==    by 0x214F55: Catch::Tag& std::vector<Catch::Tag, std::allocator<Catch::Tag> >::emplace_back<Catch::StringRef>(Catch::StringRef&&) (vector.tcc:121)
==268755==    by 0x21462D: Catch::TestCaseInfo::internalAppendTag(Catch::StringRef) (catch_test_case_info.cpp:225)
==268755==    by 0x213FBA: Catch::TestCaseInfo::TestCaseInfo(Catch::StringRef, Catch::NameAndTags const&, Catch::SourceLineInfo const&) (catch_test_case_info.cpp:168)
==268755==    by 0x214A8E: Catch::Detail::unique_ptr<Catch::TestCaseInfo> Catch::Detail::make_unique<Catch::TestCaseInfo, Catch::StringRef&, Catch::NameAndTags const&, Catch::SourceLineInfo const&>(Catch::StringRef&, Catch::NameAndTags const&, Catch::SourceLineInfo const&) (catch_unique_ptr.hpp:111)
==268755==    by 0x213B99: Catch::makeTestCaseInfo(Catch::StringRef, Catch::NameAndTags const&, Catch::SourceLineInfo const&) (catch_test_case_info.cpp:118)
==268755==    by 0x26E957: Catch::AutoReg::AutoReg(Catch::Detail::unique_ptr<Catch::ITestInvoker>, Catch::SourceLineInfo const&, Catch::StringRef, Catch::NameAndTags const&) (catch_test_registry.cpp:59)
==268755==    by 0x1809E7: __static_initialization_and_destruction_0(int, int) (test_transaction_manager.cpp:210)
==268755== 
==268755== 16 bytes in 1 blocks are still reachable in loss record 88 of 2,004
==268755==    at 0x4849013: operator new(unsigned long) (in /usr/libexec/valgrind/vgpreload_memcheck-amd64-linux.so)
==268755==    by 0x26EB94: Catch::Detail::unique_ptr<Catch::TestInvokerAsFunction> Catch::Detail::make_unique<Catch::TestInvokerAsFunction, void (*&)()>(void (*&)()) (catch_unique_ptr.hpp:111)
==268755==    by 0x26E86D: Catch::makeTestInvoker(void (*)()) (catch_test_registry.cpp:52)
==268755==    by 0x1929AC: __static_initialization_and_destruction_0(int, int) (test_database_config.cpp:11)
==268755==    by 0x192C82: _GLOBAL__sub_I_test_database_config.cpp (test_database_config.cpp:367)
==268755==    by 0x51BBEBA: call_init (libc-start.c:145)
==268755==    by 0x51BBEBA: __libc_start_main@@GLIBC_2.34 (libc-start.c:379)
==268755==    by 0x12E4D4: (below main) (in /home/dsystems/Desktop/projects/cpp/cpp_dbc/build/libs/cpp_dbc/test/test/cpp_dbc_tests)
==268755== 
==268755== 16 bytes in 1 blocks are still reachable in loss record 89 of 2,004
==268755==    at 0x4849013: operator new(unsigned long) (in /usr/libexec/valgrind/vgpreload_memcheck-amd64-linux.so)
==268755==    by 0x2169F1: __gnu_cxx::new_allocator<Catch::Tag>::allocate(unsigned long, void const*) (new_allocator.h:127)
==268755==    by 0x216331: std::allocator_traits<std::allocator<Catch::Tag> >::allocate(std::allocator<Catch::Tag>&, unsigned long) (alloc_traits.h:464)
==268755==    by 0x215DF5: std::_Vector_base<Catch::Tag, std::allocator<Catch::Tag> >::_M_allocate(unsigned long) (stl_vector.h:346)
==268755==    by 0x21560A: void std::vector<Catch::Tag, std::allocator<Catch::Tag> >::_M_realloc_insert<Catch::StringRef>(__gnu_cxx::__normal_iterator<Catch::Tag*, std::vector<Catch::Tag, std::allocator<Catch::Tag> > >, Catch::StringRef&&) (vector.tcc:440)
==268755==    by 0x214F55: Catch::Tag& std::vector<Catch::Tag, std::allocator<Catch::Tag> >::emplace_back<Catch::StringRef>(Catch::StringRef&&) (vector.tcc:121)
==268755==    by 0x21462D: Catch::TestCaseInfo::internalAppendTag(Catch::StringRef) (catch_test_case_info.cpp:225)
==268755==    by 0x213FBA: Catch::TestCaseInfo::TestCaseInfo(Catch::StringRef, Catch::NameAndTags const&, Catch::SourceLineInfo const&) (catch_test_case_info.cpp:168)
==268755==    by 0x214A8E: Catch::Detail::unique_ptr<Catch::TestCaseInfo> Catch::Detail::make_unique<Catch::TestCaseInfo, Catch::StringRef&, Catch::NameAndTags const&, Catch::SourceLineInfo const&>(Catch::StringRef&, Catch::NameAndTags const&, Catch::SourceLineInfo const&) (catch_unique_ptr.hpp:111)
==268755==    by 0x213B99: Catch::makeTestCaseInfo(Catch::StringRef, Catch::NameAndTags const&, Catch::SourceLineInfo const&) (catch_test_case_info.cpp:118)
==268755==    by 0x26E957: Catch::AutoReg::AutoReg(Catch::Detail::unique_ptr<Catch::ITestInvoker>, Catch::SourceLineInfo const&, Catch::StringRef, Catch::NameAndTags const&) (catch_test_registry.cpp:59)
==268755==    by 0x1929D8: __static_initialization_and_destruction_0(int, int) (test_database_config.cpp:11)
==268755== 
==268755== 16 bytes in 1 blocks are still reachable in loss record 90 of 2,004
==268755==    at 0x4849013: operator new(unsigned long) (in /usr/libexec/valgrind/vgpreload_memcheck-amd64-linux.so)
==268755==    by 0x26EB94: Catch::Detail::unique_ptr<Catch::TestInvokerAsFunction> Catch::Detail::make_unique<Catch::TestInvokerAsFunction, void (*&)()>(void (*&)()) (catch_unique_ptr.hpp:111)
==268755==    by 0x26E86D: Catch::makeTestInvoker(void (*)()) (catch_test_registry.cpp:52)
==268755==    by 0x192A7C: __static_initialization_and_destruction_0(int, int) (test_database_config.cpp:66)
==268755==    by 0x192C82: _GLOBAL__sub_I_test_database_config.cpp (test_database_config.cpp:367)
==268755==    by 0x51BBEBA: call_init (libc-start.c:145)
==268755==    by 0x51BBEBA: __libc_start_main@@GLIBC_2.34 (libc-start.c:379)
==268755==    by 0x12E4D4: (below main) (in /home/dsystems/Desktop/projects/cpp/cpp_dbc/build/libs/cpp_dbc/test/test/cpp_dbc_tests)
==268755== 
==268755== 16 bytes in 1 blocks are still reachable in loss record 91 of 2,004
==268755==    at 0x4849013: operator new(unsigned long) (in /usr/libexec/valgrind/vgpreload_memcheck-amd64-linux.so)
==268755==    by 0x2169F1: __gnu_cxx::new_allocator<Catch::Tag>::allocate(unsigned long, void const*) (new_allocator.h:127)
==268755==    by 0x216331: std::allocator_traits<std::allocator<Catch::Tag> >::allocate(std::allocator<Catch::Tag>&, unsigned long) (alloc_traits.h:464)
==268755==    by 0x215DF5: std::_Vector_base<Catch::Tag, std::allocator<Catch::Tag> >::_M_allocate(unsigned long) (stl_vector.h:346)
==268755==    by 0x21560A: void std::vector<Catch::Tag, std::allocator<Catch::Tag> >::_M_realloc_insert<Catch::StringRef>(__gnu_cxx::__normal_iterator<Catch::Tag*, std::vector<Catch::Tag, std::allocator<Catch::Tag> > >, Catch::StringRef&&) (vector.tcc:440)
==268755==    by 0x214F55: Catch::Tag& std::vector<Catch::Tag, std::allocator<Catch::Tag> >::emplace_back<Catch::StringRef>(Catch::StringRef&&) (vector.tcc:121)
==268755==    by 0x21462D: Catch::TestCaseInfo::internalAppendTag(Catch::StringRef) (catch_test_case_info.cpp:225)
==268755==    by 0x213FBA: Catch::TestCaseInfo::TestCaseInfo(Catch::StringRef, Catch::NameAndTags const&, Catch::SourceLineInfo const&) (catch_test_case_info.cpp:168)
==268755==    by 0x214A8E: Catch::Detail::unique_ptr<Catch::TestCaseInfo> Catch::Detail::make_unique<Catch::TestCaseInfo, Catch::StringRef&, Catch::NameAndTags const&, Catch::SourceLineInfo const&>(Catch::StringRef&, Catch::NameAndTags const&, Catch::SourceLineInfo const&) (catch_unique_ptr.hpp:111)
==268755==    by 0x213B99: Catch::makeTestCaseInfo(Catch::StringRef, Catch::NameAndTags const&, Catch::SourceLineInfo const&) (catch_test_case_info.cpp:118)
==268755==    by 0x26E957: Catch::AutoReg::AutoReg(Catch::Detail::unique_ptr<Catch::ITestInvoker>, Catch::SourceLineInfo const&, Catch::StringRef, Catch::NameAndTags const&) (catch_test_registry.cpp:59)
==268755==    by 0x192AA8: __static_initialization_and_destruction_0(int, int) (test_database_config.cpp:66)
==268755== 
==268755== 16 bytes in 1 blocks are still reachable in loss record 92 of 2,004
==268755==    at 0x4849013: operator new(unsigned long) (in /usr/libexec/valgrind/vgpreload_memcheck-amd64-linux.so)
==268755==    by 0x26EB94: Catch::Detail::unique_ptr<Catch::TestInvokerAsFunction> Catch::Detail::make_unique<Catch::TestInvokerAsFunction, void (*&)()>(void (*&)()) (catch_unique_ptr.hpp:111)
==268755==    by 0x26E86D: Catch::makeTestInvoker(void (*)()) (catch_test_registry.cpp:52)
==268755==    by 0x192B4C: __static_initialization_and_destruction_0(int, int) (test_database_config.cpp:171)
==268755==    by 0x192C82: _GLOBAL__sub_I_test_database_config.cpp (test_database_config.cpp:367)
==268755==    by 0x51BBEBA: call_init (libc-start.c:145)
==268755==    by 0x51BBEBA: __libc_start_main@@GLIBC_2.34 (libc-start.c:379)
==268755==    by 0x12E4D4: (below main) (in /home/dsystems/Desktop/projects/cpp/cpp_dbc/build/libs/cpp_dbc/test/test/cpp_dbc_tests)
==268755== 
==268755== 16 bytes in 1 blocks are still reachable in loss record 93 of 2,004
==268755==    at 0x4849013: operator new(unsigned long) (in /usr/libexec/valgrind/vgpreload_memcheck-amd64-linux.so)
==268755==    by 0x2169F1: __gnu_cxx::new_allocator<Catch::Tag>::allocate(unsigned long, void const*) (new_allocator.h:127)
==268755==    by 0x216331: std::allocator_traits<std::allocator<Catch::Tag> >::allocate(std::allocator<Catch::Tag>&, unsigned long) (alloc_traits.h:464)
==268755==    by 0x215DF5: std::_Vector_base<Catch::Tag, std::allocator<Catch::Tag> >::_M_allocate(unsigned long) (stl_vector.h:346)
==268755==    by 0x21560A: void std::vector<Catch::Tag, std::allocator<Catch::Tag> >::_M_realloc_insert<Catch::StringRef>(__gnu_cxx::__normal_iterator<Catch::Tag*, std::vector<Catch::Tag, std::allocator<Catch::Tag> > >, Catch::StringRef&&) (vector.tcc:440)
==268755==    by 0x214F55: Catch::Tag& std::vector<Catch::Tag, std::allocator<Catch::Tag> >::emplace_back<Catch::StringRef>(Catch::StringRef&&) (vector.tcc:121)
==268755==    by 0x21462D: Catch::TestCaseInfo::internalAppendTag(Catch::StringRef) (catch_test_case_info.cpp:225)
==268755==    by 0x213FBA: Catch::TestCaseInfo::TestCaseInfo(Catch::StringRef, Catch::NameAndTags const&, Catch::SourceLineInfo const&) (catch_test_case_info.cpp:168)
==268755==    by 0x214A8E: Catch::Detail::unique_ptr<Catch::TestCaseInfo> Catch::Detail::make_unique<Catch::TestCaseInfo, Catch::StringRef&, Catch::NameAndTags const&, Catch::SourceLineInfo const&>(Catch::StringRef&, Catch::NameAndTags const&, Catch::SourceLineInfo const&) (catch_unique_ptr.hpp:111)
==268755==    by 0x213B99: Catch::makeTestCaseInfo(Catch::StringRef, Catch::NameAndTags const&, Catch::SourceLineInfo const&) (catch_test_case_info.cpp:118)
==268755==    by 0x26E957: Catch::AutoReg::AutoReg(Catch::Detail::unique_ptr<Catch::ITestInvoker>, Catch::SourceLineInfo const&, Catch::StringRef, Catch::NameAndTags const&) (catch_test_registry.cpp:59)
==268755==    by 0x192B78: __static_initialization_and_destruction_0(int, int) (test_database_config.cpp:171)
==268755== 
==268755== 16 bytes in 1 blocks are still reachable in loss record 94 of 2,004
==268755==    at 0x4849013: operator new(unsigned long) (in /usr/libexec/valgrind/vgpreload_memcheck-amd64-linux.so)
==268755==    by 0x26EB94: Catch::Detail::unique_ptr<Catch::TestInvokerAsFunction> Catch::Detail::make_unique<Catch::TestInvokerAsFunction, void (*&)()>(void (*&)()) (catch_unique_ptr.hpp:111)
==268755==    by 0x26E86D: Catch::makeTestInvoker(void (*)()) (catch_test_registry.cpp:52)
==268755==    by 0x192C1C: __static_initialization_and_destruction_0(int, int) (test_database_config.cpp:239)
==268755==    by 0x192C82: _GLOBAL__sub_I_test_database_config.cpp (test_database_config.cpp:367)
==268755==    by 0x51BBEBA: call_init (libc-start.c:145)
==268755==    by 0x51BBEBA: __libc_start_main@@GLIBC_2.34 (libc-start.c:379)
==268755==    by 0x12E4D4: (below main) (in /home/dsystems/Desktop/projects/cpp/cpp_dbc/build/libs/cpp_dbc/test/test/cpp_dbc_tests)
==268755== 
==268755== 16 bytes in 1 blocks are still reachable in loss record 95 of 2,004
==268755==    at 0x4849013: operator new(unsigned long) (in /usr/libexec/valgrind/vgpreload_memcheck-amd64-linux.so)
==268755==    by 0x2169F1: __gnu_cxx::new_allocator<Catch::Tag>::allocate(unsigned long, void const*) (new_allocator.h:127)
==268755==    by 0x216331: std::allocator_traits<std::allocator<Catch::Tag> >::allocate(std::allocator<Catch::Tag>&, unsigned long) (alloc_traits.h:464)
==268755==    by 0x215DF5: std::_Vector_base<Catch::Tag, std::allocator<Catch::Tag> >::_M_allocate(unsigned long) (stl_vector.h:346)
==268755==    by 0x21560A: void std::vector<Catch::Tag, std::allocator<Catch::Tag> >::_M_realloc_insert<Catch::StringRef>(__gnu_cxx::__normal_iterator<Catch::Tag*, std::vector<Catch::Tag, std::allocator<Catch::Tag> > >, Catch::StringRef&&) (vector.tcc:440)
==268755==    by 0x214F55: Catch::Tag& std::vector<Catch::Tag, std::allocator<Catch::Tag> >::emplace_back<Catch::StringRef>(Catch::StringRef&&) (vector.tcc:121)
==268755==    by 0x21462D: Catch::TestCaseInfo::internalAppendTag(Catch::StringRef) (catch_test_case_info.cpp:225)
==268755==    by 0x213FBA: Catch::TestCaseInfo::TestCaseInfo(Catch::StringRef, Catch::NameAndTags const&, Catch::SourceLineInfo const&) (catch_test_case_info.cpp:168)
==268755==    by 0x214A8E: Catch::Detail::unique_ptr<Catch::TestCaseInfo> Catch::Detail::make_unique<Catch::TestCaseInfo, Catch::StringRef&, Catch::NameAndTags const&, Catch::SourceLineInfo const&>(Catch::StringRef&, Catch::NameAndTags const&, Catch::SourceLineInfo const&) (catch_unique_ptr.hpp:111)
==268755==    by 0x213B99: Catch::makeTestCaseInfo(Catch::StringRef, Catch::NameAndTags const&, Catch::SourceLineInfo const&) (catch_test_case_info.cpp:118)
==268755==    by 0x26E957: Catch::AutoReg::AutoReg(Catch::Detail::unique_ptr<Catch::ITestInvoker>, Catch::SourceLineInfo const&, Catch::StringRef, Catch::NameAndTags const&) (catch_test_registry.cpp:59)
==268755==    by 0x192C48: __static_initialization_and_destruction_0(int, int) (test_database_config.cpp:239)
==268755== 
==268755== 16 bytes in 1 blocks are still reachable in loss record 96 of 2,004
==268755==    at 0x4849013: operator new(unsigned long) (in /usr/libexec/valgrind/vgpreload_memcheck-amd64-linux.so)
==268755==    by 0x26EB94: Catch::Detail::unique_ptr<Catch::TestInvokerAsFunction> Catch::Detail::make_unique<Catch::TestInvokerAsFunction, void (*&)()>(void (*&)()) (catch_unique_ptr.hpp:111)
==268755==    by 0x26E86D: Catch::makeTestInvoker(void (*)()) (catch_test_registry.cpp:52)
==268755==    by 0x1A591F: __static_initialization_and_destruction_0(int, int) (test_drivers.cpp:16)
==268755==    by 0x1A5E65: _GLOBAL__sub_I_test_drivers.cpp (test_drivers.cpp:281)
==268755==    by 0x51BBEBA: call_init (libc-start.c:145)
==268755==    by 0x51BBEBA: __libc_start_main@@GLIBC_2.34 (libc-start.c:379)
==268755==    by 0x12E4D4: (below main) (in /home/dsystems/Desktop/projects/cpp/cpp_dbc/build/libs/cpp_dbc/test/test/cpp_dbc_tests)
==268755== 
==268755== 16 bytes in 1 blocks are still reachable in loss record 97 of 2,004
==268755==    at 0x4849013: operator new(unsigned long) (in /usr/libexec/valgrind/vgpreload_memcheck-amd64-linux.so)
==268755==    by 0x26EB94: Catch::Detail::unique_ptr<Catch::TestInvokerAsFunction> Catch::Detail::make_unique<Catch::TestInvokerAsFunction, void (*&)()>(void (*&)()) (catch_unique_ptr.hpp:111)
==268755==    by 0x26E86D: Catch::makeTestInvoker(void (*)()) (catch_test_registry.cpp:52)
==268755==    by 0x1A59EF: __static_initialization_and_destruction_0(int, int) (test_drivers.cpp:42)
==268755==    by 0x1A5E65: _GLOBAL__sub_I_test_drivers.cpp (test_drivers.cpp:281)
==268755==    by 0x51BBEBA: call_init (libc-start.c:145)
==268755==    by 0x51BBEBA: __libc_start_main@@GLIBC_2.34 (libc-start.c:379)
==268755==    by 0x12E4D4: (below main) (in /home/dsystems/Desktop/projects/cpp/cpp_dbc/build/libs/cpp_dbc/test/test/cpp_dbc_tests)
==268755== 
==268755== 16 bytes in 1 blocks are still reachable in loss record 98 of 2,004
==268755==    at 0x4849013: operator new(unsigned long) (in /usr/libexec/valgrind/vgpreload_memcheck-amd64-linux.so)
==268755==    by 0x26EB94: Catch::Detail::unique_ptr<Catch::TestInvokerAsFunction> Catch::Detail::make_unique<Catch::TestInvokerAsFunction, void (*&)()>(void (*&)()) (catch_unique_ptr.hpp:111)
==268755==    by 0x26E86D: Catch::makeTestInvoker(void (*)()) (catch_test_registry.cpp:52)
==268755==    by 0x1A5ABF: __static_initialization_and_destruction_0(int, int) (test_drivers.cpp:79)
==268755==    by 0x1A5E65: _GLOBAL__sub_I_test_drivers.cpp (test_drivers.cpp:281)
==268755==    by 0x51BBEBA: call_init (libc-start.c:145)
==268755==    by 0x51BBEBA: __libc_start_main@@GLIBC_2.34 (libc-start.c:379)
==268755==    by 0x12E4D4: (below main) (in /home/dsystems/Desktop/projects/cpp/cpp_dbc/build/libs/cpp_dbc/test/test/cpp_dbc_tests)
==268755== 
==268755== 16 bytes in 1 blocks are still reachable in loss record 99 of 2,004
==268755==    at 0x4849013: operator new(unsigned long) (in /usr/libexec/valgrind/vgpreload_memcheck-amd64-linux.so)
==268755==    by 0x26EB94: Catch::Detail::unique_ptr<Catch::TestInvokerAsFunction> Catch::Detail::make_unique<Catch::TestInvokerAsFunction, void (*&)()>(void (*&)()) (catch_unique_ptr.hpp:111)
==268755==    by 0x26E86D: Catch::makeTestInvoker(void (*)()) (catch_test_registry.cpp:52)
==268755==    by 0x1A5B8F: __static_initialization_and_destruction_0(int, int) (test_drivers.cpp:115)
==268755==    by 0x1A5E65: _GLOBAL__sub_I_test_drivers.cpp (test_drivers.cpp:281)
==268755==    by 0x51BBEBA: call_init (libc-start.c:145)
==268755==    by 0x51BBEBA: __libc_start_main@@GLIBC_2.34 (libc-start.c:379)
==268755==    by 0x12E4D4: (below main) (in /home/dsystems/Desktop/projects/cpp/cpp_dbc/build/libs/cpp_dbc/test/test/cpp_dbc_tests)
==268755== 
==268755== 16 bytes in 1 blocks are still reachable in loss record 100 of 2,004
==268755==    at 0x4849013: operator new(unsigned long) (in /usr/libexec/valgrind/vgpreload_memcheck-amd64-linux.so)
==268755==    by 0x2169F1: __gnu_cxx::new_allocator<Catch::Tag>::allocate(unsigned long, void const*) (new_allocator.h:127)
==268755==    by 0x216331: std::allocator_traits<std::allocator<Catch::Tag> >::allocate(std::allocator<Catch::Tag>&, unsigned long) (alloc_traits.h:464)
==268755==    by 0x215DF5: std::_Vector_base<Catch::Tag, std::allocator<Catch::Tag> >::_M_allocate(unsigned long) (stl_vector.h:346)
==268755==    by 0x21560A: void std::vector<Catch::Tag, std::allocator<Catch::Tag> >::_M_realloc_insert<Catch::StringRef>(__gnu_cxx::__normal_iterator<Catch::Tag*, std::vector<Catch::Tag, std::allocator<Catch::Tag> > >, Catch::StringRef&&) (vector.tcc:440)
==268755==    by 0x214F55: Catch::Tag& std::vector<Catch::Tag, std::allocator<Catch::Tag> >::emplace_back<Catch::StringRef>(Catch::StringRef&&) (vector.tcc:121)
==268755==    by 0x21462D: Catch::TestCaseInfo::internalAppendTag(Catch::StringRef) (catch_test_case_info.cpp:225)
==268755==    by 0x213FBA: Catch::TestCaseInfo::TestCaseInfo(Catch::StringRef, Catch::NameAndTags const&, Catch::SourceLineInfo const&) (catch_test_case_info.cpp:168)
==268755==    by 0x214A8E: Catch::Detail::unique_ptr<Catch::TestCaseInfo> Catch::Detail::make_unique<Catch::TestCaseInfo, Catch::StringRef&, Catch::NameAndTags const&, Catch::SourceLineInfo const&>(Catch::StringRef&, Catch::NameAndTags const&, Catch::SourceLineInfo const&) (catch_unique_ptr.hpp:111)
==268755==    by 0x213B99: Catch::makeTestCaseInfo(Catch::StringRef, Catch::NameAndTags const&, Catch::SourceLineInfo const&) (catch_test_case_info.cpp:118)
==268755==    by 0x26E957: Catch::AutoReg::AutoReg(Catch::Detail::unique_ptr<Catch::ITestInvoker>, Catch::SourceLineInfo const&, Catch::StringRef, Catch::NameAndTags const&) (catch_test_registry.cpp:59)
==268755==    by 0x1A5BBB: __static_initialization_and_destruction_0(int, int) (test_drivers.cpp:115)
==268755== 
==268755== 16 bytes in 1 blocks are still reachable in loss record 101 of 2,004
==268755==    at 0x4849013: operator new(unsigned long) (in /usr/libexec/valgrind/vgpreload_memcheck-amd64-linux.so)
==268755==    by 0x26EB94: Catch::Detail::unique_ptr<Catch::TestInvokerAsFunction> Catch::Detail::make_unique<Catch::TestInvokerAsFunction, void (*&)()>(void (*&)()) (catch_unique_ptr.hpp:111)
==268755==    by 0x26E86D: Catch::makeTestInvoker(void (*)()) (catch_test_registry.cpp:52)
==268755==    by 0x1A5C5F: __static_initialization_and_destruction_0(int, int) (test_drivers.cpp:138)
==268755==    by 0x1A5E65: _GLOBAL__sub_I_test_drivers.cpp (test_drivers.cpp:281)
==268755==    by 0x51BBEBA: call_init (libc-start.c:145)
==268755==    by 0x51BBEBA: __libc_start_main@@GLIBC_2.34 (libc-start.c:379)
==268755==    by 0x12E4D4: (below main) (in /home/dsystems/Desktop/projects/cpp/cpp_dbc/build/libs/cpp_dbc/test/test/cpp_dbc_tests)
==268755== 
==268755== 16 bytes in 1 blocks are still reachable in loss record 102 of 2,004
==268755==    at 0x4849013: operator new(unsigned long) (in /usr/libexec/valgrind/vgpreload_memcheck-amd64-linux.so)
==268755==    by 0x2169F1: __gnu_cxx::new_allocator<Catch::Tag>::allocate(unsigned long, void const*) (new_allocator.h:127)
==268755==    by 0x216331: std::allocator_traits<std::allocator<Catch::Tag> >::allocate(std::allocator<Catch::Tag>&, unsigned long) (alloc_traits.h:464)
==268755==    by 0x215DF5: std::_Vector_base<Catch::Tag, std::allocator<Catch::Tag> >::_M_allocate(unsigned long) (stl_vector.h:346)
==268755==    by 0x21560A: void std::vector<Catch::Tag, std::allocator<Catch::Tag> >::_M_realloc_insert<Catch::StringRef>(__gnu_cxx::__normal_iterator<Catch::Tag*, std::vector<Catch::Tag, std::allocator<Catch::Tag> > >, Catch::StringRef&&) (vector.tcc:440)
==268755==    by 0x214F55: Catch::Tag& std::vector<Catch::Tag, std::allocator<Catch::Tag> >::emplace_back<Catch::StringRef>(Catch::StringRef&&) (vector.tcc:121)
==268755==    by 0x21462D: Catch::TestCaseInfo::internalAppendTag(Catch::StringRef) (catch_test_case_info.cpp:225)
==268755==    by 0x213FBA: Catch::TestCaseInfo::TestCaseInfo(Catch::StringRef, Catch::NameAndTags const&, Catch::SourceLineInfo const&) (catch_test_case_info.cpp:168)
==268755==    by 0x214A8E: Catch::Detail::unique_ptr<Catch::TestCaseInfo> Catch::Detail::make_unique<Catch::TestCaseInfo, Catch::StringRef&, Catch::NameAndTags const&, Catch::SourceLineInfo const&>(Catch::StringRef&, Catch::NameAndTags const&, Catch::SourceLineInfo const&) (catch_unique_ptr.hpp:111)
==268755==    by 0x213B99: Catch::makeTestCaseInfo(Catch::StringRef, Catch::NameAndTags const&, Catch::SourceLineInfo const&) (catch_test_case_info.cpp:118)
==268755==    by 0x26E957: Catch::AutoReg::AutoReg(Catch::Detail::unique_ptr<Catch::ITestInvoker>, Catch::SourceLineInfo const&, Catch::StringRef, Catch::NameAndTags const&) (catch_test_registry.cpp:59)
==268755==    by 0x1A5C8B: __static_initialization_and_destruction_0(int, int) (test_drivers.cpp:138)
==268755== 
==268755== 16 bytes in 1 blocks are still reachable in loss record 103 of 2,004
==268755==    at 0x4849013: operator new(unsigned long) (in /usr/libexec/valgrind/vgpreload_memcheck-amd64-linux.so)
==268755==    by 0x26EB94: Catch::Detail::unique_ptr<Catch::TestInvokerAsFunction> Catch::Detail::make_unique<Catch::TestInvokerAsFunction, void (*&)()>(void (*&)()) (catch_unique_ptr.hpp:111)
==268755==    by 0x26E86D: Catch::makeTestInvoker(void (*)()) (catch_test_registry.cpp:52)
==268755==    by 0x1A5D2F: __static_initialization_and_destruction_0(int, int) (test_drivers.cpp:165)
==268755==    by 0x1A5E65: _GLOBAL__sub_I_test_drivers.cpp (test_drivers.cpp:281)
==268755==    by 0x51BBEBA: call_init (libc-start.c:145)
==268755==    by 0x51BBEBA: __libc_start_main@@GLIBC_2.34 (libc-start.c:379)
==268755==    by 0x12E4D4: (below main) (in /home/dsystems/Desktop/projects/cpp/cpp_dbc/build/libs/cpp_dbc/test/test/cpp_dbc_tests)
==268755== 
==268755== 16 bytes in 1 blocks are still reachable in loss record 104 of 2,004
==268755==    at 0x4849013: operator new(unsigned long) (in /usr/libexec/valgrind/vgpreload_memcheck-amd64-linux.so)
==268755==    by 0x2169F1: __gnu_cxx::new_allocator<Catch::Tag>::allocate(unsigned long, void const*) (new_allocator.h:127)
==268755==    by 0x216331: std::allocator_traits<std::allocator<Catch::Tag> >::allocate(std::allocator<Catch::Tag>&, unsigned long) (alloc_traits.h:464)
==268755==    by 0x215DF5: std::_Vector_base<Catch::Tag, std::allocator<Catch::Tag> >::_M_allocate(unsigned long) (stl_vector.h:346)
==268755==    by 0x21560A: void std::vector<Catch::Tag, std::allocator<Catch::Tag> >::_M_realloc_insert<Catch::StringRef>(__gnu_cxx::__normal_iterator<Catch::Tag*, std::vector<Catch::Tag, std::allocator<Catch::Tag> > >, Catch::StringRef&&) (vector.tcc:440)
==268755==    by 0x214F55: Catch::Tag& std::vector<Catch::Tag, std::allocator<Catch::Tag> >::emplace_back<Catch::StringRef>(Catch::StringRef&&) (vector.tcc:121)
==268755==    by 0x21462D: Catch::TestCaseInfo::internalAppendTag(Catch::StringRef) (catch_test_case_info.cpp:225)
==268755==    by 0x213FBA: Catch::TestCaseInfo::TestCaseInfo(Catch::StringRef, Catch::NameAndTags const&, Catch::SourceLineInfo const&) (catch_test_case_info.cpp:168)
==268755==    by 0x214A8E: Catch::Detail::unique_ptr<Catch::TestCaseInfo> Catch::Detail::make_unique<Catch::TestCaseInfo, Catch::StringRef&, Catch::NameAndTags const&, Catch::SourceLineInfo const&>(Catch::StringRef&, Catch::NameAndTags const&, Catch::SourceLineInfo const&) (catch_unique_ptr.hpp:111)
==268755==    by 0x213B99: Catch::makeTestCaseInfo(Catch::StringRef, Catch::NameAndTags const&, Catch::SourceLineInfo const&) (catch_test_case_info.cpp:118)
==268755==    by 0x26E957: Catch::AutoReg::AutoReg(Catch::Detail::unique_ptr<Catch::ITestInvoker>, Catch::SourceLineInfo const&, Catch::StringRef, Catch::NameAndTags const&) (catch_test_registry.cpp:59)
==268755==    by 0x1A5D5B: __static_initialization_and_destruction_0(int, int) (test_drivers.cpp:165)
==268755== 
==268755== 16 bytes in 1 blocks are still reachable in loss record 105 of 2,004
==268755==    at 0x4849013: operator new(unsigned long) (in /usr/libexec/valgrind/vgpreload_memcheck-amd64-linux.so)
==268755==    by 0x26EB94: Catch::Detail::unique_ptr<Catch::TestInvokerAsFunction> Catch::Detail::make_unique<Catch::TestInvokerAsFunction, void (*&)()>(void (*&)()) (catch_unique_ptr.hpp:111)
==268755==    by 0x26E86D: Catch::makeTestInvoker(void (*)()) (catch_test_registry.cpp:52)
==268755==    by 0x1A5DFF: __static_initialization_and_destruction_0(int, int) (test_drivers.cpp:242)
==268755==    by 0x1A5E65: _GLOBAL__sub_I_test_drivers.cpp (test_drivers.cpp:281)
==268755==    by 0x51BBEBA: call_init (libc-start.c:145)
==268755==    by 0x51BBEBA: __libc_start_main@@GLIBC_2.34 (libc-start.c:379)
==268755==    by 0x12E4D4: (below main) (in /home/dsystems/Desktop/projects/cpp/cpp_dbc/build/libs/cpp_dbc/test/test/cpp_dbc_tests)
==268755== 
==268755== 16 bytes in 1 blocks are still reachable in loss record 106 of 2,004
==268755==    at 0x4849013: operator new(unsigned long) (in /usr/libexec/valgrind/vgpreload_memcheck-amd64-linux.so)
==268755==    by 0x2169F1: __gnu_cxx::new_allocator<Catch::Tag>::allocate(unsigned long, void const*) (new_allocator.h:127)
==268755==    by 0x216331: std::allocator_traits<std::allocator<Catch::Tag> >::allocate(std::allocator<Catch::Tag>&, unsigned long) (alloc_traits.h:464)
==268755==    by 0x215DF5: std::_Vector_base<Catch::Tag, std::allocator<Catch::Tag> >::_M_allocate(unsigned long) (stl_vector.h:346)
==268755==    by 0x21560A: void std::vector<Catch::Tag, std::allocator<Catch::Tag> >::_M_realloc_insert<Catch::StringRef>(__gnu_cxx::__normal_iterator<Catch::Tag*, std::vector<Catch::Tag, std::allocator<Catch::Tag> > >, Catch::StringRef&&) (vector.tcc:440)
==268755==    by 0x214F55: Catch::Tag& std::vector<Catch::Tag, std::allocator<Catch::Tag> >::emplace_back<Catch::StringRef>(Catch::StringRef&&) (vector.tcc:121)
==268755==    by 0x21462D: Catch::TestCaseInfo::internalAppendTag(Catch::StringRef) (catch_test_case_info.cpp:225)
==268755==    by 0x213FBA: Catch::TestCaseInfo::TestCaseInfo(Catch::StringRef, Catch::NameAndTags const&, Catch::SourceLineInfo const&) (catch_test_case_info.cpp:168)
==268755==    by 0x214A8E: Catch::Detail::unique_ptr<Catch::TestCaseInfo> Catch::Detail::make_unique<Catch::TestCaseInfo, Catch::StringRef&, Catch::NameAndTags const&, Catch::SourceLineInfo const&>(Catch::StringRef&, Catch::NameAndTags const&, Catch::SourceLineInfo const&) (catch_unique_ptr.hpp:111)
==268755==    by 0x213B99: Catch::makeTestCaseInfo(Catch::StringRef, Catch::NameAndTags const&, Catch::SourceLineInfo const&) (catch_test_case_info.cpp:118)
==268755==    by 0x26E957: Catch::AutoReg::AutoReg(Catch::Detail::unique_ptr<Catch::ITestInvoker>, Catch::SourceLineInfo const&, Catch::StringRef, Catch::NameAndTags const&) (catch_test_registry.cpp:59)
==268755==    by 0x1A5E2B: __static_initialization_and_destruction_0(int, int) (test_drivers.cpp:242)
==268755== 
==268755== 16 bytes in 1 blocks are still reachable in loss record 107 of 2,004
==268755==    at 0x4849013: operator new(unsigned long) (in /usr/libexec/valgrind/vgpreload_memcheck-amd64-linux.so)
==268755==    by 0x26EB94: Catch::Detail::unique_ptr<Catch::TestInvokerAsFunction> Catch::Detail::make_unique<Catch::TestInvokerAsFunction, void (*&)()>(void (*&)()) (catch_unique_ptr.hpp:111)
==268755==    by 0x26E86D: Catch::makeTestInvoker(void (*)()) (catch_test_registry.cpp:52)
==268755==    by 0x1AE5A5: __static_initialization_and_destruction_0(int, int) (test_integration.cpp:28)
==268755==    by 0x1AE6DB: _GLOBAL__sub_I_test_integration.cpp (test_integration.cpp:393)
==268755==    by 0x51BBEBA: call_init (libc-start.c:145)
==268755==    by 0x51BBEBA: __libc_start_main@@GLIBC_2.34 (libc-start.c:379)
==268755==    by 0x12E4D4: (below main) (in /home/dsystems/Desktop/projects/cpp/cpp_dbc/build/libs/cpp_dbc/test/test/cpp_dbc_tests)
==268755== 
==268755== 16 bytes in 1 blocks are still reachable in loss record 108 of 2,004
==268755==    at 0x4849013: operator new(unsigned long) (in /usr/libexec/valgrind/vgpreload_memcheck-amd64-linux.so)
==268755==    by 0x2169F1: __gnu_cxx::new_allocator<Catch::Tag>::allocate(unsigned long, void const*) (new_allocator.h:127)
==268755==    by 0x216331: std::allocator_traits<std::allocator<Catch::Tag> >::allocate(std::allocator<Catch::Tag>&, unsigned long) (alloc_traits.h:464)
==268755==    by 0x215DF5: std::_Vector_base<Catch::Tag, std::allocator<Catch::Tag> >::_M_allocate(unsigned long) (stl_vector.h:346)
==268755==    by 0x21560A: void std::vector<Catch::Tag, std::allocator<Catch::Tag> >::_M_realloc_insert<Catch::StringRef>(__gnu_cxx::__normal_iterator<Catch::Tag*, std::vector<Catch::Tag, std::allocator<Catch::Tag> > >, Catch::StringRef&&) (vector.tcc:440)
==268755==    by 0x214F55: Catch::Tag& std::vector<Catch::Tag, std::allocator<Catch::Tag> >::emplace_back<Catch::StringRef>(Catch::StringRef&&) (vector.tcc:121)
==268755==    by 0x21462D: Catch::TestCaseInfo::internalAppendTag(Catch::StringRef) (catch_test_case_info.cpp:225)
==268755==    by 0x213FBA: Catch::TestCaseInfo::TestCaseInfo(Catch::StringRef, Catch::NameAndTags const&, Catch::SourceLineInfo const&) (catch_test_case_info.cpp:168)
==268755==    by 0x214A8E: Catch::Detail::unique_ptr<Catch::TestCaseInfo> Catch::Detail::make_unique<Catch::TestCaseInfo, Catch::StringRef&, Catch::NameAndTags const&, Catch::SourceLineInfo const&>(Catch::StringRef&, Catch::NameAndTags const&, Catch::SourceLineInfo const&) (catch_unique_ptr.hpp:111)
==268755==    by 0x213B99: Catch::makeTestCaseInfo(Catch::StringRef, Catch::NameAndTags const&, Catch::SourceLineInfo const&) (catch_test_case_info.cpp:118)
==268755==    by 0x26E957: Catch::AutoReg::AutoReg(Catch::Detail::unique_ptr<Catch::ITestInvoker>, Catch::SourceLineInfo const&, Catch::StringRef, Catch::NameAndTags const&) (catch_test_registry.cpp:59)
==268755==    by 0x1AE5D1: __static_initialization_and_destruction_0(int, int) (test_integration.cpp:28)
==268755== 
==268755== 16 bytes in 1 blocks are still reachable in loss record 109 of 2,004
==268755==    at 0x4849013: operator new(unsigned long) (in /usr/libexec/valgrind/vgpreload_memcheck-amd64-linux.so)
==268755==    by 0x26EB94: Catch::Detail::unique_ptr<Catch::TestInvokerAsFunction> Catch::Detail::make_unique<Catch::TestInvokerAsFunction, void (*&)()>(void (*&)()) (catch_unique_ptr.hpp:111)
==268755==    by 0x26E86D: Catch::makeTestInvoker(void (*)()) (catch_test_registry.cpp:52)
==268755==    by 0x1AE675: __static_initialization_and_destruction_0(int, int) (test_integration.cpp:377)
==268755==    by 0x1AE6DB: _GLOBAL__sub_I_test_integration.cpp (test_integration.cpp:393)
==268755==    by 0x51BBEBA: call_init (libc-start.c:145)
==268755==    by 0x51BBEBA: __libc_start_main@@GLIBC_2.34 (libc-start.c:379)
==268755==    by 0x12E4D4: (below main) (in /home/dsystems/Desktop/projects/cpp/cpp_dbc/build/libs/cpp_dbc/test/test/cpp_dbc_tests)
==268755== 
==268755== 16 bytes in 1 blocks are still reachable in loss record 110 of 2,004
==268755==    at 0x4849013: operator new(unsigned long) (in /usr/libexec/valgrind/vgpreload_memcheck-amd64-linux.so)
==268755==    by 0x2169F1: __gnu_cxx::new_allocator<Catch::Tag>::allocate(unsigned long, void const*) (new_allocator.h:127)
==268755==    by 0x216331: std::allocator_traits<std::allocator<Catch::Tag> >::allocate(std::allocator<Catch::Tag>&, unsigned long) (alloc_traits.h:464)
==268755==    by 0x215DF5: std::_Vector_base<Catch::Tag, std::allocator<Catch::Tag> >::_M_allocate(unsigned long) (stl_vector.h:346)
==268755==    by 0x21560A: void std::vector<Catch::Tag, std::allocator<Catch::Tag> >::_M_realloc_insert<Catch::StringRef>(__gnu_cxx::__normal_iterator<Catch::Tag*, std::vector<Catch::Tag, std::allocator<Catch::Tag> > >, Catch::StringRef&&) (vector.tcc:440)
==268755==    by 0x214F55: Catch::Tag& std::vector<Catch::Tag, std::allocator<Catch::Tag> >::emplace_back<Catch::StringRef>(Catch::StringRef&&) (vector.tcc:121)
==268755==    by 0x21462D: Catch::TestCaseInfo::internalAppendTag(Catch::StringRef) (catch_test_case_info.cpp:225)
==268755==    by 0x213FBA: Catch::TestCaseInfo::TestCaseInfo(Catch::StringRef, Catch::NameAndTags const&, Catch::SourceLineInfo const&) (catch_test_case_info.cpp:168)
==268755==    by 0x214A8E: Catch::Detail::unique_ptr<Catch::TestCaseInfo> Catch::Detail::make_unique<Catch::TestCaseInfo, Catch::StringRef&, Catch::NameAndTags const&, Catch::SourceLineInfo const&>(Catch::StringRef&, Catch::NameAndTags const&, Catch::SourceLineInfo const&) (catch_unique_ptr.hpp:111)
==268755==    by 0x213B99: Catch::makeTestCaseInfo(Catch::StringRef, Catch::NameAndTags const&, Catch::SourceLineInfo const&) (catch_test_case_info.cpp:118)
==268755==    by 0x26E957: Catch::AutoReg::AutoReg(Catch::Detail::unique_ptr<Catch::ITestInvoker>, Catch::SourceLineInfo const&, Catch::StringRef, Catch::NameAndTags const&) (catch_test_registry.cpp:59)
==268755==    by 0x1AE6A1: __static_initialization_and_destruction_0(int, int) (test_integration.cpp:377)
==268755== 
==268755== 16 bytes in 1 blocks are still reachable in loss record 111 of 2,004
==268755==    at 0x4849013: operator new(unsigned long) (in /usr/libexec/valgrind/vgpreload_memcheck-amd64-linux.so)
==268755==    by 0x26EB94: Catch::Detail::unique_ptr<Catch::TestInvokerAsFunction> Catch::Detail::make_unique<Catch::TestInvokerAsFunction, void (*&)()>(void (*&)()) (catch_unique_ptr.hpp:111)
==268755==    by 0x26E86D: Catch::makeTestInvoker(void (*)()) (catch_test_registry.cpp:52)
==268755==    by 0x1B4C7D: __static_initialization_and_destruction_0(int, int) (test_mysql_real.cpp:83)
==268755==    by 0x1B4E07: _GLOBAL__sub_I_test_mysql_real.cpp (test_mysql_real.cpp:621)
==268755==    by 0x51BBEBA: call_init (libc-start.c:145)
==268755==    by 0x51BBEBA: __libc_start_main@@GLIBC_2.34 (libc-start.c:379)
==268755==    by 0x12E4D4: (below main) (in /home/dsystems/Desktop/projects/cpp/cpp_dbc/build/libs/cpp_dbc/test/test/cpp_dbc_tests)
==268755== 
==268755== 16 bytes in 1 blocks are still reachable in loss record 112 of 2,004
==268755==    at 0x4849013: operator new(unsigned long) (in /usr/libexec/valgrind/vgpreload_memcheck-amd64-linux.so)
==268755==    by 0x2169F1: __gnu_cxx::new_allocator<Catch::Tag>::allocate(unsigned long, void const*) (new_allocator.h:127)
==268755==    by 0x216331: std::allocator_traits<std::allocator<Catch::Tag> >::allocate(std::allocator<Catch::Tag>&, unsigned long) (alloc_traits.h:464)
==268755==    by 0x215DF5: std::_Vector_base<Catch::Tag, std::allocator<Catch::Tag> >::_M_allocate(unsigned long) (stl_vector.h:346)
==268755==    by 0x21560A: void std::vector<Catch::Tag, std::allocator<Catch::Tag> >::_M_realloc_insert<Catch::StringRef>(__gnu_cxx::__normal_iterator<Catch::Tag*, std::vector<Catch::Tag, std::allocator<Catch::Tag> > >, Catch::StringRef&&) (vector.tcc:440)
==268755==    by 0x214F55: Catch::Tag& std::vector<Catch::Tag, std::allocator<Catch::Tag> >::emplace_back<Catch::StringRef>(Catch::StringRef&&) (vector.tcc:121)
==268755==    by 0x21462D: Catch::TestCaseInfo::internalAppendTag(Catch::StringRef) (catch_test_case_info.cpp:225)
==268755==    by 0x213FBA: Catch::TestCaseInfo::TestCaseInfo(Catch::StringRef, Catch::NameAndTags const&, Catch::SourceLineInfo const&) (catch_test_case_info.cpp:168)
==268755==    by 0x214A8E: Catch::Detail::unique_ptr<Catch::TestCaseInfo> Catch::Detail::make_unique<Catch::TestCaseInfo, Catch::StringRef&, Catch::NameAndTags const&, Catch::SourceLineInfo const&>(Catch::StringRef&, Catch::NameAndTags const&, Catch::SourceLineInfo const&) (catch_unique_ptr.hpp:111)
==268755==    by 0x213B99: Catch::makeTestCaseInfo(Catch::StringRef, Catch::NameAndTags const&, Catch::SourceLineInfo const&) (catch_test_case_info.cpp:118)
==268755==    by 0x26E957: Catch::AutoReg::AutoReg(Catch::Detail::unique_ptr<Catch::ITestInvoker>, Catch::SourceLineInfo const&, Catch::StringRef, Catch::NameAndTags const&) (catch_test_registry.cpp:59)
==268755==    by 0x1B4CA9: __static_initialization_and_destruction_0(int, int) (test_mysql_real.cpp:83)
==268755== 
==268755== 16 bytes in 1 blocks are still reachable in loss record 113 of 2,004
==268755==    at 0x4849013: operator new(unsigned long) (in /usr/libexec/valgrind/vgpreload_memcheck-amd64-linux.so)
==268755==    by 0x26EB94: Catch::Detail::unique_ptr<Catch::TestInvokerAsFunction> Catch::Detail::make_unique<Catch::TestInvokerAsFunction, void (*&)()>(void (*&)()) (catch_unique_ptr.hpp:111)
==268755==    by 0x26E86D: Catch::makeTestInvoker(void (*)()) (catch_test_registry.cpp:52)
==268755==    by 0x1BE744: __static_initialization_and_destruction_0(int, int) (test_postgresql_real.cpp:95)
==268755==    by 0x1BE7AA: _GLOBAL__sub_I_test_postgresql_real.cpp (test_postgresql_real.cpp:618)
==268755==    by 0x51BBEBA: call_init (libc-start.c:145)
==268755==    by 0x51BBEBA: __libc_start_main@@GLIBC_2.34 (libc-start.c:379)
==268755==    by 0x12E4D4: (below main) (in /home/dsystems/Desktop/projects/cpp/cpp_dbc/build/libs/cpp_dbc/test/test/cpp_dbc_tests)
==268755== 
==268755== 16 bytes in 1 blocks are still reachable in loss record 114 of 2,004
==268755==    at 0x4849013: operator new(unsigned long) (in /usr/libexec/valgrind/vgpreload_memcheck-amd64-linux.so)
==268755==    by 0x2169F1: __gnu_cxx::new_allocator<Catch::Tag>::allocate(unsigned long, void const*) (new_allocator.h:127)
==268755==    by 0x216331: std::allocator_traits<std::allocator<Catch::Tag> >::allocate(std::allocator<Catch::Tag>&, unsigned long) (alloc_traits.h:464)
==268755==    by 0x215DF5: std::_Vector_base<Catch::Tag, std::allocator<Catch::Tag> >::_M_allocate(unsigned long) (stl_vector.h:346)
==268755==    by 0x21560A: void std::vector<Catch::Tag, std::allocator<Catch::Tag> >::_M_realloc_insert<Catch::StringRef>(__gnu_cxx::__normal_iterator<Catch::Tag*, std::vector<Catch::Tag, std::allocator<Catch::Tag> > >, Catch::StringRef&&) (vector.tcc:440)
==268755==    by 0x214F55: Catch::Tag& std::vector<Catch::Tag, std::allocator<Catch::Tag> >::emplace_back<Catch::StringRef>(Catch::StringRef&&) (vector.tcc:121)
==268755==    by 0x21462D: Catch::TestCaseInfo::internalAppendTag(Catch::StringRef) (catch_test_case_info.cpp:225)
==268755==    by 0x213FBA: Catch::TestCaseInfo::TestCaseInfo(Catch::StringRef, Catch::NameAndTags const&, Catch::SourceLineInfo const&) (catch_test_case_info.cpp:168)
==268755==    by 0x214A8E: Catch::Detail::unique_ptr<Catch::TestCaseInfo> Catch::Detail::make_unique<Catch::TestCaseInfo, Catch::StringRef&, Catch::NameAndTags const&, Catch::SourceLineInfo const&>(Catch::StringRef&, Catch::NameAndTags const&, Catch::SourceLineInfo const&) (catch_unique_ptr.hpp:111)
==268755==    by 0x213B99: Catch::makeTestCaseInfo(Catch::StringRef, Catch::NameAndTags const&, Catch::SourceLineInfo const&) (catch_test_case_info.cpp:118)
==268755==    by 0x26E957: Catch::AutoReg::AutoReg(Catch::Detail::unique_ptr<Catch::ITestInvoker>, Catch::SourceLineInfo const&, Catch::StringRef, Catch::NameAndTags const&) (catch_test_registry.cpp:59)
==268755==    by 0x1BE770: __static_initialization_and_destruction_0(int, int) (test_postgresql_real.cpp:95)
==268755== 
==268755== 16 bytes in 1 blocks are still reachable in loss record 115 of 2,004
==268755==    at 0x4849013: operator new(unsigned long) (in /usr/libexec/valgrind/vgpreload_memcheck-amd64-linux.so)
==268755==    by 0x26EB94: Catch::Detail::unique_ptr<Catch::TestInvokerAsFunction> Catch::Detail::make_unique<Catch::TestInvokerAsFunction, void (*&)()>(void (*&)()) (catch_unique_ptr.hpp:111)
==268755==    by 0x26E86D: Catch::makeTestInvoker(void (*)()) (catch_test_registry.cpp:52)
==268755==    by 0x1C6F5C: __static_initialization_and_destruction_0(int, int) (test_connection_pool_real.cpp:97)
==268755==    by 0x1C7092: _GLOBAL__sub_I_test_connection_pool_real.cpp (test_connection_pool_real.cpp:326)
==268755==    by 0x51BBEBA: call_init (libc-start.c:145)
==268755==    by 0x51BBEBA: __libc_start_main@@GLIBC_2.34 (libc-start.c:379)
==268755==    by 0x12E4D4: (below main) (in /home/dsystems/Desktop/projects/cpp/cpp_dbc/build/libs/cpp_dbc/test/test/cpp_dbc_tests)
==268755== 
==268755== 16 bytes in 1 blocks are still reachable in loss record 116 of 2,004
==268755==    at 0x4849013: operator new(unsigned long) (in /usr/libexec/valgrind/vgpreload_memcheck-amd64-linux.so)
==268755==    by 0x2169F1: __gnu_cxx::new_allocator<Catch::Tag>::allocate(unsigned long, void const*) (new_allocator.h:127)
==268755==    by 0x216331: std::allocator_traits<std::allocator<Catch::Tag> >::allocate(std::allocator<Catch::Tag>&, unsigned long) (alloc_traits.h:464)
==268755==    by 0x215DF5: std::_Vector_base<Catch::Tag, std::allocator<Catch::Tag> >::_M_allocate(unsigned long) (stl_vector.h:346)
==268755==    by 0x21560A: void std::vector<Catch::Tag, std::allocator<Catch::Tag> >::_M_realloc_insert<Catch::StringRef>(__gnu_cxx::__normal_iterator<Catch::Tag*, std::vector<Catch::Tag, std::allocator<Catch::Tag> > >, Catch::StringRef&&) (vector.tcc:440)
==268755==    by 0x214F55: Catch::Tag& std::vector<Catch::Tag, std::allocator<Catch::Tag> >::emplace_back<Catch::StringRef>(Catch::StringRef&&) (vector.tcc:121)
==268755==    by 0x21462D: Catch::TestCaseInfo::internalAppendTag(Catch::StringRef) (catch_test_case_info.cpp:225)
==268755==    by 0x213FBA: Catch::TestCaseInfo::TestCaseInfo(Catch::StringRef, Catch::NameAndTags const&, Catch::SourceLineInfo const&) (catch_test_case_info.cpp:168)
==268755==    by 0x214A8E: Catch::Detail::unique_ptr<Catch::TestCaseInfo> Catch::Detail::make_unique<Catch::TestCaseInfo, Catch::StringRef&, Catch::NameAndTags const&, Catch::SourceLineInfo const&>(Catch::StringRef&, Catch::NameAndTags const&, Catch::SourceLineInfo const&) (catch_unique_ptr.hpp:111)
==268755==    by 0x213B99: Catch::makeTestCaseInfo(Catch::StringRef, Catch::NameAndTags const&, Catch::SourceLineInfo const&) (catch_test_case_info.cpp:118)
==268755==    by 0x26E957: Catch::AutoReg::AutoReg(Catch::Detail::unique_ptr<Catch::ITestInvoker>, Catch::SourceLineInfo const&, Catch::StringRef, Catch::NameAndTags const&) (catch_test_registry.cpp:59)
==268755==    by 0x1C6F88: __static_initialization_and_destruction_0(int, int) (test_connection_pool_real.cpp:97)
==268755== 
==268755== 16 bytes in 1 blocks are still reachable in loss record 117 of 2,004
==268755==    at 0x4849013: operator new(unsigned long) (in /usr/libexec/valgrind/vgpreload_memcheck-amd64-linux.so)
==268755==    by 0x26EB94: Catch::Detail::unique_ptr<Catch::TestInvokerAsFunction> Catch::Detail::make_unique<Catch::TestInvokerAsFunction, void (*&)()>(void (*&)()) (catch_unique_ptr.hpp:111)
==268755==    by 0x26E86D: Catch::makeTestInvoker(void (*)()) (catch_test_registry.cpp:52)
==268755==    by 0x1C702C: __static_initialization_and_destruction_0(int, int) (test_connection_pool_real.cpp:214)
==268755==    by 0x1C7092: _GLOBAL__sub_I_test_connection_pool_real.cpp (test_connection_pool_real.cpp:326)
==268755==    by 0x51BBEBA: call_init (libc-start.c:145)
==268755==    by 0x51BBEBA: __libc_start_main@@GLIBC_2.34 (libc-start.c:379)
==268755==    by 0x12E4D4: (below main) (in /home/dsystems/Desktop/projects/cpp/cpp_dbc/build/libs/cpp_dbc/test/test/cpp_dbc_tests)
==268755== 
==268755== 16 bytes in 1 blocks are still reachable in loss record 118 of 2,004
==268755==    at 0x4849013: operator new(unsigned long) (in /usr/libexec/valgrind/vgpreload_memcheck-amd64-linux.so)
==268755==    by 0x2169F1: __gnu_cxx::new_allocator<Catch::Tag>::allocate(unsigned long, void const*) (new_allocator.h:127)
==268755==    by 0x216331: std::allocator_traits<std::allocator<Catch::Tag> >::allocate(std::allocator<Catch::Tag>&, unsigned long) (alloc_traits.h:464)
==268755==    by 0x215DF5: std::_Vector_base<Catch::Tag, std::allocator<Catch::Tag> >::_M_allocate(unsigned long) (stl_vector.h:346)
==268755==    by 0x21560A: void std::vector<Catch::Tag, std::allocator<Catch::Tag> >::_M_realloc_insert<Catch::StringRef>(__gnu_cxx::__normal_iterator<Catch::Tag*, std::vector<Catch::Tag, std::allocator<Catch::Tag> > >, Catch::StringRef&&) (vector.tcc:440)
==268755==    by 0x214F55: Catch::Tag& std::vector<Catch::Tag, std::allocator<Catch::Tag> >::emplace_back<Catch::StringRef>(Catch::StringRef&&) (vector.tcc:121)
==268755==    by 0x21462D: Catch::TestCaseInfo::internalAppendTag(Catch::StringRef) (catch_test_case_info.cpp:225)
==268755==    by 0x213FBA: Catch::TestCaseInfo::TestCaseInfo(Catch::StringRef, Catch::NameAndTags const&, Catch::SourceLineInfo const&) (catch_test_case_info.cpp:168)
==268755==    by 0x214A8E: Catch::Detail::unique_ptr<Catch::TestCaseInfo> Catch::Detail::make_unique<Catch::TestCaseInfo, Catch::StringRef&, Catch::NameAndTags const&, Catch::SourceLineInfo const&>(Catch::StringRef&, Catch::NameAndTags const&, Catch::SourceLineInfo const&) (catch_unique_ptr.hpp:111)
==268755==    by 0x213B99: Catch::makeTestCaseInfo(Catch::StringRef, Catch::NameAndTags const&, Catch::SourceLineInfo const&) (catch_test_case_info.cpp:118)
==268755==    by 0x26E957: Catch::AutoReg::AutoReg(Catch::Detail::unique_ptr<Catch::ITestInvoker>, Catch::SourceLineInfo const&, Catch::StringRef, Catch::NameAndTags const&) (catch_test_registry.cpp:59)
==268755==    by 0x1C7058: __static_initialization_and_destruction_0(int, int) (test_connection_pool_real.cpp:214)
==268755== 
==268755== 16 bytes in 1 blocks are still reachable in loss record 119 of 2,004
==268755==    at 0x4849013: operator new(unsigned long) (in /usr/libexec/valgrind/vgpreload_memcheck-amd64-linux.so)
==268755==    by 0x26EB94: Catch::Detail::unique_ptr<Catch::TestInvokerAsFunction> Catch::Detail::make_unique<Catch::TestInvokerAsFunction, void (*&)()>(void (*&)()) (catch_unique_ptr.hpp:111)
==268755==    by 0x26E86D: Catch::makeTestInvoker(void (*)()) (catch_test_registry.cpp:52)
==268755==    by 0x1D2709: __static_initialization_and_destruction_0(int, int) (test_transaction_manager_real.cpp:99)
==268755==    by 0x1D283F: _GLOBAL__sub_I_test_transaction_manager_real.cpp (test_transaction_manager_real.cpp:569)
==268755==    by 0x51BBEBA: call_init (libc-start.c:145)
==268755==    by 0x51BBEBA: __libc_start_main@@GLIBC_2.34 (libc-start.c:379)
==268755==    by 0x12E4D4: (below main) (in /home/dsystems/Desktop/projects/cpp/cpp_dbc/build/libs/cpp_dbc/test/test/cpp_dbc_tests)
==268755== 
==268755== 16 bytes in 1 blocks are still reachable in loss record 120 of 2,004
==268755==    at 0x4849013: operator new(unsigned long) (in /usr/libexec/valgrind/vgpreload_memcheck-amd64-linux.so)
==268755==    by 0x2169F1: __gnu_cxx::new_allocator<Catch::Tag>::allocate(unsigned long, void const*) (new_allocator.h:127)
==268755==    by 0x216331: std::allocator_traits<std::allocator<Catch::Tag> >::allocate(std::allocator<Catch::Tag>&, unsigned long) (alloc_traits.h:464)
==268755==    by 0x215DF5: std::_Vector_base<Catch::Tag, std::allocator<Catch::Tag> >::_M_allocate(unsigned long) (stl_vector.h:346)
==268755==    by 0x21560A: void std::vector<Catch::Tag, std::allocator<Catch::Tag> >::_M_realloc_insert<Catch::StringRef>(__gnu_cxx::__normal_iterator<Catch::Tag*, std::vector<Catch::Tag, std::allocator<Catch::Tag> > >, Catch::StringRef&&) (vector.tcc:440)
==268755==    by 0x214F55: Catch::Tag& std::vector<Catch::Tag, std::allocator<Catch::Tag> >::emplace_back<Catch::StringRef>(Catch::StringRef&&) (vector.tcc:121)
==268755==    by 0x21462D: Catch::TestCaseInfo::internalAppendTag(Catch::StringRef) (catch_test_case_info.cpp:225)
==268755==    by 0x213FBA: Catch::TestCaseInfo::TestCaseInfo(Catch::StringRef, Catch::NameAndTags const&, Catch::SourceLineInfo const&) (catch_test_case_info.cpp:168)
==268755==    by 0x214A8E: Catch::Detail::unique_ptr<Catch::TestCaseInfo> Catch::Detail::make_unique<Catch::TestCaseInfo, Catch::StringRef&, Catch::NameAndTags const&, Catch::SourceLineInfo const&>(Catch::StringRef&, Catch::NameAndTags const&, Catch::SourceLineInfo const&) (catch_unique_ptr.hpp:111)
==268755==    by 0x213B99: Catch::makeTestCaseInfo(Catch::StringRef, Catch::NameAndTags const&, Catch::SourceLineInfo const&) (catch_test_case_info.cpp:118)
==268755==    by 0x26E957: Catch::AutoReg::AutoReg(Catch::Detail::unique_ptr<Catch::ITestInvoker>, Catch::SourceLineInfo const&, Catch::StringRef, Catch::NameAndTags const&) (catch_test_registry.cpp:59)
==268755==    by 0x1D2735: __static_initialization_and_destruction_0(int, int) (test_transaction_manager_real.cpp:99)
==268755== 
==268755== 16 bytes in 1 blocks are still reachable in loss record 121 of 2,004
==268755==    at 0x4849013: operator new(unsigned long) (in /usr/libexec/valgrind/vgpreload_memcheck-amd64-linux.so)
==268755==    by 0x26EB94: Catch::Detail::unique_ptr<Catch::TestInvokerAsFunction> Catch::Detail::make_unique<Catch::TestInvokerAsFunction, void (*&)()>(void (*&)()) (catch_unique_ptr.hpp:111)
==268755==    by 0x26E86D: Catch::makeTestInvoker(void (*)()) (catch_test_registry.cpp:52)
==268755==    by 0x1D27D9: __static_initialization_and_destruction_0(int, int) (test_transaction_manager_real.cpp:376)
==268755==    by 0x1D283F: _GLOBAL__sub_I_test_transaction_manager_real.cpp (test_transaction_manager_real.cpp:569)
==268755==    by 0x51BBEBA: call_init (libc-start.c:145)
==268755==    by 0x51BBEBA: __libc_start_main@@GLIBC_2.34 (libc-start.c:379)
==268755==    by 0x12E4D4: (below main) (in /home/dsystems/Desktop/projects/cpp/cpp_dbc/build/libs/cpp_dbc/test/test/cpp_dbc_tests)
==268755== 
==268755== 16 bytes in 1 blocks are still reachable in loss record 122 of 2,004
==268755==    at 0x4849013: operator new(unsigned long) (in /usr/libexec/valgrind/vgpreload_memcheck-amd64-linux.so)
==268755==    by 0x2169F1: __gnu_cxx::new_allocator<Catch::Tag>::allocate(unsigned long, void const*) (new_allocator.h:127)
==268755==    by 0x216331: std::allocator_traits<std::allocator<Catch::Tag> >::allocate(std::allocator<Catch::Tag>&, unsigned long) (alloc_traits.h:464)
==268755==    by 0x215DF5: std::_Vector_base<Catch::Tag, std::allocator<Catch::Tag> >::_M_allocate(unsigned long) (stl_vector.h:346)
==268755==    by 0x21560A: void std::vector<Catch::Tag, std::allocator<Catch::Tag> >::_M_realloc_insert<Catch::StringRef>(__gnu_cxx::__normal_iterator<Catch::Tag*, std::vector<Catch::Tag, std::allocator<Catch::Tag> > >, Catch::StringRef&&) (vector.tcc:440)
==268755==    by 0x214F55: Catch::Tag& std::vector<Catch::Tag, std::allocator<Catch::Tag> >::emplace_back<Catch::StringRef>(Catch::StringRef&&) (vector.tcc:121)
==268755==    by 0x21462D: Catch::TestCaseInfo::internalAppendTag(Catch::StringRef) (catch_test_case_info.cpp:225)
==268755==    by 0x213FBA: Catch::TestCaseInfo::TestCaseInfo(Catch::StringRef, Catch::NameAndTags const&, Catch::SourceLineInfo const&) (catch_test_case_info.cpp:168)
==268755==    by 0x214A8E: Catch::Detail::unique_ptr<Catch::TestCaseInfo> Catch::Detail::make_unique<Catch::TestCaseInfo, Catch::StringRef&, Catch::NameAndTags const&, Catch::SourceLineInfo const&>(Catch::StringRef&, Catch::NameAndTags const&, Catch::SourceLineInfo const&) (catch_unique_ptr.hpp:111)
==268755==    by 0x213B99: Catch::makeTestCaseInfo(Catch::StringRef, Catch::NameAndTags const&, Catch::SourceLineInfo const&) (catch_test_case_info.cpp:118)
==268755==    by 0x26E957: Catch::AutoReg::AutoReg(Catch::Detail::unique_ptr<Catch::ITestInvoker>, Catch::SourceLineInfo const&, Catch::StringRef, Catch::NameAndTags const&) (catch_test_registry.cpp:59)
==268755==    by 0x1D2805: __static_initialization_and_destruction_0(int, int) (test_transaction_manager_real.cpp:376)
==268755== 
==268755== 16 bytes in 1 blocks are still reachable in loss record 123 of 2,004
==268755==    at 0x4849013: operator new(unsigned long) (in /usr/libexec/valgrind/vgpreload_memcheck-amd64-linux.so)
==268755==    by 0x2473FC: Catch::Detail::unique_ptr<Catch::(anonymous namespace)::NoColourImpl> Catch::Detail::make_unique<Catch::(anonymous namespace)::NoColourImpl, Catch::IStream*&>(Catch::IStream*&) (catch_unique_ptr.hpp:111)
==268755==    by 0x247174: Catch::makeColourImpl(Catch::ColourMode, Catch::IStream*) (catch_console_colour.cpp:256)
==268755==    by 0x2B6FE0: Catch::ReporterBase::ReporterBase(Catch::ReporterConfig&&) (catch_reporter_common_base.cpp:21)
==268755==    by 0x2AAC69: Catch::StreamingReporterBase::StreamingReporterBase(Catch::ReporterConfig&&) (catch_reporter_streaming_base.hpp:24)
==268755==    by 0x2AF570: Catch::CompactReporter::StreamingReporterBase(Catch::ReporterConfig&&) (catch_reporter_compact.hpp:19)
==268755==    by 0x2AF5B7: Catch::Detail::unique_ptr<Catch::CompactReporter> Catch::Detail::make_unique<Catch::CompactReporter, Catch::ReporterConfig>(Catch::ReporterConfig&&) (catch_unique_ptr.hpp:111)
==268755==    by 0x2AEDCC: Catch::ReporterFactory<Catch::CompactReporter>::create(Catch::ReporterConfig&&) const (catch_reporter_registrars.hpp:49)
==268755==    by 0x2AA91E: Catch::ReporterRegistry::create(std::__cxx11::basic_string<char, std::char_traits<char>, std::allocator<char> > const&, Catch::ReporterConfig&&) const (catch_reporter_registry.cpp:44)
==268755==    by 0x2053E5: Catch::(anonymous namespace)::createReporter(std::__cxx11::basic_string<char, std::char_traits<char>, std::allocator<char> > const&, Catch::ReporterConfig&&) (catch_session.cpp:39)
==268755==    by 0x205605: Catch::(anonymous namespace)::prepareReporters(Catch::Config const*) (catch_session.cpp:54)
==268755==    by 0x20727D: Catch::Session::runInternal() (catch_session.cpp:315)
==268755== 
==268755== 16 bytes in 1 blocks are still reachable in loss record 124 of 2,004
==268755==    at 0x4849013: operator new(unsigned long) (in /usr/libexec/valgrind/vgpreload_memcheck-amd64-linux.so)
==268755==    by 0x25DC75: __gnu_cxx::new_allocator<Catch::ISingleton*>::allocate(unsigned long, void const*) (new_allocator.h:127)
==268755==    by 0x25DB34: std::allocator_traits<std::allocator<Catch::ISingleton*> >::allocate(std::allocator<Catch::ISingleton*>&, unsigned long) (alloc_traits.h:464)
==268755==    by 0x25DA1B: std::_Vector_base<Catch::ISingleton*, std::allocator<Catch::ISingleton*> >::_M_allocate(unsigned long) (stl_vector.h:346)
==268755==    by 0x25D68A: void std::vector<Catch::ISingleton*, std::allocator<Catch::ISingleton*> >::_M_realloc_insert<Catch::ISingleton* const&>(__gnu_cxx::__normal_iterator<Catch::ISingleton**, std::vector<Catch::ISingleton*, std::allocator<Catch::ISingleton*> > >, Catch::ISingleton* const&) (vector.tcc:440)
==268755==    by 0x25D3BB: std::vector<Catch::ISingleton*, std::allocator<Catch::ISingleton*> >::push_back(Catch::ISingleton* const&) (stl_vector.h:1198)
==268755==    by 0x25D157: Catch::addSingleton(Catch::ISingleton*) (catch_singletons.cpp:26)
==268755==    by 0x252583: Catch::Singleton<Catch::StringStreams, Catch::StringStreams, Catch::StringStreams>::getInternal() (catch_singletons.hpp:29)
==268755==    by 0x251EA1: Catch::Singleton<Catch::StringStreams, Catch::StringStreams, Catch::StringStreams>::getMutable() (catch_singletons.hpp:39)
==268755==    by 0x2518D0: Catch::ReusableStringStream::ReusableStringStream() (catch_reusable_string_stream.cpp:43)
==268755==    by 0x217DDD: Catch::TestSpec::extractFilterName[abi:cxx11](Catch::TestSpec::Filter const&) (catch_test_spec.cpp:96)
==268755==    by 0x217FF9: Catch::TestSpec::matchesByFilter(std::vector<Catch::TestCaseHandle, std::allocator<Catch::TestCaseHandle> > const&, Catch::IConfig const&) const::{lambda(Catch::TestSpec::Filter const&)#1}::operator()(Catch::TestSpec::Filter const&) const (catch_test_spec.cpp:117)
==268755== 
==268755== 16 bytes in 1 blocks are still reachable in loss record 125 of 2,004
==268755==    at 0x4849013: operator new(unsigned long) (in /usr/libexec/valgrind/vgpreload_memcheck-amd64-linux.so)
==268755==    by 0x2E8BDC: YAML::detail::node::node() (node.h:27)
==268755==    by 0x2E896A: YAML::detail::memory::create_node() (memory.cpp:17)
==268755==    by 0x1348BD: YAML::detail::memory_holder::create_node() (memory.h:38)
==268755==    by 0x3103BB: YAML::NodeBuilder::Push(YAML::Mark const&, unsigned long) (nodebuilder.cpp:81)
==268755==    by 0x31023E: YAML::NodeBuilder::OnSequenceStart(YAML::Mark const&, std::__cxx11::basic_string<char, std::char_traits<char>, std::allocator<char> > const&, unsigned long, YAML::EmitterStyle::value) (nodebuilder.cpp:57)
==268755==    by 0x306A2A: YAML::SingleDocParser::HandleNode(YAML::EventHandler&) (singledocparser.cpp:117)
==268755==    by 0x307975: YAML::SingleDocParser::HandleBlockMap(YAML::EventHandler&) (singledocparser.cpp:281)
==268755==    by 0x30762F: YAML::SingleDocParser::HandleMap(YAML::EventHandler&) (singledocparser.cpp:235)
==268755==    by 0x306B2F: YAML::SingleDocParser::HandleNode(YAML::EventHandler&) (singledocparser.cpp:128)
==268755==    by 0x3063EC: YAML::SingleDocParser::HandleDocument(YAML::EventHandler&) (singledocparser.cpp:41)
==268755==    by 0x2F3828: YAML::Parser::HandleNextDocument(YAML::EventHandler&) (parser.cpp:37)
==268755== 
==268755== 16 bytes in 1 blocks are still reachable in loss record 126 of 2,004
==268755==    at 0x4848899: malloc (in /usr/libexec/valgrind/vgpreload_memcheck-amd64-linux.so)
==268755==    by 0x561679D: CRYPTO_zalloc (in /usr/lib/x86_64-linux-gnu/libcrypto.so.3)
==268755==    by 0x561CAA2: ??? (in /usr/lib/x86_64-linux-gnu/libcrypto.so.3)
==268755==    by 0x522BEE7: __pthread_once_slow (pthread_once.c:116)
==268755==    by 0x5621C9C: CRYPTO_THREAD_run_once (in /usr/lib/x86_64-linux-gnu/libcrypto.so.3)
==268755==    by 0x561E5FF: ??? (in /usr/lib/x86_64-linux-gnu/libcrypto.so.3)
==268755==    by 0x55CC314: ??? (in /usr/lib/x86_64-linux-gnu/libcrypto.so.3)
==268755==    by 0x55CCCFC: ERR_set_mark (in /usr/lib/x86_64-linux-gnu/libcrypto.so.3)
==268755==    by 0x55790E1: CONF_modules_load_file_ex (in /usr/lib/x86_64-linux-gnu/libcrypto.so.3)
==268755==    by 0x561E19F: ??? (in /usr/lib/x86_64-linux-gnu/libcrypto.so.3)
==268755==    by 0x522BEE7: __pthread_once_slow (pthread_once.c:116)
==268755==    by 0x5621C9C: CRYPTO_THREAD_run_once (in /usr/lib/x86_64-linux-gnu/libcrypto.so.3)
==268755== 
==268755== 16 bytes in 1 blocks are still reachable in loss record 127 of 2,004
==268755==    at 0x4848899: malloc (in /usr/libexec/valgrind/vgpreload_memcheck-amd64-linux.so)
==268755==    by 0x561679D: CRYPTO_zalloc (in /usr/lib/x86_64-linux-gnu/libcrypto.so.3)
==268755==    by 0x55760AD: ??? (in /usr/lib/x86_64-linux-gnu/libcrypto.so.3)
==268755==    by 0x5578B6D: CONF_modules_load (in /usr/lib/x86_64-linux-gnu/libcrypto.so.3)
==268755==    by 0x5578FCD: CONF_modules_load_file_ex (in /usr/lib/x86_64-linux-gnu/libcrypto.so.3)
==268755==    by 0x561E19F: ??? (in /usr/lib/x86_64-linux-gnu/libcrypto.so.3)
==268755==    by 0x522BEE7: __pthread_once_slow (pthread_once.c:116)
==268755==    by 0x5621C9C: CRYPTO_THREAD_run_once (in /usr/lib/x86_64-linux-gnu/libcrypto.so.3)
==268755==    by 0x561EC05: OPENSSL_init_crypto (in /usr/lib/x86_64-linux-gnu/libcrypto.so.3)
==268755==    by 0x53EB9B6: OPENSSL_init_ssl (in /usr/lib/x86_64-linux-gnu/libssl.so.3)
==268755==    by 0x488FB29: mysql_server_init (in /usr/lib/x86_64-linux-gnu/libmysqlclient.so.21.2.42)
==268755==    by 0x1ED98C: cpp_dbc::MySQL::MySQLDriver::MySQLDriver() (driver_mysql.cpp:797)
==268755== 
==268755== 16 bytes in 1 blocks are still reachable in loss record 128 of 2,004
==268755==    at 0x4848899: malloc (in /usr/libexec/valgrind/vgpreload_memcheck-amd64-linux.so)
==268755==    by 0x5619665: OPENSSL_atexit (in /usr/lib/x86_64-linux-gnu/libcrypto.so.3)
==268755==    by 0x53F2E18: ??? (in /usr/lib/x86_64-linux-gnu/libssl.so.3)
==268755==    by 0x522BEE7: __pthread_once_slow (pthread_once.c:116)
==268755==    by 0x5621C9C: CRYPTO_THREAD_run_once (in /usr/lib/x86_64-linux-gnu/libcrypto.so.3)
==268755==    by 0x53EB9E2: OPENSSL_init_ssl (in /usr/lib/x86_64-linux-gnu/libssl.so.3)
==268755==    by 0x488FB29: mysql_server_init (in /usr/lib/x86_64-linux-gnu/libmysqlclient.so.21.2.42)
==268755==    by 0x1ED98C: cpp_dbc::MySQL::MySQLDriver::MySQLDriver() (driver_mysql.cpp:797)
==268755==    by 0x163CB6: decltype (::new ((void*)(0)) cpp_dbc::MySQL::MySQLDriver()) std::construct_at<cpp_dbc::MySQL::MySQLDriver>(cpp_dbc::MySQL::MySQLDriver*) (stl_construct.h:97)
==268755==    by 0x163D03: void std::allocator_traits<std::allocator<cpp_dbc::MySQL::MySQLDriver> >::construct<cpp_dbc::MySQL::MySQLDriver>(std::allocator<cpp_dbc::MySQL::MySQLDriver>&, cpp_dbc::MySQL::MySQLDriver*) (alloc_traits.h:518)
==268755==    by 0x163861: std::_Sp_counted_ptr_inplace<cpp_dbc::MySQL::MySQLDriver, std::allocator<cpp_dbc::MySQL::MySQLDriver>, (__gnu_cxx::_Lock_policy)2>::_Sp_counted_ptr_inplace<>(std::allocator<cpp_dbc::MySQL::MySQLDriver>) (shared_ptr_base.h:519)
==268755==    by 0x163519: std::__shared_count<(__gnu_cxx::_Lock_policy)2>::__shared_count<cpp_dbc::MySQL::MySQLDriver, std::allocator<cpp_dbc::MySQL::MySQLDriver>>(cpp_dbc::MySQL::MySQLDriver*&, std::_Sp_alloc_shared_tag<std::allocator<cpp_dbc::MySQL::MySQLDriver> >) (shared_ptr_base.h:650)
==268755== 
==268755== 16 bytes in 1 blocks are still reachable in loss record 129 of 2,004
==268755==    at 0x4848899: malloc (in /usr/libexec/valgrind/vgpreload_memcheck-amd64-linux.so)
==268755==    by 0x561679D: CRYPTO_zalloc (in /usr/lib/x86_64-linux-gnu/libcrypto.so.3)
==268755==    by 0x5619506: ??? (in /usr/lib/x86_64-linux-gnu/libcrypto.so.3)
==268755==    by 0x5615E27: ??? (in /usr/lib/x86_64-linux-gnu/libcrypto.so.3)
==268755==    by 0x561600A: ??? (in /usr/lib/x86_64-linux-gnu/libcrypto.so.3)
==268755==    by 0x5615BFC: ??? (in /usr/lib/x86_64-linux-gnu/libcrypto.so.3)
==268755==    by 0x56F4A6B: ??? (in /usr/lib/x86_64-linux-gnu/libcrypto.so.3)
==268755==    by 0x55EC302: EVP_CIPHER_fetch (in /usr/lib/x86_64-linux-gnu/libcrypto.so.3)
==268755==    by 0x53F137A: ??? (in /usr/lib/x86_64-linux-gnu/libssl.so.3)
==268755==    by 0x53F5161: SSL_CTX_new_ex (in /usr/lib/x86_64-linux-gnu/libssl.so.3)
==268755==    by 0x48F8280: ??? (in /usr/lib/x86_64-linux-gnu/libmysqlclient.so.21.2.42)
==268755==    by 0x489A042: ??? (in /usr/lib/x86_64-linux-gnu/libmysqlclient.so.21.2.42)
==268755== 
==268755== 16 bytes in 1 blocks are still reachable in loss record 130 of 2,004
==268755==    at 0x4848899: malloc (in /usr/libexec/valgrind/vgpreload_memcheck-amd64-linux.so)
==268755==    by 0x561679D: CRYPTO_zalloc (in /usr/lib/x86_64-linux-gnu/libcrypto.so.3)
==268755==    by 0x5619506: ??? (in /usr/lib/x86_64-linux-gnu/libcrypto.so.3)
==268755==    by 0x5615E27: ??? (in /usr/lib/x86_64-linux-gnu/libcrypto.so.3)
==268755==    by 0x561603A: ??? (in /usr/lib/x86_64-linux-gnu/libcrypto.so.3)
==268755==    by 0x5615BFC: ??? (in /usr/lib/x86_64-linux-gnu/libcrypto.so.3)
==268755==    by 0x56F4A6B: ??? (in /usr/lib/x86_64-linux-gnu/libcrypto.so.3)
==268755==    by 0x55EC302: EVP_CIPHER_fetch (in /usr/lib/x86_64-linux-gnu/libcrypto.so.3)
==268755==    by 0x53F137A: ??? (in /usr/lib/x86_64-linux-gnu/libssl.so.3)
==268755==    by 0x53F5161: SSL_CTX_new_ex (in /usr/lib/x86_64-linux-gnu/libssl.so.3)
==268755==    by 0x48F8280: ??? (in /usr/lib/x86_64-linux-gnu/libmysqlclient.so.21.2.42)
==268755==    by 0x489A042: ??? (in /usr/lib/x86_64-linux-gnu/libmysqlclient.so.21.2.42)
==268755== 
==268755== 16 bytes in 1 blocks are still reachable in loss record 131 of 2,004
==268755==    at 0x4848899: malloc (in /usr/libexec/valgrind/vgpreload_memcheck-amd64-linux.so)
==268755==    by 0x561679D: CRYPTO_zalloc (in /usr/lib/x86_64-linux-gnu/libcrypto.so.3)
==268755==    by 0x5619506: ??? (in /usr/lib/x86_64-linux-gnu/libcrypto.so.3)
==268755==    by 0x5615E27: ??? (in /usr/lib/x86_64-linux-gnu/libcrypto.so.3)
==268755==    by 0x5615F35: ??? (in /usr/lib/x86_64-linux-gnu/libcrypto.so.3)
==268755==    by 0x5615B8A: ??? (in /usr/lib/x86_64-linux-gnu/libcrypto.so.3)
==268755==    by 0x56F4A6B: ??? (in /usr/lib/x86_64-linux-gnu/libcrypto.so.3)
==268755==    by 0x55EC302: EVP_CIPHER_fetch (in /usr/lib/x86_64-linux-gnu/libcrypto.so.3)
==268755==    by 0x53F137A: ??? (in /usr/lib/x86_64-linux-gnu/libssl.so.3)
==268755==    by 0x53F5161: SSL_CTX_new_ex (in /usr/lib/x86_64-linux-gnu/libssl.so.3)
==268755==    by 0x48F8280: ??? (in /usr/lib/x86_64-linux-gnu/libmysqlclient.so.21.2.42)
==268755==    by 0x489A042: ??? (in /usr/lib/x86_64-linux-gnu/libmysqlclient.so.21.2.42)
==268755== 
==268755== 16 bytes in 1 blocks are still reachable in loss record 132 of 2,004
==268755==    at 0x4848899: malloc (in /usr/libexec/valgrind/vgpreload_memcheck-amd64-linux.so)
==268755==    by 0x561679D: CRYPTO_zalloc (in /usr/lib/x86_64-linux-gnu/libcrypto.so.3)
==268755==    by 0x5619506: ??? (in /usr/lib/x86_64-linux-gnu/libcrypto.so.3)
==268755==    by 0x5615E27: ??? (in /usr/lib/x86_64-linux-gnu/libcrypto.so.3)
==268755==    by 0x5615F09: ??? (in /usr/lib/x86_64-linux-gnu/libcrypto.so.3)
==268755==    by 0x5615C50: ??? (in /usr/lib/x86_64-linux-gnu/libcrypto.so.3)
==268755==    by 0x56F4A6B: ??? (in /usr/lib/x86_64-linux-gnu/libcrypto.so.3)
==268755==    by 0x55EC302: EVP_CIPHER_fetch (in /usr/lib/x86_64-linux-gnu/libcrypto.so.3)
==268755==    by 0x53F137A: ??? (in /usr/lib/x86_64-linux-gnu/libssl.so.3)
==268755==    by 0x53F5161: SSL_CTX_new_ex (in /usr/lib/x86_64-linux-gnu/libssl.so.3)
==268755==    by 0x48F8280: ??? (in /usr/lib/x86_64-linux-gnu/libmysqlclient.so.21.2.42)
==268755==    by 0x489A042: ??? (in /usr/lib/x86_64-linux-gnu/libmysqlclient.so.21.2.42)
==268755== 
==268755== 16 bytes in 1 blocks are still reachable in loss record 133 of 2,004
==268755==    at 0x4848899: malloc (in /usr/libexec/valgrind/vgpreload_memcheck-amd64-linux.so)
==268755==    by 0x561679D: CRYPTO_zalloc (in /usr/lib/x86_64-linux-gnu/libcrypto.so.3)
==268755==    by 0x5619506: ??? (in /usr/lib/x86_64-linux-gnu/libcrypto.so.3)
==268755==    by 0x5615E27: ??? (in /usr/lib/x86_64-linux-gnu/libcrypto.so.3)
==268755==    by 0x5615F35: ??? (in /usr/lib/x86_64-linux-gnu/libcrypto.so.3)
==268755==    by 0x5615C50: ??? (in /usr/lib/x86_64-linux-gnu/libcrypto.so.3)
==268755==    by 0x56F4A6B: ??? (in /usr/lib/x86_64-linux-gnu/libcrypto.so.3)
==268755==    by 0x55EC302: EVP_CIPHER_fetch (in /usr/lib/x86_64-linux-gnu/libcrypto.so.3)
==268755==    by 0x53F137A: ??? (in /usr/lib/x86_64-linux-gnu/libssl.so.3)
==268755==    by 0x53F5161: SSL_CTX_new_ex (in /usr/lib/x86_64-linux-gnu/libssl.so.3)
==268755==    by 0x48F8280: ??? (in /usr/lib/x86_64-linux-gnu/libmysqlclient.so.21.2.42)
==268755==    by 0x489A042: ??? (in /usr/lib/x86_64-linux-gnu/libmysqlclient.so.21.2.42)
==268755== 
==268755== 16 bytes in 1 blocks are still reachable in loss record 134 of 2,004
==268755==    at 0x4848899: malloc (in /usr/libexec/valgrind/vgpreload_memcheck-amd64-linux.so)
==268755==    by 0x561679D: CRYPTO_zalloc (in /usr/lib/x86_64-linux-gnu/libcrypto.so.3)
==268755==    by 0x5619506: ??? (in /usr/lib/x86_64-linux-gnu/libcrypto.so.3)
==268755==    by 0x5615FC0: ??? (in /usr/lib/x86_64-linux-gnu/libcrypto.so.3)
==268755==    by 0x5615C50: ??? (in /usr/lib/x86_64-linux-gnu/libcrypto.so.3)
==268755==    by 0x56F4A6B: ??? (in /usr/lib/x86_64-linux-gnu/libcrypto.so.3)
==268755==    by 0x55EC302: EVP_CIPHER_fetch (in /usr/lib/x86_64-linux-gnu/libcrypto.so.3)
==268755==    by 0x53F137A: ??? (in /usr/lib/x86_64-linux-gnu/libssl.so.3)
==268755==    by 0x53F5161: SSL_CTX_new_ex (in /usr/lib/x86_64-linux-gnu/libssl.so.3)
==268755==    by 0x48F8280: ??? (in /usr/lib/x86_64-linux-gnu/libmysqlclient.so.21.2.42)
==268755==    by 0x489A042: ??? (in /usr/lib/x86_64-linux-gnu/libmysqlclient.so.21.2.42)
==268755==    by 0x489AD71: ??? (in /usr/lib/x86_64-linux-gnu/libmysqlclient.so.21.2.42)
==268755== 
==268755== 16 bytes in 1 blocks are still reachable in loss record 135 of 2,004
==268755==    at 0x4848899: malloc (in /usr/libexec/valgrind/vgpreload_memcheck-amd64-linux.so)
==268755==    by 0x561679D: CRYPTO_zalloc (in /usr/lib/x86_64-linux-gnu/libcrypto.so.3)
==268755==    by 0x5619506: ??? (in /usr/lib/x86_64-linux-gnu/libcrypto.so.3)
==268755==    by 0x5615E27: ??? (in /usr/lib/x86_64-linux-gnu/libcrypto.so.3)
==268755==    by 0x5615C50: ??? (in /usr/lib/x86_64-linux-gnu/libcrypto.so.3)
==268755==    by 0x56F4A6B: ??? (in /usr/lib/x86_64-linux-gnu/libcrypto.so.3)
==268755==    by 0x55EC302: EVP_CIPHER_fetch (in /usr/lib/x86_64-linux-gnu/libcrypto.so.3)
==268755==    by 0x53F137A: ??? (in /usr/lib/x86_64-linux-gnu/libssl.so.3)
==268755==    by 0x53F5161: SSL_CTX_new_ex (in /usr/lib/x86_64-linux-gnu/libssl.so.3)
==268755==    by 0x48F8280: ??? (in /usr/lib/x86_64-linux-gnu/libmysqlclient.so.21.2.42)
==268755==    by 0x489A042: ??? (in /usr/lib/x86_64-linux-gnu/libmysqlclient.so.21.2.42)
==268755==    by 0x489AD71: ??? (in /usr/lib/x86_64-linux-gnu/libmysqlclient.so.21.2.42)
==268755== 
==268755== 16 bytes in 1 blocks are still reachable in loss record 136 of 2,004
==268755==    at 0x4848899: malloc (in /usr/libexec/valgrind/vgpreload_memcheck-amd64-linux.so)
==268755==    by 0x561679D: CRYPTO_zalloc (in /usr/lib/x86_64-linux-gnu/libcrypto.so.3)
==268755==    by 0x5619506: ??? (in /usr/lib/x86_64-linux-gnu/libcrypto.so.3)
==268755==    by 0x5615E27: ??? (in /usr/lib/x86_64-linux-gnu/libcrypto.so.3)
==268755==    by 0x5615F09: ??? (in /usr/lib/x86_64-linux-gnu/libcrypto.so.3)
==268755==    by 0x5615C36: ??? (in /usr/lib/x86_64-linux-gnu/libcrypto.so.3)
==268755==    by 0x56F4A6B: ??? (in /usr/lib/x86_64-linux-gnu/libcrypto.so.3)
==268755==    by 0x55EC302: EVP_CIPHER_fetch (in /usr/lib/x86_64-linux-gnu/libcrypto.so.3)
==268755==    by 0x53F137A: ??? (in /usr/lib/x86_64-linux-gnu/libssl.so.3)
==268755==    by 0x53F5161: SSL_CTX_new_ex (in /usr/lib/x86_64-linux-gnu/libssl.so.3)
==268755==    by 0x48F8280: ??? (in /usr/lib/x86_64-linux-gnu/libmysqlclient.so.21.2.42)
==268755==    by 0x489A042: ??? (in /usr/lib/x86_64-linux-gnu/libmysqlclient.so.21.2.42)
==268755== 
==268755== 16 bytes in 1 blocks are still reachable in loss record 137 of 2,004
==268755==    at 0x4848899: malloc (in /usr/libexec/valgrind/vgpreload_memcheck-amd64-linux.so)
==268755==    by 0x561679D: CRYPTO_zalloc (in /usr/lib/x86_64-linux-gnu/libcrypto.so.3)
==268755==    by 0x5619506: ??? (in /usr/lib/x86_64-linux-gnu/libcrypto.so.3)
==268755==    by 0x5615FC0: ??? (in /usr/lib/x86_64-linux-gnu/libcrypto.so.3)
==268755==    by 0x5615C36: ??? (in /usr/lib/x86_64-linux-gnu/libcrypto.so.3)
==268755==    by 0x56F4A6B: ??? (in /usr/lib/x86_64-linux-gnu/libcrypto.so.3)
==268755==    by 0x55EC302: EVP_CIPHER_fetch (in /usr/lib/x86_64-linux-gnu/libcrypto.so.3)
==268755==    by 0x53F137A: ??? (in /usr/lib/x86_64-linux-gnu/libssl.so.3)
==268755==    by 0x53F5161: SSL_CTX_new_ex (in /usr/lib/x86_64-linux-gnu/libssl.so.3)
==268755==    by 0x48F8280: ??? (in /usr/lib/x86_64-linux-gnu/libmysqlclient.so.21.2.42)
==268755==    by 0x489A042: ??? (in /usr/lib/x86_64-linux-gnu/libmysqlclient.so.21.2.42)
==268755==    by 0x489AD71: ??? (in /usr/lib/x86_64-linux-gnu/libmysqlclient.so.21.2.42)
==268755== 
==268755== 16 bytes in 1 blocks are still reachable in loss record 138 of 2,004
==268755==    at 0x4848899: malloc (in /usr/libexec/valgrind/vgpreload_memcheck-amd64-linux.so)
==268755==    by 0x561679D: CRYPTO_zalloc (in /usr/lib/x86_64-linux-gnu/libcrypto.so.3)
==268755==    by 0x5614C2D: ??? (in /usr/lib/x86_64-linux-gnu/libcrypto.so.3)
==268755==    by 0x561A924: ??? (in /usr/lib/x86_64-linux-gnu/libcrypto.so.3)
==268755==    by 0x5614FB8: ??? (in /usr/lib/x86_64-linux-gnu/libcrypto.so.3)
==268755==    by 0x56484D5: ??? (in /usr/lib/x86_64-linux-gnu/libcrypto.so.3)
==268755==    by 0x55EB93E: ??? (in /usr/lib/x86_64-linux-gnu/libcrypto.so.3)
==268755==    by 0x56F43E7: ??? (in /usr/lib/x86_64-linux-gnu/libcrypto.so.3)
==268755==    by 0x56F4B3D: ??? (in /usr/lib/x86_64-linux-gnu/libcrypto.so.3)
==268755==    by 0x55EC302: EVP_CIPHER_fetch (in /usr/lib/x86_64-linux-gnu/libcrypto.so.3)
==268755==    by 0x53F137A: ??? (in /usr/lib/x86_64-linux-gnu/libssl.so.3)
==268755==    by 0x53F5161: SSL_CTX_new_ex (in /usr/lib/x86_64-linux-gnu/libssl.so.3)
==268755== 
==268755== 16 bytes in 1 blocks are still reachable in loss record 139 of 2,004
==268755==    at 0x4848899: malloc (in /usr/libexec/valgrind/vgpreload_memcheck-amd64-linux.so)
==268755==    by 0x561679D: CRYPTO_zalloc (in /usr/lib/x86_64-linux-gnu/libcrypto.so.3)
==268755==    by 0x56DA658: ??? (in /usr/lib/x86_64-linux-gnu/libcrypto.so.3)
==268755==    by 0x55FAA47: EVP_RAND_CTX_new (in /usr/lib/x86_64-linux-gnu/libcrypto.so.3)
==268755==    by 0x56498BD: RAND_get0_primary (in /usr/lib/x86_64-linux-gnu/libcrypto.so.3)
==268755==    by 0x5649DF7: RAND_get0_public (in /usr/lib/x86_64-linux-gnu/libcrypto.so.3)
==268755==    by 0x5649EE7: RAND_bytes_ex (in /usr/lib/x86_64-linux-gnu/libcrypto.so.3)
==268755==    by 0x53F5779: SSL_CTX_new_ex (in /usr/lib/x86_64-linux-gnu/libssl.so.3)
==268755==    by 0x48F8280: ??? (in /usr/lib/x86_64-linux-gnu/libmysqlclient.so.21.2.42)
==268755==    by 0x489A042: ??? (in /usr/lib/x86_64-linux-gnu/libmysqlclient.so.21.2.42)
==268755==    by 0x489AD71: ??? (in /usr/lib/x86_64-linux-gnu/libmysqlclient.so.21.2.42)
==268755==    by 0x48A3273: ??? (in /usr/lib/x86_64-linux-gnu/libmysqlclient.so.21.2.42)
==268755== 
==268755== 16 bytes in 1 blocks are still reachable in loss record 140 of 2,004
==268755==    at 0x4848899: malloc (in /usr/libexec/valgrind/vgpreload_memcheck-amd64-linux.so)
==268755==    by 0x561679D: CRYPTO_zalloc (in /usr/lib/x86_64-linux-gnu/libcrypto.so.3)
==268755==    by 0x5619506: ??? (in /usr/lib/x86_64-linux-gnu/libcrypto.so.3)
==268755==    by 0x56F41B3: ??? (in /usr/lib/x86_64-linux-gnu/libcrypto.so.3)
==268755==    by 0x55C6E3A: ??? (in /usr/lib/x86_64-linux-gnu/libcrypto.so.3)
==268755==    by 0x560B7F8: ??? (in /usr/lib/x86_64-linux-gnu/libcrypto.so.3)
==268755==    by 0x560B71B: ??? (in /usr/lib/x86_64-linux-gnu/libcrypto.so.3)
==268755==    by 0x562AD6A: ??? (in /usr/lib/x86_64-linux-gnu/libcrypto.so.3)
==268755==    by 0x56F44E7: ??? (in /usr/lib/x86_64-linux-gnu/libcrypto.so.3)
==268755==    by 0x56F53E7: ??? (in /usr/lib/x86_64-linux-gnu/libcrypto.so.3)
==268755==    by 0x55C0470: OSSL_DECODER_do_all_provided (in /usr/lib/x86_64-linux-gnu/libcrypto.so.3)
==268755==    by 0x55CD84B: OSSL_DECODER_CTX_new_for_pkey (in /usr/lib/x86_64-linux-gnu/libcrypto.so.3)
==268755== 
==268755== 16 bytes in 1 blocks are still reachable in loss record 141 of 2,004
==268755==    at 0x4848899: malloc (in /usr/libexec/valgrind/vgpreload_memcheck-amd64-linux.so)
==268755==    by 0x561679D: CRYPTO_zalloc (in /usr/lib/x86_64-linux-gnu/libcrypto.so.3)
==268755==    by 0x5619506: ??? (in /usr/lib/x86_64-linux-gnu/libcrypto.so.3)
==268755==    by 0x5615E27: ??? (in /usr/lib/x86_64-linux-gnu/libcrypto.so.3)
==268755==    by 0x566A913: ??? (in /usr/lib/x86_64-linux-gnu/libcrypto.so.3)
==268755==    by 0x560B7F8: ??? (in /usr/lib/x86_64-linux-gnu/libcrypto.so.3)
==268755==    by 0x560B71B: ??? (in /usr/lib/x86_64-linux-gnu/libcrypto.so.3)
==268755==    by 0x562AD6A: ??? (in /usr/lib/x86_64-linux-gnu/libcrypto.so.3)
==268755==    by 0x56F44E7: ??? (in /usr/lib/x86_64-linux-gnu/libcrypto.so.3)
==268755==    by 0x56F49C6: ??? (in /usr/lib/x86_64-linux-gnu/libcrypto.so.3)
==268755==    by 0x5666F9E: OSSL_STORE_LOADER_fetch (in /usr/lib/x86_64-linux-gnu/libcrypto.so.3)
==268755==    by 0x566B2F7: OSSL_STORE_open_ex (in /usr/lib/x86_64-linux-gnu/libcrypto.so.3)
==268755== 
==268755== 16 bytes in 1 blocks are still reachable in loss record 142 of 2,004
==268755==    at 0x4849013: operator new(unsigned long) (in /usr/libexec/valgrind/vgpreload_memcheck-amd64-linux.so)
==268755==    by 0x30FE25: YAML::NodeBuilder::NodeBuilder() (nodebuilder.cpp:13)
==268755==    by 0x2F2CC2: YAML::Load(std::istream&) (parse.cpp:24)
==268755==    by 0x2F2E40: YAML::LoadFile(std::__cxx11::basic_string<char, std::char_traits<char>, std::allocator<char> > const&) (parse.cpp:37)
==268755==    by 0x1B33E0: CATCH2_INTERNAL_TEST_0() (test_mysql_real.cpp:94)
==268755==    by 0x261743: Catch::TestInvokerAsFunction::invoke() const (catch_test_case_registry_impl.cpp:149)
==268755==    by 0x256F30: Catch::TestCaseHandle::invoke() const (catch_test_case_info.hpp:115)
==268755==    by 0x255FF5: Catch::RunContext::invokeActiveTestCase() (catch_run_context.cpp:538)
==268755==    by 0x255D09: Catch::RunContext::runCurrentTest(std::__cxx11::basic_string<char, std::char_traits<char>, std::allocator<char> >&, std::__cxx11::basic_string<char, std::char_traits<char>, std::allocator<char> >&) (catch_run_context.cpp:501)
==268755==    by 0x2542F5: Catch::RunContext::runTest(Catch::TestCaseHandle const&) (catch_run_context.cpp:232)
==268755==    by 0x205F36: Catch::(anonymous namespace)::TestGroup::execute() (catch_session.cpp:110)
==268755==    by 0x20742F: Catch::Session::runInternal() (catch_session.cpp:332)
==268755== 
==268755== 16 bytes in 1 blocks are still reachable in loss record 143 of 2,004
==268755==    at 0x4849013: operator new(unsigned long) (in /usr/libexec/valgrind/vgpreload_memcheck-amd64-linux.so)
==268755==    by 0x2E8BDC: YAML::detail::node::node() (node.h:27)
==268755==    by 0x2E896A: YAML::detail::memory::create_node() (memory.cpp:17)
==268755==    by 0x1348BD: YAML::detail::memory_holder::create_node() (memory.h:38)
==268755==    by 0x3103BB: YAML::NodeBuilder::Push(YAML::Mark const&, unsigned long) (nodebuilder.cpp:81)
==268755==    by 0x3102D2: YAML::NodeBuilder::OnMapStart(YAML::Mark const&, std::__cxx11::basic_string<char, std::char_traits<char>, std::allocator<char> > const&, unsigned long, YAML::EmitterStyle::value) (nodebuilder.cpp:67)
==268755==    by 0x306B16: YAML::SingleDocParser::HandleNode(YAML::EventHandler&) (singledocparser.cpp:127)
==268755==    by 0x3063EC: YAML::SingleDocParser::HandleDocument(YAML::EventHandler&) (singledocparser.cpp:41)
==268755==    by 0x2F3828: YAML::Parser::HandleNextDocument(YAML::EventHandler&) (parser.cpp:37)
==268755==    by 0x2F2CDB: YAML::Load(std::istream&) (parse.cpp:25)
==268755==    by 0x2F2E40: YAML::LoadFile(std::__cxx11::basic_string<char, std::char_traits<char>, std::allocator<char> > const&) (parse.cpp:37)
==268755==    by 0x1B33E0: CATCH2_INTERNAL_TEST_0() (test_mysql_real.cpp:94)
==268755== 
==268755== 16 bytes in 1 blocks are still reachable in loss record 144 of 2,004
==268755==    at 0x4849013: operator new(unsigned long) (in /usr/libexec/valgrind/vgpreload_memcheck-amd64-linux.so)
==268755==    by 0x26DD83: __gnu_cxx::new_allocator<Catch::Detail::unique_ptr<Catch::TestCaseTracking::ITracker> >::allocate(unsigned long, void const*) (new_allocator.h:127)
==268755==    by 0x26D92E: std::allocator_traits<std::allocator<Catch::Detail::unique_ptr<Catch::TestCaseTracking::ITracker> > >::allocate(std::allocator<Catch::Detail::unique_ptr<Catch::TestCaseTracking::ITracker> >&, unsigned long) (alloc_traits.h:464)
==268755==    by 0x26D4E3: std::_Vector_base<Catch::Detail::unique_ptr<Catch::TestCaseTracking::ITracker>, std::allocator<Catch::Detail::unique_ptr<Catch::TestCaseTracking::ITracker> > >::_M_allocate(unsigned long) (stl_vector.h:346)
==268755==    by 0x26C8EE: void std::vector<Catch::Detail::unique_ptr<Catch::TestCaseTracking::ITracker>, std::allocator<Catch::Detail::unique_ptr<Catch::TestCaseTracking::ITracker> > >::_M_realloc_insert<Catch::Detail::unique_ptr<Catch::TestCaseTracking::ITracker> >(__gnu_cxx::__normal_iterator<Catch::Detail::unique_ptr<Catch::TestCaseTracking::ITracker>*, std::vector<Catch::Detail::unique_ptr<Catch::TestCaseTracking::ITracker>, std::allocator<Catch::Detail::unique_ptr<Catch::TestCaseTracking::ITracker> > > >, Catch::Detail::unique_ptr<Catch::TestCaseTracking::ITracker>&&) (vector.tcc:440)
==268755==    by 0x26C54D: Catch::Detail::unique_ptr<Catch::TestCaseTracking::ITracker>& std::vector<Catch::Detail::unique_ptr<Catch::TestCaseTracking::ITracker>, std::allocator<Catch::Detail::unique_ptr<Catch::TestCaseTracking::ITracker> > >::emplace_back<Catch::Detail::unique_ptr<Catch::TestCaseTracking::ITracker> >(Catch::Detail::unique_ptr<Catch::TestCaseTracking::ITracker>&&) (vector.tcc:121)
==268755==    by 0x26BDC3: std::vector<Catch::Detail::unique_ptr<Catch::TestCaseTracking::ITracker>, std::allocator<Catch::Detail::unique_ptr<Catch::TestCaseTracking::ITracker> > >::push_back(Catch::Detail::unique_ptr<Catch::TestCaseTracking::ITracker>&&) (stl_vector.h:1204)
==268755==    by 0x26A57C: Catch::TestCaseTracking::ITracker::addChild(Catch::Detail::unique_ptr<Catch::TestCaseTracking::ITracker>&&) (catch_test_case_tracker.cpp:38)
==268755==    by 0x26B1E5: Catch::TestCaseTracking::SectionTracker::acquire(Catch::TestCaseTracking::TrackerContext&, Catch::TestCaseTracking::NameAndLocationRef const&) (catch_test_case_tracker.cpp:201)
==268755==    by 0x254A3C: Catch::RunContext::sectionStarted(Catch::StringRef, Catch::SourceLineInfo const&, Catch::Counts&) (catch_run_context.cpp:299)
==268755==    by 0x25CEAE: Catch::Section::Section(Catch::SourceLineInfo const&, Catch::StringRef, char const*) (catch_section.cpp:31)
==268755==    by 0x1B3AF9: CATCH2_INTERNAL_TEST_0() (test_mysql_real.cpp:209)
==268755== 
==268755== 16 bytes in 8 blocks are possibly lost in loss record 145 of 2,004
==268755==    at 0x4848899: malloc (in /usr/libexec/valgrind/vgpreload_memcheck-amd64-linux.so)
==268755==    by 0x551A48A: ASN1_STRING_set (in /usr/lib/x86_64-linux-gnu/libcrypto.so.3)
==268755==    by 0x552D046: ??? (in /usr/lib/x86_64-linux-gnu/libcrypto.so.3)
==268755==    by 0x552E048: ??? (in /usr/lib/x86_64-linux-gnu/libcrypto.so.3)
==268755==    by 0x552F3E7: ??? (in /usr/lib/x86_64-linux-gnu/libcrypto.so.3)
==268755==    by 0x552F691: ??? (in /usr/lib/x86_64-linux-gnu/libcrypto.so.3)
==268755==    by 0x552DD18: ??? (in /usr/lib/x86_64-linux-gnu/libcrypto.so.3)
==268755==    by 0x552F3E7: ??? (in /usr/lib/x86_64-linux-gnu/libcrypto.so.3)
==268755==    by 0x552DD18: ??? (in /usr/lib/x86_64-linux-gnu/libcrypto.so.3)
==268755==    by 0x552E492: ASN1_item_d2i_ex (in /usr/lib/x86_64-linux-gnu/libcrypto.so.3)
==268755==    by 0x54221C2: ??? (in /usr/lib/x86_64-linux-gnu/libssl.so.3)
==268755==    by 0x541EA94: ??? (in /usr/lib/x86_64-linux-gnu/libssl.so.3)
==268755== 
==268755== 16 bytes in 8 blocks are possibly lost in loss record 146 of 2,004
==268755==    at 0x4848899: malloc (in /usr/libexec/valgrind/vgpreload_memcheck-amd64-linux.so)
==268755==    by 0x551A48A: ASN1_STRING_set (in /usr/lib/x86_64-linux-gnu/libcrypto.so.3)
==268755==    by 0x552D046: ??? (in /usr/lib/x86_64-linux-gnu/libcrypto.so.3)
==268755==    by 0x552E048: ??? (in /usr/lib/x86_64-linux-gnu/libcrypto.so.3)
==268755==    by 0x552F3E7: ??? (in /usr/lib/x86_64-linux-gnu/libcrypto.so.3)
==268755==    by 0x552DD18: ??? (in /usr/lib/x86_64-linux-gnu/libcrypto.so.3)
==268755==    by 0x552F3E7: ??? (in /usr/lib/x86_64-linux-gnu/libcrypto.so.3)
==268755==    by 0x552DD18: ??? (in /usr/lib/x86_64-linux-gnu/libcrypto.so.3)
==268755==    by 0x552E492: ASN1_item_d2i_ex (in /usr/lib/x86_64-linux-gnu/libcrypto.so.3)
==268755==    by 0x54221C2: ??? (in /usr/lib/x86_64-linux-gnu/libssl.so.3)
==268755==    by 0x541EA94: ??? (in /usr/lib/x86_64-linux-gnu/libssl.so.3)
==268755==    by 0x5420697: ??? (in /usr/lib/x86_64-linux-gnu/libssl.so.3)
==268755== 
==268755== 17 bytes in 1 blocks are still reachable in loss record 147 of 2,004
==268755==    at 0x4849013: operator new(unsigned long) (in /usr/libexec/valgrind/vgpreload_memcheck-amd64-linux.so)
==268755==    by 0x130468: __gnu_cxx::new_allocator<char>::allocate(unsigned long, void const*) (new_allocator.h:127)
==268755==    by 0x12F934: allocate (allocator.h:185)
==268755==    by 0x12F934: std::allocator_traits<std::allocator<char> >::allocate(std::allocator<char>&, unsigned long) (alloc_traits.h:464)
==268755==    by 0x12FCCD: std::__cxx11::basic_string<char, std::char_traits<char>, std::allocator<char> >::_M_create(unsigned long&, unsigned long) (basic_string.tcc:153)
==268755==    by 0x12F7D0: void std::__cxx11::basic_string<char, std::char_traits<char>, std::allocator<char> >::_M_construct<char const*>(char const*, char const*, std::forward_iterator_tag) (basic_string.tcc:219)
==268755==    by 0x12F0D0: std::__cxx11::basic_string<char, std::char_traits<char>, std::allocator<char> >::basic_string<std::allocator<char> >(char const*, std::allocator<char> const&) (basic_string.h:539)
==268755==    by 0x2F4638: __static_initialization_and_destruction_0(int, int) (token.h:21)
==268755==    by 0x2F4A29: _GLOBAL__sub_I_parser.cpp (parser.cpp:119)
==268755==    by 0x51BBEBA: call_init (libc-start.c:145)
==268755==    by 0x51BBEBA: __libc_start_main@@GLIBC_2.34 (libc-start.c:379)
==268755==    by 0x12E4D4: (below main) (in /home/dsystems/Desktop/projects/cpp/cpp_dbc/build/libs/cpp_dbc/test/test/cpp_dbc_tests)
==268755== 
==268755== 17 bytes in 1 blocks are still reachable in loss record 148 of 2,004
==268755==    at 0x4849013: operator new(unsigned long) (in /usr/libexec/valgrind/vgpreload_memcheck-amd64-linux.so)
==268755==    by 0x130468: __gnu_cxx::new_allocator<char>::allocate(unsigned long, void const*) (new_allocator.h:127)
==268755==    by 0x12F934: allocate (allocator.h:185)
==268755==    by 0x12F934: std::allocator_traits<std::allocator<char> >::allocate(std::allocator<char>&, unsigned long) (alloc_traits.h:464)
==268755==    by 0x12FCCD: std::__cxx11::basic_string<char, std::char_traits<char>, std::allocator<char> >::_M_create(unsigned long&, unsigned long) (basic_string.tcc:153)
==268755==    by 0x12F7D0: void std::__cxx11::basic_string<char, std::char_traits<char>, std::allocator<char> >::_M_construct<char const*>(char const*, char const*, std::forward_iterator_tag) (basic_string.tcc:219)
==268755==    by 0x12F0D0: std::__cxx11::basic_string<char, std::char_traits<char>, std::allocator<char> >::basic_string<std::allocator<char> >(char const*, std::allocator<char> const&) (basic_string.h:539)
==268755==    by 0x2F7F6F: __static_initialization_and_destruction_0(int, int) (token.h:21)
==268755==    by 0x2F8360: _GLOBAL__sub_I_scanner.cpp (scanner.cpp:391)
==268755==    by 0x51BBEBA: call_init (libc-start.c:145)
==268755==    by 0x51BBEBA: __libc_start_main@@GLIBC_2.34 (libc-start.c:379)
==268755==    by 0x12E4D4: (below main) (in /home/dsystems/Desktop/projects/cpp/cpp_dbc/build/libs/cpp_dbc/test/test/cpp_dbc_tests)
==268755== 
==268755== 17 bytes in 1 blocks are still reachable in loss record 149 of 2,004
==268755==    at 0x4849013: operator new(unsigned long) (in /usr/libexec/valgrind/vgpreload_memcheck-amd64-linux.so)
==268755==    by 0x130468: __gnu_cxx::new_allocator<char>::allocate(unsigned long, void const*) (new_allocator.h:127)
==268755==    by 0x12F934: allocate (allocator.h:185)
==268755==    by 0x12F934: std::allocator_traits<std::allocator<char> >::allocate(std::allocator<char>&, unsigned long) (alloc_traits.h:464)
==268755==    by 0x12FCCD: std::__cxx11::basic_string<char, std::char_traits<char>, std::allocator<char> >::_M_create(unsigned long&, unsigned long) (basic_string.tcc:153)
==268755==    by 0x12F7D0: void std::__cxx11::basic_string<char, std::char_traits<char>, std::allocator<char> >::_M_construct<char const*>(char const*, char const*, std::forward_iterator_tag) (basic_string.tcc:219)
==268755==    by 0x12F0D0: std::__cxx11::basic_string<char, std::char_traits<char>, std::allocator<char> >::basic_string<std::allocator<char> >(char const*, std::allocator<char> const&) (basic_string.h:539)
==268755==    by 0x30270F: __static_initialization_and_destruction_0(int, int) (token.h:21)
==268755==    by 0x302B00: _GLOBAL__sub_I_scantoken.cpp (scantoken.cpp:437)
==268755==    by 0x51BBEBA: call_init (libc-start.c:145)
==268755==    by 0x51BBEBA: __libc_start_main@@GLIBC_2.34 (libc-start.c:379)
==268755==    by 0x12E4D4: (below main) (in /home/dsystems/Desktop/projects/cpp/cpp_dbc/build/libs/cpp_dbc/test/test/cpp_dbc_tests)
==268755== 
==268755== 17 bytes in 1 blocks are still reachable in loss record 150 of 2,004
==268755==    at 0x4849013: operator new(unsigned long) (in /usr/libexec/valgrind/vgpreload_memcheck-amd64-linux.so)
==268755==    by 0x130468: __gnu_cxx::new_allocator<char>::allocate(unsigned long, void const*) (new_allocator.h:127)
==268755==    by 0x12F934: allocate (allocator.h:185)
==268755==    by 0x12F934: std::allocator_traits<std::allocator<char> >::allocate(std::allocator<char>&, unsigned long) (alloc_traits.h:464)
==268755==    by 0x12FCCD: std::__cxx11::basic_string<char, std::char_traits<char>, std::allocator<char> >::_M_create(unsigned long&, unsigned long) (basic_string.tcc:153)
==268755==    by 0x12F7D0: void std::__cxx11::basic_string<char, std::char_traits<char>, std::allocator<char> >::_M_construct<char const*>(char const*, char const*, std::forward_iterator_tag) (basic_string.tcc:219)
==268755==    by 0x12F0D0: std::__cxx11::basic_string<char, std::char_traits<char>, std::allocator<char> >::basic_string<std::allocator<char> >(char const*, std::allocator<char> const&) (basic_string.h:539)
==268755==    by 0x304F1F: __static_initialization_and_destruction_0(int, int) (token.h:21)
==268755==    by 0x305310: _GLOBAL__sub_I_simplekey.cpp (simplekey.cpp:132)
==268755==    by 0x51BBEBA: call_init (libc-start.c:145)
==268755==    by 0x51BBEBA: __libc_start_main@@GLIBC_2.34 (libc-start.c:379)
==268755==    by 0x12E4D4: (below main) (in /home/dsystems/Desktop/projects/cpp/cpp_dbc/build/libs/cpp_dbc/test/test/cpp_dbc_tests)
==268755== 
==268755== 17 bytes in 1 blocks are still reachable in loss record 151 of 2,004
==268755==    at 0x4849013: operator new(unsigned long) (in /usr/libexec/valgrind/vgpreload_memcheck-amd64-linux.so)
==268755==    by 0x130468: __gnu_cxx::new_allocator<char>::allocate(unsigned long, void const*) (new_allocator.h:127)
==268755==    by 0x12F934: allocate (allocator.h:185)
==268755==    by 0x12F934: std::allocator_traits<std::allocator<char> >::allocate(std::allocator<char>&, unsigned long) (alloc_traits.h:464)
==268755==    by 0x12FCCD: std::__cxx11::basic_string<char, std::char_traits<char>, std::allocator<char> >::_M_create(unsigned long&, unsigned long) (basic_string.tcc:153)
==268755==    by 0x12F7D0: void std::__cxx11::basic_string<char, std::char_traits<char>, std::allocator<char> >::_M_construct<char const*>(char const*, char const*, std::forward_iterator_tag) (basic_string.tcc:219)
==268755==    by 0x12F0D0: std::__cxx11::basic_string<char, std::char_traits<char>, std::allocator<char> >::basic_string<std::allocator<char> >(char const*, std::allocator<char> const&) (basic_string.h:539)
==268755==    by 0x308AC6: __static_initialization_and_destruction_0(int, int) (token.h:21)
==268755==    by 0x308EB7: _GLOBAL__sub_I_singledocparser.cpp (singledocparser.cpp:435)
==268755==    by 0x51BBEBA: call_init (libc-start.c:145)
==268755==    by 0x51BBEBA: __libc_start_main@@GLIBC_2.34 (libc-start.c:379)
==268755==    by 0x12E4D4: (below main) (in /home/dsystems/Desktop/projects/cpp/cpp_dbc/build/libs/cpp_dbc/test/test/cpp_dbc_tests)
==268755== 
==268755== 17 bytes in 1 blocks are still reachable in loss record 152 of 2,004
==268755==    at 0x4849013: operator new(unsigned long) (in /usr/libexec/valgrind/vgpreload_memcheck-amd64-linux.so)
==268755==    by 0x130468: __gnu_cxx::new_allocator<char>::allocate(unsigned long, void const*) (new_allocator.h:127)
==268755==    by 0x12F934: allocate (allocator.h:185)
==268755==    by 0x12F934: std::allocator_traits<std::allocator<char> >::allocate(std::allocator<char>&, unsigned long) (alloc_traits.h:464)
==268755==    by 0x12FCCD: std::__cxx11::basic_string<char, std::char_traits<char>, std::allocator<char> >::_M_create(unsigned long&, unsigned long) (basic_string.tcc:153)
==268755==    by 0x12F7D0: void std::__cxx11::basic_string<char, std::char_traits<char>, std::allocator<char> >::_M_construct<char const*>(char const*, char const*, std::forward_iterator_tag) (basic_string.tcc:219)
==268755==    by 0x12F0D0: std::__cxx11::basic_string<char, std::char_traits<char>, std::allocator<char> >::basic_string<std::allocator<char> >(char const*, std::allocator<char> const&) (basic_string.h:539)
==268755==    by 0x30E25D: __static_initialization_and_destruction_0(int, int) (token.h:21)
==268755==    by 0x30E64E: _GLOBAL__sub_I_tag.cpp (tag.cpp:50)
==268755==    by 0x51BBEBA: call_init (libc-start.c:145)
==268755==    by 0x51BBEBA: __libc_start_main@@GLIBC_2.34 (libc-start.c:379)
==268755==    by 0x12E4D4: (below main) (in /home/dsystems/Desktop/projects/cpp/cpp_dbc/build/libs/cpp_dbc/test/test/cpp_dbc_tests)
==268755== 
==268755== 17 bytes in 1 blocks are still reachable in loss record 153 of 2,004
==268755==    at 0x4849013: operator new(unsigned long) (in /usr/libexec/valgrind/vgpreload_memcheck-amd64-linux.so)
==268755==    by 0x130468: __gnu_cxx::new_allocator<char>::allocate(unsigned long, void const*) (new_allocator.h:127)
==268755==    by 0x12F934: allocate (allocator.h:185)
==268755==    by 0x12F934: std::allocator_traits<std::allocator<char> >::allocate(std::allocator<char>&, unsigned long) (alloc_traits.h:464)
==268755==    by 0x12FCCD: std::__cxx11::basic_string<char, std::char_traits<char>, std::allocator<char> >::_M_create(unsigned long&, unsigned long) (basic_string.tcc:153)
==268755==    by 0x4902E5D: ??? (in /usr/lib/x86_64-linux-gnu/libmysqlclient.so.21.2.42)
==268755==    by 0x48E4ED1: ??? (in /usr/lib/x86_64-linux-gnu/libmysqlclient.so.21.2.42)
==268755==    by 0x4905FB5: ??? (in /usr/lib/x86_64-linux-gnu/libmysqlclient.so.21.2.42)
==268755==    by 0x48E6082: ??? (in /usr/lib/x86_64-linux-gnu/libmysqlclient.so.21.2.42)
==268755==    by 0x522BEE7: __pthread_once_slow (pthread_once.c:116)
==268755==    by 0x4903155: ??? (in /usr/lib/x86_64-linux-gnu/libmysqlclient.so.21.2.42)
==268755==    by 0x489CBB8: ??? (in /usr/lib/x86_64-linux-gnu/libmysqlclient.so.21.2.42)
==268755==    by 0x489D1FA: ??? (in /usr/lib/x86_64-linux-gnu/libmysqlclient.so.21.2.42)
==268755== 
==268755== 17 bytes in 1 blocks are still reachable in loss record 154 of 2,004
==268755==    at 0x4849013: operator new(unsigned long) (in /usr/libexec/valgrind/vgpreload_memcheck-amd64-linux.so)
==268755==    by 0x130468: __gnu_cxx::new_allocator<char>::allocate(unsigned long, void const*) (new_allocator.h:127)
==268755==    by 0x12F934: allocate (allocator.h:185)
==268755==    by 0x12F934: std::allocator_traits<std::allocator<char> >::allocate(std::allocator<char>&, unsigned long) (alloc_traits.h:464)
==268755==    by 0x12FCCD: std::__cxx11::basic_string<char, std::char_traits<char>, std::allocator<char> >::_M_create(unsigned long&, unsigned long) (basic_string.tcc:153)
==268755==    by 0x4902E5D: ??? (in /usr/lib/x86_64-linux-gnu/libmysqlclient.so.21.2.42)
==268755==    by 0x48E4ED1: ??? (in /usr/lib/x86_64-linux-gnu/libmysqlclient.so.21.2.42)
==268755==    by 0x48E5188: ??? (in /usr/lib/x86_64-linux-gnu/libmysqlclient.so.21.2.42)
==268755==    by 0x490620B: ??? (in /usr/lib/x86_64-linux-gnu/libmysqlclient.so.21.2.42)
==268755==    by 0x48E6082: ??? (in /usr/lib/x86_64-linux-gnu/libmysqlclient.so.21.2.42)
==268755==    by 0x522BEE7: __pthread_once_slow (pthread_once.c:116)
==268755==    by 0x4903155: ??? (in /usr/lib/x86_64-linux-gnu/libmysqlclient.so.21.2.42)
==268755==    by 0x489CBB8: ??? (in /usr/lib/x86_64-linux-gnu/libmysqlclient.so.21.2.42)
==268755== 
==268755== 17 bytes in 1 blocks are still reachable in loss record 155 of 2,004
==268755==    at 0x4849013: operator new(unsigned long) (in /usr/libexec/valgrind/vgpreload_memcheck-amd64-linux.so)
==268755==    by 0x130468: __gnu_cxx::new_allocator<char>::allocate(unsigned long, void const*) (new_allocator.h:127)
==268755==    by 0x12F934: allocate (allocator.h:185)
==268755==    by 0x12F934: std::allocator_traits<std::allocator<char> >::allocate(std::allocator<char>&, unsigned long) (alloc_traits.h:464)
==268755==    by 0x12FCCD: std::__cxx11::basic_string<char, std::char_traits<char>, std::allocator<char> >::_M_create(unsigned long&, unsigned long) (basic_string.tcc:153)
==268755==    by 0x4902E5D: ??? (in /usr/lib/x86_64-linux-gnu/libmysqlclient.so.21.2.42)
==268755==    by 0x48E4ED1: ??? (in /usr/lib/x86_64-linux-gnu/libmysqlclient.so.21.2.42)
==268755==    by 0x49062AF: ??? (in /usr/lib/x86_64-linux-gnu/libmysqlclient.so.21.2.42)
==268755==    by 0x48E6082: ??? (in /usr/lib/x86_64-linux-gnu/libmysqlclient.so.21.2.42)
==268755==    by 0x522BEE7: __pthread_once_slow (pthread_once.c:116)
==268755==    by 0x4903155: ??? (in /usr/lib/x86_64-linux-gnu/libmysqlclient.so.21.2.42)
==268755==    by 0x489CBB8: ??? (in /usr/lib/x86_64-linux-gnu/libmysqlclient.so.21.2.42)
==268755==    by 0x489D1FA: ??? (in /usr/lib/x86_64-linux-gnu/libmysqlclient.so.21.2.42)
==268755== 
==268755== 17 bytes in 1 blocks are still reachable in loss record 156 of 2,004
==268755==    at 0x4849013: operator new(unsigned long) (in /usr/libexec/valgrind/vgpreload_memcheck-amd64-linux.so)
==268755==    by 0x130468: __gnu_cxx::new_allocator<char>::allocate(unsigned long, void const*) (new_allocator.h:127)
==268755==    by 0x12F934: allocate (allocator.h:185)
==268755==    by 0x12F934: std::allocator_traits<std::allocator<char> >::allocate(std::allocator<char>&, unsigned long) (alloc_traits.h:464)
==268755==    by 0x12FCCD: std::__cxx11::basic_string<char, std::char_traits<char>, std::allocator<char> >::_M_create(unsigned long&, unsigned long) (basic_string.tcc:153)
==268755==    by 0x4902E5D: ??? (in /usr/lib/x86_64-linux-gnu/libmysqlclient.so.21.2.42)
==268755==    by 0x48E4ED1: ??? (in /usr/lib/x86_64-linux-gnu/libmysqlclient.so.21.2.42)
==268755==    by 0x4906453: ??? (in /usr/lib/x86_64-linux-gnu/libmysqlclient.so.21.2.42)
==268755==    by 0x48E6082: ??? (in /usr/lib/x86_64-linux-gnu/libmysqlclient.so.21.2.42)
==268755==    by 0x522BEE7: __pthread_once_slow (pthread_once.c:116)
==268755==    by 0x4903155: ??? (in /usr/lib/x86_64-linux-gnu/libmysqlclient.so.21.2.42)
==268755==    by 0x489CBB8: ??? (in /usr/lib/x86_64-linux-gnu/libmysqlclient.so.21.2.42)
==268755==    by 0x489D1FA: ??? (in /usr/lib/x86_64-linux-gnu/libmysqlclient.so.21.2.42)
==268755== 
==268755== 17 bytes in 1 blocks are still reachable in loss record 157 of 2,004
==268755==    at 0x4849013: operator new(unsigned long) (in /usr/libexec/valgrind/vgpreload_memcheck-amd64-linux.so)
==268755==    by 0x130468: __gnu_cxx::new_allocator<char>::allocate(unsigned long, void const*) (new_allocator.h:127)
==268755==    by 0x12F934: allocate (allocator.h:185)
==268755==    by 0x12F934: std::allocator_traits<std::allocator<char> >::allocate(std::allocator<char>&, unsigned long) (alloc_traits.h:464)
==268755==    by 0x12FCCD: std::__cxx11::basic_string<char, std::char_traits<char>, std::allocator<char> >::_M_create(unsigned long&, unsigned long) (basic_string.tcc:153)
==268755==    by 0x4902E5D: ??? (in /usr/lib/x86_64-linux-gnu/libmysqlclient.so.21.2.42)
==268755==    by 0x48E4ED1: ??? (in /usr/lib/x86_64-linux-gnu/libmysqlclient.so.21.2.42)
==268755==    by 0x4906567: ??? (in /usr/lib/x86_64-linux-gnu/libmysqlclient.so.21.2.42)
==268755==    by 0x48E6082: ??? (in /usr/lib/x86_64-linux-gnu/libmysqlclient.so.21.2.42)
==268755==    by 0x522BEE7: __pthread_once_slow (pthread_once.c:116)
==268755==    by 0x4903155: ??? (in /usr/lib/x86_64-linux-gnu/libmysqlclient.so.21.2.42)
==268755==    by 0x489CBB8: ??? (in /usr/lib/x86_64-linux-gnu/libmysqlclient.so.21.2.42)
==268755==    by 0x489D1FA: ??? (in /usr/lib/x86_64-linux-gnu/libmysqlclient.so.21.2.42)
==268755== 
==268755== 17 bytes in 1 blocks are still reachable in loss record 158 of 2,004
==268755==    at 0x4849013: operator new(unsigned long) (in /usr/libexec/valgrind/vgpreload_memcheck-amd64-linux.so)
==268755==    by 0x130468: __gnu_cxx::new_allocator<char>::allocate(unsigned long, void const*) (new_allocator.h:127)
==268755==    by 0x12F934: allocate (allocator.h:185)
==268755==    by 0x12F934: std::allocator_traits<std::allocator<char> >::allocate(std::allocator<char>&, unsigned long) (alloc_traits.h:464)
==268755==    by 0x12FCCD: std::__cxx11::basic_string<char, std::char_traits<char>, std::allocator<char> >::_M_create(unsigned long&, unsigned long) (basic_string.tcc:153)
==268755==    by 0x4902E5D: ??? (in /usr/lib/x86_64-linux-gnu/libmysqlclient.so.21.2.42)
==268755==    by 0x48E4ED1: ??? (in /usr/lib/x86_64-linux-gnu/libmysqlclient.so.21.2.42)
==268755==    by 0x48E5188: ??? (in /usr/lib/x86_64-linux-gnu/libmysqlclient.so.21.2.42)
==268755==    by 0x490665B: ??? (in /usr/lib/x86_64-linux-gnu/libmysqlclient.so.21.2.42)
==268755==    by 0x48E6082: ??? (in /usr/lib/x86_64-linux-gnu/libmysqlclient.so.21.2.42)
==268755==    by 0x522BEE7: __pthread_once_slow (pthread_once.c:116)
==268755==    by 0x4903155: ??? (in /usr/lib/x86_64-linux-gnu/libmysqlclient.so.21.2.42)
==268755==    by 0x489CBB8: ??? (in /usr/lib/x86_64-linux-gnu/libmysqlclient.so.21.2.42)
==268755== 
==268755== 17 bytes in 1 blocks are still reachable in loss record 159 of 2,004
==268755==    at 0x4849013: operator new(unsigned long) (in /usr/libexec/valgrind/vgpreload_memcheck-amd64-linux.so)
==268755==    by 0x130468: __gnu_cxx::new_allocator<char>::allocate(unsigned long, void const*) (new_allocator.h:127)
==268755==    by 0x12F934: allocate (allocator.h:185)
==268755==    by 0x12F934: std::allocator_traits<std::allocator<char> >::allocate(std::allocator<char>&, unsigned long) (alloc_traits.h:464)
==268755==    by 0x12FCCD: std::__cxx11::basic_string<char, std::char_traits<char>, std::allocator<char> >::_M_create(unsigned long&, unsigned long) (basic_string.tcc:153)
==268755==    by 0x4902E5D: ??? (in /usr/lib/x86_64-linux-gnu/libmysqlclient.so.21.2.42)
==268755==    by 0x48E4ED1: ??? (in /usr/lib/x86_64-linux-gnu/libmysqlclient.so.21.2.42)
==268755==    by 0x49069F9: ??? (in /usr/lib/x86_64-linux-gnu/libmysqlclient.so.21.2.42)
==268755==    by 0x48E6082: ??? (in /usr/lib/x86_64-linux-gnu/libmysqlclient.so.21.2.42)
==268755==    by 0x522BEE7: __pthread_once_slow (pthread_once.c:116)
==268755==    by 0x4903155: ??? (in /usr/lib/x86_64-linux-gnu/libmysqlclient.so.21.2.42)
==268755==    by 0x489CBB8: ??? (in /usr/lib/x86_64-linux-gnu/libmysqlclient.so.21.2.42)
==268755==    by 0x489D1FA: ??? (in /usr/lib/x86_64-linux-gnu/libmysqlclient.so.21.2.42)
==268755== 
==268755== 17 bytes in 1 blocks are still reachable in loss record 160 of 2,004
==268755==    at 0x4849013: operator new(unsigned long) (in /usr/libexec/valgrind/vgpreload_memcheck-amd64-linux.so)
==268755==    by 0x130468: __gnu_cxx::new_allocator<char>::allocate(unsigned long, void const*) (new_allocator.h:127)
==268755==    by 0x12F934: allocate (allocator.h:185)
==268755==    by 0x12F934: std::allocator_traits<std::allocator<char> >::allocate(std::allocator<char>&, unsigned long) (alloc_traits.h:464)
==268755==    by 0x12FCCD: std::__cxx11::basic_string<char, std::char_traits<char>, std::allocator<char> >::_M_create(unsigned long&, unsigned long) (basic_string.tcc:153)
==268755==    by 0x4902E5D: ??? (in /usr/lib/x86_64-linux-gnu/libmysqlclient.so.21.2.42)
==268755==    by 0x48E4ED1: ??? (in /usr/lib/x86_64-linux-gnu/libmysqlclient.so.21.2.42)
==268755==    by 0x4906B0D: ??? (in /usr/lib/x86_64-linux-gnu/libmysqlclient.so.21.2.42)
==268755==    by 0x48E6082: ??? (in /usr/lib/x86_64-linux-gnu/libmysqlclient.so.21.2.42)
==268755==    by 0x522BEE7: __pthread_once_slow (pthread_once.c:116)
==268755==    by 0x4903155: ??? (in /usr/lib/x86_64-linux-gnu/libmysqlclient.so.21.2.42)
==268755==    by 0x489CBB8: ??? (in /usr/lib/x86_64-linux-gnu/libmysqlclient.so.21.2.42)
==268755==    by 0x489D1FA: ??? (in /usr/lib/x86_64-linux-gnu/libmysqlclient.so.21.2.42)
==268755== 
==268755== 17 bytes in 1 blocks are still reachable in loss record 161 of 2,004
==268755==    at 0x4849013: operator new(unsigned long) (in /usr/libexec/valgrind/vgpreload_memcheck-amd64-linux.so)
==268755==    by 0x130468: __gnu_cxx::new_allocator<char>::allocate(unsigned long, void const*) (new_allocator.h:127)
==268755==    by 0x12F934: allocate (allocator.h:185)
==268755==    by 0x12F934: std::allocator_traits<std::allocator<char> >::allocate(std::allocator<char>&, unsigned long) (alloc_traits.h:464)
==268755==    by 0x12FCCD: std::__cxx11::basic_string<char, std::char_traits<char>, std::allocator<char> >::_M_create(unsigned long&, unsigned long) (basic_string.tcc:153)
==268755==    by 0x4902E5D: ??? (in /usr/lib/x86_64-linux-gnu/libmysqlclient.so.21.2.42)
==268755==    by 0x48E4ED1: ??? (in /usr/lib/x86_64-linux-gnu/libmysqlclient.so.21.2.42)
==268755==    by 0x4906CE7: ??? (in /usr/lib/x86_64-linux-gnu/libmysqlclient.so.21.2.42)
==268755==    by 0x48E6082: ??? (in /usr/lib/x86_64-linux-gnu/libmysqlclient.so.21.2.42)
==268755==    by 0x522BEE7: __pthread_once_slow (pthread_once.c:116)
==268755==    by 0x4903155: ??? (in /usr/lib/x86_64-linux-gnu/libmysqlclient.so.21.2.42)
==268755==    by 0x489CBB8: ??? (in /usr/lib/x86_64-linux-gnu/libmysqlclient.so.21.2.42)
==268755==    by 0x489D1FA: ??? (in /usr/lib/x86_64-linux-gnu/libmysqlclient.so.21.2.42)
==268755== 
==268755== 17 bytes in 1 blocks are still reachable in loss record 162 of 2,004
==268755==    at 0x4849013: operator new(unsigned long) (in /usr/libexec/valgrind/vgpreload_memcheck-amd64-linux.so)
==268755==    by 0x130468: __gnu_cxx::new_allocator<char>::allocate(unsigned long, void const*) (new_allocator.h:127)
==268755==    by 0x12F934: allocate (allocator.h:185)
==268755==    by 0x12F934: std::allocator_traits<std::allocator<char> >::allocate(std::allocator<char>&, unsigned long) (alloc_traits.h:464)
==268755==    by 0x12FCCD: std::__cxx11::basic_string<char, std::char_traits<char>, std::allocator<char> >::_M_create(unsigned long&, unsigned long) (basic_string.tcc:153)
==268755==    by 0x4902E5D: ??? (in /usr/lib/x86_64-linux-gnu/libmysqlclient.so.21.2.42)
==268755==    by 0x48E4ED1: ??? (in /usr/lib/x86_64-linux-gnu/libmysqlclient.so.21.2.42)
==268755==    by 0x490704D: ??? (in /usr/lib/x86_64-linux-gnu/libmysqlclient.so.21.2.42)
==268755==    by 0x48E6082: ??? (in /usr/lib/x86_64-linux-gnu/libmysqlclient.so.21.2.42)
==268755==    by 0x522BEE7: __pthread_once_slow (pthread_once.c:116)
==268755==    by 0x4903155: ??? (in /usr/lib/x86_64-linux-gnu/libmysqlclient.so.21.2.42)
==268755==    by 0x489CBB8: ??? (in /usr/lib/x86_64-linux-gnu/libmysqlclient.so.21.2.42)
==268755==    by 0x489D1FA: ??? (in /usr/lib/x86_64-linux-gnu/libmysqlclient.so.21.2.42)
==268755== 
==268755== 17 bytes in 1 blocks are still reachable in loss record 163 of 2,004
==268755==    at 0x4849013: operator new(unsigned long) (in /usr/libexec/valgrind/vgpreload_memcheck-amd64-linux.so)
==268755==    by 0x130468: __gnu_cxx::new_allocator<char>::allocate(unsigned long, void const*) (new_allocator.h:127)
==268755==    by 0x12F934: allocate (allocator.h:185)
==268755==    by 0x12F934: std::allocator_traits<std::allocator<char> >::allocate(std::allocator<char>&, unsigned long) (alloc_traits.h:464)
==268755==    by 0x12FCCD: std::__cxx11::basic_string<char, std::char_traits<char>, std::allocator<char> >::_M_create(unsigned long&, unsigned long) (basic_string.tcc:153)
==268755==    by 0x4902E5D: ??? (in /usr/lib/x86_64-linux-gnu/libmysqlclient.so.21.2.42)
==268755==    by 0x48E4ED1: ??? (in /usr/lib/x86_64-linux-gnu/libmysqlclient.so.21.2.42)
==268755==    by 0x48E5188: ??? (in /usr/lib/x86_64-linux-gnu/libmysqlclient.so.21.2.42)
==268755==    by 0x4907183: ??? (in /usr/lib/x86_64-linux-gnu/libmysqlclient.so.21.2.42)
==268755==    by 0x48E6082: ??? (in /usr/lib/x86_64-linux-gnu/libmysqlclient.so.21.2.42)
==268755==    by 0x522BEE7: __pthread_once_slow (pthread_once.c:116)
==268755==    by 0x4903155: ??? (in /usr/lib/x86_64-linux-gnu/libmysqlclient.so.21.2.42)
==268755==    by 0x489CBB8: ??? (in /usr/lib/x86_64-linux-gnu/libmysqlclient.so.21.2.42)
==268755== 
==268755== 17 bytes in 1 blocks are still reachable in loss record 164 of 2,004
==268755==    at 0x4849013: operator new(unsigned long) (in /usr/libexec/valgrind/vgpreload_memcheck-amd64-linux.so)
==268755==    by 0x130468: __gnu_cxx::new_allocator<char>::allocate(unsigned long, void const*) (new_allocator.h:127)
==268755==    by 0x12F934: allocate (allocator.h:185)
==268755==    by 0x12F934: std::allocator_traits<std::allocator<char> >::allocate(std::allocator<char>&, unsigned long) (alloc_traits.h:464)
==268755==    by 0x12FCCD: std::__cxx11::basic_string<char, std::char_traits<char>, std::allocator<char> >::_M_create(unsigned long&, unsigned long) (basic_string.tcc:153)
==268755==    by 0x4902E5D: ??? (in /usr/lib/x86_64-linux-gnu/libmysqlclient.so.21.2.42)
==268755==    by 0x48E4ED1: ??? (in /usr/lib/x86_64-linux-gnu/libmysqlclient.so.21.2.42)
==268755==    by 0x4908229: ??? (in /usr/lib/x86_64-linux-gnu/libmysqlclient.so.21.2.42)
==268755==    by 0x48E6082: ??? (in /usr/lib/x86_64-linux-gnu/libmysqlclient.so.21.2.42)
==268755==    by 0x522BEE7: __pthread_once_slow (pthread_once.c:116)
==268755==    by 0x4903155: ??? (in /usr/lib/x86_64-linux-gnu/libmysqlclient.so.21.2.42)
==268755==    by 0x489CBB8: ??? (in /usr/lib/x86_64-linux-gnu/libmysqlclient.so.21.2.42)
==268755==    by 0x489D1FA: ??? (in /usr/lib/x86_64-linux-gnu/libmysqlclient.so.21.2.42)
==268755== 
==268755== 17 bytes in 1 blocks are still reachable in loss record 165 of 2,004
==268755==    at 0x4849013: operator new(unsigned long) (in /usr/libexec/valgrind/vgpreload_memcheck-amd64-linux.so)
==268755==    by 0x130468: __gnu_cxx::new_allocator<char>::allocate(unsigned long, void const*) (new_allocator.h:127)
==268755==    by 0x12F934: allocate (allocator.h:185)
==268755==    by 0x12F934: std::allocator_traits<std::allocator<char> >::allocate(std::allocator<char>&, unsigned long) (alloc_traits.h:464)
==268755==    by 0x12FCCD: std::__cxx11::basic_string<char, std::char_traits<char>, std::allocator<char> >::_M_create(unsigned long&, unsigned long) (basic_string.tcc:153)
==268755==    by 0x4902E5D: ??? (in /usr/lib/x86_64-linux-gnu/libmysqlclient.so.21.2.42)
==268755==    by 0x48E4ED1: ??? (in /usr/lib/x86_64-linux-gnu/libmysqlclient.so.21.2.42)
==268755==    by 0x4908331: ??? (in /usr/lib/x86_64-linux-gnu/libmysqlclient.so.21.2.42)
==268755==    by 0x48E6082: ??? (in /usr/lib/x86_64-linux-gnu/libmysqlclient.so.21.2.42)
==268755==    by 0x522BEE7: __pthread_once_slow (pthread_once.c:116)
==268755==    by 0x4903155: ??? (in /usr/lib/x86_64-linux-gnu/libmysqlclient.so.21.2.42)
==268755==    by 0x489CBB8: ??? (in /usr/lib/x86_64-linux-gnu/libmysqlclient.so.21.2.42)
==268755==    by 0x489D1FA: ??? (in /usr/lib/x86_64-linux-gnu/libmysqlclient.so.21.2.42)
==268755== 
==268755== 17 bytes in 1 blocks are still reachable in loss record 166 of 2,004
==268755==    at 0x4849013: operator new(unsigned long) (in /usr/libexec/valgrind/vgpreload_memcheck-amd64-linux.so)
==268755==    by 0x130468: __gnu_cxx::new_allocator<char>::allocate(unsigned long, void const*) (new_allocator.h:127)
==268755==    by 0x12F934: allocate (allocator.h:185)
==268755==    by 0x12F934: std::allocator_traits<std::allocator<char> >::allocate(std::allocator<char>&, unsigned long) (alloc_traits.h:464)
==268755==    by 0x12FCCD: std::__cxx11::basic_string<char, std::char_traits<char>, std::allocator<char> >::_M_create(unsigned long&, unsigned long) (basic_string.tcc:153)
==268755==    by 0x4902E5D: ??? (in /usr/lib/x86_64-linux-gnu/libmysqlclient.so.21.2.42)
==268755==    by 0x48E4ED1: ??? (in /usr/lib/x86_64-linux-gnu/libmysqlclient.so.21.2.42)
==268755==    by 0x48E5188: ??? (in /usr/lib/x86_64-linux-gnu/libmysqlclient.so.21.2.42)
==268755==    by 0x490835F: ??? (in /usr/lib/x86_64-linux-gnu/libmysqlclient.so.21.2.42)
==268755==    by 0x48E6082: ??? (in /usr/lib/x86_64-linux-gnu/libmysqlclient.so.21.2.42)
==268755==    by 0x522BEE7: __pthread_once_slow (pthread_once.c:116)
==268755==    by 0x4903155: ??? (in /usr/lib/x86_64-linux-gnu/libmysqlclient.so.21.2.42)
==268755==    by 0x489CBB8: ??? (in /usr/lib/x86_64-linux-gnu/libmysqlclient.so.21.2.42)
==268755== 
==268755== 17 bytes in 1 blocks are still reachable in loss record 167 of 2,004
==268755==    at 0x4849013: operator new(unsigned long) (in /usr/libexec/valgrind/vgpreload_memcheck-amd64-linux.so)
==268755==    by 0x130468: __gnu_cxx::new_allocator<char>::allocate(unsigned long, void const*) (new_allocator.h:127)
==268755==    by 0x12F934: allocate (allocator.h:185)
==268755==    by 0x12F934: std::allocator_traits<std::allocator<char> >::allocate(std::allocator<char>&, unsigned long) (alloc_traits.h:464)
==268755==    by 0x12FCCD: std::__cxx11::basic_string<char, std::char_traits<char>, std::allocator<char> >::_M_create(unsigned long&, unsigned long) (basic_string.tcc:153)
==268755==    by 0x4902E5D: ??? (in /usr/lib/x86_64-linux-gnu/libmysqlclient.so.21.2.42)
==268755==    by 0x48E4ED1: ??? (in /usr/lib/x86_64-linux-gnu/libmysqlclient.so.21.2.42)
==268755==    by 0x49083C1: ??? (in /usr/lib/x86_64-linux-gnu/libmysqlclient.so.21.2.42)
==268755==    by 0x48E6082: ??? (in /usr/lib/x86_64-linux-gnu/libmysqlclient.so.21.2.42)
==268755==    by 0x522BEE7: __pthread_once_slow (pthread_once.c:116)
==268755==    by 0x4903155: ??? (in /usr/lib/x86_64-linux-gnu/libmysqlclient.so.21.2.42)
==268755==    by 0x489CBB8: ??? (in /usr/lib/x86_64-linux-gnu/libmysqlclient.so.21.2.42)
==268755==    by 0x489D1FA: ??? (in /usr/lib/x86_64-linux-gnu/libmysqlclient.so.21.2.42)
==268755== 
==268755== 17 bytes in 1 blocks are still reachable in loss record 168 of 2,004
==268755==    at 0x4849013: operator new(unsigned long) (in /usr/libexec/valgrind/vgpreload_memcheck-amd64-linux.so)
==268755==    by 0x130468: __gnu_cxx::new_allocator<char>::allocate(unsigned long, void const*) (new_allocator.h:127)
==268755==    by 0x12F934: allocate (allocator.h:185)
==268755==    by 0x12F934: std::allocator_traits<std::allocator<char> >::allocate(std::allocator<char>&, unsigned long) (alloc_traits.h:464)
==268755==    by 0x12FCCD: std::__cxx11::basic_string<char, std::char_traits<char>, std::allocator<char> >::_M_create(unsigned long&, unsigned long) (basic_string.tcc:153)
==268755==    by 0x4902E5D: ??? (in /usr/lib/x86_64-linux-gnu/libmysqlclient.so.21.2.42)
==268755==    by 0x48E4ED1: ??? (in /usr/lib/x86_64-linux-gnu/libmysqlclient.so.21.2.42)
==268755==    by 0x490850B: ??? (in /usr/lib/x86_64-linux-gnu/libmysqlclient.so.21.2.42)
==268755==    by 0x48E6082: ??? (in /usr/lib/x86_64-linux-gnu/libmysqlclient.so.21.2.42)
==268755==    by 0x522BEE7: __pthread_once_slow (pthread_once.c:116)
==268755==    by 0x4903155: ??? (in /usr/lib/x86_64-linux-gnu/libmysqlclient.so.21.2.42)
==268755==    by 0x489CBB8: ??? (in /usr/lib/x86_64-linux-gnu/libmysqlclient.so.21.2.42)
==268755==    by 0x489D1FA: ??? (in /usr/lib/x86_64-linux-gnu/libmysqlclient.so.21.2.42)
==268755== 
==268755== 17 bytes in 1 blocks are still reachable in loss record 169 of 2,004
==268755==    at 0x4849013: operator new(unsigned long) (in /usr/libexec/valgrind/vgpreload_memcheck-amd64-linux.so)
==268755==    by 0x130468: __gnu_cxx::new_allocator<char>::allocate(unsigned long, void const*) (new_allocator.h:127)
==268755==    by 0x12F934: allocate (allocator.h:185)
==268755==    by 0x12F934: std::allocator_traits<std::allocator<char> >::allocate(std::allocator<char>&, unsigned long) (alloc_traits.h:464)
==268755==    by 0x12FCCD: std::__cxx11::basic_string<char, std::char_traits<char>, std::allocator<char> >::_M_create(unsigned long&, unsigned long) (basic_string.tcc:153)
==268755==    by 0x4902E5D: ??? (in /usr/lib/x86_64-linux-gnu/libmysqlclient.so.21.2.42)
==268755==    by 0x48E4ED1: ??? (in /usr/lib/x86_64-linux-gnu/libmysqlclient.so.21.2.42)
==268755==    by 0x490854D: ??? (in /usr/lib/x86_64-linux-gnu/libmysqlclient.so.21.2.42)
==268755==    by 0x48E6082: ??? (in /usr/lib/x86_64-linux-gnu/libmysqlclient.so.21.2.42)
==268755==    by 0x522BEE7: __pthread_once_slow (pthread_once.c:116)
==268755==    by 0x4903155: ??? (in /usr/lib/x86_64-linux-gnu/libmysqlclient.so.21.2.42)
==268755==    by 0x489CBB8: ??? (in /usr/lib/x86_64-linux-gnu/libmysqlclient.so.21.2.42)
==268755==    by 0x489D1FA: ??? (in /usr/lib/x86_64-linux-gnu/libmysqlclient.so.21.2.42)
==268755== 
==268755== 17 bytes in 1 blocks are still reachable in loss record 170 of 2,004
==268755==    at 0x4849013: operator new(unsigned long) (in /usr/libexec/valgrind/vgpreload_memcheck-amd64-linux.so)
==268755==    by 0x130468: __gnu_cxx::new_allocator<char>::allocate(unsigned long, void const*) (new_allocator.h:127)
==268755==    by 0x12F934: allocate (allocator.h:185)
==268755==    by 0x12F934: std::allocator_traits<std::allocator<char> >::allocate(std::allocator<char>&, unsigned long) (alloc_traits.h:464)
==268755==    by 0x12FCCD: std::__cxx11::basic_string<char, std::char_traits<char>, std::allocator<char> >::_M_create(unsigned long&, unsigned long) (basic_string.tcc:153)
==268755==    by 0x4902E5D: ??? (in /usr/lib/x86_64-linux-gnu/libmysqlclient.so.21.2.42)
==268755==    by 0x48E4ED1: ??? (in /usr/lib/x86_64-linux-gnu/libmysqlclient.so.21.2.42)
==268755==    by 0x48E5188: ??? (in /usr/lib/x86_64-linux-gnu/libmysqlclient.so.21.2.42)
==268755==    by 0x490857B: ??? (in /usr/lib/x86_64-linux-gnu/libmysqlclient.so.21.2.42)
==268755==    by 0x48E6082: ??? (in /usr/lib/x86_64-linux-gnu/libmysqlclient.so.21.2.42)
==268755==    by 0x522BEE7: __pthread_once_slow (pthread_once.c:116)
==268755==    by 0x4903155: ??? (in /usr/lib/x86_64-linux-gnu/libmysqlclient.so.21.2.42)
==268755==    by 0x489CBB8: ??? (in /usr/lib/x86_64-linux-gnu/libmysqlclient.so.21.2.42)
==268755== 
==268755== 17 bytes in 1 blocks are still reachable in loss record 171 of 2,004
==268755==    at 0x4849013: operator new(unsigned long) (in /usr/libexec/valgrind/vgpreload_memcheck-amd64-linux.so)
==268755==    by 0x130468: __gnu_cxx::new_allocator<char>::allocate(unsigned long, void const*) (new_allocator.h:127)
==268755==    by 0x12F934: allocate (allocator.h:185)
==268755==    by 0x12F934: std::allocator_traits<std::allocator<char> >::allocate(std::allocator<char>&, unsigned long) (alloc_traits.h:464)
==268755==    by 0x12FCCD: std::__cxx11::basic_string<char, std::char_traits<char>, std::allocator<char> >::_M_create(unsigned long&, unsigned long) (basic_string.tcc:153)
==268755==    by 0x4902E5D: ??? (in /usr/lib/x86_64-linux-gnu/libmysqlclient.so.21.2.42)
==268755==    by 0x48E4ED1: ??? (in /usr/lib/x86_64-linux-gnu/libmysqlclient.so.21.2.42)
==268755==    by 0x4908727: ??? (in /usr/lib/x86_64-linux-gnu/libmysqlclient.so.21.2.42)
==268755==    by 0x48E6082: ??? (in /usr/lib/x86_64-linux-gnu/libmysqlclient.so.21.2.42)
==268755==    by 0x522BEE7: __pthread_once_slow (pthread_once.c:116)
==268755==    by 0x4903155: ??? (in /usr/lib/x86_64-linux-gnu/libmysqlclient.so.21.2.42)
==268755==    by 0x489CBB8: ??? (in /usr/lib/x86_64-linux-gnu/libmysqlclient.so.21.2.42)
==268755==    by 0x489D1FA: ??? (in /usr/lib/x86_64-linux-gnu/libmysqlclient.so.21.2.42)
==268755== 
==268755== 17 bytes in 1 blocks are still reachable in loss record 172 of 2,004
==268755==    at 0x4849013: operator new(unsigned long) (in /usr/libexec/valgrind/vgpreload_memcheck-amd64-linux.so)
==268755==    by 0x130468: __gnu_cxx::new_allocator<char>::allocate(unsigned long, void const*) (new_allocator.h:127)
==268755==    by 0x12F934: allocate (allocator.h:185)
==268755==    by 0x12F934: std::allocator_traits<std::allocator<char> >::allocate(std::allocator<char>&, unsigned long) (alloc_traits.h:464)
==268755==    by 0x12FCCD: std::__cxx11::basic_string<char, std::char_traits<char>, std::allocator<char> >::_M_create(unsigned long&, unsigned long) (basic_string.tcc:153)
==268755==    by 0x4902E5D: ??? (in /usr/lib/x86_64-linux-gnu/libmysqlclient.so.21.2.42)
==268755==    by 0x48E4ED1: ??? (in /usr/lib/x86_64-linux-gnu/libmysqlclient.so.21.2.42)
==268755==    by 0x490882F: ??? (in /usr/lib/x86_64-linux-gnu/libmysqlclient.so.21.2.42)
==268755==    by 0x48E6082: ??? (in /usr/lib/x86_64-linux-gnu/libmysqlclient.so.21.2.42)
==268755==    by 0x522BEE7: __pthread_once_slow (pthread_once.c:116)
==268755==    by 0x4903155: ??? (in /usr/lib/x86_64-linux-gnu/libmysqlclient.so.21.2.42)
==268755==    by 0x489CBB8: ??? (in /usr/lib/x86_64-linux-gnu/libmysqlclient.so.21.2.42)
==268755==    by 0x489D1FA: ??? (in /usr/lib/x86_64-linux-gnu/libmysqlclient.so.21.2.42)
==268755== 
==268755== 17 bytes in 1 blocks are still reachable in loss record 173 of 2,004
==268755==    at 0x4849013: operator new(unsigned long) (in /usr/libexec/valgrind/vgpreload_memcheck-amd64-linux.so)
==268755==    by 0x130468: __gnu_cxx::new_allocator<char>::allocate(unsigned long, void const*) (new_allocator.h:127)
==268755==    by 0x12F934: allocate (allocator.h:185)
==268755==    by 0x12F934: std::allocator_traits<std::allocator<char> >::allocate(std::allocator<char>&, unsigned long) (alloc_traits.h:464)
==268755==    by 0x12FCCD: std::__cxx11::basic_string<char, std::char_traits<char>, std::allocator<char> >::_M_create(unsigned long&, unsigned long) (basic_string.tcc:153)
==268755==    by 0x4902E5D: ??? (in /usr/lib/x86_64-linux-gnu/libmysqlclient.so.21.2.42)
==268755==    by 0x48E4ED1: ??? (in /usr/lib/x86_64-linux-gnu/libmysqlclient.so.21.2.42)
==268755==    by 0x49088BF: ??? (in /usr/lib/x86_64-linux-gnu/libmysqlclient.so.21.2.42)
==268755==    by 0x48E6082: ??? (in /usr/lib/x86_64-linux-gnu/libmysqlclient.so.21.2.42)
==268755==    by 0x522BEE7: __pthread_once_slow (pthread_once.c:116)
==268755==    by 0x4903155: ??? (in /usr/lib/x86_64-linux-gnu/libmysqlclient.so.21.2.42)
==268755==    by 0x489CBB8: ??? (in /usr/lib/x86_64-linux-gnu/libmysqlclient.so.21.2.42)
==268755==    by 0x489D1FA: ??? (in /usr/lib/x86_64-linux-gnu/libmysqlclient.so.21.2.42)
==268755== 
==268755== 17 bytes in 1 blocks are still reachable in loss record 174 of 2,004
==268755==    at 0x4849013: operator new(unsigned long) (in /usr/libexec/valgrind/vgpreload_memcheck-amd64-linux.so)
==268755==    by 0x130468: __gnu_cxx::new_allocator<char>::allocate(unsigned long, void const*) (new_allocator.h:127)
==268755==    by 0x12F934: allocate (allocator.h:185)
==268755==    by 0x12F934: std::allocator_traits<std::allocator<char> >::allocate(std::allocator<char>&, unsigned long) (alloc_traits.h:464)
==268755==    by 0x12FCCD: std::__cxx11::basic_string<char, std::char_traits<char>, std::allocator<char> >::_M_create(unsigned long&, unsigned long) (basic_string.tcc:153)
==268755==    by 0x4902E5D: ??? (in /usr/lib/x86_64-linux-gnu/libmysqlclient.so.21.2.42)
==268755==    by 0x48E4ED1: ??? (in /usr/lib/x86_64-linux-gnu/libmysqlclient.so.21.2.42)
==268755==    by 0x490890D: ??? (in /usr/lib/x86_64-linux-gnu/libmysqlclient.so.21.2.42)
==268755==    by 0x48E6082: ??? (in /usr/lib/x86_64-linux-gnu/libmysqlclient.so.21.2.42)
==268755==    by 0x522BEE7: __pthread_once_slow (pthread_once.c:116)
==268755==    by 0x4903155: ??? (in /usr/lib/x86_64-linux-gnu/libmysqlclient.so.21.2.42)
==268755==    by 0x489CBB8: ??? (in /usr/lib/x86_64-linux-gnu/libmysqlclient.so.21.2.42)
==268755==    by 0x489D1FA: ??? (in /usr/lib/x86_64-linux-gnu/libmysqlclient.so.21.2.42)
==268755== 
==268755== 17 bytes in 1 blocks are still reachable in loss record 175 of 2,004
==268755==    at 0x4849013: operator new(unsigned long) (in /usr/libexec/valgrind/vgpreload_memcheck-amd64-linux.so)
==268755==    by 0x130468: __gnu_cxx::new_allocator<char>::allocate(unsigned long, void const*) (new_allocator.h:127)
==268755==    by 0x12F934: allocate (allocator.h:185)
==268755==    by 0x12F934: std::allocator_traits<std::allocator<char> >::allocate(std::allocator<char>&, unsigned long) (alloc_traits.h:464)
==268755==    by 0x12FCCD: std::__cxx11::basic_string<char, std::char_traits<char>, std::allocator<char> >::_M_create(unsigned long&, unsigned long) (basic_string.tcc:153)
==268755==    by 0x4902E5D: ??? (in /usr/lib/x86_64-linux-gnu/libmysqlclient.so.21.2.42)
==268755==    by 0x48E4ED1: ??? (in /usr/lib/x86_64-linux-gnu/libmysqlclient.so.21.2.42)
==268755==    by 0x490894F: ??? (in /usr/lib/x86_64-linux-gnu/libmysqlclient.so.21.2.42)
==268755==    by 0x48E6082: ??? (in /usr/lib/x86_64-linux-gnu/libmysqlclient.so.21.2.42)
==268755==    by 0x522BEE7: __pthread_once_slow (pthread_once.c:116)
==268755==    by 0x4903155: ??? (in /usr/lib/x86_64-linux-gnu/libmysqlclient.so.21.2.42)
==268755==    by 0x489CBB8: ??? (in /usr/lib/x86_64-linux-gnu/libmysqlclient.so.21.2.42)
==268755==    by 0x489D1FA: ??? (in /usr/lib/x86_64-linux-gnu/libmysqlclient.so.21.2.42)
==268755== 
==268755== 17 bytes in 1 blocks are still reachable in loss record 176 of 2,004
==268755==    at 0x4849013: operator new(unsigned long) (in /usr/libexec/valgrind/vgpreload_memcheck-amd64-linux.so)
==268755==    by 0x130468: __gnu_cxx::new_allocator<char>::allocate(unsigned long, void const*) (new_allocator.h:127)
==268755==    by 0x12F934: allocate (allocator.h:185)
==268755==    by 0x12F934: std::allocator_traits<std::allocator<char> >::allocate(std::allocator<char>&, unsigned long) (alloc_traits.h:464)
==268755==    by 0x12FCCD: std::__cxx11::basic_string<char, std::char_traits<char>, std::allocator<char> >::_M_create(unsigned long&, unsigned long) (basic_string.tcc:153)
==268755==    by 0x4902E5D: ??? (in /usr/lib/x86_64-linux-gnu/libmysqlclient.so.21.2.42)
==268755==    by 0x48E4ED1: ??? (in /usr/lib/x86_64-linux-gnu/libmysqlclient.so.21.2.42)
==268755==    by 0x490899D: ??? (in /usr/lib/x86_64-linux-gnu/libmysqlclient.so.21.2.42)
==268755==    by 0x48E6082: ??? (in /usr/lib/x86_64-linux-gnu/libmysqlclient.so.21.2.42)
==268755==    by 0x522BEE7: __pthread_once_slow (pthread_once.c:116)
==268755==    by 0x4903155: ??? (in /usr/lib/x86_64-linux-gnu/libmysqlclient.so.21.2.42)
==268755==    by 0x489CBB8: ??? (in /usr/lib/x86_64-linux-gnu/libmysqlclient.so.21.2.42)
==268755==    by 0x489D1FA: ??? (in /usr/lib/x86_64-linux-gnu/libmysqlclient.so.21.2.42)
==268755== 
==268755== 17 bytes in 1 blocks are still reachable in loss record 177 of 2,004
==268755==    at 0x4849013: operator new(unsigned long) (in /usr/libexec/valgrind/vgpreload_memcheck-amd64-linux.so)
==268755==    by 0x130468: __gnu_cxx::new_allocator<char>::allocate(unsigned long, void const*) (new_allocator.h:127)
==268755==    by 0x12F934: allocate (allocator.h:185)
==268755==    by 0x12F934: std::allocator_traits<std::allocator<char> >::allocate(std::allocator<char>&, unsigned long) (alloc_traits.h:464)
==268755==    by 0x12FCCD: std::__cxx11::basic_string<char, std::char_traits<char>, std::allocator<char> >::_M_create(unsigned long&, unsigned long) (basic_string.tcc:153)
==268755==    by 0x4902E5D: ??? (in /usr/lib/x86_64-linux-gnu/libmysqlclient.so.21.2.42)
==268755==    by 0x48E4ED1: ??? (in /usr/lib/x86_64-linux-gnu/libmysqlclient.so.21.2.42)
==268755==    by 0x4908A45: ??? (in /usr/lib/x86_64-linux-gnu/libmysqlclient.so.21.2.42)
==268755==    by 0x48E6082: ??? (in /usr/lib/x86_64-linux-gnu/libmysqlclient.so.21.2.42)
==268755==    by 0x522BEE7: __pthread_once_slow (pthread_once.c:116)
==268755==    by 0x4903155: ??? (in /usr/lib/x86_64-linux-gnu/libmysqlclient.so.21.2.42)
==268755==    by 0x489CBB8: ??? (in /usr/lib/x86_64-linux-gnu/libmysqlclient.so.21.2.42)
==268755==    by 0x489D1FA: ??? (in /usr/lib/x86_64-linux-gnu/libmysqlclient.so.21.2.42)
==268755== 
==268755== 17 bytes in 1 blocks are still reachable in loss record 178 of 2,004
==268755==    at 0x4849013: operator new(unsigned long) (in /usr/libexec/valgrind/vgpreload_memcheck-amd64-linux.so)
==268755==    by 0x130468: __gnu_cxx::new_allocator<char>::allocate(unsigned long, void const*) (new_allocator.h:127)
==268755==    by 0x12F934: allocate (allocator.h:185)
==268755==    by 0x12F934: std::allocator_traits<std::allocator<char> >::allocate(std::allocator<char>&, unsigned long) (alloc_traits.h:464)
==268755==    by 0x12FCCD: std::__cxx11::basic_string<char, std::char_traits<char>, std::allocator<char> >::_M_create(unsigned long&, unsigned long) (basic_string.tcc:153)
==268755==    by 0x4902E5D: ??? (in /usr/lib/x86_64-linux-gnu/libmysqlclient.so.21.2.42)
==268755==    by 0x48E4ED1: ??? (in /usr/lib/x86_64-linux-gnu/libmysqlclient.so.21.2.42)
==268755==    by 0x4908A87: ??? (in /usr/lib/x86_64-linux-gnu/libmysqlclient.so.21.2.42)
==268755==    by 0x48E6082: ??? (in /usr/lib/x86_64-linux-gnu/libmysqlclient.so.21.2.42)
==268755==    by 0x522BEE7: __pthread_once_slow (pthread_once.c:116)
==268755==    by 0x4903155: ??? (in /usr/lib/x86_64-linux-gnu/libmysqlclient.so.21.2.42)
==268755==    by 0x489CBB8: ??? (in /usr/lib/x86_64-linux-gnu/libmysqlclient.so.21.2.42)
==268755==    by 0x489D1FA: ??? (in /usr/lib/x86_64-linux-gnu/libmysqlclient.so.21.2.42)
==268755== 
==268755== 17 bytes in 1 blocks are still reachable in loss record 179 of 2,004
==268755==    at 0x4849013: operator new(unsigned long) (in /usr/libexec/valgrind/vgpreload_memcheck-amd64-linux.so)
==268755==    by 0x130468: __gnu_cxx::new_allocator<char>::allocate(unsigned long, void const*) (new_allocator.h:127)
==268755==    by 0x12F934: allocate (allocator.h:185)
==268755==    by 0x12F934: std::allocator_traits<std::allocator<char> >::allocate(std::allocator<char>&, unsigned long) (alloc_traits.h:464)
==268755==    by 0x12FCCD: std::__cxx11::basic_string<char, std::char_traits<char>, std::allocator<char> >::_M_create(unsigned long&, unsigned long) (basic_string.tcc:153)
==268755==    by 0x4902E5D: ??? (in /usr/lib/x86_64-linux-gnu/libmysqlclient.so.21.2.42)
==268755==    by 0x48E4ED1: ??? (in /usr/lib/x86_64-linux-gnu/libmysqlclient.so.21.2.42)
==268755==    by 0x4908AC9: ??? (in /usr/lib/x86_64-linux-gnu/libmysqlclient.so.21.2.42)
==268755==    by 0x48E6082: ??? (in /usr/lib/x86_64-linux-gnu/libmysqlclient.so.21.2.42)
==268755==    by 0x522BEE7: __pthread_once_slow (pthread_once.c:116)
==268755==    by 0x4903155: ??? (in /usr/lib/x86_64-linux-gnu/libmysqlclient.so.21.2.42)
==268755==    by 0x489CBB8: ??? (in /usr/lib/x86_64-linux-gnu/libmysqlclient.so.21.2.42)
==268755==    by 0x489D1FA: ??? (in /usr/lib/x86_64-linux-gnu/libmysqlclient.so.21.2.42)
==268755== 
==268755== 17 bytes in 1 blocks are still reachable in loss record 180 of 2,004
==268755==    at 0x4849013: operator new(unsigned long) (in /usr/libexec/valgrind/vgpreload_memcheck-amd64-linux.so)
==268755==    by 0x130468: __gnu_cxx::new_allocator<char>::allocate(unsigned long, void const*) (new_allocator.h:127)
==268755==    by 0x12F934: allocate (allocator.h:185)
==268755==    by 0x12F934: std::allocator_traits<std::allocator<char> >::allocate(std::allocator<char>&, unsigned long) (alloc_traits.h:464)
==268755==    by 0x12FCCD: std::__cxx11::basic_string<char, std::char_traits<char>, std::allocator<char> >::_M_create(unsigned long&, unsigned long) (basic_string.tcc:153)
==268755==    by 0x4902E5D: ??? (in /usr/lib/x86_64-linux-gnu/libmysqlclient.so.21.2.42)
==268755==    by 0x48E4ED1: ??? (in /usr/lib/x86_64-linux-gnu/libmysqlclient.so.21.2.42)
==268755==    by 0x48E5188: ??? (in /usr/lib/x86_64-linux-gnu/libmysqlclient.so.21.2.42)
==268755==    by 0x4908C4D: ??? (in /usr/lib/x86_64-linux-gnu/libmysqlclient.so.21.2.42)
==268755==    by 0x48E6082: ??? (in /usr/lib/x86_64-linux-gnu/libmysqlclient.so.21.2.42)
==268755==    by 0x522BEE7: __pthread_once_slow (pthread_once.c:116)
==268755==    by 0x4903155: ??? (in /usr/lib/x86_64-linux-gnu/libmysqlclient.so.21.2.42)
==268755==    by 0x489CBB8: ??? (in /usr/lib/x86_64-linux-gnu/libmysqlclient.so.21.2.42)
==268755== 
==268755== 17 bytes in 1 blocks are still reachable in loss record 181 of 2,004
==268755==    at 0x4849013: operator new(unsigned long) (in /usr/libexec/valgrind/vgpreload_memcheck-amd64-linux.so)
==268755==    by 0x130468: __gnu_cxx::new_allocator<char>::allocate(unsigned long, void const*) (new_allocator.h:127)
==268755==    by 0x12F934: allocate (allocator.h:185)
==268755==    by 0x12F934: std::allocator_traits<std::allocator<char> >::allocate(std::allocator<char>&, unsigned long) (alloc_traits.h:464)
==268755==    by 0x12FCCD: std::__cxx11::basic_string<char, std::char_traits<char>, std::allocator<char> >::_M_create(unsigned long&, unsigned long) (basic_string.tcc:153)
==268755==    by 0x4902E5D: ??? (in /usr/lib/x86_64-linux-gnu/libmysqlclient.so.21.2.42)
==268755==    by 0x48E4ED1: ??? (in /usr/lib/x86_64-linux-gnu/libmysqlclient.so.21.2.42)
==268755==    by 0x4908CFD: ??? (in /usr/lib/x86_64-linux-gnu/libmysqlclient.so.21.2.42)
==268755==    by 0x48E6082: ??? (in /usr/lib/x86_64-linux-gnu/libmysqlclient.so.21.2.42)
==268755==    by 0x522BEE7: __pthread_once_slow (pthread_once.c:116)
==268755==    by 0x4903155: ??? (in /usr/lib/x86_64-linux-gnu/libmysqlclient.so.21.2.42)
==268755==    by 0x489CBB8: ??? (in /usr/lib/x86_64-linux-gnu/libmysqlclient.so.21.2.42)
==268755==    by 0x489D1FA: ??? (in /usr/lib/x86_64-linux-gnu/libmysqlclient.so.21.2.42)
==268755== 
==268755== 18 bytes in 1 blocks are still reachable in loss record 182 of 2,004
==268755==    at 0x4848899: malloc (in /usr/libexec/valgrind/vgpreload_memcheck-amd64-linux.so)
==268755==    by 0x5646C42: ??? (in /usr/lib/x86_64-linux-gnu/libcrypto.so.3)
==268755==    by 0x5615559: ??? (in /usr/lib/x86_64-linux-gnu/libcrypto.so.3)
==268755==    by 0x56155BC: ??? (in /usr/lib/x86_64-linux-gnu/libcrypto.so.3)
==268755==    by 0x522BEE7: __pthread_once_slow (pthread_once.c:116)
==268755==    by 0x5621C9C: CRYPTO_THREAD_run_once (in /usr/lib/x86_64-linux-gnu/libcrypto.so.3)
==268755==    by 0x561A822: ??? (in /usr/lib/x86_64-linux-gnu/libcrypto.so.3)
==268755==    by 0x553AA03: BIO_new_ex (in /usr/lib/x86_64-linux-gnu/libcrypto.so.3)
==268755==    by 0x55411E5: BIO_new_file (in /usr/lib/x86_64-linux-gnu/libcrypto.so.3)
==268755==    by 0x557834D: ??? (in /usr/lib/x86_64-linux-gnu/libcrypto.so.3)
==268755==    by 0x5578FB1: CONF_modules_load_file_ex (in /usr/lib/x86_64-linux-gnu/libcrypto.so.3)
==268755==    by 0x561E19F: ??? (in /usr/lib/x86_64-linux-gnu/libcrypto.so.3)
==268755== 
==268755== 18 bytes in 1 blocks are still reachable in loss record 183 of 2,004
==268755==    at 0x4849013: operator new(unsigned long) (in /usr/libexec/valgrind/vgpreload_memcheck-amd64-linux.so)
==268755==    by 0x130468: __gnu_cxx::new_allocator<char>::allocate(unsigned long, void const*) (new_allocator.h:127)
==268755==    by 0x12F934: allocate (allocator.h:185)
==268755==    by 0x12F934: std::allocator_traits<std::allocator<char> >::allocate(std::allocator<char>&, unsigned long) (alloc_traits.h:464)
==268755==    by 0x12FCCD: std::__cxx11::basic_string<char, std::char_traits<char>, std::allocator<char> >::_M_create(unsigned long&, unsigned long) (basic_string.tcc:153)
==268755==    by 0x4902E5D: ??? (in /usr/lib/x86_64-linux-gnu/libmysqlclient.so.21.2.42)
==268755==    by 0x48E4ED1: ??? (in /usr/lib/x86_64-linux-gnu/libmysqlclient.so.21.2.42)
==268755==    by 0x4905AC3: ??? (in /usr/lib/x86_64-linux-gnu/libmysqlclient.so.21.2.42)
==268755==    by 0x48E6082: ??? (in /usr/lib/x86_64-linux-gnu/libmysqlclient.so.21.2.42)
==268755==    by 0x522BEE7: __pthread_once_slow (pthread_once.c:116)
==268755==    by 0x4903155: ??? (in /usr/lib/x86_64-linux-gnu/libmysqlclient.so.21.2.42)
==268755==    by 0x489CBB8: ??? (in /usr/lib/x86_64-linux-gnu/libmysqlclient.so.21.2.42)
==268755==    by 0x489D1FA: ??? (in /usr/lib/x86_64-linux-gnu/libmysqlclient.so.21.2.42)
==268755== 
==268755== 18 bytes in 1 blocks are still reachable in loss record 184 of 2,004
==268755==    at 0x4849013: operator new(unsigned long) (in /usr/libexec/valgrind/vgpreload_memcheck-amd64-linux.so)
==268755==    by 0x130468: __gnu_cxx::new_allocator<char>::allocate(unsigned long, void const*) (new_allocator.h:127)
==268755==    by 0x12F934: allocate (allocator.h:185)
==268755==    by 0x12F934: std::allocator_traits<std::allocator<char> >::allocate(std::allocator<char>&, unsigned long) (alloc_traits.h:464)
==268755==    by 0x12FCCD: std::__cxx11::basic_string<char, std::char_traits<char>, std::allocator<char> >::_M_create(unsigned long&, unsigned long) (basic_string.tcc:153)
==268755==    by 0x4902E5D: ??? (in /usr/lib/x86_64-linux-gnu/libmysqlclient.so.21.2.42)
==268755==    by 0x48E4ED1: ??? (in /usr/lib/x86_64-linux-gnu/libmysqlclient.so.21.2.42)
==268755==    by 0x4905B47: ??? (in /usr/lib/x86_64-linux-gnu/libmysqlclient.so.21.2.42)
==268755==    by 0x48E6082: ??? (in /usr/lib/x86_64-linux-gnu/libmysqlclient.so.21.2.42)
==268755==    by 0x522BEE7: __pthread_once_slow (pthread_once.c:116)
==268755==    by 0x4903155: ??? (in /usr/lib/x86_64-linux-gnu/libmysqlclient.so.21.2.42)
==268755==    by 0x489CBB8: ??? (in /usr/lib/x86_64-linux-gnu/libmysqlclient.so.21.2.42)
==268755==    by 0x489D1FA: ??? (in /usr/lib/x86_64-linux-gnu/libmysqlclient.so.21.2.42)
==268755== 
==268755== 18 bytes in 1 blocks are still reachable in loss record 185 of 2,004
==268755==    at 0x4849013: operator new(unsigned long) (in /usr/libexec/valgrind/vgpreload_memcheck-amd64-linux.so)
==268755==    by 0x130468: __gnu_cxx::new_allocator<char>::allocate(unsigned long, void const*) (new_allocator.h:127)
==268755==    by 0x12F934: allocate (allocator.h:185)
==268755==    by 0x12F934: std::allocator_traits<std::allocator<char> >::allocate(std::allocator<char>&, unsigned long) (alloc_traits.h:464)
==268755==    by 0x12FCCD: std::__cxx11::basic_string<char, std::char_traits<char>, std::allocator<char> >::_M_create(unsigned long&, unsigned long) (basic_string.tcc:153)
==268755==    by 0x4902E5D: ??? (in /usr/lib/x86_64-linux-gnu/libmysqlclient.so.21.2.42)
==268755==    by 0x48E4ED1: ??? (in /usr/lib/x86_64-linux-gnu/libmysqlclient.so.21.2.42)
==268755==    by 0x4905C4F: ??? (in /usr/lib/x86_64-linux-gnu/libmysqlclient.so.21.2.42)
==268755==    by 0x48E6082: ??? (in /usr/lib/x86_64-linux-gnu/libmysqlclient.so.21.2.42)
==268755==    by 0x522BEE7: __pthread_once_slow (pthread_once.c:116)
==268755==    by 0x4903155: ??? (in /usr/lib/x86_64-linux-gnu/libmysqlclient.so.21.2.42)
==268755==    by 0x489CBB8: ??? (in /usr/lib/x86_64-linux-gnu/libmysqlclient.so.21.2.42)
==268755==    by 0x489D1FA: ??? (in /usr/lib/x86_64-linux-gnu/libmysqlclient.so.21.2.42)
==268755== 
==268755== 18 bytes in 1 blocks are still reachable in loss record 186 of 2,004
==268755==    at 0x4849013: operator new(unsigned long) (in /usr/libexec/valgrind/vgpreload_memcheck-amd64-linux.so)
==268755==    by 0x130468: __gnu_cxx::new_allocator<char>::allocate(unsigned long, void const*) (new_allocator.h:127)
==268755==    by 0x12F934: allocate (allocator.h:185)
==268755==    by 0x12F934: std::allocator_traits<std::allocator<char> >::allocate(std::allocator<char>&, unsigned long) (alloc_traits.h:464)
==268755==    by 0x12FCCD: std::__cxx11::basic_string<char, std::char_traits<char>, std::allocator<char> >::_M_create(unsigned long&, unsigned long) (basic_string.tcc:153)
==268755==    by 0x4902E5D: ??? (in /usr/lib/x86_64-linux-gnu/libmysqlclient.so.21.2.42)
==268755==    by 0x48E4ED1: ??? (in /usr/lib/x86_64-linux-gnu/libmysqlclient.so.21.2.42)
==268755==    by 0x4905DE7: ??? (in /usr/lib/x86_64-linux-gnu/libmysqlclient.so.21.2.42)
==268755==    by 0x48E6082: ??? (in /usr/lib/x86_64-linux-gnu/libmysqlclient.so.21.2.42)
==268755==    by 0x522BEE7: __pthread_once_slow (pthread_once.c:116)
==268755==    by 0x4903155: ??? (in /usr/lib/x86_64-linux-gnu/libmysqlclient.so.21.2.42)
==268755==    by 0x489CBB8: ??? (in /usr/lib/x86_64-linux-gnu/libmysqlclient.so.21.2.42)
==268755==    by 0x489D1FA: ??? (in /usr/lib/x86_64-linux-gnu/libmysqlclient.so.21.2.42)
==268755== 
==268755== 18 bytes in 1 blocks are still reachable in loss record 187 of 2,004
==268755==    at 0x4849013: operator new(unsigned long) (in /usr/libexec/valgrind/vgpreload_memcheck-amd64-linux.so)
==268755==    by 0x130468: __gnu_cxx::new_allocator<char>::allocate(unsigned long, void const*) (new_allocator.h:127)
==268755==    by 0x12F934: allocate (allocator.h:185)
==268755==    by 0x12F934: std::allocator_traits<std::allocator<char> >::allocate(std::allocator<char>&, unsigned long) (alloc_traits.h:464)
==268755==    by 0x12FCCD: std::__cxx11::basic_string<char, std::char_traits<char>, std::allocator<char> >::_M_create(unsigned long&, unsigned long) (basic_string.tcc:153)
==268755==    by 0x4902E5D: ??? (in /usr/lib/x86_64-linux-gnu/libmysqlclient.so.21.2.42)
==268755==    by 0x48E4ED1: ??? (in /usr/lib/x86_64-linux-gnu/libmysqlclient.so.21.2.42)
==268755==    by 0x490619B: ??? (in /usr/lib/x86_64-linux-gnu/libmysqlclient.so.21.2.42)
==268755==    by 0x48E6082: ??? (in /usr/lib/x86_64-linux-gnu/libmysqlclient.so.21.2.42)
==268755==    by 0x522BEE7: __pthread_once_slow (pthread_once.c:116)
==268755==    by 0x4903155: ??? (in /usr/lib/x86_64-linux-gnu/libmysqlclient.so.21.2.42)
==268755==    by 0x489CBB8: ??? (in /usr/lib/x86_64-linux-gnu/libmysqlclient.so.21.2.42)
==268755==    by 0x489D1FA: ??? (in /usr/lib/x86_64-linux-gnu/libmysqlclient.so.21.2.42)
==268755== 
==268755== 18 bytes in 1 blocks are still reachable in loss record 188 of 2,004
==268755==    at 0x4849013: operator new(unsigned long) (in /usr/libexec/valgrind/vgpreload_memcheck-amd64-linux.so)
==268755==    by 0x130468: __gnu_cxx::new_allocator<char>::allocate(unsigned long, void const*) (new_allocator.h:127)
==268755==    by 0x12F934: allocate (allocator.h:185)
==268755==    by 0x12F934: std::allocator_traits<std::allocator<char> >::allocate(std::allocator<char>&, unsigned long) (alloc_traits.h:464)
==268755==    by 0x12FCCD: std::__cxx11::basic_string<char, std::char_traits<char>, std::allocator<char> >::_M_create(unsigned long&, unsigned long) (basic_string.tcc:153)
==268755==    by 0x4902E5D: ??? (in /usr/lib/x86_64-linux-gnu/libmysqlclient.so.21.2.42)
==268755==    by 0x48E4ED1: ??? (in /usr/lib/x86_64-linux-gnu/libmysqlclient.so.21.2.42)
==268755==    by 0x490622B: ??? (in /usr/lib/x86_64-linux-gnu/libmysqlclient.so.21.2.42)
==268755==    by 0x48E6082: ??? (in /usr/lib/x86_64-linux-gnu/libmysqlclient.so.21.2.42)
==268755==    by 0x522BEE7: __pthread_once_slow (pthread_once.c:116)
==268755==    by 0x4903155: ??? (in /usr/lib/x86_64-linux-gnu/libmysqlclient.so.21.2.42)
==268755==    by 0x489CBB8: ??? (in /usr/lib/x86_64-linux-gnu/libmysqlclient.so.21.2.42)
==268755==    by 0x489D1FA: ??? (in /usr/lib/x86_64-linux-gnu/libmysqlclient.so.21.2.42)
==268755== 
==268755== 18 bytes in 1 blocks are still reachable in loss record 189 of 2,004
==268755==    at 0x4849013: operator new(unsigned long) (in /usr/libexec/valgrind/vgpreload_memcheck-amd64-linux.so)
==268755==    by 0x130468: __gnu_cxx::new_allocator<char>::allocate(unsigned long, void const*) (new_allocator.h:127)
==268755==    by 0x12F934: allocate (allocator.h:185)
==268755==    by 0x12F934: std::allocator_traits<std::allocator<char> >::allocate(std::allocator<char>&, unsigned long) (alloc_traits.h:464)
==268755==    by 0x12FCCD: std::__cxx11::basic_string<char, std::char_traits<char>, std::allocator<char> >::_M_create(unsigned long&, unsigned long) (basic_string.tcc:153)
==268755==    by 0x4902E5D: ??? (in /usr/lib/x86_64-linux-gnu/libmysqlclient.so.21.2.42)
==268755==    by 0x48E4ED1: ??? (in /usr/lib/x86_64-linux-gnu/libmysqlclient.so.21.2.42)
==268755==    by 0x4906519: ??? (in /usr/lib/x86_64-linux-gnu/libmysqlclient.so.21.2.42)
==268755==    by 0x48E6082: ??? (in /usr/lib/x86_64-linux-gnu/libmysqlclient.so.21.2.42)
==268755==    by 0x522BEE7: __pthread_once_slow (pthread_once.c:116)
==268755==    by 0x4903155: ??? (in /usr/lib/x86_64-linux-gnu/libmysqlclient.so.21.2.42)
==268755==    by 0x489CBB8: ??? (in /usr/lib/x86_64-linux-gnu/libmysqlclient.so.21.2.42)
==268755==    by 0x489D1FA: ??? (in /usr/lib/x86_64-linux-gnu/libmysqlclient.so.21.2.42)
==268755== 
==268755== 18 bytes in 1 blocks are still reachable in loss record 190 of 2,004
==268755==    at 0x4849013: operator new(unsigned long) (in /usr/libexec/valgrind/vgpreload_memcheck-amd64-linux.so)
==268755==    by 0x130468: __gnu_cxx::new_allocator<char>::allocate(unsigned long, void const*) (new_allocator.h:127)
==268755==    by 0x12F934: allocate (allocator.h:185)
==268755==    by 0x12F934: std::allocator_traits<std::allocator<char> >::allocate(std::allocator<char>&, unsigned long) (alloc_traits.h:464)
==268755==    by 0x12FCCD: std::__cxx11::basic_string<char, std::char_traits<char>, std::allocator<char> >::_M_create(unsigned long&, unsigned long) (basic_string.tcc:153)
==268755==    by 0x4902E5D: ??? (in /usr/lib/x86_64-linux-gnu/libmysqlclient.so.21.2.42)
==268755==    by 0x48E4ED1: ??? (in /usr/lib/x86_64-linux-gnu/libmysqlclient.so.21.2.42)
==268755==    by 0x48E5188: ??? (in /usr/lib/x86_64-linux-gnu/libmysqlclient.so.21.2.42)
==268755==    by 0x4906547: ??? (in /usr/lib/x86_64-linux-gnu/libmysqlclient.so.21.2.42)
==268755==    by 0x48E6082: ??? (in /usr/lib/x86_64-linux-gnu/libmysqlclient.so.21.2.42)
==268755==    by 0x522BEE7: __pthread_once_slow (pthread_once.c:116)
==268755==    by 0x4903155: ??? (in /usr/lib/x86_64-linux-gnu/libmysqlclient.so.21.2.42)
==268755==    by 0x489CBB8: ??? (in /usr/lib/x86_64-linux-gnu/libmysqlclient.so.21.2.42)
==268755== 
==268755== 18 bytes in 1 blocks are still reachable in loss record 191 of 2,004
==268755==    at 0x4849013: operator new(unsigned long) (in /usr/libexec/valgrind/vgpreload_memcheck-amd64-linux.so)
==268755==    by 0x130468: __gnu_cxx::new_allocator<char>::allocate(unsigned long, void const*) (new_allocator.h:127)
==268755==    by 0x12F934: allocate (allocator.h:185)
==268755==    by 0x12F934: std::allocator_traits<std::allocator<char> >::allocate(std::allocator<char>&, unsigned long) (alloc_traits.h:464)
==268755==    by 0x12FCCD: std::__cxx11::basic_string<char, std::char_traits<char>, std::allocator<char> >::_M_create(unsigned long&, unsigned long) (basic_string.tcc:153)
==268755==    by 0x4902E5D: ??? (in /usr/lib/x86_64-linux-gnu/libmysqlclient.so.21.2.42)
==268755==    by 0x48E4ED1: ??? (in /usr/lib/x86_64-linux-gnu/libmysqlclient.so.21.2.42)
==268755==    by 0x49068E5: ??? (in /usr/lib/x86_64-linux-gnu/libmysqlclient.so.21.2.42)
==268755==    by 0x48E6082: ??? (in /usr/lib/x86_64-linux-gnu/libmysqlclient.so.21.2.42)
==268755==    by 0x522BEE7: __pthread_once_slow (pthread_once.c:116)
==268755==    by 0x4903155: ??? (in /usr/lib/x86_64-linux-gnu/libmysqlclient.so.21.2.42)
==268755==    by 0x489CBB8: ??? (in /usr/lib/x86_64-linux-gnu/libmysqlclient.so.21.2.42)
==268755==    by 0x489D1FA: ??? (in /usr/lib/x86_64-linux-gnu/libmysqlclient.so.21.2.42)
==268755== 
==268755== 18 bytes in 1 blocks are still reachable in loss record 192 of 2,004
==268755==    at 0x4849013: operator new(unsigned long) (in /usr/libexec/valgrind/vgpreload_memcheck-amd64-linux.so)
==268755==    by 0x130468: __gnu_cxx::new_allocator<char>::allocate(unsigned long, void const*) (new_allocator.h:127)
==268755==    by 0x12F934: allocate (allocator.h:185)
==268755==    by 0x12F934: std::allocator_traits<std::allocator<char> >::allocate(std::allocator<char>&, unsigned long) (alloc_traits.h:464)
==268755==    by 0x12FCCD: std::__cxx11::basic_string<char, std::char_traits<char>, std::allocator<char> >::_M_create(unsigned long&, unsigned long) (basic_string.tcc:153)
==268755==    by 0x4902E5D: ??? (in /usr/lib/x86_64-linux-gnu/libmysqlclient.so.21.2.42)
==268755==    by 0x48E4ED1: ??? (in /usr/lib/x86_64-linux-gnu/libmysqlclient.so.21.2.42)
==268755==    by 0x4906A3B: ??? (in /usr/lib/x86_64-linux-gnu/libmysqlclient.so.21.2.42)
==268755==    by 0x48E6082: ??? (in /usr/lib/x86_64-linux-gnu/libmysqlclient.so.21.2.42)
==268755==    by 0x522BEE7: __pthread_once_slow (pthread_once.c:116)
==268755==    by 0x4903155: ??? (in /usr/lib/x86_64-linux-gnu/libmysqlclient.so.21.2.42)
==268755==    by 0x489CBB8: ??? (in /usr/lib/x86_64-linux-gnu/libmysqlclient.so.21.2.42)
==268755==    by 0x489D1FA: ??? (in /usr/lib/x86_64-linux-gnu/libmysqlclient.so.21.2.42)
==268755== 
==268755== 18 bytes in 1 blocks are still reachable in loss record 193 of 2,004
==268755==    at 0x4849013: operator new(unsigned long) (in /usr/libexec/valgrind/vgpreload_memcheck-amd64-linux.so)
==268755==    by 0x130468: __gnu_cxx::new_allocator<char>::allocate(unsigned long, void const*) (new_allocator.h:127)
==268755==    by 0x12F934: allocate (allocator.h:185)
==268755==    by 0x12F934: std::allocator_traits<std::allocator<char> >::allocate(std::allocator<char>&, unsigned long) (alloc_traits.h:464)
==268755==    by 0x12FCCD: std::__cxx11::basic_string<char, std::char_traits<char>, std::allocator<char> >::_M_create(unsigned long&, unsigned long) (basic_string.tcc:153)
==268755==    by 0x4902E5D: ??? (in /usr/lib/x86_64-linux-gnu/libmysqlclient.so.21.2.42)
==268755==    by 0x48E4ED1: ??? (in /usr/lib/x86_64-linux-gnu/libmysqlclient.so.21.2.42)
==268755==    by 0x48E5188: ??? (in /usr/lib/x86_64-linux-gnu/libmysqlclient.so.21.2.42)
==268755==    by 0x4906AAB: ??? (in /usr/lib/x86_64-linux-gnu/libmysqlclient.so.21.2.42)
==268755==    by 0x48E6082: ??? (in /usr/lib/x86_64-linux-gnu/libmysqlclient.so.21.2.42)
==268755==    by 0x522BEE7: __pthread_once_slow (pthread_once.c:116)
==268755==    by 0x4903155: ??? (in /usr/lib/x86_64-linux-gnu/libmysqlclient.so.21.2.42)
==268755==    by 0x489CBB8: ??? (in /usr/lib/x86_64-linux-gnu/libmysqlclient.so.21.2.42)
==268755== 
==268755== 18 bytes in 1 blocks are still reachable in loss record 194 of 2,004
==268755==    at 0x4849013: operator new(unsigned long) (in /usr/libexec/valgrind/vgpreload_memcheck-amd64-linux.so)
==268755==    by 0x130468: __gnu_cxx::new_allocator<char>::allocate(unsigned long, void const*) (new_allocator.h:127)
==268755==    by 0x12F934: allocate (allocator.h:185)
==268755==    by 0x12F934: std::allocator_traits<std::allocator<char> >::allocate(std::allocator<char>&, unsigned long) (alloc_traits.h:464)
==268755==    by 0x12FCCD: std::__cxx11::basic_string<char, std::char_traits<char>, std::allocator<char> >::_M_create(unsigned long&, unsigned long) (basic_string.tcc:153)
==268755==    by 0x4902E5D: ??? (in /usr/lib/x86_64-linux-gnu/libmysqlclient.so.21.2.42)
==268755==    by 0x48E4ED1: ??? (in /usr/lib/x86_64-linux-gnu/libmysqlclient.so.21.2.42)
==268755==    by 0x4906F39: ??? (in /usr/lib/x86_64-linux-gnu/libmysqlclient.so.21.2.42)
==268755==    by 0x48E6082: ??? (in /usr/lib/x86_64-linux-gnu/libmysqlclient.so.21.2.42)
==268755==    by 0x522BEE7: __pthread_once_slow (pthread_once.c:116)
==268755==    by 0x4903155: ??? (in /usr/lib/x86_64-linux-gnu/libmysqlclient.so.21.2.42)
==268755==    by 0x489CBB8: ??? (in /usr/lib/x86_64-linux-gnu/libmysqlclient.so.21.2.42)
==268755==    by 0x489D1FA: ??? (in /usr/lib/x86_64-linux-gnu/libmysqlclient.so.21.2.42)
==268755== 
==268755== 18 bytes in 1 blocks are still reachable in loss record 195 of 2,004
==268755==    at 0x4849013: operator new(unsigned long) (in /usr/libexec/valgrind/vgpreload_memcheck-amd64-linux.so)
==268755==    by 0x130468: __gnu_cxx::new_allocator<char>::allocate(unsigned long, void const*) (new_allocator.h:127)
==268755==    by 0x12F934: allocate (allocator.h:185)
==268755==    by 0x12F934: std::allocator_traits<std::allocator<char> >::allocate(std::allocator<char>&, unsigned long) (alloc_traits.h:464)
==268755==    by 0x12FCCD: std::__cxx11::basic_string<char, std::char_traits<char>, std::allocator<char> >::_M_create(unsigned long&, unsigned long) (basic_string.tcc:153)
==268755==    by 0x4902E5D: ??? (in /usr/lib/x86_64-linux-gnu/libmysqlclient.so.21.2.42)
==268755==    by 0x48E4ED1: ??? (in /usr/lib/x86_64-linux-gnu/libmysqlclient.so.21.2.42)
==268755==    by 0x490708F: ??? (in /usr/lib/x86_64-linux-gnu/libmysqlclient.so.21.2.42)
==268755==    by 0x48E6082: ??? (in /usr/lib/x86_64-linux-gnu/libmysqlclient.so.21.2.42)
==268755==    by 0x522BEE7: __pthread_once_slow (pthread_once.c:116)
==268755==    by 0x4903155: ??? (in /usr/lib/x86_64-linux-gnu/libmysqlclient.so.21.2.42)
==268755==    by 0x489CBB8: ??? (in /usr/lib/x86_64-linux-gnu/libmysqlclient.so.21.2.42)
==268755==    by 0x489D1FA: ??? (in /usr/lib/x86_64-linux-gnu/libmysqlclient.so.21.2.42)
==268755== 
==268755== 18 bytes in 1 blocks are still reachable in loss record 196 of 2,004
==268755==    at 0x4849013: operator new(unsigned long) (in /usr/libexec/valgrind/vgpreload_memcheck-amd64-linux.so)
==268755==    by 0x130468: __gnu_cxx::new_allocator<char>::allocate(unsigned long, void const*) (new_allocator.h:127)
==268755==    by 0x12F934: allocate (allocator.h:185)
==268755==    by 0x12F934: std::allocator_traits<std::allocator<char> >::allocate(std::allocator<char>&, unsigned long) (alloc_traits.h:464)
==268755==    by 0x12FCCD: std::__cxx11::basic_string<char, std::char_traits<char>, std::allocator<char> >::_M_create(unsigned long&, unsigned long) (basic_string.tcc:153)
==268755==    by 0x4902E5D: ??? (in /usr/lib/x86_64-linux-gnu/libmysqlclient.so.21.2.42)
==268755==    by 0x48E4ED1: ??? (in /usr/lib/x86_64-linux-gnu/libmysqlclient.so.21.2.42)
==268755==    by 0x4907113: ??? (in /usr/lib/x86_64-linux-gnu/libmysqlclient.so.21.2.42)
==268755==    by 0x48E6082: ??? (in /usr/lib/x86_64-linux-gnu/libmysqlclient.so.21.2.42)
==268755==    by 0x522BEE7: __pthread_once_slow (pthread_once.c:116)
==268755==    by 0x4903155: ??? (in /usr/lib/x86_64-linux-gnu/libmysqlclient.so.21.2.42)
==268755==    by 0x489CBB8: ??? (in /usr/lib/x86_64-linux-gnu/libmysqlclient.so.21.2.42)
==268755==    by 0x489D1FA: ??? (in /usr/lib/x86_64-linux-gnu/libmysqlclient.so.21.2.42)
==268755== 
==268755== 18 bytes in 1 blocks are still reachable in loss record 197 of 2,004
==268755==    at 0x4849013: operator new(unsigned long) (in /usr/libexec/valgrind/vgpreload_memcheck-amd64-linux.so)
==268755==    by 0x130468: __gnu_cxx::new_allocator<char>::allocate(unsigned long, void const*) (new_allocator.h:127)
==268755==    by 0x12F934: allocate (allocator.h:185)
==268755==    by 0x12F934: std::allocator_traits<std::allocator<char> >::allocate(std::allocator<char>&, unsigned long) (alloc_traits.h:464)
==268755==    by 0x12FCCD: std::__cxx11::basic_string<char, std::char_traits<char>, std::allocator<char> >::_M_create(unsigned long&, unsigned long) (basic_string.tcc:153)
==268755==    by 0x4902E5D: ??? (in /usr/lib/x86_64-linux-gnu/libmysqlclient.so.21.2.42)
==268755==    by 0x48E4ED1: ??? (in /usr/lib/x86_64-linux-gnu/libmysqlclient.so.21.2.42)
==268755==    by 0x4908403: ??? (in /usr/lib/x86_64-linux-gnu/libmysqlclient.so.21.2.42)
==268755==    by 0x48E6082: ??? (in /usr/lib/x86_64-linux-gnu/libmysqlclient.so.21.2.42)
==268755==    by 0x522BEE7: __pthread_once_slow (pthread_once.c:116)
==268755==    by 0x4903155: ??? (in /usr/lib/x86_64-linux-gnu/libmysqlclient.so.21.2.42)
==268755==    by 0x489CBB8: ??? (in /usr/lib/x86_64-linux-gnu/libmysqlclient.so.21.2.42)
==268755==    by 0x489D1FA: ??? (in /usr/lib/x86_64-linux-gnu/libmysqlclient.so.21.2.42)
==268755== 
==268755== 18 bytes in 1 blocks are still reachable in loss record 198 of 2,004
==268755==    at 0x4849013: operator new(unsigned long) (in /usr/libexec/valgrind/vgpreload_memcheck-amd64-linux.so)
==268755==    by 0x130468: __gnu_cxx::new_allocator<char>::allocate(unsigned long, void const*) (new_allocator.h:127)
==268755==    by 0x12F934: allocate (allocator.h:185)
==268755==    by 0x12F934: std::allocator_traits<std::allocator<char> >::allocate(std::allocator<char>&, unsigned long) (alloc_traits.h:464)
==268755==    by 0x12FCCD: std::__cxx11::basic_string<char, std::char_traits<char>, std::allocator<char> >::_M_create(unsigned long&, unsigned long) (basic_string.tcc:153)
==268755==    by 0x4902E5D: ??? (in /usr/lib/x86_64-linux-gnu/libmysqlclient.so.21.2.42)
==268755==    by 0x48E4ED1: ??? (in /usr/lib/x86_64-linux-gnu/libmysqlclient.so.21.2.42)
==268755==    by 0x49084C9: ??? (in /usr/lib/x86_64-linux-gnu/libmysqlclient.so.21.2.42)
==268755==    by 0x48E6082: ??? (in /usr/lib/x86_64-linux-gnu/libmysqlclient.so.21.2.42)
==268755==    by 0x522BEE7: __pthread_once_slow (pthread_once.c:116)
==268755==    by 0x4903155: ??? (in /usr/lib/x86_64-linux-gnu/libmysqlclient.so.21.2.42)
==268755==    by 0x489CBB8: ??? (in /usr/lib/x86_64-linux-gnu/libmysqlclient.so.21.2.42)
==268755==    by 0x489D1FA: ??? (in /usr/lib/x86_64-linux-gnu/libmysqlclient.so.21.2.42)
==268755== 
==268755== 18 bytes in 1 blocks are still reachable in loss record 199 of 2,004
==268755==    at 0x4849013: operator new(unsigned long) (in /usr/libexec/valgrind/vgpreload_memcheck-amd64-linux.so)
==268755==    by 0x130468: __gnu_cxx::new_allocator<char>::allocate(unsigned long, void const*) (new_allocator.h:127)
==268755==    by 0x12F934: allocate (allocator.h:185)
==268755==    by 0x12F934: std::allocator_traits<std::allocator<char> >::allocate(std::allocator<char>&, unsigned long) (alloc_traits.h:464)
==268755==    by 0x12FCCD: std::__cxx11::basic_string<char, std::char_traits<char>, std::allocator<char> >::_M_create(unsigned long&, unsigned long) (basic_string.tcc:153)
==268755==    by 0x4902E5D: ??? (in /usr/lib/x86_64-linux-gnu/libmysqlclient.so.21.2.42)
==268755==    by 0x48E4ED1: ??? (in /usr/lib/x86_64-linux-gnu/libmysqlclient.so.21.2.42)
==268755==    by 0x49086A3: ??? (in /usr/lib/x86_64-linux-gnu/libmysqlclient.so.21.2.42)
==268755==    by 0x48E6082: ??? (in /usr/lib/x86_64-linux-gnu/libmysqlclient.so.21.2.42)
==268755==    by 0x522BEE7: __pthread_once_slow (pthread_once.c:116)
==268755==    by 0x4903155: ??? (in /usr/lib/x86_64-linux-gnu/libmysqlclient.so.21.2.42)
==268755==    by 0x489CBB8: ??? (in /usr/lib/x86_64-linux-gnu/libmysqlclient.so.21.2.42)
==268755==    by 0x489D1FA: ??? (in /usr/lib/x86_64-linux-gnu/libmysqlclient.so.21.2.42)
==268755== 
==268755== 18 bytes in 1 blocks are still reachable in loss record 200 of 2,004
==268755==    at 0x4849013: operator new(unsigned long) (in /usr/libexec/valgrind/vgpreload_memcheck-amd64-linux.so)
==268755==    by 0x130468: __gnu_cxx::new_allocator<char>::allocate(unsigned long, void const*) (new_allocator.h:127)
==268755==    by 0x12F934: allocate (allocator.h:185)
==268755==    by 0x12F934: std::allocator_traits<std::allocator<char> >::allocate(std::allocator<char>&, unsigned long) (alloc_traits.h:464)
==268755==    by 0x12FCCD: std::__cxx11::basic_string<char, std::char_traits<char>, std::allocator<char> >::_M_create(unsigned long&, unsigned long) (basic_string.tcc:153)
==268755==    by 0x4902E5D: ??? (in /usr/lib/x86_64-linux-gnu/libmysqlclient.so.21.2.42)
==268755==    by 0x48E4ED1: ??? (in /usr/lib/x86_64-linux-gnu/libmysqlclient.so.21.2.42)
==268755==    by 0x49087ED: ??? (in /usr/lib/x86_64-linux-gnu/libmysqlclient.so.21.2.42)
==268755==    by 0x48E6082: ??? (in /usr/lib/x86_64-linux-gnu/libmysqlclient.so.21.2.42)
==268755==    by 0x522BEE7: __pthread_once_slow (pthread_once.c:116)
==268755==    by 0x4903155: ??? (in /usr/lib/x86_64-linux-gnu/libmysqlclient.so.21.2.42)
==268755==    by 0x489CBB8: ??? (in /usr/lib/x86_64-linux-gnu/libmysqlclient.so.21.2.42)
==268755==    by 0x489D1FA: ??? (in /usr/lib/x86_64-linux-gnu/libmysqlclient.so.21.2.42)
==268755== 
==268755== 18 bytes in 1 blocks are still reachable in loss record 201 of 2,004
==268755==    at 0x4849013: operator new(unsigned long) (in /usr/libexec/valgrind/vgpreload_memcheck-amd64-linux.so)
==268755==    by 0x130468: __gnu_cxx::new_allocator<char>::allocate(unsigned long, void const*) (new_allocator.h:127)
==268755==    by 0x12F934: allocate (allocator.h:185)
==268755==    by 0x12F934: std::allocator_traits<std::allocator<char> >::allocate(std::allocator<char>&, unsigned long) (alloc_traits.h:464)
==268755==    by 0x12FCCD: std::__cxx11::basic_string<char, std::char_traits<char>, std::allocator<char> >::_M_create(unsigned long&, unsigned long) (basic_string.tcc:153)
==268755==    by 0x4902E5D: ??? (in /usr/lib/x86_64-linux-gnu/libmysqlclient.so.21.2.42)
==268755==    by 0x48E4ED1: ??? (in /usr/lib/x86_64-linux-gnu/libmysqlclient.so.21.2.42)
==268755==    by 0x48E5188: ??? (in /usr/lib/x86_64-linux-gnu/libmysqlclient.so.21.2.42)
==268755==    by 0x49089CB: ??? (in /usr/lib/x86_64-linux-gnu/libmysqlclient.so.21.2.42)
==268755==    by 0x48E6082: ??? (in /usr/lib/x86_64-linux-gnu/libmysqlclient.so.21.2.42)
==268755==    by 0x522BEE7: __pthread_once_slow (pthread_once.c:116)
==268755==    by 0x4903155: ??? (in /usr/lib/x86_64-linux-gnu/libmysqlclient.so.21.2.42)
==268755==    by 0x489CBB8: ??? (in /usr/lib/x86_64-linux-gnu/libmysqlclient.so.21.2.42)
==268755== 
==268755== 18 bytes in 1 blocks are still reachable in loss record 202 of 2,004
==268755==    at 0x4849013: operator new(unsigned long) (in /usr/libexec/valgrind/vgpreload_memcheck-amd64-linux.so)
==268755==    by 0x130468: __gnu_cxx::new_allocator<char>::allocate(unsigned long, void const*) (new_allocator.h:127)
==268755==    by 0x12F934: allocate (allocator.h:185)
==268755==    by 0x12F934: std::allocator_traits<std::allocator<char> >::allocate(std::allocator<char>&, unsigned long) (alloc_traits.h:464)
==268755==    by 0x12FCCD: std::__cxx11::basic_string<char, std::char_traits<char>, std::allocator<char> >::_M_create(unsigned long&, unsigned long) (basic_string.tcc:153)
==268755==    by 0x4902E5D: ??? (in /usr/lib/x86_64-linux-gnu/libmysqlclient.so.21.2.42)
==268755==    by 0x48E4ED1: ??? (in /usr/lib/x86_64-linux-gnu/libmysqlclient.so.21.2.42)
==268755==    by 0x4908A03: ??? (in /usr/lib/x86_64-linux-gnu/libmysqlclient.so.21.2.42)
==268755==    by 0x48E6082: ??? (in /usr/lib/x86_64-linux-gnu/libmysqlclient.so.21.2.42)
==268755==    by 0x522BEE7: __pthread_once_slow (pthread_once.c:116)
==268755==    by 0x4903155: ??? (in /usr/lib/x86_64-linux-gnu/libmysqlclient.so.21.2.42)
==268755==    by 0x489CBB8: ??? (in /usr/lib/x86_64-linux-gnu/libmysqlclient.so.21.2.42)
==268755==    by 0x489D1FA: ??? (in /usr/lib/x86_64-linux-gnu/libmysqlclient.so.21.2.42)
==268755== 
==268755== 18 bytes in 1 blocks are still reachable in loss record 203 of 2,004
==268755==    at 0x4849013: operator new(unsigned long) (in /usr/libexec/valgrind/vgpreload_memcheck-amd64-linux.so)
==268755==    by 0x130468: __gnu_cxx::new_allocator<char>::allocate(unsigned long, void const*) (new_allocator.h:127)
==268755==    by 0x12F934: allocate (allocator.h:185)
==268755==    by 0x12F934: std::allocator_traits<std::allocator<char> >::allocate(std::allocator<char>&, unsigned long) (alloc_traits.h:464)
==268755==    by 0x12FCCD: std::__cxx11::basic_string<char, std::char_traits<char>, std::allocator<char> >::_M_create(unsigned long&, unsigned long) (basic_string.tcc:153)
==268755==    by 0x4902E5D: ??? (in /usr/lib/x86_64-linux-gnu/libmysqlclient.so.21.2.42)
==268755==    by 0x48E4ED1: ??? (in /usr/lib/x86_64-linux-gnu/libmysqlclient.so.21.2.42)
==268755==    by 0x4908BDD: ??? (in /usr/lib/x86_64-linux-gnu/libmysqlclient.so.21.2.42)
==268755==    by 0x48E6082: ??? (in /usr/lib/x86_64-linux-gnu/libmysqlclient.so.21.2.42)
==268755==    by 0x522BEE7: __pthread_once_slow (pthread_once.c:116)
==268755==    by 0x4903155: ??? (in /usr/lib/x86_64-linux-gnu/libmysqlclient.so.21.2.42)
==268755==    by 0x489CBB8: ??? (in /usr/lib/x86_64-linux-gnu/libmysqlclient.so.21.2.42)
==268755==    by 0x489D1FA: ??? (in /usr/lib/x86_64-linux-gnu/libmysqlclient.so.21.2.42)
==268755== 
==268755== 18 bytes in 1 blocks are still reachable in loss record 204 of 2,004
==268755==    at 0x4849013: operator new(unsigned long) (in /usr/libexec/valgrind/vgpreload_memcheck-amd64-linux.so)
==268755==    by 0x130468: __gnu_cxx::new_allocator<char>::allocate(unsigned long, void const*) (new_allocator.h:127)
==268755==    by 0x12F934: allocate (allocator.h:185)
==268755==    by 0x12F934: std::allocator_traits<std::allocator<char> >::allocate(std::allocator<char>&, unsigned long) (alloc_traits.h:464)
==268755==    by 0x12FCCD: std::__cxx11::basic_string<char, std::char_traits<char>, std::allocator<char> >::_M_create(unsigned long&, unsigned long) (basic_string.tcc:153)
==268755==    by 0x4902E5D: ??? (in /usr/lib/x86_64-linux-gnu/libmysqlclient.so.21.2.42)
==268755==    by 0x48E4ED1: ??? (in /usr/lib/x86_64-linux-gnu/libmysqlclient.so.21.2.42)
==268755==    by 0x4908CBB: ??? (in /usr/lib/x86_64-linux-gnu/libmysqlclient.so.21.2.42)
==268755==    by 0x48E6082: ??? (in /usr/lib/x86_64-linux-gnu/libmysqlclient.so.21.2.42)
==268755==    by 0x522BEE7: __pthread_once_slow (pthread_once.c:116)
==268755==    by 0x4903155: ??? (in /usr/lib/x86_64-linux-gnu/libmysqlclient.so.21.2.42)
==268755==    by 0x489CBB8: ??? (in /usr/lib/x86_64-linux-gnu/libmysqlclient.so.21.2.42)
==268755==    by 0x489D1FA: ??? (in /usr/lib/x86_64-linux-gnu/libmysqlclient.so.21.2.42)
==268755== 
==268755== 18 bytes in 1 blocks are still reachable in loss record 205 of 2,004
==268755==    at 0x4848899: malloc (in /usr/libexec/valgrind/vgpreload_memcheck-amd64-linux.so)
==268755==    by 0x56177D2: CRYPTO_strndup (in /usr/lib/x86_64-linux-gnu/libcrypto.so.3)
==268755==    by 0x5619521: ??? (in /usr/lib/x86_64-linux-gnu/libcrypto.so.3)
==268755==    by 0x5615FC0: ??? (in /usr/lib/x86_64-linux-gnu/libcrypto.so.3)
==268755==    by 0x5615C50: ??? (in /usr/lib/x86_64-linux-gnu/libcrypto.so.3)
==268755==    by 0x56F4A6B: ??? (in /usr/lib/x86_64-linux-gnu/libcrypto.so.3)
==268755==    by 0x55EC302: EVP_CIPHER_fetch (in /usr/lib/x86_64-linux-gnu/libcrypto.so.3)
==268755==    by 0x53F137A: ??? (in /usr/lib/x86_64-linux-gnu/libssl.so.3)
==268755==    by 0x53F5161: SSL_CTX_new_ex (in /usr/lib/x86_64-linux-gnu/libssl.so.3)
==268755==    by 0x48F8280: ??? (in /usr/lib/x86_64-linux-gnu/libmysqlclient.so.21.2.42)
==268755==    by 0x489A042: ??? (in /usr/lib/x86_64-linux-gnu/libmysqlclient.so.21.2.42)
==268755==    by 0x489AD71: ??? (in /usr/lib/x86_64-linux-gnu/libmysqlclient.so.21.2.42)
==268755== 
==268755== 18 bytes in 4 blocks are still reachable in loss record 206 of 2,004
==268755==    at 0x4848899: malloc (in /usr/libexec/valgrind/vgpreload_memcheck-amd64-linux.so)
==268755==    by 0x56177D2: CRYPTO_strndup (in /usr/lib/x86_64-linux-gnu/libcrypto.so.3)
==268755==    by 0x5619521: ??? (in /usr/lib/x86_64-linux-gnu/libcrypto.so.3)
==268755==    by 0x5615E27: ??? (in /usr/lib/x86_64-linux-gnu/libcrypto.so.3)
==268755==    by 0x5615B8A: ??? (in /usr/lib/x86_64-linux-gnu/libcrypto.so.3)
==268755==    by 0x56F4A6B: ??? (in /usr/lib/x86_64-linux-gnu/libcrypto.so.3)
==268755==    by 0x55EC302: EVP_CIPHER_fetch (in /usr/lib/x86_64-linux-gnu/libcrypto.so.3)
==268755==    by 0x53F137A: ??? (in /usr/lib/x86_64-linux-gnu/libssl.so.3)
==268755==    by 0x53F5161: SSL_CTX_new_ex (in /usr/lib/x86_64-linux-gnu/libssl.so.3)
==268755==    by 0x48F8280: ??? (in /usr/lib/x86_64-linux-gnu/libmysqlclient.so.21.2.42)
==268755==    by 0x489A042: ??? (in /usr/lib/x86_64-linux-gnu/libmysqlclient.so.21.2.42)
==268755==    by 0x489AD71: ??? (in /usr/lib/x86_64-linux-gnu/libmysqlclient.so.21.2.42)
==268755== 
==268755== 19 bytes in 1 blocks are still reachable in loss record 207 of 2,004
==268755==    at 0x4848899: malloc (in /usr/libexec/valgrind/vgpreload_memcheck-amd64-linux.so)
==268755==    by 0x5646C42: ??? (in /usr/lib/x86_64-linux-gnu/libcrypto.so.3)
==268755==    by 0x561551D: ??? (in /usr/lib/x86_64-linux-gnu/libcrypto.so.3)
==268755==    by 0x56155BC: ??? (in /usr/lib/x86_64-linux-gnu/libcrypto.so.3)
==268755==    by 0x522BEE7: __pthread_once_slow (pthread_once.c:116)
==268755==    by 0x5621C9C: CRYPTO_THREAD_run_once (in /usr/lib/x86_64-linux-gnu/libcrypto.so.3)
==268755==    by 0x561A822: ??? (in /usr/lib/x86_64-linux-gnu/libcrypto.so.3)
==268755==    by 0x553AA03: BIO_new_ex (in /usr/lib/x86_64-linux-gnu/libcrypto.so.3)
==268755==    by 0x55411E5: BIO_new_file (in /usr/lib/x86_64-linux-gnu/libcrypto.so.3)
==268755==    by 0x557834D: ??? (in /usr/lib/x86_64-linux-gnu/libcrypto.so.3)
==268755==    by 0x5578FB1: CONF_modules_load_file_ex (in /usr/lib/x86_64-linux-gnu/libcrypto.so.3)
==268755==    by 0x561E19F: ??? (in /usr/lib/x86_64-linux-gnu/libcrypto.so.3)
==268755== 
==268755== 19 bytes in 1 blocks are still reachable in loss record 208 of 2,004
==268755==    at 0x4849013: operator new(unsigned long) (in /usr/libexec/valgrind/vgpreload_memcheck-amd64-linux.so)
==268755==    by 0x130468: __gnu_cxx::new_allocator<char>::allocate(unsigned long, void const*) (new_allocator.h:127)
==268755==    by 0x12F934: allocate (allocator.h:185)
==268755==    by 0x12F934: std::allocator_traits<std::allocator<char> >::allocate(std::allocator<char>&, unsigned long) (alloc_traits.h:464)
==268755==    by 0x12FCCD: std::__cxx11::basic_string<char, std::char_traits<char>, std::allocator<char> >::_M_create(unsigned long&, unsigned long) (basic_string.tcc:153)
==268755==    by 0x4902E5D: ??? (in /usr/lib/x86_64-linux-gnu/libmysqlclient.so.21.2.42)
==268755==    by 0x48E4ED1: ??? (in /usr/lib/x86_64-linux-gnu/libmysqlclient.so.21.2.42)
==268755==    by 0x4905F31: ??? (in /usr/lib/x86_64-linux-gnu/libmysqlclient.so.21.2.42)
==268755==    by 0x48E6082: ??? (in /usr/lib/x86_64-linux-gnu/libmysqlclient.so.21.2.42)
==268755==    by 0x522BEE7: __pthread_once_slow (pthread_once.c:116)
==268755==    by 0x4903155: ??? (in /usr/lib/x86_64-linux-gnu/libmysqlclient.so.21.2.42)
==268755==    by 0x489CBB8: ??? (in /usr/lib/x86_64-linux-gnu/libmysqlclient.so.21.2.42)
==268755==    by 0x489D1FA: ??? (in /usr/lib/x86_64-linux-gnu/libmysqlclient.so.21.2.42)
==268755== 
==268755== 19 bytes in 1 blocks are still reachable in loss record 209 of 2,004
==268755==    at 0x4849013: operator new(unsigned long) (in /usr/libexec/valgrind/vgpreload_memcheck-amd64-linux.so)
==268755==    by 0x130468: __gnu_cxx::new_allocator<char>::allocate(unsigned long, void const*) (new_allocator.h:127)
==268755==    by 0x12F934: allocate (allocator.h:185)
==268755==    by 0x12F934: std::allocator_traits<std::allocator<char> >::allocate(std::allocator<char>&, unsigned long) (alloc_traits.h:464)
==268755==    by 0x12FCCD: std::__cxx11::basic_string<char, std::char_traits<char>, std::allocator<char> >::_M_create(unsigned long&, unsigned long) (basic_string.tcc:153)
==268755==    by 0x4902E5D: ??? (in /usr/lib/x86_64-linux-gnu/libmysqlclient.so.21.2.42)
==268755==    by 0x48E4ED1: ??? (in /usr/lib/x86_64-linux-gnu/libmysqlclient.so.21.2.42)
==268755==    by 0x48E5188: ??? (in /usr/lib/x86_64-linux-gnu/libmysqlclient.so.21.2.42)
==268755==    by 0x49063F1: ??? (in /usr/lib/x86_64-linux-gnu/libmysqlclient.so.21.2.42)
==268755==    by 0x48E6082: ??? (in /usr/lib/x86_64-linux-gnu/libmysqlclient.so.21.2.42)
==268755==    by 0x522BEE7: __pthread_once_slow (pthread_once.c:116)
==268755==    by 0x4903155: ??? (in /usr/lib/x86_64-linux-gnu/libmysqlclient.so.21.2.42)
==268755==    by 0x489CBB8: ??? (in /usr/lib/x86_64-linux-gnu/libmysqlclient.so.21.2.42)
==268755== 
==268755== 19 bytes in 1 blocks are still reachable in loss record 210 of 2,004
==268755==    at 0x4849013: operator new(unsigned long) (in /usr/libexec/valgrind/vgpreload_memcheck-amd64-linux.so)
==268755==    by 0x130468: __gnu_cxx::new_allocator<char>::allocate(unsigned long, void const*) (new_allocator.h:127)
==268755==    by 0x12F934: allocate (allocator.h:185)
==268755==    by 0x12F934: std::allocator_traits<std::allocator<char> >::allocate(std::allocator<char>&, unsigned long) (alloc_traits.h:464)
==268755==    by 0x12FCCD: std::__cxx11::basic_string<char, std::char_traits<char>, std::allocator<char> >::_M_create(unsigned long&, unsigned long) (basic_string.tcc:153)
==268755==    by 0x4902E5D: ??? (in /usr/lib/x86_64-linux-gnu/libmysqlclient.so.21.2.42)
==268755==    by 0x48E4ED1: ??? (in /usr/lib/x86_64-linux-gnu/libmysqlclient.so.21.2.42)
==268755==    by 0x490662D: ??? (in /usr/lib/x86_64-linux-gnu/libmysqlclient.so.21.2.42)
==268755==    by 0x48E6082: ??? (in /usr/lib/x86_64-linux-gnu/libmysqlclient.so.21.2.42)
==268755==    by 0x522BEE7: __pthread_once_slow (pthread_once.c:116)
==268755==    by 0x4903155: ??? (in /usr/lib/x86_64-linux-gnu/libmysqlclient.so.21.2.42)
==268755==    by 0x489CBB8: ??? (in /usr/lib/x86_64-linux-gnu/libmysqlclient.so.21.2.42)
==268755==    by 0x489D1FA: ??? (in /usr/lib/x86_64-linux-gnu/libmysqlclient.so.21.2.42)
==268755== 
==268755== 19 bytes in 1 blocks are still reachable in loss record 211 of 2,004
==268755==    at 0x4849013: operator new(unsigned long) (in /usr/libexec/valgrind/vgpreload_memcheck-amd64-linux.so)
==268755==    by 0x130468: __gnu_cxx::new_allocator<char>::allocate(unsigned long, void const*) (new_allocator.h:127)
==268755==    by 0x12F934: allocate (allocator.h:185)
==268755==    by 0x12F934: std::allocator_traits<std::allocator<char> >::allocate(std::allocator<char>&, unsigned long) (alloc_traits.h:464)
==268755==    by 0x12FCCD: std::__cxx11::basic_string<char, std::char_traits<char>, std::allocator<char> >::_M_create(unsigned long&, unsigned long) (basic_string.tcc:153)
==268755==    by 0x4902E5D: ??? (in /usr/lib/x86_64-linux-gnu/libmysqlclient.so.21.2.42)
==268755==    by 0x48E4ED1: ??? (in /usr/lib/x86_64-linux-gnu/libmysqlclient.so.21.2.42)
==268755==    by 0x48E5188: ??? (in /usr/lib/x86_64-linux-gnu/libmysqlclient.so.21.2.42)
==268755==    by 0x49066A9: ??? (in /usr/lib/x86_64-linux-gnu/libmysqlclient.so.21.2.42)
==268755==    by 0x48E6082: ??? (in /usr/lib/x86_64-linux-gnu/libmysqlclient.so.21.2.42)
==268755==    by 0x522BEE7: __pthread_once_slow (pthread_once.c:116)
==268755==    by 0x4903155: ??? (in /usr/lib/x86_64-linux-gnu/libmysqlclient.so.21.2.42)
==268755==    by 0x489CBB8: ??? (in /usr/lib/x86_64-linux-gnu/libmysqlclient.so.21.2.42)
==268755== 
==268755== 19 bytes in 1 blocks are still reachable in loss record 212 of 2,004
==268755==    at 0x4849013: operator new(unsigned long) (in /usr/libexec/valgrind/vgpreload_memcheck-amd64-linux.so)
==268755==    by 0x130468: __gnu_cxx::new_allocator<char>::allocate(unsigned long, void const*) (new_allocator.h:127)
==268755==    by 0x12F934: allocate (allocator.h:185)
==268755==    by 0x12F934: std::allocator_traits<std::allocator<char> >::allocate(std::allocator<char>&, unsigned long) (alloc_traits.h:464)
==268755==    by 0x12FCCD: std::__cxx11::basic_string<char, std::char_traits<char>, std::allocator<char> >::_M_create(unsigned long&, unsigned long) (basic_string.tcc:153)
==268755==    by 0x4902E5D: ??? (in /usr/lib/x86_64-linux-gnu/libmysqlclient.so.21.2.42)
==268755==    by 0x48E4ED1: ??? (in /usr/lib/x86_64-linux-gnu/libmysqlclient.so.21.2.42)
==268755==    by 0x49066C9: ??? (in /usr/lib/x86_64-linux-gnu/libmysqlclient.so.21.2.42)
==268755==    by 0x48E6082: ??? (in /usr/lib/x86_64-linux-gnu/libmysqlclient.so.21.2.42)
==268755==    by 0x522BEE7: __pthread_once_slow (pthread_once.c:116)
==268755==    by 0x4903155: ??? (in /usr/lib/x86_64-linux-gnu/libmysqlclient.so.21.2.42)
==268755==    by 0x489CBB8: ??? (in /usr/lib/x86_64-linux-gnu/libmysqlclient.so.21.2.42)
==268755==    by 0x489D1FA: ??? (in /usr/lib/x86_64-linux-gnu/libmysqlclient.so.21.2.42)
==268755== 
==268755== 19 bytes in 1 blocks are still reachable in loss record 213 of 2,004
==268755==    at 0x4849013: operator new(unsigned long) (in /usr/libexec/valgrind/vgpreload_memcheck-amd64-linux.so)
==268755==    by 0x130468: __gnu_cxx::new_allocator<char>::allocate(unsigned long, void const*) (new_allocator.h:127)
==268755==    by 0x12F934: allocate (allocator.h:185)
==268755==    by 0x12F934: std::allocator_traits<std::allocator<char> >::allocate(std::allocator<char>&, unsigned long) (alloc_traits.h:464)
==268755==    by 0x12FCCD: std::__cxx11::basic_string<char, std::char_traits<char>, std::allocator<char> >::_M_create(unsigned long&, unsigned long) (basic_string.tcc:153)
==268755==    by 0x4902E5D: ??? (in /usr/lib/x86_64-linux-gnu/libmysqlclient.so.21.2.42)
==268755==    by 0x48E4ED1: ??? (in /usr/lib/x86_64-linux-gnu/libmysqlclient.so.21.2.42)
==268755==    by 0x4906759: ??? (in /usr/lib/x86_64-linux-gnu/libmysqlclient.so.21.2.42)
==268755==    by 0x48E6082: ??? (in /usr/lib/x86_64-linux-gnu/libmysqlclient.so.21.2.42)
==268755==    by 0x522BEE7: __pthread_once_slow (pthread_once.c:116)
==268755==    by 0x4903155: ??? (in /usr/lib/x86_64-linux-gnu/libmysqlclient.so.21.2.42)
==268755==    by 0x489CBB8: ??? (in /usr/lib/x86_64-linux-gnu/libmysqlclient.so.21.2.42)
==268755==    by 0x489D1FA: ??? (in /usr/lib/x86_64-linux-gnu/libmysqlclient.so.21.2.42)
==268755== 
==268755== 19 bytes in 1 blocks are still reachable in loss record 214 of 2,004
==268755==    at 0x4849013: operator new(unsigned long) (in /usr/libexec/valgrind/vgpreload_memcheck-amd64-linux.so)
==268755==    by 0x130468: __gnu_cxx::new_allocator<char>::allocate(unsigned long, void const*) (new_allocator.h:127)
==268755==    by 0x12F934: allocate (allocator.h:185)
==268755==    by 0x12F934: std::allocator_traits<std::allocator<char> >::allocate(std::allocator<char>&, unsigned long) (alloc_traits.h:464)
==268755==    by 0x12FCCD: std::__cxx11::basic_string<char, std::char_traits<char>, std::allocator<char> >::_M_create(unsigned long&, unsigned long) (basic_string.tcc:153)
==268755==    by 0x4902E5D: ??? (in /usr/lib/x86_64-linux-gnu/libmysqlclient.so.21.2.42)
==268755==    by 0x48E4ED1: ??? (in /usr/lib/x86_64-linux-gnu/libmysqlclient.so.21.2.42)
==268755==    by 0x490679B: ??? (in /usr/lib/x86_64-linux-gnu/libmysqlclient.so.21.2.42)
==268755==    by 0x48E6082: ??? (in /usr/lib/x86_64-linux-gnu/libmysqlclient.so.21.2.42)
==268755==    by 0x522BEE7: __pthread_once_slow (pthread_once.c:116)
==268755==    by 0x4903155: ??? (in /usr/lib/x86_64-linux-gnu/libmysqlclient.so.21.2.42)
==268755==    by 0x489CBB8: ??? (in /usr/lib/x86_64-linux-gnu/libmysqlclient.so.21.2.42)
==268755==    by 0x489D1FA: ??? (in /usr/lib/x86_64-linux-gnu/libmysqlclient.so.21.2.42)
==268755== 
==268755== 19 bytes in 1 blocks are still reachable in loss record 215 of 2,004
==268755==    at 0x4849013: operator new(unsigned long) (in /usr/libexec/valgrind/vgpreload_memcheck-amd64-linux.so)
==268755==    by 0x130468: __gnu_cxx::new_allocator<char>::allocate(unsigned long, void const*) (new_allocator.h:127)
==268755==    by 0x12F934: allocate (allocator.h:185)
==268755==    by 0x12F934: std::allocator_traits<std::allocator<char> >::allocate(std::allocator<char>&, unsigned long) (alloc_traits.h:464)
==268755==    by 0x12FCCD: std::__cxx11::basic_string<char, std::char_traits<char>, std::allocator<char> >::_M_create(unsigned long&, unsigned long) (basic_string.tcc:153)
==268755==    by 0x4902E5D: ??? (in /usr/lib/x86_64-linux-gnu/libmysqlclient.so.21.2.42)
==268755==    by 0x48E4ED1: ??? (in /usr/lib/x86_64-linux-gnu/libmysqlclient.so.21.2.42)
==268755==    by 0x490681F: ??? (in /usr/lib/x86_64-linux-gnu/libmysqlclient.so.21.2.42)
==268755==    by 0x48E6082: ??? (in /usr/lib/x86_64-linux-gnu/libmysqlclient.so.21.2.42)
==268755==    by 0x522BEE7: __pthread_once_slow (pthread_once.c:116)
==268755==    by 0x4903155: ??? (in /usr/lib/x86_64-linux-gnu/libmysqlclient.so.21.2.42)
==268755==    by 0x489CBB8: ??? (in /usr/lib/x86_64-linux-gnu/libmysqlclient.so.21.2.42)
==268755==    by 0x489D1FA: ??? (in /usr/lib/x86_64-linux-gnu/libmysqlclient.so.21.2.42)
==268755== 
==268755== 19 bytes in 1 blocks are still reachable in loss record 216 of 2,004
==268755==    at 0x4849013: operator new(unsigned long) (in /usr/libexec/valgrind/vgpreload_memcheck-amd64-linux.so)
==268755==    by 0x130468: __gnu_cxx::new_allocator<char>::allocate(unsigned long, void const*) (new_allocator.h:127)
==268755==    by 0x12F934: allocate (allocator.h:185)
==268755==    by 0x12F934: std::allocator_traits<std::allocator<char> >::allocate(std::allocator<char>&, unsigned long) (alloc_traits.h:464)
==268755==    by 0x12FCCD: std::__cxx11::basic_string<char, std::char_traits<char>, std::allocator<char> >::_M_create(unsigned long&, unsigned long) (basic_string.tcc:153)
==268755==    by 0x4902E5D: ??? (in /usr/lib/x86_64-linux-gnu/libmysqlclient.so.21.2.42)
==268755==    by 0x48E4ED1: ??? (in /usr/lib/x86_64-linux-gnu/libmysqlclient.so.21.2.42)
==268755==    by 0x4906969: ??? (in /usr/lib/x86_64-linux-gnu/libmysqlclient.so.21.2.42)
==268755==    by 0x48E6082: ??? (in /usr/lib/x86_64-linux-gnu/libmysqlclient.so.21.2.42)
==268755==    by 0x522BEE7: __pthread_once_slow (pthread_once.c:116)
==268755==    by 0x4903155: ??? (in /usr/lib/x86_64-linux-gnu/libmysqlclient.so.21.2.42)
==268755==    by 0x489CBB8: ??? (in /usr/lib/x86_64-linux-gnu/libmysqlclient.so.21.2.42)
==268755==    by 0x489D1FA: ??? (in /usr/lib/x86_64-linux-gnu/libmysqlclient.so.21.2.42)
==268755== 
==268755== 19 bytes in 1 blocks are still reachable in loss record 217 of 2,004
==268755==    at 0x4849013: operator new(unsigned long) (in /usr/libexec/valgrind/vgpreload_memcheck-amd64-linux.so)
==268755==    by 0x130468: __gnu_cxx::new_allocator<char>::allocate(unsigned long, void const*) (new_allocator.h:127)
==268755==    by 0x12F934: allocate (allocator.h:185)
==268755==    by 0x12F934: std::allocator_traits<std::allocator<char> >::allocate(std::allocator<char>&, unsigned long) (alloc_traits.h:464)
==268755==    by 0x12FCCD: std::__cxx11::basic_string<char, std::char_traits<char>, std::allocator<char> >::_M_create(unsigned long&, unsigned long) (basic_string.tcc:153)
==268755==    by 0x4902E5D: ??? (in /usr/lib/x86_64-linux-gnu/libmysqlclient.so.21.2.42)
==268755==    by 0x48E4ED1: ??? (in /usr/lib/x86_64-linux-gnu/libmysqlclient.so.21.2.42)
==268755==    by 0x49069AB: ??? (in /usr/lib/x86_64-linux-gnu/libmysqlclient.so.21.2.42)
==268755==    by 0x48E6082: ??? (in /usr/lib/x86_64-linux-gnu/libmysqlclient.so.21.2.42)
==268755==    by 0x522BEE7: __pthread_once_slow (pthread_once.c:116)
==268755==    by 0x4903155: ??? (in /usr/lib/x86_64-linux-gnu/libmysqlclient.so.21.2.42)
==268755==    by 0x489CBB8: ??? (in /usr/lib/x86_64-linux-gnu/libmysqlclient.so.21.2.42)
==268755==    by 0x489D1FA: ??? (in /usr/lib/x86_64-linux-gnu/libmysqlclient.so.21.2.42)
==268755== 
==268755== 19 bytes in 1 blocks are still reachable in loss record 218 of 2,004
==268755==    at 0x4849013: operator new(unsigned long) (in /usr/libexec/valgrind/vgpreload_memcheck-amd64-linux.so)
==268755==    by 0x130468: __gnu_cxx::new_allocator<char>::allocate(unsigned long, void const*) (new_allocator.h:127)
==268755==    by 0x12F934: allocate (allocator.h:185)
==268755==    by 0x12F934: std::allocator_traits<std::allocator<char> >::allocate(std::allocator<char>&, unsigned long) (alloc_traits.h:464)
==268755==    by 0x12FCCD: std::__cxx11::basic_string<char, std::char_traits<char>, std::allocator<char> >::_M_create(unsigned long&, unsigned long) (basic_string.tcc:153)
==268755==    by 0x4902E5D: ??? (in /usr/lib/x86_64-linux-gnu/libmysqlclient.so.21.2.42)
==268755==    by 0x48E4ED1: ??? (in /usr/lib/x86_64-linux-gnu/libmysqlclient.so.21.2.42)
==268755==    by 0x48E5188: ??? (in /usr/lib/x86_64-linux-gnu/libmysqlclient.so.21.2.42)
==268755==    by 0x49069D9: ??? (in /usr/lib/x86_64-linux-gnu/libmysqlclient.so.21.2.42)
==268755==    by 0x48E6082: ??? (in /usr/lib/x86_64-linux-gnu/libmysqlclient.so.21.2.42)
==268755==    by 0x522BEE7: __pthread_once_slow (pthread_once.c:116)
==268755==    by 0x4903155: ??? (in /usr/lib/x86_64-linux-gnu/libmysqlclient.so.21.2.42)
==268755==    by 0x489CBB8: ??? (in /usr/lib/x86_64-linux-gnu/libmysqlclient.so.21.2.42)
==268755== 
==268755== 19 bytes in 1 blocks are still reachable in loss record 219 of 2,004
==268755==    at 0x4849013: operator new(unsigned long) (in /usr/libexec/valgrind/vgpreload_memcheck-amd64-linux.so)
==268755==    by 0x130468: __gnu_cxx::new_allocator<char>::allocate(unsigned long, void const*) (new_allocator.h:127)
==268755==    by 0x12F934: allocate (allocator.h:185)
==268755==    by 0x12F934: std::allocator_traits<std::allocator<char> >::allocate(std::allocator<char>&, unsigned long) (alloc_traits.h:464)
==268755==    by 0x12FCCD: std::__cxx11::basic_string<char, std::char_traits<char>, std::allocator<char> >::_M_create(unsigned long&, unsigned long) (basic_string.tcc:153)
==268755==    by 0x4902E5D: ??? (in /usr/lib/x86_64-linux-gnu/libmysqlclient.so.21.2.42)
==268755==    by 0x48E4ED1: ??? (in /usr/lib/x86_64-linux-gnu/libmysqlclient.so.21.2.42)
==268755==    by 0x4906B4F: ??? (in /usr/lib/x86_64-linux-gnu/libmysqlclient.so.21.2.42)
==268755==    by 0x48E6082: ??? (in /usr/lib/x86_64-linux-gnu/libmysqlclient.so.21.2.42)
==268755==    by 0x522BEE7: __pthread_once_slow (pthread_once.c:116)
==268755==    by 0x4903155: ??? (in /usr/lib/x86_64-linux-gnu/libmysqlclient.so.21.2.42)
==268755==    by 0x489CBB8: ??? (in /usr/lib/x86_64-linux-gnu/libmysqlclient.so.21.2.42)
==268755==    by 0x489D1FA: ??? (in /usr/lib/x86_64-linux-gnu/libmysqlclient.so.21.2.42)
==268755== 
==268755== 19 bytes in 1 blocks are still reachable in loss record 220 of 2,004
==268755==    at 0x4849013: operator new(unsigned long) (in /usr/libexec/valgrind/vgpreload_memcheck-amd64-linux.so)
==268755==    by 0x130468: __gnu_cxx::new_allocator<char>::allocate(unsigned long, void const*) (new_allocator.h:127)
==268755==    by 0x12F934: allocate (allocator.h:185)
==268755==    by 0x12F934: std::allocator_traits<std::allocator<char> >::allocate(std::allocator<char>&, unsigned long) (alloc_traits.h:464)
==268755==    by 0x12FCCD: std::__cxx11::basic_string<char, std::char_traits<char>, std::allocator<char> >::_M_create(unsigned long&, unsigned long) (basic_string.tcc:153)
==268755==    by 0x4902E5D: ??? (in /usr/lib/x86_64-linux-gnu/libmysqlclient.so.21.2.42)
==268755==    by 0x48E4ED1: ??? (in /usr/lib/x86_64-linux-gnu/libmysqlclient.so.21.2.42)
==268755==    by 0x48E5188: ??? (in /usr/lib/x86_64-linux-gnu/libmysqlclient.so.21.2.42)
==268755==    by 0x4906C43: ??? (in /usr/lib/x86_64-linux-gnu/libmysqlclient.so.21.2.42)
==268755==    by 0x48E6082: ??? (in /usr/lib/x86_64-linux-gnu/libmysqlclient.so.21.2.42)
==268755==    by 0x522BEE7: __pthread_once_slow (pthread_once.c:116)
==268755==    by 0x4903155: ??? (in /usr/lib/x86_64-linux-gnu/libmysqlclient.so.21.2.42)
==268755==    by 0x489CBB8: ??? (in /usr/lib/x86_64-linux-gnu/libmysqlclient.so.21.2.42)
==268755== 
==268755== 19 bytes in 1 blocks are still reachable in loss record 221 of 2,004
==268755==    at 0x4849013: operator new(unsigned long) (in /usr/libexec/valgrind/vgpreload_memcheck-amd64-linux.so)
==268755==    by 0x130468: __gnu_cxx::new_allocator<char>::allocate(unsigned long, void const*) (new_allocator.h:127)
==268755==    by 0x12F934: allocate (allocator.h:185)
==268755==    by 0x12F934: std::allocator_traits<std::allocator<char> >::allocate(std::allocator<char>&, unsigned long) (alloc_traits.h:464)
==268755==    by 0x12FCCD: std::__cxx11::basic_string<char, std::char_traits<char>, std::allocator<char> >::_M_create(unsigned long&, unsigned long) (basic_string.tcc:153)
==268755==    by 0x4902E5D: ??? (in /usr/lib/x86_64-linux-gnu/libmysqlclient.so.21.2.42)
==268755==    by 0x48E4ED1: ??? (in /usr/lib/x86_64-linux-gnu/libmysqlclient.so.21.2.42)
==268755==    by 0x4906D6B: ??? (in /usr/lib/x86_64-linux-gnu/libmysqlclient.so.21.2.42)
==268755==    by 0x48E6082: ??? (in /usr/lib/x86_64-linux-gnu/libmysqlclient.so.21.2.42)
==268755==    by 0x522BEE7: __pthread_once_slow (pthread_once.c:116)
==268755==    by 0x4903155: ??? (in /usr/lib/x86_64-linux-gnu/libmysqlclient.so.21.2.42)
==268755==    by 0x489CBB8: ??? (in /usr/lib/x86_64-linux-gnu/libmysqlclient.so.21.2.42)
==268755==    by 0x489D1FA: ??? (in /usr/lib/x86_64-linux-gnu/libmysqlclient.so.21.2.42)
==268755== 
==268755== 19 bytes in 1 blocks are still reachable in loss record 222 of 2,004
==268755==    at 0x4849013: operator new(unsigned long) (in /usr/libexec/valgrind/vgpreload_memcheck-amd64-linux.so)
==268755==    by 0x130468: __gnu_cxx::new_allocator<char>::allocate(unsigned long, void const*) (new_allocator.h:127)
==268755==    by 0x12F934: allocate (allocator.h:185)
==268755==    by 0x12F934: std::allocator_traits<std::allocator<char> >::allocate(std::allocator<char>&, unsigned long) (alloc_traits.h:464)
==268755==    by 0x12FCCD: std::__cxx11::basic_string<char, std::char_traits<char>, std::allocator<char> >::_M_create(unsigned long&, unsigned long) (basic_string.tcc:153)
==268755==    by 0x4902E5D: ??? (in /usr/lib/x86_64-linux-gnu/libmysqlclient.so.21.2.42)
==268755==    by 0x48E4ED1: ??? (in /usr/lib/x86_64-linux-gnu/libmysqlclient.so.21.2.42)
==268755==    by 0x4906DAD: ??? (in /usr/lib/x86_64-linux-gnu/libmysqlclient.so.21.2.42)
==268755==    by 0x48E6082: ??? (in /usr/lib/x86_64-linux-gnu/libmysqlclient.so.21.2.42)
==268755==    by 0x522BEE7: __pthread_once_slow (pthread_once.c:116)
==268755==    by 0x4903155: ??? (in /usr/lib/x86_64-linux-gnu/libmysqlclient.so.21.2.42)
==268755==    by 0x489CBB8: ??? (in /usr/lib/x86_64-linux-gnu/libmysqlclient.so.21.2.42)
==268755==    by 0x489D1FA: ??? (in /usr/lib/x86_64-linux-gnu/libmysqlclient.so.21.2.42)
==268755== 
==268755== 19 bytes in 1 blocks are still reachable in loss record 223 of 2,004
==268755==    at 0x4849013: operator new(unsigned long) (in /usr/libexec/valgrind/vgpreload_memcheck-amd64-linux.so)
==268755==    by 0x130468: __gnu_cxx::new_allocator<char>::allocate(unsigned long, void const*) (new_allocator.h:127)
==268755==    by 0x12F934: allocate (allocator.h:185)
==268755==    by 0x12F934: std::allocator_traits<std::allocator<char> >::allocate(std::allocator<char>&, unsigned long) (alloc_traits.h:464)
==268755==    by 0x12FCCD: std::__cxx11::basic_string<char, std::char_traits<char>, std::allocator<char> >::_M_create(unsigned long&, unsigned long) (basic_string.tcc:153)
==268755==    by 0x4902E5D: ??? (in /usr/lib/x86_64-linux-gnu/libmysqlclient.so.21.2.42)
==268755==    by 0x48E4ED1: ??? (in /usr/lib/x86_64-linux-gnu/libmysqlclient.so.21.2.42)
==268755==    by 0x4906DEF: ??? (in /usr/lib/x86_64-linux-gnu/libmysqlclient.so.21.2.42)
==268755==    by 0x48E6082: ??? (in /usr/lib/x86_64-linux-gnu/libmysqlclient.so.21.2.42)
==268755==    by 0x522BEE7: __pthread_once_slow (pthread_once.c:116)
==268755==    by 0x4903155: ??? (in /usr/lib/x86_64-linux-gnu/libmysqlclient.so.21.2.42)
==268755==    by 0x489CBB8: ??? (in /usr/lib/x86_64-linux-gnu/libmysqlclient.so.21.2.42)
==268755==    by 0x489D1FA: ??? (in /usr/lib/x86_64-linux-gnu/libmysqlclient.so.21.2.42)
==268755== 
==268755== 19 bytes in 1 blocks are still reachable in loss record 224 of 2,004
==268755==    at 0x4849013: operator new(unsigned long) (in /usr/libexec/valgrind/vgpreload_memcheck-amd64-linux.so)
==268755==    by 0x130468: __gnu_cxx::new_allocator<char>::allocate(unsigned long, void const*) (new_allocator.h:127)
==268755==    by 0x12F934: allocate (allocator.h:185)
==268755==    by 0x12F934: std::allocator_traits<std::allocator<char> >::allocate(std::allocator<char>&, unsigned long) (alloc_traits.h:464)
==268755==    by 0x12FCCD: std::__cxx11::basic_string<char, std::char_traits<char>, std::allocator<char> >::_M_create(unsigned long&, unsigned long) (basic_string.tcc:153)
==268755==    by 0x4902E5D: ??? (in /usr/lib/x86_64-linux-gnu/libmysqlclient.so.21.2.42)
==268755==    by 0x48E4ED1: ??? (in /usr/lib/x86_64-linux-gnu/libmysqlclient.so.21.2.42)
==268755==    by 0x4906E73: ??? (in /usr/lib/x86_64-linux-gnu/libmysqlclient.so.21.2.42)
==268755==    by 0x48E6082: ??? (in /usr/lib/x86_64-linux-gnu/libmysqlclient.so.21.2.42)
==268755==    by 0x522BEE7: __pthread_once_slow (pthread_once.c:116)
==268755==    by 0x4903155: ??? (in /usr/lib/x86_64-linux-gnu/libmysqlclient.so.21.2.42)
==268755==    by 0x489CBB8: ??? (in /usr/lib/x86_64-linux-gnu/libmysqlclient.so.21.2.42)
==268755==    by 0x489D1FA: ??? (in /usr/lib/x86_64-linux-gnu/libmysqlclient.so.21.2.42)
==268755== 
==268755== 19 bytes in 1 blocks are still reachable in loss record 225 of 2,004
==268755==    at 0x4849013: operator new(unsigned long) (in /usr/libexec/valgrind/vgpreload_memcheck-amd64-linux.so)
==268755==    by 0x130468: __gnu_cxx::new_allocator<char>::allocate(unsigned long, void const*) (new_allocator.h:127)
==268755==    by 0x12F934: allocate (allocator.h:185)
==268755==    by 0x12F934: std::allocator_traits<std::allocator<char> >::allocate(std::allocator<char>&, unsigned long) (alloc_traits.h:464)
==268755==    by 0x12FCCD: std::__cxx11::basic_string<char, std::char_traits<char>, std::allocator<char> >::_M_create(unsigned long&, unsigned long) (basic_string.tcc:153)
==268755==    by 0x4902E5D: ??? (in /usr/lib/x86_64-linux-gnu/libmysqlclient.so.21.2.42)
==268755==    by 0x48E4ED1: ??? (in /usr/lib/x86_64-linux-gnu/libmysqlclient.so.21.2.42)
==268755==    by 0x4906FBD: ??? (in /usr/lib/x86_64-linux-gnu/libmysqlclient.so.21.2.42)
==268755==    by 0x48E6082: ??? (in /usr/lib/x86_64-linux-gnu/libmysqlclient.so.21.2.42)
==268755==    by 0x522BEE7: __pthread_once_slow (pthread_once.c:116)
==268755==    by 0x4903155: ??? (in /usr/lib/x86_64-linux-gnu/libmysqlclient.so.21.2.42)
==268755==    by 0x489CBB8: ??? (in /usr/lib/x86_64-linux-gnu/libmysqlclient.so.21.2.42)
==268755==    by 0x489D1FA: ??? (in /usr/lib/x86_64-linux-gnu/libmysqlclient.so.21.2.42)
==268755== 
==268755== 19 bytes in 1 blocks are still reachable in loss record 226 of 2,004
==268755==    at 0x4849013: operator new(unsigned long) (in /usr/libexec/valgrind/vgpreload_memcheck-amd64-linux.so)
==268755==    by 0x130468: __gnu_cxx::new_allocator<char>::allocate(unsigned long, void const*) (new_allocator.h:127)
==268755==    by 0x12F934: allocate (allocator.h:185)
==268755==    by 0x12F934: std::allocator_traits<std::allocator<char> >::allocate(std::allocator<char>&, unsigned long) (alloc_traits.h:464)
==268755==    by 0x12FCCD: std::__cxx11::basic_string<char, std::char_traits<char>, std::allocator<char> >::_M_create(unsigned long&, unsigned long) (basic_string.tcc:153)
==268755==    by 0x4902E5D: ??? (in /usr/lib/x86_64-linux-gnu/libmysqlclient.so.21.2.42)
==268755==    by 0x48E4ED1: ??? (in /usr/lib/x86_64-linux-gnu/libmysqlclient.so.21.2.42)
==268755==    by 0x48E5188: ??? (in /usr/lib/x86_64-linux-gnu/libmysqlclient.so.21.2.42)
==268755==    by 0x4906FEB: ??? (in /usr/lib/x86_64-linux-gnu/libmysqlclient.so.21.2.42)
==268755==    by 0x48E6082: ??? (in /usr/lib/x86_64-linux-gnu/libmysqlclient.so.21.2.42)
==268755==    by 0x522BEE7: __pthread_once_slow (pthread_once.c:116)
==268755==    by 0x4903155: ??? (in /usr/lib/x86_64-linux-gnu/libmysqlclient.so.21.2.42)
==268755==    by 0x489CBB8: ??? (in /usr/lib/x86_64-linux-gnu/libmysqlclient.so.21.2.42)
==268755== 
==268755== 19 bytes in 1 blocks are still reachable in loss record 227 of 2,004
==268755==    at 0x4849013: operator new(unsigned long) (in /usr/libexec/valgrind/vgpreload_memcheck-amd64-linux.so)
==268755==    by 0x130468: __gnu_cxx::new_allocator<char>::allocate(unsigned long, void const*) (new_allocator.h:127)
==268755==    by 0x12F934: allocate (allocator.h:185)
==268755==    by 0x12F934: std::allocator_traits<std::allocator<char> >::allocate(std::allocator<char>&, unsigned long) (alloc_traits.h:464)
==268755==    by 0x12FCCD: std::__cxx11::basic_string<char, std::char_traits<char>, std::allocator<char> >::_M_create(unsigned long&, unsigned long) (basic_string.tcc:153)
==268755==    by 0x4902E5D: ??? (in /usr/lib/x86_64-linux-gnu/libmysqlclient.so.21.2.42)
==268755==    by 0x48E4ED1: ??? (in /usr/lib/x86_64-linux-gnu/libmysqlclient.so.21.2.42)
==268755==    by 0x490700B: ??? (in /usr/lib/x86_64-linux-gnu/libmysqlclient.so.21.2.42)
==268755==    by 0x48E6082: ??? (in /usr/lib/x86_64-linux-gnu/libmysqlclient.so.21.2.42)
==268755==    by 0x522BEE7: __pthread_once_slow (pthread_once.c:116)
==268755==    by 0x4903155: ??? (in /usr/lib/x86_64-linux-gnu/libmysqlclient.so.21.2.42)
==268755==    by 0x489CBB8: ??? (in /usr/lib/x86_64-linux-gnu/libmysqlclient.so.21.2.42)
==268755==    by 0x489D1FA: ??? (in /usr/lib/x86_64-linux-gnu/libmysqlclient.so.21.2.42)
==268755== 
==268755== 19 bytes in 1 blocks are still reachable in loss record 228 of 2,004
==268755==    at 0x4849013: operator new(unsigned long) (in /usr/libexec/valgrind/vgpreload_memcheck-amd64-linux.so)
==268755==    by 0x130468: __gnu_cxx::new_allocator<char>::allocate(unsigned long, void const*) (new_allocator.h:127)
==268755==    by 0x12F934: allocate (allocator.h:185)
==268755==    by 0x12F934: std::allocator_traits<std::allocator<char> >::allocate(std::allocator<char>&, unsigned long) (alloc_traits.h:464)
==268755==    by 0x12FCCD: std::__cxx11::basic_string<char, std::char_traits<char>, std::allocator<char> >::_M_create(unsigned long&, unsigned long) (basic_string.tcc:153)
==268755==    by 0x4902E5D: ??? (in /usr/lib/x86_64-linux-gnu/libmysqlclient.so.21.2.42)
==268755==    by 0x48E4ED1: ??? (in /usr/lib/x86_64-linux-gnu/libmysqlclient.so.21.2.42)
==268755==    by 0x49071A3: ??? (in /usr/lib/x86_64-linux-gnu/libmysqlclient.so.21.2.42)
==268755==    by 0x48E6082: ??? (in /usr/lib/x86_64-linux-gnu/libmysqlclient.so.21.2.42)
==268755==    by 0x522BEE7: __pthread_once_slow (pthread_once.c:116)
==268755==    by 0x4903155: ??? (in /usr/lib/x86_64-linux-gnu/libmysqlclient.so.21.2.42)
==268755==    by 0x489CBB8: ??? (in /usr/lib/x86_64-linux-gnu/libmysqlclient.so.21.2.42)
==268755==    by 0x489D1FA: ??? (in /usr/lib/x86_64-linux-gnu/libmysqlclient.so.21.2.42)
==268755== 
==268755== 19 bytes in 1 blocks are still reachable in loss record 229 of 2,004
==268755==    at 0x4849013: operator new(unsigned long) (in /usr/libexec/valgrind/vgpreload_memcheck-amd64-linux.so)
==268755==    by 0x130468: __gnu_cxx::new_allocator<char>::allocate(unsigned long, void const*) (new_allocator.h:127)
==268755==    by 0x12F934: allocate (allocator.h:185)
==268755==    by 0x12F934: std::allocator_traits<std::allocator<char> >::allocate(std::allocator<char>&, unsigned long) (alloc_traits.h:464)
==268755==    by 0x12FCCD: std::__cxx11::basic_string<char, std::char_traits<char>, std::allocator<char> >::_M_create(unsigned long&, unsigned long) (basic_string.tcc:153)
==268755==    by 0x4902E5D: ??? (in /usr/lib/x86_64-linux-gnu/libmysqlclient.so.21.2.42)
==268755==    by 0x48E4ED1: ??? (in /usr/lib/x86_64-linux-gnu/libmysqlclient.so.21.2.42)
==268755==    by 0x49072AB: ??? (in /usr/lib/x86_64-linux-gnu/libmysqlclient.so.21.2.42)
==268755==    by 0x48E6082: ??? (in /usr/lib/x86_64-linux-gnu/libmysqlclient.so.21.2.42)
==268755==    by 0x522BEE7: __pthread_once_slow (pthread_once.c:116)
==268755==    by 0x4903155: ??? (in /usr/lib/x86_64-linux-gnu/libmysqlclient.so.21.2.42)
==268755==    by 0x489CBB8: ??? (in /usr/lib/x86_64-linux-gnu/libmysqlclient.so.21.2.42)
==268755==    by 0x489D1FA: ??? (in /usr/lib/x86_64-linux-gnu/libmysqlclient.so.21.2.42)
==268755== 
==268755== 19 bytes in 1 blocks are still reachable in loss record 230 of 2,004
==268755==    at 0x4849013: operator new(unsigned long) (in /usr/libexec/valgrind/vgpreload_memcheck-amd64-linux.so)
==268755==    by 0x130468: __gnu_cxx::new_allocator<char>::allocate(unsigned long, void const*) (new_allocator.h:127)
==268755==    by 0x12F934: allocate (allocator.h:185)
==268755==    by 0x12F934: std::allocator_traits<std::allocator<char> >::allocate(std::allocator<char>&, unsigned long) (alloc_traits.h:464)
==268755==    by 0x12FCCD: std::__cxx11::basic_string<char, std::char_traits<char>, std::allocator<char> >::_M_create(unsigned long&, unsigned long) (basic_string.tcc:153)
==268755==    by 0x4902E5D: ??? (in /usr/lib/x86_64-linux-gnu/libmysqlclient.so.21.2.42)
==268755==    by 0x48E4ED1: ??? (in /usr/lib/x86_64-linux-gnu/libmysqlclient.so.21.2.42)
==268755==    by 0x48E5188: ??? (in /usr/lib/x86_64-linux-gnu/libmysqlclient.so.21.2.42)
==268755==    by 0x490735D: ??? (in /usr/lib/x86_64-linux-gnu/libmysqlclient.so.21.2.42)
==268755==    by 0x48E6082: ??? (in /usr/lib/x86_64-linux-gnu/libmysqlclient.so.21.2.42)
==268755==    by 0x522BEE7: __pthread_once_slow (pthread_once.c:116)
==268755==    by 0x4903155: ??? (in /usr/lib/x86_64-linux-gnu/libmysqlclient.so.21.2.42)
==268755==    by 0x489CBB8: ??? (in /usr/lib/x86_64-linux-gnu/libmysqlclient.so.21.2.42)
==268755== 
==268755== 19 bytes in 1 blocks are still reachable in loss record 231 of 2,004
==268755==    at 0x4849013: operator new(unsigned long) (in /usr/libexec/valgrind/vgpreload_memcheck-amd64-linux.so)
==268755==    by 0x130468: __gnu_cxx::new_allocator<char>::allocate(unsigned long, void const*) (new_allocator.h:127)
==268755==    by 0x12F934: allocate (allocator.h:185)
==268755==    by 0x12F934: std::allocator_traits<std::allocator<char> >::allocate(std::allocator<char>&, unsigned long) (alloc_traits.h:464)
==268755==    by 0x12FCCD: std::__cxx11::basic_string<char, std::char_traits<char>, std::allocator<char> >::_M_create(unsigned long&, unsigned long) (basic_string.tcc:153)
==268755==    by 0x4902E5D: ??? (in /usr/lib/x86_64-linux-gnu/libmysqlclient.so.21.2.42)
==268755==    by 0x48E4ED1: ??? (in /usr/lib/x86_64-linux-gnu/libmysqlclient.so.21.2.42)
==268755==    by 0x4907A13: ??? (in /usr/lib/x86_64-linux-gnu/libmysqlclient.so.21.2.42)
==268755==    by 0x48E6082: ??? (in /usr/lib/x86_64-linux-gnu/libmysqlclient.so.21.2.42)
==268755==    by 0x522BEE7: __pthread_once_slow (pthread_once.c:116)
==268755==    by 0x4903155: ??? (in /usr/lib/x86_64-linux-gnu/libmysqlclient.so.21.2.42)
==268755==    by 0x489CBB8: ??? (in /usr/lib/x86_64-linux-gnu/libmysqlclient.so.21.2.42)
==268755==    by 0x489D1FA: ??? (in /usr/lib/x86_64-linux-gnu/libmysqlclient.so.21.2.42)
==268755== 
==268755== 19 bytes in 1 blocks are still reachable in loss record 232 of 2,004
==268755==    at 0x4849013: operator new(unsigned long) (in /usr/libexec/valgrind/vgpreload_memcheck-amd64-linux.so)
==268755==    by 0x130468: __gnu_cxx::new_allocator<char>::allocate(unsigned long, void const*) (new_allocator.h:127)
==268755==    by 0x12F934: allocate (allocator.h:185)
==268755==    by 0x12F934: std::allocator_traits<std::allocator<char> >::allocate(std::allocator<char>&, unsigned long) (alloc_traits.h:464)
==268755==    by 0x12FCCD: std::__cxx11::basic_string<char, std::char_traits<char>, std::allocator<char> >::_M_create(unsigned long&, unsigned long) (basic_string.tcc:153)
==268755==    by 0x4902E5D: ??? (in /usr/lib/x86_64-linux-gnu/libmysqlclient.so.21.2.42)
==268755==    by 0x48E4ED1: ??? (in /usr/lib/x86_64-linux-gnu/libmysqlclient.so.21.2.42)
==268755==    by 0x4907FCB: ??? (in /usr/lib/x86_64-linux-gnu/libmysqlclient.so.21.2.42)
==268755==    by 0x48E6082: ??? (in /usr/lib/x86_64-linux-gnu/libmysqlclient.so.21.2.42)
==268755==    by 0x522BEE7: __pthread_once_slow (pthread_once.c:116)
==268755==    by 0x4903155: ??? (in /usr/lib/x86_64-linux-gnu/libmysqlclient.so.21.2.42)
==268755==    by 0x489CBB8: ??? (in /usr/lib/x86_64-linux-gnu/libmysqlclient.so.21.2.42)
==268755==    by 0x489D1FA: ??? (in /usr/lib/x86_64-linux-gnu/libmysqlclient.so.21.2.42)
==268755== 
==268755== 19 bytes in 1 blocks are still reachable in loss record 233 of 2,004
==268755==    at 0x4849013: operator new(unsigned long) (in /usr/libexec/valgrind/vgpreload_memcheck-amd64-linux.so)
==268755==    by 0x130468: __gnu_cxx::new_allocator<char>::allocate(unsigned long, void const*) (new_allocator.h:127)
==268755==    by 0x12F934: allocate (allocator.h:185)
==268755==    by 0x12F934: std::allocator_traits<std::allocator<char> >::allocate(std::allocator<char>&, unsigned long) (alloc_traits.h:464)
==268755==    by 0x12FCCD: std::__cxx11::basic_string<char, std::char_traits<char>, std::allocator<char> >::_M_create(unsigned long&, unsigned long) (basic_string.tcc:153)
==268755==    by 0x4902E5D: ??? (in /usr/lib/x86_64-linux-gnu/libmysqlclient.so.21.2.42)
==268755==    by 0x48E4ED1: ??? (in /usr/lib/x86_64-linux-gnu/libmysqlclient.so.21.2.42)
==268755==    by 0x49082AD: ??? (in /usr/lib/x86_64-linux-gnu/libmysqlclient.so.21.2.42)
==268755==    by 0x48E6082: ??? (in /usr/lib/x86_64-linux-gnu/libmysqlclient.so.21.2.42)
==268755==    by 0x522BEE7: __pthread_once_slow (pthread_once.c:116)
==268755==    by 0x4903155: ??? (in /usr/lib/x86_64-linux-gnu/libmysqlclient.so.21.2.42)
==268755==    by 0x489CBB8: ??? (in /usr/lib/x86_64-linux-gnu/libmysqlclient.so.21.2.42)
==268755==    by 0x489D1FA: ??? (in /usr/lib/x86_64-linux-gnu/libmysqlclient.so.21.2.42)
==268755== 
==268755== 19 bytes in 1 blocks are still reachable in loss record 234 of 2,004
==268755==    at 0x4849013: operator new(unsigned long) (in /usr/libexec/valgrind/vgpreload_memcheck-amd64-linux.so)
==268755==    by 0x130468: __gnu_cxx::new_allocator<char>::allocate(unsigned long, void const*) (new_allocator.h:127)
==268755==    by 0x12F934: allocate (allocator.h:185)
==268755==    by 0x12F934: std::allocator_traits<std::allocator<char> >::allocate(std::allocator<char>&, unsigned long) (alloc_traits.h:464)
==268755==    by 0x12FCCD: std::__cxx11::basic_string<char, std::char_traits<char>, std::allocator<char> >::_M_create(unsigned long&, unsigned long) (basic_string.tcc:153)
==268755==    by 0x4902E5D: ??? (in /usr/lib/x86_64-linux-gnu/libmysqlclient.so.21.2.42)
==268755==    by 0x48E4ED1: ??? (in /usr/lib/x86_64-linux-gnu/libmysqlclient.so.21.2.42)
==268755==    by 0x490837F: ??? (in /usr/lib/x86_64-linux-gnu/libmysqlclient.so.21.2.42)
==268755==    by 0x48E6082: ??? (in /usr/lib/x86_64-linux-gnu/libmysqlclient.so.21.2.42)
==268755==    by 0x522BEE7: __pthread_once_slow (pthread_once.c:116)
==268755==    by 0x4903155: ??? (in /usr/lib/x86_64-linux-gnu/libmysqlclient.so.21.2.42)
==268755==    by 0x489CBB8: ??? (in /usr/lib/x86_64-linux-gnu/libmysqlclient.so.21.2.42)
==268755==    by 0x489D1FA: ??? (in /usr/lib/x86_64-linux-gnu/libmysqlclient.so.21.2.42)
==268755== 
==268755== 19 bytes in 1 blocks are still reachable in loss record 235 of 2,004
==268755==    at 0x4849013: operator new(unsigned long) (in /usr/libexec/valgrind/vgpreload_memcheck-amd64-linux.so)
==268755==    by 0x130468: __gnu_cxx::new_allocator<char>::allocate(unsigned long, void const*) (new_allocator.h:127)
==268755==    by 0x12F934: allocate (allocator.h:185)
==268755==    by 0x12F934: std::allocator_traits<std::allocator<char> >::allocate(std::allocator<char>&, unsigned long) (alloc_traits.h:464)
==268755==    by 0x12FCCD: std::__cxx11::basic_string<char, std::char_traits<char>, std::allocator<char> >::_M_create(unsigned long&, unsigned long) (basic_string.tcc:153)
==268755==    by 0x4902E5D: ??? (in /usr/lib/x86_64-linux-gnu/libmysqlclient.so.21.2.42)
==268755==    by 0x48E4ED1: ??? (in /usr/lib/x86_64-linux-gnu/libmysqlclient.so.21.2.42)
==268755==    by 0x4908445: ??? (in /usr/lib/x86_64-linux-gnu/libmysqlclient.so.21.2.42)
==268755==    by 0x48E6082: ??? (in /usr/lib/x86_64-linux-gnu/libmysqlclient.so.21.2.42)
==268755==    by 0x522BEE7: __pthread_once_slow (pthread_once.c:116)
==268755==    by 0x4903155: ??? (in /usr/lib/x86_64-linux-gnu/libmysqlclient.so.21.2.42)
==268755==    by 0x489CBB8: ??? (in /usr/lib/x86_64-linux-gnu/libmysqlclient.so.21.2.42)
==268755==    by 0x489D1FA: ??? (in /usr/lib/x86_64-linux-gnu/libmysqlclient.so.21.2.42)
==268755== 
==268755== 19 bytes in 1 blocks are still reachable in loss record 236 of 2,004
==268755==    at 0x4849013: operator new(unsigned long) (in /usr/libexec/valgrind/vgpreload_memcheck-amd64-linux.so)
==268755==    by 0x130468: __gnu_cxx::new_allocator<char>::allocate(unsigned long, void const*) (new_allocator.h:127)
==268755==    by 0x12F934: allocate (allocator.h:185)
==268755==    by 0x12F934: std::allocator_traits<std::allocator<char> >::allocate(std::allocator<char>&, unsigned long) (alloc_traits.h:464)
==268755==    by 0x12FCCD: std::__cxx11::basic_string<char, std::char_traits<char>, std::allocator<char> >::_M_create(unsigned long&, unsigned long) (basic_string.tcc:153)
==268755==    by 0x4902E5D: ??? (in /usr/lib/x86_64-linux-gnu/libmysqlclient.so.21.2.42)
==268755==    by 0x48E4ED1: ??? (in /usr/lib/x86_64-linux-gnu/libmysqlclient.so.21.2.42)
==268755==    by 0x4908769: ??? (in /usr/lib/x86_64-linux-gnu/libmysqlclient.so.21.2.42)
==268755==    by 0x48E6082: ??? (in /usr/lib/x86_64-linux-gnu/libmysqlclient.so.21.2.42)
==268755==    by 0x522BEE7: __pthread_once_slow (pthread_once.c:116)
==268755==    by 0x4903155: ??? (in /usr/lib/x86_64-linux-gnu/libmysqlclient.so.21.2.42)
==268755==    by 0x489CBB8: ??? (in /usr/lib/x86_64-linux-gnu/libmysqlclient.so.21.2.42)
==268755==    by 0x489D1FA: ??? (in /usr/lib/x86_64-linux-gnu/libmysqlclient.so.21.2.42)
==268755== 
==268755== 19 bytes in 1 blocks are still reachable in loss record 237 of 2,004
==268755==    at 0x4849013: operator new(unsigned long) (in /usr/libexec/valgrind/vgpreload_memcheck-amd64-linux.so)
==268755==    by 0x130468: __gnu_cxx::new_allocator<char>::allocate(unsigned long, void const*) (new_allocator.h:127)
==268755==    by 0x12F934: allocate (allocator.h:185)
==268755==    by 0x12F934: std::allocator_traits<std::allocator<char> >::allocate(std::allocator<char>&, unsigned long) (alloc_traits.h:464)
==268755==    by 0x12FCCD: std::__cxx11::basic_string<char, std::char_traits<char>, std::allocator<char> >::_M_create(unsigned long&, unsigned long) (basic_string.tcc:153)
==268755==    by 0x4902E5D: ??? (in /usr/lib/x86_64-linux-gnu/libmysqlclient.so.21.2.42)
==268755==    by 0x48E4ED1: ??? (in /usr/lib/x86_64-linux-gnu/libmysqlclient.so.21.2.42)
==268755==    by 0x49087AB: ??? (in /usr/lib/x86_64-linux-gnu/libmysqlclient.so.21.2.42)
==268755==    by 0x48E6082: ??? (in /usr/lib/x86_64-linux-gnu/libmysqlclient.so.21.2.42)
==268755==    by 0x522BEE7: __pthread_once_slow (pthread_once.c:116)
==268755==    by 0x4903155: ??? (in /usr/lib/x86_64-linux-gnu/libmysqlclient.so.21.2.42)
==268755==    by 0x489CBB8: ??? (in /usr/lib/x86_64-linux-gnu/libmysqlclient.so.21.2.42)
==268755==    by 0x489D1FA: ??? (in /usr/lib/x86_64-linux-gnu/libmysqlclient.so.21.2.42)
==268755== 
==268755== 19 bytes in 1 blocks are still reachable in loss record 238 of 2,004
==268755==    at 0x4849013: operator new(unsigned long) (in /usr/libexec/valgrind/vgpreload_memcheck-amd64-linux.so)
==268755==    by 0x130468: __gnu_cxx::new_allocator<char>::allocate(unsigned long, void const*) (new_allocator.h:127)
==268755==    by 0x12F934: allocate (allocator.h:185)
==268755==    by 0x12F934: std::allocator_traits<std::allocator<char> >::allocate(std::allocator<char>&, unsigned long) (alloc_traits.h:464)
==268755==    by 0x12FCCD: std::__cxx11::basic_string<char, std::char_traits<char>, std::allocator<char> >::_M_create(unsigned long&, unsigned long) (basic_string.tcc:153)
==268755==    by 0x4902E5D: ??? (in /usr/lib/x86_64-linux-gnu/libmysqlclient.so.21.2.42)
==268755==    by 0x48E4ED1: ??? (in /usr/lib/x86_64-linux-gnu/libmysqlclient.so.21.2.42)
==268755==    by 0x48E5188: ??? (in /usr/lib/x86_64-linux-gnu/libmysqlclient.so.21.2.42)
==268755==    by 0x490897D: ??? (in /usr/lib/x86_64-linux-gnu/libmysqlclient.so.21.2.42)
==268755==    by 0x48E6082: ??? (in /usr/lib/x86_64-linux-gnu/libmysqlclient.so.21.2.42)
==268755==    by 0x522BEE7: __pthread_once_slow (pthread_once.c:116)
==268755==    by 0x4903155: ??? (in /usr/lib/x86_64-linux-gnu/libmysqlclient.so.21.2.42)
==268755==    by 0x489CBB8: ??? (in /usr/lib/x86_64-linux-gnu/libmysqlclient.so.21.2.42)
==268755== 
==268755== 19 bytes in 1 blocks are still reachable in loss record 239 of 2,004
==268755==    at 0x4849013: operator new(unsigned long) (in /usr/libexec/valgrind/vgpreload_memcheck-amd64-linux.so)
==268755==    by 0x130468: __gnu_cxx::new_allocator<char>::allocate(unsigned long, void const*) (new_allocator.h:127)
==268755==    by 0x12F934: allocate (allocator.h:185)
==268755==    by 0x12F934: std::allocator_traits<std::allocator<char> >::allocate(std::allocator<char>&, unsigned long) (alloc_traits.h:464)
==268755==    by 0x12FCCD: std::__cxx11::basic_string<char, std::char_traits<char>, std::allocator<char> >::_M_create(unsigned long&, unsigned long) (basic_string.tcc:153)
==268755==    by 0x4902E5D: ??? (in /usr/lib/x86_64-linux-gnu/libmysqlclient.so.21.2.42)
==268755==    by 0x48E4ED1: ??? (in /usr/lib/x86_64-linux-gnu/libmysqlclient.so.21.2.42)
==268755==    by 0x48E5188: ??? (in /usr/lib/x86_64-linux-gnu/libmysqlclient.so.21.2.42)
==268755==    by 0x49089D7: ??? (in /usr/lib/x86_64-linux-gnu/libmysqlclient.so.21.2.42)
==268755==    by 0x48E6082: ??? (in /usr/lib/x86_64-linux-gnu/libmysqlclient.so.21.2.42)
==268755==    by 0x522BEE7: __pthread_once_slow (pthread_once.c:116)
==268755==    by 0x4903155: ??? (in /usr/lib/x86_64-linux-gnu/libmysqlclient.so.21.2.42)
==268755==    by 0x489CBB8: ??? (in /usr/lib/x86_64-linux-gnu/libmysqlclient.so.21.2.42)
==268755== 
==268755== 19 bytes in 1 blocks are still reachable in loss record 240 of 2,004
==268755==    at 0x4849013: operator new(unsigned long) (in /usr/libexec/valgrind/vgpreload_memcheck-amd64-linux.so)
==268755==    by 0x130468: __gnu_cxx::new_allocator<char>::allocate(unsigned long, void const*) (new_allocator.h:127)
==268755==    by 0x12F934: allocate (allocator.h:185)
==268755==    by 0x12F934: std::allocator_traits<std::allocator<char> >::allocate(std::allocator<char>&, unsigned long) (alloc_traits.h:464)
==268755==    by 0x12FCCD: std::__cxx11::basic_string<char, std::char_traits<char>, std::allocator<char> >::_M_create(unsigned long&, unsigned long) (basic_string.tcc:153)
==268755==    by 0x4902E5D: ??? (in /usr/lib/x86_64-linux-gnu/libmysqlclient.so.21.2.42)
==268755==    by 0x48E4ED1: ??? (in /usr/lib/x86_64-linux-gnu/libmysqlclient.so.21.2.42)
==268755==    by 0x48E5188: ??? (in /usr/lib/x86_64-linux-gnu/libmysqlclient.so.21.2.42)
==268755==    by 0x4908C59: ??? (in /usr/lib/x86_64-linux-gnu/libmysqlclient.so.21.2.42)
==268755==    by 0x48E6082: ??? (in /usr/lib/x86_64-linux-gnu/libmysqlclient.so.21.2.42)
==268755==    by 0x522BEE7: __pthread_once_slow (pthread_once.c:116)
==268755==    by 0x4903155: ??? (in /usr/lib/x86_64-linux-gnu/libmysqlclient.so.21.2.42)
==268755==    by 0x489CBB8: ??? (in /usr/lib/x86_64-linux-gnu/libmysqlclient.so.21.2.42)
==268755== 
==268755== 19 bytes in 1 blocks are still reachable in loss record 241 of 2,004
==268755==    at 0x4849013: operator new(unsigned long) (in /usr/libexec/valgrind/vgpreload_memcheck-amd64-linux.so)
==268755==    by 0x130468: __gnu_cxx::new_allocator<char>::allocate(unsigned long, void const*) (new_allocator.h:127)
==268755==    by 0x12F934: allocate (allocator.h:185)
==268755==    by 0x12F934: std::allocator_traits<std::allocator<char> >::allocate(std::allocator<char>&, unsigned long) (alloc_traits.h:464)
==268755==    by 0x12FCCD: std::__cxx11::basic_string<char, std::char_traits<char>, std::allocator<char> >::_M_create(unsigned long&, unsigned long) (basic_string.tcc:153)
==268755==    by 0x4902E5D: ??? (in /usr/lib/x86_64-linux-gnu/libmysqlclient.so.21.2.42)
==268755==    by 0x48E4ED1: ??? (in /usr/lib/x86_64-linux-gnu/libmysqlclient.so.21.2.42)
==268755==    by 0x4908C79: ??? (in /usr/lib/x86_64-linux-gnu/libmysqlclient.so.21.2.42)
==268755==    by 0x48E6082: ??? (in /usr/lib/x86_64-linux-gnu/libmysqlclient.so.21.2.42)
==268755==    by 0x522BEE7: __pthread_once_slow (pthread_once.c:116)
==268755==    by 0x4903155: ??? (in /usr/lib/x86_64-linux-gnu/libmysqlclient.so.21.2.42)
==268755==    by 0x489CBB8: ??? (in /usr/lib/x86_64-linux-gnu/libmysqlclient.so.21.2.42)
==268755==    by 0x489D1FA: ??? (in /usr/lib/x86_64-linux-gnu/libmysqlclient.so.21.2.42)
==268755== 
==268755== 19 bytes in 1 blocks are still reachable in loss record 242 of 2,004
==268755==    at 0x4848899: malloc (in /usr/libexec/valgrind/vgpreload_memcheck-amd64-linux.so)
==268755==    by 0x561772A: CRYPTO_strdup (in /usr/lib/x86_64-linux-gnu/libcrypto.so.3)
==268755==    by 0x5539653: BIO_meth_new (in /usr/lib/x86_64-linux-gnu/libcrypto.so.3)
==268755==    by 0x56A1782: ??? (in /usr/lib/x86_64-linux-gnu/libcrypto.so.3)
==268755==    by 0x56A1B1F: ??? (in /usr/lib/x86_64-linux-gnu/libcrypto.so.3)
==268755==    by 0x5628D75: ??? (in /usr/lib/x86_64-linux-gnu/libcrypto.so.3)
==268755==    by 0x562AAAB: ??? (in /usr/lib/x86_64-linux-gnu/libcrypto.so.3)
==268755==    by 0x562AB70: ??? (in /usr/lib/x86_64-linux-gnu/libcrypto.so.3)
==268755==    by 0x56F44E7: ??? (in /usr/lib/x86_64-linux-gnu/libcrypto.so.3)
==268755==    by 0x56F4B3D: ??? (in /usr/lib/x86_64-linux-gnu/libcrypto.so.3)
==268755==    by 0x55EC302: EVP_CIPHER_fetch (in /usr/lib/x86_64-linux-gnu/libcrypto.so.3)
==268755==    by 0x53F137A: ??? (in /usr/lib/x86_64-linux-gnu/libssl.so.3)
==268755== 
==268755== 19 bytes in 2 blocks are still reachable in loss record 243 of 2,004
==268755==    at 0x4848899: malloc (in /usr/libexec/valgrind/vgpreload_memcheck-amd64-linux.so)
==268755==    by 0x561772A: CRYPTO_strdup (in /usr/lib/x86_64-linux-gnu/libcrypto.so.3)
==268755==    by 0x5578B19: CONF_modules_load (in /usr/lib/x86_64-linux-gnu/libcrypto.so.3)
==268755==    by 0x5578FCD: CONF_modules_load_file_ex (in /usr/lib/x86_64-linux-gnu/libcrypto.so.3)
==268755==    by 0x561E19F: ??? (in /usr/lib/x86_64-linux-gnu/libcrypto.so.3)
==268755==    by 0x522BEE7: __pthread_once_slow (pthread_once.c:116)
==268755==    by 0x5621C9C: CRYPTO_THREAD_run_once (in /usr/lib/x86_64-linux-gnu/libcrypto.so.3)
==268755==    by 0x561EC05: OPENSSL_init_crypto (in /usr/lib/x86_64-linux-gnu/libcrypto.so.3)
==268755==    by 0x53EB9B6: OPENSSL_init_ssl (in /usr/lib/x86_64-linux-gnu/libssl.so.3)
==268755==    by 0x488FB29: mysql_server_init (in /usr/lib/x86_64-linux-gnu/libmysqlclient.so.21.2.42)
==268755==    by 0x1ED98C: cpp_dbc::MySQL::MySQLDriver::MySQLDriver() (driver_mysql.cpp:797)
==268755==    by 0x163CB6: decltype (::new ((void*)(0)) cpp_dbc::MySQL::MySQLDriver()) std::construct_at<cpp_dbc::MySQL::MySQLDriver>(cpp_dbc::MySQL::MySQLDriver*) (stl_construct.h:97)
==268755== 
==268755== 20 bytes in 1 blocks are still reachable in loss record 244 of 2,004
==268755==    at 0x4848899: malloc (in /usr/libexec/valgrind/vgpreload_memcheck-amd64-linux.so)
==268755==    by 0x561772A: CRYPTO_strdup (in /usr/lib/x86_64-linux-gnu/libcrypto.so.3)
==268755==    by 0x5576144: ??? (in /usr/lib/x86_64-linux-gnu/libcrypto.so.3)
==268755==    by 0x5578B6D: CONF_modules_load (in /usr/lib/x86_64-linux-gnu/libcrypto.so.3)
==268755==    by 0x5578FCD: CONF_modules_load_file_ex (in /usr/lib/x86_64-linux-gnu/libcrypto.so.3)
==268755==    by 0x561E19F: ??? (in /usr/lib/x86_64-linux-gnu/libcrypto.so.3)
==268755==    by 0x522BEE7: __pthread_once_slow (pthread_once.c:116)
==268755==    by 0x5621C9C: CRYPTO_THREAD_run_once (in /usr/lib/x86_64-linux-gnu/libcrypto.so.3)
==268755==    by 0x561EC05: OPENSSL_init_crypto (in /usr/lib/x86_64-linux-gnu/libcrypto.so.3)
==268755==    by 0x53EB9B6: OPENSSL_init_ssl (in /usr/lib/x86_64-linux-gnu/libssl.so.3)
==268755==    by 0x488FB29: mysql_server_init (in /usr/lib/x86_64-linux-gnu/libmysqlclient.so.21.2.42)
==268755==    by 0x1ED98C: cpp_dbc::MySQL::MySQLDriver::MySQLDriver() (driver_mysql.cpp:797)
==268755== 
==268755== 20 bytes in 1 blocks are still reachable in loss record 245 of 2,004
==268755==    at 0x4849013: operator new(unsigned long) (in /usr/libexec/valgrind/vgpreload_memcheck-amd64-linux.so)
==268755==    by 0x130468: __gnu_cxx::new_allocator<char>::allocate(unsigned long, void const*) (new_allocator.h:127)
==268755==    by 0x12F934: allocate (allocator.h:185)
==268755==    by 0x12F934: std::allocator_traits<std::allocator<char> >::allocate(std::allocator<char>&, unsigned long) (alloc_traits.h:464)
==268755==    by 0x12FCCD: std::__cxx11::basic_string<char, std::char_traits<char>, std::allocator<char> >::_M_create(unsigned long&, unsigned long) (basic_string.tcc:153)
==268755==    by 0x4902E5D: ??? (in /usr/lib/x86_64-linux-gnu/libmysqlclient.so.21.2.42)
==268755==    by 0x48E4ED1: ??? (in /usr/lib/x86_64-linux-gnu/libmysqlclient.so.21.2.42)
==268755==    by 0x4905D15: ??? (in /usr/lib/x86_64-linux-gnu/libmysqlclient.so.21.2.42)
==268755==    by 0x48E6082: ??? (in /usr/lib/x86_64-linux-gnu/libmysqlclient.so.21.2.42)
==268755==    by 0x522BEE7: __pthread_once_slow (pthread_once.c:116)
==268755==    by 0x4903155: ??? (in /usr/lib/x86_64-linux-gnu/libmysqlclient.so.21.2.42)
==268755==    by 0x489CBB8: ??? (in /usr/lib/x86_64-linux-gnu/libmysqlclient.so.21.2.42)
==268755==    by 0x489D1FA: ??? (in /usr/lib/x86_64-linux-gnu/libmysqlclient.so.21.2.42)
==268755== 
==268755== 20 bytes in 1 blocks are still reachable in loss record 246 of 2,004
==268755==    at 0x4849013: operator new(unsigned long) (in /usr/libexec/valgrind/vgpreload_memcheck-amd64-linux.so)
==268755==    by 0x130468: __gnu_cxx::new_allocator<char>::allocate(unsigned long, void const*) (new_allocator.h:127)
==268755==    by 0x12F934: allocate (allocator.h:185)
==268755==    by 0x12F934: std::allocator_traits<std::allocator<char> >::allocate(std::allocator<char>&, unsigned long) (alloc_traits.h:464)
==268755==    by 0x12FCCD: std::__cxx11::basic_string<char, std::char_traits<char>, std::allocator<char> >::_M_create(unsigned long&, unsigned long) (basic_string.tcc:153)
==268755==    by 0x4902E5D: ??? (in /usr/lib/x86_64-linux-gnu/libmysqlclient.so.21.2.42)
==268755==    by 0x48E4ED1: ??? (in /usr/lib/x86_64-linux-gnu/libmysqlclient.so.21.2.42)
==268755==    by 0x49065EB: ??? (in /usr/lib/x86_64-linux-gnu/libmysqlclient.so.21.2.42)
==268755==    by 0x48E6082: ??? (in /usr/lib/x86_64-linux-gnu/libmysqlclient.so.21.2.42)
==268755==    by 0x522BEE7: __pthread_once_slow (pthread_once.c:116)
==268755==    by 0x4903155: ??? (in /usr/lib/x86_64-linux-gnu/libmysqlclient.so.21.2.42)
==268755==    by 0x489CBB8: ??? (in /usr/lib/x86_64-linux-gnu/libmysqlclient.so.21.2.42)
==268755==    by 0x489D1FA: ??? (in /usr/lib/x86_64-linux-gnu/libmysqlclient.so.21.2.42)
==268755== 
==268755== 20 bytes in 1 blocks are still reachable in loss record 247 of 2,004
==268755==    at 0x4849013: operator new(unsigned long) (in /usr/libexec/valgrind/vgpreload_memcheck-amd64-linux.so)
==268755==    by 0x130468: __gnu_cxx::new_allocator<char>::allocate(unsigned long, void const*) (new_allocator.h:127)
==268755==    by 0x12F934: allocate (allocator.h:185)
==268755==    by 0x12F934: std::allocator_traits<std::allocator<char> >::allocate(std::allocator<char>&, unsigned long) (alloc_traits.h:464)
==268755==    by 0x12FCCD: std::__cxx11::basic_string<char, std::char_traits<char>, std::allocator<char> >::_M_create(unsigned long&, unsigned long) (basic_string.tcc:153)
==268755==    by 0x4902E5D: ??? (in /usr/lib/x86_64-linux-gnu/libmysqlclient.so.21.2.42)
==268755==    by 0x48E4ED1: ??? (in /usr/lib/x86_64-linux-gnu/libmysqlclient.so.21.2.42)
==268755==    by 0x4906861: ??? (in /usr/lib/x86_64-linux-gnu/libmysqlclient.so.21.2.42)
==268755==    by 0x48E6082: ??? (in /usr/lib/x86_64-linux-gnu/libmysqlclient.so.21.2.42)
==268755==    by 0x522BEE7: __pthread_once_slow (pthread_once.c:116)
==268755==    by 0x4903155: ??? (in /usr/lib/x86_64-linux-gnu/libmysqlclient.so.21.2.42)
==268755==    by 0x489CBB8: ??? (in /usr/lib/x86_64-linux-gnu/libmysqlclient.so.21.2.42)
==268755==    by 0x489D1FA: ??? (in /usr/lib/x86_64-linux-gnu/libmysqlclient.so.21.2.42)
==268755== 
==268755== 20 bytes in 1 blocks are still reachable in loss record 248 of 2,004
==268755==    at 0x4849013: operator new(unsigned long) (in /usr/libexec/valgrind/vgpreload_memcheck-amd64-linux.so)
==268755==    by 0x130468: __gnu_cxx::new_allocator<char>::allocate(unsigned long, void const*) (new_allocator.h:127)
==268755==    by 0x12F934: allocate (allocator.h:185)
==268755==    by 0x12F934: std::allocator_traits<std::allocator<char> >::allocate(std::allocator<char>&, unsigned long) (alloc_traits.h:464)
==268755==    by 0x12FCCD: std::__cxx11::basic_string<char, std::char_traits<char>, std::allocator<char> >::_M_create(unsigned long&, unsigned long) (basic_string.tcc:153)
==268755==    by 0x4902E5D: ??? (in /usr/lib/x86_64-linux-gnu/libmysqlclient.so.21.2.42)
==268755==    by 0x48E4ED1: ??? (in /usr/lib/x86_64-linux-gnu/libmysqlclient.so.21.2.42)
==268755==    by 0x4906927: ??? (in /usr/lib/x86_64-linux-gnu/libmysqlclient.so.21.2.42)
==268755==    by 0x48E6082: ??? (in /usr/lib/x86_64-linux-gnu/libmysqlclient.so.21.2.42)
==268755==    by 0x522BEE7: __pthread_once_slow (pthread_once.c:116)
==268755==    by 0x4903155: ??? (in /usr/lib/x86_64-linux-gnu/libmysqlclient.so.21.2.42)
==268755==    by 0x489CBB8: ??? (in /usr/lib/x86_64-linux-gnu/libmysqlclient.so.21.2.42)
==268755==    by 0x489D1FA: ??? (in /usr/lib/x86_64-linux-gnu/libmysqlclient.so.21.2.42)
==268755== 
==268755== 20 bytes in 1 blocks are still reachable in loss record 249 of 2,004
==268755==    at 0x4849013: operator new(unsigned long) (in /usr/libexec/valgrind/vgpreload_memcheck-amd64-linux.so)
==268755==    by 0x130468: __gnu_cxx::new_allocator<char>::allocate(unsigned long, void const*) (new_allocator.h:127)
==268755==    by 0x12F934: allocate (allocator.h:185)
==268755==    by 0x12F934: std::allocator_traits<std::allocator<char> >::allocate(std::allocator<char>&, unsigned long) (alloc_traits.h:464)
==268755==    by 0x12FCCD: std::__cxx11::basic_string<char, std::char_traits<char>, std::allocator<char> >::_M_create(unsigned long&, unsigned long) (basic_string.tcc:153)
==268755==    by 0x4902E5D: ??? (in /usr/lib/x86_64-linux-gnu/libmysqlclient.so.21.2.42)
==268755==    by 0x48E4ED1: ??? (in /usr/lib/x86_64-linux-gnu/libmysqlclient.so.21.2.42)
==268755==    by 0x4906ACB: ??? (in /usr/lib/x86_64-linux-gnu/libmysqlclient.so.21.2.42)
==268755==    by 0x48E6082: ??? (in /usr/lib/x86_64-linux-gnu/libmysqlclient.so.21.2.42)
==268755==    by 0x522BEE7: __pthread_once_slow (pthread_once.c:116)
==268755==    by 0x4903155: ??? (in /usr/lib/x86_64-linux-gnu/libmysqlclient.so.21.2.42)
==268755==    by 0x489CBB8: ??? (in /usr/lib/x86_64-linux-gnu/libmysqlclient.so.21.2.42)
==268755==    by 0x489D1FA: ??? (in /usr/lib/x86_64-linux-gnu/libmysqlclient.so.21.2.42)
==268755== 
==268755== 20 bytes in 1 blocks are still reachable in loss record 250 of 2,004
==268755==    at 0x4849013: operator new(unsigned long) (in /usr/libexec/valgrind/vgpreload_memcheck-amd64-linux.so)
==268755==    by 0x130468: __gnu_cxx::new_allocator<char>::allocate(unsigned long, void const*) (new_allocator.h:127)
==268755==    by 0x12F934: allocate (allocator.h:185)
==268755==    by 0x12F934: std::allocator_traits<std::allocator<char> >::allocate(std::allocator<char>&, unsigned long) (alloc_traits.h:464)
==268755==    by 0x12FCCD: std::__cxx11::basic_string<char, std::char_traits<char>, std::allocator<char> >::_M_create(unsigned long&, unsigned long) (basic_string.tcc:153)
==268755==    by 0x4902E5D: ??? (in /usr/lib/x86_64-linux-gnu/libmysqlclient.so.21.2.42)
==268755==    by 0x48E4ED1: ??? (in /usr/lib/x86_64-linux-gnu/libmysqlclient.so.21.2.42)
==268755==    by 0x4906C15: ??? (in /usr/lib/x86_64-linux-gnu/libmysqlclient.so.21.2.42)
==268755==    by 0x48E6082: ??? (in /usr/lib/x86_64-linux-gnu/libmysqlclient.so.21.2.42)
==268755==    by 0x522BEE7: __pthread_once_slow (pthread_once.c:116)
==268755==    by 0x4903155: ??? (in /usr/lib/x86_64-linux-gnu/libmysqlclient.so.21.2.42)
==268755==    by 0x489CBB8: ??? (in /usr/lib/x86_64-linux-gnu/libmysqlclient.so.21.2.42)
==268755==    by 0x489D1FA: ??? (in /usr/lib/x86_64-linux-gnu/libmysqlclient.so.21.2.42)
==268755== 
==268755== 20 bytes in 1 blocks are still reachable in loss record 251 of 2,004
==268755==    at 0x4849013: operator new(unsigned long) (in /usr/libexec/valgrind/vgpreload_memcheck-amd64-linux.so)
==268755==    by 0x130468: __gnu_cxx::new_allocator<char>::allocate(unsigned long, void const*) (new_allocator.h:127)
==268755==    by 0x12F934: allocate (allocator.h:185)
==268755==    by 0x12F934: std::allocator_traits<std::allocator<char> >::allocate(std::allocator<char>&, unsigned long) (alloc_traits.h:464)
==268755==    by 0x12FCCD: std::__cxx11::basic_string<char, std::char_traits<char>, std::allocator<char> >::_M_create(unsigned long&, unsigned long) (basic_string.tcc:153)
==268755==    by 0x4902E5D: ??? (in /usr/lib/x86_64-linux-gnu/libmysqlclient.so.21.2.42)
==268755==    by 0x48E4ED1: ??? (in /usr/lib/x86_64-linux-gnu/libmysqlclient.so.21.2.42)
==268755==    by 0x4906EB5: ??? (in /usr/lib/x86_64-linux-gnu/libmysqlclient.so.21.2.42)
==268755==    by 0x48E6082: ??? (in /usr/lib/x86_64-linux-gnu/libmysqlclient.so.21.2.42)
==268755==    by 0x522BEE7: __pthread_once_slow (pthread_once.c:116)
==268755==    by 0x4903155: ??? (in /usr/lib/x86_64-linux-gnu/libmysqlclient.so.21.2.42)
==268755==    by 0x489CBB8: ??? (in /usr/lib/x86_64-linux-gnu/libmysqlclient.so.21.2.42)
==268755==    by 0x489D1FA: ??? (in /usr/lib/x86_64-linux-gnu/libmysqlclient.so.21.2.42)
==268755== 
==268755== 20 bytes in 1 blocks are still reachable in loss record 252 of 2,004
==268755==    at 0x4849013: operator new(unsigned long) (in /usr/libexec/valgrind/vgpreload_memcheck-amd64-linux.so)
==268755==    by 0x130468: __gnu_cxx::new_allocator<char>::allocate(unsigned long, void const*) (new_allocator.h:127)
==268755==    by 0x12F934: allocate (allocator.h:185)
==268755==    by 0x12F934: std::allocator_traits<std::allocator<char> >::allocate(std::allocator<char>&, unsigned long) (alloc_traits.h:464)
==268755==    by 0x12FCCD: std::__cxx11::basic_string<char, std::char_traits<char>, std::allocator<char> >::_M_create(unsigned long&, unsigned long) (basic_string.tcc:153)
==268755==    by 0x4902E5D: ??? (in /usr/lib/x86_64-linux-gnu/libmysqlclient.so.21.2.42)
==268755==    by 0x48E4ED1: ??? (in /usr/lib/x86_64-linux-gnu/libmysqlclient.so.21.2.42)
==268755==    by 0x4906F7B: ??? (in /usr/lib/x86_64-linux-gnu/libmysqlclient.so.21.2.42)
==268755==    by 0x48E6082: ??? (in /usr/lib/x86_64-linux-gnu/libmysqlclient.so.21.2.42)
==268755==    by 0x522BEE7: __pthread_once_slow (pthread_once.c:116)
==268755==    by 0x4903155: ??? (in /usr/lib/x86_64-linux-gnu/libmysqlclient.so.21.2.42)
==268755==    by 0x489CBB8: ??? (in /usr/lib/x86_64-linux-gnu/libmysqlclient.so.21.2.42)
==268755==    by 0x489D1FA: ??? (in /usr/lib/x86_64-linux-gnu/libmysqlclient.so.21.2.42)
==268755== 
==268755== 20 bytes in 1 blocks are still reachable in loss record 253 of 2,004
==268755==    at 0x4849013: operator new(unsigned long) (in /usr/libexec/valgrind/vgpreload_memcheck-amd64-linux.so)
==268755==    by 0x130468: __gnu_cxx::new_allocator<char>::allocate(unsigned long, void const*) (new_allocator.h:127)
==268755==    by 0x12F934: allocate (allocator.h:185)
==268755==    by 0x12F934: std::allocator_traits<std::allocator<char> >::allocate(std::allocator<char>&, unsigned long) (alloc_traits.h:464)
==268755==    by 0x12FCCD: std::__cxx11::basic_string<char, std::char_traits<char>, std::allocator<char> >::_M_create(unsigned long&, unsigned long) (basic_string.tcc:153)
==268755==    by 0x4902E5D: ??? (in /usr/lib/x86_64-linux-gnu/libmysqlclient.so.21.2.42)
==268755==    by 0x48E4ED1: ??? (in /usr/lib/x86_64-linux-gnu/libmysqlclient.so.21.2.42)
==268755==    by 0x4907155: ??? (in /usr/lib/x86_64-linux-gnu/libmysqlclient.so.21.2.42)
==268755==    by 0x48E6082: ??? (in /usr/lib/x86_64-linux-gnu/libmysqlclient.so.21.2.42)
==268755==    by 0x522BEE7: __pthread_once_slow (pthread_once.c:116)
==268755==    by 0x4903155: ??? (in /usr/lib/x86_64-linux-gnu/libmysqlclient.so.21.2.42)
==268755==    by 0x489CBB8: ??? (in /usr/lib/x86_64-linux-gnu/libmysqlclient.so.21.2.42)
==268755==    by 0x489D1FA: ??? (in /usr/lib/x86_64-linux-gnu/libmysqlclient.so.21.2.42)
==268755== 
==268755== 20 bytes in 1 blocks are still reachable in loss record 254 of 2,004
==268755==    at 0x4849013: operator new(unsigned long) (in /usr/libexec/valgrind/vgpreload_memcheck-amd64-linux.so)
==268755==    by 0x130468: __gnu_cxx::new_allocator<char>::allocate(unsigned long, void const*) (new_allocator.h:127)
==268755==    by 0x12F934: allocate (allocator.h:185)
==268755==    by 0x12F934: std::allocator_traits<std::allocator<char> >::allocate(std::allocator<char>&, unsigned long) (alloc_traits.h:464)
==268755==    by 0x12FCCD: std::__cxx11::basic_string<char, std::char_traits<char>, std::allocator<char> >::_M_create(unsigned long&, unsigned long) (basic_string.tcc:153)
==268755==    by 0x4902E5D: ??? (in /usr/lib/x86_64-linux-gnu/libmysqlclient.so.21.2.42)
==268755==    by 0x48E4ED1: ??? (in /usr/lib/x86_64-linux-gnu/libmysqlclient.so.21.2.42)
==268755==    by 0x4907269: ??? (in /usr/lib/x86_64-linux-gnu/libmysqlclient.so.21.2.42)
==268755==    by 0x48E6082: ??? (in /usr/lib/x86_64-linux-gnu/libmysqlclient.so.21.2.42)
==268755==    by 0x522BEE7: __pthread_once_slow (pthread_once.c:116)
==268755==    by 0x4903155: ??? (in /usr/lib/x86_64-linux-gnu/libmysqlclient.so.21.2.42)
==268755==    by 0x489CBB8: ??? (in /usr/lib/x86_64-linux-gnu/libmysqlclient.so.21.2.42)
==268755==    by 0x489D1FA: ??? (in /usr/lib/x86_64-linux-gnu/libmysqlclient.so.21.2.42)
==268755== 
==268755== 20 bytes in 1 blocks are still reachable in loss record 255 of 2,004
==268755==    at 0x4849013: operator new(unsigned long) (in /usr/libexec/valgrind/vgpreload_memcheck-amd64-linux.so)
==268755==    by 0x130468: __gnu_cxx::new_allocator<char>::allocate(unsigned long, void const*) (new_allocator.h:127)
==268755==    by 0x12F934: allocate (allocator.h:185)
==268755==    by 0x12F934: std::allocator_traits<std::allocator<char> >::allocate(std::allocator<char>&, unsigned long) (alloc_traits.h:464)
==268755==    by 0x12FCCD: std::__cxx11::basic_string<char, std::char_traits<char>, std::allocator<char> >::_M_create(unsigned long&, unsigned long) (basic_string.tcc:153)
==268755==    by 0x4902E5D: ??? (in /usr/lib/x86_64-linux-gnu/libmysqlclient.so.21.2.42)
==268755==    by 0x48E4ED1: ??? (in /usr/lib/x86_64-linux-gnu/libmysqlclient.so.21.2.42)
==268755==    by 0x490861F: ??? (in /usr/lib/x86_64-linux-gnu/libmysqlclient.so.21.2.42)
==268755==    by 0x48E6082: ??? (in /usr/lib/x86_64-linux-gnu/libmysqlclient.so.21.2.42)
==268755==    by 0x522BEE7: __pthread_once_slow (pthread_once.c:116)
==268755==    by 0x4903155: ??? (in /usr/lib/x86_64-linux-gnu/libmysqlclient.so.21.2.42)
==268755==    by 0x489CBB8: ??? (in /usr/lib/x86_64-linux-gnu/libmysqlclient.so.21.2.42)
==268755==    by 0x489D1FA: ??? (in /usr/lib/x86_64-linux-gnu/libmysqlclient.so.21.2.42)
==268755== 
==268755== 20 bytes in 1 blocks are still reachable in loss record 256 of 2,004
==268755==    at 0x4849013: operator new(unsigned long) (in /usr/libexec/valgrind/vgpreload_memcheck-amd64-linux.so)
==268755==    by 0x130468: __gnu_cxx::new_allocator<char>::allocate(unsigned long, void const*) (new_allocator.h:127)
==268755==    by 0x12F934: allocate (allocator.h:185)
==268755==    by 0x12F934: std::allocator_traits<std::allocator<char> >::allocate(std::allocator<char>&, unsigned long) (alloc_traits.h:464)
==268755==    by 0x12FCCD: std::__cxx11::basic_string<char, std::char_traits<char>, std::allocator<char> >::_M_create(unsigned long&, unsigned long) (basic_string.tcc:153)
==268755==    by 0x4902E5D: ??? (in /usr/lib/x86_64-linux-gnu/libmysqlclient.so.21.2.42)
==268755==    by 0x48E4ED1: ??? (in /usr/lib/x86_64-linux-gnu/libmysqlclient.so.21.2.42)
==268755==    by 0x48E5188: ??? (in /usr/lib/x86_64-linux-gnu/libmysqlclient.so.21.2.42)
==268755==    by 0x490889F: ??? (in /usr/lib/x86_64-linux-gnu/libmysqlclient.so.21.2.42)
==268755==    by 0x48E6082: ??? (in /usr/lib/x86_64-linux-gnu/libmysqlclient.so.21.2.42)
==268755==    by 0x522BEE7: __pthread_once_slow (pthread_once.c:116)
==268755==    by 0x4903155: ??? (in /usr/lib/x86_64-linux-gnu/libmysqlclient.so.21.2.42)
==268755==    by 0x489CBB8: ??? (in /usr/lib/x86_64-linux-gnu/libmysqlclient.so.21.2.42)
==268755== 
==268755== 20 bytes in 1 blocks are still reachable in loss record 257 of 2,004
==268755==    at 0x4849013: operator new(unsigned long) (in /usr/libexec/valgrind/vgpreload_memcheck-amd64-linux.so)
==268755==    by 0x130468: __gnu_cxx::new_allocator<char>::allocate(unsigned long, void const*) (new_allocator.h:127)
==268755==    by 0x12F934: allocate (allocator.h:185)
==268755==    by 0x12F934: std::allocator_traits<std::allocator<char> >::allocate(std::allocator<char>&, unsigned long) (alloc_traits.h:464)
==268755==    by 0x12FCCD: std::__cxx11::basic_string<char, std::char_traits<char>, std::allocator<char> >::_M_create(unsigned long&, unsigned long) (basic_string.tcc:153)
==268755==    by 0x4902E5D: ??? (in /usr/lib/x86_64-linux-gnu/libmysqlclient.so.21.2.42)
==268755==    by 0x48E4ED1: ??? (in /usr/lib/x86_64-linux-gnu/libmysqlclient.so.21.2.42)
==268755==    by 0x48E5188: ??? (in /usr/lib/x86_64-linux-gnu/libmysqlclient.so.21.2.42)
==268755==    by 0x4908B7B: ??? (in /usr/lib/x86_64-linux-gnu/libmysqlclient.so.21.2.42)
==268755==    by 0x48E6082: ??? (in /usr/lib/x86_64-linux-gnu/libmysqlclient.so.21.2.42)
==268755==    by 0x522BEE7: __pthread_once_slow (pthread_once.c:116)
==268755==    by 0x4903155: ??? (in /usr/lib/x86_64-linux-gnu/libmysqlclient.so.21.2.42)
==268755==    by 0x489CBB8: ??? (in /usr/lib/x86_64-linux-gnu/libmysqlclient.so.21.2.42)
==268755== 
==268755== 20 bytes in 1 blocks are still reachable in loss record 258 of 2,004
==268755==    at 0x4849013: operator new(unsigned long) (in /usr/libexec/valgrind/vgpreload_memcheck-amd64-linux.so)
==268755==    by 0x130468: __gnu_cxx::new_allocator<char>::allocate(unsigned long, void const*) (new_allocator.h:127)
==268755==    by 0x12F934: allocate (allocator.h:185)
==268755==    by 0x12F934: std::allocator_traits<std::allocator<char> >::allocate(std::allocator<char>&, unsigned long) (alloc_traits.h:464)
==268755==    by 0x12FCCD: std::__cxx11::basic_string<char, std::char_traits<char>, std::allocator<char> >::_M_create(unsigned long&, unsigned long) (basic_string.tcc:153)
==268755==    by 0x4902E5D: ??? (in /usr/lib/x86_64-linux-gnu/libmysqlclient.so.21.2.42)
==268755==    by 0x48E4ED1: ??? (in /usr/lib/x86_64-linux-gnu/libmysqlclient.so.21.2.42)
==268755==    by 0x4908D81: ??? (in /usr/lib/x86_64-linux-gnu/libmysqlclient.so.21.2.42)
==268755==    by 0x48E6082: ??? (in /usr/lib/x86_64-linux-gnu/libmysqlclient.so.21.2.42)
==268755==    by 0x522BEE7: __pthread_once_slow (pthread_once.c:116)
==268755==    by 0x4903155: ??? (in /usr/lib/x86_64-linux-gnu/libmysqlclient.so.21.2.42)
==268755==    by 0x489CBB8: ??? (in /usr/lib/x86_64-linux-gnu/libmysqlclient.so.21.2.42)
==268755==    by 0x489D1FA: ??? (in /usr/lib/x86_64-linux-gnu/libmysqlclient.so.21.2.42)
==268755== 
==268755== 20 bytes in 1 blocks are still reachable in loss record 259 of 2,004
==268755==    at 0x4848899: malloc (in /usr/libexec/valgrind/vgpreload_memcheck-amd64-linux.so)
==268755==    by 0x56177D2: CRYPTO_strndup (in /usr/lib/x86_64-linux-gnu/libcrypto.so.3)
==268755==    by 0x5619521: ??? (in /usr/lib/x86_64-linux-gnu/libcrypto.so.3)
==268755==    by 0x5615FC0: ??? (in /usr/lib/x86_64-linux-gnu/libcrypto.so.3)
==268755==    by 0x5615C36: ??? (in /usr/lib/x86_64-linux-gnu/libcrypto.so.3)
==268755==    by 0x56F4A6B: ??? (in /usr/lib/x86_64-linux-gnu/libcrypto.so.3)
==268755==    by 0x55EC302: EVP_CIPHER_fetch (in /usr/lib/x86_64-linux-gnu/libcrypto.so.3)
==268755==    by 0x53F137A: ??? (in /usr/lib/x86_64-linux-gnu/libssl.so.3)
==268755==    by 0x53F5161: SSL_CTX_new_ex (in /usr/lib/x86_64-linux-gnu/libssl.so.3)
==268755==    by 0x48F8280: ??? (in /usr/lib/x86_64-linux-gnu/libmysqlclient.so.21.2.42)
==268755==    by 0x489A042: ??? (in /usr/lib/x86_64-linux-gnu/libmysqlclient.so.21.2.42)
==268755==    by 0x489AD71: ??? (in /usr/lib/x86_64-linux-gnu/libmysqlclient.so.21.2.42)
==268755== 
==268755== 20 bytes in 1 blocks are still reachable in loss record 260 of 2,004
==268755==    at 0x4848899: malloc (in /usr/libexec/valgrind/vgpreload_memcheck-amd64-linux.so)
==268755==    by 0x526C917: __tzstring_len (tzset.c:98)
==268755==    by 0x526C917: __tzstring (tzset.c:121)
==268755==    by 0x526E264: __tzfile_read (tzfile.c:408)
==268755==    by 0x526CC23: tzset_internal (tzset.c:405)
==268755==    by 0x526D5A6: __tz_convert (tzset.c:577)
==268755==    by 0x5617A6D: OPENSSL_gmtime (in /usr/lib/x86_64-linux-gnu/libcrypto.so.3)
==268755==    by 0x551F1FA: ASN1_TIME_adj (in /usr/lib/x86_64-linux-gnu/libcrypto.so.3)
==268755==    by 0x5692F9A: X509_time_adj_ex (in /usr/lib/x86_64-linux-gnu/libcrypto.so.3)
==268755==    by 0x56930D4: X509_cmp_time (in /usr/lib/x86_64-linux-gnu/libcrypto.so.3)
==268755==    by 0x5693F5C: ??? (in /usr/lib/x86_64-linux-gnu/libcrypto.so.3)
==268755==    by 0x569426F: ??? (in /usr/lib/x86_64-linux-gnu/libcrypto.so.3)
==268755==    by 0x569708A: ??? (in /usr/lib/x86_64-linux-gnu/libcrypto.so.3)
==268755== 
==268755== 20 bytes in 1 blocks are still reachable in loss record 261 of 2,004
==268755==    at 0x484DCD3: realloc (in /usr/libexec/valgrind/vgpreload_memcheck-amd64-linux.so)
==268755==    by 0x55CD3A9: ERR_vset_error (in /usr/lib/x86_64-linux-gnu/libcrypto.so.3)
==268755==    by 0x5418540: ??? (in /usr/lib/x86_64-linux-gnu/libssl.so.3)
==268755==    by 0x540E25F: ??? (in /usr/lib/x86_64-linux-gnu/libssl.so.3)
==268755==    by 0x53E73FB: ??? (in /usr/lib/x86_64-linux-gnu/libssl.so.3)
==268755==    by 0x53EDCB6: SSL_read (in /usr/lib/x86_64-linux-gnu/libssl.so.3)
==268755==    by 0x48E219F: ??? (in /usr/lib/x86_64-linux-gnu/libmysqlclient.so.21.2.42)
==268755==    by 0x48AC096: ??? (in /usr/lib/x86_64-linux-gnu/libmysqlclient.so.21.2.42)
==268755==    by 0x48B127D: ??? (in /usr/lib/x86_64-linux-gnu/libmysqlclient.so.21.2.42)
==268755==    by 0x48B484E: ??? (in /usr/lib/x86_64-linux-gnu/libmysqlclient.so.21.2.42)
==268755==    by 0x4895A0D: ??? (in /usr/lib/x86_64-linux-gnu/libmysqlclient.so.21.2.42)
==268755==    by 0x4895AD1: ??? (in /usr/lib/x86_64-linux-gnu/libmysqlclient.so.21.2.42)
==268755== 
==268755== 21 bytes in 1 blocks are still reachable in loss record 262 of 2,004
==268755==    at 0x4849013: operator new(unsigned long) (in /usr/libexec/valgrind/vgpreload_memcheck-amd64-linux.so)
==268755==    by 0x130468: __gnu_cxx::new_allocator<char>::allocate(unsigned long, void const*) (new_allocator.h:127)
==268755==    by 0x12F934: allocate (allocator.h:185)
==268755==    by 0x12F934: std::allocator_traits<std::allocator<char> >::allocate(std::allocator<char>&, unsigned long) (alloc_traits.h:464)
==268755==    by 0x12FCCD: std::__cxx11::basic_string<char, std::char_traits<char>, std::allocator<char> >::_M_create(unsigned long&, unsigned long) (basic_string.tcc:153)
==268755==    by 0x4902E5D: ??? (in /usr/lib/x86_64-linux-gnu/libmysqlclient.so.21.2.42)
==268755==    by 0x48E4ED1: ??? (in /usr/lib/x86_64-linux-gnu/libmysqlclient.so.21.2.42)
==268755==    by 0x49067DD: ??? (in /usr/lib/x86_64-linux-gnu/libmysqlclient.so.21.2.42)
==268755==    by 0x48E6082: ??? (in /usr/lib/x86_64-linux-gnu/libmysqlclient.so.21.2.42)
==268755==    by 0x522BEE7: __pthread_once_slow (pthread_once.c:116)
==268755==    by 0x4903155: ??? (in /usr/lib/x86_64-linux-gnu/libmysqlclient.so.21.2.42)
==268755==    by 0x489CBB8: ??? (in /usr/lib/x86_64-linux-gnu/libmysqlclient.so.21.2.42)
==268755==    by 0x489D1FA: ??? (in /usr/lib/x86_64-linux-gnu/libmysqlclient.so.21.2.42)
==268755== 
==268755== 21 bytes in 1 blocks are still reachable in loss record 263 of 2,004
==268755==    at 0x4849013: operator new(unsigned long) (in /usr/libexec/valgrind/vgpreload_memcheck-amd64-linux.so)
==268755==    by 0x130468: __gnu_cxx::new_allocator<char>::allocate(unsigned long, void const*) (new_allocator.h:127)
==268755==    by 0x12F934: allocate (allocator.h:185)
==268755==    by 0x12F934: std::allocator_traits<std::allocator<char> >::allocate(std::allocator<char>&, unsigned long) (alloc_traits.h:464)
==268755==    by 0x12FCCD: std::__cxx11::basic_string<char, std::char_traits<char>, std::allocator<char> >::_M_create(unsigned long&, unsigned long) (basic_string.tcc:153)
==268755==    by 0x4902E5D: ??? (in /usr/lib/x86_64-linux-gnu/libmysqlclient.so.21.2.42)
==268755==    by 0x48E4ED1: ??? (in /usr/lib/x86_64-linux-gnu/libmysqlclient.so.21.2.42)
==268755==    by 0x49068A3: ??? (in /usr/lib/x86_64-linux-gnu/libmysqlclient.so.21.2.42)
==268755==    by 0x48E6082: ??? (in /usr/lib/x86_64-linux-gnu/libmysqlclient.so.21.2.42)
==268755==    by 0x522BEE7: __pthread_once_slow (pthread_once.c:116)
==268755==    by 0x4903155: ??? (in /usr/lib/x86_64-linux-gnu/libmysqlclient.so.21.2.42)
==268755==    by 0x489CBB8: ??? (in /usr/lib/x86_64-linux-gnu/libmysqlclient.so.21.2.42)
==268755==    by 0x489D1FA: ??? (in /usr/lib/x86_64-linux-gnu/libmysqlclient.so.21.2.42)
==268755== 
==268755== 21 bytes in 1 blocks are still reachable in loss record 264 of 2,004
==268755==    at 0x4849013: operator new(unsigned long) (in /usr/libexec/valgrind/vgpreload_memcheck-amd64-linux.so)
==268755==    by 0x130468: __gnu_cxx::new_allocator<char>::allocate(unsigned long, void const*) (new_allocator.h:127)
==268755==    by 0x12F934: allocate (allocator.h:185)
==268755==    by 0x12F934: std::allocator_traits<std::allocator<char> >::allocate(std::allocator<char>&, unsigned long) (alloc_traits.h:464)
==268755==    by 0x12FCCD: std::__cxx11::basic_string<char, std::char_traits<char>, std::allocator<char> >::_M_create(unsigned long&, unsigned long) (basic_string.tcc:153)
==268755==    by 0x4902E5D: ??? (in /usr/lib/x86_64-linux-gnu/libmysqlclient.so.21.2.42)
==268755==    by 0x48E4ED1: ??? (in /usr/lib/x86_64-linux-gnu/libmysqlclient.so.21.2.42)
==268755==    by 0x4906B91: ??? (in /usr/lib/x86_64-linux-gnu/libmysqlclient.so.21.2.42)
==268755==    by 0x48E6082: ??? (in /usr/lib/x86_64-linux-gnu/libmysqlclient.so.21.2.42)
==268755==    by 0x522BEE7: __pthread_once_slow (pthread_once.c:116)
==268755==    by 0x4903155: ??? (in /usr/lib/x86_64-linux-gnu/libmysqlclient.so.21.2.42)
==268755==    by 0x489CBB8: ??? (in /usr/lib/x86_64-linux-gnu/libmysqlclient.so.21.2.42)
==268755==    by 0x489D1FA: ??? (in /usr/lib/x86_64-linux-gnu/libmysqlclient.so.21.2.42)
==268755== 
==268755== 21 bytes in 1 blocks are still reachable in loss record 265 of 2,004
==268755==    at 0x4849013: operator new(unsigned long) (in /usr/libexec/valgrind/vgpreload_memcheck-amd64-linux.so)
==268755==    by 0x130468: __gnu_cxx::new_allocator<char>::allocate(unsigned long, void const*) (new_allocator.h:127)
==268755==    by 0x12F934: allocate (allocator.h:185)
==268755==    by 0x12F934: std::allocator_traits<std::allocator<char> >::allocate(std::allocator<char>&, unsigned long) (alloc_traits.h:464)
==268755==    by 0x12FCCD: std::__cxx11::basic_string<char, std::char_traits<char>, std::allocator<char> >::_M_create(unsigned long&, unsigned long) (basic_string.tcc:153)
==268755==    by 0x4902E5D: ??? (in /usr/lib/x86_64-linux-gnu/libmysqlclient.so.21.2.42)
==268755==    by 0x48E4ED1: ??? (in /usr/lib/x86_64-linux-gnu/libmysqlclient.so.21.2.42)
==268755==    by 0x4906BD3: ??? (in /usr/lib/x86_64-linux-gnu/libmysqlclient.so.21.2.42)
==268755==    by 0x48E6082: ??? (in /usr/lib/x86_64-linux-gnu/libmysqlclient.so.21.2.42)
==268755==    by 0x522BEE7: __pthread_once_slow (pthread_once.c:116)
==268755==    by 0x4903155: ??? (in /usr/lib/x86_64-linux-gnu/libmysqlclient.so.21.2.42)
==268755==    by 0x489CBB8: ??? (in /usr/lib/x86_64-linux-gnu/libmysqlclient.so.21.2.42)
==268755==    by 0x489D1FA: ??? (in /usr/lib/x86_64-linux-gnu/libmysqlclient.so.21.2.42)
==268755== 
==268755== 21 bytes in 1 blocks are still reachable in loss record 266 of 2,004
==268755==    at 0x4849013: operator new(unsigned long) (in /usr/libexec/valgrind/vgpreload_memcheck-amd64-linux.so)
==268755==    by 0x130468: __gnu_cxx::new_allocator<char>::allocate(unsigned long, void const*) (new_allocator.h:127)
==268755==    by 0x12F934: allocate (allocator.h:185)
==268755==    by 0x12F934: std::allocator_traits<std::allocator<char> >::allocate(std::allocator<char>&, unsigned long) (alloc_traits.h:464)
==268755==    by 0x12FCCD: std::__cxx11::basic_string<char, std::char_traits<char>, std::allocator<char> >::_M_create(unsigned long&, unsigned long) (basic_string.tcc:153)
==268755==    by 0x4902E5D: ??? (in /usr/lib/x86_64-linux-gnu/libmysqlclient.so.21.2.42)
==268755==    by 0x48E4ED1: ??? (in /usr/lib/x86_64-linux-gnu/libmysqlclient.so.21.2.42)
==268755==    by 0x4906E31: ??? (in /usr/lib/x86_64-linux-gnu/libmysqlclient.so.21.2.42)
==268755==    by 0x48E6082: ??? (in /usr/lib/x86_64-linux-gnu/libmysqlclient.so.21.2.42)
==268755==    by 0x522BEE7: __pthread_once_slow (pthread_once.c:116)
==268755==    by 0x4903155: ??? (in /usr/lib/x86_64-linux-gnu/libmysqlclient.so.21.2.42)
==268755==    by 0x489CBB8: ??? (in /usr/lib/x86_64-linux-gnu/libmysqlclient.so.21.2.42)
==268755==    by 0x489D1FA: ??? (in /usr/lib/x86_64-linux-gnu/libmysqlclient.so.21.2.42)
==268755== 
==268755== 21 bytes in 1 blocks are still reachable in loss record 267 of 2,004
==268755==    at 0x4849013: operator new(unsigned long) (in /usr/libexec/valgrind/vgpreload_memcheck-amd64-linux.so)
==268755==    by 0x130468: __gnu_cxx::new_allocator<char>::allocate(unsigned long, void const*) (new_allocator.h:127)
==268755==    by 0x12F934: allocate (allocator.h:185)
==268755==    by 0x12F934: std::allocator_traits<std::allocator<char> >::allocate(std::allocator<char>&, unsigned long) (alloc_traits.h:464)
==268755==    by 0x12FCCD: std::__cxx11::basic_string<char, std::char_traits<char>, std::allocator<char> >::_M_create(unsigned long&, unsigned long) (basic_string.tcc:153)
==268755==    by 0x4902E5D: ??? (in /usr/lib/x86_64-linux-gnu/libmysqlclient.so.21.2.42)
==268755==    by 0x48E4ED1: ??? (in /usr/lib/x86_64-linux-gnu/libmysqlclient.so.21.2.42)
==268755==    by 0x4906EF7: ??? (in /usr/lib/x86_64-linux-gnu/libmysqlclient.so.21.2.42)
==268755==    by 0x48E6082: ??? (in /usr/lib/x86_64-linux-gnu/libmysqlclient.so.21.2.42)
==268755==    by 0x522BEE7: __pthread_once_slow (pthread_once.c:116)
==268755==    by 0x4903155: ??? (in /usr/lib/x86_64-linux-gnu/libmysqlclient.so.21.2.42)
==268755==    by 0x489CBB8: ??? (in /usr/lib/x86_64-linux-gnu/libmysqlclient.so.21.2.42)
==268755==    by 0x489D1FA: ??? (in /usr/lib/x86_64-linux-gnu/libmysqlclient.so.21.2.42)
==268755== 
==268755== 21 bytes in 1 blocks are still reachable in loss record 268 of 2,004
==268755==    at 0x4849013: operator new(unsigned long) (in /usr/libexec/valgrind/vgpreload_memcheck-amd64-linux.so)
==268755==    by 0x130468: __gnu_cxx::new_allocator<char>::allocate(unsigned long, void const*) (new_allocator.h:127)
==268755==    by 0x12F934: allocate (allocator.h:185)
==268755==    by 0x12F934: std::allocator_traits<std::allocator<char> >::allocate(std::allocator<char>&, unsigned long) (alloc_traits.h:464)
==268755==    by 0x12FCCD: std::__cxx11::basic_string<char, std::char_traits<char>, std::allocator<char> >::_M_create(unsigned long&, unsigned long) (basic_string.tcc:153)
==268755==    by 0x4902E5D: ??? (in /usr/lib/x86_64-linux-gnu/libmysqlclient.so.21.2.42)
==268755==    by 0x48E4ED1: ??? (in /usr/lib/x86_64-linux-gnu/libmysqlclient.so.21.2.42)
==268755==    by 0x49071E5: ??? (in /usr/lib/x86_64-linux-gnu/libmysqlclient.so.21.2.42)
==268755==    by 0x48E6082: ??? (in /usr/lib/x86_64-linux-gnu/libmysqlclient.so.21.2.42)
==268755==    by 0x522BEE7: __pthread_once_slow (pthread_once.c:116)
==268755==    by 0x4903155: ??? (in /usr/lib/x86_64-linux-gnu/libmysqlclient.so.21.2.42)
==268755==    by 0x489CBB8: ??? (in /usr/lib/x86_64-linux-gnu/libmysqlclient.so.21.2.42)
==268755==    by 0x489D1FA: ??? (in /usr/lib/x86_64-linux-gnu/libmysqlclient.so.21.2.42)
==268755== 
==268755== 21 bytes in 1 blocks are still reachable in loss record 269 of 2,004
==268755==    at 0x4849013: operator new(unsigned long) (in /usr/libexec/valgrind/vgpreload_memcheck-amd64-linux.so)
==268755==    by 0x130468: __gnu_cxx::new_allocator<char>::allocate(unsigned long, void const*) (new_allocator.h:127)
==268755==    by 0x12F934: allocate (allocator.h:185)
==268755==    by 0x12F934: std::allocator_traits<std::allocator<char> >::allocate(std::allocator<char>&, unsigned long) (alloc_traits.h:464)
==268755==    by 0x12FCCD: std::__cxx11::basic_string<char, std::char_traits<char>, std::allocator<char> >::_M_create(unsigned long&, unsigned long) (basic_string.tcc:153)
==268755==    by 0x4902E5D: ??? (in /usr/lib/x86_64-linux-gnu/libmysqlclient.so.21.2.42)
==268755==    by 0x48E4ED1: ??? (in /usr/lib/x86_64-linux-gnu/libmysqlclient.so.21.2.42)
==268755==    by 0x4907227: ??? (in /usr/lib/x86_64-linux-gnu/libmysqlclient.so.21.2.42)
==268755==    by 0x48E6082: ??? (in /usr/lib/x86_64-linux-gnu/libmysqlclient.so.21.2.42)
==268755==    by 0x522BEE7: __pthread_once_slow (pthread_once.c:116)
==268755==    by 0x4903155: ??? (in /usr/lib/x86_64-linux-gnu/libmysqlclient.so.21.2.42)
==268755==    by 0x489CBB8: ??? (in /usr/lib/x86_64-linux-gnu/libmysqlclient.so.21.2.42)
==268755==    by 0x489D1FA: ??? (in /usr/lib/x86_64-linux-gnu/libmysqlclient.so.21.2.42)
==268755== 
==268755== 21 bytes in 1 blocks are still reachable in loss record 270 of 2,004
==268755==    at 0x4849013: operator new(unsigned long) (in /usr/libexec/valgrind/vgpreload_memcheck-amd64-linux.so)
==268755==    by 0x130468: __gnu_cxx::new_allocator<char>::allocate(unsigned long, void const*) (new_allocator.h:127)
==268755==    by 0x12F934: allocate (allocator.h:185)
==268755==    by 0x12F934: std::allocator_traits<std::allocator<char> >::allocate(std::allocator<char>&, unsigned long) (alloc_traits.h:464)
==268755==    by 0x12FCCD: std::__cxx11::basic_string<char, std::char_traits<char>, std::allocator<char> >::_M_create(unsigned long&, unsigned long) (basic_string.tcc:153)
==268755==    by 0x4902E5D: ??? (in /usr/lib/x86_64-linux-gnu/libmysqlclient.so.21.2.42)
==268755==    by 0x48E4ED1: ??? (in /usr/lib/x86_64-linux-gnu/libmysqlclient.so.21.2.42)
==268755==    by 0x4908871: ??? (in /usr/lib/x86_64-linux-gnu/libmysqlclient.so.21.2.42)
==268755==    by 0x48E6082: ??? (in /usr/lib/x86_64-linux-gnu/libmysqlclient.so.21.2.42)
==268755==    by 0x522BEE7: __pthread_once_slow (pthread_once.c:116)
==268755==    by 0x4903155: ??? (in /usr/lib/x86_64-linux-gnu/libmysqlclient.so.21.2.42)
==268755==    by 0x489CBB8: ??? (in /usr/lib/x86_64-linux-gnu/libmysqlclient.so.21.2.42)
==268755==    by 0x489D1FA: ??? (in /usr/lib/x86_64-linux-gnu/libmysqlclient.so.21.2.42)
==268755== 
==268755== 21 bytes in 1 blocks are still reachable in loss record 271 of 2,004
==268755==    at 0x4849013: operator new(unsigned long) (in /usr/libexec/valgrind/vgpreload_memcheck-amd64-linux.so)
==268755==    by 0x130468: __gnu_cxx::new_allocator<char>::allocate(unsigned long, void const*) (new_allocator.h:127)
==268755==    by 0x12F934: allocate (allocator.h:185)
==268755==    by 0x12F934: std::allocator_traits<std::allocator<char> >::allocate(std::allocator<char>&, unsigned long) (alloc_traits.h:464)
==268755==    by 0x12FCCD: std::__cxx11::basic_string<char, std::char_traits<char>, std::allocator<char> >::_M_create(unsigned long&, unsigned long) (basic_string.tcc:153)
==268755==    by 0x4902E5D: ??? (in /usr/lib/x86_64-linux-gnu/libmysqlclient.so.21.2.42)
==268755==    by 0x48E4ED1: ??? (in /usr/lib/x86_64-linux-gnu/libmysqlclient.so.21.2.42)
==268755==    by 0x4908D3F: ??? (in /usr/lib/x86_64-linux-gnu/libmysqlclient.so.21.2.42)
==268755==    by 0x48E6082: ??? (in /usr/lib/x86_64-linux-gnu/libmysqlclient.so.21.2.42)
==268755==    by 0x522BEE7: __pthread_once_slow (pthread_once.c:116)
==268755==    by 0x4903155: ??? (in /usr/lib/x86_64-linux-gnu/libmysqlclient.so.21.2.42)
==268755==    by 0x489CBB8: ??? (in /usr/lib/x86_64-linux-gnu/libmysqlclient.so.21.2.42)
==268755==    by 0x489D1FA: ??? (in /usr/lib/x86_64-linux-gnu/libmysqlclient.so.21.2.42)
==268755== 
==268755== 22 bytes in 1 blocks are still reachable in loss record 272 of 2,004
==268755==    at 0x4849013: operator new(unsigned long) (in /usr/libexec/valgrind/vgpreload_memcheck-amd64-linux.so)
==268755==    by 0x130468: __gnu_cxx::new_allocator<char>::allocate(unsigned long, void const*) (new_allocator.h:127)
==268755==    by 0x12F934: allocate (allocator.h:185)
==268755==    by 0x12F934: std::allocator_traits<std::allocator<char> >::allocate(std::allocator<char>&, unsigned long) (alloc_traits.h:464)
==268755==    by 0x12FCCD: std::__cxx11::basic_string<char, std::char_traits<char>, std::allocator<char> >::_M_create(unsigned long&, unsigned long) (basic_string.tcc:153)
==268755==    by 0x4902E5D: ??? (in /usr/lib/x86_64-linux-gnu/libmysqlclient.so.21.2.42)
==268755==    by 0x48E4ED1: ??? (in /usr/lib/x86_64-linux-gnu/libmysqlclient.so.21.2.42)
==268755==    by 0x4906A7D: ??? (in /usr/lib/x86_64-linux-gnu/libmysqlclient.so.21.2.42)
==268755==    by 0x48E6082: ??? (in /usr/lib/x86_64-linux-gnu/libmysqlclient.so.21.2.42)
==268755==    by 0x522BEE7: __pthread_once_slow (pthread_once.c:116)
==268755==    by 0x4903155: ??? (in /usr/lib/x86_64-linux-gnu/libmysqlclient.so.21.2.42)
==268755==    by 0x489CBB8: ??? (in /usr/lib/x86_64-linux-gnu/libmysqlclient.so.21.2.42)
==268755==    by 0x489D1FA: ??? (in /usr/lib/x86_64-linux-gnu/libmysqlclient.so.21.2.42)
==268755== 
==268755== 22 bytes in 1 blocks are still reachable in loss record 273 of 2,004
==268755==    at 0x4849013: operator new(unsigned long) (in /usr/libexec/valgrind/vgpreload_memcheck-amd64-linux.so)
==268755==    by 0x130468: __gnu_cxx::new_allocator<char>::allocate(unsigned long, void const*) (new_allocator.h:127)
==268755==    by 0x12F934: allocate (allocator.h:185)
==268755==    by 0x12F934: std::allocator_traits<std::allocator<char> >::allocate(std::allocator<char>&, unsigned long) (alloc_traits.h:464)
==268755==    by 0x12FCCD: std::__cxx11::basic_string<char, std::char_traits<char>, std::allocator<char> >::_M_create(unsigned long&, unsigned long) (basic_string.tcc:153)
==268755==    by 0x4902E5D: ??? (in /usr/lib/x86_64-linux-gnu/libmysqlclient.so.21.2.42)
==268755==    by 0x48E4ED1: ??? (in /usr/lib/x86_64-linux-gnu/libmysqlclient.so.21.2.42)
==268755==    by 0x4906CA5: ??? (in /usr/lib/x86_64-linux-gnu/libmysqlclient.so.21.2.42)
==268755==    by 0x48E6082: ??? (in /usr/lib/x86_64-linux-gnu/libmysqlclient.so.21.2.42)
==268755==    by 0x522BEE7: __pthread_once_slow (pthread_once.c:116)
==268755==    by 0x4903155: ??? (in /usr/lib/x86_64-linux-gnu/libmysqlclient.so.21.2.42)
==268755==    by 0x489CBB8: ??? (in /usr/lib/x86_64-linux-gnu/libmysqlclient.so.21.2.42)
==268755==    by 0x489D1FA: ??? (in /usr/lib/x86_64-linux-gnu/libmysqlclient.so.21.2.42)
==268755== 
==268755== 22 bytes in 1 blocks are still reachable in loss record 274 of 2,004
==268755==    at 0x4849013: operator new(unsigned long) (in /usr/libexec/valgrind/vgpreload_memcheck-amd64-linux.so)
==268755==    by 0x130468: __gnu_cxx::new_allocator<char>::allocate(unsigned long, void const*) (new_allocator.h:127)
==268755==    by 0x12F934: allocate (allocator.h:185)
==268755==    by 0x12F934: std::allocator_traits<std::allocator<char> >::allocate(std::allocator<char>&, unsigned long) (alloc_traits.h:464)
==268755==    by 0x12FCCD: std::__cxx11::basic_string<char, std::char_traits<char>, std::allocator<char> >::_M_create(unsigned long&, unsigned long) (basic_string.tcc:153)
==268755==    by 0x4902E5D: ??? (in /usr/lib/x86_64-linux-gnu/libmysqlclient.so.21.2.42)
==268755==    by 0x48E4ED1: ??? (in /usr/lib/x86_64-linux-gnu/libmysqlclient.so.21.2.42)
==268755==    by 0x49070D1: ??? (in /usr/lib/x86_64-linux-gnu/libmysqlclient.so.21.2.42)
==268755==    by 0x48E6082: ??? (in /usr/lib/x86_64-linux-gnu/libmysqlclient.so.21.2.42)
==268755==    by 0x522BEE7: __pthread_once_slow (pthread_once.c:116)
==268755==    by 0x4903155: ??? (in /usr/lib/x86_64-linux-gnu/libmysqlclient.so.21.2.42)
==268755==    by 0x489CBB8: ??? (in /usr/lib/x86_64-linux-gnu/libmysqlclient.so.21.2.42)
==268755==    by 0x489D1FA: ??? (in /usr/lib/x86_64-linux-gnu/libmysqlclient.so.21.2.42)
==268755== 
==268755== 22 bytes in 1 blocks are still reachable in loss record 275 of 2,004
==268755==    at 0x4849013: operator new(unsigned long) (in /usr/libexec/valgrind/vgpreload_memcheck-amd64-linux.so)
==268755==    by 0x130468: __gnu_cxx::new_allocator<char>::allocate(unsigned long, void const*) (new_allocator.h:127)
==268755==    by 0x12F934: allocate (allocator.h:185)
==268755==    by 0x12F934: std::allocator_traits<std::allocator<char> >::allocate(std::allocator<char>&, unsigned long) (alloc_traits.h:464)
==268755==    by 0x12FCCD: std::__cxx11::basic_string<char, std::char_traits<char>, std::allocator<char> >::_M_create(unsigned long&, unsigned long) (basic_string.tcc:153)
==268755==    by 0x4902E5D: ??? (in /usr/lib/x86_64-linux-gnu/libmysqlclient.so.21.2.42)
==268755==    by 0x48E4ED1: ??? (in /usr/lib/x86_64-linux-gnu/libmysqlclient.so.21.2.42)
==268755==    by 0x490732F: ??? (in /usr/lib/x86_64-linux-gnu/libmysqlclient.so.21.2.42)
==268755==    by 0x48E6082: ??? (in /usr/lib/x86_64-linux-gnu/libmysqlclient.so.21.2.42)
==268755==    by 0x522BEE7: __pthread_once_slow (pthread_once.c:116)
==268755==    by 0x4903155: ??? (in /usr/lib/x86_64-linux-gnu/libmysqlclient.so.21.2.42)
==268755==    by 0x489CBB8: ??? (in /usr/lib/x86_64-linux-gnu/libmysqlclient.so.21.2.42)
==268755==    by 0x489D1FA: ??? (in /usr/lib/x86_64-linux-gnu/libmysqlclient.so.21.2.42)
==268755== 
==268755== 22 bytes in 1 blocks are still reachable in loss record 276 of 2,004
==268755==    at 0x4849013: operator new(unsigned long) (in /usr/libexec/valgrind/vgpreload_memcheck-amd64-linux.so)
==268755==    by 0x130468: __gnu_cxx::new_allocator<char>::allocate(unsigned long, void const*) (new_allocator.h:127)
==268755==    by 0x12F934: allocate (allocator.h:185)
==268755==    by 0x12F934: std::allocator_traits<std::allocator<char> >::allocate(std::allocator<char>&, unsigned long) (alloc_traits.h:464)
==268755==    by 0x12FCCD: std::__cxx11::basic_string<char, std::char_traits<char>, std::allocator<char> >::_M_create(unsigned long&, unsigned long) (basic_string.tcc:153)
==268755==    by 0x4902E5D: ??? (in /usr/lib/x86_64-linux-gnu/libmysqlclient.so.21.2.42)
==268755==    by 0x48E4ED1: ??? (in /usr/lib/x86_64-linux-gnu/libmysqlclient.so.21.2.42)
==268755==    by 0x4907389: ??? (in /usr/lib/x86_64-linux-gnu/libmysqlclient.so.21.2.42)
==268755==    by 0x48E6082: ??? (in /usr/lib/x86_64-linux-gnu/libmysqlclient.so.21.2.42)
==268755==    by 0x522BEE7: __pthread_once_slow (pthread_once.c:116)
==268755==    by 0x4903155: ??? (in /usr/lib/x86_64-linux-gnu/libmysqlclient.so.21.2.42)
==268755==    by 0x489CBB8: ??? (in /usr/lib/x86_64-linux-gnu/libmysqlclient.so.21.2.42)
==268755==    by 0x489D1FA: ??? (in /usr/lib/x86_64-linux-gnu/libmysqlclient.so.21.2.42)
==268755== 
==268755== 22 bytes in 1 blocks are still reachable in loss record 277 of 2,004
==268755==    at 0x4849013: operator new(unsigned long) (in /usr/libexec/valgrind/vgpreload_memcheck-amd64-linux.so)
==268755==    by 0x130468: __gnu_cxx::new_allocator<char>::allocate(unsigned long, void const*) (new_allocator.h:127)
==268755==    by 0x12F934: allocate (allocator.h:185)
==268755==    by 0x12F934: std::allocator_traits<std::allocator<char> >::allocate(std::allocator<char>&, unsigned long) (alloc_traits.h:464)
==268755==    by 0x12FCCD: std::__cxx11::basic_string<char, std::char_traits<char>, std::allocator<char> >::_M_create(unsigned long&, unsigned long) (basic_string.tcc:153)
==268755==    by 0x4902E5D: ??? (in /usr/lib/x86_64-linux-gnu/libmysqlclient.so.21.2.42)
==268755==    by 0x48E4ED1: ??? (in /usr/lib/x86_64-linux-gnu/libmysqlclient.so.21.2.42)
==268755==    by 0x49073CB: ??? (in /usr/lib/x86_64-linux-gnu/libmysqlclient.so.21.2.42)
==268755==    by 0x48E6082: ??? (in /usr/lib/x86_64-linux-gnu/libmysqlclient.so.21.2.42)
==268755==    by 0x522BEE7: __pthread_once_slow (pthread_once.c:116)
==268755==    by 0x4903155: ??? (in /usr/lib/x86_64-linux-gnu/libmysqlclient.so.21.2.42)
==268755==    by 0x489CBB8: ??? (in /usr/lib/x86_64-linux-gnu/libmysqlclient.so.21.2.42)
==268755==    by 0x489D1FA: ??? (in /usr/lib/x86_64-linux-gnu/libmysqlclient.so.21.2.42)
==268755== 
==268755== 22 bytes in 1 blocks are still reachable in loss record 278 of 2,004
==268755==    at 0x4849013: operator new(unsigned long) (in /usr/libexec/valgrind/vgpreload_memcheck-amd64-linux.so)
==268755==    by 0x130468: __gnu_cxx::new_allocator<char>::allocate(unsigned long, void const*) (new_allocator.h:127)
==268755==    by 0x12F934: allocate (allocator.h:185)
==268755==    by 0x12F934: std::allocator_traits<std::allocator<char> >::allocate(std::allocator<char>&, unsigned long) (alloc_traits.h:464)
==268755==    by 0x12FCCD: std::__cxx11::basic_string<char, std::char_traits<char>, std::allocator<char> >::_M_create(unsigned long&, unsigned long) (basic_string.tcc:153)
==268755==    by 0x4902E5D: ??? (in /usr/lib/x86_64-linux-gnu/libmysqlclient.so.21.2.42)
==268755==    by 0x48E4ED1: ??? (in /usr/lib/x86_64-linux-gnu/libmysqlclient.so.21.2.42)
==268755==    by 0x490740D: ??? (in /usr/lib/x86_64-linux-gnu/libmysqlclient.so.21.2.42)
==268755==    by 0x48E6082: ??? (in /usr/lib/x86_64-linux-gnu/libmysqlclient.so.21.2.42)
==268755==    by 0x522BEE7: __pthread_once_slow (pthread_once.c:116)
==268755==    by 0x4903155: ??? (in /usr/lib/x86_64-linux-gnu/libmysqlclient.so.21.2.42)
==268755==    by 0x489CBB8: ??? (in /usr/lib/x86_64-linux-gnu/libmysqlclient.so.21.2.42)
==268755==    by 0x489D1FA: ??? (in /usr/lib/x86_64-linux-gnu/libmysqlclient.so.21.2.42)
==268755== 
==268755== 22 bytes in 1 blocks are still reachable in loss record 279 of 2,004
==268755==    at 0x4849013: operator new(unsigned long) (in /usr/libexec/valgrind/vgpreload_memcheck-amd64-linux.so)
==268755==    by 0x130468: __gnu_cxx::new_allocator<char>::allocate(unsigned long, void const*) (new_allocator.h:127)
==268755==    by 0x12F934: allocate (allocator.h:185)
==268755==    by 0x12F934: std::allocator_traits<std::allocator<char> >::allocate(std::allocator<char>&, unsigned long) (alloc_traits.h:464)
==268755==    by 0x12FCCD: std::__cxx11::basic_string<char, std::char_traits<char>, std::allocator<char> >::_M_create(unsigned long&, unsigned long) (basic_string.tcc:153)
==268755==    by 0x4902E5D: ??? (in /usr/lib/x86_64-linux-gnu/libmysqlclient.so.21.2.42)
==268755==    by 0x48E4ED1: ??? (in /usr/lib/x86_64-linux-gnu/libmysqlclient.so.21.2.42)
==268755==    by 0x490744F: ??? (in /usr/lib/x86_64-linux-gnu/libmysqlclient.so.21.2.42)
==268755==    by 0x48E6082: ??? (in /usr/lib/x86_64-linux-gnu/libmysqlclient.so.21.2.42)
==268755==    by 0x522BEE7: __pthread_once_slow (pthread_once.c:116)
==268755==    by 0x4903155: ??? (in /usr/lib/x86_64-linux-gnu/libmysqlclient.so.21.2.42)
==268755==    by 0x489CBB8: ??? (in /usr/lib/x86_64-linux-gnu/libmysqlclient.so.21.2.42)
==268755==    by 0x489D1FA: ??? (in /usr/lib/x86_64-linux-gnu/libmysqlclient.so.21.2.42)
==268755== 
==268755== 22 bytes in 1 blocks are still reachable in loss record 280 of 2,004
==268755==    at 0x4849013: operator new(unsigned long) (in /usr/libexec/valgrind/vgpreload_memcheck-amd64-linux.so)
==268755==    by 0x130468: __gnu_cxx::new_allocator<char>::allocate(unsigned long, void const*) (new_allocator.h:127)
==268755==    by 0x12F934: allocate (allocator.h:185)
==268755==    by 0x12F934: std::allocator_traits<std::allocator<char> >::allocate(std::allocator<char>&, unsigned long) (alloc_traits.h:464)
==268755==    by 0x12FCCD: std::__cxx11::basic_string<char, std::char_traits<char>, std::allocator<char> >::_M_create(unsigned long&, unsigned long) (basic_string.tcc:153)
==268755==    by 0x4902E5D: ??? (in /usr/lib/x86_64-linux-gnu/libmysqlclient.so.21.2.42)
==268755==    by 0x48E4ED1: ??? (in /usr/lib/x86_64-linux-gnu/libmysqlclient.so.21.2.42)
==268755==    by 0x4907491: ??? (in /usr/lib/x86_64-linux-gnu/libmysqlclient.so.21.2.42)
==268755==    by 0x48E6082: ??? (in /usr/lib/x86_64-linux-gnu/libmysqlclient.so.21.2.42)
==268755==    by 0x522BEE7: __pthread_once_slow (pthread_once.c:116)
==268755==    by 0x4903155: ??? (in /usr/lib/x86_64-linux-gnu/libmysqlclient.so.21.2.42)
==268755==    by 0x489CBB8: ??? (in /usr/lib/x86_64-linux-gnu/libmysqlclient.so.21.2.42)
==268755==    by 0x489D1FA: ??? (in /usr/lib/x86_64-linux-gnu/libmysqlclient.so.21.2.42)
==268755== 
==268755== 22 bytes in 1 blocks are still reachable in loss record 281 of 2,004
==268755==    at 0x4849013: operator new(unsigned long) (in /usr/libexec/valgrind/vgpreload_memcheck-amd64-linux.so)
==268755==    by 0x130468: __gnu_cxx::new_allocator<char>::allocate(unsigned long, void const*) (new_allocator.h:127)
==268755==    by 0x12F934: allocate (allocator.h:185)
==268755==    by 0x12F934: std::allocator_traits<std::allocator<char> >::allocate(std::allocator<char>&, unsigned long) (alloc_traits.h:464)
==268755==    by 0x12FCCD: std::__cxx11::basic_string<char, std::char_traits<char>, std::allocator<char> >::_M_create(unsigned long&, unsigned long) (basic_string.tcc:153)
==268755==    by 0x4902E5D: ??? (in /usr/lib/x86_64-linux-gnu/libmysqlclient.so.21.2.42)
==268755==    by 0x48E4ED1: ??? (in /usr/lib/x86_64-linux-gnu/libmysqlclient.so.21.2.42)
==268755==    by 0x49074D3: ??? (in /usr/lib/x86_64-linux-gnu/libmysqlclient.so.21.2.42)
==268755==    by 0x48E6082: ??? (in /usr/lib/x86_64-linux-gnu/libmysqlclient.so.21.2.42)
==268755==    by 0x522BEE7: __pthread_once_slow (pthread_once.c:116)
==268755==    by 0x4903155: ??? (in /usr/lib/x86_64-linux-gnu/libmysqlclient.so.21.2.42)
==268755==    by 0x489CBB8: ??? (in /usr/lib/x86_64-linux-gnu/libmysqlclient.so.21.2.42)
==268755==    by 0x489D1FA: ??? (in /usr/lib/x86_64-linux-gnu/libmysqlclient.so.21.2.42)
==268755== 
==268755== 22 bytes in 1 blocks are still reachable in loss record 282 of 2,004
==268755==    at 0x4849013: operator new(unsigned long) (in /usr/libexec/valgrind/vgpreload_memcheck-amd64-linux.so)
==268755==    by 0x130468: __gnu_cxx::new_allocator<char>::allocate(unsigned long, void const*) (new_allocator.h:127)
==268755==    by 0x12F934: allocate (allocator.h:185)
==268755==    by 0x12F934: std::allocator_traits<std::allocator<char> >::allocate(std::allocator<char>&, unsigned long) (alloc_traits.h:464)
==268755==    by 0x12FCCD: std::__cxx11::basic_string<char, std::char_traits<char>, std::allocator<char> >::_M_create(unsigned long&, unsigned long) (basic_string.tcc:153)
==268755==    by 0x4902E5D: ??? (in /usr/lib/x86_64-linux-gnu/libmysqlclient.so.21.2.42)
==268755==    by 0x48E4ED1: ??? (in /usr/lib/x86_64-linux-gnu/libmysqlclient.so.21.2.42)
==268755==    by 0x4907515: ??? (in /usr/lib/x86_64-linux-gnu/libmysqlclient.so.21.2.42)
==268755==    by 0x48E6082: ??? (in /usr/lib/x86_64-linux-gnu/libmysqlclient.so.21.2.42)
==268755==    by 0x522BEE7: __pthread_once_slow (pthread_once.c:116)
==268755==    by 0x4903155: ??? (in /usr/lib/x86_64-linux-gnu/libmysqlclient.so.21.2.42)
==268755==    by 0x489CBB8: ??? (in /usr/lib/x86_64-linux-gnu/libmysqlclient.so.21.2.42)
==268755==    by 0x489D1FA: ??? (in /usr/lib/x86_64-linux-gnu/libmysqlclient.so.21.2.42)
==268755== 
==268755== 22 bytes in 1 blocks are still reachable in loss record 283 of 2,004
==268755==    at 0x4849013: operator new(unsigned long) (in /usr/libexec/valgrind/vgpreload_memcheck-amd64-linux.so)
==268755==    by 0x130468: __gnu_cxx::new_allocator<char>::allocate(unsigned long, void const*) (new_allocator.h:127)
==268755==    by 0x12F934: allocate (allocator.h:185)
==268755==    by 0x12F934: std::allocator_traits<std::allocator<char> >::allocate(std::allocator<char>&, unsigned long) (alloc_traits.h:464)
==268755==    by 0x12FCCD: std::__cxx11::basic_string<char, std::char_traits<char>, std::allocator<char> >::_M_create(unsigned long&, unsigned long) (basic_string.tcc:153)
==268755==    by 0x4902E5D: ??? (in /usr/lib/x86_64-linux-gnu/libmysqlclient.so.21.2.42)
==268755==    by 0x48E4ED1: ??? (in /usr/lib/x86_64-linux-gnu/libmysqlclient.so.21.2.42)
==268755==    by 0x4907557: ??? (in /usr/lib/x86_64-linux-gnu/libmysqlclient.so.21.2.42)
==268755==    by 0x48E6082: ??? (in /usr/lib/x86_64-linux-gnu/libmysqlclient.so.21.2.42)
==268755==    by 0x522BEE7: __pthread_once_slow (pthread_once.c:116)
==268755==    by 0x4903155: ??? (in /usr/lib/x86_64-linux-gnu/libmysqlclient.so.21.2.42)
==268755==    by 0x489CBB8: ??? (in /usr/lib/x86_64-linux-gnu/libmysqlclient.so.21.2.42)
==268755==    by 0x489D1FA: ??? (in /usr/lib/x86_64-linux-gnu/libmysqlclient.so.21.2.42)
==268755== 
==268755== 22 bytes in 1 blocks are still reachable in loss record 284 of 2,004
==268755==    at 0x4849013: operator new(unsigned long) (in /usr/libexec/valgrind/vgpreload_memcheck-amd64-linux.so)
==268755==    by 0x130468: __gnu_cxx::new_allocator<char>::allocate(unsigned long, void const*) (new_allocator.h:127)
==268755==    by 0x12F934: allocate (allocator.h:185)
==268755==    by 0x12F934: std::allocator_traits<std::allocator<char> >::allocate(std::allocator<char>&, unsigned long) (alloc_traits.h:464)
==268755==    by 0x12FCCD: std::__cxx11::basic_string<char, std::char_traits<char>, std::allocator<char> >::_M_create(unsigned long&, unsigned long) (basic_string.tcc:153)
==268755==    by 0x4902E5D: ??? (in /usr/lib/x86_64-linux-gnu/libmysqlclient.so.21.2.42)
==268755==    by 0x48E4ED1: ??? (in /usr/lib/x86_64-linux-gnu/libmysqlclient.so.21.2.42)
==268755==    by 0x4907599: ??? (in /usr/lib/x86_64-linux-gnu/libmysqlclient.so.21.2.42)
==268755==    by 0x48E6082: ??? (in /usr/lib/x86_64-linux-gnu/libmysqlclient.so.21.2.42)
==268755==    by 0x522BEE7: __pthread_once_slow (pthread_once.c:116)
==268755==    by 0x4903155: ??? (in /usr/lib/x86_64-linux-gnu/libmysqlclient.so.21.2.42)
==268755==    by 0x489CBB8: ??? (in /usr/lib/x86_64-linux-gnu/libmysqlclient.so.21.2.42)
==268755==    by 0x489D1FA: ??? (in /usr/lib/x86_64-linux-gnu/libmysqlclient.so.21.2.42)
==268755== 
==268755== 22 bytes in 1 blocks are still reachable in loss record 285 of 2,004
==268755==    at 0x4849013: operator new(unsigned long) (in /usr/libexec/valgrind/vgpreload_memcheck-amd64-linux.so)
==268755==    by 0x130468: __gnu_cxx::new_allocator<char>::allocate(unsigned long, void const*) (new_allocator.h:127)
==268755==    by 0x12F934: allocate (allocator.h:185)
==268755==    by 0x12F934: std::allocator_traits<std::allocator<char> >::allocate(std::allocator<char>&, unsigned long) (alloc_traits.h:464)
==268755==    by 0x12FCCD: std::__cxx11::basic_string<char, std::char_traits<char>, std::allocator<char> >::_M_create(unsigned long&, unsigned long) (basic_string.tcc:153)
==268755==    by 0x4902E5D: ??? (in /usr/lib/x86_64-linux-gnu/libmysqlclient.so.21.2.42)
==268755==    by 0x48E4ED1: ??? (in /usr/lib/x86_64-linux-gnu/libmysqlclient.so.21.2.42)
==268755==    by 0x49075DB: ??? (in /usr/lib/x86_64-linux-gnu/libmysqlclient.so.21.2.42)
==268755==    by 0x48E6082: ??? (in /usr/lib/x86_64-linux-gnu/libmysqlclient.so.21.2.42)
==268755==    by 0x522BEE7: __pthread_once_slow (pthread_once.c:116)
==268755==    by 0x4903155: ??? (in /usr/lib/x86_64-linux-gnu/libmysqlclient.so.21.2.42)
==268755==    by 0x489CBB8: ??? (in /usr/lib/x86_64-linux-gnu/libmysqlclient.so.21.2.42)
==268755==    by 0x489D1FA: ??? (in /usr/lib/x86_64-linux-gnu/libmysqlclient.so.21.2.42)
==268755== 
==268755== 22 bytes in 1 blocks are still reachable in loss record 286 of 2,004
==268755==    at 0x4849013: operator new(unsigned long) (in /usr/libexec/valgrind/vgpreload_memcheck-amd64-linux.so)
==268755==    by 0x130468: __gnu_cxx::new_allocator<char>::allocate(unsigned long, void const*) (new_allocator.h:127)
==268755==    by 0x12F934: allocate (allocator.h:185)
==268755==    by 0x12F934: std::allocator_traits<std::allocator<char> >::allocate(std::allocator<char>&, unsigned long) (alloc_traits.h:464)
==268755==    by 0x12FCCD: std::__cxx11::basic_string<char, std::char_traits<char>, std::allocator<char> >::_M_create(unsigned long&, unsigned long) (basic_string.tcc:153)
==268755==    by 0x4902E5D: ??? (in /usr/lib/x86_64-linux-gnu/libmysqlclient.so.21.2.42)
==268755==    by 0x48E4ED1: ??? (in /usr/lib/x86_64-linux-gnu/libmysqlclient.so.21.2.42)
==268755==    by 0x490761D: ??? (in /usr/lib/x86_64-linux-gnu/libmysqlclient.so.21.2.42)
==268755==    by 0x48E6082: ??? (in /usr/lib/x86_64-linux-gnu/libmysqlclient.so.21.2.42)
==268755==    by 0x522BEE7: __pthread_once_slow (pthread_once.c:116)
==268755==    by 0x4903155: ??? (in /usr/lib/x86_64-linux-gnu/libmysqlclient.so.21.2.42)
==268755==    by 0x489CBB8: ??? (in /usr/lib/x86_64-linux-gnu/libmysqlclient.so.21.2.42)
==268755==    by 0x489D1FA: ??? (in /usr/lib/x86_64-linux-gnu/libmysqlclient.so.21.2.42)
==268755== 
==268755== 22 bytes in 1 blocks are still reachable in loss record 287 of 2,004
==268755==    at 0x4849013: operator new(unsigned long) (in /usr/libexec/valgrind/vgpreload_memcheck-amd64-linux.so)
==268755==    by 0x130468: __gnu_cxx::new_allocator<char>::allocate(unsigned long, void const*) (new_allocator.h:127)
==268755==    by 0x12F934: allocate (allocator.h:185)
==268755==    by 0x12F934: std::allocator_traits<std::allocator<char> >::allocate(std::allocator<char>&, unsigned long) (alloc_traits.h:464)
==268755==    by 0x12FCCD: std::__cxx11::basic_string<char, std::char_traits<char>, std::allocator<char> >::_M_create(unsigned long&, unsigned long) (basic_string.tcc:153)
==268755==    by 0x4902E5D: ??? (in /usr/lib/x86_64-linux-gnu/libmysqlclient.so.21.2.42)
==268755==    by 0x48E4ED1: ??? (in /usr/lib/x86_64-linux-gnu/libmysqlclient.so.21.2.42)
==268755==    by 0x490765F: ??? (in /usr/lib/x86_64-linux-gnu/libmysqlclient.so.21.2.42)
==268755==    by 0x48E6082: ??? (in /usr/lib/x86_64-linux-gnu/libmysqlclient.so.21.2.42)
==268755==    by 0x522BEE7: __pthread_once_slow (pthread_once.c:116)
==268755==    by 0x4903155: ??? (in /usr/lib/x86_64-linux-gnu/libmysqlclient.so.21.2.42)
==268755==    by 0x489CBB8: ??? (in /usr/lib/x86_64-linux-gnu/libmysqlclient.so.21.2.42)
==268755==    by 0x489D1FA: ??? (in /usr/lib/x86_64-linux-gnu/libmysqlclient.so.21.2.42)
==268755== 
==268755== 22 bytes in 1 blocks are still reachable in loss record 288 of 2,004
==268755==    at 0x4849013: operator new(unsigned long) (in /usr/libexec/valgrind/vgpreload_memcheck-amd64-linux.so)
==268755==    by 0x130468: __gnu_cxx::new_allocator<char>::allocate(unsigned long, void const*) (new_allocator.h:127)
==268755==    by 0x12F934: allocate (allocator.h:185)
==268755==    by 0x12F934: std::allocator_traits<std::allocator<char> >::allocate(std::allocator<char>&, unsigned long) (alloc_traits.h:464)
==268755==    by 0x12FCCD: std::__cxx11::basic_string<char, std::char_traits<char>, std::allocator<char> >::_M_create(unsigned long&, unsigned long) (basic_string.tcc:153)
==268755==    by 0x4902E5D: ??? (in /usr/lib/x86_64-linux-gnu/libmysqlclient.so.21.2.42)
==268755==    by 0x48E4ED1: ??? (in /usr/lib/x86_64-linux-gnu/libmysqlclient.so.21.2.42)
==268755==    by 0x49076A1: ??? (in /usr/lib/x86_64-linux-gnu/libmysqlclient.so.21.2.42)
==268755==    by 0x48E6082: ??? (in /usr/lib/x86_64-linux-gnu/libmysqlclient.so.21.2.42)
==268755==    by 0x522BEE7: __pthread_once_slow (pthread_once.c:116)
==268755==    by 0x4903155: ??? (in /usr/lib/x86_64-linux-gnu/libmysqlclient.so.21.2.42)
==268755==    by 0x489CBB8: ??? (in /usr/lib/x86_64-linux-gnu/libmysqlclient.so.21.2.42)
==268755==    by 0x489D1FA: ??? (in /usr/lib/x86_64-linux-gnu/libmysqlclient.so.21.2.42)
==268755== 
==268755== 22 bytes in 1 blocks are still reachable in loss record 289 of 2,004
==268755==    at 0x4849013: operator new(unsigned long) (in /usr/libexec/valgrind/vgpreload_memcheck-amd64-linux.so)
==268755==    by 0x130468: __gnu_cxx::new_allocator<char>::allocate(unsigned long, void const*) (new_allocator.h:127)
==268755==    by 0x12F934: allocate (allocator.h:185)
==268755==    by 0x12F934: std::allocator_traits<std::allocator<char> >::allocate(std::allocator<char>&, unsigned long) (alloc_traits.h:464)
==268755==    by 0x12FCCD: std::__cxx11::basic_string<char, std::char_traits<char>, std::allocator<char> >::_M_create(unsigned long&, unsigned long) (basic_string.tcc:153)
==268755==    by 0x4902E5D: ??? (in /usr/lib/x86_64-linux-gnu/libmysqlclient.so.21.2.42)
==268755==    by 0x48E4ED1: ??? (in /usr/lib/x86_64-linux-gnu/libmysqlclient.so.21.2.42)
==268755==    by 0x4907725: ??? (in /usr/lib/x86_64-linux-gnu/libmysqlclient.so.21.2.42)
==268755==    by 0x48E6082: ??? (in /usr/lib/x86_64-linux-gnu/libmysqlclient.so.21.2.42)
==268755==    by 0x522BEE7: __pthread_once_slow (pthread_once.c:116)
==268755==    by 0x4903155: ??? (in /usr/lib/x86_64-linux-gnu/libmysqlclient.so.21.2.42)
==268755==    by 0x489CBB8: ??? (in /usr/lib/x86_64-linux-gnu/libmysqlclient.so.21.2.42)
==268755==    by 0x489D1FA: ??? (in /usr/lib/x86_64-linux-gnu/libmysqlclient.so.21.2.42)
==268755== 
==268755== 22 bytes in 1 blocks are still reachable in loss record 290 of 2,004
==268755==    at 0x4849013: operator new(unsigned long) (in /usr/libexec/valgrind/vgpreload_memcheck-amd64-linux.so)
==268755==    by 0x130468: __gnu_cxx::new_allocator<char>::allocate(unsigned long, void const*) (new_allocator.h:127)
==268755==    by 0x12F934: allocate (allocator.h:185)
==268755==    by 0x12F934: std::allocator_traits<std::allocator<char> >::allocate(std::allocator<char>&, unsigned long) (alloc_traits.h:464)
==268755==    by 0x12FCCD: std::__cxx11::basic_string<char, std::char_traits<char>, std::allocator<char> >::_M_create(unsigned long&, unsigned long) (basic_string.tcc:153)
==268755==    by 0x4902E5D: ??? (in /usr/lib/x86_64-linux-gnu/libmysqlclient.so.21.2.42)
==268755==    by 0x48E4ED1: ??? (in /usr/lib/x86_64-linux-gnu/libmysqlclient.so.21.2.42)
==268755==    by 0x4907767: ??? (in /usr/lib/x86_64-linux-gnu/libmysqlclient.so.21.2.42)
==268755==    by 0x48E6082: ??? (in /usr/lib/x86_64-linux-gnu/libmysqlclient.so.21.2.42)
==268755==    by 0x522BEE7: __pthread_once_slow (pthread_once.c:116)
==268755==    by 0x4903155: ??? (in /usr/lib/x86_64-linux-gnu/libmysqlclient.so.21.2.42)
==268755==    by 0x489CBB8: ??? (in /usr/lib/x86_64-linux-gnu/libmysqlclient.so.21.2.42)
==268755==    by 0x489D1FA: ??? (in /usr/lib/x86_64-linux-gnu/libmysqlclient.so.21.2.42)
==268755== 
==268755== 22 bytes in 1 blocks are still reachable in loss record 291 of 2,004
==268755==    at 0x4849013: operator new(unsigned long) (in /usr/libexec/valgrind/vgpreload_memcheck-amd64-linux.so)
==268755==    by 0x130468: __gnu_cxx::new_allocator<char>::allocate(unsigned long, void const*) (new_allocator.h:127)
==268755==    by 0x12F934: allocate (allocator.h:185)
==268755==    by 0x12F934: std::allocator_traits<std::allocator<char> >::allocate(std::allocator<char>&, unsigned long) (alloc_traits.h:464)
==268755==    by 0x12FCCD: std::__cxx11::basic_string<char, std::char_traits<char>, std::allocator<char> >::_M_create(unsigned long&, unsigned long) (basic_string.tcc:153)
==268755==    by 0x4902E5D: ??? (in /usr/lib/x86_64-linux-gnu/libmysqlclient.so.21.2.42)
==268755==    by 0x48E4ED1: ??? (in /usr/lib/x86_64-linux-gnu/libmysqlclient.so.21.2.42)
==268755==    by 0x48E5188: ??? (in /usr/lib/x86_64-linux-gnu/libmysqlclient.so.21.2.42)
==268755==    by 0x4907795: ??? (in /usr/lib/x86_64-linux-gnu/libmysqlclient.so.21.2.42)
==268755==    by 0x48E6082: ??? (in /usr/lib/x86_64-linux-gnu/libmysqlclient.so.21.2.42)
==268755==    by 0x522BEE7: __pthread_once_slow (pthread_once.c:116)
==268755==    by 0x4903155: ??? (in /usr/lib/x86_64-linux-gnu/libmysqlclient.so.21.2.42)
==268755==    by 0x489CBB8: ??? (in /usr/lib/x86_64-linux-gnu/libmysqlclient.so.21.2.42)
==268755== 
==268755== 22 bytes in 1 blocks are still reachable in loss record 292 of 2,004
==268755==    at 0x4849013: operator new(unsigned long) (in /usr/libexec/valgrind/vgpreload_memcheck-amd64-linux.so)
==268755==    by 0x130468: __gnu_cxx::new_allocator<char>::allocate(unsigned long, void const*) (new_allocator.h:127)
==268755==    by 0x12F934: allocate (allocator.h:185)
==268755==    by 0x12F934: std::allocator_traits<std::allocator<char> >::allocate(std::allocator<char>&, unsigned long) (alloc_traits.h:464)
==268755==    by 0x12FCCD: std::__cxx11::basic_string<char, std::char_traits<char>, std::allocator<char> >::_M_create(unsigned long&, unsigned long) (basic_string.tcc:153)
==268755==    by 0x4902E5D: ??? (in /usr/lib/x86_64-linux-gnu/libmysqlclient.so.21.2.42)
==268755==    by 0x48E4ED1: ??? (in /usr/lib/x86_64-linux-gnu/libmysqlclient.so.21.2.42)
==268755==    by 0x48E5188: ??? (in /usr/lib/x86_64-linux-gnu/libmysqlclient.so.21.2.42)
==268755==    by 0x49077A1: ??? (in /usr/lib/x86_64-linux-gnu/libmysqlclient.so.21.2.42)
==268755==    by 0x48E6082: ??? (in /usr/lib/x86_64-linux-gnu/libmysqlclient.so.21.2.42)
==268755==    by 0x522BEE7: __pthread_once_slow (pthread_once.c:116)
==268755==    by 0x4903155: ??? (in /usr/lib/x86_64-linux-gnu/libmysqlclient.so.21.2.42)
==268755==    by 0x489CBB8: ??? (in /usr/lib/x86_64-linux-gnu/libmysqlclient.so.21.2.42)
==268755== 
==268755== 22 bytes in 1 blocks are still reachable in loss record 293 of 2,004
==268755==    at 0x4849013: operator new(unsigned long) (in /usr/libexec/valgrind/vgpreload_memcheck-amd64-linux.so)
==268755==    by 0x130468: __gnu_cxx::new_allocator<char>::allocate(unsigned long, void const*) (new_allocator.h:127)
==268755==    by 0x12F934: allocate (allocator.h:185)
==268755==    by 0x12F934: std::allocator_traits<std::allocator<char> >::allocate(std::allocator<char>&, unsigned long) (alloc_traits.h:464)
==268755==    by 0x12FCCD: std::__cxx11::basic_string<char, std::char_traits<char>, std::allocator<char> >::_M_create(unsigned long&, unsigned long) (basic_string.tcc:153)
==268755==    by 0x4902E5D: ??? (in /usr/lib/x86_64-linux-gnu/libmysqlclient.so.21.2.42)
==268755==    by 0x48E4ED1: ??? (in /usr/lib/x86_64-linux-gnu/libmysqlclient.so.21.2.42)
==268755==    by 0x49077C1: ??? (in /usr/lib/x86_64-linux-gnu/libmysqlclient.so.21.2.42)
==268755==    by 0x48E6082: ??? (in /usr/lib/x86_64-linux-gnu/libmysqlclient.so.21.2.42)
==268755==    by 0x522BEE7: __pthread_once_slow (pthread_once.c:116)
==268755==    by 0x4903155: ??? (in /usr/lib/x86_64-linux-gnu/libmysqlclient.so.21.2.42)
==268755==    by 0x489CBB8: ??? (in /usr/lib/x86_64-linux-gnu/libmysqlclient.so.21.2.42)
==268755==    by 0x489D1FA: ??? (in /usr/lib/x86_64-linux-gnu/libmysqlclient.so.21.2.42)
==268755== 
==268755== 22 bytes in 1 blocks are still reachable in loss record 294 of 2,004
==268755==    at 0x4849013: operator new(unsigned long) (in /usr/libexec/valgrind/vgpreload_memcheck-amd64-linux.so)
==268755==    by 0x130468: __gnu_cxx::new_allocator<char>::allocate(unsigned long, void const*) (new_allocator.h:127)
==268755==    by 0x12F934: allocate (allocator.h:185)
==268755==    by 0x12F934: std::allocator_traits<std::allocator<char> >::allocate(std::allocator<char>&, unsigned long) (alloc_traits.h:464)
==268755==    by 0x12FCCD: std::__cxx11::basic_string<char, std::char_traits<char>, std::allocator<char> >::_M_create(unsigned long&, unsigned long) (basic_string.tcc:153)
==268755==    by 0x4902E5D: ??? (in /usr/lib/x86_64-linux-gnu/libmysqlclient.so.21.2.42)
==268755==    by 0x48E4ED1: ??? (in /usr/lib/x86_64-linux-gnu/libmysqlclient.so.21.2.42)
==268755==    by 0x4907803: ??? (in /usr/lib/x86_64-linux-gnu/libmysqlclient.so.21.2.42)
==268755==    by 0x48E6082: ??? (in /usr/lib/x86_64-linux-gnu/libmysqlclient.so.21.2.42)
==268755==    by 0x522BEE7: __pthread_once_slow (pthread_once.c:116)
==268755==    by 0x4903155: ??? (in /usr/lib/x86_64-linux-gnu/libmysqlclient.so.21.2.42)
==268755==    by 0x489CBB8: ??? (in /usr/lib/x86_64-linux-gnu/libmysqlclient.so.21.2.42)
==268755==    by 0x489D1FA: ??? (in /usr/lib/x86_64-linux-gnu/libmysqlclient.so.21.2.42)
==268755== 
==268755== 22 bytes in 1 blocks are still reachable in loss record 295 of 2,004
==268755==    at 0x4849013: operator new(unsigned long) (in /usr/libexec/valgrind/vgpreload_memcheck-amd64-linux.so)
==268755==    by 0x130468: __gnu_cxx::new_allocator<char>::allocate(unsigned long, void const*) (new_allocator.h:127)
==268755==    by 0x12F934: allocate (allocator.h:185)
==268755==    by 0x12F934: std::allocator_traits<std::allocator<char> >::allocate(std::allocator<char>&, unsigned long) (alloc_traits.h:464)
==268755==    by 0x12FCCD: std::__cxx11::basic_string<char, std::char_traits<char>, std::allocator<char> >::_M_create(unsigned long&, unsigned long) (basic_string.tcc:153)
==268755==    by 0x4902E5D: ??? (in /usr/lib/x86_64-linux-gnu/libmysqlclient.so.21.2.42)
==268755==    by 0x48E4ED1: ??? (in /usr/lib/x86_64-linux-gnu/libmysqlclient.so.21.2.42)
==268755==    by 0x4907845: ??? (in /usr/lib/x86_64-linux-gnu/libmysqlclient.so.21.2.42)
==268755==    by 0x48E6082: ??? (in /usr/lib/x86_64-linux-gnu/libmysqlclient.so.21.2.42)
==268755==    by 0x522BEE7: __pthread_once_slow (pthread_once.c:116)
==268755==    by 0x4903155: ??? (in /usr/lib/x86_64-linux-gnu/libmysqlclient.so.21.2.42)
==268755==    by 0x489CBB8: ??? (in /usr/lib/x86_64-linux-gnu/libmysqlclient.so.21.2.42)
==268755==    by 0x489D1FA: ??? (in /usr/lib/x86_64-linux-gnu/libmysqlclient.so.21.2.42)
==268755== 
==268755== 22 bytes in 1 blocks are still reachable in loss record 296 of 2,004
==268755==    at 0x4849013: operator new(unsigned long) (in /usr/libexec/valgrind/vgpreload_memcheck-amd64-linux.so)
==268755==    by 0x130468: __gnu_cxx::new_allocator<char>::allocate(unsigned long, void const*) (new_allocator.h:127)
==268755==    by 0x12F934: allocate (allocator.h:185)
==268755==    by 0x12F934: std::allocator_traits<std::allocator<char> >::allocate(std::allocator<char>&, unsigned long) (alloc_traits.h:464)
==268755==    by 0x12FCCD: std::__cxx11::basic_string<char, std::char_traits<char>, std::allocator<char> >::_M_create(unsigned long&, unsigned long) (basic_string.tcc:153)
==268755==    by 0x4902E5D: ??? (in /usr/lib/x86_64-linux-gnu/libmysqlclient.so.21.2.42)
==268755==    by 0x48E4ED1: ??? (in /usr/lib/x86_64-linux-gnu/libmysqlclient.so.21.2.42)
==268755==    by 0x4907887: ??? (in /usr/lib/x86_64-linux-gnu/libmysqlclient.so.21.2.42)
==268755==    by 0x48E6082: ??? (in /usr/lib/x86_64-linux-gnu/libmysqlclient.so.21.2.42)
==268755==    by 0x522BEE7: __pthread_once_slow (pthread_once.c:116)
==268755==    by 0x4903155: ??? (in /usr/lib/x86_64-linux-gnu/libmysqlclient.so.21.2.42)
==268755==    by 0x489CBB8: ??? (in /usr/lib/x86_64-linux-gnu/libmysqlclient.so.21.2.42)
==268755==    by 0x489D1FA: ??? (in /usr/lib/x86_64-linux-gnu/libmysqlclient.so.21.2.42)
==268755== 
==268755== 22 bytes in 1 blocks are still reachable in loss record 297 of 2,004
==268755==    at 0x4849013: operator new(unsigned long) (in /usr/libexec/valgrind/vgpreload_memcheck-amd64-linux.so)
==268755==    by 0x130468: __gnu_cxx::new_allocator<char>::allocate(unsigned long, void const*) (new_allocator.h:127)
==268755==    by 0x12F934: allocate (allocator.h:185)
==268755==    by 0x12F934: std::allocator_traits<std::allocator<char> >::allocate(std::allocator<char>&, unsigned long) (alloc_traits.h:464)
==268755==    by 0x12FCCD: std::__cxx11::basic_string<char, std::char_traits<char>, std::allocator<char> >::_M_create(unsigned long&, unsigned long) (basic_string.tcc:153)
==268755==    by 0x4902E5D: ??? (in /usr/lib/x86_64-linux-gnu/libmysqlclient.so.21.2.42)
==268755==    by 0x48E4ED1: ??? (in /usr/lib/x86_64-linux-gnu/libmysqlclient.so.21.2.42)
==268755==    by 0x490790B: ??? (in /usr/lib/x86_64-linux-gnu/libmysqlclient.so.21.2.42)
==268755==    by 0x48E6082: ??? (in /usr/lib/x86_64-linux-gnu/libmysqlclient.so.21.2.42)
==268755==    by 0x522BEE7: __pthread_once_slow (pthread_once.c:116)
==268755==    by 0x4903155: ??? (in /usr/lib/x86_64-linux-gnu/libmysqlclient.so.21.2.42)
==268755==    by 0x489CBB8: ??? (in /usr/lib/x86_64-linux-gnu/libmysqlclient.so.21.2.42)
==268755==    by 0x489D1FA: ??? (in /usr/lib/x86_64-linux-gnu/libmysqlclient.so.21.2.42)
==268755== 
==268755== 22 bytes in 1 blocks are still reachable in loss record 298 of 2,004
==268755==    at 0x4849013: operator new(unsigned long) (in /usr/libexec/valgrind/vgpreload_memcheck-amd64-linux.so)
==268755==    by 0x130468: __gnu_cxx::new_allocator<char>::allocate(unsigned long, void const*) (new_allocator.h:127)
==268755==    by 0x12F934: allocate (allocator.h:185)
==268755==    by 0x12F934: std::allocator_traits<std::allocator<char> >::allocate(std::allocator<char>&, unsigned long) (alloc_traits.h:464)
==268755==    by 0x12FCCD: std::__cxx11::basic_string<char, std::char_traits<char>, std::allocator<char> >::_M_create(unsigned long&, unsigned long) (basic_string.tcc:153)
==268755==    by 0x4902E5D: ??? (in /usr/lib/x86_64-linux-gnu/libmysqlclient.so.21.2.42)
==268755==    by 0x48E4ED1: ??? (in /usr/lib/x86_64-linux-gnu/libmysqlclient.so.21.2.42)
==268755==    by 0x490794D: ??? (in /usr/lib/x86_64-linux-gnu/libmysqlclient.so.21.2.42)
==268755==    by 0x48E6082: ??? (in /usr/lib/x86_64-linux-gnu/libmysqlclient.so.21.2.42)
==268755==    by 0x522BEE7: __pthread_once_slow (pthread_once.c:116)
==268755==    by 0x4903155: ??? (in /usr/lib/x86_64-linux-gnu/libmysqlclient.so.21.2.42)
==268755==    by 0x489CBB8: ??? (in /usr/lib/x86_64-linux-gnu/libmysqlclient.so.21.2.42)
==268755==    by 0x489D1FA: ??? (in /usr/lib/x86_64-linux-gnu/libmysqlclient.so.21.2.42)
==268755== 
==268755== 22 bytes in 1 blocks are still reachable in loss record 299 of 2,004
==268755==    at 0x4849013: operator new(unsigned long) (in /usr/libexec/valgrind/vgpreload_memcheck-amd64-linux.so)
==268755==    by 0x130468: __gnu_cxx::new_allocator<char>::allocate(unsigned long, void const*) (new_allocator.h:127)
==268755==    by 0x12F934: allocate (allocator.h:185)
==268755==    by 0x12F934: std::allocator_traits<std::allocator<char> >::allocate(std::allocator<char>&, unsigned long) (alloc_traits.h:464)
==268755==    by 0x12FCCD: std::__cxx11::basic_string<char, std::char_traits<char>, std::allocator<char> >::_M_create(unsigned long&, unsigned long) (basic_string.tcc:153)
==268755==    by 0x4902E5D: ??? (in /usr/lib/x86_64-linux-gnu/libmysqlclient.so.21.2.42)
==268755==    by 0x48E4ED1: ??? (in /usr/lib/x86_64-linux-gnu/libmysqlclient.so.21.2.42)
==268755==    by 0x490798F: ??? (in /usr/lib/x86_64-linux-gnu/libmysqlclient.so.21.2.42)
==268755==    by 0x48E6082: ??? (in /usr/lib/x86_64-linux-gnu/libmysqlclient.so.21.2.42)
==268755==    by 0x522BEE7: __pthread_once_slow (pthread_once.c:116)
==268755==    by 0x4903155: ??? (in /usr/lib/x86_64-linux-gnu/libmysqlclient.so.21.2.42)
==268755==    by 0x489CBB8: ??? (in /usr/lib/x86_64-linux-gnu/libmysqlclient.so.21.2.42)
==268755==    by 0x489D1FA: ??? (in /usr/lib/x86_64-linux-gnu/libmysqlclient.so.21.2.42)
==268755== 
==268755== 22 bytes in 1 blocks are still reachable in loss record 300 of 2,004
==268755==    at 0x4849013: operator new(unsigned long) (in /usr/libexec/valgrind/vgpreload_memcheck-amd64-linux.so)
==268755==    by 0x130468: __gnu_cxx::new_allocator<char>::allocate(unsigned long, void const*) (new_allocator.h:127)
==268755==    by 0x12F934: allocate (allocator.h:185)
==268755==    by 0x12F934: std::allocator_traits<std::allocator<char> >::allocate(std::allocator<char>&, unsigned long) (alloc_traits.h:464)
==268755==    by 0x12FCCD: std::__cxx11::basic_string<char, std::char_traits<char>, std::allocator<char> >::_M_create(unsigned long&, unsigned long) (basic_string.tcc:153)
==268755==    by 0x4902E5D: ??? (in /usr/lib/x86_64-linux-gnu/libmysqlclient.so.21.2.42)
==268755==    by 0x48E4ED1: ??? (in /usr/lib/x86_64-linux-gnu/libmysqlclient.so.21.2.42)
==268755==    by 0x4907A61: ??? (in /usr/lib/x86_64-linux-gnu/libmysqlclient.so.21.2.42)
==268755==    by 0x48E6082: ??? (in /usr/lib/x86_64-linux-gnu/libmysqlclient.so.21.2.42)
==268755==    by 0x522BEE7: __pthread_once_slow (pthread_once.c:116)
==268755==    by 0x4903155: ??? (in /usr/lib/x86_64-linux-gnu/libmysqlclient.so.21.2.42)
==268755==    by 0x489CBB8: ??? (in /usr/lib/x86_64-linux-gnu/libmysqlclient.so.21.2.42)
==268755==    by 0x489D1FA: ??? (in /usr/lib/x86_64-linux-gnu/libmysqlclient.so.21.2.42)
==268755== 
==268755== 22 bytes in 1 blocks are still reachable in loss record 301 of 2,004
==268755==    at 0x4849013: operator new(unsigned long) (in /usr/libexec/valgrind/vgpreload_memcheck-amd64-linux.so)
==268755==    by 0x130468: __gnu_cxx::new_allocator<char>::allocate(unsigned long, void const*) (new_allocator.h:127)
==268755==    by 0x12F934: allocate (allocator.h:185)
==268755==    by 0x12F934: std::allocator_traits<std::allocator<char> >::allocate(std::allocator<char>&, unsigned long) (alloc_traits.h:464)
==268755==    by 0x12FCCD: std::__cxx11::basic_string<char, std::char_traits<char>, std::allocator<char> >::_M_create(unsigned long&, unsigned long) (basic_string.tcc:153)
==268755==    by 0x4902E5D: ??? (in /usr/lib/x86_64-linux-gnu/libmysqlclient.so.21.2.42)
==268755==    by 0x48E4ED1: ??? (in /usr/lib/x86_64-linux-gnu/libmysqlclient.so.21.2.42)
==268755==    by 0x4907AA3: ??? (in /usr/lib/x86_64-linux-gnu/libmysqlclient.so.21.2.42)
==268755==    by 0x48E6082: ??? (in /usr/lib/x86_64-linux-gnu/libmysqlclient.so.21.2.42)
==268755==    by 0x522BEE7: __pthread_once_slow (pthread_once.c:116)
==268755==    by 0x4903155: ??? (in /usr/lib/x86_64-linux-gnu/libmysqlclient.so.21.2.42)
==268755==    by 0x489CBB8: ??? (in /usr/lib/x86_64-linux-gnu/libmysqlclient.so.21.2.42)
==268755==    by 0x489D1FA: ??? (in /usr/lib/x86_64-linux-gnu/libmysqlclient.so.21.2.42)
==268755== 
==268755== 22 bytes in 1 blocks are still reachable in loss record 302 of 2,004
==268755==    at 0x4849013: operator new(unsigned long) (in /usr/libexec/valgrind/vgpreload_memcheck-amd64-linux.so)
==268755==    by 0x130468: __gnu_cxx::new_allocator<char>::allocate(unsigned long, void const*) (new_allocator.h:127)
==268755==    by 0x12F934: allocate (allocator.h:185)
==268755==    by 0x12F934: std::allocator_traits<std::allocator<char> >::allocate(std::allocator<char>&, unsigned long) (alloc_traits.h:464)
==268755==    by 0x12FCCD: std::__cxx11::basic_string<char, std::char_traits<char>, std::allocator<char> >::_M_create(unsigned long&, unsigned long) (basic_string.tcc:153)
==268755==    by 0x4902E5D: ??? (in /usr/lib/x86_64-linux-gnu/libmysqlclient.so.21.2.42)
==268755==    by 0x48E4ED1: ??? (in /usr/lib/x86_64-linux-gnu/libmysqlclient.so.21.2.42)
==268755==    by 0x4907AE5: ??? (in /usr/lib/x86_64-linux-gnu/libmysqlclient.so.21.2.42)
==268755==    by 0x48E6082: ??? (in /usr/lib/x86_64-linux-gnu/libmysqlclient.so.21.2.42)
==268755==    by 0x522BEE7: __pthread_once_slow (pthread_once.c:116)
==268755==    by 0x4903155: ??? (in /usr/lib/x86_64-linux-gnu/libmysqlclient.so.21.2.42)
==268755==    by 0x489CBB8: ??? (in /usr/lib/x86_64-linux-gnu/libmysqlclient.so.21.2.42)
==268755==    by 0x489D1FA: ??? (in /usr/lib/x86_64-linux-gnu/libmysqlclient.so.21.2.42)
==268755== 
==268755== 22 bytes in 1 blocks are still reachable in loss record 303 of 2,004
==268755==    at 0x4849013: operator new(unsigned long) (in /usr/libexec/valgrind/vgpreload_memcheck-amd64-linux.so)
==268755==    by 0x130468: __gnu_cxx::new_allocator<char>::allocate(unsigned long, void const*) (new_allocator.h:127)
==268755==    by 0x12F934: allocate (allocator.h:185)
==268755==    by 0x12F934: std::allocator_traits<std::allocator<char> >::allocate(std::allocator<char>&, unsigned long) (alloc_traits.h:464)
==268755==    by 0x12FCCD: std::__cxx11::basic_string<char, std::char_traits<char>, std::allocator<char> >::_M_create(unsigned long&, unsigned long) (basic_string.tcc:153)
==268755==    by 0x4902E5D: ??? (in /usr/lib/x86_64-linux-gnu/libmysqlclient.so.21.2.42)
==268755==    by 0x48E4ED1: ??? (in /usr/lib/x86_64-linux-gnu/libmysqlclient.so.21.2.42)
==268755==    by 0x4907B27: ??? (in /usr/lib/x86_64-linux-gnu/libmysqlclient.so.21.2.42)
==268755==    by 0x48E6082: ??? (in /usr/lib/x86_64-linux-gnu/libmysqlclient.so.21.2.42)
==268755==    by 0x522BEE7: __pthread_once_slow (pthread_once.c:116)
==268755==    by 0x4903155: ??? (in /usr/lib/x86_64-linux-gnu/libmysqlclient.so.21.2.42)
==268755==    by 0x489CBB8: ??? (in /usr/lib/x86_64-linux-gnu/libmysqlclient.so.21.2.42)
==268755==    by 0x489D1FA: ??? (in /usr/lib/x86_64-linux-gnu/libmysqlclient.so.21.2.42)
==268755== 
==268755== 22 bytes in 1 blocks are still reachable in loss record 304 of 2,004
==268755==    at 0x4849013: operator new(unsigned long) (in /usr/libexec/valgrind/vgpreload_memcheck-amd64-linux.so)
==268755==    by 0x130468: __gnu_cxx::new_allocator<char>::allocate(unsigned long, void const*) (new_allocator.h:127)
==268755==    by 0x12F934: allocate (allocator.h:185)
==268755==    by 0x12F934: std::allocator_traits<std::allocator<char> >::allocate(std::allocator<char>&, unsigned long) (alloc_traits.h:464)
==268755==    by 0x12FCCD: std::__cxx11::basic_string<char, std::char_traits<char>, std::allocator<char> >::_M_create(unsigned long&, unsigned long) (basic_string.tcc:153)
==268755==    by 0x4902E5D: ??? (in /usr/lib/x86_64-linux-gnu/libmysqlclient.so.21.2.42)
==268755==    by 0x48E4ED1: ??? (in /usr/lib/x86_64-linux-gnu/libmysqlclient.so.21.2.42)
==268755==    by 0x4907B69: ??? (in /usr/lib/x86_64-linux-gnu/libmysqlclient.so.21.2.42)
==268755==    by 0x48E6082: ??? (in /usr/lib/x86_64-linux-gnu/libmysqlclient.so.21.2.42)
==268755==    by 0x522BEE7: __pthread_once_slow (pthread_once.c:116)
==268755==    by 0x4903155: ??? (in /usr/lib/x86_64-linux-gnu/libmysqlclient.so.21.2.42)
==268755==    by 0x489CBB8: ??? (in /usr/lib/x86_64-linux-gnu/libmysqlclient.so.21.2.42)
==268755==    by 0x489D1FA: ??? (in /usr/lib/x86_64-linux-gnu/libmysqlclient.so.21.2.42)
==268755== 
==268755== 22 bytes in 1 blocks are still reachable in loss record 305 of 2,004
==268755==    at 0x4849013: operator new(unsigned long) (in /usr/libexec/valgrind/vgpreload_memcheck-amd64-linux.so)
==268755==    by 0x130468: __gnu_cxx::new_allocator<char>::allocate(unsigned long, void const*) (new_allocator.h:127)
==268755==    by 0x12F934: allocate (allocator.h:185)
==268755==    by 0x12F934: std::allocator_traits<std::allocator<char> >::allocate(std::allocator<char>&, unsigned long) (alloc_traits.h:464)
==268755==    by 0x12FCCD: std::__cxx11::basic_string<char, std::char_traits<char>, std::allocator<char> >::_M_create(unsigned long&, unsigned long) (basic_string.tcc:153)
==268755==    by 0x4902E5D: ??? (in /usr/lib/x86_64-linux-gnu/libmysqlclient.so.21.2.42)
==268755==    by 0x48E4ED1: ??? (in /usr/lib/x86_64-linux-gnu/libmysqlclient.so.21.2.42)
==268755==    by 0x4907BAB: ??? (in /usr/lib/x86_64-linux-gnu/libmysqlclient.so.21.2.42)
==268755==    by 0x48E6082: ??? (in /usr/lib/x86_64-linux-gnu/libmysqlclient.so.21.2.42)
==268755==    by 0x522BEE7: __pthread_once_slow (pthread_once.c:116)
==268755==    by 0x4903155: ??? (in /usr/lib/x86_64-linux-gnu/libmysqlclient.so.21.2.42)
==268755==    by 0x489CBB8: ??? (in /usr/lib/x86_64-linux-gnu/libmysqlclient.so.21.2.42)
==268755==    by 0x489D1FA: ??? (in /usr/lib/x86_64-linux-gnu/libmysqlclient.so.21.2.42)
==268755== 
==268755== 22 bytes in 1 blocks are still reachable in loss record 306 of 2,004
==268755==    at 0x4849013: operator new(unsigned long) (in /usr/libexec/valgrind/vgpreload_memcheck-amd64-linux.so)
==268755==    by 0x130468: __gnu_cxx::new_allocator<char>::allocate(unsigned long, void const*) (new_allocator.h:127)
==268755==    by 0x12F934: allocate (allocator.h:185)
==268755==    by 0x12F934: std::allocator_traits<std::allocator<char> >::allocate(std::allocator<char>&, unsigned long) (alloc_traits.h:464)
==268755==    by 0x12FCCD: std::__cxx11::basic_string<char, std::char_traits<char>, std::allocator<char> >::_M_create(unsigned long&, unsigned long) (basic_string.tcc:153)
==268755==    by 0x4902E5D: ??? (in /usr/lib/x86_64-linux-gnu/libmysqlclient.so.21.2.42)
==268755==    by 0x48E4ED1: ??? (in /usr/lib/x86_64-linux-gnu/libmysqlclient.so.21.2.42)
==268755==    by 0x4907BED: ??? (in /usr/lib/x86_64-linux-gnu/libmysqlclient.so.21.2.42)
==268755==    by 0x48E6082: ??? (in /usr/lib/x86_64-linux-gnu/libmysqlclient.so.21.2.42)
==268755==    by 0x522BEE7: __pthread_once_slow (pthread_once.c:116)
==268755==    by 0x4903155: ??? (in /usr/lib/x86_64-linux-gnu/libmysqlclient.so.21.2.42)
==268755==    by 0x489CBB8: ??? (in /usr/lib/x86_64-linux-gnu/libmysqlclient.so.21.2.42)
==268755==    by 0x489D1FA: ??? (in /usr/lib/x86_64-linux-gnu/libmysqlclient.so.21.2.42)
==268755== 
==268755== 22 bytes in 1 blocks are still reachable in loss record 307 of 2,004
==268755==    at 0x4849013: operator new(unsigned long) (in /usr/libexec/valgrind/vgpreload_memcheck-amd64-linux.so)
==268755==    by 0x130468: __gnu_cxx::new_allocator<char>::allocate(unsigned long, void const*) (new_allocator.h:127)
==268755==    by 0x12F934: allocate (allocator.h:185)
==268755==    by 0x12F934: std::allocator_traits<std::allocator<char> >::allocate(std::allocator<char>&, unsigned long) (alloc_traits.h:464)
==268755==    by 0x12FCCD: std::__cxx11::basic_string<char, std::char_traits<char>, std::allocator<char> >::_M_create(unsigned long&, unsigned long) (basic_string.tcc:153)
==268755==    by 0x4902E5D: ??? (in /usr/lib/x86_64-linux-gnu/libmysqlclient.so.21.2.42)
==268755==    by 0x48E4ED1: ??? (in /usr/lib/x86_64-linux-gnu/libmysqlclient.so.21.2.42)
==268755==    by 0x4907C2F: ??? (in /usr/lib/x86_64-linux-gnu/libmysqlclient.so.21.2.42)
==268755==    by 0x48E6082: ??? (in /usr/lib/x86_64-linux-gnu/libmysqlclient.so.21.2.42)
==268755==    by 0x522BEE7: __pthread_once_slow (pthread_once.c:116)
==268755==    by 0x4903155: ??? (in /usr/lib/x86_64-linux-gnu/libmysqlclient.so.21.2.42)
==268755==    by 0x489CBB8: ??? (in /usr/lib/x86_64-linux-gnu/libmysqlclient.so.21.2.42)
==268755==    by 0x489D1FA: ??? (in /usr/lib/x86_64-linux-gnu/libmysqlclient.so.21.2.42)
==268755== 
==268755== 22 bytes in 1 blocks are still reachable in loss record 308 of 2,004
==268755==    at 0x4849013: operator new(unsigned long) (in /usr/libexec/valgrind/vgpreload_memcheck-amd64-linux.so)
==268755==    by 0x130468: __gnu_cxx::new_allocator<char>::allocate(unsigned long, void const*) (new_allocator.h:127)
==268755==    by 0x12F934: allocate (allocator.h:185)
==268755==    by 0x12F934: std::allocator_traits<std::allocator<char> >::allocate(std::allocator<char>&, unsigned long) (alloc_traits.h:464)
==268755==    by 0x12FCCD: std::__cxx11::basic_string<char, std::char_traits<char>, std::allocator<char> >::_M_create(unsigned long&, unsigned long) (basic_string.tcc:153)
==268755==    by 0x4902E5D: ??? (in /usr/lib/x86_64-linux-gnu/libmysqlclient.so.21.2.42)
==268755==    by 0x48E4ED1: ??? (in /usr/lib/x86_64-linux-gnu/libmysqlclient.so.21.2.42)
==268755==    by 0x4907C71: ??? (in /usr/lib/x86_64-linux-gnu/libmysqlclient.so.21.2.42)
==268755==    by 0x48E6082: ??? (in /usr/lib/x86_64-linux-gnu/libmysqlclient.so.21.2.42)
==268755==    by 0x522BEE7: __pthread_once_slow (pthread_once.c:116)
==268755==    by 0x4903155: ??? (in /usr/lib/x86_64-linux-gnu/libmysqlclient.so.21.2.42)
==268755==    by 0x489CBB8: ??? (in /usr/lib/x86_64-linux-gnu/libmysqlclient.so.21.2.42)
==268755==    by 0x489D1FA: ??? (in /usr/lib/x86_64-linux-gnu/libmysqlclient.so.21.2.42)
==268755== 
==268755== 22 bytes in 1 blocks are still reachable in loss record 309 of 2,004
==268755==    at 0x4849013: operator new(unsigned long) (in /usr/libexec/valgrind/vgpreload_memcheck-amd64-linux.so)
==268755==    by 0x130468: __gnu_cxx::new_allocator<char>::allocate(unsigned long, void const*) (new_allocator.h:127)
==268755==    by 0x12F934: allocate (allocator.h:185)
==268755==    by 0x12F934: std::allocator_traits<std::allocator<char> >::allocate(std::allocator<char>&, unsigned long) (alloc_traits.h:464)
==268755==    by 0x12FCCD: std::__cxx11::basic_string<char, std::char_traits<char>, std::allocator<char> >::_M_create(unsigned long&, unsigned long) (basic_string.tcc:153)
==268755==    by 0x4902E5D: ??? (in /usr/lib/x86_64-linux-gnu/libmysqlclient.so.21.2.42)
==268755==    by 0x48E4ED1: ??? (in /usr/lib/x86_64-linux-gnu/libmysqlclient.so.21.2.42)
==268755==    by 0x4907CB3: ??? (in /usr/lib/x86_64-linux-gnu/libmysqlclient.so.21.2.42)
==268755==    by 0x48E6082: ??? (in /usr/lib/x86_64-linux-gnu/libmysqlclient.so.21.2.42)
==268755==    by 0x522BEE7: __pthread_once_slow (pthread_once.c:116)
==268755==    by 0x4903155: ??? (in /usr/lib/x86_64-linux-gnu/libmysqlclient.so.21.2.42)
==268755==    by 0x489CBB8: ??? (in /usr/lib/x86_64-linux-gnu/libmysqlclient.so.21.2.42)
==268755==    by 0x489D1FA: ??? (in /usr/lib/x86_64-linux-gnu/libmysqlclient.so.21.2.42)
==268755== 
==268755== 22 bytes in 1 blocks are still reachable in loss record 310 of 2,004
==268755==    at 0x4849013: operator new(unsigned long) (in /usr/libexec/valgrind/vgpreload_memcheck-amd64-linux.so)
==268755==    by 0x130468: __gnu_cxx::new_allocator<char>::allocate(unsigned long, void const*) (new_allocator.h:127)
==268755==    by 0x12F934: allocate (allocator.h:185)
==268755==    by 0x12F934: std::allocator_traits<std::allocator<char> >::allocate(std::allocator<char>&, unsigned long) (alloc_traits.h:464)
==268755==    by 0x12FCCD: std::__cxx11::basic_string<char, std::char_traits<char>, std::allocator<char> >::_M_create(unsigned long&, unsigned long) (basic_string.tcc:153)
==268755==    by 0x4902E5D: ??? (in /usr/lib/x86_64-linux-gnu/libmysqlclient.so.21.2.42)
==268755==    by 0x48E4ED1: ??? (in /usr/lib/x86_64-linux-gnu/libmysqlclient.so.21.2.42)
==268755==    by 0x4907CF5: ??? (in /usr/lib/x86_64-linux-gnu/libmysqlclient.so.21.2.42)
==268755==    by 0x48E6082: ??? (in /usr/lib/x86_64-linux-gnu/libmysqlclient.so.21.2.42)
==268755==    by 0x522BEE7: __pthread_once_slow (pthread_once.c:116)
==268755==    by 0x4903155: ??? (in /usr/lib/x86_64-linux-gnu/libmysqlclient.so.21.2.42)
==268755==    by 0x489CBB8: ??? (in /usr/lib/x86_64-linux-gnu/libmysqlclient.so.21.2.42)
==268755==    by 0x489D1FA: ??? (in /usr/lib/x86_64-linux-gnu/libmysqlclient.so.21.2.42)
==268755== 
==268755== 22 bytes in 1 blocks are still reachable in loss record 311 of 2,004
==268755==    at 0x4849013: operator new(unsigned long) (in /usr/libexec/valgrind/vgpreload_memcheck-amd64-linux.so)
==268755==    by 0x130468: __gnu_cxx::new_allocator<char>::allocate(unsigned long, void const*) (new_allocator.h:127)
==268755==    by 0x12F934: allocate (allocator.h:185)
==268755==    by 0x12F934: std::allocator_traits<std::allocator<char> >::allocate(std::allocator<char>&, unsigned long) (alloc_traits.h:464)
==268755==    by 0x12FCCD: std::__cxx11::basic_string<char, std::char_traits<char>, std::allocator<char> >::_M_create(unsigned long&, unsigned long) (basic_string.tcc:153)
==268755==    by 0x4902E5D: ??? (in /usr/lib/x86_64-linux-gnu/libmysqlclient.so.21.2.42)
==268755==    by 0x48E4ED1: ??? (in /usr/lib/x86_64-linux-gnu/libmysqlclient.so.21.2.42)
==268755==    by 0x4907D37: ??? (in /usr/lib/x86_64-linux-gnu/libmysqlclient.so.21.2.42)
==268755==    by 0x48E6082: ??? (in /usr/lib/x86_64-linux-gnu/libmysqlclient.so.21.2.42)
==268755==    by 0x522BEE7: __pthread_once_slow (pthread_once.c:116)
==268755==    by 0x4903155: ??? (in /usr/lib/x86_64-linux-gnu/libmysqlclient.so.21.2.42)
==268755==    by 0x489CBB8: ??? (in /usr/lib/x86_64-linux-gnu/libmysqlclient.so.21.2.42)
==268755==    by 0x489D1FA: ??? (in /usr/lib/x86_64-linux-gnu/libmysqlclient.so.21.2.42)
==268755== 
==268755== 22 bytes in 1 blocks are still reachable in loss record 312 of 2,004
==268755==    at 0x4849013: operator new(unsigned long) (in /usr/libexec/valgrind/vgpreload_memcheck-amd64-linux.so)
==268755==    by 0x130468: __gnu_cxx::new_allocator<char>::allocate(unsigned long, void const*) (new_allocator.h:127)
==268755==    by 0x12F934: allocate (allocator.h:185)
==268755==    by 0x12F934: std::allocator_traits<std::allocator<char> >::allocate(std::allocator<char>&, unsigned long) (alloc_traits.h:464)
==268755==    by 0x12FCCD: std::__cxx11::basic_string<char, std::char_traits<char>, std::allocator<char> >::_M_create(unsigned long&, unsigned long) (basic_string.tcc:153)
==268755==    by 0x4902E5D: ??? (in /usr/lib/x86_64-linux-gnu/libmysqlclient.so.21.2.42)
==268755==    by 0x48E4ED1: ??? (in /usr/lib/x86_64-linux-gnu/libmysqlclient.so.21.2.42)
==268755==    by 0x4907D79: ??? (in /usr/lib/x86_64-linux-gnu/libmysqlclient.so.21.2.42)
==268755==    by 0x48E6082: ??? (in /usr/lib/x86_64-linux-gnu/libmysqlclient.so.21.2.42)
==268755==    by 0x522BEE7: __pthread_once_slow (pthread_once.c:116)
==268755==    by 0x4903155: ??? (in /usr/lib/x86_64-linux-gnu/libmysqlclient.so.21.2.42)
==268755==    by 0x489CBB8: ??? (in /usr/lib/x86_64-linux-gnu/libmysqlclient.so.21.2.42)
==268755==    by 0x489D1FA: ??? (in /usr/lib/x86_64-linux-gnu/libmysqlclient.so.21.2.42)
==268755== 
==268755== 22 bytes in 1 blocks are still reachable in loss record 313 of 2,004
==268755==    at 0x4849013: operator new(unsigned long) (in /usr/libexec/valgrind/vgpreload_memcheck-amd64-linux.so)
==268755==    by 0x130468: __gnu_cxx::new_allocator<char>::allocate(unsigned long, void const*) (new_allocator.h:127)
==268755==    by 0x12F934: allocate (allocator.h:185)
==268755==    by 0x12F934: std::allocator_traits<std::allocator<char> >::allocate(std::allocator<char>&, unsigned long) (alloc_traits.h:464)
==268755==    by 0x12FCCD: std::__cxx11::basic_string<char, std::char_traits<char>, std::allocator<char> >::_M_create(unsigned long&, unsigned long) (basic_string.tcc:153)
==268755==    by 0x4902E5D: ??? (in /usr/lib/x86_64-linux-gnu/libmysqlclient.so.21.2.42)
==268755==    by 0x48E4ED1: ??? (in /usr/lib/x86_64-linux-gnu/libmysqlclient.so.21.2.42)
==268755==    by 0x4907DFD: ??? (in /usr/lib/x86_64-linux-gnu/libmysqlclient.so.21.2.42)
==268755==    by 0x48E6082: ??? (in /usr/lib/x86_64-linux-gnu/libmysqlclient.so.21.2.42)
==268755==    by 0x522BEE7: __pthread_once_slow (pthread_once.c:116)
==268755==    by 0x4903155: ??? (in /usr/lib/x86_64-linux-gnu/libmysqlclient.so.21.2.42)
==268755==    by 0x489CBB8: ??? (in /usr/lib/x86_64-linux-gnu/libmysqlclient.so.21.2.42)
==268755==    by 0x489D1FA: ??? (in /usr/lib/x86_64-linux-gnu/libmysqlclient.so.21.2.42)
==268755== 
==268755== 22 bytes in 1 blocks are still reachable in loss record 314 of 2,004
==268755==    at 0x4849013: operator new(unsigned long) (in /usr/libexec/valgrind/vgpreload_memcheck-amd64-linux.so)
==268755==    by 0x130468: __gnu_cxx::new_allocator<char>::allocate(unsigned long, void const*) (new_allocator.h:127)
==268755==    by 0x12F934: allocate (allocator.h:185)
==268755==    by 0x12F934: std::allocator_traits<std::allocator<char> >::allocate(std::allocator<char>&, unsigned long) (alloc_traits.h:464)
==268755==    by 0x12FCCD: std::__cxx11::basic_string<char, std::char_traits<char>, std::allocator<char> >::_M_create(unsigned long&, unsigned long) (basic_string.tcc:153)
==268755==    by 0x4902E5D: ??? (in /usr/lib/x86_64-linux-gnu/libmysqlclient.so.21.2.42)
==268755==    by 0x48E4ED1: ??? (in /usr/lib/x86_64-linux-gnu/libmysqlclient.so.21.2.42)
==268755==    by 0x4907E3F: ??? (in /usr/lib/x86_64-linux-gnu/libmysqlclient.so.21.2.42)
==268755==    by 0x48E6082: ??? (in /usr/lib/x86_64-linux-gnu/libmysqlclient.so.21.2.42)
==268755==    by 0x522BEE7: __pthread_once_slow (pthread_once.c:116)
==268755==    by 0x4903155: ??? (in /usr/lib/x86_64-linux-gnu/libmysqlclient.so.21.2.42)
==268755==    by 0x489CBB8: ??? (in /usr/lib/x86_64-linux-gnu/libmysqlclient.so.21.2.42)
==268755==    by 0x489D1FA: ??? (in /usr/lib/x86_64-linux-gnu/libmysqlclient.so.21.2.42)
==268755== 
==268755== 22 bytes in 1 blocks are still reachable in loss record 315 of 2,004
==268755==    at 0x4849013: operator new(unsigned long) (in /usr/libexec/valgrind/vgpreload_memcheck-amd64-linux.so)
==268755==    by 0x130468: __gnu_cxx::new_allocator<char>::allocate(unsigned long, void const*) (new_allocator.h:127)
==268755==    by 0x12F934: allocate (allocator.h:185)
==268755==    by 0x12F934: std::allocator_traits<std::allocator<char> >::allocate(std::allocator<char>&, unsigned long) (alloc_traits.h:464)
==268755==    by 0x12FCCD: std::__cxx11::basic_string<char, std::char_traits<char>, std::allocator<char> >::_M_create(unsigned long&, unsigned long) (basic_string.tcc:153)
==268755==    by 0x4902E5D: ??? (in /usr/lib/x86_64-linux-gnu/libmysqlclient.so.21.2.42)
==268755==    by 0x48E4ED1: ??? (in /usr/lib/x86_64-linux-gnu/libmysqlclient.so.21.2.42)
==268755==    by 0x4907E81: ??? (in /usr/lib/x86_64-linux-gnu/libmysqlclient.so.21.2.42)
==268755==    by 0x48E6082: ??? (in /usr/lib/x86_64-linux-gnu/libmysqlclient.so.21.2.42)
==268755==    by 0x522BEE7: __pthread_once_slow (pthread_once.c:116)
==268755==    by 0x4903155: ??? (in /usr/lib/x86_64-linux-gnu/libmysqlclient.so.21.2.42)
==268755==    by 0x489CBB8: ??? (in /usr/lib/x86_64-linux-gnu/libmysqlclient.so.21.2.42)
==268755==    by 0x489D1FA: ??? (in /usr/lib/x86_64-linux-gnu/libmysqlclient.so.21.2.42)
==268755== 
==268755== 22 bytes in 1 blocks are still reachable in loss record 316 of 2,004
==268755==    at 0x4849013: operator new(unsigned long) (in /usr/libexec/valgrind/vgpreload_memcheck-amd64-linux.so)
==268755==    by 0x130468: __gnu_cxx::new_allocator<char>::allocate(unsigned long, void const*) (new_allocator.h:127)
==268755==    by 0x12F934: allocate (allocator.h:185)
==268755==    by 0x12F934: std::allocator_traits<std::allocator<char> >::allocate(std::allocator<char>&, unsigned long) (alloc_traits.h:464)
==268755==    by 0x12FCCD: std::__cxx11::basic_string<char, std::char_traits<char>, std::allocator<char> >::_M_create(unsigned long&, unsigned long) (basic_string.tcc:153)
==268755==    by 0x4902E5D: ??? (in /usr/lib/x86_64-linux-gnu/libmysqlclient.so.21.2.42)
==268755==    by 0x48E4ED1: ??? (in /usr/lib/x86_64-linux-gnu/libmysqlclient.so.21.2.42)
==268755==    by 0x4907EC3: ??? (in /usr/lib/x86_64-linux-gnu/libmysqlclient.so.21.2.42)
==268755==    by 0x48E6082: ??? (in /usr/lib/x86_64-linux-gnu/libmysqlclient.so.21.2.42)
==268755==    by 0x522BEE7: __pthread_once_slow (pthread_once.c:116)
==268755==    by 0x4903155: ??? (in /usr/lib/x86_64-linux-gnu/libmysqlclient.so.21.2.42)
==268755==    by 0x489CBB8: ??? (in /usr/lib/x86_64-linux-gnu/libmysqlclient.so.21.2.42)
==268755==    by 0x489D1FA: ??? (in /usr/lib/x86_64-linux-gnu/libmysqlclient.so.21.2.42)
==268755== 
==268755== 22 bytes in 1 blocks are still reachable in loss record 317 of 2,004
==268755==    at 0x4849013: operator new(unsigned long) (in /usr/libexec/valgrind/vgpreload_memcheck-amd64-linux.so)
==268755==    by 0x130468: __gnu_cxx::new_allocator<char>::allocate(unsigned long, void const*) (new_allocator.h:127)
==268755==    by 0x12F934: allocate (allocator.h:185)
==268755==    by 0x12F934: std::allocator_traits<std::allocator<char> >::allocate(std::allocator<char>&, unsigned long) (alloc_traits.h:464)
==268755==    by 0x12FCCD: std::__cxx11::basic_string<char, std::char_traits<char>, std::allocator<char> >::_M_create(unsigned long&, unsigned long) (basic_string.tcc:153)
==268755==    by 0x4902E5D: ??? (in /usr/lib/x86_64-linux-gnu/libmysqlclient.so.21.2.42)
==268755==    by 0x48E4ED1: ??? (in /usr/lib/x86_64-linux-gnu/libmysqlclient.so.21.2.42)
==268755==    by 0x4907F05: ??? (in /usr/lib/x86_64-linux-gnu/libmysqlclient.so.21.2.42)
==268755==    by 0x48E6082: ??? (in /usr/lib/x86_64-linux-gnu/libmysqlclient.so.21.2.42)
==268755==    by 0x522BEE7: __pthread_once_slow (pthread_once.c:116)
==268755==    by 0x4903155: ??? (in /usr/lib/x86_64-linux-gnu/libmysqlclient.so.21.2.42)
==268755==    by 0x489CBB8: ??? (in /usr/lib/x86_64-linux-gnu/libmysqlclient.so.21.2.42)
==268755==    by 0x489D1FA: ??? (in /usr/lib/x86_64-linux-gnu/libmysqlclient.so.21.2.42)
==268755== 
==268755== 22 bytes in 1 blocks are still reachable in loss record 318 of 2,004
==268755==    at 0x4849013: operator new(unsigned long) (in /usr/libexec/valgrind/vgpreload_memcheck-amd64-linux.so)
==268755==    by 0x130468: __gnu_cxx::new_allocator<char>::allocate(unsigned long, void const*) (new_allocator.h:127)
==268755==    by 0x12F934: allocate (allocator.h:185)
==268755==    by 0x12F934: std::allocator_traits<std::allocator<char> >::allocate(std::allocator<char>&, unsigned long) (alloc_traits.h:464)
==268755==    by 0x12FCCD: std::__cxx11::basic_string<char, std::char_traits<char>, std::allocator<char> >::_M_create(unsigned long&, unsigned long) (basic_string.tcc:153)
==268755==    by 0x4902E5D: ??? (in /usr/lib/x86_64-linux-gnu/libmysqlclient.so.21.2.42)
==268755==    by 0x48E4ED1: ??? (in /usr/lib/x86_64-linux-gnu/libmysqlclient.so.21.2.42)
==268755==    by 0x4907F47: ??? (in /usr/lib/x86_64-linux-gnu/libmysqlclient.so.21.2.42)
==268755==    by 0x48E6082: ??? (in /usr/lib/x86_64-linux-gnu/libmysqlclient.so.21.2.42)
==268755==    by 0x522BEE7: __pthread_once_slow (pthread_once.c:116)
==268755==    by 0x4903155: ??? (in /usr/lib/x86_64-linux-gnu/libmysqlclient.so.21.2.42)
==268755==    by 0x489CBB8: ??? (in /usr/lib/x86_64-linux-gnu/libmysqlclient.so.21.2.42)
==268755==    by 0x489D1FA: ??? (in /usr/lib/x86_64-linux-gnu/libmysqlclient.so.21.2.42)
==268755== 
==268755== 22 bytes in 1 blocks are still reachable in loss record 319 of 2,004
==268755==    at 0x4849013: operator new(unsigned long) (in /usr/libexec/valgrind/vgpreload_memcheck-amd64-linux.so)
==268755==    by 0x130468: __gnu_cxx::new_allocator<char>::allocate(unsigned long, void const*) (new_allocator.h:127)
==268755==    by 0x12F934: allocate (allocator.h:185)
==268755==    by 0x12F934: std::allocator_traits<std::allocator<char> >::allocate(std::allocator<char>&, unsigned long) (alloc_traits.h:464)
==268755==    by 0x12FCCD: std::__cxx11::basic_string<char, std::char_traits<char>, std::allocator<char> >::_M_create(unsigned long&, unsigned long) (basic_string.tcc:153)
==268755==    by 0x4902E5D: ??? (in /usr/lib/x86_64-linux-gnu/libmysqlclient.so.21.2.42)
==268755==    by 0x48E4ED1: ??? (in /usr/lib/x86_64-linux-gnu/libmysqlclient.so.21.2.42)
==268755==    by 0x490800D: ??? (in /usr/lib/x86_64-linux-gnu/libmysqlclient.so.21.2.42)
==268755==    by 0x48E6082: ??? (in /usr/lib/x86_64-linux-gnu/libmysqlclient.so.21.2.42)
==268755==    by 0x522BEE7: __pthread_once_slow (pthread_once.c:116)
==268755==    by 0x4903155: ??? (in /usr/lib/x86_64-linux-gnu/libmysqlclient.so.21.2.42)
==268755==    by 0x489CBB8: ??? (in /usr/lib/x86_64-linux-gnu/libmysqlclient.so.21.2.42)
==268755==    by 0x489D1FA: ??? (in /usr/lib/x86_64-linux-gnu/libmysqlclient.so.21.2.42)
==268755== 
==268755== 22 bytes in 1 blocks are still reachable in loss record 320 of 2,004
==268755==    at 0x4849013: operator new(unsigned long) (in /usr/libexec/valgrind/vgpreload_memcheck-amd64-linux.so)
==268755==    by 0x130468: __gnu_cxx::new_allocator<char>::allocate(unsigned long, void const*) (new_allocator.h:127)
==268755==    by 0x12F934: allocate (allocator.h:185)
==268755==    by 0x12F934: std::allocator_traits<std::allocator<char> >::allocate(std::allocator<char>&, unsigned long) (alloc_traits.h:464)
==268755==    by 0x12FCCD: std::__cxx11::basic_string<char, std::char_traits<char>, std::allocator<char> >::_M_create(unsigned long&, unsigned long) (basic_string.tcc:153)
==268755==    by 0x4902E5D: ??? (in /usr/lib/x86_64-linux-gnu/libmysqlclient.so.21.2.42)
==268755==    by 0x48E4ED1: ??? (in /usr/lib/x86_64-linux-gnu/libmysqlclient.so.21.2.42)
==268755==    by 0x48E5188: ??? (in /usr/lib/x86_64-linux-gnu/libmysqlclient.so.21.2.42)
==268755==    by 0x490803B: ??? (in /usr/lib/x86_64-linux-gnu/libmysqlclient.so.21.2.42)
==268755==    by 0x48E6082: ??? (in /usr/lib/x86_64-linux-gnu/libmysqlclient.so.21.2.42)
==268755==    by 0x522BEE7: __pthread_once_slow (pthread_once.c:116)
==268755==    by 0x4903155: ??? (in /usr/lib/x86_64-linux-gnu/libmysqlclient.so.21.2.42)
==268755==    by 0x489CBB8: ??? (in /usr/lib/x86_64-linux-gnu/libmysqlclient.so.21.2.42)
==268755== 
==268755== 22 bytes in 1 blocks are still reachable in loss record 321 of 2,004
==268755==    at 0x4849013: operator new(unsigned long) (in /usr/libexec/valgrind/vgpreload_memcheck-amd64-linux.so)
==268755==    by 0x130468: __gnu_cxx::new_allocator<char>::allocate(unsigned long, void const*) (new_allocator.h:127)
==268755==    by 0x12F934: allocate (allocator.h:185)
==268755==    by 0x12F934: std::allocator_traits<std::allocator<char> >::allocate(std::allocator<char>&, unsigned long) (alloc_traits.h:464)
==268755==    by 0x12FCCD: std::__cxx11::basic_string<char, std::char_traits<char>, std::allocator<char> >::_M_create(unsigned long&, unsigned long) (basic_string.tcc:153)
==268755==    by 0x4902E5D: ??? (in /usr/lib/x86_64-linux-gnu/libmysqlclient.so.21.2.42)
==268755==    by 0x48E4ED1: ??? (in /usr/lib/x86_64-linux-gnu/libmysqlclient.so.21.2.42)
==268755==    by 0x490805B: ??? (in /usr/lib/x86_64-linux-gnu/libmysqlclient.so.21.2.42)
==268755==    by 0x48E6082: ??? (in /usr/lib/x86_64-linux-gnu/libmysqlclient.so.21.2.42)
==268755==    by 0x522BEE7: __pthread_once_slow (pthread_once.c:116)
==268755==    by 0x4903155: ??? (in /usr/lib/x86_64-linux-gnu/libmysqlclient.so.21.2.42)
==268755==    by 0x489CBB8: ??? (in /usr/lib/x86_64-linux-gnu/libmysqlclient.so.21.2.42)
==268755==    by 0x489D1FA: ??? (in /usr/lib/x86_64-linux-gnu/libmysqlclient.so.21.2.42)
==268755== 
==268755== 22 bytes in 1 blocks are still reachable in loss record 322 of 2,004
==268755==    at 0x4849013: operator new(unsigned long) (in /usr/libexec/valgrind/vgpreload_memcheck-amd64-linux.so)
==268755==    by 0x130468: __gnu_cxx::new_allocator<char>::allocate(unsigned long, void const*) (new_allocator.h:127)
==268755==    by 0x12F934: allocate (allocator.h:185)
==268755==    by 0x12F934: std::allocator_traits<std::allocator<char> >::allocate(std::allocator<char>&, unsigned long) (alloc_traits.h:464)
==268755==    by 0x12FCCD: std::__cxx11::basic_string<char, std::char_traits<char>, std::allocator<char> >::_M_create(unsigned long&, unsigned long) (basic_string.tcc:153)
==268755==    by 0x4902E5D: ??? (in /usr/lib/x86_64-linux-gnu/libmysqlclient.so.21.2.42)
==268755==    by 0x48E4ED1: ??? (in /usr/lib/x86_64-linux-gnu/libmysqlclient.so.21.2.42)
==268755==    by 0x490809D: ??? (in /usr/lib/x86_64-linux-gnu/libmysqlclient.so.21.2.42)
==268755==    by 0x48E6082: ??? (in /usr/lib/x86_64-linux-gnu/libmysqlclient.so.21.2.42)
==268755==    by 0x522BEE7: __pthread_once_slow (pthread_once.c:116)
==268755==    by 0x4903155: ??? (in /usr/lib/x86_64-linux-gnu/libmysqlclient.so.21.2.42)
==268755==    by 0x489CBB8: ??? (in /usr/lib/x86_64-linux-gnu/libmysqlclient.so.21.2.42)
==268755==    by 0x489D1FA: ??? (in /usr/lib/x86_64-linux-gnu/libmysqlclient.so.21.2.42)
==268755== 
==268755== 22 bytes in 1 blocks are still reachable in loss record 323 of 2,004
==268755==    at 0x4849013: operator new(unsigned long) (in /usr/libexec/valgrind/vgpreload_memcheck-amd64-linux.so)
==268755==    by 0x130468: __gnu_cxx::new_allocator<char>::allocate(unsigned long, void const*) (new_allocator.h:127)
==268755==    by 0x12F934: allocate (allocator.h:185)
==268755==    by 0x12F934: std::allocator_traits<std::allocator<char> >::allocate(std::allocator<char>&, unsigned long) (alloc_traits.h:464)
==268755==    by 0x12FCCD: std::__cxx11::basic_string<char, std::char_traits<char>, std::allocator<char> >::_M_create(unsigned long&, unsigned long) (basic_string.tcc:153)
==268755==    by 0x4902E5D: ??? (in /usr/lib/x86_64-linux-gnu/libmysqlclient.so.21.2.42)
==268755==    by 0x48E4ED1: ??? (in /usr/lib/x86_64-linux-gnu/libmysqlclient.so.21.2.42)
==268755==    by 0x4908121: ??? (in /usr/lib/x86_64-linux-gnu/libmysqlclient.so.21.2.42)
==268755==    by 0x48E6082: ??? (in /usr/lib/x86_64-linux-gnu/libmysqlclient.so.21.2.42)
==268755==    by 0x522BEE7: __pthread_once_slow (pthread_once.c:116)
==268755==    by 0x4903155: ??? (in /usr/lib/x86_64-linux-gnu/libmysqlclient.so.21.2.42)
==268755==    by 0x489CBB8: ??? (in /usr/lib/x86_64-linux-gnu/libmysqlclient.so.21.2.42)
==268755==    by 0x489D1FA: ??? (in /usr/lib/x86_64-linux-gnu/libmysqlclient.so.21.2.42)
==268755== 
==268755== 22 bytes in 1 blocks are still reachable in loss record 324 of 2,004
==268755==    at 0x4849013: operator new(unsigned long) (in /usr/libexec/valgrind/vgpreload_memcheck-amd64-linux.so)
==268755==    by 0x130468: __gnu_cxx::new_allocator<char>::allocate(unsigned long, void const*) (new_allocator.h:127)
==268755==    by 0x12F934: allocate (allocator.h:185)
==268755==    by 0x12F934: std::allocator_traits<std::allocator<char> >::allocate(std::allocator<char>&, unsigned long) (alloc_traits.h:464)
==268755==    by 0x12FCCD: std::__cxx11::basic_string<char, std::char_traits<char>, std::allocator<char> >::_M_create(unsigned long&, unsigned long) (basic_string.tcc:153)
==268755==    by 0x4902E5D: ??? (in /usr/lib/x86_64-linux-gnu/libmysqlclient.so.21.2.42)
==268755==    by 0x48E4ED1: ??? (in /usr/lib/x86_64-linux-gnu/libmysqlclient.so.21.2.42)
==268755==    by 0x4908163: ??? (in /usr/lib/x86_64-linux-gnu/libmysqlclient.so.21.2.42)
==268755==    by 0x48E6082: ??? (in /usr/lib/x86_64-linux-gnu/libmysqlclient.so.21.2.42)
==268755==    by 0x522BEE7: __pthread_once_slow (pthread_once.c:116)
==268755==    by 0x4903155: ??? (in /usr/lib/x86_64-linux-gnu/libmysqlclient.so.21.2.42)
==268755==    by 0x489CBB8: ??? (in /usr/lib/x86_64-linux-gnu/libmysqlclient.so.21.2.42)
==268755==    by 0x489D1FA: ??? (in /usr/lib/x86_64-linux-gnu/libmysqlclient.so.21.2.42)
==268755== 
==268755== 22 bytes in 1 blocks are still reachable in loss record 325 of 2,004
==268755==    at 0x4849013: operator new(unsigned long) (in /usr/libexec/valgrind/vgpreload_memcheck-amd64-linux.so)
==268755==    by 0x130468: __gnu_cxx::new_allocator<char>::allocate(unsigned long, void const*) (new_allocator.h:127)
==268755==    by 0x12F934: allocate (allocator.h:185)
==268755==    by 0x12F934: std::allocator_traits<std::allocator<char> >::allocate(std::allocator<char>&, unsigned long) (alloc_traits.h:464)
==268755==    by 0x12FCCD: std::__cxx11::basic_string<char, std::char_traits<char>, std::allocator<char> >::_M_create(unsigned long&, unsigned long) (basic_string.tcc:153)
==268755==    by 0x4902E5D: ??? (in /usr/lib/x86_64-linux-gnu/libmysqlclient.so.21.2.42)
==268755==    by 0x48E4ED1: ??? (in /usr/lib/x86_64-linux-gnu/libmysqlclient.so.21.2.42)
==268755==    by 0x49081A5: ??? (in /usr/lib/x86_64-linux-gnu/libmysqlclient.so.21.2.42)
==268755==    by 0x48E6082: ??? (in /usr/lib/x86_64-linux-gnu/libmysqlclient.so.21.2.42)
==268755==    by 0x522BEE7: __pthread_once_slow (pthread_once.c:116)
==268755==    by 0x4903155: ??? (in /usr/lib/x86_64-linux-gnu/libmysqlclient.so.21.2.42)
==268755==    by 0x489CBB8: ??? (in /usr/lib/x86_64-linux-gnu/libmysqlclient.so.21.2.42)
==268755==    by 0x489D1FA: ??? (in /usr/lib/x86_64-linux-gnu/libmysqlclient.so.21.2.42)
==268755== 
==268755== 22 bytes in 1 blocks are still reachable in loss record 326 of 2,004
==268755==    at 0x4849013: operator new(unsigned long) (in /usr/libexec/valgrind/vgpreload_memcheck-amd64-linux.so)
==268755==    by 0x130468: __gnu_cxx::new_allocator<char>::allocate(unsigned long, void const*) (new_allocator.h:127)
==268755==    by 0x12F934: allocate (allocator.h:185)
==268755==    by 0x12F934: std::allocator_traits<std::allocator<char> >::allocate(std::allocator<char>&, unsigned long) (alloc_traits.h:464)
==268755==    by 0x12FCCD: std::__cxx11::basic_string<char, std::char_traits<char>, std::allocator<char> >::_M_create(unsigned long&, unsigned long) (basic_string.tcc:153)
==268755==    by 0x138C8E: void std::__cxx11::basic_string<char, std::char_traits<char>, std::allocator<char> >::_M_construct<char*>(char*, char*, std::forward_iterator_tag) (basic_string.tcc:219)
==268755==    by 0x138039: void std::__cxx11::basic_string<char, std::char_traits<char>, std::allocator<char> >::_M_construct_aux<char*>(char*, char*, std::__false_type) (basic_string.h:255)
==268755==    by 0x136D88: void std::__cxx11::basic_string<char, std::char_traits<char>, std::allocator<char> >::_M_construct<char*>(char*, char*) (basic_string.h:274)
==268755==    by 0x135B15: std::__cxx11::basic_string<char, std::char_traits<char>, std::allocator<char> >::basic_string(std::__cxx11::basic_string<char, std::char_traits<char>, std::allocator<char> > const&) (basic_string.h:459)
==268755==    by 0x2B6794: Catch::SectionInfo::SectionInfo(Catch::SectionInfo const&) (catch_section_info.hpp:20)
==268755==    by 0x2B67FA: void __gnu_cxx::new_allocator<Catch::SectionInfo>::construct<Catch::SectionInfo, Catch::SectionInfo const&>(Catch::SectionInfo*, Catch::SectionInfo const&) (new_allocator.h:162)
==268755==    by 0x2B6405: void std::allocator_traits<std::allocator<Catch::SectionInfo> >::construct<Catch::SectionInfo, Catch::SectionInfo const&>(std::allocator<Catch::SectionInfo>&, Catch::SectionInfo*, Catch::SectionInfo const&) (alloc_traits.h:516)
==268755==    by 0x2B62D7: std::vector<Catch::SectionInfo, std::allocator<Catch::SectionInfo> >::push_back(Catch::SectionInfo const&) (stl_vector.h:1192)
==268755== 
==268755== 22 bytes in 1 blocks are still reachable in loss record 327 of 2,004
==268755==    at 0x4849013: operator new(unsigned long) (in /usr/libexec/valgrind/vgpreload_memcheck-amd64-linux.so)
==268755==    by 0x130468: __gnu_cxx::new_allocator<char>::allocate(unsigned long, void const*) (new_allocator.h:127)
==268755==    by 0x12F934: allocate (allocator.h:185)
==268755==    by 0x12F934: std::allocator_traits<std::allocator<char> >::allocate(std::allocator<char>&, unsigned long) (alloc_traits.h:464)
==268755==    by 0x12FCCD: std::__cxx11::basic_string<char, std::char_traits<char>, std::allocator<char> >::_M_create(unsigned long&, unsigned long) (basic_string.tcc:153)
==268755==    by 0x12F7D0: void std::__cxx11::basic_string<char, std::char_traits<char>, std::allocator<char> >::_M_construct<char const*>(char const*, char const*, std::forward_iterator_tag) (basic_string.tcc:219)
==268755==    by 0x12FD33: void std::__cxx11::basic_string<char, std::char_traits<char>, std::allocator<char> >::_M_construct_aux<char const*>(char const*, char const*, std::__false_type) (basic_string.h:255)
==268755==    by 0x12F612: void std::__cxx11::basic_string<char, std::char_traits<char>, std::allocator<char> >::_M_construct<char const*>(char const*, char const*) (basic_string.h:274)
==268755==    by 0x12EF1D: std::__cxx11::basic_string<char, std::char_traits<char>, std::allocator<char> >::basic_string(char const*, unsigned long, std::allocator<char> const&) (basic_string.h:521)
==268755==    by 0x14BA4C: Catch::StringRef::operator std::__cxx11::basic_string<char, std::char_traits<char>, std::allocator<char> >() const (catch_stringref.hpp:50)
==268755==    by 0x25CEE4: Catch::Section::Section(Catch::SourceLineInfo const&, Catch::StringRef, char const*) (catch_section.cpp:37)
==268755==    by 0x1B3AF9: CATCH2_INTERNAL_TEST_0() (test_mysql_real.cpp:209)
==268755==    by 0x261743: Catch::TestInvokerAsFunction::invoke() const (catch_test_case_registry_impl.cpp:149)
==268755== 
==268755== 22 bytes in 1 blocks are still reachable in loss record 328 of 2,004
==268755==    at 0x4849013: operator new(unsigned long) (in /usr/libexec/valgrind/vgpreload_memcheck-amd64-linux.so)
==268755==    by 0x130468: __gnu_cxx::new_allocator<char>::allocate(unsigned long, void const*) (new_allocator.h:127)
==268755==    by 0x12F934: allocate (allocator.h:185)
==268755==    by 0x12F934: std::allocator_traits<std::allocator<char> >::allocate(std::allocator<char>&, unsigned long) (alloc_traits.h:464)
==268755==    by 0x12FCCD: std::__cxx11::basic_string<char, std::char_traits<char>, std::allocator<char> >::_M_create(unsigned long&, unsigned long) (basic_string.tcc:153)
==268755==    by 0x12F7D0: void std::__cxx11::basic_string<char, std::char_traits<char>, std::allocator<char> >::_M_construct<char const*>(char const*, char const*, std::forward_iterator_tag) (basic_string.tcc:219)
==268755==    by 0x12F0D0: std::__cxx11::basic_string<char, std::char_traits<char>, std::allocator<char> >::basic_string<std::allocator<char> >(char const*, std::allocator<char> const&) (basic_string.h:539)
==268755==    by 0x1B28F2: CATCH2_INTERNAL_TEST_0()::{lambda()#1}::operator()() const (test_mysql_real.cpp:301)
==268755==    by 0x1B4DC5: void std::__invoke_impl<void, CATCH2_INTERNAL_TEST_0()::{lambda()#1}>(std::__invoke_other, CATCH2_INTERNAL_TEST_0()::{lambda()#1}&&) (invoke.h:61)
==268755==    by 0x1B4D88: std::__invoke_result<CATCH2_INTERNAL_TEST_0()::{lambda()#1}>::type std::__invoke<CATCH2_INTERNAL_TEST_0()::{lambda()#1}>(CATCH2_INTERNAL_TEST_0()::{lambda()#1}&&) (invoke.h:96)
==268755==    by 0x1B4D35: void std::thread::_Invoker<std::tuple<CATCH2_INTERNAL_TEST_0()::{lambda()#1}> >::_M_invoke<0ul>(std::_Index_tuple<0ul>) (std_thread.h:259)
==268755==    by 0x1B4D09: std::thread::_Invoker<std::tuple<CATCH2_INTERNAL_TEST_0()::{lambda()#1}> >::operator()() (std_thread.h:266)
==268755==    by 0x1B4CED: std::thread::_State_impl<std::thread::_Invoker<std::tuple<CATCH2_INTERNAL_TEST_0()::{lambda()#1}> > >::_M_run() (std_thread.h:211)
==268755== 
==268755== 23 bytes in 1 blocks are still reachable in loss record 329 of 2,004
==268755==    at 0x4849013: operator new(unsigned long) (in /usr/libexec/valgrind/vgpreload_memcheck-amd64-linux.so)
==268755==    by 0x130468: __gnu_cxx::new_allocator<char>::allocate(unsigned long, void const*) (new_allocator.h:127)
==268755==    by 0x12F934: allocate (allocator.h:185)
==268755==    by 0x12F934: std::allocator_traits<std::allocator<char> >::allocate(std::allocator<char>&, unsigned long) (alloc_traits.h:464)
==268755==    by 0x12FCCD: std::__cxx11::basic_string<char, std::char_traits<char>, std::allocator<char> >::_M_create(unsigned long&, unsigned long) (basic_string.tcc:153)
==268755==    by 0x138C8E: void std::__cxx11::basic_string<char, std::char_traits<char>, std::allocator<char> >::_M_construct<char*>(char*, char*, std::forward_iterator_tag) (basic_string.tcc:219)
==268755==    by 0x138039: void std::__cxx11::basic_string<char, std::char_traits<char>, std::allocator<char> >::_M_construct_aux<char*>(char*, char*, std::__false_type) (basic_string.h:255)
==268755==    by 0x136D88: void std::__cxx11::basic_string<char, std::char_traits<char>, std::allocator<char> >::_M_construct<char*>(char*, char*) (basic_string.h:274)
==268755==    by 0x135B15: std::__cxx11::basic_string<char, std::char_traits<char>, std::allocator<char> >::basic_string(std::__cxx11::basic_string<char, std::char_traits<char>, std::allocator<char> > const&) (basic_string.h:459)
==268755==    by 0x20CCC5: Catch::Clara::Detail::ParserRefImpl<Catch::Clara::Arg>::ParserRefImpl(Catch::Clara::Detail::ParserRefImpl<Catch::Clara::Arg> const&) (catch_clara.hpp:464)
==268755==    by 0x20CD56: Catch::Clara::Arg::Arg(Catch::Clara::Arg const&) (catch_clara.hpp:529)
==268755==    by 0x211E75: void std::_Construct<Catch::Clara::Arg, Catch::Clara::Arg const&>(Catch::Clara::Arg*, Catch::Clara::Arg const&) (stl_construct.h:119)
==268755==    by 0x21112F: Catch::Clara::Arg* std::__uninitialized_copy<false>::__uninit_copy<__gnu_cxx::__normal_iterator<Catch::Clara::Arg const*, std::vector<Catch::Clara::Arg, std::allocator<Catch::Clara::Arg> > >, Catch::Clara::Arg*>(__gnu_cxx::__normal_iterator<Catch::Clara::Arg const*, std::vector<Catch::Clara::Arg, std::allocator<Catch::Clara::Arg> > >, __gnu_cxx::__normal_iterator<Catch::Clara::Arg const*, std::vector<Catch::Clara::Arg, std::allocator<Catch::Clara::Arg> > >, Catch::Clara::Arg*) (stl_uninitialized.h:92)
==268755== 
==268755== 23 bytes in 1 blocks are still reachable in loss record 330 of 2,004
==268755==    at 0x4849013: operator new(unsigned long) (in /usr/libexec/valgrind/vgpreload_memcheck-amd64-linux.so)
==268755==    by 0x130468: __gnu_cxx::new_allocator<char>::allocate(unsigned long, void const*) (new_allocator.h:127)
==268755==    by 0x12F934: allocate (allocator.h:185)
==268755==    by 0x12F934: std::allocator_traits<std::allocator<char> >::allocate(std::allocator<char>&, unsigned long) (alloc_traits.h:464)
==268755==    by 0x12FCCD: std::__cxx11::basic_string<char, std::char_traits<char>, std::allocator<char> >::_M_create(unsigned long&, unsigned long) (basic_string.tcc:153)
==268755==    by 0x4902E5D: ??? (in /usr/lib/x86_64-linux-gnu/libmysqlclient.so.21.2.42)
==268755==    by 0x48E4ED1: ??? (in /usr/lib/x86_64-linux-gnu/libmysqlclient.so.21.2.42)
==268755==    by 0x4905EEF: ??? (in /usr/lib/x86_64-linux-gnu/libmysqlclient.so.21.2.42)
==268755==    by 0x48E6082: ??? (in /usr/lib/x86_64-linux-gnu/libmysqlclient.so.21.2.42)
==268755==    by 0x522BEE7: __pthread_once_slow (pthread_once.c:116)
==268755==    by 0x4903155: ??? (in /usr/lib/x86_64-linux-gnu/libmysqlclient.so.21.2.42)
==268755==    by 0x489CBB8: ??? (in /usr/lib/x86_64-linux-gnu/libmysqlclient.so.21.2.42)
==268755==    by 0x489D1FA: ??? (in /usr/lib/x86_64-linux-gnu/libmysqlclient.so.21.2.42)
==268755== 
==268755== 23 bytes in 1 blocks are still reachable in loss record 331 of 2,004
==268755==    at 0x4849013: operator new(unsigned long) (in /usr/libexec/valgrind/vgpreload_memcheck-amd64-linux.so)
==268755==    by 0x130468: __gnu_cxx::new_allocator<char>::allocate(unsigned long, void const*) (new_allocator.h:127)
==268755==    by 0x12F934: allocate (allocator.h:185)
==268755==    by 0x12F934: std::allocator_traits<std::allocator<char> >::allocate(std::allocator<char>&, unsigned long) (alloc_traits.h:464)
==268755==    by 0x12FCCD: std::__cxx11::basic_string<char, std::char_traits<char>, std::allocator<char> >::_M_create(unsigned long&, unsigned long) (basic_string.tcc:153)
==268755==    by 0x4902E5D: ??? (in /usr/lib/x86_64-linux-gnu/libmysqlclient.so.21.2.42)
==268755==    by 0x48E4ED1: ??? (in /usr/lib/x86_64-linux-gnu/libmysqlclient.so.21.2.42)
==268755==    by 0x4906C63: ??? (in /usr/lib/x86_64-linux-gnu/libmysqlclient.so.21.2.42)
==268755==    by 0x48E6082: ??? (in /usr/lib/x86_64-linux-gnu/libmysqlclient.so.21.2.42)
==268755==    by 0x522BEE7: __pthread_once_slow (pthread_once.c:116)
==268755==    by 0x4903155: ??? (in /usr/lib/x86_64-linux-gnu/libmysqlclient.so.21.2.42)
==268755==    by 0x489CBB8: ??? (in /usr/lib/x86_64-linux-gnu/libmysqlclient.so.21.2.42)
==268755==    by 0x489D1FA: ??? (in /usr/lib/x86_64-linux-gnu/libmysqlclient.so.21.2.42)
==268755== 
==268755== 23 bytes in 1 blocks are still reachable in loss record 332 of 2,004
==268755==    at 0x4849013: operator new(unsigned long) (in /usr/libexec/valgrind/vgpreload_memcheck-amd64-linux.so)
==268755==    by 0x130468: __gnu_cxx::new_allocator<char>::allocate(unsigned long, void const*) (new_allocator.h:127)
==268755==    by 0x12F934: allocate (allocator.h:185)
==268755==    by 0x12F934: std::allocator_traits<std::allocator<char> >::allocate(std::allocator<char>&, unsigned long) (alloc_traits.h:464)
==268755==    by 0x12FCCD: std::__cxx11::basic_string<char, std::char_traits<char>, std::allocator<char> >::_M_create(unsigned long&, unsigned long) (basic_string.tcc:153)
==268755==    by 0x4902E5D: ??? (in /usr/lib/x86_64-linux-gnu/libmysqlclient.so.21.2.42)
==268755==    by 0x48E4ED1: ??? (in /usr/lib/x86_64-linux-gnu/libmysqlclient.so.21.2.42)
==268755==    by 0x49072ED: ??? (in /usr/lib/x86_64-linux-gnu/libmysqlclient.so.21.2.42)
==268755==    by 0x48E6082: ??? (in /usr/lib/x86_64-linux-gnu/libmysqlclient.so.21.2.42)
==268755==    by 0x522BEE7: __pthread_once_slow (pthread_once.c:116)
==268755==    by 0x4903155: ??? (in /usr/lib/x86_64-linux-gnu/libmysqlclient.so.21.2.42)
==268755==    by 0x489CBB8: ??? (in /usr/lib/x86_64-linux-gnu/libmysqlclient.so.21.2.42)
==268755==    by 0x489D1FA: ??? (in /usr/lib/x86_64-linux-gnu/libmysqlclient.so.21.2.42)
==268755== 
==268755== 23 bytes in 1 blocks are still reachable in loss record 333 of 2,004
==268755==    at 0x4848899: malloc (in /usr/libexec/valgrind/vgpreload_memcheck-amd64-linux.so)
==268755==    by 0x5646C42: ??? (in /usr/lib/x86_64-linux-gnu/libcrypto.so.3)
==268755==    by 0x5647111: ??? (in /usr/lib/x86_64-linux-gnu/libcrypto.so.3)
==268755==    by 0x564788A: ??? (in /usr/lib/x86_64-linux-gnu/libcrypto.so.3)
==268755==    by 0x5647CB2: ??? (in /usr/lib/x86_64-linux-gnu/libcrypto.so.3)
==268755==    by 0x55EBA69: ??? (in /usr/lib/x86_64-linux-gnu/libcrypto.so.3)
==268755==    by 0x560B85B: ??? (in /usr/lib/x86_64-linux-gnu/libcrypto.so.3)
==268755==    by 0x560B71B: ??? (in /usr/lib/x86_64-linux-gnu/libcrypto.so.3)
==268755==    by 0x562AD6A: ??? (in /usr/lib/x86_64-linux-gnu/libcrypto.so.3)
==268755==    by 0x56F44E7: ??? (in /usr/lib/x86_64-linux-gnu/libcrypto.so.3)
==268755==    by 0x56F4B3D: ??? (in /usr/lib/x86_64-linux-gnu/libcrypto.so.3)
==268755==    by 0x55EC302: EVP_CIPHER_fetch (in /usr/lib/x86_64-linux-gnu/libcrypto.so.3)
==268755== 
==268755== 23 bytes in 2 blocks are still reachable in loss record 334 of 2,004
==268755==    at 0x4848899: malloc (in /usr/libexec/valgrind/vgpreload_memcheck-amd64-linux.so)
==268755==    by 0x561772A: CRYPTO_strdup (in /usr/lib/x86_64-linux-gnu/libcrypto.so.3)
==268755==    by 0x5578B2F: CONF_modules_load (in /usr/lib/x86_64-linux-gnu/libcrypto.so.3)
==268755==    by 0x5578FCD: CONF_modules_load_file_ex (in /usr/lib/x86_64-linux-gnu/libcrypto.so.3)
==268755==    by 0x561E19F: ??? (in /usr/lib/x86_64-linux-gnu/libcrypto.so.3)
==268755==    by 0x522BEE7: __pthread_once_slow (pthread_once.c:116)
==268755==    by 0x5621C9C: CRYPTO_THREAD_run_once (in /usr/lib/x86_64-linux-gnu/libcrypto.so.3)
==268755==    by 0x561EC05: OPENSSL_init_crypto (in /usr/lib/x86_64-linux-gnu/libcrypto.so.3)
==268755==    by 0x53EB9B6: OPENSSL_init_ssl (in /usr/lib/x86_64-linux-gnu/libssl.so.3)
==268755==    by 0x488FB29: mysql_server_init (in /usr/lib/x86_64-linux-gnu/libmysqlclient.so.21.2.42)
==268755==    by 0x1ED98C: cpp_dbc::MySQL::MySQLDriver::MySQLDriver() (driver_mysql.cpp:797)
==268755==    by 0x163CB6: decltype (::new ((void*)(0)) cpp_dbc::MySQL::MySQLDriver()) std::construct_at<cpp_dbc::MySQL::MySQLDriver>(cpp_dbc::MySQL::MySQLDriver*) (stl_construct.h:97)
==268755== 
==268755== 24 bytes in 1 blocks are still reachable in loss record 335 of 2,004
==268755==    at 0x4849013: operator new(unsigned long) (in /usr/libexec/valgrind/vgpreload_memcheck-amd64-linux.so)
==268755==    by 0x25D0A8: Catch::(anonymous namespace)::getSingletons() (catch_singletons.cpp:18)
==268755==    by 0x25D145: Catch::addSingleton(Catch::ISingleton*) (catch_singletons.cpp:26)
==268755==    by 0x2A4DB0: Catch::Singleton<Catch::(anonymous namespace)::RegistryHub, Catch::IRegistryHub, Catch::IMutableRegistryHub>::getInternal() (catch_singletons.hpp:29)
==268755==    by 0x2A4B03: Catch::Singleton<Catch::(anonymous namespace)::RegistryHub, Catch::IRegistryHub, Catch::IMutableRegistryHub>::getMutable() (catch_singletons.hpp:39)
==268755==    by 0x2A4A75: Catch::getMutableRegistryHub() (catch_registry_hub.cpp:93)
==268755==    by 0x26E911: Catch::AutoReg::AutoReg(Catch::Detail::unique_ptr<Catch::ITestInvoker>, Catch::SourceLineInfo const&, Catch::StringRef, Catch::NameAndTags const&) (catch_test_registry.cpp:57)
==268755==    by 0x13113C: __static_initialization_and_destruction_0(int, int) (test_basic.cpp:6)
==268755==    by 0x131316: _GLOBAL__sub_I_test_basic.cpp (test_basic.cpp:36)
==268755==    by 0x51BBEBA: call_init (libc-start.c:145)
==268755==    by 0x51BBEBA: __libc_start_main@@GLIBC_2.34 (libc-start.c:379)
==268755==    by 0x12E4D4: (below main) (in /home/dsystems/Desktop/projects/cpp/cpp_dbc/build/libs/cpp_dbc/test/test/cpp_dbc_tests)
==268755== 
==268755== 24 bytes in 1 blocks are still reachable in loss record 336 of 2,004
==268755==    at 0x4849013: operator new(unsigned long) (in /usr/libexec/valgrind/vgpreload_memcheck-amd64-linux.so)
==268755==    by 0x24779A: Catch::IMutableContext::createContext() (catch_context.cpp:46)
==268755==    by 0x2079D0: Catch::getCurrentMutableContext() (catch_context.hpp:42)
==268755==    by 0x207228: Catch::Session::runInternal() (catch_session.cpp:312)
==268755==    by 0x206F31: Catch::Session::run() (catch_session.cpp:263)
==268755==    by 0x202254: int Catch::Session::run<char>(int, char const* const*) (catch_session.hpp:41)
==268755==    by 0x20213D: main (catch_main.cpp:36)
==268755== 
==268755== 24 bytes in 1 blocks are still reachable in loss record 337 of 2,004
==268755==    at 0x4849013: operator new(unsigned long) (in /usr/libexec/valgrind/vgpreload_memcheck-amd64-linux.so)
==268755==    by 0x2E9AE5: std::__shared_count<(__gnu_cxx::_Lock_policy)2>::__shared_count<YAML::detail::node_ref*>(YAML::detail::node_ref*) (shared_ptr_base.h:596)
==268755==    by 0x2E93D4: std::__shared_count<(__gnu_cxx::_Lock_policy)2>::__shared_count<YAML::detail::node_ref*>(YAML::detail::node_ref*, std::integral_constant<bool, false>) (shared_ptr_base.h:607)
==268755==    by 0x2E8FE9: std::__shared_ptr<YAML::detail::node_ref, (__gnu_cxx::_Lock_policy)2>::__shared_ptr<YAML::detail::node_ref, void>(YAML::detail::node_ref*) (shared_ptr_base.h:1099)
==268755==    by 0x2E8D32: std::shared_ptr<YAML::detail::node_ref>::shared_ptr<YAML::detail::node_ref, void>(YAML::detail::node_ref*) (shared_ptr.h:160)
==268755==    by 0x2E8BF7: YAML::detail::node::node() (node.h:27)
==268755==    by 0x2E896A: YAML::detail::memory::create_node() (memory.cpp:17)
==268755==    by 0x1348BD: YAML::detail::memory_holder::create_node() (memory.h:38)
==268755==    by 0x3103BB: YAML::NodeBuilder::Push(YAML::Mark const&, unsigned long) (nodebuilder.cpp:81)
==268755==    by 0x3102D2: YAML::NodeBuilder::OnMapStart(YAML::Mark const&, std::__cxx11::basic_string<char, std::char_traits<char>, std::allocator<char> > const&, unsigned long, YAML::EmitterStyle::value) (nodebuilder.cpp:67)
==268755==    by 0x306B16: YAML::SingleDocParser::HandleNode(YAML::EventHandler&) (singledocparser.cpp:127)
==268755==    by 0x3063EC: YAML::SingleDocParser::HandleDocument(YAML::EventHandler&) (singledocparser.cpp:41)
==268755== 
==268755== 24 bytes in 1 blocks are still reachable in loss record 338 of 2,004
==268755==    at 0x4849013: operator new(unsigned long) (in /usr/libexec/valgrind/vgpreload_memcheck-amd64-linux.so)
==268755==    by 0x2E9BA7: std::__shared_count<(__gnu_cxx::_Lock_policy)2>::__shared_count<YAML::detail::node*>(YAML::detail::node*) (shared_ptr_base.h:596)
==268755==    by 0x2E9422: std::__shared_count<(__gnu_cxx::_Lock_policy)2>::__shared_count<YAML::detail::node*>(YAML::detail::node*, std::integral_constant<bool, false>) (shared_ptr_base.h:607)
==268755==    by 0x2E9075: std::__shared_ptr<YAML::detail::node, (__gnu_cxx::_Lock_policy)2>::__shared_ptr<YAML::detail::node, void>(YAML::detail::node*) (shared_ptr_base.h:1099)
==268755==    by 0x2E8E58: std::shared_ptr<YAML::detail::node>::shared_ptr<YAML::detail::node, void>(YAML::detail::node*) (shared_ptr.h:160)
==268755==    by 0x2E897A: YAML::detail::memory::create_node() (memory.cpp:17)
==268755==    by 0x1348BD: YAML::detail::memory_holder::create_node() (memory.h:38)
==268755==    by 0x3103BB: YAML::NodeBuilder::Push(YAML::Mark const&, unsigned long) (nodebuilder.cpp:81)
==268755==    by 0x3102D2: YAML::NodeBuilder::OnMapStart(YAML::Mark const&, std::__cxx11::basic_string<char, std::char_traits<char>, std::allocator<char> > const&, unsigned long, YAML::EmitterStyle::value) (nodebuilder.cpp:67)
==268755==    by 0x306B16: YAML::SingleDocParser::HandleNode(YAML::EventHandler&) (singledocparser.cpp:127)
==268755==    by 0x3063EC: YAML::SingleDocParser::HandleDocument(YAML::EventHandler&) (singledocparser.cpp:41)
==268755==    by 0x2F3828: YAML::Parser::HandleNextDocument(YAML::EventHandler&) (parser.cpp:37)
==268755== 
==268755== 24 bytes in 1 blocks are still reachable in loss record 339 of 2,004
==268755==    at 0x4849013: operator new(unsigned long) (in /usr/libexec/valgrind/vgpreload_memcheck-amd64-linux.so)
==268755==    by 0x2E9A33: std::__shared_count<(__gnu_cxx::_Lock_policy)2>::__shared_count<YAML::detail::node_data*>(YAML::detail::node_data*) (shared_ptr_base.h:596)
==268755==    by 0x2E9396: std::__shared_count<(__gnu_cxx::_Lock_policy)2>::__shared_count<YAML::detail::node_data*>(YAML::detail::node_data*, std::integral_constant<bool, false>) (shared_ptr_base.h:607)
==268755==    by 0x2E8F9D: std::__shared_ptr<YAML::detail::node_data, (__gnu_cxx::_Lock_policy)2>::__shared_ptr<YAML::detail::node_data, void>(YAML::detail::node_data*) (shared_ptr_base.h:1099)
==268755==    by 0x2E8D08: std::shared_ptr<YAML::detail::node_data>::shared_ptr<YAML::detail::node_data, void>(YAML::detail::node_data*) (shared_ptr.h:160)
==268755==    by 0x2E8AD1: YAML::detail::node_ref::node_ref() (node_ref.h:19)
==268755==    by 0x2E8BEB: YAML::detail::node::node() (node.h:27)
==268755==    by 0x2E896A: YAML::detail::memory::create_node() (memory.cpp:17)
==268755==    by 0x1348BD: YAML::detail::memory_holder::create_node() (memory.h:38)
==268755==    by 0x3103BB: YAML::NodeBuilder::Push(YAML::Mark const&, unsigned long) (nodebuilder.cpp:81)
==268755==    by 0x31023E: YAML::NodeBuilder::OnSequenceStart(YAML::Mark const&, std::__cxx11::basic_string<char, std::char_traits<char>, std::allocator<char> > const&, unsigned long, YAML::EmitterStyle::value) (nodebuilder.cpp:57)
==268755==    by 0x306A2A: YAML::SingleDocParser::HandleNode(YAML::EventHandler&) (singledocparser.cpp:117)
==268755== 
==268755== 24 bytes in 1 blocks are still reachable in loss record 340 of 2,004
==268755==    at 0x4849013: operator new(unsigned long) (in /usr/libexec/valgrind/vgpreload_memcheck-amd64-linux.so)
==268755==    by 0x2E9AE5: std::__shared_count<(__gnu_cxx::_Lock_policy)2>::__shared_count<YAML::detail::node_ref*>(YAML::detail::node_ref*) (shared_ptr_base.h:596)
==268755==    by 0x2E93D4: std::__shared_count<(__gnu_cxx::_Lock_policy)2>::__shared_count<YAML::detail::node_ref*>(YAML::detail::node_ref*, std::integral_constant<bool, false>) (shared_ptr_base.h:607)
==268755==    by 0x2E8FE9: std::__shared_ptr<YAML::detail::node_ref, (__gnu_cxx::_Lock_policy)2>::__shared_ptr<YAML::detail::node_ref, void>(YAML::detail::node_ref*) (shared_ptr_base.h:1099)
==268755==    by 0x2E8D32: std::shared_ptr<YAML::detail::node_ref>::shared_ptr<YAML::detail::node_ref, void>(YAML::detail::node_ref*) (shared_ptr.h:160)
==268755==    by 0x2E8BF7: YAML::detail::node::node() (node.h:27)
==268755==    by 0x2E896A: YAML::detail::memory::create_node() (memory.cpp:17)
==268755==    by 0x1348BD: YAML::detail::memory_holder::create_node() (memory.h:38)
==268755==    by 0x3103BB: YAML::NodeBuilder::Push(YAML::Mark const&, unsigned long) (nodebuilder.cpp:81)
==268755==    by 0x31023E: YAML::NodeBuilder::OnSequenceStart(YAML::Mark const&, std::__cxx11::basic_string<char, std::char_traits<char>, std::allocator<char> > const&, unsigned long, YAML::EmitterStyle::value) (nodebuilder.cpp:57)
==268755==    by 0x306A2A: YAML::SingleDocParser::HandleNode(YAML::EventHandler&) (singledocparser.cpp:117)
==268755==    by 0x307975: YAML::SingleDocParser::HandleBlockMap(YAML::EventHandler&) (singledocparser.cpp:281)
==268755== 
==268755== 24 bytes in 1 blocks are still reachable in loss record 341 of 2,004
==268755==    at 0x4849013: operator new(unsigned long) (in /usr/libexec/valgrind/vgpreload_memcheck-amd64-linux.so)
==268755==    by 0x2E9BA7: std::__shared_count<(__gnu_cxx::_Lock_policy)2>::__shared_count<YAML::detail::node*>(YAML::detail::node*) (shared_ptr_base.h:596)
==268755==    by 0x2E9422: std::__shared_count<(__gnu_cxx::_Lock_policy)2>::__shared_count<YAML::detail::node*>(YAML::detail::node*, std::integral_constant<bool, false>) (shared_ptr_base.h:607)
==268755==    by 0x2E9075: std::__shared_ptr<YAML::detail::node, (__gnu_cxx::_Lock_policy)2>::__shared_ptr<YAML::detail::node, void>(YAML::detail::node*) (shared_ptr_base.h:1099)
==268755==    by 0x2E8E58: std::shared_ptr<YAML::detail::node>::shared_ptr<YAML::detail::node, void>(YAML::detail::node*) (shared_ptr.h:160)
==268755==    by 0x2E897A: YAML::detail::memory::create_node() (memory.cpp:17)
==268755==    by 0x1348BD: YAML::detail::memory_holder::create_node() (memory.h:38)
==268755==    by 0x3103BB: YAML::NodeBuilder::Push(YAML::Mark const&, unsigned long) (nodebuilder.cpp:81)
==268755==    by 0x31023E: YAML::NodeBuilder::OnSequenceStart(YAML::Mark const&, std::__cxx11::basic_string<char, std::char_traits<char>, std::allocator<char> > const&, unsigned long, YAML::EmitterStyle::value) (nodebuilder.cpp:57)
==268755==    by 0x306A2A: YAML::SingleDocParser::HandleNode(YAML::EventHandler&) (singledocparser.cpp:117)
==268755==    by 0x307975: YAML::SingleDocParser::HandleBlockMap(YAML::EventHandler&) (singledocparser.cpp:281)
==268755==    by 0x30762F: YAML::SingleDocParser::HandleMap(YAML::EventHandler&) (singledocparser.cpp:235)
==268755== 
==268755== 24 bytes in 1 blocks are still reachable in loss record 342 of 2,004
==268755==    at 0x4849013: operator new(unsigned long) (in /usr/libexec/valgrind/vgpreload_memcheck-amd64-linux.so)
==268755==    by 0x163DF6: __gnu_cxx::new_allocator<std::_Sp_counted_ptr_inplace<cpp_dbc::MySQL::MySQLDriver, std::allocator<cpp_dbc::MySQL::MySQLDriver>, (__gnu_cxx::_Lock_policy)2> >::allocate(unsigned long, void const*) (new_allocator.h:127)
==268755==    by 0x163B95: allocate (allocator.h:185)
==268755==    by 0x163B95: std::allocator_traits<std::allocator<std::_Sp_counted_ptr_inplace<cpp_dbc::MySQL::MySQLDriver, std::allocator<cpp_dbc::MySQL::MySQLDriver>, (__gnu_cxx::_Lock_policy)2> > >::allocate(std::allocator<std::_Sp_counted_ptr_inplace<cpp_dbc::MySQL::MySQLDriver, std::allocator<cpp_dbc::MySQL::MySQLDriver>, (__gnu_cxx::_Lock_policy)2> >&, unsigned long) (alloc_traits.h:464)
==268755==    by 0x1636E7: std::__allocated_ptr<std::allocator<std::_Sp_counted_ptr_inplace<cpp_dbc::MySQL::MySQLDriver, std::allocator<cpp_dbc::MySQL::MySQLDriver>, (__gnu_cxx::_Lock_policy)2> > > std::__allocate_guarded<std::allocator<std::_Sp_counted_ptr_inplace<cpp_dbc::MySQL::MySQLDriver, std::allocator<cpp_dbc::MySQL::MySQLDriver>, (__gnu_cxx::_Lock_policy)2> > >(std::allocator<std::_Sp_counted_ptr_inplace<cpp_dbc::MySQL::MySQLDriver, std::allocator<cpp_dbc::MySQL::MySQLDriver>, (__gnu_cxx::_Lock_policy)2> >&) (allocated_ptr.h:98)
==268755==    by 0x1634D3: std::__shared_count<(__gnu_cxx::_Lock_policy)2>::__shared_count<cpp_dbc::MySQL::MySQLDriver, std::allocator<cpp_dbc::MySQL::MySQLDriver>>(cpp_dbc::MySQL::MySQLDriver*&, std::_Sp_alloc_shared_tag<std::allocator<cpp_dbc::MySQL::MySQLDriver> >) (shared_ptr_base.h:648)
==268755==    by 0x163345: std::__shared_ptr<cpp_dbc::MySQL::MySQLDriver, (__gnu_cxx::_Lock_policy)2>::__shared_ptr<std::allocator<cpp_dbc::MySQL::MySQLDriver>>(std::_Sp_alloc_shared_tag<std::allocator<cpp_dbc::MySQL::MySQLDriver> >) (shared_ptr_base.h:1342)
==268755==    by 0x162FAE: std::shared_ptr<cpp_dbc::MySQL::MySQLDriver>::shared_ptr<std::allocator<cpp_dbc::MySQL::MySQLDriver>>(std::_Sp_alloc_shared_tag<std::allocator<cpp_dbc::MySQL::MySQLDriver> >) (shared_ptr.h:409)
==268755==    by 0x162D87: std::shared_ptr<cpp_dbc::MySQL::MySQLDriver> std::allocate_shared<cpp_dbc::MySQL::MySQLDriver, std::allocator<cpp_dbc::MySQL::MySQLDriver>>(std::allocator<cpp_dbc::MySQL::MySQLDriver> const&) (shared_ptr.h:863)
==268755==    by 0x162AAA: std::shared_ptr<cpp_dbc::MySQL::MySQLDriver> std::make_shared<cpp_dbc::MySQL::MySQLDriver>() (shared_ptr.h:879)
==268755==    by 0x1B0F4A: mysql_test_helpers::tryCreateDatabase() (test_mysql_common.hpp:57)
==268755==    by 0x1B1653: mysql_test_helpers::canConnectToMySQL() (test_mysql_common.hpp:90)
==268755==    by 0x1B3236: CATCH2_INTERNAL_TEST_0() (test_mysql_real.cpp:86)
==268755== 
==268755== 24 bytes in 1 blocks are still reachable in loss record 343 of 2,004
==268755==    at 0x4848899: malloc (in /usr/libexec/valgrind/vgpreload_memcheck-amd64-linux.so)
==268755==    by 0x560C185: OPENSSL_LH_insert (in /usr/lib/x86_64-linux-gnu/libcrypto.so.3)
==268755==    by 0x562D0AA: OBJ_NAME_add (in /usr/lib/x86_64-linux-gnu/libcrypto.so.3)
==268755==    by 0x55FF684: EVP_add_cipher (in /usr/lib/x86_64-linux-gnu/libcrypto.so.3)
==268755==    by 0x561D429: ??? (in /usr/lib/x86_64-linux-gnu/libcrypto.so.3)
==268755==    by 0x522BEE7: __pthread_once_slow (pthread_once.c:116)
==268755==    by 0x5621C9C: CRYPTO_THREAD_run_once (in /usr/lib/x86_64-linux-gnu/libcrypto.so.3)
==268755==    by 0x561E9F0: OPENSSL_init_crypto (in /usr/lib/x86_64-linux-gnu/libcrypto.so.3)
==268755==    by 0x53EB9B6: OPENSSL_init_ssl (in /usr/lib/x86_64-linux-gnu/libssl.so.3)
==268755==    by 0x488FB29: mysql_server_init (in /usr/lib/x86_64-linux-gnu/libmysqlclient.so.21.2.42)
==268755==    by 0x1ED98C: cpp_dbc::MySQL::MySQLDriver::MySQLDriver() (driver_mysql.cpp:797)
==268755==    by 0x163CB6: decltype (::new ((void*)(0)) cpp_dbc::MySQL::MySQLDriver()) std::construct_at<cpp_dbc::MySQL::MySQLDriver>(cpp_dbc::MySQL::MySQLDriver*) (stl_construct.h:97)
==268755== 
==268755== 24 bytes in 1 blocks are still reachable in loss record 344 of 2,004
==268755==    at 0x4848899: malloc (in /usr/libexec/valgrind/vgpreload_memcheck-amd64-linux.so)
==268755==    by 0x562D068: OBJ_NAME_add (in /usr/lib/x86_64-linux-gnu/libcrypto.so.3)
==268755==    by 0x561D429: ??? (in /usr/lib/x86_64-linux-gnu/libcrypto.so.3)
==268755==    by 0x522BEE7: __pthread_once_slow (pthread_once.c:116)
==268755==    by 0x5621C9C: CRYPTO_THREAD_run_once (in /usr/lib/x86_64-linux-gnu/libcrypto.so.3)
==268755==    by 0x561E9F0: OPENSSL_init_crypto (in /usr/lib/x86_64-linux-gnu/libcrypto.so.3)
==268755==    by 0x53EB9B6: OPENSSL_init_ssl (in /usr/lib/x86_64-linux-gnu/libssl.so.3)
==268755==    by 0x488FB29: mysql_server_init (in /usr/lib/x86_64-linux-gnu/libmysqlclient.so.21.2.42)
==268755==    by 0x1ED98C: cpp_dbc::MySQL::MySQLDriver::MySQLDriver() (driver_mysql.cpp:797)
==268755==    by 0x163CB6: decltype (::new ((void*)(0)) cpp_dbc::MySQL::MySQLDriver()) std::construct_at<cpp_dbc::MySQL::MySQLDriver>(cpp_dbc::MySQL::MySQLDriver*) (stl_construct.h:97)
==268755==    by 0x163D03: void std::allocator_traits<std::allocator<cpp_dbc::MySQL::MySQLDriver> >::construct<cpp_dbc::MySQL::MySQLDriver>(std::allocator<cpp_dbc::MySQL::MySQLDriver>&, cpp_dbc::MySQL::MySQLDriver*) (alloc_traits.h:518)
==268755==    by 0x163861: std::_Sp_counted_ptr_inplace<cpp_dbc::MySQL::MySQLDriver, std::allocator<cpp_dbc::MySQL::MySQLDriver>, (__gnu_cxx::_Lock_policy)2>::_Sp_counted_ptr_inplace<>(std::allocator<cpp_dbc::MySQL::MySQLDriver>) (shared_ptr_base.h:519)
==268755== 
==268755== 24 bytes in 1 blocks are still reachable in loss record 345 of 2,004
==268755==    at 0x4848899: malloc (in /usr/libexec/valgrind/vgpreload_memcheck-amd64-linux.so)
==268755==    by 0x560C185: OPENSSL_LH_insert (in /usr/lib/x86_64-linux-gnu/libcrypto.so.3)
==268755==    by 0x562D0AA: OBJ_NAME_add (in /usr/lib/x86_64-linux-gnu/libcrypto.so.3)
==268755==    by 0x55FF684: EVP_add_cipher (in /usr/lib/x86_64-linux-gnu/libcrypto.so.3)
==268755==    by 0x561D436: ??? (in /usr/lib/x86_64-linux-gnu/libcrypto.so.3)
==268755==    by 0x522BEE7: __pthread_once_slow (pthread_once.c:116)
==268755==    by 0x5621C9C: CRYPTO_THREAD_run_once (in /usr/lib/x86_64-linux-gnu/libcrypto.so.3)
==268755==    by 0x561E9F0: OPENSSL_init_crypto (in /usr/lib/x86_64-linux-gnu/libcrypto.so.3)
==268755==    by 0x53EB9B6: OPENSSL_init_ssl (in /usr/lib/x86_64-linux-gnu/libssl.so.3)
==268755==    by 0x488FB29: mysql_server_init (in /usr/lib/x86_64-linux-gnu/libmysqlclient.so.21.2.42)
==268755==    by 0x1ED98C: cpp_dbc::MySQL::MySQLDriver::MySQLDriver() (driver_mysql.cpp:797)
==268755==    by 0x163CB6: decltype (::new ((void*)(0)) cpp_dbc::MySQL::MySQLDriver()) std::construct_at<cpp_dbc::MySQL::MySQLDriver>(cpp_dbc::MySQL::MySQLDriver*) (stl_construct.h:97)
==268755== 
==268755== 24 bytes in 1 blocks are still reachable in loss record 346 of 2,004
==268755==    at 0x4848899: malloc (in /usr/libexec/valgrind/vgpreload_memcheck-amd64-linux.so)
==268755==    by 0x562D068: OBJ_NAME_add (in /usr/lib/x86_64-linux-gnu/libcrypto.so.3)
==268755==    by 0x561D436: ??? (in /usr/lib/x86_64-linux-gnu/libcrypto.so.3)
==268755==    by 0x522BEE7: __pthread_once_slow (pthread_once.c:116)
==268755==    by 0x5621C9C: CRYPTO_THREAD_run_once (in /usr/lib/x86_64-linux-gnu/libcrypto.so.3)
==268755==    by 0x561E9F0: OPENSSL_init_crypto (in /usr/lib/x86_64-linux-gnu/libcrypto.so.3)
==268755==    by 0x53EB9B6: OPENSSL_init_ssl (in /usr/lib/x86_64-linux-gnu/libssl.so.3)
==268755==    by 0x488FB29: mysql_server_init (in /usr/lib/x86_64-linux-gnu/libmysqlclient.so.21.2.42)
==268755==    by 0x1ED98C: cpp_dbc::MySQL::MySQLDriver::MySQLDriver() (driver_mysql.cpp:797)
==268755==    by 0x163CB6: decltype (::new ((void*)(0)) cpp_dbc::MySQL::MySQLDriver()) std::construct_at<cpp_dbc::MySQL::MySQLDriver>(cpp_dbc::MySQL::MySQLDriver*) (stl_construct.h:97)
==268755==    by 0x163D03: void std::allocator_traits<std::allocator<cpp_dbc::MySQL::MySQLDriver> >::construct<cpp_dbc::MySQL::MySQLDriver>(std::allocator<cpp_dbc::MySQL::MySQLDriver>&, cpp_dbc::MySQL::MySQLDriver*) (alloc_traits.h:518)
==268755==    by 0x163861: std::_Sp_counted_ptr_inplace<cpp_dbc::MySQL::MySQLDriver, std::allocator<cpp_dbc::MySQL::MySQLDriver>, (__gnu_cxx::_Lock_policy)2>::_Sp_counted_ptr_inplace<>(std::allocator<cpp_dbc::MySQL::MySQLDriver>) (shared_ptr_base.h:519)
==268755== 
==268755== 24 bytes in 1 blocks are still reachable in loss record 347 of 2,004
==268755==    at 0x4848899: malloc (in /usr/libexec/valgrind/vgpreload_memcheck-amd64-linux.so)
==268755==    by 0x560C185: OPENSSL_LH_insert (in /usr/lib/x86_64-linux-gnu/libcrypto.so.3)
==268755==    by 0x562D0AA: OBJ_NAME_add (in /usr/lib/x86_64-linux-gnu/libcrypto.so.3)
==268755==    by 0x55FF684: EVP_add_cipher (in /usr/lib/x86_64-linux-gnu/libcrypto.so.3)
==268755==    by 0x561D443: ??? (in /usr/lib/x86_64-linux-gnu/libcrypto.so.3)
==268755==    by 0x522BEE7: __pthread_once_slow (pthread_once.c:116)
==268755==    by 0x5621C9C: CRYPTO_THREAD_run_once (in /usr/lib/x86_64-linux-gnu/libcrypto.so.3)
==268755==    by 0x561E9F0: OPENSSL_init_crypto (in /usr/lib/x86_64-linux-gnu/libcrypto.so.3)
==268755==    by 0x53EB9B6: OPENSSL_init_ssl (in /usr/lib/x86_64-linux-gnu/libssl.so.3)
==268755==    by 0x488FB29: mysql_server_init (in /usr/lib/x86_64-linux-gnu/libmysqlclient.so.21.2.42)
==268755==    by 0x1ED98C: cpp_dbc::MySQL::MySQLDriver::MySQLDriver() (driver_mysql.cpp:797)
==268755==    by 0x163CB6: decltype (::new ((void*)(0)) cpp_dbc::MySQL::MySQLDriver()) std::construct_at<cpp_dbc::MySQL::MySQLDriver>(cpp_dbc::MySQL::MySQLDriver*) (stl_construct.h:97)
==268755== 
==268755== 24 bytes in 1 blocks are still reachable in loss record 348 of 2,004
==268755==    at 0x4848899: malloc (in /usr/libexec/valgrind/vgpreload_memcheck-amd64-linux.so)
==268755==    by 0x562D068: OBJ_NAME_add (in /usr/lib/x86_64-linux-gnu/libcrypto.so.3)
==268755==    by 0x561D443: ??? (in /usr/lib/x86_64-linux-gnu/libcrypto.so.3)
==268755==    by 0x522BEE7: __pthread_once_slow (pthread_once.c:116)
==268755==    by 0x5621C9C: CRYPTO_THREAD_run_once (in /usr/lib/x86_64-linux-gnu/libcrypto.so.3)
==268755==    by 0x561E9F0: OPENSSL_init_crypto (in /usr/lib/x86_64-linux-gnu/libcrypto.so.3)
==268755==    by 0x53EB9B6: OPENSSL_init_ssl (in /usr/lib/x86_64-linux-gnu/libssl.so.3)
==268755==    by 0x488FB29: mysql_server_init (in /usr/lib/x86_64-linux-gnu/libmysqlclient.so.21.2.42)
==268755==    by 0x1ED98C: cpp_dbc::MySQL::MySQLDriver::MySQLDriver() (driver_mysql.cpp:797)
==268755==    by 0x163CB6: decltype (::new ((void*)(0)) cpp_dbc::MySQL::MySQLDriver()) std::construct_at<cpp_dbc::MySQL::MySQLDriver>(cpp_dbc::MySQL::MySQLDriver*) (stl_construct.h:97)
==268755==    by 0x163D03: void std::allocator_traits<std::allocator<cpp_dbc::MySQL::MySQLDriver> >::construct<cpp_dbc::MySQL::MySQLDriver>(std::allocator<cpp_dbc::MySQL::MySQLDriver>&, cpp_dbc::MySQL::MySQLDriver*) (alloc_traits.h:518)
==268755==    by 0x163861: std::_Sp_counted_ptr_inplace<cpp_dbc::MySQL::MySQLDriver, std::allocator<cpp_dbc::MySQL::MySQLDriver>, (__gnu_cxx::_Lock_policy)2>::_Sp_counted_ptr_inplace<>(std::allocator<cpp_dbc::MySQL::MySQLDriver>) (shared_ptr_base.h:519)
==268755== 
==268755== 24 bytes in 1 blocks are still reachable in loss record 349 of 2,004
==268755==    at 0x4848899: malloc (in /usr/libexec/valgrind/vgpreload_memcheck-amd64-linux.so)
==268755==    by 0x560C185: OPENSSL_LH_insert (in /usr/lib/x86_64-linux-gnu/libcrypto.so.3)
==268755==    by 0x562D0AA: OBJ_NAME_add (in /usr/lib/x86_64-linux-gnu/libcrypto.so.3)
==268755==    by 0x55FF684: EVP_add_cipher (in /usr/lib/x86_64-linux-gnu/libcrypto.so.3)
==268755==    by 0x561D450: ??? (in /usr/lib/x86_64-linux-gnu/libcrypto.so.3)
==268755==    by 0x522BEE7: __pthread_once_slow (pthread_once.c:116)
==268755==    by 0x5621C9C: CRYPTO_THREAD_run_once (in /usr/lib/x86_64-linux-gnu/libcrypto.so.3)
==268755==    by 0x561E9F0: OPENSSL_init_crypto (in /usr/lib/x86_64-linux-gnu/libcrypto.so.3)
==268755==    by 0x53EB9B6: OPENSSL_init_ssl (in /usr/lib/x86_64-linux-gnu/libssl.so.3)
==268755==    by 0x488FB29: mysql_server_init (in /usr/lib/x86_64-linux-gnu/libmysqlclient.so.21.2.42)
==268755==    by 0x1ED98C: cpp_dbc::MySQL::MySQLDriver::MySQLDriver() (driver_mysql.cpp:797)
==268755==    by 0x163CB6: decltype (::new ((void*)(0)) cpp_dbc::MySQL::MySQLDriver()) std::construct_at<cpp_dbc::MySQL::MySQLDriver>(cpp_dbc::MySQL::MySQLDriver*) (stl_construct.h:97)
==268755== 
==268755== 24 bytes in 1 blocks are still reachable in loss record 350 of 2,004
==268755==    at 0x4848899: malloc (in /usr/libexec/valgrind/vgpreload_memcheck-amd64-linux.so)
==268755==    by 0x562D068: OBJ_NAME_add (in /usr/lib/x86_64-linux-gnu/libcrypto.so.3)
==268755==    by 0x561D450: ??? (in /usr/lib/x86_64-linux-gnu/libcrypto.so.3)
==268755==    by 0x522BEE7: __pthread_once_slow (pthread_once.c:116)
==268755==    by 0x5621C9C: CRYPTO_THREAD_run_once (in /usr/lib/x86_64-linux-gnu/libcrypto.so.3)
==268755==    by 0x561E9F0: OPENSSL_init_crypto (in /usr/lib/x86_64-linux-gnu/libcrypto.so.3)
==268755==    by 0x53EB9B6: OPENSSL_init_ssl (in /usr/lib/x86_64-linux-gnu/libssl.so.3)
==268755==    by 0x488FB29: mysql_server_init (in /usr/lib/x86_64-linux-gnu/libmysqlclient.so.21.2.42)
==268755==    by 0x1ED98C: cpp_dbc::MySQL::MySQLDriver::MySQLDriver() (driver_mysql.cpp:797)
==268755==    by 0x163CB6: decltype (::new ((void*)(0)) cpp_dbc::MySQL::MySQLDriver()) std::construct_at<cpp_dbc::MySQL::MySQLDriver>(cpp_dbc::MySQL::MySQLDriver*) (stl_construct.h:97)
==268755==    by 0x163D03: void std::allocator_traits<std::allocator<cpp_dbc::MySQL::MySQLDriver> >::construct<cpp_dbc::MySQL::MySQLDriver>(std::allocator<cpp_dbc::MySQL::MySQLDriver>&, cpp_dbc::MySQL::MySQLDriver*) (alloc_traits.h:518)
==268755==    by 0x163861: std::_Sp_counted_ptr_inplace<cpp_dbc::MySQL::MySQLDriver, std::allocator<cpp_dbc::MySQL::MySQLDriver>, (__gnu_cxx::_Lock_policy)2>::_Sp_counted_ptr_inplace<>(std::allocator<cpp_dbc::MySQL::MySQLDriver>) (shared_ptr_base.h:519)
==268755== 
==268755== 24 bytes in 1 blocks are still reachable in loss record 351 of 2,004
==268755==    at 0x4848899: malloc (in /usr/libexec/valgrind/vgpreload_memcheck-amd64-linux.so)
==268755==    by 0x560C185: OPENSSL_LH_insert (in /usr/lib/x86_64-linux-gnu/libcrypto.so.3)
==268755==    by 0x562D0AA: OBJ_NAME_add (in /usr/lib/x86_64-linux-gnu/libcrypto.so.3)
==268755==    by 0x55FF684: EVP_add_cipher (in /usr/lib/x86_64-linux-gnu/libcrypto.so.3)
==268755==    by 0x561D45D: ??? (in /usr/lib/x86_64-linux-gnu/libcrypto.so.3)
==268755==    by 0x522BEE7: __pthread_once_slow (pthread_once.c:116)
==268755==    by 0x5621C9C: CRYPTO_THREAD_run_once (in /usr/lib/x86_64-linux-gnu/libcrypto.so.3)
==268755==    by 0x561E9F0: OPENSSL_init_crypto (in /usr/lib/x86_64-linux-gnu/libcrypto.so.3)
==268755==    by 0x53EB9B6: OPENSSL_init_ssl (in /usr/lib/x86_64-linux-gnu/libssl.so.3)
==268755==    by 0x488FB29: mysql_server_init (in /usr/lib/x86_64-linux-gnu/libmysqlclient.so.21.2.42)
==268755==    by 0x1ED98C: cpp_dbc::MySQL::MySQLDriver::MySQLDriver() (driver_mysql.cpp:797)
==268755==    by 0x163CB6: decltype (::new ((void*)(0)) cpp_dbc::MySQL::MySQLDriver()) std::construct_at<cpp_dbc::MySQL::MySQLDriver>(cpp_dbc::MySQL::MySQLDriver*) (stl_construct.h:97)
==268755== 
==268755== 24 bytes in 1 blocks are still reachable in loss record 352 of 2,004
==268755==    at 0x4848899: malloc (in /usr/libexec/valgrind/vgpreload_memcheck-amd64-linux.so)
==268755==    by 0x562D068: OBJ_NAME_add (in /usr/lib/x86_64-linux-gnu/libcrypto.so.3)
==268755==    by 0x561D45D: ??? (in /usr/lib/x86_64-linux-gnu/libcrypto.so.3)
==268755==    by 0x522BEE7: __pthread_once_slow (pthread_once.c:116)
==268755==    by 0x5621C9C: CRYPTO_THREAD_run_once (in /usr/lib/x86_64-linux-gnu/libcrypto.so.3)
==268755==    by 0x561E9F0: OPENSSL_init_crypto (in /usr/lib/x86_64-linux-gnu/libcrypto.so.3)
==268755==    by 0x53EB9B6: OPENSSL_init_ssl (in /usr/lib/x86_64-linux-gnu/libssl.so.3)
==268755==    by 0x488FB29: mysql_server_init (in /usr/lib/x86_64-linux-gnu/libmysqlclient.so.21.2.42)
==268755==    by 0x1ED98C: cpp_dbc::MySQL::MySQLDriver::MySQLDriver() (driver_mysql.cpp:797)
==268755==    by 0x163CB6: decltype (::new ((void*)(0)) cpp_dbc::MySQL::MySQLDriver()) std::construct_at<cpp_dbc::MySQL::MySQLDriver>(cpp_dbc::MySQL::MySQLDriver*) (stl_construct.h:97)
==268755==    by 0x163D03: void std::allocator_traits<std::allocator<cpp_dbc::MySQL::MySQLDriver> >::construct<cpp_dbc::MySQL::MySQLDriver>(std::allocator<cpp_dbc::MySQL::MySQLDriver>&, cpp_dbc::MySQL::MySQLDriver*) (alloc_traits.h:518)
==268755==    by 0x163861: std::_Sp_counted_ptr_inplace<cpp_dbc::MySQL::MySQLDriver, std::allocator<cpp_dbc::MySQL::MySQLDriver>, (__gnu_cxx::_Lock_policy)2>::_Sp_counted_ptr_inplace<>(std::allocator<cpp_dbc::MySQL::MySQLDriver>) (shared_ptr_base.h:519)
==268755== 
==268755== 24 bytes in 1 blocks are still reachable in loss record 353 of 2,004
==268755==    at 0x4848899: malloc (in /usr/libexec/valgrind/vgpreload_memcheck-amd64-linux.so)
==268755==    by 0x560C185: OPENSSL_LH_insert (in /usr/lib/x86_64-linux-gnu/libcrypto.so.3)
==268755==    by 0x562D0AA: OBJ_NAME_add (in /usr/lib/x86_64-linux-gnu/libcrypto.so.3)
==268755==    by 0x55FF684: EVP_add_cipher (in /usr/lib/x86_64-linux-gnu/libcrypto.so.3)
==268755==    by 0x561D46A: ??? (in /usr/lib/x86_64-linux-gnu/libcrypto.so.3)
==268755==    by 0x522BEE7: __pthread_once_slow (pthread_once.c:116)
==268755==    by 0x5621C9C: CRYPTO_THREAD_run_once (in /usr/lib/x86_64-linux-gnu/libcrypto.so.3)
==268755==    by 0x561E9F0: OPENSSL_init_crypto (in /usr/lib/x86_64-linux-gnu/libcrypto.so.3)
==268755==    by 0x53EB9B6: OPENSSL_init_ssl (in /usr/lib/x86_64-linux-gnu/libssl.so.3)
==268755==    by 0x488FB29: mysql_server_init (in /usr/lib/x86_64-linux-gnu/libmysqlclient.so.21.2.42)
==268755==    by 0x1ED98C: cpp_dbc::MySQL::MySQLDriver::MySQLDriver() (driver_mysql.cpp:797)
==268755==    by 0x163CB6: decltype (::new ((void*)(0)) cpp_dbc::MySQL::MySQLDriver()) std::construct_at<cpp_dbc::MySQL::MySQLDriver>(cpp_dbc::MySQL::MySQLDriver*) (stl_construct.h:97)
==268755== 
==268755== 24 bytes in 1 blocks are still reachable in loss record 354 of 2,004
==268755==    at 0x4848899: malloc (in /usr/libexec/valgrind/vgpreload_memcheck-amd64-linux.so)
==268755==    by 0x562D068: OBJ_NAME_add (in /usr/lib/x86_64-linux-gnu/libcrypto.so.3)
==268755==    by 0x561D46A: ??? (in /usr/lib/x86_64-linux-gnu/libcrypto.so.3)
==268755==    by 0x522BEE7: __pthread_once_slow (pthread_once.c:116)
==268755==    by 0x5621C9C: CRYPTO_THREAD_run_once (in /usr/lib/x86_64-linux-gnu/libcrypto.so.3)
==268755==    by 0x561E9F0: OPENSSL_init_crypto (in /usr/lib/x86_64-linux-gnu/libcrypto.so.3)
==268755==    by 0x53EB9B6: OPENSSL_init_ssl (in /usr/lib/x86_64-linux-gnu/libssl.so.3)
==268755==    by 0x488FB29: mysql_server_init (in /usr/lib/x86_64-linux-gnu/libmysqlclient.so.21.2.42)
==268755==    by 0x1ED98C: cpp_dbc::MySQL::MySQLDriver::MySQLDriver() (driver_mysql.cpp:797)
==268755==    by 0x163CB6: decltype (::new ((void*)(0)) cpp_dbc::MySQL::MySQLDriver()) std::construct_at<cpp_dbc::MySQL::MySQLDriver>(cpp_dbc::MySQL::MySQLDriver*) (stl_construct.h:97)
==268755==    by 0x163D03: void std::allocator_traits<std::allocator<cpp_dbc::MySQL::MySQLDriver> >::construct<cpp_dbc::MySQL::MySQLDriver>(std::allocator<cpp_dbc::MySQL::MySQLDriver>&, cpp_dbc::MySQL::MySQLDriver*) (alloc_traits.h:518)
==268755==    by 0x163861: std::_Sp_counted_ptr_inplace<cpp_dbc::MySQL::MySQLDriver, std::allocator<cpp_dbc::MySQL::MySQLDriver>, (__gnu_cxx::_Lock_policy)2>::_Sp_counted_ptr_inplace<>(std::allocator<cpp_dbc::MySQL::MySQLDriver>) (shared_ptr_base.h:519)
==268755== 
==268755== 24 bytes in 1 blocks are still reachable in loss record 355 of 2,004
==268755==    at 0x4848899: malloc (in /usr/libexec/valgrind/vgpreload_memcheck-amd64-linux.so)
==268755==    by 0x560C185: OPENSSL_LH_insert (in /usr/lib/x86_64-linux-gnu/libcrypto.so.3)
==268755==    by 0x562D0AA: OBJ_NAME_add (in /usr/lib/x86_64-linux-gnu/libcrypto.so.3)
==268755==    by 0x55FF684: EVP_add_cipher (in /usr/lib/x86_64-linux-gnu/libcrypto.so.3)
==268755==    by 0x561D477: ??? (in /usr/lib/x86_64-linux-gnu/libcrypto.so.3)
==268755==    by 0x522BEE7: __pthread_once_slow (pthread_once.c:116)
==268755==    by 0x5621C9C: CRYPTO_THREAD_run_once (in /usr/lib/x86_64-linux-gnu/libcrypto.so.3)
==268755==    by 0x561E9F0: OPENSSL_init_crypto (in /usr/lib/x86_64-linux-gnu/libcrypto.so.3)
==268755==    by 0x53EB9B6: OPENSSL_init_ssl (in /usr/lib/x86_64-linux-gnu/libssl.so.3)
==268755==    by 0x488FB29: mysql_server_init (in /usr/lib/x86_64-linux-gnu/libmysqlclient.so.21.2.42)
==268755==    by 0x1ED98C: cpp_dbc::MySQL::MySQLDriver::MySQLDriver() (driver_mysql.cpp:797)
==268755==    by 0x163CB6: decltype (::new ((void*)(0)) cpp_dbc::MySQL::MySQLDriver()) std::construct_at<cpp_dbc::MySQL::MySQLDriver>(cpp_dbc::MySQL::MySQLDriver*) (stl_construct.h:97)
==268755== 
==268755== 24 bytes in 1 blocks are still reachable in loss record 356 of 2,004
==268755==    at 0x4848899: malloc (in /usr/libexec/valgrind/vgpreload_memcheck-amd64-linux.so)
==268755==    by 0x562D068: OBJ_NAME_add (in /usr/lib/x86_64-linux-gnu/libcrypto.so.3)
==268755==    by 0x561D477: ??? (in /usr/lib/x86_64-linux-gnu/libcrypto.so.3)
==268755==    by 0x522BEE7: __pthread_once_slow (pthread_once.c:116)
==268755==    by 0x5621C9C: CRYPTO_THREAD_run_once (in /usr/lib/x86_64-linux-gnu/libcrypto.so.3)
==268755==    by 0x561E9F0: OPENSSL_init_crypto (in /usr/lib/x86_64-linux-gnu/libcrypto.so.3)
==268755==    by 0x53EB9B6: OPENSSL_init_ssl (in /usr/lib/x86_64-linux-gnu/libssl.so.3)
==268755==    by 0x488FB29: mysql_server_init (in /usr/lib/x86_64-linux-gnu/libmysqlclient.so.21.2.42)
==268755==    by 0x1ED98C: cpp_dbc::MySQL::MySQLDriver::MySQLDriver() (driver_mysql.cpp:797)
==268755==    by 0x163CB6: decltype (::new ((void*)(0)) cpp_dbc::MySQL::MySQLDriver()) std::construct_at<cpp_dbc::MySQL::MySQLDriver>(cpp_dbc::MySQL::MySQLDriver*) (stl_construct.h:97)
==268755==    by 0x163D03: void std::allocator_traits<std::allocator<cpp_dbc::MySQL::MySQLDriver> >::construct<cpp_dbc::MySQL::MySQLDriver>(std::allocator<cpp_dbc::MySQL::MySQLDriver>&, cpp_dbc::MySQL::MySQLDriver*) (alloc_traits.h:518)
==268755==    by 0x163861: std::_Sp_counted_ptr_inplace<cpp_dbc::MySQL::MySQLDriver, std::allocator<cpp_dbc::MySQL::MySQLDriver>, (__gnu_cxx::_Lock_policy)2>::_Sp_counted_ptr_inplace<>(std::allocator<cpp_dbc::MySQL::MySQLDriver>) (shared_ptr_base.h:519)
==268755== 
==268755== 24 bytes in 1 blocks are still reachable in loss record 357 of 2,004
==268755==    at 0x4848899: malloc (in /usr/libexec/valgrind/vgpreload_memcheck-amd64-linux.so)
==268755==    by 0x560C185: OPENSSL_LH_insert (in /usr/lib/x86_64-linux-gnu/libcrypto.so.3)
==268755==    by 0x562D0AA: OBJ_NAME_add (in /usr/lib/x86_64-linux-gnu/libcrypto.so.3)
==268755==    by 0x55FF684: EVP_add_cipher (in /usr/lib/x86_64-linux-gnu/libcrypto.so.3)
==268755==    by 0x561D484: ??? (in /usr/lib/x86_64-linux-gnu/libcrypto.so.3)
==268755==    by 0x522BEE7: __pthread_once_slow (pthread_once.c:116)
==268755==    by 0x5621C9C: CRYPTO_THREAD_run_once (in /usr/lib/x86_64-linux-gnu/libcrypto.so.3)
==268755==    by 0x561E9F0: OPENSSL_init_crypto (in /usr/lib/x86_64-linux-gnu/libcrypto.so.3)
==268755==    by 0x53EB9B6: OPENSSL_init_ssl (in /usr/lib/x86_64-linux-gnu/libssl.so.3)
==268755==    by 0x488FB29: mysql_server_init (in /usr/lib/x86_64-linux-gnu/libmysqlclient.so.21.2.42)
==268755==    by 0x1ED98C: cpp_dbc::MySQL::MySQLDriver::MySQLDriver() (driver_mysql.cpp:797)
==268755==    by 0x163CB6: decltype (::new ((void*)(0)) cpp_dbc::MySQL::MySQLDriver()) std::construct_at<cpp_dbc::MySQL::MySQLDriver>(cpp_dbc::MySQL::MySQLDriver*) (stl_construct.h:97)
==268755== 
==268755== 24 bytes in 1 blocks are still reachable in loss record 358 of 2,004
==268755==    at 0x4848899: malloc (in /usr/libexec/valgrind/vgpreload_memcheck-amd64-linux.so)
==268755==    by 0x562D068: OBJ_NAME_add (in /usr/lib/x86_64-linux-gnu/libcrypto.so.3)
==268755==    by 0x561D484: ??? (in /usr/lib/x86_64-linux-gnu/libcrypto.so.3)
==268755==    by 0x522BEE7: __pthread_once_slow (pthread_once.c:116)
==268755==    by 0x5621C9C: CRYPTO_THREAD_run_once (in /usr/lib/x86_64-linux-gnu/libcrypto.so.3)
==268755==    by 0x561E9F0: OPENSSL_init_crypto (in /usr/lib/x86_64-linux-gnu/libcrypto.so.3)
==268755==    by 0x53EB9B6: OPENSSL_init_ssl (in /usr/lib/x86_64-linux-gnu/libssl.so.3)
==268755==    by 0x488FB29: mysql_server_init (in /usr/lib/x86_64-linux-gnu/libmysqlclient.so.21.2.42)
==268755==    by 0x1ED98C: cpp_dbc::MySQL::MySQLDriver::MySQLDriver() (driver_mysql.cpp:797)
==268755==    by 0x163CB6: decltype (::new ((void*)(0)) cpp_dbc::MySQL::MySQLDriver()) std::construct_at<cpp_dbc::MySQL::MySQLDriver>(cpp_dbc::MySQL::MySQLDriver*) (stl_construct.h:97)
==268755==    by 0x163D03: void std::allocator_traits<std::allocator<cpp_dbc::MySQL::MySQLDriver> >::construct<cpp_dbc::MySQL::MySQLDriver>(std::allocator<cpp_dbc::MySQL::MySQLDriver>&, cpp_dbc::MySQL::MySQLDriver*) (alloc_traits.h:518)
==268755==    by 0x163861: std::_Sp_counted_ptr_inplace<cpp_dbc::MySQL::MySQLDriver, std::allocator<cpp_dbc::MySQL::MySQLDriver>, (__gnu_cxx::_Lock_policy)2>::_Sp_counted_ptr_inplace<>(std::allocator<cpp_dbc::MySQL::MySQLDriver>) (shared_ptr_base.h:519)
==268755== 
==268755== 24 bytes in 1 blocks are still reachable in loss record 359 of 2,004
==268755==    at 0x4848899: malloc (in /usr/libexec/valgrind/vgpreload_memcheck-amd64-linux.so)
==268755==    by 0x560C185: OPENSSL_LH_insert (in /usr/lib/x86_64-linux-gnu/libcrypto.so.3)
==268755==    by 0x562D0AA: OBJ_NAME_add (in /usr/lib/x86_64-linux-gnu/libcrypto.so.3)
==268755==    by 0x55FF684: EVP_add_cipher (in /usr/lib/x86_64-linux-gnu/libcrypto.so.3)
==268755==    by 0x561D491: ??? (in /usr/lib/x86_64-linux-gnu/libcrypto.so.3)
==268755==    by 0x522BEE7: __pthread_once_slow (pthread_once.c:116)
==268755==    by 0x5621C9C: CRYPTO_THREAD_run_once (in /usr/lib/x86_64-linux-gnu/libcrypto.so.3)
==268755==    by 0x561E9F0: OPENSSL_init_crypto (in /usr/lib/x86_64-linux-gnu/libcrypto.so.3)
==268755==    by 0x53EB9B6: OPENSSL_init_ssl (in /usr/lib/x86_64-linux-gnu/libssl.so.3)
==268755==    by 0x488FB29: mysql_server_init (in /usr/lib/x86_64-linux-gnu/libmysqlclient.so.21.2.42)
==268755==    by 0x1ED98C: cpp_dbc::MySQL::MySQLDriver::MySQLDriver() (driver_mysql.cpp:797)
==268755==    by 0x163CB6: decltype (::new ((void*)(0)) cpp_dbc::MySQL::MySQLDriver()) std::construct_at<cpp_dbc::MySQL::MySQLDriver>(cpp_dbc::MySQL::MySQLDriver*) (stl_construct.h:97)
==268755== 
==268755== 24 bytes in 1 blocks are still reachable in loss record 360 of 2,004
==268755==    at 0x4848899: malloc (in /usr/libexec/valgrind/vgpreload_memcheck-amd64-linux.so)
==268755==    by 0x562D068: OBJ_NAME_add (in /usr/lib/x86_64-linux-gnu/libcrypto.so.3)
==268755==    by 0x561D491: ??? (in /usr/lib/x86_64-linux-gnu/libcrypto.so.3)
==268755==    by 0x522BEE7: __pthread_once_slow (pthread_once.c:116)
==268755==    by 0x5621C9C: CRYPTO_THREAD_run_once (in /usr/lib/x86_64-linux-gnu/libcrypto.so.3)
==268755==    by 0x561E9F0: OPENSSL_init_crypto (in /usr/lib/x86_64-linux-gnu/libcrypto.so.3)
==268755==    by 0x53EB9B6: OPENSSL_init_ssl (in /usr/lib/x86_64-linux-gnu/libssl.so.3)
==268755==    by 0x488FB29: mysql_server_init (in /usr/lib/x86_64-linux-gnu/libmysqlclient.so.21.2.42)
==268755==    by 0x1ED98C: cpp_dbc::MySQL::MySQLDriver::MySQLDriver() (driver_mysql.cpp:797)
==268755==    by 0x163CB6: decltype (::new ((void*)(0)) cpp_dbc::MySQL::MySQLDriver()) std::construct_at<cpp_dbc::MySQL::MySQLDriver>(cpp_dbc::MySQL::MySQLDriver*) (stl_construct.h:97)
==268755==    by 0x163D03: void std::allocator_traits<std::allocator<cpp_dbc::MySQL::MySQLDriver> >::construct<cpp_dbc::MySQL::MySQLDriver>(std::allocator<cpp_dbc::MySQL::MySQLDriver>&, cpp_dbc::MySQL::MySQLDriver*) (alloc_traits.h:518)
==268755==    by 0x163861: std::_Sp_counted_ptr_inplace<cpp_dbc::MySQL::MySQLDriver, std::allocator<cpp_dbc::MySQL::MySQLDriver>, (__gnu_cxx::_Lock_policy)2>::_Sp_counted_ptr_inplace<>(std::allocator<cpp_dbc::MySQL::MySQLDriver>) (shared_ptr_base.h:519)
==268755== 
==268755== 24 bytes in 1 blocks are still reachable in loss record 361 of 2,004
==268755==    at 0x4848899: malloc (in /usr/libexec/valgrind/vgpreload_memcheck-amd64-linux.so)
==268755==    by 0x560C185: OPENSSL_LH_insert (in /usr/lib/x86_64-linux-gnu/libcrypto.so.3)
==268755==    by 0x562D0AA: OBJ_NAME_add (in /usr/lib/x86_64-linux-gnu/libcrypto.so.3)
==268755==    by 0x55FF684: EVP_add_cipher (in /usr/lib/x86_64-linux-gnu/libcrypto.so.3)
==268755==    by 0x561D49E: ??? (in /usr/lib/x86_64-linux-gnu/libcrypto.so.3)
==268755==    by 0x522BEE7: __pthread_once_slow (pthread_once.c:116)
==268755==    by 0x5621C9C: CRYPTO_THREAD_run_once (in /usr/lib/x86_64-linux-gnu/libcrypto.so.3)
==268755==    by 0x561E9F0: OPENSSL_init_crypto (in /usr/lib/x86_64-linux-gnu/libcrypto.so.3)
==268755==    by 0x53EB9B6: OPENSSL_init_ssl (in /usr/lib/x86_64-linux-gnu/libssl.so.3)
==268755==    by 0x488FB29: mysql_server_init (in /usr/lib/x86_64-linux-gnu/libmysqlclient.so.21.2.42)
==268755==    by 0x1ED98C: cpp_dbc::MySQL::MySQLDriver::MySQLDriver() (driver_mysql.cpp:797)
==268755==    by 0x163CB6: decltype (::new ((void*)(0)) cpp_dbc::MySQL::MySQLDriver()) std::construct_at<cpp_dbc::MySQL::MySQLDriver>(cpp_dbc::MySQL::MySQLDriver*) (stl_construct.h:97)
==268755== 
==268755== 24 bytes in 1 blocks are still reachable in loss record 362 of 2,004
==268755==    at 0x4848899: malloc (in /usr/libexec/valgrind/vgpreload_memcheck-amd64-linux.so)
==268755==    by 0x562D068: OBJ_NAME_add (in /usr/lib/x86_64-linux-gnu/libcrypto.so.3)
==268755==    by 0x561D49E: ??? (in /usr/lib/x86_64-linux-gnu/libcrypto.so.3)
==268755==    by 0x522BEE7: __pthread_once_slow (pthread_once.c:116)
==268755==    by 0x5621C9C: CRYPTO_THREAD_run_once (in /usr/lib/x86_64-linux-gnu/libcrypto.so.3)
==268755==    by 0x561E9F0: OPENSSL_init_crypto (in /usr/lib/x86_64-linux-gnu/libcrypto.so.3)
==268755==    by 0x53EB9B6: OPENSSL_init_ssl (in /usr/lib/x86_64-linux-gnu/libssl.so.3)
==268755==    by 0x488FB29: mysql_server_init (in /usr/lib/x86_64-linux-gnu/libmysqlclient.so.21.2.42)
==268755==    by 0x1ED98C: cpp_dbc::MySQL::MySQLDriver::MySQLDriver() (driver_mysql.cpp:797)
==268755==    by 0x163CB6: decltype (::new ((void*)(0)) cpp_dbc::MySQL::MySQLDriver()) std::construct_at<cpp_dbc::MySQL::MySQLDriver>(cpp_dbc::MySQL::MySQLDriver*) (stl_construct.h:97)
==268755==    by 0x163D03: void std::allocator_traits<std::allocator<cpp_dbc::MySQL::MySQLDriver> >::construct<cpp_dbc::MySQL::MySQLDriver>(std::allocator<cpp_dbc::MySQL::MySQLDriver>&, cpp_dbc::MySQL::MySQLDriver*) (alloc_traits.h:518)
==268755==    by 0x163861: std::_Sp_counted_ptr_inplace<cpp_dbc::MySQL::MySQLDriver, std::allocator<cpp_dbc::MySQL::MySQLDriver>, (__gnu_cxx::_Lock_policy)2>::_Sp_counted_ptr_inplace<>(std::allocator<cpp_dbc::MySQL::MySQLDriver>) (shared_ptr_base.h:519)
==268755== 
==268755== 24 bytes in 1 blocks are still reachable in loss record 363 of 2,004
==268755==    at 0x4848899: malloc (in /usr/libexec/valgrind/vgpreload_memcheck-amd64-linux.so)
==268755==    by 0x560C185: OPENSSL_LH_insert (in /usr/lib/x86_64-linux-gnu/libcrypto.so.3)
==268755==    by 0x562D0AA: OBJ_NAME_add (in /usr/lib/x86_64-linux-gnu/libcrypto.so.3)
==268755==    by 0x55FF684: EVP_add_cipher (in /usr/lib/x86_64-linux-gnu/libcrypto.so.3)
==268755==    by 0x561D4AB: ??? (in /usr/lib/x86_64-linux-gnu/libcrypto.so.3)
==268755==    by 0x522BEE7: __pthread_once_slow (pthread_once.c:116)
==268755==    by 0x5621C9C: CRYPTO_THREAD_run_once (in /usr/lib/x86_64-linux-gnu/libcrypto.so.3)
==268755==    by 0x561E9F0: OPENSSL_init_crypto (in /usr/lib/x86_64-linux-gnu/libcrypto.so.3)
==268755==    by 0x53EB9B6: OPENSSL_init_ssl (in /usr/lib/x86_64-linux-gnu/libssl.so.3)
==268755==    by 0x488FB29: mysql_server_init (in /usr/lib/x86_64-linux-gnu/libmysqlclient.so.21.2.42)
==268755==    by 0x1ED98C: cpp_dbc::MySQL::MySQLDriver::MySQLDriver() (driver_mysql.cpp:797)
==268755==    by 0x163CB6: decltype (::new ((void*)(0)) cpp_dbc::MySQL::MySQLDriver()) std::construct_at<cpp_dbc::MySQL::MySQLDriver>(cpp_dbc::MySQL::MySQLDriver*) (stl_construct.h:97)
==268755== 
==268755== 24 bytes in 1 blocks are still reachable in loss record 364 of 2,004
==268755==    at 0x4848899: malloc (in /usr/libexec/valgrind/vgpreload_memcheck-amd64-linux.so)
==268755==    by 0x562D068: OBJ_NAME_add (in /usr/lib/x86_64-linux-gnu/libcrypto.so.3)
==268755==    by 0x561D4AB: ??? (in /usr/lib/x86_64-linux-gnu/libcrypto.so.3)
==268755==    by 0x522BEE7: __pthread_once_slow (pthread_once.c:116)
==268755==    by 0x5621C9C: CRYPTO_THREAD_run_once (in /usr/lib/x86_64-linux-gnu/libcrypto.so.3)
==268755==    by 0x561E9F0: OPENSSL_init_crypto (in /usr/lib/x86_64-linux-gnu/libcrypto.so.3)
==268755==    by 0x53EB9B6: OPENSSL_init_ssl (in /usr/lib/x86_64-linux-gnu/libssl.so.3)
==268755==    by 0x488FB29: mysql_server_init (in /usr/lib/x86_64-linux-gnu/libmysqlclient.so.21.2.42)
==268755==    by 0x1ED98C: cpp_dbc::MySQL::MySQLDriver::MySQLDriver() (driver_mysql.cpp:797)
==268755==    by 0x163CB6: decltype (::new ((void*)(0)) cpp_dbc::MySQL::MySQLDriver()) std::construct_at<cpp_dbc::MySQL::MySQLDriver>(cpp_dbc::MySQL::MySQLDriver*) (stl_construct.h:97)
==268755==    by 0x163D03: void std::allocator_traits<std::allocator<cpp_dbc::MySQL::MySQLDriver> >::construct<cpp_dbc::MySQL::MySQLDriver>(std::allocator<cpp_dbc::MySQL::MySQLDriver>&, cpp_dbc::MySQL::MySQLDriver*) (alloc_traits.h:518)
==268755==    by 0x163861: std::_Sp_counted_ptr_inplace<cpp_dbc::MySQL::MySQLDriver, std::allocator<cpp_dbc::MySQL::MySQLDriver>, (__gnu_cxx::_Lock_policy)2>::_Sp_counted_ptr_inplace<>(std::allocator<cpp_dbc::MySQL::MySQLDriver>) (shared_ptr_base.h:519)
==268755== 
==268755== 24 bytes in 1 blocks are still reachable in loss record 365 of 2,004
==268755==    at 0x4848899: malloc (in /usr/libexec/valgrind/vgpreload_memcheck-amd64-linux.so)
==268755==    by 0x560C185: OPENSSL_LH_insert (in /usr/lib/x86_64-linux-gnu/libcrypto.so.3)
==268755==    by 0x562D0AA: OBJ_NAME_add (in /usr/lib/x86_64-linux-gnu/libcrypto.so.3)
==268755==    by 0x561D4BF: ??? (in /usr/lib/x86_64-linux-gnu/libcrypto.so.3)
==268755==    by 0x522BEE7: __pthread_once_slow (pthread_once.c:116)
==268755==    by 0x5621C9C: CRYPTO_THREAD_run_once (in /usr/lib/x86_64-linux-gnu/libcrypto.so.3)
==268755==    by 0x561E9F0: OPENSSL_init_crypto (in /usr/lib/x86_64-linux-gnu/libcrypto.so.3)
==268755==    by 0x53EB9B6: OPENSSL_init_ssl (in /usr/lib/x86_64-linux-gnu/libssl.so.3)
==268755==    by 0x488FB29: mysql_server_init (in /usr/lib/x86_64-linux-gnu/libmysqlclient.so.21.2.42)
==268755==    by 0x1ED98C: cpp_dbc::MySQL::MySQLDriver::MySQLDriver() (driver_mysql.cpp:797)
==268755==    by 0x163CB6: decltype (::new ((void*)(0)) cpp_dbc::MySQL::MySQLDriver()) std::construct_at<cpp_dbc::MySQL::MySQLDriver>(cpp_dbc::MySQL::MySQLDriver*) (stl_construct.h:97)
==268755==    by 0x163D03: void std::allocator_traits<std::allocator<cpp_dbc::MySQL::MySQLDriver> >::construct<cpp_dbc::MySQL::MySQLDriver>(std::allocator<cpp_dbc::MySQL::MySQLDriver>&, cpp_dbc::MySQL::MySQLDriver*) (alloc_traits.h:518)
==268755== 
==268755== 24 bytes in 1 blocks are still reachable in loss record 366 of 2,004
==268755==    at 0x4848899: malloc (in /usr/libexec/valgrind/vgpreload_memcheck-amd64-linux.so)
==268755==    by 0x562D068: OBJ_NAME_add (in /usr/lib/x86_64-linux-gnu/libcrypto.so.3)
==268755==    by 0x561D4D3: ??? (in /usr/lib/x86_64-linux-gnu/libcrypto.so.3)
==268755==    by 0x522BEE7: __pthread_once_slow (pthread_once.c:116)
==268755==    by 0x5621C9C: CRYPTO_THREAD_run_once (in /usr/lib/x86_64-linux-gnu/libcrypto.so.3)
==268755==    by 0x561E9F0: OPENSSL_init_crypto (in /usr/lib/x86_64-linux-gnu/libcrypto.so.3)
==268755==    by 0x53EB9B6: OPENSSL_init_ssl (in /usr/lib/x86_64-linux-gnu/libssl.so.3)
==268755==    by 0x488FB29: mysql_server_init (in /usr/lib/x86_64-linux-gnu/libmysqlclient.so.21.2.42)
==268755==    by 0x1ED98C: cpp_dbc::MySQL::MySQLDriver::MySQLDriver() (driver_mysql.cpp:797)
==268755==    by 0x163CB6: decltype (::new ((void*)(0)) cpp_dbc::MySQL::MySQLDriver()) std::construct_at<cpp_dbc::MySQL::MySQLDriver>(cpp_dbc::MySQL::MySQLDriver*) (stl_construct.h:97)
==268755==    by 0x163D03: void std::allocator_traits<std::allocator<cpp_dbc::MySQL::MySQLDriver> >::construct<cpp_dbc::MySQL::MySQLDriver>(std::allocator<cpp_dbc::MySQL::MySQLDriver>&, cpp_dbc::MySQL::MySQLDriver*) (alloc_traits.h:518)
==268755==    by 0x163861: std::_Sp_counted_ptr_inplace<cpp_dbc::MySQL::MySQLDriver, std::allocator<cpp_dbc::MySQL::MySQLDriver>, (__gnu_cxx::_Lock_policy)2>::_Sp_counted_ptr_inplace<>(std::allocator<cpp_dbc::MySQL::MySQLDriver>) (shared_ptr_base.h:519)
==268755== 
==268755== 24 bytes in 1 blocks are still reachable in loss record 367 of 2,004
==268755==    at 0x4848899: malloc (in /usr/libexec/valgrind/vgpreload_memcheck-amd64-linux.so)
==268755==    by 0x560C185: OPENSSL_LH_insert (in /usr/lib/x86_64-linux-gnu/libcrypto.so.3)
==268755==    by 0x562D0AA: OBJ_NAME_add (in /usr/lib/x86_64-linux-gnu/libcrypto.so.3)
==268755==    by 0x55FF684: EVP_add_cipher (in /usr/lib/x86_64-linux-gnu/libcrypto.so.3)
==268755==    by 0x561D4E7: ??? (in /usr/lib/x86_64-linux-gnu/libcrypto.so.3)
==268755==    by 0x522BEE7: __pthread_once_slow (pthread_once.c:116)
==268755==    by 0x5621C9C: CRYPTO_THREAD_run_once (in /usr/lib/x86_64-linux-gnu/libcrypto.so.3)
==268755==    by 0x561E9F0: OPENSSL_init_crypto (in /usr/lib/x86_64-linux-gnu/libcrypto.so.3)
==268755==    by 0x53EB9B6: OPENSSL_init_ssl (in /usr/lib/x86_64-linux-gnu/libssl.so.3)
==268755==    by 0x488FB29: mysql_server_init (in /usr/lib/x86_64-linux-gnu/libmysqlclient.so.21.2.42)
==268755==    by 0x1ED98C: cpp_dbc::MySQL::MySQLDriver::MySQLDriver() (driver_mysql.cpp:797)
==268755==    by 0x163CB6: decltype (::new ((void*)(0)) cpp_dbc::MySQL::MySQLDriver()) std::construct_at<cpp_dbc::MySQL::MySQLDriver>(cpp_dbc::MySQL::MySQLDriver*) (stl_construct.h:97)
==268755== 
==268755== 24 bytes in 1 blocks are still reachable in loss record 368 of 2,004
==268755==    at 0x4848899: malloc (in /usr/libexec/valgrind/vgpreload_memcheck-amd64-linux.so)
==268755==    by 0x562D068: OBJ_NAME_add (in /usr/lib/x86_64-linux-gnu/libcrypto.so.3)
==268755==    by 0x561D4E7: ??? (in /usr/lib/x86_64-linux-gnu/libcrypto.so.3)
==268755==    by 0x522BEE7: __pthread_once_slow (pthread_once.c:116)
==268755==    by 0x5621C9C: CRYPTO_THREAD_run_once (in /usr/lib/x86_64-linux-gnu/libcrypto.so.3)
==268755==    by 0x561E9F0: OPENSSL_init_crypto (in /usr/lib/x86_64-linux-gnu/libcrypto.so.3)
==268755==    by 0x53EB9B6: OPENSSL_init_ssl (in /usr/lib/x86_64-linux-gnu/libssl.so.3)
==268755==    by 0x488FB29: mysql_server_init (in /usr/lib/x86_64-linux-gnu/libmysqlclient.so.21.2.42)
==268755==    by 0x1ED98C: cpp_dbc::MySQL::MySQLDriver::MySQLDriver() (driver_mysql.cpp:797)
==268755==    by 0x163CB6: decltype (::new ((void*)(0)) cpp_dbc::MySQL::MySQLDriver()) std::construct_at<cpp_dbc::MySQL::MySQLDriver>(cpp_dbc::MySQL::MySQLDriver*) (stl_construct.h:97)
==268755==    by 0x163D03: void std::allocator_traits<std::allocator<cpp_dbc::MySQL::MySQLDriver> >::construct<cpp_dbc::MySQL::MySQLDriver>(std::allocator<cpp_dbc::MySQL::MySQLDriver>&, cpp_dbc::MySQL::MySQLDriver*) (alloc_traits.h:518)
==268755==    by 0x163861: std::_Sp_counted_ptr_inplace<cpp_dbc::MySQL::MySQLDriver, std::allocator<cpp_dbc::MySQL::MySQLDriver>, (__gnu_cxx::_Lock_policy)2>::_Sp_counted_ptr_inplace<>(std::allocator<cpp_dbc::MySQL::MySQLDriver>) (shared_ptr_base.h:519)
==268755== 
==268755== 24 bytes in 1 blocks are still reachable in loss record 369 of 2,004
==268755==    at 0x4848899: malloc (in /usr/libexec/valgrind/vgpreload_memcheck-amd64-linux.so)
==268755==    by 0x560C185: OPENSSL_LH_insert (in /usr/lib/x86_64-linux-gnu/libcrypto.so.3)
==268755==    by 0x562D0AA: OBJ_NAME_add (in /usr/lib/x86_64-linux-gnu/libcrypto.so.3)
==268755==    by 0x561D4FB: ??? (in /usr/lib/x86_64-linux-gnu/libcrypto.so.3)
==268755==    by 0x522BEE7: __pthread_once_slow (pthread_once.c:116)
==268755==    by 0x5621C9C: CRYPTO_THREAD_run_once (in /usr/lib/x86_64-linux-gnu/libcrypto.so.3)
==268755==    by 0x561E9F0: OPENSSL_init_crypto (in /usr/lib/x86_64-linux-gnu/libcrypto.so.3)
==268755==    by 0x53EB9B6: OPENSSL_init_ssl (in /usr/lib/x86_64-linux-gnu/libssl.so.3)
==268755==    by 0x488FB29: mysql_server_init (in /usr/lib/x86_64-linux-gnu/libmysqlclient.so.21.2.42)
==268755==    by 0x1ED98C: cpp_dbc::MySQL::MySQLDriver::MySQLDriver() (driver_mysql.cpp:797)
==268755==    by 0x163CB6: decltype (::new ((void*)(0)) cpp_dbc::MySQL::MySQLDriver()) std::construct_at<cpp_dbc::MySQL::MySQLDriver>(cpp_dbc::MySQL::MySQLDriver*) (stl_construct.h:97)
==268755==    by 0x163D03: void std::allocator_traits<std::allocator<cpp_dbc::MySQL::MySQLDriver> >::construct<cpp_dbc::MySQL::MySQLDriver>(std::allocator<cpp_dbc::MySQL::MySQLDriver>&, cpp_dbc::MySQL::MySQLDriver*) (alloc_traits.h:518)
==268755== 
==268755== 24 bytes in 1 blocks are still reachable in loss record 370 of 2,004
==268755==    at 0x4848899: malloc (in /usr/libexec/valgrind/vgpreload_memcheck-amd64-linux.so)
==268755==    by 0x562D068: OBJ_NAME_add (in /usr/lib/x86_64-linux-gnu/libcrypto.so.3)
==268755==    by 0x561D50F: ??? (in /usr/lib/x86_64-linux-gnu/libcrypto.so.3)
==268755==    by 0x522BEE7: __pthread_once_slow (pthread_once.c:116)
==268755==    by 0x5621C9C: CRYPTO_THREAD_run_once (in /usr/lib/x86_64-linux-gnu/libcrypto.so.3)
==268755==    by 0x561E9F0: OPENSSL_init_crypto (in /usr/lib/x86_64-linux-gnu/libcrypto.so.3)
==268755==    by 0x53EB9B6: OPENSSL_init_ssl (in /usr/lib/x86_64-linux-gnu/libssl.so.3)
==268755==    by 0x488FB29: mysql_server_init (in /usr/lib/x86_64-linux-gnu/libmysqlclient.so.21.2.42)
==268755==    by 0x1ED98C: cpp_dbc::MySQL::MySQLDriver::MySQLDriver() (driver_mysql.cpp:797)
==268755==    by 0x163CB6: decltype (::new ((void*)(0)) cpp_dbc::MySQL::MySQLDriver()) std::construct_at<cpp_dbc::MySQL::MySQLDriver>(cpp_dbc::MySQL::MySQLDriver*) (stl_construct.h:97)
==268755==    by 0x163D03: void std::allocator_traits<std::allocator<cpp_dbc::MySQL::MySQLDriver> >::construct<cpp_dbc::MySQL::MySQLDriver>(std::allocator<cpp_dbc::MySQL::MySQLDriver>&, cpp_dbc::MySQL::MySQLDriver*) (alloc_traits.h:518)
==268755==    by 0x163861: std::_Sp_counted_ptr_inplace<cpp_dbc::MySQL::MySQLDriver, std::allocator<cpp_dbc::MySQL::MySQLDriver>, (__gnu_cxx::_Lock_policy)2>::_Sp_counted_ptr_inplace<>(std::allocator<cpp_dbc::MySQL::MySQLDriver>) (shared_ptr_base.h:519)
==268755== 
==268755== 24 bytes in 1 blocks are still reachable in loss record 371 of 2,004
==268755==    at 0x4848899: malloc (in /usr/libexec/valgrind/vgpreload_memcheck-amd64-linux.so)
==268755==    by 0x560C185: OPENSSL_LH_insert (in /usr/lib/x86_64-linux-gnu/libcrypto.so.3)
==268755==    by 0x562D0AA: OBJ_NAME_add (in /usr/lib/x86_64-linux-gnu/libcrypto.so.3)
==268755==    by 0x55FF684: EVP_add_cipher (in /usr/lib/x86_64-linux-gnu/libcrypto.so.3)
==268755==    by 0x561D523: ??? (in /usr/lib/x86_64-linux-gnu/libcrypto.so.3)
==268755==    by 0x522BEE7: __pthread_once_slow (pthread_once.c:116)
==268755==    by 0x5621C9C: CRYPTO_THREAD_run_once (in /usr/lib/x86_64-linux-gnu/libcrypto.so.3)
==268755==    by 0x561E9F0: OPENSSL_init_crypto (in /usr/lib/x86_64-linux-gnu/libcrypto.so.3)
==268755==    by 0x53EB9B6: OPENSSL_init_ssl (in /usr/lib/x86_64-linux-gnu/libssl.so.3)
==268755==    by 0x488FB29: mysql_server_init (in /usr/lib/x86_64-linux-gnu/libmysqlclient.so.21.2.42)
==268755==    by 0x1ED98C: cpp_dbc::MySQL::MySQLDriver::MySQLDriver() (driver_mysql.cpp:797)
==268755==    by 0x163CB6: decltype (::new ((void*)(0)) cpp_dbc::MySQL::MySQLDriver()) std::construct_at<cpp_dbc::MySQL::MySQLDriver>(cpp_dbc::MySQL::MySQLDriver*) (stl_construct.h:97)
==268755== 
==268755== 24 bytes in 1 blocks are still reachable in loss record 372 of 2,004
==268755==    at 0x4848899: malloc (in /usr/libexec/valgrind/vgpreload_memcheck-amd64-linux.so)
==268755==    by 0x562D068: OBJ_NAME_add (in /usr/lib/x86_64-linux-gnu/libcrypto.so.3)
==268755==    by 0x561D523: ??? (in /usr/lib/x86_64-linux-gnu/libcrypto.so.3)
==268755==    by 0x522BEE7: __pthread_once_slow (pthread_once.c:116)
==268755==    by 0x5621C9C: CRYPTO_THREAD_run_once (in /usr/lib/x86_64-linux-gnu/libcrypto.so.3)
==268755==    by 0x561E9F0: OPENSSL_init_crypto (in /usr/lib/x86_64-linux-gnu/libcrypto.so.3)
==268755==    by 0x53EB9B6: OPENSSL_init_ssl (in /usr/lib/x86_64-linux-gnu/libssl.so.3)
==268755==    by 0x488FB29: mysql_server_init (in /usr/lib/x86_64-linux-gnu/libmysqlclient.so.21.2.42)
==268755==    by 0x1ED98C: cpp_dbc::MySQL::MySQLDriver::MySQLDriver() (driver_mysql.cpp:797)
==268755==    by 0x163CB6: decltype (::new ((void*)(0)) cpp_dbc::MySQL::MySQLDriver()) std::construct_at<cpp_dbc::MySQL::MySQLDriver>(cpp_dbc::MySQL::MySQLDriver*) (stl_construct.h:97)
==268755==    by 0x163D03: void std::allocator_traits<std::allocator<cpp_dbc::MySQL::MySQLDriver> >::construct<cpp_dbc::MySQL::MySQLDriver>(std::allocator<cpp_dbc::MySQL::MySQLDriver>&, cpp_dbc::MySQL::MySQLDriver*) (alloc_traits.h:518)
==268755==    by 0x163861: std::_Sp_counted_ptr_inplace<cpp_dbc::MySQL::MySQLDriver, std::allocator<cpp_dbc::MySQL::MySQLDriver>, (__gnu_cxx::_Lock_policy)2>::_Sp_counted_ptr_inplace<>(std::allocator<cpp_dbc::MySQL::MySQLDriver>) (shared_ptr_base.h:519)
==268755== 
==268755== 24 bytes in 1 blocks are still reachable in loss record 373 of 2,004
==268755==    at 0x4848899: malloc (in /usr/libexec/valgrind/vgpreload_memcheck-amd64-linux.so)
==268755==    by 0x560C185: OPENSSL_LH_insert (in /usr/lib/x86_64-linux-gnu/libcrypto.so.3)
==268755==    by 0x562D0AA: OBJ_NAME_add (in /usr/lib/x86_64-linux-gnu/libcrypto.so.3)
==268755==    by 0x55FF684: EVP_add_cipher (in /usr/lib/x86_64-linux-gnu/libcrypto.so.3)
==268755==    by 0x561D530: ??? (in /usr/lib/x86_64-linux-gnu/libcrypto.so.3)
==268755==    by 0x522BEE7: __pthread_once_slow (pthread_once.c:116)
==268755==    by 0x5621C9C: CRYPTO_THREAD_run_once (in /usr/lib/x86_64-linux-gnu/libcrypto.so.3)
==268755==    by 0x561E9F0: OPENSSL_init_crypto (in /usr/lib/x86_64-linux-gnu/libcrypto.so.3)
==268755==    by 0x53EB9B6: OPENSSL_init_ssl (in /usr/lib/x86_64-linux-gnu/libssl.so.3)
==268755==    by 0x488FB29: mysql_server_init (in /usr/lib/x86_64-linux-gnu/libmysqlclient.so.21.2.42)
==268755==    by 0x1ED98C: cpp_dbc::MySQL::MySQLDriver::MySQLDriver() (driver_mysql.cpp:797)
==268755==    by 0x163CB6: decltype (::new ((void*)(0)) cpp_dbc::MySQL::MySQLDriver()) std::construct_at<cpp_dbc::MySQL::MySQLDriver>(cpp_dbc::MySQL::MySQLDriver*) (stl_construct.h:97)
==268755== 
==268755== 24 bytes in 1 blocks are still reachable in loss record 374 of 2,004
==268755==    at 0x4848899: malloc (in /usr/libexec/valgrind/vgpreload_memcheck-amd64-linux.so)
==268755==    by 0x562D068: OBJ_NAME_add (in /usr/lib/x86_64-linux-gnu/libcrypto.so.3)
==268755==    by 0x561D530: ??? (in /usr/lib/x86_64-linux-gnu/libcrypto.so.3)
==268755==    by 0x522BEE7: __pthread_once_slow (pthread_once.c:116)
==268755==    by 0x5621C9C: CRYPTO_THREAD_run_once (in /usr/lib/x86_64-linux-gnu/libcrypto.so.3)
==268755==    by 0x561E9F0: OPENSSL_init_crypto (in /usr/lib/x86_64-linux-gnu/libcrypto.so.3)
==268755==    by 0x53EB9B6: OPENSSL_init_ssl (in /usr/lib/x86_64-linux-gnu/libssl.so.3)
==268755==    by 0x488FB29: mysql_server_init (in /usr/lib/x86_64-linux-gnu/libmysqlclient.so.21.2.42)
==268755==    by 0x1ED98C: cpp_dbc::MySQL::MySQLDriver::MySQLDriver() (driver_mysql.cpp:797)
==268755==    by 0x163CB6: decltype (::new ((void*)(0)) cpp_dbc::MySQL::MySQLDriver()) std::construct_at<cpp_dbc::MySQL::MySQLDriver>(cpp_dbc::MySQL::MySQLDriver*) (stl_construct.h:97)
==268755==    by 0x163D03: void std::allocator_traits<std::allocator<cpp_dbc::MySQL::MySQLDriver> >::construct<cpp_dbc::MySQL::MySQLDriver>(std::allocator<cpp_dbc::MySQL::MySQLDriver>&, cpp_dbc::MySQL::MySQLDriver*) (alloc_traits.h:518)
==268755==    by 0x163861: std::_Sp_counted_ptr_inplace<cpp_dbc::MySQL::MySQLDriver, std::allocator<cpp_dbc::MySQL::MySQLDriver>, (__gnu_cxx::_Lock_policy)2>::_Sp_counted_ptr_inplace<>(std::allocator<cpp_dbc::MySQL::MySQLDriver>) (shared_ptr_base.h:519)
==268755== 
==268755== 24 bytes in 1 blocks are still reachable in loss record 375 of 2,004
==268755==    at 0x4848899: malloc (in /usr/libexec/valgrind/vgpreload_memcheck-amd64-linux.so)
==268755==    by 0x560C185: OPENSSL_LH_insert (in /usr/lib/x86_64-linux-gnu/libcrypto.so.3)
==268755==    by 0x562D0AA: OBJ_NAME_add (in /usr/lib/x86_64-linux-gnu/libcrypto.so.3)
==268755==    by 0x561D544: ??? (in /usr/lib/x86_64-linux-gnu/libcrypto.so.3)
==268755==    by 0x522BEE7: __pthread_once_slow (pthread_once.c:116)
==268755==    by 0x5621C9C: CRYPTO_THREAD_run_once (in /usr/lib/x86_64-linux-gnu/libcrypto.so.3)
==268755==    by 0x561E9F0: OPENSSL_init_crypto (in /usr/lib/x86_64-linux-gnu/libcrypto.so.3)
==268755==    by 0x53EB9B6: OPENSSL_init_ssl (in /usr/lib/x86_64-linux-gnu/libssl.so.3)
==268755==    by 0x488FB29: mysql_server_init (in /usr/lib/x86_64-linux-gnu/libmysqlclient.so.21.2.42)
==268755==    by 0x1ED98C: cpp_dbc::MySQL::MySQLDriver::MySQLDriver() (driver_mysql.cpp:797)
==268755==    by 0x163CB6: decltype (::new ((void*)(0)) cpp_dbc::MySQL::MySQLDriver()) std::construct_at<cpp_dbc::MySQL::MySQLDriver>(cpp_dbc::MySQL::MySQLDriver*) (stl_construct.h:97)
==268755==    by 0x163D03: void std::allocator_traits<std::allocator<cpp_dbc::MySQL::MySQLDriver> >::construct<cpp_dbc::MySQL::MySQLDriver>(std::allocator<cpp_dbc::MySQL::MySQLDriver>&, cpp_dbc::MySQL::MySQLDriver*) (alloc_traits.h:518)
==268755== 
==268755== 24 bytes in 1 blocks are still reachable in loss record 376 of 2,004
==268755==    at 0x4848899: malloc (in /usr/libexec/valgrind/vgpreload_memcheck-amd64-linux.so)
==268755==    by 0x562D068: OBJ_NAME_add (in /usr/lib/x86_64-linux-gnu/libcrypto.so.3)
==268755==    by 0x561D558: ??? (in /usr/lib/x86_64-linux-gnu/libcrypto.so.3)
==268755==    by 0x522BEE7: __pthread_once_slow (pthread_once.c:116)
==268755==    by 0x5621C9C: CRYPTO_THREAD_run_once (in /usr/lib/x86_64-linux-gnu/libcrypto.so.3)
==268755==    by 0x561E9F0: OPENSSL_init_crypto (in /usr/lib/x86_64-linux-gnu/libcrypto.so.3)
==268755==    by 0x53EB9B6: OPENSSL_init_ssl (in /usr/lib/x86_64-linux-gnu/libssl.so.3)
==268755==    by 0x488FB29: mysql_server_init (in /usr/lib/x86_64-linux-gnu/libmysqlclient.so.21.2.42)
==268755==    by 0x1ED98C: cpp_dbc::MySQL::MySQLDriver::MySQLDriver() (driver_mysql.cpp:797)
==268755==    by 0x163CB6: decltype (::new ((void*)(0)) cpp_dbc::MySQL::MySQLDriver()) std::construct_at<cpp_dbc::MySQL::MySQLDriver>(cpp_dbc::MySQL::MySQLDriver*) (stl_construct.h:97)
==268755==    by 0x163D03: void std::allocator_traits<std::allocator<cpp_dbc::MySQL::MySQLDriver> >::construct<cpp_dbc::MySQL::MySQLDriver>(std::allocator<cpp_dbc::MySQL::MySQLDriver>&, cpp_dbc::MySQL::MySQLDriver*) (alloc_traits.h:518)
==268755==    by 0x163861: std::_Sp_counted_ptr_inplace<cpp_dbc::MySQL::MySQLDriver, std::allocator<cpp_dbc::MySQL::MySQLDriver>, (__gnu_cxx::_Lock_policy)2>::_Sp_counted_ptr_inplace<>(std::allocator<cpp_dbc::MySQL::MySQLDriver>) (shared_ptr_base.h:519)
==268755== 
==268755== 24 bytes in 1 blocks are still reachable in loss record 377 of 2,004
==268755==    at 0x4848899: malloc (in /usr/libexec/valgrind/vgpreload_memcheck-amd64-linux.so)
==268755==    by 0x560C185: OPENSSL_LH_insert (in /usr/lib/x86_64-linux-gnu/libcrypto.so.3)
==268755==    by 0x562D0AA: OBJ_NAME_add (in /usr/lib/x86_64-linux-gnu/libcrypto.so.3)
==268755==    by 0x55FF684: EVP_add_cipher (in /usr/lib/x86_64-linux-gnu/libcrypto.so.3)
==268755==    by 0x561D56C: ??? (in /usr/lib/x86_64-linux-gnu/libcrypto.so.3)
==268755==    by 0x522BEE7: __pthread_once_slow (pthread_once.c:116)
==268755==    by 0x5621C9C: CRYPTO_THREAD_run_once (in /usr/lib/x86_64-linux-gnu/libcrypto.so.3)
==268755==    by 0x561E9F0: OPENSSL_init_crypto (in /usr/lib/x86_64-linux-gnu/libcrypto.so.3)
==268755==    by 0x53EB9B6: OPENSSL_init_ssl (in /usr/lib/x86_64-linux-gnu/libssl.so.3)
==268755==    by 0x488FB29: mysql_server_init (in /usr/lib/x86_64-linux-gnu/libmysqlclient.so.21.2.42)
==268755==    by 0x1ED98C: cpp_dbc::MySQL::MySQLDriver::MySQLDriver() (driver_mysql.cpp:797)
==268755==    by 0x163CB6: decltype (::new ((void*)(0)) cpp_dbc::MySQL::MySQLDriver()) std::construct_at<cpp_dbc::MySQL::MySQLDriver>(cpp_dbc::MySQL::MySQLDriver*) (stl_construct.h:97)
==268755== 
==268755== 24 bytes in 1 blocks are still reachable in loss record 378 of 2,004
==268755==    at 0x4848899: malloc (in /usr/libexec/valgrind/vgpreload_memcheck-amd64-linux.so)
==268755==    by 0x562D068: OBJ_NAME_add (in /usr/lib/x86_64-linux-gnu/libcrypto.so.3)
==268755==    by 0x561D56C: ??? (in /usr/lib/x86_64-linux-gnu/libcrypto.so.3)
==268755==    by 0x522BEE7: __pthread_once_slow (pthread_once.c:116)
==268755==    by 0x5621C9C: CRYPTO_THREAD_run_once (in /usr/lib/x86_64-linux-gnu/libcrypto.so.3)
==268755==    by 0x561E9F0: OPENSSL_init_crypto (in /usr/lib/x86_64-linux-gnu/libcrypto.so.3)
==268755==    by 0x53EB9B6: OPENSSL_init_ssl (in /usr/lib/x86_64-linux-gnu/libssl.so.3)
==268755==    by 0x488FB29: mysql_server_init (in /usr/lib/x86_64-linux-gnu/libmysqlclient.so.21.2.42)
==268755==    by 0x1ED98C: cpp_dbc::MySQL::MySQLDriver::MySQLDriver() (driver_mysql.cpp:797)
==268755==    by 0x163CB6: decltype (::new ((void*)(0)) cpp_dbc::MySQL::MySQLDriver()) std::construct_at<cpp_dbc::MySQL::MySQLDriver>(cpp_dbc::MySQL::MySQLDriver*) (stl_construct.h:97)
==268755==    by 0x163D03: void std::allocator_traits<std::allocator<cpp_dbc::MySQL::MySQLDriver> >::construct<cpp_dbc::MySQL::MySQLDriver>(std::allocator<cpp_dbc::MySQL::MySQLDriver>&, cpp_dbc::MySQL::MySQLDriver*) (alloc_traits.h:518)
==268755==    by 0x163861: std::_Sp_counted_ptr_inplace<cpp_dbc::MySQL::MySQLDriver, std::allocator<cpp_dbc::MySQL::MySQLDriver>, (__gnu_cxx::_Lock_policy)2>::_Sp_counted_ptr_inplace<>(std::allocator<cpp_dbc::MySQL::MySQLDriver>) (shared_ptr_base.h:519)
==268755== 
==268755== 24 bytes in 1 blocks are still reachable in loss record 379 of 2,004
==268755==    at 0x4848899: malloc (in /usr/libexec/valgrind/vgpreload_memcheck-amd64-linux.so)
==268755==    by 0x560C185: OPENSSL_LH_insert (in /usr/lib/x86_64-linux-gnu/libcrypto.so.3)
==268755==    by 0x562D0AA: OBJ_NAME_add (in /usr/lib/x86_64-linux-gnu/libcrypto.so.3)
==268755==    by 0x55FF684: EVP_add_cipher (in /usr/lib/x86_64-linux-gnu/libcrypto.so.3)
==268755==    by 0x561D579: ??? (in /usr/lib/x86_64-linux-gnu/libcrypto.so.3)
==268755==    by 0x522BEE7: __pthread_once_slow (pthread_once.c:116)
==268755==    by 0x5621C9C: CRYPTO_THREAD_run_once (in /usr/lib/x86_64-linux-gnu/libcrypto.so.3)
==268755==    by 0x561E9F0: OPENSSL_init_crypto (in /usr/lib/x86_64-linux-gnu/libcrypto.so.3)
==268755==    by 0x53EB9B6: OPENSSL_init_ssl (in /usr/lib/x86_64-linux-gnu/libssl.so.3)
==268755==    by 0x488FB29: mysql_server_init (in /usr/lib/x86_64-linux-gnu/libmysqlclient.so.21.2.42)
==268755==    by 0x1ED98C: cpp_dbc::MySQL::MySQLDriver::MySQLDriver() (driver_mysql.cpp:797)
==268755==    by 0x163CB6: decltype (::new ((void*)(0)) cpp_dbc::MySQL::MySQLDriver()) std::construct_at<cpp_dbc::MySQL::MySQLDriver>(cpp_dbc::MySQL::MySQLDriver*) (stl_construct.h:97)
==268755== 
==268755== 24 bytes in 1 blocks are still reachable in loss record 380 of 2,004
==268755==    at 0x4848899: malloc (in /usr/libexec/valgrind/vgpreload_memcheck-amd64-linux.so)
==268755==    by 0x562D068: OBJ_NAME_add (in /usr/lib/x86_64-linux-gnu/libcrypto.so.3)
==268755==    by 0x561D579: ??? (in /usr/lib/x86_64-linux-gnu/libcrypto.so.3)
==268755==    by 0x522BEE7: __pthread_once_slow (pthread_once.c:116)
==268755==    by 0x5621C9C: CRYPTO_THREAD_run_once (in /usr/lib/x86_64-linux-gnu/libcrypto.so.3)
==268755==    by 0x561E9F0: OPENSSL_init_crypto (in /usr/lib/x86_64-linux-gnu/libcrypto.so.3)
==268755==    by 0x53EB9B6: OPENSSL_init_ssl (in /usr/lib/x86_64-linux-gnu/libssl.so.3)
==268755==    by 0x488FB29: mysql_server_init (in /usr/lib/x86_64-linux-gnu/libmysqlclient.so.21.2.42)
==268755==    by 0x1ED98C: cpp_dbc::MySQL::MySQLDriver::MySQLDriver() (driver_mysql.cpp:797)
==268755==    by 0x163CB6: decltype (::new ((void*)(0)) cpp_dbc::MySQL::MySQLDriver()) std::construct_at<cpp_dbc::MySQL::MySQLDriver>(cpp_dbc::MySQL::MySQLDriver*) (stl_construct.h:97)
==268755==    by 0x163D03: void std::allocator_traits<std::allocator<cpp_dbc::MySQL::MySQLDriver> >::construct<cpp_dbc::MySQL::MySQLDriver>(std::allocator<cpp_dbc::MySQL::MySQLDriver>&, cpp_dbc::MySQL::MySQLDriver*) (alloc_traits.h:518)
==268755==    by 0x163861: std::_Sp_counted_ptr_inplace<cpp_dbc::MySQL::MySQLDriver, std::allocator<cpp_dbc::MySQL::MySQLDriver>, (__gnu_cxx::_Lock_policy)2>::_Sp_counted_ptr_inplace<>(std::allocator<cpp_dbc::MySQL::MySQLDriver>) (shared_ptr_base.h:519)
==268755== 
==268755== 24 bytes in 1 blocks are still reachable in loss record 381 of 2,004
==268755==    at 0x4848899: malloc (in /usr/libexec/valgrind/vgpreload_memcheck-amd64-linux.so)
==268755==    by 0x560C185: OPENSSL_LH_insert (in /usr/lib/x86_64-linux-gnu/libcrypto.so.3)
==268755==    by 0x562D0AA: OBJ_NAME_add (in /usr/lib/x86_64-linux-gnu/libcrypto.so.3)
==268755==    by 0x561D58D: ??? (in /usr/lib/x86_64-linux-gnu/libcrypto.so.3)
==268755==    by 0x522BEE7: __pthread_once_slow (pthread_once.c:116)
==268755==    by 0x5621C9C: CRYPTO_THREAD_run_once (in /usr/lib/x86_64-linux-gnu/libcrypto.so.3)
==268755==    by 0x561E9F0: OPENSSL_init_crypto (in /usr/lib/x86_64-linux-gnu/libcrypto.so.3)
==268755==    by 0x53EB9B6: OPENSSL_init_ssl (in /usr/lib/x86_64-linux-gnu/libssl.so.3)
==268755==    by 0x488FB29: mysql_server_init (in /usr/lib/x86_64-linux-gnu/libmysqlclient.so.21.2.42)
==268755==    by 0x1ED98C: cpp_dbc::MySQL::MySQLDriver::MySQLDriver() (driver_mysql.cpp:797)
==268755==    by 0x163CB6: decltype (::new ((void*)(0)) cpp_dbc::MySQL::MySQLDriver()) std::construct_at<cpp_dbc::MySQL::MySQLDriver>(cpp_dbc::MySQL::MySQLDriver*) (stl_construct.h:97)
==268755==    by 0x163D03: void std::allocator_traits<std::allocator<cpp_dbc::MySQL::MySQLDriver> >::construct<cpp_dbc::MySQL::MySQLDriver>(std::allocator<cpp_dbc::MySQL::MySQLDriver>&, cpp_dbc::MySQL::MySQLDriver*) (alloc_traits.h:518)
==268755== 
==268755== 24 bytes in 1 blocks are still reachable in loss record 382 of 2,004
==268755==    at 0x4848899: malloc (in /usr/libexec/valgrind/vgpreload_memcheck-amd64-linux.so)
==268755==    by 0x562D068: OBJ_NAME_add (in /usr/lib/x86_64-linux-gnu/libcrypto.so.3)
==268755==    by 0x561D5A1: ??? (in /usr/lib/x86_64-linux-gnu/libcrypto.so.3)
==268755==    by 0x522BEE7: __pthread_once_slow (pthread_once.c:116)
==268755==    by 0x5621C9C: CRYPTO_THREAD_run_once (in /usr/lib/x86_64-linux-gnu/libcrypto.so.3)
==268755==    by 0x561E9F0: OPENSSL_init_crypto (in /usr/lib/x86_64-linux-gnu/libcrypto.so.3)
==268755==    by 0x53EB9B6: OPENSSL_init_ssl (in /usr/lib/x86_64-linux-gnu/libssl.so.3)
==268755==    by 0x488FB29: mysql_server_init (in /usr/lib/x86_64-linux-gnu/libmysqlclient.so.21.2.42)
==268755==    by 0x1ED98C: cpp_dbc::MySQL::MySQLDriver::MySQLDriver() (driver_mysql.cpp:797)
==268755==    by 0x163CB6: decltype (::new ((void*)(0)) cpp_dbc::MySQL::MySQLDriver()) std::construct_at<cpp_dbc::MySQL::MySQLDriver>(cpp_dbc::MySQL::MySQLDriver*) (stl_construct.h:97)
==268755==    by 0x163D03: void std::allocator_traits<std::allocator<cpp_dbc::MySQL::MySQLDriver> >::construct<cpp_dbc::MySQL::MySQLDriver>(std::allocator<cpp_dbc::MySQL::MySQLDriver>&, cpp_dbc::MySQL::MySQLDriver*) (alloc_traits.h:518)
==268755==    by 0x163861: std::_Sp_counted_ptr_inplace<cpp_dbc::MySQL::MySQLDriver, std::allocator<cpp_dbc::MySQL::MySQLDriver>, (__gnu_cxx::_Lock_policy)2>::_Sp_counted_ptr_inplace<>(std::allocator<cpp_dbc::MySQL::MySQLDriver>) (shared_ptr_base.h:519)
==268755== 
==268755== 24 bytes in 1 blocks are still reachable in loss record 383 of 2,004
==268755==    at 0x4848899: malloc (in /usr/libexec/valgrind/vgpreload_memcheck-amd64-linux.so)
==268755==    by 0x560C185: OPENSSL_LH_insert (in /usr/lib/x86_64-linux-gnu/libcrypto.so.3)
==268755==    by 0x562D0AA: OBJ_NAME_add (in /usr/lib/x86_64-linux-gnu/libcrypto.so.3)
==268755==    by 0x55FF684: EVP_add_cipher (in /usr/lib/x86_64-linux-gnu/libcrypto.so.3)
==268755==    by 0x561D5B5: ??? (in /usr/lib/x86_64-linux-gnu/libcrypto.so.3)
==268755==    by 0x522BEE7: __pthread_once_slow (pthread_once.c:116)
==268755==    by 0x5621C9C: CRYPTO_THREAD_run_once (in /usr/lib/x86_64-linux-gnu/libcrypto.so.3)
==268755==    by 0x561E9F0: OPENSSL_init_crypto (in /usr/lib/x86_64-linux-gnu/libcrypto.so.3)
==268755==    by 0x53EB9B6: OPENSSL_init_ssl (in /usr/lib/x86_64-linux-gnu/libssl.so.3)
==268755==    by 0x488FB29: mysql_server_init (in /usr/lib/x86_64-linux-gnu/libmysqlclient.so.21.2.42)
==268755==    by 0x1ED98C: cpp_dbc::MySQL::MySQLDriver::MySQLDriver() (driver_mysql.cpp:797)
==268755==    by 0x163CB6: decltype (::new ((void*)(0)) cpp_dbc::MySQL::MySQLDriver()) std::construct_at<cpp_dbc::MySQL::MySQLDriver>(cpp_dbc::MySQL::MySQLDriver*) (stl_construct.h:97)
==268755== 
==268755== 24 bytes in 1 blocks are still reachable in loss record 384 of 2,004
==268755==    at 0x4848899: malloc (in /usr/libexec/valgrind/vgpreload_memcheck-amd64-linux.so)
==268755==    by 0x562D068: OBJ_NAME_add (in /usr/lib/x86_64-linux-gnu/libcrypto.so.3)
==268755==    by 0x561D5B5: ??? (in /usr/lib/x86_64-linux-gnu/libcrypto.so.3)
==268755==    by 0x522BEE7: __pthread_once_slow (pthread_once.c:116)
==268755==    by 0x5621C9C: CRYPTO_THREAD_run_once (in /usr/lib/x86_64-linux-gnu/libcrypto.so.3)
==268755==    by 0x561E9F0: OPENSSL_init_crypto (in /usr/lib/x86_64-linux-gnu/libcrypto.so.3)
==268755==    by 0x53EB9B6: OPENSSL_init_ssl (in /usr/lib/x86_64-linux-gnu/libssl.so.3)
==268755==    by 0x488FB29: mysql_server_init (in /usr/lib/x86_64-linux-gnu/libmysqlclient.so.21.2.42)
==268755==    by 0x1ED98C: cpp_dbc::MySQL::MySQLDriver::MySQLDriver() (driver_mysql.cpp:797)
==268755==    by 0x163CB6: decltype (::new ((void*)(0)) cpp_dbc::MySQL::MySQLDriver()) std::construct_at<cpp_dbc::MySQL::MySQLDriver>(cpp_dbc::MySQL::MySQLDriver*) (stl_construct.h:97)
==268755==    by 0x163D03: void std::allocator_traits<std::allocator<cpp_dbc::MySQL::MySQLDriver> >::construct<cpp_dbc::MySQL::MySQLDriver>(std::allocator<cpp_dbc::MySQL::MySQLDriver>&, cpp_dbc::MySQL::MySQLDriver*) (alloc_traits.h:518)
==268755==    by 0x163861: std::_Sp_counted_ptr_inplace<cpp_dbc::MySQL::MySQLDriver, std::allocator<cpp_dbc::MySQL::MySQLDriver>, (__gnu_cxx::_Lock_policy)2>::_Sp_counted_ptr_inplace<>(std::allocator<cpp_dbc::MySQL::MySQLDriver>) (shared_ptr_base.h:519)
==268755== 
==268755== 24 bytes in 1 blocks are still reachable in loss record 385 of 2,004
==268755==    at 0x4848899: malloc (in /usr/libexec/valgrind/vgpreload_memcheck-amd64-linux.so)
==268755==    by 0x560C185: OPENSSL_LH_insert (in /usr/lib/x86_64-linux-gnu/libcrypto.so.3)
==268755==    by 0x562D0AA: OBJ_NAME_add (in /usr/lib/x86_64-linux-gnu/libcrypto.so.3)
==268755==    by 0x561D5C9: ??? (in /usr/lib/x86_64-linux-gnu/libcrypto.so.3)
==268755==    by 0x522BEE7: __pthread_once_slow (pthread_once.c:116)
==268755==    by 0x5621C9C: CRYPTO_THREAD_run_once (in /usr/lib/x86_64-linux-gnu/libcrypto.so.3)
==268755==    by 0x561E9F0: OPENSSL_init_crypto (in /usr/lib/x86_64-linux-gnu/libcrypto.so.3)
==268755==    by 0x53EB9B6: OPENSSL_init_ssl (in /usr/lib/x86_64-linux-gnu/libssl.so.3)
==268755==    by 0x488FB29: mysql_server_init (in /usr/lib/x86_64-linux-gnu/libmysqlclient.so.21.2.42)
==268755==    by 0x1ED98C: cpp_dbc::MySQL::MySQLDriver::MySQLDriver() (driver_mysql.cpp:797)
==268755==    by 0x163CB6: decltype (::new ((void*)(0)) cpp_dbc::MySQL::MySQLDriver()) std::construct_at<cpp_dbc::MySQL::MySQLDriver>(cpp_dbc::MySQL::MySQLDriver*) (stl_construct.h:97)
==268755==    by 0x163D03: void std::allocator_traits<std::allocator<cpp_dbc::MySQL::MySQLDriver> >::construct<cpp_dbc::MySQL::MySQLDriver>(std::allocator<cpp_dbc::MySQL::MySQLDriver>&, cpp_dbc::MySQL::MySQLDriver*) (alloc_traits.h:518)
==268755== 
==268755== 24 bytes in 1 blocks are still reachable in loss record 386 of 2,004
==268755==    at 0x4848899: malloc (in /usr/libexec/valgrind/vgpreload_memcheck-amd64-linux.so)
==268755==    by 0x562D068: OBJ_NAME_add (in /usr/lib/x86_64-linux-gnu/libcrypto.so.3)
==268755==    by 0x561D5DD: ??? (in /usr/lib/x86_64-linux-gnu/libcrypto.so.3)
==268755==    by 0x522BEE7: __pthread_once_slow (pthread_once.c:116)
==268755==    by 0x5621C9C: CRYPTO_THREAD_run_once (in /usr/lib/x86_64-linux-gnu/libcrypto.so.3)
==268755==    by 0x561E9F0: OPENSSL_init_crypto (in /usr/lib/x86_64-linux-gnu/libcrypto.so.3)
==268755==    by 0x53EB9B6: OPENSSL_init_ssl (in /usr/lib/x86_64-linux-gnu/libssl.so.3)
==268755==    by 0x488FB29: mysql_server_init (in /usr/lib/x86_64-linux-gnu/libmysqlclient.so.21.2.42)
==268755==    by 0x1ED98C: cpp_dbc::MySQL::MySQLDriver::MySQLDriver() (driver_mysql.cpp:797)
==268755==    by 0x163CB6: decltype (::new ((void*)(0)) cpp_dbc::MySQL::MySQLDriver()) std::construct_at<cpp_dbc::MySQL::MySQLDriver>(cpp_dbc::MySQL::MySQLDriver*) (stl_construct.h:97)
==268755==    by 0x163D03: void std::allocator_traits<std::allocator<cpp_dbc::MySQL::MySQLDriver> >::construct<cpp_dbc::MySQL::MySQLDriver>(std::allocator<cpp_dbc::MySQL::MySQLDriver>&, cpp_dbc::MySQL::MySQLDriver*) (alloc_traits.h:518)
==268755==    by 0x163861: std::_Sp_counted_ptr_inplace<cpp_dbc::MySQL::MySQLDriver, std::allocator<cpp_dbc::MySQL::MySQLDriver>, (__gnu_cxx::_Lock_policy)2>::_Sp_counted_ptr_inplace<>(std::allocator<cpp_dbc::MySQL::MySQLDriver>) (shared_ptr_base.h:519)
==268755== 
==268755== 24 bytes in 1 blocks are still reachable in loss record 387 of 2,004
==268755==    at 0x4848899: malloc (in /usr/libexec/valgrind/vgpreload_memcheck-amd64-linux.so)
==268755==    by 0x560C185: OPENSSL_LH_insert (in /usr/lib/x86_64-linux-gnu/libcrypto.so.3)
==268755==    by 0x562D0AA: OBJ_NAME_add (in /usr/lib/x86_64-linux-gnu/libcrypto.so.3)
==268755==    by 0x55FF684: EVP_add_cipher (in /usr/lib/x86_64-linux-gnu/libcrypto.so.3)
==268755==    by 0x561D5F1: ??? (in /usr/lib/x86_64-linux-gnu/libcrypto.so.3)
==268755==    by 0x522BEE7: __pthread_once_slow (pthread_once.c:116)
==268755==    by 0x5621C9C: CRYPTO_THREAD_run_once (in /usr/lib/x86_64-linux-gnu/libcrypto.so.3)
==268755==    by 0x561E9F0: OPENSSL_init_crypto (in /usr/lib/x86_64-linux-gnu/libcrypto.so.3)
==268755==    by 0x53EB9B6: OPENSSL_init_ssl (in /usr/lib/x86_64-linux-gnu/libssl.so.3)
==268755==    by 0x488FB29: mysql_server_init (in /usr/lib/x86_64-linux-gnu/libmysqlclient.so.21.2.42)
==268755==    by 0x1ED98C: cpp_dbc::MySQL::MySQLDriver::MySQLDriver() (driver_mysql.cpp:797)
==268755==    by 0x163CB6: decltype (::new ((void*)(0)) cpp_dbc::MySQL::MySQLDriver()) std::construct_at<cpp_dbc::MySQL::MySQLDriver>(cpp_dbc::MySQL::MySQLDriver*) (stl_construct.h:97)
==268755== 
==268755== 24 bytes in 1 blocks are still reachable in loss record 388 of 2,004
==268755==    at 0x4848899: malloc (in /usr/libexec/valgrind/vgpreload_memcheck-amd64-linux.so)
==268755==    by 0x562D068: OBJ_NAME_add (in /usr/lib/x86_64-linux-gnu/libcrypto.so.3)
==268755==    by 0x561D5F1: ??? (in /usr/lib/x86_64-linux-gnu/libcrypto.so.3)
==268755==    by 0x522BEE7: __pthread_once_slow (pthread_once.c:116)
==268755==    by 0x5621C9C: CRYPTO_THREAD_run_once (in /usr/lib/x86_64-linux-gnu/libcrypto.so.3)
==268755==    by 0x561E9F0: OPENSSL_init_crypto (in /usr/lib/x86_64-linux-gnu/libcrypto.so.3)
==268755==    by 0x53EB9B6: OPENSSL_init_ssl (in /usr/lib/x86_64-linux-gnu/libssl.so.3)
==268755==    by 0x488FB29: mysql_server_init (in /usr/lib/x86_64-linux-gnu/libmysqlclient.so.21.2.42)
==268755==    by 0x1ED98C: cpp_dbc::MySQL::MySQLDriver::MySQLDriver() (driver_mysql.cpp:797)
==268755==    by 0x163CB6: decltype (::new ((void*)(0)) cpp_dbc::MySQL::MySQLDriver()) std::construct_at<cpp_dbc::MySQL::MySQLDriver>(cpp_dbc::MySQL::MySQLDriver*) (stl_construct.h:97)
==268755==    by 0x163D03: void std::allocator_traits<std::allocator<cpp_dbc::MySQL::MySQLDriver> >::construct<cpp_dbc::MySQL::MySQLDriver>(std::allocator<cpp_dbc::MySQL::MySQLDriver>&, cpp_dbc::MySQL::MySQLDriver*) (alloc_traits.h:518)
==268755==    by 0x163861: std::_Sp_counted_ptr_inplace<cpp_dbc::MySQL::MySQLDriver, std::allocator<cpp_dbc::MySQL::MySQLDriver>, (__gnu_cxx::_Lock_policy)2>::_Sp_counted_ptr_inplace<>(std::allocator<cpp_dbc::MySQL::MySQLDriver>) (shared_ptr_base.h:519)
==268755== 
==268755== 24 bytes in 1 blocks are still reachable in loss record 389 of 2,004
==268755==    at 0x4848899: malloc (in /usr/libexec/valgrind/vgpreload_memcheck-amd64-linux.so)
==268755==    by 0x562D068: OBJ_NAME_add (in /usr/lib/x86_64-linux-gnu/libcrypto.so.3)
==268755==    by 0x561D609: ??? (in /usr/lib/x86_64-linux-gnu/libcrypto.so.3)
==268755==    by 0x522BEE7: __pthread_once_slow (pthread_once.c:116)
==268755==    by 0x5621C9C: CRYPTO_THREAD_run_once (in /usr/lib/x86_64-linux-gnu/libcrypto.so.3)
==268755==    by 0x561E9F0: OPENSSL_init_crypto (in /usr/lib/x86_64-linux-gnu/libcrypto.so.3)
==268755==    by 0x53EB9B6: OPENSSL_init_ssl (in /usr/lib/x86_64-linux-gnu/libssl.so.3)
==268755==    by 0x488FB29: mysql_server_init (in /usr/lib/x86_64-linux-gnu/libmysqlclient.so.21.2.42)
==268755==    by 0x1ED98C: cpp_dbc::MySQL::MySQLDriver::MySQLDriver() (driver_mysql.cpp:797)
==268755==    by 0x163CB6: decltype (::new ((void*)(0)) cpp_dbc::MySQL::MySQLDriver()) std::construct_at<cpp_dbc::MySQL::MySQLDriver>(cpp_dbc::MySQL::MySQLDriver*) (stl_construct.h:97)
==268755==    by 0x163D03: void std::allocator_traits<std::allocator<cpp_dbc::MySQL::MySQLDriver> >::construct<cpp_dbc::MySQL::MySQLDriver>(std::allocator<cpp_dbc::MySQL::MySQLDriver>&, cpp_dbc::MySQL::MySQLDriver*) (alloc_traits.h:518)
==268755==    by 0x163861: std::_Sp_counted_ptr_inplace<cpp_dbc::MySQL::MySQLDriver, std::allocator<cpp_dbc::MySQL::MySQLDriver>, (__gnu_cxx::_Lock_policy)2>::_Sp_counted_ptr_inplace<>(std::allocator<cpp_dbc::MySQL::MySQLDriver>) (shared_ptr_base.h:519)
==268755== 
==268755== 24 bytes in 1 blocks are still reachable in loss record 390 of 2,004
==268755==    at 0x4848899: malloc (in /usr/libexec/valgrind/vgpreload_memcheck-amd64-linux.so)
==268755==    by 0x560C185: OPENSSL_LH_insert (in /usr/lib/x86_64-linux-gnu/libcrypto.so.3)
==268755==    by 0x562D0AA: OBJ_NAME_add (in /usr/lib/x86_64-linux-gnu/libcrypto.so.3)
==268755==    by 0x561D609: ??? (in /usr/lib/x86_64-linux-gnu/libcrypto.so.3)
==268755==    by 0x522BEE7: __pthread_once_slow (pthread_once.c:116)
==268755==    by 0x5621C9C: CRYPTO_THREAD_run_once (in /usr/lib/x86_64-linux-gnu/libcrypto.so.3)
==268755==    by 0x561E9F0: OPENSSL_init_crypto (in /usr/lib/x86_64-linux-gnu/libcrypto.so.3)
==268755==    by 0x53EB9B6: OPENSSL_init_ssl (in /usr/lib/x86_64-linux-gnu/libssl.so.3)
==268755==    by 0x488FB29: mysql_server_init (in /usr/lib/x86_64-linux-gnu/libmysqlclient.so.21.2.42)
==268755==    by 0x1ED98C: cpp_dbc::MySQL::MySQLDriver::MySQLDriver() (driver_mysql.cpp:797)
==268755==    by 0x163CB6: decltype (::new ((void*)(0)) cpp_dbc::MySQL::MySQLDriver()) std::construct_at<cpp_dbc::MySQL::MySQLDriver>(cpp_dbc::MySQL::MySQLDriver*) (stl_construct.h:97)
==268755==    by 0x163D03: void std::allocator_traits<std::allocator<cpp_dbc::MySQL::MySQLDriver> >::construct<cpp_dbc::MySQL::MySQLDriver>(std::allocator<cpp_dbc::MySQL::MySQLDriver>&, cpp_dbc::MySQL::MySQLDriver*) (alloc_traits.h:518)
==268755== 
==268755== 24 bytes in 1 blocks are still reachable in loss record 391 of 2,004
==268755==    at 0x4848899: malloc (in /usr/libexec/valgrind/vgpreload_memcheck-amd64-linux.so)
==268755==    by 0x560C185: OPENSSL_LH_insert (in /usr/lib/x86_64-linux-gnu/libcrypto.so.3)
==268755==    by 0x562D0AA: OBJ_NAME_add (in /usr/lib/x86_64-linux-gnu/libcrypto.so.3)
==268755==    by 0x55FF684: EVP_add_cipher (in /usr/lib/x86_64-linux-gnu/libcrypto.so.3)
==268755==    by 0x561D616: ??? (in /usr/lib/x86_64-linux-gnu/libcrypto.so.3)
==268755==    by 0x522BEE7: __pthread_once_slow (pthread_once.c:116)
==268755==    by 0x5621C9C: CRYPTO_THREAD_run_once (in /usr/lib/x86_64-linux-gnu/libcrypto.so.3)
==268755==    by 0x561E9F0: OPENSSL_init_crypto (in /usr/lib/x86_64-linux-gnu/libcrypto.so.3)
==268755==    by 0x53EB9B6: OPENSSL_init_ssl (in /usr/lib/x86_64-linux-gnu/libssl.so.3)
==268755==    by 0x488FB29: mysql_server_init (in /usr/lib/x86_64-linux-gnu/libmysqlclient.so.21.2.42)
==268755==    by 0x1ED98C: cpp_dbc::MySQL::MySQLDriver::MySQLDriver() (driver_mysql.cpp:797)
==268755==    by 0x163CB6: decltype (::new ((void*)(0)) cpp_dbc::MySQL::MySQLDriver()) std::construct_at<cpp_dbc::MySQL::MySQLDriver>(cpp_dbc::MySQL::MySQLDriver*) (stl_construct.h:97)
==268755== 
==268755== 24 bytes in 1 blocks are still reachable in loss record 392 of 2,004
==268755==    at 0x4848899: malloc (in /usr/libexec/valgrind/vgpreload_memcheck-amd64-linux.so)
==268755==    by 0x562D068: OBJ_NAME_add (in /usr/lib/x86_64-linux-gnu/libcrypto.so.3)
==268755==    by 0x561D616: ??? (in /usr/lib/x86_64-linux-gnu/libcrypto.so.3)
==268755==    by 0x522BEE7: __pthread_once_slow (pthread_once.c:116)
==268755==    by 0x5621C9C: CRYPTO_THREAD_run_once (in /usr/lib/x86_64-linux-gnu/libcrypto.so.3)
==268755==    by 0x561E9F0: OPENSSL_init_crypto (in /usr/lib/x86_64-linux-gnu/libcrypto.so.3)
==268755==    by 0x53EB9B6: OPENSSL_init_ssl (in /usr/lib/x86_64-linux-gnu/libssl.so.3)
==268755==    by 0x488FB29: mysql_server_init (in /usr/lib/x86_64-linux-gnu/libmysqlclient.so.21.2.42)
==268755==    by 0x1ED98C: cpp_dbc::MySQL::MySQLDriver::MySQLDriver() (driver_mysql.cpp:797)
==268755==    by 0x163CB6: decltype (::new ((void*)(0)) cpp_dbc::MySQL::MySQLDriver()) std::construct_at<cpp_dbc::MySQL::MySQLDriver>(cpp_dbc::MySQL::MySQLDriver*) (stl_construct.h:97)
==268755==    by 0x163D03: void std::allocator_traits<std::allocator<cpp_dbc::MySQL::MySQLDriver> >::construct<cpp_dbc::MySQL::MySQLDriver>(std::allocator<cpp_dbc::MySQL::MySQLDriver>&, cpp_dbc::MySQL::MySQLDriver*) (alloc_traits.h:518)
==268755==    by 0x163861: std::_Sp_counted_ptr_inplace<cpp_dbc::MySQL::MySQLDriver, std::allocator<cpp_dbc::MySQL::MySQLDriver>, (__gnu_cxx::_Lock_policy)2>::_Sp_counted_ptr_inplace<>(std::allocator<cpp_dbc::MySQL::MySQLDriver>) (shared_ptr_base.h:519)
==268755== 
==268755== 24 bytes in 1 blocks are still reachable in loss record 393 of 2,004
==268755==    at 0x4848899: malloc (in /usr/libexec/valgrind/vgpreload_memcheck-amd64-linux.so)
==268755==    by 0x560C185: OPENSSL_LH_insert (in /usr/lib/x86_64-linux-gnu/libcrypto.so.3)
==268755==    by 0x562D0AA: OBJ_NAME_add (in /usr/lib/x86_64-linux-gnu/libcrypto.so.3)
==268755==    by 0x55FF684: EVP_add_cipher (in /usr/lib/x86_64-linux-gnu/libcrypto.so.3)
==268755==    by 0x561D623: ??? (in /usr/lib/x86_64-linux-gnu/libcrypto.so.3)
==268755==    by 0x522BEE7: __pthread_once_slow (pthread_once.c:116)
==268755==    by 0x5621C9C: CRYPTO_THREAD_run_once (in /usr/lib/x86_64-linux-gnu/libcrypto.so.3)
==268755==    by 0x561E9F0: OPENSSL_init_crypto (in /usr/lib/x86_64-linux-gnu/libcrypto.so.3)
==268755==    by 0x53EB9B6: OPENSSL_init_ssl (in /usr/lib/x86_64-linux-gnu/libssl.so.3)
==268755==    by 0x488FB29: mysql_server_init (in /usr/lib/x86_64-linux-gnu/libmysqlclient.so.21.2.42)
==268755==    by 0x1ED98C: cpp_dbc::MySQL::MySQLDriver::MySQLDriver() (driver_mysql.cpp:797)
==268755==    by 0x163CB6: decltype (::new ((void*)(0)) cpp_dbc::MySQL::MySQLDriver()) std::construct_at<cpp_dbc::MySQL::MySQLDriver>(cpp_dbc::MySQL::MySQLDriver*) (stl_construct.h:97)
==268755== 
==268755== 24 bytes in 1 blocks are still reachable in loss record 394 of 2,004
==268755==    at 0x4848899: malloc (in /usr/libexec/valgrind/vgpreload_memcheck-amd64-linux.so)
==268755==    by 0x562D068: OBJ_NAME_add (in /usr/lib/x86_64-linux-gnu/libcrypto.so.3)
==268755==    by 0x561D623: ??? (in /usr/lib/x86_64-linux-gnu/libcrypto.so.3)
==268755==    by 0x522BEE7: __pthread_once_slow (pthread_once.c:116)
==268755==    by 0x5621C9C: CRYPTO_THREAD_run_once (in /usr/lib/x86_64-linux-gnu/libcrypto.so.3)
==268755==    by 0x561E9F0: OPENSSL_init_crypto (in /usr/lib/x86_64-linux-gnu/libcrypto.so.3)
==268755==    by 0x53EB9B6: OPENSSL_init_ssl (in /usr/lib/x86_64-linux-gnu/libssl.so.3)
==268755==    by 0x488FB29: mysql_server_init (in /usr/lib/x86_64-linux-gnu/libmysqlclient.so.21.2.42)
==268755==    by 0x1ED98C: cpp_dbc::MySQL::MySQLDriver::MySQLDriver() (driver_mysql.cpp:797)
==268755==    by 0x163CB6: decltype (::new ((void*)(0)) cpp_dbc::MySQL::MySQLDriver()) std::construct_at<cpp_dbc::MySQL::MySQLDriver>(cpp_dbc::MySQL::MySQLDriver*) (stl_construct.h:97)
==268755==    by 0x163D03: void std::allocator_traits<std::allocator<cpp_dbc::MySQL::MySQLDriver> >::construct<cpp_dbc::MySQL::MySQLDriver>(std::allocator<cpp_dbc::MySQL::MySQLDriver>&, cpp_dbc::MySQL::MySQLDriver*) (alloc_traits.h:518)
==268755==    by 0x163861: std::_Sp_counted_ptr_inplace<cpp_dbc::MySQL::MySQLDriver, std::allocator<cpp_dbc::MySQL::MySQLDriver>, (__gnu_cxx::_Lock_policy)2>::_Sp_counted_ptr_inplace<>(std::allocator<cpp_dbc::MySQL::MySQLDriver>) (shared_ptr_base.h:519)
==268755== 
==268755== 24 bytes in 1 blocks are still reachable in loss record 395 of 2,004
==268755==    at 0x4848899: malloc (in /usr/libexec/valgrind/vgpreload_memcheck-amd64-linux.so)
==268755==    by 0x560C185: OPENSSL_LH_insert (in /usr/lib/x86_64-linux-gnu/libcrypto.so.3)
==268755==    by 0x562D0AA: OBJ_NAME_add (in /usr/lib/x86_64-linux-gnu/libcrypto.so.3)
==268755==    by 0x55FF684: EVP_add_cipher (in /usr/lib/x86_64-linux-gnu/libcrypto.so.3)
==268755==    by 0x561D630: ??? (in /usr/lib/x86_64-linux-gnu/libcrypto.so.3)
==268755==    by 0x522BEE7: __pthread_once_slow (pthread_once.c:116)
==268755==    by 0x5621C9C: CRYPTO_THREAD_run_once (in /usr/lib/x86_64-linux-gnu/libcrypto.so.3)
==268755==    by 0x561E9F0: OPENSSL_init_crypto (in /usr/lib/x86_64-linux-gnu/libcrypto.so.3)
==268755==    by 0x53EB9B6: OPENSSL_init_ssl (in /usr/lib/x86_64-linux-gnu/libssl.so.3)
==268755==    by 0x488FB29: mysql_server_init (in /usr/lib/x86_64-linux-gnu/libmysqlclient.so.21.2.42)
==268755==    by 0x1ED98C: cpp_dbc::MySQL::MySQLDriver::MySQLDriver() (driver_mysql.cpp:797)
==268755==    by 0x163CB6: decltype (::new ((void*)(0)) cpp_dbc::MySQL::MySQLDriver()) std::construct_at<cpp_dbc::MySQL::MySQLDriver>(cpp_dbc::MySQL::MySQLDriver*) (stl_construct.h:97)
==268755== 
==268755== 24 bytes in 1 blocks are still reachable in loss record 396 of 2,004
==268755==    at 0x4848899: malloc (in /usr/libexec/valgrind/vgpreload_memcheck-amd64-linux.so)
==268755==    by 0x562D068: OBJ_NAME_add (in /usr/lib/x86_64-linux-gnu/libcrypto.so.3)
==268755==    by 0x561D630: ??? (in /usr/lib/x86_64-linux-gnu/libcrypto.so.3)
==268755==    by 0x522BEE7: __pthread_once_slow (pthread_once.c:116)
==268755==    by 0x5621C9C: CRYPTO_THREAD_run_once (in /usr/lib/x86_64-linux-gnu/libcrypto.so.3)
==268755==    by 0x561E9F0: OPENSSL_init_crypto (in /usr/lib/x86_64-linux-gnu/libcrypto.so.3)
==268755==    by 0x53EB9B6: OPENSSL_init_ssl (in /usr/lib/x86_64-linux-gnu/libssl.so.3)
==268755==    by 0x488FB29: mysql_server_init (in /usr/lib/x86_64-linux-gnu/libmysqlclient.so.21.2.42)
==268755==    by 0x1ED98C: cpp_dbc::MySQL::MySQLDriver::MySQLDriver() (driver_mysql.cpp:797)
==268755==    by 0x163CB6: decltype (::new ((void*)(0)) cpp_dbc::MySQL::MySQLDriver()) std::construct_at<cpp_dbc::MySQL::MySQLDriver>(cpp_dbc::MySQL::MySQLDriver*) (stl_construct.h:97)
==268755==    by 0x163D03: void std::allocator_traits<std::allocator<cpp_dbc::MySQL::MySQLDriver> >::construct<cpp_dbc::MySQL::MySQLDriver>(std::allocator<cpp_dbc::MySQL::MySQLDriver>&, cpp_dbc::MySQL::MySQLDriver*) (alloc_traits.h:518)
==268755==    by 0x163861: std::_Sp_counted_ptr_inplace<cpp_dbc::MySQL::MySQLDriver, std::allocator<cpp_dbc::MySQL::MySQLDriver>, (__gnu_cxx::_Lock_policy)2>::_Sp_counted_ptr_inplace<>(std::allocator<cpp_dbc::MySQL::MySQLDriver>) (shared_ptr_base.h:519)
==268755== 
==268755== 24 bytes in 1 blocks are still reachable in loss record 397 of 2,004
==268755==    at 0x4848899: malloc (in /usr/libexec/valgrind/vgpreload_memcheck-amd64-linux.so)
==268755==    by 0x560C185: OPENSSL_LH_insert (in /usr/lib/x86_64-linux-gnu/libcrypto.so.3)
==268755==    by 0x562D0AA: OBJ_NAME_add (in /usr/lib/x86_64-linux-gnu/libcrypto.so.3)
==268755==    by 0x55FF684: EVP_add_cipher (in /usr/lib/x86_64-linux-gnu/libcrypto.so.3)
==268755==    by 0x561D63D: ??? (in /usr/lib/x86_64-linux-gnu/libcrypto.so.3)
==268755==    by 0x522BEE7: __pthread_once_slow (pthread_once.c:116)
==268755==    by 0x5621C9C: CRYPTO_THREAD_run_once (in /usr/lib/x86_64-linux-gnu/libcrypto.so.3)
==268755==    by 0x561E9F0: OPENSSL_init_crypto (in /usr/lib/x86_64-linux-gnu/libcrypto.so.3)
==268755==    by 0x53EB9B6: OPENSSL_init_ssl (in /usr/lib/x86_64-linux-gnu/libssl.so.3)
==268755==    by 0x488FB29: mysql_server_init (in /usr/lib/x86_64-linux-gnu/libmysqlclient.so.21.2.42)
==268755==    by 0x1ED98C: cpp_dbc::MySQL::MySQLDriver::MySQLDriver() (driver_mysql.cpp:797)
==268755==    by 0x163CB6: decltype (::new ((void*)(0)) cpp_dbc::MySQL::MySQLDriver()) std::construct_at<cpp_dbc::MySQL::MySQLDriver>(cpp_dbc::MySQL::MySQLDriver*) (stl_construct.h:97)
==268755== 
==268755== 24 bytes in 1 blocks are still reachable in loss record 398 of 2,004
==268755==    at 0x4848899: malloc (in /usr/libexec/valgrind/vgpreload_memcheck-amd64-linux.so)
==268755==    by 0x562D068: OBJ_NAME_add (in /usr/lib/x86_64-linux-gnu/libcrypto.so.3)
==268755==    by 0x561D63D: ??? (in /usr/lib/x86_64-linux-gnu/libcrypto.so.3)
==268755==    by 0x522BEE7: __pthread_once_slow (pthread_once.c:116)
==268755==    by 0x5621C9C: CRYPTO_THREAD_run_once (in /usr/lib/x86_64-linux-gnu/libcrypto.so.3)
==268755==    by 0x561E9F0: OPENSSL_init_crypto (in /usr/lib/x86_64-linux-gnu/libcrypto.so.3)
==268755==    by 0x53EB9B6: OPENSSL_init_ssl (in /usr/lib/x86_64-linux-gnu/libssl.so.3)
==268755==    by 0x488FB29: mysql_server_init (in /usr/lib/x86_64-linux-gnu/libmysqlclient.so.21.2.42)
==268755==    by 0x1ED98C: cpp_dbc::MySQL::MySQLDriver::MySQLDriver() (driver_mysql.cpp:797)
==268755==    by 0x163CB6: decltype (::new ((void*)(0)) cpp_dbc::MySQL::MySQLDriver()) std::construct_at<cpp_dbc::MySQL::MySQLDriver>(cpp_dbc::MySQL::MySQLDriver*) (stl_construct.h:97)
==268755==    by 0x163D03: void std::allocator_traits<std::allocator<cpp_dbc::MySQL::MySQLDriver> >::construct<cpp_dbc::MySQL::MySQLDriver>(std::allocator<cpp_dbc::MySQL::MySQLDriver>&, cpp_dbc::MySQL::MySQLDriver*) (alloc_traits.h:518)
==268755==    by 0x163861: std::_Sp_counted_ptr_inplace<cpp_dbc::MySQL::MySQLDriver, std::allocator<cpp_dbc::MySQL::MySQLDriver>, (__gnu_cxx::_Lock_policy)2>::_Sp_counted_ptr_inplace<>(std::allocator<cpp_dbc::MySQL::MySQLDriver>) (shared_ptr_base.h:519)
==268755== 
==268755== 24 bytes in 1 blocks are still reachable in loss record 399 of 2,004
==268755==    at 0x4848899: malloc (in /usr/libexec/valgrind/vgpreload_memcheck-amd64-linux.so)
==268755==    by 0x560C185: OPENSSL_LH_insert (in /usr/lib/x86_64-linux-gnu/libcrypto.so.3)
==268755==    by 0x562D0AA: OBJ_NAME_add (in /usr/lib/x86_64-linux-gnu/libcrypto.so.3)
==268755==    by 0x55FF684: EVP_add_cipher (in /usr/lib/x86_64-linux-gnu/libcrypto.so.3)
==268755==    by 0x561D64A: ??? (in /usr/lib/x86_64-linux-gnu/libcrypto.so.3)
==268755==    by 0x522BEE7: __pthread_once_slow (pthread_once.c:116)
==268755==    by 0x5621C9C: CRYPTO_THREAD_run_once (in /usr/lib/x86_64-linux-gnu/libcrypto.so.3)
==268755==    by 0x561E9F0: OPENSSL_init_crypto (in /usr/lib/x86_64-linux-gnu/libcrypto.so.3)
==268755==    by 0x53EB9B6: OPENSSL_init_ssl (in /usr/lib/x86_64-linux-gnu/libssl.so.3)
==268755==    by 0x488FB29: mysql_server_init (in /usr/lib/x86_64-linux-gnu/libmysqlclient.so.21.2.42)
==268755==    by 0x1ED98C: cpp_dbc::MySQL::MySQLDriver::MySQLDriver() (driver_mysql.cpp:797)
==268755==    by 0x163CB6: decltype (::new ((void*)(0)) cpp_dbc::MySQL::MySQLDriver()) std::construct_at<cpp_dbc::MySQL::MySQLDriver>(cpp_dbc::MySQL::MySQLDriver*) (stl_construct.h:97)
==268755== 
==268755== 24 bytes in 1 blocks are still reachable in loss record 400 of 2,004
==268755==    at 0x4848899: malloc (in /usr/libexec/valgrind/vgpreload_memcheck-amd64-linux.so)
==268755==    by 0x562D068: OBJ_NAME_add (in /usr/lib/x86_64-linux-gnu/libcrypto.so.3)
==268755==    by 0x561D64A: ??? (in /usr/lib/x86_64-linux-gnu/libcrypto.so.3)
==268755==    by 0x522BEE7: __pthread_once_slow (pthread_once.c:116)
==268755==    by 0x5621C9C: CRYPTO_THREAD_run_once (in /usr/lib/x86_64-linux-gnu/libcrypto.so.3)
==268755==    by 0x561E9F0: OPENSSL_init_crypto (in /usr/lib/x86_64-linux-gnu/libcrypto.so.3)
==268755==    by 0x53EB9B6: OPENSSL_init_ssl (in /usr/lib/x86_64-linux-gnu/libssl.so.3)
==268755==    by 0x488FB29: mysql_server_init (in /usr/lib/x86_64-linux-gnu/libmysqlclient.so.21.2.42)
==268755==    by 0x1ED98C: cpp_dbc::MySQL::MySQLDriver::MySQLDriver() (driver_mysql.cpp:797)
==268755==    by 0x163CB6: decltype (::new ((void*)(0)) cpp_dbc::MySQL::MySQLDriver()) std::construct_at<cpp_dbc::MySQL::MySQLDriver>(cpp_dbc::MySQL::MySQLDriver*) (stl_construct.h:97)
==268755==    by 0x163D03: void std::allocator_traits<std::allocator<cpp_dbc::MySQL::MySQLDriver> >::construct<cpp_dbc::MySQL::MySQLDriver>(std::allocator<cpp_dbc::MySQL::MySQLDriver>&, cpp_dbc::MySQL::MySQLDriver*) (alloc_traits.h:518)
==268755==    by 0x163861: std::_Sp_counted_ptr_inplace<cpp_dbc::MySQL::MySQLDriver, std::allocator<cpp_dbc::MySQL::MySQLDriver>, (__gnu_cxx::_Lock_policy)2>::_Sp_counted_ptr_inplace<>(std::allocator<cpp_dbc::MySQL::MySQLDriver>) (shared_ptr_base.h:519)
==268755== 
==268755== 24 bytes in 1 blocks are still reachable in loss record 401 of 2,004
==268755==    at 0x4848899: malloc (in /usr/libexec/valgrind/vgpreload_memcheck-amd64-linux.so)
==268755==    by 0x560C185: OPENSSL_LH_insert (in /usr/lib/x86_64-linux-gnu/libcrypto.so.3)
==268755==    by 0x562D0AA: OBJ_NAME_add (in /usr/lib/x86_64-linux-gnu/libcrypto.so.3)
==268755==    by 0x55FF684: EVP_add_cipher (in /usr/lib/x86_64-linux-gnu/libcrypto.so.3)
==268755==    by 0x561D657: ??? (in /usr/lib/x86_64-linux-gnu/libcrypto.so.3)
==268755==    by 0x522BEE7: __pthread_once_slow (pthread_once.c:116)
==268755==    by 0x5621C9C: CRYPTO_THREAD_run_once (in /usr/lib/x86_64-linux-gnu/libcrypto.so.3)
==268755==    by 0x561E9F0: OPENSSL_init_crypto (in /usr/lib/x86_64-linux-gnu/libcrypto.so.3)
==268755==    by 0x53EB9B6: OPENSSL_init_ssl (in /usr/lib/x86_64-linux-gnu/libssl.so.3)
==268755==    by 0x488FB29: mysql_server_init (in /usr/lib/x86_64-linux-gnu/libmysqlclient.so.21.2.42)
==268755==    by 0x1ED98C: cpp_dbc::MySQL::MySQLDriver::MySQLDriver() (driver_mysql.cpp:797)
==268755==    by 0x163CB6: decltype (::new ((void*)(0)) cpp_dbc::MySQL::MySQLDriver()) std::construct_at<cpp_dbc::MySQL::MySQLDriver>(cpp_dbc::MySQL::MySQLDriver*) (stl_construct.h:97)
==268755== 
==268755== 24 bytes in 1 blocks are still reachable in loss record 402 of 2,004
==268755==    at 0x4848899: malloc (in /usr/libexec/valgrind/vgpreload_memcheck-amd64-linux.so)
==268755==    by 0x562D068: OBJ_NAME_add (in /usr/lib/x86_64-linux-gnu/libcrypto.so.3)
==268755==    by 0x561D657: ??? (in /usr/lib/x86_64-linux-gnu/libcrypto.so.3)
==268755==    by 0x522BEE7: __pthread_once_slow (pthread_once.c:116)
==268755==    by 0x5621C9C: CRYPTO_THREAD_run_once (in /usr/lib/x86_64-linux-gnu/libcrypto.so.3)
==268755==    by 0x561E9F0: OPENSSL_init_crypto (in /usr/lib/x86_64-linux-gnu/libcrypto.so.3)
==268755==    by 0x53EB9B6: OPENSSL_init_ssl (in /usr/lib/x86_64-linux-gnu/libssl.so.3)
==268755==    by 0x488FB29: mysql_server_init (in /usr/lib/x86_64-linux-gnu/libmysqlclient.so.21.2.42)
==268755==    by 0x1ED98C: cpp_dbc::MySQL::MySQLDriver::MySQLDriver() (driver_mysql.cpp:797)
==268755==    by 0x163CB6: decltype (::new ((void*)(0)) cpp_dbc::MySQL::MySQLDriver()) std::construct_at<cpp_dbc::MySQL::MySQLDriver>(cpp_dbc::MySQL::MySQLDriver*) (stl_construct.h:97)
==268755==    by 0x163D03: void std::allocator_traits<std::allocator<cpp_dbc::MySQL::MySQLDriver> >::construct<cpp_dbc::MySQL::MySQLDriver>(std::allocator<cpp_dbc::MySQL::MySQLDriver>&, cpp_dbc::MySQL::MySQLDriver*) (alloc_traits.h:518)
==268755==    by 0x163861: std::_Sp_counted_ptr_inplace<cpp_dbc::MySQL::MySQLDriver, std::allocator<cpp_dbc::MySQL::MySQLDriver>, (__gnu_cxx::_Lock_policy)2>::_Sp_counted_ptr_inplace<>(std::allocator<cpp_dbc::MySQL::MySQLDriver>) (shared_ptr_base.h:519)
==268755== 
==268755== 24 bytes in 1 blocks are still reachable in loss record 403 of 2,004
==268755==    at 0x4848899: malloc (in /usr/libexec/valgrind/vgpreload_memcheck-amd64-linux.so)
==268755==    by 0x560C185: OPENSSL_LH_insert (in /usr/lib/x86_64-linux-gnu/libcrypto.so.3)
==268755==    by 0x562D0AA: OBJ_NAME_add (in /usr/lib/x86_64-linux-gnu/libcrypto.so.3)
==268755==    by 0x55FF684: EVP_add_cipher (in /usr/lib/x86_64-linux-gnu/libcrypto.so.3)
==268755==    by 0x561D664: ??? (in /usr/lib/x86_64-linux-gnu/libcrypto.so.3)
==268755==    by 0x522BEE7: __pthread_once_slow (pthread_once.c:116)
==268755==    by 0x5621C9C: CRYPTO_THREAD_run_once (in /usr/lib/x86_64-linux-gnu/libcrypto.so.3)
==268755==    by 0x561E9F0: OPENSSL_init_crypto (in /usr/lib/x86_64-linux-gnu/libcrypto.so.3)
==268755==    by 0x53EB9B6: OPENSSL_init_ssl (in /usr/lib/x86_64-linux-gnu/libssl.so.3)
==268755==    by 0x488FB29: mysql_server_init (in /usr/lib/x86_64-linux-gnu/libmysqlclient.so.21.2.42)
==268755==    by 0x1ED98C: cpp_dbc::MySQL::MySQLDriver::MySQLDriver() (driver_mysql.cpp:797)
==268755==    by 0x163CB6: decltype (::new ((void*)(0)) cpp_dbc::MySQL::MySQLDriver()) std::construct_at<cpp_dbc::MySQL::MySQLDriver>(cpp_dbc::MySQL::MySQLDriver*) (stl_construct.h:97)
==268755== 
==268755== 24 bytes in 1 blocks are still reachable in loss record 404 of 2,004
==268755==    at 0x4848899: malloc (in /usr/libexec/valgrind/vgpreload_memcheck-amd64-linux.so)
==268755==    by 0x562D068: OBJ_NAME_add (in /usr/lib/x86_64-linux-gnu/libcrypto.so.3)
==268755==    by 0x561D664: ??? (in /usr/lib/x86_64-linux-gnu/libcrypto.so.3)
==268755==    by 0x522BEE7: __pthread_once_slow (pthread_once.c:116)
==268755==    by 0x5621C9C: CRYPTO_THREAD_run_once (in /usr/lib/x86_64-linux-gnu/libcrypto.so.3)
==268755==    by 0x561E9F0: OPENSSL_init_crypto (in /usr/lib/x86_64-linux-gnu/libcrypto.so.3)
==268755==    by 0x53EB9B6: OPENSSL_init_ssl (in /usr/lib/x86_64-linux-gnu/libssl.so.3)
==268755==    by 0x488FB29: mysql_server_init (in /usr/lib/x86_64-linux-gnu/libmysqlclient.so.21.2.42)
==268755==    by 0x1ED98C: cpp_dbc::MySQL::MySQLDriver::MySQLDriver() (driver_mysql.cpp:797)
==268755==    by 0x163CB6: decltype (::new ((void*)(0)) cpp_dbc::MySQL::MySQLDriver()) std::construct_at<cpp_dbc::MySQL::MySQLDriver>(cpp_dbc::MySQL::MySQLDriver*) (stl_construct.h:97)
==268755==    by 0x163D03: void std::allocator_traits<std::allocator<cpp_dbc::MySQL::MySQLDriver> >::construct<cpp_dbc::MySQL::MySQLDriver>(std::allocator<cpp_dbc::MySQL::MySQLDriver>&, cpp_dbc::MySQL::MySQLDriver*) (alloc_traits.h:518)
==268755==    by 0x163861: std::_Sp_counted_ptr_inplace<cpp_dbc::MySQL::MySQLDriver, std::allocator<cpp_dbc::MySQL::MySQLDriver>, (__gnu_cxx::_Lock_policy)2>::_Sp_counted_ptr_inplace<>(std::allocator<cpp_dbc::MySQL::MySQLDriver>) (shared_ptr_base.h:519)
==268755== 
==268755== 24 bytes in 1 blocks are still reachable in loss record 405 of 2,004
==268755==    at 0x4848899: malloc (in /usr/libexec/valgrind/vgpreload_memcheck-amd64-linux.so)
==268755==    by 0x560C185: OPENSSL_LH_insert (in /usr/lib/x86_64-linux-gnu/libcrypto.so.3)
==268755==    by 0x562D0AA: OBJ_NAME_add (in /usr/lib/x86_64-linux-gnu/libcrypto.so.3)
==268755==    by 0x561D678: ??? (in /usr/lib/x86_64-linux-gnu/libcrypto.so.3)
==268755==    by 0x522BEE7: __pthread_once_slow (pthread_once.c:116)
==268755==    by 0x5621C9C: CRYPTO_THREAD_run_once (in /usr/lib/x86_64-linux-gnu/libcrypto.so.3)
==268755==    by 0x561E9F0: OPENSSL_init_crypto (in /usr/lib/x86_64-linux-gnu/libcrypto.so.3)
==268755==    by 0x53EB9B6: OPENSSL_init_ssl (in /usr/lib/x86_64-linux-gnu/libssl.so.3)
==268755==    by 0x488FB29: mysql_server_init (in /usr/lib/x86_64-linux-gnu/libmysqlclient.so.21.2.42)
==268755==    by 0x1ED98C: cpp_dbc::MySQL::MySQLDriver::MySQLDriver() (driver_mysql.cpp:797)
==268755==    by 0x163CB6: decltype (::new ((void*)(0)) cpp_dbc::MySQL::MySQLDriver()) std::construct_at<cpp_dbc::MySQL::MySQLDriver>(cpp_dbc::MySQL::MySQLDriver*) (stl_construct.h:97)
==268755==    by 0x163D03: void std::allocator_traits<std::allocator<cpp_dbc::MySQL::MySQLDriver> >::construct<cpp_dbc::MySQL::MySQLDriver>(std::allocator<cpp_dbc::MySQL::MySQLDriver>&, cpp_dbc::MySQL::MySQLDriver*) (alloc_traits.h:518)
==268755== 
==268755== 24 bytes in 1 blocks are still reachable in loss record 406 of 2,004
==268755==    at 0x4848899: malloc (in /usr/libexec/valgrind/vgpreload_memcheck-amd64-linux.so)
==268755==    by 0x562D068: OBJ_NAME_add (in /usr/lib/x86_64-linux-gnu/libcrypto.so.3)
==268755==    by 0x561D68C: ??? (in /usr/lib/x86_64-linux-gnu/libcrypto.so.3)
==268755==    by 0x522BEE7: __pthread_once_slow (pthread_once.c:116)
==268755==    by 0x5621C9C: CRYPTO_THREAD_run_once (in /usr/lib/x86_64-linux-gnu/libcrypto.so.3)
==268755==    by 0x561E9F0: OPENSSL_init_crypto (in /usr/lib/x86_64-linux-gnu/libcrypto.so.3)
==268755==    by 0x53EB9B6: OPENSSL_init_ssl (in /usr/lib/x86_64-linux-gnu/libssl.so.3)
==268755==    by 0x488FB29: mysql_server_init (in /usr/lib/x86_64-linux-gnu/libmysqlclient.so.21.2.42)
==268755==    by 0x1ED98C: cpp_dbc::MySQL::MySQLDriver::MySQLDriver() (driver_mysql.cpp:797)
==268755==    by 0x163CB6: decltype (::new ((void*)(0)) cpp_dbc::MySQL::MySQLDriver()) std::construct_at<cpp_dbc::MySQL::MySQLDriver>(cpp_dbc::MySQL::MySQLDriver*) (stl_construct.h:97)
==268755==    by 0x163D03: void std::allocator_traits<std::allocator<cpp_dbc::MySQL::MySQLDriver> >::construct<cpp_dbc::MySQL::MySQLDriver>(std::allocator<cpp_dbc::MySQL::MySQLDriver>&, cpp_dbc::MySQL::MySQLDriver*) (alloc_traits.h:518)
==268755==    by 0x163861: std::_Sp_counted_ptr_inplace<cpp_dbc::MySQL::MySQLDriver, std::allocator<cpp_dbc::MySQL::MySQLDriver>, (__gnu_cxx::_Lock_policy)2>::_Sp_counted_ptr_inplace<>(std::allocator<cpp_dbc::MySQL::MySQLDriver>) (shared_ptr_base.h:519)
==268755== 
==268755== 24 bytes in 1 blocks are still reachable in loss record 407 of 2,004
==268755==    at 0x4848899: malloc (in /usr/libexec/valgrind/vgpreload_memcheck-amd64-linux.so)
==268755==    by 0x560C185: OPENSSL_LH_insert (in /usr/lib/x86_64-linux-gnu/libcrypto.so.3)
==268755==    by 0x562D0AA: OBJ_NAME_add (in /usr/lib/x86_64-linux-gnu/libcrypto.so.3)
==268755==    by 0x55FF684: EVP_add_cipher (in /usr/lib/x86_64-linux-gnu/libcrypto.so.3)
==268755==    by 0x561D6A0: ??? (in /usr/lib/x86_64-linux-gnu/libcrypto.so.3)
==268755==    by 0x522BEE7: __pthread_once_slow (pthread_once.c:116)
==268755==    by 0x5621C9C: CRYPTO_THREAD_run_once (in /usr/lib/x86_64-linux-gnu/libcrypto.so.3)
==268755==    by 0x561E9F0: OPENSSL_init_crypto (in /usr/lib/x86_64-linux-gnu/libcrypto.so.3)
==268755==    by 0x53EB9B6: OPENSSL_init_ssl (in /usr/lib/x86_64-linux-gnu/libssl.so.3)
==268755==    by 0x488FB29: mysql_server_init (in /usr/lib/x86_64-linux-gnu/libmysqlclient.so.21.2.42)
==268755==    by 0x1ED98C: cpp_dbc::MySQL::MySQLDriver::MySQLDriver() (driver_mysql.cpp:797)
==268755==    by 0x163CB6: decltype (::new ((void*)(0)) cpp_dbc::MySQL::MySQLDriver()) std::construct_at<cpp_dbc::MySQL::MySQLDriver>(cpp_dbc::MySQL::MySQLDriver*) (stl_construct.h:97)
==268755== 
==268755== 24 bytes in 1 blocks are still reachable in loss record 408 of 2,004
==268755==    at 0x4848899: malloc (in /usr/libexec/valgrind/vgpreload_memcheck-amd64-linux.so)
==268755==    by 0x562D068: OBJ_NAME_add (in /usr/lib/x86_64-linux-gnu/libcrypto.so.3)
==268755==    by 0x561D6A0: ??? (in /usr/lib/x86_64-linux-gnu/libcrypto.so.3)
==268755==    by 0x522BEE7: __pthread_once_slow (pthread_once.c:116)
==268755==    by 0x5621C9C: CRYPTO_THREAD_run_once (in /usr/lib/x86_64-linux-gnu/libcrypto.so.3)
==268755==    by 0x561E9F0: OPENSSL_init_crypto (in /usr/lib/x86_64-linux-gnu/libcrypto.so.3)
==268755==    by 0x53EB9B6: OPENSSL_init_ssl (in /usr/lib/x86_64-linux-gnu/libssl.so.3)
==268755==    by 0x488FB29: mysql_server_init (in /usr/lib/x86_64-linux-gnu/libmysqlclient.so.21.2.42)
==268755==    by 0x1ED98C: cpp_dbc::MySQL::MySQLDriver::MySQLDriver() (driver_mysql.cpp:797)
==268755==    by 0x163CB6: decltype (::new ((void*)(0)) cpp_dbc::MySQL::MySQLDriver()) std::construct_at<cpp_dbc::MySQL::MySQLDriver>(cpp_dbc::MySQL::MySQLDriver*) (stl_construct.h:97)
==268755==    by 0x163D03: void std::allocator_traits<std::allocator<cpp_dbc::MySQL::MySQLDriver> >::construct<cpp_dbc::MySQL::MySQLDriver>(std::allocator<cpp_dbc::MySQL::MySQLDriver>&, cpp_dbc::MySQL::MySQLDriver*) (alloc_traits.h:518)
==268755==    by 0x163861: std::_Sp_counted_ptr_inplace<cpp_dbc::MySQL::MySQLDriver, std::allocator<cpp_dbc::MySQL::MySQLDriver>, (__gnu_cxx::_Lock_policy)2>::_Sp_counted_ptr_inplace<>(std::allocator<cpp_dbc::MySQL::MySQLDriver>) (shared_ptr_base.h:519)
==268755== 
==268755== 24 bytes in 1 blocks are still reachable in loss record 409 of 2,004
==268755==    at 0x4848899: malloc (in /usr/libexec/valgrind/vgpreload_memcheck-amd64-linux.so)
==268755==    by 0x560C185: OPENSSL_LH_insert (in /usr/lib/x86_64-linux-gnu/libcrypto.so.3)
==268755==    by 0x562D0AA: OBJ_NAME_add (in /usr/lib/x86_64-linux-gnu/libcrypto.so.3)
==268755==    by 0x55FF684: EVP_add_cipher (in /usr/lib/x86_64-linux-gnu/libcrypto.so.3)
==268755==    by 0x561D6AD: ??? (in /usr/lib/x86_64-linux-gnu/libcrypto.so.3)
==268755==    by 0x522BEE7: __pthread_once_slow (pthread_once.c:116)
==268755==    by 0x5621C9C: CRYPTO_THREAD_run_once (in /usr/lib/x86_64-linux-gnu/libcrypto.so.3)
==268755==    by 0x561E9F0: OPENSSL_init_crypto (in /usr/lib/x86_64-linux-gnu/libcrypto.so.3)
==268755==    by 0x53EB9B6: OPENSSL_init_ssl (in /usr/lib/x86_64-linux-gnu/libssl.so.3)
==268755==    by 0x488FB29: mysql_server_init (in /usr/lib/x86_64-linux-gnu/libmysqlclient.so.21.2.42)
==268755==    by 0x1ED98C: cpp_dbc::MySQL::MySQLDriver::MySQLDriver() (driver_mysql.cpp:797)
==268755==    by 0x163CB6: decltype (::new ((void*)(0)) cpp_dbc::MySQL::MySQLDriver()) std::construct_at<cpp_dbc::MySQL::MySQLDriver>(cpp_dbc::MySQL::MySQLDriver*) (stl_construct.h:97)
==268755== 
==268755== 24 bytes in 1 blocks are still reachable in loss record 410 of 2,004
==268755==    at 0x4848899: malloc (in /usr/libexec/valgrind/vgpreload_memcheck-amd64-linux.so)
==268755==    by 0x562D068: OBJ_NAME_add (in /usr/lib/x86_64-linux-gnu/libcrypto.so.3)
==268755==    by 0x561D6AD: ??? (in /usr/lib/x86_64-linux-gnu/libcrypto.so.3)
==268755==    by 0x522BEE7: __pthread_once_slow (pthread_once.c:116)
==268755==    by 0x5621C9C: CRYPTO_THREAD_run_once (in /usr/lib/x86_64-linux-gnu/libcrypto.so.3)
==268755==    by 0x561E9F0: OPENSSL_init_crypto (in /usr/lib/x86_64-linux-gnu/libcrypto.so.3)
==268755==    by 0x53EB9B6: OPENSSL_init_ssl (in /usr/lib/x86_64-linux-gnu/libssl.so.3)
==268755==    by 0x488FB29: mysql_server_init (in /usr/lib/x86_64-linux-gnu/libmysqlclient.so.21.2.42)
==268755==    by 0x1ED98C: cpp_dbc::MySQL::MySQLDriver::MySQLDriver() (driver_mysql.cpp:797)
==268755==    by 0x163CB6: decltype (::new ((void*)(0)) cpp_dbc::MySQL::MySQLDriver()) std::construct_at<cpp_dbc::MySQL::MySQLDriver>(cpp_dbc::MySQL::MySQLDriver*) (stl_construct.h:97)
==268755==    by 0x163D03: void std::allocator_traits<std::allocator<cpp_dbc::MySQL::MySQLDriver> >::construct<cpp_dbc::MySQL::MySQLDriver>(std::allocator<cpp_dbc::MySQL::MySQLDriver>&, cpp_dbc::MySQL::MySQLDriver*) (alloc_traits.h:518)
==268755==    by 0x163861: std::_Sp_counted_ptr_inplace<cpp_dbc::MySQL::MySQLDriver, std::allocator<cpp_dbc::MySQL::MySQLDriver>, (__gnu_cxx::_Lock_policy)2>::_Sp_counted_ptr_inplace<>(std::allocator<cpp_dbc::MySQL::MySQLDriver>) (shared_ptr_base.h:519)
==268755== 
==268755== 24 bytes in 1 blocks are still reachable in loss record 411 of 2,004
==268755==    at 0x4848899: malloc (in /usr/libexec/valgrind/vgpreload_memcheck-amd64-linux.so)
==268755==    by 0x560C185: OPENSSL_LH_insert (in /usr/lib/x86_64-linux-gnu/libcrypto.so.3)
==268755==    by 0x562D0AA: OBJ_NAME_add (in /usr/lib/x86_64-linux-gnu/libcrypto.so.3)
==268755==    by 0x55FF684: EVP_add_cipher (in /usr/lib/x86_64-linux-gnu/libcrypto.so.3)
==268755==    by 0x561D6BA: ??? (in /usr/lib/x86_64-linux-gnu/libcrypto.so.3)
==268755==    by 0x522BEE7: __pthread_once_slow (pthread_once.c:116)
==268755==    by 0x5621C9C: CRYPTO_THREAD_run_once (in /usr/lib/x86_64-linux-gnu/libcrypto.so.3)
==268755==    by 0x561E9F0: OPENSSL_init_crypto (in /usr/lib/x86_64-linux-gnu/libcrypto.so.3)
==268755==    by 0x53EB9B6: OPENSSL_init_ssl (in /usr/lib/x86_64-linux-gnu/libssl.so.3)
==268755==    by 0x488FB29: mysql_server_init (in /usr/lib/x86_64-linux-gnu/libmysqlclient.so.21.2.42)
==268755==    by 0x1ED98C: cpp_dbc::MySQL::MySQLDriver::MySQLDriver() (driver_mysql.cpp:797)
==268755==    by 0x163CB6: decltype (::new ((void*)(0)) cpp_dbc::MySQL::MySQLDriver()) std::construct_at<cpp_dbc::MySQL::MySQLDriver>(cpp_dbc::MySQL::MySQLDriver*) (stl_construct.h:97)
==268755== 
==268755== 24 bytes in 1 blocks are still reachable in loss record 412 of 2,004
==268755==    at 0x4848899: malloc (in /usr/libexec/valgrind/vgpreload_memcheck-amd64-linux.so)
==268755==    by 0x562D068: OBJ_NAME_add (in /usr/lib/x86_64-linux-gnu/libcrypto.so.3)
==268755==    by 0x561D6BA: ??? (in /usr/lib/x86_64-linux-gnu/libcrypto.so.3)
==268755==    by 0x522BEE7: __pthread_once_slow (pthread_once.c:116)
==268755==    by 0x5621C9C: CRYPTO_THREAD_run_once (in /usr/lib/x86_64-linux-gnu/libcrypto.so.3)
==268755==    by 0x561E9F0: OPENSSL_init_crypto (in /usr/lib/x86_64-linux-gnu/libcrypto.so.3)
==268755==    by 0x53EB9B6: OPENSSL_init_ssl (in /usr/lib/x86_64-linux-gnu/libssl.so.3)
==268755==    by 0x488FB29: mysql_server_init (in /usr/lib/x86_64-linux-gnu/libmysqlclient.so.21.2.42)
==268755==    by 0x1ED98C: cpp_dbc::MySQL::MySQLDriver::MySQLDriver() (driver_mysql.cpp:797)
==268755==    by 0x163CB6: decltype (::new ((void*)(0)) cpp_dbc::MySQL::MySQLDriver()) std::construct_at<cpp_dbc::MySQL::MySQLDriver>(cpp_dbc::MySQL::MySQLDriver*) (stl_construct.h:97)
==268755==    by 0x163D03: void std::allocator_traits<std::allocator<cpp_dbc::MySQL::MySQLDriver> >::construct<cpp_dbc::MySQL::MySQLDriver>(std::allocator<cpp_dbc::MySQL::MySQLDriver>&, cpp_dbc::MySQL::MySQLDriver*) (alloc_traits.h:518)
==268755==    by 0x163861: std::_Sp_counted_ptr_inplace<cpp_dbc::MySQL::MySQLDriver, std::allocator<cpp_dbc::MySQL::MySQLDriver>, (__gnu_cxx::_Lock_policy)2>::_Sp_counted_ptr_inplace<>(std::allocator<cpp_dbc::MySQL::MySQLDriver>) (shared_ptr_base.h:519)
==268755== 
==268755== 24 bytes in 1 blocks are still reachable in loss record 413 of 2,004
==268755==    at 0x4848899: malloc (in /usr/libexec/valgrind/vgpreload_memcheck-amd64-linux.so)
==268755==    by 0x560C185: OPENSSL_LH_insert (in /usr/lib/x86_64-linux-gnu/libcrypto.so.3)
==268755==    by 0x562D0AA: OBJ_NAME_add (in /usr/lib/x86_64-linux-gnu/libcrypto.so.3)
==268755==    by 0x55FF684: EVP_add_cipher (in /usr/lib/x86_64-linux-gnu/libcrypto.so.3)
==268755==    by 0x561D6C7: ??? (in /usr/lib/x86_64-linux-gnu/libcrypto.so.3)
==268755==    by 0x522BEE7: __pthread_once_slow (pthread_once.c:116)
==268755==    by 0x5621C9C: CRYPTO_THREAD_run_once (in /usr/lib/x86_64-linux-gnu/libcrypto.so.3)
==268755==    by 0x561E9F0: OPENSSL_init_crypto (in /usr/lib/x86_64-linux-gnu/libcrypto.so.3)
==268755==    by 0x53EB9B6: OPENSSL_init_ssl (in /usr/lib/x86_64-linux-gnu/libssl.so.3)
==268755==    by 0x488FB29: mysql_server_init (in /usr/lib/x86_64-linux-gnu/libmysqlclient.so.21.2.42)
==268755==    by 0x1ED98C: cpp_dbc::MySQL::MySQLDriver::MySQLDriver() (driver_mysql.cpp:797)
==268755==    by 0x163CB6: decltype (::new ((void*)(0)) cpp_dbc::MySQL::MySQLDriver()) std::construct_at<cpp_dbc::MySQL::MySQLDriver>(cpp_dbc::MySQL::MySQLDriver*) (stl_construct.h:97)
==268755== 
==268755== 24 bytes in 1 blocks are still reachable in loss record 414 of 2,004
==268755==    at 0x4848899: malloc (in /usr/libexec/valgrind/vgpreload_memcheck-amd64-linux.so)
==268755==    by 0x562D068: OBJ_NAME_add (in /usr/lib/x86_64-linux-gnu/libcrypto.so.3)
==268755==    by 0x561D6C7: ??? (in /usr/lib/x86_64-linux-gnu/libcrypto.so.3)
==268755==    by 0x522BEE7: __pthread_once_slow (pthread_once.c:116)
==268755==    by 0x5621C9C: CRYPTO_THREAD_run_once (in /usr/lib/x86_64-linux-gnu/libcrypto.so.3)
==268755==    by 0x561E9F0: OPENSSL_init_crypto (in /usr/lib/x86_64-linux-gnu/libcrypto.so.3)
==268755==    by 0x53EB9B6: OPENSSL_init_ssl (in /usr/lib/x86_64-linux-gnu/libssl.so.3)
==268755==    by 0x488FB29: mysql_server_init (in /usr/lib/x86_64-linux-gnu/libmysqlclient.so.21.2.42)
==268755==    by 0x1ED98C: cpp_dbc::MySQL::MySQLDriver::MySQLDriver() (driver_mysql.cpp:797)
==268755==    by 0x163CB6: decltype (::new ((void*)(0)) cpp_dbc::MySQL::MySQLDriver()) std::construct_at<cpp_dbc::MySQL::MySQLDriver>(cpp_dbc::MySQL::MySQLDriver*) (stl_construct.h:97)
==268755==    by 0x163D03: void std::allocator_traits<std::allocator<cpp_dbc::MySQL::MySQLDriver> >::construct<cpp_dbc::MySQL::MySQLDriver>(std::allocator<cpp_dbc::MySQL::MySQLDriver>&, cpp_dbc::MySQL::MySQLDriver*) (alloc_traits.h:518)
==268755==    by 0x163861: std::_Sp_counted_ptr_inplace<cpp_dbc::MySQL::MySQLDriver, std::allocator<cpp_dbc::MySQL::MySQLDriver>, (__gnu_cxx::_Lock_policy)2>::_Sp_counted_ptr_inplace<>(std::allocator<cpp_dbc::MySQL::MySQLDriver>) (shared_ptr_base.h:519)
==268755== 
==268755== 24 bytes in 1 blocks are still reachable in loss record 415 of 2,004
==268755==    at 0x4848899: malloc (in /usr/libexec/valgrind/vgpreload_memcheck-amd64-linux.so)
==268755==    by 0x560C185: OPENSSL_LH_insert (in /usr/lib/x86_64-linux-gnu/libcrypto.so.3)
==268755==    by 0x562D0AA: OBJ_NAME_add (in /usr/lib/x86_64-linux-gnu/libcrypto.so.3)
==268755==    by 0x55FF684: EVP_add_cipher (in /usr/lib/x86_64-linux-gnu/libcrypto.so.3)
==268755==    by 0x561D6D4: ??? (in /usr/lib/x86_64-linux-gnu/libcrypto.so.3)
==268755==    by 0x522BEE7: __pthread_once_slow (pthread_once.c:116)
==268755==    by 0x5621C9C: CRYPTO_THREAD_run_once (in /usr/lib/x86_64-linux-gnu/libcrypto.so.3)
==268755==    by 0x561E9F0: OPENSSL_init_crypto (in /usr/lib/x86_64-linux-gnu/libcrypto.so.3)
==268755==    by 0x53EB9B6: OPENSSL_init_ssl (in /usr/lib/x86_64-linux-gnu/libssl.so.3)
==268755==    by 0x488FB29: mysql_server_init (in /usr/lib/x86_64-linux-gnu/libmysqlclient.so.21.2.42)
==268755==    by 0x1ED98C: cpp_dbc::MySQL::MySQLDriver::MySQLDriver() (driver_mysql.cpp:797)
==268755==    by 0x163CB6: decltype (::new ((void*)(0)) cpp_dbc::MySQL::MySQLDriver()) std::construct_at<cpp_dbc::MySQL::MySQLDriver>(cpp_dbc::MySQL::MySQLDriver*) (stl_construct.h:97)
==268755== 
==268755== 24 bytes in 1 blocks are still reachable in loss record 416 of 2,004
==268755==    at 0x4848899: malloc (in /usr/libexec/valgrind/vgpreload_memcheck-amd64-linux.so)
==268755==    by 0x562D068: OBJ_NAME_add (in /usr/lib/x86_64-linux-gnu/libcrypto.so.3)
==268755==    by 0x561D6D4: ??? (in /usr/lib/x86_64-linux-gnu/libcrypto.so.3)
==268755==    by 0x522BEE7: __pthread_once_slow (pthread_once.c:116)
==268755==    by 0x5621C9C: CRYPTO_THREAD_run_once (in /usr/lib/x86_64-linux-gnu/libcrypto.so.3)
==268755==    by 0x561E9F0: OPENSSL_init_crypto (in /usr/lib/x86_64-linux-gnu/libcrypto.so.3)
==268755==    by 0x53EB9B6: OPENSSL_init_ssl (in /usr/lib/x86_64-linux-gnu/libssl.so.3)
==268755==    by 0x488FB29: mysql_server_init (in /usr/lib/x86_64-linux-gnu/libmysqlclient.so.21.2.42)
==268755==    by 0x1ED98C: cpp_dbc::MySQL::MySQLDriver::MySQLDriver() (driver_mysql.cpp:797)
==268755==    by 0x163CB6: decltype (::new ((void*)(0)) cpp_dbc::MySQL::MySQLDriver()) std::construct_at<cpp_dbc::MySQL::MySQLDriver>(cpp_dbc::MySQL::MySQLDriver*) (stl_construct.h:97)
==268755==    by 0x163D03: void std::allocator_traits<std::allocator<cpp_dbc::MySQL::MySQLDriver> >::construct<cpp_dbc::MySQL::MySQLDriver>(std::allocator<cpp_dbc::MySQL::MySQLDriver>&, cpp_dbc::MySQL::MySQLDriver*) (alloc_traits.h:518)
==268755==    by 0x163861: std::_Sp_counted_ptr_inplace<cpp_dbc::MySQL::MySQLDriver, std::allocator<cpp_dbc::MySQL::MySQLDriver>, (__gnu_cxx::_Lock_policy)2>::_Sp_counted_ptr_inplace<>(std::allocator<cpp_dbc::MySQL::MySQLDriver>) (shared_ptr_base.h:519)
==268755== 
==268755== 24 bytes in 1 blocks are still reachable in loss record 417 of 2,004
==268755==    at 0x4848899: malloc (in /usr/libexec/valgrind/vgpreload_memcheck-amd64-linux.so)
==268755==    by 0x560C185: OPENSSL_LH_insert (in /usr/lib/x86_64-linux-gnu/libcrypto.so.3)
==268755==    by 0x562D0AA: OBJ_NAME_add (in /usr/lib/x86_64-linux-gnu/libcrypto.so.3)
==268755==    by 0x561D6E8: ??? (in /usr/lib/x86_64-linux-gnu/libcrypto.so.3)
==268755==    by 0x522BEE7: __pthread_once_slow (pthread_once.c:116)
==268755==    by 0x5621C9C: CRYPTO_THREAD_run_once (in /usr/lib/x86_64-linux-gnu/libcrypto.so.3)
==268755==    by 0x561E9F0: OPENSSL_init_crypto (in /usr/lib/x86_64-linux-gnu/libcrypto.so.3)
==268755==    by 0x53EB9B6: OPENSSL_init_ssl (in /usr/lib/x86_64-linux-gnu/libssl.so.3)
==268755==    by 0x488FB29: mysql_server_init (in /usr/lib/x86_64-linux-gnu/libmysqlclient.so.21.2.42)
==268755==    by 0x1ED98C: cpp_dbc::MySQL::MySQLDriver::MySQLDriver() (driver_mysql.cpp:797)
==268755==    by 0x163CB6: decltype (::new ((void*)(0)) cpp_dbc::MySQL::MySQLDriver()) std::construct_at<cpp_dbc::MySQL::MySQLDriver>(cpp_dbc::MySQL::MySQLDriver*) (stl_construct.h:97)
==268755==    by 0x163D03: void std::allocator_traits<std::allocator<cpp_dbc::MySQL::MySQLDriver> >::construct<cpp_dbc::MySQL::MySQLDriver>(std::allocator<cpp_dbc::MySQL::MySQLDriver>&, cpp_dbc::MySQL::MySQLDriver*) (alloc_traits.h:518)
==268755== 
==268755== 24 bytes in 1 blocks are still reachable in loss record 418 of 2,004
==268755==    at 0x4848899: malloc (in /usr/libexec/valgrind/vgpreload_memcheck-amd64-linux.so)
==268755==    by 0x562D068: OBJ_NAME_add (in /usr/lib/x86_64-linux-gnu/libcrypto.so.3)
==268755==    by 0x561D6FC: ??? (in /usr/lib/x86_64-linux-gnu/libcrypto.so.3)
==268755==    by 0x522BEE7: __pthread_once_slow (pthread_once.c:116)
==268755==    by 0x5621C9C: CRYPTO_THREAD_run_once (in /usr/lib/x86_64-linux-gnu/libcrypto.so.3)
==268755==    by 0x561E9F0: OPENSSL_init_crypto (in /usr/lib/x86_64-linux-gnu/libcrypto.so.3)
==268755==    by 0x53EB9B6: OPENSSL_init_ssl (in /usr/lib/x86_64-linux-gnu/libssl.so.3)
==268755==    by 0x488FB29: mysql_server_init (in /usr/lib/x86_64-linux-gnu/libmysqlclient.so.21.2.42)
==268755==    by 0x1ED98C: cpp_dbc::MySQL::MySQLDriver::MySQLDriver() (driver_mysql.cpp:797)
==268755==    by 0x163CB6: decltype (::new ((void*)(0)) cpp_dbc::MySQL::MySQLDriver()) std::construct_at<cpp_dbc::MySQL::MySQLDriver>(cpp_dbc::MySQL::MySQLDriver*) (stl_construct.h:97)
==268755==    by 0x163D03: void std::allocator_traits<std::allocator<cpp_dbc::MySQL::MySQLDriver> >::construct<cpp_dbc::MySQL::MySQLDriver>(std::allocator<cpp_dbc::MySQL::MySQLDriver>&, cpp_dbc::MySQL::MySQLDriver*) (alloc_traits.h:518)
==268755==    by 0x163861: std::_Sp_counted_ptr_inplace<cpp_dbc::MySQL::MySQLDriver, std::allocator<cpp_dbc::MySQL::MySQLDriver>, (__gnu_cxx::_Lock_policy)2>::_Sp_counted_ptr_inplace<>(std::allocator<cpp_dbc::MySQL::MySQLDriver>) (shared_ptr_base.h:519)
==268755== 
==268755== 24 bytes in 1 blocks are still reachable in loss record 419 of 2,004
==268755==    at 0x4848899: malloc (in /usr/libexec/valgrind/vgpreload_memcheck-amd64-linux.so)
==268755==    by 0x560C185: OPENSSL_LH_insert (in /usr/lib/x86_64-linux-gnu/libcrypto.so.3)
==268755==    by 0x562D0AA: OBJ_NAME_add (in /usr/lib/x86_64-linux-gnu/libcrypto.so.3)
==268755==    by 0x55FF684: EVP_add_cipher (in /usr/lib/x86_64-linux-gnu/libcrypto.so.3)
==268755==    by 0x561D710: ??? (in /usr/lib/x86_64-linux-gnu/libcrypto.so.3)
==268755==    by 0x522BEE7: __pthread_once_slow (pthread_once.c:116)
==268755==    by 0x5621C9C: CRYPTO_THREAD_run_once (in /usr/lib/x86_64-linux-gnu/libcrypto.so.3)
==268755==    by 0x561E9F0: OPENSSL_init_crypto (in /usr/lib/x86_64-linux-gnu/libcrypto.so.3)
==268755==    by 0x53EB9B6: OPENSSL_init_ssl (in /usr/lib/x86_64-linux-gnu/libssl.so.3)
==268755==    by 0x488FB29: mysql_server_init (in /usr/lib/x86_64-linux-gnu/libmysqlclient.so.21.2.42)
==268755==    by 0x1ED98C: cpp_dbc::MySQL::MySQLDriver::MySQLDriver() (driver_mysql.cpp:797)
==268755==    by 0x163CB6: decltype (::new ((void*)(0)) cpp_dbc::MySQL::MySQLDriver()) std::construct_at<cpp_dbc::MySQL::MySQLDriver>(cpp_dbc::MySQL::MySQLDriver*) (stl_construct.h:97)
==268755== 
==268755== 24 bytes in 1 blocks are still reachable in loss record 420 of 2,004
==268755==    at 0x4848899: malloc (in /usr/libexec/valgrind/vgpreload_memcheck-amd64-linux.so)
==268755==    by 0x562D068: OBJ_NAME_add (in /usr/lib/x86_64-linux-gnu/libcrypto.so.3)
==268755==    by 0x561D710: ??? (in /usr/lib/x86_64-linux-gnu/libcrypto.so.3)
==268755==    by 0x522BEE7: __pthread_once_slow (pthread_once.c:116)
==268755==    by 0x5621C9C: CRYPTO_THREAD_run_once (in /usr/lib/x86_64-linux-gnu/libcrypto.so.3)
==268755==    by 0x561E9F0: OPENSSL_init_crypto (in /usr/lib/x86_64-linux-gnu/libcrypto.so.3)
==268755==    by 0x53EB9B6: OPENSSL_init_ssl (in /usr/lib/x86_64-linux-gnu/libssl.so.3)
==268755==    by 0x488FB29: mysql_server_init (in /usr/lib/x86_64-linux-gnu/libmysqlclient.so.21.2.42)
==268755==    by 0x1ED98C: cpp_dbc::MySQL::MySQLDriver::MySQLDriver() (driver_mysql.cpp:797)
==268755==    by 0x163CB6: decltype (::new ((void*)(0)) cpp_dbc::MySQL::MySQLDriver()) std::construct_at<cpp_dbc::MySQL::MySQLDriver>(cpp_dbc::MySQL::MySQLDriver*) (stl_construct.h:97)
==268755==    by 0x163D03: void std::allocator_traits<std::allocator<cpp_dbc::MySQL::MySQLDriver> >::construct<cpp_dbc::MySQL::MySQLDriver>(std::allocator<cpp_dbc::MySQL::MySQLDriver>&, cpp_dbc::MySQL::MySQLDriver*) (alloc_traits.h:518)
==268755==    by 0x163861: std::_Sp_counted_ptr_inplace<cpp_dbc::MySQL::MySQLDriver, std::allocator<cpp_dbc::MySQL::MySQLDriver>, (__gnu_cxx::_Lock_policy)2>::_Sp_counted_ptr_inplace<>(std::allocator<cpp_dbc::MySQL::MySQLDriver>) (shared_ptr_base.h:519)
==268755== 
==268755== 24 bytes in 1 blocks are still reachable in loss record 421 of 2,004
==268755==    at 0x4848899: malloc (in /usr/libexec/valgrind/vgpreload_memcheck-amd64-linux.so)
==268755==    by 0x560C185: OPENSSL_LH_insert (in /usr/lib/x86_64-linux-gnu/libcrypto.so.3)
==268755==    by 0x562D0AA: OBJ_NAME_add (in /usr/lib/x86_64-linux-gnu/libcrypto.so.3)
==268755==    by 0x55FF684: EVP_add_cipher (in /usr/lib/x86_64-linux-gnu/libcrypto.so.3)
==268755==    by 0x561D71D: ??? (in /usr/lib/x86_64-linux-gnu/libcrypto.so.3)
==268755==    by 0x522BEE7: __pthread_once_slow (pthread_once.c:116)
==268755==    by 0x5621C9C: CRYPTO_THREAD_run_once (in /usr/lib/x86_64-linux-gnu/libcrypto.so.3)
==268755==    by 0x561E9F0: OPENSSL_init_crypto (in /usr/lib/x86_64-linux-gnu/libcrypto.so.3)
==268755==    by 0x53EB9B6: OPENSSL_init_ssl (in /usr/lib/x86_64-linux-gnu/libssl.so.3)
==268755==    by 0x488FB29: mysql_server_init (in /usr/lib/x86_64-linux-gnu/libmysqlclient.so.21.2.42)
==268755==    by 0x1ED98C: cpp_dbc::MySQL::MySQLDriver::MySQLDriver() (driver_mysql.cpp:797)
==268755==    by 0x163CB6: decltype (::new ((void*)(0)) cpp_dbc::MySQL::MySQLDriver()) std::construct_at<cpp_dbc::MySQL::MySQLDriver>(cpp_dbc::MySQL::MySQLDriver*) (stl_construct.h:97)
==268755== 
==268755== 24 bytes in 1 blocks are still reachable in loss record 422 of 2,004
==268755==    at 0x4848899: malloc (in /usr/libexec/valgrind/vgpreload_memcheck-amd64-linux.so)
==268755==    by 0x562D068: OBJ_NAME_add (in /usr/lib/x86_64-linux-gnu/libcrypto.so.3)
==268755==    by 0x561D71D: ??? (in /usr/lib/x86_64-linux-gnu/libcrypto.so.3)
==268755==    by 0x522BEE7: __pthread_once_slow (pthread_once.c:116)
==268755==    by 0x5621C9C: CRYPTO_THREAD_run_once (in /usr/lib/x86_64-linux-gnu/libcrypto.so.3)
==268755==    by 0x561E9F0: OPENSSL_init_crypto (in /usr/lib/x86_64-linux-gnu/libcrypto.so.3)
==268755==    by 0x53EB9B6: OPENSSL_init_ssl (in /usr/lib/x86_64-linux-gnu/libssl.so.3)
==268755==    by 0x488FB29: mysql_server_init (in /usr/lib/x86_64-linux-gnu/libmysqlclient.so.21.2.42)
==268755==    by 0x1ED98C: cpp_dbc::MySQL::MySQLDriver::MySQLDriver() (driver_mysql.cpp:797)
==268755==    by 0x163CB6: decltype (::new ((void*)(0)) cpp_dbc::MySQL::MySQLDriver()) std::construct_at<cpp_dbc::MySQL::MySQLDriver>(cpp_dbc::MySQL::MySQLDriver*) (stl_construct.h:97)
==268755==    by 0x163D03: void std::allocator_traits<std::allocator<cpp_dbc::MySQL::MySQLDriver> >::construct<cpp_dbc::MySQL::MySQLDriver>(std::allocator<cpp_dbc::MySQL::MySQLDriver>&, cpp_dbc::MySQL::MySQLDriver*) (alloc_traits.h:518)
==268755==    by 0x163861: std::_Sp_counted_ptr_inplace<cpp_dbc::MySQL::MySQLDriver, std::allocator<cpp_dbc::MySQL::MySQLDriver>, (__gnu_cxx::_Lock_policy)2>::_Sp_counted_ptr_inplace<>(std::allocator<cpp_dbc::MySQL::MySQLDriver>) (shared_ptr_base.h:519)
==268755== 
==268755== 24 bytes in 1 blocks are still reachable in loss record 423 of 2,004
==268755==    at 0x4848899: malloc (in /usr/libexec/valgrind/vgpreload_memcheck-amd64-linux.so)
==268755==    by 0x560C185: OPENSSL_LH_insert (in /usr/lib/x86_64-linux-gnu/libcrypto.so.3)
==268755==    by 0x562D0AA: OBJ_NAME_add (in /usr/lib/x86_64-linux-gnu/libcrypto.so.3)
==268755==    by 0x55FF684: EVP_add_cipher (in /usr/lib/x86_64-linux-gnu/libcrypto.so.3)
==268755==    by 0x561D72A: ??? (in /usr/lib/x86_64-linux-gnu/libcrypto.so.3)
==268755==    by 0x522BEE7: __pthread_once_slow (pthread_once.c:116)
==268755==    by 0x5621C9C: CRYPTO_THREAD_run_once (in /usr/lib/x86_64-linux-gnu/libcrypto.so.3)
==268755==    by 0x561E9F0: OPENSSL_init_crypto (in /usr/lib/x86_64-linux-gnu/libcrypto.so.3)
==268755==    by 0x53EB9B6: OPENSSL_init_ssl (in /usr/lib/x86_64-linux-gnu/libssl.so.3)
==268755==    by 0x488FB29: mysql_server_init (in /usr/lib/x86_64-linux-gnu/libmysqlclient.so.21.2.42)
==268755==    by 0x1ED98C: cpp_dbc::MySQL::MySQLDriver::MySQLDriver() (driver_mysql.cpp:797)
==268755==    by 0x163CB6: decltype (::new ((void*)(0)) cpp_dbc::MySQL::MySQLDriver()) std::construct_at<cpp_dbc::MySQL::MySQLDriver>(cpp_dbc::MySQL::MySQLDriver*) (stl_construct.h:97)
==268755== 
==268755== 24 bytes in 1 blocks are still reachable in loss record 424 of 2,004
==268755==    at 0x4848899: malloc (in /usr/libexec/valgrind/vgpreload_memcheck-amd64-linux.so)
==268755==    by 0x562D068: OBJ_NAME_add (in /usr/lib/x86_64-linux-gnu/libcrypto.so.3)
==268755==    by 0x561D72A: ??? (in /usr/lib/x86_64-linux-gnu/libcrypto.so.3)
==268755==    by 0x522BEE7: __pthread_once_slow (pthread_once.c:116)
==268755==    by 0x5621C9C: CRYPTO_THREAD_run_once (in /usr/lib/x86_64-linux-gnu/libcrypto.so.3)
==268755==    by 0x561E9F0: OPENSSL_init_crypto (in /usr/lib/x86_64-linux-gnu/libcrypto.so.3)
==268755==    by 0x53EB9B6: OPENSSL_init_ssl (in /usr/lib/x86_64-linux-gnu/libssl.so.3)
==268755==    by 0x488FB29: mysql_server_init (in /usr/lib/x86_64-linux-gnu/libmysqlclient.so.21.2.42)
==268755==    by 0x1ED98C: cpp_dbc::MySQL::MySQLDriver::MySQLDriver() (driver_mysql.cpp:797)
==268755==    by 0x163CB6: decltype (::new ((void*)(0)) cpp_dbc::MySQL::MySQLDriver()) std::construct_at<cpp_dbc::MySQL::MySQLDriver>(cpp_dbc::MySQL::MySQLDriver*) (stl_construct.h:97)
==268755==    by 0x163D03: void std::allocator_traits<std::allocator<cpp_dbc::MySQL::MySQLDriver> >::construct<cpp_dbc::MySQL::MySQLDriver>(std::allocator<cpp_dbc::MySQL::MySQLDriver>&, cpp_dbc::MySQL::MySQLDriver*) (alloc_traits.h:518)
==268755==    by 0x163861: std::_Sp_counted_ptr_inplace<cpp_dbc::MySQL::MySQLDriver, std::allocator<cpp_dbc::MySQL::MySQLDriver>, (__gnu_cxx::_Lock_policy)2>::_Sp_counted_ptr_inplace<>(std::allocator<cpp_dbc::MySQL::MySQLDriver>) (shared_ptr_base.h:519)
==268755== 
==268755== 24 bytes in 1 blocks are still reachable in loss record 425 of 2,004
==268755==    at 0x4848899: malloc (in /usr/libexec/valgrind/vgpreload_memcheck-amd64-linux.so)
==268755==    by 0x560C185: OPENSSL_LH_insert (in /usr/lib/x86_64-linux-gnu/libcrypto.so.3)
==268755==    by 0x562D0AA: OBJ_NAME_add (in /usr/lib/x86_64-linux-gnu/libcrypto.so.3)
==268755==    by 0x55FF684: EVP_add_cipher (in /usr/lib/x86_64-linux-gnu/libcrypto.so.3)
==268755==    by 0x561D737: ??? (in /usr/lib/x86_64-linux-gnu/libcrypto.so.3)
==268755==    by 0x522BEE7: __pthread_once_slow (pthread_once.c:116)
==268755==    by 0x5621C9C: CRYPTO_THREAD_run_once (in /usr/lib/x86_64-linux-gnu/libcrypto.so.3)
==268755==    by 0x561E9F0: OPENSSL_init_crypto (in /usr/lib/x86_64-linux-gnu/libcrypto.so.3)
==268755==    by 0x53EB9B6: OPENSSL_init_ssl (in /usr/lib/x86_64-linux-gnu/libssl.so.3)
==268755==    by 0x488FB29: mysql_server_init (in /usr/lib/x86_64-linux-gnu/libmysqlclient.so.21.2.42)
==268755==    by 0x1ED98C: cpp_dbc::MySQL::MySQLDriver::MySQLDriver() (driver_mysql.cpp:797)
==268755==    by 0x163CB6: decltype (::new ((void*)(0)) cpp_dbc::MySQL::MySQLDriver()) std::construct_at<cpp_dbc::MySQL::MySQLDriver>(cpp_dbc::MySQL::MySQLDriver*) (stl_construct.h:97)
==268755== 
==268755== 24 bytes in 1 blocks are still reachable in loss record 426 of 2,004
==268755==    at 0x4848899: malloc (in /usr/libexec/valgrind/vgpreload_memcheck-amd64-linux.so)
==268755==    by 0x562D068: OBJ_NAME_add (in /usr/lib/x86_64-linux-gnu/libcrypto.so.3)
==268755==    by 0x561D737: ??? (in /usr/lib/x86_64-linux-gnu/libcrypto.so.3)
==268755==    by 0x522BEE7: __pthread_once_slow (pthread_once.c:116)
==268755==    by 0x5621C9C: CRYPTO_THREAD_run_once (in /usr/lib/x86_64-linux-gnu/libcrypto.so.3)
==268755==    by 0x561E9F0: OPENSSL_init_crypto (in /usr/lib/x86_64-linux-gnu/libcrypto.so.3)
==268755==    by 0x53EB9B6: OPENSSL_init_ssl (in /usr/lib/x86_64-linux-gnu/libssl.so.3)
==268755==    by 0x488FB29: mysql_server_init (in /usr/lib/x86_64-linux-gnu/libmysqlclient.so.21.2.42)
==268755==    by 0x1ED98C: cpp_dbc::MySQL::MySQLDriver::MySQLDriver() (driver_mysql.cpp:797)
==268755==    by 0x163CB6: decltype (::new ((void*)(0)) cpp_dbc::MySQL::MySQLDriver()) std::construct_at<cpp_dbc::MySQL::MySQLDriver>(cpp_dbc::MySQL::MySQLDriver*) (stl_construct.h:97)
==268755==    by 0x163D03: void std::allocator_traits<std::allocator<cpp_dbc::MySQL::MySQLDriver> >::construct<cpp_dbc::MySQL::MySQLDriver>(std::allocator<cpp_dbc::MySQL::MySQLDriver>&, cpp_dbc::MySQL::MySQLDriver*) (alloc_traits.h:518)
==268755==    by 0x163861: std::_Sp_counted_ptr_inplace<cpp_dbc::MySQL::MySQLDriver, std::allocator<cpp_dbc::MySQL::MySQLDriver>, (__gnu_cxx::_Lock_policy)2>::_Sp_counted_ptr_inplace<>(std::allocator<cpp_dbc::MySQL::MySQLDriver>) (shared_ptr_base.h:519)
==268755== 
==268755== 24 bytes in 1 blocks are still reachable in loss record 427 of 2,004
==268755==    at 0x4848899: malloc (in /usr/libexec/valgrind/vgpreload_memcheck-amd64-linux.so)
==268755==    by 0x560C185: OPENSSL_LH_insert (in /usr/lib/x86_64-linux-gnu/libcrypto.so.3)
==268755==    by 0x562D0AA: OBJ_NAME_add (in /usr/lib/x86_64-linux-gnu/libcrypto.so.3)
==268755==    by 0x55FF684: EVP_add_cipher (in /usr/lib/x86_64-linux-gnu/libcrypto.so.3)
==268755==    by 0x561D744: ??? (in /usr/lib/x86_64-linux-gnu/libcrypto.so.3)
==268755==    by 0x522BEE7: __pthread_once_slow (pthread_once.c:116)
==268755==    by 0x5621C9C: CRYPTO_THREAD_run_once (in /usr/lib/x86_64-linux-gnu/libcrypto.so.3)
==268755==    by 0x561E9F0: OPENSSL_init_crypto (in /usr/lib/x86_64-linux-gnu/libcrypto.so.3)
==268755==    by 0x53EB9B6: OPENSSL_init_ssl (in /usr/lib/x86_64-linux-gnu/libssl.so.3)
==268755==    by 0x488FB29: mysql_server_init (in /usr/lib/x86_64-linux-gnu/libmysqlclient.so.21.2.42)
==268755==    by 0x1ED98C: cpp_dbc::MySQL::MySQLDriver::MySQLDriver() (driver_mysql.cpp:797)
==268755==    by 0x163CB6: decltype (::new ((void*)(0)) cpp_dbc::MySQL::MySQLDriver()) std::construct_at<cpp_dbc::MySQL::MySQLDriver>(cpp_dbc::MySQL::MySQLDriver*) (stl_construct.h:97)
==268755== 
==268755== 24 bytes in 1 blocks are still reachable in loss record 428 of 2,004
==268755==    at 0x4848899: malloc (in /usr/libexec/valgrind/vgpreload_memcheck-amd64-linux.so)
==268755==    by 0x562D068: OBJ_NAME_add (in /usr/lib/x86_64-linux-gnu/libcrypto.so.3)
==268755==    by 0x561D744: ??? (in /usr/lib/x86_64-linux-gnu/libcrypto.so.3)
==268755==    by 0x522BEE7: __pthread_once_slow (pthread_once.c:116)
==268755==    by 0x5621C9C: CRYPTO_THREAD_run_once (in /usr/lib/x86_64-linux-gnu/libcrypto.so.3)
==268755==    by 0x561E9F0: OPENSSL_init_crypto (in /usr/lib/x86_64-linux-gnu/libcrypto.so.3)
==268755==    by 0x53EB9B6: OPENSSL_init_ssl (in /usr/lib/x86_64-linux-gnu/libssl.so.3)
==268755==    by 0x488FB29: mysql_server_init (in /usr/lib/x86_64-linux-gnu/libmysqlclient.so.21.2.42)
==268755==    by 0x1ED98C: cpp_dbc::MySQL::MySQLDriver::MySQLDriver() (driver_mysql.cpp:797)
==268755==    by 0x163CB6: decltype (::new ((void*)(0)) cpp_dbc::MySQL::MySQLDriver()) std::construct_at<cpp_dbc::MySQL::MySQLDriver>(cpp_dbc::MySQL::MySQLDriver*) (stl_construct.h:97)
==268755==    by 0x163D03: void std::allocator_traits<std::allocator<cpp_dbc::MySQL::MySQLDriver> >::construct<cpp_dbc::MySQL::MySQLDriver>(std::allocator<cpp_dbc::MySQL::MySQLDriver>&, cpp_dbc::MySQL::MySQLDriver*) (alloc_traits.h:518)
==268755==    by 0x163861: std::_Sp_counted_ptr_inplace<cpp_dbc::MySQL::MySQLDriver, std::allocator<cpp_dbc::MySQL::MySQLDriver>, (__gnu_cxx::_Lock_policy)2>::_Sp_counted_ptr_inplace<>(std::allocator<cpp_dbc::MySQL::MySQLDriver>) (shared_ptr_base.h:519)
==268755== 
==268755== 24 bytes in 1 blocks are still reachable in loss record 429 of 2,004
==268755==    at 0x4848899: malloc (in /usr/libexec/valgrind/vgpreload_memcheck-amd64-linux.so)
==268755==    by 0x560C185: OPENSSL_LH_insert (in /usr/lib/x86_64-linux-gnu/libcrypto.so.3)
==268755==    by 0x562D0AA: OBJ_NAME_add (in /usr/lib/x86_64-linux-gnu/libcrypto.so.3)
==268755==    by 0x55FF684: EVP_add_cipher (in /usr/lib/x86_64-linux-gnu/libcrypto.so.3)
==268755==    by 0x561D751: ??? (in /usr/lib/x86_64-linux-gnu/libcrypto.so.3)
==268755==    by 0x522BEE7: __pthread_once_slow (pthread_once.c:116)
==268755==    by 0x5621C9C: CRYPTO_THREAD_run_once (in /usr/lib/x86_64-linux-gnu/libcrypto.so.3)
==268755==    by 0x561E9F0: OPENSSL_init_crypto (in /usr/lib/x86_64-linux-gnu/libcrypto.so.3)
==268755==    by 0x53EB9B6: OPENSSL_init_ssl (in /usr/lib/x86_64-linux-gnu/libssl.so.3)
==268755==    by 0x488FB29: mysql_server_init (in /usr/lib/x86_64-linux-gnu/libmysqlclient.so.21.2.42)
==268755==    by 0x1ED98C: cpp_dbc::MySQL::MySQLDriver::MySQLDriver() (driver_mysql.cpp:797)
==268755==    by 0x163CB6: decltype (::new ((void*)(0)) cpp_dbc::MySQL::MySQLDriver()) std::construct_at<cpp_dbc::MySQL::MySQLDriver>(cpp_dbc::MySQL::MySQLDriver*) (stl_construct.h:97)
==268755== 
==268755== 24 bytes in 1 blocks are still reachable in loss record 430 of 2,004
==268755==    at 0x4848899: malloc (in /usr/libexec/valgrind/vgpreload_memcheck-amd64-linux.so)
==268755==    by 0x562D068: OBJ_NAME_add (in /usr/lib/x86_64-linux-gnu/libcrypto.so.3)
==268755==    by 0x561D751: ??? (in /usr/lib/x86_64-linux-gnu/libcrypto.so.3)
==268755==    by 0x522BEE7: __pthread_once_slow (pthread_once.c:116)
==268755==    by 0x5621C9C: CRYPTO_THREAD_run_once (in /usr/lib/x86_64-linux-gnu/libcrypto.so.3)
==268755==    by 0x561E9F0: OPENSSL_init_crypto (in /usr/lib/x86_64-linux-gnu/libcrypto.so.3)
==268755==    by 0x53EB9B6: OPENSSL_init_ssl (in /usr/lib/x86_64-linux-gnu/libssl.so.3)
==268755==    by 0x488FB29: mysql_server_init (in /usr/lib/x86_64-linux-gnu/libmysqlclient.so.21.2.42)
==268755==    by 0x1ED98C: cpp_dbc::MySQL::MySQLDriver::MySQLDriver() (driver_mysql.cpp:797)
==268755==    by 0x163CB6: decltype (::new ((void*)(0)) cpp_dbc::MySQL::MySQLDriver()) std::construct_at<cpp_dbc::MySQL::MySQLDriver>(cpp_dbc::MySQL::MySQLDriver*) (stl_construct.h:97)
==268755==    by 0x163D03: void std::allocator_traits<std::allocator<cpp_dbc::MySQL::MySQLDriver> >::construct<cpp_dbc::MySQL::MySQLDriver>(std::allocator<cpp_dbc::MySQL::MySQLDriver>&, cpp_dbc::MySQL::MySQLDriver*) (alloc_traits.h:518)
==268755==    by 0x163861: std::_Sp_counted_ptr_inplace<cpp_dbc::MySQL::MySQLDriver, std::allocator<cpp_dbc::MySQL::MySQLDriver>, (__gnu_cxx::_Lock_policy)2>::_Sp_counted_ptr_inplace<>(std::allocator<cpp_dbc::MySQL::MySQLDriver>) (shared_ptr_base.h:519)
==268755== 
==268755== 24 bytes in 1 blocks are still reachable in loss record 431 of 2,004
==268755==    at 0x4848899: malloc (in /usr/libexec/valgrind/vgpreload_memcheck-amd64-linux.so)
==268755==    by 0x560C185: OPENSSL_LH_insert (in /usr/lib/x86_64-linux-gnu/libcrypto.so.3)
==268755==    by 0x562D0AA: OBJ_NAME_add (in /usr/lib/x86_64-linux-gnu/libcrypto.so.3)
==268755==    by 0x561D765: ??? (in /usr/lib/x86_64-linux-gnu/libcrypto.so.3)
==268755==    by 0x522BEE7: __pthread_once_slow (pthread_once.c:116)
==268755==    by 0x5621C9C: CRYPTO_THREAD_run_once (in /usr/lib/x86_64-linux-gnu/libcrypto.so.3)
==268755==    by 0x561E9F0: OPENSSL_init_crypto (in /usr/lib/x86_64-linux-gnu/libcrypto.so.3)
==268755==    by 0x53EB9B6: OPENSSL_init_ssl (in /usr/lib/x86_64-linux-gnu/libssl.so.3)
==268755==    by 0x488FB29: mysql_server_init (in /usr/lib/x86_64-linux-gnu/libmysqlclient.so.21.2.42)
==268755==    by 0x1ED98C: cpp_dbc::MySQL::MySQLDriver::MySQLDriver() (driver_mysql.cpp:797)
==268755==    by 0x163CB6: decltype (::new ((void*)(0)) cpp_dbc::MySQL::MySQLDriver()) std::construct_at<cpp_dbc::MySQL::MySQLDriver>(cpp_dbc::MySQL::MySQLDriver*) (stl_construct.h:97)
==268755==    by 0x163D03: void std::allocator_traits<std::allocator<cpp_dbc::MySQL::MySQLDriver> >::construct<cpp_dbc::MySQL::MySQLDriver>(std::allocator<cpp_dbc::MySQL::MySQLDriver>&, cpp_dbc::MySQL::MySQLDriver*) (alloc_traits.h:518)
==268755== 
==268755== 24 bytes in 1 blocks are still reachable in loss record 432 of 2,004
==268755==    at 0x4848899: malloc (in /usr/libexec/valgrind/vgpreload_memcheck-amd64-linux.so)
==268755==    by 0x562D068: OBJ_NAME_add (in /usr/lib/x86_64-linux-gnu/libcrypto.so.3)
==268755==    by 0x561D779: ??? (in /usr/lib/x86_64-linux-gnu/libcrypto.so.3)
==268755==    by 0x522BEE7: __pthread_once_slow (pthread_once.c:116)
==268755==    by 0x5621C9C: CRYPTO_THREAD_run_once (in /usr/lib/x86_64-linux-gnu/libcrypto.so.3)
==268755==    by 0x561E9F0: OPENSSL_init_crypto (in /usr/lib/x86_64-linux-gnu/libcrypto.so.3)
==268755==    by 0x53EB9B6: OPENSSL_init_ssl (in /usr/lib/x86_64-linux-gnu/libssl.so.3)
==268755==    by 0x488FB29: mysql_server_init (in /usr/lib/x86_64-linux-gnu/libmysqlclient.so.21.2.42)
==268755==    by 0x1ED98C: cpp_dbc::MySQL::MySQLDriver::MySQLDriver() (driver_mysql.cpp:797)
==268755==    by 0x163CB6: decltype (::new ((void*)(0)) cpp_dbc::MySQL::MySQLDriver()) std::construct_at<cpp_dbc::MySQL::MySQLDriver>(cpp_dbc::MySQL::MySQLDriver*) (stl_construct.h:97)
==268755==    by 0x163D03: void std::allocator_traits<std::allocator<cpp_dbc::MySQL::MySQLDriver> >::construct<cpp_dbc::MySQL::MySQLDriver>(std::allocator<cpp_dbc::MySQL::MySQLDriver>&, cpp_dbc::MySQL::MySQLDriver*) (alloc_traits.h:518)
==268755==    by 0x163861: std::_Sp_counted_ptr_inplace<cpp_dbc::MySQL::MySQLDriver, std::allocator<cpp_dbc::MySQL::MySQLDriver>, (__gnu_cxx::_Lock_policy)2>::_Sp_counted_ptr_inplace<>(std::allocator<cpp_dbc::MySQL::MySQLDriver>) (shared_ptr_base.h:519)
==268755== 
==268755== 24 bytes in 1 blocks are still reachable in loss record 433 of 2,004
==268755==    at 0x4848899: malloc (in /usr/libexec/valgrind/vgpreload_memcheck-amd64-linux.so)
==268755==    by 0x562D068: OBJ_NAME_add (in /usr/lib/x86_64-linux-gnu/libcrypto.so.3)
==268755==    by 0x561D78D: ??? (in /usr/lib/x86_64-linux-gnu/libcrypto.so.3)
==268755==    by 0x522BEE7: __pthread_once_slow (pthread_once.c:116)
==268755==    by 0x5621C9C: CRYPTO_THREAD_run_once (in /usr/lib/x86_64-linux-gnu/libcrypto.so.3)
==268755==    by 0x561E9F0: OPENSSL_init_crypto (in /usr/lib/x86_64-linux-gnu/libcrypto.so.3)
==268755==    by 0x53EB9B6: OPENSSL_init_ssl (in /usr/lib/x86_64-linux-gnu/libssl.so.3)
==268755==    by 0x488FB29: mysql_server_init (in /usr/lib/x86_64-linux-gnu/libmysqlclient.so.21.2.42)
==268755==    by 0x1ED98C: cpp_dbc::MySQL::MySQLDriver::MySQLDriver() (driver_mysql.cpp:797)
==268755==    by 0x163CB6: decltype (::new ((void*)(0)) cpp_dbc::MySQL::MySQLDriver()) std::construct_at<cpp_dbc::MySQL::MySQLDriver>(cpp_dbc::MySQL::MySQLDriver*) (stl_construct.h:97)
==268755==    by 0x163D03: void std::allocator_traits<std::allocator<cpp_dbc::MySQL::MySQLDriver> >::construct<cpp_dbc::MySQL::MySQLDriver>(std::allocator<cpp_dbc::MySQL::MySQLDriver>&, cpp_dbc::MySQL::MySQLDriver*) (alloc_traits.h:518)
==268755==    by 0x163861: std::_Sp_counted_ptr_inplace<cpp_dbc::MySQL::MySQLDriver, std::allocator<cpp_dbc::MySQL::MySQLDriver>, (__gnu_cxx::_Lock_policy)2>::_Sp_counted_ptr_inplace<>(std::allocator<cpp_dbc::MySQL::MySQLDriver>) (shared_ptr_base.h:519)
==268755== 
==268755== 24 bytes in 1 blocks are still reachable in loss record 434 of 2,004
==268755==    at 0x4848899: malloc (in /usr/libexec/valgrind/vgpreload_memcheck-amd64-linux.so)
==268755==    by 0x560C185: OPENSSL_LH_insert (in /usr/lib/x86_64-linux-gnu/libcrypto.so.3)
==268755==    by 0x562D0AA: OBJ_NAME_add (in /usr/lib/x86_64-linux-gnu/libcrypto.so.3)
==268755==    by 0x561D78D: ??? (in /usr/lib/x86_64-linux-gnu/libcrypto.so.3)
==268755==    by 0x522BEE7: __pthread_once_slow (pthread_once.c:116)
==268755==    by 0x5621C9C: CRYPTO_THREAD_run_once (in /usr/lib/x86_64-linux-gnu/libcrypto.so.3)
==268755==    by 0x561E9F0: OPENSSL_init_crypto (in /usr/lib/x86_64-linux-gnu/libcrypto.so.3)
==268755==    by 0x53EB9B6: OPENSSL_init_ssl (in /usr/lib/x86_64-linux-gnu/libssl.so.3)
==268755==    by 0x488FB29: mysql_server_init (in /usr/lib/x86_64-linux-gnu/libmysqlclient.so.21.2.42)
==268755==    by 0x1ED98C: cpp_dbc::MySQL::MySQLDriver::MySQLDriver() (driver_mysql.cpp:797)
==268755==    by 0x163CB6: decltype (::new ((void*)(0)) cpp_dbc::MySQL::MySQLDriver()) std::construct_at<cpp_dbc::MySQL::MySQLDriver>(cpp_dbc::MySQL::MySQLDriver*) (stl_construct.h:97)
==268755==    by 0x163D03: void std::allocator_traits<std::allocator<cpp_dbc::MySQL::MySQLDriver> >::construct<cpp_dbc::MySQL::MySQLDriver>(std::allocator<cpp_dbc::MySQL::MySQLDriver>&, cpp_dbc::MySQL::MySQLDriver*) (alloc_traits.h:518)
==268755== 
==268755== 24 bytes in 1 blocks are still reachable in loss record 435 of 2,004
==268755==    at 0x4848899: malloc (in /usr/libexec/valgrind/vgpreload_memcheck-amd64-linux.so)
==268755==    by 0x562D068: OBJ_NAME_add (in /usr/lib/x86_64-linux-gnu/libcrypto.so.3)
==268755==    by 0x561D7A5: ??? (in /usr/lib/x86_64-linux-gnu/libcrypto.so.3)
==268755==    by 0x522BEE7: __pthread_once_slow (pthread_once.c:116)
==268755==    by 0x5621C9C: CRYPTO_THREAD_run_once (in /usr/lib/x86_64-linux-gnu/libcrypto.so.3)
==268755==    by 0x561E9F0: OPENSSL_init_crypto (in /usr/lib/x86_64-linux-gnu/libcrypto.so.3)
==268755==    by 0x53EB9B6: OPENSSL_init_ssl (in /usr/lib/x86_64-linux-gnu/libssl.so.3)
==268755==    by 0x488FB29: mysql_server_init (in /usr/lib/x86_64-linux-gnu/libmysqlclient.so.21.2.42)
==268755==    by 0x1ED98C: cpp_dbc::MySQL::MySQLDriver::MySQLDriver() (driver_mysql.cpp:797)
==268755==    by 0x163CB6: decltype (::new ((void*)(0)) cpp_dbc::MySQL::MySQLDriver()) std::construct_at<cpp_dbc::MySQL::MySQLDriver>(cpp_dbc::MySQL::MySQLDriver*) (stl_construct.h:97)
==268755==    by 0x163D03: void std::allocator_traits<std::allocator<cpp_dbc::MySQL::MySQLDriver> >::construct<cpp_dbc::MySQL::MySQLDriver>(std::allocator<cpp_dbc::MySQL::MySQLDriver>&, cpp_dbc::MySQL::MySQLDriver*) (alloc_traits.h:518)
==268755==    by 0x163861: std::_Sp_counted_ptr_inplace<cpp_dbc::MySQL::MySQLDriver, std::allocator<cpp_dbc::MySQL::MySQLDriver>, (__gnu_cxx::_Lock_policy)2>::_Sp_counted_ptr_inplace<>(std::allocator<cpp_dbc::MySQL::MySQLDriver>) (shared_ptr_base.h:519)
==268755== 
==268755== 24 bytes in 1 blocks are still reachable in loss record 436 of 2,004
==268755==    at 0x4848899: malloc (in /usr/libexec/valgrind/vgpreload_memcheck-amd64-linux.so)
==268755==    by 0x560C185: OPENSSL_LH_insert (in /usr/lib/x86_64-linux-gnu/libcrypto.so.3)
==268755==    by 0x562D0AA: OBJ_NAME_add (in /usr/lib/x86_64-linux-gnu/libcrypto.so.3)
==268755==    by 0x561D7A5: ??? (in /usr/lib/x86_64-linux-gnu/libcrypto.so.3)
==268755==    by 0x522BEE7: __pthread_once_slow (pthread_once.c:116)
==268755==    by 0x5621C9C: CRYPTO_THREAD_run_once (in /usr/lib/x86_64-linux-gnu/libcrypto.so.3)
==268755==    by 0x561E9F0: OPENSSL_init_crypto (in /usr/lib/x86_64-linux-gnu/libcrypto.so.3)
==268755==    by 0x53EB9B6: OPENSSL_init_ssl (in /usr/lib/x86_64-linux-gnu/libssl.so.3)
==268755==    by 0x488FB29: mysql_server_init (in /usr/lib/x86_64-linux-gnu/libmysqlclient.so.21.2.42)
==268755==    by 0x1ED98C: cpp_dbc::MySQL::MySQLDriver::MySQLDriver() (driver_mysql.cpp:797)
==268755==    by 0x163CB6: decltype (::new ((void*)(0)) cpp_dbc::MySQL::MySQLDriver()) std::construct_at<cpp_dbc::MySQL::MySQLDriver>(cpp_dbc::MySQL::MySQLDriver*) (stl_construct.h:97)
==268755==    by 0x163D03: void std::allocator_traits<std::allocator<cpp_dbc::MySQL::MySQLDriver> >::construct<cpp_dbc::MySQL::MySQLDriver>(std::allocator<cpp_dbc::MySQL::MySQLDriver>&, cpp_dbc::MySQL::MySQLDriver*) (alloc_traits.h:518)
==268755== 
==268755== 24 bytes in 1 blocks are still reachable in loss record 437 of 2,004
==268755==    at 0x4848899: malloc (in /usr/libexec/valgrind/vgpreload_memcheck-amd64-linux.so)
==268755==    by 0x562D068: OBJ_NAME_add (in /usr/lib/x86_64-linux-gnu/libcrypto.so.3)
==268755==    by 0x561D7BD: ??? (in /usr/lib/x86_64-linux-gnu/libcrypto.so.3)
==268755==    by 0x522BEE7: __pthread_once_slow (pthread_once.c:116)
==268755==    by 0x5621C9C: CRYPTO_THREAD_run_once (in /usr/lib/x86_64-linux-gnu/libcrypto.so.3)
==268755==    by 0x561E9F0: OPENSSL_init_crypto (in /usr/lib/x86_64-linux-gnu/libcrypto.so.3)
==268755==    by 0x53EB9B6: OPENSSL_init_ssl (in /usr/lib/x86_64-linux-gnu/libssl.so.3)
==268755==    by 0x488FB29: mysql_server_init (in /usr/lib/x86_64-linux-gnu/libmysqlclient.so.21.2.42)
==268755==    by 0x1ED98C: cpp_dbc::MySQL::MySQLDriver::MySQLDriver() (driver_mysql.cpp:797)
==268755==    by 0x163CB6: decltype (::new ((void*)(0)) cpp_dbc::MySQL::MySQLDriver()) std::construct_at<cpp_dbc::MySQL::MySQLDriver>(cpp_dbc::MySQL::MySQLDriver*) (stl_construct.h:97)
==268755==    by 0x163D03: void std::allocator_traits<std::allocator<cpp_dbc::MySQL::MySQLDriver> >::construct<cpp_dbc::MySQL::MySQLDriver>(std::allocator<cpp_dbc::MySQL::MySQLDriver>&, cpp_dbc::MySQL::MySQLDriver*) (alloc_traits.h:518)
==268755==    by 0x163861: std::_Sp_counted_ptr_inplace<cpp_dbc::MySQL::MySQLDriver, std::allocator<cpp_dbc::MySQL::MySQLDriver>, (__gnu_cxx::_Lock_policy)2>::_Sp_counted_ptr_inplace<>(std::allocator<cpp_dbc::MySQL::MySQLDriver>) (shared_ptr_base.h:519)
==268755== 
==268755== 24 bytes in 1 blocks are still reachable in loss record 438 of 2,004
==268755==    at 0x4848899: malloc (in /usr/libexec/valgrind/vgpreload_memcheck-amd64-linux.so)
==268755==    by 0x560C185: OPENSSL_LH_insert (in /usr/lib/x86_64-linux-gnu/libcrypto.so.3)
==268755==    by 0x562D0AA: OBJ_NAME_add (in /usr/lib/x86_64-linux-gnu/libcrypto.so.3)
==268755==    by 0x561D7BD: ??? (in /usr/lib/x86_64-linux-gnu/libcrypto.so.3)
==268755==    by 0x522BEE7: __pthread_once_slow (pthread_once.c:116)
==268755==    by 0x5621C9C: CRYPTO_THREAD_run_once (in /usr/lib/x86_64-linux-gnu/libcrypto.so.3)
==268755==    by 0x561E9F0: OPENSSL_init_crypto (in /usr/lib/x86_64-linux-gnu/libcrypto.so.3)
==268755==    by 0x53EB9B6: OPENSSL_init_ssl (in /usr/lib/x86_64-linux-gnu/libssl.so.3)
==268755==    by 0x488FB29: mysql_server_init (in /usr/lib/x86_64-linux-gnu/libmysqlclient.so.21.2.42)
==268755==    by 0x1ED98C: cpp_dbc::MySQL::MySQLDriver::MySQLDriver() (driver_mysql.cpp:797)
==268755==    by 0x163CB6: decltype (::new ((void*)(0)) cpp_dbc::MySQL::MySQLDriver()) std::construct_at<cpp_dbc::MySQL::MySQLDriver>(cpp_dbc::MySQL::MySQLDriver*) (stl_construct.h:97)
==268755==    by 0x163D03: void std::allocator_traits<std::allocator<cpp_dbc::MySQL::MySQLDriver> >::construct<cpp_dbc::MySQL::MySQLDriver>(std::allocator<cpp_dbc::MySQL::MySQLDriver>&, cpp_dbc::MySQL::MySQLDriver*) (alloc_traits.h:518)
==268755== 
==268755== 24 bytes in 1 blocks are still reachable in loss record 439 of 2,004
==268755==    at 0x4848899: malloc (in /usr/libexec/valgrind/vgpreload_memcheck-amd64-linux.so)
==268755==    by 0x560C185: OPENSSL_LH_insert (in /usr/lib/x86_64-linux-gnu/libcrypto.so.3)
==268755==    by 0x562D0AA: OBJ_NAME_add (in /usr/lib/x86_64-linux-gnu/libcrypto.so.3)
==268755==    by 0x55FF684: EVP_add_cipher (in /usr/lib/x86_64-linux-gnu/libcrypto.so.3)
==268755==    by 0x561D7D1: ??? (in /usr/lib/x86_64-linux-gnu/libcrypto.so.3)
==268755==    by 0x522BEE7: __pthread_once_slow (pthread_once.c:116)
==268755==    by 0x5621C9C: CRYPTO_THREAD_run_once (in /usr/lib/x86_64-linux-gnu/libcrypto.so.3)
==268755==    by 0x561E9F0: OPENSSL_init_crypto (in /usr/lib/x86_64-linux-gnu/libcrypto.so.3)
==268755==    by 0x53EB9B6: OPENSSL_init_ssl (in /usr/lib/x86_64-linux-gnu/libssl.so.3)
==268755==    by 0x488FB29: mysql_server_init (in /usr/lib/x86_64-linux-gnu/libmysqlclient.so.21.2.42)
==268755==    by 0x1ED98C: cpp_dbc::MySQL::MySQLDriver::MySQLDriver() (driver_mysql.cpp:797)
==268755==    by 0x163CB6: decltype (::new ((void*)(0)) cpp_dbc::MySQL::MySQLDriver()) std::construct_at<cpp_dbc::MySQL::MySQLDriver>(cpp_dbc::MySQL::MySQLDriver*) (stl_construct.h:97)
==268755== 
==268755== 24 bytes in 1 blocks are still reachable in loss record 440 of 2,004
==268755==    at 0x4848899: malloc (in /usr/libexec/valgrind/vgpreload_memcheck-amd64-linux.so)
==268755==    by 0x562D068: OBJ_NAME_add (in /usr/lib/x86_64-linux-gnu/libcrypto.so.3)
==268755==    by 0x561D7D1: ??? (in /usr/lib/x86_64-linux-gnu/libcrypto.so.3)
==268755==    by 0x522BEE7: __pthread_once_slow (pthread_once.c:116)
==268755==    by 0x5621C9C: CRYPTO_THREAD_run_once (in /usr/lib/x86_64-linux-gnu/libcrypto.so.3)
==268755==    by 0x561E9F0: OPENSSL_init_crypto (in /usr/lib/x86_64-linux-gnu/libcrypto.so.3)
==268755==    by 0x53EB9B6: OPENSSL_init_ssl (in /usr/lib/x86_64-linux-gnu/libssl.so.3)
==268755==    by 0x488FB29: mysql_server_init (in /usr/lib/x86_64-linux-gnu/libmysqlclient.so.21.2.42)
==268755==    by 0x1ED98C: cpp_dbc::MySQL::MySQLDriver::MySQLDriver() (driver_mysql.cpp:797)
==268755==    by 0x163CB6: decltype (::new ((void*)(0)) cpp_dbc::MySQL::MySQLDriver()) std::construct_at<cpp_dbc::MySQL::MySQLDriver>(cpp_dbc::MySQL::MySQLDriver*) (stl_construct.h:97)
==268755==    by 0x163D03: void std::allocator_traits<std::allocator<cpp_dbc::MySQL::MySQLDriver> >::construct<cpp_dbc::MySQL::MySQLDriver>(std::allocator<cpp_dbc::MySQL::MySQLDriver>&, cpp_dbc::MySQL::MySQLDriver*) (alloc_traits.h:518)
==268755==    by 0x163861: std::_Sp_counted_ptr_inplace<cpp_dbc::MySQL::MySQLDriver, std::allocator<cpp_dbc::MySQL::MySQLDriver>, (__gnu_cxx::_Lock_policy)2>::_Sp_counted_ptr_inplace<>(std::allocator<cpp_dbc::MySQL::MySQLDriver>) (shared_ptr_base.h:519)
==268755== 
==268755== 24 bytes in 1 blocks are still reachable in loss record 441 of 2,004
==268755==    at 0x4848899: malloc (in /usr/libexec/valgrind/vgpreload_memcheck-amd64-linux.so)
==268755==    by 0x560C185: OPENSSL_LH_insert (in /usr/lib/x86_64-linux-gnu/libcrypto.so.3)
==268755==    by 0x562D0AA: OBJ_NAME_add (in /usr/lib/x86_64-linux-gnu/libcrypto.so.3)
==268755==    by 0x55FF684: EVP_add_cipher (in /usr/lib/x86_64-linux-gnu/libcrypto.so.3)
==268755==    by 0x561D7DE: ??? (in /usr/lib/x86_64-linux-gnu/libcrypto.so.3)
==268755==    by 0x522BEE7: __pthread_once_slow (pthread_once.c:116)
==268755==    by 0x5621C9C: CRYPTO_THREAD_run_once (in /usr/lib/x86_64-linux-gnu/libcrypto.so.3)
==268755==    by 0x561E9F0: OPENSSL_init_crypto (in /usr/lib/x86_64-linux-gnu/libcrypto.so.3)
==268755==    by 0x53EB9B6: OPENSSL_init_ssl (in /usr/lib/x86_64-linux-gnu/libssl.so.3)
==268755==    by 0x488FB29: mysql_server_init (in /usr/lib/x86_64-linux-gnu/libmysqlclient.so.21.2.42)
==268755==    by 0x1ED98C: cpp_dbc::MySQL::MySQLDriver::MySQLDriver() (driver_mysql.cpp:797)
==268755==    by 0x163CB6: decltype (::new ((void*)(0)) cpp_dbc::MySQL::MySQLDriver()) std::construct_at<cpp_dbc::MySQL::MySQLDriver>(cpp_dbc::MySQL::MySQLDriver*) (stl_construct.h:97)
==268755== 
==268755== 24 bytes in 1 blocks are still reachable in loss record 442 of 2,004
==268755==    at 0x4848899: malloc (in /usr/libexec/valgrind/vgpreload_memcheck-amd64-linux.so)
==268755==    by 0x562D068: OBJ_NAME_add (in /usr/lib/x86_64-linux-gnu/libcrypto.so.3)
==268755==    by 0x561D7DE: ??? (in /usr/lib/x86_64-linux-gnu/libcrypto.so.3)
==268755==    by 0x522BEE7: __pthread_once_slow (pthread_once.c:116)
==268755==    by 0x5621C9C: CRYPTO_THREAD_run_once (in /usr/lib/x86_64-linux-gnu/libcrypto.so.3)
==268755==    by 0x561E9F0: OPENSSL_init_crypto (in /usr/lib/x86_64-linux-gnu/libcrypto.so.3)
==268755==    by 0x53EB9B6: OPENSSL_init_ssl (in /usr/lib/x86_64-linux-gnu/libssl.so.3)
==268755==    by 0x488FB29: mysql_server_init (in /usr/lib/x86_64-linux-gnu/libmysqlclient.so.21.2.42)
==268755==    by 0x1ED98C: cpp_dbc::MySQL::MySQLDriver::MySQLDriver() (driver_mysql.cpp:797)
==268755==    by 0x163CB6: decltype (::new ((void*)(0)) cpp_dbc::MySQL::MySQLDriver()) std::construct_at<cpp_dbc::MySQL::MySQLDriver>(cpp_dbc::MySQL::MySQLDriver*) (stl_construct.h:97)
==268755==    by 0x163D03: void std::allocator_traits<std::allocator<cpp_dbc::MySQL::MySQLDriver> >::construct<cpp_dbc::MySQL::MySQLDriver>(std::allocator<cpp_dbc::MySQL::MySQLDriver>&, cpp_dbc::MySQL::MySQLDriver*) (alloc_traits.h:518)
==268755==    by 0x163861: std::_Sp_counted_ptr_inplace<cpp_dbc::MySQL::MySQLDriver, std::allocator<cpp_dbc::MySQL::MySQLDriver>, (__gnu_cxx::_Lock_policy)2>::_Sp_counted_ptr_inplace<>(std::allocator<cpp_dbc::MySQL::MySQLDriver>) (shared_ptr_base.h:519)
==268755== 
==268755== 24 bytes in 1 blocks are still reachable in loss record 443 of 2,004
==268755==    at 0x4848899: malloc (in /usr/libexec/valgrind/vgpreload_memcheck-amd64-linux.so)
==268755==    by 0x560C185: OPENSSL_LH_insert (in /usr/lib/x86_64-linux-gnu/libcrypto.so.3)
==268755==    by 0x562D0AA: OBJ_NAME_add (in /usr/lib/x86_64-linux-gnu/libcrypto.so.3)
==268755==    by 0x55FF684: EVP_add_cipher (in /usr/lib/x86_64-linux-gnu/libcrypto.so.3)
==268755==    by 0x561D7EB: ??? (in /usr/lib/x86_64-linux-gnu/libcrypto.so.3)
==268755==    by 0x522BEE7: __pthread_once_slow (pthread_once.c:116)
==268755==    by 0x5621C9C: CRYPTO_THREAD_run_once (in /usr/lib/x86_64-linux-gnu/libcrypto.so.3)
==268755==    by 0x561E9F0: OPENSSL_init_crypto (in /usr/lib/x86_64-linux-gnu/libcrypto.so.3)
==268755==    by 0x53EB9B6: OPENSSL_init_ssl (in /usr/lib/x86_64-linux-gnu/libssl.so.3)
==268755==    by 0x488FB29: mysql_server_init (in /usr/lib/x86_64-linux-gnu/libmysqlclient.so.21.2.42)
==268755==    by 0x1ED98C: cpp_dbc::MySQL::MySQLDriver::MySQLDriver() (driver_mysql.cpp:797)
==268755==    by 0x163CB6: decltype (::new ((void*)(0)) cpp_dbc::MySQL::MySQLDriver()) std::construct_at<cpp_dbc::MySQL::MySQLDriver>(cpp_dbc::MySQL::MySQLDriver*) (stl_construct.h:97)
==268755== 
==268755== 24 bytes in 1 blocks are still reachable in loss record 444 of 2,004
==268755==    at 0x4848899: malloc (in /usr/libexec/valgrind/vgpreload_memcheck-amd64-linux.so)
==268755==    by 0x562D068: OBJ_NAME_add (in /usr/lib/x86_64-linux-gnu/libcrypto.so.3)
==268755==    by 0x561D7EB: ??? (in /usr/lib/x86_64-linux-gnu/libcrypto.so.3)
==268755==    by 0x522BEE7: __pthread_once_slow (pthread_once.c:116)
==268755==    by 0x5621C9C: CRYPTO_THREAD_run_once (in /usr/lib/x86_64-linux-gnu/libcrypto.so.3)
==268755==    by 0x561E9F0: OPENSSL_init_crypto (in /usr/lib/x86_64-linux-gnu/libcrypto.so.3)
==268755==    by 0x53EB9B6: OPENSSL_init_ssl (in /usr/lib/x86_64-linux-gnu/libssl.so.3)
==268755==    by 0x488FB29: mysql_server_init (in /usr/lib/x86_64-linux-gnu/libmysqlclient.so.21.2.42)
==268755==    by 0x1ED98C: cpp_dbc::MySQL::MySQLDriver::MySQLDriver() (driver_mysql.cpp:797)
==268755==    by 0x163CB6: decltype (::new ((void*)(0)) cpp_dbc::MySQL::MySQLDriver()) std::construct_at<cpp_dbc::MySQL::MySQLDriver>(cpp_dbc::MySQL::MySQLDriver*) (stl_construct.h:97)
==268755==    by 0x163D03: void std::allocator_traits<std::allocator<cpp_dbc::MySQL::MySQLDriver> >::construct<cpp_dbc::MySQL::MySQLDriver>(std::allocator<cpp_dbc::MySQL::MySQLDriver>&, cpp_dbc::MySQL::MySQLDriver*) (alloc_traits.h:518)
==268755==    by 0x163861: std::_Sp_counted_ptr_inplace<cpp_dbc::MySQL::MySQLDriver, std::allocator<cpp_dbc::MySQL::MySQLDriver>, (__gnu_cxx::_Lock_policy)2>::_Sp_counted_ptr_inplace<>(std::allocator<cpp_dbc::MySQL::MySQLDriver>) (shared_ptr_base.h:519)
==268755== 
==268755== 24 bytes in 1 blocks are still reachable in loss record 445 of 2,004
==268755==    at 0x4848899: malloc (in /usr/libexec/valgrind/vgpreload_memcheck-amd64-linux.so)
==268755==    by 0x560C185: OPENSSL_LH_insert (in /usr/lib/x86_64-linux-gnu/libcrypto.so.3)
==268755==    by 0x562D0AA: OBJ_NAME_add (in /usr/lib/x86_64-linux-gnu/libcrypto.so.3)
==268755==    by 0x55FF684: EVP_add_cipher (in /usr/lib/x86_64-linux-gnu/libcrypto.so.3)
==268755==    by 0x561D7F8: ??? (in /usr/lib/x86_64-linux-gnu/libcrypto.so.3)
==268755==    by 0x522BEE7: __pthread_once_slow (pthread_once.c:116)
==268755==    by 0x5621C9C: CRYPTO_THREAD_run_once (in /usr/lib/x86_64-linux-gnu/libcrypto.so.3)
==268755==    by 0x561E9F0: OPENSSL_init_crypto (in /usr/lib/x86_64-linux-gnu/libcrypto.so.3)
==268755==    by 0x53EB9B6: OPENSSL_init_ssl (in /usr/lib/x86_64-linux-gnu/libssl.so.3)
==268755==    by 0x488FB29: mysql_server_init (in /usr/lib/x86_64-linux-gnu/libmysqlclient.so.21.2.42)
==268755==    by 0x1ED98C: cpp_dbc::MySQL::MySQLDriver::MySQLDriver() (driver_mysql.cpp:797)
==268755==    by 0x163CB6: decltype (::new ((void*)(0)) cpp_dbc::MySQL::MySQLDriver()) std::construct_at<cpp_dbc::MySQL::MySQLDriver>(cpp_dbc::MySQL::MySQLDriver*) (stl_construct.h:97)
==268755== 
==268755== 24 bytes in 1 blocks are still reachable in loss record 446 of 2,004
==268755==    at 0x4848899: malloc (in /usr/libexec/valgrind/vgpreload_memcheck-amd64-linux.so)
==268755==    by 0x562D068: OBJ_NAME_add (in /usr/lib/x86_64-linux-gnu/libcrypto.so.3)
==268755==    by 0x561D7F8: ??? (in /usr/lib/x86_64-linux-gnu/libcrypto.so.3)
==268755==    by 0x522BEE7: __pthread_once_slow (pthread_once.c:116)
==268755==    by 0x5621C9C: CRYPTO_THREAD_run_once (in /usr/lib/x86_64-linux-gnu/libcrypto.so.3)
==268755==    by 0x561E9F0: OPENSSL_init_crypto (in /usr/lib/x86_64-linux-gnu/libcrypto.so.3)
==268755==    by 0x53EB9B6: OPENSSL_init_ssl (in /usr/lib/x86_64-linux-gnu/libssl.so.3)
==268755==    by 0x488FB29: mysql_server_init (in /usr/lib/x86_64-linux-gnu/libmysqlclient.so.21.2.42)
==268755==    by 0x1ED98C: cpp_dbc::MySQL::MySQLDriver::MySQLDriver() (driver_mysql.cpp:797)
==268755==    by 0x163CB6: decltype (::new ((void*)(0)) cpp_dbc::MySQL::MySQLDriver()) std::construct_at<cpp_dbc::MySQL::MySQLDriver>(cpp_dbc::MySQL::MySQLDriver*) (stl_construct.h:97)
==268755==    by 0x163D03: void std::allocator_traits<std::allocator<cpp_dbc::MySQL::MySQLDriver> >::construct<cpp_dbc::MySQL::MySQLDriver>(std::allocator<cpp_dbc::MySQL::MySQLDriver>&, cpp_dbc::MySQL::MySQLDriver*) (alloc_traits.h:518)
==268755==    by 0x163861: std::_Sp_counted_ptr_inplace<cpp_dbc::MySQL::MySQLDriver, std::allocator<cpp_dbc::MySQL::MySQLDriver>, (__gnu_cxx::_Lock_policy)2>::_Sp_counted_ptr_inplace<>(std::allocator<cpp_dbc::MySQL::MySQLDriver>) (shared_ptr_base.h:519)
==268755== 
==268755== 24 bytes in 1 blocks are still reachable in loss record 447 of 2,004
==268755==    at 0x4848899: malloc (in /usr/libexec/valgrind/vgpreload_memcheck-amd64-linux.so)
==268755==    by 0x560C185: OPENSSL_LH_insert (in /usr/lib/x86_64-linux-gnu/libcrypto.so.3)
==268755==    by 0x562D0AA: OBJ_NAME_add (in /usr/lib/x86_64-linux-gnu/libcrypto.so.3)
==268755==    by 0x561D80C: ??? (in /usr/lib/x86_64-linux-gnu/libcrypto.so.3)
==268755==    by 0x522BEE7: __pthread_once_slow (pthread_once.c:116)
==268755==    by 0x5621C9C: CRYPTO_THREAD_run_once (in /usr/lib/x86_64-linux-gnu/libcrypto.so.3)
==268755==    by 0x561E9F0: OPENSSL_init_crypto (in /usr/lib/x86_64-linux-gnu/libcrypto.so.3)
==268755==    by 0x53EB9B6: OPENSSL_init_ssl (in /usr/lib/x86_64-linux-gnu/libssl.so.3)
==268755==    by 0x488FB29: mysql_server_init (in /usr/lib/x86_64-linux-gnu/libmysqlclient.so.21.2.42)
==268755==    by 0x1ED98C: cpp_dbc::MySQL::MySQLDriver::MySQLDriver() (driver_mysql.cpp:797)
==268755==    by 0x163CB6: decltype (::new ((void*)(0)) cpp_dbc::MySQL::MySQLDriver()) std::construct_at<cpp_dbc::MySQL::MySQLDriver>(cpp_dbc::MySQL::MySQLDriver*) (stl_construct.h:97)
==268755==    by 0x163D03: void std::allocator_traits<std::allocator<cpp_dbc::MySQL::MySQLDriver> >::construct<cpp_dbc::MySQL::MySQLDriver>(std::allocator<cpp_dbc::MySQL::MySQLDriver>&, cpp_dbc::MySQL::MySQLDriver*) (alloc_traits.h:518)
==268755== 
==268755== 24 bytes in 1 blocks are still reachable in loss record 448 of 2,004
==268755==    at 0x4848899: malloc (in /usr/libexec/valgrind/vgpreload_memcheck-amd64-linux.so)
==268755==    by 0x562D068: OBJ_NAME_add (in /usr/lib/x86_64-linux-gnu/libcrypto.so.3)
==268755==    by 0x561D820: ??? (in /usr/lib/x86_64-linux-gnu/libcrypto.so.3)
==268755==    by 0x522BEE7: __pthread_once_slow (pthread_once.c:116)
==268755==    by 0x5621C9C: CRYPTO_THREAD_run_once (in /usr/lib/x86_64-linux-gnu/libcrypto.so.3)
==268755==    by 0x561E9F0: OPENSSL_init_crypto (in /usr/lib/x86_64-linux-gnu/libcrypto.so.3)
==268755==    by 0x53EB9B6: OPENSSL_init_ssl (in /usr/lib/x86_64-linux-gnu/libssl.so.3)
==268755==    by 0x488FB29: mysql_server_init (in /usr/lib/x86_64-linux-gnu/libmysqlclient.so.21.2.42)
==268755==    by 0x1ED98C: cpp_dbc::MySQL::MySQLDriver::MySQLDriver() (driver_mysql.cpp:797)
==268755==    by 0x163CB6: decltype (::new ((void*)(0)) cpp_dbc::MySQL::MySQLDriver()) std::construct_at<cpp_dbc::MySQL::MySQLDriver>(cpp_dbc::MySQL::MySQLDriver*) (stl_construct.h:97)
==268755==    by 0x163D03: void std::allocator_traits<std::allocator<cpp_dbc::MySQL::MySQLDriver> >::construct<cpp_dbc::MySQL::MySQLDriver>(std::allocator<cpp_dbc::MySQL::MySQLDriver>&, cpp_dbc::MySQL::MySQLDriver*) (alloc_traits.h:518)
==268755==    by 0x163861: std::_Sp_counted_ptr_inplace<cpp_dbc::MySQL::MySQLDriver, std::allocator<cpp_dbc::MySQL::MySQLDriver>, (__gnu_cxx::_Lock_policy)2>::_Sp_counted_ptr_inplace<>(std::allocator<cpp_dbc::MySQL::MySQLDriver>) (shared_ptr_base.h:519)
==268755== 
==268755== 24 bytes in 1 blocks are still reachable in loss record 449 of 2,004
==268755==    at 0x4848899: malloc (in /usr/libexec/valgrind/vgpreload_memcheck-amd64-linux.so)
==268755==    by 0x562D068: OBJ_NAME_add (in /usr/lib/x86_64-linux-gnu/libcrypto.so.3)
==268755==    by 0x561D834: ??? (in /usr/lib/x86_64-linux-gnu/libcrypto.so.3)
==268755==    by 0x522BEE7: __pthread_once_slow (pthread_once.c:116)
==268755==    by 0x5621C9C: CRYPTO_THREAD_run_once (in /usr/lib/x86_64-linux-gnu/libcrypto.so.3)
==268755==    by 0x561E9F0: OPENSSL_init_crypto (in /usr/lib/x86_64-linux-gnu/libcrypto.so.3)
==268755==    by 0x53EB9B6: OPENSSL_init_ssl (in /usr/lib/x86_64-linux-gnu/libssl.so.3)
==268755==    by 0x488FB29: mysql_server_init (in /usr/lib/x86_64-linux-gnu/libmysqlclient.so.21.2.42)
==268755==    by 0x1ED98C: cpp_dbc::MySQL::MySQLDriver::MySQLDriver() (driver_mysql.cpp:797)
==268755==    by 0x163CB6: decltype (::new ((void*)(0)) cpp_dbc::MySQL::MySQLDriver()) std::construct_at<cpp_dbc::MySQL::MySQLDriver>(cpp_dbc::MySQL::MySQLDriver*) (stl_construct.h:97)
==268755==    by 0x163D03: void std::allocator_traits<std::allocator<cpp_dbc::MySQL::MySQLDriver> >::construct<cpp_dbc::MySQL::MySQLDriver>(std::allocator<cpp_dbc::MySQL::MySQLDriver>&, cpp_dbc::MySQL::MySQLDriver*) (alloc_traits.h:518)
==268755==    by 0x163861: std::_Sp_counted_ptr_inplace<cpp_dbc::MySQL::MySQLDriver, std::allocator<cpp_dbc::MySQL::MySQLDriver>, (__gnu_cxx::_Lock_policy)2>::_Sp_counted_ptr_inplace<>(std::allocator<cpp_dbc::MySQL::MySQLDriver>) (shared_ptr_base.h:519)
==268755== 
==268755== 24 bytes in 1 blocks are still reachable in loss record 450 of 2,004
==268755==    at 0x4848899: malloc (in /usr/libexec/valgrind/vgpreload_memcheck-amd64-linux.so)
==268755==    by 0x560C185: OPENSSL_LH_insert (in /usr/lib/x86_64-linux-gnu/libcrypto.so.3)
==268755==    by 0x562D0AA: OBJ_NAME_add (in /usr/lib/x86_64-linux-gnu/libcrypto.so.3)
==268755==    by 0x561D834: ??? (in /usr/lib/x86_64-linux-gnu/libcrypto.so.3)
==268755==    by 0x522BEE7: __pthread_once_slow (pthread_once.c:116)
==268755==    by 0x5621C9C: CRYPTO_THREAD_run_once (in /usr/lib/x86_64-linux-gnu/libcrypto.so.3)
==268755==    by 0x561E9F0: OPENSSL_init_crypto (in /usr/lib/x86_64-linux-gnu/libcrypto.so.3)
==268755==    by 0x53EB9B6: OPENSSL_init_ssl (in /usr/lib/x86_64-linux-gnu/libssl.so.3)
==268755==    by 0x488FB29: mysql_server_init (in /usr/lib/x86_64-linux-gnu/libmysqlclient.so.21.2.42)
==268755==    by 0x1ED98C: cpp_dbc::MySQL::MySQLDriver::MySQLDriver() (driver_mysql.cpp:797)
==268755==    by 0x163CB6: decltype (::new ((void*)(0)) cpp_dbc::MySQL::MySQLDriver()) std::construct_at<cpp_dbc::MySQL::MySQLDriver>(cpp_dbc::MySQL::MySQLDriver*) (stl_construct.h:97)
==268755==    by 0x163D03: void std::allocator_traits<std::allocator<cpp_dbc::MySQL::MySQLDriver> >::construct<cpp_dbc::MySQL::MySQLDriver>(std::allocator<cpp_dbc::MySQL::MySQLDriver>&, cpp_dbc::MySQL::MySQLDriver*) (alloc_traits.h:518)
==268755== 
==268755== 24 bytes in 1 blocks are still reachable in loss record 451 of 2,004
==268755==    at 0x4848899: malloc (in /usr/libexec/valgrind/vgpreload_memcheck-amd64-linux.so)
==268755==    by 0x560C185: OPENSSL_LH_insert (in /usr/lib/x86_64-linux-gnu/libcrypto.so.3)
==268755==    by 0x562D0AA: OBJ_NAME_add (in /usr/lib/x86_64-linux-gnu/libcrypto.so.3)
==268755==    by 0x55FF684: EVP_add_cipher (in /usr/lib/x86_64-linux-gnu/libcrypto.so.3)
==268755==    by 0x561D848: ??? (in /usr/lib/x86_64-linux-gnu/libcrypto.so.3)
==268755==    by 0x522BEE7: __pthread_once_slow (pthread_once.c:116)
==268755==    by 0x5621C9C: CRYPTO_THREAD_run_once (in /usr/lib/x86_64-linux-gnu/libcrypto.so.3)
==268755==    by 0x561E9F0: OPENSSL_init_crypto (in /usr/lib/x86_64-linux-gnu/libcrypto.so.3)
==268755==    by 0x53EB9B6: OPENSSL_init_ssl (in /usr/lib/x86_64-linux-gnu/libssl.so.3)
==268755==    by 0x488FB29: mysql_server_init (in /usr/lib/x86_64-linux-gnu/libmysqlclient.so.21.2.42)
==268755==    by 0x1ED98C: cpp_dbc::MySQL::MySQLDriver::MySQLDriver() (driver_mysql.cpp:797)
==268755==    by 0x163CB6: decltype (::new ((void*)(0)) cpp_dbc::MySQL::MySQLDriver()) std::construct_at<cpp_dbc::MySQL::MySQLDriver>(cpp_dbc::MySQL::MySQLDriver*) (stl_construct.h:97)
==268755== 
==268755== 24 bytes in 1 blocks are still reachable in loss record 452 of 2,004
==268755==    at 0x4848899: malloc (in /usr/libexec/valgrind/vgpreload_memcheck-amd64-linux.so)
==268755==    by 0x562D068: OBJ_NAME_add (in /usr/lib/x86_64-linux-gnu/libcrypto.so.3)
==268755==    by 0x561D848: ??? (in /usr/lib/x86_64-linux-gnu/libcrypto.so.3)
==268755==    by 0x522BEE7: __pthread_once_slow (pthread_once.c:116)
==268755==    by 0x5621C9C: CRYPTO_THREAD_run_once (in /usr/lib/x86_64-linux-gnu/libcrypto.so.3)
==268755==    by 0x561E9F0: OPENSSL_init_crypto (in /usr/lib/x86_64-linux-gnu/libcrypto.so.3)
==268755==    by 0x53EB9B6: OPENSSL_init_ssl (in /usr/lib/x86_64-linux-gnu/libssl.so.3)
==268755==    by 0x488FB29: mysql_server_init (in /usr/lib/x86_64-linux-gnu/libmysqlclient.so.21.2.42)
==268755==    by 0x1ED98C: cpp_dbc::MySQL::MySQLDriver::MySQLDriver() (driver_mysql.cpp:797)
==268755==    by 0x163CB6: decltype (::new ((void*)(0)) cpp_dbc::MySQL::MySQLDriver()) std::construct_at<cpp_dbc::MySQL::MySQLDriver>(cpp_dbc::MySQL::MySQLDriver*) (stl_construct.h:97)
==268755==    by 0x163D03: void std::allocator_traits<std::allocator<cpp_dbc::MySQL::MySQLDriver> >::construct<cpp_dbc::MySQL::MySQLDriver>(std::allocator<cpp_dbc::MySQL::MySQLDriver>&, cpp_dbc::MySQL::MySQLDriver*) (alloc_traits.h:518)
==268755==    by 0x163861: std::_Sp_counted_ptr_inplace<cpp_dbc::MySQL::MySQLDriver, std::allocator<cpp_dbc::MySQL::MySQLDriver>, (__gnu_cxx::_Lock_policy)2>::_Sp_counted_ptr_inplace<>(std::allocator<cpp_dbc::MySQL::MySQLDriver>) (shared_ptr_base.h:519)
==268755== 
==268755== 24 bytes in 1 blocks are still reachable in loss record 453 of 2,004
==268755==    at 0x4848899: malloc (in /usr/libexec/valgrind/vgpreload_memcheck-amd64-linux.so)
==268755==    by 0x560C185: OPENSSL_LH_insert (in /usr/lib/x86_64-linux-gnu/libcrypto.so.3)
==268755==    by 0x562D0AA: OBJ_NAME_add (in /usr/lib/x86_64-linux-gnu/libcrypto.so.3)
==268755==    by 0x55FF684: EVP_add_cipher (in /usr/lib/x86_64-linux-gnu/libcrypto.so.3)
==268755==    by 0x561D855: ??? (in /usr/lib/x86_64-linux-gnu/libcrypto.so.3)
==268755==    by 0x522BEE7: __pthread_once_slow (pthread_once.c:116)
==268755==    by 0x5621C9C: CRYPTO_THREAD_run_once (in /usr/lib/x86_64-linux-gnu/libcrypto.so.3)
==268755==    by 0x561E9F0: OPENSSL_init_crypto (in /usr/lib/x86_64-linux-gnu/libcrypto.so.3)
==268755==    by 0x53EB9B6: OPENSSL_init_ssl (in /usr/lib/x86_64-linux-gnu/libssl.so.3)
==268755==    by 0x488FB29: mysql_server_init (in /usr/lib/x86_64-linux-gnu/libmysqlclient.so.21.2.42)
==268755==    by 0x1ED98C: cpp_dbc::MySQL::MySQLDriver::MySQLDriver() (driver_mysql.cpp:797)
==268755==    by 0x163CB6: decltype (::new ((void*)(0)) cpp_dbc::MySQL::MySQLDriver()) std::construct_at<cpp_dbc::MySQL::MySQLDriver>(cpp_dbc::MySQL::MySQLDriver*) (stl_construct.h:97)
==268755== 
==268755== 24 bytes in 1 blocks are still reachable in loss record 454 of 2,004
==268755==    at 0x4848899: malloc (in /usr/libexec/valgrind/vgpreload_memcheck-amd64-linux.so)
==268755==    by 0x562D068: OBJ_NAME_add (in /usr/lib/x86_64-linux-gnu/libcrypto.so.3)
==268755==    by 0x561D855: ??? (in /usr/lib/x86_64-linux-gnu/libcrypto.so.3)
==268755==    by 0x522BEE7: __pthread_once_slow (pthread_once.c:116)
==268755==    by 0x5621C9C: CRYPTO_THREAD_run_once (in /usr/lib/x86_64-linux-gnu/libcrypto.so.3)
==268755==    by 0x561E9F0: OPENSSL_init_crypto (in /usr/lib/x86_64-linux-gnu/libcrypto.so.3)
==268755==    by 0x53EB9B6: OPENSSL_init_ssl (in /usr/lib/x86_64-linux-gnu/libssl.so.3)
==268755==    by 0x488FB29: mysql_server_init (in /usr/lib/x86_64-linux-gnu/libmysqlclient.so.21.2.42)
==268755==    by 0x1ED98C: cpp_dbc::MySQL::MySQLDriver::MySQLDriver() (driver_mysql.cpp:797)
==268755==    by 0x163CB6: decltype (::new ((void*)(0)) cpp_dbc::MySQL::MySQLDriver()) std::construct_at<cpp_dbc::MySQL::MySQLDriver>(cpp_dbc::MySQL::MySQLDriver*) (stl_construct.h:97)
==268755==    by 0x163D03: void std::allocator_traits<std::allocator<cpp_dbc::MySQL::MySQLDriver> >::construct<cpp_dbc::MySQL::MySQLDriver>(std::allocator<cpp_dbc::MySQL::MySQLDriver>&, cpp_dbc::MySQL::MySQLDriver*) (alloc_traits.h:518)
==268755==    by 0x163861: std::_Sp_counted_ptr_inplace<cpp_dbc::MySQL::MySQLDriver, std::allocator<cpp_dbc::MySQL::MySQLDriver>, (__gnu_cxx::_Lock_policy)2>::_Sp_counted_ptr_inplace<>(std::allocator<cpp_dbc::MySQL::MySQLDriver>) (shared_ptr_base.h:519)
==268755== 
==268755== 24 bytes in 1 blocks are still reachable in loss record 455 of 2,004
==268755==    at 0x4848899: malloc (in /usr/libexec/valgrind/vgpreload_memcheck-amd64-linux.so)
==268755==    by 0x560C185: OPENSSL_LH_insert (in /usr/lib/x86_64-linux-gnu/libcrypto.so.3)
==268755==    by 0x562D0AA: OBJ_NAME_add (in /usr/lib/x86_64-linux-gnu/libcrypto.so.3)
==268755==    by 0x55FF684: EVP_add_cipher (in /usr/lib/x86_64-linux-gnu/libcrypto.so.3)
==268755==    by 0x561D862: ??? (in /usr/lib/x86_64-linux-gnu/libcrypto.so.3)
==268755==    by 0x522BEE7: __pthread_once_slow (pthread_once.c:116)
==268755==    by 0x5621C9C: CRYPTO_THREAD_run_once (in /usr/lib/x86_64-linux-gnu/libcrypto.so.3)
==268755==    by 0x561E9F0: OPENSSL_init_crypto (in /usr/lib/x86_64-linux-gnu/libcrypto.so.3)
==268755==    by 0x53EB9B6: OPENSSL_init_ssl (in /usr/lib/x86_64-linux-gnu/libssl.so.3)
==268755==    by 0x488FB29: mysql_server_init (in /usr/lib/x86_64-linux-gnu/libmysqlclient.so.21.2.42)
==268755==    by 0x1ED98C: cpp_dbc::MySQL::MySQLDriver::MySQLDriver() (driver_mysql.cpp:797)
==268755==    by 0x163CB6: decltype (::new ((void*)(0)) cpp_dbc::MySQL::MySQLDriver()) std::construct_at<cpp_dbc::MySQL::MySQLDriver>(cpp_dbc::MySQL::MySQLDriver*) (stl_construct.h:97)
==268755== 
==268755== 24 bytes in 1 blocks are still reachable in loss record 456 of 2,004
==268755==    at 0x4848899: malloc (in /usr/libexec/valgrind/vgpreload_memcheck-amd64-linux.so)
==268755==    by 0x562D068: OBJ_NAME_add (in /usr/lib/x86_64-linux-gnu/libcrypto.so.3)
==268755==    by 0x561D862: ??? (in /usr/lib/x86_64-linux-gnu/libcrypto.so.3)
==268755==    by 0x522BEE7: __pthread_once_slow (pthread_once.c:116)
==268755==    by 0x5621C9C: CRYPTO_THREAD_run_once (in /usr/lib/x86_64-linux-gnu/libcrypto.so.3)
==268755==    by 0x561E9F0: OPENSSL_init_crypto (in /usr/lib/x86_64-linux-gnu/libcrypto.so.3)
==268755==    by 0x53EB9B6: OPENSSL_init_ssl (in /usr/lib/x86_64-linux-gnu/libssl.so.3)
==268755==    by 0x488FB29: mysql_server_init (in /usr/lib/x86_64-linux-gnu/libmysqlclient.so.21.2.42)
==268755==    by 0x1ED98C: cpp_dbc::MySQL::MySQLDriver::MySQLDriver() (driver_mysql.cpp:797)
==268755==    by 0x163CB6: decltype (::new ((void*)(0)) cpp_dbc::MySQL::MySQLDriver()) std::construct_at<cpp_dbc::MySQL::MySQLDriver>(cpp_dbc::MySQL::MySQLDriver*) (stl_construct.h:97)
==268755==    by 0x163D03: void std::allocator_traits<std::allocator<cpp_dbc::MySQL::MySQLDriver> >::construct<cpp_dbc::MySQL::MySQLDriver>(std::allocator<cpp_dbc::MySQL::MySQLDriver>&, cpp_dbc::MySQL::MySQLDriver*) (alloc_traits.h:518)
==268755==    by 0x163861: std::_Sp_counted_ptr_inplace<cpp_dbc::MySQL::MySQLDriver, std::allocator<cpp_dbc::MySQL::MySQLDriver>, (__gnu_cxx::_Lock_policy)2>::_Sp_counted_ptr_inplace<>(std::allocator<cpp_dbc::MySQL::MySQLDriver>) (shared_ptr_base.h:519)
==268755== 
==268755== 24 bytes in 1 blocks are still reachable in loss record 457 of 2,004
==268755==    at 0x4848899: malloc (in /usr/libexec/valgrind/vgpreload_memcheck-amd64-linux.so)
==268755==    by 0x560C185: OPENSSL_LH_insert (in /usr/lib/x86_64-linux-gnu/libcrypto.so.3)
==268755==    by 0x562D0AA: OBJ_NAME_add (in /usr/lib/x86_64-linux-gnu/libcrypto.so.3)
==268755==    by 0x55FF684: EVP_add_cipher (in /usr/lib/x86_64-linux-gnu/libcrypto.so.3)
==268755==    by 0x561D86F: ??? (in /usr/lib/x86_64-linux-gnu/libcrypto.so.3)
==268755==    by 0x522BEE7: __pthread_once_slow (pthread_once.c:116)
==268755==    by 0x5621C9C: CRYPTO_THREAD_run_once (in /usr/lib/x86_64-linux-gnu/libcrypto.so.3)
==268755==    by 0x561E9F0: OPENSSL_init_crypto (in /usr/lib/x86_64-linux-gnu/libcrypto.so.3)
==268755==    by 0x53EB9B6: OPENSSL_init_ssl (in /usr/lib/x86_64-linux-gnu/libssl.so.3)
==268755==    by 0x488FB29: mysql_server_init (in /usr/lib/x86_64-linux-gnu/libmysqlclient.so.21.2.42)
==268755==    by 0x1ED98C: cpp_dbc::MySQL::MySQLDriver::MySQLDriver() (driver_mysql.cpp:797)
==268755==    by 0x163CB6: decltype (::new ((void*)(0)) cpp_dbc::MySQL::MySQLDriver()) std::construct_at<cpp_dbc::MySQL::MySQLDriver>(cpp_dbc::MySQL::MySQLDriver*) (stl_construct.h:97)
==268755== 
==268755== 24 bytes in 1 blocks are still reachable in loss record 458 of 2,004
==268755==    at 0x4848899: malloc (in /usr/libexec/valgrind/vgpreload_memcheck-amd64-linux.so)
==268755==    by 0x562D068: OBJ_NAME_add (in /usr/lib/x86_64-linux-gnu/libcrypto.so.3)
==268755==    by 0x561D86F: ??? (in /usr/lib/x86_64-linux-gnu/libcrypto.so.3)
==268755==    by 0x522BEE7: __pthread_once_slow (pthread_once.c:116)
==268755==    by 0x5621C9C: CRYPTO_THREAD_run_once (in /usr/lib/x86_64-linux-gnu/libcrypto.so.3)
==268755==    by 0x561E9F0: OPENSSL_init_crypto (in /usr/lib/x86_64-linux-gnu/libcrypto.so.3)
==268755==    by 0x53EB9B6: OPENSSL_init_ssl (in /usr/lib/x86_64-linux-gnu/libssl.so.3)
==268755==    by 0x488FB29: mysql_server_init (in /usr/lib/x86_64-linux-gnu/libmysqlclient.so.21.2.42)
==268755==    by 0x1ED98C: cpp_dbc::MySQL::MySQLDriver::MySQLDriver() (driver_mysql.cpp:797)
==268755==    by 0x163CB6: decltype (::new ((void*)(0)) cpp_dbc::MySQL::MySQLDriver()) std::construct_at<cpp_dbc::MySQL::MySQLDriver>(cpp_dbc::MySQL::MySQLDriver*) (stl_construct.h:97)
==268755==    by 0x163D03: void std::allocator_traits<std::allocator<cpp_dbc::MySQL::MySQLDriver> >::construct<cpp_dbc::MySQL::MySQLDriver>(std::allocator<cpp_dbc::MySQL::MySQLDriver>&, cpp_dbc::MySQL::MySQLDriver*) (alloc_traits.h:518)
==268755==    by 0x163861: std::_Sp_counted_ptr_inplace<cpp_dbc::MySQL::MySQLDriver, std::allocator<cpp_dbc::MySQL::MySQLDriver>, (__gnu_cxx::_Lock_policy)2>::_Sp_counted_ptr_inplace<>(std::allocator<cpp_dbc::MySQL::MySQLDriver>) (shared_ptr_base.h:519)
==268755== 
==268755== 24 bytes in 1 blocks are still reachable in loss record 459 of 2,004
==268755==    at 0x4848899: malloc (in /usr/libexec/valgrind/vgpreload_memcheck-amd64-linux.so)
==268755==    by 0x560C185: OPENSSL_LH_insert (in /usr/lib/x86_64-linux-gnu/libcrypto.so.3)
==268755==    by 0x562D0AA: OBJ_NAME_add (in /usr/lib/x86_64-linux-gnu/libcrypto.so.3)
==268755==    by 0x561D883: ??? (in /usr/lib/x86_64-linux-gnu/libcrypto.so.3)
==268755==    by 0x522BEE7: __pthread_once_slow (pthread_once.c:116)
==268755==    by 0x5621C9C: CRYPTO_THREAD_run_once (in /usr/lib/x86_64-linux-gnu/libcrypto.so.3)
==268755==    by 0x561E9F0: OPENSSL_init_crypto (in /usr/lib/x86_64-linux-gnu/libcrypto.so.3)
==268755==    by 0x53EB9B6: OPENSSL_init_ssl (in /usr/lib/x86_64-linux-gnu/libssl.so.3)
==268755==    by 0x488FB29: mysql_server_init (in /usr/lib/x86_64-linux-gnu/libmysqlclient.so.21.2.42)
==268755==    by 0x1ED98C: cpp_dbc::MySQL::MySQLDriver::MySQLDriver() (driver_mysql.cpp:797)
==268755==    by 0x163CB6: decltype (::new ((void*)(0)) cpp_dbc::MySQL::MySQLDriver()) std::construct_at<cpp_dbc::MySQL::MySQLDriver>(cpp_dbc::MySQL::MySQLDriver*) (stl_construct.h:97)
==268755==    by 0x163D03: void std::allocator_traits<std::allocator<cpp_dbc::MySQL::MySQLDriver> >::construct<cpp_dbc::MySQL::MySQLDriver>(std::allocator<cpp_dbc::MySQL::MySQLDriver>&, cpp_dbc::MySQL::MySQLDriver*) (alloc_traits.h:518)
==268755== 
==268755== 24 bytes in 1 blocks are still reachable in loss record 460 of 2,004
==268755==    at 0x4848899: malloc (in /usr/libexec/valgrind/vgpreload_memcheck-amd64-linux.so)
==268755==    by 0x562D068: OBJ_NAME_add (in /usr/lib/x86_64-linux-gnu/libcrypto.so.3)
==268755==    by 0x561D897: ??? (in /usr/lib/x86_64-linux-gnu/libcrypto.so.3)
==268755==    by 0x522BEE7: __pthread_once_slow (pthread_once.c:116)
==268755==    by 0x5621C9C: CRYPTO_THREAD_run_once (in /usr/lib/x86_64-linux-gnu/libcrypto.so.3)
==268755==    by 0x561E9F0: OPENSSL_init_crypto (in /usr/lib/x86_64-linux-gnu/libcrypto.so.3)
==268755==    by 0x53EB9B6: OPENSSL_init_ssl (in /usr/lib/x86_64-linux-gnu/libssl.so.3)
==268755==    by 0x488FB29: mysql_server_init (in /usr/lib/x86_64-linux-gnu/libmysqlclient.so.21.2.42)
==268755==    by 0x1ED98C: cpp_dbc::MySQL::MySQLDriver::MySQLDriver() (driver_mysql.cpp:797)
==268755==    by 0x163CB6: decltype (::new ((void*)(0)) cpp_dbc::MySQL::MySQLDriver()) std::construct_at<cpp_dbc::MySQL::MySQLDriver>(cpp_dbc::MySQL::MySQLDriver*) (stl_construct.h:97)
==268755==    by 0x163D03: void std::allocator_traits<std::allocator<cpp_dbc::MySQL::MySQLDriver> >::construct<cpp_dbc::MySQL::MySQLDriver>(std::allocator<cpp_dbc::MySQL::MySQLDriver>&, cpp_dbc::MySQL::MySQLDriver*) (alloc_traits.h:518)
==268755==    by 0x163861: std::_Sp_counted_ptr_inplace<cpp_dbc::MySQL::MySQLDriver, std::allocator<cpp_dbc::MySQL::MySQLDriver>, (__gnu_cxx::_Lock_policy)2>::_Sp_counted_ptr_inplace<>(std::allocator<cpp_dbc::MySQL::MySQLDriver>) (shared_ptr_base.h:519)
==268755== 
==268755== 24 bytes in 1 blocks are still reachable in loss record 461 of 2,004
==268755==    at 0x4848899: malloc (in /usr/libexec/valgrind/vgpreload_memcheck-amd64-linux.so)
==268755==    by 0x560C185: OPENSSL_LH_insert (in /usr/lib/x86_64-linux-gnu/libcrypto.so.3)
==268755==    by 0x562D0AA: OBJ_NAME_add (in /usr/lib/x86_64-linux-gnu/libcrypto.so.3)
==268755==    by 0x561D8AB: ??? (in /usr/lib/x86_64-linux-gnu/libcrypto.so.3)
==268755==    by 0x522BEE7: __pthread_once_slow (pthread_once.c:116)
==268755==    by 0x5621C9C: CRYPTO_THREAD_run_once (in /usr/lib/x86_64-linux-gnu/libcrypto.so.3)
==268755==    by 0x561E9F0: OPENSSL_init_crypto (in /usr/lib/x86_64-linux-gnu/libcrypto.so.3)
==268755==    by 0x53EB9B6: OPENSSL_init_ssl (in /usr/lib/x86_64-linux-gnu/libssl.so.3)
==268755==    by 0x488FB29: mysql_server_init (in /usr/lib/x86_64-linux-gnu/libmysqlclient.so.21.2.42)
==268755==    by 0x1ED98C: cpp_dbc::MySQL::MySQLDriver::MySQLDriver() (driver_mysql.cpp:797)
==268755==    by 0x163CB6: decltype (::new ((void*)(0)) cpp_dbc::MySQL::MySQLDriver()) std::construct_at<cpp_dbc::MySQL::MySQLDriver>(cpp_dbc::MySQL::MySQLDriver*) (stl_construct.h:97)
==268755==    by 0x163D03: void std::allocator_traits<std::allocator<cpp_dbc::MySQL::MySQLDriver> >::construct<cpp_dbc::MySQL::MySQLDriver>(std::allocator<cpp_dbc::MySQL::MySQLDriver>&, cpp_dbc::MySQL::MySQLDriver*) (alloc_traits.h:518)
==268755== 
==268755== 24 bytes in 1 blocks are still reachable in loss record 462 of 2,004
==268755==    at 0x4848899: malloc (in /usr/libexec/valgrind/vgpreload_memcheck-amd64-linux.so)
==268755==    by 0x562D068: OBJ_NAME_add (in /usr/lib/x86_64-linux-gnu/libcrypto.so.3)
==268755==    by 0x561D8BF: ??? (in /usr/lib/x86_64-linux-gnu/libcrypto.so.3)
==268755==    by 0x522BEE7: __pthread_once_slow (pthread_once.c:116)
==268755==    by 0x5621C9C: CRYPTO_THREAD_run_once (in /usr/lib/x86_64-linux-gnu/libcrypto.so.3)
==268755==    by 0x561E9F0: OPENSSL_init_crypto (in /usr/lib/x86_64-linux-gnu/libcrypto.so.3)
==268755==    by 0x53EB9B6: OPENSSL_init_ssl (in /usr/lib/x86_64-linux-gnu/libssl.so.3)
==268755==    by 0x488FB29: mysql_server_init (in /usr/lib/x86_64-linux-gnu/libmysqlclient.so.21.2.42)
==268755==    by 0x1ED98C: cpp_dbc::MySQL::MySQLDriver::MySQLDriver() (driver_mysql.cpp:797)
==268755==    by 0x163CB6: decltype (::new ((void*)(0)) cpp_dbc::MySQL::MySQLDriver()) std::construct_at<cpp_dbc::MySQL::MySQLDriver>(cpp_dbc::MySQL::MySQLDriver*) (stl_construct.h:97)
==268755==    by 0x163D03: void std::allocator_traits<std::allocator<cpp_dbc::MySQL::MySQLDriver> >::construct<cpp_dbc::MySQL::MySQLDriver>(std::allocator<cpp_dbc::MySQL::MySQLDriver>&, cpp_dbc::MySQL::MySQLDriver*) (alloc_traits.h:518)
==268755==    by 0x163861: std::_Sp_counted_ptr_inplace<cpp_dbc::MySQL::MySQLDriver, std::allocator<cpp_dbc::MySQL::MySQLDriver>, (__gnu_cxx::_Lock_policy)2>::_Sp_counted_ptr_inplace<>(std::allocator<cpp_dbc::MySQL::MySQLDriver>) (shared_ptr_base.h:519)
==268755== 
==268755== 24 bytes in 1 blocks are still reachable in loss record 463 of 2,004
==268755==    at 0x4848899: malloc (in /usr/libexec/valgrind/vgpreload_memcheck-amd64-linux.so)
==268755==    by 0x560C185: OPENSSL_LH_insert (in /usr/lib/x86_64-linux-gnu/libcrypto.so.3)
==268755==    by 0x562D0AA: OBJ_NAME_add (in /usr/lib/x86_64-linux-gnu/libcrypto.so.3)
==268755==    by 0x55FF684: EVP_add_cipher (in /usr/lib/x86_64-linux-gnu/libcrypto.so.3)
==268755==    by 0x561D8D3: ??? (in /usr/lib/x86_64-linux-gnu/libcrypto.so.3)
==268755==    by 0x522BEE7: __pthread_once_slow (pthread_once.c:116)
==268755==    by 0x5621C9C: CRYPTO_THREAD_run_once (in /usr/lib/x86_64-linux-gnu/libcrypto.so.3)
==268755==    by 0x561E9F0: OPENSSL_init_crypto (in /usr/lib/x86_64-linux-gnu/libcrypto.so.3)
==268755==    by 0x53EB9B6: OPENSSL_init_ssl (in /usr/lib/x86_64-linux-gnu/libssl.so.3)
==268755==    by 0x488FB29: mysql_server_init (in /usr/lib/x86_64-linux-gnu/libmysqlclient.so.21.2.42)
==268755==    by 0x1ED98C: cpp_dbc::MySQL::MySQLDriver::MySQLDriver() (driver_mysql.cpp:797)
==268755==    by 0x163CB6: decltype (::new ((void*)(0)) cpp_dbc::MySQL::MySQLDriver()) std::construct_at<cpp_dbc::MySQL::MySQLDriver>(cpp_dbc::MySQL::MySQLDriver*) (stl_construct.h:97)
==268755== 
==268755== 24 bytes in 1 blocks are still reachable in loss record 464 of 2,004
==268755==    at 0x4848899: malloc (in /usr/libexec/valgrind/vgpreload_memcheck-amd64-linux.so)
==268755==    by 0x562D068: OBJ_NAME_add (in /usr/lib/x86_64-linux-gnu/libcrypto.so.3)
==268755==    by 0x561D8D3: ??? (in /usr/lib/x86_64-linux-gnu/libcrypto.so.3)
==268755==    by 0x522BEE7: __pthread_once_slow (pthread_once.c:116)
==268755==    by 0x5621C9C: CRYPTO_THREAD_run_once (in /usr/lib/x86_64-linux-gnu/libcrypto.so.3)
==268755==    by 0x561E9F0: OPENSSL_init_crypto (in /usr/lib/x86_64-linux-gnu/libcrypto.so.3)
==268755==    by 0x53EB9B6: OPENSSL_init_ssl (in /usr/lib/x86_64-linux-gnu/libssl.so.3)
==268755==    by 0x488FB29: mysql_server_init (in /usr/lib/x86_64-linux-gnu/libmysqlclient.so.21.2.42)
==268755==    by 0x1ED98C: cpp_dbc::MySQL::MySQLDriver::MySQLDriver() (driver_mysql.cpp:797)
==268755==    by 0x163CB6: decltype (::new ((void*)(0)) cpp_dbc::MySQL::MySQLDriver()) std::construct_at<cpp_dbc::MySQL::MySQLDriver>(cpp_dbc::MySQL::MySQLDriver*) (stl_construct.h:97)
==268755==    by 0x163D03: void std::allocator_traits<std::allocator<cpp_dbc::MySQL::MySQLDriver> >::construct<cpp_dbc::MySQL::MySQLDriver>(std::allocator<cpp_dbc::MySQL::MySQLDriver>&, cpp_dbc::MySQL::MySQLDriver*) (alloc_traits.h:518)
==268755==    by 0x163861: std::_Sp_counted_ptr_inplace<cpp_dbc::MySQL::MySQLDriver, std::allocator<cpp_dbc::MySQL::MySQLDriver>, (__gnu_cxx::_Lock_policy)2>::_Sp_counted_ptr_inplace<>(std::allocator<cpp_dbc::MySQL::MySQLDriver>) (shared_ptr_base.h:519)
==268755== 
==268755== 24 bytes in 1 blocks are still reachable in loss record 465 of 2,004
==268755==    at 0x4848899: malloc (in /usr/libexec/valgrind/vgpreload_memcheck-amd64-linux.so)
==268755==    by 0x560C185: OPENSSL_LH_insert (in /usr/lib/x86_64-linux-gnu/libcrypto.so.3)
==268755==    by 0x562D0AA: OBJ_NAME_add (in /usr/lib/x86_64-linux-gnu/libcrypto.so.3)
==268755==    by 0x55FF684: EVP_add_cipher (in /usr/lib/x86_64-linux-gnu/libcrypto.so.3)
==268755==    by 0x561D8E0: ??? (in /usr/lib/x86_64-linux-gnu/libcrypto.so.3)
==268755==    by 0x522BEE7: __pthread_once_slow (pthread_once.c:116)
==268755==    by 0x5621C9C: CRYPTO_THREAD_run_once (in /usr/lib/x86_64-linux-gnu/libcrypto.so.3)
==268755==    by 0x561E9F0: OPENSSL_init_crypto (in /usr/lib/x86_64-linux-gnu/libcrypto.so.3)
==268755==    by 0x53EB9B6: OPENSSL_init_ssl (in /usr/lib/x86_64-linux-gnu/libssl.so.3)
==268755==    by 0x488FB29: mysql_server_init (in /usr/lib/x86_64-linux-gnu/libmysqlclient.so.21.2.42)
==268755==    by 0x1ED98C: cpp_dbc::MySQL::MySQLDriver::MySQLDriver() (driver_mysql.cpp:797)
==268755==    by 0x163CB6: decltype (::new ((void*)(0)) cpp_dbc::MySQL::MySQLDriver()) std::construct_at<cpp_dbc::MySQL::MySQLDriver>(cpp_dbc::MySQL::MySQLDriver*) (stl_construct.h:97)
==268755== 
==268755== 24 bytes in 1 blocks are still reachable in loss record 466 of 2,004
==268755==    at 0x4848899: malloc (in /usr/libexec/valgrind/vgpreload_memcheck-amd64-linux.so)
==268755==    by 0x562D068: OBJ_NAME_add (in /usr/lib/x86_64-linux-gnu/libcrypto.so.3)
==268755==    by 0x561D8E0: ??? (in /usr/lib/x86_64-linux-gnu/libcrypto.so.3)
==268755==    by 0x522BEE7: __pthread_once_slow (pthread_once.c:116)
==268755==    by 0x5621C9C: CRYPTO_THREAD_run_once (in /usr/lib/x86_64-linux-gnu/libcrypto.so.3)
==268755==    by 0x561E9F0: OPENSSL_init_crypto (in /usr/lib/x86_64-linux-gnu/libcrypto.so.3)
==268755==    by 0x53EB9B6: OPENSSL_init_ssl (in /usr/lib/x86_64-linux-gnu/libssl.so.3)
==268755==    by 0x488FB29: mysql_server_init (in /usr/lib/x86_64-linux-gnu/libmysqlclient.so.21.2.42)
==268755==    by 0x1ED98C: cpp_dbc::MySQL::MySQLDriver::MySQLDriver() (driver_mysql.cpp:797)
==268755==    by 0x163CB6: decltype (::new ((void*)(0)) cpp_dbc::MySQL::MySQLDriver()) std::construct_at<cpp_dbc::MySQL::MySQLDriver>(cpp_dbc::MySQL::MySQLDriver*) (stl_construct.h:97)
==268755==    by 0x163D03: void std::allocator_traits<std::allocator<cpp_dbc::MySQL::MySQLDriver> >::construct<cpp_dbc::MySQL::MySQLDriver>(std::allocator<cpp_dbc::MySQL::MySQLDriver>&, cpp_dbc::MySQL::MySQLDriver*) (alloc_traits.h:518)
==268755==    by 0x163861: std::_Sp_counted_ptr_inplace<cpp_dbc::MySQL::MySQLDriver, std::allocator<cpp_dbc::MySQL::MySQLDriver>, (__gnu_cxx::_Lock_policy)2>::_Sp_counted_ptr_inplace<>(std::allocator<cpp_dbc::MySQL::MySQLDriver>) (shared_ptr_base.h:519)
==268755== 
==268755== 24 bytes in 1 blocks are still reachable in loss record 467 of 2,004
==268755==    at 0x4848899: malloc (in /usr/libexec/valgrind/vgpreload_memcheck-amd64-linux.so)
==268755==    by 0x560C185: OPENSSL_LH_insert (in /usr/lib/x86_64-linux-gnu/libcrypto.so.3)
==268755==    by 0x562D0AA: OBJ_NAME_add (in /usr/lib/x86_64-linux-gnu/libcrypto.so.3)
==268755==    by 0x55FF684: EVP_add_cipher (in /usr/lib/x86_64-linux-gnu/libcrypto.so.3)
==268755==    by 0x561D8ED: ??? (in /usr/lib/x86_64-linux-gnu/libcrypto.so.3)
==268755==    by 0x522BEE7: __pthread_once_slow (pthread_once.c:116)
==268755==    by 0x5621C9C: CRYPTO_THREAD_run_once (in /usr/lib/x86_64-linux-gnu/libcrypto.so.3)
==268755==    by 0x561E9F0: OPENSSL_init_crypto (in /usr/lib/x86_64-linux-gnu/libcrypto.so.3)
==268755==    by 0x53EB9B6: OPENSSL_init_ssl (in /usr/lib/x86_64-linux-gnu/libssl.so.3)
==268755==    by 0x488FB29: mysql_server_init (in /usr/lib/x86_64-linux-gnu/libmysqlclient.so.21.2.42)
==268755==    by 0x1ED98C: cpp_dbc::MySQL::MySQLDriver::MySQLDriver() (driver_mysql.cpp:797)
==268755==    by 0x163CB6: decltype (::new ((void*)(0)) cpp_dbc::MySQL::MySQLDriver()) std::construct_at<cpp_dbc::MySQL::MySQLDriver>(cpp_dbc::MySQL::MySQLDriver*) (stl_construct.h:97)
==268755== 
==268755== 24 bytes in 1 blocks are still reachable in loss record 468 of 2,004
==268755==    at 0x4848899: malloc (in /usr/libexec/valgrind/vgpreload_memcheck-amd64-linux.so)
==268755==    by 0x562D068: OBJ_NAME_add (in /usr/lib/x86_64-linux-gnu/libcrypto.so.3)
==268755==    by 0x561D8ED: ??? (in /usr/lib/x86_64-linux-gnu/libcrypto.so.3)
==268755==    by 0x522BEE7: __pthread_once_slow (pthread_once.c:116)
==268755==    by 0x5621C9C: CRYPTO_THREAD_run_once (in /usr/lib/x86_64-linux-gnu/libcrypto.so.3)
==268755==    by 0x561E9F0: OPENSSL_init_crypto (in /usr/lib/x86_64-linux-gnu/libcrypto.so.3)
==268755==    by 0x53EB9B6: OPENSSL_init_ssl (in /usr/lib/x86_64-linux-gnu/libssl.so.3)
==268755==    by 0x488FB29: mysql_server_init (in /usr/lib/x86_64-linux-gnu/libmysqlclient.so.21.2.42)
==268755==    by 0x1ED98C: cpp_dbc::MySQL::MySQLDriver::MySQLDriver() (driver_mysql.cpp:797)
==268755==    by 0x163CB6: decltype (::new ((void*)(0)) cpp_dbc::MySQL::MySQLDriver()) std::construct_at<cpp_dbc::MySQL::MySQLDriver>(cpp_dbc::MySQL::MySQLDriver*) (stl_construct.h:97)
==268755==    by 0x163D03: void std::allocator_traits<std::allocator<cpp_dbc::MySQL::MySQLDriver> >::construct<cpp_dbc::MySQL::MySQLDriver>(std::allocator<cpp_dbc::MySQL::MySQLDriver>&, cpp_dbc::MySQL::MySQLDriver*) (alloc_traits.h:518)
==268755==    by 0x163861: std::_Sp_counted_ptr_inplace<cpp_dbc::MySQL::MySQLDriver, std::allocator<cpp_dbc::MySQL::MySQLDriver>, (__gnu_cxx::_Lock_policy)2>::_Sp_counted_ptr_inplace<>(std::allocator<cpp_dbc::MySQL::MySQLDriver>) (shared_ptr_base.h:519)
==268755== 
==268755== 24 bytes in 1 blocks are still reachable in loss record 469 of 2,004
==268755==    at 0x4848899: malloc (in /usr/libexec/valgrind/vgpreload_memcheck-amd64-linux.so)
==268755==    by 0x560C185: OPENSSL_LH_insert (in /usr/lib/x86_64-linux-gnu/libcrypto.so.3)
==268755==    by 0x562D0AA: OBJ_NAME_add (in /usr/lib/x86_64-linux-gnu/libcrypto.so.3)
==268755==    by 0x55FF684: EVP_add_cipher (in /usr/lib/x86_64-linux-gnu/libcrypto.so.3)
==268755==    by 0x561D8FA: ??? (in /usr/lib/x86_64-linux-gnu/libcrypto.so.3)
==268755==    by 0x522BEE7: __pthread_once_slow (pthread_once.c:116)
==268755==    by 0x5621C9C: CRYPTO_THREAD_run_once (in /usr/lib/x86_64-linux-gnu/libcrypto.so.3)
==268755==    by 0x561E9F0: OPENSSL_init_crypto (in /usr/lib/x86_64-linux-gnu/libcrypto.so.3)
==268755==    by 0x53EB9B6: OPENSSL_init_ssl (in /usr/lib/x86_64-linux-gnu/libssl.so.3)
==268755==    by 0x488FB29: mysql_server_init (in /usr/lib/x86_64-linux-gnu/libmysqlclient.so.21.2.42)
==268755==    by 0x1ED98C: cpp_dbc::MySQL::MySQLDriver::MySQLDriver() (driver_mysql.cpp:797)
==268755==    by 0x163CB6: decltype (::new ((void*)(0)) cpp_dbc::MySQL::MySQLDriver()) std::construct_at<cpp_dbc::MySQL::MySQLDriver>(cpp_dbc::MySQL::MySQLDriver*) (stl_construct.h:97)
==268755== 
==268755== 24 bytes in 1 blocks are still reachable in loss record 470 of 2,004
==268755==    at 0x4848899: malloc (in /usr/libexec/valgrind/vgpreload_memcheck-amd64-linux.so)
==268755==    by 0x562D068: OBJ_NAME_add (in /usr/lib/x86_64-linux-gnu/libcrypto.so.3)
==268755==    by 0x561D8FA: ??? (in /usr/lib/x86_64-linux-gnu/libcrypto.so.3)
==268755==    by 0x522BEE7: __pthread_once_slow (pthread_once.c:116)
==268755==    by 0x5621C9C: CRYPTO_THREAD_run_once (in /usr/lib/x86_64-linux-gnu/libcrypto.so.3)
==268755==    by 0x561E9F0: OPENSSL_init_crypto (in /usr/lib/x86_64-linux-gnu/libcrypto.so.3)
==268755==    by 0x53EB9B6: OPENSSL_init_ssl (in /usr/lib/x86_64-linux-gnu/libssl.so.3)
==268755==    by 0x488FB29: mysql_server_init (in /usr/lib/x86_64-linux-gnu/libmysqlclient.so.21.2.42)
==268755==    by 0x1ED98C: cpp_dbc::MySQL::MySQLDriver::MySQLDriver() (driver_mysql.cpp:797)
==268755==    by 0x163CB6: decltype (::new ((void*)(0)) cpp_dbc::MySQL::MySQLDriver()) std::construct_at<cpp_dbc::MySQL::MySQLDriver>(cpp_dbc::MySQL::MySQLDriver*) (stl_construct.h:97)
==268755==    by 0x163D03: void std::allocator_traits<std::allocator<cpp_dbc::MySQL::MySQLDriver> >::construct<cpp_dbc::MySQL::MySQLDriver>(std::allocator<cpp_dbc::MySQL::MySQLDriver>&, cpp_dbc::MySQL::MySQLDriver*) (alloc_traits.h:518)
==268755==    by 0x163861: std::_Sp_counted_ptr_inplace<cpp_dbc::MySQL::MySQLDriver, std::allocator<cpp_dbc::MySQL::MySQLDriver>, (__gnu_cxx::_Lock_policy)2>::_Sp_counted_ptr_inplace<>(std::allocator<cpp_dbc::MySQL::MySQLDriver>) (shared_ptr_base.h:519)
==268755== 
==268755== 24 bytes in 1 blocks are still reachable in loss record 471 of 2,004
==268755==    at 0x4848899: malloc (in /usr/libexec/valgrind/vgpreload_memcheck-amd64-linux.so)
==268755==    by 0x560C185: OPENSSL_LH_insert (in /usr/lib/x86_64-linux-gnu/libcrypto.so.3)
==268755==    by 0x562D0AA: OBJ_NAME_add (in /usr/lib/x86_64-linux-gnu/libcrypto.so.3)
==268755==    by 0x55FF684: EVP_add_cipher (in /usr/lib/x86_64-linux-gnu/libcrypto.so.3)
==268755==    by 0x561D907: ??? (in /usr/lib/x86_64-linux-gnu/libcrypto.so.3)
==268755==    by 0x522BEE7: __pthread_once_slow (pthread_once.c:116)
==268755==    by 0x5621C9C: CRYPTO_THREAD_run_once (in /usr/lib/x86_64-linux-gnu/libcrypto.so.3)
==268755==    by 0x561E9F0: OPENSSL_init_crypto (in /usr/lib/x86_64-linux-gnu/libcrypto.so.3)
==268755==    by 0x53EB9B6: OPENSSL_init_ssl (in /usr/lib/x86_64-linux-gnu/libssl.so.3)
==268755==    by 0x488FB29: mysql_server_init (in /usr/lib/x86_64-linux-gnu/libmysqlclient.so.21.2.42)
==268755==    by 0x1ED98C: cpp_dbc::MySQL::MySQLDriver::MySQLDriver() (driver_mysql.cpp:797)
==268755==    by 0x163CB6: decltype (::new ((void*)(0)) cpp_dbc::MySQL::MySQLDriver()) std::construct_at<cpp_dbc::MySQL::MySQLDriver>(cpp_dbc::MySQL::MySQLDriver*) (stl_construct.h:97)
==268755== 
==268755== 24 bytes in 1 blocks are still reachable in loss record 472 of 2,004
==268755==    at 0x4848899: malloc (in /usr/libexec/valgrind/vgpreload_memcheck-amd64-linux.so)
==268755==    by 0x562D068: OBJ_NAME_add (in /usr/lib/x86_64-linux-gnu/libcrypto.so.3)
==268755==    by 0x561D907: ??? (in /usr/lib/x86_64-linux-gnu/libcrypto.so.3)
==268755==    by 0x522BEE7: __pthread_once_slow (pthread_once.c:116)
==268755==    by 0x5621C9C: CRYPTO_THREAD_run_once (in /usr/lib/x86_64-linux-gnu/libcrypto.so.3)
==268755==    by 0x561E9F0: OPENSSL_init_crypto (in /usr/lib/x86_64-linux-gnu/libcrypto.so.3)
==268755==    by 0x53EB9B6: OPENSSL_init_ssl (in /usr/lib/x86_64-linux-gnu/libssl.so.3)
==268755==    by 0x488FB29: mysql_server_init (in /usr/lib/x86_64-linux-gnu/libmysqlclient.so.21.2.42)
==268755==    by 0x1ED98C: cpp_dbc::MySQL::MySQLDriver::MySQLDriver() (driver_mysql.cpp:797)
==268755==    by 0x163CB6: decltype (::new ((void*)(0)) cpp_dbc::MySQL::MySQLDriver()) std::construct_at<cpp_dbc::MySQL::MySQLDriver>(cpp_dbc::MySQL::MySQLDriver*) (stl_construct.h:97)
==268755==    by 0x163D03: void std::allocator_traits<std::allocator<cpp_dbc::MySQL::MySQLDriver> >::construct<cpp_dbc::MySQL::MySQLDriver>(std::allocator<cpp_dbc::MySQL::MySQLDriver>&, cpp_dbc::MySQL::MySQLDriver*) (alloc_traits.h:518)
==268755==    by 0x163861: std::_Sp_counted_ptr_inplace<cpp_dbc::MySQL::MySQLDriver, std::allocator<cpp_dbc::MySQL::MySQLDriver>, (__gnu_cxx::_Lock_policy)2>::_Sp_counted_ptr_inplace<>(std::allocator<cpp_dbc::MySQL::MySQLDriver>) (shared_ptr_base.h:519)
==268755== 
==268755== 24 bytes in 1 blocks are still reachable in loss record 473 of 2,004
==268755==    at 0x4848899: malloc (in /usr/libexec/valgrind/vgpreload_memcheck-amd64-linux.so)
==268755==    by 0x560C185: OPENSSL_LH_insert (in /usr/lib/x86_64-linux-gnu/libcrypto.so.3)
==268755==    by 0x562D0AA: OBJ_NAME_add (in /usr/lib/x86_64-linux-gnu/libcrypto.so.3)
==268755==    by 0x55FF684: EVP_add_cipher (in /usr/lib/x86_64-linux-gnu/libcrypto.so.3)
==268755==    by 0x561D914: ??? (in /usr/lib/x86_64-linux-gnu/libcrypto.so.3)
==268755==    by 0x522BEE7: __pthread_once_slow (pthread_once.c:116)
==268755==    by 0x5621C9C: CRYPTO_THREAD_run_once (in /usr/lib/x86_64-linux-gnu/libcrypto.so.3)
==268755==    by 0x561E9F0: OPENSSL_init_crypto (in /usr/lib/x86_64-linux-gnu/libcrypto.so.3)
==268755==    by 0x53EB9B6: OPENSSL_init_ssl (in /usr/lib/x86_64-linux-gnu/libssl.so.3)
==268755==    by 0x488FB29: mysql_server_init (in /usr/lib/x86_64-linux-gnu/libmysqlclient.so.21.2.42)
==268755==    by 0x1ED98C: cpp_dbc::MySQL::MySQLDriver::MySQLDriver() (driver_mysql.cpp:797)
==268755==    by 0x163CB6: decltype (::new ((void*)(0)) cpp_dbc::MySQL::MySQLDriver()) std::construct_at<cpp_dbc::MySQL::MySQLDriver>(cpp_dbc::MySQL::MySQLDriver*) (stl_construct.h:97)
==268755== 
==268755== 24 bytes in 1 blocks are still reachable in loss record 474 of 2,004
==268755==    at 0x4848899: malloc (in /usr/libexec/valgrind/vgpreload_memcheck-amd64-linux.so)
==268755==    by 0x562D068: OBJ_NAME_add (in /usr/lib/x86_64-linux-gnu/libcrypto.so.3)
==268755==    by 0x561D914: ??? (in /usr/lib/x86_64-linux-gnu/libcrypto.so.3)
==268755==    by 0x522BEE7: __pthread_once_slow (pthread_once.c:116)
==268755==    by 0x5621C9C: CRYPTO_THREAD_run_once (in /usr/lib/x86_64-linux-gnu/libcrypto.so.3)
==268755==    by 0x561E9F0: OPENSSL_init_crypto (in /usr/lib/x86_64-linux-gnu/libcrypto.so.3)
==268755==    by 0x53EB9B6: OPENSSL_init_ssl (in /usr/lib/x86_64-linux-gnu/libssl.so.3)
==268755==    by 0x488FB29: mysql_server_init (in /usr/lib/x86_64-linux-gnu/libmysqlclient.so.21.2.42)
==268755==    by 0x1ED98C: cpp_dbc::MySQL::MySQLDriver::MySQLDriver() (driver_mysql.cpp:797)
==268755==    by 0x163CB6: decltype (::new ((void*)(0)) cpp_dbc::MySQL::MySQLDriver()) std::construct_at<cpp_dbc::MySQL::MySQLDriver>(cpp_dbc::MySQL::MySQLDriver*) (stl_construct.h:97)
==268755==    by 0x163D03: void std::allocator_traits<std::allocator<cpp_dbc::MySQL::MySQLDriver> >::construct<cpp_dbc::MySQL::MySQLDriver>(std::allocator<cpp_dbc::MySQL::MySQLDriver>&, cpp_dbc::MySQL::MySQLDriver*) (alloc_traits.h:518)
==268755==    by 0x163861: std::_Sp_counted_ptr_inplace<cpp_dbc::MySQL::MySQLDriver, std::allocator<cpp_dbc::MySQL::MySQLDriver>, (__gnu_cxx::_Lock_policy)2>::_Sp_counted_ptr_inplace<>(std::allocator<cpp_dbc::MySQL::MySQLDriver>) (shared_ptr_base.h:519)
==268755== 
==268755== 24 bytes in 1 blocks are still reachable in loss record 475 of 2,004
==268755==    at 0x4848899: malloc (in /usr/libexec/valgrind/vgpreload_memcheck-amd64-linux.so)
==268755==    by 0x560C185: OPENSSL_LH_insert (in /usr/lib/x86_64-linux-gnu/libcrypto.so.3)
==268755==    by 0x562D0AA: OBJ_NAME_add (in /usr/lib/x86_64-linux-gnu/libcrypto.so.3)
==268755==    by 0x55FF684: EVP_add_cipher (in /usr/lib/x86_64-linux-gnu/libcrypto.so.3)
==268755==    by 0x561D921: ??? (in /usr/lib/x86_64-linux-gnu/libcrypto.so.3)
==268755==    by 0x522BEE7: __pthread_once_slow (pthread_once.c:116)
==268755==    by 0x5621C9C: CRYPTO_THREAD_run_once (in /usr/lib/x86_64-linux-gnu/libcrypto.so.3)
==268755==    by 0x561E9F0: OPENSSL_init_crypto (in /usr/lib/x86_64-linux-gnu/libcrypto.so.3)
==268755==    by 0x53EB9B6: OPENSSL_init_ssl (in /usr/lib/x86_64-linux-gnu/libssl.so.3)
==268755==    by 0x488FB29: mysql_server_init (in /usr/lib/x86_64-linux-gnu/libmysqlclient.so.21.2.42)
==268755==    by 0x1ED98C: cpp_dbc::MySQL::MySQLDriver::MySQLDriver() (driver_mysql.cpp:797)
==268755==    by 0x163CB6: decltype (::new ((void*)(0)) cpp_dbc::MySQL::MySQLDriver()) std::construct_at<cpp_dbc::MySQL::MySQLDriver>(cpp_dbc::MySQL::MySQLDriver*) (stl_construct.h:97)
==268755== 
==268755== 24 bytes in 1 blocks are still reachable in loss record 476 of 2,004
==268755==    at 0x4848899: malloc (in /usr/libexec/valgrind/vgpreload_memcheck-amd64-linux.so)
==268755==    by 0x562D068: OBJ_NAME_add (in /usr/lib/x86_64-linux-gnu/libcrypto.so.3)
==268755==    by 0x561D921: ??? (in /usr/lib/x86_64-linux-gnu/libcrypto.so.3)
==268755==    by 0x522BEE7: __pthread_once_slow (pthread_once.c:116)
==268755==    by 0x5621C9C: CRYPTO_THREAD_run_once (in /usr/lib/x86_64-linux-gnu/libcrypto.so.3)
==268755==    by 0x561E9F0: OPENSSL_init_crypto (in /usr/lib/x86_64-linux-gnu/libcrypto.so.3)
==268755==    by 0x53EB9B6: OPENSSL_init_ssl (in /usr/lib/x86_64-linux-gnu/libssl.so.3)
==268755==    by 0x488FB29: mysql_server_init (in /usr/lib/x86_64-linux-gnu/libmysqlclient.so.21.2.42)
==268755==    by 0x1ED98C: cpp_dbc::MySQL::MySQLDriver::MySQLDriver() (driver_mysql.cpp:797)
==268755==    by 0x163CB6: decltype (::new ((void*)(0)) cpp_dbc::MySQL::MySQLDriver()) std::construct_at<cpp_dbc::MySQL::MySQLDriver>(cpp_dbc::MySQL::MySQLDriver*) (stl_construct.h:97)
==268755==    by 0x163D03: void std::allocator_traits<std::allocator<cpp_dbc::MySQL::MySQLDriver> >::construct<cpp_dbc::MySQL::MySQLDriver>(std::allocator<cpp_dbc::MySQL::MySQLDriver>&, cpp_dbc::MySQL::MySQLDriver*) (alloc_traits.h:518)
==268755==    by 0x163861: std::_Sp_counted_ptr_inplace<cpp_dbc::MySQL::MySQLDriver, std::allocator<cpp_dbc::MySQL::MySQLDriver>, (__gnu_cxx::_Lock_policy)2>::_Sp_counted_ptr_inplace<>(std::allocator<cpp_dbc::MySQL::MySQLDriver>) (shared_ptr_base.h:519)
==268755== 
==268755== 24 bytes in 1 blocks are still reachable in loss record 477 of 2,004
==268755==    at 0x4848899: malloc (in /usr/libexec/valgrind/vgpreload_memcheck-amd64-linux.so)
==268755==    by 0x562D068: OBJ_NAME_add (in /usr/lib/x86_64-linux-gnu/libcrypto.so.3)
==268755==    by 0x55FF684: EVP_add_cipher (in /usr/lib/x86_64-linux-gnu/libcrypto.so.3)
==268755==    by 0x561D92E: ??? (in /usr/lib/x86_64-linux-gnu/libcrypto.so.3)
==268755==    by 0x522BEE7: __pthread_once_slow (pthread_once.c:116)
==268755==    by 0x5621C9C: CRYPTO_THREAD_run_once (in /usr/lib/x86_64-linux-gnu/libcrypto.so.3)
==268755==    by 0x561E9F0: OPENSSL_init_crypto (in /usr/lib/x86_64-linux-gnu/libcrypto.so.3)
==268755==    by 0x53EB9B6: OPENSSL_init_ssl (in /usr/lib/x86_64-linux-gnu/libssl.so.3)
==268755==    by 0x488FB29: mysql_server_init (in /usr/lib/x86_64-linux-gnu/libmysqlclient.so.21.2.42)
==268755==    by 0x1ED98C: cpp_dbc::MySQL::MySQLDriver::MySQLDriver() (driver_mysql.cpp:797)
==268755==    by 0x163CB6: decltype (::new ((void*)(0)) cpp_dbc::MySQL::MySQLDriver()) std::construct_at<cpp_dbc::MySQL::MySQLDriver>(cpp_dbc::MySQL::MySQLDriver*) (stl_construct.h:97)
==268755==    by 0x163D03: void std::allocator_traits<std::allocator<cpp_dbc::MySQL::MySQLDriver> >::construct<cpp_dbc::MySQL::MySQLDriver>(std::allocator<cpp_dbc::MySQL::MySQLDriver>&, cpp_dbc::MySQL::MySQLDriver*) (alloc_traits.h:518)
==268755== 
==268755== 24 bytes in 1 blocks are still reachable in loss record 478 of 2,004
==268755==    at 0x4848899: malloc (in /usr/libexec/valgrind/vgpreload_memcheck-amd64-linux.so)
==268755==    by 0x560C185: OPENSSL_LH_insert (in /usr/lib/x86_64-linux-gnu/libcrypto.so.3)
==268755==    by 0x562D0AA: OBJ_NAME_add (in /usr/lib/x86_64-linux-gnu/libcrypto.so.3)
==268755==    by 0x55FF684: EVP_add_cipher (in /usr/lib/x86_64-linux-gnu/libcrypto.so.3)
==268755==    by 0x561D92E: ??? (in /usr/lib/x86_64-linux-gnu/libcrypto.so.3)
==268755==    by 0x522BEE7: __pthread_once_slow (pthread_once.c:116)
==268755==    by 0x5621C9C: CRYPTO_THREAD_run_once (in /usr/lib/x86_64-linux-gnu/libcrypto.so.3)
==268755==    by 0x561E9F0: OPENSSL_init_crypto (in /usr/lib/x86_64-linux-gnu/libcrypto.so.3)
==268755==    by 0x53EB9B6: OPENSSL_init_ssl (in /usr/lib/x86_64-linux-gnu/libssl.so.3)
==268755==    by 0x488FB29: mysql_server_init (in /usr/lib/x86_64-linux-gnu/libmysqlclient.so.21.2.42)
==268755==    by 0x1ED98C: cpp_dbc::MySQL::MySQLDriver::MySQLDriver() (driver_mysql.cpp:797)
==268755==    by 0x163CB6: decltype (::new ((void*)(0)) cpp_dbc::MySQL::MySQLDriver()) std::construct_at<cpp_dbc::MySQL::MySQLDriver>(cpp_dbc::MySQL::MySQLDriver*) (stl_construct.h:97)
==268755== 
==268755== 24 bytes in 1 blocks are still reachable in loss record 479 of 2,004
==268755==    at 0x4848899: malloc (in /usr/libexec/valgrind/vgpreload_memcheck-amd64-linux.so)
==268755==    by 0x562D068: OBJ_NAME_add (in /usr/lib/x86_64-linux-gnu/libcrypto.so.3)
==268755==    by 0x561D92E: ??? (in /usr/lib/x86_64-linux-gnu/libcrypto.so.3)
==268755==    by 0x522BEE7: __pthread_once_slow (pthread_once.c:116)
==268755==    by 0x5621C9C: CRYPTO_THREAD_run_once (in /usr/lib/x86_64-linux-gnu/libcrypto.so.3)
==268755==    by 0x561E9F0: OPENSSL_init_crypto (in /usr/lib/x86_64-linux-gnu/libcrypto.so.3)
==268755==    by 0x53EB9B6: OPENSSL_init_ssl (in /usr/lib/x86_64-linux-gnu/libssl.so.3)
==268755==    by 0x488FB29: mysql_server_init (in /usr/lib/x86_64-linux-gnu/libmysqlclient.so.21.2.42)
==268755==    by 0x1ED98C: cpp_dbc::MySQL::MySQLDriver::MySQLDriver() (driver_mysql.cpp:797)
==268755==    by 0x163CB6: decltype (::new ((void*)(0)) cpp_dbc::MySQL::MySQLDriver()) std::construct_at<cpp_dbc::MySQL::MySQLDriver>(cpp_dbc::MySQL::MySQLDriver*) (stl_construct.h:97)
==268755==    by 0x163D03: void std::allocator_traits<std::allocator<cpp_dbc::MySQL::MySQLDriver> >::construct<cpp_dbc::MySQL::MySQLDriver>(std::allocator<cpp_dbc::MySQL::MySQLDriver>&, cpp_dbc::MySQL::MySQLDriver*) (alloc_traits.h:518)
==268755==    by 0x163861: std::_Sp_counted_ptr_inplace<cpp_dbc::MySQL::MySQLDriver, std::allocator<cpp_dbc::MySQL::MySQLDriver>, (__gnu_cxx::_Lock_policy)2>::_Sp_counted_ptr_inplace<>(std::allocator<cpp_dbc::MySQL::MySQLDriver>) (shared_ptr_base.h:519)
==268755== 
==268755== 24 bytes in 1 blocks are still reachable in loss record 480 of 2,004
==268755==    at 0x4848899: malloc (in /usr/libexec/valgrind/vgpreload_memcheck-amd64-linux.so)
==268755==    by 0x560C185: OPENSSL_LH_insert (in /usr/lib/x86_64-linux-gnu/libcrypto.so.3)
==268755==    by 0x562D0AA: OBJ_NAME_add (in /usr/lib/x86_64-linux-gnu/libcrypto.so.3)
==268755==    by 0x561D92E: ??? (in /usr/lib/x86_64-linux-gnu/libcrypto.so.3)
==268755==    by 0x522BEE7: __pthread_once_slow (pthread_once.c:116)
==268755==    by 0x5621C9C: CRYPTO_THREAD_run_once (in /usr/lib/x86_64-linux-gnu/libcrypto.so.3)
==268755==    by 0x561E9F0: OPENSSL_init_crypto (in /usr/lib/x86_64-linux-gnu/libcrypto.so.3)
==268755==    by 0x53EB9B6: OPENSSL_init_ssl (in /usr/lib/x86_64-linux-gnu/libssl.so.3)
==268755==    by 0x488FB29: mysql_server_init (in /usr/lib/x86_64-linux-gnu/libmysqlclient.so.21.2.42)
==268755==    by 0x1ED98C: cpp_dbc::MySQL::MySQLDriver::MySQLDriver() (driver_mysql.cpp:797)
==268755==    by 0x163CB6: decltype (::new ((void*)(0)) cpp_dbc::MySQL::MySQLDriver()) std::construct_at<cpp_dbc::MySQL::MySQLDriver>(cpp_dbc::MySQL::MySQLDriver*) (stl_construct.h:97)
==268755==    by 0x163D03: void std::allocator_traits<std::allocator<cpp_dbc::MySQL::MySQLDriver> >::construct<cpp_dbc::MySQL::MySQLDriver>(std::allocator<cpp_dbc::MySQL::MySQLDriver>&, cpp_dbc::MySQL::MySQLDriver*) (alloc_traits.h:518)
==268755== 
==268755== 24 bytes in 1 blocks are still reachable in loss record 481 of 2,004
==268755==    at 0x4848899: malloc (in /usr/libexec/valgrind/vgpreload_memcheck-amd64-linux.so)
==268755==    by 0x560C185: OPENSSL_LH_insert (in /usr/lib/x86_64-linux-gnu/libcrypto.so.3)
==268755==    by 0x562D0AA: OBJ_NAME_add (in /usr/lib/x86_64-linux-gnu/libcrypto.so.3)
==268755==    by 0x55FF684: EVP_add_cipher (in /usr/lib/x86_64-linux-gnu/libcrypto.so.3)
==268755==    by 0x561D93B: ??? (in /usr/lib/x86_64-linux-gnu/libcrypto.so.3)
==268755==    by 0x522BEE7: __pthread_once_slow (pthread_once.c:116)
==268755==    by 0x5621C9C: CRYPTO_THREAD_run_once (in /usr/lib/x86_64-linux-gnu/libcrypto.so.3)
==268755==    by 0x561E9F0: OPENSSL_init_crypto (in /usr/lib/x86_64-linux-gnu/libcrypto.so.3)
==268755==    by 0x53EB9B6: OPENSSL_init_ssl (in /usr/lib/x86_64-linux-gnu/libssl.so.3)
==268755==    by 0x488FB29: mysql_server_init (in /usr/lib/x86_64-linux-gnu/libmysqlclient.so.21.2.42)
==268755==    by 0x1ED98C: cpp_dbc::MySQL::MySQLDriver::MySQLDriver() (driver_mysql.cpp:797)
==268755==    by 0x163CB6: decltype (::new ((void*)(0)) cpp_dbc::MySQL::MySQLDriver()) std::construct_at<cpp_dbc::MySQL::MySQLDriver>(cpp_dbc::MySQL::MySQLDriver*) (stl_construct.h:97)
==268755== 
==268755== 24 bytes in 1 blocks are still reachable in loss record 482 of 2,004
==268755==    at 0x4848899: malloc (in /usr/libexec/valgrind/vgpreload_memcheck-amd64-linux.so)
==268755==    by 0x562D068: OBJ_NAME_add (in /usr/lib/x86_64-linux-gnu/libcrypto.so.3)
==268755==    by 0x561D93B: ??? (in /usr/lib/x86_64-linux-gnu/libcrypto.so.3)
==268755==    by 0x522BEE7: __pthread_once_slow (pthread_once.c:116)
==268755==    by 0x5621C9C: CRYPTO_THREAD_run_once (in /usr/lib/x86_64-linux-gnu/libcrypto.so.3)
==268755==    by 0x561E9F0: OPENSSL_init_crypto (in /usr/lib/x86_64-linux-gnu/libcrypto.so.3)
==268755==    by 0x53EB9B6: OPENSSL_init_ssl (in /usr/lib/x86_64-linux-gnu/libssl.so.3)
==268755==    by 0x488FB29: mysql_server_init (in /usr/lib/x86_64-linux-gnu/libmysqlclient.so.21.2.42)
==268755==    by 0x1ED98C: cpp_dbc::MySQL::MySQLDriver::MySQLDriver() (driver_mysql.cpp:797)
==268755==    by 0x163CB6: decltype (::new ((void*)(0)) cpp_dbc::MySQL::MySQLDriver()) std::construct_at<cpp_dbc::MySQL::MySQLDriver>(cpp_dbc::MySQL::MySQLDriver*) (stl_construct.h:97)
==268755==    by 0x163D03: void std::allocator_traits<std::allocator<cpp_dbc::MySQL::MySQLDriver> >::construct<cpp_dbc::MySQL::MySQLDriver>(std::allocator<cpp_dbc::MySQL::MySQLDriver>&, cpp_dbc::MySQL::MySQLDriver*) (alloc_traits.h:518)
==268755==    by 0x163861: std::_Sp_counted_ptr_inplace<cpp_dbc::MySQL::MySQLDriver, std::allocator<cpp_dbc::MySQL::MySQLDriver>, (__gnu_cxx::_Lock_policy)2>::_Sp_counted_ptr_inplace<>(std::allocator<cpp_dbc::MySQL::MySQLDriver>) (shared_ptr_base.h:519)
==268755== 
==268755== 24 bytes in 1 blocks are still reachable in loss record 483 of 2,004
==268755==    at 0x4848899: malloc (in /usr/libexec/valgrind/vgpreload_memcheck-amd64-linux.so)
==268755==    by 0x560C185: OPENSSL_LH_insert (in /usr/lib/x86_64-linux-gnu/libcrypto.so.3)
==268755==    by 0x562D0AA: OBJ_NAME_add (in /usr/lib/x86_64-linux-gnu/libcrypto.so.3)
==268755==    by 0x55FF684: EVP_add_cipher (in /usr/lib/x86_64-linux-gnu/libcrypto.so.3)
==268755==    by 0x561D948: ??? (in /usr/lib/x86_64-linux-gnu/libcrypto.so.3)
==268755==    by 0x522BEE7: __pthread_once_slow (pthread_once.c:116)
==268755==    by 0x5621C9C: CRYPTO_THREAD_run_once (in /usr/lib/x86_64-linux-gnu/libcrypto.so.3)
==268755==    by 0x561E9F0: OPENSSL_init_crypto (in /usr/lib/x86_64-linux-gnu/libcrypto.so.3)
==268755==    by 0x53EB9B6: OPENSSL_init_ssl (in /usr/lib/x86_64-linux-gnu/libssl.so.3)
==268755==    by 0x488FB29: mysql_server_init (in /usr/lib/x86_64-linux-gnu/libmysqlclient.so.21.2.42)
==268755==    by 0x1ED98C: cpp_dbc::MySQL::MySQLDriver::MySQLDriver() (driver_mysql.cpp:797)
==268755==    by 0x163CB6: decltype (::new ((void*)(0)) cpp_dbc::MySQL::MySQLDriver()) std::construct_at<cpp_dbc::MySQL::MySQLDriver>(cpp_dbc::MySQL::MySQLDriver*) (stl_construct.h:97)
==268755== 
==268755== 24 bytes in 1 blocks are still reachable in loss record 484 of 2,004
==268755==    at 0x4848899: malloc (in /usr/libexec/valgrind/vgpreload_memcheck-amd64-linux.so)
==268755==    by 0x562D068: OBJ_NAME_add (in /usr/lib/x86_64-linux-gnu/libcrypto.so.3)
==268755==    by 0x561D948: ??? (in /usr/lib/x86_64-linux-gnu/libcrypto.so.3)
==268755==    by 0x522BEE7: __pthread_once_slow (pthread_once.c:116)
==268755==    by 0x5621C9C: CRYPTO_THREAD_run_once (in /usr/lib/x86_64-linux-gnu/libcrypto.so.3)
==268755==    by 0x561E9F0: OPENSSL_init_crypto (in /usr/lib/x86_64-linux-gnu/libcrypto.so.3)
==268755==    by 0x53EB9B6: OPENSSL_init_ssl (in /usr/lib/x86_64-linux-gnu/libssl.so.3)
==268755==    by 0x488FB29: mysql_server_init (in /usr/lib/x86_64-linux-gnu/libmysqlclient.so.21.2.42)
==268755==    by 0x1ED98C: cpp_dbc::MySQL::MySQLDriver::MySQLDriver() (driver_mysql.cpp:797)
==268755==    by 0x163CB6: decltype (::new ((void*)(0)) cpp_dbc::MySQL::MySQLDriver()) std::construct_at<cpp_dbc::MySQL::MySQLDriver>(cpp_dbc::MySQL::MySQLDriver*) (stl_construct.h:97)
==268755==    by 0x163D03: void std::allocator_traits<std::allocator<cpp_dbc::MySQL::MySQLDriver> >::construct<cpp_dbc::MySQL::MySQLDriver>(std::allocator<cpp_dbc::MySQL::MySQLDriver>&, cpp_dbc::MySQL::MySQLDriver*) (alloc_traits.h:518)
==268755==    by 0x163861: std::_Sp_counted_ptr_inplace<cpp_dbc::MySQL::MySQLDriver, std::allocator<cpp_dbc::MySQL::MySQLDriver>, (__gnu_cxx::_Lock_policy)2>::_Sp_counted_ptr_inplace<>(std::allocator<cpp_dbc::MySQL::MySQLDriver>) (shared_ptr_base.h:519)
==268755== 
==268755== 24 bytes in 1 blocks are still reachable in loss record 485 of 2,004
==268755==    at 0x4848899: malloc (in /usr/libexec/valgrind/vgpreload_memcheck-amd64-linux.so)
==268755==    by 0x562D068: OBJ_NAME_add (in /usr/lib/x86_64-linux-gnu/libcrypto.so.3)
==268755==    by 0x55FF684: EVP_add_cipher (in /usr/lib/x86_64-linux-gnu/libcrypto.so.3)
==268755==    by 0x561D955: ??? (in /usr/lib/x86_64-linux-gnu/libcrypto.so.3)
==268755==    by 0x522BEE7: __pthread_once_slow (pthread_once.c:116)
==268755==    by 0x5621C9C: CRYPTO_THREAD_run_once (in /usr/lib/x86_64-linux-gnu/libcrypto.so.3)
==268755==    by 0x561E9F0: OPENSSL_init_crypto (in /usr/lib/x86_64-linux-gnu/libcrypto.so.3)
==268755==    by 0x53EB9B6: OPENSSL_init_ssl (in /usr/lib/x86_64-linux-gnu/libssl.so.3)
==268755==    by 0x488FB29: mysql_server_init (in /usr/lib/x86_64-linux-gnu/libmysqlclient.so.21.2.42)
==268755==    by 0x1ED98C: cpp_dbc::MySQL::MySQLDriver::MySQLDriver() (driver_mysql.cpp:797)
==268755==    by 0x163CB6: decltype (::new ((void*)(0)) cpp_dbc::MySQL::MySQLDriver()) std::construct_at<cpp_dbc::MySQL::MySQLDriver>(cpp_dbc::MySQL::MySQLDriver*) (stl_construct.h:97)
==268755==    by 0x163D03: void std::allocator_traits<std::allocator<cpp_dbc::MySQL::MySQLDriver> >::construct<cpp_dbc::MySQL::MySQLDriver>(std::allocator<cpp_dbc::MySQL::MySQLDriver>&, cpp_dbc::MySQL::MySQLDriver*) (alloc_traits.h:518)
==268755== 
==268755== 24 bytes in 1 blocks are still reachable in loss record 486 of 2,004
==268755==    at 0x4848899: malloc (in /usr/libexec/valgrind/vgpreload_memcheck-amd64-linux.so)
==268755==    by 0x560C185: OPENSSL_LH_insert (in /usr/lib/x86_64-linux-gnu/libcrypto.so.3)
==268755==    by 0x562D0AA: OBJ_NAME_add (in /usr/lib/x86_64-linux-gnu/libcrypto.so.3)
==268755==    by 0x55FF684: EVP_add_cipher (in /usr/lib/x86_64-linux-gnu/libcrypto.so.3)
==268755==    by 0x561D955: ??? (in /usr/lib/x86_64-linux-gnu/libcrypto.so.3)
==268755==    by 0x522BEE7: __pthread_once_slow (pthread_once.c:116)
==268755==    by 0x5621C9C: CRYPTO_THREAD_run_once (in /usr/lib/x86_64-linux-gnu/libcrypto.so.3)
==268755==    by 0x561E9F0: OPENSSL_init_crypto (in /usr/lib/x86_64-linux-gnu/libcrypto.so.3)
==268755==    by 0x53EB9B6: OPENSSL_init_ssl (in /usr/lib/x86_64-linux-gnu/libssl.so.3)
==268755==    by 0x488FB29: mysql_server_init (in /usr/lib/x86_64-linux-gnu/libmysqlclient.so.21.2.42)
==268755==    by 0x1ED98C: cpp_dbc::MySQL::MySQLDriver::MySQLDriver() (driver_mysql.cpp:797)
==268755==    by 0x163CB6: decltype (::new ((void*)(0)) cpp_dbc::MySQL::MySQLDriver()) std::construct_at<cpp_dbc::MySQL::MySQLDriver>(cpp_dbc::MySQL::MySQLDriver*) (stl_construct.h:97)
==268755== 
==268755== 24 bytes in 1 blocks are still reachable in loss record 487 of 2,004
==268755==    at 0x4848899: malloc (in /usr/libexec/valgrind/vgpreload_memcheck-amd64-linux.so)
==268755==    by 0x562D068: OBJ_NAME_add (in /usr/lib/x86_64-linux-gnu/libcrypto.so.3)
==268755==    by 0x561D955: ??? (in /usr/lib/x86_64-linux-gnu/libcrypto.so.3)
==268755==    by 0x522BEE7: __pthread_once_slow (pthread_once.c:116)
==268755==    by 0x5621C9C: CRYPTO_THREAD_run_once (in /usr/lib/x86_64-linux-gnu/libcrypto.so.3)
==268755==    by 0x561E9F0: OPENSSL_init_crypto (in /usr/lib/x86_64-linux-gnu/libcrypto.so.3)
==268755==    by 0x53EB9B6: OPENSSL_init_ssl (in /usr/lib/x86_64-linux-gnu/libssl.so.3)
==268755==    by 0x488FB29: mysql_server_init (in /usr/lib/x86_64-linux-gnu/libmysqlclient.so.21.2.42)
==268755==    by 0x1ED98C: cpp_dbc::MySQL::MySQLDriver::MySQLDriver() (driver_mysql.cpp:797)
==268755==    by 0x163CB6: decltype (::new ((void*)(0)) cpp_dbc::MySQL::MySQLDriver()) std::construct_at<cpp_dbc::MySQL::MySQLDriver>(cpp_dbc::MySQL::MySQLDriver*) (stl_construct.h:97)
==268755==    by 0x163D03: void std::allocator_traits<std::allocator<cpp_dbc::MySQL::MySQLDriver> >::construct<cpp_dbc::MySQL::MySQLDriver>(std::allocator<cpp_dbc::MySQL::MySQLDriver>&, cpp_dbc::MySQL::MySQLDriver*) (alloc_traits.h:518)
==268755==    by 0x163861: std::_Sp_counted_ptr_inplace<cpp_dbc::MySQL::MySQLDriver, std::allocator<cpp_dbc::MySQL::MySQLDriver>, (__gnu_cxx::_Lock_policy)2>::_Sp_counted_ptr_inplace<>(std::allocator<cpp_dbc::MySQL::MySQLDriver>) (shared_ptr_base.h:519)
==268755== 
==268755== 24 bytes in 1 blocks are still reachable in loss record 488 of 2,004
==268755==    at 0x4848899: malloc (in /usr/libexec/valgrind/vgpreload_memcheck-amd64-linux.so)
==268755==    by 0x560C185: OPENSSL_LH_insert (in /usr/lib/x86_64-linux-gnu/libcrypto.so.3)
==268755==    by 0x562D0AA: OBJ_NAME_add (in /usr/lib/x86_64-linux-gnu/libcrypto.so.3)
==268755==    by 0x561D955: ??? (in /usr/lib/x86_64-linux-gnu/libcrypto.so.3)
==268755==    by 0x522BEE7: __pthread_once_slow (pthread_once.c:116)
==268755==    by 0x5621C9C: CRYPTO_THREAD_run_once (in /usr/lib/x86_64-linux-gnu/libcrypto.so.3)
==268755==    by 0x561E9F0: OPENSSL_init_crypto (in /usr/lib/x86_64-linux-gnu/libcrypto.so.3)
==268755==    by 0x53EB9B6: OPENSSL_init_ssl (in /usr/lib/x86_64-linux-gnu/libssl.so.3)
==268755==    by 0x488FB29: mysql_server_init (in /usr/lib/x86_64-linux-gnu/libmysqlclient.so.21.2.42)
==268755==    by 0x1ED98C: cpp_dbc::MySQL::MySQLDriver::MySQLDriver() (driver_mysql.cpp:797)
==268755==    by 0x163CB6: decltype (::new ((void*)(0)) cpp_dbc::MySQL::MySQLDriver()) std::construct_at<cpp_dbc::MySQL::MySQLDriver>(cpp_dbc::MySQL::MySQLDriver*) (stl_construct.h:97)
==268755==    by 0x163D03: void std::allocator_traits<std::allocator<cpp_dbc::MySQL::MySQLDriver> >::construct<cpp_dbc::MySQL::MySQLDriver>(std::allocator<cpp_dbc::MySQL::MySQLDriver>&, cpp_dbc::MySQL::MySQLDriver*) (alloc_traits.h:518)
==268755== 
==268755== 24 bytes in 1 blocks are still reachable in loss record 489 of 2,004
==268755==    at 0x4848899: malloc (in /usr/libexec/valgrind/vgpreload_memcheck-amd64-linux.so)
==268755==    by 0x560C185: OPENSSL_LH_insert (in /usr/lib/x86_64-linux-gnu/libcrypto.so.3)
==268755==    by 0x562D0AA: OBJ_NAME_add (in /usr/lib/x86_64-linux-gnu/libcrypto.so.3)
==268755==    by 0x55FF684: EVP_add_cipher (in /usr/lib/x86_64-linux-gnu/libcrypto.so.3)
==268755==    by 0x561D962: ??? (in /usr/lib/x86_64-linux-gnu/libcrypto.so.3)
==268755==    by 0x522BEE7: __pthread_once_slow (pthread_once.c:116)
==268755==    by 0x5621C9C: CRYPTO_THREAD_run_once (in /usr/lib/x86_64-linux-gnu/libcrypto.so.3)
==268755==    by 0x561E9F0: OPENSSL_init_crypto (in /usr/lib/x86_64-linux-gnu/libcrypto.so.3)
==268755==    by 0x53EB9B6: OPENSSL_init_ssl (in /usr/lib/x86_64-linux-gnu/libssl.so.3)
==268755==    by 0x488FB29: mysql_server_init (in /usr/lib/x86_64-linux-gnu/libmysqlclient.so.21.2.42)
==268755==    by 0x1ED98C: cpp_dbc::MySQL::MySQLDriver::MySQLDriver() (driver_mysql.cpp:797)
==268755==    by 0x163CB6: decltype (::new ((void*)(0)) cpp_dbc::MySQL::MySQLDriver()) std::construct_at<cpp_dbc::MySQL::MySQLDriver>(cpp_dbc::MySQL::MySQLDriver*) (stl_construct.h:97)
==268755== 
==268755== 24 bytes in 1 blocks are still reachable in loss record 490 of 2,004
==268755==    at 0x4848899: malloc (in /usr/libexec/valgrind/vgpreload_memcheck-amd64-linux.so)
==268755==    by 0x562D068: OBJ_NAME_add (in /usr/lib/x86_64-linux-gnu/libcrypto.so.3)
==268755==    by 0x561D962: ??? (in /usr/lib/x86_64-linux-gnu/libcrypto.so.3)
==268755==    by 0x522BEE7: __pthread_once_slow (pthread_once.c:116)
==268755==    by 0x5621C9C: CRYPTO_THREAD_run_once (in /usr/lib/x86_64-linux-gnu/libcrypto.so.3)
==268755==    by 0x561E9F0: OPENSSL_init_crypto (in /usr/lib/x86_64-linux-gnu/libcrypto.so.3)
==268755==    by 0x53EB9B6: OPENSSL_init_ssl (in /usr/lib/x86_64-linux-gnu/libssl.so.3)
==268755==    by 0x488FB29: mysql_server_init (in /usr/lib/x86_64-linux-gnu/libmysqlclient.so.21.2.42)
==268755==    by 0x1ED98C: cpp_dbc::MySQL::MySQLDriver::MySQLDriver() (driver_mysql.cpp:797)
==268755==    by 0x163CB6: decltype (::new ((void*)(0)) cpp_dbc::MySQL::MySQLDriver()) std::construct_at<cpp_dbc::MySQL::MySQLDriver>(cpp_dbc::MySQL::MySQLDriver*) (stl_construct.h:97)
==268755==    by 0x163D03: void std::allocator_traits<std::allocator<cpp_dbc::MySQL::MySQLDriver> >::construct<cpp_dbc::MySQL::MySQLDriver>(std::allocator<cpp_dbc::MySQL::MySQLDriver>&, cpp_dbc::MySQL::MySQLDriver*) (alloc_traits.h:518)
==268755==    by 0x163861: std::_Sp_counted_ptr_inplace<cpp_dbc::MySQL::MySQLDriver, std::allocator<cpp_dbc::MySQL::MySQLDriver>, (__gnu_cxx::_Lock_policy)2>::_Sp_counted_ptr_inplace<>(std::allocator<cpp_dbc::MySQL::MySQLDriver>) (shared_ptr_base.h:519)
==268755== 
==268755== 24 bytes in 1 blocks are still reachable in loss record 491 of 2,004
==268755==    at 0x4848899: malloc (in /usr/libexec/valgrind/vgpreload_memcheck-amd64-linux.so)
==268755==    by 0x562D068: OBJ_NAME_add (in /usr/lib/x86_64-linux-gnu/libcrypto.so.3)
==268755==    by 0x561D97A: ??? (in /usr/lib/x86_64-linux-gnu/libcrypto.so.3)
==268755==    by 0x522BEE7: __pthread_once_slow (pthread_once.c:116)
==268755==    by 0x5621C9C: CRYPTO_THREAD_run_once (in /usr/lib/x86_64-linux-gnu/libcrypto.so.3)
==268755==    by 0x561E9F0: OPENSSL_init_crypto (in /usr/lib/x86_64-linux-gnu/libcrypto.so.3)
==268755==    by 0x53EB9B6: OPENSSL_init_ssl (in /usr/lib/x86_64-linux-gnu/libssl.so.3)
==268755==    by 0x488FB29: mysql_server_init (in /usr/lib/x86_64-linux-gnu/libmysqlclient.so.21.2.42)
==268755==    by 0x1ED98C: cpp_dbc::MySQL::MySQLDriver::MySQLDriver() (driver_mysql.cpp:797)
==268755==    by 0x163CB6: decltype (::new ((void*)(0)) cpp_dbc::MySQL::MySQLDriver()) std::construct_at<cpp_dbc::MySQL::MySQLDriver>(cpp_dbc::MySQL::MySQLDriver*) (stl_construct.h:97)
==268755==    by 0x163D03: void std::allocator_traits<std::allocator<cpp_dbc::MySQL::MySQLDriver> >::construct<cpp_dbc::MySQL::MySQLDriver>(std::allocator<cpp_dbc::MySQL::MySQLDriver>&, cpp_dbc::MySQL::MySQLDriver*) (alloc_traits.h:518)
==268755==    by 0x163861: std::_Sp_counted_ptr_inplace<cpp_dbc::MySQL::MySQLDriver, std::allocator<cpp_dbc::MySQL::MySQLDriver>, (__gnu_cxx::_Lock_policy)2>::_Sp_counted_ptr_inplace<>(std::allocator<cpp_dbc::MySQL::MySQLDriver>) (shared_ptr_base.h:519)
==268755== 
==268755== 24 bytes in 1 blocks are still reachable in loss record 492 of 2,004
==268755==    at 0x4848899: malloc (in /usr/libexec/valgrind/vgpreload_memcheck-amd64-linux.so)
==268755==    by 0x560C185: OPENSSL_LH_insert (in /usr/lib/x86_64-linux-gnu/libcrypto.so.3)
==268755==    by 0x562D0AA: OBJ_NAME_add (in /usr/lib/x86_64-linux-gnu/libcrypto.so.3)
==268755==    by 0x561D97A: ??? (in /usr/lib/x86_64-linux-gnu/libcrypto.so.3)
==268755==    by 0x522BEE7: __pthread_once_slow (pthread_once.c:116)
==268755==    by 0x5621C9C: CRYPTO_THREAD_run_once (in /usr/lib/x86_64-linux-gnu/libcrypto.so.3)
==268755==    by 0x561E9F0: OPENSSL_init_crypto (in /usr/lib/x86_64-linux-gnu/libcrypto.so.3)
==268755==    by 0x53EB9B6: OPENSSL_init_ssl (in /usr/lib/x86_64-linux-gnu/libssl.so.3)
==268755==    by 0x488FB29: mysql_server_init (in /usr/lib/x86_64-linux-gnu/libmysqlclient.so.21.2.42)
==268755==    by 0x1ED98C: cpp_dbc::MySQL::MySQLDriver::MySQLDriver() (driver_mysql.cpp:797)
==268755==    by 0x163CB6: decltype (::new ((void*)(0)) cpp_dbc::MySQL::MySQLDriver()) std::construct_at<cpp_dbc::MySQL::MySQLDriver>(cpp_dbc::MySQL::MySQLDriver*) (stl_construct.h:97)
==268755==    by 0x163D03: void std::allocator_traits<std::allocator<cpp_dbc::MySQL::MySQLDriver> >::construct<cpp_dbc::MySQL::MySQLDriver>(std::allocator<cpp_dbc::MySQL::MySQLDriver>&, cpp_dbc::MySQL::MySQLDriver*) (alloc_traits.h:518)
==268755== 
==268755== 24 bytes in 1 blocks are still reachable in loss record 493 of 2,004
==268755==    at 0x4848899: malloc (in /usr/libexec/valgrind/vgpreload_memcheck-amd64-linux.so)
==268755==    by 0x560C185: OPENSSL_LH_insert (in /usr/lib/x86_64-linux-gnu/libcrypto.so.3)
==268755==    by 0x562D0AA: OBJ_NAME_add (in /usr/lib/x86_64-linux-gnu/libcrypto.so.3)
==268755==    by 0x55FF684: EVP_add_cipher (in /usr/lib/x86_64-linux-gnu/libcrypto.so.3)
==268755==    by 0x561D987: ??? (in /usr/lib/x86_64-linux-gnu/libcrypto.so.3)
==268755==    by 0x522BEE7: __pthread_once_slow (pthread_once.c:116)
==268755==    by 0x5621C9C: CRYPTO_THREAD_run_once (in /usr/lib/x86_64-linux-gnu/libcrypto.so.3)
==268755==    by 0x561E9F0: OPENSSL_init_crypto (in /usr/lib/x86_64-linux-gnu/libcrypto.so.3)
==268755==    by 0x53EB9B6: OPENSSL_init_ssl (in /usr/lib/x86_64-linux-gnu/libssl.so.3)
==268755==    by 0x488FB29: mysql_server_init (in /usr/lib/x86_64-linux-gnu/libmysqlclient.so.21.2.42)
==268755==    by 0x1ED98C: cpp_dbc::MySQL::MySQLDriver::MySQLDriver() (driver_mysql.cpp:797)
==268755==    by 0x163CB6: decltype (::new ((void*)(0)) cpp_dbc::MySQL::MySQLDriver()) std::construct_at<cpp_dbc::MySQL::MySQLDriver>(cpp_dbc::MySQL::MySQLDriver*) (stl_construct.h:97)
==268755== 
==268755== 24 bytes in 1 blocks are still reachable in loss record 494 of 2,004
==268755==    at 0x4848899: malloc (in /usr/libexec/valgrind/vgpreload_memcheck-amd64-linux.so)
==268755==    by 0x562D068: OBJ_NAME_add (in /usr/lib/x86_64-linux-gnu/libcrypto.so.3)
==268755==    by 0x561D987: ??? (in /usr/lib/x86_64-linux-gnu/libcrypto.so.3)
==268755==    by 0x522BEE7: __pthread_once_slow (pthread_once.c:116)
==268755==    by 0x5621C9C: CRYPTO_THREAD_run_once (in /usr/lib/x86_64-linux-gnu/libcrypto.so.3)
==268755==    by 0x561E9F0: OPENSSL_init_crypto (in /usr/lib/x86_64-linux-gnu/libcrypto.so.3)
==268755==    by 0x53EB9B6: OPENSSL_init_ssl (in /usr/lib/x86_64-linux-gnu/libssl.so.3)
==268755==    by 0x488FB29: mysql_server_init (in /usr/lib/x86_64-linux-gnu/libmysqlclient.so.21.2.42)
==268755==    by 0x1ED98C: cpp_dbc::MySQL::MySQLDriver::MySQLDriver() (driver_mysql.cpp:797)
==268755==    by 0x163CB6: decltype (::new ((void*)(0)) cpp_dbc::MySQL::MySQLDriver()) std::construct_at<cpp_dbc::MySQL::MySQLDriver>(cpp_dbc::MySQL::MySQLDriver*) (stl_construct.h:97)
==268755==    by 0x163D03: void std::allocator_traits<std::allocator<cpp_dbc::MySQL::MySQLDriver> >::construct<cpp_dbc::MySQL::MySQLDriver>(std::allocator<cpp_dbc::MySQL::MySQLDriver>&, cpp_dbc::MySQL::MySQLDriver*) (alloc_traits.h:518)
==268755==    by 0x163861: std::_Sp_counted_ptr_inplace<cpp_dbc::MySQL::MySQLDriver, std::allocator<cpp_dbc::MySQL::MySQLDriver>, (__gnu_cxx::_Lock_policy)2>::_Sp_counted_ptr_inplace<>(std::allocator<cpp_dbc::MySQL::MySQLDriver>) (shared_ptr_base.h:519)
==268755== 
==268755== 24 bytes in 1 blocks are still reachable in loss record 495 of 2,004
==268755==    at 0x4848899: malloc (in /usr/libexec/valgrind/vgpreload_memcheck-amd64-linux.so)
==268755==    by 0x560C185: OPENSSL_LH_insert (in /usr/lib/x86_64-linux-gnu/libcrypto.so.3)
==268755==    by 0x562D0AA: OBJ_NAME_add (in /usr/lib/x86_64-linux-gnu/libcrypto.so.3)
==268755==    by 0x561D99B: ??? (in /usr/lib/x86_64-linux-gnu/libcrypto.so.3)
==268755==    by 0x522BEE7: __pthread_once_slow (pthread_once.c:116)
==268755==    by 0x5621C9C: CRYPTO_THREAD_run_once (in /usr/lib/x86_64-linux-gnu/libcrypto.so.3)
==268755==    by 0x561E9F0: OPENSSL_init_crypto (in /usr/lib/x86_64-linux-gnu/libcrypto.so.3)
==268755==    by 0x53EB9B6: OPENSSL_init_ssl (in /usr/lib/x86_64-linux-gnu/libssl.so.3)
==268755==    by 0x488FB29: mysql_server_init (in /usr/lib/x86_64-linux-gnu/libmysqlclient.so.21.2.42)
==268755==    by 0x1ED98C: cpp_dbc::MySQL::MySQLDriver::MySQLDriver() (driver_mysql.cpp:797)
==268755==    by 0x163CB6: decltype (::new ((void*)(0)) cpp_dbc::MySQL::MySQLDriver()) std::construct_at<cpp_dbc::MySQL::MySQLDriver>(cpp_dbc::MySQL::MySQLDriver*) (stl_construct.h:97)
==268755==    by 0x163D03: void std::allocator_traits<std::allocator<cpp_dbc::MySQL::MySQLDriver> >::construct<cpp_dbc::MySQL::MySQLDriver>(std::allocator<cpp_dbc::MySQL::MySQLDriver>&, cpp_dbc::MySQL::MySQLDriver*) (alloc_traits.h:518)
==268755== 
==268755== 24 bytes in 1 blocks are still reachable in loss record 496 of 2,004
==268755==    at 0x4848899: malloc (in /usr/libexec/valgrind/vgpreload_memcheck-amd64-linux.so)
==268755==    by 0x562D068: OBJ_NAME_add (in /usr/lib/x86_64-linux-gnu/libcrypto.so.3)
==268755==    by 0x561D9AF: ??? (in /usr/lib/x86_64-linux-gnu/libcrypto.so.3)
==268755==    by 0x522BEE7: __pthread_once_slow (pthread_once.c:116)
==268755==    by 0x5621C9C: CRYPTO_THREAD_run_once (in /usr/lib/x86_64-linux-gnu/libcrypto.so.3)
==268755==    by 0x561E9F0: OPENSSL_init_crypto (in /usr/lib/x86_64-linux-gnu/libcrypto.so.3)
==268755==    by 0x53EB9B6: OPENSSL_init_ssl (in /usr/lib/x86_64-linux-gnu/libssl.so.3)
==268755==    by 0x488FB29: mysql_server_init (in /usr/lib/x86_64-linux-gnu/libmysqlclient.so.21.2.42)
==268755==    by 0x1ED98C: cpp_dbc::MySQL::MySQLDriver::MySQLDriver() (driver_mysql.cpp:797)
==268755==    by 0x163CB6: decltype (::new ((void*)(0)) cpp_dbc::MySQL::MySQLDriver()) std::construct_at<cpp_dbc::MySQL::MySQLDriver>(cpp_dbc::MySQL::MySQLDriver*) (stl_construct.h:97)
==268755==    by 0x163D03: void std::allocator_traits<std::allocator<cpp_dbc::MySQL::MySQLDriver> >::construct<cpp_dbc::MySQL::MySQLDriver>(std::allocator<cpp_dbc::MySQL::MySQLDriver>&, cpp_dbc::MySQL::MySQLDriver*) (alloc_traits.h:518)
==268755==    by 0x163861: std::_Sp_counted_ptr_inplace<cpp_dbc::MySQL::MySQLDriver, std::allocator<cpp_dbc::MySQL::MySQLDriver>, (__gnu_cxx::_Lock_policy)2>::_Sp_counted_ptr_inplace<>(std::allocator<cpp_dbc::MySQL::MySQLDriver>) (shared_ptr_base.h:519)
==268755== 
==268755== 24 bytes in 1 blocks are still reachable in loss record 497 of 2,004
==268755==    at 0x4848899: malloc (in /usr/libexec/valgrind/vgpreload_memcheck-amd64-linux.so)
==268755==    by 0x560C185: OPENSSL_LH_insert (in /usr/lib/x86_64-linux-gnu/libcrypto.so.3)
==268755==    by 0x562D0AA: OBJ_NAME_add (in /usr/lib/x86_64-linux-gnu/libcrypto.so.3)
==268755==    by 0x55FF684: EVP_add_cipher (in /usr/lib/x86_64-linux-gnu/libcrypto.so.3)
==268755==    by 0x561D9C3: ??? (in /usr/lib/x86_64-linux-gnu/libcrypto.so.3)
==268755==    by 0x522BEE7: __pthread_once_slow (pthread_once.c:116)
==268755==    by 0x5621C9C: CRYPTO_THREAD_run_once (in /usr/lib/x86_64-linux-gnu/libcrypto.so.3)
==268755==    by 0x561E9F0: OPENSSL_init_crypto (in /usr/lib/x86_64-linux-gnu/libcrypto.so.3)
==268755==    by 0x53EB9B6: OPENSSL_init_ssl (in /usr/lib/x86_64-linux-gnu/libssl.so.3)
==268755==    by 0x488FB29: mysql_server_init (in /usr/lib/x86_64-linux-gnu/libmysqlclient.so.21.2.42)
==268755==    by 0x1ED98C: cpp_dbc::MySQL::MySQLDriver::MySQLDriver() (driver_mysql.cpp:797)
==268755==    by 0x163CB6: decltype (::new ((void*)(0)) cpp_dbc::MySQL::MySQLDriver()) std::construct_at<cpp_dbc::MySQL::MySQLDriver>(cpp_dbc::MySQL::MySQLDriver*) (stl_construct.h:97)
==268755== 
==268755== 24 bytes in 1 blocks are still reachable in loss record 498 of 2,004
==268755==    at 0x4848899: malloc (in /usr/libexec/valgrind/vgpreload_memcheck-amd64-linux.so)
==268755==    by 0x562D068: OBJ_NAME_add (in /usr/lib/x86_64-linux-gnu/libcrypto.so.3)
==268755==    by 0x561D9C3: ??? (in /usr/lib/x86_64-linux-gnu/libcrypto.so.3)
==268755==    by 0x522BEE7: __pthread_once_slow (pthread_once.c:116)
==268755==    by 0x5621C9C: CRYPTO_THREAD_run_once (in /usr/lib/x86_64-linux-gnu/libcrypto.so.3)
==268755==    by 0x561E9F0: OPENSSL_init_crypto (in /usr/lib/x86_64-linux-gnu/libcrypto.so.3)
==268755==    by 0x53EB9B6: OPENSSL_init_ssl (in /usr/lib/x86_64-linux-gnu/libssl.so.3)
==268755==    by 0x488FB29: mysql_server_init (in /usr/lib/x86_64-linux-gnu/libmysqlclient.so.21.2.42)
==268755==    by 0x1ED98C: cpp_dbc::MySQL::MySQLDriver::MySQLDriver() (driver_mysql.cpp:797)
==268755==    by 0x163CB6: decltype (::new ((void*)(0)) cpp_dbc::MySQL::MySQLDriver()) std::construct_at<cpp_dbc::MySQL::MySQLDriver>(cpp_dbc::MySQL::MySQLDriver*) (stl_construct.h:97)
==268755==    by 0x163D03: void std::allocator_traits<std::allocator<cpp_dbc::MySQL::MySQLDriver> >::construct<cpp_dbc::MySQL::MySQLDriver>(std::allocator<cpp_dbc::MySQL::MySQLDriver>&, cpp_dbc::MySQL::MySQLDriver*) (alloc_traits.h:518)
==268755==    by 0x163861: std::_Sp_counted_ptr_inplace<cpp_dbc::MySQL::MySQLDriver, std::allocator<cpp_dbc::MySQL::MySQLDriver>, (__gnu_cxx::_Lock_policy)2>::_Sp_counted_ptr_inplace<>(std::allocator<cpp_dbc::MySQL::MySQLDriver>) (shared_ptr_base.h:519)
==268755== 
==268755== 24 bytes in 1 blocks are still reachable in loss record 499 of 2,004
==268755==    at 0x4848899: malloc (in /usr/libexec/valgrind/vgpreload_memcheck-amd64-linux.so)
==268755==    by 0x560C185: OPENSSL_LH_insert (in /usr/lib/x86_64-linux-gnu/libcrypto.so.3)
==268755==    by 0x562D0AA: OBJ_NAME_add (in /usr/lib/x86_64-linux-gnu/libcrypto.so.3)
==268755==    by 0x55FF684: EVP_add_cipher (in /usr/lib/x86_64-linux-gnu/libcrypto.so.3)
==268755==    by 0x561D9D0: ??? (in /usr/lib/x86_64-linux-gnu/libcrypto.so.3)
==268755==    by 0x522BEE7: __pthread_once_slow (pthread_once.c:116)
==268755==    by 0x5621C9C: CRYPTO_THREAD_run_once (in /usr/lib/x86_64-linux-gnu/libcrypto.so.3)
==268755==    by 0x561E9F0: OPENSSL_init_crypto (in /usr/lib/x86_64-linux-gnu/libcrypto.so.3)
==268755==    by 0x53EB9B6: OPENSSL_init_ssl (in /usr/lib/x86_64-linux-gnu/libssl.so.3)
==268755==    by 0x488FB29: mysql_server_init (in /usr/lib/x86_64-linux-gnu/libmysqlclient.so.21.2.42)
==268755==    by 0x1ED98C: cpp_dbc::MySQL::MySQLDriver::MySQLDriver() (driver_mysql.cpp:797)
==268755==    by 0x163CB6: decltype (::new ((void*)(0)) cpp_dbc::MySQL::MySQLDriver()) std::construct_at<cpp_dbc::MySQL::MySQLDriver>(cpp_dbc::MySQL::MySQLDriver*) (stl_construct.h:97)
==268755== 
==268755== 24 bytes in 1 blocks are still reachable in loss record 500 of 2,004
==268755==    at 0x4848899: malloc (in /usr/libexec/valgrind/vgpreload_memcheck-amd64-linux.so)
==268755==    by 0x562D068: OBJ_NAME_add (in /usr/lib/x86_64-linux-gnu/libcrypto.so.3)
==268755==    by 0x561D9D0: ??? (in /usr/lib/x86_64-linux-gnu/libcrypto.so.3)
==268755==    by 0x522BEE7: __pthread_once_slow (pthread_once.c:116)
==268755==    by 0x5621C9C: CRYPTO_THREAD_run_once (in /usr/lib/x86_64-linux-gnu/libcrypto.so.3)
==268755==    by 0x561E9F0: OPENSSL_init_crypto (in /usr/lib/x86_64-linux-gnu/libcrypto.so.3)
==268755==    by 0x53EB9B6: OPENSSL_init_ssl (in /usr/lib/x86_64-linux-gnu/libssl.so.3)
==268755==    by 0x488FB29: mysql_server_init (in /usr/lib/x86_64-linux-gnu/libmysqlclient.so.21.2.42)
==268755==    by 0x1ED98C: cpp_dbc::MySQL::MySQLDriver::MySQLDriver() (driver_mysql.cpp:797)
==268755==    by 0x163CB6: decltype (::new ((void*)(0)) cpp_dbc::MySQL::MySQLDriver()) std::construct_at<cpp_dbc::MySQL::MySQLDriver>(cpp_dbc::MySQL::MySQLDriver*) (stl_construct.h:97)
==268755==    by 0x163D03: void std::allocator_traits<std::allocator<cpp_dbc::MySQL::MySQLDriver> >::construct<cpp_dbc::MySQL::MySQLDriver>(std::allocator<cpp_dbc::MySQL::MySQLDriver>&, cpp_dbc::MySQL::MySQLDriver*) (alloc_traits.h:518)
==268755==    by 0x163861: std::_Sp_counted_ptr_inplace<cpp_dbc::MySQL::MySQLDriver, std::allocator<cpp_dbc::MySQL::MySQLDriver>, (__gnu_cxx::_Lock_policy)2>::_Sp_counted_ptr_inplace<>(std::allocator<cpp_dbc::MySQL::MySQLDriver>) (shared_ptr_base.h:519)
==268755== 
==268755== 24 bytes in 1 blocks are still reachable in loss record 501 of 2,004
==268755==    at 0x4848899: malloc (in /usr/libexec/valgrind/vgpreload_memcheck-amd64-linux.so)
==268755==    by 0x560C185: OPENSSL_LH_insert (in /usr/lib/x86_64-linux-gnu/libcrypto.so.3)
==268755==    by 0x562D0AA: OBJ_NAME_add (in /usr/lib/x86_64-linux-gnu/libcrypto.so.3)
==268755==    by 0x55FF684: EVP_add_cipher (in /usr/lib/x86_64-linux-gnu/libcrypto.so.3)
==268755==    by 0x561D9DD: ??? (in /usr/lib/x86_64-linux-gnu/libcrypto.so.3)
==268755==    by 0x522BEE7: __pthread_once_slow (pthread_once.c:116)
==268755==    by 0x5621C9C: CRYPTO_THREAD_run_once (in /usr/lib/x86_64-linux-gnu/libcrypto.so.3)
==268755==    by 0x561E9F0: OPENSSL_init_crypto (in /usr/lib/x86_64-linux-gnu/libcrypto.so.3)
==268755==    by 0x53EB9B6: OPENSSL_init_ssl (in /usr/lib/x86_64-linux-gnu/libssl.so.3)
==268755==    by 0x488FB29: mysql_server_init (in /usr/lib/x86_64-linux-gnu/libmysqlclient.so.21.2.42)
==268755==    by 0x1ED98C: cpp_dbc::MySQL::MySQLDriver::MySQLDriver() (driver_mysql.cpp:797)
==268755==    by 0x163CB6: decltype (::new ((void*)(0)) cpp_dbc::MySQL::MySQLDriver()) std::construct_at<cpp_dbc::MySQL::MySQLDriver>(cpp_dbc::MySQL::MySQLDriver*) (stl_construct.h:97)
==268755== 
==268755== 24 bytes in 1 blocks are still reachable in loss record 502 of 2,004
==268755==    at 0x4848899: malloc (in /usr/libexec/valgrind/vgpreload_memcheck-amd64-linux.so)
==268755==    by 0x562D068: OBJ_NAME_add (in /usr/lib/x86_64-linux-gnu/libcrypto.so.3)
==268755==    by 0x561D9DD: ??? (in /usr/lib/x86_64-linux-gnu/libcrypto.so.3)
==268755==    by 0x522BEE7: __pthread_once_slow (pthread_once.c:116)
==268755==    by 0x5621C9C: CRYPTO_THREAD_run_once (in /usr/lib/x86_64-linux-gnu/libcrypto.so.3)
==268755==    by 0x561E9F0: OPENSSL_init_crypto (in /usr/lib/x86_64-linux-gnu/libcrypto.so.3)
==268755==    by 0x53EB9B6: OPENSSL_init_ssl (in /usr/lib/x86_64-linux-gnu/libssl.so.3)
==268755==    by 0x488FB29: mysql_server_init (in /usr/lib/x86_64-linux-gnu/libmysqlclient.so.21.2.42)
==268755==    by 0x1ED98C: cpp_dbc::MySQL::MySQLDriver::MySQLDriver() (driver_mysql.cpp:797)
==268755==    by 0x163CB6: decltype (::new ((void*)(0)) cpp_dbc::MySQL::MySQLDriver()) std::construct_at<cpp_dbc::MySQL::MySQLDriver>(cpp_dbc::MySQL::MySQLDriver*) (stl_construct.h:97)
==268755==    by 0x163D03: void std::allocator_traits<std::allocator<cpp_dbc::MySQL::MySQLDriver> >::construct<cpp_dbc::MySQL::MySQLDriver>(std::allocator<cpp_dbc::MySQL::MySQLDriver>&, cpp_dbc::MySQL::MySQLDriver*) (alloc_traits.h:518)
==268755==    by 0x163861: std::_Sp_counted_ptr_inplace<cpp_dbc::MySQL::MySQLDriver, std::allocator<cpp_dbc::MySQL::MySQLDriver>, (__gnu_cxx::_Lock_policy)2>::_Sp_counted_ptr_inplace<>(std::allocator<cpp_dbc::MySQL::MySQLDriver>) (shared_ptr_base.h:519)
==268755== 
==268755== 24 bytes in 1 blocks are still reachable in loss record 503 of 2,004
==268755==    at 0x4848899: malloc (in /usr/libexec/valgrind/vgpreload_memcheck-amd64-linux.so)
==268755==    by 0x560C185: OPENSSL_LH_insert (in /usr/lib/x86_64-linux-gnu/libcrypto.so.3)
==268755==    by 0x562D0AA: OBJ_NAME_add (in /usr/lib/x86_64-linux-gnu/libcrypto.so.3)
==268755==    by 0x55FF684: EVP_add_cipher (in /usr/lib/x86_64-linux-gnu/libcrypto.so.3)
==268755==    by 0x561D9EA: ??? (in /usr/lib/x86_64-linux-gnu/libcrypto.so.3)
==268755==    by 0x522BEE7: __pthread_once_slow (pthread_once.c:116)
==268755==    by 0x5621C9C: CRYPTO_THREAD_run_once (in /usr/lib/x86_64-linux-gnu/libcrypto.so.3)
==268755==    by 0x561E9F0: OPENSSL_init_crypto (in /usr/lib/x86_64-linux-gnu/libcrypto.so.3)
==268755==    by 0x53EB9B6: OPENSSL_init_ssl (in /usr/lib/x86_64-linux-gnu/libssl.so.3)
==268755==    by 0x488FB29: mysql_server_init (in /usr/lib/x86_64-linux-gnu/libmysqlclient.so.21.2.42)
==268755==    by 0x1ED98C: cpp_dbc::MySQL::MySQLDriver::MySQLDriver() (driver_mysql.cpp:797)
==268755==    by 0x163CB6: decltype (::new ((void*)(0)) cpp_dbc::MySQL::MySQLDriver()) std::construct_at<cpp_dbc::MySQL::MySQLDriver>(cpp_dbc::MySQL::MySQLDriver*) (stl_construct.h:97)
==268755== 
==268755== 24 bytes in 1 blocks are still reachable in loss record 504 of 2,004
==268755==    at 0x4848899: malloc (in /usr/libexec/valgrind/vgpreload_memcheck-amd64-linux.so)
==268755==    by 0x562D068: OBJ_NAME_add (in /usr/lib/x86_64-linux-gnu/libcrypto.so.3)
==268755==    by 0x561D9EA: ??? (in /usr/lib/x86_64-linux-gnu/libcrypto.so.3)
==268755==    by 0x522BEE7: __pthread_once_slow (pthread_once.c:116)
==268755==    by 0x5621C9C: CRYPTO_THREAD_run_once (in /usr/lib/x86_64-linux-gnu/libcrypto.so.3)
==268755==    by 0x561E9F0: OPENSSL_init_crypto (in /usr/lib/x86_64-linux-gnu/libcrypto.so.3)
==268755==    by 0x53EB9B6: OPENSSL_init_ssl (in /usr/lib/x86_64-linux-gnu/libssl.so.3)
==268755==    by 0x488FB29: mysql_server_init (in /usr/lib/x86_64-linux-gnu/libmysqlclient.so.21.2.42)
==268755==    by 0x1ED98C: cpp_dbc::MySQL::MySQLDriver::MySQLDriver() (driver_mysql.cpp:797)
==268755==    by 0x163CB6: decltype (::new ((void*)(0)) cpp_dbc::MySQL::MySQLDriver()) std::construct_at<cpp_dbc::MySQL::MySQLDriver>(cpp_dbc::MySQL::MySQLDriver*) (stl_construct.h:97)
==268755==    by 0x163D03: void std::allocator_traits<std::allocator<cpp_dbc::MySQL::MySQLDriver> >::construct<cpp_dbc::MySQL::MySQLDriver>(std::allocator<cpp_dbc::MySQL::MySQLDriver>&, cpp_dbc::MySQL::MySQLDriver*) (alloc_traits.h:518)
==268755==    by 0x163861: std::_Sp_counted_ptr_inplace<cpp_dbc::MySQL::MySQLDriver, std::allocator<cpp_dbc::MySQL::MySQLDriver>, (__gnu_cxx::_Lock_policy)2>::_Sp_counted_ptr_inplace<>(std::allocator<cpp_dbc::MySQL::MySQLDriver>) (shared_ptr_base.h:519)
==268755== 
==268755== 24 bytes in 1 blocks are still reachable in loss record 505 of 2,004
==268755==    at 0x4848899: malloc (in /usr/libexec/valgrind/vgpreload_memcheck-amd64-linux.so)
==268755==    by 0x560C185: OPENSSL_LH_insert (in /usr/lib/x86_64-linux-gnu/libcrypto.so.3)
==268755==    by 0x562D0AA: OBJ_NAME_add (in /usr/lib/x86_64-linux-gnu/libcrypto.so.3)
==268755==    by 0x55FF684: EVP_add_cipher (in /usr/lib/x86_64-linux-gnu/libcrypto.so.3)
==268755==    by 0x561D9F7: ??? (in /usr/lib/x86_64-linux-gnu/libcrypto.so.3)
==268755==    by 0x522BEE7: __pthread_once_slow (pthread_once.c:116)
==268755==    by 0x5621C9C: CRYPTO_THREAD_run_once (in /usr/lib/x86_64-linux-gnu/libcrypto.so.3)
==268755==    by 0x561E9F0: OPENSSL_init_crypto (in /usr/lib/x86_64-linux-gnu/libcrypto.so.3)
==268755==    by 0x53EB9B6: OPENSSL_init_ssl (in /usr/lib/x86_64-linux-gnu/libssl.so.3)
==268755==    by 0x488FB29: mysql_server_init (in /usr/lib/x86_64-linux-gnu/libmysqlclient.so.21.2.42)
==268755==    by 0x1ED98C: cpp_dbc::MySQL::MySQLDriver::MySQLDriver() (driver_mysql.cpp:797)
==268755==    by 0x163CB6: decltype (::new ((void*)(0)) cpp_dbc::MySQL::MySQLDriver()) std::construct_at<cpp_dbc::MySQL::MySQLDriver>(cpp_dbc::MySQL::MySQLDriver*) (stl_construct.h:97)
==268755== 
==268755== 24 bytes in 1 blocks are still reachable in loss record 506 of 2,004
==268755==    at 0x4848899: malloc (in /usr/libexec/valgrind/vgpreload_memcheck-amd64-linux.so)
==268755==    by 0x562D068: OBJ_NAME_add (in /usr/lib/x86_64-linux-gnu/libcrypto.so.3)
==268755==    by 0x561D9F7: ??? (in /usr/lib/x86_64-linux-gnu/libcrypto.so.3)
==268755==    by 0x522BEE7: __pthread_once_slow (pthread_once.c:116)
==268755==    by 0x5621C9C: CRYPTO_THREAD_run_once (in /usr/lib/x86_64-linux-gnu/libcrypto.so.3)
==268755==    by 0x561E9F0: OPENSSL_init_crypto (in /usr/lib/x86_64-linux-gnu/libcrypto.so.3)
==268755==    by 0x53EB9B6: OPENSSL_init_ssl (in /usr/lib/x86_64-linux-gnu/libssl.so.3)
==268755==    by 0x488FB29: mysql_server_init (in /usr/lib/x86_64-linux-gnu/libmysqlclient.so.21.2.42)
==268755==    by 0x1ED98C: cpp_dbc::MySQL::MySQLDriver::MySQLDriver() (driver_mysql.cpp:797)
==268755==    by 0x163CB6: decltype (::new ((void*)(0)) cpp_dbc::MySQL::MySQLDriver()) std::construct_at<cpp_dbc::MySQL::MySQLDriver>(cpp_dbc::MySQL::MySQLDriver*) (stl_construct.h:97)
==268755==    by 0x163D03: void std::allocator_traits<std::allocator<cpp_dbc::MySQL::MySQLDriver> >::construct<cpp_dbc::MySQL::MySQLDriver>(std::allocator<cpp_dbc::MySQL::MySQLDriver>&, cpp_dbc::MySQL::MySQLDriver*) (alloc_traits.h:518)
==268755==    by 0x163861: std::_Sp_counted_ptr_inplace<cpp_dbc::MySQL::MySQLDriver, std::allocator<cpp_dbc::MySQL::MySQLDriver>, (__gnu_cxx::_Lock_policy)2>::_Sp_counted_ptr_inplace<>(std::allocator<cpp_dbc::MySQL::MySQLDriver>) (shared_ptr_base.h:519)
==268755== 
==268755== 24 bytes in 1 blocks are still reachable in loss record 507 of 2,004
==268755==    at 0x4848899: malloc (in /usr/libexec/valgrind/vgpreload_memcheck-amd64-linux.so)
==268755==    by 0x560C185: OPENSSL_LH_insert (in /usr/lib/x86_64-linux-gnu/libcrypto.so.3)
==268755==    by 0x562D0AA: OBJ_NAME_add (in /usr/lib/x86_64-linux-gnu/libcrypto.so.3)
==268755==    by 0x55FF684: EVP_add_cipher (in /usr/lib/x86_64-linux-gnu/libcrypto.so.3)
==268755==    by 0x561DA04: ??? (in /usr/lib/x86_64-linux-gnu/libcrypto.so.3)
==268755==    by 0x522BEE7: __pthread_once_slow (pthread_once.c:116)
==268755==    by 0x5621C9C: CRYPTO_THREAD_run_once (in /usr/lib/x86_64-linux-gnu/libcrypto.so.3)
==268755==    by 0x561E9F0: OPENSSL_init_crypto (in /usr/lib/x86_64-linux-gnu/libcrypto.so.3)
==268755==    by 0x53EB9B6: OPENSSL_init_ssl (in /usr/lib/x86_64-linux-gnu/libssl.so.3)
==268755==    by 0x488FB29: mysql_server_init (in /usr/lib/x86_64-linux-gnu/libmysqlclient.so.21.2.42)
==268755==    by 0x1ED98C: cpp_dbc::MySQL::MySQLDriver::MySQLDriver() (driver_mysql.cpp:797)
==268755==    by 0x163CB6: decltype (::new ((void*)(0)) cpp_dbc::MySQL::MySQLDriver()) std::construct_at<cpp_dbc::MySQL::MySQLDriver>(cpp_dbc::MySQL::MySQLDriver*) (stl_construct.h:97)
==268755== 
==268755== 24 bytes in 1 blocks are still reachable in loss record 508 of 2,004
==268755==    at 0x4848899: malloc (in /usr/libexec/valgrind/vgpreload_memcheck-amd64-linux.so)
==268755==    by 0x562D068: OBJ_NAME_add (in /usr/lib/x86_64-linux-gnu/libcrypto.so.3)
==268755==    by 0x561DA04: ??? (in /usr/lib/x86_64-linux-gnu/libcrypto.so.3)
==268755==    by 0x522BEE7: __pthread_once_slow (pthread_once.c:116)
==268755==    by 0x5621C9C: CRYPTO_THREAD_run_once (in /usr/lib/x86_64-linux-gnu/libcrypto.so.3)
==268755==    by 0x561E9F0: OPENSSL_init_crypto (in /usr/lib/x86_64-linux-gnu/libcrypto.so.3)
==268755==    by 0x53EB9B6: OPENSSL_init_ssl (in /usr/lib/x86_64-linux-gnu/libssl.so.3)
==268755==    by 0x488FB29: mysql_server_init (in /usr/lib/x86_64-linux-gnu/libmysqlclient.so.21.2.42)
==268755==    by 0x1ED98C: cpp_dbc::MySQL::MySQLDriver::MySQLDriver() (driver_mysql.cpp:797)
==268755==    by 0x163CB6: decltype (::new ((void*)(0)) cpp_dbc::MySQL::MySQLDriver()) std::construct_at<cpp_dbc::MySQL::MySQLDriver>(cpp_dbc::MySQL::MySQLDriver*) (stl_construct.h:97)
==268755==    by 0x163D03: void std::allocator_traits<std::allocator<cpp_dbc::MySQL::MySQLDriver> >::construct<cpp_dbc::MySQL::MySQLDriver>(std::allocator<cpp_dbc::MySQL::MySQLDriver>&, cpp_dbc::MySQL::MySQLDriver*) (alloc_traits.h:518)
==268755==    by 0x163861: std::_Sp_counted_ptr_inplace<cpp_dbc::MySQL::MySQLDriver, std::allocator<cpp_dbc::MySQL::MySQLDriver>, (__gnu_cxx::_Lock_policy)2>::_Sp_counted_ptr_inplace<>(std::allocator<cpp_dbc::MySQL::MySQLDriver>) (shared_ptr_base.h:519)
==268755== 
==268755== 24 bytes in 1 blocks are still reachable in loss record 509 of 2,004
==268755==    at 0x4848899: malloc (in /usr/libexec/valgrind/vgpreload_memcheck-amd64-linux.so)
==268755==    by 0x560C185: OPENSSL_LH_insert (in /usr/lib/x86_64-linux-gnu/libcrypto.so.3)
==268755==    by 0x562D0AA: OBJ_NAME_add (in /usr/lib/x86_64-linux-gnu/libcrypto.so.3)
==268755==    by 0x55FF684: EVP_add_cipher (in /usr/lib/x86_64-linux-gnu/libcrypto.so.3)
==268755==    by 0x561DA11: ??? (in /usr/lib/x86_64-linux-gnu/libcrypto.so.3)
==268755==    by 0x522BEE7: __pthread_once_slow (pthread_once.c:116)
==268755==    by 0x5621C9C: CRYPTO_THREAD_run_once (in /usr/lib/x86_64-linux-gnu/libcrypto.so.3)
==268755==    by 0x561E9F0: OPENSSL_init_crypto (in /usr/lib/x86_64-linux-gnu/libcrypto.so.3)
==268755==    by 0x53EB9B6: OPENSSL_init_ssl (in /usr/lib/x86_64-linux-gnu/libssl.so.3)
==268755==    by 0x488FB29: mysql_server_init (in /usr/lib/x86_64-linux-gnu/libmysqlclient.so.21.2.42)
==268755==    by 0x1ED98C: cpp_dbc::MySQL::MySQLDriver::MySQLDriver() (driver_mysql.cpp:797)
==268755==    by 0x163CB6: decltype (::new ((void*)(0)) cpp_dbc::MySQL::MySQLDriver()) std::construct_at<cpp_dbc::MySQL::MySQLDriver>(cpp_dbc::MySQL::MySQLDriver*) (stl_construct.h:97)
==268755== 
==268755== 24 bytes in 1 blocks are still reachable in loss record 510 of 2,004
==268755==    at 0x4848899: malloc (in /usr/libexec/valgrind/vgpreload_memcheck-amd64-linux.so)
==268755==    by 0x562D068: OBJ_NAME_add (in /usr/lib/x86_64-linux-gnu/libcrypto.so.3)
==268755==    by 0x561DA11: ??? (in /usr/lib/x86_64-linux-gnu/libcrypto.so.3)
==268755==    by 0x522BEE7: __pthread_once_slow (pthread_once.c:116)
==268755==    by 0x5621C9C: CRYPTO_THREAD_run_once (in /usr/lib/x86_64-linux-gnu/libcrypto.so.3)
==268755==    by 0x561E9F0: OPENSSL_init_crypto (in /usr/lib/x86_64-linux-gnu/libcrypto.so.3)
==268755==    by 0x53EB9B6: OPENSSL_init_ssl (in /usr/lib/x86_64-linux-gnu/libssl.so.3)
==268755==    by 0x488FB29: mysql_server_init (in /usr/lib/x86_64-linux-gnu/libmysqlclient.so.21.2.42)
==268755==    by 0x1ED98C: cpp_dbc::MySQL::MySQLDriver::MySQLDriver() (driver_mysql.cpp:797)
==268755==    by 0x163CB6: decltype (::new ((void*)(0)) cpp_dbc::MySQL::MySQLDriver()) std::construct_at<cpp_dbc::MySQL::MySQLDriver>(cpp_dbc::MySQL::MySQLDriver*) (stl_construct.h:97)
==268755==    by 0x163D03: void std::allocator_traits<std::allocator<cpp_dbc::MySQL::MySQLDriver> >::construct<cpp_dbc::MySQL::MySQLDriver>(std::allocator<cpp_dbc::MySQL::MySQLDriver>&, cpp_dbc::MySQL::MySQLDriver*) (alloc_traits.h:518)
==268755==    by 0x163861: std::_Sp_counted_ptr_inplace<cpp_dbc::MySQL::MySQLDriver, std::allocator<cpp_dbc::MySQL::MySQLDriver>, (__gnu_cxx::_Lock_policy)2>::_Sp_counted_ptr_inplace<>(std::allocator<cpp_dbc::MySQL::MySQLDriver>) (shared_ptr_base.h:519)
==268755== 
==268755== 24 bytes in 1 blocks are still reachable in loss record 511 of 2,004
==268755==    at 0x4848899: malloc (in /usr/libexec/valgrind/vgpreload_memcheck-amd64-linux.so)
==268755==    by 0x562D068: OBJ_NAME_add (in /usr/lib/x86_64-linux-gnu/libcrypto.so.3)
==268755==    by 0x55FF684: EVP_add_cipher (in /usr/lib/x86_64-linux-gnu/libcrypto.so.3)
==268755==    by 0x561DA1E: ??? (in /usr/lib/x86_64-linux-gnu/libcrypto.so.3)
==268755==    by 0x522BEE7: __pthread_once_slow (pthread_once.c:116)
==268755==    by 0x5621C9C: CRYPTO_THREAD_run_once (in /usr/lib/x86_64-linux-gnu/libcrypto.so.3)
==268755==    by 0x561E9F0: OPENSSL_init_crypto (in /usr/lib/x86_64-linux-gnu/libcrypto.so.3)
==268755==    by 0x53EB9B6: OPENSSL_init_ssl (in /usr/lib/x86_64-linux-gnu/libssl.so.3)
==268755==    by 0x488FB29: mysql_server_init (in /usr/lib/x86_64-linux-gnu/libmysqlclient.so.21.2.42)
==268755==    by 0x1ED98C: cpp_dbc::MySQL::MySQLDriver::MySQLDriver() (driver_mysql.cpp:797)
==268755==    by 0x163CB6: decltype (::new ((void*)(0)) cpp_dbc::MySQL::MySQLDriver()) std::construct_at<cpp_dbc::MySQL::MySQLDriver>(cpp_dbc::MySQL::MySQLDriver*) (stl_construct.h:97)
==268755==    by 0x163D03: void std::allocator_traits<std::allocator<cpp_dbc::MySQL::MySQLDriver> >::construct<cpp_dbc::MySQL::MySQLDriver>(std::allocator<cpp_dbc::MySQL::MySQLDriver>&, cpp_dbc::MySQL::MySQLDriver*) (alloc_traits.h:518)
==268755== 
==268755== 24 bytes in 1 blocks are still reachable in loss record 512 of 2,004
==268755==    at 0x4848899: malloc (in /usr/libexec/valgrind/vgpreload_memcheck-amd64-linux.so)
==268755==    by 0x560C185: OPENSSL_LH_insert (in /usr/lib/x86_64-linux-gnu/libcrypto.so.3)
==268755==    by 0x562D0AA: OBJ_NAME_add (in /usr/lib/x86_64-linux-gnu/libcrypto.so.3)
==268755==    by 0x55FF684: EVP_add_cipher (in /usr/lib/x86_64-linux-gnu/libcrypto.so.3)
==268755==    by 0x561DA1E: ??? (in /usr/lib/x86_64-linux-gnu/libcrypto.so.3)
==268755==    by 0x522BEE7: __pthread_once_slow (pthread_once.c:116)
==268755==    by 0x5621C9C: CRYPTO_THREAD_run_once (in /usr/lib/x86_64-linux-gnu/libcrypto.so.3)
==268755==    by 0x561E9F0: OPENSSL_init_crypto (in /usr/lib/x86_64-linux-gnu/libcrypto.so.3)
==268755==    by 0x53EB9B6: OPENSSL_init_ssl (in /usr/lib/x86_64-linux-gnu/libssl.so.3)
==268755==    by 0x488FB29: mysql_server_init (in /usr/lib/x86_64-linux-gnu/libmysqlclient.so.21.2.42)
==268755==    by 0x1ED98C: cpp_dbc::MySQL::MySQLDriver::MySQLDriver() (driver_mysql.cpp:797)
==268755==    by 0x163CB6: decltype (::new ((void*)(0)) cpp_dbc::MySQL::MySQLDriver()) std::construct_at<cpp_dbc::MySQL::MySQLDriver>(cpp_dbc::MySQL::MySQLDriver*) (stl_construct.h:97)
==268755== 
==268755== 24 bytes in 1 blocks are still reachable in loss record 513 of 2,004
==268755==    at 0x4848899: malloc (in /usr/libexec/valgrind/vgpreload_memcheck-amd64-linux.so)
==268755==    by 0x562D068: OBJ_NAME_add (in /usr/lib/x86_64-linux-gnu/libcrypto.so.3)
==268755==    by 0x561DA1E: ??? (in /usr/lib/x86_64-linux-gnu/libcrypto.so.3)
==268755==    by 0x522BEE7: __pthread_once_slow (pthread_once.c:116)
==268755==    by 0x5621C9C: CRYPTO_THREAD_run_once (in /usr/lib/x86_64-linux-gnu/libcrypto.so.3)
==268755==    by 0x561E9F0: OPENSSL_init_crypto (in /usr/lib/x86_64-linux-gnu/libcrypto.so.3)
==268755==    by 0x53EB9B6: OPENSSL_init_ssl (in /usr/lib/x86_64-linux-gnu/libssl.so.3)
==268755==    by 0x488FB29: mysql_server_init (in /usr/lib/x86_64-linux-gnu/libmysqlclient.so.21.2.42)
==268755==    by 0x1ED98C: cpp_dbc::MySQL::MySQLDriver::MySQLDriver() (driver_mysql.cpp:797)
==268755==    by 0x163CB6: decltype (::new ((void*)(0)) cpp_dbc::MySQL::MySQLDriver()) std::construct_at<cpp_dbc::MySQL::MySQLDriver>(cpp_dbc::MySQL::MySQLDriver*) (stl_construct.h:97)
==268755==    by 0x163D03: void std::allocator_traits<std::allocator<cpp_dbc::MySQL::MySQLDriver> >::construct<cpp_dbc::MySQL::MySQLDriver>(std::allocator<cpp_dbc::MySQL::MySQLDriver>&, cpp_dbc::MySQL::MySQLDriver*) (alloc_traits.h:518)
==268755==    by 0x163861: std::_Sp_counted_ptr_inplace<cpp_dbc::MySQL::MySQLDriver, std::allocator<cpp_dbc::MySQL::MySQLDriver>, (__gnu_cxx::_Lock_policy)2>::_Sp_counted_ptr_inplace<>(std::allocator<cpp_dbc::MySQL::MySQLDriver>) (shared_ptr_base.h:519)
==268755== 
==268755== 24 bytes in 1 blocks are still reachable in loss record 514 of 2,004
==268755==    at 0x4848899: malloc (in /usr/libexec/valgrind/vgpreload_memcheck-amd64-linux.so)
==268755==    by 0x560C185: OPENSSL_LH_insert (in /usr/lib/x86_64-linux-gnu/libcrypto.so.3)
==268755==    by 0x562D0AA: OBJ_NAME_add (in /usr/lib/x86_64-linux-gnu/libcrypto.so.3)
==268755==    by 0x561DA1E: ??? (in /usr/lib/x86_64-linux-gnu/libcrypto.so.3)
==268755==    by 0x522BEE7: __pthread_once_slow (pthread_once.c:116)
==268755==    by 0x5621C9C: CRYPTO_THREAD_run_once (in /usr/lib/x86_64-linux-gnu/libcrypto.so.3)
==268755==    by 0x561E9F0: OPENSSL_init_crypto (in /usr/lib/x86_64-linux-gnu/libcrypto.so.3)
==268755==    by 0x53EB9B6: OPENSSL_init_ssl (in /usr/lib/x86_64-linux-gnu/libssl.so.3)
==268755==    by 0x488FB29: mysql_server_init (in /usr/lib/x86_64-linux-gnu/libmysqlclient.so.21.2.42)
==268755==    by 0x1ED98C: cpp_dbc::MySQL::MySQLDriver::MySQLDriver() (driver_mysql.cpp:797)
==268755==    by 0x163CB6: decltype (::new ((void*)(0)) cpp_dbc::MySQL::MySQLDriver()) std::construct_at<cpp_dbc::MySQL::MySQLDriver>(cpp_dbc::MySQL::MySQLDriver*) (stl_construct.h:97)
==268755==    by 0x163D03: void std::allocator_traits<std::allocator<cpp_dbc::MySQL::MySQLDriver> >::construct<cpp_dbc::MySQL::MySQLDriver>(std::allocator<cpp_dbc::MySQL::MySQLDriver>&, cpp_dbc::MySQL::MySQLDriver*) (alloc_traits.h:518)
==268755== 
==268755== 24 bytes in 1 blocks are still reachable in loss record 515 of 2,004
==268755==    at 0x4848899: malloc (in /usr/libexec/valgrind/vgpreload_memcheck-amd64-linux.so)
==268755==    by 0x560C185: OPENSSL_LH_insert (in /usr/lib/x86_64-linux-gnu/libcrypto.so.3)
==268755==    by 0x562D0AA: OBJ_NAME_add (in /usr/lib/x86_64-linux-gnu/libcrypto.so.3)
==268755==    by 0x55FF684: EVP_add_cipher (in /usr/lib/x86_64-linux-gnu/libcrypto.so.3)
==268755==    by 0x561DA2B: ??? (in /usr/lib/x86_64-linux-gnu/libcrypto.so.3)
==268755==    by 0x522BEE7: __pthread_once_slow (pthread_once.c:116)
==268755==    by 0x5621C9C: CRYPTO_THREAD_run_once (in /usr/lib/x86_64-linux-gnu/libcrypto.so.3)
==268755==    by 0x561E9F0: OPENSSL_init_crypto (in /usr/lib/x86_64-linux-gnu/libcrypto.so.3)
==268755==    by 0x53EB9B6: OPENSSL_init_ssl (in /usr/lib/x86_64-linux-gnu/libssl.so.3)
==268755==    by 0x488FB29: mysql_server_init (in /usr/lib/x86_64-linux-gnu/libmysqlclient.so.21.2.42)
==268755==    by 0x1ED98C: cpp_dbc::MySQL::MySQLDriver::MySQLDriver() (driver_mysql.cpp:797)
==268755==    by 0x163CB6: decltype (::new ((void*)(0)) cpp_dbc::MySQL::MySQLDriver()) std::construct_at<cpp_dbc::MySQL::MySQLDriver>(cpp_dbc::MySQL::MySQLDriver*) (stl_construct.h:97)
==268755== 
==268755== 24 bytes in 1 blocks are still reachable in loss record 516 of 2,004
==268755==    at 0x4848899: malloc (in /usr/libexec/valgrind/vgpreload_memcheck-amd64-linux.so)
==268755==    by 0x562D068: OBJ_NAME_add (in /usr/lib/x86_64-linux-gnu/libcrypto.so.3)
==268755==    by 0x561DA2B: ??? (in /usr/lib/x86_64-linux-gnu/libcrypto.so.3)
==268755==    by 0x522BEE7: __pthread_once_slow (pthread_once.c:116)
==268755==    by 0x5621C9C: CRYPTO_THREAD_run_once (in /usr/lib/x86_64-linux-gnu/libcrypto.so.3)
==268755==    by 0x561E9F0: OPENSSL_init_crypto (in /usr/lib/x86_64-linux-gnu/libcrypto.so.3)
==268755==    by 0x53EB9B6: OPENSSL_init_ssl (in /usr/lib/x86_64-linux-gnu/libssl.so.3)
==268755==    by 0x488FB29: mysql_server_init (in /usr/lib/x86_64-linux-gnu/libmysqlclient.so.21.2.42)
==268755==    by 0x1ED98C: cpp_dbc::MySQL::MySQLDriver::MySQLDriver() (driver_mysql.cpp:797)
==268755==    by 0x163CB6: decltype (::new ((void*)(0)) cpp_dbc::MySQL::MySQLDriver()) std::construct_at<cpp_dbc::MySQL::MySQLDriver>(cpp_dbc::MySQL::MySQLDriver*) (stl_construct.h:97)
==268755==    by 0x163D03: void std::allocator_traits<std::allocator<cpp_dbc::MySQL::MySQLDriver> >::construct<cpp_dbc::MySQL::MySQLDriver>(std::allocator<cpp_dbc::MySQL::MySQLDriver>&, cpp_dbc::MySQL::MySQLDriver*) (alloc_traits.h:518)
==268755==    by 0x163861: std::_Sp_counted_ptr_inplace<cpp_dbc::MySQL::MySQLDriver, std::allocator<cpp_dbc::MySQL::MySQLDriver>, (__gnu_cxx::_Lock_policy)2>::_Sp_counted_ptr_inplace<>(std::allocator<cpp_dbc::MySQL::MySQLDriver>) (shared_ptr_base.h:519)
==268755== 
==268755== 24 bytes in 1 blocks are still reachable in loss record 517 of 2,004
==268755==    at 0x4848899: malloc (in /usr/libexec/valgrind/vgpreload_memcheck-amd64-linux.so)
==268755==    by 0x562D068: OBJ_NAME_add (in /usr/lib/x86_64-linux-gnu/libcrypto.so.3)
==268755==    by 0x55FF684: EVP_add_cipher (in /usr/lib/x86_64-linux-gnu/libcrypto.so.3)
==268755==    by 0x561DA38: ??? (in /usr/lib/x86_64-linux-gnu/libcrypto.so.3)
==268755==    by 0x522BEE7: __pthread_once_slow (pthread_once.c:116)
==268755==    by 0x5621C9C: CRYPTO_THREAD_run_once (in /usr/lib/x86_64-linux-gnu/libcrypto.so.3)
==268755==    by 0x561E9F0: OPENSSL_init_crypto (in /usr/lib/x86_64-linux-gnu/libcrypto.so.3)
==268755==    by 0x53EB9B6: OPENSSL_init_ssl (in /usr/lib/x86_64-linux-gnu/libssl.so.3)
==268755==    by 0x488FB29: mysql_server_init (in /usr/lib/x86_64-linux-gnu/libmysqlclient.so.21.2.42)
==268755==    by 0x1ED98C: cpp_dbc::MySQL::MySQLDriver::MySQLDriver() (driver_mysql.cpp:797)
==268755==    by 0x163CB6: decltype (::new ((void*)(0)) cpp_dbc::MySQL::MySQLDriver()) std::construct_at<cpp_dbc::MySQL::MySQLDriver>(cpp_dbc::MySQL::MySQLDriver*) (stl_construct.h:97)
==268755==    by 0x163D03: void std::allocator_traits<std::allocator<cpp_dbc::MySQL::MySQLDriver> >::construct<cpp_dbc::MySQL::MySQLDriver>(std::allocator<cpp_dbc::MySQL::MySQLDriver>&, cpp_dbc::MySQL::MySQLDriver*) (alloc_traits.h:518)
==268755== 
==268755== 24 bytes in 1 blocks are still reachable in loss record 518 of 2,004
==268755==    at 0x4848899: malloc (in /usr/libexec/valgrind/vgpreload_memcheck-amd64-linux.so)
==268755==    by 0x560C185: OPENSSL_LH_insert (in /usr/lib/x86_64-linux-gnu/libcrypto.so.3)
==268755==    by 0x562D0AA: OBJ_NAME_add (in /usr/lib/x86_64-linux-gnu/libcrypto.so.3)
==268755==    by 0x55FF684: EVP_add_cipher (in /usr/lib/x86_64-linux-gnu/libcrypto.so.3)
==268755==    by 0x561DA38: ??? (in /usr/lib/x86_64-linux-gnu/libcrypto.so.3)
==268755==    by 0x522BEE7: __pthread_once_slow (pthread_once.c:116)
==268755==    by 0x5621C9C: CRYPTO_THREAD_run_once (in /usr/lib/x86_64-linux-gnu/libcrypto.so.3)
==268755==    by 0x561E9F0: OPENSSL_init_crypto (in /usr/lib/x86_64-linux-gnu/libcrypto.so.3)
==268755==    by 0x53EB9B6: OPENSSL_init_ssl (in /usr/lib/x86_64-linux-gnu/libssl.so.3)
==268755==    by 0x488FB29: mysql_server_init (in /usr/lib/x86_64-linux-gnu/libmysqlclient.so.21.2.42)
==268755==    by 0x1ED98C: cpp_dbc::MySQL::MySQLDriver::MySQLDriver() (driver_mysql.cpp:797)
==268755==    by 0x163CB6: decltype (::new ((void*)(0)) cpp_dbc::MySQL::MySQLDriver()) std::construct_at<cpp_dbc::MySQL::MySQLDriver>(cpp_dbc::MySQL::MySQLDriver*) (stl_construct.h:97)
==268755== 
==268755== 24 bytes in 1 blocks are still reachable in loss record 519 of 2,004
==268755==    at 0x4848899: malloc (in /usr/libexec/valgrind/vgpreload_memcheck-amd64-linux.so)
==268755==    by 0x562D068: OBJ_NAME_add (in /usr/lib/x86_64-linux-gnu/libcrypto.so.3)
==268755==    by 0x561DA38: ??? (in /usr/lib/x86_64-linux-gnu/libcrypto.so.3)
==268755==    by 0x522BEE7: __pthread_once_slow (pthread_once.c:116)
==268755==    by 0x5621C9C: CRYPTO_THREAD_run_once (in /usr/lib/x86_64-linux-gnu/libcrypto.so.3)
==268755==    by 0x561E9F0: OPENSSL_init_crypto (in /usr/lib/x86_64-linux-gnu/libcrypto.so.3)
==268755==    by 0x53EB9B6: OPENSSL_init_ssl (in /usr/lib/x86_64-linux-gnu/libssl.so.3)
==268755==    by 0x488FB29: mysql_server_init (in /usr/lib/x86_64-linux-gnu/libmysqlclient.so.21.2.42)
==268755==    by 0x1ED98C: cpp_dbc::MySQL::MySQLDriver::MySQLDriver() (driver_mysql.cpp:797)
==268755==    by 0x163CB6: decltype (::new ((void*)(0)) cpp_dbc::MySQL::MySQLDriver()) std::construct_at<cpp_dbc::MySQL::MySQLDriver>(cpp_dbc::MySQL::MySQLDriver*) (stl_construct.h:97)
==268755==    by 0x163D03: void std::allocator_traits<std::allocator<cpp_dbc::MySQL::MySQLDriver> >::construct<cpp_dbc::MySQL::MySQLDriver>(std::allocator<cpp_dbc::MySQL::MySQLDriver>&, cpp_dbc::MySQL::MySQLDriver*) (alloc_traits.h:518)
==268755==    by 0x163861: std::_Sp_counted_ptr_inplace<cpp_dbc::MySQL::MySQLDriver, std::allocator<cpp_dbc::MySQL::MySQLDriver>, (__gnu_cxx::_Lock_policy)2>::_Sp_counted_ptr_inplace<>(std::allocator<cpp_dbc::MySQL::MySQLDriver>) (shared_ptr_base.h:519)
==268755== 
==268755== 24 bytes in 1 blocks are still reachable in loss record 520 of 2,004
==268755==    at 0x4848899: malloc (in /usr/libexec/valgrind/vgpreload_memcheck-amd64-linux.so)
==268755==    by 0x560C185: OPENSSL_LH_insert (in /usr/lib/x86_64-linux-gnu/libcrypto.so.3)
==268755==    by 0x562D0AA: OBJ_NAME_add (in /usr/lib/x86_64-linux-gnu/libcrypto.so.3)
==268755==    by 0x561DA38: ??? (in /usr/lib/x86_64-linux-gnu/libcrypto.so.3)
==268755==    by 0x522BEE7: __pthread_once_slow (pthread_once.c:116)
==268755==    by 0x5621C9C: CRYPTO_THREAD_run_once (in /usr/lib/x86_64-linux-gnu/libcrypto.so.3)
==268755==    by 0x561E9F0: OPENSSL_init_crypto (in /usr/lib/x86_64-linux-gnu/libcrypto.so.3)
==268755==    by 0x53EB9B6: OPENSSL_init_ssl (in /usr/lib/x86_64-linux-gnu/libssl.so.3)
==268755==    by 0x488FB29: mysql_server_init (in /usr/lib/x86_64-linux-gnu/libmysqlclient.so.21.2.42)
==268755==    by 0x1ED98C: cpp_dbc::MySQL::MySQLDriver::MySQLDriver() (driver_mysql.cpp:797)
==268755==    by 0x163CB6: decltype (::new ((void*)(0)) cpp_dbc::MySQL::MySQLDriver()) std::construct_at<cpp_dbc::MySQL::MySQLDriver>(cpp_dbc::MySQL::MySQLDriver*) (stl_construct.h:97)
==268755==    by 0x163D03: void std::allocator_traits<std::allocator<cpp_dbc::MySQL::MySQLDriver> >::construct<cpp_dbc::MySQL::MySQLDriver>(std::allocator<cpp_dbc::MySQL::MySQLDriver>&, cpp_dbc::MySQL::MySQLDriver*) (alloc_traits.h:518)
==268755== 
==268755== 24 bytes in 1 blocks are still reachable in loss record 521 of 2,004
==268755==    at 0x4848899: malloc (in /usr/libexec/valgrind/vgpreload_memcheck-amd64-linux.so)
==268755==    by 0x560C185: OPENSSL_LH_insert (in /usr/lib/x86_64-linux-gnu/libcrypto.so.3)
==268755==    by 0x562D0AA: OBJ_NAME_add (in /usr/lib/x86_64-linux-gnu/libcrypto.so.3)
==268755==    by 0x55FF684: EVP_add_cipher (in /usr/lib/x86_64-linux-gnu/libcrypto.so.3)
==268755==    by 0x561DA45: ??? (in /usr/lib/x86_64-linux-gnu/libcrypto.so.3)
==268755==    by 0x522BEE7: __pthread_once_slow (pthread_once.c:116)
==268755==    by 0x5621C9C: CRYPTO_THREAD_run_once (in /usr/lib/x86_64-linux-gnu/libcrypto.so.3)
==268755==    by 0x561E9F0: OPENSSL_init_crypto (in /usr/lib/x86_64-linux-gnu/libcrypto.so.3)
==268755==    by 0x53EB9B6: OPENSSL_init_ssl (in /usr/lib/x86_64-linux-gnu/libssl.so.3)
==268755==    by 0x488FB29: mysql_server_init (in /usr/lib/x86_64-linux-gnu/libmysqlclient.so.21.2.42)
==268755==    by 0x1ED98C: cpp_dbc::MySQL::MySQLDriver::MySQLDriver() (driver_mysql.cpp:797)
==268755==    by 0x163CB6: decltype (::new ((void*)(0)) cpp_dbc::MySQL::MySQLDriver()) std::construct_at<cpp_dbc::MySQL::MySQLDriver>(cpp_dbc::MySQL::MySQLDriver*) (stl_construct.h:97)
==268755== 
==268755== 24 bytes in 1 blocks are still reachable in loss record 522 of 2,004
==268755==    at 0x4848899: malloc (in /usr/libexec/valgrind/vgpreload_memcheck-amd64-linux.so)
==268755==    by 0x562D068: OBJ_NAME_add (in /usr/lib/x86_64-linux-gnu/libcrypto.so.3)
==268755==    by 0x561DA45: ??? (in /usr/lib/x86_64-linux-gnu/libcrypto.so.3)
==268755==    by 0x522BEE7: __pthread_once_slow (pthread_once.c:116)
==268755==    by 0x5621C9C: CRYPTO_THREAD_run_once (in /usr/lib/x86_64-linux-gnu/libcrypto.so.3)
==268755==    by 0x561E9F0: OPENSSL_init_crypto (in /usr/lib/x86_64-linux-gnu/libcrypto.so.3)
==268755==    by 0x53EB9B6: OPENSSL_init_ssl (in /usr/lib/x86_64-linux-gnu/libssl.so.3)
==268755==    by 0x488FB29: mysql_server_init (in /usr/lib/x86_64-linux-gnu/libmysqlclient.so.21.2.42)
==268755==    by 0x1ED98C: cpp_dbc::MySQL::MySQLDriver::MySQLDriver() (driver_mysql.cpp:797)
==268755==    by 0x163CB6: decltype (::new ((void*)(0)) cpp_dbc::MySQL::MySQLDriver()) std::construct_at<cpp_dbc::MySQL::MySQLDriver>(cpp_dbc::MySQL::MySQLDriver*) (stl_construct.h:97)
==268755==    by 0x163D03: void std::allocator_traits<std::allocator<cpp_dbc::MySQL::MySQLDriver> >::construct<cpp_dbc::MySQL::MySQLDriver>(std::allocator<cpp_dbc::MySQL::MySQLDriver>&, cpp_dbc::MySQL::MySQLDriver*) (alloc_traits.h:518)
==268755==    by 0x163861: std::_Sp_counted_ptr_inplace<cpp_dbc::MySQL::MySQLDriver, std::allocator<cpp_dbc::MySQL::MySQLDriver>, (__gnu_cxx::_Lock_policy)2>::_Sp_counted_ptr_inplace<>(std::allocator<cpp_dbc::MySQL::MySQLDriver>) (shared_ptr_base.h:519)
==268755== 
==268755== 24 bytes in 1 blocks are still reachable in loss record 523 of 2,004
==268755==    at 0x4848899: malloc (in /usr/libexec/valgrind/vgpreload_memcheck-amd64-linux.so)
==268755==    by 0x562D068: OBJ_NAME_add (in /usr/lib/x86_64-linux-gnu/libcrypto.so.3)
==268755==    by 0x561DA5D: ??? (in /usr/lib/x86_64-linux-gnu/libcrypto.so.3)
==268755==    by 0x522BEE7: __pthread_once_slow (pthread_once.c:116)
==268755==    by 0x5621C9C: CRYPTO_THREAD_run_once (in /usr/lib/x86_64-linux-gnu/libcrypto.so.3)
==268755==    by 0x561E9F0: OPENSSL_init_crypto (in /usr/lib/x86_64-linux-gnu/libcrypto.so.3)
==268755==    by 0x53EB9B6: OPENSSL_init_ssl (in /usr/lib/x86_64-linux-gnu/libssl.so.3)
==268755==    by 0x488FB29: mysql_server_init (in /usr/lib/x86_64-linux-gnu/libmysqlclient.so.21.2.42)
==268755==    by 0x1ED98C: cpp_dbc::MySQL::MySQLDriver::MySQLDriver() (driver_mysql.cpp:797)
==268755==    by 0x163CB6: decltype (::new ((void*)(0)) cpp_dbc::MySQL::MySQLDriver()) std::construct_at<cpp_dbc::MySQL::MySQLDriver>(cpp_dbc::MySQL::MySQLDriver*) (stl_construct.h:97)
==268755==    by 0x163D03: void std::allocator_traits<std::allocator<cpp_dbc::MySQL::MySQLDriver> >::construct<cpp_dbc::MySQL::MySQLDriver>(std::allocator<cpp_dbc::MySQL::MySQLDriver>&, cpp_dbc::MySQL::MySQLDriver*) (alloc_traits.h:518)
==268755==    by 0x163861: std::_Sp_counted_ptr_inplace<cpp_dbc::MySQL::MySQLDriver, std::allocator<cpp_dbc::MySQL::MySQLDriver>, (__gnu_cxx::_Lock_policy)2>::_Sp_counted_ptr_inplace<>(std::allocator<cpp_dbc::MySQL::MySQLDriver>) (shared_ptr_base.h:519)
==268755== 
==268755== 24 bytes in 1 blocks are still reachable in loss record 524 of 2,004
==268755==    at 0x4848899: malloc (in /usr/libexec/valgrind/vgpreload_memcheck-amd64-linux.so)
==268755==    by 0x560C185: OPENSSL_LH_insert (in /usr/lib/x86_64-linux-gnu/libcrypto.so.3)
==268755==    by 0x562D0AA: OBJ_NAME_add (in /usr/lib/x86_64-linux-gnu/libcrypto.so.3)
==268755==    by 0x561DA5D: ??? (in /usr/lib/x86_64-linux-gnu/libcrypto.so.3)
==268755==    by 0x522BEE7: __pthread_once_slow (pthread_once.c:116)
==268755==    by 0x5621C9C: CRYPTO_THREAD_run_once (in /usr/lib/x86_64-linux-gnu/libcrypto.so.3)
==268755==    by 0x561E9F0: OPENSSL_init_crypto (in /usr/lib/x86_64-linux-gnu/libcrypto.so.3)
==268755==    by 0x53EB9B6: OPENSSL_init_ssl (in /usr/lib/x86_64-linux-gnu/libssl.so.3)
==268755==    by 0x488FB29: mysql_server_init (in /usr/lib/x86_64-linux-gnu/libmysqlclient.so.21.2.42)
==268755==    by 0x1ED98C: cpp_dbc::MySQL::MySQLDriver::MySQLDriver() (driver_mysql.cpp:797)
==268755==    by 0x163CB6: decltype (::new ((void*)(0)) cpp_dbc::MySQL::MySQLDriver()) std::construct_at<cpp_dbc::MySQL::MySQLDriver>(cpp_dbc::MySQL::MySQLDriver*) (stl_construct.h:97)
==268755==    by 0x163D03: void std::allocator_traits<std::allocator<cpp_dbc::MySQL::MySQLDriver> >::construct<cpp_dbc::MySQL::MySQLDriver>(std::allocator<cpp_dbc::MySQL::MySQLDriver>&, cpp_dbc::MySQL::MySQLDriver*) (alloc_traits.h:518)
==268755== 
==268755== 24 bytes in 1 blocks are still reachable in loss record 525 of 2,004
==268755==    at 0x4848899: malloc (in /usr/libexec/valgrind/vgpreload_memcheck-amd64-linux.so)
==268755==    by 0x560C185: OPENSSL_LH_insert (in /usr/lib/x86_64-linux-gnu/libcrypto.so.3)
==268755==    by 0x562D0AA: OBJ_NAME_add (in /usr/lib/x86_64-linux-gnu/libcrypto.so.3)
==268755==    by 0x55FF684: EVP_add_cipher (in /usr/lib/x86_64-linux-gnu/libcrypto.so.3)
==268755==    by 0x561DA6A: ??? (in /usr/lib/x86_64-linux-gnu/libcrypto.so.3)
==268755==    by 0x522BEE7: __pthread_once_slow (pthread_once.c:116)
==268755==    by 0x5621C9C: CRYPTO_THREAD_run_once (in /usr/lib/x86_64-linux-gnu/libcrypto.so.3)
==268755==    by 0x561E9F0: OPENSSL_init_crypto (in /usr/lib/x86_64-linux-gnu/libcrypto.so.3)
==268755==    by 0x53EB9B6: OPENSSL_init_ssl (in /usr/lib/x86_64-linux-gnu/libssl.so.3)
==268755==    by 0x488FB29: mysql_server_init (in /usr/lib/x86_64-linux-gnu/libmysqlclient.so.21.2.42)
==268755==    by 0x1ED98C: cpp_dbc::MySQL::MySQLDriver::MySQLDriver() (driver_mysql.cpp:797)
==268755==    by 0x163CB6: decltype (::new ((void*)(0)) cpp_dbc::MySQL::MySQLDriver()) std::construct_at<cpp_dbc::MySQL::MySQLDriver>(cpp_dbc::MySQL::MySQLDriver*) (stl_construct.h:97)
==268755== 
==268755== 24 bytes in 1 blocks are still reachable in loss record 526 of 2,004
==268755==    at 0x4848899: malloc (in /usr/libexec/valgrind/vgpreload_memcheck-amd64-linux.so)
==268755==    by 0x562D068: OBJ_NAME_add (in /usr/lib/x86_64-linux-gnu/libcrypto.so.3)
==268755==    by 0x561DA6A: ??? (in /usr/lib/x86_64-linux-gnu/libcrypto.so.3)
==268755==    by 0x522BEE7: __pthread_once_slow (pthread_once.c:116)
==268755==    by 0x5621C9C: CRYPTO_THREAD_run_once (in /usr/lib/x86_64-linux-gnu/libcrypto.so.3)
==268755==    by 0x561E9F0: OPENSSL_init_crypto (in /usr/lib/x86_64-linux-gnu/libcrypto.so.3)
==268755==    by 0x53EB9B6: OPENSSL_init_ssl (in /usr/lib/x86_64-linux-gnu/libssl.so.3)
==268755==    by 0x488FB29: mysql_server_init (in /usr/lib/x86_64-linux-gnu/libmysqlclient.so.21.2.42)
==268755==    by 0x1ED98C: cpp_dbc::MySQL::MySQLDriver::MySQLDriver() (driver_mysql.cpp:797)
==268755==    by 0x163CB6: decltype (::new ((void*)(0)) cpp_dbc::MySQL::MySQLDriver()) std::construct_at<cpp_dbc::MySQL::MySQLDriver>(cpp_dbc::MySQL::MySQLDriver*) (stl_construct.h:97)
==268755==    by 0x163D03: void std::allocator_traits<std::allocator<cpp_dbc::MySQL::MySQLDriver> >::construct<cpp_dbc::MySQL::MySQLDriver>(std::allocator<cpp_dbc::MySQL::MySQLDriver>&, cpp_dbc::MySQL::MySQLDriver*) (alloc_traits.h:518)
==268755==    by 0x163861: std::_Sp_counted_ptr_inplace<cpp_dbc::MySQL::MySQLDriver, std::allocator<cpp_dbc::MySQL::MySQLDriver>, (__gnu_cxx::_Lock_policy)2>::_Sp_counted_ptr_inplace<>(std::allocator<cpp_dbc::MySQL::MySQLDriver>) (shared_ptr_base.h:519)
==268755== 
==268755== 24 bytes in 1 blocks are still reachable in loss record 527 of 2,004
==268755==    at 0x4848899: malloc (in /usr/libexec/valgrind/vgpreload_memcheck-amd64-linux.so)
==268755==    by 0x560C185: OPENSSL_LH_insert (in /usr/lib/x86_64-linux-gnu/libcrypto.so.3)
==268755==    by 0x562D0AA: OBJ_NAME_add (in /usr/lib/x86_64-linux-gnu/libcrypto.so.3)
==268755==    by 0x561DA7E: ??? (in /usr/lib/x86_64-linux-gnu/libcrypto.so.3)
==268755==    by 0x522BEE7: __pthread_once_slow (pthread_once.c:116)
==268755==    by 0x5621C9C: CRYPTO_THREAD_run_once (in /usr/lib/x86_64-linux-gnu/libcrypto.so.3)
==268755==    by 0x561E9F0: OPENSSL_init_crypto (in /usr/lib/x86_64-linux-gnu/libcrypto.so.3)
==268755==    by 0x53EB9B6: OPENSSL_init_ssl (in /usr/lib/x86_64-linux-gnu/libssl.so.3)
==268755==    by 0x488FB29: mysql_server_init (in /usr/lib/x86_64-linux-gnu/libmysqlclient.so.21.2.42)
==268755==    by 0x1ED98C: cpp_dbc::MySQL::MySQLDriver::MySQLDriver() (driver_mysql.cpp:797)
==268755==    by 0x163CB6: decltype (::new ((void*)(0)) cpp_dbc::MySQL::MySQLDriver()) std::construct_at<cpp_dbc::MySQL::MySQLDriver>(cpp_dbc::MySQL::MySQLDriver*) (stl_construct.h:97)
==268755==    by 0x163D03: void std::allocator_traits<std::allocator<cpp_dbc::MySQL::MySQLDriver> >::construct<cpp_dbc::MySQL::MySQLDriver>(std::allocator<cpp_dbc::MySQL::MySQLDriver>&, cpp_dbc::MySQL::MySQLDriver*) (alloc_traits.h:518)
==268755== 
==268755== 24 bytes in 1 blocks are still reachable in loss record 528 of 2,004
==268755==    at 0x4848899: malloc (in /usr/libexec/valgrind/vgpreload_memcheck-amd64-linux.so)
==268755==    by 0x562D068: OBJ_NAME_add (in /usr/lib/x86_64-linux-gnu/libcrypto.so.3)
==268755==    by 0x561DA92: ??? (in /usr/lib/x86_64-linux-gnu/libcrypto.so.3)
==268755==    by 0x522BEE7: __pthread_once_slow (pthread_once.c:116)
==268755==    by 0x5621C9C: CRYPTO_THREAD_run_once (in /usr/lib/x86_64-linux-gnu/libcrypto.so.3)
==268755==    by 0x561E9F0: OPENSSL_init_crypto (in /usr/lib/x86_64-linux-gnu/libcrypto.so.3)
==268755==    by 0x53EB9B6: OPENSSL_init_ssl (in /usr/lib/x86_64-linux-gnu/libssl.so.3)
==268755==    by 0x488FB29: mysql_server_init (in /usr/lib/x86_64-linux-gnu/libmysqlclient.so.21.2.42)
==268755==    by 0x1ED98C: cpp_dbc::MySQL::MySQLDriver::MySQLDriver() (driver_mysql.cpp:797)
==268755==    by 0x163CB6: decltype (::new ((void*)(0)) cpp_dbc::MySQL::MySQLDriver()) std::construct_at<cpp_dbc::MySQL::MySQLDriver>(cpp_dbc::MySQL::MySQLDriver*) (stl_construct.h:97)
==268755==    by 0x163D03: void std::allocator_traits<std::allocator<cpp_dbc::MySQL::MySQLDriver> >::construct<cpp_dbc::MySQL::MySQLDriver>(std::allocator<cpp_dbc::MySQL::MySQLDriver>&, cpp_dbc::MySQL::MySQLDriver*) (alloc_traits.h:518)
==268755==    by 0x163861: std::_Sp_counted_ptr_inplace<cpp_dbc::MySQL::MySQLDriver, std::allocator<cpp_dbc::MySQL::MySQLDriver>, (__gnu_cxx::_Lock_policy)2>::_Sp_counted_ptr_inplace<>(std::allocator<cpp_dbc::MySQL::MySQLDriver>) (shared_ptr_base.h:519)
==268755== 
==268755== 24 bytes in 1 blocks are still reachable in loss record 529 of 2,004
==268755==    at 0x4848899: malloc (in /usr/libexec/valgrind/vgpreload_memcheck-amd64-linux.so)
==268755==    by 0x560C185: OPENSSL_LH_insert (in /usr/lib/x86_64-linux-gnu/libcrypto.so.3)
==268755==    by 0x562D0AA: OBJ_NAME_add (in /usr/lib/x86_64-linux-gnu/libcrypto.so.3)
==268755==    by 0x55FF684: EVP_add_cipher (in /usr/lib/x86_64-linux-gnu/libcrypto.so.3)
==268755==    by 0x561DAA6: ??? (in /usr/lib/x86_64-linux-gnu/libcrypto.so.3)
==268755==    by 0x522BEE7: __pthread_once_slow (pthread_once.c:116)
==268755==    by 0x5621C9C: CRYPTO_THREAD_run_once (in /usr/lib/x86_64-linux-gnu/libcrypto.so.3)
==268755==    by 0x561E9F0: OPENSSL_init_crypto (in /usr/lib/x86_64-linux-gnu/libcrypto.so.3)
==268755==    by 0x53EB9B6: OPENSSL_init_ssl (in /usr/lib/x86_64-linux-gnu/libssl.so.3)
==268755==    by 0x488FB29: mysql_server_init (in /usr/lib/x86_64-linux-gnu/libmysqlclient.so.21.2.42)
==268755==    by 0x1ED98C: cpp_dbc::MySQL::MySQLDriver::MySQLDriver() (driver_mysql.cpp:797)
==268755==    by 0x163CB6: decltype (::new ((void*)(0)) cpp_dbc::MySQL::MySQLDriver()) std::construct_at<cpp_dbc::MySQL::MySQLDriver>(cpp_dbc::MySQL::MySQLDriver*) (stl_construct.h:97)
==268755== 
==268755== 24 bytes in 1 blocks are still reachable in loss record 530 of 2,004
==268755==    at 0x4848899: malloc (in /usr/libexec/valgrind/vgpreload_memcheck-amd64-linux.so)
==268755==    by 0x562D068: OBJ_NAME_add (in /usr/lib/x86_64-linux-gnu/libcrypto.so.3)
==268755==    by 0x561DAA6: ??? (in /usr/lib/x86_64-linux-gnu/libcrypto.so.3)
==268755==    by 0x522BEE7: __pthread_once_slow (pthread_once.c:116)
==268755==    by 0x5621C9C: CRYPTO_THREAD_run_once (in /usr/lib/x86_64-linux-gnu/libcrypto.so.3)
==268755==    by 0x561E9F0: OPENSSL_init_crypto (in /usr/lib/x86_64-linux-gnu/libcrypto.so.3)
==268755==    by 0x53EB9B6: OPENSSL_init_ssl (in /usr/lib/x86_64-linux-gnu/libssl.so.3)
==268755==    by 0x488FB29: mysql_server_init (in /usr/lib/x86_64-linux-gnu/libmysqlclient.so.21.2.42)
==268755==    by 0x1ED98C: cpp_dbc::MySQL::MySQLDriver::MySQLDriver() (driver_mysql.cpp:797)
==268755==    by 0x163CB6: decltype (::new ((void*)(0)) cpp_dbc::MySQL::MySQLDriver()) std::construct_at<cpp_dbc::MySQL::MySQLDriver>(cpp_dbc::MySQL::MySQLDriver*) (stl_construct.h:97)
==268755==    by 0x163D03: void std::allocator_traits<std::allocator<cpp_dbc::MySQL::MySQLDriver> >::construct<cpp_dbc::MySQL::MySQLDriver>(std::allocator<cpp_dbc::MySQL::MySQLDriver>&, cpp_dbc::MySQL::MySQLDriver*) (alloc_traits.h:518)
==268755==    by 0x163861: std::_Sp_counted_ptr_inplace<cpp_dbc::MySQL::MySQLDriver, std::allocator<cpp_dbc::MySQL::MySQLDriver>, (__gnu_cxx::_Lock_policy)2>::_Sp_counted_ptr_inplace<>(std::allocator<cpp_dbc::MySQL::MySQLDriver>) (shared_ptr_base.h:519)
==268755== 
==268755== 24 bytes in 1 blocks are still reachable in loss record 531 of 2,004
==268755==    at 0x4848899: malloc (in /usr/libexec/valgrind/vgpreload_memcheck-amd64-linux.so)
==268755==    by 0x560C185: OPENSSL_LH_insert (in /usr/lib/x86_64-linux-gnu/libcrypto.so.3)
==268755==    by 0x562D0AA: OBJ_NAME_add (in /usr/lib/x86_64-linux-gnu/libcrypto.so.3)
==268755==    by 0x55FF684: EVP_add_cipher (in /usr/lib/x86_64-linux-gnu/libcrypto.so.3)
==268755==    by 0x561DAB3: ??? (in /usr/lib/x86_64-linux-gnu/libcrypto.so.3)
==268755==    by 0x522BEE7: __pthread_once_slow (pthread_once.c:116)
==268755==    by 0x5621C9C: CRYPTO_THREAD_run_once (in /usr/lib/x86_64-linux-gnu/libcrypto.so.3)
==268755==    by 0x561E9F0: OPENSSL_init_crypto (in /usr/lib/x86_64-linux-gnu/libcrypto.so.3)
==268755==    by 0x53EB9B6: OPENSSL_init_ssl (in /usr/lib/x86_64-linux-gnu/libssl.so.3)
==268755==    by 0x488FB29: mysql_server_init (in /usr/lib/x86_64-linux-gnu/libmysqlclient.so.21.2.42)
==268755==    by 0x1ED98C: cpp_dbc::MySQL::MySQLDriver::MySQLDriver() (driver_mysql.cpp:797)
==268755==    by 0x163CB6: decltype (::new ((void*)(0)) cpp_dbc::MySQL::MySQLDriver()) std::construct_at<cpp_dbc::MySQL::MySQLDriver>(cpp_dbc::MySQL::MySQLDriver*) (stl_construct.h:97)
==268755== 
==268755== 24 bytes in 1 blocks are still reachable in loss record 532 of 2,004
==268755==    at 0x4848899: malloc (in /usr/libexec/valgrind/vgpreload_memcheck-amd64-linux.so)
==268755==    by 0x562D068: OBJ_NAME_add (in /usr/lib/x86_64-linux-gnu/libcrypto.so.3)
==268755==    by 0x561DAB3: ??? (in /usr/lib/x86_64-linux-gnu/libcrypto.so.3)
==268755==    by 0x522BEE7: __pthread_once_slow (pthread_once.c:116)
==268755==    by 0x5621C9C: CRYPTO_THREAD_run_once (in /usr/lib/x86_64-linux-gnu/libcrypto.so.3)
==268755==    by 0x561E9F0: OPENSSL_init_crypto (in /usr/lib/x86_64-linux-gnu/libcrypto.so.3)
==268755==    by 0x53EB9B6: OPENSSL_init_ssl (in /usr/lib/x86_64-linux-gnu/libssl.so.3)
==268755==    by 0x488FB29: mysql_server_init (in /usr/lib/x86_64-linux-gnu/libmysqlclient.so.21.2.42)
==268755==    by 0x1ED98C: cpp_dbc::MySQL::MySQLDriver::MySQLDriver() (driver_mysql.cpp:797)
==268755==    by 0x163CB6: decltype (::new ((void*)(0)) cpp_dbc::MySQL::MySQLDriver()) std::construct_at<cpp_dbc::MySQL::MySQLDriver>(cpp_dbc::MySQL::MySQLDriver*) (stl_construct.h:97)
==268755==    by 0x163D03: void std::allocator_traits<std::allocator<cpp_dbc::MySQL::MySQLDriver> >::construct<cpp_dbc::MySQL::MySQLDriver>(std::allocator<cpp_dbc::MySQL::MySQLDriver>&, cpp_dbc::MySQL::MySQLDriver*) (alloc_traits.h:518)
==268755==    by 0x163861: std::_Sp_counted_ptr_inplace<cpp_dbc::MySQL::MySQLDriver, std::allocator<cpp_dbc::MySQL::MySQLDriver>, (__gnu_cxx::_Lock_policy)2>::_Sp_counted_ptr_inplace<>(std::allocator<cpp_dbc::MySQL::MySQLDriver>) (shared_ptr_base.h:519)
==268755== 
==268755== 24 bytes in 1 blocks are still reachable in loss record 533 of 2,004
==268755==    at 0x4848899: malloc (in /usr/libexec/valgrind/vgpreload_memcheck-amd64-linux.so)
==268755==    by 0x560C185: OPENSSL_LH_insert (in /usr/lib/x86_64-linux-gnu/libcrypto.so.3)
==268755==    by 0x562D0AA: OBJ_NAME_add (in /usr/lib/x86_64-linux-gnu/libcrypto.so.3)
==268755==    by 0x55FF684: EVP_add_cipher (in /usr/lib/x86_64-linux-gnu/libcrypto.so.3)
==268755==    by 0x561DAC0: ??? (in /usr/lib/x86_64-linux-gnu/libcrypto.so.3)
==268755==    by 0x522BEE7: __pthread_once_slow (pthread_once.c:116)
==268755==    by 0x5621C9C: CRYPTO_THREAD_run_once (in /usr/lib/x86_64-linux-gnu/libcrypto.so.3)
==268755==    by 0x561E9F0: OPENSSL_init_crypto (in /usr/lib/x86_64-linux-gnu/libcrypto.so.3)
==268755==    by 0x53EB9B6: OPENSSL_init_ssl (in /usr/lib/x86_64-linux-gnu/libssl.so.3)
==268755==    by 0x488FB29: mysql_server_init (in /usr/lib/x86_64-linux-gnu/libmysqlclient.so.21.2.42)
==268755==    by 0x1ED98C: cpp_dbc::MySQL::MySQLDriver::MySQLDriver() (driver_mysql.cpp:797)
==268755==    by 0x163CB6: decltype (::new ((void*)(0)) cpp_dbc::MySQL::MySQLDriver()) std::construct_at<cpp_dbc::MySQL::MySQLDriver>(cpp_dbc::MySQL::MySQLDriver*) (stl_construct.h:97)
==268755== 
==268755== 24 bytes in 1 blocks are still reachable in loss record 534 of 2,004
==268755==    at 0x4848899: malloc (in /usr/libexec/valgrind/vgpreload_memcheck-amd64-linux.so)
==268755==    by 0x562D068: OBJ_NAME_add (in /usr/lib/x86_64-linux-gnu/libcrypto.so.3)
==268755==    by 0x561DAC0: ??? (in /usr/lib/x86_64-linux-gnu/libcrypto.so.3)
==268755==    by 0x522BEE7: __pthread_once_slow (pthread_once.c:116)
==268755==    by 0x5621C9C: CRYPTO_THREAD_run_once (in /usr/lib/x86_64-linux-gnu/libcrypto.so.3)
==268755==    by 0x561E9F0: OPENSSL_init_crypto (in /usr/lib/x86_64-linux-gnu/libcrypto.so.3)
==268755==    by 0x53EB9B6: OPENSSL_init_ssl (in /usr/lib/x86_64-linux-gnu/libssl.so.3)
==268755==    by 0x488FB29: mysql_server_init (in /usr/lib/x86_64-linux-gnu/libmysqlclient.so.21.2.42)
==268755==    by 0x1ED98C: cpp_dbc::MySQL::MySQLDriver::MySQLDriver() (driver_mysql.cpp:797)
==268755==    by 0x163CB6: decltype (::new ((void*)(0)) cpp_dbc::MySQL::MySQLDriver()) std::construct_at<cpp_dbc::MySQL::MySQLDriver>(cpp_dbc::MySQL::MySQLDriver*) (stl_construct.h:97)
==268755==    by 0x163D03: void std::allocator_traits<std::allocator<cpp_dbc::MySQL::MySQLDriver> >::construct<cpp_dbc::MySQL::MySQLDriver>(std::allocator<cpp_dbc::MySQL::MySQLDriver>&, cpp_dbc::MySQL::MySQLDriver*) (alloc_traits.h:518)
==268755==    by 0x163861: std::_Sp_counted_ptr_inplace<cpp_dbc::MySQL::MySQLDriver, std::allocator<cpp_dbc::MySQL::MySQLDriver>, (__gnu_cxx::_Lock_policy)2>::_Sp_counted_ptr_inplace<>(std::allocator<cpp_dbc::MySQL::MySQLDriver>) (shared_ptr_base.h:519)
==268755== 
==268755== 24 bytes in 1 blocks are still reachable in loss record 535 of 2,004
==268755==    at 0x4848899: malloc (in /usr/libexec/valgrind/vgpreload_memcheck-amd64-linux.so)
==268755==    by 0x560C185: OPENSSL_LH_insert (in /usr/lib/x86_64-linux-gnu/libcrypto.so.3)
==268755==    by 0x562D0AA: OBJ_NAME_add (in /usr/lib/x86_64-linux-gnu/libcrypto.so.3)
==268755==    by 0x55FF684: EVP_add_cipher (in /usr/lib/x86_64-linux-gnu/libcrypto.so.3)
==268755==    by 0x561DACD: ??? (in /usr/lib/x86_64-linux-gnu/libcrypto.so.3)
==268755==    by 0x522BEE7: __pthread_once_slow (pthread_once.c:116)
==268755==    by 0x5621C9C: CRYPTO_THREAD_run_once (in /usr/lib/x86_64-linux-gnu/libcrypto.so.3)
==268755==    by 0x561E9F0: OPENSSL_init_crypto (in /usr/lib/x86_64-linux-gnu/libcrypto.so.3)
==268755==    by 0x53EB9B6: OPENSSL_init_ssl (in /usr/lib/x86_64-linux-gnu/libssl.so.3)
==268755==    by 0x488FB29: mysql_server_init (in /usr/lib/x86_64-linux-gnu/libmysqlclient.so.21.2.42)
==268755==    by 0x1ED98C: cpp_dbc::MySQL::MySQLDriver::MySQLDriver() (driver_mysql.cpp:797)
==268755==    by 0x163CB6: decltype (::new ((void*)(0)) cpp_dbc::MySQL::MySQLDriver()) std::construct_at<cpp_dbc::MySQL::MySQLDriver>(cpp_dbc::MySQL::MySQLDriver*) (stl_construct.h:97)
==268755== 
==268755== 24 bytes in 1 blocks are still reachable in loss record 536 of 2,004
==268755==    at 0x4848899: malloc (in /usr/libexec/valgrind/vgpreload_memcheck-amd64-linux.so)
==268755==    by 0x562D068: OBJ_NAME_add (in /usr/lib/x86_64-linux-gnu/libcrypto.so.3)
==268755==    by 0x561DACD: ??? (in /usr/lib/x86_64-linux-gnu/libcrypto.so.3)
==268755==    by 0x522BEE7: __pthread_once_slow (pthread_once.c:116)
==268755==    by 0x5621C9C: CRYPTO_THREAD_run_once (in /usr/lib/x86_64-linux-gnu/libcrypto.so.3)
==268755==    by 0x561E9F0: OPENSSL_init_crypto (in /usr/lib/x86_64-linux-gnu/libcrypto.so.3)
==268755==    by 0x53EB9B6: OPENSSL_init_ssl (in /usr/lib/x86_64-linux-gnu/libssl.so.3)
==268755==    by 0x488FB29: mysql_server_init (in /usr/lib/x86_64-linux-gnu/libmysqlclient.so.21.2.42)
==268755==    by 0x1ED98C: cpp_dbc::MySQL::MySQLDriver::MySQLDriver() (driver_mysql.cpp:797)
==268755==    by 0x163CB6: decltype (::new ((void*)(0)) cpp_dbc::MySQL::MySQLDriver()) std::construct_at<cpp_dbc::MySQL::MySQLDriver>(cpp_dbc::MySQL::MySQLDriver*) (stl_construct.h:97)
==268755==    by 0x163D03: void std::allocator_traits<std::allocator<cpp_dbc::MySQL::MySQLDriver> >::construct<cpp_dbc::MySQL::MySQLDriver>(std::allocator<cpp_dbc::MySQL::MySQLDriver>&, cpp_dbc::MySQL::MySQLDriver*) (alloc_traits.h:518)
==268755==    by 0x163861: std::_Sp_counted_ptr_inplace<cpp_dbc::MySQL::MySQLDriver, std::allocator<cpp_dbc::MySQL::MySQLDriver>, (__gnu_cxx::_Lock_policy)2>::_Sp_counted_ptr_inplace<>(std::allocator<cpp_dbc::MySQL::MySQLDriver>) (shared_ptr_base.h:519)
==268755== 
==268755== 24 bytes in 1 blocks are still reachable in loss record 537 of 2,004
==268755==    at 0x4848899: malloc (in /usr/libexec/valgrind/vgpreload_memcheck-amd64-linux.so)
==268755==    by 0x560C185: OPENSSL_LH_insert (in /usr/lib/x86_64-linux-gnu/libcrypto.so.3)
==268755==    by 0x562D0AA: OBJ_NAME_add (in /usr/lib/x86_64-linux-gnu/libcrypto.so.3)
==268755==    by 0x55FF684: EVP_add_cipher (in /usr/lib/x86_64-linux-gnu/libcrypto.so.3)
==268755==    by 0x561DADA: ??? (in /usr/lib/x86_64-linux-gnu/libcrypto.so.3)
==268755==    by 0x522BEE7: __pthread_once_slow (pthread_once.c:116)
==268755==    by 0x5621C9C: CRYPTO_THREAD_run_once (in /usr/lib/x86_64-linux-gnu/libcrypto.so.3)
==268755==    by 0x561E9F0: OPENSSL_init_crypto (in /usr/lib/x86_64-linux-gnu/libcrypto.so.3)
==268755==    by 0x53EB9B6: OPENSSL_init_ssl (in /usr/lib/x86_64-linux-gnu/libssl.so.3)
==268755==    by 0x488FB29: mysql_server_init (in /usr/lib/x86_64-linux-gnu/libmysqlclient.so.21.2.42)
==268755==    by 0x1ED98C: cpp_dbc::MySQL::MySQLDriver::MySQLDriver() (driver_mysql.cpp:797)
==268755==    by 0x163CB6: decltype (::new ((void*)(0)) cpp_dbc::MySQL::MySQLDriver()) std::construct_at<cpp_dbc::MySQL::MySQLDriver>(cpp_dbc::MySQL::MySQLDriver*) (stl_construct.h:97)
==268755== 
==268755== 24 bytes in 1 blocks are still reachable in loss record 538 of 2,004
==268755==    at 0x4848899: malloc (in /usr/libexec/valgrind/vgpreload_memcheck-amd64-linux.so)
==268755==    by 0x562D068: OBJ_NAME_add (in /usr/lib/x86_64-linux-gnu/libcrypto.so.3)
==268755==    by 0x561DADA: ??? (in /usr/lib/x86_64-linux-gnu/libcrypto.so.3)
==268755==    by 0x522BEE7: __pthread_once_slow (pthread_once.c:116)
==268755==    by 0x5621C9C: CRYPTO_THREAD_run_once (in /usr/lib/x86_64-linux-gnu/libcrypto.so.3)
==268755==    by 0x561E9F0: OPENSSL_init_crypto (in /usr/lib/x86_64-linux-gnu/libcrypto.so.3)
==268755==    by 0x53EB9B6: OPENSSL_init_ssl (in /usr/lib/x86_64-linux-gnu/libssl.so.3)
==268755==    by 0x488FB29: mysql_server_init (in /usr/lib/x86_64-linux-gnu/libmysqlclient.so.21.2.42)
==268755==    by 0x1ED98C: cpp_dbc::MySQL::MySQLDriver::MySQLDriver() (driver_mysql.cpp:797)
==268755==    by 0x163CB6: decltype (::new ((void*)(0)) cpp_dbc::MySQL::MySQLDriver()) std::construct_at<cpp_dbc::MySQL::MySQLDriver>(cpp_dbc::MySQL::MySQLDriver*) (stl_construct.h:97)
==268755==    by 0x163D03: void std::allocator_traits<std::allocator<cpp_dbc::MySQL::MySQLDriver> >::construct<cpp_dbc::MySQL::MySQLDriver>(std::allocator<cpp_dbc::MySQL::MySQLDriver>&, cpp_dbc::MySQL::MySQLDriver*) (alloc_traits.h:518)
==268755==    by 0x163861: std::_Sp_counted_ptr_inplace<cpp_dbc::MySQL::MySQLDriver, std::allocator<cpp_dbc::MySQL::MySQLDriver>, (__gnu_cxx::_Lock_policy)2>::_Sp_counted_ptr_inplace<>(std::allocator<cpp_dbc::MySQL::MySQLDriver>) (shared_ptr_base.h:519)
==268755== 
==268755== 24 bytes in 1 blocks are still reachable in loss record 539 of 2,004
==268755==    at 0x4848899: malloc (in /usr/libexec/valgrind/vgpreload_memcheck-amd64-linux.so)
==268755==    by 0x560C185: OPENSSL_LH_insert (in /usr/lib/x86_64-linux-gnu/libcrypto.so.3)
==268755==    by 0x562D0AA: OBJ_NAME_add (in /usr/lib/x86_64-linux-gnu/libcrypto.so.3)
==268755==    by 0x55FF684: EVP_add_cipher (in /usr/lib/x86_64-linux-gnu/libcrypto.so.3)
==268755==    by 0x561DAE7: ??? (in /usr/lib/x86_64-linux-gnu/libcrypto.so.3)
==268755==    by 0x522BEE7: __pthread_once_slow (pthread_once.c:116)
==268755==    by 0x5621C9C: CRYPTO_THREAD_run_once (in /usr/lib/x86_64-linux-gnu/libcrypto.so.3)
==268755==    by 0x561E9F0: OPENSSL_init_crypto (in /usr/lib/x86_64-linux-gnu/libcrypto.so.3)
==268755==    by 0x53EB9B6: OPENSSL_init_ssl (in /usr/lib/x86_64-linux-gnu/libssl.so.3)
==268755==    by 0x488FB29: mysql_server_init (in /usr/lib/x86_64-linux-gnu/libmysqlclient.so.21.2.42)
==268755==    by 0x1ED98C: cpp_dbc::MySQL::MySQLDriver::MySQLDriver() (driver_mysql.cpp:797)
==268755==    by 0x163CB6: decltype (::new ((void*)(0)) cpp_dbc::MySQL::MySQLDriver()) std::construct_at<cpp_dbc::MySQL::MySQLDriver>(cpp_dbc::MySQL::MySQLDriver*) (stl_construct.h:97)
==268755== 
==268755== 24 bytes in 1 blocks are still reachable in loss record 540 of 2,004
==268755==    at 0x4848899: malloc (in /usr/libexec/valgrind/vgpreload_memcheck-amd64-linux.so)
==268755==    by 0x562D068: OBJ_NAME_add (in /usr/lib/x86_64-linux-gnu/libcrypto.so.3)
==268755==    by 0x561DAE7: ??? (in /usr/lib/x86_64-linux-gnu/libcrypto.so.3)
==268755==    by 0x522BEE7: __pthread_once_slow (pthread_once.c:116)
==268755==    by 0x5621C9C: CRYPTO_THREAD_run_once (in /usr/lib/x86_64-linux-gnu/libcrypto.so.3)
==268755==    by 0x561E9F0: OPENSSL_init_crypto (in /usr/lib/x86_64-linux-gnu/libcrypto.so.3)
==268755==    by 0x53EB9B6: OPENSSL_init_ssl (in /usr/lib/x86_64-linux-gnu/libssl.so.3)
==268755==    by 0x488FB29: mysql_server_init (in /usr/lib/x86_64-linux-gnu/libmysqlclient.so.21.2.42)
==268755==    by 0x1ED98C: cpp_dbc::MySQL::MySQLDriver::MySQLDriver() (driver_mysql.cpp:797)
==268755==    by 0x163CB6: decltype (::new ((void*)(0)) cpp_dbc::MySQL::MySQLDriver()) std::construct_at<cpp_dbc::MySQL::MySQLDriver>(cpp_dbc::MySQL::MySQLDriver*) (stl_construct.h:97)
==268755==    by 0x163D03: void std::allocator_traits<std::allocator<cpp_dbc::MySQL::MySQLDriver> >::construct<cpp_dbc::MySQL::MySQLDriver>(std::allocator<cpp_dbc::MySQL::MySQLDriver>&, cpp_dbc::MySQL::MySQLDriver*) (alloc_traits.h:518)
==268755==    by 0x163861: std::_Sp_counted_ptr_inplace<cpp_dbc::MySQL::MySQLDriver, std::allocator<cpp_dbc::MySQL::MySQLDriver>, (__gnu_cxx::_Lock_policy)2>::_Sp_counted_ptr_inplace<>(std::allocator<cpp_dbc::MySQL::MySQLDriver>) (shared_ptr_base.h:519)
==268755== 
==268755== 24 bytes in 1 blocks are still reachable in loss record 541 of 2,004
==268755==    at 0x4848899: malloc (in /usr/libexec/valgrind/vgpreload_memcheck-amd64-linux.so)
==268755==    by 0x560C185: OPENSSL_LH_insert (in /usr/lib/x86_64-linux-gnu/libcrypto.so.3)
==268755==    by 0x562D0AA: OBJ_NAME_add (in /usr/lib/x86_64-linux-gnu/libcrypto.so.3)
==268755==    by 0x55FF684: EVP_add_cipher (in /usr/lib/x86_64-linux-gnu/libcrypto.so.3)
==268755==    by 0x561DAF4: ??? (in /usr/lib/x86_64-linux-gnu/libcrypto.so.3)
==268755==    by 0x522BEE7: __pthread_once_slow (pthread_once.c:116)
==268755==    by 0x5621C9C: CRYPTO_THREAD_run_once (in /usr/lib/x86_64-linux-gnu/libcrypto.so.3)
==268755==    by 0x561E9F0: OPENSSL_init_crypto (in /usr/lib/x86_64-linux-gnu/libcrypto.so.3)
==268755==    by 0x53EB9B6: OPENSSL_init_ssl (in /usr/lib/x86_64-linux-gnu/libssl.so.3)
==268755==    by 0x488FB29: mysql_server_init (in /usr/lib/x86_64-linux-gnu/libmysqlclient.so.21.2.42)
==268755==    by 0x1ED98C: cpp_dbc::MySQL::MySQLDriver::MySQLDriver() (driver_mysql.cpp:797)
==268755==    by 0x163CB6: decltype (::new ((void*)(0)) cpp_dbc::MySQL::MySQLDriver()) std::construct_at<cpp_dbc::MySQL::MySQLDriver>(cpp_dbc::MySQL::MySQLDriver*) (stl_construct.h:97)
==268755== 
==268755== 24 bytes in 1 blocks are still reachable in loss record 542 of 2,004
==268755==    at 0x4848899: malloc (in /usr/libexec/valgrind/vgpreload_memcheck-amd64-linux.so)
==268755==    by 0x562D068: OBJ_NAME_add (in /usr/lib/x86_64-linux-gnu/libcrypto.so.3)
==268755==    by 0x561DAF4: ??? (in /usr/lib/x86_64-linux-gnu/libcrypto.so.3)
==268755==    by 0x522BEE7: __pthread_once_slow (pthread_once.c:116)
==268755==    by 0x5621C9C: CRYPTO_THREAD_run_once (in /usr/lib/x86_64-linux-gnu/libcrypto.so.3)
==268755==    by 0x561E9F0: OPENSSL_init_crypto (in /usr/lib/x86_64-linux-gnu/libcrypto.so.3)
==268755==    by 0x53EB9B6: OPENSSL_init_ssl (in /usr/lib/x86_64-linux-gnu/libssl.so.3)
==268755==    by 0x488FB29: mysql_server_init (in /usr/lib/x86_64-linux-gnu/libmysqlclient.so.21.2.42)
==268755==    by 0x1ED98C: cpp_dbc::MySQL::MySQLDriver::MySQLDriver() (driver_mysql.cpp:797)
==268755==    by 0x163CB6: decltype (::new ((void*)(0)) cpp_dbc::MySQL::MySQLDriver()) std::construct_at<cpp_dbc::MySQL::MySQLDriver>(cpp_dbc::MySQL::MySQLDriver*) (stl_construct.h:97)
==268755==    by 0x163D03: void std::allocator_traits<std::allocator<cpp_dbc::MySQL::MySQLDriver> >::construct<cpp_dbc::MySQL::MySQLDriver>(std::allocator<cpp_dbc::MySQL::MySQLDriver>&, cpp_dbc::MySQL::MySQLDriver*) (alloc_traits.h:518)
==268755==    by 0x163861: std::_Sp_counted_ptr_inplace<cpp_dbc::MySQL::MySQLDriver, std::allocator<cpp_dbc::MySQL::MySQLDriver>, (__gnu_cxx::_Lock_policy)2>::_Sp_counted_ptr_inplace<>(std::allocator<cpp_dbc::MySQL::MySQLDriver>) (shared_ptr_base.h:519)
==268755== 
==268755== 24 bytes in 1 blocks are still reachable in loss record 543 of 2,004
==268755==    at 0x4848899: malloc (in /usr/libexec/valgrind/vgpreload_memcheck-amd64-linux.so)
==268755==    by 0x562D068: OBJ_NAME_add (in /usr/lib/x86_64-linux-gnu/libcrypto.so.3)
==268755==    by 0x55FF684: EVP_add_cipher (in /usr/lib/x86_64-linux-gnu/libcrypto.so.3)
==268755==    by 0x561DB01: ??? (in /usr/lib/x86_64-linux-gnu/libcrypto.so.3)
==268755==    by 0x522BEE7: __pthread_once_slow (pthread_once.c:116)
==268755==    by 0x5621C9C: CRYPTO_THREAD_run_once (in /usr/lib/x86_64-linux-gnu/libcrypto.so.3)
==268755==    by 0x561E9F0: OPENSSL_init_crypto (in /usr/lib/x86_64-linux-gnu/libcrypto.so.3)
==268755==    by 0x53EB9B6: OPENSSL_init_ssl (in /usr/lib/x86_64-linux-gnu/libssl.so.3)
==268755==    by 0x488FB29: mysql_server_init (in /usr/lib/x86_64-linux-gnu/libmysqlclient.so.21.2.42)
==268755==    by 0x1ED98C: cpp_dbc::MySQL::MySQLDriver::MySQLDriver() (driver_mysql.cpp:797)
==268755==    by 0x163CB6: decltype (::new ((void*)(0)) cpp_dbc::MySQL::MySQLDriver()) std::construct_at<cpp_dbc::MySQL::MySQLDriver>(cpp_dbc::MySQL::MySQLDriver*) (stl_construct.h:97)
==268755==    by 0x163D03: void std::allocator_traits<std::allocator<cpp_dbc::MySQL::MySQLDriver> >::construct<cpp_dbc::MySQL::MySQLDriver>(std::allocator<cpp_dbc::MySQL::MySQLDriver>&, cpp_dbc::MySQL::MySQLDriver*) (alloc_traits.h:518)
==268755== 
==268755== 24 bytes in 1 blocks are still reachable in loss record 544 of 2,004
==268755==    at 0x4848899: malloc (in /usr/libexec/valgrind/vgpreload_memcheck-amd64-linux.so)
==268755==    by 0x560C185: OPENSSL_LH_insert (in /usr/lib/x86_64-linux-gnu/libcrypto.so.3)
==268755==    by 0x562D0AA: OBJ_NAME_add (in /usr/lib/x86_64-linux-gnu/libcrypto.so.3)
==268755==    by 0x55FF684: EVP_add_cipher (in /usr/lib/x86_64-linux-gnu/libcrypto.so.3)
==268755==    by 0x561DB01: ??? (in /usr/lib/x86_64-linux-gnu/libcrypto.so.3)
==268755==    by 0x522BEE7: __pthread_once_slow (pthread_once.c:116)
==268755==    by 0x5621C9C: CRYPTO_THREAD_run_once (in /usr/lib/x86_64-linux-gnu/libcrypto.so.3)
==268755==    by 0x561E9F0: OPENSSL_init_crypto (in /usr/lib/x86_64-linux-gnu/libcrypto.so.3)
==268755==    by 0x53EB9B6: OPENSSL_init_ssl (in /usr/lib/x86_64-linux-gnu/libssl.so.3)
==268755==    by 0x488FB29: mysql_server_init (in /usr/lib/x86_64-linux-gnu/libmysqlclient.so.21.2.42)
==268755==    by 0x1ED98C: cpp_dbc::MySQL::MySQLDriver::MySQLDriver() (driver_mysql.cpp:797)
==268755==    by 0x163CB6: decltype (::new ((void*)(0)) cpp_dbc::MySQL::MySQLDriver()) std::construct_at<cpp_dbc::MySQL::MySQLDriver>(cpp_dbc::MySQL::MySQLDriver*) (stl_construct.h:97)
==268755== 
==268755== 24 bytes in 1 blocks are still reachable in loss record 545 of 2,004
==268755==    at 0x4848899: malloc (in /usr/libexec/valgrind/vgpreload_memcheck-amd64-linux.so)
==268755==    by 0x562D068: OBJ_NAME_add (in /usr/lib/x86_64-linux-gnu/libcrypto.so.3)
==268755==    by 0x561DB01: ??? (in /usr/lib/x86_64-linux-gnu/libcrypto.so.3)
==268755==    by 0x522BEE7: __pthread_once_slow (pthread_once.c:116)
==268755==    by 0x5621C9C: CRYPTO_THREAD_run_once (in /usr/lib/x86_64-linux-gnu/libcrypto.so.3)
==268755==    by 0x561E9F0: OPENSSL_init_crypto (in /usr/lib/x86_64-linux-gnu/libcrypto.so.3)
==268755==    by 0x53EB9B6: OPENSSL_init_ssl (in /usr/lib/x86_64-linux-gnu/libssl.so.3)
==268755==    by 0x488FB29: mysql_server_init (in /usr/lib/x86_64-linux-gnu/libmysqlclient.so.21.2.42)
==268755==    by 0x1ED98C: cpp_dbc::MySQL::MySQLDriver::MySQLDriver() (driver_mysql.cpp:797)
==268755==    by 0x163CB6: decltype (::new ((void*)(0)) cpp_dbc::MySQL::MySQLDriver()) std::construct_at<cpp_dbc::MySQL::MySQLDriver>(cpp_dbc::MySQL::MySQLDriver*) (stl_construct.h:97)
==268755==    by 0x163D03: void std::allocator_traits<std::allocator<cpp_dbc::MySQL::MySQLDriver> >::construct<cpp_dbc::MySQL::MySQLDriver>(std::allocator<cpp_dbc::MySQL::MySQLDriver>&, cpp_dbc::MySQL::MySQLDriver*) (alloc_traits.h:518)
==268755==    by 0x163861: std::_Sp_counted_ptr_inplace<cpp_dbc::MySQL::MySQLDriver, std::allocator<cpp_dbc::MySQL::MySQLDriver>, (__gnu_cxx::_Lock_policy)2>::_Sp_counted_ptr_inplace<>(std::allocator<cpp_dbc::MySQL::MySQLDriver>) (shared_ptr_base.h:519)
==268755== 
==268755== 24 bytes in 1 blocks are still reachable in loss record 546 of 2,004
==268755==    at 0x4848899: malloc (in /usr/libexec/valgrind/vgpreload_memcheck-amd64-linux.so)
==268755==    by 0x560C185: OPENSSL_LH_insert (in /usr/lib/x86_64-linux-gnu/libcrypto.so.3)
==268755==    by 0x562D0AA: OBJ_NAME_add (in /usr/lib/x86_64-linux-gnu/libcrypto.so.3)
==268755==    by 0x561DB01: ??? (in /usr/lib/x86_64-linux-gnu/libcrypto.so.3)
==268755==    by 0x522BEE7: __pthread_once_slow (pthread_once.c:116)
==268755==    by 0x5621C9C: CRYPTO_THREAD_run_once (in /usr/lib/x86_64-linux-gnu/libcrypto.so.3)
==268755==    by 0x561E9F0: OPENSSL_init_crypto (in /usr/lib/x86_64-linux-gnu/libcrypto.so.3)
==268755==    by 0x53EB9B6: OPENSSL_init_ssl (in /usr/lib/x86_64-linux-gnu/libssl.so.3)
==268755==    by 0x488FB29: mysql_server_init (in /usr/lib/x86_64-linux-gnu/libmysqlclient.so.21.2.42)
==268755==    by 0x1ED98C: cpp_dbc::MySQL::MySQLDriver::MySQLDriver() (driver_mysql.cpp:797)
==268755==    by 0x163CB6: decltype (::new ((void*)(0)) cpp_dbc::MySQL::MySQLDriver()) std::construct_at<cpp_dbc::MySQL::MySQLDriver>(cpp_dbc::MySQL::MySQLDriver*) (stl_construct.h:97)
==268755==    by 0x163D03: void std::allocator_traits<std::allocator<cpp_dbc::MySQL::MySQLDriver> >::construct<cpp_dbc::MySQL::MySQLDriver>(std::allocator<cpp_dbc::MySQL::MySQLDriver>&, cpp_dbc::MySQL::MySQLDriver*) (alloc_traits.h:518)
==268755== 
==268755== 24 bytes in 1 blocks are still reachable in loss record 547 of 2,004
==268755==    at 0x4848899: malloc (in /usr/libexec/valgrind/vgpreload_memcheck-amd64-linux.so)
==268755==    by 0x560C185: OPENSSL_LH_insert (in /usr/lib/x86_64-linux-gnu/libcrypto.so.3)
==268755==    by 0x562D0AA: OBJ_NAME_add (in /usr/lib/x86_64-linux-gnu/libcrypto.so.3)
==268755==    by 0x55FF684: EVP_add_cipher (in /usr/lib/x86_64-linux-gnu/libcrypto.so.3)
==268755==    by 0x561DB0E: ??? (in /usr/lib/x86_64-linux-gnu/libcrypto.so.3)
==268755==    by 0x522BEE7: __pthread_once_slow (pthread_once.c:116)
==268755==    by 0x5621C9C: CRYPTO_THREAD_run_once (in /usr/lib/x86_64-linux-gnu/libcrypto.so.3)
==268755==    by 0x561E9F0: OPENSSL_init_crypto (in /usr/lib/x86_64-linux-gnu/libcrypto.so.3)
==268755==    by 0x53EB9B6: OPENSSL_init_ssl (in /usr/lib/x86_64-linux-gnu/libssl.so.3)
==268755==    by 0x488FB29: mysql_server_init (in /usr/lib/x86_64-linux-gnu/libmysqlclient.so.21.2.42)
==268755==    by 0x1ED98C: cpp_dbc::MySQL::MySQLDriver::MySQLDriver() (driver_mysql.cpp:797)
==268755==    by 0x163CB6: decltype (::new ((void*)(0)) cpp_dbc::MySQL::MySQLDriver()) std::construct_at<cpp_dbc::MySQL::MySQLDriver>(cpp_dbc::MySQL::MySQLDriver*) (stl_construct.h:97)
==268755== 
==268755== 24 bytes in 1 blocks are still reachable in loss record 548 of 2,004
==268755==    at 0x4848899: malloc (in /usr/libexec/valgrind/vgpreload_memcheck-amd64-linux.so)
==268755==    by 0x562D068: OBJ_NAME_add (in /usr/lib/x86_64-linux-gnu/libcrypto.so.3)
==268755==    by 0x561DB0E: ??? (in /usr/lib/x86_64-linux-gnu/libcrypto.so.3)
==268755==    by 0x522BEE7: __pthread_once_slow (pthread_once.c:116)
==268755==    by 0x5621C9C: CRYPTO_THREAD_run_once (in /usr/lib/x86_64-linux-gnu/libcrypto.so.3)
==268755==    by 0x561E9F0: OPENSSL_init_crypto (in /usr/lib/x86_64-linux-gnu/libcrypto.so.3)
==268755==    by 0x53EB9B6: OPENSSL_init_ssl (in /usr/lib/x86_64-linux-gnu/libssl.so.3)
==268755==    by 0x488FB29: mysql_server_init (in /usr/lib/x86_64-linux-gnu/libmysqlclient.so.21.2.42)
==268755==    by 0x1ED98C: cpp_dbc::MySQL::MySQLDriver::MySQLDriver() (driver_mysql.cpp:797)
==268755==    by 0x163CB6: decltype (::new ((void*)(0)) cpp_dbc::MySQL::MySQLDriver()) std::construct_at<cpp_dbc::MySQL::MySQLDriver>(cpp_dbc::MySQL::MySQLDriver*) (stl_construct.h:97)
==268755==    by 0x163D03: void std::allocator_traits<std::allocator<cpp_dbc::MySQL::MySQLDriver> >::construct<cpp_dbc::MySQL::MySQLDriver>(std::allocator<cpp_dbc::MySQL::MySQLDriver>&, cpp_dbc::MySQL::MySQLDriver*) (alloc_traits.h:518)
==268755==    by 0x163861: std::_Sp_counted_ptr_inplace<cpp_dbc::MySQL::MySQLDriver, std::allocator<cpp_dbc::MySQL::MySQLDriver>, (__gnu_cxx::_Lock_policy)2>::_Sp_counted_ptr_inplace<>(std::allocator<cpp_dbc::MySQL::MySQLDriver>) (shared_ptr_base.h:519)
==268755== 
==268755== 24 bytes in 1 blocks are still reachable in loss record 549 of 2,004
==268755==    at 0x4848899: malloc (in /usr/libexec/valgrind/vgpreload_memcheck-amd64-linux.so)
==268755==    by 0x560C185: OPENSSL_LH_insert (in /usr/lib/x86_64-linux-gnu/libcrypto.so.3)
==268755==    by 0x562D0AA: OBJ_NAME_add (in /usr/lib/x86_64-linux-gnu/libcrypto.so.3)
==268755==    by 0x55FF684: EVP_add_cipher (in /usr/lib/x86_64-linux-gnu/libcrypto.so.3)
==268755==    by 0x561DB1B: ??? (in /usr/lib/x86_64-linux-gnu/libcrypto.so.3)
==268755==    by 0x522BEE7: __pthread_once_slow (pthread_once.c:116)
==268755==    by 0x5621C9C: CRYPTO_THREAD_run_once (in /usr/lib/x86_64-linux-gnu/libcrypto.so.3)
==268755==    by 0x561E9F0: OPENSSL_init_crypto (in /usr/lib/x86_64-linux-gnu/libcrypto.so.3)
==268755==    by 0x53EB9B6: OPENSSL_init_ssl (in /usr/lib/x86_64-linux-gnu/libssl.so.3)
==268755==    by 0x488FB29: mysql_server_init (in /usr/lib/x86_64-linux-gnu/libmysqlclient.so.21.2.42)
==268755==    by 0x1ED98C: cpp_dbc::MySQL::MySQLDriver::MySQLDriver() (driver_mysql.cpp:797)
==268755==    by 0x163CB6: decltype (::new ((void*)(0)) cpp_dbc::MySQL::MySQLDriver()) std::construct_at<cpp_dbc::MySQL::MySQLDriver>(cpp_dbc::MySQL::MySQLDriver*) (stl_construct.h:97)
==268755== 
==268755== 24 bytes in 1 blocks are still reachable in loss record 550 of 2,004
==268755==    at 0x4848899: malloc (in /usr/libexec/valgrind/vgpreload_memcheck-amd64-linux.so)
==268755==    by 0x562D068: OBJ_NAME_add (in /usr/lib/x86_64-linux-gnu/libcrypto.so.3)
==268755==    by 0x561DB1B: ??? (in /usr/lib/x86_64-linux-gnu/libcrypto.so.3)
==268755==    by 0x522BEE7: __pthread_once_slow (pthread_once.c:116)
==268755==    by 0x5621C9C: CRYPTO_THREAD_run_once (in /usr/lib/x86_64-linux-gnu/libcrypto.so.3)
==268755==    by 0x561E9F0: OPENSSL_init_crypto (in /usr/lib/x86_64-linux-gnu/libcrypto.so.3)
==268755==    by 0x53EB9B6: OPENSSL_init_ssl (in /usr/lib/x86_64-linux-gnu/libssl.so.3)
==268755==    by 0x488FB29: mysql_server_init (in /usr/lib/x86_64-linux-gnu/libmysqlclient.so.21.2.42)
==268755==    by 0x1ED98C: cpp_dbc::MySQL::MySQLDriver::MySQLDriver() (driver_mysql.cpp:797)
==268755==    by 0x163CB6: decltype (::new ((void*)(0)) cpp_dbc::MySQL::MySQLDriver()) std::construct_at<cpp_dbc::MySQL::MySQLDriver>(cpp_dbc::MySQL::MySQLDriver*) (stl_construct.h:97)
==268755==    by 0x163D03: void std::allocator_traits<std::allocator<cpp_dbc::MySQL::MySQLDriver> >::construct<cpp_dbc::MySQL::MySQLDriver>(std::allocator<cpp_dbc::MySQL::MySQLDriver>&, cpp_dbc::MySQL::MySQLDriver*) (alloc_traits.h:518)
==268755==    by 0x163861: std::_Sp_counted_ptr_inplace<cpp_dbc::MySQL::MySQLDriver, std::allocator<cpp_dbc::MySQL::MySQLDriver>, (__gnu_cxx::_Lock_policy)2>::_Sp_counted_ptr_inplace<>(std::allocator<cpp_dbc::MySQL::MySQLDriver>) (shared_ptr_base.h:519)
==268755== 
==268755== 24 bytes in 1 blocks are still reachable in loss record 551 of 2,004
==268755==    at 0x4848899: malloc (in /usr/libexec/valgrind/vgpreload_memcheck-amd64-linux.so)
==268755==    by 0x562D068: OBJ_NAME_add (in /usr/lib/x86_64-linux-gnu/libcrypto.so.3)
==268755==    by 0x55FF684: EVP_add_cipher (in /usr/lib/x86_64-linux-gnu/libcrypto.so.3)
==268755==    by 0x561DB28: ??? (in /usr/lib/x86_64-linux-gnu/libcrypto.so.3)
==268755==    by 0x522BEE7: __pthread_once_slow (pthread_once.c:116)
==268755==    by 0x5621C9C: CRYPTO_THREAD_run_once (in /usr/lib/x86_64-linux-gnu/libcrypto.so.3)
==268755==    by 0x561E9F0: OPENSSL_init_crypto (in /usr/lib/x86_64-linux-gnu/libcrypto.so.3)
==268755==    by 0x53EB9B6: OPENSSL_init_ssl (in /usr/lib/x86_64-linux-gnu/libssl.so.3)
==268755==    by 0x488FB29: mysql_server_init (in /usr/lib/x86_64-linux-gnu/libmysqlclient.so.21.2.42)
==268755==    by 0x1ED98C: cpp_dbc::MySQL::MySQLDriver::MySQLDriver() (driver_mysql.cpp:797)
==268755==    by 0x163CB6: decltype (::new ((void*)(0)) cpp_dbc::MySQL::MySQLDriver()) std::construct_at<cpp_dbc::MySQL::MySQLDriver>(cpp_dbc::MySQL::MySQLDriver*) (stl_construct.h:97)
==268755==    by 0x163D03: void std::allocator_traits<std::allocator<cpp_dbc::MySQL::MySQLDriver> >::construct<cpp_dbc::MySQL::MySQLDriver>(std::allocator<cpp_dbc::MySQL::MySQLDriver>&, cpp_dbc::MySQL::MySQLDriver*) (alloc_traits.h:518)
==268755== 
==268755== 24 bytes in 1 blocks are still reachable in loss record 552 of 2,004
==268755==    at 0x4848899: malloc (in /usr/libexec/valgrind/vgpreload_memcheck-amd64-linux.so)
==268755==    by 0x560C185: OPENSSL_LH_insert (in /usr/lib/x86_64-linux-gnu/libcrypto.so.3)
==268755==    by 0x562D0AA: OBJ_NAME_add (in /usr/lib/x86_64-linux-gnu/libcrypto.so.3)
==268755==    by 0x55FF684: EVP_add_cipher (in /usr/lib/x86_64-linux-gnu/libcrypto.so.3)
==268755==    by 0x561DB28: ??? (in /usr/lib/x86_64-linux-gnu/libcrypto.so.3)
==268755==    by 0x522BEE7: __pthread_once_slow (pthread_once.c:116)
==268755==    by 0x5621C9C: CRYPTO_THREAD_run_once (in /usr/lib/x86_64-linux-gnu/libcrypto.so.3)
==268755==    by 0x561E9F0: OPENSSL_init_crypto (in /usr/lib/x86_64-linux-gnu/libcrypto.so.3)
==268755==    by 0x53EB9B6: OPENSSL_init_ssl (in /usr/lib/x86_64-linux-gnu/libssl.so.3)
==268755==    by 0x488FB29: mysql_server_init (in /usr/lib/x86_64-linux-gnu/libmysqlclient.so.21.2.42)
==268755==    by 0x1ED98C: cpp_dbc::MySQL::MySQLDriver::MySQLDriver() (driver_mysql.cpp:797)
==268755==    by 0x163CB6: decltype (::new ((void*)(0)) cpp_dbc::MySQL::MySQLDriver()) std::construct_at<cpp_dbc::MySQL::MySQLDriver>(cpp_dbc::MySQL::MySQLDriver*) (stl_construct.h:97)
==268755== 
==268755== 24 bytes in 1 blocks are still reachable in loss record 553 of 2,004
==268755==    at 0x4848899: malloc (in /usr/libexec/valgrind/vgpreload_memcheck-amd64-linux.so)
==268755==    by 0x562D068: OBJ_NAME_add (in /usr/lib/x86_64-linux-gnu/libcrypto.so.3)
==268755==    by 0x561DB28: ??? (in /usr/lib/x86_64-linux-gnu/libcrypto.so.3)
==268755==    by 0x522BEE7: __pthread_once_slow (pthread_once.c:116)
==268755==    by 0x5621C9C: CRYPTO_THREAD_run_once (in /usr/lib/x86_64-linux-gnu/libcrypto.so.3)
==268755==    by 0x561E9F0: OPENSSL_init_crypto (in /usr/lib/x86_64-linux-gnu/libcrypto.so.3)
==268755==    by 0x53EB9B6: OPENSSL_init_ssl (in /usr/lib/x86_64-linux-gnu/libssl.so.3)
==268755==    by 0x488FB29: mysql_server_init (in /usr/lib/x86_64-linux-gnu/libmysqlclient.so.21.2.42)
==268755==    by 0x1ED98C: cpp_dbc::MySQL::MySQLDriver::MySQLDriver() (driver_mysql.cpp:797)
==268755==    by 0x163CB6: decltype (::new ((void*)(0)) cpp_dbc::MySQL::MySQLDriver()) std::construct_at<cpp_dbc::MySQL::MySQLDriver>(cpp_dbc::MySQL::MySQLDriver*) (stl_construct.h:97)
==268755==    by 0x163D03: void std::allocator_traits<std::allocator<cpp_dbc::MySQL::MySQLDriver> >::construct<cpp_dbc::MySQL::MySQLDriver>(std::allocator<cpp_dbc::MySQL::MySQLDriver>&, cpp_dbc::MySQL::MySQLDriver*) (alloc_traits.h:518)
==268755==    by 0x163861: std::_Sp_counted_ptr_inplace<cpp_dbc::MySQL::MySQLDriver, std::allocator<cpp_dbc::MySQL::MySQLDriver>, (__gnu_cxx::_Lock_policy)2>::_Sp_counted_ptr_inplace<>(std::allocator<cpp_dbc::MySQL::MySQLDriver>) (shared_ptr_base.h:519)
==268755== 
==268755== 24 bytes in 1 blocks are still reachable in loss record 554 of 2,004
==268755==    at 0x4848899: malloc (in /usr/libexec/valgrind/vgpreload_memcheck-amd64-linux.so)
==268755==    by 0x560C185: OPENSSL_LH_insert (in /usr/lib/x86_64-linux-gnu/libcrypto.so.3)
==268755==    by 0x562D0AA: OBJ_NAME_add (in /usr/lib/x86_64-linux-gnu/libcrypto.so.3)
==268755==    by 0x561DB28: ??? (in /usr/lib/x86_64-linux-gnu/libcrypto.so.3)
==268755==    by 0x522BEE7: __pthread_once_slow (pthread_once.c:116)
==268755==    by 0x5621C9C: CRYPTO_THREAD_run_once (in /usr/lib/x86_64-linux-gnu/libcrypto.so.3)
==268755==    by 0x561E9F0: OPENSSL_init_crypto (in /usr/lib/x86_64-linux-gnu/libcrypto.so.3)
==268755==    by 0x53EB9B6: OPENSSL_init_ssl (in /usr/lib/x86_64-linux-gnu/libssl.so.3)
==268755==    by 0x488FB29: mysql_server_init (in /usr/lib/x86_64-linux-gnu/libmysqlclient.so.21.2.42)
==268755==    by 0x1ED98C: cpp_dbc::MySQL::MySQLDriver::MySQLDriver() (driver_mysql.cpp:797)
==268755==    by 0x163CB6: decltype (::new ((void*)(0)) cpp_dbc::MySQL::MySQLDriver()) std::construct_at<cpp_dbc::MySQL::MySQLDriver>(cpp_dbc::MySQL::MySQLDriver*) (stl_construct.h:97)
==268755==    by 0x163D03: void std::allocator_traits<std::allocator<cpp_dbc::MySQL::MySQLDriver> >::construct<cpp_dbc::MySQL::MySQLDriver>(std::allocator<cpp_dbc::MySQL::MySQLDriver>&, cpp_dbc::MySQL::MySQLDriver*) (alloc_traits.h:518)
==268755== 
==268755== 24 bytes in 1 blocks are still reachable in loss record 555 of 2,004
==268755==    at 0x4848899: malloc (in /usr/libexec/valgrind/vgpreload_memcheck-amd64-linux.so)
==268755==    by 0x560C185: OPENSSL_LH_insert (in /usr/lib/x86_64-linux-gnu/libcrypto.so.3)
==268755==    by 0x562D0AA: OBJ_NAME_add (in /usr/lib/x86_64-linux-gnu/libcrypto.so.3)
==268755==    by 0x55FF684: EVP_add_cipher (in /usr/lib/x86_64-linux-gnu/libcrypto.so.3)
==268755==    by 0x561DB35: ??? (in /usr/lib/x86_64-linux-gnu/libcrypto.so.3)
==268755==    by 0x522BEE7: __pthread_once_slow (pthread_once.c:116)
==268755==    by 0x5621C9C: CRYPTO_THREAD_run_once (in /usr/lib/x86_64-linux-gnu/libcrypto.so.3)
==268755==    by 0x561E9F0: OPENSSL_init_crypto (in /usr/lib/x86_64-linux-gnu/libcrypto.so.3)
==268755==    by 0x53EB9B6: OPENSSL_init_ssl (in /usr/lib/x86_64-linux-gnu/libssl.so.3)
==268755==    by 0x488FB29: mysql_server_init (in /usr/lib/x86_64-linux-gnu/libmysqlclient.so.21.2.42)
==268755==    by 0x1ED98C: cpp_dbc::MySQL::MySQLDriver::MySQLDriver() (driver_mysql.cpp:797)
==268755==    by 0x163CB6: decltype (::new ((void*)(0)) cpp_dbc::MySQL::MySQLDriver()) std::construct_at<cpp_dbc::MySQL::MySQLDriver>(cpp_dbc::MySQL::MySQLDriver*) (stl_construct.h:97)
==268755== 
==268755== 24 bytes in 1 blocks are still reachable in loss record 556 of 2,004
==268755==    at 0x4848899: malloc (in /usr/libexec/valgrind/vgpreload_memcheck-amd64-linux.so)
==268755==    by 0x562D068: OBJ_NAME_add (in /usr/lib/x86_64-linux-gnu/libcrypto.so.3)
==268755==    by 0x561DB35: ??? (in /usr/lib/x86_64-linux-gnu/libcrypto.so.3)
==268755==    by 0x522BEE7: __pthread_once_slow (pthread_once.c:116)
==268755==    by 0x5621C9C: CRYPTO_THREAD_run_once (in /usr/lib/x86_64-linux-gnu/libcrypto.so.3)
==268755==    by 0x561E9F0: OPENSSL_init_crypto (in /usr/lib/x86_64-linux-gnu/libcrypto.so.3)
==268755==    by 0x53EB9B6: OPENSSL_init_ssl (in /usr/lib/x86_64-linux-gnu/libssl.so.3)
==268755==    by 0x488FB29: mysql_server_init (in /usr/lib/x86_64-linux-gnu/libmysqlclient.so.21.2.42)
==268755==    by 0x1ED98C: cpp_dbc::MySQL::MySQLDriver::MySQLDriver() (driver_mysql.cpp:797)
==268755==    by 0x163CB6: decltype (::new ((void*)(0)) cpp_dbc::MySQL::MySQLDriver()) std::construct_at<cpp_dbc::MySQL::MySQLDriver>(cpp_dbc::MySQL::MySQLDriver*) (stl_construct.h:97)
==268755==    by 0x163D03: void std::allocator_traits<std::allocator<cpp_dbc::MySQL::MySQLDriver> >::construct<cpp_dbc::MySQL::MySQLDriver>(std::allocator<cpp_dbc::MySQL::MySQLDriver>&, cpp_dbc::MySQL::MySQLDriver*) (alloc_traits.h:518)
==268755==    by 0x163861: std::_Sp_counted_ptr_inplace<cpp_dbc::MySQL::MySQLDriver, std::allocator<cpp_dbc::MySQL::MySQLDriver>, (__gnu_cxx::_Lock_policy)2>::_Sp_counted_ptr_inplace<>(std::allocator<cpp_dbc::MySQL::MySQLDriver>) (shared_ptr_base.h:519)
==268755== 
==268755== 24 bytes in 1 blocks are still reachable in loss record 557 of 2,004
==268755==    at 0x4848899: malloc (in /usr/libexec/valgrind/vgpreload_memcheck-amd64-linux.so)
==268755==    by 0x562D068: OBJ_NAME_add (in /usr/lib/x86_64-linux-gnu/libcrypto.so.3)
==268755==    by 0x561DB4D: ??? (in /usr/lib/x86_64-linux-gnu/libcrypto.so.3)
==268755==    by 0x522BEE7: __pthread_once_slow (pthread_once.c:116)
==268755==    by 0x5621C9C: CRYPTO_THREAD_run_once (in /usr/lib/x86_64-linux-gnu/libcrypto.so.3)
==268755==    by 0x561E9F0: OPENSSL_init_crypto (in /usr/lib/x86_64-linux-gnu/libcrypto.so.3)
==268755==    by 0x53EB9B6: OPENSSL_init_ssl (in /usr/lib/x86_64-linux-gnu/libssl.so.3)
==268755==    by 0x488FB29: mysql_server_init (in /usr/lib/x86_64-linux-gnu/libmysqlclient.so.21.2.42)
==268755==    by 0x1ED98C: cpp_dbc::MySQL::MySQLDriver::MySQLDriver() (driver_mysql.cpp:797)
==268755==    by 0x163CB6: decltype (::new ((void*)(0)) cpp_dbc::MySQL::MySQLDriver()) std::construct_at<cpp_dbc::MySQL::MySQLDriver>(cpp_dbc::MySQL::MySQLDriver*) (stl_construct.h:97)
==268755==    by 0x163D03: void std::allocator_traits<std::allocator<cpp_dbc::MySQL::MySQLDriver> >::construct<cpp_dbc::MySQL::MySQLDriver>(std::allocator<cpp_dbc::MySQL::MySQLDriver>&, cpp_dbc::MySQL::MySQLDriver*) (alloc_traits.h:518)
==268755==    by 0x163861: std::_Sp_counted_ptr_inplace<cpp_dbc::MySQL::MySQLDriver, std::allocator<cpp_dbc::MySQL::MySQLDriver>, (__gnu_cxx::_Lock_policy)2>::_Sp_counted_ptr_inplace<>(std::allocator<cpp_dbc::MySQL::MySQLDriver>) (shared_ptr_base.h:519)
==268755== 
==268755== 24 bytes in 1 blocks are still reachable in loss record 558 of 2,004
==268755==    at 0x4848899: malloc (in /usr/libexec/valgrind/vgpreload_memcheck-amd64-linux.so)
==268755==    by 0x560C185: OPENSSL_LH_insert (in /usr/lib/x86_64-linux-gnu/libcrypto.so.3)
==268755==    by 0x562D0AA: OBJ_NAME_add (in /usr/lib/x86_64-linux-gnu/libcrypto.so.3)
==268755==    by 0x561DB4D: ??? (in /usr/lib/x86_64-linux-gnu/libcrypto.so.3)
==268755==    by 0x522BEE7: __pthread_once_slow (pthread_once.c:116)
==268755==    by 0x5621C9C: CRYPTO_THREAD_run_once (in /usr/lib/x86_64-linux-gnu/libcrypto.so.3)
==268755==    by 0x561E9F0: OPENSSL_init_crypto (in /usr/lib/x86_64-linux-gnu/libcrypto.so.3)
==268755==    by 0x53EB9B6: OPENSSL_init_ssl (in /usr/lib/x86_64-linux-gnu/libssl.so.3)
==268755==    by 0x488FB29: mysql_server_init (in /usr/lib/x86_64-linux-gnu/libmysqlclient.so.21.2.42)
==268755==    by 0x1ED98C: cpp_dbc::MySQL::MySQLDriver::MySQLDriver() (driver_mysql.cpp:797)
==268755==    by 0x163CB6: decltype (::new ((void*)(0)) cpp_dbc::MySQL::MySQLDriver()) std::construct_at<cpp_dbc::MySQL::MySQLDriver>(cpp_dbc::MySQL::MySQLDriver*) (stl_construct.h:97)
==268755==    by 0x163D03: void std::allocator_traits<std::allocator<cpp_dbc::MySQL::MySQLDriver> >::construct<cpp_dbc::MySQL::MySQLDriver>(std::allocator<cpp_dbc::MySQL::MySQLDriver>&, cpp_dbc::MySQL::MySQLDriver*) (alloc_traits.h:518)
==268755== 
==268755== 24 bytes in 1 blocks are still reachable in loss record 559 of 2,004
==268755==    at 0x4848899: malloc (in /usr/libexec/valgrind/vgpreload_memcheck-amd64-linux.so)
==268755==    by 0x560C185: OPENSSL_LH_insert (in /usr/lib/x86_64-linux-gnu/libcrypto.so.3)
==268755==    by 0x562D0AA: OBJ_NAME_add (in /usr/lib/x86_64-linux-gnu/libcrypto.so.3)
==268755==    by 0x55FF684: EVP_add_cipher (in /usr/lib/x86_64-linux-gnu/libcrypto.so.3)
==268755==    by 0x561DB5A: ??? (in /usr/lib/x86_64-linux-gnu/libcrypto.so.3)
==268755==    by 0x522BEE7: __pthread_once_slow (pthread_once.c:116)
==268755==    by 0x5621C9C: CRYPTO_THREAD_run_once (in /usr/lib/x86_64-linux-gnu/libcrypto.so.3)
==268755==    by 0x561E9F0: OPENSSL_init_crypto (in /usr/lib/x86_64-linux-gnu/libcrypto.so.3)
==268755==    by 0x53EB9B6: OPENSSL_init_ssl (in /usr/lib/x86_64-linux-gnu/libssl.so.3)
==268755==    by 0x488FB29: mysql_server_init (in /usr/lib/x86_64-linux-gnu/libmysqlclient.so.21.2.42)
==268755==    by 0x1ED98C: cpp_dbc::MySQL::MySQLDriver::MySQLDriver() (driver_mysql.cpp:797)
==268755==    by 0x163CB6: decltype (::new ((void*)(0)) cpp_dbc::MySQL::MySQLDriver()) std::construct_at<cpp_dbc::MySQL::MySQLDriver>(cpp_dbc::MySQL::MySQLDriver*) (stl_construct.h:97)
==268755== 
==268755== 24 bytes in 1 blocks are still reachable in loss record 560 of 2,004
==268755==    at 0x4848899: malloc (in /usr/libexec/valgrind/vgpreload_memcheck-amd64-linux.so)
==268755==    by 0x562D068: OBJ_NAME_add (in /usr/lib/x86_64-linux-gnu/libcrypto.so.3)
==268755==    by 0x561DB5A: ??? (in /usr/lib/x86_64-linux-gnu/libcrypto.so.3)
==268755==    by 0x522BEE7: __pthread_once_slow (pthread_once.c:116)
==268755==    by 0x5621C9C: CRYPTO_THREAD_run_once (in /usr/lib/x86_64-linux-gnu/libcrypto.so.3)
==268755==    by 0x561E9F0: OPENSSL_init_crypto (in /usr/lib/x86_64-linux-gnu/libcrypto.so.3)
==268755==    by 0x53EB9B6: OPENSSL_init_ssl (in /usr/lib/x86_64-linux-gnu/libssl.so.3)
==268755==    by 0x488FB29: mysql_server_init (in /usr/lib/x86_64-linux-gnu/libmysqlclient.so.21.2.42)
==268755==    by 0x1ED98C: cpp_dbc::MySQL::MySQLDriver::MySQLDriver() (driver_mysql.cpp:797)
==268755==    by 0x163CB6: decltype (::new ((void*)(0)) cpp_dbc::MySQL::MySQLDriver()) std::construct_at<cpp_dbc::MySQL::MySQLDriver>(cpp_dbc::MySQL::MySQLDriver*) (stl_construct.h:97)
==268755==    by 0x163D03: void std::allocator_traits<std::allocator<cpp_dbc::MySQL::MySQLDriver> >::construct<cpp_dbc::MySQL::MySQLDriver>(std::allocator<cpp_dbc::MySQL::MySQLDriver>&, cpp_dbc::MySQL::MySQLDriver*) (alloc_traits.h:518)
==268755==    by 0x163861: std::_Sp_counted_ptr_inplace<cpp_dbc::MySQL::MySQLDriver, std::allocator<cpp_dbc::MySQL::MySQLDriver>, (__gnu_cxx::_Lock_policy)2>::_Sp_counted_ptr_inplace<>(std::allocator<cpp_dbc::MySQL::MySQLDriver>) (shared_ptr_base.h:519)
==268755== 
==268755== 24 bytes in 1 blocks are still reachable in loss record 561 of 2,004
==268755==    at 0x4848899: malloc (in /usr/libexec/valgrind/vgpreload_memcheck-amd64-linux.so)
==268755==    by 0x560C185: OPENSSL_LH_insert (in /usr/lib/x86_64-linux-gnu/libcrypto.so.3)
==268755==    by 0x562D0AA: OBJ_NAME_add (in /usr/lib/x86_64-linux-gnu/libcrypto.so.3)
==268755==    by 0x561DB6E: ??? (in /usr/lib/x86_64-linux-gnu/libcrypto.so.3)
==268755==    by 0x522BEE7: __pthread_once_slow (pthread_once.c:116)
==268755==    by 0x5621C9C: CRYPTO_THREAD_run_once (in /usr/lib/x86_64-linux-gnu/libcrypto.so.3)
==268755==    by 0x561E9F0: OPENSSL_init_crypto (in /usr/lib/x86_64-linux-gnu/libcrypto.so.3)
==268755==    by 0x53EB9B6: OPENSSL_init_ssl (in /usr/lib/x86_64-linux-gnu/libssl.so.3)
==268755==    by 0x488FB29: mysql_server_init (in /usr/lib/x86_64-linux-gnu/libmysqlclient.so.21.2.42)
==268755==    by 0x1ED98C: cpp_dbc::MySQL::MySQLDriver::MySQLDriver() (driver_mysql.cpp:797)
==268755==    by 0x163CB6: decltype (::new ((void*)(0)) cpp_dbc::MySQL::MySQLDriver()) std::construct_at<cpp_dbc::MySQL::MySQLDriver>(cpp_dbc::MySQL::MySQLDriver*) (stl_construct.h:97)
==268755==    by 0x163D03: void std::allocator_traits<std::allocator<cpp_dbc::MySQL::MySQLDriver> >::construct<cpp_dbc::MySQL::MySQLDriver>(std::allocator<cpp_dbc::MySQL::MySQLDriver>&, cpp_dbc::MySQL::MySQLDriver*) (alloc_traits.h:518)
==268755== 
==268755== 24 bytes in 1 blocks are still reachable in loss record 562 of 2,004
==268755==    at 0x4848899: malloc (in /usr/libexec/valgrind/vgpreload_memcheck-amd64-linux.so)
==268755==    by 0x562D068: OBJ_NAME_add (in /usr/lib/x86_64-linux-gnu/libcrypto.so.3)
==268755==    by 0x561DB82: ??? (in /usr/lib/x86_64-linux-gnu/libcrypto.so.3)
==268755==    by 0x522BEE7: __pthread_once_slow (pthread_once.c:116)
==268755==    by 0x5621C9C: CRYPTO_THREAD_run_once (in /usr/lib/x86_64-linux-gnu/libcrypto.so.3)
==268755==    by 0x561E9F0: OPENSSL_init_crypto (in /usr/lib/x86_64-linux-gnu/libcrypto.so.3)
==268755==    by 0x53EB9B6: OPENSSL_init_ssl (in /usr/lib/x86_64-linux-gnu/libssl.so.3)
==268755==    by 0x488FB29: mysql_server_init (in /usr/lib/x86_64-linux-gnu/libmysqlclient.so.21.2.42)
==268755==    by 0x1ED98C: cpp_dbc::MySQL::MySQLDriver::MySQLDriver() (driver_mysql.cpp:797)
==268755==    by 0x163CB6: decltype (::new ((void*)(0)) cpp_dbc::MySQL::MySQLDriver()) std::construct_at<cpp_dbc::MySQL::MySQLDriver>(cpp_dbc::MySQL::MySQLDriver*) (stl_construct.h:97)
==268755==    by 0x163D03: void std::allocator_traits<std::allocator<cpp_dbc::MySQL::MySQLDriver> >::construct<cpp_dbc::MySQL::MySQLDriver>(std::allocator<cpp_dbc::MySQL::MySQLDriver>&, cpp_dbc::MySQL::MySQLDriver*) (alloc_traits.h:518)
==268755==    by 0x163861: std::_Sp_counted_ptr_inplace<cpp_dbc::MySQL::MySQLDriver, std::allocator<cpp_dbc::MySQL::MySQLDriver>, (__gnu_cxx::_Lock_policy)2>::_Sp_counted_ptr_inplace<>(std::allocator<cpp_dbc::MySQL::MySQLDriver>) (shared_ptr_base.h:519)
==268755== 
==268755== 24 bytes in 1 blocks are still reachable in loss record 563 of 2,004
==268755==    at 0x4848899: malloc (in /usr/libexec/valgrind/vgpreload_memcheck-amd64-linux.so)
==268755==    by 0x560C185: OPENSSL_LH_insert (in /usr/lib/x86_64-linux-gnu/libcrypto.so.3)
==268755==    by 0x562D0AA: OBJ_NAME_add (in /usr/lib/x86_64-linux-gnu/libcrypto.so.3)
==268755==    by 0x55FF684: EVP_add_cipher (in /usr/lib/x86_64-linux-gnu/libcrypto.so.3)
==268755==    by 0x561DB96: ??? (in /usr/lib/x86_64-linux-gnu/libcrypto.so.3)
==268755==    by 0x522BEE7: __pthread_once_slow (pthread_once.c:116)
==268755==    by 0x5621C9C: CRYPTO_THREAD_run_once (in /usr/lib/x86_64-linux-gnu/libcrypto.so.3)
==268755==    by 0x561E9F0: OPENSSL_init_crypto (in /usr/lib/x86_64-linux-gnu/libcrypto.so.3)
==268755==    by 0x53EB9B6: OPENSSL_init_ssl (in /usr/lib/x86_64-linux-gnu/libssl.so.3)
==268755==    by 0x488FB29: mysql_server_init (in /usr/lib/x86_64-linux-gnu/libmysqlclient.so.21.2.42)
==268755==    by 0x1ED98C: cpp_dbc::MySQL::MySQLDriver::MySQLDriver() (driver_mysql.cpp:797)
==268755==    by 0x163CB6: decltype (::new ((void*)(0)) cpp_dbc::MySQL::MySQLDriver()) std::construct_at<cpp_dbc::MySQL::MySQLDriver>(cpp_dbc::MySQL::MySQLDriver*) (stl_construct.h:97)
==268755== 
==268755== 24 bytes in 1 blocks are still reachable in loss record 564 of 2,004
==268755==    at 0x4848899: malloc (in /usr/libexec/valgrind/vgpreload_memcheck-amd64-linux.so)
==268755==    by 0x562D068: OBJ_NAME_add (in /usr/lib/x86_64-linux-gnu/libcrypto.so.3)
==268755==    by 0x561DB96: ??? (in /usr/lib/x86_64-linux-gnu/libcrypto.so.3)
==268755==    by 0x522BEE7: __pthread_once_slow (pthread_once.c:116)
==268755==    by 0x5621C9C: CRYPTO_THREAD_run_once (in /usr/lib/x86_64-linux-gnu/libcrypto.so.3)
==268755==    by 0x561E9F0: OPENSSL_init_crypto (in /usr/lib/x86_64-linux-gnu/libcrypto.so.3)
==268755==    by 0x53EB9B6: OPENSSL_init_ssl (in /usr/lib/x86_64-linux-gnu/libssl.so.3)
==268755==    by 0x488FB29: mysql_server_init (in /usr/lib/x86_64-linux-gnu/libmysqlclient.so.21.2.42)
==268755==    by 0x1ED98C: cpp_dbc::MySQL::MySQLDriver::MySQLDriver() (driver_mysql.cpp:797)
==268755==    by 0x163CB6: decltype (::new ((void*)(0)) cpp_dbc::MySQL::MySQLDriver()) std::construct_at<cpp_dbc::MySQL::MySQLDriver>(cpp_dbc::MySQL::MySQLDriver*) (stl_construct.h:97)
==268755==    by 0x163D03: void std::allocator_traits<std::allocator<cpp_dbc::MySQL::MySQLDriver> >::construct<cpp_dbc::MySQL::MySQLDriver>(std::allocator<cpp_dbc::MySQL::MySQLDriver>&, cpp_dbc::MySQL::MySQLDriver*) (alloc_traits.h:518)
==268755==    by 0x163861: std::_Sp_counted_ptr_inplace<cpp_dbc::MySQL::MySQLDriver, std::allocator<cpp_dbc::MySQL::MySQLDriver>, (__gnu_cxx::_Lock_policy)2>::_Sp_counted_ptr_inplace<>(std::allocator<cpp_dbc::MySQL::MySQLDriver>) (shared_ptr_base.h:519)
==268755== 
==268755== 24 bytes in 1 blocks are still reachable in loss record 565 of 2,004
==268755==    at 0x4848899: malloc (in /usr/libexec/valgrind/vgpreload_memcheck-amd64-linux.so)
==268755==    by 0x560C185: OPENSSL_LH_insert (in /usr/lib/x86_64-linux-gnu/libcrypto.so.3)
==268755==    by 0x562D0AA: OBJ_NAME_add (in /usr/lib/x86_64-linux-gnu/libcrypto.so.3)
==268755==    by 0x55FF684: EVP_add_cipher (in /usr/lib/x86_64-linux-gnu/libcrypto.so.3)
==268755==    by 0x561DBA3: ??? (in /usr/lib/x86_64-linux-gnu/libcrypto.so.3)
==268755==    by 0x522BEE7: __pthread_once_slow (pthread_once.c:116)
==268755==    by 0x5621C9C: CRYPTO_THREAD_run_once (in /usr/lib/x86_64-linux-gnu/libcrypto.so.3)
==268755==    by 0x561E9F0: OPENSSL_init_crypto (in /usr/lib/x86_64-linux-gnu/libcrypto.so.3)
==268755==    by 0x53EB9B6: OPENSSL_init_ssl (in /usr/lib/x86_64-linux-gnu/libssl.so.3)
==268755==    by 0x488FB29: mysql_server_init (in /usr/lib/x86_64-linux-gnu/libmysqlclient.so.21.2.42)
==268755==    by 0x1ED98C: cpp_dbc::MySQL::MySQLDriver::MySQLDriver() (driver_mysql.cpp:797)
==268755==    by 0x163CB6: decltype (::new ((void*)(0)) cpp_dbc::MySQL::MySQLDriver()) std::construct_at<cpp_dbc::MySQL::MySQLDriver>(cpp_dbc::MySQL::MySQLDriver*) (stl_construct.h:97)
==268755== 
==268755== 24 bytes in 1 blocks are still reachable in loss record 566 of 2,004
==268755==    at 0x4848899: malloc (in /usr/libexec/valgrind/vgpreload_memcheck-amd64-linux.so)
==268755==    by 0x562D068: OBJ_NAME_add (in /usr/lib/x86_64-linux-gnu/libcrypto.so.3)
==268755==    by 0x561DBA3: ??? (in /usr/lib/x86_64-linux-gnu/libcrypto.so.3)
==268755==    by 0x522BEE7: __pthread_once_slow (pthread_once.c:116)
==268755==    by 0x5621C9C: CRYPTO_THREAD_run_once (in /usr/lib/x86_64-linux-gnu/libcrypto.so.3)
==268755==    by 0x561E9F0: OPENSSL_init_crypto (in /usr/lib/x86_64-linux-gnu/libcrypto.so.3)
==268755==    by 0x53EB9B6: OPENSSL_init_ssl (in /usr/lib/x86_64-linux-gnu/libssl.so.3)
==268755==    by 0x488FB29: mysql_server_init (in /usr/lib/x86_64-linux-gnu/libmysqlclient.so.21.2.42)
==268755==    by 0x1ED98C: cpp_dbc::MySQL::MySQLDriver::MySQLDriver() (driver_mysql.cpp:797)
==268755==    by 0x163CB6: decltype (::new ((void*)(0)) cpp_dbc::MySQL::MySQLDriver()) std::construct_at<cpp_dbc::MySQL::MySQLDriver>(cpp_dbc::MySQL::MySQLDriver*) (stl_construct.h:97)
==268755==    by 0x163D03: void std::allocator_traits<std::allocator<cpp_dbc::MySQL::MySQLDriver> >::construct<cpp_dbc::MySQL::MySQLDriver>(std::allocator<cpp_dbc::MySQL::MySQLDriver>&, cpp_dbc::MySQL::MySQLDriver*) (alloc_traits.h:518)
==268755==    by 0x163861: std::_Sp_counted_ptr_inplace<cpp_dbc::MySQL::MySQLDriver, std::allocator<cpp_dbc::MySQL::MySQLDriver>, (__gnu_cxx::_Lock_policy)2>::_Sp_counted_ptr_inplace<>(std::allocator<cpp_dbc::MySQL::MySQLDriver>) (shared_ptr_base.h:519)
==268755== 
==268755== 24 bytes in 1 blocks are still reachable in loss record 567 of 2,004
==268755==    at 0x4848899: malloc (in /usr/libexec/valgrind/vgpreload_memcheck-amd64-linux.so)
==268755==    by 0x560C185: OPENSSL_LH_insert (in /usr/lib/x86_64-linux-gnu/libcrypto.so.3)
==268755==    by 0x562D0AA: OBJ_NAME_add (in /usr/lib/x86_64-linux-gnu/libcrypto.so.3)
==268755==    by 0x55FF684: EVP_add_cipher (in /usr/lib/x86_64-linux-gnu/libcrypto.so.3)
==268755==    by 0x561DBB0: ??? (in /usr/lib/x86_64-linux-gnu/libcrypto.so.3)
==268755==    by 0x522BEE7: __pthread_once_slow (pthread_once.c:116)
==268755==    by 0x5621C9C: CRYPTO_THREAD_run_once (in /usr/lib/x86_64-linux-gnu/libcrypto.so.3)
==268755==    by 0x561E9F0: OPENSSL_init_crypto (in /usr/lib/x86_64-linux-gnu/libcrypto.so.3)
==268755==    by 0x53EB9B6: OPENSSL_init_ssl (in /usr/lib/x86_64-linux-gnu/libssl.so.3)
==268755==    by 0x488FB29: mysql_server_init (in /usr/lib/x86_64-linux-gnu/libmysqlclient.so.21.2.42)
==268755==    by 0x1ED98C: cpp_dbc::MySQL::MySQLDriver::MySQLDriver() (driver_mysql.cpp:797)
==268755==    by 0x163CB6: decltype (::new ((void*)(0)) cpp_dbc::MySQL::MySQLDriver()) std::construct_at<cpp_dbc::MySQL::MySQLDriver>(cpp_dbc::MySQL::MySQLDriver*) (stl_construct.h:97)
==268755== 
==268755== 24 bytes in 1 blocks are still reachable in loss record 568 of 2,004
==268755==    at 0x4848899: malloc (in /usr/libexec/valgrind/vgpreload_memcheck-amd64-linux.so)
==268755==    by 0x562D068: OBJ_NAME_add (in /usr/lib/x86_64-linux-gnu/libcrypto.so.3)
==268755==    by 0x561DBB0: ??? (in /usr/lib/x86_64-linux-gnu/libcrypto.so.3)
==268755==    by 0x522BEE7: __pthread_once_slow (pthread_once.c:116)
==268755==    by 0x5621C9C: CRYPTO_THREAD_run_once (in /usr/lib/x86_64-linux-gnu/libcrypto.so.3)
==268755==    by 0x561E9F0: OPENSSL_init_crypto (in /usr/lib/x86_64-linux-gnu/libcrypto.so.3)
==268755==    by 0x53EB9B6: OPENSSL_init_ssl (in /usr/lib/x86_64-linux-gnu/libssl.so.3)
==268755==    by 0x488FB29: mysql_server_init (in /usr/lib/x86_64-linux-gnu/libmysqlclient.so.21.2.42)
==268755==    by 0x1ED98C: cpp_dbc::MySQL::MySQLDriver::MySQLDriver() (driver_mysql.cpp:797)
==268755==    by 0x163CB6: decltype (::new ((void*)(0)) cpp_dbc::MySQL::MySQLDriver()) std::construct_at<cpp_dbc::MySQL::MySQLDriver>(cpp_dbc::MySQL::MySQLDriver*) (stl_construct.h:97)
==268755==    by 0x163D03: void std::allocator_traits<std::allocator<cpp_dbc::MySQL::MySQLDriver> >::construct<cpp_dbc::MySQL::MySQLDriver>(std::allocator<cpp_dbc::MySQL::MySQLDriver>&, cpp_dbc::MySQL::MySQLDriver*) (alloc_traits.h:518)
==268755==    by 0x163861: std::_Sp_counted_ptr_inplace<cpp_dbc::MySQL::MySQLDriver, std::allocator<cpp_dbc::MySQL::MySQLDriver>, (__gnu_cxx::_Lock_policy)2>::_Sp_counted_ptr_inplace<>(std::allocator<cpp_dbc::MySQL::MySQLDriver>) (shared_ptr_base.h:519)
==268755== 
==268755== 24 bytes in 1 blocks are still reachable in loss record 569 of 2,004
==268755==    at 0x4848899: malloc (in /usr/libexec/valgrind/vgpreload_memcheck-amd64-linux.so)
==268755==    by 0x560C185: OPENSSL_LH_insert (in /usr/lib/x86_64-linux-gnu/libcrypto.so.3)
==268755==    by 0x562D0AA: OBJ_NAME_add (in /usr/lib/x86_64-linux-gnu/libcrypto.so.3)
==268755==    by 0x55FF684: EVP_add_cipher (in /usr/lib/x86_64-linux-gnu/libcrypto.so.3)
==268755==    by 0x561DBBD: ??? (in /usr/lib/x86_64-linux-gnu/libcrypto.so.3)
==268755==    by 0x522BEE7: __pthread_once_slow (pthread_once.c:116)
==268755==    by 0x5621C9C: CRYPTO_THREAD_run_once (in /usr/lib/x86_64-linux-gnu/libcrypto.so.3)
==268755==    by 0x561E9F0: OPENSSL_init_crypto (in /usr/lib/x86_64-linux-gnu/libcrypto.so.3)
==268755==    by 0x53EB9B6: OPENSSL_init_ssl (in /usr/lib/x86_64-linux-gnu/libssl.so.3)
==268755==    by 0x488FB29: mysql_server_init (in /usr/lib/x86_64-linux-gnu/libmysqlclient.so.21.2.42)
==268755==    by 0x1ED98C: cpp_dbc::MySQL::MySQLDriver::MySQLDriver() (driver_mysql.cpp:797)
==268755==    by 0x163CB6: decltype (::new ((void*)(0)) cpp_dbc::MySQL::MySQLDriver()) std::construct_at<cpp_dbc::MySQL::MySQLDriver>(cpp_dbc::MySQL::MySQLDriver*) (stl_construct.h:97)
==268755== 
==268755== 24 bytes in 1 blocks are still reachable in loss record 570 of 2,004
==268755==    at 0x4848899: malloc (in /usr/libexec/valgrind/vgpreload_memcheck-amd64-linux.so)
==268755==    by 0x562D068: OBJ_NAME_add (in /usr/lib/x86_64-linux-gnu/libcrypto.so.3)
==268755==    by 0x561DBBD: ??? (in /usr/lib/x86_64-linux-gnu/libcrypto.so.3)
==268755==    by 0x522BEE7: __pthread_once_slow (pthread_once.c:116)
==268755==    by 0x5621C9C: CRYPTO_THREAD_run_once (in /usr/lib/x86_64-linux-gnu/libcrypto.so.3)
==268755==    by 0x561E9F0: OPENSSL_init_crypto (in /usr/lib/x86_64-linux-gnu/libcrypto.so.3)
==268755==    by 0x53EB9B6: OPENSSL_init_ssl (in /usr/lib/x86_64-linux-gnu/libssl.so.3)
==268755==    by 0x488FB29: mysql_server_init (in /usr/lib/x86_64-linux-gnu/libmysqlclient.so.21.2.42)
==268755==    by 0x1ED98C: cpp_dbc::MySQL::MySQLDriver::MySQLDriver() (driver_mysql.cpp:797)
==268755==    by 0x163CB6: decltype (::new ((void*)(0)) cpp_dbc::MySQL::MySQLDriver()) std::construct_at<cpp_dbc::MySQL::MySQLDriver>(cpp_dbc::MySQL::MySQLDriver*) (stl_construct.h:97)
==268755==    by 0x163D03: void std::allocator_traits<std::allocator<cpp_dbc::MySQL::MySQLDriver> >::construct<cpp_dbc::MySQL::MySQLDriver>(std::allocator<cpp_dbc::MySQL::MySQLDriver>&, cpp_dbc::MySQL::MySQLDriver*) (alloc_traits.h:518)
==268755==    by 0x163861: std::_Sp_counted_ptr_inplace<cpp_dbc::MySQL::MySQLDriver, std::allocator<cpp_dbc::MySQL::MySQLDriver>, (__gnu_cxx::_Lock_policy)2>::_Sp_counted_ptr_inplace<>(std::allocator<cpp_dbc::MySQL::MySQLDriver>) (shared_ptr_base.h:519)
==268755== 
==268755== 24 bytes in 1 blocks are still reachable in loss record 571 of 2,004
==268755==    at 0x4848899: malloc (in /usr/libexec/valgrind/vgpreload_memcheck-amd64-linux.so)
==268755==    by 0x560C185: OPENSSL_LH_insert (in /usr/lib/x86_64-linux-gnu/libcrypto.so.3)
==268755==    by 0x562D0AA: OBJ_NAME_add (in /usr/lib/x86_64-linux-gnu/libcrypto.so.3)
==268755==    by 0x55FF684: EVP_add_cipher (in /usr/lib/x86_64-linux-gnu/libcrypto.so.3)
==268755==    by 0x561DBCA: ??? (in /usr/lib/x86_64-linux-gnu/libcrypto.so.3)
==268755==    by 0x522BEE7: __pthread_once_slow (pthread_once.c:116)
==268755==    by 0x5621C9C: CRYPTO_THREAD_run_once (in /usr/lib/x86_64-linux-gnu/libcrypto.so.3)
==268755==    by 0x561E9F0: OPENSSL_init_crypto (in /usr/lib/x86_64-linux-gnu/libcrypto.so.3)
==268755==    by 0x53EB9B6: OPENSSL_init_ssl (in /usr/lib/x86_64-linux-gnu/libssl.so.3)
==268755==    by 0x488FB29: mysql_server_init (in /usr/lib/x86_64-linux-gnu/libmysqlclient.so.21.2.42)
==268755==    by 0x1ED98C: cpp_dbc::MySQL::MySQLDriver::MySQLDriver() (driver_mysql.cpp:797)
==268755==    by 0x163CB6: decltype (::new ((void*)(0)) cpp_dbc::MySQL::MySQLDriver()) std::construct_at<cpp_dbc::MySQL::MySQLDriver>(cpp_dbc::MySQL::MySQLDriver*) (stl_construct.h:97)
==268755== 
==268755== 24 bytes in 1 blocks are still reachable in loss record 572 of 2,004
==268755==    at 0x4848899: malloc (in /usr/libexec/valgrind/vgpreload_memcheck-amd64-linux.so)
==268755==    by 0x562D068: OBJ_NAME_add (in /usr/lib/x86_64-linux-gnu/libcrypto.so.3)
==268755==    by 0x561DBCA: ??? (in /usr/lib/x86_64-linux-gnu/libcrypto.so.3)
==268755==    by 0x522BEE7: __pthread_once_slow (pthread_once.c:116)
==268755==    by 0x5621C9C: CRYPTO_THREAD_run_once (in /usr/lib/x86_64-linux-gnu/libcrypto.so.3)
==268755==    by 0x561E9F0: OPENSSL_init_crypto (in /usr/lib/x86_64-linux-gnu/libcrypto.so.3)
==268755==    by 0x53EB9B6: OPENSSL_init_ssl (in /usr/lib/x86_64-linux-gnu/libssl.so.3)
==268755==    by 0x488FB29: mysql_server_init (in /usr/lib/x86_64-linux-gnu/libmysqlclient.so.21.2.42)
==268755==    by 0x1ED98C: cpp_dbc::MySQL::MySQLDriver::MySQLDriver() (driver_mysql.cpp:797)
==268755==    by 0x163CB6: decltype (::new ((void*)(0)) cpp_dbc::MySQL::MySQLDriver()) std::construct_at<cpp_dbc::MySQL::MySQLDriver>(cpp_dbc::MySQL::MySQLDriver*) (stl_construct.h:97)
==268755==    by 0x163D03: void std::allocator_traits<std::allocator<cpp_dbc::MySQL::MySQLDriver> >::construct<cpp_dbc::MySQL::MySQLDriver>(std::allocator<cpp_dbc::MySQL::MySQLDriver>&, cpp_dbc::MySQL::MySQLDriver*) (alloc_traits.h:518)
==268755==    by 0x163861: std::_Sp_counted_ptr_inplace<cpp_dbc::MySQL::MySQLDriver, std::allocator<cpp_dbc::MySQL::MySQLDriver>, (__gnu_cxx::_Lock_policy)2>::_Sp_counted_ptr_inplace<>(std::allocator<cpp_dbc::MySQL::MySQLDriver>) (shared_ptr_base.h:519)
==268755== 
==268755== 24 bytes in 1 blocks are still reachable in loss record 573 of 2,004
==268755==    at 0x4848899: malloc (in /usr/libexec/valgrind/vgpreload_memcheck-amd64-linux.so)
==268755==    by 0x560C185: OPENSSL_LH_insert (in /usr/lib/x86_64-linux-gnu/libcrypto.so.3)
==268755==    by 0x562D0AA: OBJ_NAME_add (in /usr/lib/x86_64-linux-gnu/libcrypto.so.3)
==268755==    by 0x55FF684: EVP_add_cipher (in /usr/lib/x86_64-linux-gnu/libcrypto.so.3)
==268755==    by 0x561DBD7: ??? (in /usr/lib/x86_64-linux-gnu/libcrypto.so.3)
==268755==    by 0x522BEE7: __pthread_once_slow (pthread_once.c:116)
==268755==    by 0x5621C9C: CRYPTO_THREAD_run_once (in /usr/lib/x86_64-linux-gnu/libcrypto.so.3)
==268755==    by 0x561E9F0: OPENSSL_init_crypto (in /usr/lib/x86_64-linux-gnu/libcrypto.so.3)
==268755==    by 0x53EB9B6: OPENSSL_init_ssl (in /usr/lib/x86_64-linux-gnu/libssl.so.3)
==268755==    by 0x488FB29: mysql_server_init (in /usr/lib/x86_64-linux-gnu/libmysqlclient.so.21.2.42)
==268755==    by 0x1ED98C: cpp_dbc::MySQL::MySQLDriver::MySQLDriver() (driver_mysql.cpp:797)
==268755==    by 0x163CB6: decltype (::new ((void*)(0)) cpp_dbc::MySQL::MySQLDriver()) std::construct_at<cpp_dbc::MySQL::MySQLDriver>(cpp_dbc::MySQL::MySQLDriver*) (stl_construct.h:97)
==268755== 
==268755== 24 bytes in 1 blocks are still reachable in loss record 574 of 2,004
==268755==    at 0x4848899: malloc (in /usr/libexec/valgrind/vgpreload_memcheck-amd64-linux.so)
==268755==    by 0x562D068: OBJ_NAME_add (in /usr/lib/x86_64-linux-gnu/libcrypto.so.3)
==268755==    by 0x561DBD7: ??? (in /usr/lib/x86_64-linux-gnu/libcrypto.so.3)
==268755==    by 0x522BEE7: __pthread_once_slow (pthread_once.c:116)
==268755==    by 0x5621C9C: CRYPTO_THREAD_run_once (in /usr/lib/x86_64-linux-gnu/libcrypto.so.3)
==268755==    by 0x561E9F0: OPENSSL_init_crypto (in /usr/lib/x86_64-linux-gnu/libcrypto.so.3)
==268755==    by 0x53EB9B6: OPENSSL_init_ssl (in /usr/lib/x86_64-linux-gnu/libssl.so.3)
==268755==    by 0x488FB29: mysql_server_init (in /usr/lib/x86_64-linux-gnu/libmysqlclient.so.21.2.42)
==268755==    by 0x1ED98C: cpp_dbc::MySQL::MySQLDriver::MySQLDriver() (driver_mysql.cpp:797)
==268755==    by 0x163CB6: decltype (::new ((void*)(0)) cpp_dbc::MySQL::MySQLDriver()) std::construct_at<cpp_dbc::MySQL::MySQLDriver>(cpp_dbc::MySQL::MySQLDriver*) (stl_construct.h:97)
==268755==    by 0x163D03: void std::allocator_traits<std::allocator<cpp_dbc::MySQL::MySQLDriver> >::construct<cpp_dbc::MySQL::MySQLDriver>(std::allocator<cpp_dbc::MySQL::MySQLDriver>&, cpp_dbc::MySQL::MySQLDriver*) (alloc_traits.h:518)
==268755==    by 0x163861: std::_Sp_counted_ptr_inplace<cpp_dbc::MySQL::MySQLDriver, std::allocator<cpp_dbc::MySQL::MySQLDriver>, (__gnu_cxx::_Lock_policy)2>::_Sp_counted_ptr_inplace<>(std::allocator<cpp_dbc::MySQL::MySQLDriver>) (shared_ptr_base.h:519)
==268755== 
==268755== 24 bytes in 1 blocks are still reachable in loss record 575 of 2,004
==268755==    at 0x4848899: malloc (in /usr/libexec/valgrind/vgpreload_memcheck-amd64-linux.so)
==268755==    by 0x560C185: OPENSSL_LH_insert (in /usr/lib/x86_64-linux-gnu/libcrypto.so.3)
==268755==    by 0x562D0AA: OBJ_NAME_add (in /usr/lib/x86_64-linux-gnu/libcrypto.so.3)
==268755==    by 0x55FF684: EVP_add_cipher (in /usr/lib/x86_64-linux-gnu/libcrypto.so.3)
==268755==    by 0x561DBE4: ??? (in /usr/lib/x86_64-linux-gnu/libcrypto.so.3)
==268755==    by 0x522BEE7: __pthread_once_slow (pthread_once.c:116)
==268755==    by 0x5621C9C: CRYPTO_THREAD_run_once (in /usr/lib/x86_64-linux-gnu/libcrypto.so.3)
==268755==    by 0x561E9F0: OPENSSL_init_crypto (in /usr/lib/x86_64-linux-gnu/libcrypto.so.3)
==268755==    by 0x53EB9B6: OPENSSL_init_ssl (in /usr/lib/x86_64-linux-gnu/libssl.so.3)
==268755==    by 0x488FB29: mysql_server_init (in /usr/lib/x86_64-linux-gnu/libmysqlclient.so.21.2.42)
==268755==    by 0x1ED98C: cpp_dbc::MySQL::MySQLDriver::MySQLDriver() (driver_mysql.cpp:797)
==268755==    by 0x163CB6: decltype (::new ((void*)(0)) cpp_dbc::MySQL::MySQLDriver()) std::construct_at<cpp_dbc::MySQL::MySQLDriver>(cpp_dbc::MySQL::MySQLDriver*) (stl_construct.h:97)
==268755== 
==268755== 24 bytes in 1 blocks are still reachable in loss record 576 of 2,004
==268755==    at 0x4848899: malloc (in /usr/libexec/valgrind/vgpreload_memcheck-amd64-linux.so)
==268755==    by 0x562D068: OBJ_NAME_add (in /usr/lib/x86_64-linux-gnu/libcrypto.so.3)
==268755==    by 0x561DBE4: ??? (in /usr/lib/x86_64-linux-gnu/libcrypto.so.3)
==268755==    by 0x522BEE7: __pthread_once_slow (pthread_once.c:116)
==268755==    by 0x5621C9C: CRYPTO_THREAD_run_once (in /usr/lib/x86_64-linux-gnu/libcrypto.so.3)
==268755==    by 0x561E9F0: OPENSSL_init_crypto (in /usr/lib/x86_64-linux-gnu/libcrypto.so.3)
==268755==    by 0x53EB9B6: OPENSSL_init_ssl (in /usr/lib/x86_64-linux-gnu/libssl.so.3)
==268755==    by 0x488FB29: mysql_server_init (in /usr/lib/x86_64-linux-gnu/libmysqlclient.so.21.2.42)
==268755==    by 0x1ED98C: cpp_dbc::MySQL::MySQLDriver::MySQLDriver() (driver_mysql.cpp:797)
==268755==    by 0x163CB6: decltype (::new ((void*)(0)) cpp_dbc::MySQL::MySQLDriver()) std::construct_at<cpp_dbc::MySQL::MySQLDriver>(cpp_dbc::MySQL::MySQLDriver*) (stl_construct.h:97)
==268755==    by 0x163D03: void std::allocator_traits<std::allocator<cpp_dbc::MySQL::MySQLDriver> >::construct<cpp_dbc::MySQL::MySQLDriver>(std::allocator<cpp_dbc::MySQL::MySQLDriver>&, cpp_dbc::MySQL::MySQLDriver*) (alloc_traits.h:518)
==268755==    by 0x163861: std::_Sp_counted_ptr_inplace<cpp_dbc::MySQL::MySQLDriver, std::allocator<cpp_dbc::MySQL::MySQLDriver>, (__gnu_cxx::_Lock_policy)2>::_Sp_counted_ptr_inplace<>(std::allocator<cpp_dbc::MySQL::MySQLDriver>) (shared_ptr_base.h:519)
==268755== 
==268755== 24 bytes in 1 blocks are still reachable in loss record 577 of 2,004
==268755==    at 0x4848899: malloc (in /usr/libexec/valgrind/vgpreload_memcheck-amd64-linux.so)
==268755==    by 0x560C185: OPENSSL_LH_insert (in /usr/lib/x86_64-linux-gnu/libcrypto.so.3)
==268755==    by 0x562D0AA: OBJ_NAME_add (in /usr/lib/x86_64-linux-gnu/libcrypto.so.3)
==268755==    by 0x55FF684: EVP_add_cipher (in /usr/lib/x86_64-linux-gnu/libcrypto.so.3)
==268755==    by 0x561DBF1: ??? (in /usr/lib/x86_64-linux-gnu/libcrypto.so.3)
==268755==    by 0x522BEE7: __pthread_once_slow (pthread_once.c:116)
==268755==    by 0x5621C9C: CRYPTO_THREAD_run_once (in /usr/lib/x86_64-linux-gnu/libcrypto.so.3)
==268755==    by 0x561E9F0: OPENSSL_init_crypto (in /usr/lib/x86_64-linux-gnu/libcrypto.so.3)
==268755==    by 0x53EB9B6: OPENSSL_init_ssl (in /usr/lib/x86_64-linux-gnu/libssl.so.3)
==268755==    by 0x488FB29: mysql_server_init (in /usr/lib/x86_64-linux-gnu/libmysqlclient.so.21.2.42)
==268755==    by 0x1ED98C: cpp_dbc::MySQL::MySQLDriver::MySQLDriver() (driver_mysql.cpp:797)
==268755==    by 0x163CB6: decltype (::new ((void*)(0)) cpp_dbc::MySQL::MySQLDriver()) std::construct_at<cpp_dbc::MySQL::MySQLDriver>(cpp_dbc::MySQL::MySQLDriver*) (stl_construct.h:97)
==268755== 
==268755== 24 bytes in 1 blocks are still reachable in loss record 578 of 2,004
==268755==    at 0x4848899: malloc (in /usr/libexec/valgrind/vgpreload_memcheck-amd64-linux.so)
==268755==    by 0x562D068: OBJ_NAME_add (in /usr/lib/x86_64-linux-gnu/libcrypto.so.3)
==268755==    by 0x561DBF1: ??? (in /usr/lib/x86_64-linux-gnu/libcrypto.so.3)
==268755==    by 0x522BEE7: __pthread_once_slow (pthread_once.c:116)
==268755==    by 0x5621C9C: CRYPTO_THREAD_run_once (in /usr/lib/x86_64-linux-gnu/libcrypto.so.3)
==268755==    by 0x561E9F0: OPENSSL_init_crypto (in /usr/lib/x86_64-linux-gnu/libcrypto.so.3)
==268755==    by 0x53EB9B6: OPENSSL_init_ssl (in /usr/lib/x86_64-linux-gnu/libssl.so.3)
==268755==    by 0x488FB29: mysql_server_init (in /usr/lib/x86_64-linux-gnu/libmysqlclient.so.21.2.42)
==268755==    by 0x1ED98C: cpp_dbc::MySQL::MySQLDriver::MySQLDriver() (driver_mysql.cpp:797)
==268755==    by 0x163CB6: decltype (::new ((void*)(0)) cpp_dbc::MySQL::MySQLDriver()) std::construct_at<cpp_dbc::MySQL::MySQLDriver>(cpp_dbc::MySQL::MySQLDriver*) (stl_construct.h:97)
==268755==    by 0x163D03: void std::allocator_traits<std::allocator<cpp_dbc::MySQL::MySQLDriver> >::construct<cpp_dbc::MySQL::MySQLDriver>(std::allocator<cpp_dbc::MySQL::MySQLDriver>&, cpp_dbc::MySQL::MySQLDriver*) (alloc_traits.h:518)
==268755==    by 0x163861: std::_Sp_counted_ptr_inplace<cpp_dbc::MySQL::MySQLDriver, std::allocator<cpp_dbc::MySQL::MySQLDriver>, (__gnu_cxx::_Lock_policy)2>::_Sp_counted_ptr_inplace<>(std::allocator<cpp_dbc::MySQL::MySQLDriver>) (shared_ptr_base.h:519)
==268755== 
==268755== 24 bytes in 1 blocks are still reachable in loss record 579 of 2,004
==268755==    at 0x4848899: malloc (in /usr/libexec/valgrind/vgpreload_memcheck-amd64-linux.so)
==268755==    by 0x560C185: OPENSSL_LH_insert (in /usr/lib/x86_64-linux-gnu/libcrypto.so.3)
==268755==    by 0x562D0AA: OBJ_NAME_add (in /usr/lib/x86_64-linux-gnu/libcrypto.so.3)
==268755==    by 0x55FF684: EVP_add_cipher (in /usr/lib/x86_64-linux-gnu/libcrypto.so.3)
==268755==    by 0x561DBFE: ??? (in /usr/lib/x86_64-linux-gnu/libcrypto.so.3)
==268755==    by 0x522BEE7: __pthread_once_slow (pthread_once.c:116)
==268755==    by 0x5621C9C: CRYPTO_THREAD_run_once (in /usr/lib/x86_64-linux-gnu/libcrypto.so.3)
==268755==    by 0x561E9F0: OPENSSL_init_crypto (in /usr/lib/x86_64-linux-gnu/libcrypto.so.3)
==268755==    by 0x53EB9B6: OPENSSL_init_ssl (in /usr/lib/x86_64-linux-gnu/libssl.so.3)
==268755==    by 0x488FB29: mysql_server_init (in /usr/lib/x86_64-linux-gnu/libmysqlclient.so.21.2.42)
==268755==    by 0x1ED98C: cpp_dbc::MySQL::MySQLDriver::MySQLDriver() (driver_mysql.cpp:797)
==268755==    by 0x163CB6: decltype (::new ((void*)(0)) cpp_dbc::MySQL::MySQLDriver()) std::construct_at<cpp_dbc::MySQL::MySQLDriver>(cpp_dbc::MySQL::MySQLDriver*) (stl_construct.h:97)
==268755== 
==268755== 24 bytes in 1 blocks are still reachable in loss record 580 of 2,004
==268755==    at 0x4848899: malloc (in /usr/libexec/valgrind/vgpreload_memcheck-amd64-linux.so)
==268755==    by 0x562D068: OBJ_NAME_add (in /usr/lib/x86_64-linux-gnu/libcrypto.so.3)
==268755==    by 0x561DBFE: ??? (in /usr/lib/x86_64-linux-gnu/libcrypto.so.3)
==268755==    by 0x522BEE7: __pthread_once_slow (pthread_once.c:116)
==268755==    by 0x5621C9C: CRYPTO_THREAD_run_once (in /usr/lib/x86_64-linux-gnu/libcrypto.so.3)
==268755==    by 0x561E9F0: OPENSSL_init_crypto (in /usr/lib/x86_64-linux-gnu/libcrypto.so.3)
==268755==    by 0x53EB9B6: OPENSSL_init_ssl (in /usr/lib/x86_64-linux-gnu/libssl.so.3)
==268755==    by 0x488FB29: mysql_server_init (in /usr/lib/x86_64-linux-gnu/libmysqlclient.so.21.2.42)
==268755==    by 0x1ED98C: cpp_dbc::MySQL::MySQLDriver::MySQLDriver() (driver_mysql.cpp:797)
==268755==    by 0x163CB6: decltype (::new ((void*)(0)) cpp_dbc::MySQL::MySQLDriver()) std::construct_at<cpp_dbc::MySQL::MySQLDriver>(cpp_dbc::MySQL::MySQLDriver*) (stl_construct.h:97)
==268755==    by 0x163D03: void std::allocator_traits<std::allocator<cpp_dbc::MySQL::MySQLDriver> >::construct<cpp_dbc::MySQL::MySQLDriver>(std::allocator<cpp_dbc::MySQL::MySQLDriver>&, cpp_dbc::MySQL::MySQLDriver*) (alloc_traits.h:518)
==268755==    by 0x163861: std::_Sp_counted_ptr_inplace<cpp_dbc::MySQL::MySQLDriver, std::allocator<cpp_dbc::MySQL::MySQLDriver>, (__gnu_cxx::_Lock_policy)2>::_Sp_counted_ptr_inplace<>(std::allocator<cpp_dbc::MySQL::MySQLDriver>) (shared_ptr_base.h:519)
==268755== 
==268755== 24 bytes in 1 blocks are still reachable in loss record 581 of 2,004
==268755==    at 0x4848899: malloc (in /usr/libexec/valgrind/vgpreload_memcheck-amd64-linux.so)
==268755==    by 0x560C185: OPENSSL_LH_insert (in /usr/lib/x86_64-linux-gnu/libcrypto.so.3)
==268755==    by 0x562D0AA: OBJ_NAME_add (in /usr/lib/x86_64-linux-gnu/libcrypto.so.3)
==268755==    by 0x55FF684: EVP_add_cipher (in /usr/lib/x86_64-linux-gnu/libcrypto.so.3)
==268755==    by 0x561DC0B: ??? (in /usr/lib/x86_64-linux-gnu/libcrypto.so.3)
==268755==    by 0x522BEE7: __pthread_once_slow (pthread_once.c:116)
==268755==    by 0x5621C9C: CRYPTO_THREAD_run_once (in /usr/lib/x86_64-linux-gnu/libcrypto.so.3)
==268755==    by 0x561E9F0: OPENSSL_init_crypto (in /usr/lib/x86_64-linux-gnu/libcrypto.so.3)
==268755==    by 0x53EB9B6: OPENSSL_init_ssl (in /usr/lib/x86_64-linux-gnu/libssl.so.3)
==268755==    by 0x488FB29: mysql_server_init (in /usr/lib/x86_64-linux-gnu/libmysqlclient.so.21.2.42)
==268755==    by 0x1ED98C: cpp_dbc::MySQL::MySQLDriver::MySQLDriver() (driver_mysql.cpp:797)
==268755==    by 0x163CB6: decltype (::new ((void*)(0)) cpp_dbc::MySQL::MySQLDriver()) std::construct_at<cpp_dbc::MySQL::MySQLDriver>(cpp_dbc::MySQL::MySQLDriver*) (stl_construct.h:97)
==268755== 
==268755== 24 bytes in 1 blocks are still reachable in loss record 582 of 2,004
==268755==    at 0x4848899: malloc (in /usr/libexec/valgrind/vgpreload_memcheck-amd64-linux.so)
==268755==    by 0x562D068: OBJ_NAME_add (in /usr/lib/x86_64-linux-gnu/libcrypto.so.3)
==268755==    by 0x561DC0B: ??? (in /usr/lib/x86_64-linux-gnu/libcrypto.so.3)
==268755==    by 0x522BEE7: __pthread_once_slow (pthread_once.c:116)
==268755==    by 0x5621C9C: CRYPTO_THREAD_run_once (in /usr/lib/x86_64-linux-gnu/libcrypto.so.3)
==268755==    by 0x561E9F0: OPENSSL_init_crypto (in /usr/lib/x86_64-linux-gnu/libcrypto.so.3)
==268755==    by 0x53EB9B6: OPENSSL_init_ssl (in /usr/lib/x86_64-linux-gnu/libssl.so.3)
==268755==    by 0x488FB29: mysql_server_init (in /usr/lib/x86_64-linux-gnu/libmysqlclient.so.21.2.42)
==268755==    by 0x1ED98C: cpp_dbc::MySQL::MySQLDriver::MySQLDriver() (driver_mysql.cpp:797)
==268755==    by 0x163CB6: decltype (::new ((void*)(0)) cpp_dbc::MySQL::MySQLDriver()) std::construct_at<cpp_dbc::MySQL::MySQLDriver>(cpp_dbc::MySQL::MySQLDriver*) (stl_construct.h:97)
==268755==    by 0x163D03: void std::allocator_traits<std::allocator<cpp_dbc::MySQL::MySQLDriver> >::construct<cpp_dbc::MySQL::MySQLDriver>(std::allocator<cpp_dbc::MySQL::MySQLDriver>&, cpp_dbc::MySQL::MySQLDriver*) (alloc_traits.h:518)
==268755==    by 0x163861: std::_Sp_counted_ptr_inplace<cpp_dbc::MySQL::MySQLDriver, std::allocator<cpp_dbc::MySQL::MySQLDriver>, (__gnu_cxx::_Lock_policy)2>::_Sp_counted_ptr_inplace<>(std::allocator<cpp_dbc::MySQL::MySQLDriver>) (shared_ptr_base.h:519)
==268755== 
==268755== 24 bytes in 1 blocks are still reachable in loss record 583 of 2,004
==268755==    at 0x4848899: malloc (in /usr/libexec/valgrind/vgpreload_memcheck-amd64-linux.so)
==268755==    by 0x560C185: OPENSSL_LH_insert (in /usr/lib/x86_64-linux-gnu/libcrypto.so.3)
==268755==    by 0x562D0AA: OBJ_NAME_add (in /usr/lib/x86_64-linux-gnu/libcrypto.so.3)
==268755==    by 0x55FF684: EVP_add_cipher (in /usr/lib/x86_64-linux-gnu/libcrypto.so.3)
==268755==    by 0x561DC18: ??? (in /usr/lib/x86_64-linux-gnu/libcrypto.so.3)
==268755==    by 0x522BEE7: __pthread_once_slow (pthread_once.c:116)
==268755==    by 0x5621C9C: CRYPTO_THREAD_run_once (in /usr/lib/x86_64-linux-gnu/libcrypto.so.3)
==268755==    by 0x561E9F0: OPENSSL_init_crypto (in /usr/lib/x86_64-linux-gnu/libcrypto.so.3)
==268755==    by 0x53EB9B6: OPENSSL_init_ssl (in /usr/lib/x86_64-linux-gnu/libssl.so.3)
==268755==    by 0x488FB29: mysql_server_init (in /usr/lib/x86_64-linux-gnu/libmysqlclient.so.21.2.42)
==268755==    by 0x1ED98C: cpp_dbc::MySQL::MySQLDriver::MySQLDriver() (driver_mysql.cpp:797)
==268755==    by 0x163CB6: decltype (::new ((void*)(0)) cpp_dbc::MySQL::MySQLDriver()) std::construct_at<cpp_dbc::MySQL::MySQLDriver>(cpp_dbc::MySQL::MySQLDriver*) (stl_construct.h:97)
==268755== 
==268755== 24 bytes in 1 blocks are still reachable in loss record 584 of 2,004
==268755==    at 0x4848899: malloc (in /usr/libexec/valgrind/vgpreload_memcheck-amd64-linux.so)
==268755==    by 0x562D068: OBJ_NAME_add (in /usr/lib/x86_64-linux-gnu/libcrypto.so.3)
==268755==    by 0x561DC18: ??? (in /usr/lib/x86_64-linux-gnu/libcrypto.so.3)
==268755==    by 0x522BEE7: __pthread_once_slow (pthread_once.c:116)
==268755==    by 0x5621C9C: CRYPTO_THREAD_run_once (in /usr/lib/x86_64-linux-gnu/libcrypto.so.3)
==268755==    by 0x561E9F0: OPENSSL_init_crypto (in /usr/lib/x86_64-linux-gnu/libcrypto.so.3)
==268755==    by 0x53EB9B6: OPENSSL_init_ssl (in /usr/lib/x86_64-linux-gnu/libssl.so.3)
==268755==    by 0x488FB29: mysql_server_init (in /usr/lib/x86_64-linux-gnu/libmysqlclient.so.21.2.42)
==268755==    by 0x1ED98C: cpp_dbc::MySQL::MySQLDriver::MySQLDriver() (driver_mysql.cpp:797)
==268755==    by 0x163CB6: decltype (::new ((void*)(0)) cpp_dbc::MySQL::MySQLDriver()) std::construct_at<cpp_dbc::MySQL::MySQLDriver>(cpp_dbc::MySQL::MySQLDriver*) (stl_construct.h:97)
==268755==    by 0x163D03: void std::allocator_traits<std::allocator<cpp_dbc::MySQL::MySQLDriver> >::construct<cpp_dbc::MySQL::MySQLDriver>(std::allocator<cpp_dbc::MySQL::MySQLDriver>&, cpp_dbc::MySQL::MySQLDriver*) (alloc_traits.h:518)
==268755==    by 0x163861: std::_Sp_counted_ptr_inplace<cpp_dbc::MySQL::MySQLDriver, std::allocator<cpp_dbc::MySQL::MySQLDriver>, (__gnu_cxx::_Lock_policy)2>::_Sp_counted_ptr_inplace<>(std::allocator<cpp_dbc::MySQL::MySQLDriver>) (shared_ptr_base.h:519)
==268755== 
==268755== 24 bytes in 1 blocks are still reachable in loss record 585 of 2,004
==268755==    at 0x4848899: malloc (in /usr/libexec/valgrind/vgpreload_memcheck-amd64-linux.so)
==268755==    by 0x560C185: OPENSSL_LH_insert (in /usr/lib/x86_64-linux-gnu/libcrypto.so.3)
==268755==    by 0x562D0AA: OBJ_NAME_add (in /usr/lib/x86_64-linux-gnu/libcrypto.so.3)
==268755==    by 0x55FF684: EVP_add_cipher (in /usr/lib/x86_64-linux-gnu/libcrypto.so.3)
==268755==    by 0x561DC25: ??? (in /usr/lib/x86_64-linux-gnu/libcrypto.so.3)
==268755==    by 0x522BEE7: __pthread_once_slow (pthread_once.c:116)
==268755==    by 0x5621C9C: CRYPTO_THREAD_run_once (in /usr/lib/x86_64-linux-gnu/libcrypto.so.3)
==268755==    by 0x561E9F0: OPENSSL_init_crypto (in /usr/lib/x86_64-linux-gnu/libcrypto.so.3)
==268755==    by 0x53EB9B6: OPENSSL_init_ssl (in /usr/lib/x86_64-linux-gnu/libssl.so.3)
==268755==    by 0x488FB29: mysql_server_init (in /usr/lib/x86_64-linux-gnu/libmysqlclient.so.21.2.42)
==268755==    by 0x1ED98C: cpp_dbc::MySQL::MySQLDriver::MySQLDriver() (driver_mysql.cpp:797)
==268755==    by 0x163CB6: decltype (::new ((void*)(0)) cpp_dbc::MySQL::MySQLDriver()) std::construct_at<cpp_dbc::MySQL::MySQLDriver>(cpp_dbc::MySQL::MySQLDriver*) (stl_construct.h:97)
==268755== 
==268755== 24 bytes in 1 blocks are still reachable in loss record 586 of 2,004
==268755==    at 0x4848899: malloc (in /usr/libexec/valgrind/vgpreload_memcheck-amd64-linux.so)
==268755==    by 0x562D068: OBJ_NAME_add (in /usr/lib/x86_64-linux-gnu/libcrypto.so.3)
==268755==    by 0x561DC25: ??? (in /usr/lib/x86_64-linux-gnu/libcrypto.so.3)
==268755==    by 0x522BEE7: __pthread_once_slow (pthread_once.c:116)
==268755==    by 0x5621C9C: CRYPTO_THREAD_run_once (in /usr/lib/x86_64-linux-gnu/libcrypto.so.3)
==268755==    by 0x561E9F0: OPENSSL_init_crypto (in /usr/lib/x86_64-linux-gnu/libcrypto.so.3)
==268755==    by 0x53EB9B6: OPENSSL_init_ssl (in /usr/lib/x86_64-linux-gnu/libssl.so.3)
==268755==    by 0x488FB29: mysql_server_init (in /usr/lib/x86_64-linux-gnu/libmysqlclient.so.21.2.42)
==268755==    by 0x1ED98C: cpp_dbc::MySQL::MySQLDriver::MySQLDriver() (driver_mysql.cpp:797)
==268755==    by 0x163CB6: decltype (::new ((void*)(0)) cpp_dbc::MySQL::MySQLDriver()) std::construct_at<cpp_dbc::MySQL::MySQLDriver>(cpp_dbc::MySQL::MySQLDriver*) (stl_construct.h:97)
==268755==    by 0x163D03: void std::allocator_traits<std::allocator<cpp_dbc::MySQL::MySQLDriver> >::construct<cpp_dbc::MySQL::MySQLDriver>(std::allocator<cpp_dbc::MySQL::MySQLDriver>&, cpp_dbc::MySQL::MySQLDriver*) (alloc_traits.h:518)
==268755==    by 0x163861: std::_Sp_counted_ptr_inplace<cpp_dbc::MySQL::MySQLDriver, std::allocator<cpp_dbc::MySQL::MySQLDriver>, (__gnu_cxx::_Lock_policy)2>::_Sp_counted_ptr_inplace<>(std::allocator<cpp_dbc::MySQL::MySQLDriver>) (shared_ptr_base.h:519)
==268755== 
==268755== 24 bytes in 1 blocks are still reachable in loss record 587 of 2,004
==268755==    at 0x4848899: malloc (in /usr/libexec/valgrind/vgpreload_memcheck-amd64-linux.so)
==268755==    by 0x560C185: OPENSSL_LH_insert (in /usr/lib/x86_64-linux-gnu/libcrypto.so.3)
==268755==    by 0x562D0AA: OBJ_NAME_add (in /usr/lib/x86_64-linux-gnu/libcrypto.so.3)
==268755==    by 0x55FF684: EVP_add_cipher (in /usr/lib/x86_64-linux-gnu/libcrypto.so.3)
==268755==    by 0x561DC32: ??? (in /usr/lib/x86_64-linux-gnu/libcrypto.so.3)
==268755==    by 0x522BEE7: __pthread_once_slow (pthread_once.c:116)
==268755==    by 0x5621C9C: CRYPTO_THREAD_run_once (in /usr/lib/x86_64-linux-gnu/libcrypto.so.3)
==268755==    by 0x561E9F0: OPENSSL_init_crypto (in /usr/lib/x86_64-linux-gnu/libcrypto.so.3)
==268755==    by 0x53EB9B6: OPENSSL_init_ssl (in /usr/lib/x86_64-linux-gnu/libssl.so.3)
==268755==    by 0x488FB29: mysql_server_init (in /usr/lib/x86_64-linux-gnu/libmysqlclient.so.21.2.42)
==268755==    by 0x1ED98C: cpp_dbc::MySQL::MySQLDriver::MySQLDriver() (driver_mysql.cpp:797)
==268755==    by 0x163CB6: decltype (::new ((void*)(0)) cpp_dbc::MySQL::MySQLDriver()) std::construct_at<cpp_dbc::MySQL::MySQLDriver>(cpp_dbc::MySQL::MySQLDriver*) (stl_construct.h:97)
==268755== 
==268755== 24 bytes in 1 blocks are still reachable in loss record 588 of 2,004
==268755==    at 0x4848899: malloc (in /usr/libexec/valgrind/vgpreload_memcheck-amd64-linux.so)
==268755==    by 0x562D068: OBJ_NAME_add (in /usr/lib/x86_64-linux-gnu/libcrypto.so.3)
==268755==    by 0x561DC32: ??? (in /usr/lib/x86_64-linux-gnu/libcrypto.so.3)
==268755==    by 0x522BEE7: __pthread_once_slow (pthread_once.c:116)
==268755==    by 0x5621C9C: CRYPTO_THREAD_run_once (in /usr/lib/x86_64-linux-gnu/libcrypto.so.3)
==268755==    by 0x561E9F0: OPENSSL_init_crypto (in /usr/lib/x86_64-linux-gnu/libcrypto.so.3)
==268755==    by 0x53EB9B6: OPENSSL_init_ssl (in /usr/lib/x86_64-linux-gnu/libssl.so.3)
==268755==    by 0x488FB29: mysql_server_init (in /usr/lib/x86_64-linux-gnu/libmysqlclient.so.21.2.42)
==268755==    by 0x1ED98C: cpp_dbc::MySQL::MySQLDriver::MySQLDriver() (driver_mysql.cpp:797)
==268755==    by 0x163CB6: decltype (::new ((void*)(0)) cpp_dbc::MySQL::MySQLDriver()) std::construct_at<cpp_dbc::MySQL::MySQLDriver>(cpp_dbc::MySQL::MySQLDriver*) (stl_construct.h:97)
==268755==    by 0x163D03: void std::allocator_traits<std::allocator<cpp_dbc::MySQL::MySQLDriver> >::construct<cpp_dbc::MySQL::MySQLDriver>(std::allocator<cpp_dbc::MySQL::MySQLDriver>&, cpp_dbc::MySQL::MySQLDriver*) (alloc_traits.h:518)
==268755==    by 0x163861: std::_Sp_counted_ptr_inplace<cpp_dbc::MySQL::MySQLDriver, std::allocator<cpp_dbc::MySQL::MySQLDriver>, (__gnu_cxx::_Lock_policy)2>::_Sp_counted_ptr_inplace<>(std::allocator<cpp_dbc::MySQL::MySQLDriver>) (shared_ptr_base.h:519)
==268755== 
==268755== 24 bytes in 1 blocks are still reachable in loss record 589 of 2,004
==268755==    at 0x4848899: malloc (in /usr/libexec/valgrind/vgpreload_memcheck-amd64-linux.so)
==268755==    by 0x560C185: OPENSSL_LH_insert (in /usr/lib/x86_64-linux-gnu/libcrypto.so.3)
==268755==    by 0x562D0AA: OBJ_NAME_add (in /usr/lib/x86_64-linux-gnu/libcrypto.so.3)
==268755==    by 0x561DC46: ??? (in /usr/lib/x86_64-linux-gnu/libcrypto.so.3)
==268755==    by 0x522BEE7: __pthread_once_slow (pthread_once.c:116)
==268755==    by 0x5621C9C: CRYPTO_THREAD_run_once (in /usr/lib/x86_64-linux-gnu/libcrypto.so.3)
==268755==    by 0x561E9F0: OPENSSL_init_crypto (in /usr/lib/x86_64-linux-gnu/libcrypto.so.3)
==268755==    by 0x53EB9B6: OPENSSL_init_ssl (in /usr/lib/x86_64-linux-gnu/libssl.so.3)
==268755==    by 0x488FB29: mysql_server_init (in /usr/lib/x86_64-linux-gnu/libmysqlclient.so.21.2.42)
==268755==    by 0x1ED98C: cpp_dbc::MySQL::MySQLDriver::MySQLDriver() (driver_mysql.cpp:797)
==268755==    by 0x163CB6: decltype (::new ((void*)(0)) cpp_dbc::MySQL::MySQLDriver()) std::construct_at<cpp_dbc::MySQL::MySQLDriver>(cpp_dbc::MySQL::MySQLDriver*) (stl_construct.h:97)
==268755==    by 0x163D03: void std::allocator_traits<std::allocator<cpp_dbc::MySQL::MySQLDriver> >::construct<cpp_dbc::MySQL::MySQLDriver>(std::allocator<cpp_dbc::MySQL::MySQLDriver>&, cpp_dbc::MySQL::MySQLDriver*) (alloc_traits.h:518)
==268755== 
==268755== 24 bytes in 1 blocks are still reachable in loss record 590 of 2,004
==268755==    at 0x4848899: malloc (in /usr/libexec/valgrind/vgpreload_memcheck-amd64-linux.so)
==268755==    by 0x562D068: OBJ_NAME_add (in /usr/lib/x86_64-linux-gnu/libcrypto.so.3)
==268755==    by 0x561DC5A: ??? (in /usr/lib/x86_64-linux-gnu/libcrypto.so.3)
==268755==    by 0x522BEE7: __pthread_once_slow (pthread_once.c:116)
==268755==    by 0x5621C9C: CRYPTO_THREAD_run_once (in /usr/lib/x86_64-linux-gnu/libcrypto.so.3)
==268755==    by 0x561E9F0: OPENSSL_init_crypto (in /usr/lib/x86_64-linux-gnu/libcrypto.so.3)
==268755==    by 0x53EB9B6: OPENSSL_init_ssl (in /usr/lib/x86_64-linux-gnu/libssl.so.3)
==268755==    by 0x488FB29: mysql_server_init (in /usr/lib/x86_64-linux-gnu/libmysqlclient.so.21.2.42)
==268755==    by 0x1ED98C: cpp_dbc::MySQL::MySQLDriver::MySQLDriver() (driver_mysql.cpp:797)
==268755==    by 0x163CB6: decltype (::new ((void*)(0)) cpp_dbc::MySQL::MySQLDriver()) std::construct_at<cpp_dbc::MySQL::MySQLDriver>(cpp_dbc::MySQL::MySQLDriver*) (stl_construct.h:97)
==268755==    by 0x163D03: void std::allocator_traits<std::allocator<cpp_dbc::MySQL::MySQLDriver> >::construct<cpp_dbc::MySQL::MySQLDriver>(std::allocator<cpp_dbc::MySQL::MySQLDriver>&, cpp_dbc::MySQL::MySQLDriver*) (alloc_traits.h:518)
==268755==    by 0x163861: std::_Sp_counted_ptr_inplace<cpp_dbc::MySQL::MySQLDriver, std::allocator<cpp_dbc::MySQL::MySQLDriver>, (__gnu_cxx::_Lock_policy)2>::_Sp_counted_ptr_inplace<>(std::allocator<cpp_dbc::MySQL::MySQLDriver>) (shared_ptr_base.h:519)
==268755== 
==268755== 24 bytes in 1 blocks are still reachable in loss record 591 of 2,004
==268755==    at 0x4848899: malloc (in /usr/libexec/valgrind/vgpreload_memcheck-amd64-linux.so)
==268755==    by 0x560C185: OPENSSL_LH_insert (in /usr/lib/x86_64-linux-gnu/libcrypto.so.3)
==268755==    by 0x562D0AA: OBJ_NAME_add (in /usr/lib/x86_64-linux-gnu/libcrypto.so.3)
==268755==    by 0x55FF684: EVP_add_cipher (in /usr/lib/x86_64-linux-gnu/libcrypto.so.3)
==268755==    by 0x561DC6E: ??? (in /usr/lib/x86_64-linux-gnu/libcrypto.so.3)
==268755==    by 0x522BEE7: __pthread_once_slow (pthread_once.c:116)
==268755==    by 0x5621C9C: CRYPTO_THREAD_run_once (in /usr/lib/x86_64-linux-gnu/libcrypto.so.3)
==268755==    by 0x561E9F0: OPENSSL_init_crypto (in /usr/lib/x86_64-linux-gnu/libcrypto.so.3)
==268755==    by 0x53EB9B6: OPENSSL_init_ssl (in /usr/lib/x86_64-linux-gnu/libssl.so.3)
==268755==    by 0x488FB29: mysql_server_init (in /usr/lib/x86_64-linux-gnu/libmysqlclient.so.21.2.42)
==268755==    by 0x1ED98C: cpp_dbc::MySQL::MySQLDriver::MySQLDriver() (driver_mysql.cpp:797)
==268755==    by 0x163CB6: decltype (::new ((void*)(0)) cpp_dbc::MySQL::MySQLDriver()) std::construct_at<cpp_dbc::MySQL::MySQLDriver>(cpp_dbc::MySQL::MySQLDriver*) (stl_construct.h:97)
==268755== 
==268755== 24 bytes in 1 blocks are still reachable in loss record 592 of 2,004
==268755==    at 0x4848899: malloc (in /usr/libexec/valgrind/vgpreload_memcheck-amd64-linux.so)
==268755==    by 0x562D068: OBJ_NAME_add (in /usr/lib/x86_64-linux-gnu/libcrypto.so.3)
==268755==    by 0x561DC6E: ??? (in /usr/lib/x86_64-linux-gnu/libcrypto.so.3)
==268755==    by 0x522BEE7: __pthread_once_slow (pthread_once.c:116)
==268755==    by 0x5621C9C: CRYPTO_THREAD_run_once (in /usr/lib/x86_64-linux-gnu/libcrypto.so.3)
==268755==    by 0x561E9F0: OPENSSL_init_crypto (in /usr/lib/x86_64-linux-gnu/libcrypto.so.3)
==268755==    by 0x53EB9B6: OPENSSL_init_ssl (in /usr/lib/x86_64-linux-gnu/libssl.so.3)
==268755==    by 0x488FB29: mysql_server_init (in /usr/lib/x86_64-linux-gnu/libmysqlclient.so.21.2.42)
==268755==    by 0x1ED98C: cpp_dbc::MySQL::MySQLDriver::MySQLDriver() (driver_mysql.cpp:797)
==268755==    by 0x163CB6: decltype (::new ((void*)(0)) cpp_dbc::MySQL::MySQLDriver()) std::construct_at<cpp_dbc::MySQL::MySQLDriver>(cpp_dbc::MySQL::MySQLDriver*) (stl_construct.h:97)
==268755==    by 0x163D03: void std::allocator_traits<std::allocator<cpp_dbc::MySQL::MySQLDriver> >::construct<cpp_dbc::MySQL::MySQLDriver>(std::allocator<cpp_dbc::MySQL::MySQLDriver>&, cpp_dbc::MySQL::MySQLDriver*) (alloc_traits.h:518)
==268755==    by 0x163861: std::_Sp_counted_ptr_inplace<cpp_dbc::MySQL::MySQLDriver, std::allocator<cpp_dbc::MySQL::MySQLDriver>, (__gnu_cxx::_Lock_policy)2>::_Sp_counted_ptr_inplace<>(std::allocator<cpp_dbc::MySQL::MySQLDriver>) (shared_ptr_base.h:519)
==268755== 
==268755== 24 bytes in 1 blocks are still reachable in loss record 593 of 2,004
==268755==    at 0x4848899: malloc (in /usr/libexec/valgrind/vgpreload_memcheck-amd64-linux.so)
==268755==    by 0x560C185: OPENSSL_LH_insert (in /usr/lib/x86_64-linux-gnu/libcrypto.so.3)
==268755==    by 0x562D0AA: OBJ_NAME_add (in /usr/lib/x86_64-linux-gnu/libcrypto.so.3)
==268755==    by 0x55FF684: EVP_add_cipher (in /usr/lib/x86_64-linux-gnu/libcrypto.so.3)
==268755==    by 0x561DC7B: ??? (in /usr/lib/x86_64-linux-gnu/libcrypto.so.3)
==268755==    by 0x522BEE7: __pthread_once_slow (pthread_once.c:116)
==268755==    by 0x5621C9C: CRYPTO_THREAD_run_once (in /usr/lib/x86_64-linux-gnu/libcrypto.so.3)
==268755==    by 0x561E9F0: OPENSSL_init_crypto (in /usr/lib/x86_64-linux-gnu/libcrypto.so.3)
==268755==    by 0x53EB9B6: OPENSSL_init_ssl (in /usr/lib/x86_64-linux-gnu/libssl.so.3)
==268755==    by 0x488FB29: mysql_server_init (in /usr/lib/x86_64-linux-gnu/libmysqlclient.so.21.2.42)
==268755==    by 0x1ED98C: cpp_dbc::MySQL::MySQLDriver::MySQLDriver() (driver_mysql.cpp:797)
==268755==    by 0x163CB6: decltype (::new ((void*)(0)) cpp_dbc::MySQL::MySQLDriver()) std::construct_at<cpp_dbc::MySQL::MySQLDriver>(cpp_dbc::MySQL::MySQLDriver*) (stl_construct.h:97)
==268755== 
==268755== 24 bytes in 1 blocks are still reachable in loss record 594 of 2,004
==268755==    at 0x4848899: malloc (in /usr/libexec/valgrind/vgpreload_memcheck-amd64-linux.so)
==268755==    by 0x562D068: OBJ_NAME_add (in /usr/lib/x86_64-linux-gnu/libcrypto.so.3)
==268755==    by 0x561DC7B: ??? (in /usr/lib/x86_64-linux-gnu/libcrypto.so.3)
==268755==    by 0x522BEE7: __pthread_once_slow (pthread_once.c:116)
==268755==    by 0x5621C9C: CRYPTO_THREAD_run_once (in /usr/lib/x86_64-linux-gnu/libcrypto.so.3)
==268755==    by 0x561E9F0: OPENSSL_init_crypto (in /usr/lib/x86_64-linux-gnu/libcrypto.so.3)
==268755==    by 0x53EB9B6: OPENSSL_init_ssl (in /usr/lib/x86_64-linux-gnu/libssl.so.3)
==268755==    by 0x488FB29: mysql_server_init (in /usr/lib/x86_64-linux-gnu/libmysqlclient.so.21.2.42)
==268755==    by 0x1ED98C: cpp_dbc::MySQL::MySQLDriver::MySQLDriver() (driver_mysql.cpp:797)
==268755==    by 0x163CB6: decltype (::new ((void*)(0)) cpp_dbc::MySQL::MySQLDriver()) std::construct_at<cpp_dbc::MySQL::MySQLDriver>(cpp_dbc::MySQL::MySQLDriver*) (stl_construct.h:97)
==268755==    by 0x163D03: void std::allocator_traits<std::allocator<cpp_dbc::MySQL::MySQLDriver> >::construct<cpp_dbc::MySQL::MySQLDriver>(std::allocator<cpp_dbc::MySQL::MySQLDriver>&, cpp_dbc::MySQL::MySQLDriver*) (alloc_traits.h:518)
==268755==    by 0x163861: std::_Sp_counted_ptr_inplace<cpp_dbc::MySQL::MySQLDriver, std::allocator<cpp_dbc::MySQL::MySQLDriver>, (__gnu_cxx::_Lock_policy)2>::_Sp_counted_ptr_inplace<>(std::allocator<cpp_dbc::MySQL::MySQLDriver>) (shared_ptr_base.h:519)
==268755== 
==268755== 24 bytes in 1 blocks are still reachable in loss record 595 of 2,004
==268755==    at 0x4848899: malloc (in /usr/libexec/valgrind/vgpreload_memcheck-amd64-linux.so)
==268755==    by 0x560C185: OPENSSL_LH_insert (in /usr/lib/x86_64-linux-gnu/libcrypto.so.3)
==268755==    by 0x562D0AA: OBJ_NAME_add (in /usr/lib/x86_64-linux-gnu/libcrypto.so.3)
==268755==    by 0x55FF684: EVP_add_cipher (in /usr/lib/x86_64-linux-gnu/libcrypto.so.3)
==268755==    by 0x561DC88: ??? (in /usr/lib/x86_64-linux-gnu/libcrypto.so.3)
==268755==    by 0x522BEE7: __pthread_once_slow (pthread_once.c:116)
==268755==    by 0x5621C9C: CRYPTO_THREAD_run_once (in /usr/lib/x86_64-linux-gnu/libcrypto.so.3)
==268755==    by 0x561E9F0: OPENSSL_init_crypto (in /usr/lib/x86_64-linux-gnu/libcrypto.so.3)
==268755==    by 0x53EB9B6: OPENSSL_init_ssl (in /usr/lib/x86_64-linux-gnu/libssl.so.3)
==268755==    by 0x488FB29: mysql_server_init (in /usr/lib/x86_64-linux-gnu/libmysqlclient.so.21.2.42)
==268755==    by 0x1ED98C: cpp_dbc::MySQL::MySQLDriver::MySQLDriver() (driver_mysql.cpp:797)
==268755==    by 0x163CB6: decltype (::new ((void*)(0)) cpp_dbc::MySQL::MySQLDriver()) std::construct_at<cpp_dbc::MySQL::MySQLDriver>(cpp_dbc::MySQL::MySQLDriver*) (stl_construct.h:97)
==268755== 
==268755== 24 bytes in 1 blocks are still reachable in loss record 596 of 2,004
==268755==    at 0x4848899: malloc (in /usr/libexec/valgrind/vgpreload_memcheck-amd64-linux.so)
==268755==    by 0x562D068: OBJ_NAME_add (in /usr/lib/x86_64-linux-gnu/libcrypto.so.3)
==268755==    by 0x561DC88: ??? (in /usr/lib/x86_64-linux-gnu/libcrypto.so.3)
==268755==    by 0x522BEE7: __pthread_once_slow (pthread_once.c:116)
==268755==    by 0x5621C9C: CRYPTO_THREAD_run_once (in /usr/lib/x86_64-linux-gnu/libcrypto.so.3)
==268755==    by 0x561E9F0: OPENSSL_init_crypto (in /usr/lib/x86_64-linux-gnu/libcrypto.so.3)
==268755==    by 0x53EB9B6: OPENSSL_init_ssl (in /usr/lib/x86_64-linux-gnu/libssl.so.3)
==268755==    by 0x488FB29: mysql_server_init (in /usr/lib/x86_64-linux-gnu/libmysqlclient.so.21.2.42)
==268755==    by 0x1ED98C: cpp_dbc::MySQL::MySQLDriver::MySQLDriver() (driver_mysql.cpp:797)
==268755==    by 0x163CB6: decltype (::new ((void*)(0)) cpp_dbc::MySQL::MySQLDriver()) std::construct_at<cpp_dbc::MySQL::MySQLDriver>(cpp_dbc::MySQL::MySQLDriver*) (stl_construct.h:97)
==268755==    by 0x163D03: void std::allocator_traits<std::allocator<cpp_dbc::MySQL::MySQLDriver> >::construct<cpp_dbc::MySQL::MySQLDriver>(std::allocator<cpp_dbc::MySQL::MySQLDriver>&, cpp_dbc::MySQL::MySQLDriver*) (alloc_traits.h:518)
==268755==    by 0x163861: std::_Sp_counted_ptr_inplace<cpp_dbc::MySQL::MySQLDriver, std::allocator<cpp_dbc::MySQL::MySQLDriver>, (__gnu_cxx::_Lock_policy)2>::_Sp_counted_ptr_inplace<>(std::allocator<cpp_dbc::MySQL::MySQLDriver>) (shared_ptr_base.h:519)
==268755== 
==268755== 24 bytes in 1 blocks are still reachable in loss record 597 of 2,004
==268755==    at 0x4848899: malloc (in /usr/libexec/valgrind/vgpreload_memcheck-amd64-linux.so)
==268755==    by 0x560C185: OPENSSL_LH_insert (in /usr/lib/x86_64-linux-gnu/libcrypto.so.3)
==268755==    by 0x562D0AA: OBJ_NAME_add (in /usr/lib/x86_64-linux-gnu/libcrypto.so.3)
==268755==    by 0x55FF684: EVP_add_cipher (in /usr/lib/x86_64-linux-gnu/libcrypto.so.3)
==268755==    by 0x561DC95: ??? (in /usr/lib/x86_64-linux-gnu/libcrypto.so.3)
==268755==    by 0x522BEE7: __pthread_once_slow (pthread_once.c:116)
==268755==    by 0x5621C9C: CRYPTO_THREAD_run_once (in /usr/lib/x86_64-linux-gnu/libcrypto.so.3)
==268755==    by 0x561E9F0: OPENSSL_init_crypto (in /usr/lib/x86_64-linux-gnu/libcrypto.so.3)
==268755==    by 0x53EB9B6: OPENSSL_init_ssl (in /usr/lib/x86_64-linux-gnu/libssl.so.3)
==268755==    by 0x488FB29: mysql_server_init (in /usr/lib/x86_64-linux-gnu/libmysqlclient.so.21.2.42)
==268755==    by 0x1ED98C: cpp_dbc::MySQL::MySQLDriver::MySQLDriver() (driver_mysql.cpp:797)
==268755==    by 0x163CB6: decltype (::new ((void*)(0)) cpp_dbc::MySQL::MySQLDriver()) std::construct_at<cpp_dbc::MySQL::MySQLDriver>(cpp_dbc::MySQL::MySQLDriver*) (stl_construct.h:97)
==268755== 
==268755== 24 bytes in 1 blocks are still reachable in loss record 598 of 2,004
==268755==    at 0x4848899: malloc (in /usr/libexec/valgrind/vgpreload_memcheck-amd64-linux.so)
==268755==    by 0x562D068: OBJ_NAME_add (in /usr/lib/x86_64-linux-gnu/libcrypto.so.3)
==268755==    by 0x561DC95: ??? (in /usr/lib/x86_64-linux-gnu/libcrypto.so.3)
==268755==    by 0x522BEE7: __pthread_once_slow (pthread_once.c:116)
==268755==    by 0x5621C9C: CRYPTO_THREAD_run_once (in /usr/lib/x86_64-linux-gnu/libcrypto.so.3)
==268755==    by 0x561E9F0: OPENSSL_init_crypto (in /usr/lib/x86_64-linux-gnu/libcrypto.so.3)
==268755==    by 0x53EB9B6: OPENSSL_init_ssl (in /usr/lib/x86_64-linux-gnu/libssl.so.3)
==268755==    by 0x488FB29: mysql_server_init (in /usr/lib/x86_64-linux-gnu/libmysqlclient.so.21.2.42)
==268755==    by 0x1ED98C: cpp_dbc::MySQL::MySQLDriver::MySQLDriver() (driver_mysql.cpp:797)
==268755==    by 0x163CB6: decltype (::new ((void*)(0)) cpp_dbc::MySQL::MySQLDriver()) std::construct_at<cpp_dbc::MySQL::MySQLDriver>(cpp_dbc::MySQL::MySQLDriver*) (stl_construct.h:97)
==268755==    by 0x163D03: void std::allocator_traits<std::allocator<cpp_dbc::MySQL::MySQLDriver> >::construct<cpp_dbc::MySQL::MySQLDriver>(std::allocator<cpp_dbc::MySQL::MySQLDriver>&, cpp_dbc::MySQL::MySQLDriver*) (alloc_traits.h:518)
==268755==    by 0x163861: std::_Sp_counted_ptr_inplace<cpp_dbc::MySQL::MySQLDriver, std::allocator<cpp_dbc::MySQL::MySQLDriver>, (__gnu_cxx::_Lock_policy)2>::_Sp_counted_ptr_inplace<>(std::allocator<cpp_dbc::MySQL::MySQLDriver>) (shared_ptr_base.h:519)
==268755== 
==268755== 24 bytes in 1 blocks are still reachable in loss record 599 of 2,004
==268755==    at 0x4848899: malloc (in /usr/libexec/valgrind/vgpreload_memcheck-amd64-linux.so)
==268755==    by 0x560C185: OPENSSL_LH_insert (in /usr/lib/x86_64-linux-gnu/libcrypto.so.3)
==268755==    by 0x562D0AA: OBJ_NAME_add (in /usr/lib/x86_64-linux-gnu/libcrypto.so.3)
==268755==    by 0x55FF684: EVP_add_cipher (in /usr/lib/x86_64-linux-gnu/libcrypto.so.3)
==268755==    by 0x561DCA2: ??? (in /usr/lib/x86_64-linux-gnu/libcrypto.so.3)
==268755==    by 0x522BEE7: __pthread_once_slow (pthread_once.c:116)
==268755==    by 0x5621C9C: CRYPTO_THREAD_run_once (in /usr/lib/x86_64-linux-gnu/libcrypto.so.3)
==268755==    by 0x561E9F0: OPENSSL_init_crypto (in /usr/lib/x86_64-linux-gnu/libcrypto.so.3)
==268755==    by 0x53EB9B6: OPENSSL_init_ssl (in /usr/lib/x86_64-linux-gnu/libssl.so.3)
==268755==    by 0x488FB29: mysql_server_init (in /usr/lib/x86_64-linux-gnu/libmysqlclient.so.21.2.42)
==268755==    by 0x1ED98C: cpp_dbc::MySQL::MySQLDriver::MySQLDriver() (driver_mysql.cpp:797)
==268755==    by 0x163CB6: decltype (::new ((void*)(0)) cpp_dbc::MySQL::MySQLDriver()) std::construct_at<cpp_dbc::MySQL::MySQLDriver>(cpp_dbc::MySQL::MySQLDriver*) (stl_construct.h:97)
==268755== 
==268755== 24 bytes in 1 blocks are still reachable in loss record 600 of 2,004
==268755==    at 0x4848899: malloc (in /usr/libexec/valgrind/vgpreload_memcheck-amd64-linux.so)
==268755==    by 0x562D068: OBJ_NAME_add (in /usr/lib/x86_64-linux-gnu/libcrypto.so.3)
==268755==    by 0x561DCA2: ??? (in /usr/lib/x86_64-linux-gnu/libcrypto.so.3)
==268755==    by 0x522BEE7: __pthread_once_slow (pthread_once.c:116)
==268755==    by 0x5621C9C: CRYPTO_THREAD_run_once (in /usr/lib/x86_64-linux-gnu/libcrypto.so.3)
==268755==    by 0x561E9F0: OPENSSL_init_crypto (in /usr/lib/x86_64-linux-gnu/libcrypto.so.3)
==268755==    by 0x53EB9B6: OPENSSL_init_ssl (in /usr/lib/x86_64-linux-gnu/libssl.so.3)
==268755==    by 0x488FB29: mysql_server_init (in /usr/lib/x86_64-linux-gnu/libmysqlclient.so.21.2.42)
==268755==    by 0x1ED98C: cpp_dbc::MySQL::MySQLDriver::MySQLDriver() (driver_mysql.cpp:797)
==268755==    by 0x163CB6: decltype (::new ((void*)(0)) cpp_dbc::MySQL::MySQLDriver()) std::construct_at<cpp_dbc::MySQL::MySQLDriver>(cpp_dbc::MySQL::MySQLDriver*) (stl_construct.h:97)
==268755==    by 0x163D03: void std::allocator_traits<std::allocator<cpp_dbc::MySQL::MySQLDriver> >::construct<cpp_dbc::MySQL::MySQLDriver>(std::allocator<cpp_dbc::MySQL::MySQLDriver>&, cpp_dbc::MySQL::MySQLDriver*) (alloc_traits.h:518)
==268755==    by 0x163861: std::_Sp_counted_ptr_inplace<cpp_dbc::MySQL::MySQLDriver, std::allocator<cpp_dbc::MySQL::MySQLDriver>, (__gnu_cxx::_Lock_policy)2>::_Sp_counted_ptr_inplace<>(std::allocator<cpp_dbc::MySQL::MySQLDriver>) (shared_ptr_base.h:519)
==268755== 
==268755== 24 bytes in 1 blocks are still reachable in loss record 601 of 2,004
==268755==    at 0x4848899: malloc (in /usr/libexec/valgrind/vgpreload_memcheck-amd64-linux.so)
==268755==    by 0x560C185: OPENSSL_LH_insert (in /usr/lib/x86_64-linux-gnu/libcrypto.so.3)
==268755==    by 0x562D0AA: OBJ_NAME_add (in /usr/lib/x86_64-linux-gnu/libcrypto.so.3)
==268755==    by 0x55FF684: EVP_add_cipher (in /usr/lib/x86_64-linux-gnu/libcrypto.so.3)
==268755==    by 0x561DCAF: ??? (in /usr/lib/x86_64-linux-gnu/libcrypto.so.3)
==268755==    by 0x522BEE7: __pthread_once_slow (pthread_once.c:116)
==268755==    by 0x5621C9C: CRYPTO_THREAD_run_once (in /usr/lib/x86_64-linux-gnu/libcrypto.so.3)
==268755==    by 0x561E9F0: OPENSSL_init_crypto (in /usr/lib/x86_64-linux-gnu/libcrypto.so.3)
==268755==    by 0x53EB9B6: OPENSSL_init_ssl (in /usr/lib/x86_64-linux-gnu/libssl.so.3)
==268755==    by 0x488FB29: mysql_server_init (in /usr/lib/x86_64-linux-gnu/libmysqlclient.so.21.2.42)
==268755==    by 0x1ED98C: cpp_dbc::MySQL::MySQLDriver::MySQLDriver() (driver_mysql.cpp:797)
==268755==    by 0x163CB6: decltype (::new ((void*)(0)) cpp_dbc::MySQL::MySQLDriver()) std::construct_at<cpp_dbc::MySQL::MySQLDriver>(cpp_dbc::MySQL::MySQLDriver*) (stl_construct.h:97)
==268755== 
==268755== 24 bytes in 1 blocks are still reachable in loss record 602 of 2,004
==268755==    at 0x4848899: malloc (in /usr/libexec/valgrind/vgpreload_memcheck-amd64-linux.so)
==268755==    by 0x562D068: OBJ_NAME_add (in /usr/lib/x86_64-linux-gnu/libcrypto.so.3)
==268755==    by 0x561DCAF: ??? (in /usr/lib/x86_64-linux-gnu/libcrypto.so.3)
==268755==    by 0x522BEE7: __pthread_once_slow (pthread_once.c:116)
==268755==    by 0x5621C9C: CRYPTO_THREAD_run_once (in /usr/lib/x86_64-linux-gnu/libcrypto.so.3)
==268755==    by 0x561E9F0: OPENSSL_init_crypto (in /usr/lib/x86_64-linux-gnu/libcrypto.so.3)
==268755==    by 0x53EB9B6: OPENSSL_init_ssl (in /usr/lib/x86_64-linux-gnu/libssl.so.3)
==268755==    by 0x488FB29: mysql_server_init (in /usr/lib/x86_64-linux-gnu/libmysqlclient.so.21.2.42)
==268755==    by 0x1ED98C: cpp_dbc::MySQL::MySQLDriver::MySQLDriver() (driver_mysql.cpp:797)
==268755==    by 0x163CB6: decltype (::new ((void*)(0)) cpp_dbc::MySQL::MySQLDriver()) std::construct_at<cpp_dbc::MySQL::MySQLDriver>(cpp_dbc::MySQL::MySQLDriver*) (stl_construct.h:97)
==268755==    by 0x163D03: void std::allocator_traits<std::allocator<cpp_dbc::MySQL::MySQLDriver> >::construct<cpp_dbc::MySQL::MySQLDriver>(std::allocator<cpp_dbc::MySQL::MySQLDriver>&, cpp_dbc::MySQL::MySQLDriver*) (alloc_traits.h:518)
==268755==    by 0x163861: std::_Sp_counted_ptr_inplace<cpp_dbc::MySQL::MySQLDriver, std::allocator<cpp_dbc::MySQL::MySQLDriver>, (__gnu_cxx::_Lock_policy)2>::_Sp_counted_ptr_inplace<>(std::allocator<cpp_dbc::MySQL::MySQLDriver>) (shared_ptr_base.h:519)
==268755== 
==268755== 24 bytes in 1 blocks are still reachable in loss record 603 of 2,004
==268755==    at 0x4848899: malloc (in /usr/libexec/valgrind/vgpreload_memcheck-amd64-linux.so)
==268755==    by 0x560C185: OPENSSL_LH_insert (in /usr/lib/x86_64-linux-gnu/libcrypto.so.3)
==268755==    by 0x562D0AA: OBJ_NAME_add (in /usr/lib/x86_64-linux-gnu/libcrypto.so.3)
==268755==    by 0x55FF684: EVP_add_cipher (in /usr/lib/x86_64-linux-gnu/libcrypto.so.3)
==268755==    by 0x561DCBC: ??? (in /usr/lib/x86_64-linux-gnu/libcrypto.so.3)
==268755==    by 0x522BEE7: __pthread_once_slow (pthread_once.c:116)
==268755==    by 0x5621C9C: CRYPTO_THREAD_run_once (in /usr/lib/x86_64-linux-gnu/libcrypto.so.3)
==268755==    by 0x561E9F0: OPENSSL_init_crypto (in /usr/lib/x86_64-linux-gnu/libcrypto.so.3)
==268755==    by 0x53EB9B6: OPENSSL_init_ssl (in /usr/lib/x86_64-linux-gnu/libssl.so.3)
==268755==    by 0x488FB29: mysql_server_init (in /usr/lib/x86_64-linux-gnu/libmysqlclient.so.21.2.42)
==268755==    by 0x1ED98C: cpp_dbc::MySQL::MySQLDriver::MySQLDriver() (driver_mysql.cpp:797)
==268755==    by 0x163CB6: decltype (::new ((void*)(0)) cpp_dbc::MySQL::MySQLDriver()) std::construct_at<cpp_dbc::MySQL::MySQLDriver>(cpp_dbc::MySQL::MySQLDriver*) (stl_construct.h:97)
==268755== 
==268755== 24 bytes in 1 blocks are still reachable in loss record 604 of 2,004
==268755==    at 0x4848899: malloc (in /usr/libexec/valgrind/vgpreload_memcheck-amd64-linux.so)
==268755==    by 0x562D068: OBJ_NAME_add (in /usr/lib/x86_64-linux-gnu/libcrypto.so.3)
==268755==    by 0x561DCBC: ??? (in /usr/lib/x86_64-linux-gnu/libcrypto.so.3)
==268755==    by 0x522BEE7: __pthread_once_slow (pthread_once.c:116)
==268755==    by 0x5621C9C: CRYPTO_THREAD_run_once (in /usr/lib/x86_64-linux-gnu/libcrypto.so.3)
==268755==    by 0x561E9F0: OPENSSL_init_crypto (in /usr/lib/x86_64-linux-gnu/libcrypto.so.3)
==268755==    by 0x53EB9B6: OPENSSL_init_ssl (in /usr/lib/x86_64-linux-gnu/libssl.so.3)
==268755==    by 0x488FB29: mysql_server_init (in /usr/lib/x86_64-linux-gnu/libmysqlclient.so.21.2.42)
==268755==    by 0x1ED98C: cpp_dbc::MySQL::MySQLDriver::MySQLDriver() (driver_mysql.cpp:797)
==268755==    by 0x163CB6: decltype (::new ((void*)(0)) cpp_dbc::MySQL::MySQLDriver()) std::construct_at<cpp_dbc::MySQL::MySQLDriver>(cpp_dbc::MySQL::MySQLDriver*) (stl_construct.h:97)
==268755==    by 0x163D03: void std::allocator_traits<std::allocator<cpp_dbc::MySQL::MySQLDriver> >::construct<cpp_dbc::MySQL::MySQLDriver>(std::allocator<cpp_dbc::MySQL::MySQLDriver>&, cpp_dbc::MySQL::MySQLDriver*) (alloc_traits.h:518)
==268755==    by 0x163861: std::_Sp_counted_ptr_inplace<cpp_dbc::MySQL::MySQLDriver, std::allocator<cpp_dbc::MySQL::MySQLDriver>, (__gnu_cxx::_Lock_policy)2>::_Sp_counted_ptr_inplace<>(std::allocator<cpp_dbc::MySQL::MySQLDriver>) (shared_ptr_base.h:519)
==268755== 
==268755== 24 bytes in 1 blocks are still reachable in loss record 605 of 2,004
==268755==    at 0x4848899: malloc (in /usr/libexec/valgrind/vgpreload_memcheck-amd64-linux.so)
==268755==    by 0x560C185: OPENSSL_LH_insert (in /usr/lib/x86_64-linux-gnu/libcrypto.so.3)
==268755==    by 0x562D0AA: OBJ_NAME_add (in /usr/lib/x86_64-linux-gnu/libcrypto.so.3)
==268755==    by 0x55FF684: EVP_add_cipher (in /usr/lib/x86_64-linux-gnu/libcrypto.so.3)
==268755==    by 0x561DCC9: ??? (in /usr/lib/x86_64-linux-gnu/libcrypto.so.3)
==268755==    by 0x522BEE7: __pthread_once_slow (pthread_once.c:116)
==268755==    by 0x5621C9C: CRYPTO_THREAD_run_once (in /usr/lib/x86_64-linux-gnu/libcrypto.so.3)
==268755==    by 0x561E9F0: OPENSSL_init_crypto (in /usr/lib/x86_64-linux-gnu/libcrypto.so.3)
==268755==    by 0x53EB9B6: OPENSSL_init_ssl (in /usr/lib/x86_64-linux-gnu/libssl.so.3)
==268755==    by 0x488FB29: mysql_server_init (in /usr/lib/x86_64-linux-gnu/libmysqlclient.so.21.2.42)
==268755==    by 0x1ED98C: cpp_dbc::MySQL::MySQLDriver::MySQLDriver() (driver_mysql.cpp:797)
==268755==    by 0x163CB6: decltype (::new ((void*)(0)) cpp_dbc::MySQL::MySQLDriver()) std::construct_at<cpp_dbc::MySQL::MySQLDriver>(cpp_dbc::MySQL::MySQLDriver*) (stl_construct.h:97)
==268755== 
==268755== 24 bytes in 1 blocks are still reachable in loss record 606 of 2,004
==268755==    at 0x4848899: malloc (in /usr/libexec/valgrind/vgpreload_memcheck-amd64-linux.so)
==268755==    by 0x562D068: OBJ_NAME_add (in /usr/lib/x86_64-linux-gnu/libcrypto.so.3)
==268755==    by 0x561DCC9: ??? (in /usr/lib/x86_64-linux-gnu/libcrypto.so.3)
==268755==    by 0x522BEE7: __pthread_once_slow (pthread_once.c:116)
==268755==    by 0x5621C9C: CRYPTO_THREAD_run_once (in /usr/lib/x86_64-linux-gnu/libcrypto.so.3)
==268755==    by 0x561E9F0: OPENSSL_init_crypto (in /usr/lib/x86_64-linux-gnu/libcrypto.so.3)
==268755==    by 0x53EB9B6: OPENSSL_init_ssl (in /usr/lib/x86_64-linux-gnu/libssl.so.3)
==268755==    by 0x488FB29: mysql_server_init (in /usr/lib/x86_64-linux-gnu/libmysqlclient.so.21.2.42)
==268755==    by 0x1ED98C: cpp_dbc::MySQL::MySQLDriver::MySQLDriver() (driver_mysql.cpp:797)
==268755==    by 0x163CB6: decltype (::new ((void*)(0)) cpp_dbc::MySQL::MySQLDriver()) std::construct_at<cpp_dbc::MySQL::MySQLDriver>(cpp_dbc::MySQL::MySQLDriver*) (stl_construct.h:97)
==268755==    by 0x163D03: void std::allocator_traits<std::allocator<cpp_dbc::MySQL::MySQLDriver> >::construct<cpp_dbc::MySQL::MySQLDriver>(std::allocator<cpp_dbc::MySQL::MySQLDriver>&, cpp_dbc::MySQL::MySQLDriver*) (alloc_traits.h:518)
==268755==    by 0x163861: std::_Sp_counted_ptr_inplace<cpp_dbc::MySQL::MySQLDriver, std::allocator<cpp_dbc::MySQL::MySQLDriver>, (__gnu_cxx::_Lock_policy)2>::_Sp_counted_ptr_inplace<>(std::allocator<cpp_dbc::MySQL::MySQLDriver>) (shared_ptr_base.h:519)
==268755== 
==268755== 24 bytes in 1 blocks are still reachable in loss record 607 of 2,004
==268755==    at 0x4848899: malloc (in /usr/libexec/valgrind/vgpreload_memcheck-amd64-linux.so)
==268755==    by 0x560C185: OPENSSL_LH_insert (in /usr/lib/x86_64-linux-gnu/libcrypto.so.3)
==268755==    by 0x562D0AA: OBJ_NAME_add (in /usr/lib/x86_64-linux-gnu/libcrypto.so.3)
==268755==    by 0x55FF684: EVP_add_cipher (in /usr/lib/x86_64-linux-gnu/libcrypto.so.3)
==268755==    by 0x561DCD6: ??? (in /usr/lib/x86_64-linux-gnu/libcrypto.so.3)
==268755==    by 0x522BEE7: __pthread_once_slow (pthread_once.c:116)
==268755==    by 0x5621C9C: CRYPTO_THREAD_run_once (in /usr/lib/x86_64-linux-gnu/libcrypto.so.3)
==268755==    by 0x561E9F0: OPENSSL_init_crypto (in /usr/lib/x86_64-linux-gnu/libcrypto.so.3)
==268755==    by 0x53EB9B6: OPENSSL_init_ssl (in /usr/lib/x86_64-linux-gnu/libssl.so.3)
==268755==    by 0x488FB29: mysql_server_init (in /usr/lib/x86_64-linux-gnu/libmysqlclient.so.21.2.42)
==268755==    by 0x1ED98C: cpp_dbc::MySQL::MySQLDriver::MySQLDriver() (driver_mysql.cpp:797)
==268755==    by 0x163CB6: decltype (::new ((void*)(0)) cpp_dbc::MySQL::MySQLDriver()) std::construct_at<cpp_dbc::MySQL::MySQLDriver>(cpp_dbc::MySQL::MySQLDriver*) (stl_construct.h:97)
==268755== 
==268755== 24 bytes in 1 blocks are still reachable in loss record 608 of 2,004
==268755==    at 0x4848899: malloc (in /usr/libexec/valgrind/vgpreload_memcheck-amd64-linux.so)
==268755==    by 0x562D068: OBJ_NAME_add (in /usr/lib/x86_64-linux-gnu/libcrypto.so.3)
==268755==    by 0x561DCD6: ??? (in /usr/lib/x86_64-linux-gnu/libcrypto.so.3)
==268755==    by 0x522BEE7: __pthread_once_slow (pthread_once.c:116)
==268755==    by 0x5621C9C: CRYPTO_THREAD_run_once (in /usr/lib/x86_64-linux-gnu/libcrypto.so.3)
==268755==    by 0x561E9F0: OPENSSL_init_crypto (in /usr/lib/x86_64-linux-gnu/libcrypto.so.3)
==268755==    by 0x53EB9B6: OPENSSL_init_ssl (in /usr/lib/x86_64-linux-gnu/libssl.so.3)
==268755==    by 0x488FB29: mysql_server_init (in /usr/lib/x86_64-linux-gnu/libmysqlclient.so.21.2.42)
==268755==    by 0x1ED98C: cpp_dbc::MySQL::MySQLDriver::MySQLDriver() (driver_mysql.cpp:797)
==268755==    by 0x163CB6: decltype (::new ((void*)(0)) cpp_dbc::MySQL::MySQLDriver()) std::construct_at<cpp_dbc::MySQL::MySQLDriver>(cpp_dbc::MySQL::MySQLDriver*) (stl_construct.h:97)
==268755==    by 0x163D03: void std::allocator_traits<std::allocator<cpp_dbc::MySQL::MySQLDriver> >::construct<cpp_dbc::MySQL::MySQLDriver>(std::allocator<cpp_dbc::MySQL::MySQLDriver>&, cpp_dbc::MySQL::MySQLDriver*) (alloc_traits.h:518)
==268755==    by 0x163861: std::_Sp_counted_ptr_inplace<cpp_dbc::MySQL::MySQLDriver, std::allocator<cpp_dbc::MySQL::MySQLDriver>, (__gnu_cxx::_Lock_policy)2>::_Sp_counted_ptr_inplace<>(std::allocator<cpp_dbc::MySQL::MySQLDriver>) (shared_ptr_base.h:519)
==268755== 
==268755== 24 bytes in 1 blocks are still reachable in loss record 609 of 2,004
==268755==    at 0x4848899: malloc (in /usr/libexec/valgrind/vgpreload_memcheck-amd64-linux.so)
==268755==    by 0x560C185: OPENSSL_LH_insert (in /usr/lib/x86_64-linux-gnu/libcrypto.so.3)
==268755==    by 0x562D0AA: OBJ_NAME_add (in /usr/lib/x86_64-linux-gnu/libcrypto.so.3)
==268755==    by 0x561DCEA: ??? (in /usr/lib/x86_64-linux-gnu/libcrypto.so.3)
==268755==    by 0x522BEE7: __pthread_once_slow (pthread_once.c:116)
==268755==    by 0x5621C9C: CRYPTO_THREAD_run_once (in /usr/lib/x86_64-linux-gnu/libcrypto.so.3)
==268755==    by 0x561E9F0: OPENSSL_init_crypto (in /usr/lib/x86_64-linux-gnu/libcrypto.so.3)
==268755==    by 0x53EB9B6: OPENSSL_init_ssl (in /usr/lib/x86_64-linux-gnu/libssl.so.3)
==268755==    by 0x488FB29: mysql_server_init (in /usr/lib/x86_64-linux-gnu/libmysqlclient.so.21.2.42)
==268755==    by 0x1ED98C: cpp_dbc::MySQL::MySQLDriver::MySQLDriver() (driver_mysql.cpp:797)
==268755==    by 0x163CB6: decltype (::new ((void*)(0)) cpp_dbc::MySQL::MySQLDriver()) std::construct_at<cpp_dbc::MySQL::MySQLDriver>(cpp_dbc::MySQL::MySQLDriver*) (stl_construct.h:97)
==268755==    by 0x163D03: void std::allocator_traits<std::allocator<cpp_dbc::MySQL::MySQLDriver> >::construct<cpp_dbc::MySQL::MySQLDriver>(std::allocator<cpp_dbc::MySQL::MySQLDriver>&, cpp_dbc::MySQL::MySQLDriver*) (alloc_traits.h:518)
==268755== 
==268755== 24 bytes in 1 blocks are still reachable in loss record 610 of 2,004
==268755==    at 0x4848899: malloc (in /usr/libexec/valgrind/vgpreload_memcheck-amd64-linux.so)
==268755==    by 0x562D068: OBJ_NAME_add (in /usr/lib/x86_64-linux-gnu/libcrypto.so.3)
==268755==    by 0x561DCFE: ??? (in /usr/lib/x86_64-linux-gnu/libcrypto.so.3)
==268755==    by 0x522BEE7: __pthread_once_slow (pthread_once.c:116)
==268755==    by 0x5621C9C: CRYPTO_THREAD_run_once (in /usr/lib/x86_64-linux-gnu/libcrypto.so.3)
==268755==    by 0x561E9F0: OPENSSL_init_crypto (in /usr/lib/x86_64-linux-gnu/libcrypto.so.3)
==268755==    by 0x53EB9B6: OPENSSL_init_ssl (in /usr/lib/x86_64-linux-gnu/libssl.so.3)
==268755==    by 0x488FB29: mysql_server_init (in /usr/lib/x86_64-linux-gnu/libmysqlclient.so.21.2.42)
==268755==    by 0x1ED98C: cpp_dbc::MySQL::MySQLDriver::MySQLDriver() (driver_mysql.cpp:797)
==268755==    by 0x163CB6: decltype (::new ((void*)(0)) cpp_dbc::MySQL::MySQLDriver()) std::construct_at<cpp_dbc::MySQL::MySQLDriver>(cpp_dbc::MySQL::MySQLDriver*) (stl_construct.h:97)
==268755==    by 0x163D03: void std::allocator_traits<std::allocator<cpp_dbc::MySQL::MySQLDriver> >::construct<cpp_dbc::MySQL::MySQLDriver>(std::allocator<cpp_dbc::MySQL::MySQLDriver>&, cpp_dbc::MySQL::MySQLDriver*) (alloc_traits.h:518)
==268755==    by 0x163861: std::_Sp_counted_ptr_inplace<cpp_dbc::MySQL::MySQLDriver, std::allocator<cpp_dbc::MySQL::MySQLDriver>, (__gnu_cxx::_Lock_policy)2>::_Sp_counted_ptr_inplace<>(std::allocator<cpp_dbc::MySQL::MySQLDriver>) (shared_ptr_base.h:519)
==268755== 
==268755== 24 bytes in 1 blocks are still reachable in loss record 611 of 2,004
==268755==    at 0x4848899: malloc (in /usr/libexec/valgrind/vgpreload_memcheck-amd64-linux.so)
==268755==    by 0x560C185: OPENSSL_LH_insert (in /usr/lib/x86_64-linux-gnu/libcrypto.so.3)
==268755==    by 0x562D0AA: OBJ_NAME_add (in /usr/lib/x86_64-linux-gnu/libcrypto.so.3)
==268755==    by 0x55FF684: EVP_add_cipher (in /usr/lib/x86_64-linux-gnu/libcrypto.so.3)
==268755==    by 0x561DD12: ??? (in /usr/lib/x86_64-linux-gnu/libcrypto.so.3)
==268755==    by 0x522BEE7: __pthread_once_slow (pthread_once.c:116)
==268755==    by 0x5621C9C: CRYPTO_THREAD_run_once (in /usr/lib/x86_64-linux-gnu/libcrypto.so.3)
==268755==    by 0x561E9F0: OPENSSL_init_crypto (in /usr/lib/x86_64-linux-gnu/libcrypto.so.3)
==268755==    by 0x53EB9B6: OPENSSL_init_ssl (in /usr/lib/x86_64-linux-gnu/libssl.so.3)
==268755==    by 0x488FB29: mysql_server_init (in /usr/lib/x86_64-linux-gnu/libmysqlclient.so.21.2.42)
==268755==    by 0x1ED98C: cpp_dbc::MySQL::MySQLDriver::MySQLDriver() (driver_mysql.cpp:797)
==268755==    by 0x163CB6: decltype (::new ((void*)(0)) cpp_dbc::MySQL::MySQLDriver()) std::construct_at<cpp_dbc::MySQL::MySQLDriver>(cpp_dbc::MySQL::MySQLDriver*) (stl_construct.h:97)
==268755== 
==268755== 24 bytes in 1 blocks are still reachable in loss record 612 of 2,004
==268755==    at 0x4848899: malloc (in /usr/libexec/valgrind/vgpreload_memcheck-amd64-linux.so)
==268755==    by 0x562D068: OBJ_NAME_add (in /usr/lib/x86_64-linux-gnu/libcrypto.so.3)
==268755==    by 0x561DD12: ??? (in /usr/lib/x86_64-linux-gnu/libcrypto.so.3)
==268755==    by 0x522BEE7: __pthread_once_slow (pthread_once.c:116)
==268755==    by 0x5621C9C: CRYPTO_THREAD_run_once (in /usr/lib/x86_64-linux-gnu/libcrypto.so.3)
==268755==    by 0x561E9F0: OPENSSL_init_crypto (in /usr/lib/x86_64-linux-gnu/libcrypto.so.3)
==268755==    by 0x53EB9B6: OPENSSL_init_ssl (in /usr/lib/x86_64-linux-gnu/libssl.so.3)
==268755==    by 0x488FB29: mysql_server_init (in /usr/lib/x86_64-linux-gnu/libmysqlclient.so.21.2.42)
==268755==    by 0x1ED98C: cpp_dbc::MySQL::MySQLDriver::MySQLDriver() (driver_mysql.cpp:797)
==268755==    by 0x163CB6: decltype (::new ((void*)(0)) cpp_dbc::MySQL::MySQLDriver()) std::construct_at<cpp_dbc::MySQL::MySQLDriver>(cpp_dbc::MySQL::MySQLDriver*) (stl_construct.h:97)
==268755==    by 0x163D03: void std::allocator_traits<std::allocator<cpp_dbc::MySQL::MySQLDriver> >::construct<cpp_dbc::MySQL::MySQLDriver>(std::allocator<cpp_dbc::MySQL::MySQLDriver>&, cpp_dbc::MySQL::MySQLDriver*) (alloc_traits.h:518)
==268755==    by 0x163861: std::_Sp_counted_ptr_inplace<cpp_dbc::MySQL::MySQLDriver, std::allocator<cpp_dbc::MySQL::MySQLDriver>, (__gnu_cxx::_Lock_policy)2>::_Sp_counted_ptr_inplace<>(std::allocator<cpp_dbc::MySQL::MySQLDriver>) (shared_ptr_base.h:519)
==268755== 
==268755== 24 bytes in 1 blocks are still reachable in loss record 613 of 2,004
==268755==    at 0x4848899: malloc (in /usr/libexec/valgrind/vgpreload_memcheck-amd64-linux.so)
==268755==    by 0x560C185: OPENSSL_LH_insert (in /usr/lib/x86_64-linux-gnu/libcrypto.so.3)
==268755==    by 0x562D0AA: OBJ_NAME_add (in /usr/lib/x86_64-linux-gnu/libcrypto.so.3)
==268755==    by 0x55FF684: EVP_add_cipher (in /usr/lib/x86_64-linux-gnu/libcrypto.so.3)
==268755==    by 0x561DD1F: ??? (in /usr/lib/x86_64-linux-gnu/libcrypto.so.3)
==268755==    by 0x522BEE7: __pthread_once_slow (pthread_once.c:116)
==268755==    by 0x5621C9C: CRYPTO_THREAD_run_once (in /usr/lib/x86_64-linux-gnu/libcrypto.so.3)
==268755==    by 0x561E9F0: OPENSSL_init_crypto (in /usr/lib/x86_64-linux-gnu/libcrypto.so.3)
==268755==    by 0x53EB9B6: OPENSSL_init_ssl (in /usr/lib/x86_64-linux-gnu/libssl.so.3)
==268755==    by 0x488FB29: mysql_server_init (in /usr/lib/x86_64-linux-gnu/libmysqlclient.so.21.2.42)
==268755==    by 0x1ED98C: cpp_dbc::MySQL::MySQLDriver::MySQLDriver() (driver_mysql.cpp:797)
==268755==    by 0x163CB6: decltype (::new ((void*)(0)) cpp_dbc::MySQL::MySQLDriver()) std::construct_at<cpp_dbc::MySQL::MySQLDriver>(cpp_dbc::MySQL::MySQLDriver*) (stl_construct.h:97)
==268755== 
==268755== 24 bytes in 1 blocks are still reachable in loss record 614 of 2,004
==268755==    at 0x4848899: malloc (in /usr/libexec/valgrind/vgpreload_memcheck-amd64-linux.so)
==268755==    by 0x562D068: OBJ_NAME_add (in /usr/lib/x86_64-linux-gnu/libcrypto.so.3)
==268755==    by 0x561DD1F: ??? (in /usr/lib/x86_64-linux-gnu/libcrypto.so.3)
==268755==    by 0x522BEE7: __pthread_once_slow (pthread_once.c:116)
==268755==    by 0x5621C9C: CRYPTO_THREAD_run_once (in /usr/lib/x86_64-linux-gnu/libcrypto.so.3)
==268755==    by 0x561E9F0: OPENSSL_init_crypto (in /usr/lib/x86_64-linux-gnu/libcrypto.so.3)
==268755==    by 0x53EB9B6: OPENSSL_init_ssl (in /usr/lib/x86_64-linux-gnu/libssl.so.3)
==268755==    by 0x488FB29: mysql_server_init (in /usr/lib/x86_64-linux-gnu/libmysqlclient.so.21.2.42)
==268755==    by 0x1ED98C: cpp_dbc::MySQL::MySQLDriver::MySQLDriver() (driver_mysql.cpp:797)
==268755==    by 0x163CB6: decltype (::new ((void*)(0)) cpp_dbc::MySQL::MySQLDriver()) std::construct_at<cpp_dbc::MySQL::MySQLDriver>(cpp_dbc::MySQL::MySQLDriver*) (stl_construct.h:97)
==268755==    by 0x163D03: void std::allocator_traits<std::allocator<cpp_dbc::MySQL::MySQLDriver> >::construct<cpp_dbc::MySQL::MySQLDriver>(std::allocator<cpp_dbc::MySQL::MySQLDriver>&, cpp_dbc::MySQL::MySQLDriver*) (alloc_traits.h:518)
==268755==    by 0x163861: std::_Sp_counted_ptr_inplace<cpp_dbc::MySQL::MySQLDriver, std::allocator<cpp_dbc::MySQL::MySQLDriver>, (__gnu_cxx::_Lock_policy)2>::_Sp_counted_ptr_inplace<>(std::allocator<cpp_dbc::MySQL::MySQLDriver>) (shared_ptr_base.h:519)
==268755== 
==268755== 24 bytes in 1 blocks are still reachable in loss record 615 of 2,004
==268755==    at 0x4848899: malloc (in /usr/libexec/valgrind/vgpreload_memcheck-amd64-linux.so)
==268755==    by 0x560C185: OPENSSL_LH_insert (in /usr/lib/x86_64-linux-gnu/libcrypto.so.3)
==268755==    by 0x562D0AA: OBJ_NAME_add (in /usr/lib/x86_64-linux-gnu/libcrypto.so.3)
==268755==    by 0x55FF684: EVP_add_cipher (in /usr/lib/x86_64-linux-gnu/libcrypto.so.3)
==268755==    by 0x561DD2C: ??? (in /usr/lib/x86_64-linux-gnu/libcrypto.so.3)
==268755==    by 0x522BEE7: __pthread_once_slow (pthread_once.c:116)
==268755==    by 0x5621C9C: CRYPTO_THREAD_run_once (in /usr/lib/x86_64-linux-gnu/libcrypto.so.3)
==268755==    by 0x561E9F0: OPENSSL_init_crypto (in /usr/lib/x86_64-linux-gnu/libcrypto.so.3)
==268755==    by 0x53EB9B6: OPENSSL_init_ssl (in /usr/lib/x86_64-linux-gnu/libssl.so.3)
==268755==    by 0x488FB29: mysql_server_init (in /usr/lib/x86_64-linux-gnu/libmysqlclient.so.21.2.42)
==268755==    by 0x1ED98C: cpp_dbc::MySQL::MySQLDriver::MySQLDriver() (driver_mysql.cpp:797)
==268755==    by 0x163CB6: decltype (::new ((void*)(0)) cpp_dbc::MySQL::MySQLDriver()) std::construct_at<cpp_dbc::MySQL::MySQLDriver>(cpp_dbc::MySQL::MySQLDriver*) (stl_construct.h:97)
==268755== 
==268755== 24 bytes in 1 blocks are still reachable in loss record 616 of 2,004
==268755==    at 0x4848899: malloc (in /usr/libexec/valgrind/vgpreload_memcheck-amd64-linux.so)
==268755==    by 0x562D068: OBJ_NAME_add (in /usr/lib/x86_64-linux-gnu/libcrypto.so.3)
==268755==    by 0x561DD2C: ??? (in /usr/lib/x86_64-linux-gnu/libcrypto.so.3)
==268755==    by 0x522BEE7: __pthread_once_slow (pthread_once.c:116)
==268755==    by 0x5621C9C: CRYPTO_THREAD_run_once (in /usr/lib/x86_64-linux-gnu/libcrypto.so.3)
==268755==    by 0x561E9F0: OPENSSL_init_crypto (in /usr/lib/x86_64-linux-gnu/libcrypto.so.3)
==268755==    by 0x53EB9B6: OPENSSL_init_ssl (in /usr/lib/x86_64-linux-gnu/libssl.so.3)
==268755==    by 0x488FB29: mysql_server_init (in /usr/lib/x86_64-linux-gnu/libmysqlclient.so.21.2.42)
==268755==    by 0x1ED98C: cpp_dbc::MySQL::MySQLDriver::MySQLDriver() (driver_mysql.cpp:797)
==268755==    by 0x163CB6: decltype (::new ((void*)(0)) cpp_dbc::MySQL::MySQLDriver()) std::construct_at<cpp_dbc::MySQL::MySQLDriver>(cpp_dbc::MySQL::MySQLDriver*) (stl_construct.h:97)
==268755==    by 0x163D03: void std::allocator_traits<std::allocator<cpp_dbc::MySQL::MySQLDriver> >::construct<cpp_dbc::MySQL::MySQLDriver>(std::allocator<cpp_dbc::MySQL::MySQLDriver>&, cpp_dbc::MySQL::MySQLDriver*) (alloc_traits.h:518)
==268755==    by 0x163861: std::_Sp_counted_ptr_inplace<cpp_dbc::MySQL::MySQLDriver, std::allocator<cpp_dbc::MySQL::MySQLDriver>, (__gnu_cxx::_Lock_policy)2>::_Sp_counted_ptr_inplace<>(std::allocator<cpp_dbc::MySQL::MySQLDriver>) (shared_ptr_base.h:519)
==268755== 
==268755== 24 bytes in 1 blocks are still reachable in loss record 617 of 2,004
==268755==    at 0x4848899: malloc (in /usr/libexec/valgrind/vgpreload_memcheck-amd64-linux.so)
==268755==    by 0x560C185: OPENSSL_LH_insert (in /usr/lib/x86_64-linux-gnu/libcrypto.so.3)
==268755==    by 0x562D0AA: OBJ_NAME_add (in /usr/lib/x86_64-linux-gnu/libcrypto.so.3)
==268755==    by 0x55FF684: EVP_add_cipher (in /usr/lib/x86_64-linux-gnu/libcrypto.so.3)
==268755==    by 0x561DD39: ??? (in /usr/lib/x86_64-linux-gnu/libcrypto.so.3)
==268755==    by 0x522BEE7: __pthread_once_slow (pthread_once.c:116)
==268755==    by 0x5621C9C: CRYPTO_THREAD_run_once (in /usr/lib/x86_64-linux-gnu/libcrypto.so.3)
==268755==    by 0x561E9F0: OPENSSL_init_crypto (in /usr/lib/x86_64-linux-gnu/libcrypto.so.3)
==268755==    by 0x53EB9B6: OPENSSL_init_ssl (in /usr/lib/x86_64-linux-gnu/libssl.so.3)
==268755==    by 0x488FB29: mysql_server_init (in /usr/lib/x86_64-linux-gnu/libmysqlclient.so.21.2.42)
==268755==    by 0x1ED98C: cpp_dbc::MySQL::MySQLDriver::MySQLDriver() (driver_mysql.cpp:797)
==268755==    by 0x163CB6: decltype (::new ((void*)(0)) cpp_dbc::MySQL::MySQLDriver()) std::construct_at<cpp_dbc::MySQL::MySQLDriver>(cpp_dbc::MySQL::MySQLDriver*) (stl_construct.h:97)
==268755== 
==268755== 24 bytes in 1 blocks are still reachable in loss record 618 of 2,004
==268755==    at 0x4848899: malloc (in /usr/libexec/valgrind/vgpreload_memcheck-amd64-linux.so)
==268755==    by 0x562D068: OBJ_NAME_add (in /usr/lib/x86_64-linux-gnu/libcrypto.so.3)
==268755==    by 0x561DD39: ??? (in /usr/lib/x86_64-linux-gnu/libcrypto.so.3)
==268755==    by 0x522BEE7: __pthread_once_slow (pthread_once.c:116)
==268755==    by 0x5621C9C: CRYPTO_THREAD_run_once (in /usr/lib/x86_64-linux-gnu/libcrypto.so.3)
==268755==    by 0x561E9F0: OPENSSL_init_crypto (in /usr/lib/x86_64-linux-gnu/libcrypto.so.3)
==268755==    by 0x53EB9B6: OPENSSL_init_ssl (in /usr/lib/x86_64-linux-gnu/libssl.so.3)
==268755==    by 0x488FB29: mysql_server_init (in /usr/lib/x86_64-linux-gnu/libmysqlclient.so.21.2.42)
==268755==    by 0x1ED98C: cpp_dbc::MySQL::MySQLDriver::MySQLDriver() (driver_mysql.cpp:797)
==268755==    by 0x163CB6: decltype (::new ((void*)(0)) cpp_dbc::MySQL::MySQLDriver()) std::construct_at<cpp_dbc::MySQL::MySQLDriver>(cpp_dbc::MySQL::MySQLDriver*) (stl_construct.h:97)
==268755==    by 0x163D03: void std::allocator_traits<std::allocator<cpp_dbc::MySQL::MySQLDriver> >::construct<cpp_dbc::MySQL::MySQLDriver>(std::allocator<cpp_dbc::MySQL::MySQLDriver>&, cpp_dbc::MySQL::MySQLDriver*) (alloc_traits.h:518)
==268755==    by 0x163861: std::_Sp_counted_ptr_inplace<cpp_dbc::MySQL::MySQLDriver, std::allocator<cpp_dbc::MySQL::MySQLDriver>, (__gnu_cxx::_Lock_policy)2>::_Sp_counted_ptr_inplace<>(std::allocator<cpp_dbc::MySQL::MySQLDriver>) (shared_ptr_base.h:519)
==268755== 
==268755== 24 bytes in 1 blocks are still reachable in loss record 619 of 2,004
==268755==    at 0x4848899: malloc (in /usr/libexec/valgrind/vgpreload_memcheck-amd64-linux.so)
==268755==    by 0x560C185: OPENSSL_LH_insert (in /usr/lib/x86_64-linux-gnu/libcrypto.so.3)
==268755==    by 0x562D0AA: OBJ_NAME_add (in /usr/lib/x86_64-linux-gnu/libcrypto.so.3)
==268755==    by 0x55FF684: EVP_add_cipher (in /usr/lib/x86_64-linux-gnu/libcrypto.so.3)
==268755==    by 0x561DD46: ??? (in /usr/lib/x86_64-linux-gnu/libcrypto.so.3)
==268755==    by 0x522BEE7: __pthread_once_slow (pthread_once.c:116)
==268755==    by 0x5621C9C: CRYPTO_THREAD_run_once (in /usr/lib/x86_64-linux-gnu/libcrypto.so.3)
==268755==    by 0x561E9F0: OPENSSL_init_crypto (in /usr/lib/x86_64-linux-gnu/libcrypto.so.3)
==268755==    by 0x53EB9B6: OPENSSL_init_ssl (in /usr/lib/x86_64-linux-gnu/libssl.so.3)
==268755==    by 0x488FB29: mysql_server_init (in /usr/lib/x86_64-linux-gnu/libmysqlclient.so.21.2.42)
==268755==    by 0x1ED98C: cpp_dbc::MySQL::MySQLDriver::MySQLDriver() (driver_mysql.cpp:797)
==268755==    by 0x163CB6: decltype (::new ((void*)(0)) cpp_dbc::MySQL::MySQLDriver()) std::construct_at<cpp_dbc::MySQL::MySQLDriver>(cpp_dbc::MySQL::MySQLDriver*) (stl_construct.h:97)
==268755== 
==268755== 24 bytes in 1 blocks are still reachable in loss record 620 of 2,004
==268755==    at 0x4848899: malloc (in /usr/libexec/valgrind/vgpreload_memcheck-amd64-linux.so)
==268755==    by 0x562D068: OBJ_NAME_add (in /usr/lib/x86_64-linux-gnu/libcrypto.so.3)
==268755==    by 0x561DD46: ??? (in /usr/lib/x86_64-linux-gnu/libcrypto.so.3)
==268755==    by 0x522BEE7: __pthread_once_slow (pthread_once.c:116)
==268755==    by 0x5621C9C: CRYPTO_THREAD_run_once (in /usr/lib/x86_64-linux-gnu/libcrypto.so.3)
==268755==    by 0x561E9F0: OPENSSL_init_crypto (in /usr/lib/x86_64-linux-gnu/libcrypto.so.3)
==268755==    by 0x53EB9B6: OPENSSL_init_ssl (in /usr/lib/x86_64-linux-gnu/libssl.so.3)
==268755==    by 0x488FB29: mysql_server_init (in /usr/lib/x86_64-linux-gnu/libmysqlclient.so.21.2.42)
==268755==    by 0x1ED98C: cpp_dbc::MySQL::MySQLDriver::MySQLDriver() (driver_mysql.cpp:797)
==268755==    by 0x163CB6: decltype (::new ((void*)(0)) cpp_dbc::MySQL::MySQLDriver()) std::construct_at<cpp_dbc::MySQL::MySQLDriver>(cpp_dbc::MySQL::MySQLDriver*) (stl_construct.h:97)
==268755==    by 0x163D03: void std::allocator_traits<std::allocator<cpp_dbc::MySQL::MySQLDriver> >::construct<cpp_dbc::MySQL::MySQLDriver>(std::allocator<cpp_dbc::MySQL::MySQLDriver>&, cpp_dbc::MySQL::MySQLDriver*) (alloc_traits.h:518)
==268755==    by 0x163861: std::_Sp_counted_ptr_inplace<cpp_dbc::MySQL::MySQLDriver, std::allocator<cpp_dbc::MySQL::MySQLDriver>, (__gnu_cxx::_Lock_policy)2>::_Sp_counted_ptr_inplace<>(std::allocator<cpp_dbc::MySQL::MySQLDriver>) (shared_ptr_base.h:519)
==268755== 
==268755== 24 bytes in 1 blocks are still reachable in loss record 621 of 2,004
==268755==    at 0x4848899: malloc (in /usr/libexec/valgrind/vgpreload_memcheck-amd64-linux.so)
==268755==    by 0x560C185: OPENSSL_LH_insert (in /usr/lib/x86_64-linux-gnu/libcrypto.so.3)
==268755==    by 0x562D0AA: OBJ_NAME_add (in /usr/lib/x86_64-linux-gnu/libcrypto.so.3)
==268755==    by 0x55FF684: EVP_add_cipher (in /usr/lib/x86_64-linux-gnu/libcrypto.so.3)
==268755==    by 0x561DD53: ??? (in /usr/lib/x86_64-linux-gnu/libcrypto.so.3)
==268755==    by 0x522BEE7: __pthread_once_slow (pthread_once.c:116)
==268755==    by 0x5621C9C: CRYPTO_THREAD_run_once (in /usr/lib/x86_64-linux-gnu/libcrypto.so.3)
==268755==    by 0x561E9F0: OPENSSL_init_crypto (in /usr/lib/x86_64-linux-gnu/libcrypto.so.3)
==268755==    by 0x53EB9B6: OPENSSL_init_ssl (in /usr/lib/x86_64-linux-gnu/libssl.so.3)
==268755==    by 0x488FB29: mysql_server_init (in /usr/lib/x86_64-linux-gnu/libmysqlclient.so.21.2.42)
==268755==    by 0x1ED98C: cpp_dbc::MySQL::MySQLDriver::MySQLDriver() (driver_mysql.cpp:797)
==268755==    by 0x163CB6: decltype (::new ((void*)(0)) cpp_dbc::MySQL::MySQLDriver()) std::construct_at<cpp_dbc::MySQL::MySQLDriver>(cpp_dbc::MySQL::MySQLDriver*) (stl_construct.h:97)
==268755== 
==268755== 24 bytes in 1 blocks are still reachable in loss record 622 of 2,004
==268755==    at 0x4848899: malloc (in /usr/libexec/valgrind/vgpreload_memcheck-amd64-linux.so)
==268755==    by 0x562D068: OBJ_NAME_add (in /usr/lib/x86_64-linux-gnu/libcrypto.so.3)
==268755==    by 0x561DD53: ??? (in /usr/lib/x86_64-linux-gnu/libcrypto.so.3)
==268755==    by 0x522BEE7: __pthread_once_slow (pthread_once.c:116)
==268755==    by 0x5621C9C: CRYPTO_THREAD_run_once (in /usr/lib/x86_64-linux-gnu/libcrypto.so.3)
==268755==    by 0x561E9F0: OPENSSL_init_crypto (in /usr/lib/x86_64-linux-gnu/libcrypto.so.3)
==268755==    by 0x53EB9B6: OPENSSL_init_ssl (in /usr/lib/x86_64-linux-gnu/libssl.so.3)
==268755==    by 0x488FB29: mysql_server_init (in /usr/lib/x86_64-linux-gnu/libmysqlclient.so.21.2.42)
==268755==    by 0x1ED98C: cpp_dbc::MySQL::MySQLDriver::MySQLDriver() (driver_mysql.cpp:797)
==268755==    by 0x163CB6: decltype (::new ((void*)(0)) cpp_dbc::MySQL::MySQLDriver()) std::construct_at<cpp_dbc::MySQL::MySQLDriver>(cpp_dbc::MySQL::MySQLDriver*) (stl_construct.h:97)
==268755==    by 0x163D03: void std::allocator_traits<std::allocator<cpp_dbc::MySQL::MySQLDriver> >::construct<cpp_dbc::MySQL::MySQLDriver>(std::allocator<cpp_dbc::MySQL::MySQLDriver>&, cpp_dbc::MySQL::MySQLDriver*) (alloc_traits.h:518)
==268755==    by 0x163861: std::_Sp_counted_ptr_inplace<cpp_dbc::MySQL::MySQLDriver, std::allocator<cpp_dbc::MySQL::MySQLDriver>, (__gnu_cxx::_Lock_policy)2>::_Sp_counted_ptr_inplace<>(std::allocator<cpp_dbc::MySQL::MySQLDriver>) (shared_ptr_base.h:519)
==268755== 
==268755== 24 bytes in 1 blocks are still reachable in loss record 623 of 2,004
==268755==    at 0x4848899: malloc (in /usr/libexec/valgrind/vgpreload_memcheck-amd64-linux.so)
==268755==    by 0x560C185: OPENSSL_LH_insert (in /usr/lib/x86_64-linux-gnu/libcrypto.so.3)
==268755==    by 0x562D0AA: OBJ_NAME_add (in /usr/lib/x86_64-linux-gnu/libcrypto.so.3)
==268755==    by 0x55FF684: EVP_add_cipher (in /usr/lib/x86_64-linux-gnu/libcrypto.so.3)
==268755==    by 0x561DD60: ??? (in /usr/lib/x86_64-linux-gnu/libcrypto.so.3)
==268755==    by 0x522BEE7: __pthread_once_slow (pthread_once.c:116)
==268755==    by 0x5621C9C: CRYPTO_THREAD_run_once (in /usr/lib/x86_64-linux-gnu/libcrypto.so.3)
==268755==    by 0x561E9F0: OPENSSL_init_crypto (in /usr/lib/x86_64-linux-gnu/libcrypto.so.3)
==268755==    by 0x53EB9B6: OPENSSL_init_ssl (in /usr/lib/x86_64-linux-gnu/libssl.so.3)
==268755==    by 0x488FB29: mysql_server_init (in /usr/lib/x86_64-linux-gnu/libmysqlclient.so.21.2.42)
==268755==    by 0x1ED98C: cpp_dbc::MySQL::MySQLDriver::MySQLDriver() (driver_mysql.cpp:797)
==268755==    by 0x163CB6: decltype (::new ((void*)(0)) cpp_dbc::MySQL::MySQLDriver()) std::construct_at<cpp_dbc::MySQL::MySQLDriver>(cpp_dbc::MySQL::MySQLDriver*) (stl_construct.h:97)
==268755== 
==268755== 24 bytes in 1 blocks are still reachable in loss record 624 of 2,004
==268755==    at 0x4848899: malloc (in /usr/libexec/valgrind/vgpreload_memcheck-amd64-linux.so)
==268755==    by 0x562D068: OBJ_NAME_add (in /usr/lib/x86_64-linux-gnu/libcrypto.so.3)
==268755==    by 0x561DD60: ??? (in /usr/lib/x86_64-linux-gnu/libcrypto.so.3)
==268755==    by 0x522BEE7: __pthread_once_slow (pthread_once.c:116)
==268755==    by 0x5621C9C: CRYPTO_THREAD_run_once (in /usr/lib/x86_64-linux-gnu/libcrypto.so.3)
==268755==    by 0x561E9F0: OPENSSL_init_crypto (in /usr/lib/x86_64-linux-gnu/libcrypto.so.3)
==268755==    by 0x53EB9B6: OPENSSL_init_ssl (in /usr/lib/x86_64-linux-gnu/libssl.so.3)
==268755==    by 0x488FB29: mysql_server_init (in /usr/lib/x86_64-linux-gnu/libmysqlclient.so.21.2.42)
==268755==    by 0x1ED98C: cpp_dbc::MySQL::MySQLDriver::MySQLDriver() (driver_mysql.cpp:797)
==268755==    by 0x163CB6: decltype (::new ((void*)(0)) cpp_dbc::MySQL::MySQLDriver()) std::construct_at<cpp_dbc::MySQL::MySQLDriver>(cpp_dbc::MySQL::MySQLDriver*) (stl_construct.h:97)
==268755==    by 0x163D03: void std::allocator_traits<std::allocator<cpp_dbc::MySQL::MySQLDriver> >::construct<cpp_dbc::MySQL::MySQLDriver>(std::allocator<cpp_dbc::MySQL::MySQLDriver>&, cpp_dbc::MySQL::MySQLDriver*) (alloc_traits.h:518)
==268755==    by 0x163861: std::_Sp_counted_ptr_inplace<cpp_dbc::MySQL::MySQLDriver, std::allocator<cpp_dbc::MySQL::MySQLDriver>, (__gnu_cxx::_Lock_policy)2>::_Sp_counted_ptr_inplace<>(std::allocator<cpp_dbc::MySQL::MySQLDriver>) (shared_ptr_base.h:519)
==268755== 
==268755== 24 bytes in 1 blocks are still reachable in loss record 625 of 2,004
==268755==    at 0x4848899: malloc (in /usr/libexec/valgrind/vgpreload_memcheck-amd64-linux.so)
==268755==    by 0x560C185: OPENSSL_LH_insert (in /usr/lib/x86_64-linux-gnu/libcrypto.so.3)
==268755==    by 0x562D0AA: OBJ_NAME_add (in /usr/lib/x86_64-linux-gnu/libcrypto.so.3)
==268755==    by 0x55FF684: EVP_add_cipher (in /usr/lib/x86_64-linux-gnu/libcrypto.so.3)
==268755==    by 0x561DD6D: ??? (in /usr/lib/x86_64-linux-gnu/libcrypto.so.3)
==268755==    by 0x522BEE7: __pthread_once_slow (pthread_once.c:116)
==268755==    by 0x5621C9C: CRYPTO_THREAD_run_once (in /usr/lib/x86_64-linux-gnu/libcrypto.so.3)
==268755==    by 0x561E9F0: OPENSSL_init_crypto (in /usr/lib/x86_64-linux-gnu/libcrypto.so.3)
==268755==    by 0x53EB9B6: OPENSSL_init_ssl (in /usr/lib/x86_64-linux-gnu/libssl.so.3)
==268755==    by 0x488FB29: mysql_server_init (in /usr/lib/x86_64-linux-gnu/libmysqlclient.so.21.2.42)
==268755==    by 0x1ED98C: cpp_dbc::MySQL::MySQLDriver::MySQLDriver() (driver_mysql.cpp:797)
==268755==    by 0x163CB6: decltype (::new ((void*)(0)) cpp_dbc::MySQL::MySQLDriver()) std::construct_at<cpp_dbc::MySQL::MySQLDriver>(cpp_dbc::MySQL::MySQLDriver*) (stl_construct.h:97)
==268755== 
==268755== 24 bytes in 1 blocks are still reachable in loss record 626 of 2,004
==268755==    at 0x4848899: malloc (in /usr/libexec/valgrind/vgpreload_memcheck-amd64-linux.so)
==268755==    by 0x562D068: OBJ_NAME_add (in /usr/lib/x86_64-linux-gnu/libcrypto.so.3)
==268755==    by 0x561DD6D: ??? (in /usr/lib/x86_64-linux-gnu/libcrypto.so.3)
==268755==    by 0x522BEE7: __pthread_once_slow (pthread_once.c:116)
==268755==    by 0x5621C9C: CRYPTO_THREAD_run_once (in /usr/lib/x86_64-linux-gnu/libcrypto.so.3)
==268755==    by 0x561E9F0: OPENSSL_init_crypto (in /usr/lib/x86_64-linux-gnu/libcrypto.so.3)
==268755==    by 0x53EB9B6: OPENSSL_init_ssl (in /usr/lib/x86_64-linux-gnu/libssl.so.3)
==268755==    by 0x488FB29: mysql_server_init (in /usr/lib/x86_64-linux-gnu/libmysqlclient.so.21.2.42)
==268755==    by 0x1ED98C: cpp_dbc::MySQL::MySQLDriver::MySQLDriver() (driver_mysql.cpp:797)
==268755==    by 0x163CB6: decltype (::new ((void*)(0)) cpp_dbc::MySQL::MySQLDriver()) std::construct_at<cpp_dbc::MySQL::MySQLDriver>(cpp_dbc::MySQL::MySQLDriver*) (stl_construct.h:97)
==268755==    by 0x163D03: void std::allocator_traits<std::allocator<cpp_dbc::MySQL::MySQLDriver> >::construct<cpp_dbc::MySQL::MySQLDriver>(std::allocator<cpp_dbc::MySQL::MySQLDriver>&, cpp_dbc::MySQL::MySQLDriver*) (alloc_traits.h:518)
==268755==    by 0x163861: std::_Sp_counted_ptr_inplace<cpp_dbc::MySQL::MySQLDriver, std::allocator<cpp_dbc::MySQL::MySQLDriver>, (__gnu_cxx::_Lock_policy)2>::_Sp_counted_ptr_inplace<>(std::allocator<cpp_dbc::MySQL::MySQLDriver>) (shared_ptr_base.h:519)
==268755== 
==268755== 24 bytes in 1 blocks are still reachable in loss record 627 of 2,004
==268755==    at 0x4848899: malloc (in /usr/libexec/valgrind/vgpreload_memcheck-amd64-linux.so)
==268755==    by 0x560C185: OPENSSL_LH_insert (in /usr/lib/x86_64-linux-gnu/libcrypto.so.3)
==268755==    by 0x562D0AA: OBJ_NAME_add (in /usr/lib/x86_64-linux-gnu/libcrypto.so.3)
==268755==    by 0x55FF684: EVP_add_cipher (in /usr/lib/x86_64-linux-gnu/libcrypto.so.3)
==268755==    by 0x561DD7A: ??? (in /usr/lib/x86_64-linux-gnu/libcrypto.so.3)
==268755==    by 0x522BEE7: __pthread_once_slow (pthread_once.c:116)
==268755==    by 0x5621C9C: CRYPTO_THREAD_run_once (in /usr/lib/x86_64-linux-gnu/libcrypto.so.3)
==268755==    by 0x561E9F0: OPENSSL_init_crypto (in /usr/lib/x86_64-linux-gnu/libcrypto.so.3)
==268755==    by 0x53EB9B6: OPENSSL_init_ssl (in /usr/lib/x86_64-linux-gnu/libssl.so.3)
==268755==    by 0x488FB29: mysql_server_init (in /usr/lib/x86_64-linux-gnu/libmysqlclient.so.21.2.42)
==268755==    by 0x1ED98C: cpp_dbc::MySQL::MySQLDriver::MySQLDriver() (driver_mysql.cpp:797)
==268755==    by 0x163CB6: decltype (::new ((void*)(0)) cpp_dbc::MySQL::MySQLDriver()) std::construct_at<cpp_dbc::MySQL::MySQLDriver>(cpp_dbc::MySQL::MySQLDriver*) (stl_construct.h:97)
==268755== 
==268755== 24 bytes in 1 blocks are still reachable in loss record 628 of 2,004
==268755==    at 0x4848899: malloc (in /usr/libexec/valgrind/vgpreload_memcheck-amd64-linux.so)
==268755==    by 0x562D068: OBJ_NAME_add (in /usr/lib/x86_64-linux-gnu/libcrypto.so.3)
==268755==    by 0x561DD7A: ??? (in /usr/lib/x86_64-linux-gnu/libcrypto.so.3)
==268755==    by 0x522BEE7: __pthread_once_slow (pthread_once.c:116)
==268755==    by 0x5621C9C: CRYPTO_THREAD_run_once (in /usr/lib/x86_64-linux-gnu/libcrypto.so.3)
==268755==    by 0x561E9F0: OPENSSL_init_crypto (in /usr/lib/x86_64-linux-gnu/libcrypto.so.3)
==268755==    by 0x53EB9B6: OPENSSL_init_ssl (in /usr/lib/x86_64-linux-gnu/libssl.so.3)
==268755==    by 0x488FB29: mysql_server_init (in /usr/lib/x86_64-linux-gnu/libmysqlclient.so.21.2.42)
==268755==    by 0x1ED98C: cpp_dbc::MySQL::MySQLDriver::MySQLDriver() (driver_mysql.cpp:797)
==268755==    by 0x163CB6: decltype (::new ((void*)(0)) cpp_dbc::MySQL::MySQLDriver()) std::construct_at<cpp_dbc::MySQL::MySQLDriver>(cpp_dbc::MySQL::MySQLDriver*) (stl_construct.h:97)
==268755==    by 0x163D03: void std::allocator_traits<std::allocator<cpp_dbc::MySQL::MySQLDriver> >::construct<cpp_dbc::MySQL::MySQLDriver>(std::allocator<cpp_dbc::MySQL::MySQLDriver>&, cpp_dbc::MySQL::MySQLDriver*) (alloc_traits.h:518)
==268755==    by 0x163861: std::_Sp_counted_ptr_inplace<cpp_dbc::MySQL::MySQLDriver, std::allocator<cpp_dbc::MySQL::MySQLDriver>, (__gnu_cxx::_Lock_policy)2>::_Sp_counted_ptr_inplace<>(std::allocator<cpp_dbc::MySQL::MySQLDriver>) (shared_ptr_base.h:519)
==268755== 
==268755== 24 bytes in 1 blocks are still reachable in loss record 629 of 2,004
==268755==    at 0x4848899: malloc (in /usr/libexec/valgrind/vgpreload_memcheck-amd64-linux.so)
==268755==    by 0x560C185: OPENSSL_LH_insert (in /usr/lib/x86_64-linux-gnu/libcrypto.so.3)
==268755==    by 0x562D0AA: OBJ_NAME_add (in /usr/lib/x86_64-linux-gnu/libcrypto.so.3)
==268755==    by 0x561DD8E: ??? (in /usr/lib/x86_64-linux-gnu/libcrypto.so.3)
==268755==    by 0x522BEE7: __pthread_once_slow (pthread_once.c:116)
==268755==    by 0x5621C9C: CRYPTO_THREAD_run_once (in /usr/lib/x86_64-linux-gnu/libcrypto.so.3)
==268755==    by 0x561E9F0: OPENSSL_init_crypto (in /usr/lib/x86_64-linux-gnu/libcrypto.so.3)
==268755==    by 0x53EB9B6: OPENSSL_init_ssl (in /usr/lib/x86_64-linux-gnu/libssl.so.3)
==268755==    by 0x488FB29: mysql_server_init (in /usr/lib/x86_64-linux-gnu/libmysqlclient.so.21.2.42)
==268755==    by 0x1ED98C: cpp_dbc::MySQL::MySQLDriver::MySQLDriver() (driver_mysql.cpp:797)
==268755==    by 0x163CB6: decltype (::new ((void*)(0)) cpp_dbc::MySQL::MySQLDriver()) std::construct_at<cpp_dbc::MySQL::MySQLDriver>(cpp_dbc::MySQL::MySQLDriver*) (stl_construct.h:97)
==268755==    by 0x163D03: void std::allocator_traits<std::allocator<cpp_dbc::MySQL::MySQLDriver> >::construct<cpp_dbc::MySQL::MySQLDriver>(std::allocator<cpp_dbc::MySQL::MySQLDriver>&, cpp_dbc::MySQL::MySQLDriver*) (alloc_traits.h:518)
==268755== 
==268755== 24 bytes in 1 blocks are still reachable in loss record 630 of 2,004
==268755==    at 0x4848899: malloc (in /usr/libexec/valgrind/vgpreload_memcheck-amd64-linux.so)
==268755==    by 0x562D068: OBJ_NAME_add (in /usr/lib/x86_64-linux-gnu/libcrypto.so.3)
==268755==    by 0x561DDA2: ??? (in /usr/lib/x86_64-linux-gnu/libcrypto.so.3)
==268755==    by 0x522BEE7: __pthread_once_slow (pthread_once.c:116)
==268755==    by 0x5621C9C: CRYPTO_THREAD_run_once (in /usr/lib/x86_64-linux-gnu/libcrypto.so.3)
==268755==    by 0x561E9F0: OPENSSL_init_crypto (in /usr/lib/x86_64-linux-gnu/libcrypto.so.3)
==268755==    by 0x53EB9B6: OPENSSL_init_ssl (in /usr/lib/x86_64-linux-gnu/libssl.so.3)
==268755==    by 0x488FB29: mysql_server_init (in /usr/lib/x86_64-linux-gnu/libmysqlclient.so.21.2.42)
==268755==    by 0x1ED98C: cpp_dbc::MySQL::MySQLDriver::MySQLDriver() (driver_mysql.cpp:797)
==268755==    by 0x163CB6: decltype (::new ((void*)(0)) cpp_dbc::MySQL::MySQLDriver()) std::construct_at<cpp_dbc::MySQL::MySQLDriver>(cpp_dbc::MySQL::MySQLDriver*) (stl_construct.h:97)
==268755==    by 0x163D03: void std::allocator_traits<std::allocator<cpp_dbc::MySQL::MySQLDriver> >::construct<cpp_dbc::MySQL::MySQLDriver>(std::allocator<cpp_dbc::MySQL::MySQLDriver>&, cpp_dbc::MySQL::MySQLDriver*) (alloc_traits.h:518)
==268755==    by 0x163861: std::_Sp_counted_ptr_inplace<cpp_dbc::MySQL::MySQLDriver, std::allocator<cpp_dbc::MySQL::MySQLDriver>, (__gnu_cxx::_Lock_policy)2>::_Sp_counted_ptr_inplace<>(std::allocator<cpp_dbc::MySQL::MySQLDriver>) (shared_ptr_base.h:519)
==268755== 
==268755== 24 bytes in 1 blocks are still reachable in loss record 631 of 2,004
==268755==    at 0x4848899: malloc (in /usr/libexec/valgrind/vgpreload_memcheck-amd64-linux.so)
==268755==    by 0x560C185: OPENSSL_LH_insert (in /usr/lib/x86_64-linux-gnu/libcrypto.so.3)
==268755==    by 0x562D0AA: OBJ_NAME_add (in /usr/lib/x86_64-linux-gnu/libcrypto.so.3)
==268755==    by 0x55FF684: EVP_add_cipher (in /usr/lib/x86_64-linux-gnu/libcrypto.so.3)
==268755==    by 0x561DDB6: ??? (in /usr/lib/x86_64-linux-gnu/libcrypto.so.3)
==268755==    by 0x522BEE7: __pthread_once_slow (pthread_once.c:116)
==268755==    by 0x5621C9C: CRYPTO_THREAD_run_once (in /usr/lib/x86_64-linux-gnu/libcrypto.so.3)
==268755==    by 0x561E9F0: OPENSSL_init_crypto (in /usr/lib/x86_64-linux-gnu/libcrypto.so.3)
==268755==    by 0x53EB9B6: OPENSSL_init_ssl (in /usr/lib/x86_64-linux-gnu/libssl.so.3)
==268755==    by 0x488FB29: mysql_server_init (in /usr/lib/x86_64-linux-gnu/libmysqlclient.so.21.2.42)
==268755==    by 0x1ED98C: cpp_dbc::MySQL::MySQLDriver::MySQLDriver() (driver_mysql.cpp:797)
==268755==    by 0x163CB6: decltype (::new ((void*)(0)) cpp_dbc::MySQL::MySQLDriver()) std::construct_at<cpp_dbc::MySQL::MySQLDriver>(cpp_dbc::MySQL::MySQLDriver*) (stl_construct.h:97)
==268755== 
==268755== 24 bytes in 1 blocks are still reachable in loss record 632 of 2,004
==268755==    at 0x4848899: malloc (in /usr/libexec/valgrind/vgpreload_memcheck-amd64-linux.so)
==268755==    by 0x562D068: OBJ_NAME_add (in /usr/lib/x86_64-linux-gnu/libcrypto.so.3)
==268755==    by 0x561DDB6: ??? (in /usr/lib/x86_64-linux-gnu/libcrypto.so.3)
==268755==    by 0x522BEE7: __pthread_once_slow (pthread_once.c:116)
==268755==    by 0x5621C9C: CRYPTO_THREAD_run_once (in /usr/lib/x86_64-linux-gnu/libcrypto.so.3)
==268755==    by 0x561E9F0: OPENSSL_init_crypto (in /usr/lib/x86_64-linux-gnu/libcrypto.so.3)
==268755==    by 0x53EB9B6: OPENSSL_init_ssl (in /usr/lib/x86_64-linux-gnu/libssl.so.3)
==268755==    by 0x488FB29: mysql_server_init (in /usr/lib/x86_64-linux-gnu/libmysqlclient.so.21.2.42)
==268755==    by 0x1ED98C: cpp_dbc::MySQL::MySQLDriver::MySQLDriver() (driver_mysql.cpp:797)
==268755==    by 0x163CB6: decltype (::new ((void*)(0)) cpp_dbc::MySQL::MySQLDriver()) std::construct_at<cpp_dbc::MySQL::MySQLDriver>(cpp_dbc::MySQL::MySQLDriver*) (stl_construct.h:97)
==268755==    by 0x163D03: void std::allocator_traits<std::allocator<cpp_dbc::MySQL::MySQLDriver> >::construct<cpp_dbc::MySQL::MySQLDriver>(std::allocator<cpp_dbc::MySQL::MySQLDriver>&, cpp_dbc::MySQL::MySQLDriver*) (alloc_traits.h:518)
==268755==    by 0x163861: std::_Sp_counted_ptr_inplace<cpp_dbc::MySQL::MySQLDriver, std::allocator<cpp_dbc::MySQL::MySQLDriver>, (__gnu_cxx::_Lock_policy)2>::_Sp_counted_ptr_inplace<>(std::allocator<cpp_dbc::MySQL::MySQLDriver>) (shared_ptr_base.h:519)
==268755== 
==268755== 24 bytes in 1 blocks are still reachable in loss record 633 of 2,004
==268755==    at 0x4848899: malloc (in /usr/libexec/valgrind/vgpreload_memcheck-amd64-linux.so)
==268755==    by 0x560C185: OPENSSL_LH_insert (in /usr/lib/x86_64-linux-gnu/libcrypto.so.3)
==268755==    by 0x562D0AA: OBJ_NAME_add (in /usr/lib/x86_64-linux-gnu/libcrypto.so.3)
==268755==    by 0x55FF684: EVP_add_cipher (in /usr/lib/x86_64-linux-gnu/libcrypto.so.3)
==268755==    by 0x561DDC3: ??? (in /usr/lib/x86_64-linux-gnu/libcrypto.so.3)
==268755==    by 0x522BEE7: __pthread_once_slow (pthread_once.c:116)
==268755==    by 0x5621C9C: CRYPTO_THREAD_run_once (in /usr/lib/x86_64-linux-gnu/libcrypto.so.3)
==268755==    by 0x561E9F0: OPENSSL_init_crypto (in /usr/lib/x86_64-linux-gnu/libcrypto.so.3)
==268755==    by 0x53EB9B6: OPENSSL_init_ssl (in /usr/lib/x86_64-linux-gnu/libssl.so.3)
==268755==    by 0x488FB29: mysql_server_init (in /usr/lib/x86_64-linux-gnu/libmysqlclient.so.21.2.42)
==268755==    by 0x1ED98C: cpp_dbc::MySQL::MySQLDriver::MySQLDriver() (driver_mysql.cpp:797)
==268755==    by 0x163CB6: decltype (::new ((void*)(0)) cpp_dbc::MySQL::MySQLDriver()) std::construct_at<cpp_dbc::MySQL::MySQLDriver>(cpp_dbc::MySQL::MySQLDriver*) (stl_construct.h:97)
==268755== 
==268755== 24 bytes in 1 blocks are still reachable in loss record 634 of 2,004
==268755==    at 0x4848899: malloc (in /usr/libexec/valgrind/vgpreload_memcheck-amd64-linux.so)
==268755==    by 0x562D068: OBJ_NAME_add (in /usr/lib/x86_64-linux-gnu/libcrypto.so.3)
==268755==    by 0x561DDC3: ??? (in /usr/lib/x86_64-linux-gnu/libcrypto.so.3)
==268755==    by 0x522BEE7: __pthread_once_slow (pthread_once.c:116)
==268755==    by 0x5621C9C: CRYPTO_THREAD_run_once (in /usr/lib/x86_64-linux-gnu/libcrypto.so.3)
==268755==    by 0x561E9F0: OPENSSL_init_crypto (in /usr/lib/x86_64-linux-gnu/libcrypto.so.3)
==268755==    by 0x53EB9B6: OPENSSL_init_ssl (in /usr/lib/x86_64-linux-gnu/libssl.so.3)
==268755==    by 0x488FB29: mysql_server_init (in /usr/lib/x86_64-linux-gnu/libmysqlclient.so.21.2.42)
==268755==    by 0x1ED98C: cpp_dbc::MySQL::MySQLDriver::MySQLDriver() (driver_mysql.cpp:797)
==268755==    by 0x163CB6: decltype (::new ((void*)(0)) cpp_dbc::MySQL::MySQLDriver()) std::construct_at<cpp_dbc::MySQL::MySQLDriver>(cpp_dbc::MySQL::MySQLDriver*) (stl_construct.h:97)
==268755==    by 0x163D03: void std::allocator_traits<std::allocator<cpp_dbc::MySQL::MySQLDriver> >::construct<cpp_dbc::MySQL::MySQLDriver>(std::allocator<cpp_dbc::MySQL::MySQLDriver>&, cpp_dbc::MySQL::MySQLDriver*) (alloc_traits.h:518)
==268755==    by 0x163861: std::_Sp_counted_ptr_inplace<cpp_dbc::MySQL::MySQLDriver, std::allocator<cpp_dbc::MySQL::MySQLDriver>, (__gnu_cxx::_Lock_policy)2>::_Sp_counted_ptr_inplace<>(std::allocator<cpp_dbc::MySQL::MySQLDriver>) (shared_ptr_base.h:519)
==268755== 
==268755== 24 bytes in 1 blocks are still reachable in loss record 635 of 2,004
==268755==    at 0x4848899: malloc (in /usr/libexec/valgrind/vgpreload_memcheck-amd64-linux.so)
==268755==    by 0x560C185: OPENSSL_LH_insert (in /usr/lib/x86_64-linux-gnu/libcrypto.so.3)
==268755==    by 0x562D0AA: OBJ_NAME_add (in /usr/lib/x86_64-linux-gnu/libcrypto.so.3)
==268755==    by 0x55FF684: EVP_add_cipher (in /usr/lib/x86_64-linux-gnu/libcrypto.so.3)
==268755==    by 0x561DDD0: ??? (in /usr/lib/x86_64-linux-gnu/libcrypto.so.3)
==268755==    by 0x522BEE7: __pthread_once_slow (pthread_once.c:116)
==268755==    by 0x5621C9C: CRYPTO_THREAD_run_once (in /usr/lib/x86_64-linux-gnu/libcrypto.so.3)
==268755==    by 0x561E9F0: OPENSSL_init_crypto (in /usr/lib/x86_64-linux-gnu/libcrypto.so.3)
==268755==    by 0x53EB9B6: OPENSSL_init_ssl (in /usr/lib/x86_64-linux-gnu/libssl.so.3)
==268755==    by 0x488FB29: mysql_server_init (in /usr/lib/x86_64-linux-gnu/libmysqlclient.so.21.2.42)
==268755==    by 0x1ED98C: cpp_dbc::MySQL::MySQLDriver::MySQLDriver() (driver_mysql.cpp:797)
==268755==    by 0x163CB6: decltype (::new ((void*)(0)) cpp_dbc::MySQL::MySQLDriver()) std::construct_at<cpp_dbc::MySQL::MySQLDriver>(cpp_dbc::MySQL::MySQLDriver*) (stl_construct.h:97)
==268755== 
==268755== 24 bytes in 1 blocks are still reachable in loss record 636 of 2,004
==268755==    at 0x4848899: malloc (in /usr/libexec/valgrind/vgpreload_memcheck-amd64-linux.so)
==268755==    by 0x562D068: OBJ_NAME_add (in /usr/lib/x86_64-linux-gnu/libcrypto.so.3)
==268755==    by 0x561DDD0: ??? (in /usr/lib/x86_64-linux-gnu/libcrypto.so.3)
==268755==    by 0x522BEE7: __pthread_once_slow (pthread_once.c:116)
==268755==    by 0x5621C9C: CRYPTO_THREAD_run_once (in /usr/lib/x86_64-linux-gnu/libcrypto.so.3)
==268755==    by 0x561E9F0: OPENSSL_init_crypto (in /usr/lib/x86_64-linux-gnu/libcrypto.so.3)
==268755==    by 0x53EB9B6: OPENSSL_init_ssl (in /usr/lib/x86_64-linux-gnu/libssl.so.3)
==268755==    by 0x488FB29: mysql_server_init (in /usr/lib/x86_64-linux-gnu/libmysqlclient.so.21.2.42)
==268755==    by 0x1ED98C: cpp_dbc::MySQL::MySQLDriver::MySQLDriver() (driver_mysql.cpp:797)
==268755==    by 0x163CB6: decltype (::new ((void*)(0)) cpp_dbc::MySQL::MySQLDriver()) std::construct_at<cpp_dbc::MySQL::MySQLDriver>(cpp_dbc::MySQL::MySQLDriver*) (stl_construct.h:97)
==268755==    by 0x163D03: void std::allocator_traits<std::allocator<cpp_dbc::MySQL::MySQLDriver> >::construct<cpp_dbc::MySQL::MySQLDriver>(std::allocator<cpp_dbc::MySQL::MySQLDriver>&, cpp_dbc::MySQL::MySQLDriver*) (alloc_traits.h:518)
==268755==    by 0x163861: std::_Sp_counted_ptr_inplace<cpp_dbc::MySQL::MySQLDriver, std::allocator<cpp_dbc::MySQL::MySQLDriver>, (__gnu_cxx::_Lock_policy)2>::_Sp_counted_ptr_inplace<>(std::allocator<cpp_dbc::MySQL::MySQLDriver>) (shared_ptr_base.h:519)
==268755== 
==268755== 24 bytes in 1 blocks are still reachable in loss record 637 of 2,004
==268755==    at 0x4848899: malloc (in /usr/libexec/valgrind/vgpreload_memcheck-amd64-linux.so)
==268755==    by 0x560C185: OPENSSL_LH_insert (in /usr/lib/x86_64-linux-gnu/libcrypto.so.3)
==268755==    by 0x562D0AA: OBJ_NAME_add (in /usr/lib/x86_64-linux-gnu/libcrypto.so.3)
==268755==    by 0x55FF684: EVP_add_cipher (in /usr/lib/x86_64-linux-gnu/libcrypto.so.3)
==268755==    by 0x561DDDD: ??? (in /usr/lib/x86_64-linux-gnu/libcrypto.so.3)
==268755==    by 0x522BEE7: __pthread_once_slow (pthread_once.c:116)
==268755==    by 0x5621C9C: CRYPTO_THREAD_run_once (in /usr/lib/x86_64-linux-gnu/libcrypto.so.3)
==268755==    by 0x561E9F0: OPENSSL_init_crypto (in /usr/lib/x86_64-linux-gnu/libcrypto.so.3)
==268755==    by 0x53EB9B6: OPENSSL_init_ssl (in /usr/lib/x86_64-linux-gnu/libssl.so.3)
==268755==    by 0x488FB29: mysql_server_init (in /usr/lib/x86_64-linux-gnu/libmysqlclient.so.21.2.42)
==268755==    by 0x1ED98C: cpp_dbc::MySQL::MySQLDriver::MySQLDriver() (driver_mysql.cpp:797)
==268755==    by 0x163CB6: decltype (::new ((void*)(0)) cpp_dbc::MySQL::MySQLDriver()) std::construct_at<cpp_dbc::MySQL::MySQLDriver>(cpp_dbc::MySQL::MySQLDriver*) (stl_construct.h:97)
==268755== 
==268755== 24 bytes in 1 blocks are still reachable in loss record 638 of 2,004
==268755==    at 0x4848899: malloc (in /usr/libexec/valgrind/vgpreload_memcheck-amd64-linux.so)
==268755==    by 0x562D068: OBJ_NAME_add (in /usr/lib/x86_64-linux-gnu/libcrypto.so.3)
==268755==    by 0x561DDDD: ??? (in /usr/lib/x86_64-linux-gnu/libcrypto.so.3)
==268755==    by 0x522BEE7: __pthread_once_slow (pthread_once.c:116)
==268755==    by 0x5621C9C: CRYPTO_THREAD_run_once (in /usr/lib/x86_64-linux-gnu/libcrypto.so.3)
==268755==    by 0x561E9F0: OPENSSL_init_crypto (in /usr/lib/x86_64-linux-gnu/libcrypto.so.3)
==268755==    by 0x53EB9B6: OPENSSL_init_ssl (in /usr/lib/x86_64-linux-gnu/libssl.so.3)
==268755==    by 0x488FB29: mysql_server_init (in /usr/lib/x86_64-linux-gnu/libmysqlclient.so.21.2.42)
==268755==    by 0x1ED98C: cpp_dbc::MySQL::MySQLDriver::MySQLDriver() (driver_mysql.cpp:797)
==268755==    by 0x163CB6: decltype (::new ((void*)(0)) cpp_dbc::MySQL::MySQLDriver()) std::construct_at<cpp_dbc::MySQL::MySQLDriver>(cpp_dbc::MySQL::MySQLDriver*) (stl_construct.h:97)
==268755==    by 0x163D03: void std::allocator_traits<std::allocator<cpp_dbc::MySQL::MySQLDriver> >::construct<cpp_dbc::MySQL::MySQLDriver>(std::allocator<cpp_dbc::MySQL::MySQLDriver>&, cpp_dbc::MySQL::MySQLDriver*) (alloc_traits.h:518)
==268755==    by 0x163861: std::_Sp_counted_ptr_inplace<cpp_dbc::MySQL::MySQLDriver, std::allocator<cpp_dbc::MySQL::MySQLDriver>, (__gnu_cxx::_Lock_policy)2>::_Sp_counted_ptr_inplace<>(std::allocator<cpp_dbc::MySQL::MySQLDriver>) (shared_ptr_base.h:519)
==268755== 
==268755== 24 bytes in 1 blocks are still reachable in loss record 639 of 2,004
==268755==    at 0x4848899: malloc (in /usr/libexec/valgrind/vgpreload_memcheck-amd64-linux.so)
==268755==    by 0x560C185: OPENSSL_LH_insert (in /usr/lib/x86_64-linux-gnu/libcrypto.so.3)
==268755==    by 0x562D0AA: OBJ_NAME_add (in /usr/lib/x86_64-linux-gnu/libcrypto.so.3)
==268755==    by 0x55FF684: EVP_add_cipher (in /usr/lib/x86_64-linux-gnu/libcrypto.so.3)
==268755==    by 0x561DDEA: ??? (in /usr/lib/x86_64-linux-gnu/libcrypto.so.3)
==268755==    by 0x522BEE7: __pthread_once_slow (pthread_once.c:116)
==268755==    by 0x5621C9C: CRYPTO_THREAD_run_once (in /usr/lib/x86_64-linux-gnu/libcrypto.so.3)
==268755==    by 0x561E9F0: OPENSSL_init_crypto (in /usr/lib/x86_64-linux-gnu/libcrypto.so.3)
==268755==    by 0x53EB9B6: OPENSSL_init_ssl (in /usr/lib/x86_64-linux-gnu/libssl.so.3)
==268755==    by 0x488FB29: mysql_server_init (in /usr/lib/x86_64-linux-gnu/libmysqlclient.so.21.2.42)
==268755==    by 0x1ED98C: cpp_dbc::MySQL::MySQLDriver::MySQLDriver() (driver_mysql.cpp:797)
==268755==    by 0x163CB6: decltype (::new ((void*)(0)) cpp_dbc::MySQL::MySQLDriver()) std::construct_at<cpp_dbc::MySQL::MySQLDriver>(cpp_dbc::MySQL::MySQLDriver*) (stl_construct.h:97)
==268755== 
==268755== 24 bytes in 1 blocks are still reachable in loss record 640 of 2,004
==268755==    at 0x4848899: malloc (in /usr/libexec/valgrind/vgpreload_memcheck-amd64-linux.so)
==268755==    by 0x562D068: OBJ_NAME_add (in /usr/lib/x86_64-linux-gnu/libcrypto.so.3)
==268755==    by 0x561DDEA: ??? (in /usr/lib/x86_64-linux-gnu/libcrypto.so.3)
==268755==    by 0x522BEE7: __pthread_once_slow (pthread_once.c:116)
==268755==    by 0x5621C9C: CRYPTO_THREAD_run_once (in /usr/lib/x86_64-linux-gnu/libcrypto.so.3)
==268755==    by 0x561E9F0: OPENSSL_init_crypto (in /usr/lib/x86_64-linux-gnu/libcrypto.so.3)
==268755==    by 0x53EB9B6: OPENSSL_init_ssl (in /usr/lib/x86_64-linux-gnu/libssl.so.3)
==268755==    by 0x488FB29: mysql_server_init (in /usr/lib/x86_64-linux-gnu/libmysqlclient.so.21.2.42)
==268755==    by 0x1ED98C: cpp_dbc::MySQL::MySQLDriver::MySQLDriver() (driver_mysql.cpp:797)
==268755==    by 0x163CB6: decltype (::new ((void*)(0)) cpp_dbc::MySQL::MySQLDriver()) std::construct_at<cpp_dbc::MySQL::MySQLDriver>(cpp_dbc::MySQL::MySQLDriver*) (stl_construct.h:97)
==268755==    by 0x163D03: void std::allocator_traits<std::allocator<cpp_dbc::MySQL::MySQLDriver> >::construct<cpp_dbc::MySQL::MySQLDriver>(std::allocator<cpp_dbc::MySQL::MySQLDriver>&, cpp_dbc::MySQL::MySQLDriver*) (alloc_traits.h:518)
==268755==    by 0x163861: std::_Sp_counted_ptr_inplace<cpp_dbc::MySQL::MySQLDriver, std::allocator<cpp_dbc::MySQL::MySQLDriver>, (__gnu_cxx::_Lock_policy)2>::_Sp_counted_ptr_inplace<>(std::allocator<cpp_dbc::MySQL::MySQLDriver>) (shared_ptr_base.h:519)
==268755== 
==268755== 24 bytes in 1 blocks are still reachable in loss record 641 of 2,004
==268755==    at 0x4848899: malloc (in /usr/libexec/valgrind/vgpreload_memcheck-amd64-linux.so)
==268755==    by 0x560C185: OPENSSL_LH_insert (in /usr/lib/x86_64-linux-gnu/libcrypto.so.3)
==268755==    by 0x562D0AA: OBJ_NAME_add (in /usr/lib/x86_64-linux-gnu/libcrypto.so.3)
==268755==    by 0x55FF684: EVP_add_cipher (in /usr/lib/x86_64-linux-gnu/libcrypto.so.3)
==268755==    by 0x561DDF7: ??? (in /usr/lib/x86_64-linux-gnu/libcrypto.so.3)
==268755==    by 0x522BEE7: __pthread_once_slow (pthread_once.c:116)
==268755==    by 0x5621C9C: CRYPTO_THREAD_run_once (in /usr/lib/x86_64-linux-gnu/libcrypto.so.3)
==268755==    by 0x561E9F0: OPENSSL_init_crypto (in /usr/lib/x86_64-linux-gnu/libcrypto.so.3)
==268755==    by 0x53EB9B6: OPENSSL_init_ssl (in /usr/lib/x86_64-linux-gnu/libssl.so.3)
==268755==    by 0x488FB29: mysql_server_init (in /usr/lib/x86_64-linux-gnu/libmysqlclient.so.21.2.42)
==268755==    by 0x1ED98C: cpp_dbc::MySQL::MySQLDriver::MySQLDriver() (driver_mysql.cpp:797)
==268755==    by 0x163CB6: decltype (::new ((void*)(0)) cpp_dbc::MySQL::MySQLDriver()) std::construct_at<cpp_dbc::MySQL::MySQLDriver>(cpp_dbc::MySQL::MySQLDriver*) (stl_construct.h:97)
==268755== 
==268755== 24 bytes in 1 blocks are still reachable in loss record 642 of 2,004
==268755==    at 0x4848899: malloc (in /usr/libexec/valgrind/vgpreload_memcheck-amd64-linux.so)
==268755==    by 0x562D068: OBJ_NAME_add (in /usr/lib/x86_64-linux-gnu/libcrypto.so.3)
==268755==    by 0x561DDF7: ??? (in /usr/lib/x86_64-linux-gnu/libcrypto.so.3)
==268755==    by 0x522BEE7: __pthread_once_slow (pthread_once.c:116)
==268755==    by 0x5621C9C: CRYPTO_THREAD_run_once (in /usr/lib/x86_64-linux-gnu/libcrypto.so.3)
==268755==    by 0x561E9F0: OPENSSL_init_crypto (in /usr/lib/x86_64-linux-gnu/libcrypto.so.3)
==268755==    by 0x53EB9B6: OPENSSL_init_ssl (in /usr/lib/x86_64-linux-gnu/libssl.so.3)
==268755==    by 0x488FB29: mysql_server_init (in /usr/lib/x86_64-linux-gnu/libmysqlclient.so.21.2.42)
==268755==    by 0x1ED98C: cpp_dbc::MySQL::MySQLDriver::MySQLDriver() (driver_mysql.cpp:797)
==268755==    by 0x163CB6: decltype (::new ((void*)(0)) cpp_dbc::MySQL::MySQLDriver()) std::construct_at<cpp_dbc::MySQL::MySQLDriver>(cpp_dbc::MySQL::MySQLDriver*) (stl_construct.h:97)
==268755==    by 0x163D03: void std::allocator_traits<std::allocator<cpp_dbc::MySQL::MySQLDriver> >::construct<cpp_dbc::MySQL::MySQLDriver>(std::allocator<cpp_dbc::MySQL::MySQLDriver>&, cpp_dbc::MySQL::MySQLDriver*) (alloc_traits.h:518)
==268755==    by 0x163861: std::_Sp_counted_ptr_inplace<cpp_dbc::MySQL::MySQLDriver, std::allocator<cpp_dbc::MySQL::MySQLDriver>, (__gnu_cxx::_Lock_policy)2>::_Sp_counted_ptr_inplace<>(std::allocator<cpp_dbc::MySQL::MySQLDriver>) (shared_ptr_base.h:519)
==268755== 
==268755== 24 bytes in 1 blocks are still reachable in loss record 643 of 2,004
==268755==    at 0x4848899: malloc (in /usr/libexec/valgrind/vgpreload_memcheck-amd64-linux.so)
==268755==    by 0x560C185: OPENSSL_LH_insert (in /usr/lib/x86_64-linux-gnu/libcrypto.so.3)
==268755==    by 0x562D0AA: OBJ_NAME_add (in /usr/lib/x86_64-linux-gnu/libcrypto.so.3)
==268755==    by 0x561DE0B: ??? (in /usr/lib/x86_64-linux-gnu/libcrypto.so.3)
==268755==    by 0x522BEE7: __pthread_once_slow (pthread_once.c:116)
==268755==    by 0x5621C9C: CRYPTO_THREAD_run_once (in /usr/lib/x86_64-linux-gnu/libcrypto.so.3)
==268755==    by 0x561E9F0: OPENSSL_init_crypto (in /usr/lib/x86_64-linux-gnu/libcrypto.so.3)
==268755==    by 0x53EB9B6: OPENSSL_init_ssl (in /usr/lib/x86_64-linux-gnu/libssl.so.3)
==268755==    by 0x488FB29: mysql_server_init (in /usr/lib/x86_64-linux-gnu/libmysqlclient.so.21.2.42)
==268755==    by 0x1ED98C: cpp_dbc::MySQL::MySQLDriver::MySQLDriver() (driver_mysql.cpp:797)
==268755==    by 0x163CB6: decltype (::new ((void*)(0)) cpp_dbc::MySQL::MySQLDriver()) std::construct_at<cpp_dbc::MySQL::MySQLDriver>(cpp_dbc::MySQL::MySQLDriver*) (stl_construct.h:97)
==268755==    by 0x163D03: void std::allocator_traits<std::allocator<cpp_dbc::MySQL::MySQLDriver> >::construct<cpp_dbc::MySQL::MySQLDriver>(std::allocator<cpp_dbc::MySQL::MySQLDriver>&, cpp_dbc::MySQL::MySQLDriver*) (alloc_traits.h:518)
==268755== 
==268755== 24 bytes in 1 blocks are still reachable in loss record 644 of 2,004
==268755==    at 0x4848899: malloc (in /usr/libexec/valgrind/vgpreload_memcheck-amd64-linux.so)
==268755==    by 0x562D068: OBJ_NAME_add (in /usr/lib/x86_64-linux-gnu/libcrypto.so.3)
==268755==    by 0x561DE1F: ??? (in /usr/lib/x86_64-linux-gnu/libcrypto.so.3)
==268755==    by 0x522BEE7: __pthread_once_slow (pthread_once.c:116)
==268755==    by 0x5621C9C: CRYPTO_THREAD_run_once (in /usr/lib/x86_64-linux-gnu/libcrypto.so.3)
==268755==    by 0x561E9F0: OPENSSL_init_crypto (in /usr/lib/x86_64-linux-gnu/libcrypto.so.3)
==268755==    by 0x53EB9B6: OPENSSL_init_ssl (in /usr/lib/x86_64-linux-gnu/libssl.so.3)
==268755==    by 0x488FB29: mysql_server_init (in /usr/lib/x86_64-linux-gnu/libmysqlclient.so.21.2.42)
==268755==    by 0x1ED98C: cpp_dbc::MySQL::MySQLDriver::MySQLDriver() (driver_mysql.cpp:797)
==268755==    by 0x163CB6: decltype (::new ((void*)(0)) cpp_dbc::MySQL::MySQLDriver()) std::construct_at<cpp_dbc::MySQL::MySQLDriver>(cpp_dbc::MySQL::MySQLDriver*) (stl_construct.h:97)
==268755==    by 0x163D03: void std::allocator_traits<std::allocator<cpp_dbc::MySQL::MySQLDriver> >::construct<cpp_dbc::MySQL::MySQLDriver>(std::allocator<cpp_dbc::MySQL::MySQLDriver>&, cpp_dbc::MySQL::MySQLDriver*) (alloc_traits.h:518)
==268755==    by 0x163861: std::_Sp_counted_ptr_inplace<cpp_dbc::MySQL::MySQLDriver, std::allocator<cpp_dbc::MySQL::MySQLDriver>, (__gnu_cxx::_Lock_policy)2>::_Sp_counted_ptr_inplace<>(std::allocator<cpp_dbc::MySQL::MySQLDriver>) (shared_ptr_base.h:519)
==268755== 
==268755== 24 bytes in 1 blocks are still reachable in loss record 645 of 2,004
==268755==    at 0x4848899: malloc (in /usr/libexec/valgrind/vgpreload_memcheck-amd64-linux.so)
==268755==    by 0x560C185: OPENSSL_LH_insert (in /usr/lib/x86_64-linux-gnu/libcrypto.so.3)
==268755==    by 0x562D0AA: OBJ_NAME_add (in /usr/lib/x86_64-linux-gnu/libcrypto.so.3)
==268755==    by 0x55FF684: EVP_add_cipher (in /usr/lib/x86_64-linux-gnu/libcrypto.so.3)
==268755==    by 0x561DE33: ??? (in /usr/lib/x86_64-linux-gnu/libcrypto.so.3)
==268755==    by 0x522BEE7: __pthread_once_slow (pthread_once.c:116)
==268755==    by 0x5621C9C: CRYPTO_THREAD_run_once (in /usr/lib/x86_64-linux-gnu/libcrypto.so.3)
==268755==    by 0x561E9F0: OPENSSL_init_crypto (in /usr/lib/x86_64-linux-gnu/libcrypto.so.3)
==268755==    by 0x53EB9B6: OPENSSL_init_ssl (in /usr/lib/x86_64-linux-gnu/libssl.so.3)
==268755==    by 0x488FB29: mysql_server_init (in /usr/lib/x86_64-linux-gnu/libmysqlclient.so.21.2.42)
==268755==    by 0x1ED98C: cpp_dbc::MySQL::MySQLDriver::MySQLDriver() (driver_mysql.cpp:797)
==268755==    by 0x163CB6: decltype (::new ((void*)(0)) cpp_dbc::MySQL::MySQLDriver()) std::construct_at<cpp_dbc::MySQL::MySQLDriver>(cpp_dbc::MySQL::MySQLDriver*) (stl_construct.h:97)
==268755== 
==268755== 24 bytes in 1 blocks are still reachable in loss record 646 of 2,004
==268755==    at 0x4848899: malloc (in /usr/libexec/valgrind/vgpreload_memcheck-amd64-linux.so)
==268755==    by 0x562D068: OBJ_NAME_add (in /usr/lib/x86_64-linux-gnu/libcrypto.so.3)
==268755==    by 0x561DE33: ??? (in /usr/lib/x86_64-linux-gnu/libcrypto.so.3)
==268755==    by 0x522BEE7: __pthread_once_slow (pthread_once.c:116)
==268755==    by 0x5621C9C: CRYPTO_THREAD_run_once (in /usr/lib/x86_64-linux-gnu/libcrypto.so.3)
==268755==    by 0x561E9F0: OPENSSL_init_crypto (in /usr/lib/x86_64-linux-gnu/libcrypto.so.3)
==268755==    by 0x53EB9B6: OPENSSL_init_ssl (in /usr/lib/x86_64-linux-gnu/libssl.so.3)
==268755==    by 0x488FB29: mysql_server_init (in /usr/lib/x86_64-linux-gnu/libmysqlclient.so.21.2.42)
==268755==    by 0x1ED98C: cpp_dbc::MySQL::MySQLDriver::MySQLDriver() (driver_mysql.cpp:797)
==268755==    by 0x163CB6: decltype (::new ((void*)(0)) cpp_dbc::MySQL::MySQLDriver()) std::construct_at<cpp_dbc::MySQL::MySQLDriver>(cpp_dbc::MySQL::MySQLDriver*) (stl_construct.h:97)
==268755==    by 0x163D03: void std::allocator_traits<std::allocator<cpp_dbc::MySQL::MySQLDriver> >::construct<cpp_dbc::MySQL::MySQLDriver>(std::allocator<cpp_dbc::MySQL::MySQLDriver>&, cpp_dbc::MySQL::MySQLDriver*) (alloc_traits.h:518)
==268755==    by 0x163861: std::_Sp_counted_ptr_inplace<cpp_dbc::MySQL::MySQLDriver, std::allocator<cpp_dbc::MySQL::MySQLDriver>, (__gnu_cxx::_Lock_policy)2>::_Sp_counted_ptr_inplace<>(std::allocator<cpp_dbc::MySQL::MySQLDriver>) (shared_ptr_base.h:519)
==268755== 
==268755== 24 bytes in 1 blocks are still reachable in loss record 647 of 2,004
==268755==    at 0x4848899: malloc (in /usr/libexec/valgrind/vgpreload_memcheck-amd64-linux.so)
==268755==    by 0x560C185: OPENSSL_LH_insert (in /usr/lib/x86_64-linux-gnu/libcrypto.so.3)
==268755==    by 0x562D0AA: OBJ_NAME_add (in /usr/lib/x86_64-linux-gnu/libcrypto.so.3)
==268755==    by 0x55FF684: EVP_add_cipher (in /usr/lib/x86_64-linux-gnu/libcrypto.so.3)
==268755==    by 0x561DE40: ??? (in /usr/lib/x86_64-linux-gnu/libcrypto.so.3)
==268755==    by 0x522BEE7: __pthread_once_slow (pthread_once.c:116)
==268755==    by 0x5621C9C: CRYPTO_THREAD_run_once (in /usr/lib/x86_64-linux-gnu/libcrypto.so.3)
==268755==    by 0x561E9F0: OPENSSL_init_crypto (in /usr/lib/x86_64-linux-gnu/libcrypto.so.3)
==268755==    by 0x53EB9B6: OPENSSL_init_ssl (in /usr/lib/x86_64-linux-gnu/libssl.so.3)
==268755==    by 0x488FB29: mysql_server_init (in /usr/lib/x86_64-linux-gnu/libmysqlclient.so.21.2.42)
==268755==    by 0x1ED98C: cpp_dbc::MySQL::MySQLDriver::MySQLDriver() (driver_mysql.cpp:797)
==268755==    by 0x163CB6: decltype (::new ((void*)(0)) cpp_dbc::MySQL::MySQLDriver()) std::construct_at<cpp_dbc::MySQL::MySQLDriver>(cpp_dbc::MySQL::MySQLDriver*) (stl_construct.h:97)
==268755== 
==268755== 24 bytes in 1 blocks are still reachable in loss record 648 of 2,004
==268755==    at 0x4848899: malloc (in /usr/libexec/valgrind/vgpreload_memcheck-amd64-linux.so)
==268755==    by 0x562D068: OBJ_NAME_add (in /usr/lib/x86_64-linux-gnu/libcrypto.so.3)
==268755==    by 0x561DE40: ??? (in /usr/lib/x86_64-linux-gnu/libcrypto.so.3)
==268755==    by 0x522BEE7: __pthread_once_slow (pthread_once.c:116)
==268755==    by 0x5621C9C: CRYPTO_THREAD_run_once (in /usr/lib/x86_64-linux-gnu/libcrypto.so.3)
==268755==    by 0x561E9F0: OPENSSL_init_crypto (in /usr/lib/x86_64-linux-gnu/libcrypto.so.3)
==268755==    by 0x53EB9B6: OPENSSL_init_ssl (in /usr/lib/x86_64-linux-gnu/libssl.so.3)
==268755==    by 0x488FB29: mysql_server_init (in /usr/lib/x86_64-linux-gnu/libmysqlclient.so.21.2.42)
==268755==    by 0x1ED98C: cpp_dbc::MySQL::MySQLDriver::MySQLDriver() (driver_mysql.cpp:797)
==268755==    by 0x163CB6: decltype (::new ((void*)(0)) cpp_dbc::MySQL::MySQLDriver()) std::construct_at<cpp_dbc::MySQL::MySQLDriver>(cpp_dbc::MySQL::MySQLDriver*) (stl_construct.h:97)
==268755==    by 0x163D03: void std::allocator_traits<std::allocator<cpp_dbc::MySQL::MySQLDriver> >::construct<cpp_dbc::MySQL::MySQLDriver>(std::allocator<cpp_dbc::MySQL::MySQLDriver>&, cpp_dbc::MySQL::MySQLDriver*) (alloc_traits.h:518)
==268755==    by 0x163861: std::_Sp_counted_ptr_inplace<cpp_dbc::MySQL::MySQLDriver, std::allocator<cpp_dbc::MySQL::MySQLDriver>, (__gnu_cxx::_Lock_policy)2>::_Sp_counted_ptr_inplace<>(std::allocator<cpp_dbc::MySQL::MySQLDriver>) (shared_ptr_base.h:519)
==268755== 
==268755== 24 bytes in 1 blocks are still reachable in loss record 649 of 2,004
==268755==    at 0x4848899: malloc (in /usr/libexec/valgrind/vgpreload_memcheck-amd64-linux.so)
==268755==    by 0x560C185: OPENSSL_LH_insert (in /usr/lib/x86_64-linux-gnu/libcrypto.so.3)
==268755==    by 0x562D0AA: OBJ_NAME_add (in /usr/lib/x86_64-linux-gnu/libcrypto.so.3)
==268755==    by 0x55FF684: EVP_add_cipher (in /usr/lib/x86_64-linux-gnu/libcrypto.so.3)
==268755==    by 0x561DE4D: ??? (in /usr/lib/x86_64-linux-gnu/libcrypto.so.3)
==268755==    by 0x522BEE7: __pthread_once_slow (pthread_once.c:116)
==268755==    by 0x5621C9C: CRYPTO_THREAD_run_once (in /usr/lib/x86_64-linux-gnu/libcrypto.so.3)
==268755==    by 0x561E9F0: OPENSSL_init_crypto (in /usr/lib/x86_64-linux-gnu/libcrypto.so.3)
==268755==    by 0x53EB9B6: OPENSSL_init_ssl (in /usr/lib/x86_64-linux-gnu/libssl.so.3)
==268755==    by 0x488FB29: mysql_server_init (in /usr/lib/x86_64-linux-gnu/libmysqlclient.so.21.2.42)
==268755==    by 0x1ED98C: cpp_dbc::MySQL::MySQLDriver::MySQLDriver() (driver_mysql.cpp:797)
==268755==    by 0x163CB6: decltype (::new ((void*)(0)) cpp_dbc::MySQL::MySQLDriver()) std::construct_at<cpp_dbc::MySQL::MySQLDriver>(cpp_dbc::MySQL::MySQLDriver*) (stl_construct.h:97)
==268755== 
==268755== 24 bytes in 1 blocks are still reachable in loss record 650 of 2,004
==268755==    at 0x4848899: malloc (in /usr/libexec/valgrind/vgpreload_memcheck-amd64-linux.so)
==268755==    by 0x562D068: OBJ_NAME_add (in /usr/lib/x86_64-linux-gnu/libcrypto.so.3)
==268755==    by 0x561DE4D: ??? (in /usr/lib/x86_64-linux-gnu/libcrypto.so.3)
==268755==    by 0x522BEE7: __pthread_once_slow (pthread_once.c:116)
==268755==    by 0x5621C9C: CRYPTO_THREAD_run_once (in /usr/lib/x86_64-linux-gnu/libcrypto.so.3)
==268755==    by 0x561E9F0: OPENSSL_init_crypto (in /usr/lib/x86_64-linux-gnu/libcrypto.so.3)
==268755==    by 0x53EB9B6: OPENSSL_init_ssl (in /usr/lib/x86_64-linux-gnu/libssl.so.3)
==268755==    by 0x488FB29: mysql_server_init (in /usr/lib/x86_64-linux-gnu/libmysqlclient.so.21.2.42)
==268755==    by 0x1ED98C: cpp_dbc::MySQL::MySQLDriver::MySQLDriver() (driver_mysql.cpp:797)
==268755==    by 0x163CB6: decltype (::new ((void*)(0)) cpp_dbc::MySQL::MySQLDriver()) std::construct_at<cpp_dbc::MySQL::MySQLDriver>(cpp_dbc::MySQL::MySQLDriver*) (stl_construct.h:97)
==268755==    by 0x163D03: void std::allocator_traits<std::allocator<cpp_dbc::MySQL::MySQLDriver> >::construct<cpp_dbc::MySQL::MySQLDriver>(std::allocator<cpp_dbc::MySQL::MySQLDriver>&, cpp_dbc::MySQL::MySQLDriver*) (alloc_traits.h:518)
==268755==    by 0x163861: std::_Sp_counted_ptr_inplace<cpp_dbc::MySQL::MySQLDriver, std::allocator<cpp_dbc::MySQL::MySQLDriver>, (__gnu_cxx::_Lock_policy)2>::_Sp_counted_ptr_inplace<>(std::allocator<cpp_dbc::MySQL::MySQLDriver>) (shared_ptr_base.h:519)
==268755== 
==268755== 24 bytes in 1 blocks are still reachable in loss record 651 of 2,004
==268755==    at 0x4848899: malloc (in /usr/libexec/valgrind/vgpreload_memcheck-amd64-linux.so)
==268755==    by 0x560C185: OPENSSL_LH_insert (in /usr/lib/x86_64-linux-gnu/libcrypto.so.3)
==268755==    by 0x562D0AA: OBJ_NAME_add (in /usr/lib/x86_64-linux-gnu/libcrypto.so.3)
==268755==    by 0x55FF684: EVP_add_cipher (in /usr/lib/x86_64-linux-gnu/libcrypto.so.3)
==268755==    by 0x561DE5A: ??? (in /usr/lib/x86_64-linux-gnu/libcrypto.so.3)
==268755==    by 0x522BEE7: __pthread_once_slow (pthread_once.c:116)
==268755==    by 0x5621C9C: CRYPTO_THREAD_run_once (in /usr/lib/x86_64-linux-gnu/libcrypto.so.3)
==268755==    by 0x561E9F0: OPENSSL_init_crypto (in /usr/lib/x86_64-linux-gnu/libcrypto.so.3)
==268755==    by 0x53EB9B6: OPENSSL_init_ssl (in /usr/lib/x86_64-linux-gnu/libssl.so.3)
==268755==    by 0x488FB29: mysql_server_init (in /usr/lib/x86_64-linux-gnu/libmysqlclient.so.21.2.42)
==268755==    by 0x1ED98C: cpp_dbc::MySQL::MySQLDriver::MySQLDriver() (driver_mysql.cpp:797)
==268755==    by 0x163CB6: decltype (::new ((void*)(0)) cpp_dbc::MySQL::MySQLDriver()) std::construct_at<cpp_dbc::MySQL::MySQLDriver>(cpp_dbc::MySQL::MySQLDriver*) (stl_construct.h:97)
==268755== 
==268755== 24 bytes in 1 blocks are still reachable in loss record 652 of 2,004
==268755==    at 0x4848899: malloc (in /usr/libexec/valgrind/vgpreload_memcheck-amd64-linux.so)
==268755==    by 0x562D068: OBJ_NAME_add (in /usr/lib/x86_64-linux-gnu/libcrypto.so.3)
==268755==    by 0x561DE5A: ??? (in /usr/lib/x86_64-linux-gnu/libcrypto.so.3)
==268755==    by 0x522BEE7: __pthread_once_slow (pthread_once.c:116)
==268755==    by 0x5621C9C: CRYPTO_THREAD_run_once (in /usr/lib/x86_64-linux-gnu/libcrypto.so.3)
==268755==    by 0x561E9F0: OPENSSL_init_crypto (in /usr/lib/x86_64-linux-gnu/libcrypto.so.3)
==268755==    by 0x53EB9B6: OPENSSL_init_ssl (in /usr/lib/x86_64-linux-gnu/libssl.so.3)
==268755==    by 0x488FB29: mysql_server_init (in /usr/lib/x86_64-linux-gnu/libmysqlclient.so.21.2.42)
==268755==    by 0x1ED98C: cpp_dbc::MySQL::MySQLDriver::MySQLDriver() (driver_mysql.cpp:797)
==268755==    by 0x163CB6: decltype (::new ((void*)(0)) cpp_dbc::MySQL::MySQLDriver()) std::construct_at<cpp_dbc::MySQL::MySQLDriver>(cpp_dbc::MySQL::MySQLDriver*) (stl_construct.h:97)
==268755==    by 0x163D03: void std::allocator_traits<std::allocator<cpp_dbc::MySQL::MySQLDriver> >::construct<cpp_dbc::MySQL::MySQLDriver>(std::allocator<cpp_dbc::MySQL::MySQLDriver>&, cpp_dbc::MySQL::MySQLDriver*) (alloc_traits.h:518)
==268755==    by 0x163861: std::_Sp_counted_ptr_inplace<cpp_dbc::MySQL::MySQLDriver, std::allocator<cpp_dbc::MySQL::MySQLDriver>, (__gnu_cxx::_Lock_policy)2>::_Sp_counted_ptr_inplace<>(std::allocator<cpp_dbc::MySQL::MySQLDriver>) (shared_ptr_base.h:519)
==268755== 
==268755== 24 bytes in 1 blocks are still reachable in loss record 653 of 2,004
==268755==    at 0x4848899: malloc (in /usr/libexec/valgrind/vgpreload_memcheck-amd64-linux.so)
==268755==    by 0x560C185: OPENSSL_LH_insert (in /usr/lib/x86_64-linux-gnu/libcrypto.so.3)
==268755==    by 0x562D0AA: OBJ_NAME_add (in /usr/lib/x86_64-linux-gnu/libcrypto.so.3)
==268755==    by 0x55FF684: EVP_add_cipher (in /usr/lib/x86_64-linux-gnu/libcrypto.so.3)
==268755==    by 0x561DE67: ??? (in /usr/lib/x86_64-linux-gnu/libcrypto.so.3)
==268755==    by 0x522BEE7: __pthread_once_slow (pthread_once.c:116)
==268755==    by 0x5621C9C: CRYPTO_THREAD_run_once (in /usr/lib/x86_64-linux-gnu/libcrypto.so.3)
==268755==    by 0x561E9F0: OPENSSL_init_crypto (in /usr/lib/x86_64-linux-gnu/libcrypto.so.3)
==268755==    by 0x53EB9B6: OPENSSL_init_ssl (in /usr/lib/x86_64-linux-gnu/libssl.so.3)
==268755==    by 0x488FB29: mysql_server_init (in /usr/lib/x86_64-linux-gnu/libmysqlclient.so.21.2.42)
==268755==    by 0x1ED98C: cpp_dbc::MySQL::MySQLDriver::MySQLDriver() (driver_mysql.cpp:797)
==268755==    by 0x163CB6: decltype (::new ((void*)(0)) cpp_dbc::MySQL::MySQLDriver()) std::construct_at<cpp_dbc::MySQL::MySQLDriver>(cpp_dbc::MySQL::MySQLDriver*) (stl_construct.h:97)
==268755== 
==268755== 24 bytes in 1 blocks are still reachable in loss record 654 of 2,004
==268755==    at 0x4848899: malloc (in /usr/libexec/valgrind/vgpreload_memcheck-amd64-linux.so)
==268755==    by 0x562D068: OBJ_NAME_add (in /usr/lib/x86_64-linux-gnu/libcrypto.so.3)
==268755==    by 0x561DE67: ??? (in /usr/lib/x86_64-linux-gnu/libcrypto.so.3)
==268755==    by 0x522BEE7: __pthread_once_slow (pthread_once.c:116)
==268755==    by 0x5621C9C: CRYPTO_THREAD_run_once (in /usr/lib/x86_64-linux-gnu/libcrypto.so.3)
==268755==    by 0x561E9F0: OPENSSL_init_crypto (in /usr/lib/x86_64-linux-gnu/libcrypto.so.3)
==268755==    by 0x53EB9B6: OPENSSL_init_ssl (in /usr/lib/x86_64-linux-gnu/libssl.so.3)
==268755==    by 0x488FB29: mysql_server_init (in /usr/lib/x86_64-linux-gnu/libmysqlclient.so.21.2.42)
==268755==    by 0x1ED98C: cpp_dbc::MySQL::MySQLDriver::MySQLDriver() (driver_mysql.cpp:797)
==268755==    by 0x163CB6: decltype (::new ((void*)(0)) cpp_dbc::MySQL::MySQLDriver()) std::construct_at<cpp_dbc::MySQL::MySQLDriver>(cpp_dbc::MySQL::MySQLDriver*) (stl_construct.h:97)
==268755==    by 0x163D03: void std::allocator_traits<std::allocator<cpp_dbc::MySQL::MySQLDriver> >::construct<cpp_dbc::MySQL::MySQLDriver>(std::allocator<cpp_dbc::MySQL::MySQLDriver>&, cpp_dbc::MySQL::MySQLDriver*) (alloc_traits.h:518)
==268755==    by 0x163861: std::_Sp_counted_ptr_inplace<cpp_dbc::MySQL::MySQLDriver, std::allocator<cpp_dbc::MySQL::MySQLDriver>, (__gnu_cxx::_Lock_policy)2>::_Sp_counted_ptr_inplace<>(std::allocator<cpp_dbc::MySQL::MySQLDriver>) (shared_ptr_base.h:519)
==268755== 
==268755== 24 bytes in 1 blocks are still reachable in loss record 655 of 2,004
==268755==    at 0x4848899: malloc (in /usr/libexec/valgrind/vgpreload_memcheck-amd64-linux.so)
==268755==    by 0x560C185: OPENSSL_LH_insert (in /usr/lib/x86_64-linux-gnu/libcrypto.so.3)
==268755==    by 0x562D0AA: OBJ_NAME_add (in /usr/lib/x86_64-linux-gnu/libcrypto.so.3)
==268755==    by 0x55FF684: EVP_add_cipher (in /usr/lib/x86_64-linux-gnu/libcrypto.so.3)
==268755==    by 0x561DE74: ??? (in /usr/lib/x86_64-linux-gnu/libcrypto.so.3)
==268755==    by 0x522BEE7: __pthread_once_slow (pthread_once.c:116)
==268755==    by 0x5621C9C: CRYPTO_THREAD_run_once (in /usr/lib/x86_64-linux-gnu/libcrypto.so.3)
==268755==    by 0x561E9F0: OPENSSL_init_crypto (in /usr/lib/x86_64-linux-gnu/libcrypto.so.3)
==268755==    by 0x53EB9B6: OPENSSL_init_ssl (in /usr/lib/x86_64-linux-gnu/libssl.so.3)
==268755==    by 0x488FB29: mysql_server_init (in /usr/lib/x86_64-linux-gnu/libmysqlclient.so.21.2.42)
==268755==    by 0x1ED98C: cpp_dbc::MySQL::MySQLDriver::MySQLDriver() (driver_mysql.cpp:797)
==268755==    by 0x163CB6: decltype (::new ((void*)(0)) cpp_dbc::MySQL::MySQLDriver()) std::construct_at<cpp_dbc::MySQL::MySQLDriver>(cpp_dbc::MySQL::MySQLDriver*) (stl_construct.h:97)
==268755== 
==268755== 24 bytes in 1 blocks are still reachable in loss record 656 of 2,004
==268755==    at 0x4848899: malloc (in /usr/libexec/valgrind/vgpreload_memcheck-amd64-linux.so)
==268755==    by 0x562D068: OBJ_NAME_add (in /usr/lib/x86_64-linux-gnu/libcrypto.so.3)
==268755==    by 0x561DE74: ??? (in /usr/lib/x86_64-linux-gnu/libcrypto.so.3)
==268755==    by 0x522BEE7: __pthread_once_slow (pthread_once.c:116)
==268755==    by 0x5621C9C: CRYPTO_THREAD_run_once (in /usr/lib/x86_64-linux-gnu/libcrypto.so.3)
==268755==    by 0x561E9F0: OPENSSL_init_crypto (in /usr/lib/x86_64-linux-gnu/libcrypto.so.3)
==268755==    by 0x53EB9B6: OPENSSL_init_ssl (in /usr/lib/x86_64-linux-gnu/libssl.so.3)
==268755==    by 0x488FB29: mysql_server_init (in /usr/lib/x86_64-linux-gnu/libmysqlclient.so.21.2.42)
==268755==    by 0x1ED98C: cpp_dbc::MySQL::MySQLDriver::MySQLDriver() (driver_mysql.cpp:797)
==268755==    by 0x163CB6: decltype (::new ((void*)(0)) cpp_dbc::MySQL::MySQLDriver()) std::construct_at<cpp_dbc::MySQL::MySQLDriver>(cpp_dbc::MySQL::MySQLDriver*) (stl_construct.h:97)
==268755==    by 0x163D03: void std::allocator_traits<std::allocator<cpp_dbc::MySQL::MySQLDriver> >::construct<cpp_dbc::MySQL::MySQLDriver>(std::allocator<cpp_dbc::MySQL::MySQLDriver>&, cpp_dbc::MySQL::MySQLDriver*) (alloc_traits.h:518)
==268755==    by 0x163861: std::_Sp_counted_ptr_inplace<cpp_dbc::MySQL::MySQLDriver, std::allocator<cpp_dbc::MySQL::MySQLDriver>, (__gnu_cxx::_Lock_policy)2>::_Sp_counted_ptr_inplace<>(std::allocator<cpp_dbc::MySQL::MySQLDriver>) (shared_ptr_base.h:519)
==268755== 
==268755== 24 bytes in 1 blocks are still reachable in loss record 657 of 2,004
==268755==    at 0x4848899: malloc (in /usr/libexec/valgrind/vgpreload_memcheck-amd64-linux.so)
==268755==    by 0x560C185: OPENSSL_LH_insert (in /usr/lib/x86_64-linux-gnu/libcrypto.so.3)
==268755==    by 0x562D0AA: OBJ_NAME_add (in /usr/lib/x86_64-linux-gnu/libcrypto.so.3)
==268755==    by 0x561DE88: ??? (in /usr/lib/x86_64-linux-gnu/libcrypto.so.3)
==268755==    by 0x522BEE7: __pthread_once_slow (pthread_once.c:116)
==268755==    by 0x5621C9C: CRYPTO_THREAD_run_once (in /usr/lib/x86_64-linux-gnu/libcrypto.so.3)
==268755==    by 0x561E9F0: OPENSSL_init_crypto (in /usr/lib/x86_64-linux-gnu/libcrypto.so.3)
==268755==    by 0x53EB9B6: OPENSSL_init_ssl (in /usr/lib/x86_64-linux-gnu/libssl.so.3)
==268755==    by 0x488FB29: mysql_server_init (in /usr/lib/x86_64-linux-gnu/libmysqlclient.so.21.2.42)
==268755==    by 0x1ED98C: cpp_dbc::MySQL::MySQLDriver::MySQLDriver() (driver_mysql.cpp:797)
==268755==    by 0x163CB6: decltype (::new ((void*)(0)) cpp_dbc::MySQL::MySQLDriver()) std::construct_at<cpp_dbc::MySQL::MySQLDriver>(cpp_dbc::MySQL::MySQLDriver*) (stl_construct.h:97)
==268755==    by 0x163D03: void std::allocator_traits<std::allocator<cpp_dbc::MySQL::MySQLDriver> >::construct<cpp_dbc::MySQL::MySQLDriver>(std::allocator<cpp_dbc::MySQL::MySQLDriver>&, cpp_dbc::MySQL::MySQLDriver*) (alloc_traits.h:518)
==268755== 
==268755== 24 bytes in 1 blocks are still reachable in loss record 658 of 2,004
==268755==    at 0x4848899: malloc (in /usr/libexec/valgrind/vgpreload_memcheck-amd64-linux.so)
==268755==    by 0x562D068: OBJ_NAME_add (in /usr/lib/x86_64-linux-gnu/libcrypto.so.3)
==268755==    by 0x561DE9C: ??? (in /usr/lib/x86_64-linux-gnu/libcrypto.so.3)
==268755==    by 0x522BEE7: __pthread_once_slow (pthread_once.c:116)
==268755==    by 0x5621C9C: CRYPTO_THREAD_run_once (in /usr/lib/x86_64-linux-gnu/libcrypto.so.3)
==268755==    by 0x561E9F0: OPENSSL_init_crypto (in /usr/lib/x86_64-linux-gnu/libcrypto.so.3)
==268755==    by 0x53EB9B6: OPENSSL_init_ssl (in /usr/lib/x86_64-linux-gnu/libssl.so.3)
==268755==    by 0x488FB29: mysql_server_init (in /usr/lib/x86_64-linux-gnu/libmysqlclient.so.21.2.42)
==268755==    by 0x1ED98C: cpp_dbc::MySQL::MySQLDriver::MySQLDriver() (driver_mysql.cpp:797)
==268755==    by 0x163CB6: decltype (::new ((void*)(0)) cpp_dbc::MySQL::MySQLDriver()) std::construct_at<cpp_dbc::MySQL::MySQLDriver>(cpp_dbc::MySQL::MySQLDriver*) (stl_construct.h:97)
==268755==    by 0x163D03: void std::allocator_traits<std::allocator<cpp_dbc::MySQL::MySQLDriver> >::construct<cpp_dbc::MySQL::MySQLDriver>(std::allocator<cpp_dbc::MySQL::MySQLDriver>&, cpp_dbc::MySQL::MySQLDriver*) (alloc_traits.h:518)
==268755==    by 0x163861: std::_Sp_counted_ptr_inplace<cpp_dbc::MySQL::MySQLDriver, std::allocator<cpp_dbc::MySQL::MySQLDriver>, (__gnu_cxx::_Lock_policy)2>::_Sp_counted_ptr_inplace<>(std::allocator<cpp_dbc::MySQL::MySQLDriver>) (shared_ptr_base.h:519)
==268755== 
==268755== 24 bytes in 1 blocks are still reachable in loss record 659 of 2,004
==268755==    at 0x4848899: malloc (in /usr/libexec/valgrind/vgpreload_memcheck-amd64-linux.so)
==268755==    by 0x560C185: OPENSSL_LH_insert (in /usr/lib/x86_64-linux-gnu/libcrypto.so.3)
==268755==    by 0x562D0AA: OBJ_NAME_add (in /usr/lib/x86_64-linux-gnu/libcrypto.so.3)
==268755==    by 0x55FF684: EVP_add_cipher (in /usr/lib/x86_64-linux-gnu/libcrypto.so.3)
==268755==    by 0x561DEB0: ??? (in /usr/lib/x86_64-linux-gnu/libcrypto.so.3)
==268755==    by 0x522BEE7: __pthread_once_slow (pthread_once.c:116)
==268755==    by 0x5621C9C: CRYPTO_THREAD_run_once (in /usr/lib/x86_64-linux-gnu/libcrypto.so.3)
==268755==    by 0x561E9F0: OPENSSL_init_crypto (in /usr/lib/x86_64-linux-gnu/libcrypto.so.3)
==268755==    by 0x53EB9B6: OPENSSL_init_ssl (in /usr/lib/x86_64-linux-gnu/libssl.so.3)
==268755==    by 0x488FB29: mysql_server_init (in /usr/lib/x86_64-linux-gnu/libmysqlclient.so.21.2.42)
==268755==    by 0x1ED98C: cpp_dbc::MySQL::MySQLDriver::MySQLDriver() (driver_mysql.cpp:797)
==268755==    by 0x163CB6: decltype (::new ((void*)(0)) cpp_dbc::MySQL::MySQLDriver()) std::construct_at<cpp_dbc::MySQL::MySQLDriver>(cpp_dbc::MySQL::MySQLDriver*) (stl_construct.h:97)
==268755== 
==268755== 24 bytes in 1 blocks are still reachable in loss record 660 of 2,004
==268755==    at 0x4848899: malloc (in /usr/libexec/valgrind/vgpreload_memcheck-amd64-linux.so)
==268755==    by 0x562D068: OBJ_NAME_add (in /usr/lib/x86_64-linux-gnu/libcrypto.so.3)
==268755==    by 0x561DEB0: ??? (in /usr/lib/x86_64-linux-gnu/libcrypto.so.3)
==268755==    by 0x522BEE7: __pthread_once_slow (pthread_once.c:116)
==268755==    by 0x5621C9C: CRYPTO_THREAD_run_once (in /usr/lib/x86_64-linux-gnu/libcrypto.so.3)
==268755==    by 0x561E9F0: OPENSSL_init_crypto (in /usr/lib/x86_64-linux-gnu/libcrypto.so.3)
==268755==    by 0x53EB9B6: OPENSSL_init_ssl (in /usr/lib/x86_64-linux-gnu/libssl.so.3)
==268755==    by 0x488FB29: mysql_server_init (in /usr/lib/x86_64-linux-gnu/libmysqlclient.so.21.2.42)
==268755==    by 0x1ED98C: cpp_dbc::MySQL::MySQLDriver::MySQLDriver() (driver_mysql.cpp:797)
==268755==    by 0x163CB6: decltype (::new ((void*)(0)) cpp_dbc::MySQL::MySQLDriver()) std::construct_at<cpp_dbc::MySQL::MySQLDriver>(cpp_dbc::MySQL::MySQLDriver*) (stl_construct.h:97)
==268755==    by 0x163D03: void std::allocator_traits<std::allocator<cpp_dbc::MySQL::MySQLDriver> >::construct<cpp_dbc::MySQL::MySQLDriver>(std::allocator<cpp_dbc::MySQL::MySQLDriver>&, cpp_dbc::MySQL::MySQLDriver*) (alloc_traits.h:518)
==268755==    by 0x163861: std::_Sp_counted_ptr_inplace<cpp_dbc::MySQL::MySQLDriver, std::allocator<cpp_dbc::MySQL::MySQLDriver>, (__gnu_cxx::_Lock_policy)2>::_Sp_counted_ptr_inplace<>(std::allocator<cpp_dbc::MySQL::MySQLDriver>) (shared_ptr_base.h:519)
==268755== 
==268755== 24 bytes in 1 blocks are still reachable in loss record 661 of 2,004
==268755==    at 0x4848899: malloc (in /usr/libexec/valgrind/vgpreload_memcheck-amd64-linux.so)
==268755==    by 0x560C185: OPENSSL_LH_insert (in /usr/lib/x86_64-linux-gnu/libcrypto.so.3)
==268755==    by 0x562D0AA: OBJ_NAME_add (in /usr/lib/x86_64-linux-gnu/libcrypto.so.3)
==268755==    by 0x55FF684: EVP_add_cipher (in /usr/lib/x86_64-linux-gnu/libcrypto.so.3)
==268755==    by 0x561DEBD: ??? (in /usr/lib/x86_64-linux-gnu/libcrypto.so.3)
==268755==    by 0x522BEE7: __pthread_once_slow (pthread_once.c:116)
==268755==    by 0x5621C9C: CRYPTO_THREAD_run_once (in /usr/lib/x86_64-linux-gnu/libcrypto.so.3)
==268755==    by 0x561E9F0: OPENSSL_init_crypto (in /usr/lib/x86_64-linux-gnu/libcrypto.so.3)
==268755==    by 0x53EB9B6: OPENSSL_init_ssl (in /usr/lib/x86_64-linux-gnu/libssl.so.3)
==268755==    by 0x488FB29: mysql_server_init (in /usr/lib/x86_64-linux-gnu/libmysqlclient.so.21.2.42)
==268755==    by 0x1ED98C: cpp_dbc::MySQL::MySQLDriver::MySQLDriver() (driver_mysql.cpp:797)
==268755==    by 0x163CB6: decltype (::new ((void*)(0)) cpp_dbc::MySQL::MySQLDriver()) std::construct_at<cpp_dbc::MySQL::MySQLDriver>(cpp_dbc::MySQL::MySQLDriver*) (stl_construct.h:97)
==268755== 
==268755== 24 bytes in 1 blocks are still reachable in loss record 662 of 2,004
==268755==    at 0x4848899: malloc (in /usr/libexec/valgrind/vgpreload_memcheck-amd64-linux.so)
==268755==    by 0x562D068: OBJ_NAME_add (in /usr/lib/x86_64-linux-gnu/libcrypto.so.3)
==268755==    by 0x561DEBD: ??? (in /usr/lib/x86_64-linux-gnu/libcrypto.so.3)
==268755==    by 0x522BEE7: __pthread_once_slow (pthread_once.c:116)
==268755==    by 0x5621C9C: CRYPTO_THREAD_run_once (in /usr/lib/x86_64-linux-gnu/libcrypto.so.3)
==268755==    by 0x561E9F0: OPENSSL_init_crypto (in /usr/lib/x86_64-linux-gnu/libcrypto.so.3)
==268755==    by 0x53EB9B6: OPENSSL_init_ssl (in /usr/lib/x86_64-linux-gnu/libssl.so.3)
==268755==    by 0x488FB29: mysql_server_init (in /usr/lib/x86_64-linux-gnu/libmysqlclient.so.21.2.42)
==268755==    by 0x1ED98C: cpp_dbc::MySQL::MySQLDriver::MySQLDriver() (driver_mysql.cpp:797)
==268755==    by 0x163CB6: decltype (::new ((void*)(0)) cpp_dbc::MySQL::MySQLDriver()) std::construct_at<cpp_dbc::MySQL::MySQLDriver>(cpp_dbc::MySQL::MySQLDriver*) (stl_construct.h:97)
==268755==    by 0x163D03: void std::allocator_traits<std::allocator<cpp_dbc::MySQL::MySQLDriver> >::construct<cpp_dbc::MySQL::MySQLDriver>(std::allocator<cpp_dbc::MySQL::MySQLDriver>&, cpp_dbc::MySQL::MySQLDriver*) (alloc_traits.h:518)
==268755==    by 0x163861: std::_Sp_counted_ptr_inplace<cpp_dbc::MySQL::MySQLDriver, std::allocator<cpp_dbc::MySQL::MySQLDriver>, (__gnu_cxx::_Lock_policy)2>::_Sp_counted_ptr_inplace<>(std::allocator<cpp_dbc::MySQL::MySQLDriver>) (shared_ptr_base.h:519)
==268755== 
==268755== 24 bytes in 1 blocks are still reachable in loss record 663 of 2,004
==268755==    at 0x4848899: malloc (in /usr/libexec/valgrind/vgpreload_memcheck-amd64-linux.so)
==268755==    by 0x560C185: OPENSSL_LH_insert (in /usr/lib/x86_64-linux-gnu/libcrypto.so.3)
==268755==    by 0x562D0AA: OBJ_NAME_add (in /usr/lib/x86_64-linux-gnu/libcrypto.so.3)
==268755==    by 0x55FF684: EVP_add_cipher (in /usr/lib/x86_64-linux-gnu/libcrypto.so.3)
==268755==    by 0x561DECA: ??? (in /usr/lib/x86_64-linux-gnu/libcrypto.so.3)
==268755==    by 0x522BEE7: __pthread_once_slow (pthread_once.c:116)
==268755==    by 0x5621C9C: CRYPTO_THREAD_run_once (in /usr/lib/x86_64-linux-gnu/libcrypto.so.3)
==268755==    by 0x561E9F0: OPENSSL_init_crypto (in /usr/lib/x86_64-linux-gnu/libcrypto.so.3)
==268755==    by 0x53EB9B6: OPENSSL_init_ssl (in /usr/lib/x86_64-linux-gnu/libssl.so.3)
==268755==    by 0x488FB29: mysql_server_init (in /usr/lib/x86_64-linux-gnu/libmysqlclient.so.21.2.42)
==268755==    by 0x1ED98C: cpp_dbc::MySQL::MySQLDriver::MySQLDriver() (driver_mysql.cpp:797)
==268755==    by 0x163CB6: decltype (::new ((void*)(0)) cpp_dbc::MySQL::MySQLDriver()) std::construct_at<cpp_dbc::MySQL::MySQLDriver>(cpp_dbc::MySQL::MySQLDriver*) (stl_construct.h:97)
==268755== 
==268755== 24 bytes in 1 blocks are still reachable in loss record 664 of 2,004
==268755==    at 0x4848899: malloc (in /usr/libexec/valgrind/vgpreload_memcheck-amd64-linux.so)
==268755==    by 0x562D068: OBJ_NAME_add (in /usr/lib/x86_64-linux-gnu/libcrypto.so.3)
==268755==    by 0x561DECA: ??? (in /usr/lib/x86_64-linux-gnu/libcrypto.so.3)
==268755==    by 0x522BEE7: __pthread_once_slow (pthread_once.c:116)
==268755==    by 0x5621C9C: CRYPTO_THREAD_run_once (in /usr/lib/x86_64-linux-gnu/libcrypto.so.3)
==268755==    by 0x561E9F0: OPENSSL_init_crypto (in /usr/lib/x86_64-linux-gnu/libcrypto.so.3)
==268755==    by 0x53EB9B6: OPENSSL_init_ssl (in /usr/lib/x86_64-linux-gnu/libssl.so.3)
==268755==    by 0x488FB29: mysql_server_init (in /usr/lib/x86_64-linux-gnu/libmysqlclient.so.21.2.42)
==268755==    by 0x1ED98C: cpp_dbc::MySQL::MySQLDriver::MySQLDriver() (driver_mysql.cpp:797)
==268755==    by 0x163CB6: decltype (::new ((void*)(0)) cpp_dbc::MySQL::MySQLDriver()) std::construct_at<cpp_dbc::MySQL::MySQLDriver>(cpp_dbc::MySQL::MySQLDriver*) (stl_construct.h:97)
==268755==    by 0x163D03: void std::allocator_traits<std::allocator<cpp_dbc::MySQL::MySQLDriver> >::construct<cpp_dbc::MySQL::MySQLDriver>(std::allocator<cpp_dbc::MySQL::MySQLDriver>&, cpp_dbc::MySQL::MySQLDriver*) (alloc_traits.h:518)
==268755==    by 0x163861: std::_Sp_counted_ptr_inplace<cpp_dbc::MySQL::MySQLDriver, std::allocator<cpp_dbc::MySQL::MySQLDriver>, (__gnu_cxx::_Lock_policy)2>::_Sp_counted_ptr_inplace<>(std::allocator<cpp_dbc::MySQL::MySQLDriver>) (shared_ptr_base.h:519)
==268755== 
==268755== 24 bytes in 1 blocks are still reachable in loss record 665 of 2,004
==268755==    at 0x4848899: malloc (in /usr/libexec/valgrind/vgpreload_memcheck-amd64-linux.so)
==268755==    by 0x560C185: OPENSSL_LH_insert (in /usr/lib/x86_64-linux-gnu/libcrypto.so.3)
==268755==    by 0x562D0AA: OBJ_NAME_add (in /usr/lib/x86_64-linux-gnu/libcrypto.so.3)
==268755==    by 0x55FF684: EVP_add_cipher (in /usr/lib/x86_64-linux-gnu/libcrypto.so.3)
==268755==    by 0x561DED7: ??? (in /usr/lib/x86_64-linux-gnu/libcrypto.so.3)
==268755==    by 0x522BEE7: __pthread_once_slow (pthread_once.c:116)
==268755==    by 0x5621C9C: CRYPTO_THREAD_run_once (in /usr/lib/x86_64-linux-gnu/libcrypto.so.3)
==268755==    by 0x561E9F0: OPENSSL_init_crypto (in /usr/lib/x86_64-linux-gnu/libcrypto.so.3)
==268755==    by 0x53EB9B6: OPENSSL_init_ssl (in /usr/lib/x86_64-linux-gnu/libssl.so.3)
==268755==    by 0x488FB29: mysql_server_init (in /usr/lib/x86_64-linux-gnu/libmysqlclient.so.21.2.42)
==268755==    by 0x1ED98C: cpp_dbc::MySQL::MySQLDriver::MySQLDriver() (driver_mysql.cpp:797)
==268755==    by 0x163CB6: decltype (::new ((void*)(0)) cpp_dbc::MySQL::MySQLDriver()) std::construct_at<cpp_dbc::MySQL::MySQLDriver>(cpp_dbc::MySQL::MySQLDriver*) (stl_construct.h:97)
==268755== 
==268755== 24 bytes in 1 blocks are still reachable in loss record 666 of 2,004
==268755==    at 0x4848899: malloc (in /usr/libexec/valgrind/vgpreload_memcheck-amd64-linux.so)
==268755==    by 0x562D068: OBJ_NAME_add (in /usr/lib/x86_64-linux-gnu/libcrypto.so.3)
==268755==    by 0x561DED7: ??? (in /usr/lib/x86_64-linux-gnu/libcrypto.so.3)
==268755==    by 0x522BEE7: __pthread_once_slow (pthread_once.c:116)
==268755==    by 0x5621C9C: CRYPTO_THREAD_run_once (in /usr/lib/x86_64-linux-gnu/libcrypto.so.3)
==268755==    by 0x561E9F0: OPENSSL_init_crypto (in /usr/lib/x86_64-linux-gnu/libcrypto.so.3)
==268755==    by 0x53EB9B6: OPENSSL_init_ssl (in /usr/lib/x86_64-linux-gnu/libssl.so.3)
==268755==    by 0x488FB29: mysql_server_init (in /usr/lib/x86_64-linux-gnu/libmysqlclient.so.21.2.42)
==268755==    by 0x1ED98C: cpp_dbc::MySQL::MySQLDriver::MySQLDriver() (driver_mysql.cpp:797)
==268755==    by 0x163CB6: decltype (::new ((void*)(0)) cpp_dbc::MySQL::MySQLDriver()) std::construct_at<cpp_dbc::MySQL::MySQLDriver>(cpp_dbc::MySQL::MySQLDriver*) (stl_construct.h:97)
==268755==    by 0x163D03: void std::allocator_traits<std::allocator<cpp_dbc::MySQL::MySQLDriver> >::construct<cpp_dbc::MySQL::MySQLDriver>(std::allocator<cpp_dbc::MySQL::MySQLDriver>&, cpp_dbc::MySQL::MySQLDriver*) (alloc_traits.h:518)
==268755==    by 0x163861: std::_Sp_counted_ptr_inplace<cpp_dbc::MySQL::MySQLDriver, std::allocator<cpp_dbc::MySQL::MySQLDriver>, (__gnu_cxx::_Lock_policy)2>::_Sp_counted_ptr_inplace<>(std::allocator<cpp_dbc::MySQL::MySQLDriver>) (shared_ptr_base.h:519)
==268755== 
==268755== 24 bytes in 1 blocks are still reachable in loss record 667 of 2,004
==268755==    at 0x4848899: malloc (in /usr/libexec/valgrind/vgpreload_memcheck-amd64-linux.so)
==268755==    by 0x560C185: OPENSSL_LH_insert (in /usr/lib/x86_64-linux-gnu/libcrypto.so.3)
==268755==    by 0x562D0AA: OBJ_NAME_add (in /usr/lib/x86_64-linux-gnu/libcrypto.so.3)
==268755==    by 0x55FF684: EVP_add_cipher (in /usr/lib/x86_64-linux-gnu/libcrypto.so.3)
==268755==    by 0x561DEE4: ??? (in /usr/lib/x86_64-linux-gnu/libcrypto.so.3)
==268755==    by 0x522BEE7: __pthread_once_slow (pthread_once.c:116)
==268755==    by 0x5621C9C: CRYPTO_THREAD_run_once (in /usr/lib/x86_64-linux-gnu/libcrypto.so.3)
==268755==    by 0x561E9F0: OPENSSL_init_crypto (in /usr/lib/x86_64-linux-gnu/libcrypto.so.3)
==268755==    by 0x53EB9B6: OPENSSL_init_ssl (in /usr/lib/x86_64-linux-gnu/libssl.so.3)
==268755==    by 0x488FB29: mysql_server_init (in /usr/lib/x86_64-linux-gnu/libmysqlclient.so.21.2.42)
==268755==    by 0x1ED98C: cpp_dbc::MySQL::MySQLDriver::MySQLDriver() (driver_mysql.cpp:797)
==268755==    by 0x163CB6: decltype (::new ((void*)(0)) cpp_dbc::MySQL::MySQLDriver()) std::construct_at<cpp_dbc::MySQL::MySQLDriver>(cpp_dbc::MySQL::MySQLDriver*) (stl_construct.h:97)
==268755== 
==268755== 24 bytes in 1 blocks are still reachable in loss record 668 of 2,004
==268755==    at 0x4848899: malloc (in /usr/libexec/valgrind/vgpreload_memcheck-amd64-linux.so)
==268755==    by 0x562D068: OBJ_NAME_add (in /usr/lib/x86_64-linux-gnu/libcrypto.so.3)
==268755==    by 0x561DEE4: ??? (in /usr/lib/x86_64-linux-gnu/libcrypto.so.3)
==268755==    by 0x522BEE7: __pthread_once_slow (pthread_once.c:116)
==268755==    by 0x5621C9C: CRYPTO_THREAD_run_once (in /usr/lib/x86_64-linux-gnu/libcrypto.so.3)
==268755==    by 0x561E9F0: OPENSSL_init_crypto (in /usr/lib/x86_64-linux-gnu/libcrypto.so.3)
==268755==    by 0x53EB9B6: OPENSSL_init_ssl (in /usr/lib/x86_64-linux-gnu/libssl.so.3)
==268755==    by 0x488FB29: mysql_server_init (in /usr/lib/x86_64-linux-gnu/libmysqlclient.so.21.2.42)
==268755==    by 0x1ED98C: cpp_dbc::MySQL::MySQLDriver::MySQLDriver() (driver_mysql.cpp:797)
==268755==    by 0x163CB6: decltype (::new ((void*)(0)) cpp_dbc::MySQL::MySQLDriver()) std::construct_at<cpp_dbc::MySQL::MySQLDriver>(cpp_dbc::MySQL::MySQLDriver*) (stl_construct.h:97)
==268755==    by 0x163D03: void std::allocator_traits<std::allocator<cpp_dbc::MySQL::MySQLDriver> >::construct<cpp_dbc::MySQL::MySQLDriver>(std::allocator<cpp_dbc::MySQL::MySQLDriver>&, cpp_dbc::MySQL::MySQLDriver*) (alloc_traits.h:518)
==268755==    by 0x163861: std::_Sp_counted_ptr_inplace<cpp_dbc::MySQL::MySQLDriver, std::allocator<cpp_dbc::MySQL::MySQLDriver>, (__gnu_cxx::_Lock_policy)2>::_Sp_counted_ptr_inplace<>(std::allocator<cpp_dbc::MySQL::MySQLDriver>) (shared_ptr_base.h:519)
==268755== 
==268755== 24 bytes in 1 blocks are still reachable in loss record 669 of 2,004
==268755==    at 0x4848899: malloc (in /usr/libexec/valgrind/vgpreload_memcheck-amd64-linux.so)
==268755==    by 0x560C185: OPENSSL_LH_insert (in /usr/lib/x86_64-linux-gnu/libcrypto.so.3)
==268755==    by 0x562D0AA: OBJ_NAME_add (in /usr/lib/x86_64-linux-gnu/libcrypto.so.3)
==268755==    by 0x55FF684: EVP_add_cipher (in /usr/lib/x86_64-linux-gnu/libcrypto.so.3)
==268755==    by 0x561DEF1: ??? (in /usr/lib/x86_64-linux-gnu/libcrypto.so.3)
==268755==    by 0x522BEE7: __pthread_once_slow (pthread_once.c:116)
==268755==    by 0x5621C9C: CRYPTO_THREAD_run_once (in /usr/lib/x86_64-linux-gnu/libcrypto.so.3)
==268755==    by 0x561E9F0: OPENSSL_init_crypto (in /usr/lib/x86_64-linux-gnu/libcrypto.so.3)
==268755==    by 0x53EB9B6: OPENSSL_init_ssl (in /usr/lib/x86_64-linux-gnu/libssl.so.3)
==268755==    by 0x488FB29: mysql_server_init (in /usr/lib/x86_64-linux-gnu/libmysqlclient.so.21.2.42)
==268755==    by 0x1ED98C: cpp_dbc::MySQL::MySQLDriver::MySQLDriver() (driver_mysql.cpp:797)
==268755==    by 0x163CB6: decltype (::new ((void*)(0)) cpp_dbc::MySQL::MySQLDriver()) std::construct_at<cpp_dbc::MySQL::MySQLDriver>(cpp_dbc::MySQL::MySQLDriver*) (stl_construct.h:97)
==268755== 
==268755== 24 bytes in 1 blocks are still reachable in loss record 670 of 2,004
==268755==    at 0x4848899: malloc (in /usr/libexec/valgrind/vgpreload_memcheck-amd64-linux.so)
==268755==    by 0x562D068: OBJ_NAME_add (in /usr/lib/x86_64-linux-gnu/libcrypto.so.3)
==268755==    by 0x561DEF1: ??? (in /usr/lib/x86_64-linux-gnu/libcrypto.so.3)
==268755==    by 0x522BEE7: __pthread_once_slow (pthread_once.c:116)
==268755==    by 0x5621C9C: CRYPTO_THREAD_run_once (in /usr/lib/x86_64-linux-gnu/libcrypto.so.3)
==268755==    by 0x561E9F0: OPENSSL_init_crypto (in /usr/lib/x86_64-linux-gnu/libcrypto.so.3)
==268755==    by 0x53EB9B6: OPENSSL_init_ssl (in /usr/lib/x86_64-linux-gnu/libssl.so.3)
==268755==    by 0x488FB29: mysql_server_init (in /usr/lib/x86_64-linux-gnu/libmysqlclient.so.21.2.42)
==268755==    by 0x1ED98C: cpp_dbc::MySQL::MySQLDriver::MySQLDriver() (driver_mysql.cpp:797)
==268755==    by 0x163CB6: decltype (::new ((void*)(0)) cpp_dbc::MySQL::MySQLDriver()) std::construct_at<cpp_dbc::MySQL::MySQLDriver>(cpp_dbc::MySQL::MySQLDriver*) (stl_construct.h:97)
==268755==    by 0x163D03: void std::allocator_traits<std::allocator<cpp_dbc::MySQL::MySQLDriver> >::construct<cpp_dbc::MySQL::MySQLDriver>(std::allocator<cpp_dbc::MySQL::MySQLDriver>&, cpp_dbc::MySQL::MySQLDriver*) (alloc_traits.h:518)
==268755==    by 0x163861: std::_Sp_counted_ptr_inplace<cpp_dbc::MySQL::MySQLDriver, std::allocator<cpp_dbc::MySQL::MySQLDriver>, (__gnu_cxx::_Lock_policy)2>::_Sp_counted_ptr_inplace<>(std::allocator<cpp_dbc::MySQL::MySQLDriver>) (shared_ptr_base.h:519)
==268755== 
==268755== 24 bytes in 1 blocks are still reachable in loss record 671 of 2,004
==268755==    at 0x4848899: malloc (in /usr/libexec/valgrind/vgpreload_memcheck-amd64-linux.so)
==268755==    by 0x560C185: OPENSSL_LH_insert (in /usr/lib/x86_64-linux-gnu/libcrypto.so.3)
==268755==    by 0x562D0AA: OBJ_NAME_add (in /usr/lib/x86_64-linux-gnu/libcrypto.so.3)
==268755==    by 0x561DF05: ??? (in /usr/lib/x86_64-linux-gnu/libcrypto.so.3)
==268755==    by 0x522BEE7: __pthread_once_slow (pthread_once.c:116)
==268755==    by 0x5621C9C: CRYPTO_THREAD_run_once (in /usr/lib/x86_64-linux-gnu/libcrypto.so.3)
==268755==    by 0x561E9F0: OPENSSL_init_crypto (in /usr/lib/x86_64-linux-gnu/libcrypto.so.3)
==268755==    by 0x53EB9B6: OPENSSL_init_ssl (in /usr/lib/x86_64-linux-gnu/libssl.so.3)
==268755==    by 0x488FB29: mysql_server_init (in /usr/lib/x86_64-linux-gnu/libmysqlclient.so.21.2.42)
==268755==    by 0x1ED98C: cpp_dbc::MySQL::MySQLDriver::MySQLDriver() (driver_mysql.cpp:797)
==268755==    by 0x163CB6: decltype (::new ((void*)(0)) cpp_dbc::MySQL::MySQLDriver()) std::construct_at<cpp_dbc::MySQL::MySQLDriver>(cpp_dbc::MySQL::MySQLDriver*) (stl_construct.h:97)
==268755==    by 0x163D03: void std::allocator_traits<std::allocator<cpp_dbc::MySQL::MySQLDriver> >::construct<cpp_dbc::MySQL::MySQLDriver>(std::allocator<cpp_dbc::MySQL::MySQLDriver>&, cpp_dbc::MySQL::MySQLDriver*) (alloc_traits.h:518)
==268755== 
==268755== 24 bytes in 1 blocks are still reachable in loss record 672 of 2,004
==268755==    at 0x4848899: malloc (in /usr/libexec/valgrind/vgpreload_memcheck-amd64-linux.so)
==268755==    by 0x562D068: OBJ_NAME_add (in /usr/lib/x86_64-linux-gnu/libcrypto.so.3)
==268755==    by 0x561DF19: ??? (in /usr/lib/x86_64-linux-gnu/libcrypto.so.3)
==268755==    by 0x522BEE7: __pthread_once_slow (pthread_once.c:116)
==268755==    by 0x5621C9C: CRYPTO_THREAD_run_once (in /usr/lib/x86_64-linux-gnu/libcrypto.so.3)
==268755==    by 0x561E9F0: OPENSSL_init_crypto (in /usr/lib/x86_64-linux-gnu/libcrypto.so.3)
==268755==    by 0x53EB9B6: OPENSSL_init_ssl (in /usr/lib/x86_64-linux-gnu/libssl.so.3)
==268755==    by 0x488FB29: mysql_server_init (in /usr/lib/x86_64-linux-gnu/libmysqlclient.so.21.2.42)
==268755==    by 0x1ED98C: cpp_dbc::MySQL::MySQLDriver::MySQLDriver() (driver_mysql.cpp:797)
==268755==    by 0x163CB6: decltype (::new ((void*)(0)) cpp_dbc::MySQL::MySQLDriver()) std::construct_at<cpp_dbc::MySQL::MySQLDriver>(cpp_dbc::MySQL::MySQLDriver*) (stl_construct.h:97)
==268755==    by 0x163D03: void std::allocator_traits<std::allocator<cpp_dbc::MySQL::MySQLDriver> >::construct<cpp_dbc::MySQL::MySQLDriver>(std::allocator<cpp_dbc::MySQL::MySQLDriver>&, cpp_dbc::MySQL::MySQLDriver*) (alloc_traits.h:518)
==268755==    by 0x163861: std::_Sp_counted_ptr_inplace<cpp_dbc::MySQL::MySQLDriver, std::allocator<cpp_dbc::MySQL::MySQLDriver>, (__gnu_cxx::_Lock_policy)2>::_Sp_counted_ptr_inplace<>(std::allocator<cpp_dbc::MySQL::MySQLDriver>) (shared_ptr_base.h:519)
==268755== 
==268755== 24 bytes in 1 blocks are still reachable in loss record 673 of 2,004
==268755==    at 0x4848899: malloc (in /usr/libexec/valgrind/vgpreload_memcheck-amd64-linux.so)
==268755==    by 0x560C185: OPENSSL_LH_insert (in /usr/lib/x86_64-linux-gnu/libcrypto.so.3)
==268755==    by 0x562D0AA: OBJ_NAME_add (in /usr/lib/x86_64-linux-gnu/libcrypto.so.3)
==268755==    by 0x55FF684: EVP_add_cipher (in /usr/lib/x86_64-linux-gnu/libcrypto.so.3)
==268755==    by 0x561DF26: ??? (in /usr/lib/x86_64-linux-gnu/libcrypto.so.3)
==268755==    by 0x522BEE7: __pthread_once_slow (pthread_once.c:116)
==268755==    by 0x5621C9C: CRYPTO_THREAD_run_once (in /usr/lib/x86_64-linux-gnu/libcrypto.so.3)
==268755==    by 0x561E9F0: OPENSSL_init_crypto (in /usr/lib/x86_64-linux-gnu/libcrypto.so.3)
==268755==    by 0x53EB9B6: OPENSSL_init_ssl (in /usr/lib/x86_64-linux-gnu/libssl.so.3)
==268755==    by 0x488FB29: mysql_server_init (in /usr/lib/x86_64-linux-gnu/libmysqlclient.so.21.2.42)
==268755==    by 0x1ED98C: cpp_dbc::MySQL::MySQLDriver::MySQLDriver() (driver_mysql.cpp:797)
==268755==    by 0x163CB6: decltype (::new ((void*)(0)) cpp_dbc::MySQL::MySQLDriver()) std::construct_at<cpp_dbc::MySQL::MySQLDriver>(cpp_dbc::MySQL::MySQLDriver*) (stl_construct.h:97)
==268755== 
==268755== 24 bytes in 1 blocks are still reachable in loss record 674 of 2,004
==268755==    at 0x4848899: malloc (in /usr/libexec/valgrind/vgpreload_memcheck-amd64-linux.so)
==268755==    by 0x562D068: OBJ_NAME_add (in /usr/lib/x86_64-linux-gnu/libcrypto.so.3)
==268755==    by 0x561DF26: ??? (in /usr/lib/x86_64-linux-gnu/libcrypto.so.3)
==268755==    by 0x522BEE7: __pthread_once_slow (pthread_once.c:116)
==268755==    by 0x5621C9C: CRYPTO_THREAD_run_once (in /usr/lib/x86_64-linux-gnu/libcrypto.so.3)
==268755==    by 0x561E9F0: OPENSSL_init_crypto (in /usr/lib/x86_64-linux-gnu/libcrypto.so.3)
==268755==    by 0x53EB9B6: OPENSSL_init_ssl (in /usr/lib/x86_64-linux-gnu/libssl.so.3)
==268755==    by 0x488FB29: mysql_server_init (in /usr/lib/x86_64-linux-gnu/libmysqlclient.so.21.2.42)
==268755==    by 0x1ED98C: cpp_dbc::MySQL::MySQLDriver::MySQLDriver() (driver_mysql.cpp:797)
==268755==    by 0x163CB6: decltype (::new ((void*)(0)) cpp_dbc::MySQL::MySQLDriver()) std::construct_at<cpp_dbc::MySQL::MySQLDriver>(cpp_dbc::MySQL::MySQLDriver*) (stl_construct.h:97)
==268755==    by 0x163D03: void std::allocator_traits<std::allocator<cpp_dbc::MySQL::MySQLDriver> >::construct<cpp_dbc::MySQL::MySQLDriver>(std::allocator<cpp_dbc::MySQL::MySQLDriver>&, cpp_dbc::MySQL::MySQLDriver*) (alloc_traits.h:518)
==268755==    by 0x163861: std::_Sp_counted_ptr_inplace<cpp_dbc::MySQL::MySQLDriver, std::allocator<cpp_dbc::MySQL::MySQLDriver>, (__gnu_cxx::_Lock_policy)2>::_Sp_counted_ptr_inplace<>(std::allocator<cpp_dbc::MySQL::MySQLDriver>) (shared_ptr_base.h:519)
==268755== 
==268755== 24 bytes in 1 blocks are still reachable in loss record 675 of 2,004
==268755==    at 0x4848899: malloc (in /usr/libexec/valgrind/vgpreload_memcheck-amd64-linux.so)
==268755==    by 0x560C185: OPENSSL_LH_insert (in /usr/lib/x86_64-linux-gnu/libcrypto.so.3)
==268755==    by 0x562D0AA: OBJ_NAME_add (in /usr/lib/x86_64-linux-gnu/libcrypto.so.3)
==268755==    by 0x55FF684: EVP_add_cipher (in /usr/lib/x86_64-linux-gnu/libcrypto.so.3)
==268755==    by 0x561DF33: ??? (in /usr/lib/x86_64-linux-gnu/libcrypto.so.3)
==268755==    by 0x522BEE7: __pthread_once_slow (pthread_once.c:116)
==268755==    by 0x5621C9C: CRYPTO_THREAD_run_once (in /usr/lib/x86_64-linux-gnu/libcrypto.so.3)
==268755==    by 0x561E9F0: OPENSSL_init_crypto (in /usr/lib/x86_64-linux-gnu/libcrypto.so.3)
==268755==    by 0x53EB9B6: OPENSSL_init_ssl (in /usr/lib/x86_64-linux-gnu/libssl.so.3)
==268755==    by 0x488FB29: mysql_server_init (in /usr/lib/x86_64-linux-gnu/libmysqlclient.so.21.2.42)
==268755==    by 0x1ED98C: cpp_dbc::MySQL::MySQLDriver::MySQLDriver() (driver_mysql.cpp:797)
==268755==    by 0x163CB6: decltype (::new ((void*)(0)) cpp_dbc::MySQL::MySQLDriver()) std::construct_at<cpp_dbc::MySQL::MySQLDriver>(cpp_dbc::MySQL::MySQLDriver*) (stl_construct.h:97)
==268755== 
==268755== 24 bytes in 1 blocks are still reachable in loss record 676 of 2,004
==268755==    at 0x4848899: malloc (in /usr/libexec/valgrind/vgpreload_memcheck-amd64-linux.so)
==268755==    by 0x562D068: OBJ_NAME_add (in /usr/lib/x86_64-linux-gnu/libcrypto.so.3)
==268755==    by 0x561DF33: ??? (in /usr/lib/x86_64-linux-gnu/libcrypto.so.3)
==268755==    by 0x522BEE7: __pthread_once_slow (pthread_once.c:116)
==268755==    by 0x5621C9C: CRYPTO_THREAD_run_once (in /usr/lib/x86_64-linux-gnu/libcrypto.so.3)
==268755==    by 0x561E9F0: OPENSSL_init_crypto (in /usr/lib/x86_64-linux-gnu/libcrypto.so.3)
==268755==    by 0x53EB9B6: OPENSSL_init_ssl (in /usr/lib/x86_64-linux-gnu/libssl.so.3)
==268755==    by 0x488FB29: mysql_server_init (in /usr/lib/x86_64-linux-gnu/libmysqlclient.so.21.2.42)
==268755==    by 0x1ED98C: cpp_dbc::MySQL::MySQLDriver::MySQLDriver() (driver_mysql.cpp:797)
==268755==    by 0x163CB6: decltype (::new ((void*)(0)) cpp_dbc::MySQL::MySQLDriver()) std::construct_at<cpp_dbc::MySQL::MySQLDriver>(cpp_dbc::MySQL::MySQLDriver*) (stl_construct.h:97)
==268755==    by 0x163D03: void std::allocator_traits<std::allocator<cpp_dbc::MySQL::MySQLDriver> >::construct<cpp_dbc::MySQL::MySQLDriver>(std::allocator<cpp_dbc::MySQL::MySQLDriver>&, cpp_dbc::MySQL::MySQLDriver*) (alloc_traits.h:518)
==268755==    by 0x163861: std::_Sp_counted_ptr_inplace<cpp_dbc::MySQL::MySQLDriver, std::allocator<cpp_dbc::MySQL::MySQLDriver>, (__gnu_cxx::_Lock_policy)2>::_Sp_counted_ptr_inplace<>(std::allocator<cpp_dbc::MySQL::MySQLDriver>) (shared_ptr_base.h:519)
==268755== 
==268755== 24 bytes in 1 blocks are still reachable in loss record 677 of 2,004
==268755==    at 0x4848899: malloc (in /usr/libexec/valgrind/vgpreload_memcheck-amd64-linux.so)
==268755==    by 0x560C185: OPENSSL_LH_insert (in /usr/lib/x86_64-linux-gnu/libcrypto.so.3)
==268755==    by 0x562D0AA: OBJ_NAME_add (in /usr/lib/x86_64-linux-gnu/libcrypto.so.3)
==268755==    by 0x55FF684: EVP_add_cipher (in /usr/lib/x86_64-linux-gnu/libcrypto.so.3)
==268755==    by 0x561DF40: ??? (in /usr/lib/x86_64-linux-gnu/libcrypto.so.3)
==268755==    by 0x522BEE7: __pthread_once_slow (pthread_once.c:116)
==268755==    by 0x5621C9C: CRYPTO_THREAD_run_once (in /usr/lib/x86_64-linux-gnu/libcrypto.so.3)
==268755==    by 0x561E9F0: OPENSSL_init_crypto (in /usr/lib/x86_64-linux-gnu/libcrypto.so.3)
==268755==    by 0x53EB9B6: OPENSSL_init_ssl (in /usr/lib/x86_64-linux-gnu/libssl.so.3)
==268755==    by 0x488FB29: mysql_server_init (in /usr/lib/x86_64-linux-gnu/libmysqlclient.so.21.2.42)
==268755==    by 0x1ED98C: cpp_dbc::MySQL::MySQLDriver::MySQLDriver() (driver_mysql.cpp:797)
==268755==    by 0x163CB6: decltype (::new ((void*)(0)) cpp_dbc::MySQL::MySQLDriver()) std::construct_at<cpp_dbc::MySQL::MySQLDriver>(cpp_dbc::MySQL::MySQLDriver*) (stl_construct.h:97)
==268755== 
==268755== 24 bytes in 1 blocks are still reachable in loss record 678 of 2,004
==268755==    at 0x4848899: malloc (in /usr/libexec/valgrind/vgpreload_memcheck-amd64-linux.so)
==268755==    by 0x562D068: OBJ_NAME_add (in /usr/lib/x86_64-linux-gnu/libcrypto.so.3)
==268755==    by 0x561DF40: ??? (in /usr/lib/x86_64-linux-gnu/libcrypto.so.3)
==268755==    by 0x522BEE7: __pthread_once_slow (pthread_once.c:116)
==268755==    by 0x5621C9C: CRYPTO_THREAD_run_once (in /usr/lib/x86_64-linux-gnu/libcrypto.so.3)
==268755==    by 0x561E9F0: OPENSSL_init_crypto (in /usr/lib/x86_64-linux-gnu/libcrypto.so.3)
==268755==    by 0x53EB9B6: OPENSSL_init_ssl (in /usr/lib/x86_64-linux-gnu/libssl.so.3)
==268755==    by 0x488FB29: mysql_server_init (in /usr/lib/x86_64-linux-gnu/libmysqlclient.so.21.2.42)
==268755==    by 0x1ED98C: cpp_dbc::MySQL::MySQLDriver::MySQLDriver() (driver_mysql.cpp:797)
==268755==    by 0x163CB6: decltype (::new ((void*)(0)) cpp_dbc::MySQL::MySQLDriver()) std::construct_at<cpp_dbc::MySQL::MySQLDriver>(cpp_dbc::MySQL::MySQLDriver*) (stl_construct.h:97)
==268755==    by 0x163D03: void std::allocator_traits<std::allocator<cpp_dbc::MySQL::MySQLDriver> >::construct<cpp_dbc::MySQL::MySQLDriver>(std::allocator<cpp_dbc::MySQL::MySQLDriver>&, cpp_dbc::MySQL::MySQLDriver*) (alloc_traits.h:518)
==268755==    by 0x163861: std::_Sp_counted_ptr_inplace<cpp_dbc::MySQL::MySQLDriver, std::allocator<cpp_dbc::MySQL::MySQLDriver>, (__gnu_cxx::_Lock_policy)2>::_Sp_counted_ptr_inplace<>(std::allocator<cpp_dbc::MySQL::MySQLDriver>) (shared_ptr_base.h:519)
==268755== 
==268755== 24 bytes in 1 blocks are still reachable in loss record 679 of 2,004
==268755==    at 0x4848899: malloc (in /usr/libexec/valgrind/vgpreload_memcheck-amd64-linux.so)
==268755==    by 0x560C185: OPENSSL_LH_insert (in /usr/lib/x86_64-linux-gnu/libcrypto.so.3)
==268755==    by 0x562D0AA: OBJ_NAME_add (in /usr/lib/x86_64-linux-gnu/libcrypto.so.3)
==268755==    by 0x55FF684: EVP_add_cipher (in /usr/lib/x86_64-linux-gnu/libcrypto.so.3)
==268755==    by 0x561DF4D: ??? (in /usr/lib/x86_64-linux-gnu/libcrypto.so.3)
==268755==    by 0x522BEE7: __pthread_once_slow (pthread_once.c:116)
==268755==    by 0x5621C9C: CRYPTO_THREAD_run_once (in /usr/lib/x86_64-linux-gnu/libcrypto.so.3)
==268755==    by 0x561E9F0: OPENSSL_init_crypto (in /usr/lib/x86_64-linux-gnu/libcrypto.so.3)
==268755==    by 0x53EB9B6: OPENSSL_init_ssl (in /usr/lib/x86_64-linux-gnu/libssl.so.3)
==268755==    by 0x488FB29: mysql_server_init (in /usr/lib/x86_64-linux-gnu/libmysqlclient.so.21.2.42)
==268755==    by 0x1ED98C: cpp_dbc::MySQL::MySQLDriver::MySQLDriver() (driver_mysql.cpp:797)
==268755==    by 0x163CB6: decltype (::new ((void*)(0)) cpp_dbc::MySQL::MySQLDriver()) std::construct_at<cpp_dbc::MySQL::MySQLDriver>(cpp_dbc::MySQL::MySQLDriver*) (stl_construct.h:97)
==268755== 
==268755== 24 bytes in 1 blocks are still reachable in loss record 680 of 2,004
==268755==    at 0x4848899: malloc (in /usr/libexec/valgrind/vgpreload_memcheck-amd64-linux.so)
==268755==    by 0x562D068: OBJ_NAME_add (in /usr/lib/x86_64-linux-gnu/libcrypto.so.3)
==268755==    by 0x561DF4D: ??? (in /usr/lib/x86_64-linux-gnu/libcrypto.so.3)
==268755==    by 0x522BEE7: __pthread_once_slow (pthread_once.c:116)
==268755==    by 0x5621C9C: CRYPTO_THREAD_run_once (in /usr/lib/x86_64-linux-gnu/libcrypto.so.3)
==268755==    by 0x561E9F0: OPENSSL_init_crypto (in /usr/lib/x86_64-linux-gnu/libcrypto.so.3)
==268755==    by 0x53EB9B6: OPENSSL_init_ssl (in /usr/lib/x86_64-linux-gnu/libssl.so.3)
==268755==    by 0x488FB29: mysql_server_init (in /usr/lib/x86_64-linux-gnu/libmysqlclient.so.21.2.42)
==268755==    by 0x1ED98C: cpp_dbc::MySQL::MySQLDriver::MySQLDriver() (driver_mysql.cpp:797)
==268755==    by 0x163CB6: decltype (::new ((void*)(0)) cpp_dbc::MySQL::MySQLDriver()) std::construct_at<cpp_dbc::MySQL::MySQLDriver>(cpp_dbc::MySQL::MySQLDriver*) (stl_construct.h:97)
==268755==    by 0x163D03: void std::allocator_traits<std::allocator<cpp_dbc::MySQL::MySQLDriver> >::construct<cpp_dbc::MySQL::MySQLDriver>(std::allocator<cpp_dbc::MySQL::MySQLDriver>&, cpp_dbc::MySQL::MySQLDriver*) (alloc_traits.h:518)
==268755==    by 0x163861: std::_Sp_counted_ptr_inplace<cpp_dbc::MySQL::MySQLDriver, std::allocator<cpp_dbc::MySQL::MySQLDriver>, (__gnu_cxx::_Lock_policy)2>::_Sp_counted_ptr_inplace<>(std::allocator<cpp_dbc::MySQL::MySQLDriver>) (shared_ptr_base.h:519)
==268755== 
==268755== 24 bytes in 1 blocks are still reachable in loss record 681 of 2,004
==268755==    at 0x4848899: malloc (in /usr/libexec/valgrind/vgpreload_memcheck-amd64-linux.so)
==268755==    by 0x560C185: OPENSSL_LH_insert (in /usr/lib/x86_64-linux-gnu/libcrypto.so.3)
==268755==    by 0x562D0AA: OBJ_NAME_add (in /usr/lib/x86_64-linux-gnu/libcrypto.so.3)
==268755==    by 0x55FF684: EVP_add_cipher (in /usr/lib/x86_64-linux-gnu/libcrypto.so.3)
==268755==    by 0x561DF5A: ??? (in /usr/lib/x86_64-linux-gnu/libcrypto.so.3)
==268755==    by 0x522BEE7: __pthread_once_slow (pthread_once.c:116)
==268755==    by 0x5621C9C: CRYPTO_THREAD_run_once (in /usr/lib/x86_64-linux-gnu/libcrypto.so.3)
==268755==    by 0x561E9F0: OPENSSL_init_crypto (in /usr/lib/x86_64-linux-gnu/libcrypto.so.3)
==268755==    by 0x53EB9B6: OPENSSL_init_ssl (in /usr/lib/x86_64-linux-gnu/libssl.so.3)
==268755==    by 0x488FB29: mysql_server_init (in /usr/lib/x86_64-linux-gnu/libmysqlclient.so.21.2.42)
==268755==    by 0x1ED98C: cpp_dbc::MySQL::MySQLDriver::MySQLDriver() (driver_mysql.cpp:797)
==268755==    by 0x163CB6: decltype (::new ((void*)(0)) cpp_dbc::MySQL::MySQLDriver()) std::construct_at<cpp_dbc::MySQL::MySQLDriver>(cpp_dbc::MySQL::MySQLDriver*) (stl_construct.h:97)
==268755== 
==268755== 24 bytes in 1 blocks are still reachable in loss record 682 of 2,004
==268755==    at 0x4848899: malloc (in /usr/libexec/valgrind/vgpreload_memcheck-amd64-linux.so)
==268755==    by 0x562D068: OBJ_NAME_add (in /usr/lib/x86_64-linux-gnu/libcrypto.so.3)
==268755==    by 0x561DF5A: ??? (in /usr/lib/x86_64-linux-gnu/libcrypto.so.3)
==268755==    by 0x522BEE7: __pthread_once_slow (pthread_once.c:116)
==268755==    by 0x5621C9C: CRYPTO_THREAD_run_once (in /usr/lib/x86_64-linux-gnu/libcrypto.so.3)
==268755==    by 0x561E9F0: OPENSSL_init_crypto (in /usr/lib/x86_64-linux-gnu/libcrypto.so.3)
==268755==    by 0x53EB9B6: OPENSSL_init_ssl (in /usr/lib/x86_64-linux-gnu/libssl.so.3)
==268755==    by 0x488FB29: mysql_server_init (in /usr/lib/x86_64-linux-gnu/libmysqlclient.so.21.2.42)
==268755==    by 0x1ED98C: cpp_dbc::MySQL::MySQLDriver::MySQLDriver() (driver_mysql.cpp:797)
==268755==    by 0x163CB6: decltype (::new ((void*)(0)) cpp_dbc::MySQL::MySQLDriver()) std::construct_at<cpp_dbc::MySQL::MySQLDriver>(cpp_dbc::MySQL::MySQLDriver*) (stl_construct.h:97)
==268755==    by 0x163D03: void std::allocator_traits<std::allocator<cpp_dbc::MySQL::MySQLDriver> >::construct<cpp_dbc::MySQL::MySQLDriver>(std::allocator<cpp_dbc::MySQL::MySQLDriver>&, cpp_dbc::MySQL::MySQLDriver*) (alloc_traits.h:518)
==268755==    by 0x163861: std::_Sp_counted_ptr_inplace<cpp_dbc::MySQL::MySQLDriver, std::allocator<cpp_dbc::MySQL::MySQLDriver>, (__gnu_cxx::_Lock_policy)2>::_Sp_counted_ptr_inplace<>(std::allocator<cpp_dbc::MySQL::MySQLDriver>) (shared_ptr_base.h:519)
==268755== 
==268755== 24 bytes in 1 blocks are still reachable in loss record 683 of 2,004
==268755==    at 0x4848899: malloc (in /usr/libexec/valgrind/vgpreload_memcheck-amd64-linux.so)
==268755==    by 0x560C185: OPENSSL_LH_insert (in /usr/lib/x86_64-linux-gnu/libcrypto.so.3)
==268755==    by 0x562D0AA: OBJ_NAME_add (in /usr/lib/x86_64-linux-gnu/libcrypto.so.3)
==268755==    by 0x55FF6E7: EVP_add_digest (in /usr/lib/x86_64-linux-gnu/libcrypto.so.3)
==268755==    by 0x561DF89: ??? (in /usr/lib/x86_64-linux-gnu/libcrypto.so.3)
==268755==    by 0x522BEE7: __pthread_once_slow (pthread_once.c:116)
==268755==    by 0x5621C9C: CRYPTO_THREAD_run_once (in /usr/lib/x86_64-linux-gnu/libcrypto.so.3)
==268755==    by 0x561EA4C: OPENSSL_init_crypto (in /usr/lib/x86_64-linux-gnu/libcrypto.so.3)
==268755==    by 0x53EB9B6: OPENSSL_init_ssl (in /usr/lib/x86_64-linux-gnu/libssl.so.3)
==268755==    by 0x488FB29: mysql_server_init (in /usr/lib/x86_64-linux-gnu/libmysqlclient.so.21.2.42)
==268755==    by 0x1ED98C: cpp_dbc::MySQL::MySQLDriver::MySQLDriver() (driver_mysql.cpp:797)
==268755==    by 0x163CB6: decltype (::new ((void*)(0)) cpp_dbc::MySQL::MySQLDriver()) std::construct_at<cpp_dbc::MySQL::MySQLDriver>(cpp_dbc::MySQL::MySQLDriver*) (stl_construct.h:97)
==268755== 
==268755== 24 bytes in 1 blocks are still reachable in loss record 684 of 2,004
==268755==    at 0x4848899: malloc (in /usr/libexec/valgrind/vgpreload_memcheck-amd64-linux.so)
==268755==    by 0x562D068: OBJ_NAME_add (in /usr/lib/x86_64-linux-gnu/libcrypto.so.3)
==268755==    by 0x55FF716: EVP_add_digest (in /usr/lib/x86_64-linux-gnu/libcrypto.so.3)
==268755==    by 0x561DF89: ??? (in /usr/lib/x86_64-linux-gnu/libcrypto.so.3)
==268755==    by 0x522BEE7: __pthread_once_slow (pthread_once.c:116)
==268755==    by 0x5621C9C: CRYPTO_THREAD_run_once (in /usr/lib/x86_64-linux-gnu/libcrypto.so.3)
==268755==    by 0x561EA4C: OPENSSL_init_crypto (in /usr/lib/x86_64-linux-gnu/libcrypto.so.3)
==268755==    by 0x53EB9B6: OPENSSL_init_ssl (in /usr/lib/x86_64-linux-gnu/libssl.so.3)
==268755==    by 0x488FB29: mysql_server_init (in /usr/lib/x86_64-linux-gnu/libmysqlclient.so.21.2.42)
==268755==    by 0x1ED98C: cpp_dbc::MySQL::MySQLDriver::MySQLDriver() (driver_mysql.cpp:797)
==268755==    by 0x163CB6: decltype (::new ((void*)(0)) cpp_dbc::MySQL::MySQLDriver()) std::construct_at<cpp_dbc::MySQL::MySQLDriver>(cpp_dbc::MySQL::MySQLDriver*) (stl_construct.h:97)
==268755==    by 0x163D03: void std::allocator_traits<std::allocator<cpp_dbc::MySQL::MySQLDriver> >::construct<cpp_dbc::MySQL::MySQLDriver>(std::allocator<cpp_dbc::MySQL::MySQLDriver>&, cpp_dbc::MySQL::MySQLDriver*) (alloc_traits.h:518)
==268755== 
==268755== 24 bytes in 1 blocks are still reachable in loss record 685 of 2,004
==268755==    at 0x4848899: malloc (in /usr/libexec/valgrind/vgpreload_memcheck-amd64-linux.so)
==268755==    by 0x562D068: OBJ_NAME_add (in /usr/lib/x86_64-linux-gnu/libcrypto.so.3)
==268755==    by 0x55FF73A: EVP_add_digest (in /usr/lib/x86_64-linux-gnu/libcrypto.so.3)
==268755==    by 0x561DF89: ??? (in /usr/lib/x86_64-linux-gnu/libcrypto.so.3)
==268755==    by 0x522BEE7: __pthread_once_slow (pthread_once.c:116)
==268755==    by 0x5621C9C: CRYPTO_THREAD_run_once (in /usr/lib/x86_64-linux-gnu/libcrypto.so.3)
==268755==    by 0x561EA4C: OPENSSL_init_crypto (in /usr/lib/x86_64-linux-gnu/libcrypto.so.3)
==268755==    by 0x53EB9B6: OPENSSL_init_ssl (in /usr/lib/x86_64-linux-gnu/libssl.so.3)
==268755==    by 0x488FB29: mysql_server_init (in /usr/lib/x86_64-linux-gnu/libmysqlclient.so.21.2.42)
==268755==    by 0x1ED98C: cpp_dbc::MySQL::MySQLDriver::MySQLDriver() (driver_mysql.cpp:797)
==268755==    by 0x163CB6: decltype (::new ((void*)(0)) cpp_dbc::MySQL::MySQLDriver()) std::construct_at<cpp_dbc::MySQL::MySQLDriver>(cpp_dbc::MySQL::MySQLDriver*) (stl_construct.h:97)
==268755==    by 0x163D03: void std::allocator_traits<std::allocator<cpp_dbc::MySQL::MySQLDriver> >::construct<cpp_dbc::MySQL::MySQLDriver>(std::allocator<cpp_dbc::MySQL::MySQLDriver>&, cpp_dbc::MySQL::MySQLDriver*) (alloc_traits.h:518)
==268755== 
==268755== 24 bytes in 1 blocks are still reachable in loss record 686 of 2,004
==268755==    at 0x4848899: malloc (in /usr/libexec/valgrind/vgpreload_memcheck-amd64-linux.so)
==268755==    by 0x560C185: OPENSSL_LH_insert (in /usr/lib/x86_64-linux-gnu/libcrypto.so.3)
==268755==    by 0x562D0AA: OBJ_NAME_add (in /usr/lib/x86_64-linux-gnu/libcrypto.so.3)
==268755==    by 0x55FF73A: EVP_add_digest (in /usr/lib/x86_64-linux-gnu/libcrypto.so.3)
==268755==    by 0x561DF89: ??? (in /usr/lib/x86_64-linux-gnu/libcrypto.so.3)
==268755==    by 0x522BEE7: __pthread_once_slow (pthread_once.c:116)
==268755==    by 0x5621C9C: CRYPTO_THREAD_run_once (in /usr/lib/x86_64-linux-gnu/libcrypto.so.3)
==268755==    by 0x561EA4C: OPENSSL_init_crypto (in /usr/lib/x86_64-linux-gnu/libcrypto.so.3)
==268755==    by 0x53EB9B6: OPENSSL_init_ssl (in /usr/lib/x86_64-linux-gnu/libssl.so.3)
==268755==    by 0x488FB29: mysql_server_init (in /usr/lib/x86_64-linux-gnu/libmysqlclient.so.21.2.42)
==268755==    by 0x1ED98C: cpp_dbc::MySQL::MySQLDriver::MySQLDriver() (driver_mysql.cpp:797)
==268755==    by 0x163CB6: decltype (::new ((void*)(0)) cpp_dbc::MySQL::MySQLDriver()) std::construct_at<cpp_dbc::MySQL::MySQLDriver>(cpp_dbc::MySQL::MySQLDriver*) (stl_construct.h:97)
==268755== 
==268755== 24 bytes in 1 blocks are still reachable in loss record 687 of 2,004
==268755==    at 0x4848899: malloc (in /usr/libexec/valgrind/vgpreload_memcheck-amd64-linux.so)
==268755==    by 0x562D068: OBJ_NAME_add (in /usr/lib/x86_64-linux-gnu/libcrypto.so.3)
==268755==    by 0x561DF89: ??? (in /usr/lib/x86_64-linux-gnu/libcrypto.so.3)
==268755==    by 0x522BEE7: __pthread_once_slow (pthread_once.c:116)
==268755==    by 0x5621C9C: CRYPTO_THREAD_run_once (in /usr/lib/x86_64-linux-gnu/libcrypto.so.3)
==268755==    by 0x561EA4C: OPENSSL_init_crypto (in /usr/lib/x86_64-linux-gnu/libcrypto.so.3)
==268755==    by 0x53EB9B6: OPENSSL_init_ssl (in /usr/lib/x86_64-linux-gnu/libssl.so.3)
==268755==    by 0x488FB29: mysql_server_init (in /usr/lib/x86_64-linux-gnu/libmysqlclient.so.21.2.42)
==268755==    by 0x1ED98C: cpp_dbc::MySQL::MySQLDriver::MySQLDriver() (driver_mysql.cpp:797)
==268755==    by 0x163CB6: decltype (::new ((void*)(0)) cpp_dbc::MySQL::MySQLDriver()) std::construct_at<cpp_dbc::MySQL::MySQLDriver>(cpp_dbc::MySQL::MySQLDriver*) (stl_construct.h:97)
==268755==    by 0x163D03: void std::allocator_traits<std::allocator<cpp_dbc::MySQL::MySQLDriver> >::construct<cpp_dbc::MySQL::MySQLDriver>(std::allocator<cpp_dbc::MySQL::MySQLDriver>&, cpp_dbc::MySQL::MySQLDriver*) (alloc_traits.h:518)
==268755==    by 0x163861: std::_Sp_counted_ptr_inplace<cpp_dbc::MySQL::MySQLDriver, std::allocator<cpp_dbc::MySQL::MySQLDriver>, (__gnu_cxx::_Lock_policy)2>::_Sp_counted_ptr_inplace<>(std::allocator<cpp_dbc::MySQL::MySQLDriver>) (shared_ptr_base.h:519)
==268755== 
==268755== 24 bytes in 1 blocks are still reachable in loss record 688 of 2,004
==268755==    at 0x4848899: malloc (in /usr/libexec/valgrind/vgpreload_memcheck-amd64-linux.so)
==268755==    by 0x560C185: OPENSSL_LH_insert (in /usr/lib/x86_64-linux-gnu/libcrypto.so.3)
==268755==    by 0x562D0AA: OBJ_NAME_add (in /usr/lib/x86_64-linux-gnu/libcrypto.so.3)
==268755==    by 0x561DF89: ??? (in /usr/lib/x86_64-linux-gnu/libcrypto.so.3)
==268755==    by 0x522BEE7: __pthread_once_slow (pthread_once.c:116)
==268755==    by 0x5621C9C: CRYPTO_THREAD_run_once (in /usr/lib/x86_64-linux-gnu/libcrypto.so.3)
==268755==    by 0x561EA4C: OPENSSL_init_crypto (in /usr/lib/x86_64-linux-gnu/libcrypto.so.3)
==268755==    by 0x53EB9B6: OPENSSL_init_ssl (in /usr/lib/x86_64-linux-gnu/libssl.so.3)
==268755==    by 0x488FB29: mysql_server_init (in /usr/lib/x86_64-linux-gnu/libmysqlclient.so.21.2.42)
==268755==    by 0x1ED98C: cpp_dbc::MySQL::MySQLDriver::MySQLDriver() (driver_mysql.cpp:797)
==268755==    by 0x163CB6: decltype (::new ((void*)(0)) cpp_dbc::MySQL::MySQLDriver()) std::construct_at<cpp_dbc::MySQL::MySQLDriver>(cpp_dbc::MySQL::MySQLDriver*) (stl_construct.h:97)
==268755==    by 0x163D03: void std::allocator_traits<std::allocator<cpp_dbc::MySQL::MySQLDriver> >::construct<cpp_dbc::MySQL::MySQLDriver>(std::allocator<cpp_dbc::MySQL::MySQLDriver>&, cpp_dbc::MySQL::MySQLDriver*) (alloc_traits.h:518)
==268755== 
==268755== 24 bytes in 1 blocks are still reachable in loss record 689 of 2,004
==268755==    at 0x4848899: malloc (in /usr/libexec/valgrind/vgpreload_memcheck-amd64-linux.so)
==268755==    by 0x560C185: OPENSSL_LH_insert (in /usr/lib/x86_64-linux-gnu/libcrypto.so.3)
==268755==    by 0x562D0AA: OBJ_NAME_add (in /usr/lib/x86_64-linux-gnu/libcrypto.so.3)
==268755==    by 0x55FF6E7: EVP_add_digest (in /usr/lib/x86_64-linux-gnu/libcrypto.so.3)
==268755==    by 0x561DF96: ??? (in /usr/lib/x86_64-linux-gnu/libcrypto.so.3)
==268755==    by 0x522BEE7: __pthread_once_slow (pthread_once.c:116)
==268755==    by 0x5621C9C: CRYPTO_THREAD_run_once (in /usr/lib/x86_64-linux-gnu/libcrypto.so.3)
==268755==    by 0x561EA4C: OPENSSL_init_crypto (in /usr/lib/x86_64-linux-gnu/libcrypto.so.3)
==268755==    by 0x53EB9B6: OPENSSL_init_ssl (in /usr/lib/x86_64-linux-gnu/libssl.so.3)
==268755==    by 0x488FB29: mysql_server_init (in /usr/lib/x86_64-linux-gnu/libmysqlclient.so.21.2.42)
==268755==    by 0x1ED98C: cpp_dbc::MySQL::MySQLDriver::MySQLDriver() (driver_mysql.cpp:797)
==268755==    by 0x163CB6: decltype (::new ((void*)(0)) cpp_dbc::MySQL::MySQLDriver()) std::construct_at<cpp_dbc::MySQL::MySQLDriver>(cpp_dbc::MySQL::MySQLDriver*) (stl_construct.h:97)
==268755== 
==268755== 24 bytes in 1 blocks are still reachable in loss record 690 of 2,004
==268755==    at 0x4848899: malloc (in /usr/libexec/valgrind/vgpreload_memcheck-amd64-linux.so)
==268755==    by 0x562D068: OBJ_NAME_add (in /usr/lib/x86_64-linux-gnu/libcrypto.so.3)
==268755==    by 0x55FF716: EVP_add_digest (in /usr/lib/x86_64-linux-gnu/libcrypto.so.3)
==268755==    by 0x561DF96: ??? (in /usr/lib/x86_64-linux-gnu/libcrypto.so.3)
==268755==    by 0x522BEE7: __pthread_once_slow (pthread_once.c:116)
==268755==    by 0x5621C9C: CRYPTO_THREAD_run_once (in /usr/lib/x86_64-linux-gnu/libcrypto.so.3)
==268755==    by 0x561EA4C: OPENSSL_init_crypto (in /usr/lib/x86_64-linux-gnu/libcrypto.so.3)
==268755==    by 0x53EB9B6: OPENSSL_init_ssl (in /usr/lib/x86_64-linux-gnu/libssl.so.3)
==268755==    by 0x488FB29: mysql_server_init (in /usr/lib/x86_64-linux-gnu/libmysqlclient.so.21.2.42)
==268755==    by 0x1ED98C: cpp_dbc::MySQL::MySQLDriver::MySQLDriver() (driver_mysql.cpp:797)
==268755==    by 0x163CB6: decltype (::new ((void*)(0)) cpp_dbc::MySQL::MySQLDriver()) std::construct_at<cpp_dbc::MySQL::MySQLDriver>(cpp_dbc::MySQL::MySQLDriver*) (stl_construct.h:97)
==268755==    by 0x163D03: void std::allocator_traits<std::allocator<cpp_dbc::MySQL::MySQLDriver> >::construct<cpp_dbc::MySQL::MySQLDriver>(std::allocator<cpp_dbc::MySQL::MySQLDriver>&, cpp_dbc::MySQL::MySQLDriver*) (alloc_traits.h:518)
==268755== 
==268755== 24 bytes in 1 blocks are still reachable in loss record 691 of 2,004
==268755==    at 0x4848899: malloc (in /usr/libexec/valgrind/vgpreload_memcheck-amd64-linux.so)
==268755==    by 0x562D068: OBJ_NAME_add (in /usr/lib/x86_64-linux-gnu/libcrypto.so.3)
==268755==    by 0x55FF73A: EVP_add_digest (in /usr/lib/x86_64-linux-gnu/libcrypto.so.3)
==268755==    by 0x561DF96: ??? (in /usr/lib/x86_64-linux-gnu/libcrypto.so.3)
==268755==    by 0x522BEE7: __pthread_once_slow (pthread_once.c:116)
==268755==    by 0x5621C9C: CRYPTO_THREAD_run_once (in /usr/lib/x86_64-linux-gnu/libcrypto.so.3)
==268755==    by 0x561EA4C: OPENSSL_init_crypto (in /usr/lib/x86_64-linux-gnu/libcrypto.so.3)
==268755==    by 0x53EB9B6: OPENSSL_init_ssl (in /usr/lib/x86_64-linux-gnu/libssl.so.3)
==268755==    by 0x488FB29: mysql_server_init (in /usr/lib/x86_64-linux-gnu/libmysqlclient.so.21.2.42)
==268755==    by 0x1ED98C: cpp_dbc::MySQL::MySQLDriver::MySQLDriver() (driver_mysql.cpp:797)
==268755==    by 0x163CB6: decltype (::new ((void*)(0)) cpp_dbc::MySQL::MySQLDriver()) std::construct_at<cpp_dbc::MySQL::MySQLDriver>(cpp_dbc::MySQL::MySQLDriver*) (stl_construct.h:97)
==268755==    by 0x163D03: void std::allocator_traits<std::allocator<cpp_dbc::MySQL::MySQLDriver> >::construct<cpp_dbc::MySQL::MySQLDriver>(std::allocator<cpp_dbc::MySQL::MySQLDriver>&, cpp_dbc::MySQL::MySQLDriver*) (alloc_traits.h:518)
==268755== 
==268755== 24 bytes in 1 blocks are still reachable in loss record 692 of 2,004
==268755==    at 0x4848899: malloc (in /usr/libexec/valgrind/vgpreload_memcheck-amd64-linux.so)
==268755==    by 0x560C185: OPENSSL_LH_insert (in /usr/lib/x86_64-linux-gnu/libcrypto.so.3)
==268755==    by 0x562D0AA: OBJ_NAME_add (in /usr/lib/x86_64-linux-gnu/libcrypto.so.3)
==268755==    by 0x55FF73A: EVP_add_digest (in /usr/lib/x86_64-linux-gnu/libcrypto.so.3)
==268755==    by 0x561DF96: ??? (in /usr/lib/x86_64-linux-gnu/libcrypto.so.3)
==268755==    by 0x522BEE7: __pthread_once_slow (pthread_once.c:116)
==268755==    by 0x5621C9C: CRYPTO_THREAD_run_once (in /usr/lib/x86_64-linux-gnu/libcrypto.so.3)
==268755==    by 0x561EA4C: OPENSSL_init_crypto (in /usr/lib/x86_64-linux-gnu/libcrypto.so.3)
==268755==    by 0x53EB9B6: OPENSSL_init_ssl (in /usr/lib/x86_64-linux-gnu/libssl.so.3)
==268755==    by 0x488FB29: mysql_server_init (in /usr/lib/x86_64-linux-gnu/libmysqlclient.so.21.2.42)
==268755==    by 0x1ED98C: cpp_dbc::MySQL::MySQLDriver::MySQLDriver() (driver_mysql.cpp:797)
==268755==    by 0x163CB6: decltype (::new ((void*)(0)) cpp_dbc::MySQL::MySQLDriver()) std::construct_at<cpp_dbc::MySQL::MySQLDriver>(cpp_dbc::MySQL::MySQLDriver*) (stl_construct.h:97)
==268755== 
==268755== 24 bytes in 1 blocks are still reachable in loss record 693 of 2,004
==268755==    at 0x4848899: malloc (in /usr/libexec/valgrind/vgpreload_memcheck-amd64-linux.so)
==268755==    by 0x562D068: OBJ_NAME_add (in /usr/lib/x86_64-linux-gnu/libcrypto.so.3)
==268755==    by 0x561DF96: ??? (in /usr/lib/x86_64-linux-gnu/libcrypto.so.3)
==268755==    by 0x522BEE7: __pthread_once_slow (pthread_once.c:116)
==268755==    by 0x5621C9C: CRYPTO_THREAD_run_once (in /usr/lib/x86_64-linux-gnu/libcrypto.so.3)
==268755==    by 0x561EA4C: OPENSSL_init_crypto (in /usr/lib/x86_64-linux-gnu/libcrypto.so.3)
==268755==    by 0x53EB9B6: OPENSSL_init_ssl (in /usr/lib/x86_64-linux-gnu/libssl.so.3)
==268755==    by 0x488FB29: mysql_server_init (in /usr/lib/x86_64-linux-gnu/libmysqlclient.so.21.2.42)
==268755==    by 0x1ED98C: cpp_dbc::MySQL::MySQLDriver::MySQLDriver() (driver_mysql.cpp:797)
==268755==    by 0x163CB6: decltype (::new ((void*)(0)) cpp_dbc::MySQL::MySQLDriver()) std::construct_at<cpp_dbc::MySQL::MySQLDriver>(cpp_dbc::MySQL::MySQLDriver*) (stl_construct.h:97)
==268755==    by 0x163D03: void std::allocator_traits<std::allocator<cpp_dbc::MySQL::MySQLDriver> >::construct<cpp_dbc::MySQL::MySQLDriver>(std::allocator<cpp_dbc::MySQL::MySQLDriver>&, cpp_dbc::MySQL::MySQLDriver*) (alloc_traits.h:518)
==268755==    by 0x163861: std::_Sp_counted_ptr_inplace<cpp_dbc::MySQL::MySQLDriver, std::allocator<cpp_dbc::MySQL::MySQLDriver>, (__gnu_cxx::_Lock_policy)2>::_Sp_counted_ptr_inplace<>(std::allocator<cpp_dbc::MySQL::MySQLDriver>) (shared_ptr_base.h:519)
==268755== 
==268755== 24 bytes in 1 blocks are still reachable in loss record 694 of 2,004
==268755==    at 0x4848899: malloc (in /usr/libexec/valgrind/vgpreload_memcheck-amd64-linux.so)
==268755==    by 0x560C185: OPENSSL_LH_insert (in /usr/lib/x86_64-linux-gnu/libcrypto.so.3)
==268755==    by 0x562D0AA: OBJ_NAME_add (in /usr/lib/x86_64-linux-gnu/libcrypto.so.3)
==268755==    by 0x561DF96: ??? (in /usr/lib/x86_64-linux-gnu/libcrypto.so.3)
==268755==    by 0x522BEE7: __pthread_once_slow (pthread_once.c:116)
==268755==    by 0x5621C9C: CRYPTO_THREAD_run_once (in /usr/lib/x86_64-linux-gnu/libcrypto.so.3)
==268755==    by 0x561EA4C: OPENSSL_init_crypto (in /usr/lib/x86_64-linux-gnu/libcrypto.so.3)
==268755==    by 0x53EB9B6: OPENSSL_init_ssl (in /usr/lib/x86_64-linux-gnu/libssl.so.3)
==268755==    by 0x488FB29: mysql_server_init (in /usr/lib/x86_64-linux-gnu/libmysqlclient.so.21.2.42)
==268755==    by 0x1ED98C: cpp_dbc::MySQL::MySQLDriver::MySQLDriver() (driver_mysql.cpp:797)
==268755==    by 0x163CB6: decltype (::new ((void*)(0)) cpp_dbc::MySQL::MySQLDriver()) std::construct_at<cpp_dbc::MySQL::MySQLDriver>(cpp_dbc::MySQL::MySQLDriver*) (stl_construct.h:97)
==268755==    by 0x163D03: void std::allocator_traits<std::allocator<cpp_dbc::MySQL::MySQLDriver> >::construct<cpp_dbc::MySQL::MySQLDriver>(std::allocator<cpp_dbc::MySQL::MySQLDriver>&, cpp_dbc::MySQL::MySQLDriver*) (alloc_traits.h:518)
==268755== 
==268755== 24 bytes in 1 blocks are still reachable in loss record 695 of 2,004
==268755==    at 0x4848899: malloc (in /usr/libexec/valgrind/vgpreload_memcheck-amd64-linux.so)
==268755==    by 0x562D068: OBJ_NAME_add (in /usr/lib/x86_64-linux-gnu/libcrypto.so.3)
==268755==    by 0x561DFAE: ??? (in /usr/lib/x86_64-linux-gnu/libcrypto.so.3)
==268755==    by 0x522BEE7: __pthread_once_slow (pthread_once.c:116)
==268755==    by 0x5621C9C: CRYPTO_THREAD_run_once (in /usr/lib/x86_64-linux-gnu/libcrypto.so.3)
==268755==    by 0x561EA4C: OPENSSL_init_crypto (in /usr/lib/x86_64-linux-gnu/libcrypto.so.3)
==268755==    by 0x53EB9B6: OPENSSL_init_ssl (in /usr/lib/x86_64-linux-gnu/libssl.so.3)
==268755==    by 0x488FB29: mysql_server_init (in /usr/lib/x86_64-linux-gnu/libmysqlclient.so.21.2.42)
==268755==    by 0x1ED98C: cpp_dbc::MySQL::MySQLDriver::MySQLDriver() (driver_mysql.cpp:797)
==268755==    by 0x163CB6: decltype (::new ((void*)(0)) cpp_dbc::MySQL::MySQLDriver()) std::construct_at<cpp_dbc::MySQL::MySQLDriver>(cpp_dbc::MySQL::MySQLDriver*) (stl_construct.h:97)
==268755==    by 0x163D03: void std::allocator_traits<std::allocator<cpp_dbc::MySQL::MySQLDriver> >::construct<cpp_dbc::MySQL::MySQLDriver>(std::allocator<cpp_dbc::MySQL::MySQLDriver>&, cpp_dbc::MySQL::MySQLDriver*) (alloc_traits.h:518)
==268755==    by 0x163861: std::_Sp_counted_ptr_inplace<cpp_dbc::MySQL::MySQLDriver, std::allocator<cpp_dbc::MySQL::MySQLDriver>, (__gnu_cxx::_Lock_policy)2>::_Sp_counted_ptr_inplace<>(std::allocator<cpp_dbc::MySQL::MySQLDriver>) (shared_ptr_base.h:519)
==268755== 
==268755== 24 bytes in 1 blocks are still reachable in loss record 696 of 2,004
==268755==    at 0x4848899: malloc (in /usr/libexec/valgrind/vgpreload_memcheck-amd64-linux.so)
==268755==    by 0x560C185: OPENSSL_LH_insert (in /usr/lib/x86_64-linux-gnu/libcrypto.so.3)
==268755==    by 0x562D0AA: OBJ_NAME_add (in /usr/lib/x86_64-linux-gnu/libcrypto.so.3)
==268755==    by 0x561DFAE: ??? (in /usr/lib/x86_64-linux-gnu/libcrypto.so.3)
==268755==    by 0x522BEE7: __pthread_once_slow (pthread_once.c:116)
==268755==    by 0x5621C9C: CRYPTO_THREAD_run_once (in /usr/lib/x86_64-linux-gnu/libcrypto.so.3)
==268755==    by 0x561EA4C: OPENSSL_init_crypto (in /usr/lib/x86_64-linux-gnu/libcrypto.so.3)
==268755==    by 0x53EB9B6: OPENSSL_init_ssl (in /usr/lib/x86_64-linux-gnu/libssl.so.3)
==268755==    by 0x488FB29: mysql_server_init (in /usr/lib/x86_64-linux-gnu/libmysqlclient.so.21.2.42)
==268755==    by 0x1ED98C: cpp_dbc::MySQL::MySQLDriver::MySQLDriver() (driver_mysql.cpp:797)
==268755==    by 0x163CB6: decltype (::new ((void*)(0)) cpp_dbc::MySQL::MySQLDriver()) std::construct_at<cpp_dbc::MySQL::MySQLDriver>(cpp_dbc::MySQL::MySQLDriver*) (stl_construct.h:97)
==268755==    by 0x163D03: void std::allocator_traits<std::allocator<cpp_dbc::MySQL::MySQLDriver> >::construct<cpp_dbc::MySQL::MySQLDriver>(std::allocator<cpp_dbc::MySQL::MySQLDriver>&, cpp_dbc::MySQL::MySQLDriver*) (alloc_traits.h:518)
==268755== 
==268755== 24 bytes in 1 blocks are still reachable in loss record 697 of 2,004
==268755==    at 0x4848899: malloc (in /usr/libexec/valgrind/vgpreload_memcheck-amd64-linux.so)
==268755==    by 0x560C185: OPENSSL_LH_insert (in /usr/lib/x86_64-linux-gnu/libcrypto.so.3)
==268755==    by 0x562D0AA: OBJ_NAME_add (in /usr/lib/x86_64-linux-gnu/libcrypto.so.3)
==268755==    by 0x55FF6E7: EVP_add_digest (in /usr/lib/x86_64-linux-gnu/libcrypto.so.3)
==268755==    by 0x561DFBB: ??? (in /usr/lib/x86_64-linux-gnu/libcrypto.so.3)
==268755==    by 0x522BEE7: __pthread_once_slow (pthread_once.c:116)
==268755==    by 0x5621C9C: CRYPTO_THREAD_run_once (in /usr/lib/x86_64-linux-gnu/libcrypto.so.3)
==268755==    by 0x561EA4C: OPENSSL_init_crypto (in /usr/lib/x86_64-linux-gnu/libcrypto.so.3)
==268755==    by 0x53EB9B6: OPENSSL_init_ssl (in /usr/lib/x86_64-linux-gnu/libssl.so.3)
==268755==    by 0x488FB29: mysql_server_init (in /usr/lib/x86_64-linux-gnu/libmysqlclient.so.21.2.42)
==268755==    by 0x1ED98C: cpp_dbc::MySQL::MySQLDriver::MySQLDriver() (driver_mysql.cpp:797)
==268755==    by 0x163CB6: decltype (::new ((void*)(0)) cpp_dbc::MySQL::MySQLDriver()) std::construct_at<cpp_dbc::MySQL::MySQLDriver>(cpp_dbc::MySQL::MySQLDriver*) (stl_construct.h:97)
==268755== 
==268755== 24 bytes in 1 blocks are still reachable in loss record 698 of 2,004
==268755==    at 0x4848899: malloc (in /usr/libexec/valgrind/vgpreload_memcheck-amd64-linux.so)
==268755==    by 0x562D068: OBJ_NAME_add (in /usr/lib/x86_64-linux-gnu/libcrypto.so.3)
==268755==    by 0x55FF716: EVP_add_digest (in /usr/lib/x86_64-linux-gnu/libcrypto.so.3)
==268755==    by 0x561DFBB: ??? (in /usr/lib/x86_64-linux-gnu/libcrypto.so.3)
==268755==    by 0x522BEE7: __pthread_once_slow (pthread_once.c:116)
==268755==    by 0x5621C9C: CRYPTO_THREAD_run_once (in /usr/lib/x86_64-linux-gnu/libcrypto.so.3)
==268755==    by 0x561EA4C: OPENSSL_init_crypto (in /usr/lib/x86_64-linux-gnu/libcrypto.so.3)
==268755==    by 0x53EB9B6: OPENSSL_init_ssl (in /usr/lib/x86_64-linux-gnu/libssl.so.3)
==268755==    by 0x488FB29: mysql_server_init (in /usr/lib/x86_64-linux-gnu/libmysqlclient.so.21.2.42)
==268755==    by 0x1ED98C: cpp_dbc::MySQL::MySQLDriver::MySQLDriver() (driver_mysql.cpp:797)
==268755==    by 0x163CB6: decltype (::new ((void*)(0)) cpp_dbc::MySQL::MySQLDriver()) std::construct_at<cpp_dbc::MySQL::MySQLDriver>(cpp_dbc::MySQL::MySQLDriver*) (stl_construct.h:97)
==268755==    by 0x163D03: void std::allocator_traits<std::allocator<cpp_dbc::MySQL::MySQLDriver> >::construct<cpp_dbc::MySQL::MySQLDriver>(std::allocator<cpp_dbc::MySQL::MySQLDriver>&, cpp_dbc::MySQL::MySQLDriver*) (alloc_traits.h:518)
==268755== 
==268755== 24 bytes in 1 blocks are still reachable in loss record 699 of 2,004
==268755==    at 0x4848899: malloc (in /usr/libexec/valgrind/vgpreload_memcheck-amd64-linux.so)
==268755==    by 0x560C185: OPENSSL_LH_insert (in /usr/lib/x86_64-linux-gnu/libcrypto.so.3)
==268755==    by 0x562D0AA: OBJ_NAME_add (in /usr/lib/x86_64-linux-gnu/libcrypto.so.3)
==268755==    by 0x55FF6E7: EVP_add_digest (in /usr/lib/x86_64-linux-gnu/libcrypto.so.3)
==268755==    by 0x561DFC8: ??? (in /usr/lib/x86_64-linux-gnu/libcrypto.so.3)
==268755==    by 0x522BEE7: __pthread_once_slow (pthread_once.c:116)
==268755==    by 0x5621C9C: CRYPTO_THREAD_run_once (in /usr/lib/x86_64-linux-gnu/libcrypto.so.3)
==268755==    by 0x561EA4C: OPENSSL_init_crypto (in /usr/lib/x86_64-linux-gnu/libcrypto.so.3)
==268755==    by 0x53EB9B6: OPENSSL_init_ssl (in /usr/lib/x86_64-linux-gnu/libssl.so.3)
==268755==    by 0x488FB29: mysql_server_init (in /usr/lib/x86_64-linux-gnu/libmysqlclient.so.21.2.42)
==268755==    by 0x1ED98C: cpp_dbc::MySQL::MySQLDriver::MySQLDriver() (driver_mysql.cpp:797)
==268755==    by 0x163CB6: decltype (::new ((void*)(0)) cpp_dbc::MySQL::MySQLDriver()) std::construct_at<cpp_dbc::MySQL::MySQLDriver>(cpp_dbc::MySQL::MySQLDriver*) (stl_construct.h:97)
==268755== 
==268755== 24 bytes in 1 blocks are still reachable in loss record 700 of 2,004
==268755==    at 0x4848899: malloc (in /usr/libexec/valgrind/vgpreload_memcheck-amd64-linux.so)
==268755==    by 0x562D068: OBJ_NAME_add (in /usr/lib/x86_64-linux-gnu/libcrypto.so.3)
==268755==    by 0x55FF716: EVP_add_digest (in /usr/lib/x86_64-linux-gnu/libcrypto.so.3)
==268755==    by 0x561DFC8: ??? (in /usr/lib/x86_64-linux-gnu/libcrypto.so.3)
==268755==    by 0x522BEE7: __pthread_once_slow (pthread_once.c:116)
==268755==    by 0x5621C9C: CRYPTO_THREAD_run_once (in /usr/lib/x86_64-linux-gnu/libcrypto.so.3)
==268755==    by 0x561EA4C: OPENSSL_init_crypto (in /usr/lib/x86_64-linux-gnu/libcrypto.so.3)
==268755==    by 0x53EB9B6: OPENSSL_init_ssl (in /usr/lib/x86_64-linux-gnu/libssl.so.3)
==268755==    by 0x488FB29: mysql_server_init (in /usr/lib/x86_64-linux-gnu/libmysqlclient.so.21.2.42)
==268755==    by 0x1ED98C: cpp_dbc::MySQL::MySQLDriver::MySQLDriver() (driver_mysql.cpp:797)
==268755==    by 0x163CB6: decltype (::new ((void*)(0)) cpp_dbc::MySQL::MySQLDriver()) std::construct_at<cpp_dbc::MySQL::MySQLDriver>(cpp_dbc::MySQL::MySQLDriver*) (stl_construct.h:97)
==268755==    by 0x163D03: void std::allocator_traits<std::allocator<cpp_dbc::MySQL::MySQLDriver> >::construct<cpp_dbc::MySQL::MySQLDriver>(std::allocator<cpp_dbc::MySQL::MySQLDriver>&, cpp_dbc::MySQL::MySQLDriver*) (alloc_traits.h:518)
==268755== 
==268755== 24 bytes in 1 blocks are still reachable in loss record 701 of 2,004
==268755==    at 0x4848899: malloc (in /usr/libexec/valgrind/vgpreload_memcheck-amd64-linux.so)
==268755==    by 0x562D068: OBJ_NAME_add (in /usr/lib/x86_64-linux-gnu/libcrypto.so.3)
==268755==    by 0x55FF73A: EVP_add_digest (in /usr/lib/x86_64-linux-gnu/libcrypto.so.3)
==268755==    by 0x561DFC8: ??? (in /usr/lib/x86_64-linux-gnu/libcrypto.so.3)
==268755==    by 0x522BEE7: __pthread_once_slow (pthread_once.c:116)
==268755==    by 0x5621C9C: CRYPTO_THREAD_run_once (in /usr/lib/x86_64-linux-gnu/libcrypto.so.3)
==268755==    by 0x561EA4C: OPENSSL_init_crypto (in /usr/lib/x86_64-linux-gnu/libcrypto.so.3)
==268755==    by 0x53EB9B6: OPENSSL_init_ssl (in /usr/lib/x86_64-linux-gnu/libssl.so.3)
==268755==    by 0x488FB29: mysql_server_init (in /usr/lib/x86_64-linux-gnu/libmysqlclient.so.21.2.42)
==268755==    by 0x1ED98C: cpp_dbc::MySQL::MySQLDriver::MySQLDriver() (driver_mysql.cpp:797)
==268755==    by 0x163CB6: decltype (::new ((void*)(0)) cpp_dbc::MySQL::MySQLDriver()) std::construct_at<cpp_dbc::MySQL::MySQLDriver>(cpp_dbc::MySQL::MySQLDriver*) (stl_construct.h:97)
==268755==    by 0x163D03: void std::allocator_traits<std::allocator<cpp_dbc::MySQL::MySQLDriver> >::construct<cpp_dbc::MySQL::MySQLDriver>(std::allocator<cpp_dbc::MySQL::MySQLDriver>&, cpp_dbc::MySQL::MySQLDriver*) (alloc_traits.h:518)
==268755== 
==268755== 24 bytes in 1 blocks are still reachable in loss record 702 of 2,004
==268755==    at 0x4848899: malloc (in /usr/libexec/valgrind/vgpreload_memcheck-amd64-linux.so)
==268755==    by 0x560C185: OPENSSL_LH_insert (in /usr/lib/x86_64-linux-gnu/libcrypto.so.3)
==268755==    by 0x562D0AA: OBJ_NAME_add (in /usr/lib/x86_64-linux-gnu/libcrypto.so.3)
==268755==    by 0x55FF73A: EVP_add_digest (in /usr/lib/x86_64-linux-gnu/libcrypto.so.3)
==268755==    by 0x561DFC8: ??? (in /usr/lib/x86_64-linux-gnu/libcrypto.so.3)
==268755==    by 0x522BEE7: __pthread_once_slow (pthread_once.c:116)
==268755==    by 0x5621C9C: CRYPTO_THREAD_run_once (in /usr/lib/x86_64-linux-gnu/libcrypto.so.3)
==268755==    by 0x561EA4C: OPENSSL_init_crypto (in /usr/lib/x86_64-linux-gnu/libcrypto.so.3)
==268755==    by 0x53EB9B6: OPENSSL_init_ssl (in /usr/lib/x86_64-linux-gnu/libssl.so.3)
==268755==    by 0x488FB29: mysql_server_init (in /usr/lib/x86_64-linux-gnu/libmysqlclient.so.21.2.42)
==268755==    by 0x1ED98C: cpp_dbc::MySQL::MySQLDriver::MySQLDriver() (driver_mysql.cpp:797)
==268755==    by 0x163CB6: decltype (::new ((void*)(0)) cpp_dbc::MySQL::MySQLDriver()) std::construct_at<cpp_dbc::MySQL::MySQLDriver>(cpp_dbc::MySQL::MySQLDriver*) (stl_construct.h:97)
==268755== 
==268755== 24 bytes in 1 blocks are still reachable in loss record 703 of 2,004
==268755==    at 0x4848899: malloc (in /usr/libexec/valgrind/vgpreload_memcheck-amd64-linux.so)
==268755==    by 0x562D068: OBJ_NAME_add (in /usr/lib/x86_64-linux-gnu/libcrypto.so.3)
==268755==    by 0x561DFC8: ??? (in /usr/lib/x86_64-linux-gnu/libcrypto.so.3)
==268755==    by 0x522BEE7: __pthread_once_slow (pthread_once.c:116)
==268755==    by 0x5621C9C: CRYPTO_THREAD_run_once (in /usr/lib/x86_64-linux-gnu/libcrypto.so.3)
==268755==    by 0x561EA4C: OPENSSL_init_crypto (in /usr/lib/x86_64-linux-gnu/libcrypto.so.3)
==268755==    by 0x53EB9B6: OPENSSL_init_ssl (in /usr/lib/x86_64-linux-gnu/libssl.so.3)
==268755==    by 0x488FB29: mysql_server_init (in /usr/lib/x86_64-linux-gnu/libmysqlclient.so.21.2.42)
==268755==    by 0x1ED98C: cpp_dbc::MySQL::MySQLDriver::MySQLDriver() (driver_mysql.cpp:797)
==268755==    by 0x163CB6: decltype (::new ((void*)(0)) cpp_dbc::MySQL::MySQLDriver()) std::construct_at<cpp_dbc::MySQL::MySQLDriver>(cpp_dbc::MySQL::MySQLDriver*) (stl_construct.h:97)
==268755==    by 0x163D03: void std::allocator_traits<std::allocator<cpp_dbc::MySQL::MySQLDriver> >::construct<cpp_dbc::MySQL::MySQLDriver>(std::allocator<cpp_dbc::MySQL::MySQLDriver>&, cpp_dbc::MySQL::MySQLDriver*) (alloc_traits.h:518)
==268755==    by 0x163861: std::_Sp_counted_ptr_inplace<cpp_dbc::MySQL::MySQLDriver, std::allocator<cpp_dbc::MySQL::MySQLDriver>, (__gnu_cxx::_Lock_policy)2>::_Sp_counted_ptr_inplace<>(std::allocator<cpp_dbc::MySQL::MySQLDriver>) (shared_ptr_base.h:519)
==268755== 
==268755== 24 bytes in 1 blocks are still reachable in loss record 704 of 2,004
==268755==    at 0x4848899: malloc (in /usr/libexec/valgrind/vgpreload_memcheck-amd64-linux.so)
==268755==    by 0x560C185: OPENSSL_LH_insert (in /usr/lib/x86_64-linux-gnu/libcrypto.so.3)
==268755==    by 0x562D0AA: OBJ_NAME_add (in /usr/lib/x86_64-linux-gnu/libcrypto.so.3)
==268755==    by 0x561DFC8: ??? (in /usr/lib/x86_64-linux-gnu/libcrypto.so.3)
==268755==    by 0x522BEE7: __pthread_once_slow (pthread_once.c:116)
==268755==    by 0x5621C9C: CRYPTO_THREAD_run_once (in /usr/lib/x86_64-linux-gnu/libcrypto.so.3)
==268755==    by 0x561EA4C: OPENSSL_init_crypto (in /usr/lib/x86_64-linux-gnu/libcrypto.so.3)
==268755==    by 0x53EB9B6: OPENSSL_init_ssl (in /usr/lib/x86_64-linux-gnu/libssl.so.3)
==268755==    by 0x488FB29: mysql_server_init (in /usr/lib/x86_64-linux-gnu/libmysqlclient.so.21.2.42)
==268755==    by 0x1ED98C: cpp_dbc::MySQL::MySQLDriver::MySQLDriver() (driver_mysql.cpp:797)
==268755==    by 0x163CB6: decltype (::new ((void*)(0)) cpp_dbc::MySQL::MySQLDriver()) std::construct_at<cpp_dbc::MySQL::MySQLDriver>(cpp_dbc::MySQL::MySQLDriver*) (stl_construct.h:97)
==268755==    by 0x163D03: void std::allocator_traits<std::allocator<cpp_dbc::MySQL::MySQLDriver> >::construct<cpp_dbc::MySQL::MySQLDriver>(std::allocator<cpp_dbc::MySQL::MySQLDriver>&, cpp_dbc::MySQL::MySQLDriver*) (alloc_traits.h:518)
==268755== 
==268755== 24 bytes in 1 blocks are still reachable in loss record 705 of 2,004
==268755==    at 0x4848899: malloc (in /usr/libexec/valgrind/vgpreload_memcheck-amd64-linux.so)
==268755==    by 0x562D068: OBJ_NAME_add (in /usr/lib/x86_64-linux-gnu/libcrypto.so.3)
==268755==    by 0x561DFE0: ??? (in /usr/lib/x86_64-linux-gnu/libcrypto.so.3)
==268755==    by 0x522BEE7: __pthread_once_slow (pthread_once.c:116)
==268755==    by 0x5621C9C: CRYPTO_THREAD_run_once (in /usr/lib/x86_64-linux-gnu/libcrypto.so.3)
==268755==    by 0x561EA4C: OPENSSL_init_crypto (in /usr/lib/x86_64-linux-gnu/libcrypto.so.3)
==268755==    by 0x53EB9B6: OPENSSL_init_ssl (in /usr/lib/x86_64-linux-gnu/libssl.so.3)
==268755==    by 0x488FB29: mysql_server_init (in /usr/lib/x86_64-linux-gnu/libmysqlclient.so.21.2.42)
==268755==    by 0x1ED98C: cpp_dbc::MySQL::MySQLDriver::MySQLDriver() (driver_mysql.cpp:797)
==268755==    by 0x163CB6: decltype (::new ((void*)(0)) cpp_dbc::MySQL::MySQLDriver()) std::construct_at<cpp_dbc::MySQL::MySQLDriver>(cpp_dbc::MySQL::MySQLDriver*) (stl_construct.h:97)
==268755==    by 0x163D03: void std::allocator_traits<std::allocator<cpp_dbc::MySQL::MySQLDriver> >::construct<cpp_dbc::MySQL::MySQLDriver>(std::allocator<cpp_dbc::MySQL::MySQLDriver>&, cpp_dbc::MySQL::MySQLDriver*) (alloc_traits.h:518)
==268755==    by 0x163861: std::_Sp_counted_ptr_inplace<cpp_dbc::MySQL::MySQLDriver, std::allocator<cpp_dbc::MySQL::MySQLDriver>, (__gnu_cxx::_Lock_policy)2>::_Sp_counted_ptr_inplace<>(std::allocator<cpp_dbc::MySQL::MySQLDriver>) (shared_ptr_base.h:519)
==268755== 
==268755== 24 bytes in 1 blocks are still reachable in loss record 706 of 2,004
==268755==    at 0x4848899: malloc (in /usr/libexec/valgrind/vgpreload_memcheck-amd64-linux.so)
==268755==    by 0x560C185: OPENSSL_LH_insert (in /usr/lib/x86_64-linux-gnu/libcrypto.so.3)
==268755==    by 0x562D0AA: OBJ_NAME_add (in /usr/lib/x86_64-linux-gnu/libcrypto.so.3)
==268755==    by 0x561DFE0: ??? (in /usr/lib/x86_64-linux-gnu/libcrypto.so.3)
==268755==    by 0x522BEE7: __pthread_once_slow (pthread_once.c:116)
==268755==    by 0x5621C9C: CRYPTO_THREAD_run_once (in /usr/lib/x86_64-linux-gnu/libcrypto.so.3)
==268755==    by 0x561EA4C: OPENSSL_init_crypto (in /usr/lib/x86_64-linux-gnu/libcrypto.so.3)
==268755==    by 0x53EB9B6: OPENSSL_init_ssl (in /usr/lib/x86_64-linux-gnu/libssl.so.3)
==268755==    by 0x488FB29: mysql_server_init (in /usr/lib/x86_64-linux-gnu/libmysqlclient.so.21.2.42)
==268755==    by 0x1ED98C: cpp_dbc::MySQL::MySQLDriver::MySQLDriver() (driver_mysql.cpp:797)
==268755==    by 0x163CB6: decltype (::new ((void*)(0)) cpp_dbc::MySQL::MySQLDriver()) std::construct_at<cpp_dbc::MySQL::MySQLDriver>(cpp_dbc::MySQL::MySQLDriver*) (stl_construct.h:97)
==268755==    by 0x163D03: void std::allocator_traits<std::allocator<cpp_dbc::MySQL::MySQLDriver> >::construct<cpp_dbc::MySQL::MySQLDriver>(std::allocator<cpp_dbc::MySQL::MySQLDriver>&, cpp_dbc::MySQL::MySQLDriver*) (alloc_traits.h:518)
==268755== 
==268755== 24 bytes in 1 blocks are still reachable in loss record 707 of 2,004
==268755==    at 0x4848899: malloc (in /usr/libexec/valgrind/vgpreload_memcheck-amd64-linux.so)
==268755==    by 0x562D068: OBJ_NAME_add (in /usr/lib/x86_64-linux-gnu/libcrypto.so.3)
==268755==    by 0x561DFF8: ??? (in /usr/lib/x86_64-linux-gnu/libcrypto.so.3)
==268755==    by 0x522BEE7: __pthread_once_slow (pthread_once.c:116)
==268755==    by 0x5621C9C: CRYPTO_THREAD_run_once (in /usr/lib/x86_64-linux-gnu/libcrypto.so.3)
==268755==    by 0x561EA4C: OPENSSL_init_crypto (in /usr/lib/x86_64-linux-gnu/libcrypto.so.3)
==268755==    by 0x53EB9B6: OPENSSL_init_ssl (in /usr/lib/x86_64-linux-gnu/libssl.so.3)
==268755==    by 0x488FB29: mysql_server_init (in /usr/lib/x86_64-linux-gnu/libmysqlclient.so.21.2.42)
==268755==    by 0x1ED98C: cpp_dbc::MySQL::MySQLDriver::MySQLDriver() (driver_mysql.cpp:797)
==268755==    by 0x163CB6: decltype (::new ((void*)(0)) cpp_dbc::MySQL::MySQLDriver()) std::construct_at<cpp_dbc::MySQL::MySQLDriver>(cpp_dbc::MySQL::MySQLDriver*) (stl_construct.h:97)
==268755==    by 0x163D03: void std::allocator_traits<std::allocator<cpp_dbc::MySQL::MySQLDriver> >::construct<cpp_dbc::MySQL::MySQLDriver>(std::allocator<cpp_dbc::MySQL::MySQLDriver>&, cpp_dbc::MySQL::MySQLDriver*) (alloc_traits.h:518)
==268755==    by 0x163861: std::_Sp_counted_ptr_inplace<cpp_dbc::MySQL::MySQLDriver, std::allocator<cpp_dbc::MySQL::MySQLDriver>, (__gnu_cxx::_Lock_policy)2>::_Sp_counted_ptr_inplace<>(std::allocator<cpp_dbc::MySQL::MySQLDriver>) (shared_ptr_base.h:519)
==268755== 
==268755== 24 bytes in 1 blocks are still reachable in loss record 708 of 2,004
==268755==    at 0x4848899: malloc (in /usr/libexec/valgrind/vgpreload_memcheck-amd64-linux.so)
==268755==    by 0x560C185: OPENSSL_LH_insert (in /usr/lib/x86_64-linux-gnu/libcrypto.so.3)
==268755==    by 0x562D0AA: OBJ_NAME_add (in /usr/lib/x86_64-linux-gnu/libcrypto.so.3)
==268755==    by 0x561DFF8: ??? (in /usr/lib/x86_64-linux-gnu/libcrypto.so.3)
==268755==    by 0x522BEE7: __pthread_once_slow (pthread_once.c:116)
==268755==    by 0x5621C9C: CRYPTO_THREAD_run_once (in /usr/lib/x86_64-linux-gnu/libcrypto.so.3)
==268755==    by 0x561EA4C: OPENSSL_init_crypto (in /usr/lib/x86_64-linux-gnu/libcrypto.so.3)
==268755==    by 0x53EB9B6: OPENSSL_init_ssl (in /usr/lib/x86_64-linux-gnu/libssl.so.3)
==268755==    by 0x488FB29: mysql_server_init (in /usr/lib/x86_64-linux-gnu/libmysqlclient.so.21.2.42)
==268755==    by 0x1ED98C: cpp_dbc::MySQL::MySQLDriver::MySQLDriver() (driver_mysql.cpp:797)
==268755==    by 0x163CB6: decltype (::new ((void*)(0)) cpp_dbc::MySQL::MySQLDriver()) std::construct_at<cpp_dbc::MySQL::MySQLDriver>(cpp_dbc::MySQL::MySQLDriver*) (stl_construct.h:97)
==268755==    by 0x163D03: void std::allocator_traits<std::allocator<cpp_dbc::MySQL::MySQLDriver> >::construct<cpp_dbc::MySQL::MySQLDriver>(std::allocator<cpp_dbc::MySQL::MySQLDriver>&, cpp_dbc::MySQL::MySQLDriver*) (alloc_traits.h:518)
==268755== 
==268755== 24 bytes in 1 blocks are still reachable in loss record 709 of 2,004
==268755==    at 0x4848899: malloc (in /usr/libexec/valgrind/vgpreload_memcheck-amd64-linux.so)
==268755==    by 0x560C185: OPENSSL_LH_insert (in /usr/lib/x86_64-linux-gnu/libcrypto.so.3)
==268755==    by 0x562D0AA: OBJ_NAME_add (in /usr/lib/x86_64-linux-gnu/libcrypto.so.3)
==268755==    by 0x55FF6E7: EVP_add_digest (in /usr/lib/x86_64-linux-gnu/libcrypto.so.3)
==268755==    by 0x561E005: ??? (in /usr/lib/x86_64-linux-gnu/libcrypto.so.3)
==268755==    by 0x522BEE7: __pthread_once_slow (pthread_once.c:116)
==268755==    by 0x5621C9C: CRYPTO_THREAD_run_once (in /usr/lib/x86_64-linux-gnu/libcrypto.so.3)
==268755==    by 0x561EA4C: OPENSSL_init_crypto (in /usr/lib/x86_64-linux-gnu/libcrypto.so.3)
==268755==    by 0x53EB9B6: OPENSSL_init_ssl (in /usr/lib/x86_64-linux-gnu/libssl.so.3)
==268755==    by 0x488FB29: mysql_server_init (in /usr/lib/x86_64-linux-gnu/libmysqlclient.so.21.2.42)
==268755==    by 0x1ED98C: cpp_dbc::MySQL::MySQLDriver::MySQLDriver() (driver_mysql.cpp:797)
==268755==    by 0x163CB6: decltype (::new ((void*)(0)) cpp_dbc::MySQL::MySQLDriver()) std::construct_at<cpp_dbc::MySQL::MySQLDriver>(cpp_dbc::MySQL::MySQLDriver*) (stl_construct.h:97)
==268755== 
==268755== 24 bytes in 1 blocks are still reachable in loss record 710 of 2,004
==268755==    at 0x4848899: malloc (in /usr/libexec/valgrind/vgpreload_memcheck-amd64-linux.so)
==268755==    by 0x562D068: OBJ_NAME_add (in /usr/lib/x86_64-linux-gnu/libcrypto.so.3)
==268755==    by 0x55FF716: EVP_add_digest (in /usr/lib/x86_64-linux-gnu/libcrypto.so.3)
==268755==    by 0x561E005: ??? (in /usr/lib/x86_64-linux-gnu/libcrypto.so.3)
==268755==    by 0x522BEE7: __pthread_once_slow (pthread_once.c:116)
==268755==    by 0x5621C9C: CRYPTO_THREAD_run_once (in /usr/lib/x86_64-linux-gnu/libcrypto.so.3)
==268755==    by 0x561EA4C: OPENSSL_init_crypto (in /usr/lib/x86_64-linux-gnu/libcrypto.so.3)
==268755==    by 0x53EB9B6: OPENSSL_init_ssl (in /usr/lib/x86_64-linux-gnu/libssl.so.3)
==268755==    by 0x488FB29: mysql_server_init (in /usr/lib/x86_64-linux-gnu/libmysqlclient.so.21.2.42)
==268755==    by 0x1ED98C: cpp_dbc::MySQL::MySQLDriver::MySQLDriver() (driver_mysql.cpp:797)
==268755==    by 0x163CB6: decltype (::new ((void*)(0)) cpp_dbc::MySQL::MySQLDriver()) std::construct_at<cpp_dbc::MySQL::MySQLDriver>(cpp_dbc::MySQL::MySQLDriver*) (stl_construct.h:97)
==268755==    by 0x163D03: void std::allocator_traits<std::allocator<cpp_dbc::MySQL::MySQLDriver> >::construct<cpp_dbc::MySQL::MySQLDriver>(std::allocator<cpp_dbc::MySQL::MySQLDriver>&, cpp_dbc::MySQL::MySQLDriver*) (alloc_traits.h:518)
==268755== 
==268755== 24 bytes in 1 blocks are still reachable in loss record 711 of 2,004
==268755==    at 0x4848899: malloc (in /usr/libexec/valgrind/vgpreload_memcheck-amd64-linux.so)
==268755==    by 0x562D068: OBJ_NAME_add (in /usr/lib/x86_64-linux-gnu/libcrypto.so.3)
==268755==    by 0x55FF73A: EVP_add_digest (in /usr/lib/x86_64-linux-gnu/libcrypto.so.3)
==268755==    by 0x561E005: ??? (in /usr/lib/x86_64-linux-gnu/libcrypto.so.3)
==268755==    by 0x522BEE7: __pthread_once_slow (pthread_once.c:116)
==268755==    by 0x5621C9C: CRYPTO_THREAD_run_once (in /usr/lib/x86_64-linux-gnu/libcrypto.so.3)
==268755==    by 0x561EA4C: OPENSSL_init_crypto (in /usr/lib/x86_64-linux-gnu/libcrypto.so.3)
==268755==    by 0x53EB9B6: OPENSSL_init_ssl (in /usr/lib/x86_64-linux-gnu/libssl.so.3)
==268755==    by 0x488FB29: mysql_server_init (in /usr/lib/x86_64-linux-gnu/libmysqlclient.so.21.2.42)
==268755==    by 0x1ED98C: cpp_dbc::MySQL::MySQLDriver::MySQLDriver() (driver_mysql.cpp:797)
==268755==    by 0x163CB6: decltype (::new ((void*)(0)) cpp_dbc::MySQL::MySQLDriver()) std::construct_at<cpp_dbc::MySQL::MySQLDriver>(cpp_dbc::MySQL::MySQLDriver*) (stl_construct.h:97)
==268755==    by 0x163D03: void std::allocator_traits<std::allocator<cpp_dbc::MySQL::MySQLDriver> >::construct<cpp_dbc::MySQL::MySQLDriver>(std::allocator<cpp_dbc::MySQL::MySQLDriver>&, cpp_dbc::MySQL::MySQLDriver*) (alloc_traits.h:518)
==268755== 
==268755== 24 bytes in 1 blocks are still reachable in loss record 712 of 2,004
==268755==    at 0x4848899: malloc (in /usr/libexec/valgrind/vgpreload_memcheck-amd64-linux.so)
==268755==    by 0x560C185: OPENSSL_LH_insert (in /usr/lib/x86_64-linux-gnu/libcrypto.so.3)
==268755==    by 0x562D0AA: OBJ_NAME_add (in /usr/lib/x86_64-linux-gnu/libcrypto.so.3)
==268755==    by 0x55FF73A: EVP_add_digest (in /usr/lib/x86_64-linux-gnu/libcrypto.so.3)
==268755==    by 0x561E005: ??? (in /usr/lib/x86_64-linux-gnu/libcrypto.so.3)
==268755==    by 0x522BEE7: __pthread_once_slow (pthread_once.c:116)
==268755==    by 0x5621C9C: CRYPTO_THREAD_run_once (in /usr/lib/x86_64-linux-gnu/libcrypto.so.3)
==268755==    by 0x561EA4C: OPENSSL_init_crypto (in /usr/lib/x86_64-linux-gnu/libcrypto.so.3)
==268755==    by 0x53EB9B6: OPENSSL_init_ssl (in /usr/lib/x86_64-linux-gnu/libssl.so.3)
==268755==    by 0x488FB29: mysql_server_init (in /usr/lib/x86_64-linux-gnu/libmysqlclient.so.21.2.42)
==268755==    by 0x1ED98C: cpp_dbc::MySQL::MySQLDriver::MySQLDriver() (driver_mysql.cpp:797)
==268755==    by 0x163CB6: decltype (::new ((void*)(0)) cpp_dbc::MySQL::MySQLDriver()) std::construct_at<cpp_dbc::MySQL::MySQLDriver>(cpp_dbc::MySQL::MySQLDriver*) (stl_construct.h:97)
==268755== 
==268755== 24 bytes in 1 blocks are still reachable in loss record 713 of 2,004
==268755==    at 0x4848899: malloc (in /usr/libexec/valgrind/vgpreload_memcheck-amd64-linux.so)
==268755==    by 0x562D068: OBJ_NAME_add (in /usr/lib/x86_64-linux-gnu/libcrypto.so.3)
==268755==    by 0x561E005: ??? (in /usr/lib/x86_64-linux-gnu/libcrypto.so.3)
==268755==    by 0x522BEE7: __pthread_once_slow (pthread_once.c:116)
==268755==    by 0x5621C9C: CRYPTO_THREAD_run_once (in /usr/lib/x86_64-linux-gnu/libcrypto.so.3)
==268755==    by 0x561EA4C: OPENSSL_init_crypto (in /usr/lib/x86_64-linux-gnu/libcrypto.so.3)
==268755==    by 0x53EB9B6: OPENSSL_init_ssl (in /usr/lib/x86_64-linux-gnu/libssl.so.3)
==268755==    by 0x488FB29: mysql_server_init (in /usr/lib/x86_64-linux-gnu/libmysqlclient.so.21.2.42)
==268755==    by 0x1ED98C: cpp_dbc::MySQL::MySQLDriver::MySQLDriver() (driver_mysql.cpp:797)
==268755==    by 0x163CB6: decltype (::new ((void*)(0)) cpp_dbc::MySQL::MySQLDriver()) std::construct_at<cpp_dbc::MySQL::MySQLDriver>(cpp_dbc::MySQL::MySQLDriver*) (stl_construct.h:97)
==268755==    by 0x163D03: void std::allocator_traits<std::allocator<cpp_dbc::MySQL::MySQLDriver> >::construct<cpp_dbc::MySQL::MySQLDriver>(std::allocator<cpp_dbc::MySQL::MySQLDriver>&, cpp_dbc::MySQL::MySQLDriver*) (alloc_traits.h:518)
==268755==    by 0x163861: std::_Sp_counted_ptr_inplace<cpp_dbc::MySQL::MySQLDriver, std::allocator<cpp_dbc::MySQL::MySQLDriver>, (__gnu_cxx::_Lock_policy)2>::_Sp_counted_ptr_inplace<>(std::allocator<cpp_dbc::MySQL::MySQLDriver>) (shared_ptr_base.h:519)
==268755== 
==268755== 24 bytes in 1 blocks are still reachable in loss record 714 of 2,004
==268755==    at 0x4848899: malloc (in /usr/libexec/valgrind/vgpreload_memcheck-amd64-linux.so)
==268755==    by 0x560C185: OPENSSL_LH_insert (in /usr/lib/x86_64-linux-gnu/libcrypto.so.3)
==268755==    by 0x562D0AA: OBJ_NAME_add (in /usr/lib/x86_64-linux-gnu/libcrypto.so.3)
==268755==    by 0x561E005: ??? (in /usr/lib/x86_64-linux-gnu/libcrypto.so.3)
==268755==    by 0x522BEE7: __pthread_once_slow (pthread_once.c:116)
==268755==    by 0x5621C9C: CRYPTO_THREAD_run_once (in /usr/lib/x86_64-linux-gnu/libcrypto.so.3)
==268755==    by 0x561EA4C: OPENSSL_init_crypto (in /usr/lib/x86_64-linux-gnu/libcrypto.so.3)
==268755==    by 0x53EB9B6: OPENSSL_init_ssl (in /usr/lib/x86_64-linux-gnu/libssl.so.3)
==268755==    by 0x488FB29: mysql_server_init (in /usr/lib/x86_64-linux-gnu/libmysqlclient.so.21.2.42)
==268755==    by 0x1ED98C: cpp_dbc::MySQL::MySQLDriver::MySQLDriver() (driver_mysql.cpp:797)
==268755==    by 0x163CB6: decltype (::new ((void*)(0)) cpp_dbc::MySQL::MySQLDriver()) std::construct_at<cpp_dbc::MySQL::MySQLDriver>(cpp_dbc::MySQL::MySQLDriver*) (stl_construct.h:97)
==268755==    by 0x163D03: void std::allocator_traits<std::allocator<cpp_dbc::MySQL::MySQLDriver> >::construct<cpp_dbc::MySQL::MySQLDriver>(std::allocator<cpp_dbc::MySQL::MySQLDriver>&, cpp_dbc::MySQL::MySQLDriver*) (alloc_traits.h:518)
==268755== 
==268755== 24 bytes in 1 blocks are still reachable in loss record 715 of 2,004
==268755==    at 0x4848899: malloc (in /usr/libexec/valgrind/vgpreload_memcheck-amd64-linux.so)
==268755==    by 0x562D068: OBJ_NAME_add (in /usr/lib/x86_64-linux-gnu/libcrypto.so.3)
==268755==    by 0x561E019: ??? (in /usr/lib/x86_64-linux-gnu/libcrypto.so.3)
==268755==    by 0x522BEE7: __pthread_once_slow (pthread_once.c:116)
==268755==    by 0x5621C9C: CRYPTO_THREAD_run_once (in /usr/lib/x86_64-linux-gnu/libcrypto.so.3)
==268755==    by 0x561EA4C: OPENSSL_init_crypto (in /usr/lib/x86_64-linux-gnu/libcrypto.so.3)
==268755==    by 0x53EB9B6: OPENSSL_init_ssl (in /usr/lib/x86_64-linux-gnu/libssl.so.3)
==268755==    by 0x488FB29: mysql_server_init (in /usr/lib/x86_64-linux-gnu/libmysqlclient.so.21.2.42)
==268755==    by 0x1ED98C: cpp_dbc::MySQL::MySQLDriver::MySQLDriver() (driver_mysql.cpp:797)
==268755==    by 0x163CB6: decltype (::new ((void*)(0)) cpp_dbc::MySQL::MySQLDriver()) std::construct_at<cpp_dbc::MySQL::MySQLDriver>(cpp_dbc::MySQL::MySQLDriver*) (stl_construct.h:97)
==268755==    by 0x163D03: void std::allocator_traits<std::allocator<cpp_dbc::MySQL::MySQLDriver> >::construct<cpp_dbc::MySQL::MySQLDriver>(std::allocator<cpp_dbc::MySQL::MySQLDriver>&, cpp_dbc::MySQL::MySQLDriver*) (alloc_traits.h:518)
==268755==    by 0x163861: std::_Sp_counted_ptr_inplace<cpp_dbc::MySQL::MySQLDriver, std::allocator<cpp_dbc::MySQL::MySQLDriver>, (__gnu_cxx::_Lock_policy)2>::_Sp_counted_ptr_inplace<>(std::allocator<cpp_dbc::MySQL::MySQLDriver>) (shared_ptr_base.h:519)
==268755== 
==268755== 24 bytes in 1 blocks are still reachable in loss record 716 of 2,004
==268755==    at 0x4848899: malloc (in /usr/libexec/valgrind/vgpreload_memcheck-amd64-linux.so)
==268755==    by 0x560C185: OPENSSL_LH_insert (in /usr/lib/x86_64-linux-gnu/libcrypto.so.3)
==268755==    by 0x562D0AA: OBJ_NAME_add (in /usr/lib/x86_64-linux-gnu/libcrypto.so.3)
==268755==    by 0x561E019: ??? (in /usr/lib/x86_64-linux-gnu/libcrypto.so.3)
==268755==    by 0x522BEE7: __pthread_once_slow (pthread_once.c:116)
==268755==    by 0x5621C9C: CRYPTO_THREAD_run_once (in /usr/lib/x86_64-linux-gnu/libcrypto.so.3)
==268755==    by 0x561EA4C: OPENSSL_init_crypto (in /usr/lib/x86_64-linux-gnu/libcrypto.so.3)
==268755==    by 0x53EB9B6: OPENSSL_init_ssl (in /usr/lib/x86_64-linux-gnu/libssl.so.3)
==268755==    by 0x488FB29: mysql_server_init (in /usr/lib/x86_64-linux-gnu/libmysqlclient.so.21.2.42)
==268755==    by 0x1ED98C: cpp_dbc::MySQL::MySQLDriver::MySQLDriver() (driver_mysql.cpp:797)
==268755==    by 0x163CB6: decltype (::new ((void*)(0)) cpp_dbc::MySQL::MySQLDriver()) std::construct_at<cpp_dbc::MySQL::MySQLDriver>(cpp_dbc::MySQL::MySQLDriver*) (stl_construct.h:97)
==268755==    by 0x163D03: void std::allocator_traits<std::allocator<cpp_dbc::MySQL::MySQLDriver> >::construct<cpp_dbc::MySQL::MySQLDriver>(std::allocator<cpp_dbc::MySQL::MySQLDriver>&, cpp_dbc::MySQL::MySQLDriver*) (alloc_traits.h:518)
==268755== 
==268755== 24 bytes in 1 blocks are still reachable in loss record 717 of 2,004
==268755==    at 0x4848899: malloc (in /usr/libexec/valgrind/vgpreload_memcheck-amd64-linux.so)
==268755==    by 0x562D068: OBJ_NAME_add (in /usr/lib/x86_64-linux-gnu/libcrypto.so.3)
==268755==    by 0x561E02D: ??? (in /usr/lib/x86_64-linux-gnu/libcrypto.so.3)
==268755==    by 0x522BEE7: __pthread_once_slow (pthread_once.c:116)
==268755==    by 0x5621C9C: CRYPTO_THREAD_run_once (in /usr/lib/x86_64-linux-gnu/libcrypto.so.3)
==268755==    by 0x561EA4C: OPENSSL_init_crypto (in /usr/lib/x86_64-linux-gnu/libcrypto.so.3)
==268755==    by 0x53EB9B6: OPENSSL_init_ssl (in /usr/lib/x86_64-linux-gnu/libssl.so.3)
==268755==    by 0x488FB29: mysql_server_init (in /usr/lib/x86_64-linux-gnu/libmysqlclient.so.21.2.42)
==268755==    by 0x1ED98C: cpp_dbc::MySQL::MySQLDriver::MySQLDriver() (driver_mysql.cpp:797)
==268755==    by 0x163CB6: decltype (::new ((void*)(0)) cpp_dbc::MySQL::MySQLDriver()) std::construct_at<cpp_dbc::MySQL::MySQLDriver>(cpp_dbc::MySQL::MySQLDriver*) (stl_construct.h:97)
==268755==    by 0x163D03: void std::allocator_traits<std::allocator<cpp_dbc::MySQL::MySQLDriver> >::construct<cpp_dbc::MySQL::MySQLDriver>(std::allocator<cpp_dbc::MySQL::MySQLDriver>&, cpp_dbc::MySQL::MySQLDriver*) (alloc_traits.h:518)
==268755==    by 0x163861: std::_Sp_counted_ptr_inplace<cpp_dbc::MySQL::MySQLDriver, std::allocator<cpp_dbc::MySQL::MySQLDriver>, (__gnu_cxx::_Lock_policy)2>::_Sp_counted_ptr_inplace<>(std::allocator<cpp_dbc::MySQL::MySQLDriver>) (shared_ptr_base.h:519)
==268755== 
==268755== 24 bytes in 1 blocks are still reachable in loss record 718 of 2,004
==268755==    at 0x4848899: malloc (in /usr/libexec/valgrind/vgpreload_memcheck-amd64-linux.so)
==268755==    by 0x560C185: OPENSSL_LH_insert (in /usr/lib/x86_64-linux-gnu/libcrypto.so.3)
==268755==    by 0x562D0AA: OBJ_NAME_add (in /usr/lib/x86_64-linux-gnu/libcrypto.so.3)
==268755==    by 0x561E02D: ??? (in /usr/lib/x86_64-linux-gnu/libcrypto.so.3)
==268755==    by 0x522BEE7: __pthread_once_slow (pthread_once.c:116)
==268755==    by 0x5621C9C: CRYPTO_THREAD_run_once (in /usr/lib/x86_64-linux-gnu/libcrypto.so.3)
==268755==    by 0x561EA4C: OPENSSL_init_crypto (in /usr/lib/x86_64-linux-gnu/libcrypto.so.3)
==268755==    by 0x53EB9B6: OPENSSL_init_ssl (in /usr/lib/x86_64-linux-gnu/libssl.so.3)
==268755==    by 0x488FB29: mysql_server_init (in /usr/lib/x86_64-linux-gnu/libmysqlclient.so.21.2.42)
==268755==    by 0x1ED98C: cpp_dbc::MySQL::MySQLDriver::MySQLDriver() (driver_mysql.cpp:797)
==268755==    by 0x163CB6: decltype (::new ((void*)(0)) cpp_dbc::MySQL::MySQLDriver()) std::construct_at<cpp_dbc::MySQL::MySQLDriver>(cpp_dbc::MySQL::MySQLDriver*) (stl_construct.h:97)
==268755==    by 0x163D03: void std::allocator_traits<std::allocator<cpp_dbc::MySQL::MySQLDriver> >::construct<cpp_dbc::MySQL::MySQLDriver>(std::allocator<cpp_dbc::MySQL::MySQLDriver>&, cpp_dbc::MySQL::MySQLDriver*) (alloc_traits.h:518)
==268755== 
==268755== 24 bytes in 1 blocks are still reachable in loss record 719 of 2,004
==268755==    at 0x4848899: malloc (in /usr/libexec/valgrind/vgpreload_memcheck-amd64-linux.so)
==268755==    by 0x560C185: OPENSSL_LH_insert (in /usr/lib/x86_64-linux-gnu/libcrypto.so.3)
==268755==    by 0x562D0AA: OBJ_NAME_add (in /usr/lib/x86_64-linux-gnu/libcrypto.so.3)
==268755==    by 0x55FF6E7: EVP_add_digest (in /usr/lib/x86_64-linux-gnu/libcrypto.so.3)
==268755==    by 0x561E03A: ??? (in /usr/lib/x86_64-linux-gnu/libcrypto.so.3)
==268755==    by 0x522BEE7: __pthread_once_slow (pthread_once.c:116)
==268755==    by 0x5621C9C: CRYPTO_THREAD_run_once (in /usr/lib/x86_64-linux-gnu/libcrypto.so.3)
==268755==    by 0x561EA4C: OPENSSL_init_crypto (in /usr/lib/x86_64-linux-gnu/libcrypto.so.3)
==268755==    by 0x53EB9B6: OPENSSL_init_ssl (in /usr/lib/x86_64-linux-gnu/libssl.so.3)
==268755==    by 0x488FB29: mysql_server_init (in /usr/lib/x86_64-linux-gnu/libmysqlclient.so.21.2.42)
==268755==    by 0x1ED98C: cpp_dbc::MySQL::MySQLDriver::MySQLDriver() (driver_mysql.cpp:797)
==268755==    by 0x163CB6: decltype (::new ((void*)(0)) cpp_dbc::MySQL::MySQLDriver()) std::construct_at<cpp_dbc::MySQL::MySQLDriver>(cpp_dbc::MySQL::MySQLDriver*) (stl_construct.h:97)
==268755== 
==268755== 24 bytes in 1 blocks are still reachable in loss record 720 of 2,004
==268755==    at 0x4848899: malloc (in /usr/libexec/valgrind/vgpreload_memcheck-amd64-linux.so)
==268755==    by 0x562D068: OBJ_NAME_add (in /usr/lib/x86_64-linux-gnu/libcrypto.so.3)
==268755==    by 0x55FF716: EVP_add_digest (in /usr/lib/x86_64-linux-gnu/libcrypto.so.3)
==268755==    by 0x561E03A: ??? (in /usr/lib/x86_64-linux-gnu/libcrypto.so.3)
==268755==    by 0x522BEE7: __pthread_once_slow (pthread_once.c:116)
==268755==    by 0x5621C9C: CRYPTO_THREAD_run_once (in /usr/lib/x86_64-linux-gnu/libcrypto.so.3)
==268755==    by 0x561EA4C: OPENSSL_init_crypto (in /usr/lib/x86_64-linux-gnu/libcrypto.so.3)
==268755==    by 0x53EB9B6: OPENSSL_init_ssl (in /usr/lib/x86_64-linux-gnu/libssl.so.3)
==268755==    by 0x488FB29: mysql_server_init (in /usr/lib/x86_64-linux-gnu/libmysqlclient.so.21.2.42)
==268755==    by 0x1ED98C: cpp_dbc::MySQL::MySQLDriver::MySQLDriver() (driver_mysql.cpp:797)
==268755==    by 0x163CB6: decltype (::new ((void*)(0)) cpp_dbc::MySQL::MySQLDriver()) std::construct_at<cpp_dbc::MySQL::MySQLDriver>(cpp_dbc::MySQL::MySQLDriver*) (stl_construct.h:97)
==268755==    by 0x163D03: void std::allocator_traits<std::allocator<cpp_dbc::MySQL::MySQLDriver> >::construct<cpp_dbc::MySQL::MySQLDriver>(std::allocator<cpp_dbc::MySQL::MySQLDriver>&, cpp_dbc::MySQL::MySQLDriver*) (alloc_traits.h:518)
==268755== 
==268755== 24 bytes in 1 blocks are still reachable in loss record 721 of 2,004
==268755==    at 0x4848899: malloc (in /usr/libexec/valgrind/vgpreload_memcheck-amd64-linux.so)
==268755==    by 0x562D068: OBJ_NAME_add (in /usr/lib/x86_64-linux-gnu/libcrypto.so.3)
==268755==    by 0x55FF73A: EVP_add_digest (in /usr/lib/x86_64-linux-gnu/libcrypto.so.3)
==268755==    by 0x561E03A: ??? (in /usr/lib/x86_64-linux-gnu/libcrypto.so.3)
==268755==    by 0x522BEE7: __pthread_once_slow (pthread_once.c:116)
==268755==    by 0x5621C9C: CRYPTO_THREAD_run_once (in /usr/lib/x86_64-linux-gnu/libcrypto.so.3)
==268755==    by 0x561EA4C: OPENSSL_init_crypto (in /usr/lib/x86_64-linux-gnu/libcrypto.so.3)
==268755==    by 0x53EB9B6: OPENSSL_init_ssl (in /usr/lib/x86_64-linux-gnu/libssl.so.3)
==268755==    by 0x488FB29: mysql_server_init (in /usr/lib/x86_64-linux-gnu/libmysqlclient.so.21.2.42)
==268755==    by 0x1ED98C: cpp_dbc::MySQL::MySQLDriver::MySQLDriver() (driver_mysql.cpp:797)
==268755==    by 0x163CB6: decltype (::new ((void*)(0)) cpp_dbc::MySQL::MySQLDriver()) std::construct_at<cpp_dbc::MySQL::MySQLDriver>(cpp_dbc::MySQL::MySQLDriver*) (stl_construct.h:97)
==268755==    by 0x163D03: void std::allocator_traits<std::allocator<cpp_dbc::MySQL::MySQLDriver> >::construct<cpp_dbc::MySQL::MySQLDriver>(std::allocator<cpp_dbc::MySQL::MySQLDriver>&, cpp_dbc::MySQL::MySQLDriver*) (alloc_traits.h:518)
==268755== 
==268755== 24 bytes in 1 blocks are still reachable in loss record 722 of 2,004
==268755==    at 0x4848899: malloc (in /usr/libexec/valgrind/vgpreload_memcheck-amd64-linux.so)
==268755==    by 0x560C185: OPENSSL_LH_insert (in /usr/lib/x86_64-linux-gnu/libcrypto.so.3)
==268755==    by 0x562D0AA: OBJ_NAME_add (in /usr/lib/x86_64-linux-gnu/libcrypto.so.3)
==268755==    by 0x55FF73A: EVP_add_digest (in /usr/lib/x86_64-linux-gnu/libcrypto.so.3)
==268755==    by 0x561E03A: ??? (in /usr/lib/x86_64-linux-gnu/libcrypto.so.3)
==268755==    by 0x522BEE7: __pthread_once_slow (pthread_once.c:116)
==268755==    by 0x5621C9C: CRYPTO_THREAD_run_once (in /usr/lib/x86_64-linux-gnu/libcrypto.so.3)
==268755==    by 0x561EA4C: OPENSSL_init_crypto (in /usr/lib/x86_64-linux-gnu/libcrypto.so.3)
==268755==    by 0x53EB9B6: OPENSSL_init_ssl (in /usr/lib/x86_64-linux-gnu/libssl.so.3)
==268755==    by 0x488FB29: mysql_server_init (in /usr/lib/x86_64-linux-gnu/libmysqlclient.so.21.2.42)
==268755==    by 0x1ED98C: cpp_dbc::MySQL::MySQLDriver::MySQLDriver() (driver_mysql.cpp:797)
==268755==    by 0x163CB6: decltype (::new ((void*)(0)) cpp_dbc::MySQL::MySQLDriver()) std::construct_at<cpp_dbc::MySQL::MySQLDriver>(cpp_dbc::MySQL::MySQLDriver*) (stl_construct.h:97)
==268755== 
==268755== 24 bytes in 1 blocks are still reachable in loss record 723 of 2,004
==268755==    at 0x4848899: malloc (in /usr/libexec/valgrind/vgpreload_memcheck-amd64-linux.so)
==268755==    by 0x562D068: OBJ_NAME_add (in /usr/lib/x86_64-linux-gnu/libcrypto.so.3)
==268755==    by 0x561E03A: ??? (in /usr/lib/x86_64-linux-gnu/libcrypto.so.3)
==268755==    by 0x522BEE7: __pthread_once_slow (pthread_once.c:116)
==268755==    by 0x5621C9C: CRYPTO_THREAD_run_once (in /usr/lib/x86_64-linux-gnu/libcrypto.so.3)
==268755==    by 0x561EA4C: OPENSSL_init_crypto (in /usr/lib/x86_64-linux-gnu/libcrypto.so.3)
==268755==    by 0x53EB9B6: OPENSSL_init_ssl (in /usr/lib/x86_64-linux-gnu/libssl.so.3)
==268755==    by 0x488FB29: mysql_server_init (in /usr/lib/x86_64-linux-gnu/libmysqlclient.so.21.2.42)
==268755==    by 0x1ED98C: cpp_dbc::MySQL::MySQLDriver::MySQLDriver() (driver_mysql.cpp:797)
==268755==    by 0x163CB6: decltype (::new ((void*)(0)) cpp_dbc::MySQL::MySQLDriver()) std::construct_at<cpp_dbc::MySQL::MySQLDriver>(cpp_dbc::MySQL::MySQLDriver*) (stl_construct.h:97)
==268755==    by 0x163D03: void std::allocator_traits<std::allocator<cpp_dbc::MySQL::MySQLDriver> >::construct<cpp_dbc::MySQL::MySQLDriver>(std::allocator<cpp_dbc::MySQL::MySQLDriver>&, cpp_dbc::MySQL::MySQLDriver*) (alloc_traits.h:518)
==268755==    by 0x163861: std::_Sp_counted_ptr_inplace<cpp_dbc::MySQL::MySQLDriver, std::allocator<cpp_dbc::MySQL::MySQLDriver>, (__gnu_cxx::_Lock_policy)2>::_Sp_counted_ptr_inplace<>(std::allocator<cpp_dbc::MySQL::MySQLDriver>) (shared_ptr_base.h:519)
==268755== 
==268755== 24 bytes in 1 blocks are still reachable in loss record 724 of 2,004
==268755==    at 0x4848899: malloc (in /usr/libexec/valgrind/vgpreload_memcheck-amd64-linux.so)
==268755==    by 0x560C185: OPENSSL_LH_insert (in /usr/lib/x86_64-linux-gnu/libcrypto.so.3)
==268755==    by 0x562D0AA: OBJ_NAME_add (in /usr/lib/x86_64-linux-gnu/libcrypto.so.3)
==268755==    by 0x561E03A: ??? (in /usr/lib/x86_64-linux-gnu/libcrypto.so.3)
==268755==    by 0x522BEE7: __pthread_once_slow (pthread_once.c:116)
==268755==    by 0x5621C9C: CRYPTO_THREAD_run_once (in /usr/lib/x86_64-linux-gnu/libcrypto.so.3)
==268755==    by 0x561EA4C: OPENSSL_init_crypto (in /usr/lib/x86_64-linux-gnu/libcrypto.so.3)
==268755==    by 0x53EB9B6: OPENSSL_init_ssl (in /usr/lib/x86_64-linux-gnu/libssl.so.3)
==268755==    by 0x488FB29: mysql_server_init (in /usr/lib/x86_64-linux-gnu/libmysqlclient.so.21.2.42)
==268755==    by 0x1ED98C: cpp_dbc::MySQL::MySQLDriver::MySQLDriver() (driver_mysql.cpp:797)
==268755==    by 0x163CB6: decltype (::new ((void*)(0)) cpp_dbc::MySQL::MySQLDriver()) std::construct_at<cpp_dbc::MySQL::MySQLDriver>(cpp_dbc::MySQL::MySQLDriver*) (stl_construct.h:97)
==268755==    by 0x163D03: void std::allocator_traits<std::allocator<cpp_dbc::MySQL::MySQLDriver> >::construct<cpp_dbc::MySQL::MySQLDriver>(std::allocator<cpp_dbc::MySQL::MySQLDriver>&, cpp_dbc::MySQL::MySQLDriver*) (alloc_traits.h:518)
==268755== 
==268755== 24 bytes in 1 blocks are still reachable in loss record 725 of 2,004
==268755==    at 0x4848899: malloc (in /usr/libexec/valgrind/vgpreload_memcheck-amd64-linux.so)
==268755==    by 0x560C185: OPENSSL_LH_insert (in /usr/lib/x86_64-linux-gnu/libcrypto.so.3)
==268755==    by 0x562D0AA: OBJ_NAME_add (in /usr/lib/x86_64-linux-gnu/libcrypto.so.3)
==268755==    by 0x55FF6E7: EVP_add_digest (in /usr/lib/x86_64-linux-gnu/libcrypto.so.3)
==268755==    by 0x561E047: ??? (in /usr/lib/x86_64-linux-gnu/libcrypto.so.3)
==268755==    by 0x522BEE7: __pthread_once_slow (pthread_once.c:116)
==268755==    by 0x5621C9C: CRYPTO_THREAD_run_once (in /usr/lib/x86_64-linux-gnu/libcrypto.so.3)
==268755==    by 0x561EA4C: OPENSSL_init_crypto (in /usr/lib/x86_64-linux-gnu/libcrypto.so.3)
==268755==    by 0x53EB9B6: OPENSSL_init_ssl (in /usr/lib/x86_64-linux-gnu/libssl.so.3)
==268755==    by 0x488FB29: mysql_server_init (in /usr/lib/x86_64-linux-gnu/libmysqlclient.so.21.2.42)
==268755==    by 0x1ED98C: cpp_dbc::MySQL::MySQLDriver::MySQLDriver() (driver_mysql.cpp:797)
==268755==    by 0x163CB6: decltype (::new ((void*)(0)) cpp_dbc::MySQL::MySQLDriver()) std::construct_at<cpp_dbc::MySQL::MySQLDriver>(cpp_dbc::MySQL::MySQLDriver*) (stl_construct.h:97)
==268755== 
==268755== 24 bytes in 1 blocks are still reachable in loss record 726 of 2,004
==268755==    at 0x4848899: malloc (in /usr/libexec/valgrind/vgpreload_memcheck-amd64-linux.so)
==268755==    by 0x562D068: OBJ_NAME_add (in /usr/lib/x86_64-linux-gnu/libcrypto.so.3)
==268755==    by 0x55FF716: EVP_add_digest (in /usr/lib/x86_64-linux-gnu/libcrypto.so.3)
==268755==    by 0x561E047: ??? (in /usr/lib/x86_64-linux-gnu/libcrypto.so.3)
==268755==    by 0x522BEE7: __pthread_once_slow (pthread_once.c:116)
==268755==    by 0x5621C9C: CRYPTO_THREAD_run_once (in /usr/lib/x86_64-linux-gnu/libcrypto.so.3)
==268755==    by 0x561EA4C: OPENSSL_init_crypto (in /usr/lib/x86_64-linux-gnu/libcrypto.so.3)
==268755==    by 0x53EB9B6: OPENSSL_init_ssl (in /usr/lib/x86_64-linux-gnu/libssl.so.3)
==268755==    by 0x488FB29: mysql_server_init (in /usr/lib/x86_64-linux-gnu/libmysqlclient.so.21.2.42)
==268755==    by 0x1ED98C: cpp_dbc::MySQL::MySQLDriver::MySQLDriver() (driver_mysql.cpp:797)
==268755==    by 0x163CB6: decltype (::new ((void*)(0)) cpp_dbc::MySQL::MySQLDriver()) std::construct_at<cpp_dbc::MySQL::MySQLDriver>(cpp_dbc::MySQL::MySQLDriver*) (stl_construct.h:97)
==268755==    by 0x163D03: void std::allocator_traits<std::allocator<cpp_dbc::MySQL::MySQLDriver> >::construct<cpp_dbc::MySQL::MySQLDriver>(std::allocator<cpp_dbc::MySQL::MySQLDriver>&, cpp_dbc::MySQL::MySQLDriver*) (alloc_traits.h:518)
==268755== 
==268755== 24 bytes in 1 blocks are still reachable in loss record 727 of 2,004
==268755==    at 0x4848899: malloc (in /usr/libexec/valgrind/vgpreload_memcheck-amd64-linux.so)
==268755==    by 0x562D068: OBJ_NAME_add (in /usr/lib/x86_64-linux-gnu/libcrypto.so.3)
==268755==    by 0x55FF73A: EVP_add_digest (in /usr/lib/x86_64-linux-gnu/libcrypto.so.3)
==268755==    by 0x561E047: ??? (in /usr/lib/x86_64-linux-gnu/libcrypto.so.3)
==268755==    by 0x522BEE7: __pthread_once_slow (pthread_once.c:116)
==268755==    by 0x5621C9C: CRYPTO_THREAD_run_once (in /usr/lib/x86_64-linux-gnu/libcrypto.so.3)
==268755==    by 0x561EA4C: OPENSSL_init_crypto (in /usr/lib/x86_64-linux-gnu/libcrypto.so.3)
==268755==    by 0x53EB9B6: OPENSSL_init_ssl (in /usr/lib/x86_64-linux-gnu/libssl.so.3)
==268755==    by 0x488FB29: mysql_server_init (in /usr/lib/x86_64-linux-gnu/libmysqlclient.so.21.2.42)
==268755==    by 0x1ED98C: cpp_dbc::MySQL::MySQLDriver::MySQLDriver() (driver_mysql.cpp:797)
==268755==    by 0x163CB6: decltype (::new ((void*)(0)) cpp_dbc::MySQL::MySQLDriver()) std::construct_at<cpp_dbc::MySQL::MySQLDriver>(cpp_dbc::MySQL::MySQLDriver*) (stl_construct.h:97)
==268755==    by 0x163D03: void std::allocator_traits<std::allocator<cpp_dbc::MySQL::MySQLDriver> >::construct<cpp_dbc::MySQL::MySQLDriver>(std::allocator<cpp_dbc::MySQL::MySQLDriver>&, cpp_dbc::MySQL::MySQLDriver*) (alloc_traits.h:518)
==268755== 
==268755== 24 bytes in 1 blocks are still reachable in loss record 728 of 2,004
==268755==    at 0x4848899: malloc (in /usr/libexec/valgrind/vgpreload_memcheck-amd64-linux.so)
==268755==    by 0x560C185: OPENSSL_LH_insert (in /usr/lib/x86_64-linux-gnu/libcrypto.so.3)
==268755==    by 0x562D0AA: OBJ_NAME_add (in /usr/lib/x86_64-linux-gnu/libcrypto.so.3)
==268755==    by 0x55FF73A: EVP_add_digest (in /usr/lib/x86_64-linux-gnu/libcrypto.so.3)
==268755==    by 0x561E047: ??? (in /usr/lib/x86_64-linux-gnu/libcrypto.so.3)
==268755==    by 0x522BEE7: __pthread_once_slow (pthread_once.c:116)
==268755==    by 0x5621C9C: CRYPTO_THREAD_run_once (in /usr/lib/x86_64-linux-gnu/libcrypto.so.3)
==268755==    by 0x561EA4C: OPENSSL_init_crypto (in /usr/lib/x86_64-linux-gnu/libcrypto.so.3)
==268755==    by 0x53EB9B6: OPENSSL_init_ssl (in /usr/lib/x86_64-linux-gnu/libssl.so.3)
==268755==    by 0x488FB29: mysql_server_init (in /usr/lib/x86_64-linux-gnu/libmysqlclient.so.21.2.42)
==268755==    by 0x1ED98C: cpp_dbc::MySQL::MySQLDriver::MySQLDriver() (driver_mysql.cpp:797)
==268755==    by 0x163CB6: decltype (::new ((void*)(0)) cpp_dbc::MySQL::MySQLDriver()) std::construct_at<cpp_dbc::MySQL::MySQLDriver>(cpp_dbc::MySQL::MySQLDriver*) (stl_construct.h:97)
==268755== 
==268755== 24 bytes in 1 blocks are still reachable in loss record 729 of 2,004
==268755==    at 0x4848899: malloc (in /usr/libexec/valgrind/vgpreload_memcheck-amd64-linux.so)
==268755==    by 0x562D068: OBJ_NAME_add (in /usr/lib/x86_64-linux-gnu/libcrypto.so.3)
==268755==    by 0x561E047: ??? (in /usr/lib/x86_64-linux-gnu/libcrypto.so.3)
==268755==    by 0x522BEE7: __pthread_once_slow (pthread_once.c:116)
==268755==    by 0x5621C9C: CRYPTO_THREAD_run_once (in /usr/lib/x86_64-linux-gnu/libcrypto.so.3)
==268755==    by 0x561EA4C: OPENSSL_init_crypto (in /usr/lib/x86_64-linux-gnu/libcrypto.so.3)
==268755==    by 0x53EB9B6: OPENSSL_init_ssl (in /usr/lib/x86_64-linux-gnu/libssl.so.3)
==268755==    by 0x488FB29: mysql_server_init (in /usr/lib/x86_64-linux-gnu/libmysqlclient.so.21.2.42)
==268755==    by 0x1ED98C: cpp_dbc::MySQL::MySQLDriver::MySQLDriver() (driver_mysql.cpp:797)
==268755==    by 0x163CB6: decltype (::new ((void*)(0)) cpp_dbc::MySQL::MySQLDriver()) std::construct_at<cpp_dbc::MySQL::MySQLDriver>(cpp_dbc::MySQL::MySQLDriver*) (stl_construct.h:97)
==268755==    by 0x163D03: void std::allocator_traits<std::allocator<cpp_dbc::MySQL::MySQLDriver> >::construct<cpp_dbc::MySQL::MySQLDriver>(std::allocator<cpp_dbc::MySQL::MySQLDriver>&, cpp_dbc::MySQL::MySQLDriver*) (alloc_traits.h:518)
==268755==    by 0x163861: std::_Sp_counted_ptr_inplace<cpp_dbc::MySQL::MySQLDriver, std::allocator<cpp_dbc::MySQL::MySQLDriver>, (__gnu_cxx::_Lock_policy)2>::_Sp_counted_ptr_inplace<>(std::allocator<cpp_dbc::MySQL::MySQLDriver>) (shared_ptr_base.h:519)
==268755== 
==268755== 24 bytes in 1 blocks are still reachable in loss record 730 of 2,004
==268755==    at 0x4848899: malloc (in /usr/libexec/valgrind/vgpreload_memcheck-amd64-linux.so)
==268755==    by 0x560C185: OPENSSL_LH_insert (in /usr/lib/x86_64-linux-gnu/libcrypto.so.3)
==268755==    by 0x562D0AA: OBJ_NAME_add (in /usr/lib/x86_64-linux-gnu/libcrypto.so.3)
==268755==    by 0x561E047: ??? (in /usr/lib/x86_64-linux-gnu/libcrypto.so.3)
==268755==    by 0x522BEE7: __pthread_once_slow (pthread_once.c:116)
==268755==    by 0x5621C9C: CRYPTO_THREAD_run_once (in /usr/lib/x86_64-linux-gnu/libcrypto.so.3)
==268755==    by 0x561EA4C: OPENSSL_init_crypto (in /usr/lib/x86_64-linux-gnu/libcrypto.so.3)
==268755==    by 0x53EB9B6: OPENSSL_init_ssl (in /usr/lib/x86_64-linux-gnu/libssl.so.3)
==268755==    by 0x488FB29: mysql_server_init (in /usr/lib/x86_64-linux-gnu/libmysqlclient.so.21.2.42)
==268755==    by 0x1ED98C: cpp_dbc::MySQL::MySQLDriver::MySQLDriver() (driver_mysql.cpp:797)
==268755==    by 0x163CB6: decltype (::new ((void*)(0)) cpp_dbc::MySQL::MySQLDriver()) std::construct_at<cpp_dbc::MySQL::MySQLDriver>(cpp_dbc::MySQL::MySQLDriver*) (stl_construct.h:97)
==268755==    by 0x163D03: void std::allocator_traits<std::allocator<cpp_dbc::MySQL::MySQLDriver> >::construct<cpp_dbc::MySQL::MySQLDriver>(std::allocator<cpp_dbc::MySQL::MySQLDriver>&, cpp_dbc::MySQL::MySQLDriver*) (alloc_traits.h:518)
==268755== 
==268755== 24 bytes in 1 blocks are still reachable in loss record 731 of 2,004
==268755==    at 0x4848899: malloc (in /usr/libexec/valgrind/vgpreload_memcheck-amd64-linux.so)
==268755==    by 0x560C185: OPENSSL_LH_insert (in /usr/lib/x86_64-linux-gnu/libcrypto.so.3)
==268755==    by 0x562D0AA: OBJ_NAME_add (in /usr/lib/x86_64-linux-gnu/libcrypto.so.3)
==268755==    by 0x55FF6E7: EVP_add_digest (in /usr/lib/x86_64-linux-gnu/libcrypto.so.3)
==268755==    by 0x561E054: ??? (in /usr/lib/x86_64-linux-gnu/libcrypto.so.3)
==268755==    by 0x522BEE7: __pthread_once_slow (pthread_once.c:116)
==268755==    by 0x5621C9C: CRYPTO_THREAD_run_once (in /usr/lib/x86_64-linux-gnu/libcrypto.so.3)
==268755==    by 0x561EA4C: OPENSSL_init_crypto (in /usr/lib/x86_64-linux-gnu/libcrypto.so.3)
==268755==    by 0x53EB9B6: OPENSSL_init_ssl (in /usr/lib/x86_64-linux-gnu/libssl.so.3)
==268755==    by 0x488FB29: mysql_server_init (in /usr/lib/x86_64-linux-gnu/libmysqlclient.so.21.2.42)
==268755==    by 0x1ED98C: cpp_dbc::MySQL::MySQLDriver::MySQLDriver() (driver_mysql.cpp:797)
==268755==    by 0x163CB6: decltype (::new ((void*)(0)) cpp_dbc::MySQL::MySQLDriver()) std::construct_at<cpp_dbc::MySQL::MySQLDriver>(cpp_dbc::MySQL::MySQLDriver*) (stl_construct.h:97)
==268755== 
==268755== 24 bytes in 1 blocks are still reachable in loss record 732 of 2,004
==268755==    at 0x4848899: malloc (in /usr/libexec/valgrind/vgpreload_memcheck-amd64-linux.so)
==268755==    by 0x562D068: OBJ_NAME_add (in /usr/lib/x86_64-linux-gnu/libcrypto.so.3)
==268755==    by 0x55FF716: EVP_add_digest (in /usr/lib/x86_64-linux-gnu/libcrypto.so.3)
==268755==    by 0x561E054: ??? (in /usr/lib/x86_64-linux-gnu/libcrypto.so.3)
==268755==    by 0x522BEE7: __pthread_once_slow (pthread_once.c:116)
==268755==    by 0x5621C9C: CRYPTO_THREAD_run_once (in /usr/lib/x86_64-linux-gnu/libcrypto.so.3)
==268755==    by 0x561EA4C: OPENSSL_init_crypto (in /usr/lib/x86_64-linux-gnu/libcrypto.so.3)
==268755==    by 0x53EB9B6: OPENSSL_init_ssl (in /usr/lib/x86_64-linux-gnu/libssl.so.3)
==268755==    by 0x488FB29: mysql_server_init (in /usr/lib/x86_64-linux-gnu/libmysqlclient.so.21.2.42)
==268755==    by 0x1ED98C: cpp_dbc::MySQL::MySQLDriver::MySQLDriver() (driver_mysql.cpp:797)
==268755==    by 0x163CB6: decltype (::new ((void*)(0)) cpp_dbc::MySQL::MySQLDriver()) std::construct_at<cpp_dbc::MySQL::MySQLDriver>(cpp_dbc::MySQL::MySQLDriver*) (stl_construct.h:97)
==268755==    by 0x163D03: void std::allocator_traits<std::allocator<cpp_dbc::MySQL::MySQLDriver> >::construct<cpp_dbc::MySQL::MySQLDriver>(std::allocator<cpp_dbc::MySQL::MySQLDriver>&, cpp_dbc::MySQL::MySQLDriver*) (alloc_traits.h:518)
==268755== 
==268755== 24 bytes in 1 blocks are still reachable in loss record 733 of 2,004
==268755==    at 0x4848899: malloc (in /usr/libexec/valgrind/vgpreload_memcheck-amd64-linux.so)
==268755==    by 0x562D068: OBJ_NAME_add (in /usr/lib/x86_64-linux-gnu/libcrypto.so.3)
==268755==    by 0x55FF73A: EVP_add_digest (in /usr/lib/x86_64-linux-gnu/libcrypto.so.3)
==268755==    by 0x561E054: ??? (in /usr/lib/x86_64-linux-gnu/libcrypto.so.3)
==268755==    by 0x522BEE7: __pthread_once_slow (pthread_once.c:116)
==268755==    by 0x5621C9C: CRYPTO_THREAD_run_once (in /usr/lib/x86_64-linux-gnu/libcrypto.so.3)
==268755==    by 0x561EA4C: OPENSSL_init_crypto (in /usr/lib/x86_64-linux-gnu/libcrypto.so.3)
==268755==    by 0x53EB9B6: OPENSSL_init_ssl (in /usr/lib/x86_64-linux-gnu/libssl.so.3)
==268755==    by 0x488FB29: mysql_server_init (in /usr/lib/x86_64-linux-gnu/libmysqlclient.so.21.2.42)
==268755==    by 0x1ED98C: cpp_dbc::MySQL::MySQLDriver::MySQLDriver() (driver_mysql.cpp:797)
==268755==    by 0x163CB6: decltype (::new ((void*)(0)) cpp_dbc::MySQL::MySQLDriver()) std::construct_at<cpp_dbc::MySQL::MySQLDriver>(cpp_dbc::MySQL::MySQLDriver*) (stl_construct.h:97)
==268755==    by 0x163D03: void std::allocator_traits<std::allocator<cpp_dbc::MySQL::MySQLDriver> >::construct<cpp_dbc::MySQL::MySQLDriver>(std::allocator<cpp_dbc::MySQL::MySQLDriver>&, cpp_dbc::MySQL::MySQLDriver*) (alloc_traits.h:518)
==268755== 
==268755== 24 bytes in 1 blocks are still reachable in loss record 734 of 2,004
==268755==    at 0x4848899: malloc (in /usr/libexec/valgrind/vgpreload_memcheck-amd64-linux.so)
==268755==    by 0x560C185: OPENSSL_LH_insert (in /usr/lib/x86_64-linux-gnu/libcrypto.so.3)
==268755==    by 0x562D0AA: OBJ_NAME_add (in /usr/lib/x86_64-linux-gnu/libcrypto.so.3)
==268755==    by 0x55FF73A: EVP_add_digest (in /usr/lib/x86_64-linux-gnu/libcrypto.so.3)
==268755==    by 0x561E054: ??? (in /usr/lib/x86_64-linux-gnu/libcrypto.so.3)
==268755==    by 0x522BEE7: __pthread_once_slow (pthread_once.c:116)
==268755==    by 0x5621C9C: CRYPTO_THREAD_run_once (in /usr/lib/x86_64-linux-gnu/libcrypto.so.3)
==268755==    by 0x561EA4C: OPENSSL_init_crypto (in /usr/lib/x86_64-linux-gnu/libcrypto.so.3)
==268755==    by 0x53EB9B6: OPENSSL_init_ssl (in /usr/lib/x86_64-linux-gnu/libssl.so.3)
==268755==    by 0x488FB29: mysql_server_init (in /usr/lib/x86_64-linux-gnu/libmysqlclient.so.21.2.42)
==268755==    by 0x1ED98C: cpp_dbc::MySQL::MySQLDriver::MySQLDriver() (driver_mysql.cpp:797)
==268755==    by 0x163CB6: decltype (::new ((void*)(0)) cpp_dbc::MySQL::MySQLDriver()) std::construct_at<cpp_dbc::MySQL::MySQLDriver>(cpp_dbc::MySQL::MySQLDriver*) (stl_construct.h:97)
==268755== 
==268755== 24 bytes in 1 blocks are still reachable in loss record 735 of 2,004
==268755==    at 0x4848899: malloc (in /usr/libexec/valgrind/vgpreload_memcheck-amd64-linux.so)
==268755==    by 0x562D068: OBJ_NAME_add (in /usr/lib/x86_64-linux-gnu/libcrypto.so.3)
==268755==    by 0x561E054: ??? (in /usr/lib/x86_64-linux-gnu/libcrypto.so.3)
==268755==    by 0x522BEE7: __pthread_once_slow (pthread_once.c:116)
==268755==    by 0x5621C9C: CRYPTO_THREAD_run_once (in /usr/lib/x86_64-linux-gnu/libcrypto.so.3)
==268755==    by 0x561EA4C: OPENSSL_init_crypto (in /usr/lib/x86_64-linux-gnu/libcrypto.so.3)
==268755==    by 0x53EB9B6: OPENSSL_init_ssl (in /usr/lib/x86_64-linux-gnu/libssl.so.3)
==268755==    by 0x488FB29: mysql_server_init (in /usr/lib/x86_64-linux-gnu/libmysqlclient.so.21.2.42)
==268755==    by 0x1ED98C: cpp_dbc::MySQL::MySQLDriver::MySQLDriver() (driver_mysql.cpp:797)
==268755==    by 0x163CB6: decltype (::new ((void*)(0)) cpp_dbc::MySQL::MySQLDriver()) std::construct_at<cpp_dbc::MySQL::MySQLDriver>(cpp_dbc::MySQL::MySQLDriver*) (stl_construct.h:97)
==268755==    by 0x163D03: void std::allocator_traits<std::allocator<cpp_dbc::MySQL::MySQLDriver> >::construct<cpp_dbc::MySQL::MySQLDriver>(std::allocator<cpp_dbc::MySQL::MySQLDriver>&, cpp_dbc::MySQL::MySQLDriver*) (alloc_traits.h:518)
==268755==    by 0x163861: std::_Sp_counted_ptr_inplace<cpp_dbc::MySQL::MySQLDriver, std::allocator<cpp_dbc::MySQL::MySQLDriver>, (__gnu_cxx::_Lock_policy)2>::_Sp_counted_ptr_inplace<>(std::allocator<cpp_dbc::MySQL::MySQLDriver>) (shared_ptr_base.h:519)
==268755== 
==268755== 24 bytes in 1 blocks are still reachable in loss record 736 of 2,004
==268755==    at 0x4848899: malloc (in /usr/libexec/valgrind/vgpreload_memcheck-amd64-linux.so)
==268755==    by 0x560C185: OPENSSL_LH_insert (in /usr/lib/x86_64-linux-gnu/libcrypto.so.3)
==268755==    by 0x562D0AA: OBJ_NAME_add (in /usr/lib/x86_64-linux-gnu/libcrypto.so.3)
==268755==    by 0x561E054: ??? (in /usr/lib/x86_64-linux-gnu/libcrypto.so.3)
==268755==    by 0x522BEE7: __pthread_once_slow (pthread_once.c:116)
==268755==    by 0x5621C9C: CRYPTO_THREAD_run_once (in /usr/lib/x86_64-linux-gnu/libcrypto.so.3)
==268755==    by 0x561EA4C: OPENSSL_init_crypto (in /usr/lib/x86_64-linux-gnu/libcrypto.so.3)
==268755==    by 0x53EB9B6: OPENSSL_init_ssl (in /usr/lib/x86_64-linux-gnu/libssl.so.3)
==268755==    by 0x488FB29: mysql_server_init (in /usr/lib/x86_64-linux-gnu/libmysqlclient.so.21.2.42)
==268755==    by 0x1ED98C: cpp_dbc::MySQL::MySQLDriver::MySQLDriver() (driver_mysql.cpp:797)
==268755==    by 0x163CB6: decltype (::new ((void*)(0)) cpp_dbc::MySQL::MySQLDriver()) std::construct_at<cpp_dbc::MySQL::MySQLDriver>(cpp_dbc::MySQL::MySQLDriver*) (stl_construct.h:97)
==268755==    by 0x163D03: void std::allocator_traits<std::allocator<cpp_dbc::MySQL::MySQLDriver> >::construct<cpp_dbc::MySQL::MySQLDriver>(std::allocator<cpp_dbc::MySQL::MySQLDriver>&, cpp_dbc::MySQL::MySQLDriver*) (alloc_traits.h:518)
==268755== 
==268755== 24 bytes in 1 blocks are still reachable in loss record 737 of 2,004
==268755==    at 0x4848899: malloc (in /usr/libexec/valgrind/vgpreload_memcheck-amd64-linux.so)
==268755==    by 0x560C185: OPENSSL_LH_insert (in /usr/lib/x86_64-linux-gnu/libcrypto.so.3)
==268755==    by 0x562D0AA: OBJ_NAME_add (in /usr/lib/x86_64-linux-gnu/libcrypto.so.3)
==268755==    by 0x55FF6E7: EVP_add_digest (in /usr/lib/x86_64-linux-gnu/libcrypto.so.3)
==268755==    by 0x561E061: ??? (in /usr/lib/x86_64-linux-gnu/libcrypto.so.3)
==268755==    by 0x522BEE7: __pthread_once_slow (pthread_once.c:116)
==268755==    by 0x5621C9C: CRYPTO_THREAD_run_once (in /usr/lib/x86_64-linux-gnu/libcrypto.so.3)
==268755==    by 0x561EA4C: OPENSSL_init_crypto (in /usr/lib/x86_64-linux-gnu/libcrypto.so.3)
==268755==    by 0x53EB9B6: OPENSSL_init_ssl (in /usr/lib/x86_64-linux-gnu/libssl.so.3)
==268755==    by 0x488FB29: mysql_server_init (in /usr/lib/x86_64-linux-gnu/libmysqlclient.so.21.2.42)
==268755==    by 0x1ED98C: cpp_dbc::MySQL::MySQLDriver::MySQLDriver() (driver_mysql.cpp:797)
==268755==    by 0x163CB6: decltype (::new ((void*)(0)) cpp_dbc::MySQL::MySQLDriver()) std::construct_at<cpp_dbc::MySQL::MySQLDriver>(cpp_dbc::MySQL::MySQLDriver*) (stl_construct.h:97)
==268755== 
==268755== 24 bytes in 1 blocks are still reachable in loss record 738 of 2,004
==268755==    at 0x4848899: malloc (in /usr/libexec/valgrind/vgpreload_memcheck-amd64-linux.so)
==268755==    by 0x562D068: OBJ_NAME_add (in /usr/lib/x86_64-linux-gnu/libcrypto.so.3)
==268755==    by 0x55FF716: EVP_add_digest (in /usr/lib/x86_64-linux-gnu/libcrypto.so.3)
==268755==    by 0x561E061: ??? (in /usr/lib/x86_64-linux-gnu/libcrypto.so.3)
==268755==    by 0x522BEE7: __pthread_once_slow (pthread_once.c:116)
==268755==    by 0x5621C9C: CRYPTO_THREAD_run_once (in /usr/lib/x86_64-linux-gnu/libcrypto.so.3)
==268755==    by 0x561EA4C: OPENSSL_init_crypto (in /usr/lib/x86_64-linux-gnu/libcrypto.so.3)
==268755==    by 0x53EB9B6: OPENSSL_init_ssl (in /usr/lib/x86_64-linux-gnu/libssl.so.3)
==268755==    by 0x488FB29: mysql_server_init (in /usr/lib/x86_64-linux-gnu/libmysqlclient.so.21.2.42)
==268755==    by 0x1ED98C: cpp_dbc::MySQL::MySQLDriver::MySQLDriver() (driver_mysql.cpp:797)
==268755==    by 0x163CB6: decltype (::new ((void*)(0)) cpp_dbc::MySQL::MySQLDriver()) std::construct_at<cpp_dbc::MySQL::MySQLDriver>(cpp_dbc::MySQL::MySQLDriver*) (stl_construct.h:97)
==268755==    by 0x163D03: void std::allocator_traits<std::allocator<cpp_dbc::MySQL::MySQLDriver> >::construct<cpp_dbc::MySQL::MySQLDriver>(std::allocator<cpp_dbc::MySQL::MySQLDriver>&, cpp_dbc::MySQL::MySQLDriver*) (alloc_traits.h:518)
==268755== 
==268755== 24 bytes in 1 blocks are still reachable in loss record 739 of 2,004
==268755==    at 0x4848899: malloc (in /usr/libexec/valgrind/vgpreload_memcheck-amd64-linux.so)
==268755==    by 0x562D068: OBJ_NAME_add (in /usr/lib/x86_64-linux-gnu/libcrypto.so.3)
==268755==    by 0x55FF73A: EVP_add_digest (in /usr/lib/x86_64-linux-gnu/libcrypto.so.3)
==268755==    by 0x561E061: ??? (in /usr/lib/x86_64-linux-gnu/libcrypto.so.3)
==268755==    by 0x522BEE7: __pthread_once_slow (pthread_once.c:116)
==268755==    by 0x5621C9C: CRYPTO_THREAD_run_once (in /usr/lib/x86_64-linux-gnu/libcrypto.so.3)
==268755==    by 0x561EA4C: OPENSSL_init_crypto (in /usr/lib/x86_64-linux-gnu/libcrypto.so.3)
==268755==    by 0x53EB9B6: OPENSSL_init_ssl (in /usr/lib/x86_64-linux-gnu/libssl.so.3)
==268755==    by 0x488FB29: mysql_server_init (in /usr/lib/x86_64-linux-gnu/libmysqlclient.so.21.2.42)
==268755==    by 0x1ED98C: cpp_dbc::MySQL::MySQLDriver::MySQLDriver() (driver_mysql.cpp:797)
==268755==    by 0x163CB6: decltype (::new ((void*)(0)) cpp_dbc::MySQL::MySQLDriver()) std::construct_at<cpp_dbc::MySQL::MySQLDriver>(cpp_dbc::MySQL::MySQLDriver*) (stl_construct.h:97)
==268755==    by 0x163D03: void std::allocator_traits<std::allocator<cpp_dbc::MySQL::MySQLDriver> >::construct<cpp_dbc::MySQL::MySQLDriver>(std::allocator<cpp_dbc::MySQL::MySQLDriver>&, cpp_dbc::MySQL::MySQLDriver*) (alloc_traits.h:518)
==268755== 
==268755== 24 bytes in 1 blocks are still reachable in loss record 740 of 2,004
==268755==    at 0x4848899: malloc (in /usr/libexec/valgrind/vgpreload_memcheck-amd64-linux.so)
==268755==    by 0x560C185: OPENSSL_LH_insert (in /usr/lib/x86_64-linux-gnu/libcrypto.so.3)
==268755==    by 0x562D0AA: OBJ_NAME_add (in /usr/lib/x86_64-linux-gnu/libcrypto.so.3)
==268755==    by 0x55FF73A: EVP_add_digest (in /usr/lib/x86_64-linux-gnu/libcrypto.so.3)
==268755==    by 0x561E061: ??? (in /usr/lib/x86_64-linux-gnu/libcrypto.so.3)
==268755==    by 0x522BEE7: __pthread_once_slow (pthread_once.c:116)
==268755==    by 0x5621C9C: CRYPTO_THREAD_run_once (in /usr/lib/x86_64-linux-gnu/libcrypto.so.3)
==268755==    by 0x561EA4C: OPENSSL_init_crypto (in /usr/lib/x86_64-linux-gnu/libcrypto.so.3)
==268755==    by 0x53EB9B6: OPENSSL_init_ssl (in /usr/lib/x86_64-linux-gnu/libssl.so.3)
==268755==    by 0x488FB29: mysql_server_init (in /usr/lib/x86_64-linux-gnu/libmysqlclient.so.21.2.42)
==268755==    by 0x1ED98C: cpp_dbc::MySQL::MySQLDriver::MySQLDriver() (driver_mysql.cpp:797)
==268755==    by 0x163CB6: decltype (::new ((void*)(0)) cpp_dbc::MySQL::MySQLDriver()) std::construct_at<cpp_dbc::MySQL::MySQLDriver>(cpp_dbc::MySQL::MySQLDriver*) (stl_construct.h:97)
==268755== 
==268755== 24 bytes in 1 blocks are still reachable in loss record 741 of 2,004
==268755==    at 0x4848899: malloc (in /usr/libexec/valgrind/vgpreload_memcheck-amd64-linux.so)
==268755==    by 0x562D068: OBJ_NAME_add (in /usr/lib/x86_64-linux-gnu/libcrypto.so.3)
==268755==    by 0x561E061: ??? (in /usr/lib/x86_64-linux-gnu/libcrypto.so.3)
==268755==    by 0x522BEE7: __pthread_once_slow (pthread_once.c:116)
==268755==    by 0x5621C9C: CRYPTO_THREAD_run_once (in /usr/lib/x86_64-linux-gnu/libcrypto.so.3)
==268755==    by 0x561EA4C: OPENSSL_init_crypto (in /usr/lib/x86_64-linux-gnu/libcrypto.so.3)
==268755==    by 0x53EB9B6: OPENSSL_init_ssl (in /usr/lib/x86_64-linux-gnu/libssl.so.3)
==268755==    by 0x488FB29: mysql_server_init (in /usr/lib/x86_64-linux-gnu/libmysqlclient.so.21.2.42)
==268755==    by 0x1ED98C: cpp_dbc::MySQL::MySQLDriver::MySQLDriver() (driver_mysql.cpp:797)
==268755==    by 0x163CB6: decltype (::new ((void*)(0)) cpp_dbc::MySQL::MySQLDriver()) std::construct_at<cpp_dbc::MySQL::MySQLDriver>(cpp_dbc::MySQL::MySQLDriver*) (stl_construct.h:97)
==268755==    by 0x163D03: void std::allocator_traits<std::allocator<cpp_dbc::MySQL::MySQLDriver> >::construct<cpp_dbc::MySQL::MySQLDriver>(std::allocator<cpp_dbc::MySQL::MySQLDriver>&, cpp_dbc::MySQL::MySQLDriver*) (alloc_traits.h:518)
==268755==    by 0x163861: std::_Sp_counted_ptr_inplace<cpp_dbc::MySQL::MySQLDriver, std::allocator<cpp_dbc::MySQL::MySQLDriver>, (__gnu_cxx::_Lock_policy)2>::_Sp_counted_ptr_inplace<>(std::allocator<cpp_dbc::MySQL::MySQLDriver>) (shared_ptr_base.h:519)
==268755== 
==268755== 24 bytes in 1 blocks are still reachable in loss record 742 of 2,004
==268755==    at 0x4848899: malloc (in /usr/libexec/valgrind/vgpreload_memcheck-amd64-linux.so)
==268755==    by 0x560C185: OPENSSL_LH_insert (in /usr/lib/x86_64-linux-gnu/libcrypto.so.3)
==268755==    by 0x562D0AA: OBJ_NAME_add (in /usr/lib/x86_64-linux-gnu/libcrypto.so.3)
==268755==    by 0x561E061: ??? (in /usr/lib/x86_64-linux-gnu/libcrypto.so.3)
==268755==    by 0x522BEE7: __pthread_once_slow (pthread_once.c:116)
==268755==    by 0x5621C9C: CRYPTO_THREAD_run_once (in /usr/lib/x86_64-linux-gnu/libcrypto.so.3)
==268755==    by 0x561EA4C: OPENSSL_init_crypto (in /usr/lib/x86_64-linux-gnu/libcrypto.so.3)
==268755==    by 0x53EB9B6: OPENSSL_init_ssl (in /usr/lib/x86_64-linux-gnu/libssl.so.3)
==268755==    by 0x488FB29: mysql_server_init (in /usr/lib/x86_64-linux-gnu/libmysqlclient.so.21.2.42)
==268755==    by 0x1ED98C: cpp_dbc::MySQL::MySQLDriver::MySQLDriver() (driver_mysql.cpp:797)
==268755==    by 0x163CB6: decltype (::new ((void*)(0)) cpp_dbc::MySQL::MySQLDriver()) std::construct_at<cpp_dbc::MySQL::MySQLDriver>(cpp_dbc::MySQL::MySQLDriver*) (stl_construct.h:97)
==268755==    by 0x163D03: void std::allocator_traits<std::allocator<cpp_dbc::MySQL::MySQLDriver> >::construct<cpp_dbc::MySQL::MySQLDriver>(std::allocator<cpp_dbc::MySQL::MySQLDriver>&, cpp_dbc::MySQL::MySQLDriver*) (alloc_traits.h:518)
==268755== 
==268755== 24 bytes in 1 blocks are still reachable in loss record 743 of 2,004
==268755==    at 0x4848899: malloc (in /usr/libexec/valgrind/vgpreload_memcheck-amd64-linux.so)
==268755==    by 0x560C185: OPENSSL_LH_insert (in /usr/lib/x86_64-linux-gnu/libcrypto.so.3)
==268755==    by 0x562D0AA: OBJ_NAME_add (in /usr/lib/x86_64-linux-gnu/libcrypto.so.3)
==268755==    by 0x55FF6E7: EVP_add_digest (in /usr/lib/x86_64-linux-gnu/libcrypto.so.3)
==268755==    by 0x561E06E: ??? (in /usr/lib/x86_64-linux-gnu/libcrypto.so.3)
==268755==    by 0x522BEE7: __pthread_once_slow (pthread_once.c:116)
==268755==    by 0x5621C9C: CRYPTO_THREAD_run_once (in /usr/lib/x86_64-linux-gnu/libcrypto.so.3)
==268755==    by 0x561EA4C: OPENSSL_init_crypto (in /usr/lib/x86_64-linux-gnu/libcrypto.so.3)
==268755==    by 0x53EB9B6: OPENSSL_init_ssl (in /usr/lib/x86_64-linux-gnu/libssl.so.3)
==268755==    by 0x488FB29: mysql_server_init (in /usr/lib/x86_64-linux-gnu/libmysqlclient.so.21.2.42)
==268755==    by 0x1ED98C: cpp_dbc::MySQL::MySQLDriver::MySQLDriver() (driver_mysql.cpp:797)
==268755==    by 0x163CB6: decltype (::new ((void*)(0)) cpp_dbc::MySQL::MySQLDriver()) std::construct_at<cpp_dbc::MySQL::MySQLDriver>(cpp_dbc::MySQL::MySQLDriver*) (stl_construct.h:97)
==268755== 
==268755== 24 bytes in 1 blocks are still reachable in loss record 744 of 2,004
==268755==    at 0x4848899: malloc (in /usr/libexec/valgrind/vgpreload_memcheck-amd64-linux.so)
==268755==    by 0x562D068: OBJ_NAME_add (in /usr/lib/x86_64-linux-gnu/libcrypto.so.3)
==268755==    by 0x55FF716: EVP_add_digest (in /usr/lib/x86_64-linux-gnu/libcrypto.so.3)
==268755==    by 0x561E06E: ??? (in /usr/lib/x86_64-linux-gnu/libcrypto.so.3)
==268755==    by 0x522BEE7: __pthread_once_slow (pthread_once.c:116)
==268755==    by 0x5621C9C: CRYPTO_THREAD_run_once (in /usr/lib/x86_64-linux-gnu/libcrypto.so.3)
==268755==    by 0x561EA4C: OPENSSL_init_crypto (in /usr/lib/x86_64-linux-gnu/libcrypto.so.3)
==268755==    by 0x53EB9B6: OPENSSL_init_ssl (in /usr/lib/x86_64-linux-gnu/libssl.so.3)
==268755==    by 0x488FB29: mysql_server_init (in /usr/lib/x86_64-linux-gnu/libmysqlclient.so.21.2.42)
==268755==    by 0x1ED98C: cpp_dbc::MySQL::MySQLDriver::MySQLDriver() (driver_mysql.cpp:797)
==268755==    by 0x163CB6: decltype (::new ((void*)(0)) cpp_dbc::MySQL::MySQLDriver()) std::construct_at<cpp_dbc::MySQL::MySQLDriver>(cpp_dbc::MySQL::MySQLDriver*) (stl_construct.h:97)
==268755==    by 0x163D03: void std::allocator_traits<std::allocator<cpp_dbc::MySQL::MySQLDriver> >::construct<cpp_dbc::MySQL::MySQLDriver>(std::allocator<cpp_dbc::MySQL::MySQLDriver>&, cpp_dbc::MySQL::MySQLDriver*) (alloc_traits.h:518)
==268755== 
==268755== 24 bytes in 1 blocks are still reachable in loss record 745 of 2,004
==268755==    at 0x4848899: malloc (in /usr/libexec/valgrind/vgpreload_memcheck-amd64-linux.so)
==268755==    by 0x562D068: OBJ_NAME_add (in /usr/lib/x86_64-linux-gnu/libcrypto.so.3)
==268755==    by 0x55FF73A: EVP_add_digest (in /usr/lib/x86_64-linux-gnu/libcrypto.so.3)
==268755==    by 0x561E06E: ??? (in /usr/lib/x86_64-linux-gnu/libcrypto.so.3)
==268755==    by 0x522BEE7: __pthread_once_slow (pthread_once.c:116)
==268755==    by 0x5621C9C: CRYPTO_THREAD_run_once (in /usr/lib/x86_64-linux-gnu/libcrypto.so.3)
==268755==    by 0x561EA4C: OPENSSL_init_crypto (in /usr/lib/x86_64-linux-gnu/libcrypto.so.3)
==268755==    by 0x53EB9B6: OPENSSL_init_ssl (in /usr/lib/x86_64-linux-gnu/libssl.so.3)
==268755==    by 0x488FB29: mysql_server_init (in /usr/lib/x86_64-linux-gnu/libmysqlclient.so.21.2.42)
==268755==    by 0x1ED98C: cpp_dbc::MySQL::MySQLDriver::MySQLDriver() (driver_mysql.cpp:797)
==268755==    by 0x163CB6: decltype (::new ((void*)(0)) cpp_dbc::MySQL::MySQLDriver()) std::construct_at<cpp_dbc::MySQL::MySQLDriver>(cpp_dbc::MySQL::MySQLDriver*) (stl_construct.h:97)
==268755==    by 0x163D03: void std::allocator_traits<std::allocator<cpp_dbc::MySQL::MySQLDriver> >::construct<cpp_dbc::MySQL::MySQLDriver>(std::allocator<cpp_dbc::MySQL::MySQLDriver>&, cpp_dbc::MySQL::MySQLDriver*) (alloc_traits.h:518)
==268755== 
==268755== 24 bytes in 1 blocks are still reachable in loss record 746 of 2,004
==268755==    at 0x4848899: malloc (in /usr/libexec/valgrind/vgpreload_memcheck-amd64-linux.so)
==268755==    by 0x560C185: OPENSSL_LH_insert (in /usr/lib/x86_64-linux-gnu/libcrypto.so.3)
==268755==    by 0x562D0AA: OBJ_NAME_add (in /usr/lib/x86_64-linux-gnu/libcrypto.so.3)
==268755==    by 0x55FF73A: EVP_add_digest (in /usr/lib/x86_64-linux-gnu/libcrypto.so.3)
==268755==    by 0x561E06E: ??? (in /usr/lib/x86_64-linux-gnu/libcrypto.so.3)
==268755==    by 0x522BEE7: __pthread_once_slow (pthread_once.c:116)
==268755==    by 0x5621C9C: CRYPTO_THREAD_run_once (in /usr/lib/x86_64-linux-gnu/libcrypto.so.3)
==268755==    by 0x561EA4C: OPENSSL_init_crypto (in /usr/lib/x86_64-linux-gnu/libcrypto.so.3)
==268755==    by 0x53EB9B6: OPENSSL_init_ssl (in /usr/lib/x86_64-linux-gnu/libssl.so.3)
==268755==    by 0x488FB29: mysql_server_init (in /usr/lib/x86_64-linux-gnu/libmysqlclient.so.21.2.42)
==268755==    by 0x1ED98C: cpp_dbc::MySQL::MySQLDriver::MySQLDriver() (driver_mysql.cpp:797)
==268755==    by 0x163CB6: decltype (::new ((void*)(0)) cpp_dbc::MySQL::MySQLDriver()) std::construct_at<cpp_dbc::MySQL::MySQLDriver>(cpp_dbc::MySQL::MySQLDriver*) (stl_construct.h:97)
==268755== 
==268755== 24 bytes in 1 blocks are still reachable in loss record 747 of 2,004
==268755==    at 0x4848899: malloc (in /usr/libexec/valgrind/vgpreload_memcheck-amd64-linux.so)
==268755==    by 0x562D068: OBJ_NAME_add (in /usr/lib/x86_64-linux-gnu/libcrypto.so.3)
==268755==    by 0x561E06E: ??? (in /usr/lib/x86_64-linux-gnu/libcrypto.so.3)
==268755==    by 0x522BEE7: __pthread_once_slow (pthread_once.c:116)
==268755==    by 0x5621C9C: CRYPTO_THREAD_run_once (in /usr/lib/x86_64-linux-gnu/libcrypto.so.3)
==268755==    by 0x561EA4C: OPENSSL_init_crypto (in /usr/lib/x86_64-linux-gnu/libcrypto.so.3)
==268755==    by 0x53EB9B6: OPENSSL_init_ssl (in /usr/lib/x86_64-linux-gnu/libssl.so.3)
==268755==    by 0x488FB29: mysql_server_init (in /usr/lib/x86_64-linux-gnu/libmysqlclient.so.21.2.42)
==268755==    by 0x1ED98C: cpp_dbc::MySQL::MySQLDriver::MySQLDriver() (driver_mysql.cpp:797)
==268755==    by 0x163CB6: decltype (::new ((void*)(0)) cpp_dbc::MySQL::MySQLDriver()) std::construct_at<cpp_dbc::MySQL::MySQLDriver>(cpp_dbc::MySQL::MySQLDriver*) (stl_construct.h:97)
==268755==    by 0x163D03: void std::allocator_traits<std::allocator<cpp_dbc::MySQL::MySQLDriver> >::construct<cpp_dbc::MySQL::MySQLDriver>(std::allocator<cpp_dbc::MySQL::MySQLDriver>&, cpp_dbc::MySQL::MySQLDriver*) (alloc_traits.h:518)
==268755==    by 0x163861: std::_Sp_counted_ptr_inplace<cpp_dbc::MySQL::MySQLDriver, std::allocator<cpp_dbc::MySQL::MySQLDriver>, (__gnu_cxx::_Lock_policy)2>::_Sp_counted_ptr_inplace<>(std::allocator<cpp_dbc::MySQL::MySQLDriver>) (shared_ptr_base.h:519)
==268755== 
==268755== 24 bytes in 1 blocks are still reachable in loss record 748 of 2,004
==268755==    at 0x4848899: malloc (in /usr/libexec/valgrind/vgpreload_memcheck-amd64-linux.so)
==268755==    by 0x560C185: OPENSSL_LH_insert (in /usr/lib/x86_64-linux-gnu/libcrypto.so.3)
==268755==    by 0x562D0AA: OBJ_NAME_add (in /usr/lib/x86_64-linux-gnu/libcrypto.so.3)
==268755==    by 0x561E06E: ??? (in /usr/lib/x86_64-linux-gnu/libcrypto.so.3)
==268755==    by 0x522BEE7: __pthread_once_slow (pthread_once.c:116)
==268755==    by 0x5621C9C: CRYPTO_THREAD_run_once (in /usr/lib/x86_64-linux-gnu/libcrypto.so.3)
==268755==    by 0x561EA4C: OPENSSL_init_crypto (in /usr/lib/x86_64-linux-gnu/libcrypto.so.3)
==268755==    by 0x53EB9B6: OPENSSL_init_ssl (in /usr/lib/x86_64-linux-gnu/libssl.so.3)
==268755==    by 0x488FB29: mysql_server_init (in /usr/lib/x86_64-linux-gnu/libmysqlclient.so.21.2.42)
==268755==    by 0x1ED98C: cpp_dbc::MySQL::MySQLDriver::MySQLDriver() (driver_mysql.cpp:797)
==268755==    by 0x163CB6: decltype (::new ((void*)(0)) cpp_dbc::MySQL::MySQLDriver()) std::construct_at<cpp_dbc::MySQL::MySQLDriver>(cpp_dbc::MySQL::MySQLDriver*) (stl_construct.h:97)
==268755==    by 0x163D03: void std::allocator_traits<std::allocator<cpp_dbc::MySQL::MySQLDriver> >::construct<cpp_dbc::MySQL::MySQLDriver>(std::allocator<cpp_dbc::MySQL::MySQLDriver>&, cpp_dbc::MySQL::MySQLDriver*) (alloc_traits.h:518)
==268755== 
==268755== 24 bytes in 1 blocks are still reachable in loss record 749 of 2,004
==268755==    at 0x4848899: malloc (in /usr/libexec/valgrind/vgpreload_memcheck-amd64-linux.so)
==268755==    by 0x560C185: OPENSSL_LH_insert (in /usr/lib/x86_64-linux-gnu/libcrypto.so.3)
==268755==    by 0x562D0AA: OBJ_NAME_add (in /usr/lib/x86_64-linux-gnu/libcrypto.so.3)
==268755==    by 0x55FF6E7: EVP_add_digest (in /usr/lib/x86_64-linux-gnu/libcrypto.so.3)
==268755==    by 0x561E07B: ??? (in /usr/lib/x86_64-linux-gnu/libcrypto.so.3)
==268755==    by 0x522BEE7: __pthread_once_slow (pthread_once.c:116)
==268755==    by 0x5621C9C: CRYPTO_THREAD_run_once (in /usr/lib/x86_64-linux-gnu/libcrypto.so.3)
==268755==    by 0x561EA4C: OPENSSL_init_crypto (in /usr/lib/x86_64-linux-gnu/libcrypto.so.3)
==268755==    by 0x53EB9B6: OPENSSL_init_ssl (in /usr/lib/x86_64-linux-gnu/libssl.so.3)
==268755==    by 0x488FB29: mysql_server_init (in /usr/lib/x86_64-linux-gnu/libmysqlclient.so.21.2.42)
==268755==    by 0x1ED98C: cpp_dbc::MySQL::MySQLDriver::MySQLDriver() (driver_mysql.cpp:797)
==268755==    by 0x163CB6: decltype (::new ((void*)(0)) cpp_dbc::MySQL::MySQLDriver()) std::construct_at<cpp_dbc::MySQL::MySQLDriver>(cpp_dbc::MySQL::MySQLDriver*) (stl_construct.h:97)
==268755== 
==268755== 24 bytes in 1 blocks are still reachable in loss record 750 of 2,004
==268755==    at 0x4848899: malloc (in /usr/libexec/valgrind/vgpreload_memcheck-amd64-linux.so)
==268755==    by 0x562D068: OBJ_NAME_add (in /usr/lib/x86_64-linux-gnu/libcrypto.so.3)
==268755==    by 0x55FF716: EVP_add_digest (in /usr/lib/x86_64-linux-gnu/libcrypto.so.3)
==268755==    by 0x561E07B: ??? (in /usr/lib/x86_64-linux-gnu/libcrypto.so.3)
==268755==    by 0x522BEE7: __pthread_once_slow (pthread_once.c:116)
==268755==    by 0x5621C9C: CRYPTO_THREAD_run_once (in /usr/lib/x86_64-linux-gnu/libcrypto.so.3)
==268755==    by 0x561EA4C: OPENSSL_init_crypto (in /usr/lib/x86_64-linux-gnu/libcrypto.so.3)
==268755==    by 0x53EB9B6: OPENSSL_init_ssl (in /usr/lib/x86_64-linux-gnu/libssl.so.3)
==268755==    by 0x488FB29: mysql_server_init (in /usr/lib/x86_64-linux-gnu/libmysqlclient.so.21.2.42)
==268755==    by 0x1ED98C: cpp_dbc::MySQL::MySQLDriver::MySQLDriver() (driver_mysql.cpp:797)
==268755==    by 0x163CB6: decltype (::new ((void*)(0)) cpp_dbc::MySQL::MySQLDriver()) std::construct_at<cpp_dbc::MySQL::MySQLDriver>(cpp_dbc::MySQL::MySQLDriver*) (stl_construct.h:97)
==268755==    by 0x163D03: void std::allocator_traits<std::allocator<cpp_dbc::MySQL::MySQLDriver> >::construct<cpp_dbc::MySQL::MySQLDriver>(std::allocator<cpp_dbc::MySQL::MySQLDriver>&, cpp_dbc::MySQL::MySQLDriver*) (alloc_traits.h:518)
==268755== 
==268755== 24 bytes in 1 blocks are still reachable in loss record 751 of 2,004
==268755==    at 0x4848899: malloc (in /usr/libexec/valgrind/vgpreload_memcheck-amd64-linux.so)
==268755==    by 0x562D068: OBJ_NAME_add (in /usr/lib/x86_64-linux-gnu/libcrypto.so.3)
==268755==    by 0x55FF73A: EVP_add_digest (in /usr/lib/x86_64-linux-gnu/libcrypto.so.3)
==268755==    by 0x561E07B: ??? (in /usr/lib/x86_64-linux-gnu/libcrypto.so.3)
==268755==    by 0x522BEE7: __pthread_once_slow (pthread_once.c:116)
==268755==    by 0x5621C9C: CRYPTO_THREAD_run_once (in /usr/lib/x86_64-linux-gnu/libcrypto.so.3)
==268755==    by 0x561EA4C: OPENSSL_init_crypto (in /usr/lib/x86_64-linux-gnu/libcrypto.so.3)
==268755==    by 0x53EB9B6: OPENSSL_init_ssl (in /usr/lib/x86_64-linux-gnu/libssl.so.3)
==268755==    by 0x488FB29: mysql_server_init (in /usr/lib/x86_64-linux-gnu/libmysqlclient.so.21.2.42)
==268755==    by 0x1ED98C: cpp_dbc::MySQL::MySQLDriver::MySQLDriver() (driver_mysql.cpp:797)
==268755==    by 0x163CB6: decltype (::new ((void*)(0)) cpp_dbc::MySQL::MySQLDriver()) std::construct_at<cpp_dbc::MySQL::MySQLDriver>(cpp_dbc::MySQL::MySQLDriver*) (stl_construct.h:97)
==268755==    by 0x163D03: void std::allocator_traits<std::allocator<cpp_dbc::MySQL::MySQLDriver> >::construct<cpp_dbc::MySQL::MySQLDriver>(std::allocator<cpp_dbc::MySQL::MySQLDriver>&, cpp_dbc::MySQL::MySQLDriver*) (alloc_traits.h:518)
==268755== 
==268755== 24 bytes in 1 blocks are still reachable in loss record 752 of 2,004
==268755==    at 0x4848899: malloc (in /usr/libexec/valgrind/vgpreload_memcheck-amd64-linux.so)
==268755==    by 0x560C185: OPENSSL_LH_insert (in /usr/lib/x86_64-linux-gnu/libcrypto.so.3)
==268755==    by 0x562D0AA: OBJ_NAME_add (in /usr/lib/x86_64-linux-gnu/libcrypto.so.3)
==268755==    by 0x55FF73A: EVP_add_digest (in /usr/lib/x86_64-linux-gnu/libcrypto.so.3)
==268755==    by 0x561E07B: ??? (in /usr/lib/x86_64-linux-gnu/libcrypto.so.3)
==268755==    by 0x522BEE7: __pthread_once_slow (pthread_once.c:116)
==268755==    by 0x5621C9C: CRYPTO_THREAD_run_once (in /usr/lib/x86_64-linux-gnu/libcrypto.so.3)
==268755==    by 0x561EA4C: OPENSSL_init_crypto (in /usr/lib/x86_64-linux-gnu/libcrypto.so.3)
==268755==    by 0x53EB9B6: OPENSSL_init_ssl (in /usr/lib/x86_64-linux-gnu/libssl.so.3)
==268755==    by 0x488FB29: mysql_server_init (in /usr/lib/x86_64-linux-gnu/libmysqlclient.so.21.2.42)
==268755==    by 0x1ED98C: cpp_dbc::MySQL::MySQLDriver::MySQLDriver() (driver_mysql.cpp:797)
==268755==    by 0x163CB6: decltype (::new ((void*)(0)) cpp_dbc::MySQL::MySQLDriver()) std::construct_at<cpp_dbc::MySQL::MySQLDriver>(cpp_dbc::MySQL::MySQLDriver*) (stl_construct.h:97)
==268755== 
==268755== 24 bytes in 1 blocks are still reachable in loss record 753 of 2,004
==268755==    at 0x4848899: malloc (in /usr/libexec/valgrind/vgpreload_memcheck-amd64-linux.so)
==268755==    by 0x562D068: OBJ_NAME_add (in /usr/lib/x86_64-linux-gnu/libcrypto.so.3)
==268755==    by 0x561E07B: ??? (in /usr/lib/x86_64-linux-gnu/libcrypto.so.3)
==268755==    by 0x522BEE7: __pthread_once_slow (pthread_once.c:116)
==268755==    by 0x5621C9C: CRYPTO_THREAD_run_once (in /usr/lib/x86_64-linux-gnu/libcrypto.so.3)
==268755==    by 0x561EA4C: OPENSSL_init_crypto (in /usr/lib/x86_64-linux-gnu/libcrypto.so.3)
==268755==    by 0x53EB9B6: OPENSSL_init_ssl (in /usr/lib/x86_64-linux-gnu/libssl.so.3)
==268755==    by 0x488FB29: mysql_server_init (in /usr/lib/x86_64-linux-gnu/libmysqlclient.so.21.2.42)
==268755==    by 0x1ED98C: cpp_dbc::MySQL::MySQLDriver::MySQLDriver() (driver_mysql.cpp:797)
==268755==    by 0x163CB6: decltype (::new ((void*)(0)) cpp_dbc::MySQL::MySQLDriver()) std::construct_at<cpp_dbc::MySQL::MySQLDriver>(cpp_dbc::MySQL::MySQLDriver*) (stl_construct.h:97)
==268755==    by 0x163D03: void std::allocator_traits<std::allocator<cpp_dbc::MySQL::MySQLDriver> >::construct<cpp_dbc::MySQL::MySQLDriver>(std::allocator<cpp_dbc::MySQL::MySQLDriver>&, cpp_dbc::MySQL::MySQLDriver*) (alloc_traits.h:518)
==268755==    by 0x163861: std::_Sp_counted_ptr_inplace<cpp_dbc::MySQL::MySQLDriver, std::allocator<cpp_dbc::MySQL::MySQLDriver>, (__gnu_cxx::_Lock_policy)2>::_Sp_counted_ptr_inplace<>(std::allocator<cpp_dbc::MySQL::MySQLDriver>) (shared_ptr_base.h:519)
==268755== 
==268755== 24 bytes in 1 blocks are still reachable in loss record 754 of 2,004
==268755==    at 0x4848899: malloc (in /usr/libexec/valgrind/vgpreload_memcheck-amd64-linux.so)
==268755==    by 0x560C185: OPENSSL_LH_insert (in /usr/lib/x86_64-linux-gnu/libcrypto.so.3)
==268755==    by 0x562D0AA: OBJ_NAME_add (in /usr/lib/x86_64-linux-gnu/libcrypto.so.3)
==268755==    by 0x561E07B: ??? (in /usr/lib/x86_64-linux-gnu/libcrypto.so.3)
==268755==    by 0x522BEE7: __pthread_once_slow (pthread_once.c:116)
==268755==    by 0x5621C9C: CRYPTO_THREAD_run_once (in /usr/lib/x86_64-linux-gnu/libcrypto.so.3)
==268755==    by 0x561EA4C: OPENSSL_init_crypto (in /usr/lib/x86_64-linux-gnu/libcrypto.so.3)
==268755==    by 0x53EB9B6: OPENSSL_init_ssl (in /usr/lib/x86_64-linux-gnu/libssl.so.3)
==268755==    by 0x488FB29: mysql_server_init (in /usr/lib/x86_64-linux-gnu/libmysqlclient.so.21.2.42)
==268755==    by 0x1ED98C: cpp_dbc::MySQL::MySQLDriver::MySQLDriver() (driver_mysql.cpp:797)
==268755==    by 0x163CB6: decltype (::new ((void*)(0)) cpp_dbc::MySQL::MySQLDriver()) std::construct_at<cpp_dbc::MySQL::MySQLDriver>(cpp_dbc::MySQL::MySQLDriver*) (stl_construct.h:97)
==268755==    by 0x163D03: void std::allocator_traits<std::allocator<cpp_dbc::MySQL::MySQLDriver> >::construct<cpp_dbc::MySQL::MySQLDriver>(std::allocator<cpp_dbc::MySQL::MySQLDriver>&, cpp_dbc::MySQL::MySQLDriver*) (alloc_traits.h:518)
==268755== 
==268755== 24 bytes in 1 blocks are still reachable in loss record 755 of 2,004
==268755==    at 0x4848899: malloc (in /usr/libexec/valgrind/vgpreload_memcheck-amd64-linux.so)
==268755==    by 0x560C185: OPENSSL_LH_insert (in /usr/lib/x86_64-linux-gnu/libcrypto.so.3)
==268755==    by 0x562D0AA: OBJ_NAME_add (in /usr/lib/x86_64-linux-gnu/libcrypto.so.3)
==268755==    by 0x55FF6E7: EVP_add_digest (in /usr/lib/x86_64-linux-gnu/libcrypto.so.3)
==268755==    by 0x561E088: ??? (in /usr/lib/x86_64-linux-gnu/libcrypto.so.3)
==268755==    by 0x522BEE7: __pthread_once_slow (pthread_once.c:116)
==268755==    by 0x5621C9C: CRYPTO_THREAD_run_once (in /usr/lib/x86_64-linux-gnu/libcrypto.so.3)
==268755==    by 0x561EA4C: OPENSSL_init_crypto (in /usr/lib/x86_64-linux-gnu/libcrypto.so.3)
==268755==    by 0x53EB9B6: OPENSSL_init_ssl (in /usr/lib/x86_64-linux-gnu/libssl.so.3)
==268755==    by 0x488FB29: mysql_server_init (in /usr/lib/x86_64-linux-gnu/libmysqlclient.so.21.2.42)
==268755==    by 0x1ED98C: cpp_dbc::MySQL::MySQLDriver::MySQLDriver() (driver_mysql.cpp:797)
==268755==    by 0x163CB6: decltype (::new ((void*)(0)) cpp_dbc::MySQL::MySQLDriver()) std::construct_at<cpp_dbc::MySQL::MySQLDriver>(cpp_dbc::MySQL::MySQLDriver*) (stl_construct.h:97)
==268755== 
==268755== 24 bytes in 1 blocks are still reachable in loss record 756 of 2,004
==268755==    at 0x4848899: malloc (in /usr/libexec/valgrind/vgpreload_memcheck-amd64-linux.so)
==268755==    by 0x562D068: OBJ_NAME_add (in /usr/lib/x86_64-linux-gnu/libcrypto.so.3)
==268755==    by 0x55FF716: EVP_add_digest (in /usr/lib/x86_64-linux-gnu/libcrypto.so.3)
==268755==    by 0x561E088: ??? (in /usr/lib/x86_64-linux-gnu/libcrypto.so.3)
==268755==    by 0x522BEE7: __pthread_once_slow (pthread_once.c:116)
==268755==    by 0x5621C9C: CRYPTO_THREAD_run_once (in /usr/lib/x86_64-linux-gnu/libcrypto.so.3)
==268755==    by 0x561EA4C: OPENSSL_init_crypto (in /usr/lib/x86_64-linux-gnu/libcrypto.so.3)
==268755==    by 0x53EB9B6: OPENSSL_init_ssl (in /usr/lib/x86_64-linux-gnu/libssl.so.3)
==268755==    by 0x488FB29: mysql_server_init (in /usr/lib/x86_64-linux-gnu/libmysqlclient.so.21.2.42)
==268755==    by 0x1ED98C: cpp_dbc::MySQL::MySQLDriver::MySQLDriver() (driver_mysql.cpp:797)
==268755==    by 0x163CB6: decltype (::new ((void*)(0)) cpp_dbc::MySQL::MySQLDriver()) std::construct_at<cpp_dbc::MySQL::MySQLDriver>(cpp_dbc::MySQL::MySQLDriver*) (stl_construct.h:97)
==268755==    by 0x163D03: void std::allocator_traits<std::allocator<cpp_dbc::MySQL::MySQLDriver> >::construct<cpp_dbc::MySQL::MySQLDriver>(std::allocator<cpp_dbc::MySQL::MySQLDriver>&, cpp_dbc::MySQL::MySQLDriver*) (alloc_traits.h:518)
==268755== 
==268755== 24 bytes in 1 blocks are still reachable in loss record 757 of 2,004
==268755==    at 0x4848899: malloc (in /usr/libexec/valgrind/vgpreload_memcheck-amd64-linux.so)
==268755==    by 0x560C185: OPENSSL_LH_insert (in /usr/lib/x86_64-linux-gnu/libcrypto.so.3)
==268755==    by 0x562D0AA: OBJ_NAME_add (in /usr/lib/x86_64-linux-gnu/libcrypto.so.3)
==268755==    by 0x55FF6E7: EVP_add_digest (in /usr/lib/x86_64-linux-gnu/libcrypto.so.3)
==268755==    by 0x561E095: ??? (in /usr/lib/x86_64-linux-gnu/libcrypto.so.3)
==268755==    by 0x522BEE7: __pthread_once_slow (pthread_once.c:116)
==268755==    by 0x5621C9C: CRYPTO_THREAD_run_once (in /usr/lib/x86_64-linux-gnu/libcrypto.so.3)
==268755==    by 0x561EA4C: OPENSSL_init_crypto (in /usr/lib/x86_64-linux-gnu/libcrypto.so.3)
==268755==    by 0x53EB9B6: OPENSSL_init_ssl (in /usr/lib/x86_64-linux-gnu/libssl.so.3)
==268755==    by 0x488FB29: mysql_server_init (in /usr/lib/x86_64-linux-gnu/libmysqlclient.so.21.2.42)
==268755==    by 0x1ED98C: cpp_dbc::MySQL::MySQLDriver::MySQLDriver() (driver_mysql.cpp:797)
==268755==    by 0x163CB6: decltype (::new ((void*)(0)) cpp_dbc::MySQL::MySQLDriver()) std::construct_at<cpp_dbc::MySQL::MySQLDriver>(cpp_dbc::MySQL::MySQLDriver*) (stl_construct.h:97)
==268755== 
==268755== 24 bytes in 1 blocks are still reachable in loss record 758 of 2,004
==268755==    at 0x4848899: malloc (in /usr/libexec/valgrind/vgpreload_memcheck-amd64-linux.so)
==268755==    by 0x562D068: OBJ_NAME_add (in /usr/lib/x86_64-linux-gnu/libcrypto.so.3)
==268755==    by 0x55FF716: EVP_add_digest (in /usr/lib/x86_64-linux-gnu/libcrypto.so.3)
==268755==    by 0x561E095: ??? (in /usr/lib/x86_64-linux-gnu/libcrypto.so.3)
==268755==    by 0x522BEE7: __pthread_once_slow (pthread_once.c:116)
==268755==    by 0x5621C9C: CRYPTO_THREAD_run_once (in /usr/lib/x86_64-linux-gnu/libcrypto.so.3)
==268755==    by 0x561EA4C: OPENSSL_init_crypto (in /usr/lib/x86_64-linux-gnu/libcrypto.so.3)
==268755==    by 0x53EB9B6: OPENSSL_init_ssl (in /usr/lib/x86_64-linux-gnu/libssl.so.3)
==268755==    by 0x488FB29: mysql_server_init (in /usr/lib/x86_64-linux-gnu/libmysqlclient.so.21.2.42)
==268755==    by 0x1ED98C: cpp_dbc::MySQL::MySQLDriver::MySQLDriver() (driver_mysql.cpp:797)
==268755==    by 0x163CB6: decltype (::new ((void*)(0)) cpp_dbc::MySQL::MySQLDriver()) std::construct_at<cpp_dbc::MySQL::MySQLDriver>(cpp_dbc::MySQL::MySQLDriver*) (stl_construct.h:97)
==268755==    by 0x163D03: void std::allocator_traits<std::allocator<cpp_dbc::MySQL::MySQLDriver> >::construct<cpp_dbc::MySQL::MySQLDriver>(std::allocator<cpp_dbc::MySQL::MySQLDriver>&, cpp_dbc::MySQL::MySQLDriver*) (alloc_traits.h:518)
==268755== 
==268755== 24 bytes in 1 blocks are still reachable in loss record 759 of 2,004
==268755==    at 0x4848899: malloc (in /usr/libexec/valgrind/vgpreload_memcheck-amd64-linux.so)
==268755==    by 0x562D068: OBJ_NAME_add (in /usr/lib/x86_64-linux-gnu/libcrypto.so.3)
==268755==    by 0x55FF73A: EVP_add_digest (in /usr/lib/x86_64-linux-gnu/libcrypto.so.3)
==268755==    by 0x561E095: ??? (in /usr/lib/x86_64-linux-gnu/libcrypto.so.3)
==268755==    by 0x522BEE7: __pthread_once_slow (pthread_once.c:116)
==268755==    by 0x5621C9C: CRYPTO_THREAD_run_once (in /usr/lib/x86_64-linux-gnu/libcrypto.so.3)
==268755==    by 0x561EA4C: OPENSSL_init_crypto (in /usr/lib/x86_64-linux-gnu/libcrypto.so.3)
==268755==    by 0x53EB9B6: OPENSSL_init_ssl (in /usr/lib/x86_64-linux-gnu/libssl.so.3)
==268755==    by 0x488FB29: mysql_server_init (in /usr/lib/x86_64-linux-gnu/libmysqlclient.so.21.2.42)
==268755==    by 0x1ED98C: cpp_dbc::MySQL::MySQLDriver::MySQLDriver() (driver_mysql.cpp:797)
==268755==    by 0x163CB6: decltype (::new ((void*)(0)) cpp_dbc::MySQL::MySQLDriver()) std::construct_at<cpp_dbc::MySQL::MySQLDriver>(cpp_dbc::MySQL::MySQLDriver*) (stl_construct.h:97)
==268755==    by 0x163D03: void std::allocator_traits<std::allocator<cpp_dbc::MySQL::MySQLDriver> >::construct<cpp_dbc::MySQL::MySQLDriver>(std::allocator<cpp_dbc::MySQL::MySQLDriver>&, cpp_dbc::MySQL::MySQLDriver*) (alloc_traits.h:518)
==268755== 
==268755== 24 bytes in 1 blocks are still reachable in loss record 760 of 2,004
==268755==    at 0x4848899: malloc (in /usr/libexec/valgrind/vgpreload_memcheck-amd64-linux.so)
==268755==    by 0x560C185: OPENSSL_LH_insert (in /usr/lib/x86_64-linux-gnu/libcrypto.so.3)
==268755==    by 0x562D0AA: OBJ_NAME_add (in /usr/lib/x86_64-linux-gnu/libcrypto.so.3)
==268755==    by 0x55FF73A: EVP_add_digest (in /usr/lib/x86_64-linux-gnu/libcrypto.so.3)
==268755==    by 0x561E095: ??? (in /usr/lib/x86_64-linux-gnu/libcrypto.so.3)
==268755==    by 0x522BEE7: __pthread_once_slow (pthread_once.c:116)
==268755==    by 0x5621C9C: CRYPTO_THREAD_run_once (in /usr/lib/x86_64-linux-gnu/libcrypto.so.3)
==268755==    by 0x561EA4C: OPENSSL_init_crypto (in /usr/lib/x86_64-linux-gnu/libcrypto.so.3)
==268755==    by 0x53EB9B6: OPENSSL_init_ssl (in /usr/lib/x86_64-linux-gnu/libssl.so.3)
==268755==    by 0x488FB29: mysql_server_init (in /usr/lib/x86_64-linux-gnu/libmysqlclient.so.21.2.42)
==268755==    by 0x1ED98C: cpp_dbc::MySQL::MySQLDriver::MySQLDriver() (driver_mysql.cpp:797)
==268755==    by 0x163CB6: decltype (::new ((void*)(0)) cpp_dbc::MySQL::MySQLDriver()) std::construct_at<cpp_dbc::MySQL::MySQLDriver>(cpp_dbc::MySQL::MySQLDriver*) (stl_construct.h:97)
==268755== 
==268755== 24 bytes in 1 blocks are still reachable in loss record 761 of 2,004
==268755==    at 0x4848899: malloc (in /usr/libexec/valgrind/vgpreload_memcheck-amd64-linux.so)
==268755==    by 0x562D068: OBJ_NAME_add (in /usr/lib/x86_64-linux-gnu/libcrypto.so.3)
==268755==    by 0x561E095: ??? (in /usr/lib/x86_64-linux-gnu/libcrypto.so.3)
==268755==    by 0x522BEE7: __pthread_once_slow (pthread_once.c:116)
==268755==    by 0x5621C9C: CRYPTO_THREAD_run_once (in /usr/lib/x86_64-linux-gnu/libcrypto.so.3)
==268755==    by 0x561EA4C: OPENSSL_init_crypto (in /usr/lib/x86_64-linux-gnu/libcrypto.so.3)
==268755==    by 0x53EB9B6: OPENSSL_init_ssl (in /usr/lib/x86_64-linux-gnu/libssl.so.3)
==268755==    by 0x488FB29: mysql_server_init (in /usr/lib/x86_64-linux-gnu/libmysqlclient.so.21.2.42)
==268755==    by 0x1ED98C: cpp_dbc::MySQL::MySQLDriver::MySQLDriver() (driver_mysql.cpp:797)
==268755==    by 0x163CB6: decltype (::new ((void*)(0)) cpp_dbc::MySQL::MySQLDriver()) std::construct_at<cpp_dbc::MySQL::MySQLDriver>(cpp_dbc::MySQL::MySQLDriver*) (stl_construct.h:97)
==268755==    by 0x163D03: void std::allocator_traits<std::allocator<cpp_dbc::MySQL::MySQLDriver> >::construct<cpp_dbc::MySQL::MySQLDriver>(std::allocator<cpp_dbc::MySQL::MySQLDriver>&, cpp_dbc::MySQL::MySQLDriver*) (alloc_traits.h:518)
==268755==    by 0x163861: std::_Sp_counted_ptr_inplace<cpp_dbc::MySQL::MySQLDriver, std::allocator<cpp_dbc::MySQL::MySQLDriver>, (__gnu_cxx::_Lock_policy)2>::_Sp_counted_ptr_inplace<>(std::allocator<cpp_dbc::MySQL::MySQLDriver>) (shared_ptr_base.h:519)
==268755== 
==268755== 24 bytes in 1 blocks are still reachable in loss record 762 of 2,004
==268755==    at 0x4848899: malloc (in /usr/libexec/valgrind/vgpreload_memcheck-amd64-linux.so)
==268755==    by 0x560C185: OPENSSL_LH_insert (in /usr/lib/x86_64-linux-gnu/libcrypto.so.3)
==268755==    by 0x562D0AA: OBJ_NAME_add (in /usr/lib/x86_64-linux-gnu/libcrypto.so.3)
==268755==    by 0x561E095: ??? (in /usr/lib/x86_64-linux-gnu/libcrypto.so.3)
==268755==    by 0x522BEE7: __pthread_once_slow (pthread_once.c:116)
==268755==    by 0x5621C9C: CRYPTO_THREAD_run_once (in /usr/lib/x86_64-linux-gnu/libcrypto.so.3)
==268755==    by 0x561EA4C: OPENSSL_init_crypto (in /usr/lib/x86_64-linux-gnu/libcrypto.so.3)
==268755==    by 0x53EB9B6: OPENSSL_init_ssl (in /usr/lib/x86_64-linux-gnu/libssl.so.3)
==268755==    by 0x488FB29: mysql_server_init (in /usr/lib/x86_64-linux-gnu/libmysqlclient.so.21.2.42)
==268755==    by 0x1ED98C: cpp_dbc::MySQL::MySQLDriver::MySQLDriver() (driver_mysql.cpp:797)
==268755==    by 0x163CB6: decltype (::new ((void*)(0)) cpp_dbc::MySQL::MySQLDriver()) std::construct_at<cpp_dbc::MySQL::MySQLDriver>(cpp_dbc::MySQL::MySQLDriver*) (stl_construct.h:97)
==268755==    by 0x163D03: void std::allocator_traits<std::allocator<cpp_dbc::MySQL::MySQLDriver> >::construct<cpp_dbc::MySQL::MySQLDriver>(std::allocator<cpp_dbc::MySQL::MySQLDriver>&, cpp_dbc::MySQL::MySQLDriver*) (alloc_traits.h:518)
==268755== 
==268755== 24 bytes in 1 blocks are still reachable in loss record 763 of 2,004
==268755==    at 0x4848899: malloc (in /usr/libexec/valgrind/vgpreload_memcheck-amd64-linux.so)
==268755==    by 0x560C185: OPENSSL_LH_insert (in /usr/lib/x86_64-linux-gnu/libcrypto.so.3)
==268755==    by 0x562D0AA: OBJ_NAME_add (in /usr/lib/x86_64-linux-gnu/libcrypto.so.3)
==268755==    by 0x55FF6E7: EVP_add_digest (in /usr/lib/x86_64-linux-gnu/libcrypto.so.3)
==268755==    by 0x561E0A2: ??? (in /usr/lib/x86_64-linux-gnu/libcrypto.so.3)
==268755==    by 0x522BEE7: __pthread_once_slow (pthread_once.c:116)
==268755==    by 0x5621C9C: CRYPTO_THREAD_run_once (in /usr/lib/x86_64-linux-gnu/libcrypto.so.3)
==268755==    by 0x561EA4C: OPENSSL_init_crypto (in /usr/lib/x86_64-linux-gnu/libcrypto.so.3)
==268755==    by 0x53EB9B6: OPENSSL_init_ssl (in /usr/lib/x86_64-linux-gnu/libssl.so.3)
==268755==    by 0x488FB29: mysql_server_init (in /usr/lib/x86_64-linux-gnu/libmysqlclient.so.21.2.42)
==268755==    by 0x1ED98C: cpp_dbc::MySQL::MySQLDriver::MySQLDriver() (driver_mysql.cpp:797)
==268755==    by 0x163CB6: decltype (::new ((void*)(0)) cpp_dbc::MySQL::MySQLDriver()) std::construct_at<cpp_dbc::MySQL::MySQLDriver>(cpp_dbc::MySQL::MySQLDriver*) (stl_construct.h:97)
==268755== 
==268755== 24 bytes in 1 blocks are still reachable in loss record 764 of 2,004
==268755==    at 0x4848899: malloc (in /usr/libexec/valgrind/vgpreload_memcheck-amd64-linux.so)
==268755==    by 0x562D068: OBJ_NAME_add (in /usr/lib/x86_64-linux-gnu/libcrypto.so.3)
==268755==    by 0x55FF716: EVP_add_digest (in /usr/lib/x86_64-linux-gnu/libcrypto.so.3)
==268755==    by 0x561E0A2: ??? (in /usr/lib/x86_64-linux-gnu/libcrypto.so.3)
==268755==    by 0x522BEE7: __pthread_once_slow (pthread_once.c:116)
==268755==    by 0x5621C9C: CRYPTO_THREAD_run_once (in /usr/lib/x86_64-linux-gnu/libcrypto.so.3)
==268755==    by 0x561EA4C: OPENSSL_init_crypto (in /usr/lib/x86_64-linux-gnu/libcrypto.so.3)
==268755==    by 0x53EB9B6: OPENSSL_init_ssl (in /usr/lib/x86_64-linux-gnu/libssl.so.3)
==268755==    by 0x488FB29: mysql_server_init (in /usr/lib/x86_64-linux-gnu/libmysqlclient.so.21.2.42)
==268755==    by 0x1ED98C: cpp_dbc::MySQL::MySQLDriver::MySQLDriver() (driver_mysql.cpp:797)
==268755==    by 0x163CB6: decltype (::new ((void*)(0)) cpp_dbc::MySQL::MySQLDriver()) std::construct_at<cpp_dbc::MySQL::MySQLDriver>(cpp_dbc::MySQL::MySQLDriver*) (stl_construct.h:97)
==268755==    by 0x163D03: void std::allocator_traits<std::allocator<cpp_dbc::MySQL::MySQLDriver> >::construct<cpp_dbc::MySQL::MySQLDriver>(std::allocator<cpp_dbc::MySQL::MySQLDriver>&, cpp_dbc::MySQL::MySQLDriver*) (alloc_traits.h:518)
==268755== 
==268755== 24 bytes in 1 blocks are still reachable in loss record 765 of 2,004
==268755==    at 0x4848899: malloc (in /usr/libexec/valgrind/vgpreload_memcheck-amd64-linux.so)
==268755==    by 0x560C185: OPENSSL_LH_insert (in /usr/lib/x86_64-linux-gnu/libcrypto.so.3)
==268755==    by 0x562D0AA: OBJ_NAME_add (in /usr/lib/x86_64-linux-gnu/libcrypto.so.3)
==268755==    by 0x55FF6E7: EVP_add_digest (in /usr/lib/x86_64-linux-gnu/libcrypto.so.3)
==268755==    by 0x561E0AF: ??? (in /usr/lib/x86_64-linux-gnu/libcrypto.so.3)
==268755==    by 0x522BEE7: __pthread_once_slow (pthread_once.c:116)
==268755==    by 0x5621C9C: CRYPTO_THREAD_run_once (in /usr/lib/x86_64-linux-gnu/libcrypto.so.3)
==268755==    by 0x561EA4C: OPENSSL_init_crypto (in /usr/lib/x86_64-linux-gnu/libcrypto.so.3)
==268755==    by 0x53EB9B6: OPENSSL_init_ssl (in /usr/lib/x86_64-linux-gnu/libssl.so.3)
==268755==    by 0x488FB29: mysql_server_init (in /usr/lib/x86_64-linux-gnu/libmysqlclient.so.21.2.42)
==268755==    by 0x1ED98C: cpp_dbc::MySQL::MySQLDriver::MySQLDriver() (driver_mysql.cpp:797)
==268755==    by 0x163CB6: decltype (::new ((void*)(0)) cpp_dbc::MySQL::MySQLDriver()) std::construct_at<cpp_dbc::MySQL::MySQLDriver>(cpp_dbc::MySQL::MySQLDriver*) (stl_construct.h:97)
==268755== 
==268755== 24 bytes in 1 blocks are still reachable in loss record 766 of 2,004
==268755==    at 0x4848899: malloc (in /usr/libexec/valgrind/vgpreload_memcheck-amd64-linux.so)
==268755==    by 0x562D068: OBJ_NAME_add (in /usr/lib/x86_64-linux-gnu/libcrypto.so.3)
==268755==    by 0x55FF716: EVP_add_digest (in /usr/lib/x86_64-linux-gnu/libcrypto.so.3)
==268755==    by 0x561E0AF: ??? (in /usr/lib/x86_64-linux-gnu/libcrypto.so.3)
==268755==    by 0x522BEE7: __pthread_once_slow (pthread_once.c:116)
==268755==    by 0x5621C9C: CRYPTO_THREAD_run_once (in /usr/lib/x86_64-linux-gnu/libcrypto.so.3)
==268755==    by 0x561EA4C: OPENSSL_init_crypto (in /usr/lib/x86_64-linux-gnu/libcrypto.so.3)
==268755==    by 0x53EB9B6: OPENSSL_init_ssl (in /usr/lib/x86_64-linux-gnu/libssl.so.3)
==268755==    by 0x488FB29: mysql_server_init (in /usr/lib/x86_64-linux-gnu/libmysqlclient.so.21.2.42)
==268755==    by 0x1ED98C: cpp_dbc::MySQL::MySQLDriver::MySQLDriver() (driver_mysql.cpp:797)
==268755==    by 0x163CB6: decltype (::new ((void*)(0)) cpp_dbc::MySQL::MySQLDriver()) std::construct_at<cpp_dbc::MySQL::MySQLDriver>(cpp_dbc::MySQL::MySQLDriver*) (stl_construct.h:97)
==268755==    by 0x163D03: void std::allocator_traits<std::allocator<cpp_dbc::MySQL::MySQLDriver> >::construct<cpp_dbc::MySQL::MySQLDriver>(std::allocator<cpp_dbc::MySQL::MySQLDriver>&, cpp_dbc::MySQL::MySQLDriver*) (alloc_traits.h:518)
==268755== 
==268755== 24 bytes in 1 blocks are still reachable in loss record 767 of 2,004
==268755==    at 0x4848899: malloc (in /usr/libexec/valgrind/vgpreload_memcheck-amd64-linux.so)
==268755==    by 0x560C185: OPENSSL_LH_insert (in /usr/lib/x86_64-linux-gnu/libcrypto.so.3)
==268755==    by 0x562D0AA: OBJ_NAME_add (in /usr/lib/x86_64-linux-gnu/libcrypto.so.3)
==268755==    by 0x55FF6E7: EVP_add_digest (in /usr/lib/x86_64-linux-gnu/libcrypto.so.3)
==268755==    by 0x561E0BC: ??? (in /usr/lib/x86_64-linux-gnu/libcrypto.so.3)
==268755==    by 0x522BEE7: __pthread_once_slow (pthread_once.c:116)
==268755==    by 0x5621C9C: CRYPTO_THREAD_run_once (in /usr/lib/x86_64-linux-gnu/libcrypto.so.3)
==268755==    by 0x561EA4C: OPENSSL_init_crypto (in /usr/lib/x86_64-linux-gnu/libcrypto.so.3)
==268755==    by 0x53EB9B6: OPENSSL_init_ssl (in /usr/lib/x86_64-linux-gnu/libssl.so.3)
==268755==    by 0x488FB29: mysql_server_init (in /usr/lib/x86_64-linux-gnu/libmysqlclient.so.21.2.42)
==268755==    by 0x1ED98C: cpp_dbc::MySQL::MySQLDriver::MySQLDriver() (driver_mysql.cpp:797)
==268755==    by 0x163CB6: decltype (::new ((void*)(0)) cpp_dbc::MySQL::MySQLDriver()) std::construct_at<cpp_dbc::MySQL::MySQLDriver>(cpp_dbc::MySQL::MySQLDriver*) (stl_construct.h:97)
==268755== 
==268755== 24 bytes in 1 blocks are still reachable in loss record 768 of 2,004
==268755==    at 0x4848899: malloc (in /usr/libexec/valgrind/vgpreload_memcheck-amd64-linux.so)
==268755==    by 0x562D068: OBJ_NAME_add (in /usr/lib/x86_64-linux-gnu/libcrypto.so.3)
==268755==    by 0x55FF716: EVP_add_digest (in /usr/lib/x86_64-linux-gnu/libcrypto.so.3)
==268755==    by 0x561E0BC: ??? (in /usr/lib/x86_64-linux-gnu/libcrypto.so.3)
==268755==    by 0x522BEE7: __pthread_once_slow (pthread_once.c:116)
==268755==    by 0x5621C9C: CRYPTO_THREAD_run_once (in /usr/lib/x86_64-linux-gnu/libcrypto.so.3)
==268755==    by 0x561EA4C: OPENSSL_init_crypto (in /usr/lib/x86_64-linux-gnu/libcrypto.so.3)
==268755==    by 0x53EB9B6: OPENSSL_init_ssl (in /usr/lib/x86_64-linux-gnu/libssl.so.3)
==268755==    by 0x488FB29: mysql_server_init (in /usr/lib/x86_64-linux-gnu/libmysqlclient.so.21.2.42)
==268755==    by 0x1ED98C: cpp_dbc::MySQL::MySQLDriver::MySQLDriver() (driver_mysql.cpp:797)
==268755==    by 0x163CB6: decltype (::new ((void*)(0)) cpp_dbc::MySQL::MySQLDriver()) std::construct_at<cpp_dbc::MySQL::MySQLDriver>(cpp_dbc::MySQL::MySQLDriver*) (stl_construct.h:97)
==268755==    by 0x163D03: void std::allocator_traits<std::allocator<cpp_dbc::MySQL::MySQLDriver> >::construct<cpp_dbc::MySQL::MySQLDriver>(std::allocator<cpp_dbc::MySQL::MySQLDriver>&, cpp_dbc::MySQL::MySQLDriver*) (alloc_traits.h:518)
==268755== 
==268755== 24 bytes in 1 blocks are still reachable in loss record 769 of 2,004
==268755==    at 0x4848899: malloc (in /usr/libexec/valgrind/vgpreload_memcheck-amd64-linux.so)
==268755==    by 0x562D068: OBJ_NAME_add (in /usr/lib/x86_64-linux-gnu/libcrypto.so.3)
==268755==    by 0x55FF73A: EVP_add_digest (in /usr/lib/x86_64-linux-gnu/libcrypto.so.3)
==268755==    by 0x561E0BC: ??? (in /usr/lib/x86_64-linux-gnu/libcrypto.so.3)
==268755==    by 0x522BEE7: __pthread_once_slow (pthread_once.c:116)
==268755==    by 0x5621C9C: CRYPTO_THREAD_run_once (in /usr/lib/x86_64-linux-gnu/libcrypto.so.3)
==268755==    by 0x561EA4C: OPENSSL_init_crypto (in /usr/lib/x86_64-linux-gnu/libcrypto.so.3)
==268755==    by 0x53EB9B6: OPENSSL_init_ssl (in /usr/lib/x86_64-linux-gnu/libssl.so.3)
==268755==    by 0x488FB29: mysql_server_init (in /usr/lib/x86_64-linux-gnu/libmysqlclient.so.21.2.42)
==268755==    by 0x1ED98C: cpp_dbc::MySQL::MySQLDriver::MySQLDriver() (driver_mysql.cpp:797)
==268755==    by 0x163CB6: decltype (::new ((void*)(0)) cpp_dbc::MySQL::MySQLDriver()) std::construct_at<cpp_dbc::MySQL::MySQLDriver>(cpp_dbc::MySQL::MySQLDriver*) (stl_construct.h:97)
==268755==    by 0x163D03: void std::allocator_traits<std::allocator<cpp_dbc::MySQL::MySQLDriver> >::construct<cpp_dbc::MySQL::MySQLDriver>(std::allocator<cpp_dbc::MySQL::MySQLDriver>&, cpp_dbc::MySQL::MySQLDriver*) (alloc_traits.h:518)
==268755== 
==268755== 24 bytes in 1 blocks are still reachable in loss record 770 of 2,004
==268755==    at 0x4848899: malloc (in /usr/libexec/valgrind/vgpreload_memcheck-amd64-linux.so)
==268755==    by 0x560C185: OPENSSL_LH_insert (in /usr/lib/x86_64-linux-gnu/libcrypto.so.3)
==268755==    by 0x562D0AA: OBJ_NAME_add (in /usr/lib/x86_64-linux-gnu/libcrypto.so.3)
==268755==    by 0x55FF73A: EVP_add_digest (in /usr/lib/x86_64-linux-gnu/libcrypto.so.3)
==268755==    by 0x561E0BC: ??? (in /usr/lib/x86_64-linux-gnu/libcrypto.so.3)
==268755==    by 0x522BEE7: __pthread_once_slow (pthread_once.c:116)
==268755==    by 0x5621C9C: CRYPTO_THREAD_run_once (in /usr/lib/x86_64-linux-gnu/libcrypto.so.3)
==268755==    by 0x561EA4C: OPENSSL_init_crypto (in /usr/lib/x86_64-linux-gnu/libcrypto.so.3)
==268755==    by 0x53EB9B6: OPENSSL_init_ssl (in /usr/lib/x86_64-linux-gnu/libssl.so.3)
==268755==    by 0x488FB29: mysql_server_init (in /usr/lib/x86_64-linux-gnu/libmysqlclient.so.21.2.42)
==268755==    by 0x1ED98C: cpp_dbc::MySQL::MySQLDriver::MySQLDriver() (driver_mysql.cpp:797)
==268755==    by 0x163CB6: decltype (::new ((void*)(0)) cpp_dbc::MySQL::MySQLDriver()) std::construct_at<cpp_dbc::MySQL::MySQLDriver>(cpp_dbc::MySQL::MySQLDriver*) (stl_construct.h:97)
==268755== 
==268755== 24 bytes in 1 blocks are still reachable in loss record 771 of 2,004
==268755==    at 0x4848899: malloc (in /usr/libexec/valgrind/vgpreload_memcheck-amd64-linux.so)
==268755==    by 0x562D068: OBJ_NAME_add (in /usr/lib/x86_64-linux-gnu/libcrypto.so.3)
==268755==    by 0x561E0BC: ??? (in /usr/lib/x86_64-linux-gnu/libcrypto.so.3)
==268755==    by 0x522BEE7: __pthread_once_slow (pthread_once.c:116)
==268755==    by 0x5621C9C: CRYPTO_THREAD_run_once (in /usr/lib/x86_64-linux-gnu/libcrypto.so.3)
==268755==    by 0x561EA4C: OPENSSL_init_crypto (in /usr/lib/x86_64-linux-gnu/libcrypto.so.3)
==268755==    by 0x53EB9B6: OPENSSL_init_ssl (in /usr/lib/x86_64-linux-gnu/libssl.so.3)
==268755==    by 0x488FB29: mysql_server_init (in /usr/lib/x86_64-linux-gnu/libmysqlclient.so.21.2.42)
==268755==    by 0x1ED98C: cpp_dbc::MySQL::MySQLDriver::MySQLDriver() (driver_mysql.cpp:797)
==268755==    by 0x163CB6: decltype (::new ((void*)(0)) cpp_dbc::MySQL::MySQLDriver()) std::construct_at<cpp_dbc::MySQL::MySQLDriver>(cpp_dbc::MySQL::MySQLDriver*) (stl_construct.h:97)
==268755==    by 0x163D03: void std::allocator_traits<std::allocator<cpp_dbc::MySQL::MySQLDriver> >::construct<cpp_dbc::MySQL::MySQLDriver>(std::allocator<cpp_dbc::MySQL::MySQLDriver>&, cpp_dbc::MySQL::MySQLDriver*) (alloc_traits.h:518)
==268755==    by 0x163861: std::_Sp_counted_ptr_inplace<cpp_dbc::MySQL::MySQLDriver, std::allocator<cpp_dbc::MySQL::MySQLDriver>, (__gnu_cxx::_Lock_policy)2>::_Sp_counted_ptr_inplace<>(std::allocator<cpp_dbc::MySQL::MySQLDriver>) (shared_ptr_base.h:519)
==268755== 
==268755== 24 bytes in 1 blocks are still reachable in loss record 772 of 2,004
==268755==    at 0x4848899: malloc (in /usr/libexec/valgrind/vgpreload_memcheck-amd64-linux.so)
==268755==    by 0x560C185: OPENSSL_LH_insert (in /usr/lib/x86_64-linux-gnu/libcrypto.so.3)
==268755==    by 0x562D0AA: OBJ_NAME_add (in /usr/lib/x86_64-linux-gnu/libcrypto.so.3)
==268755==    by 0x561E0BC: ??? (in /usr/lib/x86_64-linux-gnu/libcrypto.so.3)
==268755==    by 0x522BEE7: __pthread_once_slow (pthread_once.c:116)
==268755==    by 0x5621C9C: CRYPTO_THREAD_run_once (in /usr/lib/x86_64-linux-gnu/libcrypto.so.3)
==268755==    by 0x561EA4C: OPENSSL_init_crypto (in /usr/lib/x86_64-linux-gnu/libcrypto.so.3)
==268755==    by 0x53EB9B6: OPENSSL_init_ssl (in /usr/lib/x86_64-linux-gnu/libssl.so.3)
==268755==    by 0x488FB29: mysql_server_init (in /usr/lib/x86_64-linux-gnu/libmysqlclient.so.21.2.42)
==268755==    by 0x1ED98C: cpp_dbc::MySQL::MySQLDriver::MySQLDriver() (driver_mysql.cpp:797)
==268755==    by 0x163CB6: decltype (::new ((void*)(0)) cpp_dbc::MySQL::MySQLDriver()) std::construct_at<cpp_dbc::MySQL::MySQLDriver>(cpp_dbc::MySQL::MySQLDriver*) (stl_construct.h:97)
==268755==    by 0x163D03: void std::allocator_traits<std::allocator<cpp_dbc::MySQL::MySQLDriver> >::construct<cpp_dbc::MySQL::MySQLDriver>(std::allocator<cpp_dbc::MySQL::MySQLDriver>&, cpp_dbc::MySQL::MySQLDriver*) (alloc_traits.h:518)
==268755== 
==268755== 24 bytes in 1 blocks are still reachable in loss record 773 of 2,004
==268755==    at 0x4848899: malloc (in /usr/libexec/valgrind/vgpreload_memcheck-amd64-linux.so)
==268755==    by 0x560C185: OPENSSL_LH_insert (in /usr/lib/x86_64-linux-gnu/libcrypto.so.3)
==268755==    by 0x562D0AA: OBJ_NAME_add (in /usr/lib/x86_64-linux-gnu/libcrypto.so.3)
==268755==    by 0x55FF6E7: EVP_add_digest (in /usr/lib/x86_64-linux-gnu/libcrypto.so.3)
==268755==    by 0x561E0C9: ??? (in /usr/lib/x86_64-linux-gnu/libcrypto.so.3)
==268755==    by 0x522BEE7: __pthread_once_slow (pthread_once.c:116)
==268755==    by 0x5621C9C: CRYPTO_THREAD_run_once (in /usr/lib/x86_64-linux-gnu/libcrypto.so.3)
==268755==    by 0x561EA4C: OPENSSL_init_crypto (in /usr/lib/x86_64-linux-gnu/libcrypto.so.3)
==268755==    by 0x53EB9B6: OPENSSL_init_ssl (in /usr/lib/x86_64-linux-gnu/libssl.so.3)
==268755==    by 0x488FB29: mysql_server_init (in /usr/lib/x86_64-linux-gnu/libmysqlclient.so.21.2.42)
==268755==    by 0x1ED98C: cpp_dbc::MySQL::MySQLDriver::MySQLDriver() (driver_mysql.cpp:797)
==268755==    by 0x163CB6: decltype (::new ((void*)(0)) cpp_dbc::MySQL::MySQLDriver()) std::construct_at<cpp_dbc::MySQL::MySQLDriver>(cpp_dbc::MySQL::MySQLDriver*) (stl_construct.h:97)
==268755== 
==268755== 24 bytes in 1 blocks are still reachable in loss record 774 of 2,004
==268755==    at 0x4848899: malloc (in /usr/libexec/valgrind/vgpreload_memcheck-amd64-linux.so)
==268755==    by 0x562D068: OBJ_NAME_add (in /usr/lib/x86_64-linux-gnu/libcrypto.so.3)
==268755==    by 0x55FF716: EVP_add_digest (in /usr/lib/x86_64-linux-gnu/libcrypto.so.3)
==268755==    by 0x561E0C9: ??? (in /usr/lib/x86_64-linux-gnu/libcrypto.so.3)
==268755==    by 0x522BEE7: __pthread_once_slow (pthread_once.c:116)
==268755==    by 0x5621C9C: CRYPTO_THREAD_run_once (in /usr/lib/x86_64-linux-gnu/libcrypto.so.3)
==268755==    by 0x561EA4C: OPENSSL_init_crypto (in /usr/lib/x86_64-linux-gnu/libcrypto.so.3)
==268755==    by 0x53EB9B6: OPENSSL_init_ssl (in /usr/lib/x86_64-linux-gnu/libssl.so.3)
==268755==    by 0x488FB29: mysql_server_init (in /usr/lib/x86_64-linux-gnu/libmysqlclient.so.21.2.42)
==268755==    by 0x1ED98C: cpp_dbc::MySQL::MySQLDriver::MySQLDriver() (driver_mysql.cpp:797)
==268755==    by 0x163CB6: decltype (::new ((void*)(0)) cpp_dbc::MySQL::MySQLDriver()) std::construct_at<cpp_dbc::MySQL::MySQLDriver>(cpp_dbc::MySQL::MySQLDriver*) (stl_construct.h:97)
==268755==    by 0x163D03: void std::allocator_traits<std::allocator<cpp_dbc::MySQL::MySQLDriver> >::construct<cpp_dbc::MySQL::MySQLDriver>(std::allocator<cpp_dbc::MySQL::MySQLDriver>&, cpp_dbc::MySQL::MySQLDriver*) (alloc_traits.h:518)
==268755== 
==268755== 24 bytes in 1 blocks are still reachable in loss record 775 of 2,004
==268755==    at 0x4848899: malloc (in /usr/libexec/valgrind/vgpreload_memcheck-amd64-linux.so)
==268755==    by 0x562D068: OBJ_NAME_add (in /usr/lib/x86_64-linux-gnu/libcrypto.so.3)
==268755==    by 0x55FF73A: EVP_add_digest (in /usr/lib/x86_64-linux-gnu/libcrypto.so.3)
==268755==    by 0x561E0C9: ??? (in /usr/lib/x86_64-linux-gnu/libcrypto.so.3)
==268755==    by 0x522BEE7: __pthread_once_slow (pthread_once.c:116)
==268755==    by 0x5621C9C: CRYPTO_THREAD_run_once (in /usr/lib/x86_64-linux-gnu/libcrypto.so.3)
==268755==    by 0x561EA4C: OPENSSL_init_crypto (in /usr/lib/x86_64-linux-gnu/libcrypto.so.3)
==268755==    by 0x53EB9B6: OPENSSL_init_ssl (in /usr/lib/x86_64-linux-gnu/libssl.so.3)
==268755==    by 0x488FB29: mysql_server_init (in /usr/lib/x86_64-linux-gnu/libmysqlclient.so.21.2.42)
==268755==    by 0x1ED98C: cpp_dbc::MySQL::MySQLDriver::MySQLDriver() (driver_mysql.cpp:797)
==268755==    by 0x163CB6: decltype (::new ((void*)(0)) cpp_dbc::MySQL::MySQLDriver()) std::construct_at<cpp_dbc::MySQL::MySQLDriver>(cpp_dbc::MySQL::MySQLDriver*) (stl_construct.h:97)
==268755==    by 0x163D03: void std::allocator_traits<std::allocator<cpp_dbc::MySQL::MySQLDriver> >::construct<cpp_dbc::MySQL::MySQLDriver>(std::allocator<cpp_dbc::MySQL::MySQLDriver>&, cpp_dbc::MySQL::MySQLDriver*) (alloc_traits.h:518)
==268755== 
==268755== 24 bytes in 1 blocks are still reachable in loss record 776 of 2,004
==268755==    at 0x4848899: malloc (in /usr/libexec/valgrind/vgpreload_memcheck-amd64-linux.so)
==268755==    by 0x560C185: OPENSSL_LH_insert (in /usr/lib/x86_64-linux-gnu/libcrypto.so.3)
==268755==    by 0x562D0AA: OBJ_NAME_add (in /usr/lib/x86_64-linux-gnu/libcrypto.so.3)
==268755==    by 0x55FF73A: EVP_add_digest (in /usr/lib/x86_64-linux-gnu/libcrypto.so.3)
==268755==    by 0x561E0C9: ??? (in /usr/lib/x86_64-linux-gnu/libcrypto.so.3)
==268755==    by 0x522BEE7: __pthread_once_slow (pthread_once.c:116)
==268755==    by 0x5621C9C: CRYPTO_THREAD_run_once (in /usr/lib/x86_64-linux-gnu/libcrypto.so.3)
==268755==    by 0x561EA4C: OPENSSL_init_crypto (in /usr/lib/x86_64-linux-gnu/libcrypto.so.3)
==268755==    by 0x53EB9B6: OPENSSL_init_ssl (in /usr/lib/x86_64-linux-gnu/libssl.so.3)
==268755==    by 0x488FB29: mysql_server_init (in /usr/lib/x86_64-linux-gnu/libmysqlclient.so.21.2.42)
==268755==    by 0x1ED98C: cpp_dbc::MySQL::MySQLDriver::MySQLDriver() (driver_mysql.cpp:797)
==268755==    by 0x163CB6: decltype (::new ((void*)(0)) cpp_dbc::MySQL::MySQLDriver()) std::construct_at<cpp_dbc::MySQL::MySQLDriver>(cpp_dbc::MySQL::MySQLDriver*) (stl_construct.h:97)
==268755== 
==268755== 24 bytes in 1 blocks are still reachable in loss record 777 of 2,004
==268755==    at 0x4848899: malloc (in /usr/libexec/valgrind/vgpreload_memcheck-amd64-linux.so)
==268755==    by 0x562D068: OBJ_NAME_add (in /usr/lib/x86_64-linux-gnu/libcrypto.so.3)
==268755==    by 0x561E0C9: ??? (in /usr/lib/x86_64-linux-gnu/libcrypto.so.3)
==268755==    by 0x522BEE7: __pthread_once_slow (pthread_once.c:116)
==268755==    by 0x5621C9C: CRYPTO_THREAD_run_once (in /usr/lib/x86_64-linux-gnu/libcrypto.so.3)
==268755==    by 0x561EA4C: OPENSSL_init_crypto (in /usr/lib/x86_64-linux-gnu/libcrypto.so.3)
==268755==    by 0x53EB9B6: OPENSSL_init_ssl (in /usr/lib/x86_64-linux-gnu/libssl.so.3)
==268755==    by 0x488FB29: mysql_server_init (in /usr/lib/x86_64-linux-gnu/libmysqlclient.so.21.2.42)
==268755==    by 0x1ED98C: cpp_dbc::MySQL::MySQLDriver::MySQLDriver() (driver_mysql.cpp:797)
==268755==    by 0x163CB6: decltype (::new ((void*)(0)) cpp_dbc::MySQL::MySQLDriver()) std::construct_at<cpp_dbc::MySQL::MySQLDriver>(cpp_dbc::MySQL::MySQLDriver*) (stl_construct.h:97)
==268755==    by 0x163D03: void std::allocator_traits<std::allocator<cpp_dbc::MySQL::MySQLDriver> >::construct<cpp_dbc::MySQL::MySQLDriver>(std::allocator<cpp_dbc::MySQL::MySQLDriver>&, cpp_dbc::MySQL::MySQLDriver*) (alloc_traits.h:518)
==268755==    by 0x163861: std::_Sp_counted_ptr_inplace<cpp_dbc::MySQL::MySQLDriver, std::allocator<cpp_dbc::MySQL::MySQLDriver>, (__gnu_cxx::_Lock_policy)2>::_Sp_counted_ptr_inplace<>(std::allocator<cpp_dbc::MySQL::MySQLDriver>) (shared_ptr_base.h:519)
==268755== 
==268755== 24 bytes in 1 blocks are still reachable in loss record 778 of 2,004
==268755==    at 0x4848899: malloc (in /usr/libexec/valgrind/vgpreload_memcheck-amd64-linux.so)
==268755==    by 0x560C185: OPENSSL_LH_insert (in /usr/lib/x86_64-linux-gnu/libcrypto.so.3)
==268755==    by 0x562D0AA: OBJ_NAME_add (in /usr/lib/x86_64-linux-gnu/libcrypto.so.3)
==268755==    by 0x561E0C9: ??? (in /usr/lib/x86_64-linux-gnu/libcrypto.so.3)
==268755==    by 0x522BEE7: __pthread_once_slow (pthread_once.c:116)
==268755==    by 0x5621C9C: CRYPTO_THREAD_run_once (in /usr/lib/x86_64-linux-gnu/libcrypto.so.3)
==268755==    by 0x561EA4C: OPENSSL_init_crypto (in /usr/lib/x86_64-linux-gnu/libcrypto.so.3)
==268755==    by 0x53EB9B6: OPENSSL_init_ssl (in /usr/lib/x86_64-linux-gnu/libssl.so.3)
==268755==    by 0x488FB29: mysql_server_init (in /usr/lib/x86_64-linux-gnu/libmysqlclient.so.21.2.42)
==268755==    by 0x1ED98C: cpp_dbc::MySQL::MySQLDriver::MySQLDriver() (driver_mysql.cpp:797)
==268755==    by 0x163CB6: decltype (::new ((void*)(0)) cpp_dbc::MySQL::MySQLDriver()) std::construct_at<cpp_dbc::MySQL::MySQLDriver>(cpp_dbc::MySQL::MySQLDriver*) (stl_construct.h:97)
==268755==    by 0x163D03: void std::allocator_traits<std::allocator<cpp_dbc::MySQL::MySQLDriver> >::construct<cpp_dbc::MySQL::MySQLDriver>(std::allocator<cpp_dbc::MySQL::MySQLDriver>&, cpp_dbc::MySQL::MySQLDriver*) (alloc_traits.h:518)
==268755== 
==268755== 24 bytes in 1 blocks are still reachable in loss record 779 of 2,004
==268755==    at 0x4848899: malloc (in /usr/libexec/valgrind/vgpreload_memcheck-amd64-linux.so)
==268755==    by 0x560C185: OPENSSL_LH_insert (in /usr/lib/x86_64-linux-gnu/libcrypto.so.3)
==268755==    by 0x562D0AA: OBJ_NAME_add (in /usr/lib/x86_64-linux-gnu/libcrypto.so.3)
==268755==    by 0x55FF6E7: EVP_add_digest (in /usr/lib/x86_64-linux-gnu/libcrypto.so.3)
==268755==    by 0x561E0D6: ??? (in /usr/lib/x86_64-linux-gnu/libcrypto.so.3)
==268755==    by 0x522BEE7: __pthread_once_slow (pthread_once.c:116)
==268755==    by 0x5621C9C: CRYPTO_THREAD_run_once (in /usr/lib/x86_64-linux-gnu/libcrypto.so.3)
==268755==    by 0x561EA4C: OPENSSL_init_crypto (in /usr/lib/x86_64-linux-gnu/libcrypto.so.3)
==268755==    by 0x53EB9B6: OPENSSL_init_ssl (in /usr/lib/x86_64-linux-gnu/libssl.so.3)
==268755==    by 0x488FB29: mysql_server_init (in /usr/lib/x86_64-linux-gnu/libmysqlclient.so.21.2.42)
==268755==    by 0x1ED98C: cpp_dbc::MySQL::MySQLDriver::MySQLDriver() (driver_mysql.cpp:797)
==268755==    by 0x163CB6: decltype (::new ((void*)(0)) cpp_dbc::MySQL::MySQLDriver()) std::construct_at<cpp_dbc::MySQL::MySQLDriver>(cpp_dbc::MySQL::MySQLDriver*) (stl_construct.h:97)
==268755== 
==268755== 24 bytes in 1 blocks are still reachable in loss record 780 of 2,004
==268755==    at 0x4848899: malloc (in /usr/libexec/valgrind/vgpreload_memcheck-amd64-linux.so)
==268755==    by 0x562D068: OBJ_NAME_add (in /usr/lib/x86_64-linux-gnu/libcrypto.so.3)
==268755==    by 0x55FF716: EVP_add_digest (in /usr/lib/x86_64-linux-gnu/libcrypto.so.3)
==268755==    by 0x561E0D6: ??? (in /usr/lib/x86_64-linux-gnu/libcrypto.so.3)
==268755==    by 0x522BEE7: __pthread_once_slow (pthread_once.c:116)
==268755==    by 0x5621C9C: CRYPTO_THREAD_run_once (in /usr/lib/x86_64-linux-gnu/libcrypto.so.3)
==268755==    by 0x561EA4C: OPENSSL_init_crypto (in /usr/lib/x86_64-linux-gnu/libcrypto.so.3)
==268755==    by 0x53EB9B6: OPENSSL_init_ssl (in /usr/lib/x86_64-linux-gnu/libssl.so.3)
==268755==    by 0x488FB29: mysql_server_init (in /usr/lib/x86_64-linux-gnu/libmysqlclient.so.21.2.42)
==268755==    by 0x1ED98C: cpp_dbc::MySQL::MySQLDriver::MySQLDriver() (driver_mysql.cpp:797)
==268755==    by 0x163CB6: decltype (::new ((void*)(0)) cpp_dbc::MySQL::MySQLDriver()) std::construct_at<cpp_dbc::MySQL::MySQLDriver>(cpp_dbc::MySQL::MySQLDriver*) (stl_construct.h:97)
==268755==    by 0x163D03: void std::allocator_traits<std::allocator<cpp_dbc::MySQL::MySQLDriver> >::construct<cpp_dbc::MySQL::MySQLDriver>(std::allocator<cpp_dbc::MySQL::MySQLDriver>&, cpp_dbc::MySQL::MySQLDriver*) (alloc_traits.h:518)
==268755== 
==268755== 24 bytes in 1 blocks are still reachable in loss record 781 of 2,004
==268755==    at 0x4848899: malloc (in /usr/libexec/valgrind/vgpreload_memcheck-amd64-linux.so)
==268755==    by 0x562D068: OBJ_NAME_add (in /usr/lib/x86_64-linux-gnu/libcrypto.so.3)
==268755==    by 0x55FF73A: EVP_add_digest (in /usr/lib/x86_64-linux-gnu/libcrypto.so.3)
==268755==    by 0x561E0D6: ??? (in /usr/lib/x86_64-linux-gnu/libcrypto.so.3)
==268755==    by 0x522BEE7: __pthread_once_slow (pthread_once.c:116)
==268755==    by 0x5621C9C: CRYPTO_THREAD_run_once (in /usr/lib/x86_64-linux-gnu/libcrypto.so.3)
==268755==    by 0x561EA4C: OPENSSL_init_crypto (in /usr/lib/x86_64-linux-gnu/libcrypto.so.3)
==268755==    by 0x53EB9B6: OPENSSL_init_ssl (in /usr/lib/x86_64-linux-gnu/libssl.so.3)
==268755==    by 0x488FB29: mysql_server_init (in /usr/lib/x86_64-linux-gnu/libmysqlclient.so.21.2.42)
==268755==    by 0x1ED98C: cpp_dbc::MySQL::MySQLDriver::MySQLDriver() (driver_mysql.cpp:797)
==268755==    by 0x163CB6: decltype (::new ((void*)(0)) cpp_dbc::MySQL::MySQLDriver()) std::construct_at<cpp_dbc::MySQL::MySQLDriver>(cpp_dbc::MySQL::MySQLDriver*) (stl_construct.h:97)
==268755==    by 0x163D03: void std::allocator_traits<std::allocator<cpp_dbc::MySQL::MySQLDriver> >::construct<cpp_dbc::MySQL::MySQLDriver>(std::allocator<cpp_dbc::MySQL::MySQLDriver>&, cpp_dbc::MySQL::MySQLDriver*) (alloc_traits.h:518)
==268755== 
==268755== 24 bytes in 1 blocks are still reachable in loss record 782 of 2,004
==268755==    at 0x4848899: malloc (in /usr/libexec/valgrind/vgpreload_memcheck-amd64-linux.so)
==268755==    by 0x560C185: OPENSSL_LH_insert (in /usr/lib/x86_64-linux-gnu/libcrypto.so.3)
==268755==    by 0x562D0AA: OBJ_NAME_add (in /usr/lib/x86_64-linux-gnu/libcrypto.so.3)
==268755==    by 0x55FF73A: EVP_add_digest (in /usr/lib/x86_64-linux-gnu/libcrypto.so.3)
==268755==    by 0x561E0D6: ??? (in /usr/lib/x86_64-linux-gnu/libcrypto.so.3)
==268755==    by 0x522BEE7: __pthread_once_slow (pthread_once.c:116)
==268755==    by 0x5621C9C: CRYPTO_THREAD_run_once (in /usr/lib/x86_64-linux-gnu/libcrypto.so.3)
==268755==    by 0x561EA4C: OPENSSL_init_crypto (in /usr/lib/x86_64-linux-gnu/libcrypto.so.3)
==268755==    by 0x53EB9B6: OPENSSL_init_ssl (in /usr/lib/x86_64-linux-gnu/libssl.so.3)
==268755==    by 0x488FB29: mysql_server_init (in /usr/lib/x86_64-linux-gnu/libmysqlclient.so.21.2.42)
==268755==    by 0x1ED98C: cpp_dbc::MySQL::MySQLDriver::MySQLDriver() (driver_mysql.cpp:797)
==268755==    by 0x163CB6: decltype (::new ((void*)(0)) cpp_dbc::MySQL::MySQLDriver()) std::construct_at<cpp_dbc::MySQL::MySQLDriver>(cpp_dbc::MySQL::MySQLDriver*) (stl_construct.h:97)
==268755== 
==268755== 24 bytes in 1 blocks are still reachable in loss record 783 of 2,004
==268755==    at 0x4848899: malloc (in /usr/libexec/valgrind/vgpreload_memcheck-amd64-linux.so)
==268755==    by 0x562D068: OBJ_NAME_add (in /usr/lib/x86_64-linux-gnu/libcrypto.so.3)
==268755==    by 0x561E0D6: ??? (in /usr/lib/x86_64-linux-gnu/libcrypto.so.3)
==268755==    by 0x522BEE7: __pthread_once_slow (pthread_once.c:116)
==268755==    by 0x5621C9C: CRYPTO_THREAD_run_once (in /usr/lib/x86_64-linux-gnu/libcrypto.so.3)
==268755==    by 0x561EA4C: OPENSSL_init_crypto (in /usr/lib/x86_64-linux-gnu/libcrypto.so.3)
==268755==    by 0x53EB9B6: OPENSSL_init_ssl (in /usr/lib/x86_64-linux-gnu/libssl.so.3)
==268755==    by 0x488FB29: mysql_server_init (in /usr/lib/x86_64-linux-gnu/libmysqlclient.so.21.2.42)
==268755==    by 0x1ED98C: cpp_dbc::MySQL::MySQLDriver::MySQLDriver() (driver_mysql.cpp:797)
==268755==    by 0x163CB6: decltype (::new ((void*)(0)) cpp_dbc::MySQL::MySQLDriver()) std::construct_at<cpp_dbc::MySQL::MySQLDriver>(cpp_dbc::MySQL::MySQLDriver*) (stl_construct.h:97)
==268755==    by 0x163D03: void std::allocator_traits<std::allocator<cpp_dbc::MySQL::MySQLDriver> >::construct<cpp_dbc::MySQL::MySQLDriver>(std::allocator<cpp_dbc::MySQL::MySQLDriver>&, cpp_dbc::MySQL::MySQLDriver*) (alloc_traits.h:518)
==268755==    by 0x163861: std::_Sp_counted_ptr_inplace<cpp_dbc::MySQL::MySQLDriver, std::allocator<cpp_dbc::MySQL::MySQLDriver>, (__gnu_cxx::_Lock_policy)2>::_Sp_counted_ptr_inplace<>(std::allocator<cpp_dbc::MySQL::MySQLDriver>) (shared_ptr_base.h:519)
==268755== 
==268755== 24 bytes in 1 blocks are still reachable in loss record 784 of 2,004
==268755==    at 0x4848899: malloc (in /usr/libexec/valgrind/vgpreload_memcheck-amd64-linux.so)
==268755==    by 0x560C185: OPENSSL_LH_insert (in /usr/lib/x86_64-linux-gnu/libcrypto.so.3)
==268755==    by 0x562D0AA: OBJ_NAME_add (in /usr/lib/x86_64-linux-gnu/libcrypto.so.3)
==268755==    by 0x561E0D6: ??? (in /usr/lib/x86_64-linux-gnu/libcrypto.so.3)
==268755==    by 0x522BEE7: __pthread_once_slow (pthread_once.c:116)
==268755==    by 0x5621C9C: CRYPTO_THREAD_run_once (in /usr/lib/x86_64-linux-gnu/libcrypto.so.3)
==268755==    by 0x561EA4C: OPENSSL_init_crypto (in /usr/lib/x86_64-linux-gnu/libcrypto.so.3)
==268755==    by 0x53EB9B6: OPENSSL_init_ssl (in /usr/lib/x86_64-linux-gnu/libssl.so.3)
==268755==    by 0x488FB29: mysql_server_init (in /usr/lib/x86_64-linux-gnu/libmysqlclient.so.21.2.42)
==268755==    by 0x1ED98C: cpp_dbc::MySQL::MySQLDriver::MySQLDriver() (driver_mysql.cpp:797)
==268755==    by 0x163CB6: decltype (::new ((void*)(0)) cpp_dbc::MySQL::MySQLDriver()) std::construct_at<cpp_dbc::MySQL::MySQLDriver>(cpp_dbc::MySQL::MySQLDriver*) (stl_construct.h:97)
==268755==    by 0x163D03: void std::allocator_traits<std::allocator<cpp_dbc::MySQL::MySQLDriver> >::construct<cpp_dbc::MySQL::MySQLDriver>(std::allocator<cpp_dbc::MySQL::MySQLDriver>&, cpp_dbc::MySQL::MySQLDriver*) (alloc_traits.h:518)
==268755== 
==268755== 24 bytes in 1 blocks are still reachable in loss record 785 of 2,004
==268755==    at 0x4848899: malloc (in /usr/libexec/valgrind/vgpreload_memcheck-amd64-linux.so)
==268755==    by 0x560C185: OPENSSL_LH_insert (in /usr/lib/x86_64-linux-gnu/libcrypto.so.3)
==268755==    by 0x562D0AA: OBJ_NAME_add (in /usr/lib/x86_64-linux-gnu/libcrypto.so.3)
==268755==    by 0x55FF6E7: EVP_add_digest (in /usr/lib/x86_64-linux-gnu/libcrypto.so.3)
==268755==    by 0x561E0E3: ??? (in /usr/lib/x86_64-linux-gnu/libcrypto.so.3)
==268755==    by 0x522BEE7: __pthread_once_slow (pthread_once.c:116)
==268755==    by 0x5621C9C: CRYPTO_THREAD_run_once (in /usr/lib/x86_64-linux-gnu/libcrypto.so.3)
==268755==    by 0x561EA4C: OPENSSL_init_crypto (in /usr/lib/x86_64-linux-gnu/libcrypto.so.3)
==268755==    by 0x53EB9B6: OPENSSL_init_ssl (in /usr/lib/x86_64-linux-gnu/libssl.so.3)
==268755==    by 0x488FB29: mysql_server_init (in /usr/lib/x86_64-linux-gnu/libmysqlclient.so.21.2.42)
==268755==    by 0x1ED98C: cpp_dbc::MySQL::MySQLDriver::MySQLDriver() (driver_mysql.cpp:797)
==268755==    by 0x163CB6: decltype (::new ((void*)(0)) cpp_dbc::MySQL::MySQLDriver()) std::construct_at<cpp_dbc::MySQL::MySQLDriver>(cpp_dbc::MySQL::MySQLDriver*) (stl_construct.h:97)
==268755== 
==268755== 24 bytes in 1 blocks are still reachable in loss record 786 of 2,004
==268755==    at 0x4848899: malloc (in /usr/libexec/valgrind/vgpreload_memcheck-amd64-linux.so)
==268755==    by 0x562D068: OBJ_NAME_add (in /usr/lib/x86_64-linux-gnu/libcrypto.so.3)
==268755==    by 0x55FF716: EVP_add_digest (in /usr/lib/x86_64-linux-gnu/libcrypto.so.3)
==268755==    by 0x561E0E3: ??? (in /usr/lib/x86_64-linux-gnu/libcrypto.so.3)
==268755==    by 0x522BEE7: __pthread_once_slow (pthread_once.c:116)
==268755==    by 0x5621C9C: CRYPTO_THREAD_run_once (in /usr/lib/x86_64-linux-gnu/libcrypto.so.3)
==268755==    by 0x561EA4C: OPENSSL_init_crypto (in /usr/lib/x86_64-linux-gnu/libcrypto.so.3)
==268755==    by 0x53EB9B6: OPENSSL_init_ssl (in /usr/lib/x86_64-linux-gnu/libssl.so.3)
==268755==    by 0x488FB29: mysql_server_init (in /usr/lib/x86_64-linux-gnu/libmysqlclient.so.21.2.42)
==268755==    by 0x1ED98C: cpp_dbc::MySQL::MySQLDriver::MySQLDriver() (driver_mysql.cpp:797)
==268755==    by 0x163CB6: decltype (::new ((void*)(0)) cpp_dbc::MySQL::MySQLDriver()) std::construct_at<cpp_dbc::MySQL::MySQLDriver>(cpp_dbc::MySQL::MySQLDriver*) (stl_construct.h:97)
==268755==    by 0x163D03: void std::allocator_traits<std::allocator<cpp_dbc::MySQL::MySQLDriver> >::construct<cpp_dbc::MySQL::MySQLDriver>(std::allocator<cpp_dbc::MySQL::MySQLDriver>&, cpp_dbc::MySQL::MySQLDriver*) (alloc_traits.h:518)
==268755== 
==268755== 24 bytes in 1 blocks are still reachable in loss record 787 of 2,004
==268755==    at 0x4848899: malloc (in /usr/libexec/valgrind/vgpreload_memcheck-amd64-linux.so)
==268755==    by 0x562D068: OBJ_NAME_add (in /usr/lib/x86_64-linux-gnu/libcrypto.so.3)
==268755==    by 0x55FF73A: EVP_add_digest (in /usr/lib/x86_64-linux-gnu/libcrypto.so.3)
==268755==    by 0x561E0E3: ??? (in /usr/lib/x86_64-linux-gnu/libcrypto.so.3)
==268755==    by 0x522BEE7: __pthread_once_slow (pthread_once.c:116)
==268755==    by 0x5621C9C: CRYPTO_THREAD_run_once (in /usr/lib/x86_64-linux-gnu/libcrypto.so.3)
==268755==    by 0x561EA4C: OPENSSL_init_crypto (in /usr/lib/x86_64-linux-gnu/libcrypto.so.3)
==268755==    by 0x53EB9B6: OPENSSL_init_ssl (in /usr/lib/x86_64-linux-gnu/libssl.so.3)
==268755==    by 0x488FB29: mysql_server_init (in /usr/lib/x86_64-linux-gnu/libmysqlclient.so.21.2.42)
==268755==    by 0x1ED98C: cpp_dbc::MySQL::MySQLDriver::MySQLDriver() (driver_mysql.cpp:797)
==268755==    by 0x163CB6: decltype (::new ((void*)(0)) cpp_dbc::MySQL::MySQLDriver()) std::construct_at<cpp_dbc::MySQL::MySQLDriver>(cpp_dbc::MySQL::MySQLDriver*) (stl_construct.h:97)
==268755==    by 0x163D03: void std::allocator_traits<std::allocator<cpp_dbc::MySQL::MySQLDriver> >::construct<cpp_dbc::MySQL::MySQLDriver>(std::allocator<cpp_dbc::MySQL::MySQLDriver>&, cpp_dbc::MySQL::MySQLDriver*) (alloc_traits.h:518)
==268755== 
==268755== 24 bytes in 1 blocks are still reachable in loss record 788 of 2,004
==268755==    at 0x4848899: malloc (in /usr/libexec/valgrind/vgpreload_memcheck-amd64-linux.so)
==268755==    by 0x560C185: OPENSSL_LH_insert (in /usr/lib/x86_64-linux-gnu/libcrypto.so.3)
==268755==    by 0x562D0AA: OBJ_NAME_add (in /usr/lib/x86_64-linux-gnu/libcrypto.so.3)
==268755==    by 0x55FF73A: EVP_add_digest (in /usr/lib/x86_64-linux-gnu/libcrypto.so.3)
==268755==    by 0x561E0E3: ??? (in /usr/lib/x86_64-linux-gnu/libcrypto.so.3)
==268755==    by 0x522BEE7: __pthread_once_slow (pthread_once.c:116)
==268755==    by 0x5621C9C: CRYPTO_THREAD_run_once (in /usr/lib/x86_64-linux-gnu/libcrypto.so.3)
==268755==    by 0x561EA4C: OPENSSL_init_crypto (in /usr/lib/x86_64-linux-gnu/libcrypto.so.3)
==268755==    by 0x53EB9B6: OPENSSL_init_ssl (in /usr/lib/x86_64-linux-gnu/libssl.so.3)
==268755==    by 0x488FB29: mysql_server_init (in /usr/lib/x86_64-linux-gnu/libmysqlclient.so.21.2.42)
==268755==    by 0x1ED98C: cpp_dbc::MySQL::MySQLDriver::MySQLDriver() (driver_mysql.cpp:797)
==268755==    by 0x163CB6: decltype (::new ((void*)(0)) cpp_dbc::MySQL::MySQLDriver()) std::construct_at<cpp_dbc::MySQL::MySQLDriver>(cpp_dbc::MySQL::MySQLDriver*) (stl_construct.h:97)
==268755== 
==268755== 24 bytes in 1 blocks are still reachable in loss record 789 of 2,004
==268755==    at 0x4848899: malloc (in /usr/libexec/valgrind/vgpreload_memcheck-amd64-linux.so)
==268755==    by 0x562D068: OBJ_NAME_add (in /usr/lib/x86_64-linux-gnu/libcrypto.so.3)
==268755==    by 0x561E0E3: ??? (in /usr/lib/x86_64-linux-gnu/libcrypto.so.3)
==268755==    by 0x522BEE7: __pthread_once_slow (pthread_once.c:116)
==268755==    by 0x5621C9C: CRYPTO_THREAD_run_once (in /usr/lib/x86_64-linux-gnu/libcrypto.so.3)
==268755==    by 0x561EA4C: OPENSSL_init_crypto (in /usr/lib/x86_64-linux-gnu/libcrypto.so.3)
==268755==    by 0x53EB9B6: OPENSSL_init_ssl (in /usr/lib/x86_64-linux-gnu/libssl.so.3)
==268755==    by 0x488FB29: mysql_server_init (in /usr/lib/x86_64-linux-gnu/libmysqlclient.so.21.2.42)
==268755==    by 0x1ED98C: cpp_dbc::MySQL::MySQLDriver::MySQLDriver() (driver_mysql.cpp:797)
==268755==    by 0x163CB6: decltype (::new ((void*)(0)) cpp_dbc::MySQL::MySQLDriver()) std::construct_at<cpp_dbc::MySQL::MySQLDriver>(cpp_dbc::MySQL::MySQLDriver*) (stl_construct.h:97)
==268755==    by 0x163D03: void std::allocator_traits<std::allocator<cpp_dbc::MySQL::MySQLDriver> >::construct<cpp_dbc::MySQL::MySQLDriver>(std::allocator<cpp_dbc::MySQL::MySQLDriver>&, cpp_dbc::MySQL::MySQLDriver*) (alloc_traits.h:518)
==268755==    by 0x163861: std::_Sp_counted_ptr_inplace<cpp_dbc::MySQL::MySQLDriver, std::allocator<cpp_dbc::MySQL::MySQLDriver>, (__gnu_cxx::_Lock_policy)2>::_Sp_counted_ptr_inplace<>(std::allocator<cpp_dbc::MySQL::MySQLDriver>) (shared_ptr_base.h:519)
==268755== 
==268755== 24 bytes in 1 blocks are still reachable in loss record 790 of 2,004
==268755==    at 0x4848899: malloc (in /usr/libexec/valgrind/vgpreload_memcheck-amd64-linux.so)
==268755==    by 0x560C185: OPENSSL_LH_insert (in /usr/lib/x86_64-linux-gnu/libcrypto.so.3)
==268755==    by 0x562D0AA: OBJ_NAME_add (in /usr/lib/x86_64-linux-gnu/libcrypto.so.3)
==268755==    by 0x561E0E3: ??? (in /usr/lib/x86_64-linux-gnu/libcrypto.so.3)
==268755==    by 0x522BEE7: __pthread_once_slow (pthread_once.c:116)
==268755==    by 0x5621C9C: CRYPTO_THREAD_run_once (in /usr/lib/x86_64-linux-gnu/libcrypto.so.3)
==268755==    by 0x561EA4C: OPENSSL_init_crypto (in /usr/lib/x86_64-linux-gnu/libcrypto.so.3)
==268755==    by 0x53EB9B6: OPENSSL_init_ssl (in /usr/lib/x86_64-linux-gnu/libssl.so.3)
==268755==    by 0x488FB29: mysql_server_init (in /usr/lib/x86_64-linux-gnu/libmysqlclient.so.21.2.42)
==268755==    by 0x1ED98C: cpp_dbc::MySQL::MySQLDriver::MySQLDriver() (driver_mysql.cpp:797)
==268755==    by 0x163CB6: decltype (::new ((void*)(0)) cpp_dbc::MySQL::MySQLDriver()) std::construct_at<cpp_dbc::MySQL::MySQLDriver>(cpp_dbc::MySQL::MySQLDriver*) (stl_construct.h:97)
==268755==    by 0x163D03: void std::allocator_traits<std::allocator<cpp_dbc::MySQL::MySQLDriver> >::construct<cpp_dbc::MySQL::MySQLDriver>(std::allocator<cpp_dbc::MySQL::MySQLDriver>&, cpp_dbc::MySQL::MySQLDriver*) (alloc_traits.h:518)
==268755== 
==268755== 24 bytes in 1 blocks are still reachable in loss record 791 of 2,004
==268755==    at 0x4848899: malloc (in /usr/libexec/valgrind/vgpreload_memcheck-amd64-linux.so)
==268755==    by 0x560C185: OPENSSL_LH_insert (in /usr/lib/x86_64-linux-gnu/libcrypto.so.3)
==268755==    by 0x562D0AA: OBJ_NAME_add (in /usr/lib/x86_64-linux-gnu/libcrypto.so.3)
==268755==    by 0x55FF6E7: EVP_add_digest (in /usr/lib/x86_64-linux-gnu/libcrypto.so.3)
==268755==    by 0x561E0F0: ??? (in /usr/lib/x86_64-linux-gnu/libcrypto.so.3)
==268755==    by 0x522BEE7: __pthread_once_slow (pthread_once.c:116)
==268755==    by 0x5621C9C: CRYPTO_THREAD_run_once (in /usr/lib/x86_64-linux-gnu/libcrypto.so.3)
==268755==    by 0x561EA4C: OPENSSL_init_crypto (in /usr/lib/x86_64-linux-gnu/libcrypto.so.3)
==268755==    by 0x53EB9B6: OPENSSL_init_ssl (in /usr/lib/x86_64-linux-gnu/libssl.so.3)
==268755==    by 0x488FB29: mysql_server_init (in /usr/lib/x86_64-linux-gnu/libmysqlclient.so.21.2.42)
==268755==    by 0x1ED98C: cpp_dbc::MySQL::MySQLDriver::MySQLDriver() (driver_mysql.cpp:797)
==268755==    by 0x163CB6: decltype (::new ((void*)(0)) cpp_dbc::MySQL::MySQLDriver()) std::construct_at<cpp_dbc::MySQL::MySQLDriver>(cpp_dbc::MySQL::MySQLDriver*) (stl_construct.h:97)
==268755== 
==268755== 24 bytes in 1 blocks are still reachable in loss record 792 of 2,004
==268755==    at 0x4848899: malloc (in /usr/libexec/valgrind/vgpreload_memcheck-amd64-linux.so)
==268755==    by 0x562D068: OBJ_NAME_add (in /usr/lib/x86_64-linux-gnu/libcrypto.so.3)
==268755==    by 0x55FF716: EVP_add_digest (in /usr/lib/x86_64-linux-gnu/libcrypto.so.3)
==268755==    by 0x561E0F0: ??? (in /usr/lib/x86_64-linux-gnu/libcrypto.so.3)
==268755==    by 0x522BEE7: __pthread_once_slow (pthread_once.c:116)
==268755==    by 0x5621C9C: CRYPTO_THREAD_run_once (in /usr/lib/x86_64-linux-gnu/libcrypto.so.3)
==268755==    by 0x561EA4C: OPENSSL_init_crypto (in /usr/lib/x86_64-linux-gnu/libcrypto.so.3)
==268755==    by 0x53EB9B6: OPENSSL_init_ssl (in /usr/lib/x86_64-linux-gnu/libssl.so.3)
==268755==    by 0x488FB29: mysql_server_init (in /usr/lib/x86_64-linux-gnu/libmysqlclient.so.21.2.42)
==268755==    by 0x1ED98C: cpp_dbc::MySQL::MySQLDriver::MySQLDriver() (driver_mysql.cpp:797)
==268755==    by 0x163CB6: decltype (::new ((void*)(0)) cpp_dbc::MySQL::MySQLDriver()) std::construct_at<cpp_dbc::MySQL::MySQLDriver>(cpp_dbc::MySQL::MySQLDriver*) (stl_construct.h:97)
==268755==    by 0x163D03: void std::allocator_traits<std::allocator<cpp_dbc::MySQL::MySQLDriver> >::construct<cpp_dbc::MySQL::MySQLDriver>(std::allocator<cpp_dbc::MySQL::MySQLDriver>&, cpp_dbc::MySQL::MySQLDriver*) (alloc_traits.h:518)
==268755== 
==268755== 24 bytes in 1 blocks are still reachable in loss record 793 of 2,004
==268755==    at 0x4848899: malloc (in /usr/libexec/valgrind/vgpreload_memcheck-amd64-linux.so)
==268755==    by 0x560C185: OPENSSL_LH_insert (in /usr/lib/x86_64-linux-gnu/libcrypto.so.3)
==268755==    by 0x562D0AA: OBJ_NAME_add (in /usr/lib/x86_64-linux-gnu/libcrypto.so.3)
==268755==    by 0x55FF6E7: EVP_add_digest (in /usr/lib/x86_64-linux-gnu/libcrypto.so.3)
==268755==    by 0x561E0FD: ??? (in /usr/lib/x86_64-linux-gnu/libcrypto.so.3)
==268755==    by 0x522BEE7: __pthread_once_slow (pthread_once.c:116)
==268755==    by 0x5621C9C: CRYPTO_THREAD_run_once (in /usr/lib/x86_64-linux-gnu/libcrypto.so.3)
==268755==    by 0x561EA4C: OPENSSL_init_crypto (in /usr/lib/x86_64-linux-gnu/libcrypto.so.3)
==268755==    by 0x53EB9B6: OPENSSL_init_ssl (in /usr/lib/x86_64-linux-gnu/libssl.so.3)
==268755==    by 0x488FB29: mysql_server_init (in /usr/lib/x86_64-linux-gnu/libmysqlclient.so.21.2.42)
==268755==    by 0x1ED98C: cpp_dbc::MySQL::MySQLDriver::MySQLDriver() (driver_mysql.cpp:797)
==268755==    by 0x163CB6: decltype (::new ((void*)(0)) cpp_dbc::MySQL::MySQLDriver()) std::construct_at<cpp_dbc::MySQL::MySQLDriver>(cpp_dbc::MySQL::MySQLDriver*) (stl_construct.h:97)
==268755== 
==268755== 24 bytes in 1 blocks are still reachable in loss record 794 of 2,004
==268755==    at 0x4848899: malloc (in /usr/libexec/valgrind/vgpreload_memcheck-amd64-linux.so)
==268755==    by 0x562D068: OBJ_NAME_add (in /usr/lib/x86_64-linux-gnu/libcrypto.so.3)
==268755==    by 0x55FF716: EVP_add_digest (in /usr/lib/x86_64-linux-gnu/libcrypto.so.3)
==268755==    by 0x561E0FD: ??? (in /usr/lib/x86_64-linux-gnu/libcrypto.so.3)
==268755==    by 0x522BEE7: __pthread_once_slow (pthread_once.c:116)
==268755==    by 0x5621C9C: CRYPTO_THREAD_run_once (in /usr/lib/x86_64-linux-gnu/libcrypto.so.3)
==268755==    by 0x561EA4C: OPENSSL_init_crypto (in /usr/lib/x86_64-linux-gnu/libcrypto.so.3)
==268755==    by 0x53EB9B6: OPENSSL_init_ssl (in /usr/lib/x86_64-linux-gnu/libssl.so.3)
==268755==    by 0x488FB29: mysql_server_init (in /usr/lib/x86_64-linux-gnu/libmysqlclient.so.21.2.42)
==268755==    by 0x1ED98C: cpp_dbc::MySQL::MySQLDriver::MySQLDriver() (driver_mysql.cpp:797)
==268755==    by 0x163CB6: decltype (::new ((void*)(0)) cpp_dbc::MySQL::MySQLDriver()) std::construct_at<cpp_dbc::MySQL::MySQLDriver>(cpp_dbc::MySQL::MySQLDriver*) (stl_construct.h:97)
==268755==    by 0x163D03: void std::allocator_traits<std::allocator<cpp_dbc::MySQL::MySQLDriver> >::construct<cpp_dbc::MySQL::MySQLDriver>(std::allocator<cpp_dbc::MySQL::MySQLDriver>&, cpp_dbc::MySQL::MySQLDriver*) (alloc_traits.h:518)
==268755== 
==268755== 24 bytes in 1 blocks are still reachable in loss record 795 of 2,004
==268755==    at 0x4848899: malloc (in /usr/libexec/valgrind/vgpreload_memcheck-amd64-linux.so)
==268755==    by 0x560C185: OPENSSL_LH_insert (in /usr/lib/x86_64-linux-gnu/libcrypto.so.3)
==268755==    by 0x5646C8A: ??? (in /usr/lib/x86_64-linux-gnu/libcrypto.so.3)
==268755==    by 0x561551D: ??? (in /usr/lib/x86_64-linux-gnu/libcrypto.so.3)
==268755==    by 0x56155BC: ??? (in /usr/lib/x86_64-linux-gnu/libcrypto.so.3)
==268755==    by 0x522BEE7: __pthread_once_slow (pthread_once.c:116)
==268755==    by 0x5621C9C: CRYPTO_THREAD_run_once (in /usr/lib/x86_64-linux-gnu/libcrypto.so.3)
==268755==    by 0x561A822: ??? (in /usr/lib/x86_64-linux-gnu/libcrypto.so.3)
==268755==    by 0x553AA03: BIO_new_ex (in /usr/lib/x86_64-linux-gnu/libcrypto.so.3)
==268755==    by 0x55411E5: BIO_new_file (in /usr/lib/x86_64-linux-gnu/libcrypto.so.3)
==268755==    by 0x557834D: ??? (in /usr/lib/x86_64-linux-gnu/libcrypto.so.3)
==268755==    by 0x5578FB1: CONF_modules_load_file_ex (in /usr/lib/x86_64-linux-gnu/libcrypto.so.3)
==268755== 
==268755== 24 bytes in 1 blocks are still reachable in loss record 796 of 2,004
==268755==    at 0x4848899: malloc (in /usr/libexec/valgrind/vgpreload_memcheck-amd64-linux.so)
==268755==    by 0x560C185: OPENSSL_LH_insert (in /usr/lib/x86_64-linux-gnu/libcrypto.so.3)
==268755==    by 0x5646C8A: ??? (in /usr/lib/x86_64-linux-gnu/libcrypto.so.3)
==268755==    by 0x5615559: ??? (in /usr/lib/x86_64-linux-gnu/libcrypto.so.3)
==268755==    by 0x56155BC: ??? (in /usr/lib/x86_64-linux-gnu/libcrypto.so.3)
==268755==    by 0x522BEE7: __pthread_once_slow (pthread_once.c:116)
==268755==    by 0x5621C9C: CRYPTO_THREAD_run_once (in /usr/lib/x86_64-linux-gnu/libcrypto.so.3)
==268755==    by 0x561A822: ??? (in /usr/lib/x86_64-linux-gnu/libcrypto.so.3)
==268755==    by 0x553AA03: BIO_new_ex (in /usr/lib/x86_64-linux-gnu/libcrypto.so.3)
==268755==    by 0x55411E5: BIO_new_file (in /usr/lib/x86_64-linux-gnu/libcrypto.so.3)
==268755==    by 0x557834D: ??? (in /usr/lib/x86_64-linux-gnu/libcrypto.so.3)
==268755==    by 0x5578FB1: CONF_modules_load_file_ex (in /usr/lib/x86_64-linux-gnu/libcrypto.so.3)
==268755== 
==268755== 24 bytes in 1 blocks are still reachable in loss record 797 of 2,004
==268755==    at 0x4848899: malloc (in /usr/libexec/valgrind/vgpreload_memcheck-amd64-linux.so)
==268755==    by 0x561679D: CRYPTO_zalloc (in /usr/lib/x86_64-linux-gnu/libcrypto.so.3)
==268755==    by 0x5575FFC: ??? (in /usr/lib/x86_64-linux-gnu/libcrypto.so.3)
==268755==    by 0x5578B6D: CONF_modules_load (in /usr/lib/x86_64-linux-gnu/libcrypto.so.3)
==268755==    by 0x5578FCD: CONF_modules_load_file_ex (in /usr/lib/x86_64-linux-gnu/libcrypto.so.3)
==268755==    by 0x561E19F: ??? (in /usr/lib/x86_64-linux-gnu/libcrypto.so.3)
==268755==    by 0x522BEE7: __pthread_once_slow (pthread_once.c:116)
==268755==    by 0x5621C9C: CRYPTO_THREAD_run_once (in /usr/lib/x86_64-linux-gnu/libcrypto.so.3)
==268755==    by 0x561EC05: OPENSSL_init_crypto (in /usr/lib/x86_64-linux-gnu/libcrypto.so.3)
==268755==    by 0x53EB9B6: OPENSSL_init_ssl (in /usr/lib/x86_64-linux-gnu/libssl.so.3)
==268755==    by 0x488FB29: mysql_server_init (in /usr/lib/x86_64-linux-gnu/libmysqlclient.so.21.2.42)
==268755==    by 0x1ED98C: cpp_dbc::MySQL::MySQLDriver::MySQLDriver() (driver_mysql.cpp:797)
==268755== 
==268755== 24 bytes in 1 blocks are still reachable in loss record 798 of 2,004
==268755==    at 0x4848899: malloc (in /usr/libexec/valgrind/vgpreload_memcheck-amd64-linux.so)
==268755==    by 0x560C185: OPENSSL_LH_insert (in /usr/lib/x86_64-linux-gnu/libcrypto.so.3)
==268755==    by 0x5619542: ??? (in /usr/lib/x86_64-linux-gnu/libcrypto.so.3)
==268755==    by 0x5615E27: ??? (in /usr/lib/x86_64-linux-gnu/libcrypto.so.3)
==268755==    by 0x561600A: ??? (in /usr/lib/x86_64-linux-gnu/libcrypto.so.3)
==268755==    by 0x5615BFC: ??? (in /usr/lib/x86_64-linux-gnu/libcrypto.so.3)
==268755==    by 0x56F4A6B: ??? (in /usr/lib/x86_64-linux-gnu/libcrypto.so.3)
==268755==    by 0x55EC302: EVP_CIPHER_fetch (in /usr/lib/x86_64-linux-gnu/libcrypto.so.3)
==268755==    by 0x53F137A: ??? (in /usr/lib/x86_64-linux-gnu/libssl.so.3)
==268755==    by 0x53F5161: SSL_CTX_new_ex (in /usr/lib/x86_64-linux-gnu/libssl.so.3)
==268755==    by 0x48F8280: ??? (in /usr/lib/x86_64-linux-gnu/libmysqlclient.so.21.2.42)
==268755==    by 0x489A042: ??? (in /usr/lib/x86_64-linux-gnu/libmysqlclient.so.21.2.42)
==268755== 
==268755== 24 bytes in 1 blocks are still reachable in loss record 799 of 2,004
==268755==    at 0x4848899: malloc (in /usr/libexec/valgrind/vgpreload_memcheck-amd64-linux.so)
==268755==    by 0x560C185: OPENSSL_LH_insert (in /usr/lib/x86_64-linux-gnu/libcrypto.so.3)
==268755==    by 0x5619542: ??? (in /usr/lib/x86_64-linux-gnu/libcrypto.so.3)
==268755==    by 0x5615E27: ??? (in /usr/lib/x86_64-linux-gnu/libcrypto.so.3)
==268755==    by 0x561603A: ??? (in /usr/lib/x86_64-linux-gnu/libcrypto.so.3)
==268755==    by 0x5615BFC: ??? (in /usr/lib/x86_64-linux-gnu/libcrypto.so.3)
==268755==    by 0x56F4A6B: ??? (in /usr/lib/x86_64-linux-gnu/libcrypto.so.3)
==268755==    by 0x55EC302: EVP_CIPHER_fetch (in /usr/lib/x86_64-linux-gnu/libcrypto.so.3)
==268755==    by 0x53F137A: ??? (in /usr/lib/x86_64-linux-gnu/libssl.so.3)
==268755==    by 0x53F5161: SSL_CTX_new_ex (in /usr/lib/x86_64-linux-gnu/libssl.so.3)
==268755==    by 0x48F8280: ??? (in /usr/lib/x86_64-linux-gnu/libmysqlclient.so.21.2.42)
==268755==    by 0x489A042: ??? (in /usr/lib/x86_64-linux-gnu/libmysqlclient.so.21.2.42)
==268755== 
==268755== 24 bytes in 1 blocks are still reachable in loss record 800 of 2,004
==268755==    at 0x4848899: malloc (in /usr/libexec/valgrind/vgpreload_memcheck-amd64-linux.so)
==268755==    by 0x560C185: OPENSSL_LH_insert (in /usr/lib/x86_64-linux-gnu/libcrypto.so.3)
==268755==    by 0x5619542: ??? (in /usr/lib/x86_64-linux-gnu/libcrypto.so.3)
==268755==    by 0x5615E27: ??? (in /usr/lib/x86_64-linux-gnu/libcrypto.so.3)
==268755==    by 0x5615F35: ??? (in /usr/lib/x86_64-linux-gnu/libcrypto.so.3)
==268755==    by 0x5615B8A: ??? (in /usr/lib/x86_64-linux-gnu/libcrypto.so.3)
==268755==    by 0x56F4A6B: ??? (in /usr/lib/x86_64-linux-gnu/libcrypto.so.3)
==268755==    by 0x55EC302: EVP_CIPHER_fetch (in /usr/lib/x86_64-linux-gnu/libcrypto.so.3)
==268755==    by 0x53F137A: ??? (in /usr/lib/x86_64-linux-gnu/libssl.so.3)
==268755==    by 0x53F5161: SSL_CTX_new_ex (in /usr/lib/x86_64-linux-gnu/libssl.so.3)
==268755==    by 0x48F8280: ??? (in /usr/lib/x86_64-linux-gnu/libmysqlclient.so.21.2.42)
==268755==    by 0x489A042: ??? (in /usr/lib/x86_64-linux-gnu/libmysqlclient.so.21.2.42)
==268755== 
==268755== 24 bytes in 1 blocks are still reachable in loss record 801 of 2,004
==268755==    at 0x4848899: malloc (in /usr/libexec/valgrind/vgpreload_memcheck-amd64-linux.so)
==268755==    by 0x560C185: OPENSSL_LH_insert (in /usr/lib/x86_64-linux-gnu/libcrypto.so.3)
==268755==    by 0x5619542: ??? (in /usr/lib/x86_64-linux-gnu/libcrypto.so.3)
==268755==    by 0x5615E27: ??? (in /usr/lib/x86_64-linux-gnu/libcrypto.so.3)
==268755==    by 0x5615F09: ??? (in /usr/lib/x86_64-linux-gnu/libcrypto.so.3)
==268755==    by 0x5615C50: ??? (in /usr/lib/x86_64-linux-gnu/libcrypto.so.3)
==268755==    by 0x56F4A6B: ??? (in /usr/lib/x86_64-linux-gnu/libcrypto.so.3)
==268755==    by 0x55EC302: EVP_CIPHER_fetch (in /usr/lib/x86_64-linux-gnu/libcrypto.so.3)
==268755==    by 0x53F137A: ??? (in /usr/lib/x86_64-linux-gnu/libssl.so.3)
==268755==    by 0x53F5161: SSL_CTX_new_ex (in /usr/lib/x86_64-linux-gnu/libssl.so.3)
==268755==    by 0x48F8280: ??? (in /usr/lib/x86_64-linux-gnu/libmysqlclient.so.21.2.42)
==268755==    by 0x489A042: ??? (in /usr/lib/x86_64-linux-gnu/libmysqlclient.so.21.2.42)
==268755== 
==268755== 24 bytes in 1 blocks are still reachable in loss record 802 of 2,004
==268755==    at 0x4848899: malloc (in /usr/libexec/valgrind/vgpreload_memcheck-amd64-linux.so)
==268755==    by 0x560C185: OPENSSL_LH_insert (in /usr/lib/x86_64-linux-gnu/libcrypto.so.3)
==268755==    by 0x5619542: ??? (in /usr/lib/x86_64-linux-gnu/libcrypto.so.3)
==268755==    by 0x5615E27: ??? (in /usr/lib/x86_64-linux-gnu/libcrypto.so.3)
==268755==    by 0x5615F35: ??? (in /usr/lib/x86_64-linux-gnu/libcrypto.so.3)
==268755==    by 0x5615C50: ??? (in /usr/lib/x86_64-linux-gnu/libcrypto.so.3)
==268755==    by 0x56F4A6B: ??? (in /usr/lib/x86_64-linux-gnu/libcrypto.so.3)
==268755==    by 0x55EC302: EVP_CIPHER_fetch (in /usr/lib/x86_64-linux-gnu/libcrypto.so.3)
==268755==    by 0x53F137A: ??? (in /usr/lib/x86_64-linux-gnu/libssl.so.3)
==268755==    by 0x53F5161: SSL_CTX_new_ex (in /usr/lib/x86_64-linux-gnu/libssl.so.3)
==268755==    by 0x48F8280: ??? (in /usr/lib/x86_64-linux-gnu/libmysqlclient.so.21.2.42)
==268755==    by 0x489A042: ??? (in /usr/lib/x86_64-linux-gnu/libmysqlclient.so.21.2.42)
==268755== 
==268755== 24 bytes in 1 blocks are still reachable in loss record 803 of 2,004
==268755==    at 0x4848899: malloc (in /usr/libexec/valgrind/vgpreload_memcheck-amd64-linux.so)
==268755==    by 0x560C185: OPENSSL_LH_insert (in /usr/lib/x86_64-linux-gnu/libcrypto.so.3)
==268755==    by 0x5619542: ??? (in /usr/lib/x86_64-linux-gnu/libcrypto.so.3)
==268755==    by 0x5615FC0: ??? (in /usr/lib/x86_64-linux-gnu/libcrypto.so.3)
==268755==    by 0x5615C50: ??? (in /usr/lib/x86_64-linux-gnu/libcrypto.so.3)
==268755==    by 0x56F4A6B: ??? (in /usr/lib/x86_64-linux-gnu/libcrypto.so.3)
==268755==    by 0x55EC302: EVP_CIPHER_fetch (in /usr/lib/x86_64-linux-gnu/libcrypto.so.3)
==268755==    by 0x53F137A: ??? (in /usr/lib/x86_64-linux-gnu/libssl.so.3)
==268755==    by 0x53F5161: SSL_CTX_new_ex (in /usr/lib/x86_64-linux-gnu/libssl.so.3)
==268755==    by 0x48F8280: ??? (in /usr/lib/x86_64-linux-gnu/libmysqlclient.so.21.2.42)
==268755==    by 0x489A042: ??? (in /usr/lib/x86_64-linux-gnu/libmysqlclient.so.21.2.42)
==268755==    by 0x489AD71: ??? (in /usr/lib/x86_64-linux-gnu/libmysqlclient.so.21.2.42)
==268755== 
==268755== 24 bytes in 1 blocks are still reachable in loss record 804 of 2,004
==268755==    at 0x4848899: malloc (in /usr/libexec/valgrind/vgpreload_memcheck-amd64-linux.so)
==268755==    by 0x560C185: OPENSSL_LH_insert (in /usr/lib/x86_64-linux-gnu/libcrypto.so.3)
==268755==    by 0x5619542: ??? (in /usr/lib/x86_64-linux-gnu/libcrypto.so.3)
==268755==    by 0x5615E27: ??? (in /usr/lib/x86_64-linux-gnu/libcrypto.so.3)
==268755==    by 0x5615C50: ??? (in /usr/lib/x86_64-linux-gnu/libcrypto.so.3)
==268755==    by 0x56F4A6B: ??? (in /usr/lib/x86_64-linux-gnu/libcrypto.so.3)
==268755==    by 0x55EC302: EVP_CIPHER_fetch (in /usr/lib/x86_64-linux-gnu/libcrypto.so.3)
==268755==    by 0x53F137A: ??? (in /usr/lib/x86_64-linux-gnu/libssl.so.3)
==268755==    by 0x53F5161: SSL_CTX_new_ex (in /usr/lib/x86_64-linux-gnu/libssl.so.3)
==268755==    by 0x48F8280: ??? (in /usr/lib/x86_64-linux-gnu/libmysqlclient.so.21.2.42)
==268755==    by 0x489A042: ??? (in /usr/lib/x86_64-linux-gnu/libmysqlclient.so.21.2.42)
==268755==    by 0x489AD71: ??? (in /usr/lib/x86_64-linux-gnu/libmysqlclient.so.21.2.42)
==268755== 
==268755== 24 bytes in 1 blocks are still reachable in loss record 805 of 2,004
==268755==    at 0x4848899: malloc (in /usr/libexec/valgrind/vgpreload_memcheck-amd64-linux.so)
==268755==    by 0x560C185: OPENSSL_LH_insert (in /usr/lib/x86_64-linux-gnu/libcrypto.so.3)
==268755==    by 0x5619542: ??? (in /usr/lib/x86_64-linux-gnu/libcrypto.so.3)
==268755==    by 0x5615E27: ??? (in /usr/lib/x86_64-linux-gnu/libcrypto.so.3)
==268755==    by 0x5615F09: ??? (in /usr/lib/x86_64-linux-gnu/libcrypto.so.3)
==268755==    by 0x5615C36: ??? (in /usr/lib/x86_64-linux-gnu/libcrypto.so.3)
==268755==    by 0x56F4A6B: ??? (in /usr/lib/x86_64-linux-gnu/libcrypto.so.3)
==268755==    by 0x55EC302: EVP_CIPHER_fetch (in /usr/lib/x86_64-linux-gnu/libcrypto.so.3)
==268755==    by 0x53F137A: ??? (in /usr/lib/x86_64-linux-gnu/libssl.so.3)
==268755==    by 0x53F5161: SSL_CTX_new_ex (in /usr/lib/x86_64-linux-gnu/libssl.so.3)
==268755==    by 0x48F8280: ??? (in /usr/lib/x86_64-linux-gnu/libmysqlclient.so.21.2.42)
==268755==    by 0x489A042: ??? (in /usr/lib/x86_64-linux-gnu/libmysqlclient.so.21.2.42)
==268755== 
==268755== 24 bytes in 1 blocks are still reachable in loss record 806 of 2,004
==268755==    at 0x4848899: malloc (in /usr/libexec/valgrind/vgpreload_memcheck-amd64-linux.so)
==268755==    by 0x560C185: OPENSSL_LH_insert (in /usr/lib/x86_64-linux-gnu/libcrypto.so.3)
==268755==    by 0x5619542: ??? (in /usr/lib/x86_64-linux-gnu/libcrypto.so.3)
==268755==    by 0x5615FC0: ??? (in /usr/lib/x86_64-linux-gnu/libcrypto.so.3)
==268755==    by 0x5615C36: ??? (in /usr/lib/x86_64-linux-gnu/libcrypto.so.3)
==268755==    by 0x56F4A6B: ??? (in /usr/lib/x86_64-linux-gnu/libcrypto.so.3)
==268755==    by 0x55EC302: EVP_CIPHER_fetch (in /usr/lib/x86_64-linux-gnu/libcrypto.so.3)
==268755==    by 0x53F137A: ??? (in /usr/lib/x86_64-linux-gnu/libssl.so.3)
==268755==    by 0x53F5161: SSL_CTX_new_ex (in /usr/lib/x86_64-linux-gnu/libssl.so.3)
==268755==    by 0x48F8280: ??? (in /usr/lib/x86_64-linux-gnu/libmysqlclient.so.21.2.42)
==268755==    by 0x489A042: ??? (in /usr/lib/x86_64-linux-gnu/libmysqlclient.so.21.2.42)
==268755==    by 0x489AD71: ??? (in /usr/lib/x86_64-linux-gnu/libmysqlclient.so.21.2.42)
==268755== 
==268755== 24 bytes in 1 blocks are still reachable in loss record 807 of 2,004
==268755==    at 0x4848899: malloc (in /usr/libexec/valgrind/vgpreload_memcheck-amd64-linux.so)
==268755==    by 0x561679D: CRYPTO_zalloc (in /usr/lib/x86_64-linux-gnu/libcrypto.so.3)
==268755==    by 0x56A1B0D: ??? (in /usr/lib/x86_64-linux-gnu/libcrypto.so.3)
==268755==    by 0x5628D75: ??? (in /usr/lib/x86_64-linux-gnu/libcrypto.so.3)
==268755==    by 0x562AAAB: ??? (in /usr/lib/x86_64-linux-gnu/libcrypto.so.3)
==268755==    by 0x562AB70: ??? (in /usr/lib/x86_64-linux-gnu/libcrypto.so.3)
==268755==    by 0x56F44E7: ??? (in /usr/lib/x86_64-linux-gnu/libcrypto.so.3)
==268755==    by 0x56F4B3D: ??? (in /usr/lib/x86_64-linux-gnu/libcrypto.so.3)
==268755==    by 0x55EC302: EVP_CIPHER_fetch (in /usr/lib/x86_64-linux-gnu/libcrypto.so.3)
==268755==    by 0x53F137A: ??? (in /usr/lib/x86_64-linux-gnu/libssl.so.3)
==268755==    by 0x53F5161: SSL_CTX_new_ex (in /usr/lib/x86_64-linux-gnu/libssl.so.3)
==268755==    by 0x48F8280: ??? (in /usr/lib/x86_64-linux-gnu/libmysqlclient.so.21.2.42)
==268755== 
==268755== 24 bytes in 1 blocks are still reachable in loss record 808 of 2,004
==268755==    at 0x4848899: malloc (in /usr/libexec/valgrind/vgpreload_memcheck-amd64-linux.so)
==268755==    by 0x560C185: OPENSSL_LH_insert (in /usr/lib/x86_64-linux-gnu/libcrypto.so.3)
==268755==    by 0x5646C8A: ??? (in /usr/lib/x86_64-linux-gnu/libcrypto.so.3)
==268755==    by 0x5647111: ??? (in /usr/lib/x86_64-linux-gnu/libcrypto.so.3)
==268755==    by 0x564788A: ??? (in /usr/lib/x86_64-linux-gnu/libcrypto.so.3)
==268755==    by 0x5647CB2: ??? (in /usr/lib/x86_64-linux-gnu/libcrypto.so.3)
==268755==    by 0x55EBA69: ??? (in /usr/lib/x86_64-linux-gnu/libcrypto.so.3)
==268755==    by 0x560B85B: ??? (in /usr/lib/x86_64-linux-gnu/libcrypto.so.3)
==268755==    by 0x560B71B: ??? (in /usr/lib/x86_64-linux-gnu/libcrypto.so.3)
==268755==    by 0x562AD6A: ??? (in /usr/lib/x86_64-linux-gnu/libcrypto.so.3)
==268755==    by 0x56F44E7: ??? (in /usr/lib/x86_64-linux-gnu/libcrypto.so.3)
==268755==    by 0x56F4B3D: ??? (in /usr/lib/x86_64-linux-gnu/libcrypto.so.3)
==268755== 
==268755== 24 bytes in 1 blocks are still reachable in loss record 809 of 2,004
==268755==    at 0x4848899: malloc (in /usr/libexec/valgrind/vgpreload_memcheck-amd64-linux.so)
==268755==    by 0x560C185: OPENSSL_LH_insert (in /usr/lib/x86_64-linux-gnu/libcrypto.so.3)
==268755==    by 0x5647D72: ??? (in /usr/lib/x86_64-linux-gnu/libcrypto.so.3)
==268755==    by 0x55EBA69: ??? (in /usr/lib/x86_64-linux-gnu/libcrypto.so.3)
==268755==    by 0x560B85B: ??? (in /usr/lib/x86_64-linux-gnu/libcrypto.so.3)
==268755==    by 0x560B71B: ??? (in /usr/lib/x86_64-linux-gnu/libcrypto.so.3)
==268755==    by 0x562AD6A: ??? (in /usr/lib/x86_64-linux-gnu/libcrypto.so.3)
==268755==    by 0x56F44E7: ??? (in /usr/lib/x86_64-linux-gnu/libcrypto.so.3)
==268755==    by 0x56F4B3D: ??? (in /usr/lib/x86_64-linux-gnu/libcrypto.so.3)
==268755==    by 0x55EC302: EVP_CIPHER_fetch (in /usr/lib/x86_64-linux-gnu/libcrypto.so.3)
==268755==    by 0x53F137A: ??? (in /usr/lib/x86_64-linux-gnu/libssl.so.3)
==268755==    by 0x53F5161: SSL_CTX_new_ex (in /usr/lib/x86_64-linux-gnu/libssl.so.3)
==268755== 
==268755== 24 bytes in 1 blocks are still reachable in loss record 810 of 2,004
==268755==    at 0x4848899: malloc (in /usr/libexec/valgrind/vgpreload_memcheck-amd64-linux.so)
==268755==    by 0x560C185: OPENSSL_LH_insert (in /usr/lib/x86_64-linux-gnu/libcrypto.so.3)
==268755==    by 0x56FD4C8: ??? (in /usr/lib/x86_64-linux-gnu/libcrypto.so.3)
==268755==    by 0x56F4B8C: ??? (in /usr/lib/x86_64-linux-gnu/libcrypto.so.3)
==268755==    by 0x560BAEE: EVP_SIGNATURE_fetch (in /usr/lib/x86_64-linux-gnu/libcrypto.so.3)
==268755==    by 0x53F522E: SSL_CTX_new_ex (in /usr/lib/x86_64-linux-gnu/libssl.so.3)
==268755==    by 0x48F8280: ??? (in /usr/lib/x86_64-linux-gnu/libmysqlclient.so.21.2.42)
==268755==    by 0x489A042: ??? (in /usr/lib/x86_64-linux-gnu/libmysqlclient.so.21.2.42)
==268755==    by 0x489AD71: ??? (in /usr/lib/x86_64-linux-gnu/libmysqlclient.so.21.2.42)
==268755==    by 0x48A3273: ??? (in /usr/lib/x86_64-linux-gnu/libmysqlclient.so.21.2.42)
==268755==    by 0x489EF82: mysql_real_connect (in /usr/lib/x86_64-linux-gnu/libmysqlclient.so.21.2.42)
==268755==    by 0x1EC2E1: cpp_dbc::MySQL::MySQLConnection::MySQLConnection(std::__cxx11::basic_string<char, std::char_traits<char>, std::allocator<char> > const&, int, std::__cxx11::basic_string<char, std::char_traits<char>, std::allocator<char> > const&, std::__cxx11::basic_string<char, std::char_traits<char>, std::allocator<char> > const&, std::__cxx11::basic_string<char, std::char_traits<char>, std::allocator<char> > const&) (driver_mysql.cpp:624)
==268755== 
==268755== 24 bytes in 1 blocks are still reachable in loss record 811 of 2,004
==268755==    at 0x4848899: malloc (in /usr/libexec/valgrind/vgpreload_memcheck-amd64-linux.so)
==268755==    by 0x560C185: OPENSSL_LH_insert (in /usr/lib/x86_64-linux-gnu/libcrypto.so.3)
==268755==    by 0x56FD4C8: ??? (in /usr/lib/x86_64-linux-gnu/libcrypto.so.3)
==268755==    by 0x56F4B8C: ??? (in /usr/lib/x86_64-linux-gnu/libcrypto.so.3)
==268755==    by 0x55F783E: EVP_KEYEXCH_fetch (in /usr/lib/x86_64-linux-gnu/libcrypto.so.3)
==268755==    by 0x53F5256: SSL_CTX_new_ex (in /usr/lib/x86_64-linux-gnu/libssl.so.3)
==268755==    by 0x48F8280: ??? (in /usr/lib/x86_64-linux-gnu/libmysqlclient.so.21.2.42)
==268755==    by 0x489A042: ??? (in /usr/lib/x86_64-linux-gnu/libmysqlclient.so.21.2.42)
==268755==    by 0x489AD71: ??? (in /usr/lib/x86_64-linux-gnu/libmysqlclient.so.21.2.42)
==268755==    by 0x48A3273: ??? (in /usr/lib/x86_64-linux-gnu/libmysqlclient.so.21.2.42)
==268755==    by 0x489EF82: mysql_real_connect (in /usr/lib/x86_64-linux-gnu/libmysqlclient.so.21.2.42)
==268755==    by 0x1EC2E1: cpp_dbc::MySQL::MySQLConnection::MySQLConnection(std::__cxx11::basic_string<char, std::char_traits<char>, std::allocator<char> > const&, int, std::__cxx11::basic_string<char, std::char_traits<char>, std::allocator<char> > const&, std::__cxx11::basic_string<char, std::char_traits<char>, std::allocator<char> > const&, std::__cxx11::basic_string<char, std::char_traits<char>, std::allocator<char> > const&) (driver_mysql.cpp:624)
==268755== 
==268755== 24 bytes in 1 blocks are still reachable in loss record 812 of 2,004
==268755==    at 0x4848899: malloc (in /usr/libexec/valgrind/vgpreload_memcheck-amd64-linux.so)
==268755==    by 0x560C185: OPENSSL_LH_insert (in /usr/lib/x86_64-linux-gnu/libcrypto.so.3)
==268755==    by 0x56FD4C8: ??? (in /usr/lib/x86_64-linux-gnu/libcrypto.so.3)
==268755==    by 0x56F4B8C: ??? (in /usr/lib/x86_64-linux-gnu/libcrypto.so.3)
==268755==    by 0x55F783E: EVP_KEYEXCH_fetch (in /usr/lib/x86_64-linux-gnu/libcrypto.so.3)
==268755==    by 0x53F527E: SSL_CTX_new_ex (in /usr/lib/x86_64-linux-gnu/libssl.so.3)
==268755==    by 0x48F8280: ??? (in /usr/lib/x86_64-linux-gnu/libmysqlclient.so.21.2.42)
==268755==    by 0x489A042: ??? (in /usr/lib/x86_64-linux-gnu/libmysqlclient.so.21.2.42)
==268755==    by 0x489AD71: ??? (in /usr/lib/x86_64-linux-gnu/libmysqlclient.so.21.2.42)
==268755==    by 0x48A3273: ??? (in /usr/lib/x86_64-linux-gnu/libmysqlclient.so.21.2.42)
==268755==    by 0x489EF82: mysql_real_connect (in /usr/lib/x86_64-linux-gnu/libmysqlclient.so.21.2.42)
==268755==    by 0x1EC2E1: cpp_dbc::MySQL::MySQLConnection::MySQLConnection(std::__cxx11::basic_string<char, std::char_traits<char>, std::allocator<char> > const&, int, std::__cxx11::basic_string<char, std::char_traits<char>, std::allocator<char> > const&, std::__cxx11::basic_string<char, std::char_traits<char>, std::allocator<char> > const&, std::__cxx11::basic_string<char, std::char_traits<char>, std::allocator<char> > const&) (driver_mysql.cpp:624)
==268755== 
==268755== 24 bytes in 1 blocks are still reachable in loss record 813 of 2,004
==268755==    at 0x4848899: malloc (in /usr/libexec/valgrind/vgpreload_memcheck-amd64-linux.so)
==268755==    by 0x560C185: OPENSSL_LH_insert (in /usr/lib/x86_64-linux-gnu/libcrypto.so.3)
==268755==    by 0x56FD4C8: ??? (in /usr/lib/x86_64-linux-gnu/libcrypto.so.3)
==268755==    by 0x56F4B8C: ??? (in /usr/lib/x86_64-linux-gnu/libcrypto.so.3)
==268755==    by 0x560BAEE: EVP_SIGNATURE_fetch (in /usr/lib/x86_64-linux-gnu/libcrypto.so.3)
==268755==    by 0x53F52A6: SSL_CTX_new_ex (in /usr/lib/x86_64-linux-gnu/libssl.so.3)
==268755==    by 0x48F8280: ??? (in /usr/lib/x86_64-linux-gnu/libmysqlclient.so.21.2.42)
==268755==    by 0x489A042: ??? (in /usr/lib/x86_64-linux-gnu/libmysqlclient.so.21.2.42)
==268755==    by 0x489AD71: ??? (in /usr/lib/x86_64-linux-gnu/libmysqlclient.so.21.2.42)
==268755==    by 0x48A3273: ??? (in /usr/lib/x86_64-linux-gnu/libmysqlclient.so.21.2.42)
==268755==    by 0x489EF82: mysql_real_connect (in /usr/lib/x86_64-linux-gnu/libmysqlclient.so.21.2.42)
==268755==    by 0x1EC2E1: cpp_dbc::MySQL::MySQLConnection::MySQLConnection(std::__cxx11::basic_string<char, std::char_traits<char>, std::allocator<char> > const&, int, std::__cxx11::basic_string<char, std::char_traits<char>, std::allocator<char> > const&, std::__cxx11::basic_string<char, std::char_traits<char>, std::allocator<char> > const&, std::__cxx11::basic_string<char, std::char_traits<char>, std::allocator<char> > const&) (driver_mysql.cpp:624)
==268755== 
==268755== 24 bytes in 1 blocks are still reachable in loss record 814 of 2,004
==268755==    at 0x4848899: malloc (in /usr/libexec/valgrind/vgpreload_memcheck-amd64-linux.so)
==268755==    by 0x560C185: OPENSSL_LH_insert (in /usr/lib/x86_64-linux-gnu/libcrypto.so.3)
==268755==    by 0x56FD4C8: ??? (in /usr/lib/x86_64-linux-gnu/libcrypto.so.3)
==268755==    by 0x56F4B8C: ??? (in /usr/lib/x86_64-linux-gnu/libcrypto.so.3)
==268755==    by 0x55F7222: EVP_RAND_fetch (in /usr/lib/x86_64-linux-gnu/libcrypto.so.3)
==268755==    by 0x56498AB: RAND_get0_primary (in /usr/lib/x86_64-linux-gnu/libcrypto.so.3)
==268755==    by 0x5649DF7: RAND_get0_public (in /usr/lib/x86_64-linux-gnu/libcrypto.so.3)
==268755==    by 0x5649EE7: RAND_bytes_ex (in /usr/lib/x86_64-linux-gnu/libcrypto.so.3)
==268755==    by 0x53F5779: SSL_CTX_new_ex (in /usr/lib/x86_64-linux-gnu/libssl.so.3)
==268755==    by 0x48F8280: ??? (in /usr/lib/x86_64-linux-gnu/libmysqlclient.so.21.2.42)
==268755==    by 0x489A042: ??? (in /usr/lib/x86_64-linux-gnu/libmysqlclient.so.21.2.42)
==268755==    by 0x489AD71: ??? (in /usr/lib/x86_64-linux-gnu/libmysqlclient.so.21.2.42)
==268755== 
==268755== 24 bytes in 1 blocks are still reachable in loss record 815 of 2,004
==268755==    at 0x4848899: malloc (in /usr/libexec/valgrind/vgpreload_memcheck-amd64-linux.so)
==268755==    by 0x560C185: OPENSSL_LH_insert (in /usr/lib/x86_64-linux-gnu/libcrypto.so.3)
==268755==    by 0x56FD4C8: ??? (in /usr/lib/x86_64-linux-gnu/libcrypto.so.3)
==268755==    by 0x56F4B8C: ??? (in /usr/lib/x86_64-linux-gnu/libcrypto.so.3)
==268755==    by 0x55F7222: EVP_RAND_fetch (in /usr/lib/x86_64-linux-gnu/libcrypto.so.3)
==268755==    by 0x5649499: ??? (in /usr/lib/x86_64-linux-gnu/libcrypto.so.3)
==268755==    by 0x56497FB: RAND_get0_primary (in /usr/lib/x86_64-linux-gnu/libcrypto.so.3)
==268755==    by 0x5649DF7: RAND_get0_public (in /usr/lib/x86_64-linux-gnu/libcrypto.so.3)
==268755==    by 0x5649EE7: RAND_bytes_ex (in /usr/lib/x86_64-linux-gnu/libcrypto.so.3)
==268755==    by 0x53F5779: SSL_CTX_new_ex (in /usr/lib/x86_64-linux-gnu/libssl.so.3)
==268755==    by 0x48F8280: ??? (in /usr/lib/x86_64-linux-gnu/libmysqlclient.so.21.2.42)
==268755==    by 0x489A042: ??? (in /usr/lib/x86_64-linux-gnu/libmysqlclient.so.21.2.42)
==268755== 
==268755== 24 bytes in 1 blocks are still reachable in loss record 816 of 2,004
==268755==    at 0x4848899: malloc (in /usr/libexec/valgrind/vgpreload_memcheck-amd64-linux.so)
==268755==    by 0x560C185: OPENSSL_LH_insert (in /usr/lib/x86_64-linux-gnu/libcrypto.so.3)
==268755==    by 0x56FD4C8: ??? (in /usr/lib/x86_64-linux-gnu/libcrypto.so.3)
==268755==    by 0x56F4B8C: ??? (in /usr/lib/x86_64-linux-gnu/libcrypto.so.3)
==268755==    by 0x55EC302: EVP_CIPHER_fetch (in /usr/lib/x86_64-linux-gnu/libcrypto.so.3)
==268755==    by 0x56DF1B4: ??? (in /usr/lib/x86_64-linux-gnu/libcrypto.so.3)
==268755==    by 0x56DF612: ??? (in /usr/lib/x86_64-linux-gnu/libcrypto.so.3)
==268755==    by 0x55F7637: EVP_RAND_instantiate (in /usr/lib/x86_64-linux-gnu/libcrypto.so.3)
==268755==    by 0x5649661: ??? (in /usr/lib/x86_64-linux-gnu/libcrypto.so.3)
==268755==    by 0x56497FB: RAND_get0_primary (in /usr/lib/x86_64-linux-gnu/libcrypto.so.3)
==268755==    by 0x5649DF7: RAND_get0_public (in /usr/lib/x86_64-linux-gnu/libcrypto.so.3)
==268755==    by 0x5649EE7: RAND_bytes_ex (in /usr/lib/x86_64-linux-gnu/libcrypto.so.3)
==268755== 
==268755== 24 bytes in 1 blocks are still reachable in loss record 817 of 2,004
==268755==    at 0x4848899: malloc (in /usr/libexec/valgrind/vgpreload_memcheck-amd64-linux.so)
==268755==    by 0x560C185: OPENSSL_LH_insert (in /usr/lib/x86_64-linux-gnu/libcrypto.so.3)
==268755==    by 0x56FD4C8: ??? (in /usr/lib/x86_64-linux-gnu/libcrypto.so.3)
==268755==    by 0x56F4B8C: ??? (in /usr/lib/x86_64-linux-gnu/libcrypto.so.3)
==268755==    by 0x55EC302: EVP_CIPHER_fetch (in /usr/lib/x86_64-linux-gnu/libcrypto.so.3)
==268755==    by 0x56DF1C7: ??? (in /usr/lib/x86_64-linux-gnu/libcrypto.so.3)
==268755==    by 0x56DF612: ??? (in /usr/lib/x86_64-linux-gnu/libcrypto.so.3)
==268755==    by 0x55F7637: EVP_RAND_instantiate (in /usr/lib/x86_64-linux-gnu/libcrypto.so.3)
==268755==    by 0x5649661: ??? (in /usr/lib/x86_64-linux-gnu/libcrypto.so.3)
==268755==    by 0x56497FB: RAND_get0_primary (in /usr/lib/x86_64-linux-gnu/libcrypto.so.3)
==268755==    by 0x5649DF7: RAND_get0_public (in /usr/lib/x86_64-linux-gnu/libcrypto.so.3)
==268755==    by 0x5649EE7: RAND_bytes_ex (in /usr/lib/x86_64-linux-gnu/libcrypto.so.3)
==268755== 
==268755== 24 bytes in 1 blocks are still reachable in loss record 818 of 2,004
==268755==    at 0x4848899: malloc (in /usr/libexec/valgrind/vgpreload_memcheck-amd64-linux.so)
==268755==    by 0x560C185: OPENSSL_LH_insert (in /usr/lib/x86_64-linux-gnu/libcrypto.so.3)
==268755==    by 0x56FD4C8: ??? (in /usr/lib/x86_64-linux-gnu/libcrypto.so.3)
==268755==    by 0x56F4B8C: ??? (in /usr/lib/x86_64-linux-gnu/libcrypto.so.3)
==268755==    by 0x55F7C32: EVP_KDF_fetch (in /usr/lib/x86_64-linux-gnu/libcrypto.so.3)
==268755==    by 0x54066BF: ??? (in /usr/lib/x86_64-linux-gnu/libssl.so.3)
==268755==    by 0x53E373E: ??? (in /usr/lib/x86_64-linux-gnu/libssl.so.3)
==268755==    by 0x53E39AD: ??? (in /usr/lib/x86_64-linux-gnu/libssl.so.3)
==268755==    by 0x541446E: ??? (in /usr/lib/x86_64-linux-gnu/libssl.so.3)
==268755==    by 0x5408838: ??? (in /usr/lib/x86_64-linux-gnu/libssl.so.3)
==268755==    by 0x541C24A: ??? (in /usr/lib/x86_64-linux-gnu/libssl.so.3)
==268755==    by 0x541EA94: ??? (in /usr/lib/x86_64-linux-gnu/libssl.so.3)
==268755== 
==268755== 24 bytes in 1 blocks are still reachable in loss record 819 of 2,004
==268755==    at 0x4848899: malloc (in /usr/libexec/valgrind/vgpreload_memcheck-amd64-linux.so)
==268755==    by 0x560C185: OPENSSL_LH_insert (in /usr/lib/x86_64-linux-gnu/libcrypto.so.3)
==268755==    by 0x56FD4C8: ??? (in /usr/lib/x86_64-linux-gnu/libcrypto.so.3)
==268755==    by 0x56F4B8C: ??? (in /usr/lib/x86_64-linux-gnu/libcrypto.so.3)
==268755==    by 0x55F85A2: EVP_MAC_fetch (in /usr/lib/x86_64-linux-gnu/libcrypto.so.3)
==268755==    by 0x55FF3E3: EVP_Q_mac (in /usr/lib/x86_64-linux-gnu/libcrypto.so.3)
==268755==    by 0x56CB4CF: ??? (in /usr/lib/x86_64-linux-gnu/libcrypto.so.3)
==268755==    by 0x56CBF25: ??? (in /usr/lib/x86_64-linux-gnu/libcrypto.so.3)
==268755==    by 0x54068A7: ??? (in /usr/lib/x86_64-linux-gnu/libssl.so.3)
==268755==    by 0x53E373E: ??? (in /usr/lib/x86_64-linux-gnu/libssl.so.3)
==268755==    by 0x53E39AD: ??? (in /usr/lib/x86_64-linux-gnu/libssl.so.3)
==268755==    by 0x541446E: ??? (in /usr/lib/x86_64-linux-gnu/libssl.so.3)
==268755== 
==268755== 24 bytes in 1 blocks are still reachable in loss record 820 of 2,004
==268755==    at 0x4848899: malloc (in /usr/libexec/valgrind/vgpreload_memcheck-amd64-linux.so)
==268755==    by 0x560C185: OPENSSL_LH_insert (in /usr/lib/x86_64-linux-gnu/libcrypto.so.3)
==268755==    by 0x5619542: ??? (in /usr/lib/x86_64-linux-gnu/libcrypto.so.3)
==268755==    by 0x56F41B3: ??? (in /usr/lib/x86_64-linux-gnu/libcrypto.so.3)
==268755==    by 0x55C6E3A: ??? (in /usr/lib/x86_64-linux-gnu/libcrypto.so.3)
==268755==    by 0x560B7F8: ??? (in /usr/lib/x86_64-linux-gnu/libcrypto.so.3)
==268755==    by 0x560B71B: ??? (in /usr/lib/x86_64-linux-gnu/libcrypto.so.3)
==268755==    by 0x562AD6A: ??? (in /usr/lib/x86_64-linux-gnu/libcrypto.so.3)
==268755==    by 0x56F44E7: ??? (in /usr/lib/x86_64-linux-gnu/libcrypto.so.3)
==268755==    by 0x56F53E7: ??? (in /usr/lib/x86_64-linux-gnu/libcrypto.so.3)
==268755==    by 0x55C0470: OSSL_DECODER_do_all_provided (in /usr/lib/x86_64-linux-gnu/libcrypto.so.3)
==268755==    by 0x55CD84B: OSSL_DECODER_CTX_new_for_pkey (in /usr/lib/x86_64-linux-gnu/libcrypto.so.3)
==268755== 
==268755== 24 bytes in 1 blocks are still reachable in loss record 821 of 2,004
==268755==    at 0x4848899: malloc (in /usr/libexec/valgrind/vgpreload_memcheck-amd64-linux.so)
==268755==    by 0x560C185: OPENSSL_LH_insert (in /usr/lib/x86_64-linux-gnu/libcrypto.so.3)
==268755==    by 0x5619542: ??? (in /usr/lib/x86_64-linux-gnu/libcrypto.so.3)
==268755==    by 0x5615E27: ??? (in /usr/lib/x86_64-linux-gnu/libcrypto.so.3)
==268755==    by 0x566A913: ??? (in /usr/lib/x86_64-linux-gnu/libcrypto.so.3)
==268755==    by 0x560B7F8: ??? (in /usr/lib/x86_64-linux-gnu/libcrypto.so.3)
==268755==    by 0x560B71B: ??? (in /usr/lib/x86_64-linux-gnu/libcrypto.so.3)
==268755==    by 0x562AD6A: ??? (in /usr/lib/x86_64-linux-gnu/libcrypto.so.3)
==268755==    by 0x56F44E7: ??? (in /usr/lib/x86_64-linux-gnu/libcrypto.so.3)
==268755==    by 0x56F49C6: ??? (in /usr/lib/x86_64-linux-gnu/libcrypto.so.3)
==268755==    by 0x5666F9E: OSSL_STORE_LOADER_fetch (in /usr/lib/x86_64-linux-gnu/libcrypto.so.3)
==268755==    by 0x566B2F7: OSSL_STORE_open_ex (in /usr/lib/x86_64-linux-gnu/libcrypto.so.3)
==268755== 
==268755== 24 bytes in 1 blocks are still reachable in loss record 822 of 2,004
==268755==    at 0x4848899: malloc (in /usr/libexec/valgrind/vgpreload_memcheck-amd64-linux.so)
==268755==    by 0x560C185: OPENSSL_LH_insert (in /usr/lib/x86_64-linux-gnu/libcrypto.so.3)
==268755==    by 0x5647D72: ??? (in /usr/lib/x86_64-linux-gnu/libcrypto.so.3)
==268755==    by 0x5666904: ??? (in /usr/lib/x86_64-linux-gnu/libcrypto.so.3)
==268755==    by 0x560B85B: ??? (in /usr/lib/x86_64-linux-gnu/libcrypto.so.3)
==268755==    by 0x560B71B: ??? (in /usr/lib/x86_64-linux-gnu/libcrypto.so.3)
==268755==    by 0x562AD6A: ??? (in /usr/lib/x86_64-linux-gnu/libcrypto.so.3)
==268755==    by 0x56F44E7: ??? (in /usr/lib/x86_64-linux-gnu/libcrypto.so.3)
==268755==    by 0x56F49C6: ??? (in /usr/lib/x86_64-linux-gnu/libcrypto.so.3)
==268755==    by 0x5666F9E: OSSL_STORE_LOADER_fetch (in /usr/lib/x86_64-linux-gnu/libcrypto.so.3)
==268755==    by 0x566B2F7: OSSL_STORE_open_ex (in /usr/lib/x86_64-linux-gnu/libcrypto.so.3)
==268755==    by 0x5675379: ??? (in /usr/lib/x86_64-linux-gnu/libcrypto.so.3)
==268755== 
==268755== 24 bytes in 1 blocks are still reachable in loss record 823 of 2,004
==268755==    at 0x4848899: malloc (in /usr/libexec/valgrind/vgpreload_memcheck-amd64-linux.so)
==268755==    by 0x561679D: CRYPTO_zalloc (in /usr/lib/x86_64-linux-gnu/libcrypto.so.3)
==268755==    by 0x5647EE1: ??? (in /usr/lib/x86_64-linux-gnu/libcrypto.so.3)
==268755==    by 0x5666904: ??? (in /usr/lib/x86_64-linux-gnu/libcrypto.so.3)
==268755==    by 0x560B85B: ??? (in /usr/lib/x86_64-linux-gnu/libcrypto.so.3)
==268755==    by 0x560B71B: ??? (in /usr/lib/x86_64-linux-gnu/libcrypto.so.3)
==268755==    by 0x562AD6A: ??? (in /usr/lib/x86_64-linux-gnu/libcrypto.so.3)
==268755==    by 0x56F44E7: ??? (in /usr/lib/x86_64-linux-gnu/libcrypto.so.3)
==268755==    by 0x56F49C6: ??? (in /usr/lib/x86_64-linux-gnu/libcrypto.so.3)
==268755==    by 0x5666F9E: OSSL_STORE_LOADER_fetch (in /usr/lib/x86_64-linux-gnu/libcrypto.so.3)
==268755==    by 0x566B2F7: OSSL_STORE_open_ex (in /usr/lib/x86_64-linux-gnu/libcrypto.so.3)
==268755==    by 0x5675379: ??? (in /usr/lib/x86_64-linux-gnu/libcrypto.so.3)
==268755== 
==268755== 24 bytes in 1 blocks are still reachable in loss record 824 of 2,004
==268755==    at 0x4848899: malloc (in /usr/libexec/valgrind/vgpreload_memcheck-amd64-linux.so)
==268755==    by 0x560C185: OPENSSL_LH_insert (in /usr/lib/x86_64-linux-gnu/libcrypto.so.3)
==268755==    by 0x56FD4C8: ??? (in /usr/lib/x86_64-linux-gnu/libcrypto.so.3)
==268755==    by 0x56F482F: ??? (in /usr/lib/x86_64-linux-gnu/libcrypto.so.3)
==268755==    by 0x5666F9E: OSSL_STORE_LOADER_fetch (in /usr/lib/x86_64-linux-gnu/libcrypto.so.3)
==268755==    by 0x566B2F7: OSSL_STORE_open_ex (in /usr/lib/x86_64-linux-gnu/libcrypto.so.3)
==268755==    by 0x5675379: ??? (in /usr/lib/x86_64-linux-gnu/libcrypto.so.3)
==268755==    by 0x56755FB: ??? (in /usr/lib/x86_64-linux-gnu/libcrypto.so.3)
==268755==    by 0x569035D: X509_STORE_CTX_get_by_subject (in /usr/lib/x86_64-linux-gnu/libcrypto.so.3)
==268755==    by 0x56907E1: X509_STORE_CTX_get1_issuer (in /usr/lib/x86_64-linux-gnu/libcrypto.so.3)
==268755==    by 0x5696DE7: ??? (in /usr/lib/x86_64-linux-gnu/libcrypto.so.3)
==268755==    by 0x56976A5: ??? (in /usr/lib/x86_64-linux-gnu/libcrypto.so.3)
==268755== 
==268755== 24 bytes in 1 blocks are still reachable in loss record 825 of 2,004
==268755==    at 0x4848899: malloc (in /usr/libexec/valgrind/vgpreload_memcheck-amd64-linux.so)
==268755==    by 0x560C185: OPENSSL_LH_insert (in /usr/lib/x86_64-linux-gnu/libcrypto.so.3)
==268755==    by 0x56FD4C8: ??? (in /usr/lib/x86_64-linux-gnu/libcrypto.so.3)
==268755==    by 0x56F4B8C: ??? (in /usr/lib/x86_64-linux-gnu/libcrypto.so.3)
==268755==    by 0x560BAEE: EVP_SIGNATURE_fetch (in /usr/lib/x86_64-linux-gnu/libcrypto.so.3)
==268755==    by 0x55FFE41: ??? (in /usr/lib/x86_64-linux-gnu/libcrypto.so.3)
==268755==    by 0x56008A1: EVP_DigestVerifyInit_ex (in /usr/lib/x86_64-linux-gnu/libcrypto.so.3)
==268755==    by 0x5426700: ??? (in /usr/lib/x86_64-linux-gnu/libssl.so.3)
==268755==    by 0x541EA94: ??? (in /usr/lib/x86_64-linux-gnu/libssl.so.3)
==268755==    by 0x5420697: ??? (in /usr/lib/x86_64-linux-gnu/libssl.so.3)
==268755==    by 0x48F8F69: ??? (in /usr/lib/x86_64-linux-gnu/libmysqlclient.so.21.2.42)
==268755==    by 0x489A12C: ??? (in /usr/lib/x86_64-linux-gnu/libmysqlclient.so.21.2.42)
==268755== 
==268755== 24 bytes in 1 blocks are still reachable in loss record 826 of 2,004
==268755==    at 0x4849013: operator new(unsigned long) (in /usr/libexec/valgrind/vgpreload_memcheck-amd64-linux.so)
==268755==    by 0x138DC5: std::__shared_count<(__gnu_cxx::_Lock_policy)2>::__shared_count<YAML::detail::memory*>(YAML::detail::memory*) (shared_ptr_base.h:596)
==268755==    by 0x138108: std::__shared_count<(__gnu_cxx::_Lock_policy)2>::__shared_count<YAML::detail::memory*>(YAML::detail::memory*, std::integral_constant<bool, false>) (shared_ptr_base.h:607)
==268755==    by 0x136E79: std::__shared_ptr<YAML::detail::memory, (__gnu_cxx::_Lock_policy)2>::__shared_ptr<YAML::detail::memory, void>(YAML::detail::memory*) (shared_ptr_base.h:1099)
==268755==    by 0x135C24: std::shared_ptr<YAML::detail::memory>::shared_ptr<YAML::detail::memory, void>(YAML::detail::memory*) (shared_ptr.h:160)
==268755==    by 0x13488E: YAML::detail::memory_holder::memory_holder() (memory.h:36)
==268755==    by 0x30FE34: YAML::NodeBuilder::NodeBuilder() (nodebuilder.cpp:13)
==268755==    by 0x2F2CC2: YAML::Load(std::istream&) (parse.cpp:24)
==268755==    by 0x2F2E40: YAML::LoadFile(std::__cxx11::basic_string<char, std::char_traits<char>, std::allocator<char> > const&) (parse.cpp:37)
==268755==    by 0x1B33E0: CATCH2_INTERNAL_TEST_0() (test_mysql_real.cpp:94)
==268755==    by 0x261743: Catch::TestInvokerAsFunction::invoke() const (catch_test_case_registry_impl.cpp:149)
==268755==    by 0x256F30: Catch::TestCaseHandle::invoke() const (catch_test_case_info.hpp:115)
==268755== 
==268755== 24 bytes in 1 blocks are still reachable in loss record 827 of 2,004
==268755==    at 0x4849013: operator new(unsigned long) (in /usr/libexec/valgrind/vgpreload_memcheck-amd64-linux.so)
==268755==    by 0x139151: std::__shared_count<(__gnu_cxx::_Lock_policy)2>::__shared_count<YAML::detail::memory_holder*>(YAML::detail::memory_holder*) (shared_ptr_base.h:596)
==268755==    by 0x138646: std::__shared_count<(__gnu_cxx::_Lock_policy)2>::__shared_count<YAML::detail::memory_holder*>(YAML::detail::memory_holder*, std::integral_constant<bool, false>) (shared_ptr_base.h:607)
==268755==    by 0x137407: std::__shared_ptr<YAML::detail::memory_holder, (__gnu_cxx::_Lock_policy)2>::__shared_ptr<YAML::detail::memory_holder, void>(YAML::detail::memory_holder*) (shared_ptr_base.h:1099)
==268755==    by 0x135F74: std::shared_ptr<YAML::detail::memory_holder>::shared_ptr<YAML::detail::memory_holder, void>(YAML::detail::memory_holder*) (shared_ptr.h:160)
==268755==    by 0x30FE40: YAML::NodeBuilder::NodeBuilder() (nodebuilder.cpp:13)
==268755==    by 0x2F2CC2: YAML::Load(std::istream&) (parse.cpp:24)
==268755==    by 0x2F2E40: YAML::LoadFile(std::__cxx11::basic_string<char, std::char_traits<char>, std::allocator<char> > const&) (parse.cpp:37)
==268755==    by 0x1B33E0: CATCH2_INTERNAL_TEST_0() (test_mysql_real.cpp:94)
==268755==    by 0x261743: Catch::TestInvokerAsFunction::invoke() const (catch_test_case_registry_impl.cpp:149)
==268755==    by 0x256F30: Catch::TestCaseHandle::invoke() const (catch_test_case_info.hpp:115)
==268755==    by 0x255FF5: Catch::RunContext::invokeActiveTestCase() (catch_run_context.cpp:538)
==268755== 
==268755== 24 bytes in 3 blocks are still reachable in loss record 828 of 2,004
==268755==    at 0x4848899: malloc (in /usr/libexec/valgrind/vgpreload_memcheck-amd64-linux.so)
==268755==    by 0x561679D: CRYPTO_zalloc (in /usr/lib/x86_64-linux-gnu/libcrypto.so.3)
==268755==    by 0x561E5D1: ??? (in /usr/lib/x86_64-linux-gnu/libcrypto.so.3)
==268755==    by 0x55CC314: ??? (in /usr/lib/x86_64-linux-gnu/libcrypto.so.3)
==268755==    by 0x55CCCFC: ERR_set_mark (in /usr/lib/x86_64-linux-gnu/libcrypto.so.3)
==268755==    by 0x53F1364: ??? (in /usr/lib/x86_64-linux-gnu/libssl.so.3)
==268755==    by 0x53F5161: SSL_CTX_new_ex (in /usr/lib/x86_64-linux-gnu/libssl.so.3)
==268755==    by 0x48F8280: ??? (in /usr/lib/x86_64-linux-gnu/libmysqlclient.so.21.2.42)
==268755==    by 0x489A042: ??? (in /usr/lib/x86_64-linux-gnu/libmysqlclient.so.21.2.42)
==268755==    by 0x489AD71: ??? (in /usr/lib/x86_64-linux-gnu/libmysqlclient.so.21.2.42)
==268755==    by 0x48A3273: ??? (in /usr/lib/x86_64-linux-gnu/libmysqlclient.so.21.2.42)
==268755==    by 0x489EF82: mysql_real_connect (in /usr/lib/x86_64-linux-gnu/libmysqlclient.so.21.2.42)
==268755== 
==268755== 24 bytes in 4 blocks are possibly lost in loss record 829 of 2,004
==268755==    at 0x4848899: malloc (in /usr/libexec/valgrind/vgpreload_memcheck-amd64-linux.so)
==268755==    by 0x56196EF: CRYPTO_memdup (in /usr/lib/x86_64-linux-gnu/libcrypto.so.3)
==268755==    by 0x53F62F2: SSL_new (in /usr/lib/x86_64-linux-gnu/libssl.so.3)
==268755==    by 0x48F901B: ??? (in /usr/lib/x86_64-linux-gnu/libmysqlclient.so.21.2.42)
==268755==    by 0x489A12C: ??? (in /usr/lib/x86_64-linux-gnu/libmysqlclient.so.21.2.42)
==268755==    by 0x489AD71: ??? (in /usr/lib/x86_64-linux-gnu/libmysqlclient.so.21.2.42)
==268755==    by 0x48A3273: ??? (in /usr/lib/x86_64-linux-gnu/libmysqlclient.so.21.2.42)
==268755==    by 0x489EF82: mysql_real_connect (in /usr/lib/x86_64-linux-gnu/libmysqlclient.so.21.2.42)
==268755==    by 0x1EC2E1: cpp_dbc::MySQL::MySQLConnection::MySQLConnection(std::__cxx11::basic_string<char, std::char_traits<char>, std::allocator<char> > const&, int, std::__cxx11::basic_string<char, std::char_traits<char>, std::allocator<char> > const&, std::__cxx11::basic_string<char, std::char_traits<char>, std::allocator<char> > const&, std::__cxx11::basic_string<char, std::char_traits<char>, std::allocator<char> > const&) (driver_mysql.cpp:624)
==268755==    by 0x1F6A72: decltype (::new ((void*)(0)) cpp_dbc::MySQL::MySQLConnection((declval<std::__cxx11::basic_string<char, std::char_traits<char>, std::allocator<char> >&>)(), (declval<int&>)(), (declval<std::__cxx11::basic_string<char, std::char_traits<char>, std::allocator<char> >&>)(), (declval<std::__cxx11::basic_string<char, std::char_traits<char>, std::allocator<char> > const&>)(), (declval<std::__cxx11::basic_string<char, std::char_traits<char>, std::allocator<char> > const&>)())) std::construct_at<cpp_dbc::MySQL::MySQLConnection, std::__cxx11::basic_string<char, std::char_traits<char>, std::allocator<char> >&, int&, std::__cxx11::basic_string<char, std::char_traits<char>, std::allocator<char> >&, std::__cxx11::basic_string<char, std::char_traits<char>, std::allocator<char> > const&, std::__cxx11::basic_string<char, std::char_traits<char>, std::allocator<char> > const&>(cpp_dbc::MySQL::MySQLConnection*, std::__cxx11::basic_string<char, std::char_traits<char>, std::allocator<char> >&, int&, std::__cxx11::basic_string<char, std::char_traits<char>, std::allocator<char> >&, std::__cxx11::basic_string<char, std::char_traits<char>, std::allocator<char> > const&, std::__cxx11::basic_string<char, std::char_traits<char>, std::allocator<char> > const&) (stl_construct.h:97)
==268755==    by 0x1F6B2E: void std::allocator_traits<std::allocator<cpp_dbc::MySQL::MySQLConnection> >::construct<cpp_dbc::MySQL::MySQLConnection, std::__cxx11::basic_string<char, std::char_traits<char>, std::allocator<char> >&, int&, std::__cxx11::basic_string<char, std::char_traits<char>, std::allocator<char> >&, std::__cxx11::basic_string<char, std::char_traits<char>, std::allocator<char> > const&, std::__cxx11::basic_string<char, std::char_traits<char>, std::allocator<char> > const&>(std::allocator<cpp_dbc::MySQL::MySQLConnection>&, cpp_dbc::MySQL::MySQLConnection*, std::__cxx11::basic_string<char, std::char_traits<char>, std::allocator<char> >&, int&, std::__cxx11::basic_string<char, std::char_traits<char>, std::allocator<char> >&, std::__cxx11::basic_string<char, std::char_traits<char>, std::allocator<char> > const&, std::__cxx11::basic_string<char, std::char_traits<char>, std::allocator<char> > const&) (alloc_traits.h:518)
==268755==    by 0x1F602C: std::_Sp_counted_ptr_inplace<cpp_dbc::MySQL::MySQLConnection, std::allocator<cpp_dbc::MySQL::MySQLConnection>, (__gnu_cxx::_Lock_policy)2>::_Sp_counted_ptr_inplace<std::__cxx11::basic_string<char, std::char_traits<char>, std::allocator<char> >&, int&, std::__cxx11::basic_string<char, std::char_traits<char>, std::allocator<char> >&, std::__cxx11::basic_string<char, std::char_traits<char>, std::allocator<char> > const&, std::__cxx11::basic_string<char, std::char_traits<char>, std::allocator<char> > const&>(std::allocator<cpp_dbc::MySQL::MySQLConnection>, std::__cxx11::basic_string<char, std::char_traits<char>, std::allocator<char> >&, int&, std::__cxx11::basic_string<char, std::char_traits<char>, std::allocator<char> >&, std::__cxx11::basic_string<char, std::char_traits<char>, std::allocator<char> > const&, std::__cxx11::basic_string<char, std::char_traits<char>, std::allocator<char> > const&) (shared_ptr_base.h:519)
==268755== 
==268755== 25 bytes in 1 blocks are still reachable in loss record 830 of 2,004
==268755==    at 0x4849013: operator new(unsigned long) (in /usr/libexec/valgrind/vgpreload_memcheck-amd64-linux.so)
==268755==    by 0x130468: __gnu_cxx::new_allocator<char>::allocate(unsigned long, void const*) (new_allocator.h:127)
==268755==    by 0x12F934: allocate (allocator.h:185)
==268755==    by 0x12F934: std::allocator_traits<std::allocator<char> >::allocate(std::allocator<char>&, unsigned long) (alloc_traits.h:464)
==268755==    by 0x12FCCD: std::__cxx11::basic_string<char, std::char_traits<char>, std::allocator<char> >::_M_create(unsigned long&, unsigned long) (basic_string.tcc:153)
==268755==    by 0x4902E5D: ??? (in /usr/lib/x86_64-linux-gnu/libmysqlclient.so.21.2.42)
==268755==    by 0x48E4ED1: ??? (in /usr/lib/x86_64-linux-gnu/libmysqlclient.so.21.2.42)
==268755==    by 0x49060D5: ??? (in /usr/lib/x86_64-linux-gnu/libmysqlclient.so.21.2.42)
==268755==    by 0x48E6082: ??? (in /usr/lib/x86_64-linux-gnu/libmysqlclient.so.21.2.42)
==268755==    by 0x522BEE7: __pthread_once_slow (pthread_once.c:116)
==268755==    by 0x4903155: ??? (in /usr/lib/x86_64-linux-gnu/libmysqlclient.so.21.2.42)
==268755==    by 0x489CBB8: ??? (in /usr/lib/x86_64-linux-gnu/libmysqlclient.so.21.2.42)
==268755==    by 0x489D1FA: ??? (in /usr/lib/x86_64-linux-gnu/libmysqlclient.so.21.2.42)
==268755== 
==268755== 25 bytes in 1 blocks are still reachable in loss record 831 of 2,004
==268755==    at 0x4849013: operator new(unsigned long) (in /usr/libexec/valgrind/vgpreload_memcheck-amd64-linux.so)
==268755==    by 0x130468: __gnu_cxx::new_allocator<char>::allocate(unsigned long, void const*) (new_allocator.h:127)
==268755==    by 0x12F934: allocate (allocator.h:185)
==268755==    by 0x12F934: std::allocator_traits<std::allocator<char> >::allocate(std::allocator<char>&, unsigned long) (alloc_traits.h:464)
==268755==    by 0x12FCCD: std::__cxx11::basic_string<char, std::char_traits<char>, std::allocator<char> >::_M_create(unsigned long&, unsigned long) (basic_string.tcc:153)
==268755==    by 0x4902E5D: ??? (in /usr/lib/x86_64-linux-gnu/libmysqlclient.so.21.2.42)
==268755==    by 0x48E4ED1: ??? (in /usr/lib/x86_64-linux-gnu/libmysqlclient.so.21.2.42)
==268755==    by 0x48E5188: ??? (in /usr/lib/x86_64-linux-gnu/libmysqlclient.so.21.2.42)
==268755==    by 0x4907369: ??? (in /usr/lib/x86_64-linux-gnu/libmysqlclient.so.21.2.42)
==268755==    by 0x48E6082: ??? (in /usr/lib/x86_64-linux-gnu/libmysqlclient.so.21.2.42)
==268755==    by 0x522BEE7: __pthread_once_slow (pthread_once.c:116)
==268755==    by 0x4903155: ??? (in /usr/lib/x86_64-linux-gnu/libmysqlclient.so.21.2.42)
==268755==    by 0x489CBB8: ??? (in /usr/lib/x86_64-linux-gnu/libmysqlclient.so.21.2.42)
==268755== 
==268755== 25 bytes in 1 blocks are still reachable in loss record 832 of 2,004
==268755==    at 0x4849013: operator new(unsigned long) (in /usr/libexec/valgrind/vgpreload_memcheck-amd64-linux.so)
==268755==    by 0x130468: __gnu_cxx::new_allocator<char>::allocate(unsigned long, void const*) (new_allocator.h:127)
==268755==    by 0x12F934: allocate (allocator.h:185)
==268755==    by 0x12F934: std::allocator_traits<std::allocator<char> >::allocate(std::allocator<char>&, unsigned long) (alloc_traits.h:464)
==268755==    by 0x12FCCD: std::__cxx11::basic_string<char, std::char_traits<char>, std::allocator<char> >::_M_create(unsigned long&, unsigned long) (basic_string.tcc:153)
==268755==    by 0x4902E5D: ??? (in /usr/lib/x86_64-linux-gnu/libmysqlclient.so.21.2.42)
==268755==    by 0x48E4ED1: ??? (in /usr/lib/x86_64-linux-gnu/libmysqlclient.so.21.2.42)
==268755==    by 0x48E5188: ??? (in /usr/lib/x86_64-linux-gnu/libmysqlclient.so.21.2.42)
==268755==    by 0x4907A41: ??? (in /usr/lib/x86_64-linux-gnu/libmysqlclient.so.21.2.42)
==268755==    by 0x48E6082: ??? (in /usr/lib/x86_64-linux-gnu/libmysqlclient.so.21.2.42)
==268755==    by 0x522BEE7: __pthread_once_slow (pthread_once.c:116)
==268755==    by 0x4903155: ??? (in /usr/lib/x86_64-linux-gnu/libmysqlclient.so.21.2.42)
==268755==    by 0x489CBB8: ??? (in /usr/lib/x86_64-linux-gnu/libmysqlclient.so.21.2.42)
==268755== 
==268755== 25 bytes in 1 blocks are still reachable in loss record 833 of 2,004
==268755==    at 0x4849013: operator new(unsigned long) (in /usr/libexec/valgrind/vgpreload_memcheck-amd64-linux.so)
==268755==    by 0x130468: __gnu_cxx::new_allocator<char>::allocate(unsigned long, void const*) (new_allocator.h:127)
==268755==    by 0x12F934: allocate (allocator.h:185)
==268755==    by 0x12F934: std::allocator_traits<std::allocator<char> >::allocate(std::allocator<char>&, unsigned long) (alloc_traits.h:464)
==268755==    by 0x12FCCD: std::__cxx11::basic_string<char, std::char_traits<char>, std::allocator<char> >::_M_create(unsigned long&, unsigned long) (basic_string.tcc:153)
==268755==    by 0x4902E5D: ??? (in /usr/lib/x86_64-linux-gnu/libmysqlclient.so.21.2.42)
==268755==    by 0x48E4ED1: ??? (in /usr/lib/x86_64-linux-gnu/libmysqlclient.so.21.2.42)
==268755==    by 0x4907F89: ??? (in /usr/lib/x86_64-linux-gnu/libmysqlclient.so.21.2.42)
==268755==    by 0x48E6082: ??? (in /usr/lib/x86_64-linux-gnu/libmysqlclient.so.21.2.42)
==268755==    by 0x522BEE7: __pthread_once_slow (pthread_once.c:116)
==268755==    by 0x4903155: ??? (in /usr/lib/x86_64-linux-gnu/libmysqlclient.so.21.2.42)
==268755==    by 0x489CBB8: ??? (in /usr/lib/x86_64-linux-gnu/libmysqlclient.so.21.2.42)
==268755==    by 0x489D1FA: ??? (in /usr/lib/x86_64-linux-gnu/libmysqlclient.so.21.2.42)
==268755== 
==268755== 27 bytes in 1 blocks are still reachable in loss record 834 of 2,004
==268755==    at 0x4849013: operator new(unsigned long) (in /usr/libexec/valgrind/vgpreload_memcheck-amd64-linux.so)
==268755==    by 0x130468: __gnu_cxx::new_allocator<char>::allocate(unsigned long, void const*) (new_allocator.h:127)
==268755==    by 0x12F934: allocate (allocator.h:185)
==268755==    by 0x12F934: std::allocator_traits<std::allocator<char> >::allocate(std::allocator<char>&, unsigned long) (alloc_traits.h:464)
==268755==    by 0x12FCCD: std::__cxx11::basic_string<char, std::char_traits<char>, std::allocator<char> >::_M_create(unsigned long&, unsigned long) (basic_string.tcc:153)
==268755==    by 0x138C8E: void std::__cxx11::basic_string<char, std::char_traits<char>, std::allocator<char> >::_M_construct<char*>(char*, char*, std::forward_iterator_tag) (basic_string.tcc:219)
==268755==    by 0x138039: void std::__cxx11::basic_string<char, std::char_traits<char>, std::allocator<char> >::_M_construct_aux<char*>(char*, char*, std::__false_type) (basic_string.h:255)
==268755==    by 0x136D88: void std::__cxx11::basic_string<char, std::char_traits<char>, std::allocator<char> >::_M_construct<char*>(char*, char*) (basic_string.h:274)
==268755==    by 0x135B15: std::__cxx11::basic_string<char, std::char_traits<char>, std::allocator<char> >::basic_string(std::__cxx11::basic_string<char, std::char_traits<char>, std::allocator<char> > const&) (basic_string.h:459)
==268755==    by 0x20CCE0: Catch::Clara::Detail::ParserRefImpl<Catch::Clara::Arg>::ParserRefImpl(Catch::Clara::Detail::ParserRefImpl<Catch::Clara::Arg> const&) (catch_clara.hpp:464)
==268755==    by 0x20CD56: Catch::Clara::Arg::Arg(Catch::Clara::Arg const&) (catch_clara.hpp:529)
==268755==    by 0x211E75: void std::_Construct<Catch::Clara::Arg, Catch::Clara::Arg const&>(Catch::Clara::Arg*, Catch::Clara::Arg const&) (stl_construct.h:119)
==268755==    by 0x21112F: Catch::Clara::Arg* std::__uninitialized_copy<false>::__uninit_copy<__gnu_cxx::__normal_iterator<Catch::Clara::Arg const*, std::vector<Catch::Clara::Arg, std::allocator<Catch::Clara::Arg> > >, Catch::Clara::Arg*>(__gnu_cxx::__normal_iterator<Catch::Clara::Arg const*, std::vector<Catch::Clara::Arg, std::allocator<Catch::Clara::Arg> > >, __gnu_cxx::__normal_iterator<Catch::Clara::Arg const*, std::vector<Catch::Clara::Arg, std::allocator<Catch::Clara::Arg> > >, Catch::Clara::Arg*) (stl_uninitialized.h:92)
==268755== 
==268755== 27 bytes in 1 blocks are still reachable in loss record 835 of 2,004
==268755==    at 0x4849013: operator new(unsigned long) (in /usr/libexec/valgrind/vgpreload_memcheck-amd64-linux.so)
==268755==    by 0x130468: __gnu_cxx::new_allocator<char>::allocate(unsigned long, void const*) (new_allocator.h:127)
==268755==    by 0x12F934: allocate (allocator.h:185)
==268755==    by 0x12F934: std::allocator_traits<std::allocator<char> >::allocate(std::allocator<char>&, unsigned long) (alloc_traits.h:464)
==268755==    by 0x12FCCD: std::__cxx11::basic_string<char, std::char_traits<char>, std::allocator<char> >::_M_create(unsigned long&, unsigned long) (basic_string.tcc:153)
==268755==    by 0x4902E5D: ??? (in /usr/lib/x86_64-linux-gnu/libmysqlclient.so.21.2.42)
==268755==    by 0x48E4ED1: ??? (in /usr/lib/x86_64-linux-gnu/libmysqlclient.so.21.2.42)
==268755==    by 0x49076E3: ??? (in /usr/lib/x86_64-linux-gnu/libmysqlclient.so.21.2.42)
==268755==    by 0x48E6082: ??? (in /usr/lib/x86_64-linux-gnu/libmysqlclient.so.21.2.42)
==268755==    by 0x522BEE7: __pthread_once_slow (pthread_once.c:116)
==268755==    by 0x4903155: ??? (in /usr/lib/x86_64-linux-gnu/libmysqlclient.so.21.2.42)
==268755==    by 0x489CBB8: ??? (in /usr/lib/x86_64-linux-gnu/libmysqlclient.so.21.2.42)
==268755==    by 0x489D1FA: ??? (in /usr/lib/x86_64-linux-gnu/libmysqlclient.so.21.2.42)
==268755== 
==268755== 27 bytes in 1 blocks are still reachable in loss record 836 of 2,004
==268755==    at 0x4849013: operator new(unsigned long) (in /usr/libexec/valgrind/vgpreload_memcheck-amd64-linux.so)
==268755==    by 0x130468: __gnu_cxx::new_allocator<char>::allocate(unsigned long, void const*) (new_allocator.h:127)
==268755==    by 0x12F934: allocate (allocator.h:185)
==268755==    by 0x12F934: std::allocator_traits<std::allocator<char> >::allocate(std::allocator<char>&, unsigned long) (alloc_traits.h:464)
==268755==    by 0x12FCCD: std::__cxx11::basic_string<char, std::char_traits<char>, std::allocator<char> >::_M_create(unsigned long&, unsigned long) (basic_string.tcc:153)
==268755==    by 0x4902E5D: ??? (in /usr/lib/x86_64-linux-gnu/libmysqlclient.so.21.2.42)
==268755==    by 0x48E4ED1: ??? (in /usr/lib/x86_64-linux-gnu/libmysqlclient.so.21.2.42)
==268755==    by 0x49078C9: ??? (in /usr/lib/x86_64-linux-gnu/libmysqlclient.so.21.2.42)
==268755==    by 0x48E6082: ??? (in /usr/lib/x86_64-linux-gnu/libmysqlclient.so.21.2.42)
==268755==    by 0x522BEE7: __pthread_once_slow (pthread_once.c:116)
==268755==    by 0x4903155: ??? (in /usr/lib/x86_64-linux-gnu/libmysqlclient.so.21.2.42)
==268755==    by 0x489CBB8: ??? (in /usr/lib/x86_64-linux-gnu/libmysqlclient.so.21.2.42)
==268755==    by 0x489D1FA: ??? (in /usr/lib/x86_64-linux-gnu/libmysqlclient.so.21.2.42)
==268755== 
==268755== 27 bytes in 1 blocks are still reachable in loss record 837 of 2,004
==268755==    at 0x4849013: operator new(unsigned long) (in /usr/libexec/valgrind/vgpreload_memcheck-amd64-linux.so)
==268755==    by 0x130468: __gnu_cxx::new_allocator<char>::allocate(unsigned long, void const*) (new_allocator.h:127)
==268755==    by 0x12F934: allocate (allocator.h:185)
==268755==    by 0x12F934: std::allocator_traits<std::allocator<char> >::allocate(std::allocator<char>&, unsigned long) (alloc_traits.h:464)
==268755==    by 0x12FCCD: std::__cxx11::basic_string<char, std::char_traits<char>, std::allocator<char> >::_M_create(unsigned long&, unsigned long) (basic_string.tcc:153)
==268755==    by 0x4902E5D: ??? (in /usr/lib/x86_64-linux-gnu/libmysqlclient.so.21.2.42)
==268755==    by 0x48E4ED1: ??? (in /usr/lib/x86_64-linux-gnu/libmysqlclient.so.21.2.42)
==268755==    by 0x49079D1: ??? (in /usr/lib/x86_64-linux-gnu/libmysqlclient.so.21.2.42)
==268755==    by 0x48E6082: ??? (in /usr/lib/x86_64-linux-gnu/libmysqlclient.so.21.2.42)
==268755==    by 0x522BEE7: __pthread_once_slow (pthread_once.c:116)
==268755==    by 0x4903155: ??? (in /usr/lib/x86_64-linux-gnu/libmysqlclient.so.21.2.42)
==268755==    by 0x489CBB8: ??? (in /usr/lib/x86_64-linux-gnu/libmysqlclient.so.21.2.42)
==268755==    by 0x489D1FA: ??? (in /usr/lib/x86_64-linux-gnu/libmysqlclient.so.21.2.42)
==268755== 
==268755== 27 bytes in 1 blocks are still reachable in loss record 838 of 2,004
==268755==    at 0x4849013: operator new(unsigned long) (in /usr/libexec/valgrind/vgpreload_memcheck-amd64-linux.so)
==268755==    by 0x130468: __gnu_cxx::new_allocator<char>::allocate(unsigned long, void const*) (new_allocator.h:127)
==268755==    by 0x12F934: allocate (allocator.h:185)
==268755==    by 0x12F934: std::allocator_traits<std::allocator<char> >::allocate(std::allocator<char>&, unsigned long) (alloc_traits.h:464)
==268755==    by 0x12FCCD: std::__cxx11::basic_string<char, std::char_traits<char>, std::allocator<char> >::_M_create(unsigned long&, unsigned long) (basic_string.tcc:153)
==268755==    by 0x4902E5D: ??? (in /usr/lib/x86_64-linux-gnu/libmysqlclient.so.21.2.42)
==268755==    by 0x48E4ED1: ??? (in /usr/lib/x86_64-linux-gnu/libmysqlclient.so.21.2.42)
==268755==    by 0x4907DBB: ??? (in /usr/lib/x86_64-linux-gnu/libmysqlclient.so.21.2.42)
==268755==    by 0x48E6082: ??? (in /usr/lib/x86_64-linux-gnu/libmysqlclient.so.21.2.42)
==268755==    by 0x522BEE7: __pthread_once_slow (pthread_once.c:116)
==268755==    by 0x4903155: ??? (in /usr/lib/x86_64-linux-gnu/libmysqlclient.so.21.2.42)
==268755==    by 0x489CBB8: ??? (in /usr/lib/x86_64-linux-gnu/libmysqlclient.so.21.2.42)
==268755==    by 0x489D1FA: ??? (in /usr/lib/x86_64-linux-gnu/libmysqlclient.so.21.2.42)
==268755== 
==268755== 27 bytes in 1 blocks are still reachable in loss record 839 of 2,004
==268755==    at 0x4849013: operator new(unsigned long) (in /usr/libexec/valgrind/vgpreload_memcheck-amd64-linux.so)
==268755==    by 0x130468: __gnu_cxx::new_allocator<char>::allocate(unsigned long, void const*) (new_allocator.h:127)
==268755==    by 0x12F934: allocate (allocator.h:185)
==268755==    by 0x12F934: std::allocator_traits<std::allocator<char> >::allocate(std::allocator<char>&, unsigned long) (alloc_traits.h:464)
==268755==    by 0x12FCCD: std::__cxx11::basic_string<char, std::char_traits<char>, std::allocator<char> >::_M_create(unsigned long&, unsigned long) (basic_string.tcc:153)
==268755==    by 0x4902E5D: ??? (in /usr/lib/x86_64-linux-gnu/libmysqlclient.so.21.2.42)
==268755==    by 0x48E4ED1: ??? (in /usr/lib/x86_64-linux-gnu/libmysqlclient.so.21.2.42)
==268755==    by 0x49080DF: ??? (in /usr/lib/x86_64-linux-gnu/libmysqlclient.so.21.2.42)
==268755==    by 0x48E6082: ??? (in /usr/lib/x86_64-linux-gnu/libmysqlclient.so.21.2.42)
==268755==    by 0x522BEE7: __pthread_once_slow (pthread_once.c:116)
==268755==    by 0x4903155: ??? (in /usr/lib/x86_64-linux-gnu/libmysqlclient.so.21.2.42)
==268755==    by 0x489CBB8: ??? (in /usr/lib/x86_64-linux-gnu/libmysqlclient.so.21.2.42)
==268755==    by 0x489D1FA: ??? (in /usr/lib/x86_64-linux-gnu/libmysqlclient.so.21.2.42)
==268755== 
==268755== 27 bytes in 1 blocks are still reachable in loss record 840 of 2,004
==268755==    at 0x4849013: operator new(unsigned long) (in /usr/libexec/valgrind/vgpreload_memcheck-amd64-linux.so)
==268755==    by 0x130468: __gnu_cxx::new_allocator<char>::allocate(unsigned long, void const*) (new_allocator.h:127)
==268755==    by 0x12F934: allocate (allocator.h:185)
==268755==    by 0x12F934: std::allocator_traits<std::allocator<char> >::allocate(std::allocator<char>&, unsigned long) (alloc_traits.h:464)
==268755==    by 0x12FCCD: std::__cxx11::basic_string<char, std::char_traits<char>, std::allocator<char> >::_M_create(unsigned long&, unsigned long) (basic_string.tcc:153)
==268755==    by 0x4902E5D: ??? (in /usr/lib/x86_64-linux-gnu/libmysqlclient.so.21.2.42)
==268755==    by 0x48E4ED1: ??? (in /usr/lib/x86_64-linux-gnu/libmysqlclient.so.21.2.42)
==268755==    by 0x49081E7: ??? (in /usr/lib/x86_64-linux-gnu/libmysqlclient.so.21.2.42)
==268755==    by 0x48E6082: ??? (in /usr/lib/x86_64-linux-gnu/libmysqlclient.so.21.2.42)
==268755==    by 0x522BEE7: __pthread_once_slow (pthread_once.c:116)
==268755==    by 0x4903155: ??? (in /usr/lib/x86_64-linux-gnu/libmysqlclient.so.21.2.42)
==268755==    by 0x489CBB8: ??? (in /usr/lib/x86_64-linux-gnu/libmysqlclient.so.21.2.42)
==268755==    by 0x489D1FA: ??? (in /usr/lib/x86_64-linux-gnu/libmysqlclient.so.21.2.42)
==268755== 
==268755== 28 bytes in 1 blocks are still reachable in loss record 841 of 2,004
==268755==    at 0x4849013: operator new(unsigned long) (in /usr/libexec/valgrind/vgpreload_memcheck-amd64-linux.so)
==268755==    by 0x130468: __gnu_cxx::new_allocator<char>::allocate(unsigned long, void const*) (new_allocator.h:127)
==268755==    by 0x12F934: allocate (allocator.h:185)
==268755==    by 0x12F934: std::allocator_traits<std::allocator<char> >::allocate(std::allocator<char>&, unsigned long) (alloc_traits.h:464)
==268755==    by 0x12FCCD: std::__cxx11::basic_string<char, std::char_traits<char>, std::allocator<char> >::_M_create(unsigned long&, unsigned long) (basic_string.tcc:153)
==268755==    by 0x12F7D0: void std::__cxx11::basic_string<char, std::char_traits<char>, std::allocator<char> >::_M_construct<char const*>(char const*, char const*, std::forward_iterator_tag) (basic_string.tcc:219)
==268755==    by 0x12FD33: void std::__cxx11::basic_string<char, std::char_traits<char>, std::allocator<char> >::_M_construct_aux<char const*>(char const*, char const*, std::__false_type) (basic_string.h:255)
==268755==    by 0x12F612: void std::__cxx11::basic_string<char, std::char_traits<char>, std::allocator<char> >::_M_construct<char const*>(char const*, char const*) (basic_string.h:274)
==268755==    by 0x12EF1D: std::__cxx11::basic_string<char, std::char_traits<char>, std::allocator<char> >::basic_string(char const*, unsigned long, std::allocator<char> const&) (basic_string.h:521)
==268755==    by 0x14BA4C: Catch::StringRef::operator std::__cxx11::basic_string<char, std::char_traits<char>, std::allocator<char> >() const (catch_stringref.hpp:50)
==268755==    by 0x26B149: Catch::TestCaseTracking::SectionTracker::acquire(Catch::TestCaseTracking::TrackerContext&, Catch::TestCaseTracking::NameAndLocationRef const&) (catch_test_case_tracker.cpp:196)
==268755==    by 0x2541FF: Catch::RunContext::runTest(Catch::TestCaseHandle const&) (catch_run_context.cpp:226)
==268755==    by 0x205F36: Catch::(anonymous namespace)::TestGroup::execute() (catch_session.cpp:110)
==268755== 
==268755== 28 bytes in 1 blocks are still reachable in loss record 842 of 2,004
==268755==    at 0x4849013: operator new(unsigned long) (in /usr/libexec/valgrind/vgpreload_memcheck-amd64-linux.so)
==268755==    by 0x130468: __gnu_cxx::new_allocator<char>::allocate(unsigned long, void const*) (new_allocator.h:127)
==268755==    by 0x12F934: allocate (allocator.h:185)
==268755==    by 0x12F934: std::allocator_traits<std::allocator<char> >::allocate(std::allocator<char>&, unsigned long) (alloc_traits.h:464)
==268755==    by 0x12FCCD: std::__cxx11::basic_string<char, std::char_traits<char>, std::allocator<char> >::_M_create(unsigned long&, unsigned long) (basic_string.tcc:153)
==268755==    by 0x138C8E: void std::__cxx11::basic_string<char, std::char_traits<char>, std::allocator<char> >::_M_construct<char*>(char*, char*, std::forward_iterator_tag) (basic_string.tcc:219)
==268755==    by 0x138039: void std::__cxx11::basic_string<char, std::char_traits<char>, std::allocator<char> >::_M_construct_aux<char*>(char*, char*, std::__false_type) (basic_string.h:255)
==268755==    by 0x136D88: void std::__cxx11::basic_string<char, std::char_traits<char>, std::allocator<char> >::_M_construct<char*>(char*, char*) (basic_string.h:274)
==268755==    by 0x135B15: std::__cxx11::basic_string<char, std::char_traits<char>, std::allocator<char> >::basic_string(std::__cxx11::basic_string<char, std::char_traits<char>, std::allocator<char> > const&) (basic_string.h:459)
==268755==    by 0x255AF7: Catch::RunContext::runCurrentTest(std::__cxx11::basic_string<char, std::char_traits<char>, std::allocator<char> >&, std::__cxx11::basic_string<char, std::char_traits<char>, std::allocator<char> >&) (catch_run_context.cpp:479)
==268755==    by 0x2542F5: Catch::RunContext::runTest(Catch::TestCaseHandle const&) (catch_run_context.cpp:232)
==268755==    by 0x205F36: Catch::(anonymous namespace)::TestGroup::execute() (catch_session.cpp:110)
==268755==    by 0x20742F: Catch::Session::runInternal() (catch_session.cpp:332)
==268755== 
==268755== 28 bytes in 1 blocks are still reachable in loss record 843 of 2,004
==268755==    at 0x4849013: operator new(unsigned long) (in /usr/libexec/valgrind/vgpreload_memcheck-amd64-linux.so)
==268755==    by 0x130468: __gnu_cxx::new_allocator<char>::allocate(unsigned long, void const*) (new_allocator.h:127)
==268755==    by 0x12F934: allocate (allocator.h:185)
==268755==    by 0x12F934: std::allocator_traits<std::allocator<char> >::allocate(std::allocator<char>&, unsigned long) (alloc_traits.h:464)
==268755==    by 0x12FCCD: std::__cxx11::basic_string<char, std::char_traits<char>, std::allocator<char> >::_M_create(unsigned long&, unsigned long) (basic_string.tcc:153)
==268755==    by 0x4902E5D: ??? (in /usr/lib/x86_64-linux-gnu/libmysqlclient.so.21.2.42)
==268755==    by 0x48E4ED1: ??? (in /usr/lib/x86_64-linux-gnu/libmysqlclient.so.21.2.42)
==268755==    by 0x4906717: ??? (in /usr/lib/x86_64-linux-gnu/libmysqlclient.so.21.2.42)
==268755==    by 0x48E6082: ??? (in /usr/lib/x86_64-linux-gnu/libmysqlclient.so.21.2.42)
==268755==    by 0x522BEE7: __pthread_once_slow (pthread_once.c:116)
==268755==    by 0x4903155: ??? (in /usr/lib/x86_64-linux-gnu/libmysqlclient.so.21.2.42)
==268755==    by 0x489CBB8: ??? (in /usr/lib/x86_64-linux-gnu/libmysqlclient.so.21.2.42)
==268755==    by 0x489D1FA: ??? (in /usr/lib/x86_64-linux-gnu/libmysqlclient.so.21.2.42)
==268755== 
==268755== 30 bytes in 5 blocks are possibly lost in loss record 844 of 2,004
==268755==    at 0x4848899: malloc (in /usr/libexec/valgrind/vgpreload_memcheck-amd64-linux.so)
==268755==    by 0x53FACA0: ??? (in /usr/lib/x86_64-linux-gnu/libssl.so.3)
==268755==    by 0x53E8034: ??? (in /usr/lib/x86_64-linux-gnu/libssl.so.3)
==268755==    by 0x48F85CE: ??? (in /usr/lib/x86_64-linux-gnu/libmysqlclient.so.21.2.42)
==268755==    by 0x489A042: ??? (in /usr/lib/x86_64-linux-gnu/libmysqlclient.so.21.2.42)
==268755==    by 0x489AD71: ??? (in /usr/lib/x86_64-linux-gnu/libmysqlclient.so.21.2.42)
==268755==    by 0x48A3273: ??? (in /usr/lib/x86_64-linux-gnu/libmysqlclient.so.21.2.42)
==268755==    by 0x489EF82: mysql_real_connect (in /usr/lib/x86_64-linux-gnu/libmysqlclient.so.21.2.42)
==268755==    by 0x1EC2E1: cpp_dbc::MySQL::MySQLConnection::MySQLConnection(std::__cxx11::basic_string<char, std::char_traits<char>, std::allocator<char> > const&, int, std::__cxx11::basic_string<char, std::char_traits<char>, std::allocator<char> > const&, std::__cxx11::basic_string<char, std::char_traits<char>, std::allocator<char> > const&, std::__cxx11::basic_string<char, std::char_traits<char>, std::allocator<char> > const&) (driver_mysql.cpp:624)
==268755==    by 0x1F6A72: decltype (::new ((void*)(0)) cpp_dbc::MySQL::MySQLConnection((declval<std::__cxx11::basic_string<char, std::char_traits<char>, std::allocator<char> >&>)(), (declval<int&>)(), (declval<std::__cxx11::basic_string<char, std::char_traits<char>, std::allocator<char> >&>)(), (declval<std::__cxx11::basic_string<char, std::char_traits<char>, std::allocator<char> > const&>)(), (declval<std::__cxx11::basic_string<char, std::char_traits<char>, std::allocator<char> > const&>)())) std::construct_at<cpp_dbc::MySQL::MySQLConnection, std::__cxx11::basic_string<char, std::char_traits<char>, std::allocator<char> >&, int&, std::__cxx11::basic_string<char, std::char_traits<char>, std::allocator<char> >&, std::__cxx11::basic_string<char, std::char_traits<char>, std::allocator<char> > const&, std::__cxx11::basic_string<char, std::char_traits<char>, std::allocator<char> > const&>(cpp_dbc::MySQL::MySQLConnection*, std::__cxx11::basic_string<char, std::char_traits<char>, std::allocator<char> >&, int&, std::__cxx11::basic_string<char, std::char_traits<char>, std::allocator<char> >&, std::__cxx11::basic_string<char, std::char_traits<char>, std::allocator<char> > const&, std::__cxx11::basic_string<char, std::char_traits<char>, std::allocator<char> > const&) (stl_construct.h:97)
==268755==    by 0x1F6B2E: void std::allocator_traits<std::allocator<cpp_dbc::MySQL::MySQLConnection> >::construct<cpp_dbc::MySQL::MySQLConnection, std::__cxx11::basic_string<char, std::char_traits<char>, std::allocator<char> >&, int&, std::__cxx11::basic_string<char, std::char_traits<char>, std::allocator<char> >&, std::__cxx11::basic_string<char, std::char_traits<char>, std::allocator<char> > const&, std::__cxx11::basic_string<char, std::char_traits<char>, std::allocator<char> > const&>(std::allocator<cpp_dbc::MySQL::MySQLConnection>&, cpp_dbc::MySQL::MySQLConnection*, std::__cxx11::basic_string<char, std::char_traits<char>, std::allocator<char> >&, int&, std::__cxx11::basic_string<char, std::char_traits<char>, std::allocator<char> >&, std::__cxx11::basic_string<char, std::char_traits<char>, std::allocator<char> > const&, std::__cxx11::basic_string<char, std::char_traits<char>, std::allocator<char> > const&) (alloc_traits.h:518)
==268755==    by 0x1F602C: std::_Sp_counted_ptr_inplace<cpp_dbc::MySQL::MySQLConnection, std::allocator<cpp_dbc::MySQL::MySQLConnection>, (__gnu_cxx::_Lock_policy)2>::_Sp_counted_ptr_inplace<std::__cxx11::basic_string<char, std::char_traits<char>, std::allocator<char> >&, int&, std::__cxx11::basic_string<char, std::char_traits<char>, std::allocator<char> >&, std::__cxx11::basic_string<char, std::char_traits<char>, std::allocator<char> > const&, std::__cxx11::basic_string<char, std::char_traits<char>, std::allocator<char> > const&>(std::allocator<cpp_dbc::MySQL::MySQLConnection>, std::__cxx11::basic_string<char, std::char_traits<char>, std::allocator<char> >&, int&, std::__cxx11::basic_string<char, std::char_traits<char>, std::allocator<char> >&, std::__cxx11::basic_string<char, std::char_traits<char>, std::allocator<char> > const&, std::__cxx11::basic_string<char, std::char_traits<char>, std::allocator<char> > const&) (shared_ptr_base.h:519)
==268755== 
==268755== 31 bytes in 1 blocks are still reachable in loss record 845 of 2,004
==268755==    at 0x4849013: operator new(unsigned long) (in /usr/libexec/valgrind/vgpreload_memcheck-amd64-linux.so)
==268755==    by 0x130468: __gnu_cxx::new_allocator<char>::allocate(unsigned long, void const*) (new_allocator.h:127)
==268755==    by 0x12F934: allocate (allocator.h:185)
==268755==    by 0x12F934: std::allocator_traits<std::allocator<char> >::allocate(std::allocator<char>&, unsigned long) (alloc_traits.h:464)
==268755==    by 0x12FCCD: std::__cxx11::basic_string<char, std::char_traits<char>, std::allocator<char> >::_M_create(unsigned long&, unsigned long) (basic_string.tcc:153)
==268755==    by 0x14FFB1: std::__cxx11::basic_string<char, std::char_traits<char>, std::allocator<char> >::reserve(unsigned long) (basic_string.tcc:291)
==268755==    by 0x213D58: Catch::TestCaseInfo::TestCaseInfo(Catch::StringRef, Catch::NameAndTags const&, Catch::SourceLineInfo const&) (catch_test_case_info.cpp:132)
==268755==    by 0x214A8E: Catch::Detail::unique_ptr<Catch::TestCaseInfo> Catch::Detail::make_unique<Catch::TestCaseInfo, Catch::StringRef&, Catch::NameAndTags const&, Catch::SourceLineInfo const&>(Catch::StringRef&, Catch::NameAndTags const&, Catch::SourceLineInfo const&) (catch_unique_ptr.hpp:111)
==268755==    by 0x213B99: Catch::makeTestCaseInfo(Catch::StringRef, Catch::NameAndTags const&, Catch::SourceLineInfo const&) (catch_test_case_info.cpp:118)
==268755==    by 0x26E957: Catch::AutoReg::AutoReg(Catch::Detail::unique_ptr<Catch::ITestInvoker>, Catch::SourceLineInfo const&, Catch::StringRef, Catch::NameAndTags const&) (catch_test_registry.cpp:59)
==268755==    by 0x13113C: __static_initialization_and_destruction_0(int, int) (test_basic.cpp:6)
==268755==    by 0x131316: _GLOBAL__sub_I_test_basic.cpp (test_basic.cpp:36)
==268755==    by 0x51BBEBA: call_init (libc-start.c:145)
==268755==    by 0x51BBEBA: __libc_start_main@@GLIBC_2.34 (libc-start.c:379)
==268755== 
==268755== 31 bytes in 1 blocks are still reachable in loss record 846 of 2,004
==268755==    at 0x4849013: operator new(unsigned long) (in /usr/libexec/valgrind/vgpreload_memcheck-amd64-linux.so)
==268755==    by 0x130468: __gnu_cxx::new_allocator<char>::allocate(unsigned long, void const*) (new_allocator.h:127)
==268755==    by 0x12F934: allocate (allocator.h:185)
==268755==    by 0x12F934: std::allocator_traits<std::allocator<char> >::allocate(std::allocator<char>&, unsigned long) (alloc_traits.h:464)
==268755==    by 0x12FCCD: std::__cxx11::basic_string<char, std::char_traits<char>, std::allocator<char> >::_M_create(unsigned long&, unsigned long) (basic_string.tcc:153)
==268755==    by 0x14FFB1: std::__cxx11::basic_string<char, std::char_traits<char>, std::allocator<char> >::reserve(unsigned long) (basic_string.tcc:291)
==268755==    by 0x213D58: Catch::TestCaseInfo::TestCaseInfo(Catch::StringRef, Catch::NameAndTags const&, Catch::SourceLineInfo const&) (catch_test_case_info.cpp:132)
==268755==    by 0x214A8E: Catch::Detail::unique_ptr<Catch::TestCaseInfo> Catch::Detail::make_unique<Catch::TestCaseInfo, Catch::StringRef&, Catch::NameAndTags const&, Catch::SourceLineInfo const&>(Catch::StringRef&, Catch::NameAndTags const&, Catch::SourceLineInfo const&) (catch_unique_ptr.hpp:111)
==268755==    by 0x213B99: Catch::makeTestCaseInfo(Catch::StringRef, Catch::NameAndTags const&, Catch::SourceLineInfo const&) (catch_test_case_info.cpp:118)
==268755==    by 0x26E957: Catch::AutoReg::AutoReg(Catch::Detail::unique_ptr<Catch::ITestInvoker>, Catch::SourceLineInfo const&, Catch::StringRef, Catch::NameAndTags const&) (catch_test_registry.cpp:59)
==268755==    by 0x13120C: __static_initialization_and_destruction_0(int, int) (test_basic.cpp:17)
==268755==    by 0x131316: _GLOBAL__sub_I_test_basic.cpp (test_basic.cpp:36)
==268755==    by 0x51BBEBA: call_init (libc-start.c:145)
==268755==    by 0x51BBEBA: __libc_start_main@@GLIBC_2.34 (libc-start.c:379)
==268755== 
==268755== 31 bytes in 1 blocks are still reachable in loss record 847 of 2,004
==268755==    at 0x4849013: operator new(unsigned long) (in /usr/libexec/valgrind/vgpreload_memcheck-amd64-linux.so)
==268755==    by 0x130468: __gnu_cxx::new_allocator<char>::allocate(unsigned long, void const*) (new_allocator.h:127)
==268755==    by 0x12F934: allocate (allocator.h:185)
==268755==    by 0x12F934: std::allocator_traits<std::allocator<char> >::allocate(std::allocator<char>&, unsigned long) (alloc_traits.h:464)
==268755==    by 0x12FCCD: std::__cxx11::basic_string<char, std::char_traits<char>, std::allocator<char> >::_M_create(unsigned long&, unsigned long) (basic_string.tcc:153)
==268755==    by 0x14FFB1: std::__cxx11::basic_string<char, std::char_traits<char>, std::allocator<char> >::reserve(unsigned long) (basic_string.tcc:291)
==268755==    by 0x213D58: Catch::TestCaseInfo::TestCaseInfo(Catch::StringRef, Catch::NameAndTags const&, Catch::SourceLineInfo const&) (catch_test_case_info.cpp:132)
==268755==    by 0x214A8E: Catch::Detail::unique_ptr<Catch::TestCaseInfo> Catch::Detail::make_unique<Catch::TestCaseInfo, Catch::StringRef&, Catch::NameAndTags const&, Catch::SourceLineInfo const&>(Catch::StringRef&, Catch::NameAndTags const&, Catch::SourceLineInfo const&) (catch_unique_ptr.hpp:111)
==268755==    by 0x213B99: Catch::makeTestCaseInfo(Catch::StringRef, Catch::NameAndTags const&, Catch::SourceLineInfo const&) (catch_test_case_info.cpp:118)
==268755==    by 0x26E957: Catch::AutoReg::AutoReg(Catch::Detail::unique_ptr<Catch::ITestInvoker>, Catch::SourceLineInfo const&, Catch::StringRef, Catch::NameAndTags const&) (catch_test_registry.cpp:59)
==268755==    by 0x1312DC: __static_initialization_and_destruction_0(int, int) (test_basic.cpp:28)
==268755==    by 0x131316: _GLOBAL__sub_I_test_basic.cpp (test_basic.cpp:36)
==268755==    by 0x51BBEBA: call_init (libc-start.c:145)
==268755==    by 0x51BBEBA: __libc_start_main@@GLIBC_2.34 (libc-start.c:379)
==268755== 
==268755== 31 bytes in 1 blocks are still reachable in loss record 848 of 2,004
==268755==    at 0x4849013: operator new(unsigned long) (in /usr/libexec/valgrind/vgpreload_memcheck-amd64-linux.so)
==268755==    by 0x130468: __gnu_cxx::new_allocator<char>::allocate(unsigned long, void const*) (new_allocator.h:127)
==268755==    by 0x12F934: allocate (allocator.h:185)
==268755==    by 0x12F934: std::allocator_traits<std::allocator<char> >::allocate(std::allocator<char>&, unsigned long) (alloc_traits.h:464)
==268755==    by 0x12FCCD: std::__cxx11::basic_string<char, std::char_traits<char>, std::allocator<char> >::_M_create(unsigned long&, unsigned long) (basic_string.tcc:153)
==268755==    by 0x14FFB1: std::__cxx11::basic_string<char, std::char_traits<char>, std::allocator<char> >::reserve(unsigned long) (basic_string.tcc:291)
==268755==    by 0x213D58: Catch::TestCaseInfo::TestCaseInfo(Catch::StringRef, Catch::NameAndTags const&, Catch::SourceLineInfo const&) (catch_test_case_info.cpp:132)
==268755==    by 0x214A8E: Catch::Detail::unique_ptr<Catch::TestCaseInfo> Catch::Detail::make_unique<Catch::TestCaseInfo, Catch::StringRef&, Catch::NameAndTags const&, Catch::SourceLineInfo const&>(Catch::StringRef&, Catch::NameAndTags const&, Catch::SourceLineInfo const&) (catch_unique_ptr.hpp:111)
==268755==    by 0x213B99: Catch::makeTestCaseInfo(Catch::StringRef, Catch::NameAndTags const&, Catch::SourceLineInfo const&) (catch_test_case_info.cpp:118)
==268755==    by 0x26E957: Catch::AutoReg::AutoReg(Catch::Detail::unique_ptr<Catch::ITestInvoker>, Catch::SourceLineInfo const&, Catch::StringRef, Catch::NameAndTags const&) (catch_test_registry.cpp:59)
==268755==    by 0x133DF0: __static_initialization_and_destruction_0(int, int) (test_yaml.cpp:6)
==268755==    by 0x133E2A: _GLOBAL__sub_I_test_yaml.cpp (test_yaml.cpp:47)
==268755==    by 0x51BBEBA: call_init (libc-start.c:145)
==268755==    by 0x51BBEBA: __libc_start_main@@GLIBC_2.34 (libc-start.c:379)
==268755== 
==268755== 31 bytes in 1 blocks are still reachable in loss record 849 of 2,004
==268755==    at 0x4849013: operator new(unsigned long) (in /usr/libexec/valgrind/vgpreload_memcheck-amd64-linux.so)
==268755==    by 0x130468: __gnu_cxx::new_allocator<char>::allocate(unsigned long, void const*) (new_allocator.h:127)
==268755==    by 0x12F934: allocate (allocator.h:185)
==268755==    by 0x12F934: std::allocator_traits<std::allocator<char> >::allocate(std::allocator<char>&, unsigned long) (alloc_traits.h:464)
==268755==    by 0x12FCCD: std::__cxx11::basic_string<char, std::char_traits<char>, std::allocator<char> >::_M_create(unsigned long&, unsigned long) (basic_string.tcc:153)
==268755==    by 0x14FFB1: std::__cxx11::basic_string<char, std::char_traits<char>, std::allocator<char> >::reserve(unsigned long) (basic_string.tcc:291)
==268755==    by 0x213D58: Catch::TestCaseInfo::TestCaseInfo(Catch::StringRef, Catch::NameAndTags const&, Catch::SourceLineInfo const&) (catch_test_case_info.cpp:132)
==268755==    by 0x214A8E: Catch::Detail::unique_ptr<Catch::TestCaseInfo> Catch::Detail::make_unique<Catch::TestCaseInfo, Catch::StringRef&, Catch::NameAndTags const&, Catch::SourceLineInfo const&>(Catch::StringRef&, Catch::NameAndTags const&, Catch::SourceLineInfo const&) (catch_unique_ptr.hpp:111)
==268755==    by 0x213B99: Catch::makeTestCaseInfo(Catch::StringRef, Catch::NameAndTags const&, Catch::SourceLineInfo const&) (catch_test_case_info.cpp:118)
==268755==    by 0x26E957: Catch::AutoReg::AutoReg(Catch::Detail::unique_ptr<Catch::ITestInvoker>, Catch::SourceLineInfo const&, Catch::StringRef, Catch::NameAndTags const&) (catch_test_registry.cpp:59)
==268755==    by 0x1A5BBB: __static_initialization_and_destruction_0(int, int) (test_drivers.cpp:115)
==268755==    by 0x1A5E65: _GLOBAL__sub_I_test_drivers.cpp (test_drivers.cpp:281)
==268755==    by 0x51BBEBA: call_init (libc-start.c:145)
==268755==    by 0x51BBEBA: __libc_start_main@@GLIBC_2.34 (libc-start.c:379)
==268755== 
==268755== 31 bytes in 1 blocks are still reachable in loss record 850 of 2,004
==268755==    at 0x4849013: operator new(unsigned long) (in /usr/libexec/valgrind/vgpreload_memcheck-amd64-linux.so)
==268755==    by 0x130468: __gnu_cxx::new_allocator<char>::allocate(unsigned long, void const*) (new_allocator.h:127)
==268755==    by 0x12F934: allocate (allocator.h:185)
==268755==    by 0x12F934: std::allocator_traits<std::allocator<char> >::allocate(std::allocator<char>&, unsigned long) (alloc_traits.h:464)
==268755==    by 0x12FCCD: std::__cxx11::basic_string<char, std::char_traits<char>, std::allocator<char> >::_M_create(unsigned long&, unsigned long) (basic_string.tcc:153)
==268755==    by 0x14FFB1: std::__cxx11::basic_string<char, std::char_traits<char>, std::allocator<char> >::reserve(unsigned long) (basic_string.tcc:291)
==268755==    by 0x213D58: Catch::TestCaseInfo::TestCaseInfo(Catch::StringRef, Catch::NameAndTags const&, Catch::SourceLineInfo const&) (catch_test_case_info.cpp:132)
==268755==    by 0x214A8E: Catch::Detail::unique_ptr<Catch::TestCaseInfo> Catch::Detail::make_unique<Catch::TestCaseInfo, Catch::StringRef&, Catch::NameAndTags const&, Catch::SourceLineInfo const&>(Catch::StringRef&, Catch::NameAndTags const&, Catch::SourceLineInfo const&) (catch_unique_ptr.hpp:111)
==268755==    by 0x213B99: Catch::makeTestCaseInfo(Catch::StringRef, Catch::NameAndTags const&, Catch::SourceLineInfo const&) (catch_test_case_info.cpp:118)
==268755==    by 0x26E957: Catch::AutoReg::AutoReg(Catch::Detail::unique_ptr<Catch::ITestInvoker>, Catch::SourceLineInfo const&, Catch::StringRef, Catch::NameAndTags const&) (catch_test_registry.cpp:59)
==268755==    by 0x1A5C8B: __static_initialization_and_destruction_0(int, int) (test_drivers.cpp:138)
==268755==    by 0x1A5E65: _GLOBAL__sub_I_test_drivers.cpp (test_drivers.cpp:281)
==268755==    by 0x51BBEBA: call_init (libc-start.c:145)
==268755==    by 0x51BBEBA: __libc_start_main@@GLIBC_2.34 (libc-start.c:379)
==268755== 
==268755== 31 bytes in 1 blocks are still reachable in loss record 851 of 2,004
==268755==    at 0x4849013: operator new(unsigned long) (in /usr/libexec/valgrind/vgpreload_memcheck-amd64-linux.so)
==268755==    by 0x130468: __gnu_cxx::new_allocator<char>::allocate(unsigned long, void const*) (new_allocator.h:127)
==268755==    by 0x12F934: allocate (allocator.h:185)
==268755==    by 0x12F934: std::allocator_traits<std::allocator<char> >::allocate(std::allocator<char>&, unsigned long) (alloc_traits.h:464)
==268755==    by 0x12FCCD: std::__cxx11::basic_string<char, std::char_traits<char>, std::allocator<char> >::_M_create(unsigned long&, unsigned long) (basic_string.tcc:153)
==268755==    by 0x14FFB1: std::__cxx11::basic_string<char, std::char_traits<char>, std::allocator<char> >::reserve(unsigned long) (basic_string.tcc:291)
==268755==    by 0x213D58: Catch::TestCaseInfo::TestCaseInfo(Catch::StringRef, Catch::NameAndTags const&, Catch::SourceLineInfo const&) (catch_test_case_info.cpp:132)
==268755==    by 0x214A8E: Catch::Detail::unique_ptr<Catch::TestCaseInfo> Catch::Detail::make_unique<Catch::TestCaseInfo, Catch::StringRef&, Catch::NameAndTags const&, Catch::SourceLineInfo const&>(Catch::StringRef&, Catch::NameAndTags const&, Catch::SourceLineInfo const&) (catch_unique_ptr.hpp:111)
==268755==    by 0x213B99: Catch::makeTestCaseInfo(Catch::StringRef, Catch::NameAndTags const&, Catch::SourceLineInfo const&) (catch_test_case_info.cpp:118)
==268755==    by 0x26E957: Catch::AutoReg::AutoReg(Catch::Detail::unique_ptr<Catch::ITestInvoker>, Catch::SourceLineInfo const&, Catch::StringRef, Catch::NameAndTags const&) (catch_test_registry.cpp:59)
==268755==    by 0x1A5D5B: __static_initialization_and_destruction_0(int, int) (test_drivers.cpp:165)
==268755==    by 0x1A5E65: _GLOBAL__sub_I_test_drivers.cpp (test_drivers.cpp:281)
==268755==    by 0x51BBEBA: call_init (libc-start.c:145)
==268755==    by 0x51BBEBA: __libc_start_main@@GLIBC_2.34 (libc-start.c:379)
==268755== 
==268755== 31 bytes in 1 blocks are still reachable in loss record 852 of 2,004
==268755==    at 0x4849013: operator new(unsigned long) (in /usr/libexec/valgrind/vgpreload_memcheck-amd64-linux.so)
==268755==    by 0x130468: __gnu_cxx::new_allocator<char>::allocate(unsigned long, void const*) (new_allocator.h:127)
==268755==    by 0x12F934: allocate (allocator.h:185)
==268755==    by 0x12F934: std::allocator_traits<std::allocator<char> >::allocate(std::allocator<char>&, unsigned long) (alloc_traits.h:464)
==268755==    by 0x12FCCD: std::__cxx11::basic_string<char, std::char_traits<char>, std::allocator<char> >::_M_create(unsigned long&, unsigned long) (basic_string.tcc:153)
==268755==    by 0x130301: std::__cxx11::basic_string<char, std::char_traits<char>, std::allocator<char> >::_M_mutate(unsigned long, unsigned long, char const*, unsigned long) (basic_string.tcc:307)
==268755==    by 0x12FE5F: std::__cxx11::basic_string<char, std::char_traits<char>, std::allocator<char> >::_M_append(char const*, unsigned long) (basic_string.tcc:395)
==268755==    by 0x14FEDA: std::__cxx11::basic_string<char, std::char_traits<char>, std::allocator<char> >::append(std::__cxx11::basic_string<char, std::char_traits<char>, std::allocator<char> > const&) (basic_string.h:1214)
==268755==    by 0x14D14C: std::__cxx11::basic_string<char, std::char_traits<char>, std::allocator<char> > std::operator+<char, std::char_traits<char>, std::allocator<char> >(std::__cxx11::basic_string<char, std::char_traits<char>, std::allocator<char> >&&, std::__cxx11::basic_string<char, std::char_traits<char>, std::allocator<char> >&&) (basic_string.h:6189)
==268755==    by 0x1B295A: CATCH2_INTERNAL_TEST_0()::{lambda()#1}::operator()() const (test_mysql_real.cpp:301)
==268755==    by 0x1B4DC5: void std::__invoke_impl<void, CATCH2_INTERNAL_TEST_0()::{lambda()#1}>(std::__invoke_other, CATCH2_INTERNAL_TEST_0()::{lambda()#1}&&) (invoke.h:61)
==268755==    by 0x1B4D88: std::__invoke_result<CATCH2_INTERNAL_TEST_0()::{lambda()#1}>::type std::__invoke<CATCH2_INTERNAL_TEST_0()::{lambda()#1}>(CATCH2_INTERNAL_TEST_0()::{lambda()#1}&&) (invoke.h:96)
==268755==    by 0x1B4D35: void std::thread::_Invoker<std::tuple<CATCH2_INTERNAL_TEST_0()::{lambda()#1}> >::_M_invoke<0ul>(std::_Index_tuple<0ul>) (std_thread.h:259)
==268755== 
==268755== 31 bytes in 1 blocks are still reachable in loss record 853 of 2,004
==268755==    at 0x4849013: operator new(unsigned long) (in /usr/libexec/valgrind/vgpreload_memcheck-amd64-linux.so)
==268755==    by 0x130468: __gnu_cxx::new_allocator<char>::allocate(unsigned long, void const*) (new_allocator.h:127)
==268755==    by 0x12F934: allocate (allocator.h:185)
==268755==    by 0x12F934: std::allocator_traits<std::allocator<char> >::allocate(std::allocator<char>&, unsigned long) (alloc_traits.h:464)
==268755==    by 0x12FCCD: std::__cxx11::basic_string<char, std::char_traits<char>, std::allocator<char> >::_M_create(unsigned long&, unsigned long) (basic_string.tcc:153)
==268755==    by 0x130301: std::__cxx11::basic_string<char, std::char_traits<char>, std::allocator<char> >::_M_mutate(unsigned long, unsigned long, char const*, unsigned long) (basic_string.tcc:307)
==268755==    by 0x12FE5F: std::__cxx11::basic_string<char, std::char_traits<char>, std::allocator<char> >::_M_append(char const*, unsigned long) (basic_string.tcc:395)
==268755==    by 0x14FEDA: std::__cxx11::basic_string<char, std::char_traits<char>, std::allocator<char> >::append(std::__cxx11::basic_string<char, std::char_traits<char>, std::allocator<char> > const&) (basic_string.h:1214)
==268755==    by 0x14D14C: std::__cxx11::basic_string<char, std::char_traits<char>, std::allocator<char> > std::operator+<char, std::char_traits<char>, std::allocator<char> >(std::__cxx11::basic_string<char, std::char_traits<char>, std::allocator<char> >&&, std::__cxx11::basic_string<char, std::char_traits<char>, std::allocator<char> >&&) (basic_string.h:6189)
==268755==    by 0x1B3069: CATCH2_INTERNAL_TEST_0()::{lambda()#1}::operator()() const (test_mysql_real.cpp:309)
==268755==    by 0x1B4DC5: void std::__invoke_impl<void, CATCH2_INTERNAL_TEST_0()::{lambda()#1}>(std::__invoke_other, CATCH2_INTERNAL_TEST_0()::{lambda()#1}&&) (invoke.h:61)
==268755==    by 0x1B4D88: std::__invoke_result<CATCH2_INTERNAL_TEST_0()::{lambda()#1}>::type std::__invoke<CATCH2_INTERNAL_TEST_0()::{lambda()#1}>(CATCH2_INTERNAL_TEST_0()::{lambda()#1}&&) (invoke.h:96)
==268755==    by 0x1B4D35: void std::thread::_Invoker<std::tuple<CATCH2_INTERNAL_TEST_0()::{lambda()#1}> >::_M_invoke<0ul>(std::_Index_tuple<0ul>) (std_thread.h:259)
==268755== 
==268755== 32 bytes in 1 blocks are still reachable in loss record 854 of 2,004
==268755==    at 0x484DA83: calloc (in /usr/libexec/valgrind/vgpreload_memcheck-amd64-linux.so)
==268755==    by 0x5CDF982: ??? (in /usr/lib/x86_64-linux-gnu/libgnutls.so.30.31.0)
==268755==    by 0x5CC4A2F: ??? (in /usr/lib/x86_64-linux-gnu/libgnutls.so.30.31.0)
==268755==    by 0x5C92CA2: ??? (in /usr/lib/x86_64-linux-gnu/libgnutls.so.30.31.0)
==268755==    by 0x400647D: call_init.part.0 (dl-init.c:70)
==268755==    by 0x4006567: call_init (dl-init.c:33)
==268755==    by 0x4006567: _dl_init (dl-init.c:117)
==268755==    by 0x40202C9: ??? (in /usr/lib/x86_64-linux-gnu/ld-linux-x86-64.so.2)
==268755==    by 0x4: ???
==268755==    by 0x1FFEFFFDD2: ???
==268755==    by 0x1FFEFFFE3C: ???
==268755==    by 0x1FFEFFFE3F: ???
==268755==    by 0x1FFEFFFE42: ???
==268755== 
==268755== 32 bytes in 1 blocks are still reachable in loss record 855 of 2,004
==268755==    at 0x484DA83: calloc (in /usr/libexec/valgrind/vgpreload_memcheck-amd64-linux.so)
==268755==    by 0x5CDF982: ??? (in /usr/lib/x86_64-linux-gnu/libgnutls.so.30.31.0)
==268755==    by 0x5CC4A4F: ??? (in /usr/lib/x86_64-linux-gnu/libgnutls.so.30.31.0)
==268755==    by 0x5C92CA2: ??? (in /usr/lib/x86_64-linux-gnu/libgnutls.so.30.31.0)
==268755==    by 0x400647D: call_init.part.0 (dl-init.c:70)
==268755==    by 0x4006567: call_init (dl-init.c:33)
==268755==    by 0x4006567: _dl_init (dl-init.c:117)
==268755==    by 0x40202C9: ??? (in /usr/lib/x86_64-linux-gnu/ld-linux-x86-64.so.2)
==268755==    by 0x4: ???
==268755==    by 0x1FFEFFFDD2: ???
==268755==    by 0x1FFEFFFE3C: ???
==268755==    by 0x1FFEFFFE3F: ???
==268755==    by 0x1FFEFFFE42: ???
==268755== 
==268755== 32 bytes in 1 blocks are still reachable in loss record 856 of 2,004
==268755==    at 0x484DA83: calloc (in /usr/libexec/valgrind/vgpreload_memcheck-amd64-linux.so)
==268755==    by 0x5CDF982: ??? (in /usr/lib/x86_64-linux-gnu/libgnutls.so.30.31.0)
==268755==    by 0x5CC4A6F: ??? (in /usr/lib/x86_64-linux-gnu/libgnutls.so.30.31.0)
==268755==    by 0x5C92CA2: ??? (in /usr/lib/x86_64-linux-gnu/libgnutls.so.30.31.0)
==268755==    by 0x400647D: call_init.part.0 (dl-init.c:70)
==268755==    by 0x4006567: call_init (dl-init.c:33)
==268755==    by 0x4006567: _dl_init (dl-init.c:117)
==268755==    by 0x40202C9: ??? (in /usr/lib/x86_64-linux-gnu/ld-linux-x86-64.so.2)
==268755==    by 0x4: ???
==268755==    by 0x1FFEFFFDD2: ???
==268755==    by 0x1FFEFFFE3C: ???
==268755==    by 0x1FFEFFFE3F: ???
==268755==    by 0x1FFEFFFE42: ???
==268755== 
==268755== 32 bytes in 1 blocks are still reachable in loss record 857 of 2,004
==268755==    at 0x484DA83: calloc (in /usr/libexec/valgrind/vgpreload_memcheck-amd64-linux.so)
==268755==    by 0x5CDF982: ??? (in /usr/lib/x86_64-linux-gnu/libgnutls.so.30.31.0)
==268755==    by 0x5CC4A96: ??? (in /usr/lib/x86_64-linux-gnu/libgnutls.so.30.31.0)
==268755==    by 0x5C92CA2: ??? (in /usr/lib/x86_64-linux-gnu/libgnutls.so.30.31.0)
==268755==    by 0x400647D: call_init.part.0 (dl-init.c:70)
==268755==    by 0x4006567: call_init (dl-init.c:33)
==268755==    by 0x4006567: _dl_init (dl-init.c:117)
==268755==    by 0x40202C9: ??? (in /usr/lib/x86_64-linux-gnu/ld-linux-x86-64.so.2)
==268755==    by 0x4: ???
==268755==    by 0x1FFEFFFDD2: ???
==268755==    by 0x1FFEFFFE3C: ???
==268755==    by 0x1FFEFFFE3F: ???
==268755==    by 0x1FFEFFFE42: ???
==268755== 
==268755== 32 bytes in 1 blocks are still reachable in loss record 858 of 2,004
==268755==    at 0x484DA83: calloc (in /usr/libexec/valgrind/vgpreload_memcheck-amd64-linux.so)
==268755==    by 0x5CDF982: ??? (in /usr/lib/x86_64-linux-gnu/libgnutls.so.30.31.0)
==268755==    by 0x5CC4AB6: ??? (in /usr/lib/x86_64-linux-gnu/libgnutls.so.30.31.0)
==268755==    by 0x5C92CA2: ??? (in /usr/lib/x86_64-linux-gnu/libgnutls.so.30.31.0)
==268755==    by 0x400647D: call_init.part.0 (dl-init.c:70)
==268755==    by 0x4006567: call_init (dl-init.c:33)
==268755==    by 0x4006567: _dl_init (dl-init.c:117)
==268755==    by 0x40202C9: ??? (in /usr/lib/x86_64-linux-gnu/ld-linux-x86-64.so.2)
==268755==    by 0x4: ???
==268755==    by 0x1FFEFFFDD2: ???
==268755==    by 0x1FFEFFFE3C: ???
==268755==    by 0x1FFEFFFE3F: ???
==268755==    by 0x1FFEFFFE42: ???
==268755== 
==268755== 32 bytes in 1 blocks are still reachable in loss record 859 of 2,004
==268755==    at 0x484DA83: calloc (in /usr/libexec/valgrind/vgpreload_memcheck-amd64-linux.so)
==268755==    by 0x5CDF982: ??? (in /usr/lib/x86_64-linux-gnu/libgnutls.so.30.31.0)
==268755==    by 0x5CC4AD6: ??? (in /usr/lib/x86_64-linux-gnu/libgnutls.so.30.31.0)
==268755==    by 0x5C92CA2: ??? (in /usr/lib/x86_64-linux-gnu/libgnutls.so.30.31.0)
==268755==    by 0x400647D: call_init.part.0 (dl-init.c:70)
==268755==    by 0x4006567: call_init (dl-init.c:33)
==268755==    by 0x4006567: _dl_init (dl-init.c:117)
==268755==    by 0x40202C9: ??? (in /usr/lib/x86_64-linux-gnu/ld-linux-x86-64.so.2)
==268755==    by 0x4: ???
==268755==    by 0x1FFEFFFDD2: ???
==268755==    by 0x1FFEFFFE3C: ???
==268755==    by 0x1FFEFFFE3F: ???
==268755==    by 0x1FFEFFFE42: ???
==268755== 
==268755== 32 bytes in 1 blocks are still reachable in loss record 860 of 2,004
==268755==    at 0x484DA83: calloc (in /usr/libexec/valgrind/vgpreload_memcheck-amd64-linux.so)
==268755==    by 0x5CDF982: ??? (in /usr/lib/x86_64-linux-gnu/libgnutls.so.30.31.0)
==268755==    by 0x5CC4B28: ??? (in /usr/lib/x86_64-linux-gnu/libgnutls.so.30.31.0)
==268755==    by 0x5C92CA2: ??? (in /usr/lib/x86_64-linux-gnu/libgnutls.so.30.31.0)
==268755==    by 0x400647D: call_init.part.0 (dl-init.c:70)
==268755==    by 0x4006567: call_init (dl-init.c:33)
==268755==    by 0x4006567: _dl_init (dl-init.c:117)
==268755==    by 0x40202C9: ??? (in /usr/lib/x86_64-linux-gnu/ld-linux-x86-64.so.2)
==268755==    by 0x4: ???
==268755==    by 0x1FFEFFFDD2: ???
==268755==    by 0x1FFEFFFE3C: ???
==268755==    by 0x1FFEFFFE3F: ???
==268755==    by 0x1FFEFFFE42: ???
==268755== 
==268755== 32 bytes in 1 blocks are still reachable in loss record 861 of 2,004
==268755==    at 0x484DA83: calloc (in /usr/libexec/valgrind/vgpreload_memcheck-amd64-linux.so)
==268755==    by 0x5CDF982: ??? (in /usr/lib/x86_64-linux-gnu/libgnutls.so.30.31.0)
==268755==    by 0x5CC4B4A: ??? (in /usr/lib/x86_64-linux-gnu/libgnutls.so.30.31.0)
==268755==    by 0x5C92CA2: ??? (in /usr/lib/x86_64-linux-gnu/libgnutls.so.30.31.0)
==268755==    by 0x400647D: call_init.part.0 (dl-init.c:70)
==268755==    by 0x4006567: call_init (dl-init.c:33)
==268755==    by 0x4006567: _dl_init (dl-init.c:117)
==268755==    by 0x40202C9: ??? (in /usr/lib/x86_64-linux-gnu/ld-linux-x86-64.so.2)
==268755==    by 0x4: ???
==268755==    by 0x1FFEFFFDD2: ???
==268755==    by 0x1FFEFFFE3C: ???
==268755==    by 0x1FFEFFFE3F: ???
==268755==    by 0x1FFEFFFE42: ???
==268755== 
==268755== 32 bytes in 1 blocks are still reachable in loss record 862 of 2,004
==268755==    at 0x484DA83: calloc (in /usr/libexec/valgrind/vgpreload_memcheck-amd64-linux.so)
==268755==    by 0x5CDF982: ??? (in /usr/lib/x86_64-linux-gnu/libgnutls.so.30.31.0)
==268755==    by 0x5CC4B6C: ??? (in /usr/lib/x86_64-linux-gnu/libgnutls.so.30.31.0)
==268755==    by 0x5C92CA2: ??? (in /usr/lib/x86_64-linux-gnu/libgnutls.so.30.31.0)
==268755==    by 0x400647D: call_init.part.0 (dl-init.c:70)
==268755==    by 0x4006567: call_init (dl-init.c:33)
==268755==    by 0x4006567: _dl_init (dl-init.c:117)
==268755==    by 0x40202C9: ??? (in /usr/lib/x86_64-linux-gnu/ld-linux-x86-64.so.2)
==268755==    by 0x4: ???
==268755==    by 0x1FFEFFFDD2: ???
==268755==    by 0x1FFEFFFE3C: ???
==268755==    by 0x1FFEFFFE3F: ???
==268755==    by 0x1FFEFFFE42: ???
==268755== 
==268755== 32 bytes in 1 blocks are still reachable in loss record 863 of 2,004
==268755==    at 0x484DA83: calloc (in /usr/libexec/valgrind/vgpreload_memcheck-amd64-linux.so)
==268755==    by 0x5CDF982: ??? (in /usr/lib/x86_64-linux-gnu/libgnutls.so.30.31.0)
==268755==    by 0x5CC4B9A: ??? (in /usr/lib/x86_64-linux-gnu/libgnutls.so.30.31.0)
==268755==    by 0x5C92CA2: ??? (in /usr/lib/x86_64-linux-gnu/libgnutls.so.30.31.0)
==268755==    by 0x400647D: call_init.part.0 (dl-init.c:70)
==268755==    by 0x4006567: call_init (dl-init.c:33)
==268755==    by 0x4006567: _dl_init (dl-init.c:117)
==268755==    by 0x40202C9: ??? (in /usr/lib/x86_64-linux-gnu/ld-linux-x86-64.so.2)
==268755==    by 0x4: ???
==268755==    by 0x1FFEFFFDD2: ???
==268755==    by 0x1FFEFFFE3C: ???
==268755==    by 0x1FFEFFFE3F: ???
==268755==    by 0x1FFEFFFE42: ???
==268755== 
==268755== 32 bytes in 1 blocks are still reachable in loss record 864 of 2,004
==268755==    at 0x484DA83: calloc (in /usr/libexec/valgrind/vgpreload_memcheck-amd64-linux.so)
==268755==    by 0x5CDF982: ??? (in /usr/lib/x86_64-linux-gnu/libgnutls.so.30.31.0)
==268755==    by 0x5CC4BBA: ??? (in /usr/lib/x86_64-linux-gnu/libgnutls.so.30.31.0)
==268755==    by 0x5C92CA2: ??? (in /usr/lib/x86_64-linux-gnu/libgnutls.so.30.31.0)
==268755==    by 0x400647D: call_init.part.0 (dl-init.c:70)
==268755==    by 0x4006567: call_init (dl-init.c:33)
==268755==    by 0x4006567: _dl_init (dl-init.c:117)
==268755==    by 0x40202C9: ??? (in /usr/lib/x86_64-linux-gnu/ld-linux-x86-64.so.2)
==268755==    by 0x4: ???
==268755==    by 0x1FFEFFFDD2: ???
==268755==    by 0x1FFEFFFE3C: ???
==268755==    by 0x1FFEFFFE3F: ???
==268755==    by 0x1FFEFFFE42: ???
==268755== 
==268755== 32 bytes in 1 blocks are still reachable in loss record 865 of 2,004
==268755==    at 0x484DA83: calloc (in /usr/libexec/valgrind/vgpreload_memcheck-amd64-linux.so)
==268755==    by 0x5CDF982: ??? (in /usr/lib/x86_64-linux-gnu/libgnutls.so.30.31.0)
==268755==    by 0x5CC4BDA: ??? (in /usr/lib/x86_64-linux-gnu/libgnutls.so.30.31.0)
==268755==    by 0x5C92CA2: ??? (in /usr/lib/x86_64-linux-gnu/libgnutls.so.30.31.0)
==268755==    by 0x400647D: call_init.part.0 (dl-init.c:70)
==268755==    by 0x4006567: call_init (dl-init.c:33)
==268755==    by 0x4006567: _dl_init (dl-init.c:117)
==268755==    by 0x40202C9: ??? (in /usr/lib/x86_64-linux-gnu/ld-linux-x86-64.so.2)
==268755==    by 0x4: ???
==268755==    by 0x1FFEFFFDD2: ???
==268755==    by 0x1FFEFFFE3C: ???
==268755==    by 0x1FFEFFFE3F: ???
==268755==    by 0x1FFEFFFE42: ???
==268755== 
==268755== 32 bytes in 1 blocks are still reachable in loss record 866 of 2,004
==268755==    at 0x484DA83: calloc (in /usr/libexec/valgrind/vgpreload_memcheck-amd64-linux.so)
==268755==    by 0x5CDF982: ??? (in /usr/lib/x86_64-linux-gnu/libgnutls.so.30.31.0)
==268755==    by 0x5CC4BFC: ??? (in /usr/lib/x86_64-linux-gnu/libgnutls.so.30.31.0)
==268755==    by 0x5C92CA2: ??? (in /usr/lib/x86_64-linux-gnu/libgnutls.so.30.31.0)
==268755==    by 0x400647D: call_init.part.0 (dl-init.c:70)
==268755==    by 0x4006567: call_init (dl-init.c:33)
==268755==    by 0x4006567: _dl_init (dl-init.c:117)
==268755==    by 0x40202C9: ??? (in /usr/lib/x86_64-linux-gnu/ld-linux-x86-64.so.2)
==268755==    by 0x4: ???
==268755==    by 0x1FFEFFFDD2: ???
==268755==    by 0x1FFEFFFE3C: ???
==268755==    by 0x1FFEFFFE3F: ???
==268755==    by 0x1FFEFFFE42: ???
==268755== 
==268755== 32 bytes in 1 blocks are still reachable in loss record 867 of 2,004
==268755==    at 0x484DA83: calloc (in /usr/libexec/valgrind/vgpreload_memcheck-amd64-linux.so)
==268755==    by 0x5CDF982: ??? (in /usr/lib/x86_64-linux-gnu/libgnutls.so.30.31.0)
==268755==    by 0x5CC4C1E: ??? (in /usr/lib/x86_64-linux-gnu/libgnutls.so.30.31.0)
==268755==    by 0x5C92CA2: ??? (in /usr/lib/x86_64-linux-gnu/libgnutls.so.30.31.0)
==268755==    by 0x400647D: call_init.part.0 (dl-init.c:70)
==268755==    by 0x4006567: call_init (dl-init.c:33)
==268755==    by 0x4006567: _dl_init (dl-init.c:117)
==268755==    by 0x40202C9: ??? (in /usr/lib/x86_64-linux-gnu/ld-linux-x86-64.so.2)
==268755==    by 0x4: ???
==268755==    by 0x1FFEFFFDD2: ???
==268755==    by 0x1FFEFFFE3C: ???
==268755==    by 0x1FFEFFFE3F: ???
==268755==    by 0x1FFEFFFE42: ???
==268755== 
==268755== 32 bytes in 1 blocks are still reachable in loss record 868 of 2,004
==268755==    at 0x484DA83: calloc (in /usr/libexec/valgrind/vgpreload_memcheck-amd64-linux.so)
==268755==    by 0x5CDF982: ??? (in /usr/lib/x86_64-linux-gnu/libgnutls.so.30.31.0)
==268755==    by 0x5CC4C3E: ??? (in /usr/lib/x86_64-linux-gnu/libgnutls.so.30.31.0)
==268755==    by 0x5C92CA2: ??? (in /usr/lib/x86_64-linux-gnu/libgnutls.so.30.31.0)
==268755==    by 0x400647D: call_init.part.0 (dl-init.c:70)
==268755==    by 0x4006567: call_init (dl-init.c:33)
==268755==    by 0x4006567: _dl_init (dl-init.c:117)
==268755==    by 0x40202C9: ??? (in /usr/lib/x86_64-linux-gnu/ld-linux-x86-64.so.2)
==268755==    by 0x4: ???
==268755==    by 0x1FFEFFFDD2: ???
==268755==    by 0x1FFEFFFE3C: ???
==268755==    by 0x1FFEFFFE3F: ???
==268755==    by 0x1FFEFFFE42: ???
==268755== 
==268755== 32 bytes in 1 blocks are still reachable in loss record 869 of 2,004
==268755==    at 0x484DA83: calloc (in /usr/libexec/valgrind/vgpreload_memcheck-amd64-linux.so)
==268755==    by 0x5CDF982: ??? (in /usr/lib/x86_64-linux-gnu/libgnutls.so.30.31.0)
==268755==    by 0x5CC4C5E: ??? (in /usr/lib/x86_64-linux-gnu/libgnutls.so.30.31.0)
==268755==    by 0x5C92CA2: ??? (in /usr/lib/x86_64-linux-gnu/libgnutls.so.30.31.0)
==268755==    by 0x400647D: call_init.part.0 (dl-init.c:70)
==268755==    by 0x4006567: call_init (dl-init.c:33)
==268755==    by 0x4006567: _dl_init (dl-init.c:117)
==268755==    by 0x40202C9: ??? (in /usr/lib/x86_64-linux-gnu/ld-linux-x86-64.so.2)
==268755==    by 0x4: ???
==268755==    by 0x1FFEFFFDD2: ???
==268755==    by 0x1FFEFFFE3C: ???
==268755==    by 0x1FFEFFFE3F: ???
==268755==    by 0x1FFEFFFE42: ???
==268755== 
==268755== 32 bytes in 1 blocks are still reachable in loss record 870 of 2,004
==268755==    at 0x484DA83: calloc (in /usr/libexec/valgrind/vgpreload_memcheck-amd64-linux.so)
==268755==    by 0x5CDF982: ??? (in /usr/lib/x86_64-linux-gnu/libgnutls.so.30.31.0)
==268755==    by 0x5CC4D10: ??? (in /usr/lib/x86_64-linux-gnu/libgnutls.so.30.31.0)
==268755==    by 0x5C92CA2: ??? (in /usr/lib/x86_64-linux-gnu/libgnutls.so.30.31.0)
==268755==    by 0x400647D: call_init.part.0 (dl-init.c:70)
==268755==    by 0x4006567: call_init (dl-init.c:33)
==268755==    by 0x4006567: _dl_init (dl-init.c:117)
==268755==    by 0x40202C9: ??? (in /usr/lib/x86_64-linux-gnu/ld-linux-x86-64.so.2)
==268755==    by 0x4: ???
==268755==    by 0x1FFEFFFDD2: ???
==268755==    by 0x1FFEFFFE3C: ???
==268755==    by 0x1FFEFFFE3F: ???
==268755==    by 0x1FFEFFFE42: ???
==268755== 
==268755== 32 bytes in 1 blocks are still reachable in loss record 871 of 2,004
==268755==    at 0x484DA83: calloc (in /usr/libexec/valgrind/vgpreload_memcheck-amd64-linux.so)
==268755==    by 0x5CDF982: ??? (in /usr/lib/x86_64-linux-gnu/libgnutls.so.30.31.0)
==268755==    by 0x5CC4D30: ??? (in /usr/lib/x86_64-linux-gnu/libgnutls.so.30.31.0)
==268755==    by 0x5C92CA2: ??? (in /usr/lib/x86_64-linux-gnu/libgnutls.so.30.31.0)
==268755==    by 0x400647D: call_init.part.0 (dl-init.c:70)
==268755==    by 0x4006567: call_init (dl-init.c:33)
==268755==    by 0x4006567: _dl_init (dl-init.c:117)
==268755==    by 0x40202C9: ??? (in /usr/lib/x86_64-linux-gnu/ld-linux-x86-64.so.2)
==268755==    by 0x4: ???
==268755==    by 0x1FFEFFFDD2: ???
==268755==    by 0x1FFEFFFE3C: ???
==268755==    by 0x1FFEFFFE3F: ???
==268755==    by 0x1FFEFFFE42: ???
==268755== 
==268755== 32 bytes in 1 blocks are still reachable in loss record 872 of 2,004
==268755==    at 0x484DA83: calloc (in /usr/libexec/valgrind/vgpreload_memcheck-amd64-linux.so)
==268755==    by 0x5CDF982: ??? (in /usr/lib/x86_64-linux-gnu/libgnutls.so.30.31.0)
==268755==    by 0x5CC4D50: ??? (in /usr/lib/x86_64-linux-gnu/libgnutls.so.30.31.0)
==268755==    by 0x5C92CA2: ??? (in /usr/lib/x86_64-linux-gnu/libgnutls.so.30.31.0)
==268755==    by 0x400647D: call_init.part.0 (dl-init.c:70)
==268755==    by 0x4006567: call_init (dl-init.c:33)
==268755==    by 0x4006567: _dl_init (dl-init.c:117)
==268755==    by 0x40202C9: ??? (in /usr/lib/x86_64-linux-gnu/ld-linux-x86-64.so.2)
==268755==    by 0x4: ???
==268755==    by 0x1FFEFFFDD2: ???
==268755==    by 0x1FFEFFFE3C: ???
==268755==    by 0x1FFEFFFE3F: ???
==268755==    by 0x1FFEFFFE42: ???
==268755== 
==268755== 32 bytes in 1 blocks are still reachable in loss record 873 of 2,004
==268755==    at 0x484DA83: calloc (in /usr/libexec/valgrind/vgpreload_memcheck-amd64-linux.so)
==268755==    by 0x5CDF982: ??? (in /usr/lib/x86_64-linux-gnu/libgnutls.so.30.31.0)
==268755==    by 0x5CC4D70: ??? (in /usr/lib/x86_64-linux-gnu/libgnutls.so.30.31.0)
==268755==    by 0x5C92CA2: ??? (in /usr/lib/x86_64-linux-gnu/libgnutls.so.30.31.0)
==268755==    by 0x400647D: call_init.part.0 (dl-init.c:70)
==268755==    by 0x4006567: call_init (dl-init.c:33)
==268755==    by 0x4006567: _dl_init (dl-init.c:117)
==268755==    by 0x40202C9: ??? (in /usr/lib/x86_64-linux-gnu/ld-linux-x86-64.so.2)
==268755==    by 0x4: ???
==268755==    by 0x1FFEFFFDD2: ???
==268755==    by 0x1FFEFFFE3C: ???
==268755==    by 0x1FFEFFFE3F: ???
==268755==    by 0x1FFEFFFE42: ???
==268755== 
==268755== 32 bytes in 1 blocks are still reachable in loss record 874 of 2,004
==268755==    at 0x484DA83: calloc (in /usr/libexec/valgrind/vgpreload_memcheck-amd64-linux.so)
==268755==    by 0x5CDF982: ??? (in /usr/lib/x86_64-linux-gnu/libgnutls.so.30.31.0)
==268755==    by 0x5CC4D97: ??? (in /usr/lib/x86_64-linux-gnu/libgnutls.so.30.31.0)
==268755==    by 0x5C92CA2: ??? (in /usr/lib/x86_64-linux-gnu/libgnutls.so.30.31.0)
==268755==    by 0x400647D: call_init.part.0 (dl-init.c:70)
==268755==    by 0x4006567: call_init (dl-init.c:33)
==268755==    by 0x4006567: _dl_init (dl-init.c:117)
==268755==    by 0x40202C9: ??? (in /usr/lib/x86_64-linux-gnu/ld-linux-x86-64.so.2)
==268755==    by 0x4: ???
==268755==    by 0x1FFEFFFDD2: ???
==268755==    by 0x1FFEFFFE3C: ???
==268755==    by 0x1FFEFFFE3F: ???
==268755==    by 0x1FFEFFFE42: ???
==268755== 
==268755== 32 bytes in 1 blocks are still reachable in loss record 875 of 2,004
==268755==    at 0x484DA83: calloc (in /usr/libexec/valgrind/vgpreload_memcheck-amd64-linux.so)
==268755==    by 0x5CDF982: ??? (in /usr/lib/x86_64-linux-gnu/libgnutls.so.30.31.0)
==268755==    by 0x5CC4DB7: ??? (in /usr/lib/x86_64-linux-gnu/libgnutls.so.30.31.0)
==268755==    by 0x5C92CA2: ??? (in /usr/lib/x86_64-linux-gnu/libgnutls.so.30.31.0)
==268755==    by 0x400647D: call_init.part.0 (dl-init.c:70)
==268755==    by 0x4006567: call_init (dl-init.c:33)
==268755==    by 0x4006567: _dl_init (dl-init.c:117)
==268755==    by 0x40202C9: ??? (in /usr/lib/x86_64-linux-gnu/ld-linux-x86-64.so.2)
==268755==    by 0x4: ???
==268755==    by 0x1FFEFFFDD2: ???
==268755==    by 0x1FFEFFFE3C: ???
==268755==    by 0x1FFEFFFE3F: ???
==268755==    by 0x1FFEFFFE42: ???
==268755== 
==268755== 32 bytes in 1 blocks are still reachable in loss record 876 of 2,004
==268755==    at 0x4849013: operator new(unsigned long) (in /usr/libexec/valgrind/vgpreload_memcheck-amd64-linux.so)
==268755==    by 0x130468: __gnu_cxx::new_allocator<char>::allocate(unsigned long, void const*) (new_allocator.h:127)
==268755==    by 0x12F934: allocate (allocator.h:185)
==268755==    by 0x12F934: std::allocator_traits<std::allocator<char> >::allocate(std::allocator<char>&, unsigned long) (alloc_traits.h:464)
==268755==    by 0x12FCCD: std::__cxx11::basic_string<char, std::char_traits<char>, std::allocator<char> >::_M_create(unsigned long&, unsigned long) (basic_string.tcc:153)
==268755==    by 0x14FFB1: std::__cxx11::basic_string<char, std::char_traits<char>, std::allocator<char> >::reserve(unsigned long) (basic_string.tcc:291)
==268755==    by 0x213D58: Catch::TestCaseInfo::TestCaseInfo(Catch::StringRef, Catch::NameAndTags const&, Catch::SourceLineInfo const&) (catch_test_case_info.cpp:132)
==268755==    by 0x214A8E: Catch::Detail::unique_ptr<Catch::TestCaseInfo> Catch::Detail::make_unique<Catch::TestCaseInfo, Catch::StringRef&, Catch::NameAndTags const&, Catch::SourceLineInfo const&>(Catch::StringRef&, Catch::NameAndTags const&, Catch::SourceLineInfo const&) (catch_unique_ptr.hpp:111)
==268755==    by 0x213B99: Catch::makeTestCaseInfo(Catch::StringRef, Catch::NameAndTags const&, Catch::SourceLineInfo const&) (catch_test_case_info.cpp:118)
==268755==    by 0x26E957: Catch::AutoReg::AutoReg(Catch::Detail::unique_ptr<Catch::ITestInvoker>, Catch::SourceLineInfo const&, Catch::StringRef, Catch::NameAndTags const&) (catch_test_registry.cpp:59)
==268755==    by 0x14AE38: __static_initialization_and_destruction_0(int, int) (test_db_config.cpp:107)
==268755==    by 0x14B762: _GLOBAL__sub_I__Z22createConnectionStringB5cxx11RKN4YAML4NodeE (test_db_config.cpp:498)
==268755==    by 0x51BBEBA: call_init (libc-start.c:145)
==268755==    by 0x51BBEBA: __libc_start_main@@GLIBC_2.34 (libc-start.c:379)
==268755== 
==268755== 32 bytes in 1 blocks are still reachable in loss record 877 of 2,004
==268755==    at 0x4849013: operator new(unsigned long) (in /usr/libexec/valgrind/vgpreload_memcheck-amd64-linux.so)
==268755==    by 0x130468: __gnu_cxx::new_allocator<char>::allocate(unsigned long, void const*) (new_allocator.h:127)
==268755==    by 0x12F934: allocate (allocator.h:185)
==268755==    by 0x12F934: std::allocator_traits<std::allocator<char> >::allocate(std::allocator<char>&, unsigned long) (alloc_traits.h:464)
==268755==    by 0x12FCCD: std::__cxx11::basic_string<char, std::char_traits<char>, std::allocator<char> >::_M_create(unsigned long&, unsigned long) (basic_string.tcc:153)
==268755==    by 0x14FFB1: std::__cxx11::basic_string<char, std::char_traits<char>, std::allocator<char> >::reserve(unsigned long) (basic_string.tcc:291)
==268755==    by 0x213D58: Catch::TestCaseInfo::TestCaseInfo(Catch::StringRef, Catch::NameAndTags const&, Catch::SourceLineInfo const&) (catch_test_case_info.cpp:132)
==268755==    by 0x214A8E: Catch::Detail::unique_ptr<Catch::TestCaseInfo> Catch::Detail::make_unique<Catch::TestCaseInfo, Catch::StringRef&, Catch::NameAndTags const&, Catch::SourceLineInfo const&>(Catch::StringRef&, Catch::NameAndTags const&, Catch::SourceLineInfo const&) (catch_unique_ptr.hpp:111)
==268755==    by 0x213B99: Catch::makeTestCaseInfo(Catch::StringRef, Catch::NameAndTags const&, Catch::SourceLineInfo const&) (catch_test_case_info.cpp:118)
==268755==    by 0x26E957: Catch::AutoReg::AutoReg(Catch::Detail::unique_ptr<Catch::ITestInvoker>, Catch::SourceLineInfo const&, Catch::StringRef, Catch::NameAndTags const&) (catch_test_registry.cpp:59)
==268755==    by 0x14AF08: __static_initialization_and_destruction_0(int, int) (test_db_config.cpp:136)
==268755==    by 0x14B762: _GLOBAL__sub_I__Z22createConnectionStringB5cxx11RKN4YAML4NodeE (test_db_config.cpp:498)
==268755==    by 0x51BBEBA: call_init (libc-start.c:145)
==268755==    by 0x51BBEBA: __libc_start_main@@GLIBC_2.34 (libc-start.c:379)
==268755== 
==268755== 32 bytes in 1 blocks are still reachable in loss record 878 of 2,004
==268755==    at 0x4849013: operator new(unsigned long) (in /usr/libexec/valgrind/vgpreload_memcheck-amd64-linux.so)
==268755==    by 0x130468: __gnu_cxx::new_allocator<char>::allocate(unsigned long, void const*) (new_allocator.h:127)
==268755==    by 0x12F934: allocate (allocator.h:185)
==268755==    by 0x12F934: std::allocator_traits<std::allocator<char> >::allocate(std::allocator<char>&, unsigned long) (alloc_traits.h:464)
==268755==    by 0x12FCCD: std::__cxx11::basic_string<char, std::char_traits<char>, std::allocator<char> >::_M_create(unsigned long&, unsigned long) (basic_string.tcc:153)
==268755==    by 0x14FFB1: std::__cxx11::basic_string<char, std::char_traits<char>, std::allocator<char> >::reserve(unsigned long) (basic_string.tcc:291)
==268755==    by 0x213D58: Catch::TestCaseInfo::TestCaseInfo(Catch::StringRef, Catch::NameAndTags const&, Catch::SourceLineInfo const&) (catch_test_case_info.cpp:132)
==268755==    by 0x214A8E: Catch::Detail::unique_ptr<Catch::TestCaseInfo> Catch::Detail::make_unique<Catch::TestCaseInfo, Catch::StringRef&, Catch::NameAndTags const&, Catch::SourceLineInfo const&>(Catch::StringRef&, Catch::NameAndTags const&, Catch::SourceLineInfo const&) (catch_unique_ptr.hpp:111)
==268755==    by 0x213B99: Catch::makeTestCaseInfo(Catch::StringRef, Catch::NameAndTags const&, Catch::SourceLineInfo const&) (catch_test_case_info.cpp:118)
==268755==    by 0x26E957: Catch::AutoReg::AutoReg(Catch::Detail::unique_ptr<Catch::ITestInvoker>, Catch::SourceLineInfo const&, Catch::StringRef, Catch::NameAndTags const&) (catch_test_registry.cpp:59)
==268755==    by 0x14AFD8: __static_initialization_and_destruction_0(int, int) (test_db_config.cpp:213)
==268755==    by 0x14B762: _GLOBAL__sub_I__Z22createConnectionStringB5cxx11RKN4YAML4NodeE (test_db_config.cpp:498)
==268755==    by 0x51BBEBA: call_init (libc-start.c:145)
==268755==    by 0x51BBEBA: __libc_start_main@@GLIBC_2.34 (libc-start.c:379)
==268755== 
==268755== 32 bytes in 1 blocks are still reachable in loss record 879 of 2,004
==268755==    at 0x4849013: operator new(unsigned long) (in /usr/libexec/valgrind/vgpreload_memcheck-amd64-linux.so)
==268755==    by 0x130468: __gnu_cxx::new_allocator<char>::allocate(unsigned long, void const*) (new_allocator.h:127)
==268755==    by 0x12F934: allocate (allocator.h:185)
==268755==    by 0x12F934: std::allocator_traits<std::allocator<char> >::allocate(std::allocator<char>&, unsigned long) (alloc_traits.h:464)
==268755==    by 0x12FCCD: std::__cxx11::basic_string<char, std::char_traits<char>, std::allocator<char> >::_M_create(unsigned long&, unsigned long) (basic_string.tcc:153)
==268755==    by 0x14FFB1: std::__cxx11::basic_string<char, std::char_traits<char>, std::allocator<char> >::reserve(unsigned long) (basic_string.tcc:291)
==268755==    by 0x213D58: Catch::TestCaseInfo::TestCaseInfo(Catch::StringRef, Catch::NameAndTags const&, Catch::SourceLineInfo const&) (catch_test_case_info.cpp:132)
==268755==    by 0x214A8E: Catch::Detail::unique_ptr<Catch::TestCaseInfo> Catch::Detail::make_unique<Catch::TestCaseInfo, Catch::StringRef&, Catch::NameAndTags const&, Catch::SourceLineInfo const&>(Catch::StringRef&, Catch::NameAndTags const&, Catch::SourceLineInfo const&) (catch_unique_ptr.hpp:111)
==268755==    by 0x213B99: Catch::makeTestCaseInfo(Catch::StringRef, Catch::NameAndTags const&, Catch::SourceLineInfo const&) (catch_test_case_info.cpp:118)
==268755==    by 0x26E957: Catch::AutoReg::AutoReg(Catch::Detail::unique_ptr<Catch::ITestInvoker>, Catch::SourceLineInfo const&, Catch::StringRef, Catch::NameAndTags const&) (catch_test_registry.cpp:59)
==268755==    by 0x14B0A8: __static_initialization_and_destruction_0(int, int) (test_db_config.cpp:275)
==268755==    by 0x14B762: _GLOBAL__sub_I__Z22createConnectionStringB5cxx11RKN4YAML4NodeE (test_db_config.cpp:498)
==268755==    by 0x51BBEBA: call_init (libc-start.c:145)
==268755==    by 0x51BBEBA: __libc_start_main@@GLIBC_2.34 (libc-start.c:379)
==268755== 
==268755== 32 bytes in 1 blocks are still reachable in loss record 880 of 2,004
==268755==    at 0x4849013: operator new(unsigned long) (in /usr/libexec/valgrind/vgpreload_memcheck-amd64-linux.so)
==268755==    by 0x130468: __gnu_cxx::new_allocator<char>::allocate(unsigned long, void const*) (new_allocator.h:127)
==268755==    by 0x12F934: allocate (allocator.h:185)
==268755==    by 0x12F934: std::allocator_traits<std::allocator<char> >::allocate(std::allocator<char>&, unsigned long) (alloc_traits.h:464)
==268755==    by 0x12FCCD: std::__cxx11::basic_string<char, std::char_traits<char>, std::allocator<char> >::_M_create(unsigned long&, unsigned long) (basic_string.tcc:153)
==268755==    by 0x14FFB1: std::__cxx11::basic_string<char, std::char_traits<char>, std::allocator<char> >::reserve(unsigned long) (basic_string.tcc:291)
==268755==    by 0x213D58: Catch::TestCaseInfo::TestCaseInfo(Catch::StringRef, Catch::NameAndTags const&, Catch::SourceLineInfo const&) (catch_test_case_info.cpp:132)
==268755==    by 0x214A8E: Catch::Detail::unique_ptr<Catch::TestCaseInfo> Catch::Detail::make_unique<Catch::TestCaseInfo, Catch::StringRef&, Catch::NameAndTags const&, Catch::SourceLineInfo const&>(Catch::StringRef&, Catch::NameAndTags const&, Catch::SourceLineInfo const&) (catch_unique_ptr.hpp:111)
==268755==    by 0x213B99: Catch::makeTestCaseInfo(Catch::StringRef, Catch::NameAndTags const&, Catch::SourceLineInfo const&) (catch_test_case_info.cpp:118)
==268755==    by 0x26E957: Catch::AutoReg::AutoReg(Catch::Detail::unique_ptr<Catch::ITestInvoker>, Catch::SourceLineInfo const&, Catch::StringRef, Catch::NameAndTags const&) (catch_test_registry.cpp:59)
==268755==    by 0x14B178: __static_initialization_and_destruction_0(int, int) (test_db_config.cpp:311)
==268755==    by 0x14B762: _GLOBAL__sub_I__Z22createConnectionStringB5cxx11RKN4YAML4NodeE (test_db_config.cpp:498)
==268755==    by 0x51BBEBA: call_init (libc-start.c:145)
==268755==    by 0x51BBEBA: __libc_start_main@@GLIBC_2.34 (libc-start.c:379)
==268755== 
==268755== 32 bytes in 1 blocks are still reachable in loss record 881 of 2,004
==268755==    at 0x4849013: operator new(unsigned long) (in /usr/libexec/valgrind/vgpreload_memcheck-amd64-linux.so)
==268755==    by 0x130468: __gnu_cxx::new_allocator<char>::allocate(unsigned long, void const*) (new_allocator.h:127)
==268755==    by 0x12F934: allocate (allocator.h:185)
==268755==    by 0x12F934: std::allocator_traits<std::allocator<char> >::allocate(std::allocator<char>&, unsigned long) (alloc_traits.h:464)
==268755==    by 0x12FCCD: std::__cxx11::basic_string<char, std::char_traits<char>, std::allocator<char> >::_M_create(unsigned long&, unsigned long) (basic_string.tcc:153)
==268755==    by 0x14FFB1: std::__cxx11::basic_string<char, std::char_traits<char>, std::allocator<char> >::reserve(unsigned long) (basic_string.tcc:291)
==268755==    by 0x213D58: Catch::TestCaseInfo::TestCaseInfo(Catch::StringRef, Catch::NameAndTags const&, Catch::SourceLineInfo const&) (catch_test_case_info.cpp:132)
==268755==    by 0x214A8E: Catch::Detail::unique_ptr<Catch::TestCaseInfo> Catch::Detail::make_unique<Catch::TestCaseInfo, Catch::StringRef&, Catch::NameAndTags const&, Catch::SourceLineInfo const&>(Catch::StringRef&, Catch::NameAndTags const&, Catch::SourceLineInfo const&) (catch_unique_ptr.hpp:111)
==268755==    by 0x213B99: Catch::makeTestCaseInfo(Catch::StringRef, Catch::NameAndTags const&, Catch::SourceLineInfo const&) (catch_test_case_info.cpp:118)
==268755==    by 0x26E957: Catch::AutoReg::AutoReg(Catch::Detail::unique_ptr<Catch::ITestInvoker>, Catch::SourceLineInfo const&, Catch::StringRef, Catch::NameAndTags const&) (catch_test_registry.cpp:59)
==268755==    by 0x14B248: __static_initialization_and_destruction_0(int, int) (test_db_config.cpp:355)
==268755==    by 0x14B762: _GLOBAL__sub_I__Z22createConnectionStringB5cxx11RKN4YAML4NodeE (test_db_config.cpp:498)
==268755==    by 0x51BBEBA: call_init (libc-start.c:145)
==268755==    by 0x51BBEBA: __libc_start_main@@GLIBC_2.34 (libc-start.c:379)
==268755== 
==268755== 32 bytes in 1 blocks are still reachable in loss record 882 of 2,004
==268755==    at 0x4849013: operator new(unsigned long) (in /usr/libexec/valgrind/vgpreload_memcheck-amd64-linux.so)
==268755==    by 0x130468: __gnu_cxx::new_allocator<char>::allocate(unsigned long, void const*) (new_allocator.h:127)
==268755==    by 0x12F934: allocate (allocator.h:185)
==268755==    by 0x12F934: std::allocator_traits<std::allocator<char> >::allocate(std::allocator<char>&, unsigned long) (alloc_traits.h:464)
==268755==    by 0x12FCCD: std::__cxx11::basic_string<char, std::char_traits<char>, std::allocator<char> >::_M_create(unsigned long&, unsigned long) (basic_string.tcc:153)
==268755==    by 0x14FFB1: std::__cxx11::basic_string<char, std::char_traits<char>, std::allocator<char> >::reserve(unsigned long) (basic_string.tcc:291)
==268755==    by 0x213D58: Catch::TestCaseInfo::TestCaseInfo(Catch::StringRef, Catch::NameAndTags const&, Catch::SourceLineInfo const&) (catch_test_case_info.cpp:132)
==268755==    by 0x214A8E: Catch::Detail::unique_ptr<Catch::TestCaseInfo> Catch::Detail::make_unique<Catch::TestCaseInfo, Catch::StringRef&, Catch::NameAndTags const&, Catch::SourceLineInfo const&>(Catch::StringRef&, Catch::NameAndTags const&, Catch::SourceLineInfo const&) (catch_unique_ptr.hpp:111)
==268755==    by 0x213B99: Catch::makeTestCaseInfo(Catch::StringRef, Catch::NameAndTags const&, Catch::SourceLineInfo const&) (catch_test_case_info.cpp:118)
==268755==    by 0x26E957: Catch::AutoReg::AutoReg(Catch::Detail::unique_ptr<Catch::ITestInvoker>, Catch::SourceLineInfo const&, Catch::StringRef, Catch::NameAndTags const&) (catch_test_registry.cpp:59)
==268755==    by 0x14B318: __static_initialization_and_destruction_0(int, int) (test_db_config.cpp:399)
==268755==    by 0x14B762: _GLOBAL__sub_I__Z22createConnectionStringB5cxx11RKN4YAML4NodeE (test_db_config.cpp:498)
==268755==    by 0x51BBEBA: call_init (libc-start.c:145)
==268755==    by 0x51BBEBA: __libc_start_main@@GLIBC_2.34 (libc-start.c:379)
==268755== 
==268755== 32 bytes in 1 blocks are still reachable in loss record 883 of 2,004
==268755==    at 0x4849013: operator new(unsigned long) (in /usr/libexec/valgrind/vgpreload_memcheck-amd64-linux.so)
==268755==    by 0x130468: __gnu_cxx::new_allocator<char>::allocate(unsigned long, void const*) (new_allocator.h:127)
==268755==    by 0x12F934: allocate (allocator.h:185)
==268755==    by 0x12F934: std::allocator_traits<std::allocator<char> >::allocate(std::allocator<char>&, unsigned long) (alloc_traits.h:464)
==268755==    by 0x12FCCD: std::__cxx11::basic_string<char, std::char_traits<char>, std::allocator<char> >::_M_create(unsigned long&, unsigned long) (basic_string.tcc:153)
==268755==    by 0x14FFB1: std::__cxx11::basic_string<char, std::char_traits<char>, std::allocator<char> >::reserve(unsigned long) (basic_string.tcc:291)
==268755==    by 0x213D58: Catch::TestCaseInfo::TestCaseInfo(Catch::StringRef, Catch::NameAndTags const&, Catch::SourceLineInfo const&) (catch_test_case_info.cpp:132)
==268755==    by 0x214A8E: Catch::Detail::unique_ptr<Catch::TestCaseInfo> Catch::Detail::make_unique<Catch::TestCaseInfo, Catch::StringRef&, Catch::NameAndTags const&, Catch::SourceLineInfo const&>(Catch::StringRef&, Catch::NameAndTags const&, Catch::SourceLineInfo const&) (catch_unique_ptr.hpp:111)
==268755==    by 0x213B99: Catch::makeTestCaseInfo(Catch::StringRef, Catch::NameAndTags const&, Catch::SourceLineInfo const&) (catch_test_case_info.cpp:118)
==268755==    by 0x26E957: Catch::AutoReg::AutoReg(Catch::Detail::unique_ptr<Catch::ITestInvoker>, Catch::SourceLineInfo const&, Catch::StringRef, Catch::NameAndTags const&) (catch_test_registry.cpp:59)
==268755==    by 0x14B3E8: __static_initialization_and_destruction_0(int, int) (test_db_config.cpp:425)
==268755==    by 0x14B762: _GLOBAL__sub_I__Z22createConnectionStringB5cxx11RKN4YAML4NodeE (test_db_config.cpp:498)
==268755==    by 0x51BBEBA: call_init (libc-start.c:145)
==268755==    by 0x51BBEBA: __libc_start_main@@GLIBC_2.34 (libc-start.c:379)
==268755== 
==268755== 32 bytes in 1 blocks are still reachable in loss record 884 of 2,004
==268755==    at 0x4849013: operator new(unsigned long) (in /usr/libexec/valgrind/vgpreload_memcheck-amd64-linux.so)
==268755==    by 0x130468: __gnu_cxx::new_allocator<char>::allocate(unsigned long, void const*) (new_allocator.h:127)
==268755==    by 0x12F934: allocate (allocator.h:185)
==268755==    by 0x12F934: std::allocator_traits<std::allocator<char> >::allocate(std::allocator<char>&, unsigned long) (alloc_traits.h:464)
==268755==    by 0x12FCCD: std::__cxx11::basic_string<char, std::char_traits<char>, std::allocator<char> >::_M_create(unsigned long&, unsigned long) (basic_string.tcc:153)
==268755==    by 0x14FFB1: std::__cxx11::basic_string<char, std::char_traits<char>, std::allocator<char> >::reserve(unsigned long) (basic_string.tcc:291)
==268755==    by 0x213D58: Catch::TestCaseInfo::TestCaseInfo(Catch::StringRef, Catch::NameAndTags const&, Catch::SourceLineInfo const&) (catch_test_case_info.cpp:132)
==268755==    by 0x214A8E: Catch::Detail::unique_ptr<Catch::TestCaseInfo> Catch::Detail::make_unique<Catch::TestCaseInfo, Catch::StringRef&, Catch::NameAndTags const&, Catch::SourceLineInfo const&>(Catch::StringRef&, Catch::NameAndTags const&, Catch::SourceLineInfo const&) (catch_unique_ptr.hpp:111)
==268755==    by 0x213B99: Catch::makeTestCaseInfo(Catch::StringRef, Catch::NameAndTags const&, Catch::SourceLineInfo const&) (catch_test_case_info.cpp:118)
==268755==    by 0x26E957: Catch::AutoReg::AutoReg(Catch::Detail::unique_ptr<Catch::ITestInvoker>, Catch::SourceLineInfo const&, Catch::StringRef, Catch::NameAndTags const&) (catch_test_registry.cpp:59)
==268755==    by 0x14B4B8: __static_initialization_and_destruction_0(int, int) (test_db_config.cpp:440)
==268755==    by 0x14B762: _GLOBAL__sub_I__Z22createConnectionStringB5cxx11RKN4YAML4NodeE (test_db_config.cpp:498)
==268755==    by 0x51BBEBA: call_init (libc-start.c:145)
==268755==    by 0x51BBEBA: __libc_start_main@@GLIBC_2.34 (libc-start.c:379)
==268755== 
==268755== 32 bytes in 1 blocks are still reachable in loss record 885 of 2,004
==268755==    at 0x4849013: operator new(unsigned long) (in /usr/libexec/valgrind/vgpreload_memcheck-amd64-linux.so)
==268755==    by 0x130468: __gnu_cxx::new_allocator<char>::allocate(unsigned long, void const*) (new_allocator.h:127)
==268755==    by 0x12F934: allocate (allocator.h:185)
==268755==    by 0x12F934: std::allocator_traits<std::allocator<char> >::allocate(std::allocator<char>&, unsigned long) (alloc_traits.h:464)
==268755==    by 0x12FCCD: std::__cxx11::basic_string<char, std::char_traits<char>, std::allocator<char> >::_M_create(unsigned long&, unsigned long) (basic_string.tcc:153)
==268755==    by 0x14FFB1: std::__cxx11::basic_string<char, std::char_traits<char>, std::allocator<char> >::reserve(unsigned long) (basic_string.tcc:291)
==268755==    by 0x213D58: Catch::TestCaseInfo::TestCaseInfo(Catch::StringRef, Catch::NameAndTags const&, Catch::SourceLineInfo const&) (catch_test_case_info.cpp:132)
==268755==    by 0x214A8E: Catch::Detail::unique_ptr<Catch::TestCaseInfo> Catch::Detail::make_unique<Catch::TestCaseInfo, Catch::StringRef&, Catch::NameAndTags const&, Catch::SourceLineInfo const&>(Catch::StringRef&, Catch::NameAndTags const&, Catch::SourceLineInfo const&) (catch_unique_ptr.hpp:111)
==268755==    by 0x213B99: Catch::makeTestCaseInfo(Catch::StringRef, Catch::NameAndTags const&, Catch::SourceLineInfo const&) (catch_test_case_info.cpp:118)
==268755==    by 0x26E957: Catch::AutoReg::AutoReg(Catch::Detail::unique_ptr<Catch::ITestInvoker>, Catch::SourceLineInfo const&, Catch::StringRef, Catch::NameAndTags const&) (catch_test_registry.cpp:59)
==268755==    by 0x14B588: __static_initialization_and_destruction_0(int, int) (test_db_config.cpp:455)
==268755==    by 0x14B762: _GLOBAL__sub_I__Z22createConnectionStringB5cxx11RKN4YAML4NodeE (test_db_config.cpp:498)
==268755==    by 0x51BBEBA: call_init (libc-start.c:145)
==268755==    by 0x51BBEBA: __libc_start_main@@GLIBC_2.34 (libc-start.c:379)
==268755== 
==268755== 32 bytes in 1 blocks are still reachable in loss record 886 of 2,004
==268755==    at 0x4849013: operator new(unsigned long) (in /usr/libexec/valgrind/vgpreload_memcheck-amd64-linux.so)
==268755==    by 0x130468: __gnu_cxx::new_allocator<char>::allocate(unsigned long, void const*) (new_allocator.h:127)
==268755==    by 0x12F934: allocate (allocator.h:185)
==268755==    by 0x12F934: std::allocator_traits<std::allocator<char> >::allocate(std::allocator<char>&, unsigned long) (alloc_traits.h:464)
==268755==    by 0x12FCCD: std::__cxx11::basic_string<char, std::char_traits<char>, std::allocator<char> >::_M_create(unsigned long&, unsigned long) (basic_string.tcc:153)
==268755==    by 0x14FFB1: std::__cxx11::basic_string<char, std::char_traits<char>, std::allocator<char> >::reserve(unsigned long) (basic_string.tcc:291)
==268755==    by 0x213D58: Catch::TestCaseInfo::TestCaseInfo(Catch::StringRef, Catch::NameAndTags const&, Catch::SourceLineInfo const&) (catch_test_case_info.cpp:132)
==268755==    by 0x214A8E: Catch::Detail::unique_ptr<Catch::TestCaseInfo> Catch::Detail::make_unique<Catch::TestCaseInfo, Catch::StringRef&, Catch::NameAndTags const&, Catch::SourceLineInfo const&>(Catch::StringRef&, Catch::NameAndTags const&, Catch::SourceLineInfo const&) (catch_unique_ptr.hpp:111)
==268755==    by 0x213B99: Catch::makeTestCaseInfo(Catch::StringRef, Catch::NameAndTags const&, Catch::SourceLineInfo const&) (catch_test_case_info.cpp:118)
==268755==    by 0x26E957: Catch::AutoReg::AutoReg(Catch::Detail::unique_ptr<Catch::ITestInvoker>, Catch::SourceLineInfo const&, Catch::StringRef, Catch::NameAndTags const&) (catch_test_registry.cpp:59)
==268755==    by 0x14B658: __static_initialization_and_destruction_0(int, int) (test_db_config.cpp:470)
==268755==    by 0x14B762: _GLOBAL__sub_I__Z22createConnectionStringB5cxx11RKN4YAML4NodeE (test_db_config.cpp:498)
==268755==    by 0x51BBEBA: call_init (libc-start.c:145)
==268755==    by 0x51BBEBA: __libc_start_main@@GLIBC_2.34 (libc-start.c:379)
==268755== 
==268755== 32 bytes in 1 blocks are still reachable in loss record 887 of 2,004
==268755==    at 0x4849013: operator new(unsigned long) (in /usr/libexec/valgrind/vgpreload_memcheck-amd64-linux.so)
==268755==    by 0x130468: __gnu_cxx::new_allocator<char>::allocate(unsigned long, void const*) (new_allocator.h:127)
==268755==    by 0x12F934: allocate (allocator.h:185)
==268755==    by 0x12F934: std::allocator_traits<std::allocator<char> >::allocate(std::allocator<char>&, unsigned long) (alloc_traits.h:464)
==268755==    by 0x12FCCD: std::__cxx11::basic_string<char, std::char_traits<char>, std::allocator<char> >::_M_create(unsigned long&, unsigned long) (basic_string.tcc:153)
==268755==    by 0x14FFB1: std::__cxx11::basic_string<char, std::char_traits<char>, std::allocator<char> >::reserve(unsigned long) (basic_string.tcc:291)
==268755==    by 0x213D58: Catch::TestCaseInfo::TestCaseInfo(Catch::StringRef, Catch::NameAndTags const&, Catch::SourceLineInfo const&) (catch_test_case_info.cpp:132)
==268755==    by 0x214A8E: Catch::Detail::unique_ptr<Catch::TestCaseInfo> Catch::Detail::make_unique<Catch::TestCaseInfo, Catch::StringRef&, Catch::NameAndTags const&, Catch::SourceLineInfo const&>(Catch::StringRef&, Catch::NameAndTags const&, Catch::SourceLineInfo const&) (catch_unique_ptr.hpp:111)
==268755==    by 0x213B99: Catch::makeTestCaseInfo(Catch::StringRef, Catch::NameAndTags const&, Catch::SourceLineInfo const&) (catch_test_case_info.cpp:118)
==268755==    by 0x26E957: Catch::AutoReg::AutoReg(Catch::Detail::unique_ptr<Catch::ITestInvoker>, Catch::SourceLineInfo const&, Catch::StringRef, Catch::NameAndTags const&) (catch_test_registry.cpp:59)
==268755==    by 0x14B728: __static_initialization_and_destruction_0(int, int) (test_db_config.cpp:485)
==268755==    by 0x14B762: _GLOBAL__sub_I__Z22createConnectionStringB5cxx11RKN4YAML4NodeE (test_db_config.cpp:498)
==268755==    by 0x51BBEBA: call_init (libc-start.c:145)
==268755==    by 0x51BBEBA: __libc_start_main@@GLIBC_2.34 (libc-start.c:379)
==268755== 
==268755== 32 bytes in 1 blocks are still reachable in loss record 888 of 2,004
==268755==    at 0x4849013: operator new(unsigned long) (in /usr/libexec/valgrind/vgpreload_memcheck-amd64-linux.so)
==268755==    by 0x2169F1: __gnu_cxx::new_allocator<Catch::Tag>::allocate(unsigned long, void const*) (new_allocator.h:127)
==268755==    by 0x216331: std::allocator_traits<std::allocator<Catch::Tag> >::allocate(std::allocator<Catch::Tag>&, unsigned long) (alloc_traits.h:464)
==268755==    by 0x215DF5: std::_Vector_base<Catch::Tag, std::allocator<Catch::Tag> >::_M_allocate(unsigned long) (stl_vector.h:346)
==268755==    by 0x21560A: void std::vector<Catch::Tag, std::allocator<Catch::Tag> >::_M_realloc_insert<Catch::StringRef>(__gnu_cxx::__normal_iterator<Catch::Tag*, std::vector<Catch::Tag, std::allocator<Catch::Tag> > >, Catch::StringRef&&) (vector.tcc:440)
==268755==    by 0x214F55: Catch::Tag& std::vector<Catch::Tag, std::allocator<Catch::Tag> >::emplace_back<Catch::StringRef>(Catch::StringRef&&) (vector.tcc:121)
==268755==    by 0x21462D: Catch::TestCaseInfo::internalAppendTag(Catch::StringRef) (catch_test_case_info.cpp:225)
==268755==    by 0x213FBA: Catch::TestCaseInfo::TestCaseInfo(Catch::StringRef, Catch::NameAndTags const&, Catch::SourceLineInfo const&) (catch_test_case_info.cpp:168)
==268755==    by 0x214A8E: Catch::Detail::unique_ptr<Catch::TestCaseInfo> Catch::Detail::make_unique<Catch::TestCaseInfo, Catch::StringRef&, Catch::NameAndTags const&, Catch::SourceLineInfo const&>(Catch::StringRef&, Catch::NameAndTags const&, Catch::SourceLineInfo const&) (catch_unique_ptr.hpp:111)
==268755==    by 0x213B99: Catch::makeTestCaseInfo(Catch::StringRef, Catch::NameAndTags const&, Catch::SourceLineInfo const&) (catch_test_case_info.cpp:118)
==268755==    by 0x26E957: Catch::AutoReg::AutoReg(Catch::Detail::unique_ptr<Catch::ITestInvoker>, Catch::SourceLineInfo const&, Catch::StringRef, Catch::NameAndTags const&) (catch_test_registry.cpp:59)
==268755==    by 0x1A594B: __static_initialization_and_destruction_0(int, int) (test_drivers.cpp:16)
==268755== 
==268755== 32 bytes in 1 blocks are still reachable in loss record 889 of 2,004
==268755==    at 0x4849013: operator new(unsigned long) (in /usr/libexec/valgrind/vgpreload_memcheck-amd64-linux.so)
==268755==    by 0x2169F1: __gnu_cxx::new_allocator<Catch::Tag>::allocate(unsigned long, void const*) (new_allocator.h:127)
==268755==    by 0x216331: std::allocator_traits<std::allocator<Catch::Tag> >::allocate(std::allocator<Catch::Tag>&, unsigned long) (alloc_traits.h:464)
==268755==    by 0x215DF5: std::_Vector_base<Catch::Tag, std::allocator<Catch::Tag> >::_M_allocate(unsigned long) (stl_vector.h:346)
==268755==    by 0x21560A: void std::vector<Catch::Tag, std::allocator<Catch::Tag> >::_M_realloc_insert<Catch::StringRef>(__gnu_cxx::__normal_iterator<Catch::Tag*, std::vector<Catch::Tag, std::allocator<Catch::Tag> > >, Catch::StringRef&&) (vector.tcc:440)
==268755==    by 0x214F55: Catch::Tag& std::vector<Catch::Tag, std::allocator<Catch::Tag> >::emplace_back<Catch::StringRef>(Catch::StringRef&&) (vector.tcc:121)
==268755==    by 0x21462D: Catch::TestCaseInfo::internalAppendTag(Catch::StringRef) (catch_test_case_info.cpp:225)
==268755==    by 0x213FBA: Catch::TestCaseInfo::TestCaseInfo(Catch::StringRef, Catch::NameAndTags const&, Catch::SourceLineInfo const&) (catch_test_case_info.cpp:168)
==268755==    by 0x214A8E: Catch::Detail::unique_ptr<Catch::TestCaseInfo> Catch::Detail::make_unique<Catch::TestCaseInfo, Catch::StringRef&, Catch::NameAndTags const&, Catch::SourceLineInfo const&>(Catch::StringRef&, Catch::NameAndTags const&, Catch::SourceLineInfo const&) (catch_unique_ptr.hpp:111)
==268755==    by 0x213B99: Catch::makeTestCaseInfo(Catch::StringRef, Catch::NameAndTags const&, Catch::SourceLineInfo const&) (catch_test_case_info.cpp:118)
==268755==    by 0x26E957: Catch::AutoReg::AutoReg(Catch::Detail::unique_ptr<Catch::ITestInvoker>, Catch::SourceLineInfo const&, Catch::StringRef, Catch::NameAndTags const&) (catch_test_registry.cpp:59)
==268755==    by 0x1A5A1B: __static_initialization_and_destruction_0(int, int) (test_drivers.cpp:42)
==268755== 
==268755== 32 bytes in 1 blocks are still reachable in loss record 890 of 2,004
==268755==    at 0x4849013: operator new(unsigned long) (in /usr/libexec/valgrind/vgpreload_memcheck-amd64-linux.so)
==268755==    by 0x2169F1: __gnu_cxx::new_allocator<Catch::Tag>::allocate(unsigned long, void const*) (new_allocator.h:127)
==268755==    by 0x216331: std::allocator_traits<std::allocator<Catch::Tag> >::allocate(std::allocator<Catch::Tag>&, unsigned long) (alloc_traits.h:464)
==268755==    by 0x215DF5: std::_Vector_base<Catch::Tag, std::allocator<Catch::Tag> >::_M_allocate(unsigned long) (stl_vector.h:346)
==268755==    by 0x21560A: void std::vector<Catch::Tag, std::allocator<Catch::Tag> >::_M_realloc_insert<Catch::StringRef>(__gnu_cxx::__normal_iterator<Catch::Tag*, std::vector<Catch::Tag, std::allocator<Catch::Tag> > >, Catch::StringRef&&) (vector.tcc:440)
==268755==    by 0x214F55: Catch::Tag& std::vector<Catch::Tag, std::allocator<Catch::Tag> >::emplace_back<Catch::StringRef>(Catch::StringRef&&) (vector.tcc:121)
==268755==    by 0x21462D: Catch::TestCaseInfo::internalAppendTag(Catch::StringRef) (catch_test_case_info.cpp:225)
==268755==    by 0x213FBA: Catch::TestCaseInfo::TestCaseInfo(Catch::StringRef, Catch::NameAndTags const&, Catch::SourceLineInfo const&) (catch_test_case_info.cpp:168)
==268755==    by 0x214A8E: Catch::Detail::unique_ptr<Catch::TestCaseInfo> Catch::Detail::make_unique<Catch::TestCaseInfo, Catch::StringRef&, Catch::NameAndTags const&, Catch::SourceLineInfo const&>(Catch::StringRef&, Catch::NameAndTags const&, Catch::SourceLineInfo const&) (catch_unique_ptr.hpp:111)
==268755==    by 0x213B99: Catch::makeTestCaseInfo(Catch::StringRef, Catch::NameAndTags const&, Catch::SourceLineInfo const&) (catch_test_case_info.cpp:118)
==268755==    by 0x26E957: Catch::AutoReg::AutoReg(Catch::Detail::unique_ptr<Catch::ITestInvoker>, Catch::SourceLineInfo const&, Catch::StringRef, Catch::NameAndTags const&) (catch_test_registry.cpp:59)
==268755==    by 0x1A5AEB: __static_initialization_and_destruction_0(int, int) (test_drivers.cpp:79)
==268755== 
==268755== 32 bytes in 1 blocks are still reachable in loss record 891 of 2,004
==268755==    at 0x4849013: operator new(unsigned long) (in /usr/libexec/valgrind/vgpreload_memcheck-amd64-linux.so)
==268755==    by 0x244FA3: __gnu_cxx::new_allocator<std::_Sp_counted_ptr_inplace<Catch::Clara::Detail::BoundValueRef<std::vector<std::__cxx11::basic_string<char, std::char_traits<char>, std::allocator<char> >, std::allocator<std::__cxx11::basic_string<char, std::char_traits<char>, std::allocator<char> > > > >, std::allocator<Catch::Clara::Detail::BoundValueRef<std::vector<std::__cxx11::basic_string<char, std::char_traits<char>, std::allocator<char> >, std::allocator<std::__cxx11::basic_string<char, std::char_traits<char>, std::allocator<char> > > > > >, (__gnu_cxx::_Lock_policy)2> >::allocate(unsigned long, void const*) (new_allocator.h:127)
==268755==    by 0x244944: std::allocator_traits<std::allocator<std::_Sp_counted_ptr_inplace<Catch::Clara::Detail::BoundValueRef<std::vector<std::__cxx11::basic_string<char, std::char_traits<char>, std::allocator<char> >, std::allocator<std::__cxx11::basic_string<char, std::char_traits<char>, std::allocator<char> > > > >, std::allocator<Catch::Clara::Detail::BoundValueRef<std::vector<std::__cxx11::basic_string<char, std::char_traits<char>, std::allocator<char> >, std::allocator<std::__cxx11::basic_string<char, std::char_traits<char>, std::allocator<char> > > > > >, (__gnu_cxx::_Lock_policy)2> > >::allocate(std::allocator<std::_Sp_counted_ptr_inplace<Catch::Clara::Detail::BoundValueRef<std::vector<std::__cxx11::basic_string<char, std::char_traits<char>, std::allocator<char> >, std::allocator<std::__cxx11::basic_string<char, std::char_traits<char>, std::allocator<char> > > > >, std::allocator<Catch::Clara::Detail::BoundValueRef<std::vector<std::__cxx11::basic_string<char, std::char_traits<char>, std::allocator<char> >, std::allocator<std::__cxx11::basic_string<char, std::char_traits<char>, std::allocator<char> > > > > >, (__gnu_cxx::_Lock_policy)2> >&, unsigned long) (alloc_traits.h:464)
==268755==    by 0x243EA1: std::__allocated_ptr<std::allocator<std::_Sp_counted_ptr_inplace<Catch::Clara::Detail::BoundValueRef<std::vector<std::__cxx11::basic_string<char, std::char_traits<char>, std::allocator<char> >, std::allocator<std::__cxx11::basic_string<char, std::char_traits<char>, std::allocator<char> > > > >, std::allocator<Catch::Clara::Detail::BoundValueRef<std::vector<std::__cxx11::basic_string<char, std::char_traits<char>, std::allocator<char> >, std::allocator<std::__cxx11::basic_string<char, std::char_traits<char>, std::allocator<char> > > > > >, (__gnu_cxx::_Lock_policy)2> > > std::__allocate_guarded<std::allocator<std::_Sp_counted_ptr_inplace<Catch::Clara::Detail::BoundValueRef<std::vector<std::__cxx11::basic_string<char, std::char_traits<char>, std::allocator<char> >, std::allocator<std::__cxx11::basic_string<char, std::char_traits<char>, std::allocator<char> > > > >, std::allocator<Catch::Clara::Detail::BoundValueRef<std::vector<std::__cxx11::basic_string<char, std::char_traits<char>, std::allocator<char> >, std::allocator<std::__cxx11::basic_string<char, std::char_traits<char>, std::allocator<char> > > > > >, (__gnu_cxx::_Lock_policy)2> > >(std::allocator<std::_Sp_counted_ptr_inplace<Catch::Clara::Detail::BoundValueRef<std::vector<std::__cxx11::basic_string<char, std::char_traits<char>, std::allocator<char> >, std::allocator<std::__cxx11::basic_string<char, std::char_traits<char>, std::allocator<char> > > > >, std::allocator<Catch::Clara::Detail::BoundValueRef<std::vector<std::__cxx11::basic_string<char, std::char_traits<char>, std::allocator<char> >, std::allocator<std::__cxx11::basic_string<char, std::char_traits<char>, std::allocator<char> > > > > >, (__gnu_cxx::_Lock_policy)2> >&) (allocated_ptr.h:98)
==268755==    by 0x243675: std::__shared_count<(__gnu_cxx::_Lock_policy)2>::__shared_count<Catch::Clara::Detail::BoundValueRef<std::vector<std::__cxx11::basic_string<char, std::char_traits<char>, std::allocator<char> >, std::allocator<std::__cxx11::basic_string<char, std::char_traits<char>, std::allocator<char> > > > >, std::allocator<Catch::Clara::Detail::BoundValueRef<std::vector<std::__cxx11::basic_string<char, std::char_traits<char>, std::allocator<char> >, std::allocator<std::__cxx11::basic_string<char, std::char_traits<char>, std::allocator<char> > > > > >, std::vector<std::__cxx11::basic_string<char, std::char_traits<char>, std::allocator<char> >, std::allocator<std::__cxx11::basic_string<char, std::char_traits<char>, std::allocator<char> > > >&>(Catch::Clara::Detail::BoundValueRef<std::vector<std::__cxx11::basic_string<char, std::char_traits<char>, std::allocator<char> >, std::allocator<std::__cxx11::basic_string<char, std::char_traits<char>, std::allocator<char> > > > >*&, std::_Sp_alloc_shared_tag<std::allocator<Catch::Clara::Detail::BoundValueRef<std::vector<std::__cxx11::basic_string<char, std::char_traits<char>, std::allocator<char> >, std::allocator<std::__cxx11::basic_string<char, std::char_traits<char>, std::allocator<char> > > > > > >, std::vector<std::__cxx11::basic_string<char, std::char_traits<char>, std::allocator<char> >, std::allocator<std::__cxx11::basic_string<char, std::char_traits<char>, std::allocator<char> > > >&) (shared_ptr_base.h:648)
==268755==    by 0x2432E5: std::__shared_ptr<Catch::Clara::Detail::BoundValueRef<std::vector<std::__cxx11::basic_string<char, std::char_traits<char>, std::allocator<char> >, std::allocator<std::__cxx11::basic_string<char, std::char_traits<char>, std::allocator<char> > > > >, (__gnu_cxx::_Lock_policy)2>::__shared_ptr<std::allocator<Catch::Clara::Detail::BoundValueRef<std::vector<std::__cxx11::basic_string<char, std::char_traits<char>, std::allocator<char> >, std::allocator<std::__cxx11::basic_string<char, std::char_traits<char>, std::allocator<char> > > > > >, std::vector<std::__cxx11::basic_string<char, std::char_traits<char>, std::allocator<char> >, std::allocator<std::__cxx11::basic_string<char, std::char_traits<char>, std::allocator<char> > > >&>(std::_Sp_alloc_shared_tag<std::allocator<Catch::Clara::Detail::BoundValueRef<std::vector<std::__cxx11::basic_string<char, std::char_traits<char>, std::allocator<char> >, std::allocator<std::__cxx11::basic_string<char, std::char_traits<char>, std::allocator<char> > > > > > >, std::vector<std::__cxx11::basic_string<char, std::char_traits<char>, std::allocator<char> >, std::allocator<std::__cxx11::basic_string<char, std::char_traits<char>, std::allocator<char> > > >&) (shared_ptr_base.h:1342)
==268755==    by 0x242FA0: std::shared_ptr<Catch::Clara::Detail::BoundValueRef<std::vector<std::__cxx11::basic_string<char, std::char_traits<char>, std::allocator<char> >, std::allocator<std::__cxx11::basic_string<char, std::char_traits<char>, std::allocator<char> > > > > >::shared_ptr<std::allocator<Catch::Clara::Detail::BoundValueRef<std::vector<std::__cxx11::basic_string<char, std::char_traits<char>, std::allocator<char> >, std::allocator<std::__cxx11::basic_string<char, std::char_traits<char>, std::allocator<char> > > > > >, std::vector<std::__cxx11::basic_string<char, std::char_traits<char>, std::allocator<char> >, std::allocator<std::__cxx11::basic_string<char, std::char_traits<char>, std::allocator<char> > > >&>(std::_Sp_alloc_shared_tag<std::allocator<Catch::Clara::Detail::BoundValueRef<std::vector<std::__cxx11::basic_string<char, std::char_traits<char>, std::allocator<char> >, std::allocator<std::__cxx11::basic_string<char, std::char_traits<char>, std::allocator<char> > > > > > >, std::vector<std::__cxx11::basic_string<char, std::char_traits<char>, std::allocator<char> >, std::allocator<std::__cxx11::basic_string<char, std::char_traits<char>, std::allocator<char> > > >&) (shared_ptr.h:409)
==268755==    by 0x24252C: std::shared_ptr<Catch::Clara::Detail::BoundValueRef<std::vector<std::__cxx11::basic_string<char, std::char_traits<char>, std::allocator<char> >, std::allocator<std::__cxx11::basic_string<char, std::char_traits<char>, std::allocator<char> > > > > > std::allocate_shared<Catch::Clara::Detail::BoundValueRef<std::vector<std::__cxx11::basic_string<char, std::char_traits<char>, std::allocator<char> >, std::allocator<std::__cxx11::basic_string<char, std::char_traits<char>, std::allocator<char> > > > >, std::allocator<Catch::Clara::Detail::BoundValueRef<std::vector<std::__cxx11::basic_string<char, std::char_traits<char>, std::allocator<char> >, std::allocator<std::__cxx11::basic_string<char, std::char_traits<char>, std::allocator<char> > > > > >, std::vector<std::__cxx11::basic_string<char, std::char_traits<char>, std::allocator<char> >, std::allocator<std::__cxx11::basic_string<char, std::char_traits<char>, std::allocator<char> > > >&>(std::allocator<Catch::Clara::Detail::BoundValueRef<std::vector<std::__cxx11::basic_string<char, std::char_traits<char>, std::allocator<char> >, std::allocator<std::__cxx11::basic_string<char, std::char_traits<char>, std::allocator<char> > > > > > const&, std::vector<std::__cxx11::basic_string<char, std::char_traits<char>, std::allocator<char> >, std::allocator<std::__cxx11::basic_string<char, std::char_traits<char>, std::allocator<char> > > >&) (shared_ptr.h:863)
==268755==    by 0x241874: std::shared_ptr<Catch::Clara::Detail::BoundValueRef<std::vector<std::__cxx11::basic_string<char, std::char_traits<char>, std::allocator<char> >, std::allocator<std::__cxx11::basic_string<char, std::char_traits<char>, std::allocator<char> > > > > > std::make_shared<Catch::Clara::Detail::BoundValueRef<std::vector<std::__cxx11::basic_string<char, std::char_traits<char>, std::allocator<char> >, std::allocator<std::__cxx11::basic_string<char, std::char_traits<char>, std::allocator<char> > > > >, std::vector<std::__cxx11::basic_string<char, std::char_traits<char>, std::allocator<char> >, std::allocator<std::__cxx11::basic_string<char, std::char_traits<char>, std::allocator<char> > > >&>(std::vector<std::__cxx11::basic_string<char, std::char_traits<char>, std::allocator<char> >, std::allocator<std::__cxx11::basic_string<char, std::char_traits<char>, std::allocator<char> > > >&) (shared_ptr.h:879)
==268755==    by 0x240157: Catch::Clara::Detail::ParserRefImpl<Catch::Clara::Arg>::ParserRefImpl<std::vector<std::__cxx11::basic_string<char, std::char_traits<char>, std::allocator<char> >, std::allocator<std::__cxx11::basic_string<char, std::char_traits<char>, std::allocator<char> > > >, void>(std::vector<std::__cxx11::basic_string<char, std::char_traits<char>, std::allocator<char> >, std::allocator<std::__cxx11::basic_string<char, std::char_traits<char>, std::allocator<char> > > >&, std::__cxx11::basic_string<char, std::char_traits<char>, std::allocator<char> > const&) (catch_clara.hpp:486)
==268755==    by 0x23F480: Catch::Clara::Arg::ParserRefImpl<std::vector<std::__cxx11::basic_string<char, std::char_traits<char>, std::allocator<char> >, std::allocator<std::__cxx11::basic_string<char, std::char_traits<char>, std::allocator<char> > > >, void>(std::vector<std::__cxx11::basic_string<char, std::char_traits<char>, std::allocator<char> >, std::allocator<std::__cxx11::basic_string<char, std::char_traits<char>, std::allocator<char> > > >&, std::__cxx11::basic_string<char, std::char_traits<char>, std::allocator<char> > const&) (catch_clara.hpp:531)
==268755==    by 0x22E48E: Catch::makeCommandLineParser(Catch::ConfigData&) (catch_commandline.cpp:307)
==268755== 
==268755== 32 bytes in 1 blocks are still reachable in loss record 892 of 2,004
==268755==    at 0x4849013: operator new(unsigned long) (in /usr/libexec/valgrind/vgpreload_memcheck-amd64-linux.so)
==268755==    by 0x22ABA5: __gnu_cxx::new_allocator<std::_Sp_counted_ptr_inplace<Catch::Clara::Detail::BoundFlagRef, std::allocator<Catch::Clara::Detail::BoundFlagRef>, (__gnu_cxx::_Lock_policy)2> >::allocate(unsigned long, void const*) (new_allocator.h:127)
==268755==    by 0x22A2CA: std::allocator_traits<std::allocator<std::_Sp_counted_ptr_inplace<Catch::Clara::Detail::BoundFlagRef, std::allocator<Catch::Clara::Detail::BoundFlagRef>, (__gnu_cxx::_Lock_policy)2> > >::allocate(std::allocator<std::_Sp_counted_ptr_inplace<Catch::Clara::Detail::BoundFlagRef, std::allocator<Catch::Clara::Detail::BoundFlagRef>, (__gnu_cxx::_Lock_policy)2> >&, unsigned long) (alloc_traits.h:464)
==268755==    by 0x2293E1: std::__allocated_ptr<std::allocator<std::_Sp_counted_ptr_inplace<Catch::Clara::Detail::BoundFlagRef, std::allocator<Catch::Clara::Detail::BoundFlagRef>, (__gnu_cxx::_Lock_policy)2> > > std::__allocate_guarded<std::allocator<std::_Sp_counted_ptr_inplace<Catch::Clara::Detail::BoundFlagRef, std::allocator<Catch::Clara::Detail::BoundFlagRef>, (__gnu_cxx::_Lock_policy)2> > >(std::allocator<std::_Sp_counted_ptr_inplace<Catch::Clara::Detail::BoundFlagRef, std::allocator<Catch::Clara::Detail::BoundFlagRef>, (__gnu_cxx::_Lock_policy)2> >&) (allocated_ptr.h:98)
==268755==    by 0x22857F: std::__shared_count<(__gnu_cxx::_Lock_policy)2>::__shared_count<Catch::Clara::Detail::BoundFlagRef, std::allocator<Catch::Clara::Detail::BoundFlagRef>, bool&>(Catch::Clara::Detail::BoundFlagRef*&, std::_Sp_alloc_shared_tag<std::allocator<Catch::Clara::Detail::BoundFlagRef> >, bool&) (shared_ptr_base.h:648)
==268755==    by 0x227975: std::__shared_ptr<Catch::Clara::Detail::BoundFlagRef, (__gnu_cxx::_Lock_policy)2>::__shared_ptr<std::allocator<Catch::Clara::Detail::BoundFlagRef>, bool&>(std::_Sp_alloc_shared_tag<std::allocator<Catch::Clara::Detail::BoundFlagRef> >, bool&) (shared_ptr_base.h:1342)
==268755==    by 0x2261F0: std::shared_ptr<Catch::Clara::Detail::BoundFlagRef>::shared_ptr<std::allocator<Catch::Clara::Detail::BoundFlagRef>, bool&>(std::_Sp_alloc_shared_tag<std::allocator<Catch::Clara::Detail::BoundFlagRef> >, bool&) (shared_ptr.h:409)
==268755==    by 0x224DBC: std::shared_ptr<Catch::Clara::Detail::BoundFlagRef> std::allocate_shared<Catch::Clara::Detail::BoundFlagRef, std::allocator<Catch::Clara::Detail::BoundFlagRef>, bool&>(std::allocator<Catch::Clara::Detail::BoundFlagRef> const&, bool&) (shared_ptr.h:863)
==268755==    by 0x223739: std::shared_ptr<Catch::Clara::Detail::BoundFlagRef> std::make_shared<Catch::Clara::Detail::BoundFlagRef, bool&>(bool&) (shared_ptr.h:879)
==268755==    by 0x21E708: Catch::Clara::Opt::Opt(bool&) (catch_clara.cpp:174)
==268755==    by 0x22E4FA: Catch::makeCommandLineParser(Catch::ConfigData&) (catch_commandline.cpp:304)
==268755==    by 0x206504: Catch::Session::Session() (catch_session.cpp:179)
==268755== 
==268755== 32 bytes in 1 blocks are still reachable in loss record 893 of 2,004
==268755==    at 0x4849013: operator new(unsigned long) (in /usr/libexec/valgrind/vgpreload_memcheck-amd64-linux.so)
==268755==    by 0x23B9B5: __gnu_cxx::new_allocator<std::_Sp_counted_ptr_inplace<Catch::Clara::Detail::BoundLambda<Catch::makeCommandLineParser(Catch::ConfigData&)::{lambda(std::__cxx11::basic_string<char, std::char_traits<char>, std::allocator<char> > const&)#10}>, std::allocator<Catch::Clara::Detail::BoundLambda<Catch::makeCommandLineParser(Catch::ConfigData&)::{lambda(std::__cxx11::basic_string<char, std::char_traits<char>, std::allocator<char> > const&)#10}> >, (__gnu_cxx::_Lock_policy)2> >::allocate(unsigned long, void const*) (new_allocator.h:127)
==268755==    by 0x23AAA4: std::allocator_traits<std::allocator<std::_Sp_counted_ptr_inplace<Catch::Clara::Detail::BoundLambda<Catch::makeCommandLineParser(Catch::ConfigData&)::{lambda(std::__cxx11::basic_string<char, std::char_traits<char>, std::allocator<char> > const&)#10}>, std::allocator<Catch::Clara::Detail::BoundLambda<Catch::makeCommandLineParser(Catch::ConfigData&)::{lambda(std::__cxx11::basic_string<char, std::char_traits<char>, std::allocator<char> > const&)#10}> >, (__gnu_cxx::_Lock_policy)2> > >::allocate(std::allocator<std::_Sp_counted_ptr_inplace<Catch::Clara::Detail::BoundLambda<Catch::makeCommandLineParser(Catch::ConfigData&)::{lambda(std::__cxx11::basic_string<char, std::char_traits<char>, std::allocator<char> > const&)#10}>, std::allocator<Catch::Clara::Detail::BoundLambda<Catch::makeCommandLineParser(Catch::ConfigData&)::{lambda(std::__cxx11::basic_string<char, std::char_traits<char>, std::allocator<char> > const&)#10}> >, (__gnu_cxx::_Lock_policy)2> >&, unsigned long) (alloc_traits.h:464)
==268755==    by 0x23998D: std::__allocated_ptr<std::allocator<std::_Sp_counted_ptr_inplace<Catch::Clara::Detail::BoundLambda<Catch::makeCommandLineParser(Catch::ConfigData&)::{lambda(std::__cxx11::basic_string<char, std::char_traits<char>, std::allocator<char> > const&)#10}>, std::allocator<Catch::Clara::Detail::BoundLambda<Catch::makeCommandLineParser(Catch::ConfigData&)::{lambda(std::__cxx11::basic_string<char, std::char_traits<char>, std::allocator<char> > const&)#10}> >, (__gnu_cxx::_Lock_policy)2> > > std::__allocate_guarded<std::allocator<std::_Sp_counted_ptr_inplace<Catch::Clara::Detail::BoundLambda<Catch::makeCommandLineParser(Catch::ConfigData&)::{lambda(std::__cxx11::basic_string<char, std::char_traits<char>, std::allocator<char> > const&)#10}>, std::allocator<Catch::Clara::Detail::BoundLambda<Catch::makeCommandLineParser(Catch::ConfigData&)::{lambda(std::__cxx11::basic_string<char, std::char_traits<char>, std::allocator<char> > const&)#10}> >, (__gnu_cxx::_Lock_policy)2> > >(std::allocator<std::_Sp_counted_ptr_inplace<Catch::Clara::Detail::BoundLambda<Catch::makeCommandLineParser(Catch::ConfigData&)::{lambda(std::__cxx11::basic_string<char, std::char_traits<char>, std::allocator<char> > const&)#10}>, std::allocator<Catch::Clara::Detail::BoundLambda<Catch::makeCommandLineParser(Catch::ConfigData&)::{lambda(std::__cxx11::basic_string<char, std::char_traits<char>, std::allocator<char> > const&)#10}> >, (__gnu_cxx::_Lock_policy)2> >&) (allocated_ptr.h:98)
==268755==    by 0x237CB5: std::__shared_count<(__gnu_cxx::_Lock_policy)2>::__shared_count<Catch::Clara::Detail::BoundLambda<Catch::makeCommandLineParser(Catch::ConfigData&)::{lambda(std::__cxx11::basic_string<char, std::char_traits<char>, std::allocator<char> > const&)#10}>, std::allocator<Catch::Clara::Detail::BoundLambda<Catch::makeCommandLineParser(Catch::ConfigData&)::{lambda(std::__cxx11::basic_string<char, std::char_traits<char>, std::allocator<char> > const&)#10}> >, Catch::makeCommandLineParser(Catch::ConfigData&)::{lambda(std::__cxx11::basic_string<char, std::char_traits<char>, std::allocator<char> > const&)#10} const&>(Catch::Clara::Detail::BoundLambda<Catch::makeCommandLineParser(Catch::ConfigData&)::{lambda(std::__cxx11::basic_string<char, std::char_traits<char>, std::allocator<char> > const&)#10}>*&, std::_Sp_alloc_shared_tag<std::allocator<Catch::Clara::Detail::BoundLambda<Catch::makeCommandLineParser(Catch::ConfigData&)::{lambda(std::__cxx11::basic_string<char, std::char_traits<char>, std::allocator<char> > const&)#10}> > >, Catch::makeCommandLineParser(Catch::ConfigData&)::{lambda(std::__cxx11::basic_string<char, std::char_traits<char>, std::allocator<char> > const&)#10} const&) (shared_ptr_base.h:648)
==268755==    by 0x236939: std::__shared_ptr<Catch::Clara::Detail::BoundLambda<Catch::makeCommandLineParser(Catch::ConfigData&)::{lambda(std::__cxx11::basic_string<char, std::char_traits<char>, std::allocator<char> > const&)#10}>, (__gnu_cxx::_Lock_policy)2>::__shared_ptr<std::allocator<Catch::Clara::Detail::BoundLambda<Catch::makeCommandLineParser(Catch::ConfigData&)::{lambda(std::__cxx11::basic_string<char, std::char_traits<char>, std::allocator<char> > const&)#10}> >, Catch::makeCommandLineParser(Catch::ConfigData&)::{lambda(std::__cxx11::basic_string<char, std::char_traits<char>, std::allocator<char> > const&)#10} const&>(std::_Sp_alloc_shared_tag<std::allocator<Catch::Clara::Detail::BoundLambda<Catch::makeCommandLineParser(Catch::ConfigData&)::{lambda(std::__cxx11::basic_string<char, std::char_traits<char>, std::allocator<char> > const&)#10}> > >, Catch::makeCommandLineParser(Catch::ConfigData&)::{lambda(std::__cxx11::basic_string<char, std::char_traits<char>, std::allocator<char> > const&)#10} const&) (shared_ptr_base.h:1342)
==268755==    by 0x2362EC: std::shared_ptr<Catch::Clara::Detail::BoundLambda<Catch::makeCommandLineParser(Catch::ConfigData&)::{lambda(std::__cxx11::basic_string<char, std::char_traits<char>, std::allocator<char> > const&)#10}> >::shared_ptr<std::allocator<Catch::Clara::Detail::BoundLambda<Catch::makeCommandLineParser(Catch::ConfigData&)::{lambda(std::__cxx11::basic_string<char, std::char_traits<char>, std::allocator<char> > const&)#10}> >, Catch::makeCommandLineParser(Catch::ConfigData&)::{lambda(std::__cxx11::basic_string<char, std::char_traits<char>, std::allocator<char> > const&)#10} const&>(std::_Sp_alloc_shared_tag<std::allocator<Catch::Clara::Detail::BoundLambda<Catch::makeCommandLineParser(Catch::ConfigData&)::{lambda(std::__cxx11::basic_string<char, std::char_traits<char>, std::allocator<char> > const&)#10}> > >, Catch::makeCommandLineParser(Catch::ConfigData&)::{lambda(std::__cxx11::basic_string<char, std::char_traits<char>, std::allocator<char> > const&)#10} const&) (shared_ptr.h:409)
==268755==    by 0x235E16: std::shared_ptr<Catch::Clara::Detail::BoundLambda<Catch::makeCommandLineParser(Catch::ConfigData&)::{lambda(std::__cxx11::basic_string<char, std::char_traits<char>, std::allocator<char> > const&)#10}> > std::allocate_shared<Catch::Clara::Detail::BoundLambda<Catch::makeCommandLineParser(Catch::ConfigData&)::{lambda(std::__cxx11::basic_string<char, std::char_traits<char>, std::allocator<char> > const&)#10}>, std::allocator<Catch::Clara::Detail::BoundLambda<Catch::makeCommandLineParser(Catch::ConfigData&)::{lambda(std::__cxx11::basic_string<char, std::char_traits<char>, std::allocator<char> > const&)#10}> >, Catch::makeCommandLineParser(Catch::ConfigData&)::{lambda(std::__cxx11::basic_string<char, std::char_traits<char>, std::allocator<char> > const&)#10} const&>(std::allocator<Catch::Clara::Detail::BoundLambda<Catch::makeCommandLineParser(Catch::ConfigData&)::{lambda(std::__cxx11::basic_string<char, std::char_traits<char>, std::allocator<char> > const&)#10}> > const&, Catch::makeCommandLineParser(Catch::ConfigData&)::{lambda(std::__cxx11::basic_string<char, std::char_traits<char>, std::allocator<char> > const&)#10} const&) (shared_ptr.h:863)
==268755==    by 0x2352CD: std::shared_ptr<Catch::Clara::Detail::BoundLambda<Catch::makeCommandLineParser(Catch::ConfigData&)::{lambda(std::__cxx11::basic_string<char, std::char_traits<char>, std::allocator<char> > const&)#10}> > std::make_shared<Catch::Clara::Detail::BoundLambda<Catch::makeCommandLineParser(Catch::ConfigData&)::{lambda(std::__cxx11::basic_string<char, std::char_traits<char>, std::allocator<char> > const&)#10}>, Catch::makeCommandLineParser(Catch::ConfigData&)::{lambda(std::__cxx11::basic_string<char, std::char_traits<char>, std::allocator<char> > const&)#10} const&>(Catch::makeCommandLineParser(Catch::ConfigData&)::{lambda(std::__cxx11::basic_string<char, std::char_traits<char>, std::allocator<char> > const&)#10} const&) (shared_ptr.h:879)
==268755==    by 0x23480D: Catch::Clara::Detail::ParserRefImpl<Catch::Clara::Opt>::ParserRefImpl<Catch::makeCommandLineParser(Catch::ConfigData&)::{lambda(std::__cxx11::basic_string<char, std::char_traits<char>, std::allocator<char> > const&)#10}, void>(Catch::makeCommandLineParser(Catch::ConfigData&)::{lambda(std::__cxx11::basic_string<char, std::char_traits<char>, std::allocator<char> > const&)#10} const&, std::__cxx11::basic_string<char, std::char_traits<char>, std::allocator<char> > const&) (catch_clara.hpp:493)
==268755==    by 0x2338F4: Catch::Clara::Opt::Opt<Catch::makeCommandLineParser(Catch::ConfigData&)::{lambda(std::__cxx11::basic_string<char, std::char_traits<char>, std::allocator<char> > const&)#10}, void>(Catch::makeCommandLineParser(Catch::ConfigData&)::{lambda(std::__cxx11::basic_string<char, std::char_traits<char>, std::allocator<char> > const&)#10} const&, std::__cxx11::basic_string<char, std::char_traits<char>, std::allocator<char> > const&) (catch_clara.hpp:556)
==268755==    by 0x22E5DC: Catch::makeCommandLineParser(Catch::ConfigData&) (catch_commandline.cpp:301)
==268755== 
==268755== 32 bytes in 1 blocks are still reachable in loss record 894 of 2,004
==268755==    at 0x4849013: operator new(unsigned long) (in /usr/libexec/valgrind/vgpreload_memcheck-amd64-linux.so)
==268755==    by 0x23B885: __gnu_cxx::new_allocator<std::_Sp_counted_ptr_inplace<Catch::Clara::Detail::BoundLambda<Catch::makeCommandLineParser(Catch::ConfigData&)::{lambda(std::__cxx11::basic_string<char, std::char_traits<char>, std::allocator<char> > const&)#9}>, std::allocator<Catch::Clara::Detail::BoundLambda<Catch::makeCommandLineParser(Catch::ConfigData&)::{lambda(std::__cxx11::basic_string<char, std::char_traits<char>, std::allocator<char> > const&)#9}> >, (__gnu_cxx::_Lock_policy)2> >::allocate(unsigned long, void const*) (new_allocator.h:127)
==268755==    by 0x23A966: std::allocator_traits<std::allocator<std::_Sp_counted_ptr_inplace<Catch::Clara::Detail::BoundLambda<Catch::makeCommandLineParser(Catch::ConfigData&)::{lambda(std::__cxx11::basic_string<char, std::char_traits<char>, std::allocator<char> > const&)#9}>, std::allocator<Catch::Clara::Detail::BoundLambda<Catch::makeCommandLineParser(Catch::ConfigData&)::{lambda(std::__cxx11::basic_string<char, std::char_traits<char>, std::allocator<char> > const&)#9}> >, (__gnu_cxx::_Lock_policy)2> > >::allocate(std::allocator<std::_Sp_counted_ptr_inplace<Catch::Clara::Detail::BoundLambda<Catch::makeCommandLineParser(Catch::ConfigData&)::{lambda(std::__cxx11::basic_string<char, std::char_traits<char>, std::allocator<char> > const&)#9}>, std::allocator<Catch::Clara::Detail::BoundLambda<Catch::makeCommandLineParser(Catch::ConfigData&)::{lambda(std::__cxx11::basic_string<char, std::char_traits<char>, std::allocator<char> > const&)#9}> >, (__gnu_cxx::_Lock_policy)2> >&, unsigned long) (alloc_traits.h:464)
==268755==    by 0x23972F: std::__allocated_ptr<std::allocator<std::_Sp_counted_ptr_inplace<Catch::Clara::Detail::BoundLambda<Catch::makeCommandLineParser(Catch::ConfigData&)::{lambda(std::__cxx11::basic_string<char, std::char_traits<char>, std::allocator<char> > const&)#9}>, std::allocator<Catch::Clara::Detail::BoundLambda<Catch::makeCommandLineParser(Catch::ConfigData&)::{lambda(std::__cxx11::basic_string<char, std::char_traits<char>, std::allocator<char> > const&)#9}> >, (__gnu_cxx::_Lock_policy)2> > > std::__allocate_guarded<std::allocator<std::_Sp_counted_ptr_inplace<Catch::Clara::Detail::BoundLambda<Catch::makeCommandLineParser(Catch::ConfigData&)::{lambda(std::__cxx11::basic_string<char, std::char_traits<char>, std::allocator<char> > const&)#9}>, std::allocator<Catch::Clara::Detail::BoundLambda<Catch::makeCommandLineParser(Catch::ConfigData&)::{lambda(std::__cxx11::basic_string<char, std::char_traits<char>, std::allocator<char> > const&)#9}> >, (__gnu_cxx::_Lock_policy)2> > >(std::allocator<std::_Sp_counted_ptr_inplace<Catch::Clara::Detail::BoundLambda<Catch::makeCommandLineParser(Catch::ConfigData&)::{lambda(std::__cxx11::basic_string<char, std::char_traits<char>, std::allocator<char> > const&)#9}>, std::allocator<Catch::Clara::Detail::BoundLambda<Catch::makeCommandLineParser(Catch::ConfigData&)::{lambda(std::__cxx11::basic_string<char, std::char_traits<char>, std::allocator<char> > const&)#9}> >, (__gnu_cxx::_Lock_policy)2> >&) (allocated_ptr.h:98)
==268755==    by 0x237B31: std::__shared_count<(__gnu_cxx::_Lock_policy)2>::__shared_count<Catch::Clara::Detail::BoundLambda<Catch::makeCommandLineParser(Catch::ConfigData&)::{lambda(std::__cxx11::basic_string<char, std::char_traits<char>, std::allocator<char> > const&)#9}>, std::allocator<Catch::Clara::Detail::BoundLambda<Catch::makeCommandLineParser(Catch::ConfigData&)::{lambda(std::__cxx11::basic_string<char, std::char_traits<char>, std::allocator<char> > const&)#9}> >, Catch::makeCommandLineParser(Catch::ConfigData&)::{lambda(std::__cxx11::basic_string<char, std::char_traits<char>, std::allocator<char> > const&)#9} const&>(Catch::Clara::Detail::BoundLambda<Catch::makeCommandLineParser(Catch::ConfigData&)::{lambda(std::__cxx11::basic_string<char, std::char_traits<char>, std::allocator<char> > const&)#9}>*&, std::_Sp_alloc_shared_tag<std::allocator<Catch::Clara::Detail::BoundLambda<Catch::makeCommandLineParser(Catch::ConfigData&)::{lambda(std::__cxx11::basic_string<char, std::char_traits<char>, std::allocator<char> > const&)#9}> > >, Catch::makeCommandLineParser(Catch::ConfigData&)::{lambda(std::__cxx11::basic_string<char, std::char_traits<char>, std::allocator<char> > const&)#9} const&) (shared_ptr_base.h:648)
==268755==    by 0x2368D1: std::__shared_ptr<Catch::Clara::Detail::BoundLambda<Catch::makeCommandLineParser(Catch::ConfigData&)::{lambda(std::__cxx11::basic_string<char, std::char_traits<char>, std::allocator<char> > const&)#9}>, (__gnu_cxx::_Lock_policy)2>::__shared_ptr<std::allocator<Catch::Clara::Detail::BoundLambda<Catch::makeCommandLineParser(Catch::ConfigData&)::{lambda(std::__cxx11::basic_string<char, std::char_traits<char>, std::allocator<char> > const&)#9}> >, Catch::makeCommandLineParser(Catch::ConfigData&)::{lambda(std::__cxx11::basic_string<char, std::char_traits<char>, std::allocator<char> > const&)#9} const&>(std::_Sp_alloc_shared_tag<std::allocator<Catch::Clara::Detail::BoundLambda<Catch::makeCommandLineParser(Catch::ConfigData&)::{lambda(std::__cxx11::basic_string<char, std::char_traits<char>, std::allocator<char> > const&)#9}> > >, Catch::makeCommandLineParser(Catch::ConfigData&)::{lambda(std::__cxx11::basic_string<char, std::char_traits<char>, std::allocator<char> > const&)#9} const&) (shared_ptr_base.h:1342)
==268755==    by 0x236296: std::shared_ptr<Catch::Clara::Detail::BoundLambda<Catch::makeCommandLineParser(Catch::ConfigData&)::{lambda(std::__cxx11::basic_string<char, std::char_traits<char>, std::allocator<char> > const&)#9}> >::shared_ptr<std::allocator<Catch::Clara::Detail::BoundLambda<Catch::makeCommandLineParser(Catch::ConfigData&)::{lambda(std::__cxx11::basic_string<char, std::char_traits<char>, std::allocator<char> > const&)#9}> >, Catch::makeCommandLineParser(Catch::ConfigData&)::{lambda(std::__cxx11::basic_string<char, std::char_traits<char>, std::allocator<char> > const&)#9} const&>(std::_Sp_alloc_shared_tag<std::allocator<Catch::Clara::Detail::BoundLambda<Catch::makeCommandLineParser(Catch::ConfigData&)::{lambda(std::__cxx11::basic_string<char, std::char_traits<char>, std::allocator<char> > const&)#9}> > >, Catch::makeCommandLineParser(Catch::ConfigData&)::{lambda(std::__cxx11::basic_string<char, std::char_traits<char>, std::allocator<char> > const&)#9} const&) (shared_ptr.h:409)
==268755==    by 0x235D2E: std::shared_ptr<Catch::Clara::Detail::BoundLambda<Catch::makeCommandLineParser(Catch::ConfigData&)::{lambda(std::__cxx11::basic_string<char, std::char_traits<char>, std::allocator<char> > const&)#9}> > std::allocate_shared<Catch::Clara::Detail::BoundLambda<Catch::makeCommandLineParser(Catch::ConfigData&)::{lambda(std::__cxx11::basic_string<char, std::char_traits<char>, std::allocator<char> > const&)#9}>, std::allocator<Catch::Clara::Detail::BoundLambda<Catch::makeCommandLineParser(Catch::ConfigData&)::{lambda(std::__cxx11::basic_string<char, std::char_traits<char>, std::allocator<char> > const&)#9}> >, Catch::makeCommandLineParser(Catch::ConfigData&)::{lambda(std::__cxx11::basic_string<char, std::char_traits<char>, std::allocator<char> > const&)#9} const&>(std::allocator<Catch::Clara::Detail::BoundLambda<Catch::makeCommandLineParser(Catch::ConfigData&)::{lambda(std::__cxx11::basic_string<char, std::char_traits<char>, std::allocator<char> > const&)#9}> > const&, Catch::makeCommandLineParser(Catch::ConfigData&)::{lambda(std::__cxx11::basic_string<char, std::char_traits<char>, std::allocator<char> > const&)#9} const&) (shared_ptr.h:863)
==268755==    by 0x2351FD: std::shared_ptr<Catch::Clara::Detail::BoundLambda<Catch::makeCommandLineParser(Catch::ConfigData&)::{lambda(std::__cxx11::basic_string<char, std::char_traits<char>, std::allocator<char> > const&)#9}> > std::make_shared<Catch::Clara::Detail::BoundLambda<Catch::makeCommandLineParser(Catch::ConfigData&)::{lambda(std::__cxx11::basic_string<char, std::char_traits<char>, std::allocator<char> > const&)#9}>, Catch::makeCommandLineParser(Catch::ConfigData&)::{lambda(std::__cxx11::basic_string<char, std::char_traits<char>, std::allocator<char> > const&)#9} const&>(Catch::makeCommandLineParser(Catch::ConfigData&)::{lambda(std::__cxx11::basic_string<char, std::char_traits<char>, std::allocator<char> > const&)#9} const&) (shared_ptr.h:879)
==268755==    by 0x2346D3: Catch::Clara::Detail::ParserRefImpl<Catch::Clara::Opt>::ParserRefImpl<Catch::makeCommandLineParser(Catch::ConfigData&)::{lambda(std::__cxx11::basic_string<char, std::char_traits<char>, std::allocator<char> > const&)#9}, void>(Catch::makeCommandLineParser(Catch::ConfigData&)::{lambda(std::__cxx11::basic_string<char, std::char_traits<char>, std::allocator<char> > const&)#9} const&, std::__cxx11::basic_string<char, std::char_traits<char>, std::allocator<char> > const&) (catch_clara.hpp:493)
==268755==    by 0x2338A4: Catch::Clara::Opt::Opt<Catch::makeCommandLineParser(Catch::ConfigData&)::{lambda(std::__cxx11::basic_string<char, std::char_traits<char>, std::allocator<char> > const&)#9}, void>(Catch::makeCommandLineParser(Catch::ConfigData&)::{lambda(std::__cxx11::basic_string<char, std::char_traits<char>, std::allocator<char> > const&)#9} const&, std::__cxx11::basic_string<char, std::char_traits<char>, std::allocator<char> > const&) (catch_clara.hpp:556)
==268755==    by 0x22E6BE: Catch::makeCommandLineParser(Catch::ConfigData&) (catch_commandline.cpp:298)
==268755== 
==268755== 32 bytes in 1 blocks are still reachable in loss record 895 of 2,004
==268755==    at 0x4849013: operator new(unsigned long) (in /usr/libexec/valgrind/vgpreload_memcheck-amd64-linux.so)
==268755==    by 0x245387: __gnu_cxx::new_allocator<std::_Sp_counted_ptr_inplace<Catch::Clara::Detail::BoundValueRef<long>, std::allocator<Catch::Clara::Detail::BoundValueRef<long> >, (__gnu_cxx::_Lock_policy)2> >::allocate(unsigned long, void const*) (new_allocator.h:127)
==268755==    by 0x244E0E: std::allocator_traits<std::allocator<std::_Sp_counted_ptr_inplace<Catch::Clara::Detail::BoundValueRef<long>, std::allocator<Catch::Clara::Detail::BoundValueRef<long> >, (__gnu_cxx::_Lock_policy)2> > >::allocate(std::allocator<std::_Sp_counted_ptr_inplace<Catch::Clara::Detail::BoundValueRef<long>, std::allocator<Catch::Clara::Detail::BoundValueRef<long> >, (__gnu_cxx::_Lock_policy)2> >&, unsigned long) (alloc_traits.h:464)
==268755==    by 0x2446D7: std::__allocated_ptr<std::allocator<std::_Sp_counted_ptr_inplace<Catch::Clara::Detail::BoundValueRef<long>, std::allocator<Catch::Clara::Detail::BoundValueRef<long> >, (__gnu_cxx::_Lock_policy)2> > > std::__allocate_guarded<std::allocator<std::_Sp_counted_ptr_inplace<Catch::Clara::Detail::BoundValueRef<long>, std::allocator<Catch::Clara::Detail::BoundValueRef<long> >, (__gnu_cxx::_Lock_policy)2> > >(std::allocator<std::_Sp_counted_ptr_inplace<Catch::Clara::Detail::BoundValueRef<long>, std::allocator<Catch::Clara::Detail::BoundValueRef<long> >, (__gnu_cxx::_Lock_policy)2> >&) (allocated_ptr.h:98)
==268755==    by 0x243D05: std::__shared_count<(__gnu_cxx::_Lock_policy)2>::__shared_count<Catch::Clara::Detail::BoundValueRef<long>, std::allocator<Catch::Clara::Detail::BoundValueRef<long> >, long&>(Catch::Clara::Detail::BoundValueRef<long>*&, std::_Sp_alloc_shared_tag<std::allocator<Catch::Clara::Detail::BoundValueRef<long> > >, long&) (shared_ptr_base.h:648)
==268755==    by 0x2435FF: std::__shared_ptr<Catch::Clara::Detail::BoundValueRef<long>, (__gnu_cxx::_Lock_policy)2>::__shared_ptr<std::allocator<Catch::Clara::Detail::BoundValueRef<long> >, long&>(std::_Sp_alloc_shared_tag<std::allocator<Catch::Clara::Detail::BoundValueRef<long> > >, long&) (shared_ptr_base.h:1342)
==268755==    by 0x243290: std::shared_ptr<Catch::Clara::Detail::BoundValueRef<long> >::shared_ptr<std::allocator<Catch::Clara::Detail::BoundValueRef<long> >, long&>(std::_Sp_alloc_shared_tag<std::allocator<Catch::Clara::Detail::BoundValueRef<long> > >, long&) (shared_ptr.h:409)
==268755==    by 0x242ED0: std::shared_ptr<Catch::Clara::Detail::BoundValueRef<long> > std::allocate_shared<Catch::Clara::Detail::BoundValueRef<long>, std::allocator<Catch::Clara::Detail::BoundValueRef<long> >, long&>(std::allocator<Catch::Clara::Detail::BoundValueRef<long> > const&, long&) (shared_ptr.h:863)
==268755==    by 0x24241D: std::shared_ptr<Catch::Clara::Detail::BoundValueRef<long> > std::make_shared<Catch::Clara::Detail::BoundValueRef<long>, long&>(long&) (shared_ptr.h:879)
==268755==    by 0x241789: Catch::Clara::Detail::ParserRefImpl<Catch::Clara::Opt>::ParserRefImpl<long, void>(long&, std::__cxx11::basic_string<char, std::char_traits<char>, std::allocator<char> > const&) (catch_clara.hpp:486)
==268755==    by 0x240050: Catch::Clara::Opt::Opt<long, void>(long&, std::__cxx11::basic_string<char, std::char_traits<char>, std::allocator<char> > const&) (catch_clara.hpp:566)
==268755==    by 0x22E7A4: Catch::makeCommandLineParser(Catch::ConfigData&) (catch_commandline.cpp:295)
==268755== 
==268755== 32 bytes in 1 blocks are still reachable in loss record 896 of 2,004
==268755==    at 0x4849013: operator new(unsigned long) (in /usr/libexec/valgrind/vgpreload_memcheck-amd64-linux.so)
==268755==    by 0x22ABA5: __gnu_cxx::new_allocator<std::_Sp_counted_ptr_inplace<Catch::Clara::Detail::BoundFlagRef, std::allocator<Catch::Clara::Detail::BoundFlagRef>, (__gnu_cxx::_Lock_policy)2> >::allocate(unsigned long, void const*) (new_allocator.h:127)
==268755==    by 0x22A2CA: std::allocator_traits<std::allocator<std::_Sp_counted_ptr_inplace<Catch::Clara::Detail::BoundFlagRef, std::allocator<Catch::Clara::Detail::BoundFlagRef>, (__gnu_cxx::_Lock_policy)2> > >::allocate(std::allocator<std::_Sp_counted_ptr_inplace<Catch::Clara::Detail::BoundFlagRef, std::allocator<Catch::Clara::Detail::BoundFlagRef>, (__gnu_cxx::_Lock_policy)2> >&, unsigned long) (alloc_traits.h:464)
==268755==    by 0x2293E1: std::__allocated_ptr<std::allocator<std::_Sp_counted_ptr_inplace<Catch::Clara::Detail::BoundFlagRef, std::allocator<Catch::Clara::Detail::BoundFlagRef>, (__gnu_cxx::_Lock_policy)2> > > std::__allocate_guarded<std::allocator<std::_Sp_counted_ptr_inplace<Catch::Clara::Detail::BoundFlagRef, std::allocator<Catch::Clara::Detail::BoundFlagRef>, (__gnu_cxx::_Lock_policy)2> > >(std::allocator<std::_Sp_counted_ptr_inplace<Catch::Clara::Detail::BoundFlagRef, std::allocator<Catch::Clara::Detail::BoundFlagRef>, (__gnu_cxx::_Lock_policy)2> >&) (allocated_ptr.h:98)
==268755==    by 0x22857F: std::__shared_count<(__gnu_cxx::_Lock_policy)2>::__shared_count<Catch::Clara::Detail::BoundFlagRef, std::allocator<Catch::Clara::Detail::BoundFlagRef>, bool&>(Catch::Clara::Detail::BoundFlagRef*&, std::_Sp_alloc_shared_tag<std::allocator<Catch::Clara::Detail::BoundFlagRef> >, bool&) (shared_ptr_base.h:648)
==268755==    by 0x227975: std::__shared_ptr<Catch::Clara::Detail::BoundFlagRef, (__gnu_cxx::_Lock_policy)2>::__shared_ptr<std::allocator<Catch::Clara::Detail::BoundFlagRef>, bool&>(std::_Sp_alloc_shared_tag<std::allocator<Catch::Clara::Detail::BoundFlagRef> >, bool&) (shared_ptr_base.h:1342)
==268755==    by 0x2261F0: std::shared_ptr<Catch::Clara::Detail::BoundFlagRef>::shared_ptr<std::allocator<Catch::Clara::Detail::BoundFlagRef>, bool&>(std::_Sp_alloc_shared_tag<std::allocator<Catch::Clara::Detail::BoundFlagRef> >, bool&) (shared_ptr.h:409)
==268755==    by 0x224DBC: std::shared_ptr<Catch::Clara::Detail::BoundFlagRef> std::allocate_shared<Catch::Clara::Detail::BoundFlagRef, std::allocator<Catch::Clara::Detail::BoundFlagRef>, bool&>(std::allocator<Catch::Clara::Detail::BoundFlagRef> const&, bool&) (shared_ptr.h:863)
==268755==    by 0x223739: std::shared_ptr<Catch::Clara::Detail::BoundFlagRef> std::make_shared<Catch::Clara::Detail::BoundFlagRef, bool&>(bool&) (shared_ptr.h:879)
==268755==    by 0x21E708: Catch::Clara::Opt::Opt(bool&) (catch_clara.cpp:174)
==268755==    by 0x22E854: Catch::makeCommandLineParser(Catch::ConfigData&) (catch_commandline.cpp:292)
==268755==    by 0x206504: Catch::Session::Session() (catch_session.cpp:179)
==268755== 
==268755== 32 bytes in 1 blocks are still reachable in loss record 897 of 2,004
==268755==    at 0x4849013: operator new(unsigned long) (in /usr/libexec/valgrind/vgpreload_memcheck-amd64-linux.so)
==268755==    by 0x2450EF: __gnu_cxx::new_allocator<std::_Sp_counted_ptr_inplace<Catch::Clara::Detail::BoundValueRef<double>, std::allocator<Catch::Clara::Detail::BoundValueRef<double> >, (__gnu_cxx::_Lock_policy)2> >::allocate(unsigned long, void const*) (new_allocator.h:127)
==268755==    by 0x244B42: std::allocator_traits<std::allocator<std::_Sp_counted_ptr_inplace<Catch::Clara::Detail::BoundValueRef<double>, std::allocator<Catch::Clara::Detail::BoundValueRef<double> >, (__gnu_cxx::_Lock_policy)2> > >::allocate(std::allocator<std::_Sp_counted_ptr_inplace<Catch::Clara::Detail::BoundValueRef<double>, std::allocator<Catch::Clara::Detail::BoundValueRef<double> >, (__gnu_cxx::_Lock_policy)2> >&, unsigned long) (alloc_traits.h:464)
==268755==    by 0x2441C3: std::__allocated_ptr<std::allocator<std::_Sp_counted_ptr_inplace<Catch::Clara::Detail::BoundValueRef<double>, std::allocator<Catch::Clara::Detail::BoundValueRef<double> >, (__gnu_cxx::_Lock_policy)2> > > std::__allocate_guarded<std::allocator<std::_Sp_counted_ptr_inplace<Catch::Clara::Detail::BoundValueRef<double>, std::allocator<Catch::Clara::Detail::BoundValueRef<double> >, (__gnu_cxx::_Lock_policy)2> > >(std::allocator<std::_Sp_counted_ptr_inplace<Catch::Clara::Detail::BoundValueRef<double>, std::allocator<Catch::Clara::Detail::BoundValueRef<double> >, (__gnu_cxx::_Lock_policy)2> >&) (allocated_ptr.h:98)
==268755==    by 0x2439ED: std::__shared_count<(__gnu_cxx::_Lock_policy)2>::__shared_count<Catch::Clara::Detail::BoundValueRef<double>, std::allocator<Catch::Clara::Detail::BoundValueRef<double> >, double&>(Catch::Clara::Detail::BoundValueRef<double>*&, std::_Sp_alloc_shared_tag<std::allocator<Catch::Clara::Detail::BoundValueRef<double> > >, double&) (shared_ptr_base.h:648)
==268755==    by 0x243527: std::__shared_ptr<Catch::Clara::Detail::BoundValueRef<double>, (__gnu_cxx::_Lock_policy)2>::__shared_ptr<std::allocator<Catch::Clara::Detail::BoundValueRef<double> >, double&>(std::_Sp_alloc_shared_tag<std::allocator<Catch::Clara::Detail::BoundValueRef<double> > >, double&) (shared_ptr_base.h:1342)
==268755==    by 0x2431CC: std::shared_ptr<Catch::Clara::Detail::BoundValueRef<double> >::shared_ptr<std::allocator<Catch::Clara::Detail::BoundValueRef<double> >, double&>(std::_Sp_alloc_shared_tag<std::allocator<Catch::Clara::Detail::BoundValueRef<double> > >, double&) (shared_ptr.h:409)
==268755==    by 0x242CD0: std::shared_ptr<Catch::Clara::Detail::BoundValueRef<double> > std::allocate_shared<Catch::Clara::Detail::BoundValueRef<double>, std::allocator<Catch::Clara::Detail::BoundValueRef<double> >, double&>(std::allocator<Catch::Clara::Detail::BoundValueRef<double> > const&, double&) (shared_ptr.h:863)
==268755==    by 0x24226D: std::shared_ptr<Catch::Clara::Detail::BoundValueRef<double> > std::make_shared<Catch::Clara::Detail::BoundValueRef<double>, double&>(double&) (shared_ptr.h:879)
==268755==    by 0x2413FB: Catch::Clara::Detail::ParserRefImpl<Catch::Clara::Opt>::ParserRefImpl<double, void>(double&, std::__cxx11::basic_string<char, std::char_traits<char>, std::allocator<char> > const&) (catch_clara.hpp:486)
==268755==    by 0x23FF54: Catch::Clara::Opt::Opt<double, void>(double&, std::__cxx11::basic_string<char, std::char_traits<char>, std::allocator<char> > const&) (catch_clara.hpp:566)
==268755==    by 0x22E93A: Catch::makeCommandLineParser(Catch::ConfigData&) (catch_commandline.cpp:289)
==268755== 
==268755== 32 bytes in 1 blocks are still reachable in loss record 898 of 2,004
==268755==    at 0x4849013: operator new(unsigned long) (in /usr/libexec/valgrind/vgpreload_memcheck-amd64-linux.so)
==268755==    by 0x24523B: __gnu_cxx::new_allocator<std::_Sp_counted_ptr_inplace<Catch::Clara::Detail::BoundValueRef<unsigned int>, std::allocator<Catch::Clara::Detail::BoundValueRef<unsigned int> >, (__gnu_cxx::_Lock_policy)2> >::allocate(unsigned long, void const*) (new_allocator.h:127)
==268755==    by 0x244CA8: std::allocator_traits<std::allocator<std::_Sp_counted_ptr_inplace<Catch::Clara::Detail::BoundValueRef<unsigned int>, std::allocator<Catch::Clara::Detail::BoundValueRef<unsigned int> >, (__gnu_cxx::_Lock_policy)2> > >::allocate(std::allocator<std::_Sp_counted_ptr_inplace<Catch::Clara::Detail::BoundValueRef<unsigned int>, std::allocator<Catch::Clara::Detail::BoundValueRef<unsigned int> >, (__gnu_cxx::_Lock_policy)2> >&, unsigned long) (alloc_traits.h:464)
==268755==    by 0x24444D: std::__allocated_ptr<std::allocator<std::_Sp_counted_ptr_inplace<Catch::Clara::Detail::BoundValueRef<unsigned int>, std::allocator<Catch::Clara::Detail::BoundValueRef<unsigned int> >, (__gnu_cxx::_Lock_policy)2> > > std::__allocate_guarded<std::allocator<std::_Sp_counted_ptr_inplace<Catch::Clara::Detail::BoundValueRef<unsigned int>, std::allocator<Catch::Clara::Detail::BoundValueRef<unsigned int> >, (__gnu_cxx::_Lock_policy)2> > >(std::allocator<std::_Sp_counted_ptr_inplace<Catch::Clara::Detail::BoundValueRef<unsigned int>, std::allocator<Catch::Clara::Detail::BoundValueRef<unsigned int> >, (__gnu_cxx::_Lock_policy)2> >&) (allocated_ptr.h:98)
==268755==    by 0x243B79: std::__shared_count<(__gnu_cxx::_Lock_policy)2>::__shared_count<Catch::Clara::Detail::BoundValueRef<unsigned int>, std::allocator<Catch::Clara::Detail::BoundValueRef<unsigned int> >, unsigned int&>(Catch::Clara::Detail::BoundValueRef<unsigned int>*&, std::_Sp_alloc_shared_tag<std::allocator<Catch::Clara::Detail::BoundValueRef<unsigned int> > >, unsigned int&) (shared_ptr_base.h:648)
==268755==    by 0x243593: std::__shared_ptr<Catch::Clara::Detail::BoundValueRef<unsigned int>, (__gnu_cxx::_Lock_policy)2>::__shared_ptr<std::allocator<Catch::Clara::Detail::BoundValueRef<unsigned int> >, unsigned int&>(std::_Sp_alloc_shared_tag<std::allocator<Catch::Clara::Detail::BoundValueRef<unsigned int> > >, unsigned int&) (shared_ptr_base.h:1342)
==268755==    by 0x24322E: std::shared_ptr<Catch::Clara::Detail::BoundValueRef<unsigned int> >::shared_ptr<std::allocator<Catch::Clara::Detail::BoundValueRef<unsigned int> >, unsigned int&>(std::_Sp_alloc_shared_tag<std::allocator<Catch::Clara::Detail::BoundValueRef<unsigned int> > >, unsigned int&) (shared_ptr.h:409)
==268755==    by 0x242DD0: std::shared_ptr<Catch::Clara::Detail::BoundValueRef<unsigned int> > std::allocate_shared<Catch::Clara::Detail::BoundValueRef<unsigned int>, std::allocator<Catch::Clara::Detail::BoundValueRef<unsigned int> >, unsigned int&>(std::allocator<Catch::Clara::Detail::BoundValueRef<unsigned int> > const&, unsigned int&) (shared_ptr.h:863)
==268755==    by 0x242345: std::shared_ptr<Catch::Clara::Detail::BoundValueRef<unsigned int> > std::make_shared<Catch::Clara::Detail::BoundValueRef<unsigned int>, unsigned int&>(unsigned int&) (shared_ptr.h:879)
==268755==    by 0x241643: Catch::Clara::Detail::ParserRefImpl<Catch::Clara::Opt>::ParserRefImpl<unsigned int, void>(unsigned int&, std::__cxx11::basic_string<char, std::char_traits<char>, std::allocator<char> > const&) (catch_clara.hpp:486)
==268755==    by 0x23FFFC: Catch::Clara::Opt::Opt<unsigned int, void>(unsigned int&, std::__cxx11::basic_string<char, std::char_traits<char>, std::allocator<char> > const&) (catch_clara.hpp:566)
==268755==    by 0x22EA20: Catch::makeCommandLineParser(Catch::ConfigData&) (catch_commandline.cpp:286)
==268755== 
==268755== 32 bytes in 1 blocks are still reachable in loss record 899 of 2,004
==268755==    at 0x4849013: operator new(unsigned long) (in /usr/libexec/valgrind/vgpreload_memcheck-amd64-linux.so)
==268755==    by 0x24523B: __gnu_cxx::new_allocator<std::_Sp_counted_ptr_inplace<Catch::Clara::Detail::BoundValueRef<unsigned int>, std::allocator<Catch::Clara::Detail::BoundValueRef<unsigned int> >, (__gnu_cxx::_Lock_policy)2> >::allocate(unsigned long, void const*) (new_allocator.h:127)
==268755==    by 0x244CA8: std::allocator_traits<std::allocator<std::_Sp_counted_ptr_inplace<Catch::Clara::Detail::BoundValueRef<unsigned int>, std::allocator<Catch::Clara::Detail::BoundValueRef<unsigned int> >, (__gnu_cxx::_Lock_policy)2> > >::allocate(std::allocator<std::_Sp_counted_ptr_inplace<Catch::Clara::Detail::BoundValueRef<unsigned int>, std::allocator<Catch::Clara::Detail::BoundValueRef<unsigned int> >, (__gnu_cxx::_Lock_policy)2> >&, unsigned long) (alloc_traits.h:464)
==268755==    by 0x24444D: std::__allocated_ptr<std::allocator<std::_Sp_counted_ptr_inplace<Catch::Clara::Detail::BoundValueRef<unsigned int>, std::allocator<Catch::Clara::Detail::BoundValueRef<unsigned int> >, (__gnu_cxx::_Lock_policy)2> > > std::__allocate_guarded<std::allocator<std::_Sp_counted_ptr_inplace<Catch::Clara::Detail::BoundValueRef<unsigned int>, std::allocator<Catch::Clara::Detail::BoundValueRef<unsigned int> >, (__gnu_cxx::_Lock_policy)2> > >(std::allocator<std::_Sp_counted_ptr_inplace<Catch::Clara::Detail::BoundValueRef<unsigned int>, std::allocator<Catch::Clara::Detail::BoundValueRef<unsigned int> >, (__gnu_cxx::_Lock_policy)2> >&) (allocated_ptr.h:98)
==268755==    by 0x243B79: std::__shared_count<(__gnu_cxx::_Lock_policy)2>::__shared_count<Catch::Clara::Detail::BoundValueRef<unsigned int>, std::allocator<Catch::Clara::Detail::BoundValueRef<unsigned int> >, unsigned int&>(Catch::Clara::Detail::BoundValueRef<unsigned int>*&, std::_Sp_alloc_shared_tag<std::allocator<Catch::Clara::Detail::BoundValueRef<unsigned int> > >, unsigned int&) (shared_ptr_base.h:648)
==268755==    by 0x243593: std::__shared_ptr<Catch::Clara::Detail::BoundValueRef<unsigned int>, (__gnu_cxx::_Lock_policy)2>::__shared_ptr<std::allocator<Catch::Clara::Detail::BoundValueRef<unsigned int> >, unsigned int&>(std::_Sp_alloc_shared_tag<std::allocator<Catch::Clara::Detail::BoundValueRef<unsigned int> > >, unsigned int&) (shared_ptr_base.h:1342)
==268755==    by 0x24322E: std::shared_ptr<Catch::Clara::Detail::BoundValueRef<unsigned int> >::shared_ptr<std::allocator<Catch::Clara::Detail::BoundValueRef<unsigned int> >, unsigned int&>(std::_Sp_alloc_shared_tag<std::allocator<Catch::Clara::Detail::BoundValueRef<unsigned int> > >, unsigned int&) (shared_ptr.h:409)
==268755==    by 0x242DD0: std::shared_ptr<Catch::Clara::Detail::BoundValueRef<unsigned int> > std::allocate_shared<Catch::Clara::Detail::BoundValueRef<unsigned int>, std::allocator<Catch::Clara::Detail::BoundValueRef<unsigned int> >, unsigned int&>(std::allocator<Catch::Clara::Detail::BoundValueRef<unsigned int> > const&, unsigned int&) (shared_ptr.h:863)
==268755==    by 0x242345: std::shared_ptr<Catch::Clara::Detail::BoundValueRef<unsigned int> > std::make_shared<Catch::Clara::Detail::BoundValueRef<unsigned int>, unsigned int&>(unsigned int&) (shared_ptr.h:879)
==268755==    by 0x241643: Catch::Clara::Detail::ParserRefImpl<Catch::Clara::Opt>::ParserRefImpl<unsigned int, void>(unsigned int&, std::__cxx11::basic_string<char, std::char_traits<char>, std::allocator<char> > const&) (catch_clara.hpp:486)
==268755==    by 0x23FFFC: Catch::Clara::Opt::Opt<unsigned int, void>(unsigned int&, std::__cxx11::basic_string<char, std::char_traits<char>, std::allocator<char> > const&) (catch_clara.hpp:566)
==268755==    by 0x22EB06: Catch::makeCommandLineParser(Catch::ConfigData&) (catch_commandline.cpp:283)
==268755== 
==268755== 32 bytes in 1 blocks are still reachable in loss record 900 of 2,004
==268755==    at 0x4849013: operator new(unsigned long) (in /usr/libexec/valgrind/vgpreload_memcheck-amd64-linux.so)
==268755==    by 0x22ABA5: __gnu_cxx::new_allocator<std::_Sp_counted_ptr_inplace<Catch::Clara::Detail::BoundFlagRef, std::allocator<Catch::Clara::Detail::BoundFlagRef>, (__gnu_cxx::_Lock_policy)2> >::allocate(unsigned long, void const*) (new_allocator.h:127)
==268755==    by 0x22A2CA: std::allocator_traits<std::allocator<std::_Sp_counted_ptr_inplace<Catch::Clara::Detail::BoundFlagRef, std::allocator<Catch::Clara::Detail::BoundFlagRef>, (__gnu_cxx::_Lock_policy)2> > >::allocate(std::allocator<std::_Sp_counted_ptr_inplace<Catch::Clara::Detail::BoundFlagRef, std::allocator<Catch::Clara::Detail::BoundFlagRef>, (__gnu_cxx::_Lock_policy)2> >&, unsigned long) (alloc_traits.h:464)
==268755==    by 0x2293E1: std::__allocated_ptr<std::allocator<std::_Sp_counted_ptr_inplace<Catch::Clara::Detail::BoundFlagRef, std::allocator<Catch::Clara::Detail::BoundFlagRef>, (__gnu_cxx::_Lock_policy)2> > > std::__allocate_guarded<std::allocator<std::_Sp_counted_ptr_inplace<Catch::Clara::Detail::BoundFlagRef, std::allocator<Catch::Clara::Detail::BoundFlagRef>, (__gnu_cxx::_Lock_policy)2> > >(std::allocator<std::_Sp_counted_ptr_inplace<Catch::Clara::Detail::BoundFlagRef, std::allocator<Catch::Clara::Detail::BoundFlagRef>, (__gnu_cxx::_Lock_policy)2> >&) (allocated_ptr.h:98)
==268755==    by 0x22857F: std::__shared_count<(__gnu_cxx::_Lock_policy)2>::__shared_count<Catch::Clara::Detail::BoundFlagRef, std::allocator<Catch::Clara::Detail::BoundFlagRef>, bool&>(Catch::Clara::Detail::BoundFlagRef*&, std::_Sp_alloc_shared_tag<std::allocator<Catch::Clara::Detail::BoundFlagRef> >, bool&) (shared_ptr_base.h:648)
==268755==    by 0x227975: std::__shared_ptr<Catch::Clara::Detail::BoundFlagRef, (__gnu_cxx::_Lock_policy)2>::__shared_ptr<std::allocator<Catch::Clara::Detail::BoundFlagRef>, bool&>(std::_Sp_alloc_shared_tag<std::allocator<Catch::Clara::Detail::BoundFlagRef> >, bool&) (shared_ptr_base.h:1342)
==268755==    by 0x2261F0: std::shared_ptr<Catch::Clara::Detail::BoundFlagRef>::shared_ptr<std::allocator<Catch::Clara::Detail::BoundFlagRef>, bool&>(std::_Sp_alloc_shared_tag<std::allocator<Catch::Clara::Detail::BoundFlagRef> >, bool&) (shared_ptr.h:409)
==268755==    by 0x224DBC: std::shared_ptr<Catch::Clara::Detail::BoundFlagRef> std::allocate_shared<Catch::Clara::Detail::BoundFlagRef, std::allocator<Catch::Clara::Detail::BoundFlagRef>, bool&>(std::allocator<Catch::Clara::Detail::BoundFlagRef> const&, bool&) (shared_ptr.h:863)
==268755==    by 0x223739: std::shared_ptr<Catch::Clara::Detail::BoundFlagRef> std::make_shared<Catch::Clara::Detail::BoundFlagRef, bool&>(bool&) (shared_ptr.h:879)
==268755==    by 0x21E708: Catch::Clara::Opt::Opt(bool&) (catch_clara.cpp:174)
==268755==    by 0x22EBB6: Catch::makeCommandLineParser(Catch::ConfigData&) (catch_commandline.cpp:280)
==268755==    by 0x206504: Catch::Session::Session() (catch_session.cpp:179)
==268755== 
==268755== 32 bytes in 1 blocks are still reachable in loss record 901 of 2,004
==268755==    at 0x4849013: operator new(unsigned long) (in /usr/libexec/valgrind/vgpreload_memcheck-amd64-linux.so)
==268755==    by 0x23B755: __gnu_cxx::new_allocator<std::_Sp_counted_ptr_inplace<Catch::Clara::Detail::BoundLambda<Catch::makeCommandLineParser(Catch::ConfigData&)::{lambda(std::__cxx11::basic_string<char, std::char_traits<char>, std::allocator<char> > const&)#6}>, std::allocator<Catch::Clara::Detail::BoundLambda<Catch::makeCommandLineParser(Catch::ConfigData&)::{lambda(std::__cxx11::basic_string<char, std::char_traits<char>, std::allocator<char> > const&)#6}> >, (__gnu_cxx::_Lock_policy)2> >::allocate(unsigned long, void const*) (new_allocator.h:127)
==268755==    by 0x23A828: std::allocator_traits<std::allocator<std::_Sp_counted_ptr_inplace<Catch::Clara::Detail::BoundLambda<Catch::makeCommandLineParser(Catch::ConfigData&)::{lambda(std::__cxx11::basic_string<char, std::char_traits<char>, std::allocator<char> > const&)#6}>, std::allocator<Catch::Clara::Detail::BoundLambda<Catch::makeCommandLineParser(Catch::ConfigData&)::{lambda(std::__cxx11::basic_string<char, std::char_traits<char>, std::allocator<char> > const&)#6}> >, (__gnu_cxx::_Lock_policy)2> > >::allocate(std::allocator<std::_Sp_counted_ptr_inplace<Catch::Clara::Detail::BoundLambda<Catch::makeCommandLineParser(Catch::ConfigData&)::{lambda(std::__cxx11::basic_string<char, std::char_traits<char>, std::allocator<char> > const&)#6}>, std::allocator<Catch::Clara::Detail::BoundLambda<Catch::makeCommandLineParser(Catch::ConfigData&)::{lambda(std::__cxx11::basic_string<char, std::char_traits<char>, std::allocator<char> > const&)#6}> >, (__gnu_cxx::_Lock_policy)2> >&, unsigned long) (alloc_traits.h:464)
==268755==    by 0x2394D1: std::__allocated_ptr<std::allocator<std::_Sp_counted_ptr_inplace<Catch::Clara::Detail::BoundLambda<Catch::makeCommandLineParser(Catch::ConfigData&)::{lambda(std::__cxx11::basic_string<char, std::char_traits<char>, std::allocator<char> > const&)#6}>, std::allocator<Catch::Clara::Detail::BoundLambda<Catch::makeCommandLineParser(Catch::ConfigData&)::{lambda(std::__cxx11::basic_string<char, std::char_traits<char>, std::allocator<char> > const&)#6}> >, (__gnu_cxx::_Lock_policy)2> > > std::__allocate_guarded<std::allocator<std::_Sp_counted_ptr_inplace<Catch::Clara::Detail::BoundLambda<Catch::makeCommandLineParser(Catch::ConfigData&)::{lambda(std::__cxx11::basic_string<char, std::char_traits<char>, std::allocator<char> > const&)#6}>, std::allocator<Catch::Clara::Detail::BoundLambda<Catch::makeCommandLineParser(Catch::ConfigData&)::{lambda(std::__cxx11::basic_string<char, std::char_traits<char>, std::allocator<char> > const&)#6}> >, (__gnu_cxx::_Lock_policy)2> > >(std::allocator<std::_Sp_counted_ptr_inplace<Catch::Clara::Detail::BoundLambda<Catch::makeCommandLineParser(Catch::ConfigData&)::{lambda(std::__cxx11::basic_string<char, std::char_traits<char>, std::allocator<char> > const&)#6}>, std::allocator<Catch::Clara::Detail::BoundLambda<Catch::makeCommandLineParser(Catch::ConfigData&)::{lambda(std::__cxx11::basic_string<char, std::char_traits<char>, std::allocator<char> > const&)#6}> >, (__gnu_cxx::_Lock_policy)2> >&) (allocated_ptr.h:98)
==268755==    by 0x2379AD: std::__shared_count<(__gnu_cxx::_Lock_policy)2>::__shared_count<Catch::Clara::Detail::BoundLambda<Catch::makeCommandLineParser(Catch::ConfigData&)::{lambda(std::__cxx11::basic_string<char, std::char_traits<char>, std::allocator<char> > const&)#6}>, std::allocator<Catch::Clara::Detail::BoundLambda<Catch::makeCommandLineParser(Catch::ConfigData&)::{lambda(std::__cxx11::basic_string<char, std::char_traits<char>, std::allocator<char> > const&)#6}> >, Catch::makeCommandLineParser(Catch::ConfigData&)::{lambda(std::__cxx11::basic_string<char, std::char_traits<char>, std::allocator<char> > const&)#6} const&>(Catch::Clara::Detail::BoundLambda<Catch::makeCommandLineParser(Catch::ConfigData&)::{lambda(std::__cxx11::basic_string<char, std::char_traits<char>, std::allocator<char> > const&)#6}>*&, std::_Sp_alloc_shared_tag<std::allocator<Catch::Clara::Detail::BoundLambda<Catch::makeCommandLineParser(Catch::ConfigData&)::{lambda(std::__cxx11::basic_string<char, std::char_traits<char>, std::allocator<char> > const&)#6}> > >, Catch::makeCommandLineParser(Catch::ConfigData&)::{lambda(std::__cxx11::basic_string<char, std::char_traits<char>, std::allocator<char> > const&)#6} const&) (shared_ptr_base.h:648)
==268755==    by 0x236869: std::__shared_ptr<Catch::Clara::Detail::BoundLambda<Catch::makeCommandLineParser(Catch::ConfigData&)::{lambda(std::__cxx11::basic_string<char, std::char_traits<char>, std::allocator<char> > const&)#6}>, (__gnu_cxx::_Lock_policy)2>::__shared_ptr<std::allocator<Catch::Clara::Detail::BoundLambda<Catch::makeCommandLineParser(Catch::ConfigData&)::{lambda(std::__cxx11::basic_string<char, std::char_traits<char>, std::allocator<char> > const&)#6}> >, Catch::makeCommandLineParser(Catch::ConfigData&)::{lambda(std::__cxx11::basic_string<char, std::char_traits<char>, std::allocator<char> > const&)#6} const&>(std::_Sp_alloc_shared_tag<std::allocator<Catch::Clara::Detail::BoundLambda<Catch::makeCommandLineParser(Catch::ConfigData&)::{lambda(std::__cxx11::basic_string<char, std::char_traits<char>, std::allocator<char> > const&)#6}> > >, Catch::makeCommandLineParser(Catch::ConfigData&)::{lambda(std::__cxx11::basic_string<char, std::char_traits<char>, std::allocator<char> > const&)#6} const&) (shared_ptr_base.h:1342)
==268755==    by 0x236240: std::shared_ptr<Catch::Clara::Detail::BoundLambda<Catch::makeCommandLineParser(Catch::ConfigData&)::{lambda(std::__cxx11::basic_string<char, std::char_traits<char>, std::allocator<char> > const&)#6}> >::shared_ptr<std::allocator<Catch::Clara::Detail::BoundLambda<Catch::makeCommandLineParser(Catch::ConfigData&)::{lambda(std::__cxx11::basic_string<char, std::char_traits<char>, std::allocator<char> > const&)#6}> >, Catch::makeCommandLineParser(Catch::ConfigData&)::{lambda(std::__cxx11::basic_string<char, std::char_traits<char>, std::allocator<char> > const&)#6} const&>(std::_Sp_alloc_shared_tag<std::allocator<Catch::Clara::Detail::BoundLambda<Catch::makeCommandLineParser(Catch::ConfigData&)::{lambda(std::__cxx11::basic_string<char, std::char_traits<char>, std::allocator<char> > const&)#6}> > >, Catch::makeCommandLineParser(Catch::ConfigData&)::{lambda(std::__cxx11::basic_string<char, std::char_traits<char>, std::allocator<char> > const&)#6} const&) (shared_ptr.h:409)
==268755==    by 0x235C46: std::shared_ptr<Catch::Clara::Detail::BoundLambda<Catch::makeCommandLineParser(Catch::ConfigData&)::{lambda(std::__cxx11::basic_string<char, std::char_traits<char>, std::allocator<char> > const&)#6}> > std::allocate_shared<Catch::Clara::Detail::BoundLambda<Catch::makeCommandLineParser(Catch::ConfigData&)::{lambda(std::__cxx11::basic_string<char, std::char_traits<char>, std::allocator<char> > const&)#6}>, std::allocator<Catch::Clara::Detail::BoundLambda<Catch::makeCommandLineParser(Catch::ConfigData&)::{lambda(std::__cxx11::basic_string<char, std::char_traits<char>, std::allocator<char> > const&)#6}> >, Catch::makeCommandLineParser(Catch::ConfigData&)::{lambda(std::__cxx11::basic_string<char, std::char_traits<char>, std::allocator<char> > const&)#6} const&>(std::allocator<Catch::Clara::Detail::BoundLambda<Catch::makeCommandLineParser(Catch::ConfigData&)::{lambda(std::__cxx11::basic_string<char, std::char_traits<char>, std::allocator<char> > const&)#6}> > const&, Catch::makeCommandLineParser(Catch::ConfigData&)::{lambda(std::__cxx11::basic_string<char, std::char_traits<char>, std::allocator<char> > const&)#6} const&) (shared_ptr.h:863)
==268755==    by 0x23512D: std::shared_ptr<Catch::Clara::Detail::BoundLambda<Catch::makeCommandLineParser(Catch::ConfigData&)::{lambda(std::__cxx11::basic_string<char, std::char_traits<char>, std::allocator<char> > const&)#6}> > std::make_shared<Catch::Clara::Detail::BoundLambda<Catch::makeCommandLineParser(Catch::ConfigData&)::{lambda(std::__cxx11::basic_string<char, std::char_traits<char>, std::allocator<char> > const&)#6}>, Catch::makeCommandLineParser(Catch::ConfigData&)::{lambda(std::__cxx11::basic_string<char, std::char_traits<char>, std::allocator<char> > const&)#6} const&>(Catch::makeCommandLineParser(Catch::ConfigData&)::{lambda(std::__cxx11::basic_string<char, std::char_traits<char>, std::allocator<char> > const&)#6} const&) (shared_ptr.h:879)
==268755==    by 0x234599: Catch::Clara::Detail::ParserRefImpl<Catch::Clara::Opt>::ParserRefImpl<Catch::makeCommandLineParser(Catch::ConfigData&)::{lambda(std::__cxx11::basic_string<char, std::char_traits<char>, std::allocator<char> > const&)#6}, void>(Catch::makeCommandLineParser(Catch::ConfigData&)::{lambda(std::__cxx11::basic_string<char, std::char_traits<char>, std::allocator<char> > const&)#6} const&, std::__cxx11::basic_string<char, std::char_traits<char>, std::allocator<char> > const&) (catch_clara.hpp:493)
==268755==    by 0x233854: Catch::Clara::Opt::Opt<Catch::makeCommandLineParser(Catch::ConfigData&)::{lambda(std::__cxx11::basic_string<char, std::char_traits<char>, std::allocator<char> > const&)#6}, void>(Catch::makeCommandLineParser(Catch::ConfigData&)::{lambda(std::__cxx11::basic_string<char, std::char_traits<char>, std::allocator<char> > const&)#6} const&, std::__cxx11::basic_string<char, std::char_traits<char>, std::allocator<char> > const&) (catch_clara.hpp:556)
==268755==    by 0x22EC98: Catch::makeCommandLineParser(Catch::ConfigData&) (catch_commandline.cpp:277)
==268755== 
==268755== 32 bytes in 1 blocks are still reachable in loss record 902 of 2,004
==268755==    at 0x4849013: operator new(unsigned long) (in /usr/libexec/valgrind/vgpreload_memcheck-amd64-linux.so)
==268755==    by 0x22ABA5: __gnu_cxx::new_allocator<std::_Sp_counted_ptr_inplace<Catch::Clara::Detail::BoundFlagRef, std::allocator<Catch::Clara::Detail::BoundFlagRef>, (__gnu_cxx::_Lock_policy)2> >::allocate(unsigned long, void const*) (new_allocator.h:127)
==268755==    by 0x22A2CA: std::allocator_traits<std::allocator<std::_Sp_counted_ptr_inplace<Catch::Clara::Detail::BoundFlagRef, std::allocator<Catch::Clara::Detail::BoundFlagRef>, (__gnu_cxx::_Lock_policy)2> > >::allocate(std::allocator<std::_Sp_counted_ptr_inplace<Catch::Clara::Detail::BoundFlagRef, std::allocator<Catch::Clara::Detail::BoundFlagRef>, (__gnu_cxx::_Lock_policy)2> >&, unsigned long) (alloc_traits.h:464)
==268755==    by 0x2293E1: std::__allocated_ptr<std::allocator<std::_Sp_counted_ptr_inplace<Catch::Clara::Detail::BoundFlagRef, std::allocator<Catch::Clara::Detail::BoundFlagRef>, (__gnu_cxx::_Lock_policy)2> > > std::__allocate_guarded<std::allocator<std::_Sp_counted_ptr_inplace<Catch::Clara::Detail::BoundFlagRef, std::allocator<Catch::Clara::Detail::BoundFlagRef>, (__gnu_cxx::_Lock_policy)2> > >(std::allocator<std::_Sp_counted_ptr_inplace<Catch::Clara::Detail::BoundFlagRef, std::allocator<Catch::Clara::Detail::BoundFlagRef>, (__gnu_cxx::_Lock_policy)2> >&) (allocated_ptr.h:98)
==268755==    by 0x22857F: std::__shared_count<(__gnu_cxx::_Lock_policy)2>::__shared_count<Catch::Clara::Detail::BoundFlagRef, std::allocator<Catch::Clara::Detail::BoundFlagRef>, bool&>(Catch::Clara::Detail::BoundFlagRef*&, std::_Sp_alloc_shared_tag<std::allocator<Catch::Clara::Detail::BoundFlagRef> >, bool&) (shared_ptr_base.h:648)
==268755==    by 0x227975: std::__shared_ptr<Catch::Clara::Detail::BoundFlagRef, (__gnu_cxx::_Lock_policy)2>::__shared_ptr<std::allocator<Catch::Clara::Detail::BoundFlagRef>, bool&>(std::_Sp_alloc_shared_tag<std::allocator<Catch::Clara::Detail::BoundFlagRef> >, bool&) (shared_ptr_base.h:1342)
==268755==    by 0x2261F0: std::shared_ptr<Catch::Clara::Detail::BoundFlagRef>::shared_ptr<std::allocator<Catch::Clara::Detail::BoundFlagRef>, bool&>(std::_Sp_alloc_shared_tag<std::allocator<Catch::Clara::Detail::BoundFlagRef> >, bool&) (shared_ptr.h:409)
==268755==    by 0x224DBC: std::shared_ptr<Catch::Clara::Detail::BoundFlagRef> std::allocate_shared<Catch::Clara::Detail::BoundFlagRef, std::allocator<Catch::Clara::Detail::BoundFlagRef>, bool&>(std::allocator<Catch::Clara::Detail::BoundFlagRef> const&, bool&) (shared_ptr.h:863)
==268755==    by 0x223739: std::shared_ptr<Catch::Clara::Detail::BoundFlagRef> std::make_shared<Catch::Clara::Detail::BoundFlagRef, bool&>(bool&) (shared_ptr.h:879)
==268755==    by 0x21E708: Catch::Clara::Opt::Opt(bool&) (catch_clara.cpp:174)
==268755==    by 0x22ED48: Catch::makeCommandLineParser(Catch::ConfigData&) (catch_commandline.cpp:274)
==268755==    by 0x206504: Catch::Session::Session() (catch_session.cpp:179)
==268755== 
==268755== 32 bytes in 1 blocks are still reachable in loss record 903 of 2,004
==268755==    at 0x4849013: operator new(unsigned long) (in /usr/libexec/valgrind/vgpreload_memcheck-amd64-linux.so)
==268755==    by 0x23B625: __gnu_cxx::new_allocator<std::_Sp_counted_ptr_inplace<Catch::Clara::Detail::BoundLambda<Catch::makeCommandLineParser(Catch::ConfigData&)::{lambda(std::__cxx11::basic_string<char, std::char_traits<char>, std::allocator<char> > const&)#5}>, std::allocator<Catch::Clara::Detail::BoundLambda<Catch::makeCommandLineParser(Catch::ConfigData&)::{lambda(std::__cxx11::basic_string<char, std::char_traits<char>, std::allocator<char> > const&)#5}> >, (__gnu_cxx::_Lock_policy)2> >::allocate(unsigned long, void const*) (new_allocator.h:127)
==268755==    by 0x23A6EA: std::allocator_traits<std::allocator<std::_Sp_counted_ptr_inplace<Catch::Clara::Detail::BoundLambda<Catch::makeCommandLineParser(Catch::ConfigData&)::{lambda(std::__cxx11::basic_string<char, std::char_traits<char>, std::allocator<char> > const&)#5}>, std::allocator<Catch::Clara::Detail::BoundLambda<Catch::makeCommandLineParser(Catch::ConfigData&)::{lambda(std::__cxx11::basic_string<char, std::char_traits<char>, std::allocator<char> > const&)#5}> >, (__gnu_cxx::_Lock_policy)2> > >::allocate(std::allocator<std::_Sp_counted_ptr_inplace<Catch::Clara::Detail::BoundLambda<Catch::makeCommandLineParser(Catch::ConfigData&)::{lambda(std::__cxx11::basic_string<char, std::char_traits<char>, std::allocator<char> > const&)#5}>, std::allocator<Catch::Clara::Detail::BoundLambda<Catch::makeCommandLineParser(Catch::ConfigData&)::{lambda(std::__cxx11::basic_string<char, std::char_traits<char>, std::allocator<char> > const&)#5}> >, (__gnu_cxx::_Lock_policy)2> >&, unsigned long) (alloc_traits.h:464)
==268755==    by 0x239273: std::__allocated_ptr<std::allocator<std::_Sp_counted_ptr_inplace<Catch::Clara::Detail::BoundLambda<Catch::makeCommandLineParser(Catch::ConfigData&)::{lambda(std::__cxx11::basic_string<char, std::char_traits<char>, std::allocator<char> > const&)#5}>, std::allocator<Catch::Clara::Detail::BoundLambda<Catch::makeCommandLineParser(Catch::ConfigData&)::{lambda(std::__cxx11::basic_string<char, std::char_traits<char>, std::allocator<char> > const&)#5}> >, (__gnu_cxx::_Lock_policy)2> > > std::__allocate_guarded<std::allocator<std::_Sp_counted_ptr_inplace<Catch::Clara::Detail::BoundLambda<Catch::makeCommandLineParser(Catch::ConfigData&)::{lambda(std::__cxx11::basic_string<char, std::char_traits<char>, std::allocator<char> > const&)#5}>, std::allocator<Catch::Clara::Detail::BoundLambda<Catch::makeCommandLineParser(Catch::ConfigData&)::{lambda(std::__cxx11::basic_string<char, std::char_traits<char>, std::allocator<char> > const&)#5}> >, (__gnu_cxx::_Lock_policy)2> > >(std::allocator<std::_Sp_counted_ptr_inplace<Catch::Clara::Detail::BoundLambda<Catch::makeCommandLineParser(Catch::ConfigData&)::{lambda(std::__cxx11::basic_string<char, std::char_traits<char>, std::allocator<char> > const&)#5}>, std::allocator<Catch::Clara::Detail::BoundLambda<Catch::makeCommandLineParser(Catch::ConfigData&)::{lambda(std::__cxx11::basic_string<char, std::char_traits<char>, std::allocator<char> > const&)#5}> >, (__gnu_cxx::_Lock_policy)2> >&) (allocated_ptr.h:98)
==268755==    by 0x237829: std::__shared_count<(__gnu_cxx::_Lock_policy)2>::__shared_count<Catch::Clara::Detail::BoundLambda<Catch::makeCommandLineParser(Catch::ConfigData&)::{lambda(std::__cxx11::basic_string<char, std::char_traits<char>, std::allocator<char> > const&)#5}>, std::allocator<Catch::Clara::Detail::BoundLambda<Catch::makeCommandLineParser(Catch::ConfigData&)::{lambda(std::__cxx11::basic_string<char, std::char_traits<char>, std::allocator<char> > const&)#5}> >, Catch::makeCommandLineParser(Catch::ConfigData&)::{lambda(std::__cxx11::basic_string<char, std::char_traits<char>, std::allocator<char> > const&)#5} const&>(Catch::Clara::Detail::BoundLambda<Catch::makeCommandLineParser(Catch::ConfigData&)::{lambda(std::__cxx11::basic_string<char, std::char_traits<char>, std::allocator<char> > const&)#5}>*&, std::_Sp_alloc_shared_tag<std::allocator<Catch::Clara::Detail::BoundLambda<Catch::makeCommandLineParser(Catch::ConfigData&)::{lambda(std::__cxx11::basic_string<char, std::char_traits<char>, std::allocator<char> > const&)#5}> > >, Catch::makeCommandLineParser(Catch::ConfigData&)::{lambda(std::__cxx11::basic_string<char, std::char_traits<char>, std::allocator<char> > const&)#5} const&) (shared_ptr_base.h:648)
==268755==    by 0x236801: std::__shared_ptr<Catch::Clara::Detail::BoundLambda<Catch::makeCommandLineParser(Catch::ConfigData&)::{lambda(std::__cxx11::basic_string<char, std::char_traits<char>, std::allocator<char> > const&)#5}>, (__gnu_cxx::_Lock_policy)2>::__shared_ptr<std::allocator<Catch::Clara::Detail::BoundLambda<Catch::makeCommandLineParser(Catch::ConfigData&)::{lambda(std::__cxx11::basic_string<char, std::char_traits<char>, std::allocator<char> > const&)#5}> >, Catch::makeCommandLineParser(Catch::ConfigData&)::{lambda(std::__cxx11::basic_string<char, std::char_traits<char>, std::allocator<char> > const&)#5} const&>(std::_Sp_alloc_shared_tag<std::allocator<Catch::Clara::Detail::BoundLambda<Catch::makeCommandLineParser(Catch::ConfigData&)::{lambda(std::__cxx11::basic_string<char, std::char_traits<char>, std::allocator<char> > const&)#5}> > >, Catch::makeCommandLineParser(Catch::ConfigData&)::{lambda(std::__cxx11::basic_string<char, std::char_traits<char>, std::allocator<char> > const&)#5} const&) (shared_ptr_base.h:1342)
==268755==    by 0x2361EA: std::shared_ptr<Catch::Clara::Detail::BoundLambda<Catch::makeCommandLineParser(Catch::ConfigData&)::{lambda(std::__cxx11::basic_string<char, std::char_traits<char>, std::allocator<char> > const&)#5}> >::shared_ptr<std::allocator<Catch::Clara::Detail::BoundLambda<Catch::makeCommandLineParser(Catch::ConfigData&)::{lambda(std::__cxx11::basic_string<char, std::char_traits<char>, std::allocator<char> > const&)#5}> >, Catch::makeCommandLineParser(Catch::ConfigData&)::{lambda(std::__cxx11::basic_string<char, std::char_traits<char>, std::allocator<char> > const&)#5} const&>(std::_Sp_alloc_shared_tag<std::allocator<Catch::Clara::Detail::BoundLambda<Catch::makeCommandLineParser(Catch::ConfigData&)::{lambda(std::__cxx11::basic_string<char, std::char_traits<char>, std::allocator<char> > const&)#5}> > >, Catch::makeCommandLineParser(Catch::ConfigData&)::{lambda(std::__cxx11::basic_string<char, std::char_traits<char>, std::allocator<char> > const&)#5} const&) (shared_ptr.h:409)
==268755==    by 0x235B5E: std::shared_ptr<Catch::Clara::Detail::BoundLambda<Catch::makeCommandLineParser(Catch::ConfigData&)::{lambda(std::__cxx11::basic_string<char, std::char_traits<char>, std::allocator<char> > const&)#5}> > std::allocate_shared<Catch::Clara::Detail::BoundLambda<Catch::makeCommandLineParser(Catch::ConfigData&)::{lambda(std::__cxx11::basic_string<char, std::char_traits<char>, std::allocator<char> > const&)#5}>, std::allocator<Catch::Clara::Detail::BoundLambda<Catch::makeCommandLineParser(Catch::ConfigData&)::{lambda(std::__cxx11::basic_string<char, std::char_traits<char>, std::allocator<char> > const&)#5}> >, Catch::makeCommandLineParser(Catch::ConfigData&)::{lambda(std::__cxx11::basic_string<char, std::char_traits<char>, std::allocator<char> > const&)#5} const&>(std::allocator<Catch::Clara::Detail::BoundLambda<Catch::makeCommandLineParser(Catch::ConfigData&)::{lambda(std::__cxx11::basic_string<char, std::char_traits<char>, std::allocator<char> > const&)#5}> > const&, Catch::makeCommandLineParser(Catch::ConfigData&)::{lambda(std::__cxx11::basic_string<char, std::char_traits<char>, std::allocator<char> > const&)#5} const&) (shared_ptr.h:863)
==268755==    by 0x23505D: std::shared_ptr<Catch::Clara::Detail::BoundLambda<Catch::makeCommandLineParser(Catch::ConfigData&)::{lambda(std::__cxx11::basic_string<char, std::char_traits<char>, std::allocator<char> > const&)#5}> > std::make_shared<Catch::Clara::Detail::BoundLambda<Catch::makeCommandLineParser(Catch::ConfigData&)::{lambda(std::__cxx11::basic_string<char, std::char_traits<char>, std::allocator<char> > const&)#5}>, Catch::makeCommandLineParser(Catch::ConfigData&)::{lambda(std::__cxx11::basic_string<char, std::char_traits<char>, std::allocator<char> > const&)#5} const&>(Catch::makeCommandLineParser(Catch::ConfigData&)::{lambda(std::__cxx11::basic_string<char, std::char_traits<char>, std::allocator<char> > const&)#5} const&) (shared_ptr.h:879)
==268755==    by 0x23445F: Catch::Clara::Detail::ParserRefImpl<Catch::Clara::Opt>::ParserRefImpl<Catch::makeCommandLineParser(Catch::ConfigData&)::{lambda(std::__cxx11::basic_string<char, std::char_traits<char>, std::allocator<char> > const&)#5}, void>(Catch::makeCommandLineParser(Catch::ConfigData&)::{lambda(std::__cxx11::basic_string<char, std::char_traits<char>, std::allocator<char> > const&)#5} const&, std::__cxx11::basic_string<char, std::char_traits<char>, std::allocator<char> > const&) (catch_clara.hpp:493)
==268755==    by 0x233804: Catch::Clara::Opt::Opt<Catch::makeCommandLineParser(Catch::ConfigData&)::{lambda(std::__cxx11::basic_string<char, std::char_traits<char>, std::allocator<char> > const&)#5}, void>(Catch::makeCommandLineParser(Catch::ConfigData&)::{lambda(std::__cxx11::basic_string<char, std::char_traits<char>, std::allocator<char> > const&)#5} const&, std::__cxx11::basic_string<char, std::char_traits<char>, std::allocator<char> > const&) (catch_clara.hpp:556)
==268755==    by 0x22EE30: Catch::makeCommandLineParser(Catch::ConfigData&) (catch_commandline.cpp:271)
==268755== 
==268755== 32 bytes in 1 blocks are still reachable in loss record 904 of 2,004
==268755==    at 0x4849013: operator new(unsigned long) (in /usr/libexec/valgrind/vgpreload_memcheck-amd64-linux.so)
==268755==    by 0x23B4F5: __gnu_cxx::new_allocator<std::_Sp_counted_ptr_inplace<Catch::Clara::Detail::BoundLambda<Catch::makeCommandLineParser(Catch::ConfigData&)::{lambda(std::__cxx11::basic_string<char, std::char_traits<char>, std::allocator<char> > const&)#4}>, std::allocator<Catch::Clara::Detail::BoundLambda<Catch::makeCommandLineParser(Catch::ConfigData&)::{lambda(std::__cxx11::basic_string<char, std::char_traits<char>, std::allocator<char> > const&)#4}> >, (__gnu_cxx::_Lock_policy)2> >::allocate(unsigned long, void const*) (new_allocator.h:127)
==268755==    by 0x23A5AC: std::allocator_traits<std::allocator<std::_Sp_counted_ptr_inplace<Catch::Clara::Detail::BoundLambda<Catch::makeCommandLineParser(Catch::ConfigData&)::{lambda(std::__cxx11::basic_string<char, std::char_traits<char>, std::allocator<char> > const&)#4}>, std::allocator<Catch::Clara::Detail::BoundLambda<Catch::makeCommandLineParser(Catch::ConfigData&)::{lambda(std::__cxx11::basic_string<char, std::char_traits<char>, std::allocator<char> > const&)#4}> >, (__gnu_cxx::_Lock_policy)2> > >::allocate(std::allocator<std::_Sp_counted_ptr_inplace<Catch::Clara::Detail::BoundLambda<Catch::makeCommandLineParser(Catch::ConfigData&)::{lambda(std::__cxx11::basic_string<char, std::char_traits<char>, std::allocator<char> > const&)#4}>, std::allocator<Catch::Clara::Detail::BoundLambda<Catch::makeCommandLineParser(Catch::ConfigData&)::{lambda(std::__cxx11::basic_string<char, std::char_traits<char>, std::allocator<char> > const&)#4}> >, (__gnu_cxx::_Lock_policy)2> >&, unsigned long) (alloc_traits.h:464)
==268755==    by 0x239015: std::__allocated_ptr<std::allocator<std::_Sp_counted_ptr_inplace<Catch::Clara::Detail::BoundLambda<Catch::makeCommandLineParser(Catch::ConfigData&)::{lambda(std::__cxx11::basic_string<char, std::char_traits<char>, std::allocator<char> > const&)#4}>, std::allocator<Catch::Clara::Detail::BoundLambda<Catch::makeCommandLineParser(Catch::ConfigData&)::{lambda(std::__cxx11::basic_string<char, std::char_traits<char>, std::allocator<char> > const&)#4}> >, (__gnu_cxx::_Lock_policy)2> > > std::__allocate_guarded<std::allocator<std::_Sp_counted_ptr_inplace<Catch::Clara::Detail::BoundLambda<Catch::makeCommandLineParser(Catch::ConfigData&)::{lambda(std::__cxx11::basic_string<char, std::char_traits<char>, std::allocator<char> > const&)#4}>, std::allocator<Catch::Clara::Detail::BoundLambda<Catch::makeCommandLineParser(Catch::ConfigData&)::{lambda(std::__cxx11::basic_string<char, std::char_traits<char>, std::allocator<char> > const&)#4}> >, (__gnu_cxx::_Lock_policy)2> > >(std::allocator<std::_Sp_counted_ptr_inplace<Catch::Clara::Detail::BoundLambda<Catch::makeCommandLineParser(Catch::ConfigData&)::{lambda(std::__cxx11::basic_string<char, std::char_traits<char>, std::allocator<char> > const&)#4}>, std::allocator<Catch::Clara::Detail::BoundLambda<Catch::makeCommandLineParser(Catch::ConfigData&)::{lambda(std::__cxx11::basic_string<char, std::char_traits<char>, std::allocator<char> > const&)#4}> >, (__gnu_cxx::_Lock_policy)2> >&) (allocated_ptr.h:98)
==268755==    by 0x2376A5: std::__shared_count<(__gnu_cxx::_Lock_policy)2>::__shared_count<Catch::Clara::Detail::BoundLambda<Catch::makeCommandLineParser(Catch::ConfigData&)::{lambda(std::__cxx11::basic_string<char, std::char_traits<char>, std::allocator<char> > const&)#4}>, std::allocator<Catch::Clara::Detail::BoundLambda<Catch::makeCommandLineParser(Catch::ConfigData&)::{lambda(std::__cxx11::basic_string<char, std::char_traits<char>, std::allocator<char> > const&)#4}> >, Catch::makeCommandLineParser(Catch::ConfigData&)::{lambda(std::__cxx11::basic_string<char, std::char_traits<char>, std::allocator<char> > const&)#4} const&>(Catch::Clara::Detail::BoundLambda<Catch::makeCommandLineParser(Catch::ConfigData&)::{lambda(std::__cxx11::basic_string<char, std::char_traits<char>, std::allocator<char> > const&)#4}>*&, std::_Sp_alloc_shared_tag<std::allocator<Catch::Clara::Detail::BoundLambda<Catch::makeCommandLineParser(Catch::ConfigData&)::{lambda(std::__cxx11::basic_string<char, std::char_traits<char>, std::allocator<char> > const&)#4}> > >, Catch::makeCommandLineParser(Catch::ConfigData&)::{lambda(std::__cxx11::basic_string<char, std::char_traits<char>, std::allocator<char> > const&)#4} const&) (shared_ptr_base.h:648)
==268755==    by 0x236799: std::__shared_ptr<Catch::Clara::Detail::BoundLambda<Catch::makeCommandLineParser(Catch::ConfigData&)::{lambda(std::__cxx11::basic_string<char, std::char_traits<char>, std::allocator<char> > const&)#4}>, (__gnu_cxx::_Lock_policy)2>::__shared_ptr<std::allocator<Catch::Clara::Detail::BoundLambda<Catch::makeCommandLineParser(Catch::ConfigData&)::{lambda(std::__cxx11::basic_string<char, std::char_traits<char>, std::allocator<char> > const&)#4}> >, Catch::makeCommandLineParser(Catch::ConfigData&)::{lambda(std::__cxx11::basic_string<char, std::char_traits<char>, std::allocator<char> > const&)#4} const&>(std::_Sp_alloc_shared_tag<std::allocator<Catch::Clara::Detail::BoundLambda<Catch::makeCommandLineParser(Catch::ConfigData&)::{lambda(std::__cxx11::basic_string<char, std::char_traits<char>, std::allocator<char> > const&)#4}> > >, Catch::makeCommandLineParser(Catch::ConfigData&)::{lambda(std::__cxx11::basic_string<char, std::char_traits<char>, std::allocator<char> > const&)#4} const&) (shared_ptr_base.h:1342)
==268755==    by 0x236194: std::shared_ptr<Catch::Clara::Detail::BoundLambda<Catch::makeCommandLineParser(Catch::ConfigData&)::{lambda(std::__cxx11::basic_string<char, std::char_traits<char>, std::allocator<char> > const&)#4}> >::shared_ptr<std::allocator<Catch::Clara::Detail::BoundLambda<Catch::makeCommandLineParser(Catch::ConfigData&)::{lambda(std::__cxx11::basic_string<char, std::char_traits<char>, std::allocator<char> > const&)#4}> >, Catch::makeCommandLineParser(Catch::ConfigData&)::{lambda(std::__cxx11::basic_string<char, std::char_traits<char>, std::allocator<char> > const&)#4} const&>(std::_Sp_alloc_shared_tag<std::allocator<Catch::Clara::Detail::BoundLambda<Catch::makeCommandLineParser(Catch::ConfigData&)::{lambda(std::__cxx11::basic_string<char, std::char_traits<char>, std::allocator<char> > const&)#4}> > >, Catch::makeCommandLineParser(Catch::ConfigData&)::{lambda(std::__cxx11::basic_string<char, std::char_traits<char>, std::allocator<char> > const&)#4} const&) (shared_ptr.h:409)
==268755==    by 0x235A76: std::shared_ptr<Catch::Clara::Detail::BoundLambda<Catch::makeCommandLineParser(Catch::ConfigData&)::{lambda(std::__cxx11::basic_string<char, std::char_traits<char>, std::allocator<char> > const&)#4}> > std::allocate_shared<Catch::Clara::Detail::BoundLambda<Catch::makeCommandLineParser(Catch::ConfigData&)::{lambda(std::__cxx11::basic_string<char, std::char_traits<char>, std::allocator<char> > const&)#4}>, std::allocator<Catch::Clara::Detail::BoundLambda<Catch::makeCommandLineParser(Catch::ConfigData&)::{lambda(std::__cxx11::basic_string<char, std::char_traits<char>, std::allocator<char> > const&)#4}> >, Catch::makeCommandLineParser(Catch::ConfigData&)::{lambda(std::__cxx11::basic_string<char, std::char_traits<char>, std::allocator<char> > const&)#4} const&>(std::allocator<Catch::Clara::Detail::BoundLambda<Catch::makeCommandLineParser(Catch::ConfigData&)::{lambda(std::__cxx11::basic_string<char, std::char_traits<char>, std::allocator<char> > const&)#4}> > const&, Catch::makeCommandLineParser(Catch::ConfigData&)::{lambda(std::__cxx11::basic_string<char, std::char_traits<char>, std::allocator<char> > const&)#4} const&) (shared_ptr.h:863)
==268755==    by 0x234F8D: std::shared_ptr<Catch::Clara::Detail::BoundLambda<Catch::makeCommandLineParser(Catch::ConfigData&)::{lambda(std::__cxx11::basic_string<char, std::char_traits<char>, std::allocator<char> > const&)#4}> > std::make_shared<Catch::Clara::Detail::BoundLambda<Catch::makeCommandLineParser(Catch::ConfigData&)::{lambda(std::__cxx11::basic_string<char, std::char_traits<char>, std::allocator<char> > const&)#4}>, Catch::makeCommandLineParser(Catch::ConfigData&)::{lambda(std::__cxx11::basic_string<char, std::char_traits<char>, std::allocator<char> > const&)#4} const&>(Catch::makeCommandLineParser(Catch::ConfigData&)::{lambda(std::__cxx11::basic_string<char, std::char_traits<char>, std::allocator<char> > const&)#4} const&) (shared_ptr.h:879)
==268755==    by 0x234325: Catch::Clara::Detail::ParserRefImpl<Catch::Clara::Opt>::ParserRefImpl<Catch::makeCommandLineParser(Catch::ConfigData&)::{lambda(std::__cxx11::basic_string<char, std::char_traits<char>, std::allocator<char> > const&)#4}, void>(Catch::makeCommandLineParser(Catch::ConfigData&)::{lambda(std::__cxx11::basic_string<char, std::char_traits<char>, std::allocator<char> > const&)#4} const&, std::__cxx11::basic_string<char, std::char_traits<char>, std::allocator<char> > const&) (catch_clara.hpp:493)
==268755==    by 0x2337B4: Catch::Clara::Opt::Opt<Catch::makeCommandLineParser(Catch::ConfigData&)::{lambda(std::__cxx11::basic_string<char, std::char_traits<char>, std::allocator<char> > const&)#4}, void>(Catch::makeCommandLineParser(Catch::ConfigData&)::{lambda(std::__cxx11::basic_string<char, std::char_traits<char>, std::allocator<char> > const&)#4} const&, std::__cxx11::basic_string<char, std::char_traits<char>, std::allocator<char> > const&) (catch_clara.hpp:556)
==268755==    by 0x22EF1B: Catch::makeCommandLineParser(Catch::ConfigData&) (catch_commandline.cpp:268)
==268755== 
==268755== 32 bytes in 1 blocks are still reachable in loss record 905 of 2,004
==268755==    at 0x4849013: operator new(unsigned long) (in /usr/libexec/valgrind/vgpreload_memcheck-amd64-linux.so)
==268755==    by 0x23B3C5: __gnu_cxx::new_allocator<std::_Sp_counted_ptr_inplace<Catch::Clara::Detail::BoundLambda<Catch::makeCommandLineParser(Catch::ConfigData&)::{lambda(std::__cxx11::basic_string<char, std::char_traits<char>, std::allocator<char> > const&)#3}>, std::allocator<Catch::Clara::Detail::BoundLambda<Catch::makeCommandLineParser(Catch::ConfigData&)::{lambda(std::__cxx11::basic_string<char, std::char_traits<char>, std::allocator<char> > const&)#3}> >, (__gnu_cxx::_Lock_policy)2> >::allocate(unsigned long, void const*) (new_allocator.h:127)
==268755==    by 0x23A46E: std::allocator_traits<std::allocator<std::_Sp_counted_ptr_inplace<Catch::Clara::Detail::BoundLambda<Catch::makeCommandLineParser(Catch::ConfigData&)::{lambda(std::__cxx11::basic_string<char, std::char_traits<char>, std::allocator<char> > const&)#3}>, std::allocator<Catch::Clara::Detail::BoundLambda<Catch::makeCommandLineParser(Catch::ConfigData&)::{lambda(std::__cxx11::basic_string<char, std::char_traits<char>, std::allocator<char> > const&)#3}> >, (__gnu_cxx::_Lock_policy)2> > >::allocate(std::allocator<std::_Sp_counted_ptr_inplace<Catch::Clara::Detail::BoundLambda<Catch::makeCommandLineParser(Catch::ConfigData&)::{lambda(std::__cxx11::basic_string<char, std::char_traits<char>, std::allocator<char> > const&)#3}>, std::allocator<Catch::Clara::Detail::BoundLambda<Catch::makeCommandLineParser(Catch::ConfigData&)::{lambda(std::__cxx11::basic_string<char, std::char_traits<char>, std::allocator<char> > const&)#3}> >, (__gnu_cxx::_Lock_policy)2> >&, unsigned long) (alloc_traits.h:464)
==268755==    by 0x238DB7: std::__allocated_ptr<std::allocator<std::_Sp_counted_ptr_inplace<Catch::Clara::Detail::BoundLambda<Catch::makeCommandLineParser(Catch::ConfigData&)::{lambda(std::__cxx11::basic_string<char, std::char_traits<char>, std::allocator<char> > const&)#3}>, std::allocator<Catch::Clara::Detail::BoundLambda<Catch::makeCommandLineParser(Catch::ConfigData&)::{lambda(std::__cxx11::basic_string<char, std::char_traits<char>, std::allocator<char> > const&)#3}> >, (__gnu_cxx::_Lock_policy)2> > > std::__allocate_guarded<std::allocator<std::_Sp_counted_ptr_inplace<Catch::Clara::Detail::BoundLambda<Catch::makeCommandLineParser(Catch::ConfigData&)::{lambda(std::__cxx11::basic_string<char, std::char_traits<char>, std::allocator<char> > const&)#3}>, std::allocator<Catch::Clara::Detail::BoundLambda<Catch::makeCommandLineParser(Catch::ConfigData&)::{lambda(std::__cxx11::basic_string<char, std::char_traits<char>, std::allocator<char> > const&)#3}> >, (__gnu_cxx::_Lock_policy)2> > >(std::allocator<std::_Sp_counted_ptr_inplace<Catch::Clara::Detail::BoundLambda<Catch::makeCommandLineParser(Catch::ConfigData&)::{lambda(std::__cxx11::basic_string<char, std::char_traits<char>, std::allocator<char> > const&)#3}>, std::allocator<Catch::Clara::Detail::BoundLambda<Catch::makeCommandLineParser(Catch::ConfigData&)::{lambda(std::__cxx11::basic_string<char, std::char_traits<char>, std::allocator<char> > const&)#3}> >, (__gnu_cxx::_Lock_policy)2> >&) (allocated_ptr.h:98)
==268755==    by 0x237521: std::__shared_count<(__gnu_cxx::_Lock_policy)2>::__shared_count<Catch::Clara::Detail::BoundLambda<Catch::makeCommandLineParser(Catch::ConfigData&)::{lambda(std::__cxx11::basic_string<char, std::char_traits<char>, std::allocator<char> > const&)#3}>, std::allocator<Catch::Clara::Detail::BoundLambda<Catch::makeCommandLineParser(Catch::ConfigData&)::{lambda(std::__cxx11::basic_string<char, std::char_traits<char>, std::allocator<char> > const&)#3}> >, Catch::makeCommandLineParser(Catch::ConfigData&)::{lambda(std::__cxx11::basic_string<char, std::char_traits<char>, std::allocator<char> > const&)#3} const&>(Catch::Clara::Detail::BoundLambda<Catch::makeCommandLineParser(Catch::ConfigData&)::{lambda(std::__cxx11::basic_string<char, std::char_traits<char>, std::allocator<char> > const&)#3}>*&, std::_Sp_alloc_shared_tag<std::allocator<Catch::Clara::Detail::BoundLambda<Catch::makeCommandLineParser(Catch::ConfigData&)::{lambda(std::__cxx11::basic_string<char, std::char_traits<char>, std::allocator<char> > const&)#3}> > >, Catch::makeCommandLineParser(Catch::ConfigData&)::{lambda(std::__cxx11::basic_string<char, std::char_traits<char>, std::allocator<char> > const&)#3} const&) (shared_ptr_base.h:648)
==268755==    by 0x236731: std::__shared_ptr<Catch::Clara::Detail::BoundLambda<Catch::makeCommandLineParser(Catch::ConfigData&)::{lambda(std::__cxx11::basic_string<char, std::char_traits<char>, std::allocator<char> > const&)#3}>, (__gnu_cxx::_Lock_policy)2>::__shared_ptr<std::allocator<Catch::Clara::Detail::BoundLambda<Catch::makeCommandLineParser(Catch::ConfigData&)::{lambda(std::__cxx11::basic_string<char, std::char_traits<char>, std::allocator<char> > const&)#3}> >, Catch::makeCommandLineParser(Catch::ConfigData&)::{lambda(std::__cxx11::basic_string<char, std::char_traits<char>, std::allocator<char> > const&)#3} const&>(std::_Sp_alloc_shared_tag<std::allocator<Catch::Clara::Detail::BoundLambda<Catch::makeCommandLineParser(Catch::ConfigData&)::{lambda(std::__cxx11::basic_string<char, std::char_traits<char>, std::allocator<char> > const&)#3}> > >, Catch::makeCommandLineParser(Catch::ConfigData&)::{lambda(std::__cxx11::basic_string<char, std::char_traits<char>, std::allocator<char> > const&)#3} const&) (shared_ptr_base.h:1342)
==268755==    by 0x23613E: std::shared_ptr<Catch::Clara::Detail::BoundLambda<Catch::makeCommandLineParser(Catch::ConfigData&)::{lambda(std::__cxx11::basic_string<char, std::char_traits<char>, std::allocator<char> > const&)#3}> >::shared_ptr<std::allocator<Catch::Clara::Detail::BoundLambda<Catch::makeCommandLineParser(Catch::ConfigData&)::{lambda(std::__cxx11::basic_string<char, std::char_traits<char>, std::allocator<char> > const&)#3}> >, Catch::makeCommandLineParser(Catch::ConfigData&)::{lambda(std::__cxx11::basic_string<char, std::char_traits<char>, std::allocator<char> > const&)#3} const&>(std::_Sp_alloc_shared_tag<std::allocator<Catch::Clara::Detail::BoundLambda<Catch::makeCommandLineParser(Catch::ConfigData&)::{lambda(std::__cxx11::basic_string<char, std::char_traits<char>, std::allocator<char> > const&)#3}> > >, Catch::makeCommandLineParser(Catch::ConfigData&)::{lambda(std::__cxx11::basic_string<char, std::char_traits<char>, std::allocator<char> > const&)#3} const&) (shared_ptr.h:409)
==268755==    by 0x23598E: std::shared_ptr<Catch::Clara::Detail::BoundLambda<Catch::makeCommandLineParser(Catch::ConfigData&)::{lambda(std::__cxx11::basic_string<char, std::char_traits<char>, std::allocator<char> > const&)#3}> > std::allocate_shared<Catch::Clara::Detail::BoundLambda<Catch::makeCommandLineParser(Catch::ConfigData&)::{lambda(std::__cxx11::basic_string<char, std::char_traits<char>, std::allocator<char> > const&)#3}>, std::allocator<Catch::Clara::Detail::BoundLambda<Catch::makeCommandLineParser(Catch::ConfigData&)::{lambda(std::__cxx11::basic_string<char, std::char_traits<char>, std::allocator<char> > const&)#3}> >, Catch::makeCommandLineParser(Catch::ConfigData&)::{lambda(std::__cxx11::basic_string<char, std::char_traits<char>, std::allocator<char> > const&)#3} const&>(std::allocator<Catch::Clara::Detail::BoundLambda<Catch::makeCommandLineParser(Catch::ConfigData&)::{lambda(std::__cxx11::basic_string<char, std::char_traits<char>, std::allocator<char> > const&)#3}> > const&, Catch::makeCommandLineParser(Catch::ConfigData&)::{lambda(std::__cxx11::basic_string<char, std::char_traits<char>, std::allocator<char> > const&)#3} const&) (shared_ptr.h:863)
==268755==    by 0x234EBD: std::shared_ptr<Catch::Clara::Detail::BoundLambda<Catch::makeCommandLineParser(Catch::ConfigData&)::{lambda(std::__cxx11::basic_string<char, std::char_traits<char>, std::allocator<char> > const&)#3}> > std::make_shared<Catch::Clara::Detail::BoundLambda<Catch::makeCommandLineParser(Catch::ConfigData&)::{lambda(std::__cxx11::basic_string<char, std::char_traits<char>, std::allocator<char> > const&)#3}>, Catch::makeCommandLineParser(Catch::ConfigData&)::{lambda(std::__cxx11::basic_string<char, std::char_traits<char>, std::allocator<char> > const&)#3} const&>(Catch::makeCommandLineParser(Catch::ConfigData&)::{lambda(std::__cxx11::basic_string<char, std::char_traits<char>, std::allocator<char> > const&)#3} const&) (shared_ptr.h:879)
==268755==    by 0x2341EB: Catch::Clara::Detail::ParserRefImpl<Catch::Clara::Opt>::ParserRefImpl<Catch::makeCommandLineParser(Catch::ConfigData&)::{lambda(std::__cxx11::basic_string<char, std::char_traits<char>, std::allocator<char> > const&)#3}, void>(Catch::makeCommandLineParser(Catch::ConfigData&)::{lambda(std::__cxx11::basic_string<char, std::char_traits<char>, std::allocator<char> > const&)#3} const&, std::__cxx11::basic_string<char, std::char_traits<char>, std::allocator<char> > const&) (catch_clara.hpp:493)
==268755==    by 0x233764: Catch::Clara::Opt::Opt<Catch::makeCommandLineParser(Catch::ConfigData&)::{lambda(std::__cxx11::basic_string<char, std::char_traits<char>, std::allocator<char> > const&)#3}, void>(Catch::makeCommandLineParser(Catch::ConfigData&)::{lambda(std::__cxx11::basic_string<char, std::char_traits<char>, std::allocator<char> > const&)#3} const&, std::__cxx11::basic_string<char, std::char_traits<char>, std::allocator<char> > const&) (catch_clara.hpp:556)
==268755==    by 0x22F006: Catch::makeCommandLineParser(Catch::ConfigData&) (catch_commandline.cpp:265)
==268755== 
==268755== 32 bytes in 1 blocks are still reachable in loss record 906 of 2,004
==268755==    at 0x4849013: operator new(unsigned long) (in /usr/libexec/valgrind/vgpreload_memcheck-amd64-linux.so)
==268755==    by 0x22ABA5: __gnu_cxx::new_allocator<std::_Sp_counted_ptr_inplace<Catch::Clara::Detail::BoundFlagRef, std::allocator<Catch::Clara::Detail::BoundFlagRef>, (__gnu_cxx::_Lock_policy)2> >::allocate(unsigned long, void const*) (new_allocator.h:127)
==268755==    by 0x22A2CA: std::allocator_traits<std::allocator<std::_Sp_counted_ptr_inplace<Catch::Clara::Detail::BoundFlagRef, std::allocator<Catch::Clara::Detail::BoundFlagRef>, (__gnu_cxx::_Lock_policy)2> > >::allocate(std::allocator<std::_Sp_counted_ptr_inplace<Catch::Clara::Detail::BoundFlagRef, std::allocator<Catch::Clara::Detail::BoundFlagRef>, (__gnu_cxx::_Lock_policy)2> >&, unsigned long) (alloc_traits.h:464)
==268755==    by 0x2293E1: std::__allocated_ptr<std::allocator<std::_Sp_counted_ptr_inplace<Catch::Clara::Detail::BoundFlagRef, std::allocator<Catch::Clara::Detail::BoundFlagRef>, (__gnu_cxx::_Lock_policy)2> > > std::__allocate_guarded<std::allocator<std::_Sp_counted_ptr_inplace<Catch::Clara::Detail::BoundFlagRef, std::allocator<Catch::Clara::Detail::BoundFlagRef>, (__gnu_cxx::_Lock_policy)2> > >(std::allocator<std::_Sp_counted_ptr_inplace<Catch::Clara::Detail::BoundFlagRef, std::allocator<Catch::Clara::Detail::BoundFlagRef>, (__gnu_cxx::_Lock_policy)2> >&) (allocated_ptr.h:98)
==268755==    by 0x22857F: std::__shared_count<(__gnu_cxx::_Lock_policy)2>::__shared_count<Catch::Clara::Detail::BoundFlagRef, std::allocator<Catch::Clara::Detail::BoundFlagRef>, bool&>(Catch::Clara::Detail::BoundFlagRef*&, std::_Sp_alloc_shared_tag<std::allocator<Catch::Clara::Detail::BoundFlagRef> >, bool&) (shared_ptr_base.h:648)
==268755==    by 0x227975: std::__shared_ptr<Catch::Clara::Detail::BoundFlagRef, (__gnu_cxx::_Lock_policy)2>::__shared_ptr<std::allocator<Catch::Clara::Detail::BoundFlagRef>, bool&>(std::_Sp_alloc_shared_tag<std::allocator<Catch::Clara::Detail::BoundFlagRef> >, bool&) (shared_ptr_base.h:1342)
==268755==    by 0x2261F0: std::shared_ptr<Catch::Clara::Detail::BoundFlagRef>::shared_ptr<std::allocator<Catch::Clara::Detail::BoundFlagRef>, bool&>(std::_Sp_alloc_shared_tag<std::allocator<Catch::Clara::Detail::BoundFlagRef> >, bool&) (shared_ptr.h:409)
==268755==    by 0x224DBC: std::shared_ptr<Catch::Clara::Detail::BoundFlagRef> std::allocate_shared<Catch::Clara::Detail::BoundFlagRef, std::allocator<Catch::Clara::Detail::BoundFlagRef>, bool&>(std::allocator<Catch::Clara::Detail::BoundFlagRef> const&, bool&) (shared_ptr.h:863)
==268755==    by 0x223739: std::shared_ptr<Catch::Clara::Detail::BoundFlagRef> std::make_shared<Catch::Clara::Detail::BoundFlagRef, bool&>(bool&) (shared_ptr.h:879)
==268755==    by 0x21E708: Catch::Clara::Opt::Opt(bool&) (catch_clara.cpp:174)
==268755==    by 0x22F0BC: Catch::makeCommandLineParser(Catch::ConfigData&) (catch_commandline.cpp:262)
==268755==    by 0x206504: Catch::Session::Session() (catch_session.cpp:179)
==268755== 
==268755== 32 bytes in 1 blocks are still reachable in loss record 907 of 2,004
==268755==    at 0x4849013: operator new(unsigned long) (in /usr/libexec/valgrind/vgpreload_memcheck-amd64-linux.so)
==268755==    by 0x22ABA5: __gnu_cxx::new_allocator<std::_Sp_counted_ptr_inplace<Catch::Clara::Detail::BoundFlagRef, std::allocator<Catch::Clara::Detail::BoundFlagRef>, (__gnu_cxx::_Lock_policy)2> >::allocate(unsigned long, void const*) (new_allocator.h:127)
==268755==    by 0x22A2CA: std::allocator_traits<std::allocator<std::_Sp_counted_ptr_inplace<Catch::Clara::Detail::BoundFlagRef, std::allocator<Catch::Clara::Detail::BoundFlagRef>, (__gnu_cxx::_Lock_policy)2> > >::allocate(std::allocator<std::_Sp_counted_ptr_inplace<Catch::Clara::Detail::BoundFlagRef, std::allocator<Catch::Clara::Detail::BoundFlagRef>, (__gnu_cxx::_Lock_policy)2> >&, unsigned long) (alloc_traits.h:464)
==268755==    by 0x2293E1: std::__allocated_ptr<std::allocator<std::_Sp_counted_ptr_inplace<Catch::Clara::Detail::BoundFlagRef, std::allocator<Catch::Clara::Detail::BoundFlagRef>, (__gnu_cxx::_Lock_policy)2> > > std::__allocate_guarded<std::allocator<std::_Sp_counted_ptr_inplace<Catch::Clara::Detail::BoundFlagRef, std::allocator<Catch::Clara::Detail::BoundFlagRef>, (__gnu_cxx::_Lock_policy)2> > >(std::allocator<std::_Sp_counted_ptr_inplace<Catch::Clara::Detail::BoundFlagRef, std::allocator<Catch::Clara::Detail::BoundFlagRef>, (__gnu_cxx::_Lock_policy)2> >&) (allocated_ptr.h:98)
==268755==    by 0x22857F: std::__shared_count<(__gnu_cxx::_Lock_policy)2>::__shared_count<Catch::Clara::Detail::BoundFlagRef, std::allocator<Catch::Clara::Detail::BoundFlagRef>, bool&>(Catch::Clara::Detail::BoundFlagRef*&, std::_Sp_alloc_shared_tag<std::allocator<Catch::Clara::Detail::BoundFlagRef> >, bool&) (shared_ptr_base.h:648)
==268755==    by 0x227975: std::__shared_ptr<Catch::Clara::Detail::BoundFlagRef, (__gnu_cxx::_Lock_policy)2>::__shared_ptr<std::allocator<Catch::Clara::Detail::BoundFlagRef>, bool&>(std::_Sp_alloc_shared_tag<std::allocator<Catch::Clara::Detail::BoundFlagRef> >, bool&) (shared_ptr_base.h:1342)
==268755==    by 0x2261F0: std::shared_ptr<Catch::Clara::Detail::BoundFlagRef>::shared_ptr<std::allocator<Catch::Clara::Detail::BoundFlagRef>, bool&>(std::_Sp_alloc_shared_tag<std::allocator<Catch::Clara::Detail::BoundFlagRef> >, bool&) (shared_ptr.h:409)
==268755==    by 0x224DBC: std::shared_ptr<Catch::Clara::Detail::BoundFlagRef> std::allocate_shared<Catch::Clara::Detail::BoundFlagRef, std::allocator<Catch::Clara::Detail::BoundFlagRef>, bool&>(std::allocator<Catch::Clara::Detail::BoundFlagRef> const&, bool&) (shared_ptr.h:863)
==268755==    by 0x223739: std::shared_ptr<Catch::Clara::Detail::BoundFlagRef> std::make_shared<Catch::Clara::Detail::BoundFlagRef, bool&>(bool&) (shared_ptr.h:879)
==268755==    by 0x21E708: Catch::Clara::Opt::Opt(bool&) (catch_clara.cpp:174)
==268755==    by 0x22F172: Catch::makeCommandLineParser(Catch::ConfigData&) (catch_commandline.cpp:259)
==268755==    by 0x206504: Catch::Session::Session() (catch_session.cpp:179)
==268755== 
==268755== 32 bytes in 1 blocks are still reachable in loss record 908 of 2,004
==268755==    at 0x4849013: operator new(unsigned long) (in /usr/libexec/valgrind/vgpreload_memcheck-amd64-linux.so)
==268755==    by 0x22ABA5: __gnu_cxx::new_allocator<std::_Sp_counted_ptr_inplace<Catch::Clara::Detail::BoundFlagRef, std::allocator<Catch::Clara::Detail::BoundFlagRef>, (__gnu_cxx::_Lock_policy)2> >::allocate(unsigned long, void const*) (new_allocator.h:127)
==268755==    by 0x22A2CA: std::allocator_traits<std::allocator<std::_Sp_counted_ptr_inplace<Catch::Clara::Detail::BoundFlagRef, std::allocator<Catch::Clara::Detail::BoundFlagRef>, (__gnu_cxx::_Lock_policy)2> > >::allocate(std::allocator<std::_Sp_counted_ptr_inplace<Catch::Clara::Detail::BoundFlagRef, std::allocator<Catch::Clara::Detail::BoundFlagRef>, (__gnu_cxx::_Lock_policy)2> >&, unsigned long) (alloc_traits.h:464)
==268755==    by 0x2293E1: std::__allocated_ptr<std::allocator<std::_Sp_counted_ptr_inplace<Catch::Clara::Detail::BoundFlagRef, std::allocator<Catch::Clara::Detail::BoundFlagRef>, (__gnu_cxx::_Lock_policy)2> > > std::__allocate_guarded<std::allocator<std::_Sp_counted_ptr_inplace<Catch::Clara::Detail::BoundFlagRef, std::allocator<Catch::Clara::Detail::BoundFlagRef>, (__gnu_cxx::_Lock_policy)2> > >(std::allocator<std::_Sp_counted_ptr_inplace<Catch::Clara::Detail::BoundFlagRef, std::allocator<Catch::Clara::Detail::BoundFlagRef>, (__gnu_cxx::_Lock_policy)2> >&) (allocated_ptr.h:98)
==268755==    by 0x22857F: std::__shared_count<(__gnu_cxx::_Lock_policy)2>::__shared_count<Catch::Clara::Detail::BoundFlagRef, std::allocator<Catch::Clara::Detail::BoundFlagRef>, bool&>(Catch::Clara::Detail::BoundFlagRef*&, std::_Sp_alloc_shared_tag<std::allocator<Catch::Clara::Detail::BoundFlagRef> >, bool&) (shared_ptr_base.h:648)
==268755==    by 0x227975: std::__shared_ptr<Catch::Clara::Detail::BoundFlagRef, (__gnu_cxx::_Lock_policy)2>::__shared_ptr<std::allocator<Catch::Clara::Detail::BoundFlagRef>, bool&>(std::_Sp_alloc_shared_tag<std::allocator<Catch::Clara::Detail::BoundFlagRef> >, bool&) (shared_ptr_base.h:1342)
==268755==    by 0x2261F0: std::shared_ptr<Catch::Clara::Detail::BoundFlagRef>::shared_ptr<std::allocator<Catch::Clara::Detail::BoundFlagRef>, bool&>(std::_Sp_alloc_shared_tag<std::allocator<Catch::Clara::Detail::BoundFlagRef> >, bool&) (shared_ptr.h:409)
==268755==    by 0x224DBC: std::shared_ptr<Catch::Clara::Detail::BoundFlagRef> std::allocate_shared<Catch::Clara::Detail::BoundFlagRef, std::allocator<Catch::Clara::Detail::BoundFlagRef>, bool&>(std::allocator<Catch::Clara::Detail::BoundFlagRef> const&, bool&) (shared_ptr.h:863)
==268755==    by 0x223739: std::shared_ptr<Catch::Clara::Detail::BoundFlagRef> std::make_shared<Catch::Clara::Detail::BoundFlagRef, bool&>(bool&) (shared_ptr.h:879)
==268755==    by 0x21E708: Catch::Clara::Opt::Opt(bool&) (catch_clara.cpp:174)
==268755==    by 0x22F228: Catch::makeCommandLineParser(Catch::ConfigData&) (catch_commandline.cpp:256)
==268755==    by 0x206504: Catch::Session::Session() (catch_session.cpp:179)
==268755== 
==268755== 32 bytes in 1 blocks are still reachable in loss record 909 of 2,004
==268755==    at 0x4849013: operator new(unsigned long) (in /usr/libexec/valgrind/vgpreload_memcheck-amd64-linux.so)
==268755==    by 0x22ABA5: __gnu_cxx::new_allocator<std::_Sp_counted_ptr_inplace<Catch::Clara::Detail::BoundFlagRef, std::allocator<Catch::Clara::Detail::BoundFlagRef>, (__gnu_cxx::_Lock_policy)2> >::allocate(unsigned long, void const*) (new_allocator.h:127)
==268755==    by 0x22A2CA: std::allocator_traits<std::allocator<std::_Sp_counted_ptr_inplace<Catch::Clara::Detail::BoundFlagRef, std::allocator<Catch::Clara::Detail::BoundFlagRef>, (__gnu_cxx::_Lock_policy)2> > >::allocate(std::allocator<std::_Sp_counted_ptr_inplace<Catch::Clara::Detail::BoundFlagRef, std::allocator<Catch::Clara::Detail::BoundFlagRef>, (__gnu_cxx::_Lock_policy)2> >&, unsigned long) (alloc_traits.h:464)
==268755==    by 0x2293E1: std::__allocated_ptr<std::allocator<std::_Sp_counted_ptr_inplace<Catch::Clara::Detail::BoundFlagRef, std::allocator<Catch::Clara::Detail::BoundFlagRef>, (__gnu_cxx::_Lock_policy)2> > > std::__allocate_guarded<std::allocator<std::_Sp_counted_ptr_inplace<Catch::Clara::Detail::BoundFlagRef, std::allocator<Catch::Clara::Detail::BoundFlagRef>, (__gnu_cxx::_Lock_policy)2> > >(std::allocator<std::_Sp_counted_ptr_inplace<Catch::Clara::Detail::BoundFlagRef, std::allocator<Catch::Clara::Detail::BoundFlagRef>, (__gnu_cxx::_Lock_policy)2> >&) (allocated_ptr.h:98)
==268755==    by 0x22857F: std::__shared_count<(__gnu_cxx::_Lock_policy)2>::__shared_count<Catch::Clara::Detail::BoundFlagRef, std::allocator<Catch::Clara::Detail::BoundFlagRef>, bool&>(Catch::Clara::Detail::BoundFlagRef*&, std::_Sp_alloc_shared_tag<std::allocator<Catch::Clara::Detail::BoundFlagRef> >, bool&) (shared_ptr_base.h:648)
==268755==    by 0x227975: std::__shared_ptr<Catch::Clara::Detail::BoundFlagRef, (__gnu_cxx::_Lock_policy)2>::__shared_ptr<std::allocator<Catch::Clara::Detail::BoundFlagRef>, bool&>(std::_Sp_alloc_shared_tag<std::allocator<Catch::Clara::Detail::BoundFlagRef> >, bool&) (shared_ptr_base.h:1342)
==268755==    by 0x2261F0: std::shared_ptr<Catch::Clara::Detail::BoundFlagRef>::shared_ptr<std::allocator<Catch::Clara::Detail::BoundFlagRef>, bool&>(std::_Sp_alloc_shared_tag<std::allocator<Catch::Clara::Detail::BoundFlagRef> >, bool&) (shared_ptr.h:409)
==268755==    by 0x224DBC: std::shared_ptr<Catch::Clara::Detail::BoundFlagRef> std::allocate_shared<Catch::Clara::Detail::BoundFlagRef, std::allocator<Catch::Clara::Detail::BoundFlagRef>, bool&>(std::allocator<Catch::Clara::Detail::BoundFlagRef> const&, bool&) (shared_ptr.h:863)
==268755==    by 0x223739: std::shared_ptr<Catch::Clara::Detail::BoundFlagRef> std::make_shared<Catch::Clara::Detail::BoundFlagRef, bool&>(bool&) (shared_ptr.h:879)
==268755==    by 0x21E708: Catch::Clara::Opt::Opt(bool&) (catch_clara.cpp:174)
==268755==    by 0x22F2DA: Catch::makeCommandLineParser(Catch::ConfigData&) (catch_commandline.cpp:253)
==268755==    by 0x206504: Catch::Session::Session() (catch_session.cpp:179)
==268755== 
==268755== 32 bytes in 1 blocks are still reachable in loss record 910 of 2,004
==268755==    at 0x4849013: operator new(unsigned long) (in /usr/libexec/valgrind/vgpreload_memcheck-amd64-linux.so)
==268755==    by 0x23B295: __gnu_cxx::new_allocator<std::_Sp_counted_ptr_inplace<Catch::Clara::Detail::BoundLambda<Catch::makeCommandLineParser(Catch::ConfigData&)::{lambda(std::__cxx11::basic_string<char, std::char_traits<char>, std::allocator<char> > const&)#7}>, std::allocator<Catch::Clara::Detail::BoundLambda<Catch::makeCommandLineParser(Catch::ConfigData&)::{lambda(std::__cxx11::basic_string<char, std::char_traits<char>, std::allocator<char> > const&)#7}> >, (__gnu_cxx::_Lock_policy)2> >::allocate(unsigned long, void const*) (new_allocator.h:127)
==268755==    by 0x23A330: std::allocator_traits<std::allocator<std::_Sp_counted_ptr_inplace<Catch::Clara::Detail::BoundLambda<Catch::makeCommandLineParser(Catch::ConfigData&)::{lambda(std::__cxx11::basic_string<char, std::char_traits<char>, std::allocator<char> > const&)#7}>, std::allocator<Catch::Clara::Detail::BoundLambda<Catch::makeCommandLineParser(Catch::ConfigData&)::{lambda(std::__cxx11::basic_string<char, std::char_traits<char>, std::allocator<char> > const&)#7}> >, (__gnu_cxx::_Lock_policy)2> > >::allocate(std::allocator<std::_Sp_counted_ptr_inplace<Catch::Clara::Detail::BoundLambda<Catch::makeCommandLineParser(Catch::ConfigData&)::{lambda(std::__cxx11::basic_string<char, std::char_traits<char>, std::allocator<char> > const&)#7}>, std::allocator<Catch::Clara::Detail::BoundLambda<Catch::makeCommandLineParser(Catch::ConfigData&)::{lambda(std::__cxx11::basic_string<char, std::char_traits<char>, std::allocator<char> > const&)#7}> >, (__gnu_cxx::_Lock_policy)2> >&, unsigned long) (alloc_traits.h:464)
==268755==    by 0x238B59: std::__allocated_ptr<std::allocator<std::_Sp_counted_ptr_inplace<Catch::Clara::Detail::BoundLambda<Catch::makeCommandLineParser(Catch::ConfigData&)::{lambda(std::__cxx11::basic_string<char, std::char_traits<char>, std::allocator<char> > const&)#7}>, std::allocator<Catch::Clara::Detail::BoundLambda<Catch::makeCommandLineParser(Catch::ConfigData&)::{lambda(std::__cxx11::basic_string<char, std::char_traits<char>, std::allocator<char> > const&)#7}> >, (__gnu_cxx::_Lock_policy)2> > > std::__allocate_guarded<std::allocator<std::_Sp_counted_ptr_inplace<Catch::Clara::Detail::BoundLambda<Catch::makeCommandLineParser(Catch::ConfigData&)::{lambda(std::__cxx11::basic_string<char, std::char_traits<char>, std::allocator<char> > const&)#7}>, std::allocator<Catch::Clara::Detail::BoundLambda<Catch::makeCommandLineParser(Catch::ConfigData&)::{lambda(std::__cxx11::basic_string<char, std::char_traits<char>, std::allocator<char> > const&)#7}> >, (__gnu_cxx::_Lock_policy)2> > >(std::allocator<std::_Sp_counted_ptr_inplace<Catch::Clara::Detail::BoundLambda<Catch::makeCommandLineParser(Catch::ConfigData&)::{lambda(std::__cxx11::basic_string<char, std::char_traits<char>, std::allocator<char> > const&)#7}>, std::allocator<Catch::Clara::Detail::BoundLambda<Catch::makeCommandLineParser(Catch::ConfigData&)::{lambda(std::__cxx11::basic_string<char, std::char_traits<char>, std::allocator<char> > const&)#7}> >, (__gnu_cxx::_Lock_policy)2> >&) (allocated_ptr.h:98)
==268755==    by 0x23739D: std::__shared_count<(__gnu_cxx::_Lock_policy)2>::__shared_count<Catch::Clara::Detail::BoundLambda<Catch::makeCommandLineParser(Catch::ConfigData&)::{lambda(std::__cxx11::basic_string<char, std::char_traits<char>, std::allocator<char> > const&)#7}>, std::allocator<Catch::Clara::Detail::BoundLambda<Catch::makeCommandLineParser(Catch::ConfigData&)::{lambda(std::__cxx11::basic_string<char, std::char_traits<char>, std::allocator<char> > const&)#7}> >, Catch::makeCommandLineParser(Catch::ConfigData&)::{lambda(std::__cxx11::basic_string<char, std::char_traits<char>, std::allocator<char> > const&)#7} const&>(Catch::Clara::Detail::BoundLambda<Catch::makeCommandLineParser(Catch::ConfigData&)::{lambda(std::__cxx11::basic_string<char, std::char_traits<char>, std::allocator<char> > const&)#7}>*&, std::_Sp_alloc_shared_tag<std::allocator<Catch::Clara::Detail::BoundLambda<Catch::makeCommandLineParser(Catch::ConfigData&)::{lambda(std::__cxx11::basic_string<char, std::char_traits<char>, std::allocator<char> > const&)#7}> > >, Catch::makeCommandLineParser(Catch::ConfigData&)::{lambda(std::__cxx11::basic_string<char, std::char_traits<char>, std::allocator<char> > const&)#7} const&) (shared_ptr_base.h:648)
==268755==    by 0x2366C9: std::__shared_ptr<Catch::Clara::Detail::BoundLambda<Catch::makeCommandLineParser(Catch::ConfigData&)::{lambda(std::__cxx11::basic_string<char, std::char_traits<char>, std::allocator<char> > const&)#7}>, (__gnu_cxx::_Lock_policy)2>::__shared_ptr<std::allocator<Catch::Clara::Detail::BoundLambda<Catch::makeCommandLineParser(Catch::ConfigData&)::{lambda(std::__cxx11::basic_string<char, std::char_traits<char>, std::allocator<char> > const&)#7}> >, Catch::makeCommandLineParser(Catch::ConfigData&)::{lambda(std::__cxx11::basic_string<char, std::char_traits<char>, std::allocator<char> > const&)#7} const&>(std::_Sp_alloc_shared_tag<std::allocator<Catch::Clara::Detail::BoundLambda<Catch::makeCommandLineParser(Catch::ConfigData&)::{lambda(std::__cxx11::basic_string<char, std::char_traits<char>, std::allocator<char> > const&)#7}> > >, Catch::makeCommandLineParser(Catch::ConfigData&)::{lambda(std::__cxx11::basic_string<char, std::char_traits<char>, std::allocator<char> > const&)#7} const&) (shared_ptr_base.h:1342)
==268755==    by 0x2360E8: std::shared_ptr<Catch::Clara::Detail::BoundLambda<Catch::makeCommandLineParser(Catch::ConfigData&)::{lambda(std::__cxx11::basic_string<char, std::char_traits<char>, std::allocator<char> > const&)#7}> >::shared_ptr<std::allocator<Catch::Clara::Detail::BoundLambda<Catch::makeCommandLineParser(Catch::ConfigData&)::{lambda(std::__cxx11::basic_string<char, std::char_traits<char>, std::allocator<char> > const&)#7}> >, Catch::makeCommandLineParser(Catch::ConfigData&)::{lambda(std::__cxx11::basic_string<char, std::char_traits<char>, std::allocator<char> > const&)#7} const&>(std::_Sp_alloc_shared_tag<std::allocator<Catch::Clara::Detail::BoundLambda<Catch::makeCommandLineParser(Catch::ConfigData&)::{lambda(std::__cxx11::basic_string<char, std::char_traits<char>, std::allocator<char> > const&)#7}> > >, Catch::makeCommandLineParser(Catch::ConfigData&)::{lambda(std::__cxx11::basic_string<char, std::char_traits<char>, std::allocator<char> > const&)#7} const&) (shared_ptr.h:409)
==268755==    by 0x2358A6: std::shared_ptr<Catch::Clara::Detail::BoundLambda<Catch::makeCommandLineParser(Catch::ConfigData&)::{lambda(std::__cxx11::basic_string<char, std::char_traits<char>, std::allocator<char> > const&)#7}> > std::allocate_shared<Catch::Clara::Detail::BoundLambda<Catch::makeCommandLineParser(Catch::ConfigData&)::{lambda(std::__cxx11::basic_string<char, std::char_traits<char>, std::allocator<char> > const&)#7}>, std::allocator<Catch::Clara::Detail::BoundLambda<Catch::makeCommandLineParser(Catch::ConfigData&)::{lambda(std::__cxx11::basic_string<char, std::char_traits<char>, std::allocator<char> > const&)#7}> >, Catch::makeCommandLineParser(Catch::ConfigData&)::{lambda(std::__cxx11::basic_string<char, std::char_traits<char>, std::allocator<char> > const&)#7} const&>(std::allocator<Catch::Clara::Detail::BoundLambda<Catch::makeCommandLineParser(Catch::ConfigData&)::{lambda(std::__cxx11::basic_string<char, std::char_traits<char>, std::allocator<char> > const&)#7}> > const&, Catch::makeCommandLineParser(Catch::ConfigData&)::{lambda(std::__cxx11::basic_string<char, std::char_traits<char>, std::allocator<char> > const&)#7} const&) (shared_ptr.h:863)
==268755==    by 0x234DED: std::shared_ptr<Catch::Clara::Detail::BoundLambda<Catch::makeCommandLineParser(Catch::ConfigData&)::{lambda(std::__cxx11::basic_string<char, std::char_traits<char>, std::allocator<char> > const&)#7}> > std::make_shared<Catch::Clara::Detail::BoundLambda<Catch::makeCommandLineParser(Catch::ConfigData&)::{lambda(std::__cxx11::basic_string<char, std::char_traits<char>, std::allocator<char> > const&)#7}>, Catch::makeCommandLineParser(Catch::ConfigData&)::{lambda(std::__cxx11::basic_string<char, std::char_traits<char>, std::allocator<char> > const&)#7} const&>(Catch::makeCommandLineParser(Catch::ConfigData&)::{lambda(std::__cxx11::basic_string<char, std::char_traits<char>, std::allocator<char> > const&)#7} const&) (shared_ptr.h:879)
==268755==    by 0x2340B1: Catch::Clara::Detail::ParserRefImpl<Catch::Clara::Opt>::ParserRefImpl<Catch::makeCommandLineParser(Catch::ConfigData&)::{lambda(std::__cxx11::basic_string<char, std::char_traits<char>, std::allocator<char> > const&)#7}, void>(Catch::makeCommandLineParser(Catch::ConfigData&)::{lambda(std::__cxx11::basic_string<char, std::char_traits<char>, std::allocator<char> > const&)#7} const&, std::__cxx11::basic_string<char, std::char_traits<char>, std::allocator<char> > const&) (catch_clara.hpp:493)
==268755==    by 0x233714: Catch::Clara::Opt::Opt<Catch::makeCommandLineParser(Catch::ConfigData&)::{lambda(std::__cxx11::basic_string<char, std::char_traits<char>, std::allocator<char> > const&)#7}, void>(Catch::makeCommandLineParser(Catch::ConfigData&)::{lambda(std::__cxx11::basic_string<char, std::char_traits<char>, std::allocator<char> > const&)#7} const&, std::__cxx11::basic_string<char, std::char_traits<char>, std::allocator<char> > const&) (catch_clara.hpp:556)
==268755==    by 0x22F3C5: Catch::makeCommandLineParser(Catch::ConfigData&) (catch_commandline.cpp:250)
==268755== 
==268755== 32 bytes in 1 blocks are still reachable in loss record 911 of 2,004
==268755==    at 0x4849013: operator new(unsigned long) (in /usr/libexec/valgrind/vgpreload_memcheck-amd64-linux.so)
==268755==    by 0x244FA3: __gnu_cxx::new_allocator<std::_Sp_counted_ptr_inplace<Catch::Clara::Detail::BoundValueRef<std::vector<std::__cxx11::basic_string<char, std::char_traits<char>, std::allocator<char> >, std::allocator<std::__cxx11::basic_string<char, std::char_traits<char>, std::allocator<char> > > > >, std::allocator<Catch::Clara::Detail::BoundValueRef<std::vector<std::__cxx11::basic_string<char, std::char_traits<char>, std::allocator<char> >, std::allocator<std::__cxx11::basic_string<char, std::char_traits<char>, std::allocator<char> > > > > >, (__gnu_cxx::_Lock_policy)2> >::allocate(unsigned long, void const*) (new_allocator.h:127)
==268755==    by 0x244944: std::allocator_traits<std::allocator<std::_Sp_counted_ptr_inplace<Catch::Clara::Detail::BoundValueRef<std::vector<std::__cxx11::basic_string<char, std::char_traits<char>, std::allocator<char> >, std::allocator<std::__cxx11::basic_string<char, std::char_traits<char>, std::allocator<char> > > > >, std::allocator<Catch::Clara::Detail::BoundValueRef<std::vector<std::__cxx11::basic_string<char, std::char_traits<char>, std::allocator<char> >, std::allocator<std::__cxx11::basic_string<char, std::char_traits<char>, std::allocator<char> > > > > >, (__gnu_cxx::_Lock_policy)2> > >::allocate(std::allocator<std::_Sp_counted_ptr_inplace<Catch::Clara::Detail::BoundValueRef<std::vector<std::__cxx11::basic_string<char, std::char_traits<char>, std::allocator<char> >, std::allocator<std::__cxx11::basic_string<char, std::char_traits<char>, std::allocator<char> > > > >, std::allocator<Catch::Clara::Detail::BoundValueRef<std::vector<std::__cxx11::basic_string<char, std::char_traits<char>, std::allocator<char> >, std::allocator<std::__cxx11::basic_string<char, std::char_traits<char>, std::allocator<char> > > > > >, (__gnu_cxx::_Lock_policy)2> >&, unsigned long) (alloc_traits.h:464)
==268755==    by 0x243EA1: std::__allocated_ptr<std::allocator<std::_Sp_counted_ptr_inplace<Catch::Clara::Detail::BoundValueRef<std::vector<std::__cxx11::basic_string<char, std::char_traits<char>, std::allocator<char> >, std::allocator<std::__cxx11::basic_string<char, std::char_traits<char>, std::allocator<char> > > > >, std::allocator<Catch::Clara::Detail::BoundValueRef<std::vector<std::__cxx11::basic_string<char, std::char_traits<char>, std::allocator<char> >, std::allocator<std::__cxx11::basic_string<char, std::char_traits<char>, std::allocator<char> > > > > >, (__gnu_cxx::_Lock_policy)2> > > std::__allocate_guarded<std::allocator<std::_Sp_counted_ptr_inplace<Catch::Clara::Detail::BoundValueRef<std::vector<std::__cxx11::basic_string<char, std::char_traits<char>, std::allocator<char> >, std::allocator<std::__cxx11::basic_string<char, std::char_traits<char>, std::allocator<char> > > > >, std::allocator<Catch::Clara::Detail::BoundValueRef<std::vector<std::__cxx11::basic_string<char, std::char_traits<char>, std::allocator<char> >, std::allocator<std::__cxx11::basic_string<char, std::char_traits<char>, std::allocator<char> > > > > >, (__gnu_cxx::_Lock_policy)2> > >(std::allocator<std::_Sp_counted_ptr_inplace<Catch::Clara::Detail::BoundValueRef<std::vector<std::__cxx11::basic_string<char, std::char_traits<char>, std::allocator<char> >, std::allocator<std::__cxx11::basic_string<char, std::char_traits<char>, std::allocator<char> > > > >, std::allocator<Catch::Clara::Detail::BoundValueRef<std::vector<std::__cxx11::basic_string<char, std::char_traits<char>, std::allocator<char> >, std::allocator<std::__cxx11::basic_string<char, std::char_traits<char>, std::allocator<char> > > > > >, (__gnu_cxx::_Lock_policy)2> >&) (allocated_ptr.h:98)
==268755==    by 0x243675: std::__shared_count<(__gnu_cxx::_Lock_policy)2>::__shared_count<Catch::Clara::Detail::BoundValueRef<std::vector<std::__cxx11::basic_string<char, std::char_traits<char>, std::allocator<char> >, std::allocator<std::__cxx11::basic_string<char, std::char_traits<char>, std::allocator<char> > > > >, std::allocator<Catch::Clara::Detail::BoundValueRef<std::vector<std::__cxx11::basic_string<char, std::char_traits<char>, std::allocator<char> >, std::allocator<std::__cxx11::basic_string<char, std::char_traits<char>, std::allocator<char> > > > > >, std::vector<std::__cxx11::basic_string<char, std::char_traits<char>, std::allocator<char> >, std::allocator<std::__cxx11::basic_string<char, std::char_traits<char>, std::allocator<char> > > >&>(Catch::Clara::Detail::BoundValueRef<std::vector<std::__cxx11::basic_string<char, std::char_traits<char>, std::allocator<char> >, std::allocator<std::__cxx11::basic_string<char, std::char_traits<char>, std::allocator<char> > > > >*&, std::_Sp_alloc_shared_tag<std::allocator<Catch::Clara::Detail::BoundValueRef<std::vector<std::__cxx11::basic_string<char, std::char_traits<char>, std::allocator<char> >, std::allocator<std::__cxx11::basic_string<char, std::char_traits<char>, std::allocator<char> > > > > > >, std::vector<std::__cxx11::basic_string<char, std::char_traits<char>, std::allocator<char> >, std::allocator<std::__cxx11::basic_string<char, std::char_traits<char>, std::allocator<char> > > >&) (shared_ptr_base.h:648)
==268755==    by 0x2432E5: std::__shared_ptr<Catch::Clara::Detail::BoundValueRef<std::vector<std::__cxx11::basic_string<char, std::char_traits<char>, std::allocator<char> >, std::allocator<std::__cxx11::basic_string<char, std::char_traits<char>, std::allocator<char> > > > >, (__gnu_cxx::_Lock_policy)2>::__shared_ptr<std::allocator<Catch::Clara::Detail::BoundValueRef<std::vector<std::__cxx11::basic_string<char, std::char_traits<char>, std::allocator<char> >, std::allocator<std::__cxx11::basic_string<char, std::char_traits<char>, std::allocator<char> > > > > >, std::vector<std::__cxx11::basic_string<char, std::char_traits<char>, std::allocator<char> >, std::allocator<std::__cxx11::basic_string<char, std::char_traits<char>, std::allocator<char> > > >&>(std::_Sp_alloc_shared_tag<std::allocator<Catch::Clara::Detail::BoundValueRef<std::vector<std::__cxx11::basic_string<char, std::char_traits<char>, std::allocator<char> >, std::allocator<std::__cxx11::basic_string<char, std::char_traits<char>, std::allocator<char> > > > > > >, std::vector<std::__cxx11::basic_string<char, std::char_traits<char>, std::allocator<char> >, std::allocator<std::__cxx11::basic_string<char, std::char_traits<char>, std::allocator<char> > > >&) (shared_ptr_base.h:1342)
==268755==    by 0x242FA0: std::shared_ptr<Catch::Clara::Detail::BoundValueRef<std::vector<std::__cxx11::basic_string<char, std::char_traits<char>, std::allocator<char> >, std::allocator<std::__cxx11::basic_string<char, std::char_traits<char>, std::allocator<char> > > > > >::shared_ptr<std::allocator<Catch::Clara::Detail::BoundValueRef<std::vector<std::__cxx11::basic_string<char, std::char_traits<char>, std::allocator<char> >, std::allocator<std::__cxx11::basic_string<char, std::char_traits<char>, std::allocator<char> > > > > >, std::vector<std::__cxx11::basic_string<char, std::char_traits<char>, std::allocator<char> >, std::allocator<std::__cxx11::basic_string<char, std::char_traits<char>, std::allocator<char> > > >&>(std::_Sp_alloc_shared_tag<std::allocator<Catch::Clara::Detail::BoundValueRef<std::vector<std::__cxx11::basic_string<char, std::char_traits<char>, std::allocator<char> >, std::allocator<std::__cxx11::basic_string<char, std::char_traits<char>, std::allocator<char> > > > > > >, std::vector<std::__cxx11::basic_string<char, std::char_traits<char>, std::allocator<char> >, std::allocator<std::__cxx11::basic_string<char, std::char_traits<char>, std::allocator<char> > > >&) (shared_ptr.h:409)
==268755==    by 0x24252C: std::shared_ptr<Catch::Clara::Detail::BoundValueRef<std::vector<std::__cxx11::basic_string<char, std::char_traits<char>, std::allocator<char> >, std::allocator<std::__cxx11::basic_string<char, std::char_traits<char>, std::allocator<char> > > > > > std::allocate_shared<Catch::Clara::Detail::BoundValueRef<std::vector<std::__cxx11::basic_string<char, std::char_traits<char>, std::allocator<char> >, std::allocator<std::__cxx11::basic_string<char, std::char_traits<char>, std::allocator<char> > > > >, std::allocator<Catch::Clara::Detail::BoundValueRef<std::vector<std::__cxx11::basic_string<char, std::char_traits<char>, std::allocator<char> >, std::allocator<std::__cxx11::basic_string<char, std::char_traits<char>, std::allocator<char> > > > > >, std::vector<std::__cxx11::basic_string<char, std::char_traits<char>, std::allocator<char> >, std::allocator<std::__cxx11::basic_string<char, std::char_traits<char>, std::allocator<char> > > >&>(std::allocator<Catch::Clara::Detail::BoundValueRef<std::vector<std::__cxx11::basic_string<char, std::char_traits<char>, std::allocator<char> >, std::allocator<std::__cxx11::basic_string<char, std::char_traits<char>, std::allocator<char> > > > > > const&, std::vector<std::__cxx11::basic_string<char, std::char_traits<char>, std::allocator<char> >, std::allocator<std::__cxx11::basic_string<char, std::char_traits<char>, std::allocator<char> > > >&) (shared_ptr.h:863)
==268755==    by 0x241874: std::shared_ptr<Catch::Clara::Detail::BoundValueRef<std::vector<std::__cxx11::basic_string<char, std::char_traits<char>, std::allocator<char> >, std::allocator<std::__cxx11::basic_string<char, std::char_traits<char>, std::allocator<char> > > > > > std::make_shared<Catch::Clara::Detail::BoundValueRef<std::vector<std::__cxx11::basic_string<char, std::char_traits<char>, std::allocator<char> >, std::allocator<std::__cxx11::basic_string<char, std::char_traits<char>, std::allocator<char> > > > >, std::vector<std::__cxx11::basic_string<char, std::char_traits<char>, std::allocator<char> >, std::allocator<std::__cxx11::basic_string<char, std::char_traits<char>, std::allocator<char> > > >&>(std::vector<std::__cxx11::basic_string<char, std::char_traits<char>, std::allocator<char> >, std::allocator<std::__cxx11::basic_string<char, std::char_traits<char>, std::allocator<char> > > >&) (shared_ptr.h:879)
==268755==    by 0x2414FD: Catch::Clara::Detail::ParserRefImpl<Catch::Clara::Opt>::ParserRefImpl<std::vector<std::__cxx11::basic_string<char, std::char_traits<char>, std::allocator<char> >, std::allocator<std::__cxx11::basic_string<char, std::char_traits<char>, std::allocator<char> > > >, void>(std::vector<std::__cxx11::basic_string<char, std::char_traits<char>, std::allocator<char> >, std::allocator<std::__cxx11::basic_string<char, std::char_traits<char>, std::allocator<char> > > >&, std::__cxx11::basic_string<char, std::char_traits<char>, std::allocator<char> > const&) (catch_clara.hpp:486)
==268755==    by 0x23FFA8: Catch::Clara::Opt::Opt<std::vector<std::__cxx11::basic_string<char, std::char_traits<char>, std::allocator<char> >, std::allocator<std::__cxx11::basic_string<char, std::char_traits<char>, std::allocator<char> > > >, void>(std::vector<std::__cxx11::basic_string<char, std::char_traits<char>, std::allocator<char> >, std::allocator<std::__cxx11::basic_string<char, std::char_traits<char>, std::allocator<char> > > >&, std::__cxx11::basic_string<char, std::char_traits<char>, std::allocator<char> > const&) (catch_clara.hpp:566)
==268755==    by 0x22F4FE: Catch::makeCommandLineParser(Catch::ConfigData&) (catch_commandline.cpp:247)
==268755== 
==268755== 32 bytes in 1 blocks are still reachable in loss record 912 of 2,004
==268755==    at 0x4849013: operator new(unsigned long) (in /usr/libexec/valgrind/vgpreload_memcheck-amd64-linux.so)
==268755==    by 0x22ABA5: __gnu_cxx::new_allocator<std::_Sp_counted_ptr_inplace<Catch::Clara::Detail::BoundFlagRef, std::allocator<Catch::Clara::Detail::BoundFlagRef>, (__gnu_cxx::_Lock_policy)2> >::allocate(unsigned long, void const*) (new_allocator.h:127)
==268755==    by 0x22A2CA: std::allocator_traits<std::allocator<std::_Sp_counted_ptr_inplace<Catch::Clara::Detail::BoundFlagRef, std::allocator<Catch::Clara::Detail::BoundFlagRef>, (__gnu_cxx::_Lock_policy)2> > >::allocate(std::allocator<std::_Sp_counted_ptr_inplace<Catch::Clara::Detail::BoundFlagRef, std::allocator<Catch::Clara::Detail::BoundFlagRef>, (__gnu_cxx::_Lock_policy)2> >&, unsigned long) (alloc_traits.h:464)
==268755==    by 0x2293E1: std::__allocated_ptr<std::allocator<std::_Sp_counted_ptr_inplace<Catch::Clara::Detail::BoundFlagRef, std::allocator<Catch::Clara::Detail::BoundFlagRef>, (__gnu_cxx::_Lock_policy)2> > > std::__allocate_guarded<std::allocator<std::_Sp_counted_ptr_inplace<Catch::Clara::Detail::BoundFlagRef, std::allocator<Catch::Clara::Detail::BoundFlagRef>, (__gnu_cxx::_Lock_policy)2> > >(std::allocator<std::_Sp_counted_ptr_inplace<Catch::Clara::Detail::BoundFlagRef, std::allocator<Catch::Clara::Detail::BoundFlagRef>, (__gnu_cxx::_Lock_policy)2> >&) (allocated_ptr.h:98)
==268755==    by 0x22857F: std::__shared_count<(__gnu_cxx::_Lock_policy)2>::__shared_count<Catch::Clara::Detail::BoundFlagRef, std::allocator<Catch::Clara::Detail::BoundFlagRef>, bool&>(Catch::Clara::Detail::BoundFlagRef*&, std::_Sp_alloc_shared_tag<std::allocator<Catch::Clara::Detail::BoundFlagRef> >, bool&) (shared_ptr_base.h:648)
==268755==    by 0x227975: std::__shared_ptr<Catch::Clara::Detail::BoundFlagRef, (__gnu_cxx::_Lock_policy)2>::__shared_ptr<std::allocator<Catch::Clara::Detail::BoundFlagRef>, bool&>(std::_Sp_alloc_shared_tag<std::allocator<Catch::Clara::Detail::BoundFlagRef> >, bool&) (shared_ptr_base.h:1342)
==268755==    by 0x2261F0: std::shared_ptr<Catch::Clara::Detail::BoundFlagRef>::shared_ptr<std::allocator<Catch::Clara::Detail::BoundFlagRef>, bool&>(std::_Sp_alloc_shared_tag<std::allocator<Catch::Clara::Detail::BoundFlagRef> >, bool&) (shared_ptr.h:409)
==268755==    by 0x224DBC: std::shared_ptr<Catch::Clara::Detail::BoundFlagRef> std::allocate_shared<Catch::Clara::Detail::BoundFlagRef, std::allocator<Catch::Clara::Detail::BoundFlagRef>, bool&>(std::allocator<Catch::Clara::Detail::BoundFlagRef> const&, bool&) (shared_ptr.h:863)
==268755==    by 0x223739: std::shared_ptr<Catch::Clara::Detail::BoundFlagRef> std::make_shared<Catch::Clara::Detail::BoundFlagRef, bool&>(bool&) (shared_ptr.h:879)
==268755==    by 0x21E708: Catch::Clara::Opt::Opt(bool&) (catch_clara.cpp:174)
==268755==    by 0x22F5FB: Catch::makeCommandLineParser(Catch::ConfigData&) (catch_commandline.cpp:244)
==268755==    by 0x206504: Catch::Session::Session() (catch_session.cpp:179)
==268755== 
==268755== 32 bytes in 1 blocks are still reachable in loss record 913 of 2,004
==268755==    at 0x4849013: operator new(unsigned long) (in /usr/libexec/valgrind/vgpreload_memcheck-amd64-linux.so)
==268755==    by 0x23B165: __gnu_cxx::new_allocator<std::_Sp_counted_ptr_inplace<Catch::Clara::Detail::BoundLambda<Catch::makeCommandLineParser(Catch::ConfigData&)::{lambda(std::__cxx11::basic_string<char, std::char_traits<char>, std::allocator<char> > const&)#2}>, std::allocator<Catch::Clara::Detail::BoundLambda<Catch::makeCommandLineParser(Catch::ConfigData&)::{lambda(std::__cxx11::basic_string<char, std::char_traits<char>, std::allocator<char> > const&)#2}> >, (__gnu_cxx::_Lock_policy)2> >::allocate(unsigned long, void const*) (new_allocator.h:127)
==268755==    by 0x23A1F2: std::allocator_traits<std::allocator<std::_Sp_counted_ptr_inplace<Catch::Clara::Detail::BoundLambda<Catch::makeCommandLineParser(Catch::ConfigData&)::{lambda(std::__cxx11::basic_string<char, std::char_traits<char>, std::allocator<char> > const&)#2}>, std::allocator<Catch::Clara::Detail::BoundLambda<Catch::makeCommandLineParser(Catch::ConfigData&)::{lambda(std::__cxx11::basic_string<char, std::char_traits<char>, std::allocator<char> > const&)#2}> >, (__gnu_cxx::_Lock_policy)2> > >::allocate(std::allocator<std::_Sp_counted_ptr_inplace<Catch::Clara::Detail::BoundLambda<Catch::makeCommandLineParser(Catch::ConfigData&)::{lambda(std::__cxx11::basic_string<char, std::char_traits<char>, std::allocator<char> > const&)#2}>, std::allocator<Catch::Clara::Detail::BoundLambda<Catch::makeCommandLineParser(Catch::ConfigData&)::{lambda(std::__cxx11::basic_string<char, std::char_traits<char>, std::allocator<char> > const&)#2}> >, (__gnu_cxx::_Lock_policy)2> >&, unsigned long) (alloc_traits.h:464)
==268755==    by 0x2388FB: std::__allocated_ptr<std::allocator<std::_Sp_counted_ptr_inplace<Catch::Clara::Detail::BoundLambda<Catch::makeCommandLineParser(Catch::ConfigData&)::{lambda(std::__cxx11::basic_string<char, std::char_traits<char>, std::allocator<char> > const&)#2}>, std::allocator<Catch::Clara::Detail::BoundLambda<Catch::makeCommandLineParser(Catch::ConfigData&)::{lambda(std::__cxx11::basic_string<char, std::char_traits<char>, std::allocator<char> > const&)#2}> >, (__gnu_cxx::_Lock_policy)2> > > std::__allocate_guarded<std::allocator<std::_Sp_counted_ptr_inplace<Catch::Clara::Detail::BoundLambda<Catch::makeCommandLineParser(Catch::ConfigData&)::{lambda(std::__cxx11::basic_string<char, std::char_traits<char>, std::allocator<char> > const&)#2}>, std::allocator<Catch::Clara::Detail::BoundLambda<Catch::makeCommandLineParser(Catch::ConfigData&)::{lambda(std::__cxx11::basic_string<char, std::char_traits<char>, std::allocator<char> > const&)#2}> >, (__gnu_cxx::_Lock_policy)2> > >(std::allocator<std::_Sp_counted_ptr_inplace<Catch::Clara::Detail::BoundLambda<Catch::makeCommandLineParser(Catch::ConfigData&)::{lambda(std::__cxx11::basic_string<char, std::char_traits<char>, std::allocator<char> > const&)#2}>, std::allocator<Catch::Clara::Detail::BoundLambda<Catch::makeCommandLineParser(Catch::ConfigData&)::{lambda(std::__cxx11::basic_string<char, std::char_traits<char>, std::allocator<char> > const&)#2}> >, (__gnu_cxx::_Lock_policy)2> >&) (allocated_ptr.h:98)
==268755==    by 0x237219: std::__shared_count<(__gnu_cxx::_Lock_policy)2>::__shared_count<Catch::Clara::Detail::BoundLambda<Catch::makeCommandLineParser(Catch::ConfigData&)::{lambda(std::__cxx11::basic_string<char, std::char_traits<char>, std::allocator<char> > const&)#2}>, std::allocator<Catch::Clara::Detail::BoundLambda<Catch::makeCommandLineParser(Catch::ConfigData&)::{lambda(std::__cxx11::basic_string<char, std::char_traits<char>, std::allocator<char> > const&)#2}> >, Catch::makeCommandLineParser(Catch::ConfigData&)::{lambda(std::__cxx11::basic_string<char, std::char_traits<char>, std::allocator<char> > const&)#2} const&>(Catch::Clara::Detail::BoundLambda<Catch::makeCommandLineParser(Catch::ConfigData&)::{lambda(std::__cxx11::basic_string<char, std::char_traits<char>, std::allocator<char> > const&)#2}>*&, std::_Sp_alloc_shared_tag<std::allocator<Catch::Clara::Detail::BoundLambda<Catch::makeCommandLineParser(Catch::ConfigData&)::{lambda(std::__cxx11::basic_string<char, std::char_traits<char>, std::allocator<char> > const&)#2}> > >, Catch::makeCommandLineParser(Catch::ConfigData&)::{lambda(std::__cxx11::basic_string<char, std::char_traits<char>, std::allocator<char> > const&)#2} const&) (shared_ptr_base.h:648)
==268755==    by 0x236661: std::__shared_ptr<Catch::Clara::Detail::BoundLambda<Catch::makeCommandLineParser(Catch::ConfigData&)::{lambda(std::__cxx11::basic_string<char, std::char_traits<char>, std::allocator<char> > const&)#2}>, (__gnu_cxx::_Lock_policy)2>::__shared_ptr<std::allocator<Catch::Clara::Detail::BoundLambda<Catch::makeCommandLineParser(Catch::ConfigData&)::{lambda(std::__cxx11::basic_string<char, std::char_traits<char>, std::allocator<char> > const&)#2}> >, Catch::makeCommandLineParser(Catch::ConfigData&)::{lambda(std::__cxx11::basic_string<char, std::char_traits<char>, std::allocator<char> > const&)#2} const&>(std::_Sp_alloc_shared_tag<std::allocator<Catch::Clara::Detail::BoundLambda<Catch::makeCommandLineParser(Catch::ConfigData&)::{lambda(std::__cxx11::basic_string<char, std::char_traits<char>, std::allocator<char> > const&)#2}> > >, Catch::makeCommandLineParser(Catch::ConfigData&)::{lambda(std::__cxx11::basic_string<char, std::char_traits<char>, std::allocator<char> > const&)#2} const&) (shared_ptr_base.h:1342)
==268755==    by 0x236092: std::shared_ptr<Catch::Clara::Detail::BoundLambda<Catch::makeCommandLineParser(Catch::ConfigData&)::{lambda(std::__cxx11::basic_string<char, std::char_traits<char>, std::allocator<char> > const&)#2}> >::shared_ptr<std::allocator<Catch::Clara::Detail::BoundLambda<Catch::makeCommandLineParser(Catch::ConfigData&)::{lambda(std::__cxx11::basic_string<char, std::char_traits<char>, std::allocator<char> > const&)#2}> >, Catch::makeCommandLineParser(Catch::ConfigData&)::{lambda(std::__cxx11::basic_string<char, std::char_traits<char>, std::allocator<char> > const&)#2} const&>(std::_Sp_alloc_shared_tag<std::allocator<Catch::Clara::Detail::BoundLambda<Catch::makeCommandLineParser(Catch::ConfigData&)::{lambda(std::__cxx11::basic_string<char, std::char_traits<char>, std::allocator<char> > const&)#2}> > >, Catch::makeCommandLineParser(Catch::ConfigData&)::{lambda(std::__cxx11::basic_string<char, std::char_traits<char>, std::allocator<char> > const&)#2} const&) (shared_ptr.h:409)
==268755==    by 0x2357BE: std::shared_ptr<Catch::Clara::Detail::BoundLambda<Catch::makeCommandLineParser(Catch::ConfigData&)::{lambda(std::__cxx11::basic_string<char, std::char_traits<char>, std::allocator<char> > const&)#2}> > std::allocate_shared<Catch::Clara::Detail::BoundLambda<Catch::makeCommandLineParser(Catch::ConfigData&)::{lambda(std::__cxx11::basic_string<char, std::char_traits<char>, std::allocator<char> > const&)#2}>, std::allocator<Catch::Clara::Detail::BoundLambda<Catch::makeCommandLineParser(Catch::ConfigData&)::{lambda(std::__cxx11::basic_string<char, std::char_traits<char>, std::allocator<char> > const&)#2}> >, Catch::makeCommandLineParser(Catch::ConfigData&)::{lambda(std::__cxx11::basic_string<char, std::char_traits<char>, std::allocator<char> > const&)#2} const&>(std::allocator<Catch::Clara::Detail::BoundLambda<Catch::makeCommandLineParser(Catch::ConfigData&)::{lambda(std::__cxx11::basic_string<char, std::char_traits<char>, std::allocator<char> > const&)#2}> > const&, Catch::makeCommandLineParser(Catch::ConfigData&)::{lambda(std::__cxx11::basic_string<char, std::char_traits<char>, std::allocator<char> > const&)#2} const&) (shared_ptr.h:863)
==268755==    by 0x234D1D: std::shared_ptr<Catch::Clara::Detail::BoundLambda<Catch::makeCommandLineParser(Catch::ConfigData&)::{lambda(std::__cxx11::basic_string<char, std::char_traits<char>, std::allocator<char> > const&)#2}> > std::make_shared<Catch::Clara::Detail::BoundLambda<Catch::makeCommandLineParser(Catch::ConfigData&)::{lambda(std::__cxx11::basic_string<char, std::char_traits<char>, std::allocator<char> > const&)#2}>, Catch::makeCommandLineParser(Catch::ConfigData&)::{lambda(std::__cxx11::basic_string<char, std::char_traits<char>, std::allocator<char> > const&)#2} const&>(Catch::makeCommandLineParser(Catch::ConfigData&)::{lambda(std::__cxx11::basic_string<char, std::char_traits<char>, std::allocator<char> > const&)#2} const&) (shared_ptr.h:879)
==268755==    by 0x233F77: Catch::Clara::Detail::ParserRefImpl<Catch::Clara::Opt>::ParserRefImpl<Catch::makeCommandLineParser(Catch::ConfigData&)::{lambda(std::__cxx11::basic_string<char, std::char_traits<char>, std::allocator<char> > const&)#2}, void>(Catch::makeCommandLineParser(Catch::ConfigData&)::{lambda(std::__cxx11::basic_string<char, std::char_traits<char>, std::allocator<char> > const&)#2} const&, std::__cxx11::basic_string<char, std::char_traits<char>, std::allocator<char> > const&) (catch_clara.hpp:493)
==268755==    by 0x2336C4: Catch::Clara::Opt::Opt<Catch::makeCommandLineParser(Catch::ConfigData&)::{lambda(std::__cxx11::basic_string<char, std::char_traits<char>, std::allocator<char> > const&)#2}, void>(Catch::makeCommandLineParser(Catch::ConfigData&)::{lambda(std::__cxx11::basic_string<char, std::char_traits<char>, std::allocator<char> > const&)#2} const&, std::__cxx11::basic_string<char, std::char_traits<char>, std::allocator<char> > const&) (catch_clara.hpp:556)
==268755==    by 0x22F72D: Catch::makeCommandLineParser(Catch::ConfigData&) (catch_commandline.cpp:241)
==268755== 
==268755== 32 bytes in 1 blocks are still reachable in loss record 914 of 2,004
==268755==    at 0x4849013: operator new(unsigned long) (in /usr/libexec/valgrind/vgpreload_memcheck-amd64-linux.so)
==268755==    by 0x2450EF: __gnu_cxx::new_allocator<std::_Sp_counted_ptr_inplace<Catch::Clara::Detail::BoundValueRef<double>, std::allocator<Catch::Clara::Detail::BoundValueRef<double> >, (__gnu_cxx::_Lock_policy)2> >::allocate(unsigned long, void const*) (new_allocator.h:127)
==268755==    by 0x244B42: std::allocator_traits<std::allocator<std::_Sp_counted_ptr_inplace<Catch::Clara::Detail::BoundValueRef<double>, std::allocator<Catch::Clara::Detail::BoundValueRef<double> >, (__gnu_cxx::_Lock_policy)2> > >::allocate(std::allocator<std::_Sp_counted_ptr_inplace<Catch::Clara::Detail::BoundValueRef<double>, std::allocator<Catch::Clara::Detail::BoundValueRef<double> >, (__gnu_cxx::_Lock_policy)2> >&, unsigned long) (alloc_traits.h:464)
==268755==    by 0x2441C3: std::__allocated_ptr<std::allocator<std::_Sp_counted_ptr_inplace<Catch::Clara::Detail::BoundValueRef<double>, std::allocator<Catch::Clara::Detail::BoundValueRef<double> >, (__gnu_cxx::_Lock_policy)2> > > std::__allocate_guarded<std::allocator<std::_Sp_counted_ptr_inplace<Catch::Clara::Detail::BoundValueRef<double>, std::allocator<Catch::Clara::Detail::BoundValueRef<double> >, (__gnu_cxx::_Lock_policy)2> > >(std::allocator<std::_Sp_counted_ptr_inplace<Catch::Clara::Detail::BoundValueRef<double>, std::allocator<Catch::Clara::Detail::BoundValueRef<double> >, (__gnu_cxx::_Lock_policy)2> >&) (allocated_ptr.h:98)
==268755==    by 0x2439ED: std::__shared_count<(__gnu_cxx::_Lock_policy)2>::__shared_count<Catch::Clara::Detail::BoundValueRef<double>, std::allocator<Catch::Clara::Detail::BoundValueRef<double> >, double&>(Catch::Clara::Detail::BoundValueRef<double>*&, std::_Sp_alloc_shared_tag<std::allocator<Catch::Clara::Detail::BoundValueRef<double> > >, double&) (shared_ptr_base.h:648)
==268755==    by 0x243527: std::__shared_ptr<Catch::Clara::Detail::BoundValueRef<double>, (__gnu_cxx::_Lock_policy)2>::__shared_ptr<std::allocator<Catch::Clara::Detail::BoundValueRef<double> >, double&>(std::_Sp_alloc_shared_tag<std::allocator<Catch::Clara::Detail::BoundValueRef<double> > >, double&) (shared_ptr_base.h:1342)
==268755==    by 0x2431CC: std::shared_ptr<Catch::Clara::Detail::BoundValueRef<double> >::shared_ptr<std::allocator<Catch::Clara::Detail::BoundValueRef<double> >, double&>(std::_Sp_alloc_shared_tag<std::allocator<Catch::Clara::Detail::BoundValueRef<double> > >, double&) (shared_ptr.h:409)
==268755==    by 0x242CD0: std::shared_ptr<Catch::Clara::Detail::BoundValueRef<double> > std::allocate_shared<Catch::Clara::Detail::BoundValueRef<double>, std::allocator<Catch::Clara::Detail::BoundValueRef<double> >, double&>(std::allocator<Catch::Clara::Detail::BoundValueRef<double> > const&, double&) (shared_ptr.h:863)
==268755==    by 0x24226D: std::shared_ptr<Catch::Clara::Detail::BoundValueRef<double> > std::make_shared<Catch::Clara::Detail::BoundValueRef<double>, double&>(double&) (shared_ptr.h:879)
==268755==    by 0x2413FB: Catch::Clara::Detail::ParserRefImpl<Catch::Clara::Opt>::ParserRefImpl<double, void>(double&, std::__cxx11::basic_string<char, std::char_traits<char>, std::allocator<char> > const&) (catch_clara.hpp:486)
==268755==    by 0x23FF54: Catch::Clara::Opt::Opt<double, void>(double&, std::__cxx11::basic_string<char, std::char_traits<char>, std::allocator<char> > const&) (catch_clara.hpp:566)
==268755==    by 0x22F863: Catch::makeCommandLineParser(Catch::ConfigData&) (catch_commandline.cpp:238)
==268755== 
==268755== 32 bytes in 1 blocks are still reachable in loss record 915 of 2,004
==268755==    at 0x4849013: operator new(unsigned long) (in /usr/libexec/valgrind/vgpreload_memcheck-amd64-linux.so)
==268755==    by 0x23B035: __gnu_cxx::new_allocator<std::_Sp_counted_ptr_inplace<Catch::Clara::Detail::BoundLambda<Catch::makeCommandLineParser(Catch::ConfigData&)::{lambda(bool)#13}>, std::allocator<Catch::Clara::Detail::BoundLambda<Catch::makeCommandLineParser(Catch::ConfigData&)::{lambda(bool)#13}> >, (__gnu_cxx::_Lock_policy)2> >::allocate(unsigned long, void const*) (new_allocator.h:127)
==268755==    by 0x23A0B4: std::allocator_traits<std::allocator<std::_Sp_counted_ptr_inplace<Catch::Clara::Detail::BoundLambda<Catch::makeCommandLineParser(Catch::ConfigData&)::{lambda(bool)#13}>, std::allocator<Catch::Clara::Detail::BoundLambda<Catch::makeCommandLineParser(Catch::ConfigData&)::{lambda(bool)#13}> >, (__gnu_cxx::_Lock_policy)2> > >::allocate(std::allocator<std::_Sp_counted_ptr_inplace<Catch::Clara::Detail::BoundLambda<Catch::makeCommandLineParser(Catch::ConfigData&)::{lambda(bool)#13}>, std::allocator<Catch::Clara::Detail::BoundLambda<Catch::makeCommandLineParser(Catch::ConfigData&)::{lambda(bool)#13}> >, (__gnu_cxx::_Lock_policy)2> >&, unsigned long) (alloc_traits.h:464)
==268755==    by 0x23869D: std::__allocated_ptr<std::allocator<std::_Sp_counted_ptr_inplace<Catch::Clara::Detail::BoundLambda<Catch::makeCommandLineParser(Catch::ConfigData&)::{lambda(bool)#13}>, std::allocator<Catch::Clara::Detail::BoundLambda<Catch::makeCommandLineParser(Catch::ConfigData&)::{lambda(bool)#13}> >, (__gnu_cxx::_Lock_policy)2> > > std::__allocate_guarded<std::allocator<std::_Sp_counted_ptr_inplace<Catch::Clara::Detail::BoundLambda<Catch::makeCommandLineParser(Catch::ConfigData&)::{lambda(bool)#13}>, std::allocator<Catch::Clara::Detail::BoundLambda<Catch::makeCommandLineParser(Catch::ConfigData&)::{lambda(bool)#13}> >, (__gnu_cxx::_Lock_policy)2> > >(std::allocator<std::_Sp_counted_ptr_inplace<Catch::Clara::Detail::BoundLambda<Catch::makeCommandLineParser(Catch::ConfigData&)::{lambda(bool)#13}>, std::allocator<Catch::Clara::Detail::BoundLambda<Catch::makeCommandLineParser(Catch::ConfigData&)::{lambda(bool)#13}> >, (__gnu_cxx::_Lock_policy)2> >&) (allocated_ptr.h:98)
==268755==    by 0x237095: std::__shared_count<(__gnu_cxx::_Lock_policy)2>::__shared_count<Catch::Clara::Detail::BoundLambda<Catch::makeCommandLineParser(Catch::ConfigData&)::{lambda(bool)#13}>, std::allocator<Catch::Clara::Detail::BoundLambda<Catch::makeCommandLineParser(Catch::ConfigData&)::{lambda(bool)#13}> >, Catch::makeCommandLineParser(Catch::ConfigData&)::{lambda(bool)#13} const&>(Catch::Clara::Detail::BoundLambda<Catch::makeCommandLineParser(Catch::ConfigData&)::{lambda(bool)#13}>*&, std::_Sp_alloc_shared_tag<std::allocator<Catch::Clara::Detail::BoundLambda<Catch::makeCommandLineParser(Catch::ConfigData&)::{lambda(bool)#13}> > >, Catch::makeCommandLineParser(Catch::ConfigData&)::{lambda(bool)#13} const&) (shared_ptr_base.h:648)
==268755==    by 0x2365F9: std::__shared_ptr<Catch::Clara::Detail::BoundLambda<Catch::makeCommandLineParser(Catch::ConfigData&)::{lambda(bool)#13}>, (__gnu_cxx::_Lock_policy)2>::__shared_ptr<std::allocator<Catch::Clara::Detail::BoundLambda<Catch::makeCommandLineParser(Catch::ConfigData&)::{lambda(bool)#13}> >, Catch::makeCommandLineParser(Catch::ConfigData&)::{lambda(bool)#13} const&>(std::_Sp_alloc_shared_tag<std::allocator<Catch::Clara::Detail::BoundLambda<Catch::makeCommandLineParser(Catch::ConfigData&)::{lambda(bool)#13}> > >, Catch::makeCommandLineParser(Catch::ConfigData&)::{lambda(bool)#13} const&) (shared_ptr_base.h:1342)
==268755==    by 0x23603C: std::shared_ptr<Catch::Clara::Detail::BoundLambda<Catch::makeCommandLineParser(Catch::ConfigData&)::{lambda(bool)#13}> >::shared_ptr<std::allocator<Catch::Clara::Detail::BoundLambda<Catch::makeCommandLineParser(Catch::ConfigData&)::{lambda(bool)#13}> >, Catch::makeCommandLineParser(Catch::ConfigData&)::{lambda(bool)#13} const&>(std::_Sp_alloc_shared_tag<std::allocator<Catch::Clara::Detail::BoundLambda<Catch::makeCommandLineParser(Catch::ConfigData&)::{lambda(bool)#13}> > >, Catch::makeCommandLineParser(Catch::ConfigData&)::{lambda(bool)#13} const&) (shared_ptr.h:409)
==268755==    by 0x2356D6: std::shared_ptr<Catch::Clara::Detail::BoundLambda<Catch::makeCommandLineParser(Catch::ConfigData&)::{lambda(bool)#13}> > std::allocate_shared<Catch::Clara::Detail::BoundLambda<Catch::makeCommandLineParser(Catch::ConfigData&)::{lambda(bool)#13}>, std::allocator<Catch::Clara::Detail::BoundLambda<Catch::makeCommandLineParser(Catch::ConfigData&)::{lambda(bool)#13}> >, Catch::makeCommandLineParser(Catch::ConfigData&)::{lambda(bool)#13} const&>(std::allocator<Catch::Clara::Detail::BoundLambda<Catch::makeCommandLineParser(Catch::ConfigData&)::{lambda(bool)#13}> > const&, Catch::makeCommandLineParser(Catch::ConfigData&)::{lambda(bool)#13} const&) (shared_ptr.h:863)
==268755==    by 0x234C4D: std::shared_ptr<Catch::Clara::Detail::BoundLambda<Catch::makeCommandLineParser(Catch::ConfigData&)::{lambda(bool)#13}> > std::make_shared<Catch::Clara::Detail::BoundLambda<Catch::makeCommandLineParser(Catch::ConfigData&)::{lambda(bool)#13}>, Catch::makeCommandLineParser(Catch::ConfigData&)::{lambda(bool)#13} const&>(Catch::makeCommandLineParser(Catch::ConfigData&)::{lambda(bool)#13} const&) (shared_ptr.h:879)
==268755==    by 0x233E3D: Catch::Clara::Detail::ParserRefImpl<Catch::Clara::Opt>::ParserRefImpl<Catch::makeCommandLineParser(Catch::ConfigData&)::{lambda(bool)#13}, void>(Catch::makeCommandLineParser(Catch::ConfigData&)::{lambda(bool)#13} const&, std::__cxx11::basic_string<char, std::char_traits<char>, std::allocator<char> > const&) (catch_clara.hpp:493)
==268755==    by 0x233674: Catch::Clara::Opt::Opt<Catch::makeCommandLineParser(Catch::ConfigData&)::{lambda(bool)#13}, void>(Catch::makeCommandLineParser(Catch::ConfigData&)::{lambda(bool)#13} const&, std::__cxx11::basic_string<char, std::char_traits<char>, std::allocator<char> > const&) (catch_clara.hpp:556)
==268755==    by 0x22F9A3: Catch::makeCommandLineParser(Catch::ConfigData&) (catch_commandline.cpp:235)
==268755== 
==268755== 32 bytes in 1 blocks are still reachable in loss record 916 of 2,004
==268755==    at 0x4849013: operator new(unsigned long) (in /usr/libexec/valgrind/vgpreload_memcheck-amd64-linux.so)
==268755==    by 0x23AEDB: __gnu_cxx::new_allocator<std::_Sp_counted_ptr_inplace<Catch::Clara::Detail::BoundManyLambda<Catch::makeCommandLineParser(Catch::ConfigData&)::{lambda(std::__cxx11::basic_string<char, std::char_traits<char>, std::allocator<char> > const&)#1}>, std::allocator<Catch::Clara::Detail::BoundManyLambda<Catch::makeCommandLineParser(Catch::ConfigData&)::{lambda(std::__cxx11::basic_string<char, std::char_traits<char>, std::allocator<char> > const&)#1}> >, (__gnu_cxx::_Lock_policy)2> >::allocate(unsigned long, void const*) (new_allocator.h:127)
==268755==    by 0x239F76: std::allocator_traits<std::allocator<std::_Sp_counted_ptr_inplace<Catch::Clara::Detail::BoundManyLambda<Catch::makeCommandLineParser(Catch::ConfigData&)::{lambda(std::__cxx11::basic_string<char, std::char_traits<char>, std::allocator<char> > const&)#1}>, std::allocator<Catch::Clara::Detail::BoundManyLambda<Catch::makeCommandLineParser(Catch::ConfigData&)::{lambda(std::__cxx11::basic_string<char, std::char_traits<char>, std::allocator<char> > const&)#1}> >, (__gnu_cxx::_Lock_policy)2> > >::allocate(std::allocator<std::_Sp_counted_ptr_inplace<Catch::Clara::Detail::BoundManyLambda<Catch::makeCommandLineParser(Catch::ConfigData&)::{lambda(std::__cxx11::basic_string<char, std::char_traits<char>, std::allocator<char> > const&)#1}>, std::allocator<Catch::Clara::Detail::BoundManyLambda<Catch::makeCommandLineParser(Catch::ConfigData&)::{lambda(std::__cxx11::basic_string<char, std::char_traits<char>, std::allocator<char> > const&)#1}> >, (__gnu_cxx::_Lock_policy)2> >&, unsigned long) (alloc_traits.h:464)
==268755==    by 0x23843F: std::__allocated_ptr<std::allocator<std::_Sp_counted_ptr_inplace<Catch::Clara::Detail::BoundManyLambda<Catch::makeCommandLineParser(Catch::ConfigData&)::{lambda(std::__cxx11::basic_string<char, std::char_traits<char>, std::allocator<char> > const&)#1}>, std::allocator<Catch::Clara::Detail::BoundManyLambda<Catch::makeCommandLineParser(Catch::ConfigData&)::{lambda(std::__cxx11::basic_string<char, std::char_traits<char>, std::allocator<char> > const&)#1}> >, (__gnu_cxx::_Lock_policy)2> > > std::__allocate_guarded<std::allocator<std::_Sp_counted_ptr_inplace<Catch::Clara::Detail::BoundManyLambda<Catch::makeCommandLineParser(Catch::ConfigData&)::{lambda(std::__cxx11::basic_string<char, std::char_traits<char>, std::allocator<char> > const&)#1}>, std::allocator<Catch::Clara::Detail::BoundManyLambda<Catch::makeCommandLineParser(Catch::ConfigData&)::{lambda(std::__cxx11::basic_string<char, std::char_traits<char>, std::allocator<char> > const&)#1}> >, (__gnu_cxx::_Lock_policy)2> > >(std::allocator<std::_Sp_counted_ptr_inplace<Catch::Clara::Detail::BoundManyLambda<Catch::makeCommandLineParser(Catch::ConfigData&)::{lambda(std::__cxx11::basic_string<char, std::char_traits<char>, std::allocator<char> > const&)#1}>, std::allocator<Catch::Clara::Detail::BoundManyLambda<Catch::makeCommandLineParser(Catch::ConfigData&)::{lambda(std::__cxx11::basic_string<char, std::char_traits<char>, std::allocator<char> > const&)#1}> >, (__gnu_cxx::_Lock_policy)2> >&) (allocated_ptr.h:98)
==268755==    by 0x236F11: std::__shared_count<(__gnu_cxx::_Lock_policy)2>::__shared_count<Catch::Clara::Detail::BoundManyLambda<Catch::makeCommandLineParser(Catch::ConfigData&)::{lambda(std::__cxx11::basic_string<char, std::char_traits<char>, std::allocator<char> > const&)#1}>, std::allocator<Catch::Clara::Detail::BoundManyLambda<Catch::makeCommandLineParser(Catch::ConfigData&)::{lambda(std::__cxx11::basic_string<char, std::char_traits<char>, std::allocator<char> > const&)#1}> >, Catch::makeCommandLineParser(Catch::ConfigData&)::{lambda(std::__cxx11::basic_string<char, std::char_traits<char>, std::allocator<char> > const&)#1} const&>(Catch::Clara::Detail::BoundManyLambda<Catch::makeCommandLineParser(Catch::ConfigData&)::{lambda(std::__cxx11::basic_string<char, std::char_traits<char>, std::allocator<char> > const&)#1}>*&, std::_Sp_alloc_shared_tag<std::allocator<Catch::Clara::Detail::BoundManyLambda<Catch::makeCommandLineParser(Catch::ConfigData&)::{lambda(std::__cxx11::basic_string<char, std::char_traits<char>, std::allocator<char> > const&)#1}> > >, Catch::makeCommandLineParser(Catch::ConfigData&)::{lambda(std::__cxx11::basic_string<char, std::char_traits<char>, std::allocator<char> > const&)#1} const&) (shared_ptr_base.h:648)
==268755==    by 0x236591: std::__shared_ptr<Catch::Clara::Detail::BoundManyLambda<Catch::makeCommandLineParser(Catch::ConfigData&)::{lambda(std::__cxx11::basic_string<char, std::char_traits<char>, std::allocator<char> > const&)#1}>, (__gnu_cxx::_Lock_policy)2>::__shared_ptr<std::allocator<Catch::Clara::Detail::BoundManyLambda<Catch::makeCommandLineParser(Catch::ConfigData&)::{lambda(std::__cxx11::basic_string<char, std::char_traits<char>, std::allocator<char> > const&)#1}> >, Catch::makeCommandLineParser(Catch::ConfigData&)::{lambda(std::__cxx11::basic_string<char, std::char_traits<char>, std::allocator<char> > const&)#1} const&>(std::_Sp_alloc_shared_tag<std::allocator<Catch::Clara::Detail::BoundManyLambda<Catch::makeCommandLineParser(Catch::ConfigData&)::{lambda(std::__cxx11::basic_string<char, std::char_traits<char>, std::allocator<char> > const&)#1}> > >, Catch::makeCommandLineParser(Catch::ConfigData&)::{lambda(std::__cxx11::basic_string<char, std::char_traits<char>, std::allocator<char> > const&)#1} const&) (shared_ptr_base.h:1342)
==268755==    by 0x235FE6: std::shared_ptr<Catch::Clara::Detail::BoundManyLambda<Catch::makeCommandLineParser(Catch::ConfigData&)::{lambda(std::__cxx11::basic_string<char, std::char_traits<char>, std::allocator<char> > const&)#1}> >::shared_ptr<std::allocator<Catch::Clara::Detail::BoundManyLambda<Catch::makeCommandLineParser(Catch::ConfigData&)::{lambda(std::__cxx11::basic_string<char, std::char_traits<char>, std::allocator<char> > const&)#1}> >, Catch::makeCommandLineParser(Catch::ConfigData&)::{lambda(std::__cxx11::basic_string<char, std::char_traits<char>, std::allocator<char> > const&)#1} const&>(std::_Sp_alloc_shared_tag<std::allocator<Catch::Clara::Detail::BoundManyLambda<Catch::makeCommandLineParser(Catch::ConfigData&)::{lambda(std::__cxx11::basic_string<char, std::char_traits<char>, std::allocator<char> > const&)#1}> > >, Catch::makeCommandLineParser(Catch::ConfigData&)::{lambda(std::__cxx11::basic_string<char, std::char_traits<char>, std::allocator<char> > const&)#1} const&) (shared_ptr.h:409)
==268755==    by 0x2355EE: std::shared_ptr<Catch::Clara::Detail::BoundManyLambda<Catch::makeCommandLineParser(Catch::ConfigData&)::{lambda(std::__cxx11::basic_string<char, std::char_traits<char>, std::allocator<char> > const&)#1}> > std::allocate_shared<Catch::Clara::Detail::BoundManyLambda<Catch::makeCommandLineParser(Catch::ConfigData&)::{lambda(std::__cxx11::basic_string<char, std::char_traits<char>, std::allocator<char> > const&)#1}>, std::allocator<Catch::Clara::Detail::BoundManyLambda<Catch::makeCommandLineParser(Catch::ConfigData&)::{lambda(std::__cxx11::basic_string<char, std::char_traits<char>, std::allocator<char> > const&)#1}> >, Catch::makeCommandLineParser(Catch::ConfigData&)::{lambda(std::__cxx11::basic_string<char, std::char_traits<char>, std::allocator<char> > const&)#1} const&>(std::allocator<Catch::Clara::Detail::BoundManyLambda<Catch::makeCommandLineParser(Catch::ConfigData&)::{lambda(std::__cxx11::basic_string<char, std::char_traits<char>, std::allocator<char> > const&)#1}> > const&, Catch::makeCommandLineParser(Catch::ConfigData&)::{lambda(std::__cxx11::basic_string<char, std::char_traits<char>, std::allocator<char> > const&)#1} const&) (shared_ptr.h:863)
==268755==    by 0x234B7D: std::shared_ptr<Catch::Clara::Detail::BoundManyLambda<Catch::makeCommandLineParser(Catch::ConfigData&)::{lambda(std::__cxx11::basic_string<char, std::char_traits<char>, std::allocator<char> > const&)#1}> > std::make_shared<Catch::Clara::Detail::BoundManyLambda<Catch::makeCommandLineParser(Catch::ConfigData&)::{lambda(std::__cxx11::basic_string<char, std::char_traits<char>, std::allocator<char> > const&)#1}>, Catch::makeCommandLineParser(Catch::ConfigData&)::{lambda(std::__cxx11::basic_string<char, std::char_traits<char>, std::allocator<char> > const&)#1} const&>(Catch::makeCommandLineParser(Catch::ConfigData&)::{lambda(std::__cxx11::basic_string<char, std::char_traits<char>, std::allocator<char> > const&)#1} const&) (shared_ptr.h:879)
==268755==    by 0x233D03: Catch::Clara::Detail::ParserRefImpl<Catch::Clara::Opt>::ParserRefImpl<Catch::makeCommandLineParser(Catch::ConfigData&)::{lambda(std::__cxx11::basic_string<char, std::char_traits<char>, std::allocator<char> > const&)#1}>(Catch::Clara::accept_many_t, Catch::makeCommandLineParser(Catch::ConfigData&)::{lambda(std::__cxx11::basic_string<char, std::char_traits<char>, std::allocator<char> > const&)#1} const&, std::__cxx11::basic_string<char, std::char_traits<char>, std::allocator<char> > const&) (catch_clara.hpp:479)
==268755==    by 0x233624: Catch::Clara::Opt::Opt<Catch::makeCommandLineParser(Catch::ConfigData&)::{lambda(std::__cxx11::basic_string<char, std::char_traits<char>, std::allocator<char> > const&)#1}>(Catch::Clara::accept_many_t, Catch::makeCommandLineParser(Catch::ConfigData&)::{lambda(std::__cxx11::basic_string<char, std::char_traits<char>, std::allocator<char> > const&)#1} const&, std::__cxx11::basic_string<char, std::char_traits<char>, std::allocator<char> > const&) (catch_clara.hpp:560)
==268755==    by 0x22FAD5: Catch::makeCommandLineParser(Catch::ConfigData&) (catch_commandline.cpp:232)
==268755== 
==268755== 32 bytes in 1 blocks are still reachable in loss record 917 of 2,004
==268755==    at 0x4849013: operator new(unsigned long) (in /usr/libexec/valgrind/vgpreload_memcheck-amd64-linux.so)
==268755==    by 0x23ADAB: __gnu_cxx::new_allocator<std::_Sp_counted_ptr_inplace<Catch::Clara::Detail::BoundLambda<Catch::makeCommandLineParser(Catch::ConfigData&)::{lambda(int)#12}>, std::allocator<Catch::Clara::Detail::BoundLambda<Catch::makeCommandLineParser(Catch::ConfigData&)::{lambda(int)#12}> >, (__gnu_cxx::_Lock_policy)2> >::allocate(unsigned long, void const*) (new_allocator.h:127)
==268755==    by 0x239E38: std::allocator_traits<std::allocator<std::_Sp_counted_ptr_inplace<Catch::Clara::Detail::BoundLambda<Catch::makeCommandLineParser(Catch::ConfigData&)::{lambda(int)#12}>, std::allocator<Catch::Clara::Detail::BoundLambda<Catch::makeCommandLineParser(Catch::ConfigData&)::{lambda(int)#12}> >, (__gnu_cxx::_Lock_policy)2> > >::allocate(std::allocator<std::_Sp_counted_ptr_inplace<Catch::Clara::Detail::BoundLambda<Catch::makeCommandLineParser(Catch::ConfigData&)::{lambda(int)#12}>, std::allocator<Catch::Clara::Detail::BoundLambda<Catch::makeCommandLineParser(Catch::ConfigData&)::{lambda(int)#12}> >, (__gnu_cxx::_Lock_policy)2> >&, unsigned long) (alloc_traits.h:464)
==268755==    by 0x2381E1: std::__allocated_ptr<std::allocator<std::_Sp_counted_ptr_inplace<Catch::Clara::Detail::BoundLambda<Catch::makeCommandLineParser(Catch::ConfigData&)::{lambda(int)#12}>, std::allocator<Catch::Clara::Detail::BoundLambda<Catch::makeCommandLineParser(Catch::ConfigData&)::{lambda(int)#12}> >, (__gnu_cxx::_Lock_policy)2> > > std::__allocate_guarded<std::allocator<std::_Sp_counted_ptr_inplace<Catch::Clara::Detail::BoundLambda<Catch::makeCommandLineParser(Catch::ConfigData&)::{lambda(int)#12}>, std::allocator<Catch::Clara::Detail::BoundLambda<Catch::makeCommandLineParser(Catch::ConfigData&)::{lambda(int)#12}> >, (__gnu_cxx::_Lock_policy)2> > >(std::allocator<std::_Sp_counted_ptr_inplace<Catch::Clara::Detail::BoundLambda<Catch::makeCommandLineParser(Catch::ConfigData&)::{lambda(int)#12}>, std::allocator<Catch::Clara::Detail::BoundLambda<Catch::makeCommandLineParser(Catch::ConfigData&)::{lambda(int)#12}> >, (__gnu_cxx::_Lock_policy)2> >&) (allocated_ptr.h:98)
==268755==    by 0x236D8D: std::__shared_count<(__gnu_cxx::_Lock_policy)2>::__shared_count<Catch::Clara::Detail::BoundLambda<Catch::makeCommandLineParser(Catch::ConfigData&)::{lambda(int)#12}>, std::allocator<Catch::Clara::Detail::BoundLambda<Catch::makeCommandLineParser(Catch::ConfigData&)::{lambda(int)#12}> >, Catch::makeCommandLineParser(Catch::ConfigData&)::{lambda(int)#12} const&>(Catch::Clara::Detail::BoundLambda<Catch::makeCommandLineParser(Catch::ConfigData&)::{lambda(int)#12}>*&, std::_Sp_alloc_shared_tag<std::allocator<Catch::Clara::Detail::BoundLambda<Catch::makeCommandLineParser(Catch::ConfigData&)::{lambda(int)#12}> > >, Catch::makeCommandLineParser(Catch::ConfigData&)::{lambda(int)#12} const&) (shared_ptr_base.h:648)
==268755==    by 0x236529: std::__shared_ptr<Catch::Clara::Detail::BoundLambda<Catch::makeCommandLineParser(Catch::ConfigData&)::{lambda(int)#12}>, (__gnu_cxx::_Lock_policy)2>::__shared_ptr<std::allocator<Catch::Clara::Detail::BoundLambda<Catch::makeCommandLineParser(Catch::ConfigData&)::{lambda(int)#12}> >, Catch::makeCommandLineParser(Catch::ConfigData&)::{lambda(int)#12} const&>(std::_Sp_alloc_shared_tag<std::allocator<Catch::Clara::Detail::BoundLambda<Catch::makeCommandLineParser(Catch::ConfigData&)::{lambda(int)#12}> > >, Catch::makeCommandLineParser(Catch::ConfigData&)::{lambda(int)#12} const&) (shared_ptr_base.h:1342)
==268755==    by 0x235F90: std::shared_ptr<Catch::Clara::Detail::BoundLambda<Catch::makeCommandLineParser(Catch::ConfigData&)::{lambda(int)#12}> >::shared_ptr<std::allocator<Catch::Clara::Detail::BoundLambda<Catch::makeCommandLineParser(Catch::ConfigData&)::{lambda(int)#12}> >, Catch::makeCommandLineParser(Catch::ConfigData&)::{lambda(int)#12} const&>(std::_Sp_alloc_shared_tag<std::allocator<Catch::Clara::Detail::BoundLambda<Catch::makeCommandLineParser(Catch::ConfigData&)::{lambda(int)#12}> > >, Catch::makeCommandLineParser(Catch::ConfigData&)::{lambda(int)#12} const&) (shared_ptr.h:409)
==268755==    by 0x235506: std::shared_ptr<Catch::Clara::Detail::BoundLambda<Catch::makeCommandLineParser(Catch::ConfigData&)::{lambda(int)#12}> > std::allocate_shared<Catch::Clara::Detail::BoundLambda<Catch::makeCommandLineParser(Catch::ConfigData&)::{lambda(int)#12}>, std::allocator<Catch::Clara::Detail::BoundLambda<Catch::makeCommandLineParser(Catch::ConfigData&)::{lambda(int)#12}> >, Catch::makeCommandLineParser(Catch::ConfigData&)::{lambda(int)#12} const&>(std::allocator<Catch::Clara::Detail::BoundLambda<Catch::makeCommandLineParser(Catch::ConfigData&)::{lambda(int)#12}> > const&, Catch::makeCommandLineParser(Catch::ConfigData&)::{lambda(int)#12} const&) (shared_ptr.h:863)
==268755==    by 0x234AAD: std::shared_ptr<Catch::Clara::Detail::BoundLambda<Catch::makeCommandLineParser(Catch::ConfigData&)::{lambda(int)#12}> > std::make_shared<Catch::Clara::Detail::BoundLambda<Catch::makeCommandLineParser(Catch::ConfigData&)::{lambda(int)#12}>, Catch::makeCommandLineParser(Catch::ConfigData&)::{lambda(int)#12} const&>(Catch::makeCommandLineParser(Catch::ConfigData&)::{lambda(int)#12} const&) (shared_ptr.h:879)
==268755==    by 0x233BC9: Catch::Clara::Detail::ParserRefImpl<Catch::Clara::Opt>::ParserRefImpl<Catch::makeCommandLineParser(Catch::ConfigData&)::{lambda(int)#12}, void>(Catch::makeCommandLineParser(Catch::ConfigData&)::{lambda(int)#12} const&, std::__cxx11::basic_string<char, std::char_traits<char>, std::allocator<char> > const&) (catch_clara.hpp:493)
==268755==    by 0x2335D4: Catch::Clara::Opt::Opt<Catch::makeCommandLineParser(Catch::ConfigData&)::{lambda(int)#12}, void>(Catch::makeCommandLineParser(Catch::ConfigData&)::{lambda(int)#12} const&, std::__cxx11::basic_string<char, std::char_traits<char>, std::allocator<char> > const&) (catch_clara.hpp:556)
==268755==    by 0x22FC15: Catch::makeCommandLineParser(Catch::ConfigData&) (catch_commandline.cpp:229)
==268755== 
==268755== 32 bytes in 1 blocks are still reachable in loss record 918 of 2,004
==268755==    at 0x4849013: operator new(unsigned long) (in /usr/libexec/valgrind/vgpreload_memcheck-amd64-linux.so)
==268755==    by 0x239D3B: __gnu_cxx::new_allocator<std::_Sp_counted_ptr_inplace<Catch::Clara::Detail::BoundFlagLambda<Catch::makeCommandLineParser(Catch::ConfigData&)::{lambda(bool)#11}>, std::allocator<Catch::Clara::Detail::BoundFlagLambda<Catch::makeCommandLineParser(Catch::ConfigData&)::{lambda(bool)#11}> >, (__gnu_cxx::_Lock_policy)2> >::allocate(unsigned long, void const*) (new_allocator.h:127)
==268755==    by 0x238082: std::allocator_traits<std::allocator<std::_Sp_counted_ptr_inplace<Catch::Clara::Detail::BoundFlagLambda<Catch::makeCommandLineParser(Catch::ConfigData&)::{lambda(bool)#11}>, std::allocator<Catch::Clara::Detail::BoundFlagLambda<Catch::makeCommandLineParser(Catch::ConfigData&)::{lambda(bool)#11}> >, (__gnu_cxx::_Lock_policy)2> > >::allocate(std::allocator<std::_Sp_counted_ptr_inplace<Catch::Clara::Detail::BoundFlagLambda<Catch::makeCommandLineParser(Catch::ConfigData&)::{lambda(bool)#11}>, std::allocator<Catch::Clara::Detail::BoundFlagLambda<Catch::makeCommandLineParser(Catch::ConfigData&)::{lambda(bool)#11}> >, (__gnu_cxx::_Lock_policy)2> >&, unsigned long) (alloc_traits.h:464)
==268755==    by 0x236B3B: std::__allocated_ptr<std::allocator<std::_Sp_counted_ptr_inplace<Catch::Clara::Detail::BoundFlagLambda<Catch::makeCommandLineParser(Catch::ConfigData&)::{lambda(bool)#11}>, std::allocator<Catch::Clara::Detail::BoundFlagLambda<Catch::makeCommandLineParser(Catch::ConfigData&)::{lambda(bool)#11}> >, (__gnu_cxx::_Lock_policy)2> > > std::__allocate_guarded<std::allocator<std::_Sp_counted_ptr_inplace<Catch::Clara::Detail::BoundFlagLambda<Catch::makeCommandLineParser(Catch::ConfigData&)::{lambda(bool)#11}>, std::allocator<Catch::Clara::Detail::BoundFlagLambda<Catch::makeCommandLineParser(Catch::ConfigData&)::{lambda(bool)#11}> >, (__gnu_cxx::_Lock_policy)2> > >(std::allocator<std::_Sp_counted_ptr_inplace<Catch::Clara::Detail::BoundFlagLambda<Catch::makeCommandLineParser(Catch::ConfigData&)::{lambda(bool)#11}>, std::allocator<Catch::Clara::Detail::BoundFlagLambda<Catch::makeCommandLineParser(Catch::ConfigData&)::{lambda(bool)#11}> >, (__gnu_cxx::_Lock_policy)2> >&) (allocated_ptr.h:98)
==268755==    by 0x2363AF: std::__shared_count<(__gnu_cxx::_Lock_policy)2>::__shared_count<Catch::Clara::Detail::BoundFlagLambda<Catch::makeCommandLineParser(Catch::ConfigData&)::{lambda(bool)#11}>, std::allocator<Catch::Clara::Detail::BoundFlagLambda<Catch::makeCommandLineParser(Catch::ConfigData&)::{lambda(bool)#11}> >, Catch::makeCommandLineParser(Catch::ConfigData&)::{lambda(bool)#11} const&>(Catch::Clara::Detail::BoundFlagLambda<Catch::makeCommandLineParser(Catch::ConfigData&)::{lambda(bool)#11}>*&, std::_Sp_alloc_shared_tag<std::allocator<Catch::Clara::Detail::BoundFlagLambda<Catch::makeCommandLineParser(Catch::ConfigData&)::{lambda(bool)#11}> > >, Catch::makeCommandLineParser(Catch::ConfigData&)::{lambda(bool)#11} const&) (shared_ptr_base.h:648)
==268755==    by 0x235F23: std::__shared_ptr<Catch::Clara::Detail::BoundFlagLambda<Catch::makeCommandLineParser(Catch::ConfigData&)::{lambda(bool)#11}>, (__gnu_cxx::_Lock_policy)2>::__shared_ptr<std::allocator<Catch::Clara::Detail::BoundFlagLambda<Catch::makeCommandLineParser(Catch::ConfigData&)::{lambda(bool)#11}> >, Catch::makeCommandLineParser(Catch::ConfigData&)::{lambda(bool)#11} const&>(std::_Sp_alloc_shared_tag<std::allocator<Catch::Clara::Detail::BoundFlagLambda<Catch::makeCommandLineParser(Catch::ConfigData&)::{lambda(bool)#11}> > >, Catch::makeCommandLineParser(Catch::ConfigData&)::{lambda(bool)#11} const&) (shared_ptr_base.h:1342)
==268755==    by 0x235484: std::shared_ptr<Catch::Clara::Detail::BoundFlagLambda<Catch::makeCommandLineParser(Catch::ConfigData&)::{lambda(bool)#11}> >::shared_ptr<std::allocator<Catch::Clara::Detail::BoundFlagLambda<Catch::makeCommandLineParser(Catch::ConfigData&)::{lambda(bool)#11}> >, Catch::makeCommandLineParser(Catch::ConfigData&)::{lambda(bool)#11} const&>(std::_Sp_alloc_shared_tag<std::allocator<Catch::Clara::Detail::BoundFlagLambda<Catch::makeCommandLineParser(Catch::ConfigData&)::{lambda(bool)#11}> > >, Catch::makeCommandLineParser(Catch::ConfigData&)::{lambda(bool)#11} const&) (shared_ptr.h:409)
==268755==    by 0x2349F0: std::shared_ptr<Catch::Clara::Detail::BoundFlagLambda<Catch::makeCommandLineParser(Catch::ConfigData&)::{lambda(bool)#11}> > std::allocate_shared<Catch::Clara::Detail::BoundFlagLambda<Catch::makeCommandLineParser(Catch::ConfigData&)::{lambda(bool)#11}>, std::allocator<Catch::Clara::Detail::BoundFlagLambda<Catch::makeCommandLineParser(Catch::ConfigData&)::{lambda(bool)#11}> >, Catch::makeCommandLineParser(Catch::ConfigData&)::{lambda(bool)#11} const&>(std::allocator<Catch::Clara::Detail::BoundFlagLambda<Catch::makeCommandLineParser(Catch::ConfigData&)::{lambda(bool)#11}> > const&, Catch::makeCommandLineParser(Catch::ConfigData&)::{lambda(bool)#11} const&) (shared_ptr.h:863)
==268755==    by 0x233AA4: std::shared_ptr<Catch::Clara::Detail::BoundFlagLambda<Catch::makeCommandLineParser(Catch::ConfigData&)::{lambda(bool)#11}> > std::make_shared<Catch::Clara::Detail::BoundFlagLambda<Catch::makeCommandLineParser(Catch::ConfigData&)::{lambda(bool)#11}>, Catch::makeCommandLineParser(Catch::ConfigData&)::{lambda(bool)#11} const&>(Catch::makeCommandLineParser(Catch::ConfigData&)::{lambda(bool)#11} const&) (shared_ptr.h:879)
==268755==    by 0x233532: Catch::Clara::Opt::Opt<Catch::makeCommandLineParser(Catch::ConfigData&)::{lambda(bool)#11}>(Catch::makeCommandLineParser(Catch::ConfigData&)::{lambda(bool)#11} const&) (catch_clara.hpp:548)
==268755==    by 0x22FD1C: Catch::makeCommandLineParser(Catch::ConfigData&) (catch_commandline.cpp:226)
==268755==    by 0x206504: Catch::Session::Session() (catch_session.cpp:179)
==268755== 
==268755== 32 bytes in 1 blocks are still reachable in loss record 919 of 2,004
==268755==    at 0x4849013: operator new(unsigned long) (in /usr/libexec/valgrind/vgpreload_memcheck-amd64-linux.so)
==268755==    by 0x22AECF: __gnu_cxx::new_allocator<std::_Sp_counted_ptr_inplace<Catch::Clara::Detail::BoundValueRef<std::__cxx11::basic_string<char, std::char_traits<char>, std::allocator<char> > >, std::allocator<Catch::Clara::Detail::BoundValueRef<std::__cxx11::basic_string<char, std::char_traits<char>, std::allocator<char> > > >, (__gnu_cxx::_Lock_policy)2> >::allocate(unsigned long, void const*) (new_allocator.h:127)
==268755==    by 0x22A594: std::allocator_traits<std::allocator<std::_Sp_counted_ptr_inplace<Catch::Clara::Detail::BoundValueRef<std::__cxx11::basic_string<char, std::char_traits<char>, std::allocator<char> > >, std::allocator<Catch::Clara::Detail::BoundValueRef<std::__cxx11::basic_string<char, std::char_traits<char>, std::allocator<char> > > >, (__gnu_cxx::_Lock_policy)2> > >::allocate(std::allocator<std::_Sp_counted_ptr_inplace<Catch::Clara::Detail::BoundValueRef<std::__cxx11::basic_string<char, std::char_traits<char>, std::allocator<char> > >, std::allocator<Catch::Clara::Detail::BoundValueRef<std::__cxx11::basic_string<char, std::char_traits<char>, std::allocator<char> > > >, (__gnu_cxx::_Lock_policy)2> >&, unsigned long) (alloc_traits.h:464)
==268755==    by 0x2299C3: std::__allocated_ptr<std::allocator<std::_Sp_counted_ptr_inplace<Catch::Clara::Detail::BoundValueRef<std::__cxx11::basic_string<char, std::char_traits<char>, std::allocator<char> > >, std::allocator<Catch::Clara::Detail::BoundValueRef<std::__cxx11::basic_string<char, std::char_traits<char>, std::allocator<char> > > >, (__gnu_cxx::_Lock_policy)2> > > std::__allocate_guarded<std::allocator<std::_Sp_counted_ptr_inplace<Catch::Clara::Detail::BoundValueRef<std::__cxx11::basic_string<char, std::char_traits<char>, std::allocator<char> > >, std::allocator<Catch::Clara::Detail::BoundValueRef<std::__cxx11::basic_string<char, std::char_traits<char>, std::allocator<char> > > >, (__gnu_cxx::_Lock_policy)2> > >(std::allocator<std::_Sp_counted_ptr_inplace<Catch::Clara::Detail::BoundValueRef<std::__cxx11::basic_string<char, std::char_traits<char>, std::allocator<char> > >, std::allocator<Catch::Clara::Detail::BoundValueRef<std::__cxx11::basic_string<char, std::char_traits<char>, std::allocator<char> > > >, (__gnu_cxx::_Lock_policy)2> >&) (allocated_ptr.h:98)
==268755==    by 0x2289FF: std::__shared_count<(__gnu_cxx::_Lock_policy)2>::__shared_count<Catch::Clara::Detail::BoundValueRef<std::__cxx11::basic_string<char, std::char_traits<char>, std::allocator<char> > >, std::allocator<Catch::Clara::Detail::BoundValueRef<std::__cxx11::basic_string<char, std::char_traits<char>, std::allocator<char> > > >, std::__cxx11::basic_string<char, std::char_traits<char>, std::allocator<char> >&>(Catch::Clara::Detail::BoundValueRef<std::__cxx11::basic_string<char, std::char_traits<char>, std::allocator<char> > >*&, std::_Sp_alloc_shared_tag<std::allocator<Catch::Clara::Detail::BoundValueRef<std::__cxx11::basic_string<char, std::char_traits<char>, std::allocator<char> > > > >, std::__cxx11::basic_string<char, std::char_traits<char>, std::allocator<char> >&) (shared_ptr_base.h:648)
==268755==    by 0x227B55: std::__shared_ptr<Catch::Clara::Detail::BoundValueRef<std::__cxx11::basic_string<char, std::char_traits<char>, std::allocator<char> > >, (__gnu_cxx::_Lock_policy)2>::__shared_ptr<std::allocator<Catch::Clara::Detail::BoundValueRef<std::__cxx11::basic_string<char, std::char_traits<char>, std::allocator<char> > > >, std::__cxx11::basic_string<char, std::char_traits<char>, std::allocator<char> >&>(std::_Sp_alloc_shared_tag<std::allocator<Catch::Clara::Detail::BoundValueRef<std::__cxx11::basic_string<char, std::char_traits<char>, std::allocator<char> > > > >, std::__cxx11::basic_string<char, std::char_traits<char>, std::allocator<char> >&) (shared_ptr_base.h:1342)
==268755==    by 0x22642A: std::shared_ptr<Catch::Clara::Detail::BoundValueRef<std::__cxx11::basic_string<char, std::char_traits<char>, std::allocator<char> > > >::shared_ptr<std::allocator<Catch::Clara::Detail::BoundValueRef<std::__cxx11::basic_string<char, std::char_traits<char>, std::allocator<char> > > >, std::__cxx11::basic_string<char, std::char_traits<char>, std::allocator<char> >&>(std::_Sp_alloc_shared_tag<std::allocator<Catch::Clara::Detail::BoundValueRef<std::__cxx11::basic_string<char, std::char_traits<char>, std::allocator<char> > > > >, std::__cxx11::basic_string<char, std::char_traits<char>, std::allocator<char> >&) (shared_ptr.h:409)
==268755==    by 0x2251FC: std::shared_ptr<Catch::Clara::Detail::BoundValueRef<std::__cxx11::basic_string<char, std::char_traits<char>, std::allocator<char> > > > std::allocate_shared<Catch::Clara::Detail::BoundValueRef<std::__cxx11::basic_string<char, std::char_traits<char>, std::allocator<char> > >, std::allocator<Catch::Clara::Detail::BoundValueRef<std::__cxx11::basic_string<char, std::char_traits<char>, std::allocator<char> > > >, std::__cxx11::basic_string<char, std::char_traits<char>, std::allocator<char> >&>(std::allocator<Catch::Clara::Detail::BoundValueRef<std::__cxx11::basic_string<char, std::char_traits<char>, std::allocator<char> > > > const&, std::__cxx11::basic_string<char, std::char_traits<char>, std::allocator<char> >&) (shared_ptr.h:863)
==268755==    by 0x223B45: std::shared_ptr<Catch::Clara::Detail::BoundValueRef<std::__cxx11::basic_string<char, std::char_traits<char>, std::allocator<char> > > > std::make_shared<Catch::Clara::Detail::BoundValueRef<std::__cxx11::basic_string<char, std::char_traits<char>, std::allocator<char> > >, std::__cxx11::basic_string<char, std::char_traits<char>, std::allocator<char> >&>(std::__cxx11::basic_string<char, std::char_traits<char>, std::allocator<char> >&) (shared_ptr.h:879)
==268755==    by 0x2412B5: Catch::Clara::Detail::ParserRefImpl<Catch::Clara::Opt>::ParserRefImpl<std::__cxx11::basic_string<char, std::char_traits<char>, std::allocator<char> >, void>(std::__cxx11::basic_string<char, std::char_traits<char>, std::allocator<char> >&, std::__cxx11::basic_string<char, std::char_traits<char>, std::allocator<char> > const&) (catch_clara.hpp:486)
==268755==    by 0x23FF00: Catch::Clara::Opt::Opt<std::__cxx11::basic_string<char, std::char_traits<char>, std::allocator<char> >, void>(std::__cxx11::basic_string<char, std::char_traits<char>, std::allocator<char> >&, std::__cxx11::basic_string<char, std::char_traits<char>, std::allocator<char> > const&) (catch_clara.hpp:566)
==268755==    by 0x22FE55: Catch::makeCommandLineParser(Catch::ConfigData&) (catch_commandline.cpp:223)
==268755== 
==268755== 32 bytes in 1 blocks are still reachable in loss record 920 of 2,004
==268755==    at 0x4849013: operator new(unsigned long) (in /usr/libexec/valgrind/vgpreload_memcheck-amd64-linux.so)
==268755==    by 0x23AC15: __gnu_cxx::new_allocator<std::_Sp_counted_ptr_inplace<Catch::Clara::Detail::BoundManyLambda<Catch::makeCommandLineParser(Catch::ConfigData&)::{lambda(std::__cxx11::basic_string<char, std::char_traits<char>, std::allocator<char> > const&)#8}>, std::allocator<Catch::Clara::Detail::BoundManyLambda<Catch::makeCommandLineParser(Catch::ConfigData&)::{lambda(std::__cxx11::basic_string<char, std::char_traits<char>, std::allocator<char> > const&)#8}> >, (__gnu_cxx::_Lock_policy)2> >::allocate(unsigned long, void const*) (new_allocator.h:127)
==268755==    by 0x239BCA: std::allocator_traits<std::allocator<std::_Sp_counted_ptr_inplace<Catch::Clara::Detail::BoundManyLambda<Catch::makeCommandLineParser(Catch::ConfigData&)::{lambda(std::__cxx11::basic_string<char, std::char_traits<char>, std::allocator<char> > const&)#8}>, std::allocator<Catch::Clara::Detail::BoundManyLambda<Catch::makeCommandLineParser(Catch::ConfigData&)::{lambda(std::__cxx11::basic_string<char, std::char_traits<char>, std::allocator<char> > const&)#8}> >, (__gnu_cxx::_Lock_policy)2> > >::allocate(std::allocator<std::_Sp_counted_ptr_inplace<Catch::Clara::Detail::BoundManyLambda<Catch::makeCommandLineParser(Catch::ConfigData&)::{lambda(std::__cxx11::basic_string<char, std::char_traits<char>, std::allocator<char> > const&)#8}>, std::allocator<Catch::Clara::Detail::BoundManyLambda<Catch::makeCommandLineParser(Catch::ConfigData&)::{lambda(std::__cxx11::basic_string<char, std::char_traits<char>, std::allocator<char> > const&)#8}> >, (__gnu_cxx::_Lock_policy)2> >&, unsigned long) (alloc_traits.h:464)
==268755==    by 0x237E45: std::__allocated_ptr<std::allocator<std::_Sp_counted_ptr_inplace<Catch::Clara::Detail::BoundManyLambda<Catch::makeCommandLineParser(Catch::ConfigData&)::{lambda(std::__cxx11::basic_string<char, std::char_traits<char>, std::allocator<char> > const&)#8}>, std::allocator<Catch::Clara::Detail::BoundManyLambda<Catch::makeCommandLineParser(Catch::ConfigData&)::{lambda(std::__cxx11::basic_string<char, std::char_traits<char>, std::allocator<char> > const&)#8}> >, (__gnu_cxx::_Lock_policy)2> > > std::__allocate_guarded<std::allocator<std::_Sp_counted_ptr_inplace<Catch::Clara::Detail::BoundManyLambda<Catch::makeCommandLineParser(Catch::ConfigData&)::{lambda(std::__cxx11::basic_string<char, std::char_traits<char>, std::allocator<char> > const&)#8}>, std::allocator<Catch::Clara::Detail::BoundManyLambda<Catch::makeCommandLineParser(Catch::ConfigData&)::{lambda(std::__cxx11::basic_string<char, std::char_traits<char>, std::allocator<char> > const&)#8}> >, (__gnu_cxx::_Lock_policy)2> > >(std::allocator<std::_Sp_counted_ptr_inplace<Catch::Clara::Detail::BoundManyLambda<Catch::makeCommandLineParser(Catch::ConfigData&)::{lambda(std::__cxx11::basic_string<char, std::char_traits<char>, std::allocator<char> > const&)#8}>, std::allocator<Catch::Clara::Detail::BoundManyLambda<Catch::makeCommandLineParser(Catch::ConfigData&)::{lambda(std::__cxx11::basic_string<char, std::char_traits<char>, std::allocator<char> > const&)#8}> >, (__gnu_cxx::_Lock_policy)2> >&) (allocated_ptr.h:98)
==268755==    by 0x2369AB: std::__shared_count<(__gnu_cxx::_Lock_policy)2>::__shared_count<Catch::Clara::Detail::BoundManyLambda<Catch::makeCommandLineParser(Catch::ConfigData&)::{lambda(std::__cxx11::basic_string<char, std::char_traits<char>, std::allocator<char> > const&)#8}>, std::allocator<Catch::Clara::Detail::BoundManyLambda<Catch::makeCommandLineParser(Catch::ConfigData&)::{lambda(std::__cxx11::basic_string<char, std::char_traits<char>, std::allocator<char> > const&)#8}> >, Catch::makeCommandLineParser(Catch::ConfigData&)::{lambda(std::__cxx11::basic_string<char, std::char_traits<char>, std::allocator<char> > const&)#8} const&>(Catch::Clara::Detail::BoundManyLambda<Catch::makeCommandLineParser(Catch::ConfigData&)::{lambda(std::__cxx11::basic_string<char, std::char_traits<char>, std::allocator<char> > const&)#8}>*&, std::_Sp_alloc_shared_tag<std::allocator<Catch::Clara::Detail::BoundManyLambda<Catch::makeCommandLineParser(Catch::ConfigData&)::{lambda(std::__cxx11::basic_string<char, std::char_traits<char>, std::allocator<char> > const&)#8}> > >, Catch::makeCommandLineParser(Catch::ConfigData&)::{lambda(std::__cxx11::basic_string<char, std::char_traits<char>, std::allocator<char> > const&)#8} const&) (shared_ptr_base.h:648)
==268755==    by 0x23633D: std::__shared_ptr<Catch::Clara::Detail::BoundManyLambda<Catch::makeCommandLineParser(Catch::ConfigData&)::{lambda(std::__cxx11::basic_string<char, std::char_traits<char>, std::allocator<char> > const&)#8}>, (__gnu_cxx::_Lock_policy)2>::__shared_ptr<std::allocator<Catch::Clara::Detail::BoundManyLambda<Catch::makeCommandLineParser(Catch::ConfigData&)::{lambda(std::__cxx11::basic_string<char, std::char_traits<char>, std::allocator<char> > const&)#8}> >, Catch::makeCommandLineParser(Catch::ConfigData&)::{lambda(std::__cxx11::basic_string<char, std::char_traits<char>, std::allocator<char> > const&)#8} const&>(std::_Sp_alloc_shared_tag<std::allocator<Catch::Clara::Detail::BoundManyLambda<Catch::makeCommandLineParser(Catch::ConfigData&)::{lambda(std::__cxx11::basic_string<char, std::char_traits<char>, std::allocator<char> > const&)#8}> > >, Catch::makeCommandLineParser(Catch::ConfigData&)::{lambda(std::__cxx11::basic_string<char, std::char_traits<char>, std::allocator<char> > const&)#8} const&) (shared_ptr_base.h:1342)
==268755==    by 0x235ED2: std::shared_ptr<Catch::Clara::Detail::BoundManyLambda<Catch::makeCommandLineParser(Catch::ConfigData&)::{lambda(std::__cxx11::basic_string<char, std::char_traits<char>, std::allocator<char> > const&)#8}> >::shared_ptr<std::allocator<Catch::Clara::Detail::BoundManyLambda<Catch::makeCommandLineParser(Catch::ConfigData&)::{lambda(std::__cxx11::basic_string<char, std::char_traits<char>, std::allocator<char> > const&)#8}> >, Catch::makeCommandLineParser(Catch::ConfigData&)::{lambda(std::__cxx11::basic_string<char, std::char_traits<char>, std::allocator<char> > const&)#8} const&>(std::_Sp_alloc_shared_tag<std::allocator<Catch::Clara::Detail::BoundManyLambda<Catch::makeCommandLineParser(Catch::ConfigData&)::{lambda(std::__cxx11::basic_string<char, std::char_traits<char>, std::allocator<char> > const&)#8}> > >, Catch::makeCommandLineParser(Catch::ConfigData&)::{lambda(std::__cxx11::basic_string<char, std::char_traits<char>, std::allocator<char> > const&)#8} const&) (shared_ptr.h:409)
==268755==    by 0x2353C8: std::shared_ptr<Catch::Clara::Detail::BoundManyLambda<Catch::makeCommandLineParser(Catch::ConfigData&)::{lambda(std::__cxx11::basic_string<char, std::char_traits<char>, std::allocator<char> > const&)#8}> > std::allocate_shared<Catch::Clara::Detail::BoundManyLambda<Catch::makeCommandLineParser(Catch::ConfigData&)::{lambda(std::__cxx11::basic_string<char, std::char_traits<char>, std::allocator<char> > const&)#8}>, std::allocator<Catch::Clara::Detail::BoundManyLambda<Catch::makeCommandLineParser(Catch::ConfigData&)::{lambda(std::__cxx11::basic_string<char, std::char_traits<char>, std::allocator<char> > const&)#8}> >, Catch::makeCommandLineParser(Catch::ConfigData&)::{lambda(std::__cxx11::basic_string<char, std::char_traits<char>, std::allocator<char> > const&)#8} const&>(std::allocator<Catch::Clara::Detail::BoundManyLambda<Catch::makeCommandLineParser(Catch::ConfigData&)::{lambda(std::__cxx11::basic_string<char, std::char_traits<char>, std::allocator<char> > const&)#8}> > const&, Catch::makeCommandLineParser(Catch::ConfigData&)::{lambda(std::__cxx11::basic_string<char, std::char_traits<char>, std::allocator<char> > const&)#8} const&) (shared_ptr.h:863)
==268755==    by 0x2348F4: std::shared_ptr<Catch::Clara::Detail::BoundManyLambda<Catch::makeCommandLineParser(Catch::ConfigData&)::{lambda(std::__cxx11::basic_string<char, std::char_traits<char>, std::allocator<char> > const&)#8}> > std::make_shared<Catch::Clara::Detail::BoundManyLambda<Catch::makeCommandLineParser(Catch::ConfigData&)::{lambda(std::__cxx11::basic_string<char, std::char_traits<char>, std::allocator<char> > const&)#8}>, Catch::makeCommandLineParser(Catch::ConfigData&)::{lambda(std::__cxx11::basic_string<char, std::char_traits<char>, std::allocator<char> > const&)#8} const&>(Catch::makeCommandLineParser(Catch::ConfigData&)::{lambda(std::__cxx11::basic_string<char, std::char_traits<char>, std::allocator<char> > const&)#8} const&) (shared_ptr.h:879)
==268755==    by 0x2339BD: Catch::Clara::Detail::ParserRefImpl<Catch::Clara::Opt>::ParserRefImpl<Catch::makeCommandLineParser(Catch::ConfigData&)::{lambda(std::__cxx11::basic_string<char, std::char_traits<char>, std::allocator<char> > const&)#8}>(Catch::Clara::accept_many_t, Catch::makeCommandLineParser(Catch::ConfigData&)::{lambda(std::__cxx11::basic_string<char, std::char_traits<char>, std::allocator<char> > const&)#8} const&, std::__cxx11::basic_string<char, std::char_traits<char>, std::allocator<char> > const&) (catch_clara.hpp:479)
==268755==    by 0x23349A: Catch::Clara::Opt::Opt<Catch::makeCommandLineParser(Catch::ConfigData&)::{lambda(std::__cxx11::basic_string<char, std::char_traits<char>, std::allocator<char> > const&)#8}>(Catch::Clara::accept_many_t, Catch::makeCommandLineParser(Catch::ConfigData&)::{lambda(std::__cxx11::basic_string<char, std::char_traits<char>, std::allocator<char> > const&)#8} const&, std::__cxx11::basic_string<char, std::char_traits<char>, std::allocator<char> > const&) (catch_clara.hpp:560)
==268755==    by 0x22FF87: Catch::makeCommandLineParser(Catch::ConfigData&) (catch_commandline.cpp:220)
==268755== 
==268755== 32 bytes in 1 blocks are still reachable in loss record 921 of 2,004
==268755==    at 0x4849013: operator new(unsigned long) (in /usr/libexec/valgrind/vgpreload_memcheck-amd64-linux.so)
==268755==    by 0x22AECF: __gnu_cxx::new_allocator<std::_Sp_counted_ptr_inplace<Catch::Clara::Detail::BoundValueRef<std::__cxx11::basic_string<char, std::char_traits<char>, std::allocator<char> > >, std::allocator<Catch::Clara::Detail::BoundValueRef<std::__cxx11::basic_string<char, std::char_traits<char>, std::allocator<char> > > >, (__gnu_cxx::_Lock_policy)2> >::allocate(unsigned long, void const*) (new_allocator.h:127)
==268755==    by 0x22A594: std::allocator_traits<std::allocator<std::_Sp_counted_ptr_inplace<Catch::Clara::Detail::BoundValueRef<std::__cxx11::basic_string<char, std::char_traits<char>, std::allocator<char> > >, std::allocator<Catch::Clara::Detail::BoundValueRef<std::__cxx11::basic_string<char, std::char_traits<char>, std::allocator<char> > > >, (__gnu_cxx::_Lock_policy)2> > >::allocate(std::allocator<std::_Sp_counted_ptr_inplace<Catch::Clara::Detail::BoundValueRef<std::__cxx11::basic_string<char, std::char_traits<char>, std::allocator<char> > >, std::allocator<Catch::Clara::Detail::BoundValueRef<std::__cxx11::basic_string<char, std::char_traits<char>, std::allocator<char> > > >, (__gnu_cxx::_Lock_policy)2> >&, unsigned long) (alloc_traits.h:464)
==268755==    by 0x2299C3: std::__allocated_ptr<std::allocator<std::_Sp_counted_ptr_inplace<Catch::Clara::Detail::BoundValueRef<std::__cxx11::basic_string<char, std::char_traits<char>, std::allocator<char> > >, std::allocator<Catch::Clara::Detail::BoundValueRef<std::__cxx11::basic_string<char, std::char_traits<char>, std::allocator<char> > > >, (__gnu_cxx::_Lock_policy)2> > > std::__allocate_guarded<std::allocator<std::_Sp_counted_ptr_inplace<Catch::Clara::Detail::BoundValueRef<std::__cxx11::basic_string<char, std::char_traits<char>, std::allocator<char> > >, std::allocator<Catch::Clara::Detail::BoundValueRef<std::__cxx11::basic_string<char, std::char_traits<char>, std::allocator<char> > > >, (__gnu_cxx::_Lock_policy)2> > >(std::allocator<std::_Sp_counted_ptr_inplace<Catch::Clara::Detail::BoundValueRef<std::__cxx11::basic_string<char, std::char_traits<char>, std::allocator<char> > >, std::allocator<Catch::Clara::Detail::BoundValueRef<std::__cxx11::basic_string<char, std::char_traits<char>, std::allocator<char> > > >, (__gnu_cxx::_Lock_policy)2> >&) (allocated_ptr.h:98)
==268755==    by 0x2289FF: std::__shared_count<(__gnu_cxx::_Lock_policy)2>::__shared_count<Catch::Clara::Detail::BoundValueRef<std::__cxx11::basic_string<char, std::char_traits<char>, std::allocator<char> > >, std::allocator<Catch::Clara::Detail::BoundValueRef<std::__cxx11::basic_string<char, std::char_traits<char>, std::allocator<char> > > >, std::__cxx11::basic_string<char, std::char_traits<char>, std::allocator<char> >&>(Catch::Clara::Detail::BoundValueRef<std::__cxx11::basic_string<char, std::char_traits<char>, std::allocator<char> > >*&, std::_Sp_alloc_shared_tag<std::allocator<Catch::Clara::Detail::BoundValueRef<std::__cxx11::basic_string<char, std::char_traits<char>, std::allocator<char> > > > >, std::__cxx11::basic_string<char, std::char_traits<char>, std::allocator<char> >&) (shared_ptr_base.h:648)
==268755==    by 0x227B55: std::__shared_ptr<Catch::Clara::Detail::BoundValueRef<std::__cxx11::basic_string<char, std::char_traits<char>, std::allocator<char> > >, (__gnu_cxx::_Lock_policy)2>::__shared_ptr<std::allocator<Catch::Clara::Detail::BoundValueRef<std::__cxx11::basic_string<char, std::char_traits<char>, std::allocator<char> > > >, std::__cxx11::basic_string<char, std::char_traits<char>, std::allocator<char> >&>(std::_Sp_alloc_shared_tag<std::allocator<Catch::Clara::Detail::BoundValueRef<std::__cxx11::basic_string<char, std::char_traits<char>, std::allocator<char> > > > >, std::__cxx11::basic_string<char, std::char_traits<char>, std::allocator<char> >&) (shared_ptr_base.h:1342)
==268755==    by 0x22642A: std::shared_ptr<Catch::Clara::Detail::BoundValueRef<std::__cxx11::basic_string<char, std::char_traits<char>, std::allocator<char> > > >::shared_ptr<std::allocator<Catch::Clara::Detail::BoundValueRef<std::__cxx11::basic_string<char, std::char_traits<char>, std::allocator<char> > > >, std::__cxx11::basic_string<char, std::char_traits<char>, std::allocator<char> >&>(std::_Sp_alloc_shared_tag<std::allocator<Catch::Clara::Detail::BoundValueRef<std::__cxx11::basic_string<char, std::char_traits<char>, std::allocator<char> > > > >, std::__cxx11::basic_string<char, std::char_traits<char>, std::allocator<char> >&) (shared_ptr.h:409)
==268755==    by 0x2251FC: std::shared_ptr<Catch::Clara::Detail::BoundValueRef<std::__cxx11::basic_string<char, std::char_traits<char>, std::allocator<char> > > > std::allocate_shared<Catch::Clara::Detail::BoundValueRef<std::__cxx11::basic_string<char, std::char_traits<char>, std::allocator<char> > >, std::allocator<Catch::Clara::Detail::BoundValueRef<std::__cxx11::basic_string<char, std::char_traits<char>, std::allocator<char> > > >, std::__cxx11::basic_string<char, std::char_traits<char>, std::allocator<char> >&>(std::allocator<Catch::Clara::Detail::BoundValueRef<std::__cxx11::basic_string<char, std::char_traits<char>, std::allocator<char> > > > const&, std::__cxx11::basic_string<char, std::char_traits<char>, std::allocator<char> >&) (shared_ptr.h:863)
==268755==    by 0x223B45: std::shared_ptr<Catch::Clara::Detail::BoundValueRef<std::__cxx11::basic_string<char, std::char_traits<char>, std::allocator<char> > > > std::make_shared<Catch::Clara::Detail::BoundValueRef<std::__cxx11::basic_string<char, std::char_traits<char>, std::allocator<char> > >, std::__cxx11::basic_string<char, std::char_traits<char>, std::allocator<char> >&>(std::__cxx11::basic_string<char, std::char_traits<char>, std::allocator<char> >&) (shared_ptr.h:879)
==268755==    by 0x2412B5: Catch::Clara::Detail::ParserRefImpl<Catch::Clara::Opt>::ParserRefImpl<std::__cxx11::basic_string<char, std::char_traits<char>, std::allocator<char> >, void>(std::__cxx11::basic_string<char, std::char_traits<char>, std::allocator<char> >&, std::__cxx11::basic_string<char, std::char_traits<char>, std::allocator<char> > const&) (catch_clara.hpp:486)
==268755==    by 0x23FF00: Catch::Clara::Opt::Opt<std::__cxx11::basic_string<char, std::char_traits<char>, std::allocator<char> >, void>(std::__cxx11::basic_string<char, std::char_traits<char>, std::allocator<char> >&, std::__cxx11::basic_string<char, std::char_traits<char>, std::allocator<char> > const&) (catch_clara.hpp:566)
==268755==    by 0x2300BD: Catch::makeCommandLineParser(Catch::ConfigData&) (catch_commandline.cpp:217)
==268755== 
==268755== 32 bytes in 1 blocks are still reachable in loss record 922 of 2,004
==268755==    at 0x4849013: operator new(unsigned long) (in /usr/libexec/valgrind/vgpreload_memcheck-amd64-linux.so)
==268755==    by 0x22ABA5: __gnu_cxx::new_allocator<std::_Sp_counted_ptr_inplace<Catch::Clara::Detail::BoundFlagRef, std::allocator<Catch::Clara::Detail::BoundFlagRef>, (__gnu_cxx::_Lock_policy)2> >::allocate(unsigned long, void const*) (new_allocator.h:127)
==268755==    by 0x22A2CA: std::allocator_traits<std::allocator<std::_Sp_counted_ptr_inplace<Catch::Clara::Detail::BoundFlagRef, std::allocator<Catch::Clara::Detail::BoundFlagRef>, (__gnu_cxx::_Lock_policy)2> > >::allocate(std::allocator<std::_Sp_counted_ptr_inplace<Catch::Clara::Detail::BoundFlagRef, std::allocator<Catch::Clara::Detail::BoundFlagRef>, (__gnu_cxx::_Lock_policy)2> >&, unsigned long) (alloc_traits.h:464)
==268755==    by 0x2293E1: std::__allocated_ptr<std::allocator<std::_Sp_counted_ptr_inplace<Catch::Clara::Detail::BoundFlagRef, std::allocator<Catch::Clara::Detail::BoundFlagRef>, (__gnu_cxx::_Lock_policy)2> > > std::__allocate_guarded<std::allocator<std::_Sp_counted_ptr_inplace<Catch::Clara::Detail::BoundFlagRef, std::allocator<Catch::Clara::Detail::BoundFlagRef>, (__gnu_cxx::_Lock_policy)2> > >(std::allocator<std::_Sp_counted_ptr_inplace<Catch::Clara::Detail::BoundFlagRef, std::allocator<Catch::Clara::Detail::BoundFlagRef>, (__gnu_cxx::_Lock_policy)2> >&) (allocated_ptr.h:98)
==268755==    by 0x22857F: std::__shared_count<(__gnu_cxx::_Lock_policy)2>::__shared_count<Catch::Clara::Detail::BoundFlagRef, std::allocator<Catch::Clara::Detail::BoundFlagRef>, bool&>(Catch::Clara::Detail::BoundFlagRef*&, std::_Sp_alloc_shared_tag<std::allocator<Catch::Clara::Detail::BoundFlagRef> >, bool&) (shared_ptr_base.h:648)
==268755==    by 0x227975: std::__shared_ptr<Catch::Clara::Detail::BoundFlagRef, (__gnu_cxx::_Lock_policy)2>::__shared_ptr<std::allocator<Catch::Clara::Detail::BoundFlagRef>, bool&>(std::_Sp_alloc_shared_tag<std::allocator<Catch::Clara::Detail::BoundFlagRef> >, bool&) (shared_ptr_base.h:1342)
==268755==    by 0x2261F0: std::shared_ptr<Catch::Clara::Detail::BoundFlagRef>::shared_ptr<std::allocator<Catch::Clara::Detail::BoundFlagRef>, bool&>(std::_Sp_alloc_shared_tag<std::allocator<Catch::Clara::Detail::BoundFlagRef> >, bool&) (shared_ptr.h:409)
==268755==    by 0x224DBC: std::shared_ptr<Catch::Clara::Detail::BoundFlagRef> std::allocate_shared<Catch::Clara::Detail::BoundFlagRef, std::allocator<Catch::Clara::Detail::BoundFlagRef>, bool&>(std::allocator<Catch::Clara::Detail::BoundFlagRef> const&, bool&) (shared_ptr.h:863)
==268755==    by 0x223739: std::shared_ptr<Catch::Clara::Detail::BoundFlagRef> std::make_shared<Catch::Clara::Detail::BoundFlagRef, bool&>(bool&) (shared_ptr.h:879)
==268755==    by 0x21E708: Catch::Clara::Opt::Opt(bool&) (catch_clara.cpp:174)
==268755==    by 0x2301B6: Catch::makeCommandLineParser(Catch::ConfigData&) (catch_commandline.cpp:214)
==268755==    by 0x206504: Catch::Session::Session() (catch_session.cpp:179)
==268755== 
==268755== 32 bytes in 1 blocks are still reachable in loss record 923 of 2,004
==268755==    at 0x4849013: operator new(unsigned long) (in /usr/libexec/valgrind/vgpreload_memcheck-amd64-linux.so)
==268755==    by 0x22ABA5: __gnu_cxx::new_allocator<std::_Sp_counted_ptr_inplace<Catch::Clara::Detail::BoundFlagRef, std::allocator<Catch::Clara::Detail::BoundFlagRef>, (__gnu_cxx::_Lock_policy)2> >::allocate(unsigned long, void const*) (new_allocator.h:127)
==268755==    by 0x22A2CA: std::allocator_traits<std::allocator<std::_Sp_counted_ptr_inplace<Catch::Clara::Detail::BoundFlagRef, std::allocator<Catch::Clara::Detail::BoundFlagRef>, (__gnu_cxx::_Lock_policy)2> > >::allocate(std::allocator<std::_Sp_counted_ptr_inplace<Catch::Clara::Detail::BoundFlagRef, std::allocator<Catch::Clara::Detail::BoundFlagRef>, (__gnu_cxx::_Lock_policy)2> >&, unsigned long) (alloc_traits.h:464)
==268755==    by 0x2293E1: std::__allocated_ptr<std::allocator<std::_Sp_counted_ptr_inplace<Catch::Clara::Detail::BoundFlagRef, std::allocator<Catch::Clara::Detail::BoundFlagRef>, (__gnu_cxx::_Lock_policy)2> > > std::__allocate_guarded<std::allocator<std::_Sp_counted_ptr_inplace<Catch::Clara::Detail::BoundFlagRef, std::allocator<Catch::Clara::Detail::BoundFlagRef>, (__gnu_cxx::_Lock_policy)2> > >(std::allocator<std::_Sp_counted_ptr_inplace<Catch::Clara::Detail::BoundFlagRef, std::allocator<Catch::Clara::Detail::BoundFlagRef>, (__gnu_cxx::_Lock_policy)2> >&) (allocated_ptr.h:98)
==268755==    by 0x22857F: std::__shared_count<(__gnu_cxx::_Lock_policy)2>::__shared_count<Catch::Clara::Detail::BoundFlagRef, std::allocator<Catch::Clara::Detail::BoundFlagRef>, bool&>(Catch::Clara::Detail::BoundFlagRef*&, std::_Sp_alloc_shared_tag<std::allocator<Catch::Clara::Detail::BoundFlagRef> >, bool&) (shared_ptr_base.h:648)
==268755==    by 0x227975: std::__shared_ptr<Catch::Clara::Detail::BoundFlagRef, (__gnu_cxx::_Lock_policy)2>::__shared_ptr<std::allocator<Catch::Clara::Detail::BoundFlagRef>, bool&>(std::_Sp_alloc_shared_tag<std::allocator<Catch::Clara::Detail::BoundFlagRef> >, bool&) (shared_ptr_base.h:1342)
==268755==    by 0x2261F0: std::shared_ptr<Catch::Clara::Detail::BoundFlagRef>::shared_ptr<std::allocator<Catch::Clara::Detail::BoundFlagRef>, bool&>(std::_Sp_alloc_shared_tag<std::allocator<Catch::Clara::Detail::BoundFlagRef> >, bool&) (shared_ptr.h:409)
==268755==    by 0x224DBC: std::shared_ptr<Catch::Clara::Detail::BoundFlagRef> std::allocate_shared<Catch::Clara::Detail::BoundFlagRef, std::allocator<Catch::Clara::Detail::BoundFlagRef>, bool&>(std::allocator<Catch::Clara::Detail::BoundFlagRef> const&, bool&) (shared_ptr.h:863)
==268755==    by 0x223739: std::shared_ptr<Catch::Clara::Detail::BoundFlagRef> std::make_shared<Catch::Clara::Detail::BoundFlagRef, bool&>(bool&) (shared_ptr.h:879)
==268755==    by 0x21E708: Catch::Clara::Opt::Opt(bool&) (catch_clara.cpp:174)
==268755==    by 0x2302AF: Catch::makeCommandLineParser(Catch::ConfigData&) (catch_commandline.cpp:211)
==268755==    by 0x206504: Catch::Session::Session() (catch_session.cpp:179)
==268755== 
==268755== 32 bytes in 1 blocks are still reachable in loss record 924 of 2,004
==268755==    at 0x4849013: operator new(unsigned long) (in /usr/libexec/valgrind/vgpreload_memcheck-amd64-linux.so)
==268755==    by 0x22ABA5: __gnu_cxx::new_allocator<std::_Sp_counted_ptr_inplace<Catch::Clara::Detail::BoundFlagRef, std::allocator<Catch::Clara::Detail::BoundFlagRef>, (__gnu_cxx::_Lock_policy)2> >::allocate(unsigned long, void const*) (new_allocator.h:127)
==268755==    by 0x22A2CA: std::allocator_traits<std::allocator<std::_Sp_counted_ptr_inplace<Catch::Clara::Detail::BoundFlagRef, std::allocator<Catch::Clara::Detail::BoundFlagRef>, (__gnu_cxx::_Lock_policy)2> > >::allocate(std::allocator<std::_Sp_counted_ptr_inplace<Catch::Clara::Detail::BoundFlagRef, std::allocator<Catch::Clara::Detail::BoundFlagRef>, (__gnu_cxx::_Lock_policy)2> >&, unsigned long) (alloc_traits.h:464)
==268755==    by 0x2293E1: std::__allocated_ptr<std::allocator<std::_Sp_counted_ptr_inplace<Catch::Clara::Detail::BoundFlagRef, std::allocator<Catch::Clara::Detail::BoundFlagRef>, (__gnu_cxx::_Lock_policy)2> > > std::__allocate_guarded<std::allocator<std::_Sp_counted_ptr_inplace<Catch::Clara::Detail::BoundFlagRef, std::allocator<Catch::Clara::Detail::BoundFlagRef>, (__gnu_cxx::_Lock_policy)2> > >(std::allocator<std::_Sp_counted_ptr_inplace<Catch::Clara::Detail::BoundFlagRef, std::allocator<Catch::Clara::Detail::BoundFlagRef>, (__gnu_cxx::_Lock_policy)2> >&) (allocated_ptr.h:98)
==268755==    by 0x22857F: std::__shared_count<(__gnu_cxx::_Lock_policy)2>::__shared_count<Catch::Clara::Detail::BoundFlagRef, std::allocator<Catch::Clara::Detail::BoundFlagRef>, bool&>(Catch::Clara::Detail::BoundFlagRef*&, std::_Sp_alloc_shared_tag<std::allocator<Catch::Clara::Detail::BoundFlagRef> >, bool&) (shared_ptr_base.h:648)
==268755==    by 0x227975: std::__shared_ptr<Catch::Clara::Detail::BoundFlagRef, (__gnu_cxx::_Lock_policy)2>::__shared_ptr<std::allocator<Catch::Clara::Detail::BoundFlagRef>, bool&>(std::_Sp_alloc_shared_tag<std::allocator<Catch::Clara::Detail::BoundFlagRef> >, bool&) (shared_ptr_base.h:1342)
==268755==    by 0x2261F0: std::shared_ptr<Catch::Clara::Detail::BoundFlagRef>::shared_ptr<std::allocator<Catch::Clara::Detail::BoundFlagRef>, bool&>(std::_Sp_alloc_shared_tag<std::allocator<Catch::Clara::Detail::BoundFlagRef> >, bool&) (shared_ptr.h:409)
==268755==    by 0x224DBC: std::shared_ptr<Catch::Clara::Detail::BoundFlagRef> std::allocate_shared<Catch::Clara::Detail::BoundFlagRef, std::allocator<Catch::Clara::Detail::BoundFlagRef>, bool&>(std::allocator<Catch::Clara::Detail::BoundFlagRef> const&, bool&) (shared_ptr.h:863)
==268755==    by 0x223739: std::shared_ptr<Catch::Clara::Detail::BoundFlagRef> std::make_shared<Catch::Clara::Detail::BoundFlagRef, bool&>(bool&) (shared_ptr.h:879)
==268755==    by 0x21E708: Catch::Clara::Opt::Opt(bool&) (catch_clara.cpp:174)
==268755==    by 0x2303A8: Catch::makeCommandLineParser(Catch::ConfigData&) (catch_commandline.cpp:208)
==268755==    by 0x206504: Catch::Session::Session() (catch_session.cpp:179)
==268755== 
==268755== 32 bytes in 1 blocks are still reachable in loss record 925 of 2,004
==268755==    at 0x4849013: operator new(unsigned long) (in /usr/libexec/valgrind/vgpreload_memcheck-amd64-linux.so)
==268755==    by 0x22ABA5: __gnu_cxx::new_allocator<std::_Sp_counted_ptr_inplace<Catch::Clara::Detail::BoundFlagRef, std::allocator<Catch::Clara::Detail::BoundFlagRef>, (__gnu_cxx::_Lock_policy)2> >::allocate(unsigned long, void const*) (new_allocator.h:127)
==268755==    by 0x22A2CA: std::allocator_traits<std::allocator<std::_Sp_counted_ptr_inplace<Catch::Clara::Detail::BoundFlagRef, std::allocator<Catch::Clara::Detail::BoundFlagRef>, (__gnu_cxx::_Lock_policy)2> > >::allocate(std::allocator<std::_Sp_counted_ptr_inplace<Catch::Clara::Detail::BoundFlagRef, std::allocator<Catch::Clara::Detail::BoundFlagRef>, (__gnu_cxx::_Lock_policy)2> >&, unsigned long) (alloc_traits.h:464)
==268755==    by 0x2293E1: std::__allocated_ptr<std::allocator<std::_Sp_counted_ptr_inplace<Catch::Clara::Detail::BoundFlagRef, std::allocator<Catch::Clara::Detail::BoundFlagRef>, (__gnu_cxx::_Lock_policy)2> > > std::__allocate_guarded<std::allocator<std::_Sp_counted_ptr_inplace<Catch::Clara::Detail::BoundFlagRef, std::allocator<Catch::Clara::Detail::BoundFlagRef>, (__gnu_cxx::_Lock_policy)2> > >(std::allocator<std::_Sp_counted_ptr_inplace<Catch::Clara::Detail::BoundFlagRef, std::allocator<Catch::Clara::Detail::BoundFlagRef>, (__gnu_cxx::_Lock_policy)2> >&) (allocated_ptr.h:98)
==268755==    by 0x22857F: std::__shared_count<(__gnu_cxx::_Lock_policy)2>::__shared_count<Catch::Clara::Detail::BoundFlagRef, std::allocator<Catch::Clara::Detail::BoundFlagRef>, bool&>(Catch::Clara::Detail::BoundFlagRef*&, std::_Sp_alloc_shared_tag<std::allocator<Catch::Clara::Detail::BoundFlagRef> >, bool&) (shared_ptr_base.h:648)
==268755==    by 0x227975: std::__shared_ptr<Catch::Clara::Detail::BoundFlagRef, (__gnu_cxx::_Lock_policy)2>::__shared_ptr<std::allocator<Catch::Clara::Detail::BoundFlagRef>, bool&>(std::_Sp_alloc_shared_tag<std::allocator<Catch::Clara::Detail::BoundFlagRef> >, bool&) (shared_ptr_base.h:1342)
==268755==    by 0x2261F0: std::shared_ptr<Catch::Clara::Detail::BoundFlagRef>::shared_ptr<std::allocator<Catch::Clara::Detail::BoundFlagRef>, bool&>(std::_Sp_alloc_shared_tag<std::allocator<Catch::Clara::Detail::BoundFlagRef> >, bool&) (shared_ptr.h:409)
==268755==    by 0x224DBC: std::shared_ptr<Catch::Clara::Detail::BoundFlagRef> std::allocate_shared<Catch::Clara::Detail::BoundFlagRef, std::allocator<Catch::Clara::Detail::BoundFlagRef>, bool&>(std::allocator<Catch::Clara::Detail::BoundFlagRef> const&, bool&) (shared_ptr.h:863)
==268755==    by 0x223739: std::shared_ptr<Catch::Clara::Detail::BoundFlagRef> std::make_shared<Catch::Clara::Detail::BoundFlagRef, bool&>(bool&) (shared_ptr.h:879)
==268755==    by 0x21E708: Catch::Clara::Opt::Opt(bool&) (catch_clara.cpp:174)
==268755==    by 0x2304A1: Catch::makeCommandLineParser(Catch::ConfigData&) (catch_commandline.cpp:205)
==268755==    by 0x206504: Catch::Session::Session() (catch_session.cpp:179)
==268755== 
==268755== 32 bytes in 1 blocks are still reachable in loss record 926 of 2,004
==268755==    at 0x4849013: operator new(unsigned long) (in /usr/libexec/valgrind/vgpreload_memcheck-amd64-linux.so)
==268755==    by 0x22247F: __gnu_cxx::new_allocator<std::_Sp_counted_ptr_inplace<Catch::Clara::Detail::BoundFlagLambda<Catch::Clara::Help::Help(bool&)::{lambda(bool)#1}>, std::allocator<Catch::Clara::Detail::BoundFlagLambda<Catch::Clara::Help::Help(bool&)::{lambda(bool)#1}> >, (__gnu_cxx::_Lock_policy)2> >::allocate(unsigned long, void const*) (new_allocator.h:127)
==268755==    by 0x22230E: std::allocator_traits<std::allocator<std::_Sp_counted_ptr_inplace<Catch::Clara::Detail::BoundFlagLambda<Catch::Clara::Help::Help(bool&)::{lambda(bool)#1}>, std::allocator<Catch::Clara::Detail::BoundFlagLambda<Catch::Clara::Help::Help(bool&)::{lambda(bool)#1}> >, (__gnu_cxx::_Lock_policy)2> > >::allocate(std::allocator<std::_Sp_counted_ptr_inplace<Catch::Clara::Detail::BoundFlagLambda<Catch::Clara::Help::Help(bool&)::{lambda(bool)#1}>, std::allocator<Catch::Clara::Detail::BoundFlagLambda<Catch::Clara::Help::Help(bool&)::{lambda(bool)#1}> >, (__gnu_cxx::_Lock_policy)2> >&, unsigned long) (alloc_traits.h:464)
==268755==    by 0x2220D1: std::__allocated_ptr<std::allocator<std::_Sp_counted_ptr_inplace<Catch::Clara::Detail::BoundFlagLambda<Catch::Clara::Help::Help(bool&)::{lambda(bool)#1}>, std::allocator<Catch::Clara::Detail::BoundFlagLambda<Catch::Clara::Help::Help(bool&)::{lambda(bool)#1}> >, (__gnu_cxx::_Lock_policy)2> > > std::__allocate_guarded<std::allocator<std::_Sp_counted_ptr_inplace<Catch::Clara::Detail::BoundFlagLambda<Catch::Clara::Help::Help(bool&)::{lambda(bool)#1}>, std::allocator<Catch::Clara::Detail::BoundFlagLambda<Catch::Clara::Help::Help(bool&)::{lambda(bool)#1}> >, (__gnu_cxx::_Lock_policy)2> > >(std::allocator<std::_Sp_counted_ptr_inplace<Catch::Clara::Detail::BoundFlagLambda<Catch::Clara::Help::Help(bool&)::{lambda(bool)#1}>, std::allocator<Catch::Clara::Detail::BoundFlagLambda<Catch::Clara::Help::Help(bool&)::{lambda(bool)#1}> >, (__gnu_cxx::_Lock_policy)2> >&) (allocated_ptr.h:98)
==268755==    by 0x221F41: std::__shared_count<(__gnu_cxx::_Lock_policy)2>::__shared_count<Catch::Clara::Detail::BoundFlagLambda<Catch::Clara::Help::Help(bool&)::{lambda(bool)#1}>, std::allocator<Catch::Clara::Detail::BoundFlagLambda<Catch::Clara::Help::Help(bool&)::{lambda(bool)#1}> >, Catch::Clara::Help::Help(bool&)::{lambda(bool)#1} const&>(Catch::Clara::Detail::BoundFlagLambda<Catch::Clara::Help::Help(bool&)::{lambda(bool)#1}>*&, std::_Sp_alloc_shared_tag<std::allocator<Catch::Clara::Detail::BoundFlagLambda<Catch::Clara::Help::Help(bool&)::{lambda(bool)#1}> > >, Catch::Clara::Help::Help(bool&)::{lambda(bool)#1} const&) (shared_ptr_base.h:648)
==268755==    by 0x221E6B: std::__shared_ptr<Catch::Clara::Detail::BoundFlagLambda<Catch::Clara::Help::Help(bool&)::{lambda(bool)#1}>, (__gnu_cxx::_Lock_policy)2>::__shared_ptr<std::allocator<Catch::Clara::Detail::BoundFlagLambda<Catch::Clara::Help::Help(bool&)::{lambda(bool)#1}> >, Catch::Clara::Help::Help(bool&)::{lambda(bool)#1} const&>(std::_Sp_alloc_shared_tag<std::allocator<Catch::Clara::Detail::BoundFlagLambda<Catch::Clara::Help::Help(bool&)::{lambda(bool)#1}> > >, Catch::Clara::Help::Help(bool&)::{lambda(bool)#1} const&) (shared_ptr_base.h:1342)
==268755==    by 0x221D70: std::shared_ptr<Catch::Clara::Detail::BoundFlagLambda<Catch::Clara::Help::Help(bool&)::{lambda(bool)#1}> >::shared_ptr<std::allocator<Catch::Clara::Detail::BoundFlagLambda<Catch::Clara::Help::Help(bool&)::{lambda(bool)#1}> >, Catch::Clara::Help::Help(bool&)::{lambda(bool)#1} const&>(std::_Sp_alloc_shared_tag<std::allocator<Catch::Clara::Detail::BoundFlagLambda<Catch::Clara::Help::Help(bool&)::{lambda(bool)#1}> > >, Catch::Clara::Help::Help(bool&)::{lambda(bool)#1} const&) (shared_ptr.h:409)
==268755==    by 0x22197E: std::shared_ptr<Catch::Clara::Detail::BoundFlagLambda<Catch::Clara::Help::Help(bool&)::{lambda(bool)#1}> > std::allocate_shared<Catch::Clara::Detail::BoundFlagLambda<Catch::Clara::Help::Help(bool&)::{lambda(bool)#1}>, std::allocator<Catch::Clara::Detail::BoundFlagLambda<Catch::Clara::Help::Help(bool&)::{lambda(bool)#1}> >, Catch::Clara::Help::Help(bool&)::{lambda(bool)#1} const&>(std::allocator<Catch::Clara::Detail::BoundFlagLambda<Catch::Clara::Help::Help(bool&)::{lambda(bool)#1}> > const&, Catch::Clara::Help::Help(bool&)::{lambda(bool)#1} const&) (shared_ptr.h:863)
==268755==    by 0x2214F2: std::shared_ptr<Catch::Clara::Detail::BoundFlagLambda<Catch::Clara::Help::Help(bool&)::{lambda(bool)#1}> > std::make_shared<Catch::Clara::Detail::BoundFlagLambda<Catch::Clara::Help::Help(bool&)::{lambda(bool)#1}>, Catch::Clara::Help::Help(bool&)::{lambda(bool)#1} const&>(Catch::Clara::Help::Help(bool&)::{lambda(bool)#1} const&) (shared_ptr.h:879)
==268755==    by 0x2211B4: Catch::Clara::Opt::Opt<Catch::Clara::Help::Help(bool&)::{lambda(bool)#1}>(Catch::Clara::Help::Help(bool&)::{lambda(bool)#1} const&) (catch_clara.hpp:548)
==268755==    by 0x220B97: Catch::Clara::Help::Help(bool&) (catch_clara.cpp:441)
==268755==    by 0x23059A: Catch::makeCommandLineParser(Catch::ConfigData&) (catch_commandline.cpp:204)
==268755== 
==268755== 32 bytes in 1 blocks are still reachable in loss record 927 of 2,004
==268755==    at 0x4849013: operator new(unsigned long) (in /usr/libexec/valgrind/vgpreload_memcheck-amd64-linux.so)
==268755==    by 0x22AECF: __gnu_cxx::new_allocator<std::_Sp_counted_ptr_inplace<Catch::Clara::Detail::BoundValueRef<std::__cxx11::basic_string<char, std::char_traits<char>, std::allocator<char> > >, std::allocator<Catch::Clara::Detail::BoundValueRef<std::__cxx11::basic_string<char, std::char_traits<char>, std::allocator<char> > > >, (__gnu_cxx::_Lock_policy)2> >::allocate(unsigned long, void const*) (new_allocator.h:127)
==268755==    by 0x22A594: std::allocator_traits<std::allocator<std::_Sp_counted_ptr_inplace<Catch::Clara::Detail::BoundValueRef<std::__cxx11::basic_string<char, std::char_traits<char>, std::allocator<char> > >, std::allocator<Catch::Clara::Detail::BoundValueRef<std::__cxx11::basic_string<char, std::char_traits<char>, std::allocator<char> > > >, (__gnu_cxx::_Lock_policy)2> > >::allocate(std::allocator<std::_Sp_counted_ptr_inplace<Catch::Clara::Detail::BoundValueRef<std::__cxx11::basic_string<char, std::char_traits<char>, std::allocator<char> > >, std::allocator<Catch::Clara::Detail::BoundValueRef<std::__cxx11::basic_string<char, std::char_traits<char>, std::allocator<char> > > >, (__gnu_cxx::_Lock_policy)2> >&, unsigned long) (alloc_traits.h:464)
==268755==    by 0x2299C3: std::__allocated_ptr<std::allocator<std::_Sp_counted_ptr_inplace<Catch::Clara::Detail::BoundValueRef<std::__cxx11::basic_string<char, std::char_traits<char>, std::allocator<char> > >, std::allocator<Catch::Clara::Detail::BoundValueRef<std::__cxx11::basic_string<char, std::char_traits<char>, std::allocator<char> > > >, (__gnu_cxx::_Lock_policy)2> > > std::__allocate_guarded<std::allocator<std::_Sp_counted_ptr_inplace<Catch::Clara::Detail::BoundValueRef<std::__cxx11::basic_string<char, std::char_traits<char>, std::allocator<char> > >, std::allocator<Catch::Clara::Detail::BoundValueRef<std::__cxx11::basic_string<char, std::char_traits<char>, std::allocator<char> > > >, (__gnu_cxx::_Lock_policy)2> > >(std::allocator<std::_Sp_counted_ptr_inplace<Catch::Clara::Detail::BoundValueRef<std::__cxx11::basic_string<char, std::char_traits<char>, std::allocator<char> > >, std::allocator<Catch::Clara::Detail::BoundValueRef<std::__cxx11::basic_string<char, std::char_traits<char>, std::allocator<char> > > >, (__gnu_cxx::_Lock_policy)2> >&) (allocated_ptr.h:98)
==268755==    by 0x2289FF: std::__shared_count<(__gnu_cxx::_Lock_policy)2>::__shared_count<Catch::Clara::Detail::BoundValueRef<std::__cxx11::basic_string<char, std::char_traits<char>, std::allocator<char> > >, std::allocator<Catch::Clara::Detail::BoundValueRef<std::__cxx11::basic_string<char, std::char_traits<char>, std::allocator<char> > > >, std::__cxx11::basic_string<char, std::char_traits<char>, std::allocator<char> >&>(Catch::Clara::Detail::BoundValueRef<std::__cxx11::basic_string<char, std::char_traits<char>, std::allocator<char> > >*&, std::_Sp_alloc_shared_tag<std::allocator<Catch::Clara::Detail::BoundValueRef<std::__cxx11::basic_string<char, std::char_traits<char>, std::allocator<char> > > > >, std::__cxx11::basic_string<char, std::char_traits<char>, std::allocator<char> >&) (shared_ptr_base.h:648)
==268755==    by 0x227B55: std::__shared_ptr<Catch::Clara::Detail::BoundValueRef<std::__cxx11::basic_string<char, std::char_traits<char>, std::allocator<char> > >, (__gnu_cxx::_Lock_policy)2>::__shared_ptr<std::allocator<Catch::Clara::Detail::BoundValueRef<std::__cxx11::basic_string<char, std::char_traits<char>, std::allocator<char> > > >, std::__cxx11::basic_string<char, std::char_traits<char>, std::allocator<char> >&>(std::_Sp_alloc_shared_tag<std::allocator<Catch::Clara::Detail::BoundValueRef<std::__cxx11::basic_string<char, std::char_traits<char>, std::allocator<char> > > > >, std::__cxx11::basic_string<char, std::char_traits<char>, std::allocator<char> >&) (shared_ptr_base.h:1342)
==268755==    by 0x22642A: std::shared_ptr<Catch::Clara::Detail::BoundValueRef<std::__cxx11::basic_string<char, std::char_traits<char>, std::allocator<char> > > >::shared_ptr<std::allocator<Catch::Clara::Detail::BoundValueRef<std::__cxx11::basic_string<char, std::char_traits<char>, std::allocator<char> > > >, std::__cxx11::basic_string<char, std::char_traits<char>, std::allocator<char> >&>(std::_Sp_alloc_shared_tag<std::allocator<Catch::Clara::Detail::BoundValueRef<std::__cxx11::basic_string<char, std::char_traits<char>, std::allocator<char> > > > >, std::__cxx11::basic_string<char, std::char_traits<char>, std::allocator<char> >&) (shared_ptr.h:409)
==268755==    by 0x2251FC: std::shared_ptr<Catch::Clara::Detail::BoundValueRef<std::__cxx11::basic_string<char, std::char_traits<char>, std::allocator<char> > > > std::allocate_shared<Catch::Clara::Detail::BoundValueRef<std::__cxx11::basic_string<char, std::char_traits<char>, std::allocator<char> > >, std::allocator<Catch::Clara::Detail::BoundValueRef<std::__cxx11::basic_string<char, std::char_traits<char>, std::allocator<char> > > >, std::__cxx11::basic_string<char, std::char_traits<char>, std::allocator<char> >&>(std::allocator<Catch::Clara::Detail::BoundValueRef<std::__cxx11::basic_string<char, std::char_traits<char>, std::allocator<char> > > > const&, std::__cxx11::basic_string<char, std::char_traits<char>, std::allocator<char> >&) (shared_ptr.h:863)
==268755==    by 0x223B45: std::shared_ptr<Catch::Clara::Detail::BoundValueRef<std::__cxx11::basic_string<char, std::char_traits<char>, std::allocator<char> > > > std::make_shared<Catch::Clara::Detail::BoundValueRef<std::__cxx11::basic_string<char, std::char_traits<char>, std::allocator<char> > >, std::__cxx11::basic_string<char, std::char_traits<char>, std::allocator<char> >&>(std::__cxx11::basic_string<char, std::char_traits<char>, std::allocator<char> >&) (shared_ptr.h:879)
==268755==    by 0x21F584: Catch::Clara::ExeName::ExeName(std::__cxx11::basic_string<char, std::char_traits<char>, std::allocator<char> >&) (catch_clara.cpp:276)
==268755==    by 0x2305BA: Catch::makeCommandLineParser(Catch::ConfigData&) (catch_commandline.cpp:203)
==268755==    by 0x206504: Catch::Session::Session() (catch_session.cpp:179)
==268755== 
==268755== 32 bytes in 1 blocks are still reachable in loss record 928 of 2,004
==268755==    at 0x4849013: operator new(unsigned long) (in /usr/libexec/valgrind/vgpreload_memcheck-amd64-linux.so)
==268755==    by 0x15E0F3: __gnu_cxx::new_allocator<std::__cxx11::basic_string<char, std::char_traits<char>, std::allocator<char> > >::allocate(unsigned long, void const*) (new_allocator.h:127)
==268755==    by 0x15A22F: allocate (allocator.h:185)
==268755==    by 0x15A22F: std::allocator_traits<std::allocator<std::__cxx11::basic_string<char, std::char_traits<char>, std::allocator<char> > > >::allocate(std::allocator<std::__cxx11::basic_string<char, std::char_traits<char>, std::allocator<char> > >&, unsigned long) (alloc_traits.h:464)
==268755==    by 0x157431: std::_Vector_base<std::__cxx11::basic_string<char, std::char_traits<char>, std::allocator<char> >, std::allocator<std::__cxx11::basic_string<char, std::char_traits<char>, std::allocator<char> > > >::_M_allocate(unsigned long) (stl_vector.h:346)
==268755==    by 0x1E32D2: void std::vector<std::__cxx11::basic_string<char, std::char_traits<char>, std::allocator<char> >, std::allocator<std::__cxx11::basic_string<char, std::char_traits<char>, std::allocator<char> > > >::_M_realloc_insert<std::__cxx11::basic_string<char, std::char_traits<char>, std::allocator<char> > const&>(__gnu_cxx::__normal_iterator<std::__cxx11::basic_string<char, std::char_traits<char>, std::allocator<char> >*, std::vector<std::__cxx11::basic_string<char, std::char_traits<char>, std::allocator<char> >, std::allocator<std::__cxx11::basic_string<char, std::char_traits<char>, std::allocator<char> > > > >, std::__cxx11::basic_string<char, std::char_traits<char>, std::allocator<char> > const&) (vector.tcc:440)
==268755==    by 0x1E29E7: std::vector<std::__cxx11::basic_string<char, std::char_traits<char>, std::allocator<char> >, std::allocator<std::__cxx11::basic_string<char, std::char_traits<char>, std::allocator<char> > > >::push_back(std::__cxx11::basic_string<char, std::char_traits<char>, std::allocator<char> > const&) (stl_vector.h:1198)
==268755==    by 0x245F33: Catch::Clara::Detail::BoundValueRef<std::vector<std::__cxx11::basic_string<char, std::char_traits<char>, std::allocator<char> >, std::allocator<std::__cxx11::basic_string<char, std::char_traits<char>, std::allocator<char> > > > >::setValue(std::__cxx11::basic_string<char, std::char_traits<char>, std::allocator<char> > const&) (catch_clara.hpp:357)
==268755==    by 0x21E55A: Catch::Clara::Arg::parse(std::__cxx11::basic_string<char, std::char_traits<char>, std::allocator<char> > const&, Catch::Clara::Detail::TokenStream const&) const (catch_clara.cpp:165)
==268755==    by 0x22066C: Catch::Clara::Parser::parse(std::__cxx11::basic_string<char, std::char_traits<char>, std::allocator<char> > const&, Catch::Clara::Detail::TokenStream const&) const (catch_clara.cpp:405)
==268755==    by 0x21E212: Catch::Clara::Detail::ParserBase::parse(Catch::Clara::Args const&) const (catch_clara.cpp:127)
==268755==    by 0x206AE9: Catch::Session::applyCommandLine(int, char const* const*) (catch_session.cpp:203)
==268755==    by 0x20223F: int Catch::Session::run<char>(int, char const* const*) (catch_session.hpp:39)
==268755== 
==268755== 32 bytes in 1 blocks are still reachable in loss record 929 of 2,004
==268755==    at 0x4849013: operator new(unsigned long) (in /usr/libexec/valgrind/vgpreload_memcheck-amd64-linux.so)
==268755==    by 0x15E0F3: __gnu_cxx::new_allocator<std::__cxx11::basic_string<char, std::char_traits<char>, std::allocator<char> > >::allocate(unsigned long, void const*) (new_allocator.h:127)
==268755==    by 0x15A22F: allocate (allocator.h:185)
==268755==    by 0x15A22F: std::allocator_traits<std::allocator<std::__cxx11::basic_string<char, std::char_traits<char>, std::allocator<char> > > >::allocate(std::allocator<std::__cxx11::basic_string<char, std::char_traits<char>, std::allocator<char> > >&, unsigned long) (alloc_traits.h:464)
==268755==    by 0x157431: std::_Vector_base<std::__cxx11::basic_string<char, std::char_traits<char>, std::allocator<char> >, std::allocator<std::__cxx11::basic_string<char, std::char_traits<char>, std::allocator<char> > > >::_M_allocate(unsigned long) (stl_vector.h:346)
==268755==    by 0x1749F0: std::_Vector_base<std::__cxx11::basic_string<char, std::char_traits<char>, std::allocator<char> >, std::allocator<std::__cxx11::basic_string<char, std::char_traits<char>, std::allocator<char> > > >::_M_create_storage(unsigned long) (stl_vector.h:361)
==268755==    by 0x173340: std::_Vector_base<std::__cxx11::basic_string<char, std::char_traits<char>, std::allocator<char> >, std::allocator<std::__cxx11::basic_string<char, std::char_traits<char>, std::allocator<char> > > >::_Vector_base(unsigned long, std::allocator<std::__cxx11::basic_string<char, std::char_traits<char>, std::allocator<char> > > const&) (stl_vector.h:305)
==268755==    by 0x171B54: std::vector<std::__cxx11::basic_string<char, std::char_traits<char>, std::allocator<char> >, std::allocator<std::__cxx11::basic_string<char, std::char_traits<char>, std::allocator<char> > > >::vector(std::vector<std::__cxx11::basic_string<char, std::char_traits<char>, std::allocator<char> >, std::allocator<std::__cxx11::basic_string<char, std::char_traits<char>, std::allocator<char> > > > const&) (stl_vector.h:555)
==268755==    by 0x2A2900: Catch::ConfigData::ConfigData(Catch::ConfigData const&) (catch_config.hpp:46)
==268755==    by 0x2A13C7: Catch::Config::Config(Catch::ConfigData const&) (catch_config.cpp:96)
==268755==    by 0x20AAE0: Catch::Detail::unique_ptr<Catch::Config> Catch::Detail::make_unique<Catch::Config, Catch::ConfigData&>(Catch::ConfigData&) (catch_unique_ptr.hpp:111)
==268755==    by 0x20703A: Catch::Session::config() (catch_session.cpp:282)
==268755==    by 0x2071F2: Catch::Session::runInternal() (catch_session.cpp:303)
==268755== 
==268755== 32 bytes in 1 blocks are still reachable in loss record 930 of 2,004
==268755==    at 0x4849013: operator new(unsigned long) (in /usr/libexec/valgrind/vgpreload_memcheck-amd64-linux.so)
==268755==    by 0x2E83A3: __gnu_cxx::new_allocator<YAML::RegEx>::allocate(unsigned long, void const*) (new_allocator.h:127)
==268755==    by 0x2E82B6: std::allocator_traits<std::allocator<YAML::RegEx> >::allocate(std::allocator<YAML::RegEx>&, unsigned long) (alloc_traits.h:464)
==268755==    by 0x2E80FD: std::_Vector_base<YAML::RegEx, std::allocator<YAML::RegEx> >::_M_allocate(unsigned long) (stl_vector.h:346)
==268755==    by 0x2F5FCC: void std::vector<YAML::RegEx, std::allocator<YAML::RegEx> >::_M_realloc_insert<YAML::RegEx const&>(__gnu_cxx::__normal_iterator<YAML::RegEx*, std::vector<YAML::RegEx, std::allocator<YAML::RegEx> > >, YAML::RegEx const&) (vector.tcc:440)
==268755==    by 0x2F5DB9: std::vector<YAML::RegEx, std::allocator<YAML::RegEx> >::push_back(YAML::RegEx const&) (stl_vector.h:1198)
==268755==    by 0x2F59F6: YAML::operator!(YAML::RegEx const&) (regex_yaml.cpp:19)
==268755==    by 0x2E67BA: YAML::Exp::PlainScalar() (exp.h:156)
==268755==    by 0x2F6F82: YAML::Scanner::ScanNextToken() (scanner.cpp:167)
==268755==    by 0x2F6BBA: YAML::Scanner::EnsureTokensInQueue() (scanner.cpp:78)
==268755==    by 0x2F6A3F: YAML::Scanner::empty() (scanner.cpp:25)
==268755==    by 0x2F392D: YAML::Parser::ParseDirectives() (parser.cpp:44)
==268755== 
==268755== 32 bytes in 1 blocks are still reachable in loss record 931 of 2,004
==268755==    at 0x4848899: malloc (in /usr/libexec/valgrind/vgpreload_memcheck-amd64-linux.so)
==268755==    by 0x561679D: CRYPTO_zalloc (in /usr/lib/x86_64-linux-gnu/libcrypto.so.3)
==268755==    by 0x5665352: OPENSSL_sk_new_reserve (in /usr/lib/x86_64-linux-gnu/libcrypto.so.3)
==268755==    by 0x561CAB8: ??? (in /usr/lib/x86_64-linux-gnu/libcrypto.so.3)
==268755==    by 0x522BEE7: __pthread_once_slow (pthread_once.c:116)
==268755==    by 0x5621C9C: CRYPTO_THREAD_run_once (in /usr/lib/x86_64-linux-gnu/libcrypto.so.3)
==268755==    by 0x561E5FF: ??? (in /usr/lib/x86_64-linux-gnu/libcrypto.so.3)
==268755==    by 0x55CC314: ??? (in /usr/lib/x86_64-linux-gnu/libcrypto.so.3)
==268755==    by 0x55CCCFC: ERR_set_mark (in /usr/lib/x86_64-linux-gnu/libcrypto.so.3)
==268755==    by 0x55790E1: CONF_modules_load_file_ex (in /usr/lib/x86_64-linux-gnu/libcrypto.so.3)
==268755==    by 0x561E19F: ??? (in /usr/lib/x86_64-linux-gnu/libcrypto.so.3)
==268755==    by 0x522BEE7: __pthread_once_slow (pthread_once.c:116)
==268755== 
==268755== 32 bytes in 1 blocks are still reachable in loss record 932 of 2,004
==268755==    at 0x4848899: malloc (in /usr/libexec/valgrind/vgpreload_memcheck-amd64-linux.so)
==268755==    by 0x561E58A: ??? (in /usr/lib/x86_64-linux-gnu/libcrypto.so.3)
==268755==    by 0x55CC314: ??? (in /usr/lib/x86_64-linux-gnu/libcrypto.so.3)
==268755==    by 0x55CCCFC: ERR_set_mark (in /usr/lib/x86_64-linux-gnu/libcrypto.so.3)
==268755==    by 0x55790E1: CONF_modules_load_file_ex (in /usr/lib/x86_64-linux-gnu/libcrypto.so.3)
==268755==    by 0x561E19F: ??? (in /usr/lib/x86_64-linux-gnu/libcrypto.so.3)
==268755==    by 0x522BEE7: __pthread_once_slow (pthread_once.c:116)
==268755==    by 0x5621C9C: CRYPTO_THREAD_run_once (in /usr/lib/x86_64-linux-gnu/libcrypto.so.3)
==268755==    by 0x561EC05: OPENSSL_init_crypto (in /usr/lib/x86_64-linux-gnu/libcrypto.so.3)
==268755==    by 0x53EB9B6: OPENSSL_init_ssl (in /usr/lib/x86_64-linux-gnu/libssl.so.3)
==268755==    by 0x488FB29: mysql_server_init (in /usr/lib/x86_64-linux-gnu/libmysqlclient.so.21.2.42)
==268755==    by 0x1ED98C: cpp_dbc::MySQL::MySQLDriver::MySQLDriver() (driver_mysql.cpp:797)
==268755== 
==268755== 32 bytes in 1 blocks are still reachable in loss record 933 of 2,004
==268755==    at 0x4848899: malloc (in /usr/libexec/valgrind/vgpreload_memcheck-amd64-linux.so)
==268755==    by 0x561679D: CRYPTO_zalloc (in /usr/lib/x86_64-linux-gnu/libcrypto.so.3)
==268755==    by 0x5665352: OPENSSL_sk_new_reserve (in /usr/lib/x86_64-linux-gnu/libcrypto.so.3)
==268755==    by 0x561C0DC: ??? (in /usr/lib/x86_64-linux-gnu/libcrypto.so.3)
==268755==    by 0x5614EF8: ??? (in /usr/lib/x86_64-linux-gnu/libcrypto.so.3)
==268755==    by 0x56154C7: ??? (in /usr/lib/x86_64-linux-gnu/libcrypto.so.3)
==268755==    by 0x56155BC: ??? (in /usr/lib/x86_64-linux-gnu/libcrypto.so.3)
==268755==    by 0x522BEE7: __pthread_once_slow (pthread_once.c:116)
==268755==    by 0x5621C9C: CRYPTO_THREAD_run_once (in /usr/lib/x86_64-linux-gnu/libcrypto.so.3)
==268755==    by 0x561A822: ??? (in /usr/lib/x86_64-linux-gnu/libcrypto.so.3)
==268755==    by 0x553AA03: BIO_new_ex (in /usr/lib/x86_64-linux-gnu/libcrypto.so.3)
==268755==    by 0x55411E5: BIO_new_file (in /usr/lib/x86_64-linux-gnu/libcrypto.so.3)
==268755== 
==268755== 32 bytes in 1 blocks are still reachable in loss record 934 of 2,004
==268755==    at 0x4848899: malloc (in /usr/libexec/valgrind/vgpreload_memcheck-amd64-linux.so)
==268755==    by 0x561679D: CRYPTO_zalloc (in /usr/lib/x86_64-linux-gnu/libcrypto.so.3)
==268755==    by 0x564690E: ??? (in /usr/lib/x86_64-linux-gnu/libcrypto.so.3)
==268755==    by 0x5614C2D: ??? (in /usr/lib/x86_64-linux-gnu/libcrypto.so.3)
==268755==    by 0x561A924: ??? (in /usr/lib/x86_64-linux-gnu/libcrypto.so.3)
==268755==    by 0x5614FB8: ??? (in /usr/lib/x86_64-linux-gnu/libcrypto.so.3)
==268755==    by 0x56154C7: ??? (in /usr/lib/x86_64-linux-gnu/libcrypto.so.3)
==268755==    by 0x56155BC: ??? (in /usr/lib/x86_64-linux-gnu/libcrypto.so.3)
==268755==    by 0x522BEE7: __pthread_once_slow (pthread_once.c:116)
==268755==    by 0x5621C9C: CRYPTO_THREAD_run_once (in /usr/lib/x86_64-linux-gnu/libcrypto.so.3)
==268755==    by 0x561A822: ??? (in /usr/lib/x86_64-linux-gnu/libcrypto.so.3)
==268755==    by 0x553AA03: BIO_new_ex (in /usr/lib/x86_64-linux-gnu/libcrypto.so.3)
==268755== 
==268755== 32 bytes in 1 blocks are still reachable in loss record 935 of 2,004
==268755==    at 0x4848899: malloc (in /usr/libexec/valgrind/vgpreload_memcheck-amd64-linux.so)
==268755==    by 0x561679D: CRYPTO_zalloc (in /usr/lib/x86_64-linux-gnu/libcrypto.so.3)
==268755==    by 0x5665352: OPENSSL_sk_new_reserve (in /usr/lib/x86_64-linux-gnu/libcrypto.so.3)
==268755==    by 0x561C2E4: CRYPTO_set_ex_data (in /usr/lib/x86_64-linux-gnu/libcrypto.so.3)
==268755==    by 0x5614C5D: ??? (in /usr/lib/x86_64-linux-gnu/libcrypto.so.3)
==268755==    by 0x561A924: ??? (in /usr/lib/x86_64-linux-gnu/libcrypto.so.3)
==268755==    by 0x5614FB8: ??? (in /usr/lib/x86_64-linux-gnu/libcrypto.so.3)
==268755==    by 0x56154C7: ??? (in /usr/lib/x86_64-linux-gnu/libcrypto.so.3)
==268755==    by 0x56155BC: ??? (in /usr/lib/x86_64-linux-gnu/libcrypto.so.3)
==268755==    by 0x522BEE7: __pthread_once_slow (pthread_once.c:116)
==268755==    by 0x5621C9C: CRYPTO_THREAD_run_once (in /usr/lib/x86_64-linux-gnu/libcrypto.so.3)
==268755==    by 0x561A822: ??? (in /usr/lib/x86_64-linux-gnu/libcrypto.so.3)
==268755== 
==268755== 32 bytes in 1 blocks are still reachable in loss record 936 of 2,004
==268755==    at 0x4848899: malloc (in /usr/libexec/valgrind/vgpreload_memcheck-amd64-linux.so)
==268755==    by 0x561679D: CRYPTO_zalloc (in /usr/lib/x86_64-linux-gnu/libcrypto.so.3)
==268755==    by 0x5665352: OPENSSL_sk_new_reserve (in /usr/lib/x86_64-linux-gnu/libcrypto.so.3)
==268755==    by 0x557641C: ??? (in /usr/lib/x86_64-linux-gnu/libcrypto.so.3)
==268755==    by 0x55764D7: CONF_module_add (in /usr/lib/x86_64-linux-gnu/libcrypto.so.3)
==268755==    by 0x557879C: OPENSSL_load_builtin_modules (in /usr/lib/x86_64-linux-gnu/libcrypto.so.3)
==268755==    by 0x557880C: ??? (in /usr/lib/x86_64-linux-gnu/libcrypto.so.3)
==268755==    by 0x522BEE7: __pthread_once_slow (pthread_once.c:116)
==268755==    by 0x5621C9C: CRYPTO_THREAD_run_once (in /usr/lib/x86_64-linux-gnu/libcrypto.so.3)
==268755==    by 0x5578955: CONF_modules_load (in /usr/lib/x86_64-linux-gnu/libcrypto.so.3)
==268755==    by 0x5578FCD: CONF_modules_load_file_ex (in /usr/lib/x86_64-linux-gnu/libcrypto.so.3)
==268755==    by 0x561E19F: ??? (in /usr/lib/x86_64-linux-gnu/libcrypto.so.3)
==268755== 
==268755== 32 bytes in 1 blocks are still reachable in loss record 937 of 2,004
==268755==    at 0x4848899: malloc (in /usr/libexec/valgrind/vgpreload_memcheck-amd64-linux.so)
==268755==    by 0x561679D: CRYPTO_zalloc (in /usr/lib/x86_64-linux-gnu/libcrypto.so.3)
==268755==    by 0x5665352: OPENSSL_sk_new_reserve (in /usr/lib/x86_64-linux-gnu/libcrypto.so.3)
==268755==    by 0x55D0A18: ENGINE_add (in /usr/lib/x86_64-linux-gnu/libcrypto.so.3)
==268755==    by 0x561E42E: ??? (in /usr/lib/x86_64-linux-gnu/libcrypto.so.3)
==268755==    by 0x522BEE7: __pthread_once_slow (pthread_once.c:116)
==268755==    by 0x5621C9C: CRYPTO_THREAD_run_once (in /usr/lib/x86_64-linux-gnu/libcrypto.so.3)
==268755==    by 0x561EB9C: OPENSSL_init_crypto (in /usr/lib/x86_64-linux-gnu/libcrypto.so.3)
==268755==    by 0x5578811: ??? (in /usr/lib/x86_64-linux-gnu/libcrypto.so.3)
==268755==    by 0x522BEE7: __pthread_once_slow (pthread_once.c:116)
==268755==    by 0x5621C9C: CRYPTO_THREAD_run_once (in /usr/lib/x86_64-linux-gnu/libcrypto.so.3)
==268755==    by 0x5578955: CONF_modules_load (in /usr/lib/x86_64-linux-gnu/libcrypto.so.3)
==268755== 
==268755== 32 bytes in 1 blocks are still reachable in loss record 938 of 2,004
==268755==    at 0x4848899: malloc (in /usr/libexec/valgrind/vgpreload_memcheck-amd64-linux.so)
==268755==    by 0x561679D: CRYPTO_zalloc (in /usr/lib/x86_64-linux-gnu/libcrypto.so.3)
==268755==    by 0x5663872: ??? (in /usr/lib/x86_64-linux-gnu/libcrypto.so.3)
==268755==    by 0x5663952: OPENSSL_sk_insert (in /usr/lib/x86_64-linux-gnu/libcrypto.so.3)
==268755==    by 0x55D09F6: ENGINE_add (in /usr/lib/x86_64-linux-gnu/libcrypto.so.3)
==268755==    by 0x561E42E: ??? (in /usr/lib/x86_64-linux-gnu/libcrypto.so.3)
==268755==    by 0x522BEE7: __pthread_once_slow (pthread_once.c:116)
==268755==    by 0x5621C9C: CRYPTO_THREAD_run_once (in /usr/lib/x86_64-linux-gnu/libcrypto.so.3)
==268755==    by 0x561EB9C: OPENSSL_init_crypto (in /usr/lib/x86_64-linux-gnu/libcrypto.so.3)
==268755==    by 0x5578811: ??? (in /usr/lib/x86_64-linux-gnu/libcrypto.so.3)
==268755==    by 0x522BEE7: __pthread_once_slow (pthread_once.c:116)
==268755==    by 0x5621C9C: CRYPTO_THREAD_run_once (in /usr/lib/x86_64-linux-gnu/libcrypto.so.3)
==268755== 
==268755== 32 bytes in 1 blocks are still reachable in loss record 939 of 2,004
==268755==    at 0x4848899: malloc (in /usr/libexec/valgrind/vgpreload_memcheck-amd64-linux.so)
==268755==    by 0x561679D: CRYPTO_zalloc (in /usr/lib/x86_64-linux-gnu/libcrypto.so.3)
==268755==    by 0x5665352: OPENSSL_sk_new_reserve (in /usr/lib/x86_64-linux-gnu/libcrypto.so.3)
==268755==    by 0x5578CA6: CONF_modules_load (in /usr/lib/x86_64-linux-gnu/libcrypto.so.3)
==268755==    by 0x5578FCD: CONF_modules_load_file_ex (in /usr/lib/x86_64-linux-gnu/libcrypto.so.3)
==268755==    by 0x561E19F: ??? (in /usr/lib/x86_64-linux-gnu/libcrypto.so.3)
==268755==    by 0x522BEE7: __pthread_once_slow (pthread_once.c:116)
==268755==    by 0x5621C9C: CRYPTO_THREAD_run_once (in /usr/lib/x86_64-linux-gnu/libcrypto.so.3)
==268755==    by 0x561EC05: OPENSSL_init_crypto (in /usr/lib/x86_64-linux-gnu/libcrypto.so.3)
==268755==    by 0x53EB9B6: OPENSSL_init_ssl (in /usr/lib/x86_64-linux-gnu/libssl.so.3)
==268755==    by 0x488FB29: mysql_server_init (in /usr/lib/x86_64-linux-gnu/libmysqlclient.so.21.2.42)
==268755==    by 0x1ED98C: cpp_dbc::MySQL::MySQLDriver::MySQLDriver() (driver_mysql.cpp:797)
==268755== 
==268755== 32 bytes in 1 blocks are still reachable in loss record 940 of 2,004
==268755==    at 0x4848899: malloc (in /usr/libexec/valgrind/vgpreload_memcheck-amd64-linux.so)
==268755==    by 0x561679D: CRYPTO_zalloc (in /usr/lib/x86_64-linux-gnu/libcrypto.so.3)
==268755==    by 0x5663872: ??? (in /usr/lib/x86_64-linux-gnu/libcrypto.so.3)
==268755==    by 0x5663952: OPENSSL_sk_insert (in /usr/lib/x86_64-linux-gnu/libcrypto.so.3)
==268755==    by 0x5578B8D: CONF_modules_load (in /usr/lib/x86_64-linux-gnu/libcrypto.so.3)
==268755==    by 0x5578FCD: CONF_modules_load_file_ex (in /usr/lib/x86_64-linux-gnu/libcrypto.so.3)
==268755==    by 0x561E19F: ??? (in /usr/lib/x86_64-linux-gnu/libcrypto.so.3)
==268755==    by 0x522BEE7: __pthread_once_slow (pthread_once.c:116)
==268755==    by 0x5621C9C: CRYPTO_THREAD_run_once (in /usr/lib/x86_64-linux-gnu/libcrypto.so.3)
==268755==    by 0x561EC05: OPENSSL_init_crypto (in /usr/lib/x86_64-linux-gnu/libcrypto.so.3)
==268755==    by 0x53EB9B6: OPENSSL_init_ssl (in /usr/lib/x86_64-linux-gnu/libssl.so.3)
==268755==    by 0x488FB29: mysql_server_init (in /usr/lib/x86_64-linux-gnu/libmysqlclient.so.21.2.42)
==268755== 
==268755== 32 bytes in 1 blocks are still reachable in loss record 941 of 2,004
==268755==    at 0x4848899: malloc (in /usr/libexec/valgrind/vgpreload_memcheck-amd64-linux.so)
==268755==    by 0x561679D: CRYPTO_zalloc (in /usr/lib/x86_64-linux-gnu/libcrypto.so.3)
==268755==    by 0x5665352: OPENSSL_sk_new_reserve (in /usr/lib/x86_64-linux-gnu/libcrypto.so.3)
==268755==    by 0x53DF31E: ??? (in /usr/lib/x86_64-linux-gnu/libssl.so.3)
==268755==    by 0x522BEE7: __pthread_once_slow (pthread_once.c:116)
==268755==    by 0x5621C9C: CRYPTO_THREAD_run_once (in /usr/lib/x86_64-linux-gnu/libcrypto.so.3)
==268755==    by 0x53E41CA: SSL_COMP_get_compression_methods (in /usr/lib/x86_64-linux-gnu/libssl.so.3)
==268755==    by 0x53F2DC1: ??? (in /usr/lib/x86_64-linux-gnu/libssl.so.3)
==268755==    by 0x522BEE7: __pthread_once_slow (pthread_once.c:116)
==268755==    by 0x5621C9C: CRYPTO_THREAD_run_once (in /usr/lib/x86_64-linux-gnu/libcrypto.so.3)
==268755==    by 0x53EB9E2: OPENSSL_init_ssl (in /usr/lib/x86_64-linux-gnu/libssl.so.3)
==268755==    by 0x488FB29: mysql_server_init (in /usr/lib/x86_64-linux-gnu/libmysqlclient.so.21.2.42)
==268755== 
==268755== 32 bytes in 1 blocks are still reachable in loss record 942 of 2,004
==268755==    at 0x4848899: malloc (in /usr/libexec/valgrind/vgpreload_memcheck-amd64-linux.so)
==268755==    by 0x5239D47: __libc_dynarray_emplace_enlarge (dynarray_emplace_enlarge.c:61)
==268755==    by 0x52E32EC: resolv_conf_array_add__ (dynarray-skeleton.c:281)
==268755==    by 0x52E32EC: resolv_conf_array_add (dynarray-skeleton.c:309)
==268755==    by 0x52E32EC: __resolv_conf_attach (resolv_conf.c:604)
==268755==    by 0x52DE3A7: __res_vinit (res_init.c:632)
==268755==    by 0x52E382F: maybe_init (resolv_context.c:122)
==268755==    by 0x52E382F: context_get (resolv_context.c:184)
==268755==    by 0x52E382F: context_get (resolv_context.c:176)
==268755==    by 0x52E382F: __resolv_context_get (resolv_context.c:195)
==268755==    by 0x529DC87: get_nss_addresses (getaddrinfo.c:617)
==268755==    by 0x529DC87: gaih_inet (getaddrinfo.c:1179)
==268755==    by 0x529DC87: getaddrinfo (getaddrinfo.c:2397)
==268755==    by 0x48A0B6B: ??? (in /usr/lib/x86_64-linux-gnu/libmysqlclient.so.21.2.42)
==268755==    by 0x48A3273: ??? (in /usr/lib/x86_64-linux-gnu/libmysqlclient.so.21.2.42)
==268755==    by 0x489EF82: mysql_real_connect (in /usr/lib/x86_64-linux-gnu/libmysqlclient.so.21.2.42)
==268755==    by 0x1EC2E1: cpp_dbc::MySQL::MySQLConnection::MySQLConnection(std::__cxx11::basic_string<char, std::char_traits<char>, std::allocator<char> > const&, int, std::__cxx11::basic_string<char, std::char_traits<char>, std::allocator<char> > const&, std::__cxx11::basic_string<char, std::char_traits<char>, std::allocator<char> > const&, std::__cxx11::basic_string<char, std::char_traits<char>, std::allocator<char> > const&) (driver_mysql.cpp:624)
==268755==    by 0x1F6A72: decltype (::new ((void*)(0)) cpp_dbc::MySQL::MySQLConnection((declval<std::__cxx11::basic_string<char, std::char_traits<char>, std::allocator<char> >&>)(), (declval<int&>)(), (declval<std::__cxx11::basic_string<char, std::char_traits<char>, std::allocator<char> >&>)(), (declval<std::__cxx11::basic_string<char, std::char_traits<char>, std::allocator<char> > const&>)(), (declval<std::__cxx11::basic_string<char, std::char_traits<char>, std::allocator<char> > const&>)())) std::construct_at<cpp_dbc::MySQL::MySQLConnection, std::__cxx11::basic_string<char, std::char_traits<char>, std::allocator<char> >&, int&, std::__cxx11::basic_string<char, std::char_traits<char>, std::allocator<char> >&, std::__cxx11::basic_string<char, std::char_traits<char>, std::allocator<char> > const&, std::__cxx11::basic_string<char, std::char_traits<char>, std::allocator<char> > const&>(cpp_dbc::MySQL::MySQLConnection*, std::__cxx11::basic_string<char, std::char_traits<char>, std::allocator<char> >&, int&, std::__cxx11::basic_string<char, std::char_traits<char>, std::allocator<char> >&, std::__cxx11::basic_string<char, std::char_traits<char>, std::allocator<char> > const&, std::__cxx11::basic_string<char, std::char_traits<char>, std::allocator<char> > const&) (stl_construct.h:97)
==268755==    by 0x1F6B2E: void std::allocator_traits<std::allocator<cpp_dbc::MySQL::MySQLConnection> >::construct<cpp_dbc::MySQL::MySQLConnection, std::__cxx11::basic_string<char, std::char_traits<char>, std::allocator<char> >&, int&, std::__cxx11::basic_string<char, std::char_traits<char>, std::allocator<char> >&, std::__cxx11::basic_string<char, std::char_traits<char>, std::allocator<char> > const&, std::__cxx11::basic_string<char, std::char_traits<char>, std::allocator<char> > const&>(std::allocator<cpp_dbc::MySQL::MySQLConnection>&, cpp_dbc::MySQL::MySQLConnection*, std::__cxx11::basic_string<char, std::char_traits<char>, std::allocator<char> >&, int&, std::__cxx11::basic_string<char, std::char_traits<char>, std::allocator<char> >&, std::__cxx11::basic_string<char, std::char_traits<char>, std::allocator<char> > const&, std::__cxx11::basic_string<char, std::char_traits<char>, std::allocator<char> > const&) (alloc_traits.h:518)
==268755== 
==268755== 32 bytes in 1 blocks are still reachable in loss record 943 of 2,004
==268755==    at 0x4848899: malloc (in /usr/libexec/valgrind/vgpreload_memcheck-amd64-linux.so)
==268755==    by 0x561679D: CRYPTO_zalloc (in /usr/lib/x86_64-linux-gnu/libcrypto.so.3)
==268755==    by 0x5665352: OPENSSL_sk_new_reserve (in /usr/lib/x86_64-linux-gnu/libcrypto.so.3)
==268755==    by 0x561C0DC: ??? (in /usr/lib/x86_64-linux-gnu/libcrypto.so.3)
==268755==    by 0x561C1CE: CRYPTO_get_ex_new_index (in /usr/lib/x86_64-linux-gnu/libcrypto.so.3)
==268755==    by 0x53DE872: ??? (in /usr/lib/x86_64-linux-gnu/libssl.so.3)
==268755==    by 0x522BEE7: __pthread_once_slow (pthread_once.c:116)
==268755==    by 0x5621C9C: CRYPTO_THREAD_run_once (in /usr/lib/x86_64-linux-gnu/libcrypto.so.3)
==268755==    by 0x53E1CFA: SSL_get_ex_data_X509_STORE_CTX_idx (in /usr/lib/x86_64-linux-gnu/libssl.so.3)
==268755==    by 0x53F4F83: SSL_CTX_new_ex (in /usr/lib/x86_64-linux-gnu/libssl.so.3)
==268755==    by 0x48F8280: ??? (in /usr/lib/x86_64-linux-gnu/libmysqlclient.so.21.2.42)
==268755==    by 0x489A042: ??? (in /usr/lib/x86_64-linux-gnu/libmysqlclient.so.21.2.42)
==268755== 
==268755== 32 bytes in 1 blocks are still reachable in loss record 944 of 2,004
==268755==    at 0x4848899: malloc (in /usr/libexec/valgrind/vgpreload_memcheck-amd64-linux.so)
==268755==    by 0x561679D: CRYPTO_zalloc (in /usr/lib/x86_64-linux-gnu/libcrypto.so.3)
==268755==    by 0x5663872: ??? (in /usr/lib/x86_64-linux-gnu/libcrypto.so.3)
==268755==    by 0x5663952: OPENSSL_sk_insert (in /usr/lib/x86_64-linux-gnu/libcrypto.so.3)
==268755==    by 0x561C0EF: ??? (in /usr/lib/x86_64-linux-gnu/libcrypto.so.3)
==268755==    by 0x561C1CE: CRYPTO_get_ex_new_index (in /usr/lib/x86_64-linux-gnu/libcrypto.so.3)
==268755==    by 0x53DE872: ??? (in /usr/lib/x86_64-linux-gnu/libssl.so.3)
==268755==    by 0x522BEE7: __pthread_once_slow (pthread_once.c:116)
==268755==    by 0x5621C9C: CRYPTO_THREAD_run_once (in /usr/lib/x86_64-linux-gnu/libcrypto.so.3)
==268755==    by 0x53E1CFA: SSL_get_ex_data_X509_STORE_CTX_idx (in /usr/lib/x86_64-linux-gnu/libssl.so.3)
==268755==    by 0x53F4F83: SSL_CTX_new_ex (in /usr/lib/x86_64-linux-gnu/libssl.so.3)
==268755==    by 0x48F8280: ??? (in /usr/lib/x86_64-linux-gnu/libmysqlclient.so.21.2.42)
==268755== 
==268755== 32 bytes in 1 blocks are still reachable in loss record 945 of 2,004
==268755==    at 0x4848899: malloc (in /usr/libexec/valgrind/vgpreload_memcheck-amd64-linux.so)
==268755==    by 0x561679D: CRYPTO_zalloc (in /usr/lib/x86_64-linux-gnu/libcrypto.so.3)
==268755==    by 0x56462CB: ??? (in /usr/lib/x86_64-linux-gnu/libcrypto.so.3)
==268755==    by 0x5614C2D: ??? (in /usr/lib/x86_64-linux-gnu/libcrypto.so.3)
==268755==    by 0x561A924: ??? (in /usr/lib/x86_64-linux-gnu/libcrypto.so.3)
==268755==    by 0x5614FB8: ??? (in /usr/lib/x86_64-linux-gnu/libcrypto.so.3)
==268755==    by 0x56F4A60: ??? (in /usr/lib/x86_64-linux-gnu/libcrypto.so.3)
==268755==    by 0x55EC302: EVP_CIPHER_fetch (in /usr/lib/x86_64-linux-gnu/libcrypto.so.3)
==268755==    by 0x53F137A: ??? (in /usr/lib/x86_64-linux-gnu/libssl.so.3)
==268755==    by 0x53F5161: SSL_CTX_new_ex (in /usr/lib/x86_64-linux-gnu/libssl.so.3)
==268755==    by 0x48F8280: ??? (in /usr/lib/x86_64-linux-gnu/libmysqlclient.so.21.2.42)
==268755==    by 0x489A042: ??? (in /usr/lib/x86_64-linux-gnu/libmysqlclient.so.21.2.42)
==268755== 
==268755== 32 bytes in 1 blocks are still reachable in loss record 946 of 2,004
==268755==    at 0x4848899: malloc (in /usr/libexec/valgrind/vgpreload_memcheck-amd64-linux.so)
==268755==    by 0x561679D: CRYPTO_zalloc (in /usr/lib/x86_64-linux-gnu/libcrypto.so.3)
==268755==    by 0x5615A3B: ??? (in /usr/lib/x86_64-linux-gnu/libcrypto.so.3)
==268755==    by 0x5614C2D: ??? (in /usr/lib/x86_64-linux-gnu/libcrypto.so.3)
==268755==    by 0x561A924: ??? (in /usr/lib/x86_64-linux-gnu/libcrypto.so.3)
==268755==    by 0x5614FB8: ??? (in /usr/lib/x86_64-linux-gnu/libcrypto.so.3)
==268755==    by 0x5615AF2: ??? (in /usr/lib/x86_64-linux-gnu/libcrypto.so.3)
==268755==    by 0x56F4A6B: ??? (in /usr/lib/x86_64-linux-gnu/libcrypto.so.3)
==268755==    by 0x55EC302: EVP_CIPHER_fetch (in /usr/lib/x86_64-linux-gnu/libcrypto.so.3)
==268755==    by 0x53F137A: ??? (in /usr/lib/x86_64-linux-gnu/libssl.so.3)
==268755==    by 0x53F5161: SSL_CTX_new_ex (in /usr/lib/x86_64-linux-gnu/libssl.so.3)
==268755==    by 0x48F8280: ??? (in /usr/lib/x86_64-linux-gnu/libmysqlclient.so.21.2.42)
==268755== 
==268755== 32 bytes in 1 blocks are still reachable in loss record 947 of 2,004
==268755==    at 0x4848899: malloc (in /usr/libexec/valgrind/vgpreload_memcheck-amd64-linux.so)
==268755==    by 0x561679D: CRYPTO_zalloc (in /usr/lib/x86_64-linux-gnu/libcrypto.so.3)
==268755==    by 0x5665352: OPENSSL_sk_new_reserve (in /usr/lib/x86_64-linux-gnu/libcrypto.so.3)
==268755==    by 0x5628BB7: ??? (in /usr/lib/x86_64-linux-gnu/libcrypto.so.3)
==268755==    by 0x5614C2D: ??? (in /usr/lib/x86_64-linux-gnu/libcrypto.so.3)
==268755==    by 0x561A924: ??? (in /usr/lib/x86_64-linux-gnu/libcrypto.so.3)
==268755==    by 0x5614FB8: ??? (in /usr/lib/x86_64-linux-gnu/libcrypto.so.3)
==268755==    by 0x562AB4C: ??? (in /usr/lib/x86_64-linux-gnu/libcrypto.so.3)
==268755==    by 0x56F44E7: ??? (in /usr/lib/x86_64-linux-gnu/libcrypto.so.3)
==268755==    by 0x56F4B3D: ??? (in /usr/lib/x86_64-linux-gnu/libcrypto.so.3)
==268755==    by 0x55EC302: EVP_CIPHER_fetch (in /usr/lib/x86_64-linux-gnu/libcrypto.so.3)
==268755==    by 0x53F137A: ??? (in /usr/lib/x86_64-linux-gnu/libssl.so.3)
==268755== 
==268755== 32 bytes in 1 blocks are still reachable in loss record 948 of 2,004
==268755==    at 0x4848899: malloc (in /usr/libexec/valgrind/vgpreload_memcheck-amd64-linux.so)
==268755==    by 0x561679D: CRYPTO_zalloc (in /usr/lib/x86_64-linux-gnu/libcrypto.so.3)
==268755==    by 0x5665352: OPENSSL_sk_new_reserve (in /usr/lib/x86_64-linux-gnu/libcrypto.so.3)
==268755==    by 0x5628BD5: ??? (in /usr/lib/x86_64-linux-gnu/libcrypto.so.3)
==268755==    by 0x5614C2D: ??? (in /usr/lib/x86_64-linux-gnu/libcrypto.so.3)
==268755==    by 0x561A924: ??? (in /usr/lib/x86_64-linux-gnu/libcrypto.so.3)
==268755==    by 0x5614FB8: ??? (in /usr/lib/x86_64-linux-gnu/libcrypto.so.3)
==268755==    by 0x562AB4C: ??? (in /usr/lib/x86_64-linux-gnu/libcrypto.so.3)
==268755==    by 0x56F44E7: ??? (in /usr/lib/x86_64-linux-gnu/libcrypto.so.3)
==268755==    by 0x56F4B3D: ??? (in /usr/lib/x86_64-linux-gnu/libcrypto.so.3)
==268755==    by 0x55EC302: EVP_CIPHER_fetch (in /usr/lib/x86_64-linux-gnu/libcrypto.so.3)
==268755==    by 0x53F137A: ??? (in /usr/lib/x86_64-linux-gnu/libssl.so.3)
==268755== 
==268755== 32 bytes in 1 blocks are still reachable in loss record 949 of 2,004
==268755==    at 0x4848899: malloc (in /usr/libexec/valgrind/vgpreload_memcheck-amd64-linux.so)
==268755==    by 0x56651B5: OPENSSL_sk_deep_copy (in /usr/lib/x86_64-linux-gnu/libcrypto.so.3)
==268755==    by 0x562989A: ??? (in /usr/lib/x86_64-linux-gnu/libcrypto.so.3)
==268755==    by 0x562AA88: ??? (in /usr/lib/x86_64-linux-gnu/libcrypto.so.3)
==268755==    by 0x562AB70: ??? (in /usr/lib/x86_64-linux-gnu/libcrypto.so.3)
==268755==    by 0x56F44E7: ??? (in /usr/lib/x86_64-linux-gnu/libcrypto.so.3)
==268755==    by 0x56F4B3D: ??? (in /usr/lib/x86_64-linux-gnu/libcrypto.so.3)
==268755==    by 0x55EC302: EVP_CIPHER_fetch (in /usr/lib/x86_64-linux-gnu/libcrypto.so.3)
==268755==    by 0x53F137A: ??? (in /usr/lib/x86_64-linux-gnu/libssl.so.3)
==268755==    by 0x53F5161: SSL_CTX_new_ex (in /usr/lib/x86_64-linux-gnu/libssl.so.3)
==268755==    by 0x48F8280: ??? (in /usr/lib/x86_64-linux-gnu/libmysqlclient.so.21.2.42)
==268755==    by 0x489A042: ??? (in /usr/lib/x86_64-linux-gnu/libmysqlclient.so.21.2.42)
==268755== 
==268755== 32 bytes in 1 blocks are still reachable in loss record 950 of 2,004
==268755==    at 0x4848899: malloc (in /usr/libexec/valgrind/vgpreload_memcheck-amd64-linux.so)
==268755==    by 0x561679D: CRYPTO_zalloc (in /usr/lib/x86_64-linux-gnu/libcrypto.so.3)
==268755==    by 0x5663872: ??? (in /usr/lib/x86_64-linux-gnu/libcrypto.so.3)
==268755==    by 0x5663952: OPENSSL_sk_insert (in /usr/lib/x86_64-linux-gnu/libcrypto.so.3)
==268755==    by 0x562AABF: ??? (in /usr/lib/x86_64-linux-gnu/libcrypto.so.3)
==268755==    by 0x562AB70: ??? (in /usr/lib/x86_64-linux-gnu/libcrypto.so.3)
==268755==    by 0x56F44E7: ??? (in /usr/lib/x86_64-linux-gnu/libcrypto.so.3)
==268755==    by 0x56F4B3D: ??? (in /usr/lib/x86_64-linux-gnu/libcrypto.so.3)
==268755==    by 0x55EC302: EVP_CIPHER_fetch (in /usr/lib/x86_64-linux-gnu/libcrypto.so.3)
==268755==    by 0x53F137A: ??? (in /usr/lib/x86_64-linux-gnu/libssl.so.3)
==268755==    by 0x53F5161: SSL_CTX_new_ex (in /usr/lib/x86_64-linux-gnu/libssl.so.3)
==268755==    by 0x48F8280: ??? (in /usr/lib/x86_64-linux-gnu/libmysqlclient.so.21.2.42)
==268755== 
==268755== 32 bytes in 1 blocks are still reachable in loss record 951 of 2,004
==268755==    at 0x4848899: malloc (in /usr/libexec/valgrind/vgpreload_memcheck-amd64-linux.so)
==268755==    by 0x56475A9: ??? (in /usr/lib/x86_64-linux-gnu/libcrypto.so.3)
==268755==    by 0x564784E: ??? (in /usr/lib/x86_64-linux-gnu/libcrypto.so.3)
==268755==    by 0x5647CB2: ??? (in /usr/lib/x86_64-linux-gnu/libcrypto.so.3)
==268755==    by 0x55EBA69: ??? (in /usr/lib/x86_64-linux-gnu/libcrypto.so.3)
==268755==    by 0x560B85B: ??? (in /usr/lib/x86_64-linux-gnu/libcrypto.so.3)
==268755==    by 0x560B71B: ??? (in /usr/lib/x86_64-linux-gnu/libcrypto.so.3)
==268755==    by 0x562AD6A: ??? (in /usr/lib/x86_64-linux-gnu/libcrypto.so.3)
==268755==    by 0x56F44E7: ??? (in /usr/lib/x86_64-linux-gnu/libcrypto.so.3)
==268755==    by 0x56F4B3D: ??? (in /usr/lib/x86_64-linux-gnu/libcrypto.so.3)
==268755==    by 0x55EC302: EVP_CIPHER_fetch (in /usr/lib/x86_64-linux-gnu/libcrypto.so.3)
==268755==    by 0x53F137A: ??? (in /usr/lib/x86_64-linux-gnu/libssl.so.3)
==268755== 
==268755== 32 bytes in 1 blocks are still reachable in loss record 952 of 2,004
==268755==    at 0x4848899: malloc (in /usr/libexec/valgrind/vgpreload_memcheck-amd64-linux.so)
==268755==    by 0x561679D: CRYPTO_zalloc (in /usr/lib/x86_64-linux-gnu/libcrypto.so.3)
==268755==    by 0x56462CB: ??? (in /usr/lib/x86_64-linux-gnu/libcrypto.so.3)
==268755==    by 0x5614C2D: ??? (in /usr/lib/x86_64-linux-gnu/libcrypto.so.3)
==268755==    by 0x561A924: ??? (in /usr/lib/x86_64-linux-gnu/libcrypto.so.3)
==268755==    by 0x5614FB8: ??? (in /usr/lib/x86_64-linux-gnu/libcrypto.so.3)
==268755==    by 0x56F532E: ??? (in /usr/lib/x86_64-linux-gnu/libcrypto.so.3)
==268755==    by 0x55C0470: OSSL_DECODER_do_all_provided (in /usr/lib/x86_64-linux-gnu/libcrypto.so.3)
==268755==    by 0x55CD84B: OSSL_DECODER_CTX_new_for_pkey (in /usr/lib/x86_64-linux-gnu/libcrypto.so.3)
==268755==    by 0x569FB23: ??? (in /usr/lib/x86_64-linux-gnu/libcrypto.so.3)
==268755==    by 0x552DB9A: ??? (in /usr/lib/x86_64-linux-gnu/libcrypto.so.3)
==268755==    by 0x552F3E7: ??? (in /usr/lib/x86_64-linux-gnu/libcrypto.so.3)
==268755== 
==268755== 32 bytes in 1 blocks are still reachable in loss record 953 of 2,004
==268755==    at 0x4848899: malloc (in /usr/libexec/valgrind/vgpreload_memcheck-amd64-linux.so)
==268755==    by 0x561679D: CRYPTO_zalloc (in /usr/lib/x86_64-linux-gnu/libcrypto.so.3)
==268755==    by 0x56462CB: ??? (in /usr/lib/x86_64-linux-gnu/libcrypto.so.3)
==268755==    by 0x5614C2D: ??? (in /usr/lib/x86_64-linux-gnu/libcrypto.so.3)
==268755==    by 0x561A924: ??? (in /usr/lib/x86_64-linux-gnu/libcrypto.so.3)
==268755==    by 0x5614FB8: ??? (in /usr/lib/x86_64-linux-gnu/libcrypto.so.3)
==268755==    by 0x56F45D8: ??? (in /usr/lib/x86_64-linux-gnu/libcrypto.so.3)
==268755==    by 0x5666F9E: OSSL_STORE_LOADER_fetch (in /usr/lib/x86_64-linux-gnu/libcrypto.so.3)
==268755==    by 0x566B2F7: OSSL_STORE_open_ex (in /usr/lib/x86_64-linux-gnu/libcrypto.so.3)
==268755==    by 0x5675379: ??? (in /usr/lib/x86_64-linux-gnu/libcrypto.so.3)
==268755==    by 0x56755FB: ??? (in /usr/lib/x86_64-linux-gnu/libcrypto.so.3)
==268755==    by 0x569035D: X509_STORE_CTX_get_by_subject (in /usr/lib/x86_64-linux-gnu/libcrypto.so.3)
==268755== 
==268755== 32 bytes in 1 blocks are still reachable in loss record 954 of 2,004
==268755==    at 0x4848899: malloc (in /usr/libexec/valgrind/vgpreload_memcheck-amd64-linux.so)
==268755==    by 0x561679D: CRYPTO_zalloc (in /usr/lib/x86_64-linux-gnu/libcrypto.so.3)
==268755==    by 0x5665352: OPENSSL_sk_new_reserve (in /usr/lib/x86_64-linux-gnu/libcrypto.so.3)
==268755==    by 0x5647EF2: ??? (in /usr/lib/x86_64-linux-gnu/libcrypto.so.3)
==268755==    by 0x5666904: ??? (in /usr/lib/x86_64-linux-gnu/libcrypto.so.3)
==268755==    by 0x560B85B: ??? (in /usr/lib/x86_64-linux-gnu/libcrypto.so.3)
==268755==    by 0x560B71B: ??? (in /usr/lib/x86_64-linux-gnu/libcrypto.so.3)
==268755==    by 0x562AD6A: ??? (in /usr/lib/x86_64-linux-gnu/libcrypto.so.3)
==268755==    by 0x56F44E7: ??? (in /usr/lib/x86_64-linux-gnu/libcrypto.so.3)
==268755==    by 0x56F49C6: ??? (in /usr/lib/x86_64-linux-gnu/libcrypto.so.3)
==268755==    by 0x5666F9E: OSSL_STORE_LOADER_fetch (in /usr/lib/x86_64-linux-gnu/libcrypto.so.3)
==268755==    by 0x566B2F7: OSSL_STORE_open_ex (in /usr/lib/x86_64-linux-gnu/libcrypto.so.3)
==268755== 
==268755== 32 bytes in 1 blocks are still reachable in loss record 955 of 2,004
==268755==    at 0x4848899: malloc (in /usr/libexec/valgrind/vgpreload_memcheck-amd64-linux.so)
==268755==    by 0x561679D: CRYPTO_zalloc (in /usr/lib/x86_64-linux-gnu/libcrypto.so.3)
==268755==    by 0x5663872: ??? (in /usr/lib/x86_64-linux-gnu/libcrypto.so.3)
==268755==    by 0x5663952: OPENSSL_sk_insert (in /usr/lib/x86_64-linux-gnu/libcrypto.so.3)
==268755==    by 0x5647EAA: ??? (in /usr/lib/x86_64-linux-gnu/libcrypto.so.3)
==268755==    by 0x5666904: ??? (in /usr/lib/x86_64-linux-gnu/libcrypto.so.3)
==268755==    by 0x560B85B: ??? (in /usr/lib/x86_64-linux-gnu/libcrypto.so.3)
==268755==    by 0x560B71B: ??? (in /usr/lib/x86_64-linux-gnu/libcrypto.so.3)
==268755==    by 0x562AD6A: ??? (in /usr/lib/x86_64-linux-gnu/libcrypto.so.3)
==268755==    by 0x56F44E7: ??? (in /usr/lib/x86_64-linux-gnu/libcrypto.so.3)
==268755==    by 0x56F49C6: ??? (in /usr/lib/x86_64-linux-gnu/libcrypto.so.3)
==268755==    by 0x5666F9E: OSSL_STORE_LOADER_fetch (in /usr/lib/x86_64-linux-gnu/libcrypto.so.3)
==268755== 
==268755== 32 bytes in 1 blocks are still reachable in loss record 956 of 2,004
==268755==    at 0x4849013: operator new(unsigned long) (in /usr/libexec/valgrind/vgpreload_memcheck-amd64-linux.so)
==268755==    by 0x488F94E: mysql_server_init (in /usr/lib/x86_64-linux-gnu/libmysqlclient.so.21.2.42)
==268755==    by 0x489F6EE: mysql_init (in /usr/lib/x86_64-linux-gnu/libmysqlclient.so.21.2.42)
==268755==    by 0x1EC1CA: cpp_dbc::MySQL::MySQLConnection::MySQLConnection(std::__cxx11::basic_string<char, std::char_traits<char>, std::allocator<char> > const&, int, std::__cxx11::basic_string<char, std::char_traits<char>, std::allocator<char> > const&, std::__cxx11::basic_string<char, std::char_traits<char>, std::allocator<char> > const&, std::__cxx11::basic_string<char, std::char_traits<char>, std::allocator<char> > const&) (driver_mysql.cpp:613)
==268755==    by 0x1F6A72: decltype (::new ((void*)(0)) cpp_dbc::MySQL::MySQLConnection((declval<std::__cxx11::basic_string<char, std::char_traits<char>, std::allocator<char> >&>)(), (declval<int&>)(), (declval<std::__cxx11::basic_string<char, std::char_traits<char>, std::allocator<char> >&>)(), (declval<std::__cxx11::basic_string<char, std::char_traits<char>, std::allocator<char> > const&>)(), (declval<std::__cxx11::basic_string<char, std::char_traits<char>, std::allocator<char> > const&>)())) std::construct_at<cpp_dbc::MySQL::MySQLConnection, std::__cxx11::basic_string<char, std::char_traits<char>, std::allocator<char> >&, int&, std::__cxx11::basic_string<char, std::char_traits<char>, std::allocator<char> >&, std::__cxx11::basic_string<char, std::char_traits<char>, std::allocator<char> > const&, std::__cxx11::basic_string<char, std::char_traits<char>, std::allocator<char> > const&>(cpp_dbc::MySQL::MySQLConnection*, std::__cxx11::basic_string<char, std::char_traits<char>, std::allocator<char> >&, int&, std::__cxx11::basic_string<char, std::char_traits<char>, std::allocator<char> >&, std::__cxx11::basic_string<char, std::char_traits<char>, std::allocator<char> > const&, std::__cxx11::basic_string<char, std::char_traits<char>, std::allocator<char> > const&) (stl_construct.h:97)
==268755==    by 0x1F6B2E: void std::allocator_traits<std::allocator<cpp_dbc::MySQL::MySQLConnection> >::construct<cpp_dbc::MySQL::MySQLConnection, std::__cxx11::basic_string<char, std::char_traits<char>, std::allocator<char> >&, int&, std::__cxx11::basic_string<char, std::char_traits<char>, std::allocator<char> >&, std::__cxx11::basic_string<char, std::char_traits<char>, std::allocator<char> > const&, std::__cxx11::basic_string<char, std::char_traits<char>, std::allocator<char> > const&>(std::allocator<cpp_dbc::MySQL::MySQLConnection>&, cpp_dbc::MySQL::MySQLConnection*, std::__cxx11::basic_string<char, std::char_traits<char>, std::allocator<char> >&, int&, std::__cxx11::basic_string<char, std::char_traits<char>, std::allocator<char> >&, std::__cxx11::basic_string<char, std::char_traits<char>, std::allocator<char> > const&, std::__cxx11::basic_string<char, std::char_traits<char>, std::allocator<char> > const&) (alloc_traits.h:518)
==268755==    by 0x1F602C: std::_Sp_counted_ptr_inplace<cpp_dbc::MySQL::MySQLConnection, std::allocator<cpp_dbc::MySQL::MySQLConnection>, (__gnu_cxx::_Lock_policy)2>::_Sp_counted_ptr_inplace<std::__cxx11::basic_string<char, std::char_traits<char>, std::allocator<char> >&, int&, std::__cxx11::basic_string<char, std::char_traits<char>, std::allocator<char> >&, std::__cxx11::basic_string<char, std::char_traits<char>, std::allocator<char> > const&, std::__cxx11::basic_string<char, std::char_traits<char>, std::allocator<char> > const&>(std::allocator<cpp_dbc::MySQL::MySQLConnection>, std::__cxx11::basic_string<char, std::char_traits<char>, std::allocator<char> >&, int&, std::__cxx11::basic_string<char, std::char_traits<char>, std::allocator<char> >&, std::__cxx11::basic_string<char, std::char_traits<char>, std::allocator<char> > const&, std::__cxx11::basic_string<char, std::char_traits<char>, std::allocator<char> > const&) (shared_ptr_base.h:519)
==268755==    by 0x1F4FF2: std::__shared_count<(__gnu_cxx::_Lock_policy)2>::__shared_count<cpp_dbc::MySQL::MySQLConnection, std::allocator<cpp_dbc::MySQL::MySQLConnection>, std::__cxx11::basic_string<char, std::char_traits<char>, std::allocator<char> >&, int&, std::__cxx11::basic_string<char, std::char_traits<char>, std::allocator<char> >&, std::__cxx11::basic_string<char, std::char_traits<char>, std::allocator<char> > const&, std::__cxx11::basic_string<char, std::char_traits<char>, std::allocator<char> > const&>(cpp_dbc::MySQL::MySQLConnection*&, std::_Sp_alloc_shared_tag<std::allocator<cpp_dbc::MySQL::MySQLConnection> >, std::__cxx11::basic_string<char, std::char_traits<char>, std::allocator<char> >&, int&, std::__cxx11::basic_string<char, std::char_traits<char>, std::allocator<char> >&, std::__cxx11::basic_string<char, std::char_traits<char>, std::allocator<char> > const&, std::__cxx11::basic_string<char, std::char_traits<char>, std::allocator<char> > const&) (shared_ptr_base.h:650)
==268755==    by 0x1F42B5: std::__shared_ptr<cpp_dbc::MySQL::MySQLConnection, (__gnu_cxx::_Lock_policy)2>::__shared_ptr<std::allocator<cpp_dbc::MySQL::MySQLConnection>, std::__cxx11::basic_string<char, std::char_traits<char>, std::allocator<char> >&, int&, std::__cxx11::basic_string<char, std::char_traits<char>, std::allocator<char> >&, std::__cxx11::basic_string<char, std::char_traits<char>, std::allocator<char> > const&, std::__cxx11::basic_string<char, std::char_traits<char>, std::allocator<char> > const&>(std::_Sp_alloc_shared_tag<std::allocator<cpp_dbc::MySQL::MySQLConnection> >, std::__cxx11::basic_string<char, std::char_traits<char>, std::allocator<char> >&, int&, std::__cxx11::basic_string<char, std::char_traits<char>, std::allocator<char> >&, std::__cxx11::basic_string<char, std::char_traits<char>, std::allocator<char> > const&, std::__cxx11::basic_string<char, std::char_traits<char>, std::allocator<char> > const&) (shared_ptr_base.h:1342)
==268755==    by 0x1F3358: std::shared_ptr<cpp_dbc::MySQL::MySQLConnection>::shared_ptr<std::allocator<cpp_dbc::MySQL::MySQLConnection>, std::__cxx11::basic_string<char, std::char_traits<char>, std::allocator<char> >&, int&, std::__cxx11::basic_string<char, std::char_traits<char>, std::allocator<char> >&, std::__cxx11::basic_string<char, std::char_traits<char>, std::allocator<char> > const&, std::__cxx11::basic_string<char, std::char_traits<char>, std::allocator<char> > const&>(std::_Sp_alloc_shared_tag<std::allocator<cpp_dbc::MySQL::MySQLConnection> >, std::__cxx11::basic_string<char, std::char_traits<char>, std::allocator<char> >&, int&, std::__cxx11::basic_string<char, std::char_traits<char>, std::allocator<char> >&, std::__cxx11::basic_string<char, std::char_traits<char>, std::allocator<char> > const&, std::__cxx11::basic_string<char, std::char_traits<char>, std::allocator<char> > const&) (shared_ptr.h:409)
==268755==    by 0x1F1DAF: std::shared_ptr<cpp_dbc::MySQL::MySQLConnection> std::allocate_shared<cpp_dbc::MySQL::MySQLConnection, std::allocator<cpp_dbc::MySQL::MySQLConnection>, std::__cxx11::basic_string<char, std::char_traits<char>, std::allocator<char> >&, int&, std::__cxx11::basic_string<char, std::char_traits<char>, std::allocator<char> >&, std::__cxx11::basic_string<char, std::char_traits<char>, std::allocator<char> > const&, std::__cxx11::basic_string<char, std::char_traits<char>, std::allocator<char> > const&>(std::allocator<cpp_dbc::MySQL::MySQLConnection> const&, std::__cxx11::basic_string<char, std::char_traits<char>, std::allocator<char> >&, int&, std::__cxx11::basic_string<char, std::char_traits<char>, std::allocator<char> >&, std::__cxx11::basic_string<char, std::char_traits<char>, std::allocator<char> > const&, std::__cxx11::basic_string<char, std::char_traits<char>, std::allocator<char> > const&) (shared_ptr.h:863)
==268755==    by 0x1F0024: std::shared_ptr<cpp_dbc::MySQL::MySQLConnection> std::make_shared<cpp_dbc::MySQL::MySQLConnection, std::__cxx11::basic_string<char, std::char_traits<char>, std::allocator<char> >&, int&, std::__cxx11::basic_string<char, std::char_traits<char>, std::allocator<char> >&, std::__cxx11::basic_string<char, std::char_traits<char>, std::allocator<char> > const&, std::__cxx11::basic_string<char, std::char_traits<char>, std::allocator<char> > const&>(std::__cxx11::basic_string<char, std::char_traits<char>, std::allocator<char> >&, int&, std::__cxx11::basic_string<char, std::char_traits<char>, std::allocator<char> >&, std::__cxx11::basic_string<char, std::char_traits<char>, std::allocator<char> > const&, std::__cxx11::basic_string<char, std::char_traits<char>, std::allocator<char> > const&) (shared_ptr.h:879)
==268755== 
==268755== 32 bytes in 1 blocks are still reachable in loss record 957 of 2,004
==268755==    at 0x4849013: operator new(unsigned long) (in /usr/libexec/valgrind/vgpreload_memcheck-amd64-linux.so)
==268755==    by 0x130468: __gnu_cxx::new_allocator<char>::allocate(unsigned long, void const*) (new_allocator.h:127)
==268755==    by 0x12F934: allocate (allocator.h:185)
==268755==    by 0x12F934: std::allocator_traits<std::allocator<char> >::allocate(std::allocator<char>&, unsigned long) (alloc_traits.h:464)
==268755==    by 0x12FCCD: std::__cxx11::basic_string<char, std::char_traits<char>, std::allocator<char> >::_M_create(unsigned long&, unsigned long) (basic_string.tcc:153)
==268755==    by 0x138C8E: void std::__cxx11::basic_string<char, std::char_traits<char>, std::allocator<char> >::_M_construct<char*>(char*, char*, std::forward_iterator_tag) (basic_string.tcc:219)
==268755==    by 0x138039: void std::__cxx11::basic_string<char, std::char_traits<char>, std::allocator<char> >::_M_construct_aux<char*>(char*, char*, std::__false_type) (basic_string.h:255)
==268755==    by 0x136D88: void std::__cxx11::basic_string<char, std::char_traits<char>, std::allocator<char> >::_M_construct<char*>(char*, char*) (basic_string.h:274)
==268755==    by 0x135B15: std::__cxx11::basic_string<char, std::char_traits<char>, std::allocator<char> >::basic_string(std::__cxx11::basic_string<char, std::char_traits<char>, std::allocator<char> > const&) (basic_string.h:459)
==268755==    by 0x13534F: YAML::as_if<std::__cxx11::basic_string<char, std::char_traits<char>, std::allocator<char> >, void>::operator()() const (impl.h:147)
==268755==    by 0x136507: std::__cxx11::basic_string<char, std::char_traits<char>, std::allocator<char> > YAML::Node::as<std::__cxx11::basic_string<char, std::char_traits<char>, std::allocator<char> > >() const (impl.h:156)
==268755==    by 0x1B39F6: CATCH2_INTERNAL_TEST_0() (test_mysql_real.cpp:123)
==268755==    by 0x261743: Catch::TestInvokerAsFunction::invoke() const (catch_test_case_registry_impl.cpp:149)
==268755== 
==268755== 32 bytes in 1 blocks are still reachable in loss record 958 of 2,004
==268755==    at 0x4848899: malloc (in /usr/libexec/valgrind/vgpreload_memcheck-amd64-linux.so)
==268755==    by 0x561E58A: ??? (in /usr/lib/x86_64-linux-gnu/libcrypto.so.3)
==268755==    by 0x55CC314: ??? (in /usr/lib/x86_64-linux-gnu/libcrypto.so.3)
==268755==    by 0x55CCF6E: ERR_new (in /usr/lib/x86_64-linux-gnu/libcrypto.so.3)
==268755==    by 0x5407F14: ??? (in /usr/lib/x86_64-linux-gnu/libssl.so.3)
==268755==    by 0x540A71A: ??? (in /usr/lib/x86_64-linux-gnu/libssl.so.3)
==268755==    by 0x540AAE4: ??? (in /usr/lib/x86_64-linux-gnu/libssl.so.3)
==268755==    by 0x53EE266: SSL_write (in /usr/lib/x86_64-linux-gnu/libssl.so.3)
==268755==    by 0x48E228F: ??? (in /usr/lib/x86_64-linux-gnu/libmysqlclient.so.21.2.42)
==268755==    by 0x48ABA31: ??? (in /usr/lib/x86_64-linux-gnu/libmysqlclient.so.21.2.42)
==268755==    by 0x48ABFEE: ??? (in /usr/lib/x86_64-linux-gnu/libmysqlclient.so.21.2.42)
==268755==    by 0x489646D: ??? (in /usr/lib/x86_64-linux-gnu/libmysqlclient.so.21.2.42)
==268755== 
==268755== 32 bytes in 2 blocks are still reachable in loss record 959 of 2,004
==268755==    at 0x4849013: operator new(unsigned long) (in /usr/libexec/valgrind/vgpreload_memcheck-amd64-linux.so)
==268755==    by 0x2E8BDC: YAML::detail::node::node() (node.h:27)
==268755==    by 0x2E896A: YAML::detail::memory::create_node() (memory.cpp:17)
==268755==    by 0x1348BD: YAML::detail::memory_holder::create_node() (memory.h:38)
==268755==    by 0x3103BB: YAML::NodeBuilder::Push(YAML::Mark const&, unsigned long) (nodebuilder.cpp:81)
==268755==    by 0x3102D2: YAML::NodeBuilder::OnMapStart(YAML::Mark const&, std::__cxx11::basic_string<char, std::char_traits<char>, std::allocator<char> > const&, unsigned long, YAML::EmitterStyle::value) (nodebuilder.cpp:67)
==268755==    by 0x306B16: YAML::SingleDocParser::HandleNode(YAML::EventHandler&) (singledocparser.cpp:127)
==268755==    by 0x307975: YAML::SingleDocParser::HandleBlockMap(YAML::EventHandler&) (singledocparser.cpp:281)
==268755==    by 0x30762F: YAML::SingleDocParser::HandleMap(YAML::EventHandler&) (singledocparser.cpp:235)
==268755==    by 0x306B2F: YAML::SingleDocParser::HandleNode(YAML::EventHandler&) (singledocparser.cpp:128)
==268755==    by 0x3063EC: YAML::SingleDocParser::HandleDocument(YAML::EventHandler&) (singledocparser.cpp:41)
==268755==    by 0x2F3828: YAML::Parser::HandleNextDocument(YAML::EventHandler&) (parser.cpp:37)
==268755== 
==268755== 32 bytes in 4 blocks are still reachable in loss record 960 of 2,004
==268755==    at 0x4849013: operator new(unsigned long) (in /usr/libexec/valgrind/vgpreload_memcheck-amd64-linux.so)
==268755==    by 0x1F5449: __gnu_cxx::new_allocator<int>::allocate(unsigned long, void const*) (new_allocator.h:127)
==268755==    by 0x1F382B: allocate (allocator.h:185)
==268755==    by 0x1F382B: std::allocator_traits<std::allocator<int> >::allocate(std::allocator<int>&, unsigned long) (alloc_traits.h:464)
==268755==    by 0x1F24E3: std::_Vector_base<int, std::allocator<int> >::_M_allocate(unsigned long) (stl_vector.h:346)
==268755==    by 0x1F0C77: std::vector<int, std::allocator<int> >::_M_default_append(unsigned long) (vector.tcc:635)
==268755==    by 0x1EF680: std::vector<int, std::allocator<int> >::resize(unsigned long) (stl_vector.h:940)
==268755==    by 0x1E9DC5: cpp_dbc::MySQL::MySQLPreparedStatement::MySQLPreparedStatement(MYSQL*, std::__cxx11::basic_string<char, std::char_traits<char>, std::allocator<char> > const&) (driver_mysql.cpp:283)
==268755==    by 0x1F66A8: decltype (::new ((void*)(0)) cpp_dbc::MySQL::MySQLPreparedStatement((declval<MYSQL*&>)(), (declval<std::__cxx11::basic_string<char, std::char_traits<char>, std::allocator<char> > const&>)())) std::construct_at<cpp_dbc::MySQL::MySQLPreparedStatement, MYSQL*&, std::__cxx11::basic_string<char, std::char_traits<char>, std::allocator<char> > const&>(cpp_dbc::MySQL::MySQLPreparedStatement*, MYSQL*&, std::__cxx11::basic_string<char, std::char_traits<char>, std::allocator<char> > const&) (stl_construct.h:97)
==268755==    by 0x1F6724: void std::allocator_traits<std::allocator<cpp_dbc::MySQL::MySQLPreparedStatement> >::construct<cpp_dbc::MySQL::MySQLPreparedStatement, MYSQL*&, std::__cxx11::basic_string<char, std::char_traits<char>, std::allocator<char> > const&>(std::allocator<cpp_dbc::MySQL::MySQLPreparedStatement>&, cpp_dbc::MySQL::MySQLPreparedStatement*, MYSQL*&, std::__cxx11::basic_string<char, std::char_traits<char>, std::allocator<char> > const&) (alloc_traits.h:518)
==268755==    by 0x1F5C74: std::_Sp_counted_ptr_inplace<cpp_dbc::MySQL::MySQLPreparedStatement, std::allocator<cpp_dbc::MySQL::MySQLPreparedStatement>, (__gnu_cxx::_Lock_policy)2>::_Sp_counted_ptr_inplace<MYSQL*&, std::__cxx11::basic_string<char, std::char_traits<char>, std::allocator<char> > const&>(std::allocator<cpp_dbc::MySQL::MySQLPreparedStatement>, MYSQL*&, std::__cxx11::basic_string<char, std::char_traits<char>, std::allocator<char> > const&) (shared_ptr_base.h:519)
==268755==    by 0x1F4CF2: std::__shared_count<(__gnu_cxx::_Lock_policy)2>::__shared_count<cpp_dbc::MySQL::MySQLPreparedStatement, std::allocator<cpp_dbc::MySQL::MySQLPreparedStatement>, MYSQL*&, std::__cxx11::basic_string<char, std::char_traits<char>, std::allocator<char> > const&>(cpp_dbc::MySQL::MySQLPreparedStatement*&, std::_Sp_alloc_shared_tag<std::allocator<cpp_dbc::MySQL::MySQLPreparedStatement> >, MYSQL*&, std::__cxx11::basic_string<char, std::char_traits<char>, std::allocator<char> > const&) (shared_ptr_base.h:650)
==268755==    by 0x1F3D43: std::__shared_ptr<cpp_dbc::MySQL::MySQLPreparedStatement, (__gnu_cxx::_Lock_policy)2>::__shared_ptr<std::allocator<cpp_dbc::MySQL::MySQLPreparedStatement>, MYSQL*&, std::__cxx11::basic_string<char, std::char_traits<char>, std::allocator<char> > const&>(std::_Sp_alloc_shared_tag<std::allocator<cpp_dbc::MySQL::MySQLPreparedStatement> >, MYSQL*&, std::__cxx11::basic_string<char, std::char_traits<char>, std::allocator<char> > const&) (shared_ptr_base.h:1342)
==268755== 
==268755== 32 bytes in 4 blocks are possibly lost in loss record 961 of 2,004
==268755==    at 0x4848899: malloc (in /usr/libexec/valgrind/vgpreload_memcheck-amd64-linux.so)
==268755==    by 0x561679D: CRYPTO_zalloc (in /usr/lib/x86_64-linux-gnu/libcrypto.so.3)
==268755==    by 0x5547EDC: ??? (in /usr/lib/x86_64-linux-gnu/libcrypto.so.3)
==268755==    by 0x5548869: BN_copy (in /usr/lib/x86_64-linux-gnu/libcrypto.so.3)
==268755==    by 0x55A1F00: EC_GROUP_copy (in /usr/lib/x86_64-linux-gnu/libcrypto.so.3)
==268755==    by 0x55A250C: EC_GROUP_dup (in /usr/lib/x86_64-linux-gnu/libcrypto.so.3)
==268755==    by 0x55A2572: EC_KEY_set_group (in /usr/lib/x86_64-linux-gnu/libcrypto.so.3)
==268755==    by 0x56D78BC: ??? (in /usr/lib/x86_64-linux-gnu/libcrypto.so.3)
==268755==    by 0x5608028: EVP_PKEY_generate (in /usr/lib/x86_64-linux-gnu/libcrypto.so.3)
==268755==    by 0x53E1278: ??? (in /usr/lib/x86_64-linux-gnu/libssl.so.3)
==268755==    by 0x5412AC2: ??? (in /usr/lib/x86_64-linux-gnu/libssl.so.3)
==268755==    by 0x5415B60: ??? (in /usr/lib/x86_64-linux-gnu/libssl.so.3)
==268755== 
==268755== 32 bytes in 4 blocks are possibly lost in loss record 962 of 2,004
==268755==    at 0x4848899: malloc (in /usr/libexec/valgrind/vgpreload_memcheck-amd64-linux.so)
==268755==    by 0x561679D: CRYPTO_zalloc (in /usr/lib/x86_64-linux-gnu/libcrypto.so.3)
==268755==    by 0x5547EDC: ??? (in /usr/lib/x86_64-linux-gnu/libcrypto.so.3)
==268755==    by 0x5548869: BN_copy (in /usr/lib/x86_64-linux-gnu/libcrypto.so.3)
==268755==    by 0x55A1F00: EC_GROUP_copy (in /usr/lib/x86_64-linux-gnu/libcrypto.so.3)
==268755==    by 0x55A21F5: ??? (in /usr/lib/x86_64-linux-gnu/libcrypto.so.3)
==268755==    by 0x55FD533: ??? (in /usr/lib/x86_64-linux-gnu/libcrypto.so.3)
==268755==    by 0x5608C3F: EVP_PKEY_copy_parameters (in /usr/lib/x86_64-linux-gnu/libcrypto.so.3)
==268755==    by 0x5414439: ??? (in /usr/lib/x86_64-linux-gnu/libssl.so.3)
==268755==    by 0x5408838: ??? (in /usr/lib/x86_64-linux-gnu/libssl.so.3)
==268755==    by 0x541C24A: ??? (in /usr/lib/x86_64-linux-gnu/libssl.so.3)
==268755==    by 0x541EA94: ??? (in /usr/lib/x86_64-linux-gnu/libssl.so.3)
==268755== 
==268755== 33 bytes in 1 blocks are still reachable in loss record 963 of 2,004
==268755==    at 0x4848899: malloc (in /usr/libexec/valgrind/vgpreload_memcheck-amd64-linux.so)
==268755==    by 0x51CC5DE: set_binding_values.part.0 (bindtextdom.c:203)
==268755==    by 0x51CC89B: set_binding_values (bindtextdom.c:322)
==268755==    by 0x51CC89B: bindtextdomain (bindtextdom.c:320)
==268755==    by 0x5CC44AF: ??? (in /usr/lib/x86_64-linux-gnu/libgnutls.so.30.31.0)
==268755==    by 0x5C92CA2: ??? (in /usr/lib/x86_64-linux-gnu/libgnutls.so.30.31.0)
==268755==    by 0x400647D: call_init.part.0 (dl-init.c:70)
==268755==    by 0x4006567: call_init (dl-init.c:33)
==268755==    by 0x4006567: _dl_init (dl-init.c:117)
==268755==    by 0x40202C9: ??? (in /usr/lib/x86_64-linux-gnu/ld-linux-x86-64.so.2)
==268755==    by 0x4: ???
==268755==    by 0x1FFEFFFDD2: ???
==268755==    by 0x1FFEFFFE3C: ???
==268755==    by 0x1FFEFFFE3F: ???
==268755== 
==268755== 33 bytes in 5 blocks are still reachable in loss record 964 of 2,004
==268755==    at 0x4848899: malloc (in /usr/libexec/valgrind/vgpreload_memcheck-amd64-linux.so)
==268755==    by 0x56177D2: CRYPTO_strndup (in /usr/lib/x86_64-linux-gnu/libcrypto.so.3)
==268755==    by 0x5619521: ??? (in /usr/lib/x86_64-linux-gnu/libcrypto.so.3)
==268755==    by 0x56F41B3: ??? (in /usr/lib/x86_64-linux-gnu/libcrypto.so.3)
==268755==    by 0x55EBAFA: ??? (in /usr/lib/x86_64-linux-gnu/libcrypto.so.3)
==268755==    by 0x560B7F8: ??? (in /usr/lib/x86_64-linux-gnu/libcrypto.so.3)
==268755==    by 0x560B71B: ??? (in /usr/lib/x86_64-linux-gnu/libcrypto.so.3)
==268755==    by 0x562AD6A: ??? (in /usr/lib/x86_64-linux-gnu/libcrypto.so.3)
==268755==    by 0x56F44E7: ??? (in /usr/lib/x86_64-linux-gnu/libcrypto.so.3)
==268755==    by 0x56F4B3D: ??? (in /usr/lib/x86_64-linux-gnu/libcrypto.so.3)
==268755==    by 0x560BAEE: EVP_SIGNATURE_fetch (in /usr/lib/x86_64-linux-gnu/libcrypto.so.3)
==268755==    by 0x53F522E: SSL_CTX_new_ex (in /usr/lib/x86_64-linux-gnu/libssl.so.3)
==268755== 
==268755== 34 bytes in 1 blocks are still reachable in loss record 965 of 2,004
==268755==    at 0x4849013: operator new(unsigned long) (in /usr/libexec/valgrind/vgpreload_memcheck-amd64-linux.so)
==268755==    by 0x130468: __gnu_cxx::new_allocator<char>::allocate(unsigned long, void const*) (new_allocator.h:127)
==268755==    by 0x12F934: allocate (allocator.h:185)
==268755==    by 0x12F934: std::allocator_traits<std::allocator<char> >::allocate(std::allocator<char>&, unsigned long) (alloc_traits.h:464)
==268755==    by 0x12FCCD: std::__cxx11::basic_string<char, std::char_traits<char>, std::allocator<char> >::_M_create(unsigned long&, unsigned long) (basic_string.tcc:153)
==268755==    by 0x14FFB1: std::__cxx11::basic_string<char, std::char_traits<char>, std::allocator<char> >::reserve(unsigned long) (basic_string.tcc:291)
==268755==    by 0x213D58: Catch::TestCaseInfo::TestCaseInfo(Catch::StringRef, Catch::NameAndTags const&, Catch::SourceLineInfo const&) (catch_test_case_info.cpp:132)
==268755==    by 0x214A8E: Catch::Detail::unique_ptr<Catch::TestCaseInfo> Catch::Detail::make_unique<Catch::TestCaseInfo, Catch::StringRef&, Catch::NameAndTags const&, Catch::SourceLineInfo const&>(Catch::StringRef&, Catch::NameAndTags const&, Catch::SourceLineInfo const&) (catch_unique_ptr.hpp:111)
==268755==    by 0x213B99: Catch::makeTestCaseInfo(Catch::StringRef, Catch::NameAndTags const&, Catch::SourceLineInfo const&) (catch_test_case_info.cpp:118)
==268755==    by 0x26E957: Catch::AutoReg::AutoReg(Catch::Detail::unique_ptr<Catch::ITestInvoker>, Catch::SourceLineInfo const&, Catch::StringRef, Catch::NameAndTags const&) (catch_test_registry.cpp:59)
==268755==    by 0x1A5A1B: __static_initialization_and_destruction_0(int, int) (test_drivers.cpp:42)
==268755==    by 0x1A5E65: _GLOBAL__sub_I_test_drivers.cpp (test_drivers.cpp:281)
==268755==    by 0x51BBEBA: call_init (libc-start.c:145)
==268755==    by 0x51BBEBA: __libc_start_main@@GLIBC_2.34 (libc-start.c:379)
==268755== 
==268755== 34 bytes in 1 blocks are still reachable in loss record 966 of 2,004
==268755==    at 0x4849013: operator new(unsigned long) (in /usr/libexec/valgrind/vgpreload_memcheck-amd64-linux.so)
==268755==    by 0x130468: __gnu_cxx::new_allocator<char>::allocate(unsigned long, void const*) (new_allocator.h:127)
==268755==    by 0x12F934: allocate (allocator.h:185)
==268755==    by 0x12F934: std::allocator_traits<std::allocator<char> >::allocate(std::allocator<char>&, unsigned long) (alloc_traits.h:464)
==268755==    by 0x12FCCD: std::__cxx11::basic_string<char, std::char_traits<char>, std::allocator<char> >::_M_create(unsigned long&, unsigned long) (basic_string.tcc:153)
==268755==    by 0x14FFB1: std::__cxx11::basic_string<char, std::char_traits<char>, std::allocator<char> >::reserve(unsigned long) (basic_string.tcc:291)
==268755==    by 0x213D58: Catch::TestCaseInfo::TestCaseInfo(Catch::StringRef, Catch::NameAndTags const&, Catch::SourceLineInfo const&) (catch_test_case_info.cpp:132)
==268755==    by 0x214A8E: Catch::Detail::unique_ptr<Catch::TestCaseInfo> Catch::Detail::make_unique<Catch::TestCaseInfo, Catch::StringRef&, Catch::NameAndTags const&, Catch::SourceLineInfo const&>(Catch::StringRef&, Catch::NameAndTags const&, Catch::SourceLineInfo const&) (catch_unique_ptr.hpp:111)
==268755==    by 0x213B99: Catch::makeTestCaseInfo(Catch::StringRef, Catch::NameAndTags const&, Catch::SourceLineInfo const&) (catch_test_case_info.cpp:118)
==268755==    by 0x26E957: Catch::AutoReg::AutoReg(Catch::Detail::unique_ptr<Catch::ITestInvoker>, Catch::SourceLineInfo const&, Catch::StringRef, Catch::NameAndTags const&) (catch_test_registry.cpp:59)
==268755==    by 0x1B4CA9: __static_initialization_and_destruction_0(int, int) (test_mysql_real.cpp:83)
==268755==    by 0x1B4E07: _GLOBAL__sub_I_test_mysql_real.cpp (test_mysql_real.cpp:621)
==268755==    by 0x51BBEBA: call_init (libc-start.c:145)
==268755==    by 0x51BBEBA: __libc_start_main@@GLIBC_2.34 (libc-start.c:379)
==268755== 
==268755== 35 bytes in 1 blocks are still reachable in loss record 967 of 2,004
==268755==    at 0x4849013: operator new(unsigned long) (in /usr/libexec/valgrind/vgpreload_memcheck-amd64-linux.so)
==268755==    by 0x130468: __gnu_cxx::new_allocator<char>::allocate(unsigned long, void const*) (new_allocator.h:127)
==268755==    by 0x12F934: allocate (allocator.h:185)
==268755==    by 0x12F934: std::allocator_traits<std::allocator<char> >::allocate(std::allocator<char>&, unsigned long) (alloc_traits.h:464)
==268755==    by 0x12FCCD: std::__cxx11::basic_string<char, std::char_traits<char>, std::allocator<char> >::_M_create(unsigned long&, unsigned long) (basic_string.tcc:153)
==268755==    by 0x14FFB1: std::__cxx11::basic_string<char, std::char_traits<char>, std::allocator<char> >::reserve(unsigned long) (basic_string.tcc:291)
==268755==    by 0x213D58: Catch::TestCaseInfo::TestCaseInfo(Catch::StringRef, Catch::NameAndTags const&, Catch::SourceLineInfo const&) (catch_test_case_info.cpp:132)
==268755==    by 0x214A8E: Catch::Detail::unique_ptr<Catch::TestCaseInfo> Catch::Detail::make_unique<Catch::TestCaseInfo, Catch::StringRef&, Catch::NameAndTags const&, Catch::SourceLineInfo const&>(Catch::StringRef&, Catch::NameAndTags const&, Catch::SourceLineInfo const&) (catch_unique_ptr.hpp:111)
==268755==    by 0x213B99: Catch::makeTestCaseInfo(Catch::StringRef, Catch::NameAndTags const&, Catch::SourceLineInfo const&) (catch_test_case_info.cpp:118)
==268755==    by 0x26E957: Catch::AutoReg::AutoReg(Catch::Detail::unique_ptr<Catch::ITestInvoker>, Catch::SourceLineInfo const&, Catch::StringRef, Catch::NameAndTags const&) (catch_test_registry.cpp:59)
==268755==    by 0x1A5E2B: __static_initialization_and_destruction_0(int, int) (test_drivers.cpp:242)
==268755==    by 0x1A5E65: _GLOBAL__sub_I_test_drivers.cpp (test_drivers.cpp:281)
==268755==    by 0x51BBEBA: call_init (libc-start.c:145)
==268755==    by 0x51BBEBA: __libc_start_main@@GLIBC_2.34 (libc-start.c:379)
==268755== 
==268755== 36 bytes in 1 blocks are still reachable in loss record 968 of 2,004
==268755==    at 0x4849013: operator new(unsigned long) (in /usr/libexec/valgrind/vgpreload_memcheck-amd64-linux.so)
==268755==    by 0x130468: __gnu_cxx::new_allocator<char>::allocate(unsigned long, void const*) (new_allocator.h:127)
==268755==    by 0x12F934: allocate (allocator.h:185)
==268755==    by 0x12F934: std::allocator_traits<std::allocator<char> >::allocate(std::allocator<char>&, unsigned long) (alloc_traits.h:464)
==268755==    by 0x12FCCD: std::__cxx11::basic_string<char, std::char_traits<char>, std::allocator<char> >::_M_create(unsigned long&, unsigned long) (basic_string.tcc:153)
==268755==    by 0x14FFB1: std::__cxx11::basic_string<char, std::char_traits<char>, std::allocator<char> >::reserve(unsigned long) (basic_string.tcc:291)
==268755==    by 0x213D58: Catch::TestCaseInfo::TestCaseInfo(Catch::StringRef, Catch::NameAndTags const&, Catch::SourceLineInfo const&) (catch_test_case_info.cpp:132)
==268755==    by 0x214A8E: Catch::Detail::unique_ptr<Catch::TestCaseInfo> Catch::Detail::make_unique<Catch::TestCaseInfo, Catch::StringRef&, Catch::NameAndTags const&, Catch::SourceLineInfo const&>(Catch::StringRef&, Catch::NameAndTags const&, Catch::SourceLineInfo const&) (catch_unique_ptr.hpp:111)
==268755==    by 0x213B99: Catch::makeTestCaseInfo(Catch::StringRef, Catch::NameAndTags const&, Catch::SourceLineInfo const&) (catch_test_case_info.cpp:118)
==268755==    by 0x26E957: Catch::AutoReg::AutoReg(Catch::Detail::unique_ptr<Catch::ITestInvoker>, Catch::SourceLineInfo const&, Catch::StringRef, Catch::NameAndTags const&) (catch_test_registry.cpp:59)
==268755==    by 0x1A594B: __static_initialization_and_destruction_0(int, int) (test_drivers.cpp:16)
==268755==    by 0x1A5E65: _GLOBAL__sub_I_test_drivers.cpp (test_drivers.cpp:281)
==268755==    by 0x51BBEBA: call_init (libc-start.c:145)
==268755==    by 0x51BBEBA: __libc_start_main@@GLIBC_2.34 (libc-start.c:379)
==268755== 
==268755== 36 bytes in 1 blocks are still reachable in loss record 969 of 2,004
==268755==    at 0x4849013: operator new(unsigned long) (in /usr/libexec/valgrind/vgpreload_memcheck-amd64-linux.so)
==268755==    by 0x130468: __gnu_cxx::new_allocator<char>::allocate(unsigned long, void const*) (new_allocator.h:127)
==268755==    by 0x12F934: allocate (allocator.h:185)
==268755==    by 0x12F934: std::allocator_traits<std::allocator<char> >::allocate(std::allocator<char>&, unsigned long) (alloc_traits.h:464)
==268755==    by 0x12FCCD: std::__cxx11::basic_string<char, std::char_traits<char>, std::allocator<char> >::_M_create(unsigned long&, unsigned long) (basic_string.tcc:153)
==268755==    by 0x14FFB1: std::__cxx11::basic_string<char, std::char_traits<char>, std::allocator<char> >::reserve(unsigned long) (basic_string.tcc:291)
==268755==    by 0x213D58: Catch::TestCaseInfo::TestCaseInfo(Catch::StringRef, Catch::NameAndTags const&, Catch::SourceLineInfo const&) (catch_test_case_info.cpp:132)
==268755==    by 0x214A8E: Catch::Detail::unique_ptr<Catch::TestCaseInfo> Catch::Detail::make_unique<Catch::TestCaseInfo, Catch::StringRef&, Catch::NameAndTags const&, Catch::SourceLineInfo const&>(Catch::StringRef&, Catch::NameAndTags const&, Catch::SourceLineInfo const&) (catch_unique_ptr.hpp:111)
==268755==    by 0x213B99: Catch::makeTestCaseInfo(Catch::StringRef, Catch::NameAndTags const&, Catch::SourceLineInfo const&) (catch_test_case_info.cpp:118)
==268755==    by 0x26E957: Catch::AutoReg::AutoReg(Catch::Detail::unique_ptr<Catch::ITestInvoker>, Catch::SourceLineInfo const&, Catch::StringRef, Catch::NameAndTags const&) (catch_test_registry.cpp:59)
==268755==    by 0x1AE5D1: __static_initialization_and_destruction_0(int, int) (test_integration.cpp:28)
==268755==    by 0x1AE6DB: _GLOBAL__sub_I_test_integration.cpp (test_integration.cpp:393)
==268755==    by 0x51BBEBA: call_init (libc-start.c:145)
==268755==    by 0x51BBEBA: __libc_start_main@@GLIBC_2.34 (libc-start.c:379)
==268755== 
==268755== 36 bytes in 1 blocks are still reachable in loss record 970 of 2,004
==268755==    at 0x4849013: operator new(unsigned long) (in /usr/libexec/valgrind/vgpreload_memcheck-amd64-linux.so)
==268755==    by 0x130468: __gnu_cxx::new_allocator<char>::allocate(unsigned long, void const*) (new_allocator.h:127)
==268755==    by 0x12F934: allocate (allocator.h:185)
==268755==    by 0x12F934: std::allocator_traits<std::allocator<char> >::allocate(std::allocator<char>&, unsigned long) (alloc_traits.h:464)
==268755==    by 0x12FCCD: std::__cxx11::basic_string<char, std::char_traits<char>, std::allocator<char> >::_M_create(unsigned long&, unsigned long) (basic_string.tcc:153)
==268755==    by 0x14FFB1: std::__cxx11::basic_string<char, std::char_traits<char>, std::allocator<char> >::reserve(unsigned long) (basic_string.tcc:291)
==268755==    by 0x213D58: Catch::TestCaseInfo::TestCaseInfo(Catch::StringRef, Catch::NameAndTags const&, Catch::SourceLineInfo const&) (catch_test_case_info.cpp:132)
==268755==    by 0x214A8E: Catch::Detail::unique_ptr<Catch::TestCaseInfo> Catch::Detail::make_unique<Catch::TestCaseInfo, Catch::StringRef&, Catch::NameAndTags const&, Catch::SourceLineInfo const&>(Catch::StringRef&, Catch::NameAndTags const&, Catch::SourceLineInfo const&) (catch_unique_ptr.hpp:111)
==268755==    by 0x213B99: Catch::makeTestCaseInfo(Catch::StringRef, Catch::NameAndTags const&, Catch::SourceLineInfo const&) (catch_test_case_info.cpp:118)
==268755==    by 0x26E957: Catch::AutoReg::AutoReg(Catch::Detail::unique_ptr<Catch::ITestInvoker>, Catch::SourceLineInfo const&, Catch::StringRef, Catch::NameAndTags const&) (catch_test_registry.cpp:59)
==268755==    by 0x1AE6A1: __static_initialization_and_destruction_0(int, int) (test_integration.cpp:377)
==268755==    by 0x1AE6DB: _GLOBAL__sub_I_test_integration.cpp (test_integration.cpp:393)
==268755==    by 0x51BBEBA: call_init (libc-start.c:145)
==268755==    by 0x51BBEBA: __libc_start_main@@GLIBC_2.34 (libc-start.c:379)
==268755== 
==268755== 36 bytes in 3 blocks are still reachable in loss record 971 of 2,004
==268755==    at 0x484DCD3: realloc (in /usr/libexec/valgrind/vgpreload_memcheck-amd64-linux.so)
==268755==    by 0x55CD3A9: ERR_vset_error (in /usr/lib/x86_64-linux-gnu/libcrypto.so.3)
==268755==    by 0x55CD4C2: ERR_set_error (in /usr/lib/x86_64-linux-gnu/libcrypto.so.3)
==268755==    by 0x566B187: ??? (in /usr/lib/x86_64-linux-gnu/libcrypto.so.3)
==268755==    by 0x566B278: OSSL_STORE_open_ex (in /usr/lib/x86_64-linux-gnu/libcrypto.so.3)
==268755==    by 0x5675379: ??? (in /usr/lib/x86_64-linux-gnu/libcrypto.so.3)
==268755==    by 0x56755FB: ??? (in /usr/lib/x86_64-linux-gnu/libcrypto.so.3)
==268755==    by 0x569035D: X509_STORE_CTX_get_by_subject (in /usr/lib/x86_64-linux-gnu/libcrypto.so.3)
==268755==    by 0x56907E1: X509_STORE_CTX_get1_issuer (in /usr/lib/x86_64-linux-gnu/libcrypto.so.3)
==268755==    by 0x5696DE7: ??? (in /usr/lib/x86_64-linux-gnu/libcrypto.so.3)
==268755==    by 0x56976A5: ??? (in /usr/lib/x86_64-linux-gnu/libcrypto.so.3)
==268755==    by 0x5698791: X509_verify_cert (in /usr/lib/x86_64-linux-gnu/libcrypto.so.3)
==268755== 
==268755== 36 bytes in 8 blocks are possibly lost in loss record 972 of 2,004
==268755==    at 0x4848899: malloc (in /usr/libexec/valgrind/vgpreload_memcheck-amd64-linux.so)
==268755==    by 0x551A48A: ASN1_STRING_set (in /usr/lib/x86_64-linux-gnu/libcrypto.so.3)
==268755==    by 0x552D367: ??? (in /usr/lib/x86_64-linux-gnu/libcrypto.so.3)
==268755==    by 0x552E048: ??? (in /usr/lib/x86_64-linux-gnu/libcrypto.so.3)
==268755==    by 0x552F3E7: ??? (in /usr/lib/x86_64-linux-gnu/libcrypto.so.3)
==268755==    by 0x552DD18: ??? (in /usr/lib/x86_64-linux-gnu/libcrypto.so.3)
==268755==    by 0x552F23F: ??? (in /usr/lib/x86_64-linux-gnu/libcrypto.so.3)
==268755==    by 0x552F691: ??? (in /usr/lib/x86_64-linux-gnu/libcrypto.so.3)
==268755==    by 0x552DD18: ??? (in /usr/lib/x86_64-linux-gnu/libcrypto.so.3)
==268755==    by 0x552F3E7: ??? (in /usr/lib/x86_64-linux-gnu/libcrypto.so.3)
==268755==    by 0x552DD18: ??? (in /usr/lib/x86_64-linux-gnu/libcrypto.so.3)
==268755==    by 0x552E492: ASN1_item_d2i_ex (in /usr/lib/x86_64-linux-gnu/libcrypto.so.3)
==268755== 
==268755== 38 bytes in 1 blocks are still reachable in loss record 973 of 2,004
==268755==    at 0x4849013: operator new(unsigned long) (in /usr/libexec/valgrind/vgpreload_memcheck-amd64-linux.so)
==268755==    by 0x130468: __gnu_cxx::new_allocator<char>::allocate(unsigned long, void const*) (new_allocator.h:127)
==268755==    by 0x12F934: allocate (allocator.h:185)
==268755==    by 0x12F934: std::allocator_traits<std::allocator<char> >::allocate(std::allocator<char>&, unsigned long) (alloc_traits.h:464)
==268755==    by 0x12FCCD: std::__cxx11::basic_string<char, std::char_traits<char>, std::allocator<char> >::_M_create(unsigned long&, unsigned long) (basic_string.tcc:153)
==268755==    by 0x138C8E: void std::__cxx11::basic_string<char, std::char_traits<char>, std::allocator<char> >::_M_construct<char*>(char*, char*, std::forward_iterator_tag) (basic_string.tcc:219)
==268755==    by 0x138039: void std::__cxx11::basic_string<char, std::char_traits<char>, std::allocator<char> >::_M_construct_aux<char*>(char*, char*, std::__false_type) (basic_string.h:255)
==268755==    by 0x136D88: void std::__cxx11::basic_string<char, std::char_traits<char>, std::allocator<char> >::_M_construct<char*>(char*, char*) (basic_string.h:274)
==268755==    by 0x135B15: std::__cxx11::basic_string<char, std::char_traits<char>, std::allocator<char> >::basic_string(std::__cxx11::basic_string<char, std::char_traits<char>, std::allocator<char> > const&) (basic_string.h:459)
==268755==    by 0x13534F: YAML::as_if<std::__cxx11::basic_string<char, std::char_traits<char>, std::allocator<char> >, void>::operator()() const (impl.h:147)
==268755==    by 0x136507: std::__cxx11::basic_string<char, std::char_traits<char>, std::allocator<char> > YAML::Node::as<std::__cxx11::basic_string<char, std::char_traits<char>, std::allocator<char> > >() const (impl.h:156)
==268755==    by 0x1B39AE: CATCH2_INTERNAL_TEST_0() (test_mysql_real.cpp:122)
==268755==    by 0x261743: Catch::TestInvokerAsFunction::invoke() const (catch_test_case_registry_impl.cpp:149)
==268755== 
==268755== 38 bytes in 4 blocks are still reachable in loss record 974 of 2,004
==268755==    at 0x4848899: malloc (in /usr/libexec/valgrind/vgpreload_memcheck-amd64-linux.so)
==268755==    by 0x56177D2: CRYPTO_strndup (in /usr/lib/x86_64-linux-gnu/libcrypto.so.3)
==268755==    by 0x5619521: ??? (in /usr/lib/x86_64-linux-gnu/libcrypto.so.3)
==268755==    by 0x5615E27: ??? (in /usr/lib/x86_64-linux-gnu/libcrypto.so.3)
==268755==    by 0x5615F09: ??? (in /usr/lib/x86_64-linux-gnu/libcrypto.so.3)
==268755==    by 0x5615BFC: ??? (in /usr/lib/x86_64-linux-gnu/libcrypto.so.3)
==268755==    by 0x56F4A6B: ??? (in /usr/lib/x86_64-linux-gnu/libcrypto.so.3)
==268755==    by 0x55EC302: EVP_CIPHER_fetch (in /usr/lib/x86_64-linux-gnu/libcrypto.so.3)
==268755==    by 0x53F137A: ??? (in /usr/lib/x86_64-linux-gnu/libssl.so.3)
==268755==    by 0x53F5161: SSL_CTX_new_ex (in /usr/lib/x86_64-linux-gnu/libssl.so.3)
==268755==    by 0x48F8280: ??? (in /usr/lib/x86_64-linux-gnu/libmysqlclient.so.21.2.42)
==268755==    by 0x489A042: ??? (in /usr/lib/x86_64-linux-gnu/libmysqlclient.so.21.2.42)
==268755== 
==268755== 39 bytes in 1 blocks are still reachable in loss record 975 of 2,004
==268755==    at 0x4849013: operator new(unsigned long) (in /usr/libexec/valgrind/vgpreload_memcheck-amd64-linux.so)
==268755==    by 0x130468: __gnu_cxx::new_allocator<char>::allocate(unsigned long, void const*) (new_allocator.h:127)
==268755==    by 0x12F934: allocate (allocator.h:185)
==268755==    by 0x12F934: std::allocator_traits<std::allocator<char> >::allocate(std::allocator<char>&, unsigned long) (alloc_traits.h:464)
==268755==    by 0x12FCCD: std::__cxx11::basic_string<char, std::char_traits<char>, std::allocator<char> >::_M_create(unsigned long&, unsigned long) (basic_string.tcc:153)
==268755==    by 0x14FFB1: std::__cxx11::basic_string<char, std::char_traits<char>, std::allocator<char> >::reserve(unsigned long) (basic_string.tcc:291)
==268755==    by 0x213D58: Catch::TestCaseInfo::TestCaseInfo(Catch::StringRef, Catch::NameAndTags const&, Catch::SourceLineInfo const&) (catch_test_case_info.cpp:132)
==268755==    by 0x214A8E: Catch::Detail::unique_ptr<Catch::TestCaseInfo> Catch::Detail::make_unique<Catch::TestCaseInfo, Catch::StringRef&, Catch::NameAndTags const&, Catch::SourceLineInfo const&>(Catch::StringRef&, Catch::NameAndTags const&, Catch::SourceLineInfo const&) (catch_unique_ptr.hpp:111)
==268755==    by 0x213B99: Catch::makeTestCaseInfo(Catch::StringRef, Catch::NameAndTags const&, Catch::SourceLineInfo const&) (catch_test_case_info.cpp:118)
==268755==    by 0x26E957: Catch::AutoReg::AutoReg(Catch::Detail::unique_ptr<Catch::ITestInvoker>, Catch::SourceLineInfo const&, Catch::StringRef, Catch::NameAndTags const&) (catch_test_registry.cpp:59)
==268755==    by 0x1A5AEB: __static_initialization_and_destruction_0(int, int) (test_drivers.cpp:79)
==268755==    by 0x1A5E65: _GLOBAL__sub_I_test_drivers.cpp (test_drivers.cpp:281)
==268755==    by 0x51BBEBA: call_init (libc-start.c:145)
==268755==    by 0x51BBEBA: __libc_start_main@@GLIBC_2.34 (libc-start.c:379)
==268755== 
==268755== 40 bytes in 1 blocks are still reachable in loss record 976 of 2,004
==268755==    at 0x4849013: operator new(unsigned long) (in /usr/libexec/valgrind/vgpreload_memcheck-amd64-linux.so)
==268755==    by 0x2114FD: __gnu_cxx::new_allocator<std::_Rb_tree_node<Catch::TestCaseHandle const*> >::allocate(unsigned long, void const*) (new_allocator.h:127)
==268755==    by 0x2103D5: std::allocator_traits<std::allocator<std::_Rb_tree_node<Catch::TestCaseHandle const*> > >::allocate(std::allocator<std::_Rb_tree_node<Catch::TestCaseHandle const*> >&, unsigned long) (alloc_traits.h:464)
==268755==    by 0x20EB5A: std::_Rb_tree<Catch::TestCaseHandle const*, Catch::TestCaseHandle const*, std::_Identity<Catch::TestCaseHandle const*>, std::less<Catch::TestCaseHandle const*>, std::allocator<Catch::TestCaseHandle const*> >::_M_get_node() (stl_tree.h:561)
==268755==    by 0x211565: std::_Rb_tree_node<Catch::TestCaseHandle const*>* std::_Rb_tree<Catch::TestCaseHandle const*, Catch::TestCaseHandle const*, std::_Identity<Catch::TestCaseHandle const*>, std::less<Catch::TestCaseHandle const*>, std::allocator<Catch::TestCaseHandle const*> >::_M_create_node<Catch::TestCaseHandle const* const&>(Catch::TestCaseHandle const* const&) (stl_tree.h:611)
==268755==    by 0x21054C: std::_Rb_tree_node<Catch::TestCaseHandle const*>* std::_Rb_tree<Catch::TestCaseHandle const*, Catch::TestCaseHandle const*, std::_Identity<Catch::TestCaseHandle const*>, std::less<Catch::TestCaseHandle const*>, std::allocator<Catch::TestCaseHandle const*> >::_Alloc_node::operator()<Catch::TestCaseHandle const* const&>(Catch::TestCaseHandle const* const&) const (stl_tree.h:529)
==268755==    by 0x2115CF: std::_Rb_tree_node<Catch::TestCaseHandle const*>* std::_Rb_tree<Catch::TestCaseHandle const*, Catch::TestCaseHandle const*, std::_Identity<Catch::TestCaseHandle const*>, std::less<Catch::TestCaseHandle const*>, std::allocator<Catch::TestCaseHandle const*> >::_M_clone_node<false, std::_Rb_tree<Catch::TestCaseHandle const*, Catch::TestCaseHandle const*, std::_Identity<Catch::TestCaseHandle const*>, std::less<Catch::TestCaseHandle const*>, std::allocator<Catch::TestCaseHandle const*> >::_Alloc_node>(std::_Rb_tree_node<Catch::TestCaseHandle const*>*, std::_Rb_tree<Catch::TestCaseHandle const*, Catch::TestCaseHandle const*, std::_Identity<Catch::TestCaseHandle const*>, std::less<Catch::TestCaseHandle const*>, std::allocator<Catch::TestCaseHandle const*> >::_Alloc_node&) (stl_tree.h:645)
==268755==    by 0x2105C7: std::_Rb_tree_node<Catch::TestCaseHandle const*>* std::_Rb_tree<Catch::TestCaseHandle const*, Catch::TestCaseHandle const*, std::_Identity<Catch::TestCaseHandle const*>, std::less<Catch::TestCaseHandle const*>, std::allocator<Catch::TestCaseHandle const*> >::_M_copy<false, std::_Rb_tree<Catch::TestCaseHandle const*, Catch::TestCaseHandle const*, std::_Identity<Catch::TestCaseHandle const*>, std::less<Catch::TestCaseHandle const*>, std::allocator<Catch::TestCaseHandle const*> >::_Alloc_node>(std::_Rb_tree_node<Catch::TestCaseHandle const*>*, std::_Rb_tree_node_base*, std::_Rb_tree<Catch::TestCaseHandle const*, Catch::TestCaseHandle const*, std::_Identity<Catch::TestCaseHandle const*>, std::less<Catch::TestCaseHandle const*>, std::allocator<Catch::TestCaseHandle const*> >::_Alloc_node&) (stl_tree.h:1849)
==268755==    by 0x20F3A0: std::_Rb_tree_node<Catch::TestCaseHandle const*>* std::_Rb_tree<Catch::TestCaseHandle const*, Catch::TestCaseHandle const*, std::_Identity<Catch::TestCaseHandle const*>, std::less<Catch::TestCaseHandle const*>, std::allocator<Catch::TestCaseHandle const*> >::_M_copy<false, std::_Rb_tree<Catch::TestCaseHandle const*, Catch::TestCaseHandle const*, std::_Identity<Catch::TestCaseHandle const*>, std::less<Catch::TestCaseHandle const*>, std::allocator<Catch::TestCaseHandle const*> >::_Alloc_node>(std::_Rb_tree<Catch::TestCaseHandle const*, Catch::TestCaseHandle const*, std::_Identity<Catch::TestCaseHandle const*>, std::less<Catch::TestCaseHandle const*>, std::allocator<Catch::TestCaseHandle const*> > const&, std::_Rb_tree<Catch::TestCaseHandle const*, Catch::TestCaseHandle const*, std::_Identity<Catch::TestCaseHandle const*>, std::less<Catch::TestCaseHandle const*>, std::allocator<Catch::TestCaseHandle const*> >::_Alloc_node&) (stl_tree.h:890)
==268755==    by 0x20DA56: std::_Rb_tree<Catch::TestCaseHandle const*, Catch::TestCaseHandle const*, std::_Identity<Catch::TestCaseHandle const*>, std::less<Catch::TestCaseHandle const*>, std::allocator<Catch::TestCaseHandle const*> >::_M_copy(std::_Rb_tree<Catch::TestCaseHandle const*, Catch::TestCaseHandle const*, std::_Identity<Catch::TestCaseHandle const*>, std::less<Catch::TestCaseHandle const*>, std::allocator<Catch::TestCaseHandle const*> > const&) (stl_tree.h:901)
==268755==    by 0x20B508: std::_Rb_tree<Catch::TestCaseHandle const*, Catch::TestCaseHandle const*, std::_Identity<Catch::TestCaseHandle const*>, std::less<Catch::TestCaseHandle const*>, std::allocator<Catch::TestCaseHandle const*> >::_Rb_tree(std::_Rb_tree<Catch::TestCaseHandle const*, Catch::TestCaseHandle const*, std::_Identity<Catch::TestCaseHandle const*>, std::less<Catch::TestCaseHandle const*>, std::allocator<Catch::TestCaseHandle const*> > const&) (stl_tree.h:939)
==268755==    by 0x2091BC: std::set<Catch::TestCaseHandle const*, std::less<Catch::TestCaseHandle const*>, std::allocator<Catch::TestCaseHandle const*> >::set(std::set<Catch::TestCaseHandle const*, std::less<Catch::TestCaseHandle const*>, std::allocator<Catch::TestCaseHandle const*> > const&) (stl_set.h:223)
==268755== 
==268755== 40 bytes in 1 blocks are still reachable in loss record 977 of 2,004
==268755==    at 0x4848899: malloc (in /usr/libexec/valgrind/vgpreload_memcheck-amd64-linux.so)
==268755==    by 0x561679D: CRYPTO_zalloc (in /usr/lib/x86_64-linux-gnu/libcrypto.so.3)
==268755==    by 0x56462A7: ??? (in /usr/lib/x86_64-linux-gnu/libcrypto.so.3)
==268755==    by 0x5614C2D: ??? (in /usr/lib/x86_64-linux-gnu/libcrypto.so.3)
==268755==    by 0x561A924: ??? (in /usr/lib/x86_64-linux-gnu/libcrypto.so.3)
==268755==    by 0x5614FB8: ??? (in /usr/lib/x86_64-linux-gnu/libcrypto.so.3)
==268755==    by 0x56F4A60: ??? (in /usr/lib/x86_64-linux-gnu/libcrypto.so.3)
==268755==    by 0x55EC302: EVP_CIPHER_fetch (in /usr/lib/x86_64-linux-gnu/libcrypto.so.3)
==268755==    by 0x53F137A: ??? (in /usr/lib/x86_64-linux-gnu/libssl.so.3)
==268755==    by 0x53F5161: SSL_CTX_new_ex (in /usr/lib/x86_64-linux-gnu/libssl.so.3)
==268755==    by 0x48F8280: ??? (in /usr/lib/x86_64-linux-gnu/libmysqlclient.so.21.2.42)
==268755==    by 0x489A042: ??? (in /usr/lib/x86_64-linux-gnu/libmysqlclient.so.21.2.42)
==268755== 
==268755== 40 bytes in 1 blocks are still reachable in loss record 978 of 2,004
==268755==    at 0x4848899: malloc (in /usr/libexec/valgrind/vgpreload_memcheck-amd64-linux.so)
==268755==    by 0x5647D31: ??? (in /usr/lib/x86_64-linux-gnu/libcrypto.so.3)
==268755==    by 0x55EBA69: ??? (in /usr/lib/x86_64-linux-gnu/libcrypto.so.3)
==268755==    by 0x560B85B: ??? (in /usr/lib/x86_64-linux-gnu/libcrypto.so.3)
==268755==    by 0x560B71B: ??? (in /usr/lib/x86_64-linux-gnu/libcrypto.so.3)
==268755==    by 0x562AD6A: ??? (in /usr/lib/x86_64-linux-gnu/libcrypto.so.3)
==268755==    by 0x56F44E7: ??? (in /usr/lib/x86_64-linux-gnu/libcrypto.so.3)
==268755==    by 0x56F4B3D: ??? (in /usr/lib/x86_64-linux-gnu/libcrypto.so.3)
==268755==    by 0x55EC302: EVP_CIPHER_fetch (in /usr/lib/x86_64-linux-gnu/libcrypto.so.3)
==268755==    by 0x53F137A: ??? (in /usr/lib/x86_64-linux-gnu/libssl.so.3)
==268755==    by 0x53F5161: SSL_CTX_new_ex (in /usr/lib/x86_64-linux-gnu/libssl.so.3)
==268755==    by 0x48F8280: ??? (in /usr/lib/x86_64-linux-gnu/libmysqlclient.so.21.2.42)
==268755== 
==268755== 40 bytes in 1 blocks are still reachable in loss record 979 of 2,004
==268755==    at 0x4848899: malloc (in /usr/libexec/valgrind/vgpreload_memcheck-amd64-linux.so)
==268755==    by 0x561679D: CRYPTO_zalloc (in /usr/lib/x86_64-linux-gnu/libcrypto.so.3)
==268755==    by 0x55FAA05: EVP_RAND_CTX_new (in /usr/lib/x86_64-linux-gnu/libcrypto.so.3)
==268755==    by 0x56498BD: RAND_get0_primary (in /usr/lib/x86_64-linux-gnu/libcrypto.so.3)
==268755==    by 0x5649DF7: RAND_get0_public (in /usr/lib/x86_64-linux-gnu/libcrypto.so.3)
==268755==    by 0x5649EE7: RAND_bytes_ex (in /usr/lib/x86_64-linux-gnu/libcrypto.so.3)
==268755==    by 0x53F5779: SSL_CTX_new_ex (in /usr/lib/x86_64-linux-gnu/libssl.so.3)
==268755==    by 0x48F8280: ??? (in /usr/lib/x86_64-linux-gnu/libmysqlclient.so.21.2.42)
==268755==    by 0x489A042: ??? (in /usr/lib/x86_64-linux-gnu/libmysqlclient.so.21.2.42)
==268755==    by 0x489AD71: ??? (in /usr/lib/x86_64-linux-gnu/libmysqlclient.so.21.2.42)
==268755==    by 0x48A3273: ??? (in /usr/lib/x86_64-linux-gnu/libmysqlclient.so.21.2.42)
==268755==    by 0x489EF82: mysql_real_connect (in /usr/lib/x86_64-linux-gnu/libmysqlclient.so.21.2.42)
==268755== 
==268755== 40 bytes in 1 blocks are still reachable in loss record 980 of 2,004
==268755==    at 0x4848899: malloc (in /usr/libexec/valgrind/vgpreload_memcheck-amd64-linux.so)
==268755==    by 0x561679D: CRYPTO_zalloc (in /usr/lib/x86_64-linux-gnu/libcrypto.so.3)
==268755==    by 0x55FAA05: EVP_RAND_CTX_new (in /usr/lib/x86_64-linux-gnu/libcrypto.so.3)
==268755==    by 0x56494B0: ??? (in /usr/lib/x86_64-linux-gnu/libcrypto.so.3)
==268755==    by 0x56497FB: RAND_get0_primary (in /usr/lib/x86_64-linux-gnu/libcrypto.so.3)
==268755==    by 0x5649DF7: RAND_get0_public (in /usr/lib/x86_64-linux-gnu/libcrypto.so.3)
==268755==    by 0x5649EE7: RAND_bytes_ex (in /usr/lib/x86_64-linux-gnu/libcrypto.so.3)
==268755==    by 0x53F5779: SSL_CTX_new_ex (in /usr/lib/x86_64-linux-gnu/libssl.so.3)
==268755==    by 0x48F8280: ??? (in /usr/lib/x86_64-linux-gnu/libmysqlclient.so.21.2.42)
==268755==    by 0x489A042: ??? (in /usr/lib/x86_64-linux-gnu/libmysqlclient.so.21.2.42)
==268755==    by 0x489AD71: ??? (in /usr/lib/x86_64-linux-gnu/libmysqlclient.so.21.2.42)
==268755==    by 0x48A3273: ??? (in /usr/lib/x86_64-linux-gnu/libmysqlclient.so.21.2.42)
==268755== 
==268755== 40 bytes in 1 blocks are still reachable in loss record 981 of 2,004
==268755==    at 0x4848899: malloc (in /usr/libexec/valgrind/vgpreload_memcheck-amd64-linux.so)
==268755==    by 0x561679D: CRYPTO_zalloc (in /usr/lib/x86_64-linux-gnu/libcrypto.so.3)
==268755==    by 0x56462A7: ??? (in /usr/lib/x86_64-linux-gnu/libcrypto.so.3)
==268755==    by 0x5614C2D: ??? (in /usr/lib/x86_64-linux-gnu/libcrypto.so.3)
==268755==    by 0x561A924: ??? (in /usr/lib/x86_64-linux-gnu/libcrypto.so.3)
==268755==    by 0x5614FB8: ??? (in /usr/lib/x86_64-linux-gnu/libcrypto.so.3)
==268755==    by 0x56F532E: ??? (in /usr/lib/x86_64-linux-gnu/libcrypto.so.3)
==268755==    by 0x55C0470: OSSL_DECODER_do_all_provided (in /usr/lib/x86_64-linux-gnu/libcrypto.so.3)
==268755==    by 0x55CD84B: OSSL_DECODER_CTX_new_for_pkey (in /usr/lib/x86_64-linux-gnu/libcrypto.so.3)
==268755==    by 0x569FB23: ??? (in /usr/lib/x86_64-linux-gnu/libcrypto.so.3)
==268755==    by 0x552DB9A: ??? (in /usr/lib/x86_64-linux-gnu/libcrypto.so.3)
==268755==    by 0x552F3E7: ??? (in /usr/lib/x86_64-linux-gnu/libcrypto.so.3)
==268755== 
==268755== 40 bytes in 1 blocks are still reachable in loss record 982 of 2,004
==268755==    at 0x4848899: malloc (in /usr/libexec/valgrind/vgpreload_memcheck-amd64-linux.so)
==268755==    by 0x561679D: CRYPTO_zalloc (in /usr/lib/x86_64-linux-gnu/libcrypto.so.3)
==268755==    by 0x56462A7: ??? (in /usr/lib/x86_64-linux-gnu/libcrypto.so.3)
==268755==    by 0x5614C2D: ??? (in /usr/lib/x86_64-linux-gnu/libcrypto.so.3)
==268755==    by 0x561A924: ??? (in /usr/lib/x86_64-linux-gnu/libcrypto.so.3)
==268755==    by 0x5614FB8: ??? (in /usr/lib/x86_64-linux-gnu/libcrypto.so.3)
==268755==    by 0x56F45D8: ??? (in /usr/lib/x86_64-linux-gnu/libcrypto.so.3)
==268755==    by 0x5666F9E: OSSL_STORE_LOADER_fetch (in /usr/lib/x86_64-linux-gnu/libcrypto.so.3)
==268755==    by 0x566B2F7: OSSL_STORE_open_ex (in /usr/lib/x86_64-linux-gnu/libcrypto.so.3)
==268755==    by 0x5675379: ??? (in /usr/lib/x86_64-linux-gnu/libcrypto.so.3)
==268755==    by 0x56755FB: ??? (in /usr/lib/x86_64-linux-gnu/libcrypto.so.3)
==268755==    by 0x569035D: X509_STORE_CTX_get_by_subject (in /usr/lib/x86_64-linux-gnu/libcrypto.so.3)
==268755== 
==268755== 40 bytes in 1 blocks are still reachable in loss record 983 of 2,004
==268755==    at 0x4848899: malloc (in /usr/libexec/valgrind/vgpreload_memcheck-amd64-linux.so)
==268755==    by 0x5647AA0: ??? (in /usr/lib/x86_64-linux-gnu/libcrypto.so.3)
==268755==    by 0x5666904: ??? (in /usr/lib/x86_64-linux-gnu/libcrypto.so.3)
==268755==    by 0x560B85B: ??? (in /usr/lib/x86_64-linux-gnu/libcrypto.so.3)
==268755==    by 0x560B71B: ??? (in /usr/lib/x86_64-linux-gnu/libcrypto.so.3)
==268755==    by 0x562AD6A: ??? (in /usr/lib/x86_64-linux-gnu/libcrypto.so.3)
==268755==    by 0x56F44E7: ??? (in /usr/lib/x86_64-linux-gnu/libcrypto.so.3)
==268755==    by 0x56F49C6: ??? (in /usr/lib/x86_64-linux-gnu/libcrypto.so.3)
==268755==    by 0x5666F9E: OSSL_STORE_LOADER_fetch (in /usr/lib/x86_64-linux-gnu/libcrypto.so.3)
==268755==    by 0x566B2F7: OSSL_STORE_open_ex (in /usr/lib/x86_64-linux-gnu/libcrypto.so.3)
==268755==    by 0x5675379: ??? (in /usr/lib/x86_64-linux-gnu/libcrypto.so.3)
==268755==    by 0x56755FB: ??? (in /usr/lib/x86_64-linux-gnu/libcrypto.so.3)
==268755== 
==268755== 40 bytes in 1 blocks are still reachable in loss record 984 of 2,004
==268755==    at 0x4849013: operator new(unsigned long) (in /usr/libexec/valgrind/vgpreload_memcheck-amd64-linux.so)
==268755==    by 0x130468: __gnu_cxx::new_allocator<char>::allocate(unsigned long, void const*) (new_allocator.h:127)
==268755==    by 0x12F934: allocate (allocator.h:185)
==268755==    by 0x12F934: std::allocator_traits<std::allocator<char> >::allocate(std::allocator<char>&, unsigned long) (alloc_traits.h:464)
==268755==    by 0x12FCCD: std::__cxx11::basic_string<char, std::char_traits<char>, std::allocator<char> >::_M_create(unsigned long&, unsigned long) (basic_string.tcc:153)
==268755==    by 0x13879A: std::__cxx11::basic_string<char, std::char_traits<char>, std::allocator<char> >::_M_assign(std::__cxx11::basic_string<char, std::char_traits<char>, std::allocator<char> > const&) (basic_string.tcc:265)
==268755==    by 0x13767A: std::__cxx11::basic_string<char, std::char_traits<char>, std::allocator<char> >::assign(std::__cxx11::basic_string<char, std::char_traits<char>, std::allocator<char> > const&) (basic_string.h:1387)
==268755==    by 0x13617C: std::__cxx11::basic_string<char, std::char_traits<char>, std::allocator<char> >::operator=(std::__cxx11::basic_string<char, std::char_traits<char>, std::allocator<char> > const&) (basic_string.h:681)
==268755==    by 0x16FB6A: cpp_dbc::config::ConnectionPoolConfig::setUrl(std::__cxx11::basic_string<char, std::char_traits<char>, std::allocator<char> > const&) (database_config.hpp:282)
==268755==    by 0x1B3B46: CATCH2_INTERNAL_TEST_0() (test_mysql_real.cpp:215)
==268755==    by 0x261743: Catch::TestInvokerAsFunction::invoke() const (catch_test_case_registry_impl.cpp:149)
==268755==    by 0x256F30: Catch::TestCaseHandle::invoke() const (catch_test_case_info.hpp:115)
==268755==    by 0x255FF5: Catch::RunContext::invokeActiveTestCase() (catch_run_context.cpp:538)
==268755== 
==268755== 40 bytes in 1 blocks are still reachable in loss record 985 of 2,004
==268755==    at 0x4849013: operator new(unsigned long) (in /usr/libexec/valgrind/vgpreload_memcheck-amd64-linux.so)
==268755==    by 0x130468: __gnu_cxx::new_allocator<char>::allocate(unsigned long, void const*) (new_allocator.h:127)
==268755==    by 0x12F934: allocate (allocator.h:185)
==268755==    by 0x12F934: std::allocator_traits<std::allocator<char> >::allocate(std::allocator<char>&, unsigned long) (alloc_traits.h:464)
==268755==    by 0x12FCCD: std::__cxx11::basic_string<char, std::char_traits<char>, std::allocator<char> >::_M_create(unsigned long&, unsigned long) (basic_string.tcc:153)
==268755==    by 0x138C8E: void std::__cxx11::basic_string<char, std::char_traits<char>, std::allocator<char> >::_M_construct<char*>(char*, char*, std::forward_iterator_tag) (basic_string.tcc:219)
==268755==    by 0x138039: void std::__cxx11::basic_string<char, std::char_traits<char>, std::allocator<char> >::_M_construct_aux<char*>(char*, char*, std::__false_type) (basic_string.h:255)
==268755==    by 0x136D88: void std::__cxx11::basic_string<char, std::char_traits<char>, std::allocator<char> >::_M_construct<char*>(char*, char*) (basic_string.h:274)
==268755==    by 0x135B15: std::__cxx11::basic_string<char, std::char_traits<char>, std::allocator<char> >::basic_string(std::__cxx11::basic_string<char, std::char_traits<char>, std::allocator<char> > const&) (basic_string.h:459)
==268755==    by 0x1D3550: cpp_dbc::ConnectionPool::ConnectionPool(cpp_dbc::config::ConnectionPoolConfig const&) (connection_pool.cpp:59)
==268755==    by 0x1D5F84: cpp_dbc::MySQL::MySQLConnectionPool::MySQLConnectionPool(cpp_dbc::config::ConnectionPoolConfig const&) (connection_pool.cpp:851)
==268755==    by 0x1B6B6A: decltype (::new ((void*)(0)) cpp_dbc::MySQL::MySQLConnectionPool((declval<cpp_dbc::config::ConnectionPoolConfig&>)())) std::construct_at<cpp_dbc::MySQL::MySQLConnectionPool, cpp_dbc::config::ConnectionPoolConfig&>(cpp_dbc::MySQL::MySQLConnectionPool*, cpp_dbc::config::ConnectionPoolConfig&) (stl_construct.h:97)
==268755==    by 0x1B6BCD: void std::allocator_traits<std::allocator<cpp_dbc::MySQL::MySQLConnectionPool> >::construct<cpp_dbc::MySQL::MySQLConnectionPool, cpp_dbc::config::ConnectionPoolConfig&>(std::allocator<cpp_dbc::MySQL::MySQLConnectionPool>&, cpp_dbc::MySQL::MySQLConnectionPool*, cpp_dbc::config::ConnectionPoolConfig&) (alloc_traits.h:518)
==268755== 
==268755== 40 bytes in 1 blocks are still reachable in loss record 986 of 2,004
==268755==    at 0x4849013: operator new(unsigned long) (in /usr/libexec/valgrind/vgpreload_memcheck-amd64-linux.so)
==268755==    by 0x130468: __gnu_cxx::new_allocator<char>::allocate(unsigned long, void const*) (new_allocator.h:127)
==268755==    by 0x12F934: allocate (allocator.h:185)
==268755==    by 0x12F934: std::allocator_traits<std::allocator<char> >::allocate(std::allocator<char>&, unsigned long) (alloc_traits.h:464)
==268755==    by 0x12FCCD: std::__cxx11::basic_string<char, std::char_traits<char>, std::allocator<char> >::_M_create(unsigned long&, unsigned long) (basic_string.tcc:153)
==268755==    by 0x138C8E: void std::__cxx11::basic_string<char, std::char_traits<char>, std::allocator<char> >::_M_construct<char*>(char*, char*, std::forward_iterator_tag) (basic_string.tcc:219)
==268755==    by 0x138039: void std::__cxx11::basic_string<char, std::char_traits<char>, std::allocator<char> >::_M_construct_aux<char*>(char*, char*, std::__false_type) (basic_string.h:255)
==268755==    by 0x136D88: void std::__cxx11::basic_string<char, std::char_traits<char>, std::allocator<char> >::_M_construct<char*>(char*, char*) (basic_string.h:274)
==268755==    by 0x135B15: std::__cxx11::basic_string<char, std::char_traits<char>, std::allocator<char> >::basic_string(std::__cxx11::basic_string<char, std::char_traits<char>, std::allocator<char> > const&) (basic_string.h:459)
==268755==    by 0x25857B: Catch::AssertionResultData::AssertionResultData(Catch::AssertionResultData const&) (catch_assertion_result.hpp:21)
==268755==    by 0x258651: Catch::AssertionResult::AssertionResult(Catch::AssertionResult const&) (catch_assertion_result.hpp:35)
==268755==    by 0x2586A3: Catch::Optional<Catch::AssertionResult>::operator=(Catch::AssertionResult const&) (catch_optional.hpp:41)
==268755==    by 0x2548C6: Catch::RunContext::assertionEnded(Catch::AssertionResult const&) (catch_run_context.cpp:290)
==268755== 
==268755== 41 bytes in 7 blocks are still reachable in loss record 987 of 2,004
==268755==    at 0x4848899: malloc (in /usr/libexec/valgrind/vgpreload_memcheck-amd64-linux.so)
==268755==    by 0x56177D2: CRYPTO_strndup (in /usr/lib/x86_64-linux-gnu/libcrypto.so.3)
==268755==    by 0x56FC850: ??? (in /usr/lib/x86_64-linux-gnu/libcrypto.so.3)
==268755==    by 0x55FAC0A: ??? (in /usr/lib/x86_64-linux-gnu/libcrypto.so.3)
==268755==    by 0x55EBB09: ??? (in /usr/lib/x86_64-linux-gnu/libcrypto.so.3)
==268755==    by 0x560B7F8: ??? (in /usr/lib/x86_64-linux-gnu/libcrypto.so.3)
==268755==    by 0x560B71B: ??? (in /usr/lib/x86_64-linux-gnu/libcrypto.so.3)
==268755==    by 0x562AD6A: ??? (in /usr/lib/x86_64-linux-gnu/libcrypto.so.3)
==268755==    by 0x56F44E7: ??? (in /usr/lib/x86_64-linux-gnu/libcrypto.so.3)
==268755==    by 0x56F4B3D: ??? (in /usr/lib/x86_64-linux-gnu/libcrypto.so.3)
==268755==    by 0x55F783E: EVP_KEYEXCH_fetch (in /usr/lib/x86_64-linux-gnu/libcrypto.so.3)
==268755==    by 0x53F5256: SSL_CTX_new_ex (in /usr/lib/x86_64-linux-gnu/libssl.so.3)
==268755== 
==268755== 44 bytes in 1 blocks are still reachable in loss record 988 of 2,004
==268755==    at 0x4849013: operator new(unsigned long) (in /usr/libexec/valgrind/vgpreload_memcheck-amd64-linux.so)
==268755==    by 0x130468: __gnu_cxx::new_allocator<char>::allocate(unsigned long, void const*) (new_allocator.h:127)
==268755==    by 0x12F934: allocate (allocator.h:185)
==268755==    by 0x12F934: std::allocator_traits<std::allocator<char> >::allocate(std::allocator<char>&, unsigned long) (alloc_traits.h:464)
==268755==    by 0x12FCCD: std::__cxx11::basic_string<char, std::char_traits<char>, std::allocator<char> >::_M_create(unsigned long&, unsigned long) (basic_string.tcc:153)
==268755==    by 0x14FFB1: std::__cxx11::basic_string<char, std::char_traits<char>, std::allocator<char> >::reserve(unsigned long) (basic_string.tcc:291)
==268755==    by 0x213D58: Catch::TestCaseInfo::TestCaseInfo(Catch::StringRef, Catch::NameAndTags const&, Catch::SourceLineInfo const&) (catch_test_case_info.cpp:132)
==268755==    by 0x214A8E: Catch::Detail::unique_ptr<Catch::TestCaseInfo> Catch::Detail::make_unique<Catch::TestCaseInfo, Catch::StringRef&, Catch::NameAndTags const&, Catch::SourceLineInfo const&>(Catch::StringRef&, Catch::NameAndTags const&, Catch::SourceLineInfo const&) (catch_unique_ptr.hpp:111)
==268755==    by 0x213B99: Catch::makeTestCaseInfo(Catch::StringRef, Catch::NameAndTags const&, Catch::SourceLineInfo const&) (catch_test_case_info.cpp:118)
==268755==    by 0x26E957: Catch::AutoReg::AutoReg(Catch::Detail::unique_ptr<Catch::ITestInvoker>, Catch::SourceLineInfo const&, Catch::StringRef, Catch::NameAndTags const&) (catch_test_registry.cpp:59)
==268755==    by 0x16E847: __static_initialization_and_destruction_0(int, int) (test_connection_pool.cpp:18)
==268755==    by 0x16EB45: _GLOBAL__sub_I_test_connection_pool.cpp (test_connection_pool.cpp:303)
==268755==    by 0x51BBEBA: call_init (libc-start.c:145)
==268755==    by 0x51BBEBA: __libc_start_main@@GLIBC_2.34 (libc-start.c:379)
==268755== 
==268755== 44 bytes in 1 blocks are still reachable in loss record 989 of 2,004
==268755==    at 0x4849013: operator new(unsigned long) (in /usr/libexec/valgrind/vgpreload_memcheck-amd64-linux.so)
==268755==    by 0x130468: __gnu_cxx::new_allocator<char>::allocate(unsigned long, void const*) (new_allocator.h:127)
==268755==    by 0x12F934: allocate (allocator.h:185)
==268755==    by 0x12F934: std::allocator_traits<std::allocator<char> >::allocate(std::allocator<char>&, unsigned long) (alloc_traits.h:464)
==268755==    by 0x12FCCD: std::__cxx11::basic_string<char, std::char_traits<char>, std::allocator<char> >::_M_create(unsigned long&, unsigned long) (basic_string.tcc:153)
==268755==    by 0x14FFB1: std::__cxx11::basic_string<char, std::char_traits<char>, std::allocator<char> >::reserve(unsigned long) (basic_string.tcc:291)
==268755==    by 0x213D58: Catch::TestCaseInfo::TestCaseInfo(Catch::StringRef, Catch::NameAndTags const&, Catch::SourceLineInfo const&) (catch_test_case_info.cpp:132)
==268755==    by 0x214A8E: Catch::Detail::unique_ptr<Catch::TestCaseInfo> Catch::Detail::make_unique<Catch::TestCaseInfo, Catch::StringRef&, Catch::NameAndTags const&, Catch::SourceLineInfo const&>(Catch::StringRef&, Catch::NameAndTags const&, Catch::SourceLineInfo const&) (catch_unique_ptr.hpp:111)
==268755==    by 0x213B99: Catch::makeTestCaseInfo(Catch::StringRef, Catch::NameAndTags const&, Catch::SourceLineInfo const&) (catch_test_case_info.cpp:118)
==268755==    by 0x26E957: Catch::AutoReg::AutoReg(Catch::Detail::unique_ptr<Catch::ITestInvoker>, Catch::SourceLineInfo const&, Catch::StringRef, Catch::NameAndTags const&) (catch_test_registry.cpp:59)
==268755==    by 0x16E917: __static_initialization_and_destruction_0(int, int) (test_connection_pool.cpp:136)
==268755==    by 0x16EB45: _GLOBAL__sub_I_test_connection_pool.cpp (test_connection_pool.cpp:303)
==268755==    by 0x51BBEBA: call_init (libc-start.c:145)
==268755==    by 0x51BBEBA: __libc_start_main@@GLIBC_2.34 (libc-start.c:379)
==268755== 
==268755== 44 bytes in 1 blocks are still reachable in loss record 990 of 2,004
==268755==    at 0x4849013: operator new(unsigned long) (in /usr/libexec/valgrind/vgpreload_memcheck-amd64-linux.so)
==268755==    by 0x130468: __gnu_cxx::new_allocator<char>::allocate(unsigned long, void const*) (new_allocator.h:127)
==268755==    by 0x12F934: allocate (allocator.h:185)
==268755==    by 0x12F934: std::allocator_traits<std::allocator<char> >::allocate(std::allocator<char>&, unsigned long) (alloc_traits.h:464)
==268755==    by 0x12FCCD: std::__cxx11::basic_string<char, std::char_traits<char>, std::allocator<char> >::_M_create(unsigned long&, unsigned long) (basic_string.tcc:153)
==268755==    by 0x14FFB1: std::__cxx11::basic_string<char, std::char_traits<char>, std::allocator<char> >::reserve(unsigned long) (basic_string.tcc:291)
==268755==    by 0x213D58: Catch::TestCaseInfo::TestCaseInfo(Catch::StringRef, Catch::NameAndTags const&, Catch::SourceLineInfo const&) (catch_test_case_info.cpp:132)
==268755==    by 0x214A8E: Catch::Detail::unique_ptr<Catch::TestCaseInfo> Catch::Detail::make_unique<Catch::TestCaseInfo, Catch::StringRef&, Catch::NameAndTags const&, Catch::SourceLineInfo const&>(Catch::StringRef&, Catch::NameAndTags const&, Catch::SourceLineInfo const&) (catch_unique_ptr.hpp:111)
==268755==    by 0x213B99: Catch::makeTestCaseInfo(Catch::StringRef, Catch::NameAndTags const&, Catch::SourceLineInfo const&) (catch_test_case_info.cpp:118)
==268755==    by 0x26E957: Catch::AutoReg::AutoReg(Catch::Detail::unique_ptr<Catch::ITestInvoker>, Catch::SourceLineInfo const&, Catch::StringRef, Catch::NameAndTags const&) (catch_test_registry.cpp:59)
==268755==    by 0x16E9E7: __static_initialization_and_destruction_0(int, int) (test_connection_pool.cpp:174)
==268755==    by 0x16EB45: _GLOBAL__sub_I_test_connection_pool.cpp (test_connection_pool.cpp:303)
==268755==    by 0x51BBEBA: call_init (libc-start.c:145)
==268755==    by 0x51BBEBA: __libc_start_main@@GLIBC_2.34 (libc-start.c:379)
==268755== 
==268755== 44 bytes in 1 blocks are still reachable in loss record 991 of 2,004
==268755==    at 0x4849013: operator new(unsigned long) (in /usr/libexec/valgrind/vgpreload_memcheck-amd64-linux.so)
==268755==    by 0x130468: __gnu_cxx::new_allocator<char>::allocate(unsigned long, void const*) (new_allocator.h:127)
==268755==    by 0x12F934: allocate (allocator.h:185)
==268755==    by 0x12F934: std::allocator_traits<std::allocator<char> >::allocate(std::allocator<char>&, unsigned long) (alloc_traits.h:464)
==268755==    by 0x12FCCD: std::__cxx11::basic_string<char, std::char_traits<char>, std::allocator<char> >::_M_create(unsigned long&, unsigned long) (basic_string.tcc:153)
==268755==    by 0x14FFB1: std::__cxx11::basic_string<char, std::char_traits<char>, std::allocator<char> >::reserve(unsigned long) (basic_string.tcc:291)
==268755==    by 0x213D58: Catch::TestCaseInfo::TestCaseInfo(Catch::StringRef, Catch::NameAndTags const&, Catch::SourceLineInfo const&) (catch_test_case_info.cpp:132)
==268755==    by 0x214A8E: Catch::Detail::unique_ptr<Catch::TestCaseInfo> Catch::Detail::make_unique<Catch::TestCaseInfo, Catch::StringRef&, Catch::NameAndTags const&, Catch::SourceLineInfo const&>(Catch::StringRef&, Catch::NameAndTags const&, Catch::SourceLineInfo const&) (catch_unique_ptr.hpp:111)
==268755==    by 0x213B99: Catch::makeTestCaseInfo(Catch::StringRef, Catch::NameAndTags const&, Catch::SourceLineInfo const&) (catch_test_case_info.cpp:118)
==268755==    by 0x26E957: Catch::AutoReg::AutoReg(Catch::Detail::unique_ptr<Catch::ITestInvoker>, Catch::SourceLineInfo const&, Catch::StringRef, Catch::NameAndTags const&) (catch_test_registry.cpp:59)
==268755==    by 0x1929D8: __static_initialization_and_destruction_0(int, int) (test_database_config.cpp:11)
==268755==    by 0x192C82: _GLOBAL__sub_I_test_database_config.cpp (test_database_config.cpp:367)
==268755==    by 0x51BBEBA: call_init (libc-start.c:145)
==268755==    by 0x51BBEBA: __libc_start_main@@GLIBC_2.34 (libc-start.c:379)
==268755== 
==268755== 44 bytes in 1 blocks are still reachable in loss record 992 of 2,004
==268755==    at 0x4849013: operator new(unsigned long) (in /usr/libexec/valgrind/vgpreload_memcheck-amd64-linux.so)
==268755==    by 0x130468: __gnu_cxx::new_allocator<char>::allocate(unsigned long, void const*) (new_allocator.h:127)
==268755==    by 0x12F934: allocate (allocator.h:185)
==268755==    by 0x12F934: std::allocator_traits<std::allocator<char> >::allocate(std::allocator<char>&, unsigned long) (alloc_traits.h:464)
==268755==    by 0x12FCCD: std::__cxx11::basic_string<char, std::char_traits<char>, std::allocator<char> >::_M_create(unsigned long&, unsigned long) (basic_string.tcc:153)
==268755==    by 0x14FFB1: std::__cxx11::basic_string<char, std::char_traits<char>, std::allocator<char> >::reserve(unsigned long) (basic_string.tcc:291)
==268755==    by 0x213D58: Catch::TestCaseInfo::TestCaseInfo(Catch::StringRef, Catch::NameAndTags const&, Catch::SourceLineInfo const&) (catch_test_case_info.cpp:132)
==268755==    by 0x214A8E: Catch::Detail::unique_ptr<Catch::TestCaseInfo> Catch::Detail::make_unique<Catch::TestCaseInfo, Catch::StringRef&, Catch::NameAndTags const&, Catch::SourceLineInfo const&>(Catch::StringRef&, Catch::NameAndTags const&, Catch::SourceLineInfo const&) (catch_unique_ptr.hpp:111)
==268755==    by 0x213B99: Catch::makeTestCaseInfo(Catch::StringRef, Catch::NameAndTags const&, Catch::SourceLineInfo const&) (catch_test_case_info.cpp:118)
==268755==    by 0x26E957: Catch::AutoReg::AutoReg(Catch::Detail::unique_ptr<Catch::ITestInvoker>, Catch::SourceLineInfo const&, Catch::StringRef, Catch::NameAndTags const&) (catch_test_registry.cpp:59)
==268755==    by 0x192AA8: __static_initialization_and_destruction_0(int, int) (test_database_config.cpp:66)
==268755==    by 0x192C82: _GLOBAL__sub_I_test_database_config.cpp (test_database_config.cpp:367)
==268755==    by 0x51BBEBA: call_init (libc-start.c:145)
==268755==    by 0x51BBEBA: __libc_start_main@@GLIBC_2.34 (libc-start.c:379)
==268755== 
==268755== 44 bytes in 1 blocks are still reachable in loss record 993 of 2,004
==268755==    at 0x4849013: operator new(unsigned long) (in /usr/libexec/valgrind/vgpreload_memcheck-amd64-linux.so)
==268755==    by 0x130468: __gnu_cxx::new_allocator<char>::allocate(unsigned long, void const*) (new_allocator.h:127)
==268755==    by 0x12F934: allocate (allocator.h:185)
==268755==    by 0x12F934: std::allocator_traits<std::allocator<char> >::allocate(std::allocator<char>&, unsigned long) (alloc_traits.h:464)
==268755==    by 0x12FCCD: std::__cxx11::basic_string<char, std::char_traits<char>, std::allocator<char> >::_M_create(unsigned long&, unsigned long) (basic_string.tcc:153)
==268755==    by 0x14FFB1: std::__cxx11::basic_string<char, std::char_traits<char>, std::allocator<char> >::reserve(unsigned long) (basic_string.tcc:291)
==268755==    by 0x213D58: Catch::TestCaseInfo::TestCaseInfo(Catch::StringRef, Catch::NameAndTags const&, Catch::SourceLineInfo const&) (catch_test_case_info.cpp:132)
==268755==    by 0x214A8E: Catch::Detail::unique_ptr<Catch::TestCaseInfo> Catch::Detail::make_unique<Catch::TestCaseInfo, Catch::StringRef&, Catch::NameAndTags const&, Catch::SourceLineInfo const&>(Catch::StringRef&, Catch::NameAndTags const&, Catch::SourceLineInfo const&) (catch_unique_ptr.hpp:111)
==268755==    by 0x213B99: Catch::makeTestCaseInfo(Catch::StringRef, Catch::NameAndTags const&, Catch::SourceLineInfo const&) (catch_test_case_info.cpp:118)
==268755==    by 0x26E957: Catch::AutoReg::AutoReg(Catch::Detail::unique_ptr<Catch::ITestInvoker>, Catch::SourceLineInfo const&, Catch::StringRef, Catch::NameAndTags const&) (catch_test_registry.cpp:59)
==268755==    by 0x192B78: __static_initialization_and_destruction_0(int, int) (test_database_config.cpp:171)
==268755==    by 0x192C82: _GLOBAL__sub_I_test_database_config.cpp (test_database_config.cpp:367)
==268755==    by 0x51BBEBA: call_init (libc-start.c:145)
==268755==    by 0x51BBEBA: __libc_start_main@@GLIBC_2.34 (libc-start.c:379)
==268755== 
==268755== 44 bytes in 1 blocks are still reachable in loss record 994 of 2,004
==268755==    at 0x4849013: operator new(unsigned long) (in /usr/libexec/valgrind/vgpreload_memcheck-amd64-linux.so)
==268755==    by 0x130468: __gnu_cxx::new_allocator<char>::allocate(unsigned long, void const*) (new_allocator.h:127)
==268755==    by 0x12F934: allocate (allocator.h:185)
==268755==    by 0x12F934: std::allocator_traits<std::allocator<char> >::allocate(std::allocator<char>&, unsigned long) (alloc_traits.h:464)
==268755==    by 0x12FCCD: std::__cxx11::basic_string<char, std::char_traits<char>, std::allocator<char> >::_M_create(unsigned long&, unsigned long) (basic_string.tcc:153)
==268755==    by 0x14FFB1: std::__cxx11::basic_string<char, std::char_traits<char>, std::allocator<char> >::reserve(unsigned long) (basic_string.tcc:291)
==268755==    by 0x213D58: Catch::TestCaseInfo::TestCaseInfo(Catch::StringRef, Catch::NameAndTags const&, Catch::SourceLineInfo const&) (catch_test_case_info.cpp:132)
==268755==    by 0x214A8E: Catch::Detail::unique_ptr<Catch::TestCaseInfo> Catch::Detail::make_unique<Catch::TestCaseInfo, Catch::StringRef&, Catch::NameAndTags const&, Catch::SourceLineInfo const&>(Catch::StringRef&, Catch::NameAndTags const&, Catch::SourceLineInfo const&) (catch_unique_ptr.hpp:111)
==268755==    by 0x213B99: Catch::makeTestCaseInfo(Catch::StringRef, Catch::NameAndTags const&, Catch::SourceLineInfo const&) (catch_test_case_info.cpp:118)
==268755==    by 0x26E957: Catch::AutoReg::AutoReg(Catch::Detail::unique_ptr<Catch::ITestInvoker>, Catch::SourceLineInfo const&, Catch::StringRef, Catch::NameAndTags const&) (catch_test_registry.cpp:59)
==268755==    by 0x192C48: __static_initialization_and_destruction_0(int, int) (test_database_config.cpp:239)
==268755==    by 0x192C82: _GLOBAL__sub_I_test_database_config.cpp (test_database_config.cpp:367)
==268755==    by 0x51BBEBA: call_init (libc-start.c:145)
==268755==    by 0x51BBEBA: __libc_start_main@@GLIBC_2.34 (libc-start.c:379)
==268755== 
==268755== 44 bytes in 1 blocks are still reachable in loss record 995 of 2,004
==268755==    at 0x4849013: operator new(unsigned long) (in /usr/libexec/valgrind/vgpreload_memcheck-amd64-linux.so)
==268755==    by 0x130468: __gnu_cxx::new_allocator<char>::allocate(unsigned long, void const*) (new_allocator.h:127)
==268755==    by 0x12F934: allocate (allocator.h:185)
==268755==    by 0x12F934: std::allocator_traits<std::allocator<char> >::allocate(std::allocator<char>&, unsigned long) (alloc_traits.h:464)
==268755==    by 0x12FCCD: std::__cxx11::basic_string<char, std::char_traits<char>, std::allocator<char> >::_M_create(unsigned long&, unsigned long) (basic_string.tcc:153)
==268755==    by 0x14FFB1: std::__cxx11::basic_string<char, std::char_traits<char>, std::allocator<char> >::reserve(unsigned long) (basic_string.tcc:291)
==268755==    by 0x213D58: Catch::TestCaseInfo::TestCaseInfo(Catch::StringRef, Catch::NameAndTags const&, Catch::SourceLineInfo const&) (catch_test_case_info.cpp:132)
==268755==    by 0x214A8E: Catch::Detail::unique_ptr<Catch::TestCaseInfo> Catch::Detail::make_unique<Catch::TestCaseInfo, Catch::StringRef&, Catch::NameAndTags const&, Catch::SourceLineInfo const&>(Catch::StringRef&, Catch::NameAndTags const&, Catch::SourceLineInfo const&) (catch_unique_ptr.hpp:111)
==268755==    by 0x213B99: Catch::makeTestCaseInfo(Catch::StringRef, Catch::NameAndTags const&, Catch::SourceLineInfo const&) (catch_test_case_info.cpp:118)
==268755==    by 0x26E957: Catch::AutoReg::AutoReg(Catch::Detail::unique_ptr<Catch::ITestInvoker>, Catch::SourceLineInfo const&, Catch::StringRef, Catch::NameAndTags const&) (catch_test_registry.cpp:59)
==268755==    by 0x1BE770: __static_initialization_and_destruction_0(int, int) (test_postgresql_real.cpp:95)
==268755==    by 0x1BE7AA: _GLOBAL__sub_I_test_postgresql_real.cpp (test_postgresql_real.cpp:618)
==268755==    by 0x51BBEBA: call_init (libc-start.c:145)
==268755==    by 0x51BBEBA: __libc_start_main@@GLIBC_2.34 (libc-start.c:379)
==268755== 
==268755== 44 bytes in 2 blocks are still reachable in loss record 996 of 2,004
==268755==    at 0x4849013: operator new(unsigned long) (in /usr/libexec/valgrind/vgpreload_memcheck-amd64-linux.so)
==268755==    by 0x130468: __gnu_cxx::new_allocator<char>::allocate(unsigned long, void const*) (new_allocator.h:127)
==268755==    by 0x12F934: allocate (allocator.h:185)
==268755==    by 0x12F934: std::allocator_traits<std::allocator<char> >::allocate(std::allocator<char>&, unsigned long) (alloc_traits.h:464)
==268755==    by 0x12FCCD: std::__cxx11::basic_string<char, std::char_traits<char>, std::allocator<char> >::_M_create(unsigned long&, unsigned long) (basic_string.tcc:153)
==268755==    by 0x12F7D0: void std::__cxx11::basic_string<char, std::char_traits<char>, std::allocator<char> >::_M_construct<char const*>(char const*, char const*, std::forward_iterator_tag) (basic_string.tcc:219)
==268755==    by 0x12F0D0: std::__cxx11::basic_string<char, std::char_traits<char>, std::allocator<char> >::basic_string<std::allocator<char> >(char const*, std::allocator<char> const&) (basic_string.h:539)
==268755==    by 0x1B253A: CATCH2_INTERNAL_TEST_0()::{lambda()#1}::operator()() const (test_mysql_real.cpp:264)
==268755==    by 0x1B4DC5: void std::__invoke_impl<void, CATCH2_INTERNAL_TEST_0()::{lambda()#1}>(std::__invoke_other, CATCH2_INTERNAL_TEST_0()::{lambda()#1}&&) (invoke.h:61)
==268755==    by 0x1B4D88: std::__invoke_result<CATCH2_INTERNAL_TEST_0()::{lambda()#1}>::type std::__invoke<CATCH2_INTERNAL_TEST_0()::{lambda()#1}>(CATCH2_INTERNAL_TEST_0()::{lambda()#1}&&) (invoke.h:96)
==268755==    by 0x1B4D35: void std::thread::_Invoker<std::tuple<CATCH2_INTERNAL_TEST_0()::{lambda()#1}> >::_M_invoke<0ul>(std::_Index_tuple<0ul>) (std_thread.h:259)
==268755==    by 0x1B4D09: std::thread::_Invoker<std::tuple<CATCH2_INTERNAL_TEST_0()::{lambda()#1}> >::operator()() (std_thread.h:266)
==268755==    by 0x1B4CED: std::thread::_State_impl<std::thread::_Invoker<std::tuple<CATCH2_INTERNAL_TEST_0()::{lambda()#1}> > >::_M_run() (std_thread.h:211)
==268755== 
==268755== 45 bytes in 2 blocks are still reachable in loss record 997 of 2,004
==268755==    at 0x4849013: operator new(unsigned long) (in /usr/libexec/valgrind/vgpreload_memcheck-amd64-linux.so)
==268755==    by 0x130468: __gnu_cxx::new_allocator<char>::allocate(unsigned long, void const*) (new_allocator.h:127)
==268755==    by 0x12F934: allocate (allocator.h:185)
==268755==    by 0x12F934: std::allocator_traits<std::allocator<char> >::allocate(std::allocator<char>&, unsigned long) (alloc_traits.h:464)
==268755==    by 0x12FCCD: std::__cxx11::basic_string<char, std::char_traits<char>, std::allocator<char> >::_M_create(unsigned long&, unsigned long) (basic_string.tcc:153)
==268755==    by 0x12F7D0: void std::__cxx11::basic_string<char, std::char_traits<char>, std::allocator<char> >::_M_construct<char const*>(char const*, char const*, std::forward_iterator_tag) (basic_string.tcc:219)
==268755==    by 0x12FD33: void std::__cxx11::basic_string<char, std::char_traits<char>, std::allocator<char> >::_M_construct_aux<char const*>(char const*, char const*, std::__false_type) (basic_string.h:255)
==268755==    by 0x12F612: void std::__cxx11::basic_string<char, std::char_traits<char>, std::allocator<char> >::_M_construct<char const*>(char const*, char const*) (basic_string.h:274)
==268755==    by 0x12EF1D: std::__cxx11::basic_string<char, std::char_traits<char>, std::allocator<char> >::basic_string(char const*, unsigned long, std::allocator<char> const&) (basic_string.h:521)
==268755==    by 0x14BA4C: Catch::StringRef::operator std::__cxx11::basic_string<char, std::char_traits<char>, std::allocator<char> >() const (catch_stringref.hpp:50)
==268755==    by 0x26B149: Catch::TestCaseTracking::SectionTracker::acquire(Catch::TestCaseTracking::TrackerContext&, Catch::TestCaseTracking::NameAndLocationRef const&) (catch_test_case_tracker.cpp:196)
==268755==    by 0x254A3C: Catch::RunContext::sectionStarted(Catch::StringRef, Catch::SourceLineInfo const&, Catch::Counts&) (catch_run_context.cpp:299)
==268755==    by 0x25CEAE: Catch::Section::Section(Catch::SourceLineInfo const&, Catch::StringRef, char const*) (catch_section.cpp:31)
==268755== 
==268755== 46 bytes in 1 blocks are still reachable in loss record 998 of 2,004
==268755==    at 0x4849013: operator new(unsigned long) (in /usr/libexec/valgrind/vgpreload_memcheck-amd64-linux.so)
==268755==    by 0x130468: __gnu_cxx::new_allocator<char>::allocate(unsigned long, void const*) (new_allocator.h:127)
==268755==    by 0x12F934: allocate (allocator.h:185)
==268755==    by 0x12F934: std::allocator_traits<std::allocator<char> >::allocate(std::allocator<char>&, unsigned long) (alloc_traits.h:464)
==268755==    by 0x12FCCD: std::__cxx11::basic_string<char, std::char_traits<char>, std::allocator<char> >::_M_create(unsigned long&, unsigned long) (basic_string.tcc:153)
==268755==    by 0x14FFB1: std::__cxx11::basic_string<char, std::char_traits<char>, std::allocator<char> >::reserve(unsigned long) (basic_string.tcc:291)
==268755==    by 0x213D58: Catch::TestCaseInfo::TestCaseInfo(Catch::StringRef, Catch::NameAndTags const&, Catch::SourceLineInfo const&) (catch_test_case_info.cpp:132)
==268755==    by 0x214A8E: Catch::Detail::unique_ptr<Catch::TestCaseInfo> Catch::Detail::make_unique<Catch::TestCaseInfo, Catch::StringRef&, Catch::NameAndTags const&, Catch::SourceLineInfo const&>(Catch::StringRef&, Catch::NameAndTags const&, Catch::SourceLineInfo const&) (catch_unique_ptr.hpp:111)
==268755==    by 0x213B99: Catch::makeTestCaseInfo(Catch::StringRef, Catch::NameAndTags const&, Catch::SourceLineInfo const&) (catch_test_case_info.cpp:118)
==268755==    by 0x26E957: Catch::AutoReg::AutoReg(Catch::Detail::unique_ptr<Catch::ITestInvoker>, Catch::SourceLineInfo const&, Catch::StringRef, Catch::NameAndTags const&) (catch_test_registry.cpp:59)
==268755==    by 0x1625A5: __static_initialization_and_destruction_0(int, int) (test_mysql_connection.cpp:15)
==268755==    by 0x1625DF: _GLOBAL__sub_I_test_mysql_connection.cpp (test_mysql_connection.cpp:106)
==268755==    by 0x51BBEBA: call_init (libc-start.c:145)
==268755==    by 0x51BBEBA: __libc_start_main@@GLIBC_2.34 (libc-start.c:379)
==268755== 
==268755== 46 bytes in 2 blocks are still reachable in loss record 999 of 2,004
==268755==    at 0x4849013: operator new(unsigned long) (in /usr/libexec/valgrind/vgpreload_memcheck-amd64-linux.so)
==268755==    by 0x130468: __gnu_cxx::new_allocator<char>::allocate(unsigned long, void const*) (new_allocator.h:127)
==268755==    by 0x12F934: allocate (allocator.h:185)
==268755==    by 0x12F934: std::allocator_traits<std::allocator<char> >::allocate(std::allocator<char>&, unsigned long) (alloc_traits.h:464)
==268755==    by 0x12FCCD: std::__cxx11::basic_string<char, std::char_traits<char>, std::allocator<char> >::_M_create(unsigned long&, unsigned long) (basic_string.tcc:153)
==268755==    by 0x12F7D0: void std::__cxx11::basic_string<char, std::char_traits<char>, std::allocator<char> >::_M_construct<char const*>(char const*, char const*, std::forward_iterator_tag) (basic_string.tcc:219)
==268755==    by 0x12F0D0: std::__cxx11::basic_string<char, std::char_traits<char>, std::allocator<char> >::basic_string<std::allocator<char> >(char const*, std::allocator<char> const&) (basic_string.h:539)
==268755==    by 0x1B27CA: CATCH2_INTERNAL_TEST_0()::{lambda()#1}::operator()() const (test_mysql_real.cpp:299)
==268755==    by 0x1B4DC5: void std::__invoke_impl<void, CATCH2_INTERNAL_TEST_0()::{lambda()#1}>(std::__invoke_other, CATCH2_INTERNAL_TEST_0()::{lambda()#1}&&) (invoke.h:61)
==268755==    by 0x1B4D88: std::__invoke_result<CATCH2_INTERNAL_TEST_0()::{lambda()#1}>::type std::__invoke<CATCH2_INTERNAL_TEST_0()::{lambda()#1}>(CATCH2_INTERNAL_TEST_0()::{lambda()#1}&&) (invoke.h:96)
==268755==    by 0x1B4D35: void std::thread::_Invoker<std::tuple<CATCH2_INTERNAL_TEST_0()::{lambda()#1}> >::_M_invoke<0ul>(std::_Index_tuple<0ul>) (std_thread.h:259)
==268755==    by 0x1B4D09: std::thread::_Invoker<std::tuple<CATCH2_INTERNAL_TEST_0()::{lambda()#1}> >::operator()() (std_thread.h:266)
==268755==    by 0x1B4CED: std::thread::_State_impl<std::thread::_Invoker<std::tuple<CATCH2_INTERNAL_TEST_0()::{lambda()#1}> > >::_M_run() (std_thread.h:211)
==268755== 
==268755== 48 bytes in 1 blocks are still reachable in loss record 1,000 of 2,004
==268755==    at 0x4849013: operator new(unsigned long) (in /usr/libexec/valgrind/vgpreload_memcheck-amd64-linux.so)
==268755==    by 0x22ACFA: __gnu_cxx::new_allocator<std::_Sp_counted_ptr_inplace<std::__cxx11::basic_string<char, std::char_traits<char>, std::allocator<char> >, std::allocator<std::__cxx11::basic_string<char, std::char_traits<char>, std::allocator<char> > >, (__gnu_cxx::_Lock_policy)2> >::allocate(unsigned long, void const*) (new_allocator.h:127)
==268755==    by 0x22A442: std::allocator_traits<std::allocator<std::_Sp_counted_ptr_inplace<std::__cxx11::basic_string<char, std::char_traits<char>, std::allocator<char> >, std::allocator<std::__cxx11::basic_string<char, std::char_traits<char>, std::allocator<char> > >, (__gnu_cxx::_Lock_policy)2> > >::allocate(std::allocator<std::_Sp_counted_ptr_inplace<std::__cxx11::basic_string<char, std::char_traits<char>, std::allocator<char> >, std::allocator<std::__cxx11::basic_string<char, std::char_traits<char>, std::allocator<char> > >, (__gnu_cxx::_Lock_policy)2> >&, unsigned long) (alloc_traits.h:464)
==268755==    by 0x229763: std::__allocated_ptr<std::allocator<std::_Sp_counted_ptr_inplace<std::__cxx11::basic_string<char, std::char_traits<char>, std::allocator<char> >, std::allocator<std::__cxx11::basic_string<char, std::char_traits<char>, std::allocator<char> > >, (__gnu_cxx::_Lock_policy)2> > > std::__allocate_guarded<std::allocator<std::_Sp_counted_ptr_inplace<std::__cxx11::basic_string<char, std::char_traits<char>, std::allocator<char> >, std::allocator<std::__cxx11::basic_string<char, std::char_traits<char>, std::allocator<char> > >, (__gnu_cxx::_Lock_policy)2> > >(std::allocator<std::_Sp_counted_ptr_inplace<std::__cxx11::basic_string<char, std::char_traits<char>, std::allocator<char> >, std::allocator<std::__cxx11::basic_string<char, std::char_traits<char>, std::allocator<char> > >, (__gnu_cxx::_Lock_policy)2> >&) (allocated_ptr.h:98)
==268755==    by 0x228873: std::__shared_count<(__gnu_cxx::_Lock_policy)2>::__shared_count<std::__cxx11::basic_string<char, std::char_traits<char>, std::allocator<char> >, std::allocator<std::__cxx11::basic_string<char, std::char_traits<char>, std::allocator<char> > >, char const (&) [13]>(std::__cxx11::basic_string<char, std::char_traits<char>, std::allocator<char> >*&, std::_Sp_alloc_shared_tag<std::allocator<std::__cxx11::basic_string<char, std::char_traits<char>, std::allocator<char> > > >, char const (&) [13]) (shared_ptr_base.h:648)
==268755==    by 0x227AE9: std::__shared_ptr<std::__cxx11::basic_string<char, std::char_traits<char>, std::allocator<char> >, (__gnu_cxx::_Lock_policy)2>::__shared_ptr<std::allocator<std::__cxx11::basic_string<char, std::char_traits<char>, std::allocator<char> > >, char const (&) [13]>(std::_Sp_alloc_shared_tag<std::allocator<std::__cxx11::basic_string<char, std::char_traits<char>, std::allocator<char> > > >, char const (&) [13]) (shared_ptr_base.h:1342)
==268755==    by 0x2263C8: std::shared_ptr<std::__cxx11::basic_string<char, std::char_traits<char>, std::allocator<char> > >::shared_ptr<std::allocator<std::__cxx11::basic_string<char, std::char_traits<char>, std::allocator<char> > >, char const (&) [13]>(std::_Sp_alloc_shared_tag<std::allocator<std::__cxx11::basic_string<char, std::char_traits<char>, std::allocator<char> > > >, char const (&) [13]) (shared_ptr.h:409)
==268755==    by 0x22514E: std::shared_ptr<std::__cxx11::basic_string<char, std::char_traits<char>, std::allocator<char> > > std::allocate_shared<std::__cxx11::basic_string<char, std::char_traits<char>, std::allocator<char> >, std::allocator<std::__cxx11::basic_string<char, std::char_traits<char>, std::allocator<char> > >, char const (&) [13]>(std::allocator<std::__cxx11::basic_string<char, std::char_traits<char>, std::allocator<char> > > const&, char const (&) [13]) (shared_ptr.h:863)
==268755==    by 0x223A85: std::shared_ptr<std::__cxx11::basic_string<char, std::char_traits<char>, std::allocator<char> > > std::make_shared<std::__cxx11::basic_string<char, std::char_traits<char>, std::allocator<char> >, char const (&) [13]>(char const (&) [13]) (shared_ptr.h:879)
==268755==    by 0x21F4F5: Catch::Clara::ExeName::ExeName() (catch_clara.cpp:273)
==268755==    by 0x21F571: Catch::Clara::ExeName::ExeName(std::__cxx11::basic_string<char, std::char_traits<char>, std::allocator<char> >&) (catch_clara.cpp:275)
==268755==    by 0x2305BA: Catch::makeCommandLineParser(Catch::ConfigData&) (catch_commandline.cpp:203)
==268755== 
==268755== 48 bytes in 1 blocks are still reachable in loss record 1,001 of 2,004
==268755==    at 0x4849013: operator new(unsigned long) (in /usr/libexec/valgrind/vgpreload_memcheck-amd64-linux.so)
==268755==    by 0x2B475A: __gnu_cxx::new_allocator<Catch::TestSpec::Filter>::allocate(unsigned long, void const*) (new_allocator.h:127)
==268755==    by 0x2B43AB: std::allocator_traits<std::allocator<Catch::TestSpec::Filter> >::allocate(std::allocator<Catch::TestSpec::Filter>&, unsigned long) (alloc_traits.h:464)
==268755==    by 0x2B401B: std::_Vector_base<Catch::TestSpec::Filter, std::allocator<Catch::TestSpec::Filter> >::_M_allocate(unsigned long) (stl_vector.h:346)
==268755==    by 0x2B36EA: void std::vector<Catch::TestSpec::Filter, std::allocator<Catch::TestSpec::Filter> >::_M_realloc_insert<Catch::TestSpec::Filter>(__gnu_cxx::__normal_iterator<Catch::TestSpec::Filter*, std::vector<Catch::TestSpec::Filter, std::allocator<Catch::TestSpec::Filter> > >, Catch::TestSpec::Filter&&) (vector.tcc:440)
==268755==    by 0x2B2E8D: Catch::TestSpec::Filter& std::vector<Catch::TestSpec::Filter, std::allocator<Catch::TestSpec::Filter> >::emplace_back<Catch::TestSpec::Filter>(Catch::TestSpec::Filter&&) (vector.tcc:121)
==268755==    by 0x2B2847: std::vector<Catch::TestSpec::Filter, std::allocator<Catch::TestSpec::Filter> >::push_back(Catch::TestSpec::Filter&&) (stl_vector.h:1204)
==268755==    by 0x2B1D18: Catch::TestSpecParser::addFilter() (catch_test_spec_parser.cpp:155)
==268755==    by 0x2B185F: Catch::TestSpecParser::testSpec() (catch_test_spec_parser.cpp:38)
==268755==    by 0x2A180A: Catch::Config::Config(Catch::ConfigData const&) (catch_config.cpp:133)
==268755==    by 0x20AAE0: Catch::Detail::unique_ptr<Catch::Config> Catch::Detail::make_unique<Catch::Config, Catch::ConfigData&>(Catch::ConfigData&) (catch_unique_ptr.hpp:111)
==268755==    by 0x20703A: Catch::Session::config() (catch_session.cpp:282)
==268755== 
==268755== 48 bytes in 1 blocks are still reachable in loss record 1,002 of 2,004
==268755==    at 0x4848899: malloc (in /usr/libexec/valgrind/vgpreload_memcheck-amd64-linux.so)
==268755==    by 0x561C00B: ??? (in /usr/lib/x86_64-linux-gnu/libcrypto.so.3)
==268755==    by 0x5614EF8: ??? (in /usr/lib/x86_64-linux-gnu/libcrypto.so.3)
==268755==    by 0x56154C7: ??? (in /usr/lib/x86_64-linux-gnu/libcrypto.so.3)
==268755==    by 0x56155BC: ??? (in /usr/lib/x86_64-linux-gnu/libcrypto.so.3)
==268755==    by 0x522BEE7: __pthread_once_slow (pthread_once.c:116)
==268755==    by 0x5621C9C: CRYPTO_THREAD_run_once (in /usr/lib/x86_64-linux-gnu/libcrypto.so.3)
==268755==    by 0x561A822: ??? (in /usr/lib/x86_64-linux-gnu/libcrypto.so.3)
==268755==    by 0x553AA03: BIO_new_ex (in /usr/lib/x86_64-linux-gnu/libcrypto.so.3)
==268755==    by 0x55411E5: BIO_new_file (in /usr/lib/x86_64-linux-gnu/libcrypto.so.3)
==268755==    by 0x557834D: ??? (in /usr/lib/x86_64-linux-gnu/libcrypto.so.3)
==268755==    by 0x5578FB1: CONF_modules_load_file_ex (in /usr/lib/x86_64-linux-gnu/libcrypto.so.3)
==268755== 
==268755== 48 bytes in 1 blocks are still reachable in loss record 1,003 of 2,004
==268755==    at 0x4848899: malloc (in /usr/libexec/valgrind/vgpreload_memcheck-amd64-linux.so)
==268755==    by 0x561679D: CRYPTO_zalloc (in /usr/lib/x86_64-linux-gnu/libcrypto.so.3)
==268755==    by 0x55763BC: ??? (in /usr/lib/x86_64-linux-gnu/libcrypto.so.3)
==268755==    by 0x55764D7: CONF_module_add (in /usr/lib/x86_64-linux-gnu/libcrypto.so.3)
==268755==    by 0x557879C: OPENSSL_load_builtin_modules (in /usr/lib/x86_64-linux-gnu/libcrypto.so.3)
==268755==    by 0x557880C: ??? (in /usr/lib/x86_64-linux-gnu/libcrypto.so.3)
==268755==    by 0x522BEE7: __pthread_once_slow (pthread_once.c:116)
==268755==    by 0x5621C9C: CRYPTO_THREAD_run_once (in /usr/lib/x86_64-linux-gnu/libcrypto.so.3)
==268755==    by 0x5578955: CONF_modules_load (in /usr/lib/x86_64-linux-gnu/libcrypto.so.3)
==268755==    by 0x5578FCD: CONF_modules_load_file_ex (in /usr/lib/x86_64-linux-gnu/libcrypto.so.3)
==268755==    by 0x561E19F: ??? (in /usr/lib/x86_64-linux-gnu/libcrypto.so.3)
==268755==    by 0x522BEE7: __pthread_once_slow (pthread_once.c:116)
==268755== 
==268755== 48 bytes in 1 blocks are still reachable in loss record 1,004 of 2,004
==268755==    at 0x4848899: malloc (in /usr/libexec/valgrind/vgpreload_memcheck-amd64-linux.so)
==268755==    by 0x561679D: CRYPTO_zalloc (in /usr/lib/x86_64-linux-gnu/libcrypto.so.3)
==268755==    by 0x55763BC: ??? (in /usr/lib/x86_64-linux-gnu/libcrypto.so.3)
==268755==    by 0x55764D7: CONF_module_add (in /usr/lib/x86_64-linux-gnu/libcrypto.so.3)
==268755==    by 0x55787A1: OPENSSL_load_builtin_modules (in /usr/lib/x86_64-linux-gnu/libcrypto.so.3)
==268755==    by 0x557880C: ??? (in /usr/lib/x86_64-linux-gnu/libcrypto.so.3)
==268755==    by 0x522BEE7: __pthread_once_slow (pthread_once.c:116)
==268755==    by 0x5621C9C: CRYPTO_THREAD_run_once (in /usr/lib/x86_64-linux-gnu/libcrypto.so.3)
==268755==    by 0x5578955: CONF_modules_load (in /usr/lib/x86_64-linux-gnu/libcrypto.so.3)
==268755==    by 0x5578FCD: CONF_modules_load_file_ex (in /usr/lib/x86_64-linux-gnu/libcrypto.so.3)
==268755==    by 0x561E19F: ??? (in /usr/lib/x86_64-linux-gnu/libcrypto.so.3)
==268755==    by 0x522BEE7: __pthread_once_slow (pthread_once.c:116)
==268755== 
==268755== 48 bytes in 1 blocks are still reachable in loss record 1,005 of 2,004
==268755==    at 0x4848899: malloc (in /usr/libexec/valgrind/vgpreload_memcheck-amd64-linux.so)
==268755==    by 0x561679D: CRYPTO_zalloc (in /usr/lib/x86_64-linux-gnu/libcrypto.so.3)
==268755==    by 0x55763BC: ??? (in /usr/lib/x86_64-linux-gnu/libcrypto.so.3)
==268755==    by 0x55764D7: CONF_module_add (in /usr/lib/x86_64-linux-gnu/libcrypto.so.3)
==268755==    by 0x55787A6: OPENSSL_load_builtin_modules (in /usr/lib/x86_64-linux-gnu/libcrypto.so.3)
==268755==    by 0x557880C: ??? (in /usr/lib/x86_64-linux-gnu/libcrypto.so.3)
==268755==    by 0x522BEE7: __pthread_once_slow (pthread_once.c:116)
==268755==    by 0x5621C9C: CRYPTO_THREAD_run_once (in /usr/lib/x86_64-linux-gnu/libcrypto.so.3)
==268755==    by 0x5578955: CONF_modules_load (in /usr/lib/x86_64-linux-gnu/libcrypto.so.3)
==268755==    by 0x5578FCD: CONF_modules_load_file_ex (in /usr/lib/x86_64-linux-gnu/libcrypto.so.3)
==268755==    by 0x561E19F: ??? (in /usr/lib/x86_64-linux-gnu/libcrypto.so.3)
==268755==    by 0x522BEE7: __pthread_once_slow (pthread_once.c:116)
==268755== 
==268755== 48 bytes in 1 blocks are still reachable in loss record 1,006 of 2,004
==268755==    at 0x4848899: malloc (in /usr/libexec/valgrind/vgpreload_memcheck-amd64-linux.so)
==268755==    by 0x561679D: CRYPTO_zalloc (in /usr/lib/x86_64-linux-gnu/libcrypto.so.3)
==268755==    by 0x55763BC: ??? (in /usr/lib/x86_64-linux-gnu/libcrypto.so.3)
==268755==    by 0x55764D7: CONF_module_add (in /usr/lib/x86_64-linux-gnu/libcrypto.so.3)
==268755==    by 0x55787AB: OPENSSL_load_builtin_modules (in /usr/lib/x86_64-linux-gnu/libcrypto.so.3)
==268755==    by 0x557880C: ??? (in /usr/lib/x86_64-linux-gnu/libcrypto.so.3)
==268755==    by 0x522BEE7: __pthread_once_slow (pthread_once.c:116)
==268755==    by 0x5621C9C: CRYPTO_THREAD_run_once (in /usr/lib/x86_64-linux-gnu/libcrypto.so.3)
==268755==    by 0x5578955: CONF_modules_load (in /usr/lib/x86_64-linux-gnu/libcrypto.so.3)
==268755==    by 0x5578FCD: CONF_modules_load_file_ex (in /usr/lib/x86_64-linux-gnu/libcrypto.so.3)
==268755==    by 0x561E19F: ??? (in /usr/lib/x86_64-linux-gnu/libcrypto.so.3)
==268755==    by 0x522BEE7: __pthread_once_slow (pthread_once.c:116)
==268755== 
==268755== 48 bytes in 1 blocks are still reachable in loss record 1,007 of 2,004
==268755==    at 0x4848899: malloc (in /usr/libexec/valgrind/vgpreload_memcheck-amd64-linux.so)
==268755==    by 0x561679D: CRYPTO_zalloc (in /usr/lib/x86_64-linux-gnu/libcrypto.so.3)
==268755==    by 0x55763BC: ??? (in /usr/lib/x86_64-linux-gnu/libcrypto.so.3)
==268755==    by 0x55764D7: CONF_module_add (in /usr/lib/x86_64-linux-gnu/libcrypto.so.3)
==268755==    by 0x55787C5: OPENSSL_load_builtin_modules (in /usr/lib/x86_64-linux-gnu/libcrypto.so.3)
==268755==    by 0x557880C: ??? (in /usr/lib/x86_64-linux-gnu/libcrypto.so.3)
==268755==    by 0x522BEE7: __pthread_once_slow (pthread_once.c:116)
==268755==    by 0x5621C9C: CRYPTO_THREAD_run_once (in /usr/lib/x86_64-linux-gnu/libcrypto.so.3)
==268755==    by 0x5578955: CONF_modules_load (in /usr/lib/x86_64-linux-gnu/libcrypto.so.3)
==268755==    by 0x5578FCD: CONF_modules_load_file_ex (in /usr/lib/x86_64-linux-gnu/libcrypto.so.3)
==268755==    by 0x561E19F: ??? (in /usr/lib/x86_64-linux-gnu/libcrypto.so.3)
==268755==    by 0x522BEE7: __pthread_once_slow (pthread_once.c:116)
==268755== 
==268755== 48 bytes in 1 blocks are still reachable in loss record 1,008 of 2,004
==268755==    at 0x4848899: malloc (in /usr/libexec/valgrind/vgpreload_memcheck-amd64-linux.so)
==268755==    by 0x561679D: CRYPTO_zalloc (in /usr/lib/x86_64-linux-gnu/libcrypto.so.3)
==268755==    by 0x55763BC: ??? (in /usr/lib/x86_64-linux-gnu/libcrypto.so.3)
==268755==    by 0x55764D7: CONF_module_add (in /usr/lib/x86_64-linux-gnu/libcrypto.so.3)
==268755==    by 0x55787DA: OPENSSL_load_builtin_modules (in /usr/lib/x86_64-linux-gnu/libcrypto.so.3)
==268755==    by 0x557880C: ??? (in /usr/lib/x86_64-linux-gnu/libcrypto.so.3)
==268755==    by 0x522BEE7: __pthread_once_slow (pthread_once.c:116)
==268755==    by 0x5621C9C: CRYPTO_THREAD_run_once (in /usr/lib/x86_64-linux-gnu/libcrypto.so.3)
==268755==    by 0x5578955: CONF_modules_load (in /usr/lib/x86_64-linux-gnu/libcrypto.so.3)
==268755==    by 0x5578FCD: CONF_modules_load_file_ex (in /usr/lib/x86_64-linux-gnu/libcrypto.so.3)
==268755==    by 0x561E19F: ??? (in /usr/lib/x86_64-linux-gnu/libcrypto.so.3)
==268755==    by 0x522BEE7: __pthread_once_slow (pthread_once.c:116)
==268755== 
==268755== 48 bytes in 1 blocks are still reachable in loss record 1,009 of 2,004
==268755==    at 0x4848899: malloc (in /usr/libexec/valgrind/vgpreload_memcheck-amd64-linux.so)
==268755==    by 0x561679D: CRYPTO_zalloc (in /usr/lib/x86_64-linux-gnu/libcrypto.so.3)
==268755==    by 0x55763BC: ??? (in /usr/lib/x86_64-linux-gnu/libcrypto.so.3)
==268755==    by 0x55764D7: CONF_module_add (in /usr/lib/x86_64-linux-gnu/libcrypto.so.3)
==268755==    by 0x557880C: ??? (in /usr/lib/x86_64-linux-gnu/libcrypto.so.3)
==268755==    by 0x522BEE7: __pthread_once_slow (pthread_once.c:116)
==268755==    by 0x5621C9C: CRYPTO_THREAD_run_once (in /usr/lib/x86_64-linux-gnu/libcrypto.so.3)
==268755==    by 0x5578955: CONF_modules_load (in /usr/lib/x86_64-linux-gnu/libcrypto.so.3)
==268755==    by 0x5578FCD: CONF_modules_load_file_ex (in /usr/lib/x86_64-linux-gnu/libcrypto.so.3)
==268755==    by 0x561E19F: ??? (in /usr/lib/x86_64-linux-gnu/libcrypto.so.3)
==268755==    by 0x522BEE7: __pthread_once_slow (pthread_once.c:116)
==268755==    by 0x5621C9C: CRYPTO_THREAD_run_once (in /usr/lib/x86_64-linux-gnu/libcrypto.so.3)
==268755== 
==268755== 48 bytes in 1 blocks are still reachable in loss record 1,010 of 2,004
==268755==    at 0x4848899: malloc (in /usr/libexec/valgrind/vgpreload_memcheck-amd64-linux.so)
==268755==    by 0x561C00B: ??? (in /usr/lib/x86_64-linux-gnu/libcrypto.so.3)
==268755==    by 0x561C1CE: CRYPTO_get_ex_new_index (in /usr/lib/x86_64-linux-gnu/libcrypto.so.3)
==268755==    by 0x53DE872: ??? (in /usr/lib/x86_64-linux-gnu/libssl.so.3)
==268755==    by 0x522BEE7: __pthread_once_slow (pthread_once.c:116)
==268755==    by 0x5621C9C: CRYPTO_THREAD_run_once (in /usr/lib/x86_64-linux-gnu/libcrypto.so.3)
==268755==    by 0x53E1CFA: SSL_get_ex_data_X509_STORE_CTX_idx (in /usr/lib/x86_64-linux-gnu/libssl.so.3)
==268755==    by 0x53F4F83: SSL_CTX_new_ex (in /usr/lib/x86_64-linux-gnu/libssl.so.3)
==268755==    by 0x48F8280: ??? (in /usr/lib/x86_64-linux-gnu/libmysqlclient.so.21.2.42)
==268755==    by 0x489A042: ??? (in /usr/lib/x86_64-linux-gnu/libmysqlclient.so.21.2.42)
==268755==    by 0x489AD71: ??? (in /usr/lib/x86_64-linux-gnu/libmysqlclient.so.21.2.42)
==268755==    by 0x48A3273: ??? (in /usr/lib/x86_64-linux-gnu/libmysqlclient.so.21.2.42)
==268755== 
==268755== 48 bytes in 1 blocks are still reachable in loss record 1,011 of 2,004
==268755==    at 0x4848899: malloc (in /usr/libexec/valgrind/vgpreload_memcheck-amd64-linux.so)
==268755==    by 0x561C00B: ??? (in /usr/lib/x86_64-linux-gnu/libcrypto.so.3)
==268755==    by 0x5614EF8: ??? (in /usr/lib/x86_64-linux-gnu/libcrypto.so.3)
==268755==    by 0x56F4A60: ??? (in /usr/lib/x86_64-linux-gnu/libcrypto.so.3)
==268755==    by 0x55EC302: EVP_CIPHER_fetch (in /usr/lib/x86_64-linux-gnu/libcrypto.so.3)
==268755==    by 0x53F137A: ??? (in /usr/lib/x86_64-linux-gnu/libssl.so.3)
==268755==    by 0x53F5161: SSL_CTX_new_ex (in /usr/lib/x86_64-linux-gnu/libssl.so.3)
==268755==    by 0x48F8280: ??? (in /usr/lib/x86_64-linux-gnu/libmysqlclient.so.21.2.42)
==268755==    by 0x489A042: ??? (in /usr/lib/x86_64-linux-gnu/libmysqlclient.so.21.2.42)
==268755==    by 0x489AD71: ??? (in /usr/lib/x86_64-linux-gnu/libmysqlclient.so.21.2.42)
==268755==    by 0x48A3273: ??? (in /usr/lib/x86_64-linux-gnu/libmysqlclient.so.21.2.42)
==268755==    by 0x489EF82: mysql_real_connect (in /usr/lib/x86_64-linux-gnu/libmysqlclient.so.21.2.42)
==268755== 
==268755== 48 bytes in 1 blocks are still reachable in loss record 1,012 of 2,004
==268755==    at 0x4848899: malloc (in /usr/libexec/valgrind/vgpreload_memcheck-amd64-linux.so)
==268755==    by 0x561C00B: ??? (in /usr/lib/x86_64-linux-gnu/libcrypto.so.3)
==268755==    by 0x5614EF8: ??? (in /usr/lib/x86_64-linux-gnu/libcrypto.so.3)
==268755==    by 0x5615AF2: ??? (in /usr/lib/x86_64-linux-gnu/libcrypto.so.3)
==268755==    by 0x56F4A6B: ??? (in /usr/lib/x86_64-linux-gnu/libcrypto.so.3)
==268755==    by 0x55EC302: EVP_CIPHER_fetch (in /usr/lib/x86_64-linux-gnu/libcrypto.so.3)
==268755==    by 0x53F137A: ??? (in /usr/lib/x86_64-linux-gnu/libssl.so.3)
==268755==    by 0x53F5161: SSL_CTX_new_ex (in /usr/lib/x86_64-linux-gnu/libssl.so.3)
==268755==    by 0x48F8280: ??? (in /usr/lib/x86_64-linux-gnu/libmysqlclient.so.21.2.42)
==268755==    by 0x489A042: ??? (in /usr/lib/x86_64-linux-gnu/libmysqlclient.so.21.2.42)
==268755==    by 0x489AD71: ??? (in /usr/lib/x86_64-linux-gnu/libmysqlclient.so.21.2.42)
==268755==    by 0x48A3273: ??? (in /usr/lib/x86_64-linux-gnu/libmysqlclient.so.21.2.42)
==268755== 
==268755== 48 bytes in 1 blocks are still reachable in loss record 1,013 of 2,004
==268755==    at 0x4848899: malloc (in /usr/libexec/valgrind/vgpreload_memcheck-amd64-linux.so)
==268755==    by 0x561C00B: ??? (in /usr/lib/x86_64-linux-gnu/libcrypto.so.3)
==268755==    by 0x5614EF8: ??? (in /usr/lib/x86_64-linux-gnu/libcrypto.so.3)
==268755==    by 0x562AB4C: ??? (in /usr/lib/x86_64-linux-gnu/libcrypto.so.3)
==268755==    by 0x56F44E7: ??? (in /usr/lib/x86_64-linux-gnu/libcrypto.so.3)
==268755==    by 0x56F4B3D: ??? (in /usr/lib/x86_64-linux-gnu/libcrypto.so.3)
==268755==    by 0x55EC302: EVP_CIPHER_fetch (in /usr/lib/x86_64-linux-gnu/libcrypto.so.3)
==268755==    by 0x53F137A: ??? (in /usr/lib/x86_64-linux-gnu/libssl.so.3)
==268755==    by 0x53F5161: SSL_CTX_new_ex (in /usr/lib/x86_64-linux-gnu/libssl.so.3)
==268755==    by 0x48F8280: ??? (in /usr/lib/x86_64-linux-gnu/libmysqlclient.so.21.2.42)
==268755==    by 0x489A042: ??? (in /usr/lib/x86_64-linux-gnu/libmysqlclient.so.21.2.42)
==268755==    by 0x489AD71: ??? (in /usr/lib/x86_64-linux-gnu/libmysqlclient.so.21.2.42)
==268755== 
==268755== 48 bytes in 1 blocks are still reachable in loss record 1,014 of 2,004
==268755==    at 0x4848899: malloc (in /usr/libexec/valgrind/vgpreload_memcheck-amd64-linux.so)
==268755==    by 0x561C00B: ??? (in /usr/lib/x86_64-linux-gnu/libcrypto.so.3)
==268755==    by 0x5614EF8: ??? (in /usr/lib/x86_64-linux-gnu/libcrypto.so.3)
==268755==    by 0x5647B41: ??? (in /usr/lib/x86_64-linux-gnu/libcrypto.so.3)
==268755==    by 0x55EBA69: ??? (in /usr/lib/x86_64-linux-gnu/libcrypto.so.3)
==268755==    by 0x560B85B: ??? (in /usr/lib/x86_64-linux-gnu/libcrypto.so.3)
==268755==    by 0x560B71B: ??? (in /usr/lib/x86_64-linux-gnu/libcrypto.so.3)
==268755==    by 0x562AD6A: ??? (in /usr/lib/x86_64-linux-gnu/libcrypto.so.3)
==268755==    by 0x56F44E7: ??? (in /usr/lib/x86_64-linux-gnu/libcrypto.so.3)
==268755==    by 0x56F4B3D: ??? (in /usr/lib/x86_64-linux-gnu/libcrypto.so.3)
==268755==    by 0x55EC302: EVP_CIPHER_fetch (in /usr/lib/x86_64-linux-gnu/libcrypto.so.3)
==268755==    by 0x53F137A: ??? (in /usr/lib/x86_64-linux-gnu/libssl.so.3)
==268755== 
==268755== 48 bytes in 1 blocks are still reachable in loss record 1,015 of 2,004
==268755==    at 0x4848899: malloc (in /usr/libexec/valgrind/vgpreload_memcheck-amd64-linux.so)
==268755==    by 0x561C00B: ??? (in /usr/lib/x86_64-linux-gnu/libcrypto.so.3)
==268755==    by 0x5614EF8: ??? (in /usr/lib/x86_64-linux-gnu/libcrypto.so.3)
==268755==    by 0x56484D5: ??? (in /usr/lib/x86_64-linux-gnu/libcrypto.so.3)
==268755==    by 0x55EB93E: ??? (in /usr/lib/x86_64-linux-gnu/libcrypto.so.3)
==268755==    by 0x56F43E7: ??? (in /usr/lib/x86_64-linux-gnu/libcrypto.so.3)
==268755==    by 0x56F4B3D: ??? (in /usr/lib/x86_64-linux-gnu/libcrypto.so.3)
==268755==    by 0x55EC302: EVP_CIPHER_fetch (in /usr/lib/x86_64-linux-gnu/libcrypto.so.3)
==268755==    by 0x53F137A: ??? (in /usr/lib/x86_64-linux-gnu/libssl.so.3)
==268755==    by 0x53F5161: SSL_CTX_new_ex (in /usr/lib/x86_64-linux-gnu/libssl.so.3)
==268755==    by 0x48F8280: ??? (in /usr/lib/x86_64-linux-gnu/libmysqlclient.so.21.2.42)
==268755==    by 0x489A042: ??? (in /usr/lib/x86_64-linux-gnu/libmysqlclient.so.21.2.42)
==268755== 
==268755== 48 bytes in 1 blocks are still reachable in loss record 1,016 of 2,004
==268755==    at 0x4848899: malloc (in /usr/libexec/valgrind/vgpreload_memcheck-amd64-linux.so)
==268755==    by 0x56FD46D: ??? (in /usr/lib/x86_64-linux-gnu/libcrypto.so.3)
==268755==    by 0x56F4B8C: ??? (in /usr/lib/x86_64-linux-gnu/libcrypto.so.3)
==268755==    by 0x560BAEE: EVP_SIGNATURE_fetch (in /usr/lib/x86_64-linux-gnu/libcrypto.so.3)
==268755==    by 0x53F522E: SSL_CTX_new_ex (in /usr/lib/x86_64-linux-gnu/libssl.so.3)
==268755==    by 0x48F8280: ??? (in /usr/lib/x86_64-linux-gnu/libmysqlclient.so.21.2.42)
==268755==    by 0x489A042: ??? (in /usr/lib/x86_64-linux-gnu/libmysqlclient.so.21.2.42)
==268755==    by 0x489AD71: ??? (in /usr/lib/x86_64-linux-gnu/libmysqlclient.so.21.2.42)
==268755==    by 0x48A3273: ??? (in /usr/lib/x86_64-linux-gnu/libmysqlclient.so.21.2.42)
==268755==    by 0x489EF82: mysql_real_connect (in /usr/lib/x86_64-linux-gnu/libmysqlclient.so.21.2.42)
==268755==    by 0x1EC2E1: cpp_dbc::MySQL::MySQLConnection::MySQLConnection(std::__cxx11::basic_string<char, std::char_traits<char>, std::allocator<char> > const&, int, std::__cxx11::basic_string<char, std::char_traits<char>, std::allocator<char> > const&, std::__cxx11::basic_string<char, std::char_traits<char>, std::allocator<char> > const&, std::__cxx11::basic_string<char, std::char_traits<char>, std::allocator<char> > const&) (driver_mysql.cpp:624)
==268755==    by 0x1F6A72: decltype (::new ((void*)(0)) cpp_dbc::MySQL::MySQLConnection((declval<std::__cxx11::basic_string<char, std::char_traits<char>, std::allocator<char> >&>)(), (declval<int&>)(), (declval<std::__cxx11::basic_string<char, std::char_traits<char>, std::allocator<char> >&>)(), (declval<std::__cxx11::basic_string<char, std::char_traits<char>, std::allocator<char> > const&>)(), (declval<std::__cxx11::basic_string<char, std::char_traits<char>, std::allocator<char> > const&>)())) std::construct_at<cpp_dbc::MySQL::MySQLConnection, std::__cxx11::basic_string<char, std::char_traits<char>, std::allocator<char> >&, int&, std::__cxx11::basic_string<char, std::char_traits<char>, std::allocator<char> >&, std::__cxx11::basic_string<char, std::char_traits<char>, std::allocator<char> > const&, std::__cxx11::basic_string<char, std::char_traits<char>, std::allocator<char> > const&>(cpp_dbc::MySQL::MySQLConnection*, std::__cxx11::basic_string<char, std::char_traits<char>, std::allocator<char> >&, int&, std::__cxx11::basic_string<char, std::char_traits<char>, std::allocator<char> >&, std::__cxx11::basic_string<char, std::char_traits<char>, std::allocator<char> > const&, std::__cxx11::basic_string<char, std::char_traits<char>, std::allocator<char> > const&) (stl_construct.h:97)
==268755== 
==268755== 48 bytes in 1 blocks are still reachable in loss record 1,017 of 2,004
==268755==    at 0x4848899: malloc (in /usr/libexec/valgrind/vgpreload_memcheck-amd64-linux.so)
==268755==    by 0x56FD46D: ??? (in /usr/lib/x86_64-linux-gnu/libcrypto.so.3)
==268755==    by 0x56F4B8C: ??? (in /usr/lib/x86_64-linux-gnu/libcrypto.so.3)
==268755==    by 0x55F783E: EVP_KEYEXCH_fetch (in /usr/lib/x86_64-linux-gnu/libcrypto.so.3)
==268755==    by 0x53F5256: SSL_CTX_new_ex (in /usr/lib/x86_64-linux-gnu/libssl.so.3)
==268755==    by 0x48F8280: ??? (in /usr/lib/x86_64-linux-gnu/libmysqlclient.so.21.2.42)
==268755==    by 0x489A042: ??? (in /usr/lib/x86_64-linux-gnu/libmysqlclient.so.21.2.42)
==268755==    by 0x489AD71: ??? (in /usr/lib/x86_64-linux-gnu/libmysqlclient.so.21.2.42)
==268755==    by 0x48A3273: ??? (in /usr/lib/x86_64-linux-gnu/libmysqlclient.so.21.2.42)
==268755==    by 0x489EF82: mysql_real_connect (in /usr/lib/x86_64-linux-gnu/libmysqlclient.so.21.2.42)
==268755==    by 0x1EC2E1: cpp_dbc::MySQL::MySQLConnection::MySQLConnection(std::__cxx11::basic_string<char, std::char_traits<char>, std::allocator<char> > const&, int, std::__cxx11::basic_string<char, std::char_traits<char>, std::allocator<char> > const&, std::__cxx11::basic_string<char, std::char_traits<char>, std::allocator<char> > const&, std::__cxx11::basic_string<char, std::char_traits<char>, std::allocator<char> > const&) (driver_mysql.cpp:624)
==268755==    by 0x1F6A72: decltype (::new ((void*)(0)) cpp_dbc::MySQL::MySQLConnection((declval<std::__cxx11::basic_string<char, std::char_traits<char>, std::allocator<char> >&>)(), (declval<int&>)(), (declval<std::__cxx11::basic_string<char, std::char_traits<char>, std::allocator<char> >&>)(), (declval<std::__cxx11::basic_string<char, std::char_traits<char>, std::allocator<char> > const&>)(), (declval<std::__cxx11::basic_string<char, std::char_traits<char>, std::allocator<char> > const&>)())) std::construct_at<cpp_dbc::MySQL::MySQLConnection, std::__cxx11::basic_string<char, std::char_traits<char>, std::allocator<char> >&, int&, std::__cxx11::basic_string<char, std::char_traits<char>, std::allocator<char> >&, std::__cxx11::basic_string<char, std::char_traits<char>, std::allocator<char> > const&, std::__cxx11::basic_string<char, std::char_traits<char>, std::allocator<char> > const&>(cpp_dbc::MySQL::MySQLConnection*, std::__cxx11::basic_string<char, std::char_traits<char>, std::allocator<char> >&, int&, std::__cxx11::basic_string<char, std::char_traits<char>, std::allocator<char> >&, std::__cxx11::basic_string<char, std::char_traits<char>, std::allocator<char> > const&, std::__cxx11::basic_string<char, std::char_traits<char>, std::allocator<char> > const&) (stl_construct.h:97)
==268755== 
==268755== 48 bytes in 1 blocks are still reachable in loss record 1,018 of 2,004
==268755==    at 0x4848899: malloc (in /usr/libexec/valgrind/vgpreload_memcheck-amd64-linux.so)
==268755==    by 0x56FD46D: ??? (in /usr/lib/x86_64-linux-gnu/libcrypto.so.3)
==268755==    by 0x56F4B8C: ??? (in /usr/lib/x86_64-linux-gnu/libcrypto.so.3)
==268755==    by 0x55F783E: EVP_KEYEXCH_fetch (in /usr/lib/x86_64-linux-gnu/libcrypto.so.3)
==268755==    by 0x53F527E: SSL_CTX_new_ex (in /usr/lib/x86_64-linux-gnu/libssl.so.3)
==268755==    by 0x48F8280: ??? (in /usr/lib/x86_64-linux-gnu/libmysqlclient.so.21.2.42)
==268755==    by 0x489A042: ??? (in /usr/lib/x86_64-linux-gnu/libmysqlclient.so.21.2.42)
==268755==    by 0x489AD71: ??? (in /usr/lib/x86_64-linux-gnu/libmysqlclient.so.21.2.42)
==268755==    by 0x48A3273: ??? (in /usr/lib/x86_64-linux-gnu/libmysqlclient.so.21.2.42)
==268755==    by 0x489EF82: mysql_real_connect (in /usr/lib/x86_64-linux-gnu/libmysqlclient.so.21.2.42)
==268755==    by 0x1EC2E1: cpp_dbc::MySQL::MySQLConnection::MySQLConnection(std::__cxx11::basic_string<char, std::char_traits<char>, std::allocator<char> > const&, int, std::__cxx11::basic_string<char, std::char_traits<char>, std::allocator<char> > const&, std::__cxx11::basic_string<char, std::char_traits<char>, std::allocator<char> > const&, std::__cxx11::basic_string<char, std::char_traits<char>, std::allocator<char> > const&) (driver_mysql.cpp:624)
==268755==    by 0x1F6A72: decltype (::new ((void*)(0)) cpp_dbc::MySQL::MySQLConnection((declval<std::__cxx11::basic_string<char, std::char_traits<char>, std::allocator<char> >&>)(), (declval<int&>)(), (declval<std::__cxx11::basic_string<char, std::char_traits<char>, std::allocator<char> >&>)(), (declval<std::__cxx11::basic_string<char, std::char_traits<char>, std::allocator<char> > const&>)(), (declval<std::__cxx11::basic_string<char, std::char_traits<char>, std::allocator<char> > const&>)())) std::construct_at<cpp_dbc::MySQL::MySQLConnection, std::__cxx11::basic_string<char, std::char_traits<char>, std::allocator<char> >&, int&, std::__cxx11::basic_string<char, std::char_traits<char>, std::allocator<char> >&, std::__cxx11::basic_string<char, std::char_traits<char>, std::allocator<char> > const&, std::__cxx11::basic_string<char, std::char_traits<char>, std::allocator<char> > const&>(cpp_dbc::MySQL::MySQLConnection*, std::__cxx11::basic_string<char, std::char_traits<char>, std::allocator<char> >&, int&, std::__cxx11::basic_string<char, std::char_traits<char>, std::allocator<char> >&, std::__cxx11::basic_string<char, std::char_traits<char>, std::allocator<char> > const&, std::__cxx11::basic_string<char, std::char_traits<char>, std::allocator<char> > const&) (stl_construct.h:97)
==268755== 
==268755== 48 bytes in 1 blocks are still reachable in loss record 1,019 of 2,004
==268755==    at 0x4848899: malloc (in /usr/libexec/valgrind/vgpreload_memcheck-amd64-linux.so)
==268755==    by 0x56FD46D: ??? (in /usr/lib/x86_64-linux-gnu/libcrypto.so.3)
==268755==    by 0x56F4B8C: ??? (in /usr/lib/x86_64-linux-gnu/libcrypto.so.3)
==268755==    by 0x560BAEE: EVP_SIGNATURE_fetch (in /usr/lib/x86_64-linux-gnu/libcrypto.so.3)
==268755==    by 0x53F52A6: SSL_CTX_new_ex (in /usr/lib/x86_64-linux-gnu/libssl.so.3)
==268755==    by 0x48F8280: ??? (in /usr/lib/x86_64-linux-gnu/libmysqlclient.so.21.2.42)
==268755==    by 0x489A042: ??? (in /usr/lib/x86_64-linux-gnu/libmysqlclient.so.21.2.42)
==268755==    by 0x489AD71: ??? (in /usr/lib/x86_64-linux-gnu/libmysqlclient.so.21.2.42)
==268755==    by 0x48A3273: ??? (in /usr/lib/x86_64-linux-gnu/libmysqlclient.so.21.2.42)
==268755==    by 0x489EF82: mysql_real_connect (in /usr/lib/x86_64-linux-gnu/libmysqlclient.so.21.2.42)
==268755==    by 0x1EC2E1: cpp_dbc::MySQL::MySQLConnection::MySQLConnection(std::__cxx11::basic_string<char, std::char_traits<char>, std::allocator<char> > const&, int, std::__cxx11::basic_string<char, std::char_traits<char>, std::allocator<char> > const&, std::__cxx11::basic_string<char, std::char_traits<char>, std::allocator<char> > const&, std::__cxx11::basic_string<char, std::char_traits<char>, std::allocator<char> > const&) (driver_mysql.cpp:624)
==268755==    by 0x1F6A72: decltype (::new ((void*)(0)) cpp_dbc::MySQL::MySQLConnection((declval<std::__cxx11::basic_string<char, std::char_traits<char>, std::allocator<char> >&>)(), (declval<int&>)(), (declval<std::__cxx11::basic_string<char, std::char_traits<char>, std::allocator<char> >&>)(), (declval<std::__cxx11::basic_string<char, std::char_traits<char>, std::allocator<char> > const&>)(), (declval<std::__cxx11::basic_string<char, std::char_traits<char>, std::allocator<char> > const&>)())) std::construct_at<cpp_dbc::MySQL::MySQLConnection, std::__cxx11::basic_string<char, std::char_traits<char>, std::allocator<char> >&, int&, std::__cxx11::basic_string<char, std::char_traits<char>, std::allocator<char> >&, std::__cxx11::basic_string<char, std::char_traits<char>, std::allocator<char> > const&, std::__cxx11::basic_string<char, std::char_traits<char>, std::allocator<char> > const&>(cpp_dbc::MySQL::MySQLConnection*, std::__cxx11::basic_string<char, std::char_traits<char>, std::allocator<char> >&, int&, std::__cxx11::basic_string<char, std::char_traits<char>, std::allocator<char> >&, std::__cxx11::basic_string<char, std::char_traits<char>, std::allocator<char> > const&, std::__cxx11::basic_string<char, std::char_traits<char>, std::allocator<char> > const&) (stl_construct.h:97)
==268755== 
==268755== 48 bytes in 1 blocks are still reachable in loss record 1,020 of 2,004
==268755==    at 0x4848899: malloc (in /usr/libexec/valgrind/vgpreload_memcheck-amd64-linux.so)
==268755==    by 0x561C00B: ??? (in /usr/lib/x86_64-linux-gnu/libcrypto.so.3)
==268755==    by 0x5614EF8: ??? (in /usr/lib/x86_64-linux-gnu/libcrypto.so.3)
==268755==    by 0x5649D91: RAND_get0_public (in /usr/lib/x86_64-linux-gnu/libcrypto.so.3)
==268755==    by 0x5649EE7: RAND_bytes_ex (in /usr/lib/x86_64-linux-gnu/libcrypto.so.3)
==268755==    by 0x53F5779: SSL_CTX_new_ex (in /usr/lib/x86_64-linux-gnu/libssl.so.3)
==268755==    by 0x48F8280: ??? (in /usr/lib/x86_64-linux-gnu/libmysqlclient.so.21.2.42)
==268755==    by 0x489A042: ??? (in /usr/lib/x86_64-linux-gnu/libmysqlclient.so.21.2.42)
==268755==    by 0x489AD71: ??? (in /usr/lib/x86_64-linux-gnu/libmysqlclient.so.21.2.42)
==268755==    by 0x48A3273: ??? (in /usr/lib/x86_64-linux-gnu/libmysqlclient.so.21.2.42)
==268755==    by 0x489EF82: mysql_real_connect (in /usr/lib/x86_64-linux-gnu/libmysqlclient.so.21.2.42)
==268755==    by 0x1EC2E1: cpp_dbc::MySQL::MySQLConnection::MySQLConnection(std::__cxx11::basic_string<char, std::char_traits<char>, std::allocator<char> > const&, int, std::__cxx11::basic_string<char, std::char_traits<char>, std::allocator<char> > const&, std::__cxx11::basic_string<char, std::char_traits<char>, std::allocator<char> > const&, std::__cxx11::basic_string<char, std::char_traits<char>, std::allocator<char> > const&) (driver_mysql.cpp:624)
==268755== 
==268755== 48 bytes in 1 blocks are still reachable in loss record 1,021 of 2,004
==268755==    at 0x4848899: malloc (in /usr/libexec/valgrind/vgpreload_memcheck-amd64-linux.so)
==268755==    by 0x56FD46D: ??? (in /usr/lib/x86_64-linux-gnu/libcrypto.so.3)
==268755==    by 0x56F4B8C: ??? (in /usr/lib/x86_64-linux-gnu/libcrypto.so.3)
==268755==    by 0x55F7222: EVP_RAND_fetch (in /usr/lib/x86_64-linux-gnu/libcrypto.so.3)
==268755==    by 0x56498AB: RAND_get0_primary (in /usr/lib/x86_64-linux-gnu/libcrypto.so.3)
==268755==    by 0x5649DF7: RAND_get0_public (in /usr/lib/x86_64-linux-gnu/libcrypto.so.3)
==268755==    by 0x5649EE7: RAND_bytes_ex (in /usr/lib/x86_64-linux-gnu/libcrypto.so.3)
==268755==    by 0x53F5779: SSL_CTX_new_ex (in /usr/lib/x86_64-linux-gnu/libssl.so.3)
==268755==    by 0x48F8280: ??? (in /usr/lib/x86_64-linux-gnu/libmysqlclient.so.21.2.42)
==268755==    by 0x489A042: ??? (in /usr/lib/x86_64-linux-gnu/libmysqlclient.so.21.2.42)
==268755==    by 0x489AD71: ??? (in /usr/lib/x86_64-linux-gnu/libmysqlclient.so.21.2.42)
==268755==    by 0x48A3273: ??? (in /usr/lib/x86_64-linux-gnu/libmysqlclient.so.21.2.42)
==268755== 
==268755== 48 bytes in 1 blocks are still reachable in loss record 1,022 of 2,004
==268755==    at 0x4848899: malloc (in /usr/libexec/valgrind/vgpreload_memcheck-amd64-linux.so)
==268755==    by 0x56FD46D: ??? (in /usr/lib/x86_64-linux-gnu/libcrypto.so.3)
==268755==    by 0x56F4B8C: ??? (in /usr/lib/x86_64-linux-gnu/libcrypto.so.3)
==268755==    by 0x55F7222: EVP_RAND_fetch (in /usr/lib/x86_64-linux-gnu/libcrypto.so.3)
==268755==    by 0x5649499: ??? (in /usr/lib/x86_64-linux-gnu/libcrypto.so.3)
==268755==    by 0x56497FB: RAND_get0_primary (in /usr/lib/x86_64-linux-gnu/libcrypto.so.3)
==268755==    by 0x5649DF7: RAND_get0_public (in /usr/lib/x86_64-linux-gnu/libcrypto.so.3)
==268755==    by 0x5649EE7: RAND_bytes_ex (in /usr/lib/x86_64-linux-gnu/libcrypto.so.3)
==268755==    by 0x53F5779: SSL_CTX_new_ex (in /usr/lib/x86_64-linux-gnu/libssl.so.3)
==268755==    by 0x48F8280: ??? (in /usr/lib/x86_64-linux-gnu/libmysqlclient.so.21.2.42)
==268755==    by 0x489A042: ??? (in /usr/lib/x86_64-linux-gnu/libmysqlclient.so.21.2.42)
==268755==    by 0x489AD71: ??? (in /usr/lib/x86_64-linux-gnu/libmysqlclient.so.21.2.42)
==268755== 
==268755== 48 bytes in 1 blocks are still reachable in loss record 1,023 of 2,004
==268755==    at 0x4848899: malloc (in /usr/libexec/valgrind/vgpreload_memcheck-amd64-linux.so)
==268755==    by 0x56FD46D: ??? (in /usr/lib/x86_64-linux-gnu/libcrypto.so.3)
==268755==    by 0x56F4B8C: ??? (in /usr/lib/x86_64-linux-gnu/libcrypto.so.3)
==268755==    by 0x55EC302: EVP_CIPHER_fetch (in /usr/lib/x86_64-linux-gnu/libcrypto.so.3)
==268755==    by 0x56DF1B4: ??? (in /usr/lib/x86_64-linux-gnu/libcrypto.so.3)
==268755==    by 0x56DF612: ??? (in /usr/lib/x86_64-linux-gnu/libcrypto.so.3)
==268755==    by 0x55F7637: EVP_RAND_instantiate (in /usr/lib/x86_64-linux-gnu/libcrypto.so.3)
==268755==    by 0x5649661: ??? (in /usr/lib/x86_64-linux-gnu/libcrypto.so.3)
==268755==    by 0x56497FB: RAND_get0_primary (in /usr/lib/x86_64-linux-gnu/libcrypto.so.3)
==268755==    by 0x5649DF7: RAND_get0_public (in /usr/lib/x86_64-linux-gnu/libcrypto.so.3)
==268755==    by 0x5649EE7: RAND_bytes_ex (in /usr/lib/x86_64-linux-gnu/libcrypto.so.3)
==268755==    by 0x53F5779: SSL_CTX_new_ex (in /usr/lib/x86_64-linux-gnu/libssl.so.3)
==268755== 
==268755== 48 bytes in 1 blocks are still reachable in loss record 1,024 of 2,004
==268755==    at 0x4848899: malloc (in /usr/libexec/valgrind/vgpreload_memcheck-amd64-linux.so)
==268755==    by 0x56FD46D: ??? (in /usr/lib/x86_64-linux-gnu/libcrypto.so.3)
==268755==    by 0x56F4B8C: ??? (in /usr/lib/x86_64-linux-gnu/libcrypto.so.3)
==268755==    by 0x55EC302: EVP_CIPHER_fetch (in /usr/lib/x86_64-linux-gnu/libcrypto.so.3)
==268755==    by 0x56DF1C7: ??? (in /usr/lib/x86_64-linux-gnu/libcrypto.so.3)
==268755==    by 0x56DF612: ??? (in /usr/lib/x86_64-linux-gnu/libcrypto.so.3)
==268755==    by 0x55F7637: EVP_RAND_instantiate (in /usr/lib/x86_64-linux-gnu/libcrypto.so.3)
==268755==    by 0x5649661: ??? (in /usr/lib/x86_64-linux-gnu/libcrypto.so.3)
==268755==    by 0x56497FB: RAND_get0_primary (in /usr/lib/x86_64-linux-gnu/libcrypto.so.3)
==268755==    by 0x5649DF7: RAND_get0_public (in /usr/lib/x86_64-linux-gnu/libcrypto.so.3)
==268755==    by 0x5649EE7: RAND_bytes_ex (in /usr/lib/x86_64-linux-gnu/libcrypto.so.3)
==268755==    by 0x53F5779: SSL_CTX_new_ex (in /usr/lib/x86_64-linux-gnu/libssl.so.3)
==268755== 
==268755== 48 bytes in 1 blocks are still reachable in loss record 1,025 of 2,004
==268755==    at 0x4848899: malloc (in /usr/libexec/valgrind/vgpreload_memcheck-amd64-linux.so)
==268755==    by 0x56FD46D: ??? (in /usr/lib/x86_64-linux-gnu/libcrypto.so.3)
==268755==    by 0x56F4B8C: ??? (in /usr/lib/x86_64-linux-gnu/libcrypto.so.3)
==268755==    by 0x55F7C32: EVP_KDF_fetch (in /usr/lib/x86_64-linux-gnu/libcrypto.so.3)
==268755==    by 0x54066BF: ??? (in /usr/lib/x86_64-linux-gnu/libssl.so.3)
==268755==    by 0x53E373E: ??? (in /usr/lib/x86_64-linux-gnu/libssl.so.3)
==268755==    by 0x53E39AD: ??? (in /usr/lib/x86_64-linux-gnu/libssl.so.3)
==268755==    by 0x541446E: ??? (in /usr/lib/x86_64-linux-gnu/libssl.so.3)
==268755==    by 0x5408838: ??? (in /usr/lib/x86_64-linux-gnu/libssl.so.3)
==268755==    by 0x541C24A: ??? (in /usr/lib/x86_64-linux-gnu/libssl.so.3)
==268755==    by 0x541EA94: ??? (in /usr/lib/x86_64-linux-gnu/libssl.so.3)
==268755==    by 0x5420697: ??? (in /usr/lib/x86_64-linux-gnu/libssl.so.3)
==268755== 
==268755== 48 bytes in 1 blocks are still reachable in loss record 1,026 of 2,004
==268755==    at 0x4848899: malloc (in /usr/libexec/valgrind/vgpreload_memcheck-amd64-linux.so)
==268755==    by 0x56FD46D: ??? (in /usr/lib/x86_64-linux-gnu/libcrypto.so.3)
==268755==    by 0x56F4B8C: ??? (in /usr/lib/x86_64-linux-gnu/libcrypto.so.3)
==268755==    by 0x55F85A2: EVP_MAC_fetch (in /usr/lib/x86_64-linux-gnu/libcrypto.so.3)
==268755==    by 0x55FF3E3: EVP_Q_mac (in /usr/lib/x86_64-linux-gnu/libcrypto.so.3)
==268755==    by 0x56CB4CF: ??? (in /usr/lib/x86_64-linux-gnu/libcrypto.so.3)
==268755==    by 0x56CBF25: ??? (in /usr/lib/x86_64-linux-gnu/libcrypto.so.3)
==268755==    by 0x54068A7: ??? (in /usr/lib/x86_64-linux-gnu/libssl.so.3)
==268755==    by 0x53E373E: ??? (in /usr/lib/x86_64-linux-gnu/libssl.so.3)
==268755==    by 0x53E39AD: ??? (in /usr/lib/x86_64-linux-gnu/libssl.so.3)
==268755==    by 0x541446E: ??? (in /usr/lib/x86_64-linux-gnu/libssl.so.3)
==268755==    by 0x5408838: ??? (in /usr/lib/x86_64-linux-gnu/libssl.so.3)
==268755== 
==268755== 48 bytes in 1 blocks are still reachable in loss record 1,027 of 2,004
==268755==    at 0x4848899: malloc (in /usr/libexec/valgrind/vgpreload_memcheck-amd64-linux.so)
==268755==    by 0x561C00B: ??? (in /usr/lib/x86_64-linux-gnu/libcrypto.so.3)
==268755==    by 0x5614EF8: ??? (in /usr/lib/x86_64-linux-gnu/libcrypto.so.3)
==268755==    by 0x56F532E: ??? (in /usr/lib/x86_64-linux-gnu/libcrypto.so.3)
==268755==    by 0x55C0470: OSSL_DECODER_do_all_provided (in /usr/lib/x86_64-linux-gnu/libcrypto.so.3)
==268755==    by 0x55CD84B: OSSL_DECODER_CTX_new_for_pkey (in /usr/lib/x86_64-linux-gnu/libcrypto.so.3)
==268755==    by 0x569FB23: ??? (in /usr/lib/x86_64-linux-gnu/libcrypto.so.3)
==268755==    by 0x552DB9A: ??? (in /usr/lib/x86_64-linux-gnu/libcrypto.so.3)
==268755==    by 0x552F3E7: ??? (in /usr/lib/x86_64-linux-gnu/libcrypto.so.3)
==268755==    by 0x552DD18: ??? (in /usr/lib/x86_64-linux-gnu/libcrypto.so.3)
==268755==    by 0x552F3E7: ??? (in /usr/lib/x86_64-linux-gnu/libcrypto.so.3)
==268755==    by 0x552DD18: ??? (in /usr/lib/x86_64-linux-gnu/libcrypto.so.3)
==268755== 
==268755== 48 bytes in 1 blocks are still reachable in loss record 1,028 of 2,004
==268755==    at 0x4848899: malloc (in /usr/libexec/valgrind/vgpreload_memcheck-amd64-linux.so)
==268755==    by 0x561C00B: ??? (in /usr/lib/x86_64-linux-gnu/libcrypto.so.3)
==268755==    by 0x5614EF8: ??? (in /usr/lib/x86_64-linux-gnu/libcrypto.so.3)
==268755==    by 0x56F45D8: ??? (in /usr/lib/x86_64-linux-gnu/libcrypto.so.3)
==268755==    by 0x5666F9E: OSSL_STORE_LOADER_fetch (in /usr/lib/x86_64-linux-gnu/libcrypto.so.3)
==268755==    by 0x566B2F7: OSSL_STORE_open_ex (in /usr/lib/x86_64-linux-gnu/libcrypto.so.3)
==268755==    by 0x5675379: ??? (in /usr/lib/x86_64-linux-gnu/libcrypto.so.3)
==268755==    by 0x56755FB: ??? (in /usr/lib/x86_64-linux-gnu/libcrypto.so.3)
==268755==    by 0x569035D: X509_STORE_CTX_get_by_subject (in /usr/lib/x86_64-linux-gnu/libcrypto.so.3)
==268755==    by 0x56907E1: X509_STORE_CTX_get1_issuer (in /usr/lib/x86_64-linux-gnu/libcrypto.so.3)
==268755==    by 0x5696DE7: ??? (in /usr/lib/x86_64-linux-gnu/libcrypto.so.3)
==268755==    by 0x56976A5: ??? (in /usr/lib/x86_64-linux-gnu/libcrypto.so.3)
==268755== 
==268755== 48 bytes in 1 blocks are still reachable in loss record 1,029 of 2,004
==268755==    at 0x4848899: malloc (in /usr/libexec/valgrind/vgpreload_memcheck-amd64-linux.so)
==268755==    by 0x56FD46D: ??? (in /usr/lib/x86_64-linux-gnu/libcrypto.so.3)
==268755==    by 0x56F482F: ??? (in /usr/lib/x86_64-linux-gnu/libcrypto.so.3)
==268755==    by 0x5666F9E: OSSL_STORE_LOADER_fetch (in /usr/lib/x86_64-linux-gnu/libcrypto.so.3)
==268755==    by 0x566B2F7: OSSL_STORE_open_ex (in /usr/lib/x86_64-linux-gnu/libcrypto.so.3)
==268755==    by 0x5675379: ??? (in /usr/lib/x86_64-linux-gnu/libcrypto.so.3)
==268755==    by 0x56755FB: ??? (in /usr/lib/x86_64-linux-gnu/libcrypto.so.3)
==268755==    by 0x569035D: X509_STORE_CTX_get_by_subject (in /usr/lib/x86_64-linux-gnu/libcrypto.so.3)
==268755==    by 0x56907E1: X509_STORE_CTX_get1_issuer (in /usr/lib/x86_64-linux-gnu/libcrypto.so.3)
==268755==    by 0x5696DE7: ??? (in /usr/lib/x86_64-linux-gnu/libcrypto.so.3)
==268755==    by 0x56976A5: ??? (in /usr/lib/x86_64-linux-gnu/libcrypto.so.3)
==268755==    by 0x5698791: X509_verify_cert (in /usr/lib/x86_64-linux-gnu/libcrypto.so.3)
==268755== 
==268755== 48 bytes in 1 blocks are still reachable in loss record 1,030 of 2,004
==268755==    at 0x4848899: malloc (in /usr/libexec/valgrind/vgpreload_memcheck-amd64-linux.so)
==268755==    by 0x56FD46D: ??? (in /usr/lib/x86_64-linux-gnu/libcrypto.so.3)
==268755==    by 0x56F4B8C: ??? (in /usr/lib/x86_64-linux-gnu/libcrypto.so.3)
==268755==    by 0x560BAEE: EVP_SIGNATURE_fetch (in /usr/lib/x86_64-linux-gnu/libcrypto.so.3)
==268755==    by 0x55FFE41: ??? (in /usr/lib/x86_64-linux-gnu/libcrypto.so.3)
==268755==    by 0x56008A1: EVP_DigestVerifyInit_ex (in /usr/lib/x86_64-linux-gnu/libcrypto.so.3)
==268755==    by 0x5426700: ??? (in /usr/lib/x86_64-linux-gnu/libssl.so.3)
==268755==    by 0x541EA94: ??? (in /usr/lib/x86_64-linux-gnu/libssl.so.3)
==268755==    by 0x5420697: ??? (in /usr/lib/x86_64-linux-gnu/libssl.so.3)
==268755==    by 0x48F8F69: ??? (in /usr/lib/x86_64-linux-gnu/libmysqlclient.so.21.2.42)
==268755==    by 0x489A12C: ??? (in /usr/lib/x86_64-linux-gnu/libmysqlclient.so.21.2.42)
==268755==    by 0x489AD71: ??? (in /usr/lib/x86_64-linux-gnu/libmysqlclient.so.21.2.42)
==268755== 
==268755== 48 bytes in 1 blocks are still reachable in loss record 1,031 of 2,004
==268755==    at 0x4849013: operator new(unsigned long) (in /usr/libexec/valgrind/vgpreload_memcheck-amd64-linux.so)
==268755==    by 0x134878: YAML::detail::memory_holder::memory_holder() (memory.h:36)
==268755==    by 0x30FE34: YAML::NodeBuilder::NodeBuilder() (nodebuilder.cpp:13)
==268755==    by 0x2F2CC2: YAML::Load(std::istream&) (parse.cpp:24)
==268755==    by 0x2F2E40: YAML::LoadFile(std::__cxx11::basic_string<char, std::char_traits<char>, std::allocator<char> > const&) (parse.cpp:37)
==268755==    by 0x1B33E0: CATCH2_INTERNAL_TEST_0() (test_mysql_real.cpp:94)
==268755==    by 0x261743: Catch::TestInvokerAsFunction::invoke() const (catch_test_case_registry_impl.cpp:149)
==268755==    by 0x256F30: Catch::TestCaseHandle::invoke() const (catch_test_case_info.hpp:115)
==268755==    by 0x255FF5: Catch::RunContext::invokeActiveTestCase() (catch_run_context.cpp:538)
==268755==    by 0x255D09: Catch::RunContext::runCurrentTest(std::__cxx11::basic_string<char, std::char_traits<char>, std::allocator<char> >&, std::__cxx11::basic_string<char, std::char_traits<char>, std::allocator<char> >&) (catch_run_context.cpp:501)
==268755==    by 0x2542F5: Catch::RunContext::runTest(Catch::TestCaseHandle const&) (catch_run_context.cpp:232)
==268755==    by 0x205F36: Catch::(anonymous namespace)::TestGroup::execute() (catch_session.cpp:110)
==268755== 
==268755== 48 bytes in 1 blocks are still reachable in loss record 1,032 of 2,004
==268755==    at 0x4849013: operator new(unsigned long) (in /usr/libexec/valgrind/vgpreload_memcheck-amd64-linux.so)
==268755==    by 0x130468: __gnu_cxx::new_allocator<char>::allocate(unsigned long, void const*) (new_allocator.h:127)
==268755==    by 0x12F934: allocate (allocator.h:185)
==268755==    by 0x12F934: std::allocator_traits<std::allocator<char> >::allocate(std::allocator<char>&, unsigned long) (alloc_traits.h:464)
==268755==    by 0x12FCCD: std::__cxx11::basic_string<char, std::char_traits<char>, std::allocator<char> >::_M_create(unsigned long&, unsigned long) (basic_string.tcc:153)
==268755==    by 0x138C8E: void std::__cxx11::basic_string<char, std::char_traits<char>, std::allocator<char> >::_M_construct<char*>(char*, char*, std::forward_iterator_tag) (basic_string.tcc:219)
==268755==    by 0x138039: void std::__cxx11::basic_string<char, std::char_traits<char>, std::allocator<char> >::_M_construct_aux<char*>(char*, char*, std::__false_type) (basic_string.h:255)
==268755==    by 0x136D88: void std::__cxx11::basic_string<char, std::char_traits<char>, std::allocator<char> >::_M_construct<char*>(char*, char*) (basic_string.h:274)
==268755==    by 0x135B15: std::__cxx11::basic_string<char, std::char_traits<char>, std::allocator<char> >::basic_string(std::__cxx11::basic_string<char, std::char_traits<char>, std::allocator<char> > const&) (basic_string.h:459)
==268755==    by 0x13534F: YAML::as_if<std::__cxx11::basic_string<char, std::char_traits<char>, std::allocator<char> >, void>::operator()() const (impl.h:147)
==268755==    by 0x136507: std::__cxx11::basic_string<char, std::char_traits<char>, std::allocator<char> > YAML::Node::as<std::__cxx11::basic_string<char, std::char_traits<char>, std::allocator<char> > >() const (impl.h:156)
==268755==    by 0x1B3966: CATCH2_INTERNAL_TEST_0() (test_mysql_real.cpp:121)
==268755==    by 0x261743: Catch::TestInvokerAsFunction::invoke() const (catch_test_case_registry_impl.cpp:149)
==268755== 
==268755== 48 bytes in 1 blocks are still reachable in loss record 1,033 of 2,004
==268755==    at 0x484DCD3: realloc (in /usr/libexec/valgrind/vgpreload_memcheck-amd64-linux.so)
==268755==    by 0x5663811: ??? (in /usr/lib/x86_64-linux-gnu/libcrypto.so.3)
==268755==    by 0x5663952: OPENSSL_sk_insert (in /usr/lib/x86_64-linux-gnu/libcrypto.so.3)
==268755==    by 0x561E673: ??? (in /usr/lib/x86_64-linux-gnu/libcrypto.so.3)
==268755==    by 0x55CC314: ??? (in /usr/lib/x86_64-linux-gnu/libcrypto.so.3)
==268755==    by 0x55CCF6E: ERR_new (in /usr/lib/x86_64-linux-gnu/libcrypto.so.3)
==268755==    by 0x5407F14: ??? (in /usr/lib/x86_64-linux-gnu/libssl.so.3)
==268755==    by 0x540A71A: ??? (in /usr/lib/x86_64-linux-gnu/libssl.so.3)
==268755==    by 0x540AAE4: ??? (in /usr/lib/x86_64-linux-gnu/libssl.so.3)
==268755==    by 0x53EE266: SSL_write (in /usr/lib/x86_64-linux-gnu/libssl.so.3)
==268755==    by 0x48E228F: ??? (in /usr/lib/x86_64-linux-gnu/libmysqlclient.so.21.2.42)
==268755==    by 0x48ABA31: ??? (in /usr/lib/x86_64-linux-gnu/libmysqlclient.so.21.2.42)
==268755== 
==268755== 48 bytes in 3 blocks are still reachable in loss record 1,034 of 2,004
==268755==    at 0x4849013: operator new(unsigned long) (in /usr/libexec/valgrind/vgpreload_memcheck-amd64-linux.so)
==268755==    by 0x2E8BDC: YAML::detail::node::node() (node.h:27)
==268755==    by 0x2E896A: YAML::detail::memory::create_node() (memory.cpp:17)
==268755==    by 0x1348BD: YAML::detail::memory_holder::create_node() (memory.h:38)
==268755==    by 0x3103BB: YAML::NodeBuilder::Push(YAML::Mark const&, unsigned long) (nodebuilder.cpp:81)
==268755==    by 0x3101CE: YAML::NodeBuilder::OnScalar(YAML::Mark const&, std::__cxx11::basic_string<char, std::char_traits<char>, std::allocator<char> > const&, unsigned long, std::__cxx11::basic_string<char, std::char_traits<char>, std::allocator<char> > const&) (nodebuilder.cpp:49)
==268755==    by 0x306961: YAML::SingleDocParser::HandleNode(YAML::EventHandler&) (singledocparser.cpp:108)
==268755==    by 0x3078D8: YAML::SingleDocParser::HandleBlockMap(YAML::EventHandler&) (singledocparser.cpp:273)
==268755==    by 0x30762F: YAML::SingleDocParser::HandleMap(YAML::EventHandler&) (singledocparser.cpp:235)
==268755==    by 0x306B2F: YAML::SingleDocParser::HandleNode(YAML::EventHandler&) (singledocparser.cpp:128)
==268755==    by 0x3063EC: YAML::SingleDocParser::HandleDocument(YAML::EventHandler&) (singledocparser.cpp:41)
==268755==    by 0x2F3828: YAML::Parser::HandleNextDocument(YAML::EventHandler&) (parser.cpp:37)
==268755== 
==268755== 48 bytes in 5 blocks are still reachable in loss record 1,035 of 2,004
==268755==    at 0x4848899: malloc (in /usr/libexec/valgrind/vgpreload_memcheck-amd64-linux.so)
==268755==    by 0x56177D2: CRYPTO_strndup (in /usr/lib/x86_64-linux-gnu/libcrypto.so.3)
==268755==    by 0x5619521: ??? (in /usr/lib/x86_64-linux-gnu/libcrypto.so.3)
==268755==    by 0x56F41B3: ??? (in /usr/lib/x86_64-linux-gnu/libcrypto.so.3)
==268755==    by 0x55EBAFA: ??? (in /usr/lib/x86_64-linux-gnu/libcrypto.so.3)
==268755==    by 0x560B7F8: ??? (in /usr/lib/x86_64-linux-gnu/libcrypto.so.3)
==268755==    by 0x560B71B: ??? (in /usr/lib/x86_64-linux-gnu/libcrypto.so.3)
==268755==    by 0x562AD6A: ??? (in /usr/lib/x86_64-linux-gnu/libcrypto.so.3)
==268755==    by 0x56F44E7: ??? (in /usr/lib/x86_64-linux-gnu/libcrypto.so.3)
==268755==    by 0x56F4B3D: ??? (in /usr/lib/x86_64-linux-gnu/libcrypto.so.3)
==268755==    by 0x55F7222: EVP_RAND_fetch (in /usr/lib/x86_64-linux-gnu/libcrypto.so.3)
==268755==    by 0x56498AB: RAND_get0_primary (in /usr/lib/x86_64-linux-gnu/libcrypto.so.3)
==268755== 
==268755== 48 bytes in 5 blocks are still reachable in loss record 1,036 of 2,004
==268755==    at 0x4848899: malloc (in /usr/libexec/valgrind/vgpreload_memcheck-amd64-linux.so)
==268755==    by 0x56177D2: CRYPTO_strndup (in /usr/lib/x86_64-linux-gnu/libcrypto.so.3)
==268755==    by 0x56FC850: ??? (in /usr/lib/x86_64-linux-gnu/libcrypto.so.3)
==268755==    by 0x55FA50A: ??? (in /usr/lib/x86_64-linux-gnu/libcrypto.so.3)
==268755==    by 0x55EBB09: ??? (in /usr/lib/x86_64-linux-gnu/libcrypto.so.3)
==268755==    by 0x560B7F8: ??? (in /usr/lib/x86_64-linux-gnu/libcrypto.so.3)
==268755==    by 0x560B71B: ??? (in /usr/lib/x86_64-linux-gnu/libcrypto.so.3)
==268755==    by 0x562AD6A: ??? (in /usr/lib/x86_64-linux-gnu/libcrypto.so.3)
==268755==    by 0x56F44E7: ??? (in /usr/lib/x86_64-linux-gnu/libcrypto.so.3)
==268755==    by 0x56F4B3D: ??? (in /usr/lib/x86_64-linux-gnu/libcrypto.so.3)
==268755==    by 0x55F7222: EVP_RAND_fetch (in /usr/lib/x86_64-linux-gnu/libcrypto.so.3)
==268755==    by 0x56498AB: RAND_get0_primary (in /usr/lib/x86_64-linux-gnu/libcrypto.so.3)
==268755== 
==268755== 49 bytes in 1 blocks are still reachable in loss record 1,037 of 2,004
==268755==    at 0x4848899: malloc (in /usr/libexec/valgrind/vgpreload_memcheck-amd64-linux.so)
==268755==    by 0x5647D31: ??? (in /usr/lib/x86_64-linux-gnu/libcrypto.so.3)
==268755==    by 0x5666904: ??? (in /usr/lib/x86_64-linux-gnu/libcrypto.so.3)
==268755==    by 0x560B85B: ??? (in /usr/lib/x86_64-linux-gnu/libcrypto.so.3)
==268755==    by 0x560B71B: ??? (in /usr/lib/x86_64-linux-gnu/libcrypto.so.3)
==268755==    by 0x562AD6A: ??? (in /usr/lib/x86_64-linux-gnu/libcrypto.so.3)
==268755==    by 0x56F44E7: ??? (in /usr/lib/x86_64-linux-gnu/libcrypto.so.3)
==268755==    by 0x56F49C6: ??? (in /usr/lib/x86_64-linux-gnu/libcrypto.so.3)
==268755==    by 0x5666F9E: OSSL_STORE_LOADER_fetch (in /usr/lib/x86_64-linux-gnu/libcrypto.so.3)
==268755==    by 0x566B2F7: OSSL_STORE_open_ex (in /usr/lib/x86_64-linux-gnu/libcrypto.so.3)
==268755==    by 0x5675379: ??? (in /usr/lib/x86_64-linux-gnu/libcrypto.so.3)
==268755==    by 0x56755FB: ??? (in /usr/lib/x86_64-linux-gnu/libcrypto.so.3)
==268755== 
==268755== 52 bytes in 1 blocks are still reachable in loss record 1,038 of 2,004
==268755==    at 0x4849013: operator new(unsigned long) (in /usr/libexec/valgrind/vgpreload_memcheck-amd64-linux.so)
==268755==    by 0x130468: __gnu_cxx::new_allocator<char>::allocate(unsigned long, void const*) (new_allocator.h:127)
==268755==    by 0x12F934: allocate (allocator.h:185)
==268755==    by 0x12F934: std::allocator_traits<std::allocator<char> >::allocate(std::allocator<char>&, unsigned long) (alloc_traits.h:464)
==268755==    by 0x12FCCD: std::__cxx11::basic_string<char, std::char_traits<char>, std::allocator<char> >::_M_create(unsigned long&, unsigned long) (basic_string.tcc:153)
==268755==    by 0x14FFB1: std::__cxx11::basic_string<char, std::char_traits<char>, std::allocator<char> >::reserve(unsigned long) (basic_string.tcc:291)
==268755==    by 0x213D58: Catch::TestCaseInfo::TestCaseInfo(Catch::StringRef, Catch::NameAndTags const&, Catch::SourceLineInfo const&) (catch_test_case_info.cpp:132)
==268755==    by 0x214A8E: Catch::Detail::unique_ptr<Catch::TestCaseInfo> Catch::Detail::make_unique<Catch::TestCaseInfo, Catch::StringRef&, Catch::NameAndTags const&, Catch::SourceLineInfo const&>(Catch::StringRef&, Catch::NameAndTags const&, Catch::SourceLineInfo const&) (catch_unique_ptr.hpp:111)
==268755==    by 0x213B99: Catch::makeTestCaseInfo(Catch::StringRef, Catch::NameAndTags const&, Catch::SourceLineInfo const&) (catch_test_case_info.cpp:118)
==268755==    by 0x26E957: Catch::AutoReg::AutoReg(Catch::Detail::unique_ptr<Catch::ITestInvoker>, Catch::SourceLineInfo const&, Catch::StringRef, Catch::NameAndTags const&) (catch_test_registry.cpp:59)
==268755==    by 0x180847: __static_initialization_and_destruction_0(int, int) (test_transaction_manager.cpp:17)
==268755==    by 0x180B45: _GLOBAL__sub_I_test_transaction_manager.cpp (test_transaction_manager.cpp:238)
==268755==    by 0x51BBEBA: call_init (libc-start.c:145)
==268755==    by 0x51BBEBA: __libc_start_main@@GLIBC_2.34 (libc-start.c:379)
==268755== 
==268755== 52 bytes in 1 blocks are still reachable in loss record 1,039 of 2,004
==268755==    at 0x4849013: operator new(unsigned long) (in /usr/libexec/valgrind/vgpreload_memcheck-amd64-linux.so)
==268755==    by 0x130468: __gnu_cxx::new_allocator<char>::allocate(unsigned long, void const*) (new_allocator.h:127)
==268755==    by 0x12F934: allocate (allocator.h:185)
==268755==    by 0x12F934: std::allocator_traits<std::allocator<char> >::allocate(std::allocator<char>&, unsigned long) (alloc_traits.h:464)
==268755==    by 0x12FCCD: std::__cxx11::basic_string<char, std::char_traits<char>, std::allocator<char> >::_M_create(unsigned long&, unsigned long) (basic_string.tcc:153)
==268755==    by 0x14FFB1: std::__cxx11::basic_string<char, std::char_traits<char>, std::allocator<char> >::reserve(unsigned long) (basic_string.tcc:291)
==268755==    by 0x213D58: Catch::TestCaseInfo::TestCaseInfo(Catch::StringRef, Catch::NameAndTags const&, Catch::SourceLineInfo const&) (catch_test_case_info.cpp:132)
==268755==    by 0x214A8E: Catch::Detail::unique_ptr<Catch::TestCaseInfo> Catch::Detail::make_unique<Catch::TestCaseInfo, Catch::StringRef&, Catch::NameAndTags const&, Catch::SourceLineInfo const&>(Catch::StringRef&, Catch::NameAndTags const&, Catch::SourceLineInfo const&) (catch_unique_ptr.hpp:111)
==268755==    by 0x213B99: Catch::makeTestCaseInfo(Catch::StringRef, Catch::NameAndTags const&, Catch::SourceLineInfo const&) (catch_test_case_info.cpp:118)
==268755==    by 0x26E957: Catch::AutoReg::AutoReg(Catch::Detail::unique_ptr<Catch::ITestInvoker>, Catch::SourceLineInfo const&, Catch::StringRef, Catch::NameAndTags const&) (catch_test_registry.cpp:59)
==268755==    by 0x180917: __static_initialization_and_destruction_0(int, int) (test_transaction_manager.cpp:142)
==268755==    by 0x180B45: _GLOBAL__sub_I_test_transaction_manager.cpp (test_transaction_manager.cpp:238)
==268755==    by 0x51BBEBA: call_init (libc-start.c:145)
==268755==    by 0x51BBEBA: __libc_start_main@@GLIBC_2.34 (libc-start.c:379)
==268755== 
==268755== 52 bytes in 1 blocks are still reachable in loss record 1,040 of 2,004
==268755==    at 0x4849013: operator new(unsigned long) (in /usr/libexec/valgrind/vgpreload_memcheck-amd64-linux.so)
==268755==    by 0x130468: __gnu_cxx::new_allocator<char>::allocate(unsigned long, void const*) (new_allocator.h:127)
==268755==    by 0x12F934: allocate (allocator.h:185)
==268755==    by 0x12F934: std::allocator_traits<std::allocator<char> >::allocate(std::allocator<char>&, unsigned long) (alloc_traits.h:464)
==268755==    by 0x12FCCD: std::__cxx11::basic_string<char, std::char_traits<char>, std::allocator<char> >::_M_create(unsigned long&, unsigned long) (basic_string.tcc:153)
==268755==    by 0x14FFB1: std::__cxx11::basic_string<char, std::char_traits<char>, std::allocator<char> >::reserve(unsigned long) (basic_string.tcc:291)
==268755==    by 0x213D58: Catch::TestCaseInfo::TestCaseInfo(Catch::StringRef, Catch::NameAndTags const&, Catch::SourceLineInfo const&) (catch_test_case_info.cpp:132)
==268755==    by 0x214A8E: Catch::Detail::unique_ptr<Catch::TestCaseInfo> Catch::Detail::make_unique<Catch::TestCaseInfo, Catch::StringRef&, Catch::NameAndTags const&, Catch::SourceLineInfo const&>(Catch::StringRef&, Catch::NameAndTags const&, Catch::SourceLineInfo const&) (catch_unique_ptr.hpp:111)
==268755==    by 0x213B99: Catch::makeTestCaseInfo(Catch::StringRef, Catch::NameAndTags const&, Catch::SourceLineInfo const&) (catch_test_case_info.cpp:118)
==268755==    by 0x26E957: Catch::AutoReg::AutoReg(Catch::Detail::unique_ptr<Catch::ITestInvoker>, Catch::SourceLineInfo const&, Catch::StringRef, Catch::NameAndTags const&) (catch_test_registry.cpp:59)
==268755==    by 0x1809E7: __static_initialization_and_destruction_0(int, int) (test_transaction_manager.cpp:210)
==268755==    by 0x180B45: _GLOBAL__sub_I_test_transaction_manager.cpp (test_transaction_manager.cpp:238)
==268755==    by 0x51BBEBA: call_init (libc-start.c:145)
==268755==    by 0x51BBEBA: __libc_start_main@@GLIBC_2.34 (libc-start.c:379)
==268755== 
==268755== 56 bytes in 1 blocks are still reachable in loss record 1,041 of 2,004
==268755==    at 0x4849013: operator new(unsigned long) (in /usr/libexec/valgrind/vgpreload_memcheck-amd64-linux.so)
==268755==    by 0x130468: __gnu_cxx::new_allocator<char>::allocate(unsigned long, void const*) (new_allocator.h:127)
==268755==    by 0x12F934: allocate (allocator.h:185)
==268755==    by 0x12F934: std::allocator_traits<std::allocator<char> >::allocate(std::allocator<char>&, unsigned long) (alloc_traits.h:464)
==268755==    by 0x12FCCD: std::__cxx11::basic_string<char, std::char_traits<char>, std::allocator<char> >::_M_create(unsigned long&, unsigned long) (basic_string.tcc:153)
==268755==    by 0x14FFB1: std::__cxx11::basic_string<char, std::char_traits<char>, std::allocator<char> >::reserve(unsigned long) (basic_string.tcc:291)
==268755==    by 0x213D58: Catch::TestCaseInfo::TestCaseInfo(Catch::StringRef, Catch::NameAndTags const&, Catch::SourceLineInfo const&) (catch_test_case_info.cpp:132)
==268755==    by 0x214A8E: Catch::Detail::unique_ptr<Catch::TestCaseInfo> Catch::Detail::make_unique<Catch::TestCaseInfo, Catch::StringRef&, Catch::NameAndTags const&, Catch::SourceLineInfo const&>(Catch::StringRef&, Catch::NameAndTags const&, Catch::SourceLineInfo const&) (catch_unique_ptr.hpp:111)
==268755==    by 0x213B99: Catch::makeTestCaseInfo(Catch::StringRef, Catch::NameAndTags const&, Catch::SourceLineInfo const&) (catch_test_case_info.cpp:118)
==268755==    by 0x26E957: Catch::AutoReg::AutoReg(Catch::Detail::unique_ptr<Catch::ITestInvoker>, Catch::SourceLineInfo const&, Catch::StringRef, Catch::NameAndTags const&) (catch_test_registry.cpp:59)
==268755==    by 0x165959: __static_initialization_and_destruction_0(int, int) (test_postgresql_connection.cpp:15)
==268755==    by 0x165993: _GLOBAL__sub_I_test_postgresql_connection.cpp (test_postgresql_connection.cpp:94)
==268755==    by 0x51BBEBA: call_init (libc-start.c:145)
==268755==    by 0x51BBEBA: __libc_start_main@@GLIBC_2.34 (libc-start.c:379)
==268755== 
==268755== 56 bytes in 1 blocks are still reachable in loss record 1,042 of 2,004
==268755==    at 0x4849013: operator new(unsigned long) (in /usr/libexec/valgrind/vgpreload_memcheck-amd64-linux.so)
==268755==    by 0x21A2DD: __gnu_cxx::new_allocator<Catch::TestSpec::FilterMatch>::allocate(unsigned long, void const*) (new_allocator.h:127)
==268755==    by 0x219F8D: std::allocator_traits<std::allocator<Catch::TestSpec::FilterMatch> >::allocate(std::allocator<Catch::TestSpec::FilterMatch>&, unsigned long) (alloc_traits.h:464)
==268755==    by 0x219D15: std::_Vector_base<Catch::TestSpec::FilterMatch, std::allocator<Catch::TestSpec::FilterMatch> >::_M_allocate(unsigned long) (stl_vector.h:346)
==268755==    by 0x219762: std::_Vector_base<Catch::TestSpec::FilterMatch, std::allocator<Catch::TestSpec::FilterMatch> >::_M_create_storage(unsigned long) (stl_vector.h:361)
==268755==    by 0x21901E: std::_Vector_base<Catch::TestSpec::FilterMatch, std::allocator<Catch::TestSpec::FilterMatch> >::_Vector_base(unsigned long, std::allocator<Catch::TestSpec::FilterMatch> const&) (stl_vector.h:305)
==268755==    by 0x218B4C: std::vector<Catch::TestSpec::FilterMatch, std::allocator<Catch::TestSpec::FilterMatch> >::vector(unsigned long, std::allocator<Catch::TestSpec::FilterMatch> const&) (stl_vector.h:511)
==268755==    by 0x2180BF: Catch::TestSpec::matchesByFilter(std::vector<Catch::TestCaseHandle, std::allocator<Catch::TestCaseHandle> > const&, Catch::IConfig const&) const (catch_test_spec.cpp:111)
==268755==    by 0x205C50: Catch::(anonymous namespace)::TestGroup::TestGroup(Catch::Detail::unique_ptr<Catch::IEventListener>&&, Catch::Config const*) (catch_session.cpp:96)
==268755==    by 0x207416: Catch::Session::runInternal() (catch_session.cpp:331)
==268755==    by 0x206F31: Catch::Session::run() (catch_session.cpp:263)
==268755==    by 0x202254: int Catch::Session::run<char>(int, char const* const*) (catch_session.hpp:41)
==268755== 
==268755== 56 bytes in 1 blocks are still reachable in loss record 1,043 of 2,004
==268755==    at 0x4848899: malloc (in /usr/libexec/valgrind/vgpreload_memcheck-amd64-linux.so)
==268755==    by 0x561679D: CRYPTO_zalloc (in /usr/lib/x86_64-linux-gnu/libcrypto.so.3)
==268755==    by 0x5621B23: CRYPTO_THREAD_lock_new (in /usr/lib/x86_64-linux-gnu/libcrypto.so.3)
==268755==    by 0x561C9FC: ??? (in /usr/lib/x86_64-linux-gnu/libcrypto.so.3)
==268755==    by 0x522BEE7: __pthread_once_slow (pthread_once.c:116)
==268755==    by 0x5621C9C: CRYPTO_THREAD_run_once (in /usr/lib/x86_64-linux-gnu/libcrypto.so.3)
==268755==    by 0x561E779: OPENSSL_init_crypto (in /usr/lib/x86_64-linux-gnu/libcrypto.so.3)
==268755==    by 0x53EB9B6: OPENSSL_init_ssl (in /usr/lib/x86_64-linux-gnu/libssl.so.3)
==268755==    by 0x488FB29: mysql_server_init (in /usr/lib/x86_64-linux-gnu/libmysqlclient.so.21.2.42)
==268755==    by 0x1ED98C: cpp_dbc::MySQL::MySQLDriver::MySQLDriver() (driver_mysql.cpp:797)
==268755==    by 0x163CB6: decltype (::new ((void*)(0)) cpp_dbc::MySQL::MySQLDriver()) std::construct_at<cpp_dbc::MySQL::MySQLDriver>(cpp_dbc::MySQL::MySQLDriver*) (stl_construct.h:97)
==268755==    by 0x163D03: void std::allocator_traits<std::allocator<cpp_dbc::MySQL::MySQLDriver> >::construct<cpp_dbc::MySQL::MySQLDriver>(std::allocator<cpp_dbc::MySQL::MySQLDriver>&, cpp_dbc::MySQL::MySQLDriver*) (alloc_traits.h:518)
==268755== 
==268755== 56 bytes in 1 blocks are still reachable in loss record 1,044 of 2,004
==268755==    at 0x4848899: malloc (in /usr/libexec/valgrind/vgpreload_memcheck-amd64-linux.so)
==268755==    by 0x561679D: CRYPTO_zalloc (in /usr/lib/x86_64-linux-gnu/libcrypto.so.3)
==268755==    by 0x5621B23: CRYPTO_THREAD_lock_new (in /usr/lib/x86_64-linux-gnu/libcrypto.so.3)
==268755==    by 0x562CB57: ??? (in /usr/lib/x86_64-linux-gnu/libcrypto.so.3)
==268755==    by 0x522BEE7: __pthread_once_slow (pthread_once.c:116)
==268755==    by 0x5621C9C: CRYPTO_THREAD_run_once (in /usr/lib/x86_64-linux-gnu/libcrypto.so.3)
==268755==    by 0x562CD5A: OBJ_NAME_init (in /usr/lib/x86_64-linux-gnu/libcrypto.so.3)
==268755==    by 0x562D038: OBJ_NAME_add (in /usr/lib/x86_64-linux-gnu/libcrypto.so.3)
==268755==    by 0x55FF684: EVP_add_cipher (in /usr/lib/x86_64-linux-gnu/libcrypto.so.3)
==268755==    by 0x561D429: ??? (in /usr/lib/x86_64-linux-gnu/libcrypto.so.3)
==268755==    by 0x522BEE7: __pthread_once_slow (pthread_once.c:116)
==268755==    by 0x5621C9C: CRYPTO_THREAD_run_once (in /usr/lib/x86_64-linux-gnu/libcrypto.so.3)
==268755== 
==268755== 56 bytes in 1 blocks are still reachable in loss record 1,045 of 2,004
==268755==    at 0x4848899: malloc (in /usr/libexec/valgrind/vgpreload_memcheck-amd64-linux.so)
==268755==    by 0x561679D: CRYPTO_zalloc (in /usr/lib/x86_64-linux-gnu/libcrypto.so.3)
==268755==    by 0x5621B23: CRYPTO_THREAD_lock_new (in /usr/lib/x86_64-linux-gnu/libcrypto.so.3)
==268755==    by 0x561CAC7: ??? (in /usr/lib/x86_64-linux-gnu/libcrypto.so.3)
==268755==    by 0x522BEE7: __pthread_once_slow (pthread_once.c:116)
==268755==    by 0x5621C9C: CRYPTO_THREAD_run_once (in /usr/lib/x86_64-linux-gnu/libcrypto.so.3)
==268755==    by 0x561E5FF: ??? (in /usr/lib/x86_64-linux-gnu/libcrypto.so.3)
==268755==    by 0x55CC314: ??? (in /usr/lib/x86_64-linux-gnu/libcrypto.so.3)
==268755==    by 0x55CCCFC: ERR_set_mark (in /usr/lib/x86_64-linux-gnu/libcrypto.so.3)
==268755==    by 0x55790E1: CONF_modules_load_file_ex (in /usr/lib/x86_64-linux-gnu/libcrypto.so.3)
==268755==    by 0x561E19F: ??? (in /usr/lib/x86_64-linux-gnu/libcrypto.so.3)
==268755==    by 0x522BEE7: __pthread_once_slow (pthread_once.c:116)
==268755== 
==268755== 56 bytes in 1 blocks are still reachable in loss record 1,046 of 2,004
==268755==    at 0x4848899: malloc (in /usr/libexec/valgrind/vgpreload_memcheck-amd64-linux.so)
==268755==    by 0x561679D: CRYPTO_zalloc (in /usr/lib/x86_64-linux-gnu/libcrypto.so.3)
==268755==    by 0x5621B23: CRYPTO_THREAD_lock_new (in /usr/lib/x86_64-linux-gnu/libcrypto.so.3)
==268755==    by 0x55CB30C: ??? (in /usr/lib/x86_64-linux-gnu/libcrypto.so.3)
==268755==    by 0x522BEE7: __pthread_once_slow (pthread_once.c:116)
==268755==    by 0x5621C9C: CRYPTO_THREAD_run_once (in /usr/lib/x86_64-linux-gnu/libcrypto.so.3)
==268755==    by 0x561CEF7: ??? (in /usr/lib/x86_64-linux-gnu/libcrypto.so.3)
==268755==    by 0x522BEE7: __pthread_once_slow (pthread_once.c:116)
==268755==    by 0x5621C9C: CRYPTO_THREAD_run_once (in /usr/lib/x86_64-linux-gnu/libcrypto.so.3)
==268755==    by 0x561E992: OPENSSL_init_crypto (in /usr/lib/x86_64-linux-gnu/libcrypto.so.3)
==268755==    by 0x55CC336: ??? (in /usr/lib/x86_64-linux-gnu/libcrypto.so.3)
==268755==    by 0x55CCCFC: ERR_set_mark (in /usr/lib/x86_64-linux-gnu/libcrypto.so.3)
==268755== 
==268755== 56 bytes in 1 blocks are still reachable in loss record 1,047 of 2,004
==268755==    at 0x4848899: malloc (in /usr/libexec/valgrind/vgpreload_memcheck-amd64-linux.so)
==268755==    by 0x561679D: CRYPTO_zalloc (in /usr/lib/x86_64-linux-gnu/libcrypto.so.3)
==268755==    by 0x5621B23: CRYPTO_THREAD_lock_new (in /usr/lib/x86_64-linux-gnu/libcrypto.so.3)
==268755==    by 0x56155A4: ??? (in /usr/lib/x86_64-linux-gnu/libcrypto.so.3)
==268755==    by 0x522BEE7: __pthread_once_slow (pthread_once.c:116)
==268755==    by 0x5621C9C: CRYPTO_THREAD_run_once (in /usr/lib/x86_64-linux-gnu/libcrypto.so.3)
==268755==    by 0x561A822: ??? (in /usr/lib/x86_64-linux-gnu/libcrypto.so.3)
==268755==    by 0x553AA03: BIO_new_ex (in /usr/lib/x86_64-linux-gnu/libcrypto.so.3)
==268755==    by 0x55411E5: BIO_new_file (in /usr/lib/x86_64-linux-gnu/libcrypto.so.3)
==268755==    by 0x557834D: ??? (in /usr/lib/x86_64-linux-gnu/libcrypto.so.3)
==268755==    by 0x5578FB1: CONF_modules_load_file_ex (in /usr/lib/x86_64-linux-gnu/libcrypto.so.3)
==268755==    by 0x561E19F: ??? (in /usr/lib/x86_64-linux-gnu/libcrypto.so.3)
==268755== 
==268755== 56 bytes in 1 blocks are still reachable in loss record 1,048 of 2,004
==268755==    at 0x4848899: malloc (in /usr/libexec/valgrind/vgpreload_memcheck-amd64-linux.so)
==268755==    by 0x561679D: CRYPTO_zalloc (in /usr/lib/x86_64-linux-gnu/libcrypto.so.3)
==268755==    by 0x5621B23: CRYPTO_THREAD_lock_new (in /usr/lib/x86_64-linux-gnu/libcrypto.so.3)
==268755==    by 0x5615397: ??? (in /usr/lib/x86_64-linux-gnu/libcrypto.so.3)
==268755==    by 0x56155BC: ??? (in /usr/lib/x86_64-linux-gnu/libcrypto.so.3)
==268755==    by 0x522BEE7: __pthread_once_slow (pthread_once.c:116)
==268755==    by 0x5621C9C: CRYPTO_THREAD_run_once (in /usr/lib/x86_64-linux-gnu/libcrypto.so.3)
==268755==    by 0x561A822: ??? (in /usr/lib/x86_64-linux-gnu/libcrypto.so.3)
==268755==    by 0x553AA03: BIO_new_ex (in /usr/lib/x86_64-linux-gnu/libcrypto.so.3)
==268755==    by 0x55411E5: BIO_new_file (in /usr/lib/x86_64-linux-gnu/libcrypto.so.3)
==268755==    by 0x557834D: ??? (in /usr/lib/x86_64-linux-gnu/libcrypto.so.3)
==268755==    by 0x5578FB1: CONF_modules_load_file_ex (in /usr/lib/x86_64-linux-gnu/libcrypto.so.3)
==268755== 
==268755== 56 bytes in 1 blocks are still reachable in loss record 1,049 of 2,004
==268755==    at 0x4848899: malloc (in /usr/libexec/valgrind/vgpreload_memcheck-amd64-linux.so)
==268755==    by 0x561679D: CRYPTO_zalloc (in /usr/lib/x86_64-linux-gnu/libcrypto.so.3)
==268755==    by 0x5621B23: CRYPTO_THREAD_lock_new (in /usr/lib/x86_64-linux-gnu/libcrypto.so.3)
==268755==    by 0x5615464: ??? (in /usr/lib/x86_64-linux-gnu/libcrypto.so.3)
==268755==    by 0x56155BC: ??? (in /usr/lib/x86_64-linux-gnu/libcrypto.so.3)
==268755==    by 0x522BEE7: __pthread_once_slow (pthread_once.c:116)
==268755==    by 0x5621C9C: CRYPTO_THREAD_run_once (in /usr/lib/x86_64-linux-gnu/libcrypto.so.3)
==268755==    by 0x561A822: ??? (in /usr/lib/x86_64-linux-gnu/libcrypto.so.3)
==268755==    by 0x553AA03: BIO_new_ex (in /usr/lib/x86_64-linux-gnu/libcrypto.so.3)
==268755==    by 0x55411E5: BIO_new_file (in /usr/lib/x86_64-linux-gnu/libcrypto.so.3)
==268755==    by 0x557834D: ??? (in /usr/lib/x86_64-linux-gnu/libcrypto.so.3)
==268755==    by 0x5578FB1: CONF_modules_load_file_ex (in /usr/lib/x86_64-linux-gnu/libcrypto.so.3)
==268755== 
==268755== 56 bytes in 1 blocks are still reachable in loss record 1,050 of 2,004
==268755==    at 0x4848899: malloc (in /usr/libexec/valgrind/vgpreload_memcheck-amd64-linux.so)
==268755==    by 0x561679D: CRYPTO_zalloc (in /usr/lib/x86_64-linux-gnu/libcrypto.so.3)
==268755==    by 0x5621B23: CRYPTO_THREAD_lock_new (in /usr/lib/x86_64-linux-gnu/libcrypto.so.3)
==268755==    by 0x564691B: ??? (in /usr/lib/x86_64-linux-gnu/libcrypto.so.3)
==268755==    by 0x5614C2D: ??? (in /usr/lib/x86_64-linux-gnu/libcrypto.so.3)
==268755==    by 0x561A924: ??? (in /usr/lib/x86_64-linux-gnu/libcrypto.so.3)
==268755==    by 0x5614FB8: ??? (in /usr/lib/x86_64-linux-gnu/libcrypto.so.3)
==268755==    by 0x56154C7: ??? (in /usr/lib/x86_64-linux-gnu/libcrypto.so.3)
==268755==    by 0x56155BC: ??? (in /usr/lib/x86_64-linux-gnu/libcrypto.so.3)
==268755==    by 0x522BEE7: __pthread_once_slow (pthread_once.c:116)
==268755==    by 0x5621C9C: CRYPTO_THREAD_run_once (in /usr/lib/x86_64-linux-gnu/libcrypto.so.3)
==268755==    by 0x561A822: ??? (in /usr/lib/x86_64-linux-gnu/libcrypto.so.3)
==268755== 
==268755== 56 bytes in 1 blocks are still reachable in loss record 1,051 of 2,004
==268755==    at 0x4848899: malloc (in /usr/libexec/valgrind/vgpreload_memcheck-amd64-linux.so)
==268755==    by 0x561679D: CRYPTO_zalloc (in /usr/lib/x86_64-linux-gnu/libcrypto.so.3)
==268755==    by 0x5621B23: CRYPTO_THREAD_lock_new (in /usr/lib/x86_64-linux-gnu/libcrypto.so.3)
==268755==    by 0x55CA5FC: ??? (in /usr/lib/x86_64-linux-gnu/libcrypto.so.3)
==268755==    by 0x522BEE7: __pthread_once_slow (pthread_once.c:116)
==268755==    by 0x5621C9C: CRYPTO_THREAD_run_once (in /usr/lib/x86_64-linux-gnu/libcrypto.so.3)
==268755==    by 0x55D030D: ENGINE_new (in /usr/lib/x86_64-linux-gnu/libcrypto.so.3)
==268755==    by 0x561E3A5: ??? (in /usr/lib/x86_64-linux-gnu/libcrypto.so.3)
==268755==    by 0x522BEE7: __pthread_once_slow (pthread_once.c:116)
==268755==    by 0x5621C9C: CRYPTO_THREAD_run_once (in /usr/lib/x86_64-linux-gnu/libcrypto.so.3)
==268755==    by 0x561EB9C: OPENSSL_init_crypto (in /usr/lib/x86_64-linux-gnu/libcrypto.so.3)
==268755==    by 0x5578811: ??? (in /usr/lib/x86_64-linux-gnu/libcrypto.so.3)
==268755== 
==268755== 56 bytes in 1 blocks are still reachable in loss record 1,052 of 2,004
==268755==    at 0x4849013: operator new(unsigned long) (in /usr/libexec/valgrind/vgpreload_memcheck-amd64-linux.so)
==268755==    by 0x48E602C: ??? (in /usr/lib/x86_64-linux-gnu/libmysqlclient.so.21.2.42)
==268755==    by 0x522BEE7: __pthread_once_slow (pthread_once.c:116)
==268755==    by 0x4903155: ??? (in /usr/lib/x86_64-linux-gnu/libmysqlclient.so.21.2.42)
==268755==    by 0x489CBB8: ??? (in /usr/lib/x86_64-linux-gnu/libmysqlclient.so.21.2.42)
==268755==    by 0x489D1FA: ??? (in /usr/lib/x86_64-linux-gnu/libmysqlclient.so.21.2.42)
==268755==    by 0x48A3273: ??? (in /usr/lib/x86_64-linux-gnu/libmysqlclient.so.21.2.42)
==268755==    by 0x489EF82: mysql_real_connect (in /usr/lib/x86_64-linux-gnu/libmysqlclient.so.21.2.42)
==268755==    by 0x1EC2E1: cpp_dbc::MySQL::MySQLConnection::MySQLConnection(std::__cxx11::basic_string<char, std::char_traits<char>, std::allocator<char> > const&, int, std::__cxx11::basic_string<char, std::char_traits<char>, std::allocator<char> > const&, std::__cxx11::basic_string<char, std::char_traits<char>, std::allocator<char> > const&, std::__cxx11::basic_string<char, std::char_traits<char>, std::allocator<char> > const&) (driver_mysql.cpp:624)
==268755==    by 0x1F6A72: decltype (::new ((void*)(0)) cpp_dbc::MySQL::MySQLConnection((declval<std::__cxx11::basic_string<char, std::char_traits<char>, std::allocator<char> >&>)(), (declval<int&>)(), (declval<std::__cxx11::basic_string<char, std::char_traits<char>, std::allocator<char> >&>)(), (declval<std::__cxx11::basic_string<char, std::char_traits<char>, std::allocator<char> > const&>)(), (declval<std::__cxx11::basic_string<char, std::char_traits<char>, std::allocator<char> > const&>)())) std::construct_at<cpp_dbc::MySQL::MySQLConnection, std::__cxx11::basic_string<char, std::char_traits<char>, std::allocator<char> >&, int&, std::__cxx11::basic_string<char, std::char_traits<char>, std::allocator<char> >&, std::__cxx11::basic_string<char, std::char_traits<char>, std::allocator<char> > const&, std::__cxx11::basic_string<char, std::char_traits<char>, std::allocator<char> > const&>(cpp_dbc::MySQL::MySQLConnection*, std::__cxx11::basic_string<char, std::char_traits<char>, std::allocator<char> >&, int&, std::__cxx11::basic_string<char, std::char_traits<char>, std::allocator<char> >&, std::__cxx11::basic_string<char, std::char_traits<char>, std::allocator<char> > const&, std::__cxx11::basic_string<char, std::char_traits<char>, std::allocator<char> > const&) (stl_construct.h:97)
==268755==    by 0x1F6B2E: void std::allocator_traits<std::allocator<cpp_dbc::MySQL::MySQLConnection> >::construct<cpp_dbc::MySQL::MySQLConnection, std::__cxx11::basic_string<char, std::char_traits<char>, std::allocator<char> >&, int&, std::__cxx11::basic_string<char, std::char_traits<char>, std::allocator<char> >&, std::__cxx11::basic_string<char, std::char_traits<char>, std::allocator<char> > const&, std::__cxx11::basic_string<char, std::char_traits<char>, std::allocator<char> > const&>(std::allocator<cpp_dbc::MySQL::MySQLConnection>&, cpp_dbc::MySQL::MySQLConnection*, std::__cxx11::basic_string<char, std::char_traits<char>, std::allocator<char> >&, int&, std::__cxx11::basic_string<char, std::char_traits<char>, std::allocator<char> >&, std::__cxx11::basic_string<char, std::char_traits<char>, std::allocator<char> > const&, std::__cxx11::basic_string<char, std::char_traits<char>, std::allocator<char> > const&) (alloc_traits.h:518)
==268755==    by 0x1F602C: std::_Sp_counted_ptr_inplace<cpp_dbc::MySQL::MySQLConnection, std::allocator<cpp_dbc::MySQL::MySQLConnection>, (__gnu_cxx::_Lock_policy)2>::_Sp_counted_ptr_inplace<std::__cxx11::basic_string<char, std::char_traits<char>, std::allocator<char> >&, int&, std::__cxx11::basic_string<char, std::char_traits<char>, std::allocator<char> >&, std::__cxx11::basic_string<char, std::char_traits<char>, std::allocator<char> > const&, std::__cxx11::basic_string<char, std::char_traits<char>, std::allocator<char> > const&>(std::allocator<cpp_dbc::MySQL::MySQLConnection>, std::__cxx11::basic_string<char, std::char_traits<char>, std::allocator<char> >&, int&, std::__cxx11::basic_string<char, std::char_traits<char>, std::allocator<char> >&, std::__cxx11::basic_string<char, std::char_traits<char>, std::allocator<char> > const&, std::__cxx11::basic_string<char, std::char_traits<char>, std::allocator<char> > const&) (shared_ptr_base.h:519)
==268755== 
==268755== 56 bytes in 1 blocks are still reachable in loss record 1,053 of 2,004
==268755==    at 0x4849013: operator new(unsigned long) (in /usr/libexec/valgrind/vgpreload_memcheck-amd64-linux.so)
==268755==    by 0x48E6048: ??? (in /usr/lib/x86_64-linux-gnu/libmysqlclient.so.21.2.42)
==268755==    by 0x522BEE7: __pthread_once_slow (pthread_once.c:116)
==268755==    by 0x4903155: ??? (in /usr/lib/x86_64-linux-gnu/libmysqlclient.so.21.2.42)
==268755==    by 0x489CBB8: ??? (in /usr/lib/x86_64-linux-gnu/libmysqlclient.so.21.2.42)
==268755==    by 0x489D1FA: ??? (in /usr/lib/x86_64-linux-gnu/libmysqlclient.so.21.2.42)
==268755==    by 0x48A3273: ??? (in /usr/lib/x86_64-linux-gnu/libmysqlclient.so.21.2.42)
==268755==    by 0x489EF82: mysql_real_connect (in /usr/lib/x86_64-linux-gnu/libmysqlclient.so.21.2.42)
==268755==    by 0x1EC2E1: cpp_dbc::MySQL::MySQLConnection::MySQLConnection(std::__cxx11::basic_string<char, std::char_traits<char>, std::allocator<char> > const&, int, std::__cxx11::basic_string<char, std::char_traits<char>, std::allocator<char> > const&, std::__cxx11::basic_string<char, std::char_traits<char>, std::allocator<char> > const&, std::__cxx11::basic_string<char, std::char_traits<char>, std::allocator<char> > const&) (driver_mysql.cpp:624)
==268755==    by 0x1F6A72: decltype (::new ((void*)(0)) cpp_dbc::MySQL::MySQLConnection((declval<std::__cxx11::basic_string<char, std::char_traits<char>, std::allocator<char> >&>)(), (declval<int&>)(), (declval<std::__cxx11::basic_string<char, std::char_traits<char>, std::allocator<char> >&>)(), (declval<std::__cxx11::basic_string<char, std::char_traits<char>, std::allocator<char> > const&>)(), (declval<std::__cxx11::basic_string<char, std::char_traits<char>, std::allocator<char> > const&>)())) std::construct_at<cpp_dbc::MySQL::MySQLConnection, std::__cxx11::basic_string<char, std::char_traits<char>, std::allocator<char> >&, int&, std::__cxx11::basic_string<char, std::char_traits<char>, std::allocator<char> >&, std::__cxx11::basic_string<char, std::char_traits<char>, std::allocator<char> > const&, std::__cxx11::basic_string<char, std::char_traits<char>, std::allocator<char> > const&>(cpp_dbc::MySQL::MySQLConnection*, std::__cxx11::basic_string<char, std::char_traits<char>, std::allocator<char> >&, int&, std::__cxx11::basic_string<char, std::char_traits<char>, std::allocator<char> >&, std::__cxx11::basic_string<char, std::char_traits<char>, std::allocator<char> > const&, std::__cxx11::basic_string<char, std::char_traits<char>, std::allocator<char> > const&) (stl_construct.h:97)
==268755==    by 0x1F6B2E: void std::allocator_traits<std::allocator<cpp_dbc::MySQL::MySQLConnection> >::construct<cpp_dbc::MySQL::MySQLConnection, std::__cxx11::basic_string<char, std::char_traits<char>, std::allocator<char> >&, int&, std::__cxx11::basic_string<char, std::char_traits<char>, std::allocator<char> >&, std::__cxx11::basic_string<char, std::char_traits<char>, std::allocator<char> > const&, std::__cxx11::basic_string<char, std::char_traits<char>, std::allocator<char> > const&>(std::allocator<cpp_dbc::MySQL::MySQLConnection>&, cpp_dbc::MySQL::MySQLConnection*, std::__cxx11::basic_string<char, std::char_traits<char>, std::allocator<char> >&, int&, std::__cxx11::basic_string<char, std::char_traits<char>, std::allocator<char> >&, std::__cxx11::basic_string<char, std::char_traits<char>, std::allocator<char> > const&, std::__cxx11::basic_string<char, std::char_traits<char>, std::allocator<char> > const&) (alloc_traits.h:518)
==268755==    by 0x1F602C: std::_Sp_counted_ptr_inplace<cpp_dbc::MySQL::MySQLConnection, std::allocator<cpp_dbc::MySQL::MySQLConnection>, (__gnu_cxx::_Lock_policy)2>::_Sp_counted_ptr_inplace<std::__cxx11::basic_string<char, std::char_traits<char>, std::allocator<char> >&, int&, std::__cxx11::basic_string<char, std::char_traits<char>, std::allocator<char> >&, std::__cxx11::basic_string<char, std::char_traits<char>, std::allocator<char> > const&, std::__cxx11::basic_string<char, std::char_traits<char>, std::allocator<char> > const&>(std::allocator<cpp_dbc::MySQL::MySQLConnection>, std::__cxx11::basic_string<char, std::char_traits<char>, std::allocator<char> >&, int&, std::__cxx11::basic_string<char, std::char_traits<char>, std::allocator<char> >&, std::__cxx11::basic_string<char, std::char_traits<char>, std::allocator<char> > const&, std::__cxx11::basic_string<char, std::char_traits<char>, std::allocator<char> > const&) (shared_ptr_base.h:519)
==268755== 
==268755== 56 bytes in 1 blocks are still reachable in loss record 1,054 of 2,004
==268755==    at 0x4849013: operator new(unsigned long) (in /usr/libexec/valgrind/vgpreload_memcheck-amd64-linux.so)
==268755==    by 0x48E6064: ??? (in /usr/lib/x86_64-linux-gnu/libmysqlclient.so.21.2.42)
==268755==    by 0x522BEE7: __pthread_once_slow (pthread_once.c:116)
==268755==    by 0x4903155: ??? (in /usr/lib/x86_64-linux-gnu/libmysqlclient.so.21.2.42)
==268755==    by 0x489CBB8: ??? (in /usr/lib/x86_64-linux-gnu/libmysqlclient.so.21.2.42)
==268755==    by 0x489D1FA: ??? (in /usr/lib/x86_64-linux-gnu/libmysqlclient.so.21.2.42)
==268755==    by 0x48A3273: ??? (in /usr/lib/x86_64-linux-gnu/libmysqlclient.so.21.2.42)
==268755==    by 0x489EF82: mysql_real_connect (in /usr/lib/x86_64-linux-gnu/libmysqlclient.so.21.2.42)
==268755==    by 0x1EC2E1: cpp_dbc::MySQL::MySQLConnection::MySQLConnection(std::__cxx11::basic_string<char, std::char_traits<char>, std::allocator<char> > const&, int, std::__cxx11::basic_string<char, std::char_traits<char>, std::allocator<char> > const&, std::__cxx11::basic_string<char, std::char_traits<char>, std::allocator<char> > const&, std::__cxx11::basic_string<char, std::char_traits<char>, std::allocator<char> > const&) (driver_mysql.cpp:624)
==268755==    by 0x1F6A72: decltype (::new ((void*)(0)) cpp_dbc::MySQL::MySQLConnection((declval<std::__cxx11::basic_string<char, std::char_traits<char>, std::allocator<char> >&>)(), (declval<int&>)(), (declval<std::__cxx11::basic_string<char, std::char_traits<char>, std::allocator<char> >&>)(), (declval<std::__cxx11::basic_string<char, std::char_traits<char>, std::allocator<char> > const&>)(), (declval<std::__cxx11::basic_string<char, std::char_traits<char>, std::allocator<char> > const&>)())) std::construct_at<cpp_dbc::MySQL::MySQLConnection, std::__cxx11::basic_string<char, std::char_traits<char>, std::allocator<char> >&, int&, std::__cxx11::basic_string<char, std::char_traits<char>, std::allocator<char> >&, std::__cxx11::basic_string<char, std::char_traits<char>, std::allocator<char> > const&, std::__cxx11::basic_string<char, std::char_traits<char>, std::allocator<char> > const&>(cpp_dbc::MySQL::MySQLConnection*, std::__cxx11::basic_string<char, std::char_traits<char>, std::allocator<char> >&, int&, std::__cxx11::basic_string<char, std::char_traits<char>, std::allocator<char> >&, std::__cxx11::basic_string<char, std::char_traits<char>, std::allocator<char> > const&, std::__cxx11::basic_string<char, std::char_traits<char>, std::allocator<char> > const&) (stl_construct.h:97)
==268755==    by 0x1F6B2E: void std::allocator_traits<std::allocator<cpp_dbc::MySQL::MySQLConnection> >::construct<cpp_dbc::MySQL::MySQLConnection, std::__cxx11::basic_string<char, std::char_traits<char>, std::allocator<char> >&, int&, std::__cxx11::basic_string<char, std::char_traits<char>, std::allocator<char> >&, std::__cxx11::basic_string<char, std::char_traits<char>, std::allocator<char> > const&, std::__cxx11::basic_string<char, std::char_traits<char>, std::allocator<char> > const&>(std::allocator<cpp_dbc::MySQL::MySQLConnection>&, cpp_dbc::MySQL::MySQLConnection*, std::__cxx11::basic_string<char, std::char_traits<char>, std::allocator<char> >&, int&, std::__cxx11::basic_string<char, std::char_traits<char>, std::allocator<char> >&, std::__cxx11::basic_string<char, std::char_traits<char>, std::allocator<char> > const&, std::__cxx11::basic_string<char, std::char_traits<char>, std::allocator<char> > const&) (alloc_traits.h:518)
==268755==    by 0x1F602C: std::_Sp_counted_ptr_inplace<cpp_dbc::MySQL::MySQLConnection, std::allocator<cpp_dbc::MySQL::MySQLConnection>, (__gnu_cxx::_Lock_policy)2>::_Sp_counted_ptr_inplace<std::__cxx11::basic_string<char, std::char_traits<char>, std::allocator<char> >&, int&, std::__cxx11::basic_string<char, std::char_traits<char>, std::allocator<char> >&, std::__cxx11::basic_string<char, std::char_traits<char>, std::allocator<char> > const&, std::__cxx11::basic_string<char, std::char_traits<char>, std::allocator<char> > const&>(std::allocator<cpp_dbc::MySQL::MySQLConnection>, std::__cxx11::basic_string<char, std::char_traits<char>, std::allocator<char> >&, int&, std::__cxx11::basic_string<char, std::char_traits<char>, std::allocator<char> >&, std::__cxx11::basic_string<char, std::char_traits<char>, std::allocator<char> > const&, std::__cxx11::basic_string<char, std::char_traits<char>, std::allocator<char> > const&) (shared_ptr_base.h:519)
==268755== 
==268755== 56 bytes in 1 blocks are still reachable in loss record 1,055 of 2,004
==268755==    at 0x4849013: operator new(unsigned long) (in /usr/libexec/valgrind/vgpreload_memcheck-amd64-linux.so)
==268755==    by 0x48E4B91: ??? (in /usr/lib/x86_64-linux-gnu/libmysqlclient.so.21.2.42)
==268755==    by 0x48E4EDC: ??? (in /usr/lib/x86_64-linux-gnu/libmysqlclient.so.21.2.42)
==268755==    by 0x4905A81: ??? (in /usr/lib/x86_64-linux-gnu/libmysqlclient.so.21.2.42)
==268755==    by 0x48E6082: ??? (in /usr/lib/x86_64-linux-gnu/libmysqlclient.so.21.2.42)
==268755==    by 0x522BEE7: __pthread_once_slow (pthread_once.c:116)
==268755==    by 0x4903155: ??? (in /usr/lib/x86_64-linux-gnu/libmysqlclient.so.21.2.42)
==268755==    by 0x489CBB8: ??? (in /usr/lib/x86_64-linux-gnu/libmysqlclient.so.21.2.42)
==268755==    by 0x489D1FA: ??? (in /usr/lib/x86_64-linux-gnu/libmysqlclient.so.21.2.42)
==268755==    by 0x48A3273: ??? (in /usr/lib/x86_64-linux-gnu/libmysqlclient.so.21.2.42)
==268755==    by 0x489EF82: mysql_real_connect (in /usr/lib/x86_64-linux-gnu/libmysqlclient.so.21.2.42)
==268755==    by 0x1EC2E1: cpp_dbc::MySQL::MySQLConnection::MySQLConnection(std::__cxx11::basic_string<char, std::char_traits<char>, std::allocator<char> > const&, int, std::__cxx11::basic_string<char, std::char_traits<char>, std::allocator<char> > const&, std::__cxx11::basic_string<char, std::char_traits<char>, std::allocator<char> > const&, std::__cxx11::basic_string<char, std::char_traits<char>, std::allocator<char> > const&) (driver_mysql.cpp:624)
==268755== 
==268755== 56 bytes in 1 blocks are still reachable in loss record 1,056 of 2,004
==268755==    at 0x4849013: operator new(unsigned long) (in /usr/libexec/valgrind/vgpreload_memcheck-amd64-linux.so)
==268755==    by 0x48E4B91: ??? (in /usr/lib/x86_64-linux-gnu/libmysqlclient.so.21.2.42)
==268755==    by 0x48E5098: ??? (in /usr/lib/x86_64-linux-gnu/libmysqlclient.so.21.2.42)
==268755==    by 0x4905A99: ??? (in /usr/lib/x86_64-linux-gnu/libmysqlclient.so.21.2.42)
==268755==    by 0x48E6082: ??? (in /usr/lib/x86_64-linux-gnu/libmysqlclient.so.21.2.42)
==268755==    by 0x522BEE7: __pthread_once_slow (pthread_once.c:116)
==268755==    by 0x4903155: ??? (in /usr/lib/x86_64-linux-gnu/libmysqlclient.so.21.2.42)
==268755==    by 0x489CBB8: ??? (in /usr/lib/x86_64-linux-gnu/libmysqlclient.so.21.2.42)
==268755==    by 0x489D1FA: ??? (in /usr/lib/x86_64-linux-gnu/libmysqlclient.so.21.2.42)
==268755==    by 0x48A3273: ??? (in /usr/lib/x86_64-linux-gnu/libmysqlclient.so.21.2.42)
==268755==    by 0x489EF82: mysql_real_connect (in /usr/lib/x86_64-linux-gnu/libmysqlclient.so.21.2.42)
==268755==    by 0x1EC2E1: cpp_dbc::MySQL::MySQLConnection::MySQLConnection(std::__cxx11::basic_string<char, std::char_traits<char>, std::allocator<char> > const&, int, std::__cxx11::basic_string<char, std::char_traits<char>, std::allocator<char> > const&, std::__cxx11::basic_string<char, std::char_traits<char>, std::allocator<char> > const&, std::__cxx11::basic_string<char, std::char_traits<char>, std::allocator<char> > const&) (driver_mysql.cpp:624)
==268755== 
==268755== 56 bytes in 1 blocks are still reachable in loss record 1,057 of 2,004
==268755==    at 0x4849013: operator new(unsigned long) (in /usr/libexec/valgrind/vgpreload_memcheck-amd64-linux.so)
==268755==    by 0x48E4B91: ??? (in /usr/lib/x86_64-linux-gnu/libmysqlclient.so.21.2.42)
==268755==    by 0x48E510D: ??? (in /usr/lib/x86_64-linux-gnu/libmysqlclient.so.21.2.42)
==268755==    by 0x4905A99: ??? (in /usr/lib/x86_64-linux-gnu/libmysqlclient.so.21.2.42)
==268755==    by 0x48E6082: ??? (in /usr/lib/x86_64-linux-gnu/libmysqlclient.so.21.2.42)
==268755==    by 0x522BEE7: __pthread_once_slow (pthread_once.c:116)
==268755==    by 0x4903155: ??? (in /usr/lib/x86_64-linux-gnu/libmysqlclient.so.21.2.42)
==268755==    by 0x489CBB8: ??? (in /usr/lib/x86_64-linux-gnu/libmysqlclient.so.21.2.42)
==268755==    by 0x489D1FA: ??? (in /usr/lib/x86_64-linux-gnu/libmysqlclient.so.21.2.42)
==268755==    by 0x48A3273: ??? (in /usr/lib/x86_64-linux-gnu/libmysqlclient.so.21.2.42)
==268755==    by 0x489EF82: mysql_real_connect (in /usr/lib/x86_64-linux-gnu/libmysqlclient.so.21.2.42)
==268755==    by 0x1EC2E1: cpp_dbc::MySQL::MySQLConnection::MySQLConnection(std::__cxx11::basic_string<char, std::char_traits<char>, std::allocator<char> > const&, int, std::__cxx11::basic_string<char, std::char_traits<char>, std::allocator<char> > const&, std::__cxx11::basic_string<char, std::char_traits<char>, std::allocator<char> > const&, std::__cxx11::basic_string<char, std::char_traits<char>, std::allocator<char> > const&) (driver_mysql.cpp:624)
==268755== 
==268755== 56 bytes in 1 blocks are still reachable in loss record 1,058 of 2,004
==268755==    at 0x4849013: operator new(unsigned long) (in /usr/libexec/valgrind/vgpreload_memcheck-amd64-linux.so)
==268755==    by 0x48E4B91: ??? (in /usr/lib/x86_64-linux-gnu/libmysqlclient.so.21.2.42)
==268755==    by 0x48E4EDC: ??? (in /usr/lib/x86_64-linux-gnu/libmysqlclient.so.21.2.42)
==268755==    by 0x4905AC3: ??? (in /usr/lib/x86_64-linux-gnu/libmysqlclient.so.21.2.42)
==268755==    by 0x48E6082: ??? (in /usr/lib/x86_64-linux-gnu/libmysqlclient.so.21.2.42)
==268755==    by 0x522BEE7: __pthread_once_slow (pthread_once.c:116)
==268755==    by 0x4903155: ??? (in /usr/lib/x86_64-linux-gnu/libmysqlclient.so.21.2.42)
==268755==    by 0x489CBB8: ??? (in /usr/lib/x86_64-linux-gnu/libmysqlclient.so.21.2.42)
==268755==    by 0x489D1FA: ??? (in /usr/lib/x86_64-linux-gnu/libmysqlclient.so.21.2.42)
==268755==    by 0x48A3273: ??? (in /usr/lib/x86_64-linux-gnu/libmysqlclient.so.21.2.42)
==268755==    by 0x489EF82: mysql_real_connect (in /usr/lib/x86_64-linux-gnu/libmysqlclient.so.21.2.42)
==268755==    by 0x1EC2E1: cpp_dbc::MySQL::MySQLConnection::MySQLConnection(std::__cxx11::basic_string<char, std::char_traits<char>, std::allocator<char> > const&, int, std::__cxx11::basic_string<char, std::char_traits<char>, std::allocator<char> > const&, std::__cxx11::basic_string<char, std::char_traits<char>, std::allocator<char> > const&, std::__cxx11::basic_string<char, std::char_traits<char>, std::allocator<char> > const&) (driver_mysql.cpp:624)
==268755== 
==268755== 56 bytes in 1 blocks are still reachable in loss record 1,059 of 2,004
==268755==    at 0x4849013: operator new(unsigned long) (in /usr/libexec/valgrind/vgpreload_memcheck-amd64-linux.so)
==268755==    by 0x48E4B91: ??? (in /usr/lib/x86_64-linux-gnu/libmysqlclient.so.21.2.42)
==268755==    by 0x48E5098: ??? (in /usr/lib/x86_64-linux-gnu/libmysqlclient.so.21.2.42)
==268755==    by 0x4905ADB: ??? (in /usr/lib/x86_64-linux-gnu/libmysqlclient.so.21.2.42)
==268755==    by 0x48E6082: ??? (in /usr/lib/x86_64-linux-gnu/libmysqlclient.so.21.2.42)
==268755==    by 0x522BEE7: __pthread_once_slow (pthread_once.c:116)
==268755==    by 0x4903155: ??? (in /usr/lib/x86_64-linux-gnu/libmysqlclient.so.21.2.42)
==268755==    by 0x489CBB8: ??? (in /usr/lib/x86_64-linux-gnu/libmysqlclient.so.21.2.42)
==268755==    by 0x489D1FA: ??? (in /usr/lib/x86_64-linux-gnu/libmysqlclient.so.21.2.42)
==268755==    by 0x48A3273: ??? (in /usr/lib/x86_64-linux-gnu/libmysqlclient.so.21.2.42)
==268755==    by 0x489EF82: mysql_real_connect (in /usr/lib/x86_64-linux-gnu/libmysqlclient.so.21.2.42)
==268755==    by 0x1EC2E1: cpp_dbc::MySQL::MySQLConnection::MySQLConnection(std::__cxx11::basic_string<char, std::char_traits<char>, std::allocator<char> > const&, int, std::__cxx11::basic_string<char, std::char_traits<char>, std::allocator<char> > const&, std::__cxx11::basic_string<char, std::char_traits<char>, std::allocator<char> > const&, std::__cxx11::basic_string<char, std::char_traits<char>, std::allocator<char> > const&) (driver_mysql.cpp:624)
==268755== 
==268755== 56 bytes in 1 blocks are still reachable in loss record 1,060 of 2,004
==268755==    at 0x4849013: operator new(unsigned long) (in /usr/libexec/valgrind/vgpreload_memcheck-amd64-linux.so)
==268755==    by 0x48E4B91: ??? (in /usr/lib/x86_64-linux-gnu/libmysqlclient.so.21.2.42)
==268755==    by 0x48E4EDC: ??? (in /usr/lib/x86_64-linux-gnu/libmysqlclient.so.21.2.42)
==268755==    by 0x4905B05: ??? (in /usr/lib/x86_64-linux-gnu/libmysqlclient.so.21.2.42)
==268755==    by 0x48E6082: ??? (in /usr/lib/x86_64-linux-gnu/libmysqlclient.so.21.2.42)
==268755==    by 0x522BEE7: __pthread_once_slow (pthread_once.c:116)
==268755==    by 0x4903155: ??? (in /usr/lib/x86_64-linux-gnu/libmysqlclient.so.21.2.42)
==268755==    by 0x489CBB8: ??? (in /usr/lib/x86_64-linux-gnu/libmysqlclient.so.21.2.42)
==268755==    by 0x489D1FA: ??? (in /usr/lib/x86_64-linux-gnu/libmysqlclient.so.21.2.42)
==268755==    by 0x48A3273: ??? (in /usr/lib/x86_64-linux-gnu/libmysqlclient.so.21.2.42)
==268755==    by 0x489EF82: mysql_real_connect (in /usr/lib/x86_64-linux-gnu/libmysqlclient.so.21.2.42)
==268755==    by 0x1EC2E1: cpp_dbc::MySQL::MySQLConnection::MySQLConnection(std::__cxx11::basic_string<char, std::char_traits<char>, std::allocator<char> > const&, int, std::__cxx11::basic_string<char, std::char_traits<char>, std::allocator<char> > const&, std::__cxx11::basic_string<char, std::char_traits<char>, std::allocator<char> > const&, std::__cxx11::basic_string<char, std::char_traits<char>, std::allocator<char> > const&) (driver_mysql.cpp:624)
==268755== 
==268755== 56 bytes in 1 blocks are still reachable in loss record 1,061 of 2,004
==268755==    at 0x4849013: operator new(unsigned long) (in /usr/libexec/valgrind/vgpreload_memcheck-amd64-linux.so)
==268755==    by 0x48E4B91: ??? (in /usr/lib/x86_64-linux-gnu/libmysqlclient.so.21.2.42)
==268755==    by 0x48E510D: ??? (in /usr/lib/x86_64-linux-gnu/libmysqlclient.so.21.2.42)
==268755==    by 0x4905B1D: ??? (in /usr/lib/x86_64-linux-gnu/libmysqlclient.so.21.2.42)
==268755==    by 0x48E6082: ??? (in /usr/lib/x86_64-linux-gnu/libmysqlclient.so.21.2.42)
==268755==    by 0x522BEE7: __pthread_once_slow (pthread_once.c:116)
==268755==    by 0x4903155: ??? (in /usr/lib/x86_64-linux-gnu/libmysqlclient.so.21.2.42)
==268755==    by 0x489CBB8: ??? (in /usr/lib/x86_64-linux-gnu/libmysqlclient.so.21.2.42)
==268755==    by 0x489D1FA: ??? (in /usr/lib/x86_64-linux-gnu/libmysqlclient.so.21.2.42)
==268755==    by 0x48A3273: ??? (in /usr/lib/x86_64-linux-gnu/libmysqlclient.so.21.2.42)
==268755==    by 0x489EF82: mysql_real_connect (in /usr/lib/x86_64-linux-gnu/libmysqlclient.so.21.2.42)
==268755==    by 0x1EC2E1: cpp_dbc::MySQL::MySQLConnection::MySQLConnection(std::__cxx11::basic_string<char, std::char_traits<char>, std::allocator<char> > const&, int, std::__cxx11::basic_string<char, std::char_traits<char>, std::allocator<char> > const&, std::__cxx11::basic_string<char, std::char_traits<char>, std::allocator<char> > const&, std::__cxx11::basic_string<char, std::char_traits<char>, std::allocator<char> > const&) (driver_mysql.cpp:624)
==268755== 
==268755== 56 bytes in 1 blocks are still reachable in loss record 1,062 of 2,004
==268755==    at 0x4849013: operator new(unsigned long) (in /usr/libexec/valgrind/vgpreload_memcheck-amd64-linux.so)
==268755==    by 0x48E4B91: ??? (in /usr/lib/x86_64-linux-gnu/libmysqlclient.so.21.2.42)
==268755==    by 0x48E4EDC: ??? (in /usr/lib/x86_64-linux-gnu/libmysqlclient.so.21.2.42)
==268755==    by 0x4905B47: ??? (in /usr/lib/x86_64-linux-gnu/libmysqlclient.so.21.2.42)
==268755==    by 0x48E6082: ??? (in /usr/lib/x86_64-linux-gnu/libmysqlclient.so.21.2.42)
==268755==    by 0x522BEE7: __pthread_once_slow (pthread_once.c:116)
==268755==    by 0x4903155: ??? (in /usr/lib/x86_64-linux-gnu/libmysqlclient.so.21.2.42)
==268755==    by 0x489CBB8: ??? (in /usr/lib/x86_64-linux-gnu/libmysqlclient.so.21.2.42)
==268755==    by 0x489D1FA: ??? (in /usr/lib/x86_64-linux-gnu/libmysqlclient.so.21.2.42)
==268755==    by 0x48A3273: ??? (in /usr/lib/x86_64-linux-gnu/libmysqlclient.so.21.2.42)
==268755==    by 0x489EF82: mysql_real_connect (in /usr/lib/x86_64-linux-gnu/libmysqlclient.so.21.2.42)
==268755==    by 0x1EC2E1: cpp_dbc::MySQL::MySQLConnection::MySQLConnection(std::__cxx11::basic_string<char, std::char_traits<char>, std::allocator<char> > const&, int, std::__cxx11::basic_string<char, std::char_traits<char>, std::allocator<char> > const&, std::__cxx11::basic_string<char, std::char_traits<char>, std::allocator<char> > const&, std::__cxx11::basic_string<char, std::char_traits<char>, std::allocator<char> > const&) (driver_mysql.cpp:624)
==268755== 
==268755== 56 bytes in 1 blocks are still reachable in loss record 1,063 of 2,004
==268755==    at 0x4849013: operator new(unsigned long) (in /usr/libexec/valgrind/vgpreload_memcheck-amd64-linux.so)
==268755==    by 0x48E4B91: ??? (in /usr/lib/x86_64-linux-gnu/libmysqlclient.so.21.2.42)
==268755==    by 0x48E4EDC: ??? (in /usr/lib/x86_64-linux-gnu/libmysqlclient.so.21.2.42)
==268755==    by 0x4905B89: ??? (in /usr/lib/x86_64-linux-gnu/libmysqlclient.so.21.2.42)
==268755==    by 0x48E6082: ??? (in /usr/lib/x86_64-linux-gnu/libmysqlclient.so.21.2.42)
==268755==    by 0x522BEE7: __pthread_once_slow (pthread_once.c:116)
==268755==    by 0x4903155: ??? (in /usr/lib/x86_64-linux-gnu/libmysqlclient.so.21.2.42)
==268755==    by 0x489CBB8: ??? (in /usr/lib/x86_64-linux-gnu/libmysqlclient.so.21.2.42)
==268755==    by 0x489D1FA: ??? (in /usr/lib/x86_64-linux-gnu/libmysqlclient.so.21.2.42)
==268755==    by 0x48A3273: ??? (in /usr/lib/x86_64-linux-gnu/libmysqlclient.so.21.2.42)
==268755==    by 0x489EF82: mysql_real_connect (in /usr/lib/x86_64-linux-gnu/libmysqlclient.so.21.2.42)
==268755==    by 0x1EC2E1: cpp_dbc::MySQL::MySQLConnection::MySQLConnection(std::__cxx11::basic_string<char, std::char_traits<char>, std::allocator<char> > const&, int, std::__cxx11::basic_string<char, std::char_traits<char>, std::allocator<char> > const&, std::__cxx11::basic_string<char, std::char_traits<char>, std::allocator<char> > const&, std::__cxx11::basic_string<char, std::char_traits<char>, std::allocator<char> > const&) (driver_mysql.cpp:624)
==268755== 
==268755== 56 bytes in 1 blocks are still reachable in loss record 1,064 of 2,004
==268755==    at 0x4849013: operator new(unsigned long) (in /usr/libexec/valgrind/vgpreload_memcheck-amd64-linux.so)
==268755==    by 0x48E4B91: ??? (in /usr/lib/x86_64-linux-gnu/libmysqlclient.so.21.2.42)
==268755==    by 0x48E5098: ??? (in /usr/lib/x86_64-linux-gnu/libmysqlclient.so.21.2.42)
==268755==    by 0x4905BA1: ??? (in /usr/lib/x86_64-linux-gnu/libmysqlclient.so.21.2.42)
==268755==    by 0x48E6082: ??? (in /usr/lib/x86_64-linux-gnu/libmysqlclient.so.21.2.42)
==268755==    by 0x522BEE7: __pthread_once_slow (pthread_once.c:116)
==268755==    by 0x4903155: ??? (in /usr/lib/x86_64-linux-gnu/libmysqlclient.so.21.2.42)
==268755==    by 0x489CBB8: ??? (in /usr/lib/x86_64-linux-gnu/libmysqlclient.so.21.2.42)
==268755==    by 0x489D1FA: ??? (in /usr/lib/x86_64-linux-gnu/libmysqlclient.so.21.2.42)
==268755==    by 0x48A3273: ??? (in /usr/lib/x86_64-linux-gnu/libmysqlclient.so.21.2.42)
==268755==    by 0x489EF82: mysql_real_connect (in /usr/lib/x86_64-linux-gnu/libmysqlclient.so.21.2.42)
==268755==    by 0x1EC2E1: cpp_dbc::MySQL::MySQLConnection::MySQLConnection(std::__cxx11::basic_string<char, std::char_traits<char>, std::allocator<char> > const&, int, std::__cxx11::basic_string<char, std::char_traits<char>, std::allocator<char> > const&, std::__cxx11::basic_string<char, std::char_traits<char>, std::allocator<char> > const&, std::__cxx11::basic_string<char, std::char_traits<char>, std::allocator<char> > const&) (driver_mysql.cpp:624)
==268755== 
==268755== 56 bytes in 1 blocks are still reachable in loss record 1,065 of 2,004
==268755==    at 0x4849013: operator new(unsigned long) (in /usr/libexec/valgrind/vgpreload_memcheck-amd64-linux.so)
==268755==    by 0x48E4B91: ??? (in /usr/lib/x86_64-linux-gnu/libmysqlclient.so.21.2.42)
==268755==    by 0x48E4EDC: ??? (in /usr/lib/x86_64-linux-gnu/libmysqlclient.so.21.2.42)
==268755==    by 0x4905BCB: ??? (in /usr/lib/x86_64-linux-gnu/libmysqlclient.so.21.2.42)
==268755==    by 0x48E6082: ??? (in /usr/lib/x86_64-linux-gnu/libmysqlclient.so.21.2.42)
==268755==    by 0x522BEE7: __pthread_once_slow (pthread_once.c:116)
==268755==    by 0x4903155: ??? (in /usr/lib/x86_64-linux-gnu/libmysqlclient.so.21.2.42)
==268755==    by 0x489CBB8: ??? (in /usr/lib/x86_64-linux-gnu/libmysqlclient.so.21.2.42)
==268755==    by 0x489D1FA: ??? (in /usr/lib/x86_64-linux-gnu/libmysqlclient.so.21.2.42)
==268755==    by 0x48A3273: ??? (in /usr/lib/x86_64-linux-gnu/libmysqlclient.so.21.2.42)
==268755==    by 0x489EF82: mysql_real_connect (in /usr/lib/x86_64-linux-gnu/libmysqlclient.so.21.2.42)
==268755==    by 0x1EC2E1: cpp_dbc::MySQL::MySQLConnection::MySQLConnection(std::__cxx11::basic_string<char, std::char_traits<char>, std::allocator<char> > const&, int, std::__cxx11::basic_string<char, std::char_traits<char>, std::allocator<char> > const&, std::__cxx11::basic_string<char, std::char_traits<char>, std::allocator<char> > const&, std::__cxx11::basic_string<char, std::char_traits<char>, std::allocator<char> > const&) (driver_mysql.cpp:624)
==268755== 
==268755== 56 bytes in 1 blocks are still reachable in loss record 1,066 of 2,004
==268755==    at 0x4849013: operator new(unsigned long) (in /usr/libexec/valgrind/vgpreload_memcheck-amd64-linux.so)
==268755==    by 0x48E4B91: ??? (in /usr/lib/x86_64-linux-gnu/libmysqlclient.so.21.2.42)
==268755==    by 0x48E510D: ??? (in /usr/lib/x86_64-linux-gnu/libmysqlclient.so.21.2.42)
==268755==    by 0x4905BE3: ??? (in /usr/lib/x86_64-linux-gnu/libmysqlclient.so.21.2.42)
==268755==    by 0x48E6082: ??? (in /usr/lib/x86_64-linux-gnu/libmysqlclient.so.21.2.42)
==268755==    by 0x522BEE7: __pthread_once_slow (pthread_once.c:116)
==268755==    by 0x4903155: ??? (in /usr/lib/x86_64-linux-gnu/libmysqlclient.so.21.2.42)
==268755==    by 0x489CBB8: ??? (in /usr/lib/x86_64-linux-gnu/libmysqlclient.so.21.2.42)
==268755==    by 0x489D1FA: ??? (in /usr/lib/x86_64-linux-gnu/libmysqlclient.so.21.2.42)
==268755==    by 0x48A3273: ??? (in /usr/lib/x86_64-linux-gnu/libmysqlclient.so.21.2.42)
==268755==    by 0x489EF82: mysql_real_connect (in /usr/lib/x86_64-linux-gnu/libmysqlclient.so.21.2.42)
==268755==    by 0x1EC2E1: cpp_dbc::MySQL::MySQLConnection::MySQLConnection(std::__cxx11::basic_string<char, std::char_traits<char>, std::allocator<char> > const&, int, std::__cxx11::basic_string<char, std::char_traits<char>, std::allocator<char> > const&, std::__cxx11::basic_string<char, std::char_traits<char>, std::allocator<char> > const&, std::__cxx11::basic_string<char, std::char_traits<char>, std::allocator<char> > const&) (driver_mysql.cpp:624)
==268755== 
==268755== 56 bytes in 1 blocks are still reachable in loss record 1,067 of 2,004
==268755==    at 0x4849013: operator new(unsigned long) (in /usr/libexec/valgrind/vgpreload_memcheck-amd64-linux.so)
==268755==    by 0x48E4B91: ??? (in /usr/lib/x86_64-linux-gnu/libmysqlclient.so.21.2.42)
==268755==    by 0x48E4EDC: ??? (in /usr/lib/x86_64-linux-gnu/libmysqlclient.so.21.2.42)
==268755==    by 0x4905C0D: ??? (in /usr/lib/x86_64-linux-gnu/libmysqlclient.so.21.2.42)
==268755==    by 0x48E6082: ??? (in /usr/lib/x86_64-linux-gnu/libmysqlclient.so.21.2.42)
==268755==    by 0x522BEE7: __pthread_once_slow (pthread_once.c:116)
==268755==    by 0x4903155: ??? (in /usr/lib/x86_64-linux-gnu/libmysqlclient.so.21.2.42)
==268755==    by 0x489CBB8: ??? (in /usr/lib/x86_64-linux-gnu/libmysqlclient.so.21.2.42)
==268755==    by 0x489D1FA: ??? (in /usr/lib/x86_64-linux-gnu/libmysqlclient.so.21.2.42)
==268755==    by 0x48A3273: ??? (in /usr/lib/x86_64-linux-gnu/libmysqlclient.so.21.2.42)
==268755==    by 0x489EF82: mysql_real_connect (in /usr/lib/x86_64-linux-gnu/libmysqlclient.so.21.2.42)
==268755==    by 0x1EC2E1: cpp_dbc::MySQL::MySQLConnection::MySQLConnection(std::__cxx11::basic_string<char, std::char_traits<char>, std::allocator<char> > const&, int, std::__cxx11::basic_string<char, std::char_traits<char>, std::allocator<char> > const&, std::__cxx11::basic_string<char, std::char_traits<char>, std::allocator<char> > const&, std::__cxx11::basic_string<char, std::char_traits<char>, std::allocator<char> > const&) (driver_mysql.cpp:624)
==268755== 
==268755== 56 bytes in 1 blocks are still reachable in loss record 1,068 of 2,004
==268755==    at 0x4849013: operator new(unsigned long) (in /usr/libexec/valgrind/vgpreload_memcheck-amd64-linux.so)
==268755==    by 0x48E4B91: ??? (in /usr/lib/x86_64-linux-gnu/libmysqlclient.so.21.2.42)
==268755==    by 0x48E4EDC: ??? (in /usr/lib/x86_64-linux-gnu/libmysqlclient.so.21.2.42)
==268755==    by 0x4905C4F: ??? (in /usr/lib/x86_64-linux-gnu/libmysqlclient.so.21.2.42)
==268755==    by 0x48E6082: ??? (in /usr/lib/x86_64-linux-gnu/libmysqlclient.so.21.2.42)
==268755==    by 0x522BEE7: __pthread_once_slow (pthread_once.c:116)
==268755==    by 0x4903155: ??? (in /usr/lib/x86_64-linux-gnu/libmysqlclient.so.21.2.42)
==268755==    by 0x489CBB8: ??? (in /usr/lib/x86_64-linux-gnu/libmysqlclient.so.21.2.42)
==268755==    by 0x489D1FA: ??? (in /usr/lib/x86_64-linux-gnu/libmysqlclient.so.21.2.42)
==268755==    by 0x48A3273: ??? (in /usr/lib/x86_64-linux-gnu/libmysqlclient.so.21.2.42)
==268755==    by 0x489EF82: mysql_real_connect (in /usr/lib/x86_64-linux-gnu/libmysqlclient.so.21.2.42)
==268755==    by 0x1EC2E1: cpp_dbc::MySQL::MySQLConnection::MySQLConnection(std::__cxx11::basic_string<char, std::char_traits<char>, std::allocator<char> > const&, int, std::__cxx11::basic_string<char, std::char_traits<char>, std::allocator<char> > const&, std::__cxx11::basic_string<char, std::char_traits<char>, std::allocator<char> > const&, std::__cxx11::basic_string<char, std::char_traits<char>, std::allocator<char> > const&) (driver_mysql.cpp:624)
==268755== 
==268755== 56 bytes in 1 blocks are still reachable in loss record 1,069 of 2,004
==268755==    at 0x4849013: operator new(unsigned long) (in /usr/libexec/valgrind/vgpreload_memcheck-amd64-linux.so)
==268755==    by 0x48E4B91: ??? (in /usr/lib/x86_64-linux-gnu/libmysqlclient.so.21.2.42)
==268755==    by 0x48E5098: ??? (in /usr/lib/x86_64-linux-gnu/libmysqlclient.so.21.2.42)
==268755==    by 0x4905C67: ??? (in /usr/lib/x86_64-linux-gnu/libmysqlclient.so.21.2.42)
==268755==    by 0x48E6082: ??? (in /usr/lib/x86_64-linux-gnu/libmysqlclient.so.21.2.42)
==268755==    by 0x522BEE7: __pthread_once_slow (pthread_once.c:116)
==268755==    by 0x4903155: ??? (in /usr/lib/x86_64-linux-gnu/libmysqlclient.so.21.2.42)
==268755==    by 0x489CBB8: ??? (in /usr/lib/x86_64-linux-gnu/libmysqlclient.so.21.2.42)
==268755==    by 0x489D1FA: ??? (in /usr/lib/x86_64-linux-gnu/libmysqlclient.so.21.2.42)
==268755==    by 0x48A3273: ??? (in /usr/lib/x86_64-linux-gnu/libmysqlclient.so.21.2.42)
==268755==    by 0x489EF82: mysql_real_connect (in /usr/lib/x86_64-linux-gnu/libmysqlclient.so.21.2.42)
==268755==    by 0x1EC2E1: cpp_dbc::MySQL::MySQLConnection::MySQLConnection(std::__cxx11::basic_string<char, std::char_traits<char>, std::allocator<char> > const&, int, std::__cxx11::basic_string<char, std::char_traits<char>, std::allocator<char> > const&, std::__cxx11::basic_string<char, std::char_traits<char>, std::allocator<char> > const&, std::__cxx11::basic_string<char, std::char_traits<char>, std::allocator<char> > const&) (driver_mysql.cpp:624)
==268755== 
==268755== 56 bytes in 1 blocks are still reachable in loss record 1,070 of 2,004
==268755==    at 0x4849013: operator new(unsigned long) (in /usr/libexec/valgrind/vgpreload_memcheck-amd64-linux.so)
==268755==    by 0x48E4B91: ??? (in /usr/lib/x86_64-linux-gnu/libmysqlclient.so.21.2.42)
==268755==    by 0x48E4EDC: ??? (in /usr/lib/x86_64-linux-gnu/libmysqlclient.so.21.2.42)
==268755==    by 0x4905C91: ??? (in /usr/lib/x86_64-linux-gnu/libmysqlclient.so.21.2.42)
==268755==    by 0x48E6082: ??? (in /usr/lib/x86_64-linux-gnu/libmysqlclient.so.21.2.42)
==268755==    by 0x522BEE7: __pthread_once_slow (pthread_once.c:116)
==268755==    by 0x4903155: ??? (in /usr/lib/x86_64-linux-gnu/libmysqlclient.so.21.2.42)
==268755==    by 0x489CBB8: ??? (in /usr/lib/x86_64-linux-gnu/libmysqlclient.so.21.2.42)
==268755==    by 0x489D1FA: ??? (in /usr/lib/x86_64-linux-gnu/libmysqlclient.so.21.2.42)
==268755==    by 0x48A3273: ??? (in /usr/lib/x86_64-linux-gnu/libmysqlclient.so.21.2.42)
==268755==    by 0x489EF82: mysql_real_connect (in /usr/lib/x86_64-linux-gnu/libmysqlclient.so.21.2.42)
==268755==    by 0x1EC2E1: cpp_dbc::MySQL::MySQLConnection::MySQLConnection(std::__cxx11::basic_string<char, std::char_traits<char>, std::allocator<char> > const&, int, std::__cxx11::basic_string<char, std::char_traits<char>, std::allocator<char> > const&, std::__cxx11::basic_string<char, std::char_traits<char>, std::allocator<char> > const&, std::__cxx11::basic_string<char, std::char_traits<char>, std::allocator<char> > const&) (driver_mysql.cpp:624)
==268755== 
==268755== 56 bytes in 1 blocks are still reachable in loss record 1,071 of 2,004
==268755==    at 0x4849013: operator new(unsigned long) (in /usr/libexec/valgrind/vgpreload_memcheck-amd64-linux.so)
==268755==    by 0x48E4B91: ??? (in /usr/lib/x86_64-linux-gnu/libmysqlclient.so.21.2.42)
==268755==    by 0x48E510D: ??? (in /usr/lib/x86_64-linux-gnu/libmysqlclient.so.21.2.42)
==268755==    by 0x4905CA9: ??? (in /usr/lib/x86_64-linux-gnu/libmysqlclient.so.21.2.42)
==268755==    by 0x48E6082: ??? (in /usr/lib/x86_64-linux-gnu/libmysqlclient.so.21.2.42)
==268755==    by 0x522BEE7: __pthread_once_slow (pthread_once.c:116)
==268755==    by 0x4903155: ??? (in /usr/lib/x86_64-linux-gnu/libmysqlclient.so.21.2.42)
==268755==    by 0x489CBB8: ??? (in /usr/lib/x86_64-linux-gnu/libmysqlclient.so.21.2.42)
==268755==    by 0x489D1FA: ??? (in /usr/lib/x86_64-linux-gnu/libmysqlclient.so.21.2.42)
==268755==    by 0x48A3273: ??? (in /usr/lib/x86_64-linux-gnu/libmysqlclient.so.21.2.42)
==268755==    by 0x489EF82: mysql_real_connect (in /usr/lib/x86_64-linux-gnu/libmysqlclient.so.21.2.42)
==268755==    by 0x1EC2E1: cpp_dbc::MySQL::MySQLConnection::MySQLConnection(std::__cxx11::basic_string<char, std::char_traits<char>, std::allocator<char> > const&, int, std::__cxx11::basic_string<char, std::char_traits<char>, std::allocator<char> > const&, std::__cxx11::basic_string<char, std::char_traits<char>, std::allocator<char> > const&, std::__cxx11::basic_string<char, std::char_traits<char>, std::allocator<char> > const&) (driver_mysql.cpp:624)
==268755== 
==268755== 56 bytes in 1 blocks are still reachable in loss record 1,072 of 2,004
==268755==    at 0x4849013: operator new(unsigned long) (in /usr/libexec/valgrind/vgpreload_memcheck-amd64-linux.so)
==268755==    by 0x48E4B91: ??? (in /usr/lib/x86_64-linux-gnu/libmysqlclient.so.21.2.42)
==268755==    by 0x48E4EDC: ??? (in /usr/lib/x86_64-linux-gnu/libmysqlclient.so.21.2.42)
==268755==    by 0x4905CD3: ??? (in /usr/lib/x86_64-linux-gnu/libmysqlclient.so.21.2.42)
==268755==    by 0x48E6082: ??? (in /usr/lib/x86_64-linux-gnu/libmysqlclient.so.21.2.42)
==268755==    by 0x522BEE7: __pthread_once_slow (pthread_once.c:116)
==268755==    by 0x4903155: ??? (in /usr/lib/x86_64-linux-gnu/libmysqlclient.so.21.2.42)
==268755==    by 0x489CBB8: ??? (in /usr/lib/x86_64-linux-gnu/libmysqlclient.so.21.2.42)
==268755==    by 0x489D1FA: ??? (in /usr/lib/x86_64-linux-gnu/libmysqlclient.so.21.2.42)
==268755==    by 0x48A3273: ??? (in /usr/lib/x86_64-linux-gnu/libmysqlclient.so.21.2.42)
==268755==    by 0x489EF82: mysql_real_connect (in /usr/lib/x86_64-linux-gnu/libmysqlclient.so.21.2.42)
==268755==    by 0x1EC2E1: cpp_dbc::MySQL::MySQLConnection::MySQLConnection(std::__cxx11::basic_string<char, std::char_traits<char>, std::allocator<char> > const&, int, std::__cxx11::basic_string<char, std::char_traits<char>, std::allocator<char> > const&, std::__cxx11::basic_string<char, std::char_traits<char>, std::allocator<char> > const&, std::__cxx11::basic_string<char, std::char_traits<char>, std::allocator<char> > const&) (driver_mysql.cpp:624)
==268755== 
==268755== 56 bytes in 1 blocks are still reachable in loss record 1,073 of 2,004
==268755==    at 0x4849013: operator new(unsigned long) (in /usr/libexec/valgrind/vgpreload_memcheck-amd64-linux.so)
==268755==    by 0x48E4B91: ??? (in /usr/lib/x86_64-linux-gnu/libmysqlclient.so.21.2.42)
==268755==    by 0x48E4EDC: ??? (in /usr/lib/x86_64-linux-gnu/libmysqlclient.so.21.2.42)
==268755==    by 0x4905D15: ??? (in /usr/lib/x86_64-linux-gnu/libmysqlclient.so.21.2.42)
==268755==    by 0x48E6082: ??? (in /usr/lib/x86_64-linux-gnu/libmysqlclient.so.21.2.42)
==268755==    by 0x522BEE7: __pthread_once_slow (pthread_once.c:116)
==268755==    by 0x4903155: ??? (in /usr/lib/x86_64-linux-gnu/libmysqlclient.so.21.2.42)
==268755==    by 0x489CBB8: ??? (in /usr/lib/x86_64-linux-gnu/libmysqlclient.so.21.2.42)
==268755==    by 0x489D1FA: ??? (in /usr/lib/x86_64-linux-gnu/libmysqlclient.so.21.2.42)
==268755==    by 0x48A3273: ??? (in /usr/lib/x86_64-linux-gnu/libmysqlclient.so.21.2.42)
==268755==    by 0x489EF82: mysql_real_connect (in /usr/lib/x86_64-linux-gnu/libmysqlclient.so.21.2.42)
==268755==    by 0x1EC2E1: cpp_dbc::MySQL::MySQLConnection::MySQLConnection(std::__cxx11::basic_string<char, std::char_traits<char>, std::allocator<char> > const&, int, std::__cxx11::basic_string<char, std::char_traits<char>, std::allocator<char> > const&, std::__cxx11::basic_string<char, std::char_traits<char>, std::allocator<char> > const&, std::__cxx11::basic_string<char, std::char_traits<char>, std::allocator<char> > const&) (driver_mysql.cpp:624)
==268755== 
==268755== 56 bytes in 1 blocks are still reachable in loss record 1,074 of 2,004
==268755==    at 0x4849013: operator new(unsigned long) (in /usr/libexec/valgrind/vgpreload_memcheck-amd64-linux.so)
==268755==    by 0x48E4B91: ??? (in /usr/lib/x86_64-linux-gnu/libmysqlclient.so.21.2.42)
==268755==    by 0x48E5098: ??? (in /usr/lib/x86_64-linux-gnu/libmysqlclient.so.21.2.42)
==268755==    by 0x4905D2D: ??? (in /usr/lib/x86_64-linux-gnu/libmysqlclient.so.21.2.42)
==268755==    by 0x48E6082: ??? (in /usr/lib/x86_64-linux-gnu/libmysqlclient.so.21.2.42)
==268755==    by 0x522BEE7: __pthread_once_slow (pthread_once.c:116)
==268755==    by 0x4903155: ??? (in /usr/lib/x86_64-linux-gnu/libmysqlclient.so.21.2.42)
==268755==    by 0x489CBB8: ??? (in /usr/lib/x86_64-linux-gnu/libmysqlclient.so.21.2.42)
==268755==    by 0x489D1FA: ??? (in /usr/lib/x86_64-linux-gnu/libmysqlclient.so.21.2.42)
==268755==    by 0x48A3273: ??? (in /usr/lib/x86_64-linux-gnu/libmysqlclient.so.21.2.42)
==268755==    by 0x489EF82: mysql_real_connect (in /usr/lib/x86_64-linux-gnu/libmysqlclient.so.21.2.42)
==268755==    by 0x1EC2E1: cpp_dbc::MySQL::MySQLConnection::MySQLConnection(std::__cxx11::basic_string<char, std::char_traits<char>, std::allocator<char> > const&, int, std::__cxx11::basic_string<char, std::char_traits<char>, std::allocator<char> > const&, std::__cxx11::basic_string<char, std::char_traits<char>, std::allocator<char> > const&, std::__cxx11::basic_string<char, std::char_traits<char>, std::allocator<char> > const&) (driver_mysql.cpp:624)
==268755== 
==268755== 56 bytes in 1 blocks are still reachable in loss record 1,075 of 2,004
==268755==    at 0x4849013: operator new(unsigned long) (in /usr/libexec/valgrind/vgpreload_memcheck-amd64-linux.so)
==268755==    by 0x48E4B91: ??? (in /usr/lib/x86_64-linux-gnu/libmysqlclient.so.21.2.42)
==268755==    by 0x48E4EDC: ??? (in /usr/lib/x86_64-linux-gnu/libmysqlclient.so.21.2.42)
==268755==    by 0x48E5188: ??? (in /usr/lib/x86_64-linux-gnu/libmysqlclient.so.21.2.42)
==268755==    by 0x4905D43: ??? (in /usr/lib/x86_64-linux-gnu/libmysqlclient.so.21.2.42)
==268755==    by 0x48E6082: ??? (in /usr/lib/x86_64-linux-gnu/libmysqlclient.so.21.2.42)
==268755==    by 0x522BEE7: __pthread_once_slow (pthread_once.c:116)
==268755==    by 0x4903155: ??? (in /usr/lib/x86_64-linux-gnu/libmysqlclient.so.21.2.42)
==268755==    by 0x489CBB8: ??? (in /usr/lib/x86_64-linux-gnu/libmysqlclient.so.21.2.42)
==268755==    by 0x489D1FA: ??? (in /usr/lib/x86_64-linux-gnu/libmysqlclient.so.21.2.42)
==268755==    by 0x48A3273: ??? (in /usr/lib/x86_64-linux-gnu/libmysqlclient.so.21.2.42)
==268755==    by 0x489EF82: mysql_real_connect (in /usr/lib/x86_64-linux-gnu/libmysqlclient.so.21.2.42)
==268755== 
==268755== 56 bytes in 1 blocks are still reachable in loss record 1,076 of 2,004
==268755==    at 0x4849013: operator new(unsigned long) (in /usr/libexec/valgrind/vgpreload_memcheck-amd64-linux.so)
==268755==    by 0x48E4B91: ??? (in /usr/lib/x86_64-linux-gnu/libmysqlclient.so.21.2.42)
==268755==    by 0x48E510D: ??? (in /usr/lib/x86_64-linux-gnu/libmysqlclient.so.21.2.42)
==268755==    by 0x48E5196: ??? (in /usr/lib/x86_64-linux-gnu/libmysqlclient.so.21.2.42)
==268755==    by 0x4905D43: ??? (in /usr/lib/x86_64-linux-gnu/libmysqlclient.so.21.2.42)
==268755==    by 0x48E6082: ??? (in /usr/lib/x86_64-linux-gnu/libmysqlclient.so.21.2.42)
==268755==    by 0x522BEE7: __pthread_once_slow (pthread_once.c:116)
==268755==    by 0x4903155: ??? (in /usr/lib/x86_64-linux-gnu/libmysqlclient.so.21.2.42)
==268755==    by 0x489CBB8: ??? (in /usr/lib/x86_64-linux-gnu/libmysqlclient.so.21.2.42)
==268755==    by 0x489D1FA: ??? (in /usr/lib/x86_64-linux-gnu/libmysqlclient.so.21.2.42)
==268755==    by 0x48A3273: ??? (in /usr/lib/x86_64-linux-gnu/libmysqlclient.so.21.2.42)
==268755==    by 0x489EF82: mysql_real_connect (in /usr/lib/x86_64-linux-gnu/libmysqlclient.so.21.2.42)
==268755== 
==268755== 56 bytes in 1 blocks are still reachable in loss record 1,077 of 2,004
==268755==    at 0x4849013: operator new(unsigned long) (in /usr/libexec/valgrind/vgpreload_memcheck-amd64-linux.so)
==268755==    by 0x48E4B91: ??? (in /usr/lib/x86_64-linux-gnu/libmysqlclient.so.21.2.42)
==268755==    by 0x48E4EDC: ??? (in /usr/lib/x86_64-linux-gnu/libmysqlclient.so.21.2.42)
==268755==    by 0x4905D63: ??? (in /usr/lib/x86_64-linux-gnu/libmysqlclient.so.21.2.42)
==268755==    by 0x48E6082: ??? (in /usr/lib/x86_64-linux-gnu/libmysqlclient.so.21.2.42)
==268755==    by 0x522BEE7: __pthread_once_slow (pthread_once.c:116)
==268755==    by 0x4903155: ??? (in /usr/lib/x86_64-linux-gnu/libmysqlclient.so.21.2.42)
==268755==    by 0x489CBB8: ??? (in /usr/lib/x86_64-linux-gnu/libmysqlclient.so.21.2.42)
==268755==    by 0x489D1FA: ??? (in /usr/lib/x86_64-linux-gnu/libmysqlclient.so.21.2.42)
==268755==    by 0x48A3273: ??? (in /usr/lib/x86_64-linux-gnu/libmysqlclient.so.21.2.42)
==268755==    by 0x489EF82: mysql_real_connect (in /usr/lib/x86_64-linux-gnu/libmysqlclient.so.21.2.42)
==268755==    by 0x1EC2E1: cpp_dbc::MySQL::MySQLConnection::MySQLConnection(std::__cxx11::basic_string<char, std::char_traits<char>, std::allocator<char> > const&, int, std::__cxx11::basic_string<char, std::char_traits<char>, std::allocator<char> > const&, std::__cxx11::basic_string<char, std::char_traits<char>, std::allocator<char> > const&, std::__cxx11::basic_string<char, std::char_traits<char>, std::allocator<char> > const&) (driver_mysql.cpp:624)
==268755== 
==268755== 56 bytes in 1 blocks are still reachable in loss record 1,078 of 2,004
==268755==    at 0x4849013: operator new(unsigned long) (in /usr/libexec/valgrind/vgpreload_memcheck-amd64-linux.so)
==268755==    by 0x48E4B91: ??? (in /usr/lib/x86_64-linux-gnu/libmysqlclient.so.21.2.42)
==268755==    by 0x48E5098: ??? (in /usr/lib/x86_64-linux-gnu/libmysqlclient.so.21.2.42)
==268755==    by 0x4905D7B: ??? (in /usr/lib/x86_64-linux-gnu/libmysqlclient.so.21.2.42)
==268755==    by 0x48E6082: ??? (in /usr/lib/x86_64-linux-gnu/libmysqlclient.so.21.2.42)
==268755==    by 0x522BEE7: __pthread_once_slow (pthread_once.c:116)
==268755==    by 0x4903155: ??? (in /usr/lib/x86_64-linux-gnu/libmysqlclient.so.21.2.42)
==268755==    by 0x489CBB8: ??? (in /usr/lib/x86_64-linux-gnu/libmysqlclient.so.21.2.42)
==268755==    by 0x489D1FA: ??? (in /usr/lib/x86_64-linux-gnu/libmysqlclient.so.21.2.42)
==268755==    by 0x48A3273: ??? (in /usr/lib/x86_64-linux-gnu/libmysqlclient.so.21.2.42)
==268755==    by 0x489EF82: mysql_real_connect (in /usr/lib/x86_64-linux-gnu/libmysqlclient.so.21.2.42)
==268755==    by 0x1EC2E1: cpp_dbc::MySQL::MySQLConnection::MySQLConnection(std::__cxx11::basic_string<char, std::char_traits<char>, std::allocator<char> > const&, int, std::__cxx11::basic_string<char, std::char_traits<char>, std::allocator<char> > const&, std::__cxx11::basic_string<char, std::char_traits<char>, std::allocator<char> > const&, std::__cxx11::basic_string<char, std::char_traits<char>, std::allocator<char> > const&) (driver_mysql.cpp:624)
==268755== 
==268755== 56 bytes in 1 blocks are still reachable in loss record 1,079 of 2,004
==268755==    at 0x4849013: operator new(unsigned long) (in /usr/libexec/valgrind/vgpreload_memcheck-amd64-linux.so)
==268755==    by 0x48E4B91: ??? (in /usr/lib/x86_64-linux-gnu/libmysqlclient.so.21.2.42)
==268755==    by 0x48E4EDC: ??? (in /usr/lib/x86_64-linux-gnu/libmysqlclient.so.21.2.42)
==268755==    by 0x4905DA5: ??? (in /usr/lib/x86_64-linux-gnu/libmysqlclient.so.21.2.42)
==268755==    by 0x48E6082: ??? (in /usr/lib/x86_64-linux-gnu/libmysqlclient.so.21.2.42)
==268755==    by 0x522BEE7: __pthread_once_slow (pthread_once.c:116)
==268755==    by 0x4903155: ??? (in /usr/lib/x86_64-linux-gnu/libmysqlclient.so.21.2.42)
==268755==    by 0x489CBB8: ??? (in /usr/lib/x86_64-linux-gnu/libmysqlclient.so.21.2.42)
==268755==    by 0x489D1FA: ??? (in /usr/lib/x86_64-linux-gnu/libmysqlclient.so.21.2.42)
==268755==    by 0x48A3273: ??? (in /usr/lib/x86_64-linux-gnu/libmysqlclient.so.21.2.42)
==268755==    by 0x489EF82: mysql_real_connect (in /usr/lib/x86_64-linux-gnu/libmysqlclient.so.21.2.42)
==268755==    by 0x1EC2E1: cpp_dbc::MySQL::MySQLConnection::MySQLConnection(std::__cxx11::basic_string<char, std::char_traits<char>, std::allocator<char> > const&, int, std::__cxx11::basic_string<char, std::char_traits<char>, std::allocator<char> > const&, std::__cxx11::basic_string<char, std::char_traits<char>, std::allocator<char> > const&, std::__cxx11::basic_string<char, std::char_traits<char>, std::allocator<char> > const&) (driver_mysql.cpp:624)
==268755== 
==268755== 56 bytes in 1 blocks are still reachable in loss record 1,080 of 2,004
==268755==    at 0x4849013: operator new(unsigned long) (in /usr/libexec/valgrind/vgpreload_memcheck-amd64-linux.so)
==268755==    by 0x48E4B91: ??? (in /usr/lib/x86_64-linux-gnu/libmysqlclient.so.21.2.42)
==268755==    by 0x48E510D: ??? (in /usr/lib/x86_64-linux-gnu/libmysqlclient.so.21.2.42)
==268755==    by 0x4905DBD: ??? (in /usr/lib/x86_64-linux-gnu/libmysqlclient.so.21.2.42)
==268755==    by 0x48E6082: ??? (in /usr/lib/x86_64-linux-gnu/libmysqlclient.so.21.2.42)
==268755==    by 0x522BEE7: __pthread_once_slow (pthread_once.c:116)
==268755==    by 0x4903155: ??? (in /usr/lib/x86_64-linux-gnu/libmysqlclient.so.21.2.42)
==268755==    by 0x489CBB8: ??? (in /usr/lib/x86_64-linux-gnu/libmysqlclient.so.21.2.42)
==268755==    by 0x489D1FA: ??? (in /usr/lib/x86_64-linux-gnu/libmysqlclient.so.21.2.42)
==268755==    by 0x48A3273: ??? (in /usr/lib/x86_64-linux-gnu/libmysqlclient.so.21.2.42)
==268755==    by 0x489EF82: mysql_real_connect (in /usr/lib/x86_64-linux-gnu/libmysqlclient.so.21.2.42)
==268755==    by 0x1EC2E1: cpp_dbc::MySQL::MySQLConnection::MySQLConnection(std::__cxx11::basic_string<char, std::char_traits<char>, std::allocator<char> > const&, int, std::__cxx11::basic_string<char, std::char_traits<char>, std::allocator<char> > const&, std::__cxx11::basic_string<char, std::char_traits<char>, std::allocator<char> > const&, std::__cxx11::basic_string<char, std::char_traits<char>, std::allocator<char> > const&) (driver_mysql.cpp:624)
==268755== 
==268755== 56 bytes in 1 blocks are still reachable in loss record 1,081 of 2,004
==268755==    at 0x4849013: operator new(unsigned long) (in /usr/libexec/valgrind/vgpreload_memcheck-amd64-linux.so)
==268755==    by 0x48E4B91: ??? (in /usr/lib/x86_64-linux-gnu/libmysqlclient.so.21.2.42)
==268755==    by 0x48E4EDC: ??? (in /usr/lib/x86_64-linux-gnu/libmysqlclient.so.21.2.42)
==268755==    by 0x4905DE7: ??? (in /usr/lib/x86_64-linux-gnu/libmysqlclient.so.21.2.42)
==268755==    by 0x48E6082: ??? (in /usr/lib/x86_64-linux-gnu/libmysqlclient.so.21.2.42)
==268755==    by 0x522BEE7: __pthread_once_slow (pthread_once.c:116)
==268755==    by 0x4903155: ??? (in /usr/lib/x86_64-linux-gnu/libmysqlclient.so.21.2.42)
==268755==    by 0x489CBB8: ??? (in /usr/lib/x86_64-linux-gnu/libmysqlclient.so.21.2.42)
==268755==    by 0x489D1FA: ??? (in /usr/lib/x86_64-linux-gnu/libmysqlclient.so.21.2.42)
==268755==    by 0x48A3273: ??? (in /usr/lib/x86_64-linux-gnu/libmysqlclient.so.21.2.42)
==268755==    by 0x489EF82: mysql_real_connect (in /usr/lib/x86_64-linux-gnu/libmysqlclient.so.21.2.42)
==268755==    by 0x1EC2E1: cpp_dbc::MySQL::MySQLConnection::MySQLConnection(std::__cxx11::basic_string<char, std::char_traits<char>, std::allocator<char> > const&, int, std::__cxx11::basic_string<char, std::char_traits<char>, std::allocator<char> > const&, std::__cxx11::basic_string<char, std::char_traits<char>, std::allocator<char> > const&, std::__cxx11::basic_string<char, std::char_traits<char>, std::allocator<char> > const&) (driver_mysql.cpp:624)
==268755== 
==268755== 56 bytes in 1 blocks are still reachable in loss record 1,082 of 2,004
==268755==    at 0x4849013: operator new(unsigned long) (in /usr/libexec/valgrind/vgpreload_memcheck-amd64-linux.so)
==268755==    by 0x48E4B91: ??? (in /usr/lib/x86_64-linux-gnu/libmysqlclient.so.21.2.42)
==268755==    by 0x48E5098: ??? (in /usr/lib/x86_64-linux-gnu/libmysqlclient.so.21.2.42)
==268755==    by 0x4905DFF: ??? (in /usr/lib/x86_64-linux-gnu/libmysqlclient.so.21.2.42)
==268755==    by 0x48E6082: ??? (in /usr/lib/x86_64-linux-gnu/libmysqlclient.so.21.2.42)
==268755==    by 0x522BEE7: __pthread_once_slow (pthread_once.c:116)
==268755==    by 0x4903155: ??? (in /usr/lib/x86_64-linux-gnu/libmysqlclient.so.21.2.42)
==268755==    by 0x489CBB8: ??? (in /usr/lib/x86_64-linux-gnu/libmysqlclient.so.21.2.42)
==268755==    by 0x489D1FA: ??? (in /usr/lib/x86_64-linux-gnu/libmysqlclient.so.21.2.42)
==268755==    by 0x48A3273: ??? (in /usr/lib/x86_64-linux-gnu/libmysqlclient.so.21.2.42)
==268755==    by 0x489EF82: mysql_real_connect (in /usr/lib/x86_64-linux-gnu/libmysqlclient.so.21.2.42)
==268755==    by 0x1EC2E1: cpp_dbc::MySQL::MySQLConnection::MySQLConnection(std::__cxx11::basic_string<char, std::char_traits<char>, std::allocator<char> > const&, int, std::__cxx11::basic_string<char, std::char_traits<char>, std::allocator<char> > const&, std::__cxx11::basic_string<char, std::char_traits<char>, std::allocator<char> > const&, std::__cxx11::basic_string<char, std::char_traits<char>, std::allocator<char> > const&) (driver_mysql.cpp:624)
==268755== 
==268755== 56 bytes in 1 blocks are still reachable in loss record 1,083 of 2,004
==268755==    at 0x4849013: operator new(unsigned long) (in /usr/libexec/valgrind/vgpreload_memcheck-amd64-linux.so)
==268755==    by 0x48E4B91: ??? (in /usr/lib/x86_64-linux-gnu/libmysqlclient.so.21.2.42)
==268755==    by 0x48E4EDC: ??? (in /usr/lib/x86_64-linux-gnu/libmysqlclient.so.21.2.42)
==268755==    by 0x4905E29: ??? (in /usr/lib/x86_64-linux-gnu/libmysqlclient.so.21.2.42)
==268755==    by 0x48E6082: ??? (in /usr/lib/x86_64-linux-gnu/libmysqlclient.so.21.2.42)
==268755==    by 0x522BEE7: __pthread_once_slow (pthread_once.c:116)
==268755==    by 0x4903155: ??? (in /usr/lib/x86_64-linux-gnu/libmysqlclient.so.21.2.42)
==268755==    by 0x489CBB8: ??? (in /usr/lib/x86_64-linux-gnu/libmysqlclient.so.21.2.42)
==268755==    by 0x489D1FA: ??? (in /usr/lib/x86_64-linux-gnu/libmysqlclient.so.21.2.42)
==268755==    by 0x48A3273: ??? (in /usr/lib/x86_64-linux-gnu/libmysqlclient.so.21.2.42)
==268755==    by 0x489EF82: mysql_real_connect (in /usr/lib/x86_64-linux-gnu/libmysqlclient.so.21.2.42)
==268755==    by 0x1EC2E1: cpp_dbc::MySQL::MySQLConnection::MySQLConnection(std::__cxx11::basic_string<char, std::char_traits<char>, std::allocator<char> > const&, int, std::__cxx11::basic_string<char, std::char_traits<char>, std::allocator<char> > const&, std::__cxx11::basic_string<char, std::char_traits<char>, std::allocator<char> > const&, std::__cxx11::basic_string<char, std::char_traits<char>, std::allocator<char> > const&) (driver_mysql.cpp:624)
==268755== 
==268755== 56 bytes in 1 blocks are still reachable in loss record 1,084 of 2,004
==268755==    at 0x4849013: operator new(unsigned long) (in /usr/libexec/valgrind/vgpreload_memcheck-amd64-linux.so)
==268755==    by 0x48E4B91: ??? (in /usr/lib/x86_64-linux-gnu/libmysqlclient.so.21.2.42)
==268755==    by 0x48E510D: ??? (in /usr/lib/x86_64-linux-gnu/libmysqlclient.so.21.2.42)
==268755==    by 0x4905E41: ??? (in /usr/lib/x86_64-linux-gnu/libmysqlclient.so.21.2.42)
==268755==    by 0x48E6082: ??? (in /usr/lib/x86_64-linux-gnu/libmysqlclient.so.21.2.42)
==268755==    by 0x522BEE7: __pthread_once_slow (pthread_once.c:116)
==268755==    by 0x4903155: ??? (in /usr/lib/x86_64-linux-gnu/libmysqlclient.so.21.2.42)
==268755==    by 0x489CBB8: ??? (in /usr/lib/x86_64-linux-gnu/libmysqlclient.so.21.2.42)
==268755==    by 0x489D1FA: ??? (in /usr/lib/x86_64-linux-gnu/libmysqlclient.so.21.2.42)
==268755==    by 0x48A3273: ??? (in /usr/lib/x86_64-linux-gnu/libmysqlclient.so.21.2.42)
==268755==    by 0x489EF82: mysql_real_connect (in /usr/lib/x86_64-linux-gnu/libmysqlclient.so.21.2.42)
==268755==    by 0x1EC2E1: cpp_dbc::MySQL::MySQLConnection::MySQLConnection(std::__cxx11::basic_string<char, std::char_traits<char>, std::allocator<char> > const&, int, std::__cxx11::basic_string<char, std::char_traits<char>, std::allocator<char> > const&, std::__cxx11::basic_string<char, std::char_traits<char>, std::allocator<char> > const&, std::__cxx11::basic_string<char, std::char_traits<char>, std::allocator<char> > const&) (driver_mysql.cpp:624)
==268755== 
==268755== 56 bytes in 1 blocks are still reachable in loss record 1,085 of 2,004
==268755==    at 0x4849013: operator new(unsigned long) (in /usr/libexec/valgrind/vgpreload_memcheck-amd64-linux.so)
==268755==    by 0x48E4B91: ??? (in /usr/lib/x86_64-linux-gnu/libmysqlclient.so.21.2.42)
==268755==    by 0x48E4EDC: ??? (in /usr/lib/x86_64-linux-gnu/libmysqlclient.so.21.2.42)
==268755==    by 0x4905E6B: ??? (in /usr/lib/x86_64-linux-gnu/libmysqlclient.so.21.2.42)
==268755==    by 0x48E6082: ??? (in /usr/lib/x86_64-linux-gnu/libmysqlclient.so.21.2.42)
==268755==    by 0x522BEE7: __pthread_once_slow (pthread_once.c:116)
==268755==    by 0x4903155: ??? (in /usr/lib/x86_64-linux-gnu/libmysqlclient.so.21.2.42)
==268755==    by 0x489CBB8: ??? (in /usr/lib/x86_64-linux-gnu/libmysqlclient.so.21.2.42)
==268755==    by 0x489D1FA: ??? (in /usr/lib/x86_64-linux-gnu/libmysqlclient.so.21.2.42)
==268755==    by 0x48A3273: ??? (in /usr/lib/x86_64-linux-gnu/libmysqlclient.so.21.2.42)
==268755==    by 0x489EF82: mysql_real_connect (in /usr/lib/x86_64-linux-gnu/libmysqlclient.so.21.2.42)
==268755==    by 0x1EC2E1: cpp_dbc::MySQL::MySQLConnection::MySQLConnection(std::__cxx11::basic_string<char, std::char_traits<char>, std::allocator<char> > const&, int, std::__cxx11::basic_string<char, std::char_traits<char>, std::allocator<char> > const&, std::__cxx11::basic_string<char, std::char_traits<char>, std::allocator<char> > const&, std::__cxx11::basic_string<char, std::char_traits<char>, std::allocator<char> > const&) (driver_mysql.cpp:624)
==268755== 
==268755== 56 bytes in 1 blocks are still reachable in loss record 1,086 of 2,004
==268755==    at 0x4849013: operator new(unsigned long) (in /usr/libexec/valgrind/vgpreload_memcheck-amd64-linux.so)
==268755==    by 0x48E4B91: ??? (in /usr/lib/x86_64-linux-gnu/libmysqlclient.so.21.2.42)
==268755==    by 0x48E5098: ??? (in /usr/lib/x86_64-linux-gnu/libmysqlclient.so.21.2.42)
==268755==    by 0x4905E83: ??? (in /usr/lib/x86_64-linux-gnu/libmysqlclient.so.21.2.42)
==268755==    by 0x48E6082: ??? (in /usr/lib/x86_64-linux-gnu/libmysqlclient.so.21.2.42)
==268755==    by 0x522BEE7: __pthread_once_slow (pthread_once.c:116)
==268755==    by 0x4903155: ??? (in /usr/lib/x86_64-linux-gnu/libmysqlclient.so.21.2.42)
==268755==    by 0x489CBB8: ??? (in /usr/lib/x86_64-linux-gnu/libmysqlclient.so.21.2.42)
==268755==    by 0x489D1FA: ??? (in /usr/lib/x86_64-linux-gnu/libmysqlclient.so.21.2.42)
==268755==    by 0x48A3273: ??? (in /usr/lib/x86_64-linux-gnu/libmysqlclient.so.21.2.42)
==268755==    by 0x489EF82: mysql_real_connect (in /usr/lib/x86_64-linux-gnu/libmysqlclient.so.21.2.42)
==268755==    by 0x1EC2E1: cpp_dbc::MySQL::MySQLConnection::MySQLConnection(std::__cxx11::basic_string<char, std::char_traits<char>, std::allocator<char> > const&, int, std::__cxx11::basic_string<char, std::char_traits<char>, std::allocator<char> > const&, std::__cxx11::basic_string<char, std::char_traits<char>, std::allocator<char> > const&, std::__cxx11::basic_string<char, std::char_traits<char>, std::allocator<char> > const&) (driver_mysql.cpp:624)
==268755== 
==268755== 56 bytes in 1 blocks are still reachable in loss record 1,087 of 2,004
==268755==    at 0x4849013: operator new(unsigned long) (in /usr/libexec/valgrind/vgpreload_memcheck-amd64-linux.so)
==268755==    by 0x48E4B91: ??? (in /usr/lib/x86_64-linux-gnu/libmysqlclient.so.21.2.42)
==268755==    by 0x48E4EDC: ??? (in /usr/lib/x86_64-linux-gnu/libmysqlclient.so.21.2.42)
==268755==    by 0x4905EAD: ??? (in /usr/lib/x86_64-linux-gnu/libmysqlclient.so.21.2.42)
==268755==    by 0x48E6082: ??? (in /usr/lib/x86_64-linux-gnu/libmysqlclient.so.21.2.42)
==268755==    by 0x522BEE7: __pthread_once_slow (pthread_once.c:116)
==268755==    by 0x4903155: ??? (in /usr/lib/x86_64-linux-gnu/libmysqlclient.so.21.2.42)
==268755==    by 0x489CBB8: ??? (in /usr/lib/x86_64-linux-gnu/libmysqlclient.so.21.2.42)
==268755==    by 0x489D1FA: ??? (in /usr/lib/x86_64-linux-gnu/libmysqlclient.so.21.2.42)
==268755==    by 0x48A3273: ??? (in /usr/lib/x86_64-linux-gnu/libmysqlclient.so.21.2.42)
==268755==    by 0x489EF82: mysql_real_connect (in /usr/lib/x86_64-linux-gnu/libmysqlclient.so.21.2.42)
==268755==    by 0x1EC2E1: cpp_dbc::MySQL::MySQLConnection::MySQLConnection(std::__cxx11::basic_string<char, std::char_traits<char>, std::allocator<char> > const&, int, std::__cxx11::basic_string<char, std::char_traits<char>, std::allocator<char> > const&, std::__cxx11::basic_string<char, std::char_traits<char>, std::allocator<char> > const&, std::__cxx11::basic_string<char, std::char_traits<char>, std::allocator<char> > const&) (driver_mysql.cpp:624)
==268755== 
==268755== 56 bytes in 1 blocks are still reachable in loss record 1,088 of 2,004
==268755==    at 0x4849013: operator new(unsigned long) (in /usr/libexec/valgrind/vgpreload_memcheck-amd64-linux.so)
==268755==    by 0x48E4B91: ??? (in /usr/lib/x86_64-linux-gnu/libmysqlclient.so.21.2.42)
==268755==    by 0x48E510D: ??? (in /usr/lib/x86_64-linux-gnu/libmysqlclient.so.21.2.42)
==268755==    by 0x4905EC5: ??? (in /usr/lib/x86_64-linux-gnu/libmysqlclient.so.21.2.42)
==268755==    by 0x48E6082: ??? (in /usr/lib/x86_64-linux-gnu/libmysqlclient.so.21.2.42)
==268755==    by 0x522BEE7: __pthread_once_slow (pthread_once.c:116)
==268755==    by 0x4903155: ??? (in /usr/lib/x86_64-linux-gnu/libmysqlclient.so.21.2.42)
==268755==    by 0x489CBB8: ??? (in /usr/lib/x86_64-linux-gnu/libmysqlclient.so.21.2.42)
==268755==    by 0x489D1FA: ??? (in /usr/lib/x86_64-linux-gnu/libmysqlclient.so.21.2.42)
==268755==    by 0x48A3273: ??? (in /usr/lib/x86_64-linux-gnu/libmysqlclient.so.21.2.42)
==268755==    by 0x489EF82: mysql_real_connect (in /usr/lib/x86_64-linux-gnu/libmysqlclient.so.21.2.42)
==268755==    by 0x1EC2E1: cpp_dbc::MySQL::MySQLConnection::MySQLConnection(std::__cxx11::basic_string<char, std::char_traits<char>, std::allocator<char> > const&, int, std::__cxx11::basic_string<char, std::char_traits<char>, std::allocator<char> > const&, std::__cxx11::basic_string<char, std::char_traits<char>, std::allocator<char> > const&, std::__cxx11::basic_string<char, std::char_traits<char>, std::allocator<char> > const&) (driver_mysql.cpp:624)
==268755== 
==268755== 56 bytes in 1 blocks are still reachable in loss record 1,089 of 2,004
==268755==    at 0x4849013: operator new(unsigned long) (in /usr/libexec/valgrind/vgpreload_memcheck-amd64-linux.so)
==268755==    by 0x48E4B91: ??? (in /usr/lib/x86_64-linux-gnu/libmysqlclient.so.21.2.42)
==268755==    by 0x48E4EDC: ??? (in /usr/lib/x86_64-linux-gnu/libmysqlclient.so.21.2.42)
==268755==    by 0x4905EEF: ??? (in /usr/lib/x86_64-linux-gnu/libmysqlclient.so.21.2.42)
==268755==    by 0x48E6082: ??? (in /usr/lib/x86_64-linux-gnu/libmysqlclient.so.21.2.42)
==268755==    by 0x522BEE7: __pthread_once_slow (pthread_once.c:116)
==268755==    by 0x4903155: ??? (in /usr/lib/x86_64-linux-gnu/libmysqlclient.so.21.2.42)
==268755==    by 0x489CBB8: ??? (in /usr/lib/x86_64-linux-gnu/libmysqlclient.so.21.2.42)
==268755==    by 0x489D1FA: ??? (in /usr/lib/x86_64-linux-gnu/libmysqlclient.so.21.2.42)
==268755==    by 0x48A3273: ??? (in /usr/lib/x86_64-linux-gnu/libmysqlclient.so.21.2.42)
==268755==    by 0x489EF82: mysql_real_connect (in /usr/lib/x86_64-linux-gnu/libmysqlclient.so.21.2.42)
==268755==    by 0x1EC2E1: cpp_dbc::MySQL::MySQLConnection::MySQLConnection(std::__cxx11::basic_string<char, std::char_traits<char>, std::allocator<char> > const&, int, std::__cxx11::basic_string<char, std::char_traits<char>, std::allocator<char> > const&, std::__cxx11::basic_string<char, std::char_traits<char>, std::allocator<char> > const&, std::__cxx11::basic_string<char, std::char_traits<char>, std::allocator<char> > const&) (driver_mysql.cpp:624)
==268755== 
==268755== 56 bytes in 1 blocks are still reachable in loss record 1,090 of 2,004
==268755==    at 0x4849013: operator new(unsigned long) (in /usr/libexec/valgrind/vgpreload_memcheck-amd64-linux.so)
==268755==    by 0x48E4B91: ??? (in /usr/lib/x86_64-linux-gnu/libmysqlclient.so.21.2.42)
==268755==    by 0x48E4EDC: ??? (in /usr/lib/x86_64-linux-gnu/libmysqlclient.so.21.2.42)
==268755==    by 0x4905F31: ??? (in /usr/lib/x86_64-linux-gnu/libmysqlclient.so.21.2.42)
==268755==    by 0x48E6082: ??? (in /usr/lib/x86_64-linux-gnu/libmysqlclient.so.21.2.42)
==268755==    by 0x522BEE7: __pthread_once_slow (pthread_once.c:116)
==268755==    by 0x4903155: ??? (in /usr/lib/x86_64-linux-gnu/libmysqlclient.so.21.2.42)
==268755==    by 0x489CBB8: ??? (in /usr/lib/x86_64-linux-gnu/libmysqlclient.so.21.2.42)
==268755==    by 0x489D1FA: ??? (in /usr/lib/x86_64-linux-gnu/libmysqlclient.so.21.2.42)
==268755==    by 0x48A3273: ??? (in /usr/lib/x86_64-linux-gnu/libmysqlclient.so.21.2.42)
==268755==    by 0x489EF82: mysql_real_connect (in /usr/lib/x86_64-linux-gnu/libmysqlclient.so.21.2.42)
==268755==    by 0x1EC2E1: cpp_dbc::MySQL::MySQLConnection::MySQLConnection(std::__cxx11::basic_string<char, std::char_traits<char>, std::allocator<char> > const&, int, std::__cxx11::basic_string<char, std::char_traits<char>, std::allocator<char> > const&, std::__cxx11::basic_string<char, std::char_traits<char>, std::allocator<char> > const&, std::__cxx11::basic_string<char, std::char_traits<char>, std::allocator<char> > const&) (driver_mysql.cpp:624)
==268755== 
==268755== 56 bytes in 1 blocks are still reachable in loss record 1,091 of 2,004
==268755==    at 0x4849013: operator new(unsigned long) (in /usr/libexec/valgrind/vgpreload_memcheck-amd64-linux.so)
==268755==    by 0x48E4B91: ??? (in /usr/lib/x86_64-linux-gnu/libmysqlclient.so.21.2.42)
==268755==    by 0x48E5098: ??? (in /usr/lib/x86_64-linux-gnu/libmysqlclient.so.21.2.42)
==268755==    by 0x4905F49: ??? (in /usr/lib/x86_64-linux-gnu/libmysqlclient.so.21.2.42)
==268755==    by 0x48E6082: ??? (in /usr/lib/x86_64-linux-gnu/libmysqlclient.so.21.2.42)
==268755==    by 0x522BEE7: __pthread_once_slow (pthread_once.c:116)
==268755==    by 0x4903155: ??? (in /usr/lib/x86_64-linux-gnu/libmysqlclient.so.21.2.42)
==268755==    by 0x489CBB8: ??? (in /usr/lib/x86_64-linux-gnu/libmysqlclient.so.21.2.42)
==268755==    by 0x489D1FA: ??? (in /usr/lib/x86_64-linux-gnu/libmysqlclient.so.21.2.42)
==268755==    by 0x48A3273: ??? (in /usr/lib/x86_64-linux-gnu/libmysqlclient.so.21.2.42)
==268755==    by 0x489EF82: mysql_real_connect (in /usr/lib/x86_64-linux-gnu/libmysqlclient.so.21.2.42)
==268755==    by 0x1EC2E1: cpp_dbc::MySQL::MySQLConnection::MySQLConnection(std::__cxx11::basic_string<char, std::char_traits<char>, std::allocator<char> > const&, int, std::__cxx11::basic_string<char, std::char_traits<char>, std::allocator<char> > const&, std::__cxx11::basic_string<char, std::char_traits<char>, std::allocator<char> > const&, std::__cxx11::basic_string<char, std::char_traits<char>, std::allocator<char> > const&) (driver_mysql.cpp:624)
==268755== 
==268755== 56 bytes in 1 blocks are still reachable in loss record 1,092 of 2,004
==268755==    at 0x4849013: operator new(unsigned long) (in /usr/libexec/valgrind/vgpreload_memcheck-amd64-linux.so)
==268755==    by 0x48E4B91: ??? (in /usr/lib/x86_64-linux-gnu/libmysqlclient.so.21.2.42)
==268755==    by 0x48E4EDC: ??? (in /usr/lib/x86_64-linux-gnu/libmysqlclient.so.21.2.42)
==268755==    by 0x4905F73: ??? (in /usr/lib/x86_64-linux-gnu/libmysqlclient.so.21.2.42)
==268755==    by 0x48E6082: ??? (in /usr/lib/x86_64-linux-gnu/libmysqlclient.so.21.2.42)
==268755==    by 0x522BEE7: __pthread_once_slow (pthread_once.c:116)
==268755==    by 0x4903155: ??? (in /usr/lib/x86_64-linux-gnu/libmysqlclient.so.21.2.42)
==268755==    by 0x489CBB8: ??? (in /usr/lib/x86_64-linux-gnu/libmysqlclient.so.21.2.42)
==268755==    by 0x489D1FA: ??? (in /usr/lib/x86_64-linux-gnu/libmysqlclient.so.21.2.42)
==268755==    by 0x48A3273: ??? (in /usr/lib/x86_64-linux-gnu/libmysqlclient.so.21.2.42)
==268755==    by 0x489EF82: mysql_real_connect (in /usr/lib/x86_64-linux-gnu/libmysqlclient.so.21.2.42)
==268755==    by 0x1EC2E1: cpp_dbc::MySQL::MySQLConnection::MySQLConnection(std::__cxx11::basic_string<char, std::char_traits<char>, std::allocator<char> > const&, int, std::__cxx11::basic_string<char, std::char_traits<char>, std::allocator<char> > const&, std::__cxx11::basic_string<char, std::char_traits<char>, std::allocator<char> > const&, std::__cxx11::basic_string<char, std::char_traits<char>, std::allocator<char> > const&) (driver_mysql.cpp:624)
==268755== 
==268755== 56 bytes in 1 blocks are still reachable in loss record 1,093 of 2,004
==268755==    at 0x4849013: operator new(unsigned long) (in /usr/libexec/valgrind/vgpreload_memcheck-amd64-linux.so)
==268755==    by 0x48E4B91: ??? (in /usr/lib/x86_64-linux-gnu/libmysqlclient.so.21.2.42)
==268755==    by 0x48E510D: ??? (in /usr/lib/x86_64-linux-gnu/libmysqlclient.so.21.2.42)
==268755==    by 0x4905F8B: ??? (in /usr/lib/x86_64-linux-gnu/libmysqlclient.so.21.2.42)
==268755==    by 0x48E6082: ??? (in /usr/lib/x86_64-linux-gnu/libmysqlclient.so.21.2.42)
==268755==    by 0x522BEE7: __pthread_once_slow (pthread_once.c:116)
==268755==    by 0x4903155: ??? (in /usr/lib/x86_64-linux-gnu/libmysqlclient.so.21.2.42)
==268755==    by 0x489CBB8: ??? (in /usr/lib/x86_64-linux-gnu/libmysqlclient.so.21.2.42)
==268755==    by 0x489D1FA: ??? (in /usr/lib/x86_64-linux-gnu/libmysqlclient.so.21.2.42)
==268755==    by 0x48A3273: ??? (in /usr/lib/x86_64-linux-gnu/libmysqlclient.so.21.2.42)
==268755==    by 0x489EF82: mysql_real_connect (in /usr/lib/x86_64-linux-gnu/libmysqlclient.so.21.2.42)
==268755==    by 0x1EC2E1: cpp_dbc::MySQL::MySQLConnection::MySQLConnection(std::__cxx11::basic_string<char, std::char_traits<char>, std::allocator<char> > const&, int, std::__cxx11::basic_string<char, std::char_traits<char>, std::allocator<char> > const&, std::__cxx11::basic_string<char, std::char_traits<char>, std::allocator<char> > const&, std::__cxx11::basic_string<char, std::char_traits<char>, std::allocator<char> > const&) (driver_mysql.cpp:624)
==268755== 
==268755== 56 bytes in 1 blocks are still reachable in loss record 1,094 of 2,004
==268755==    at 0x4849013: operator new(unsigned long) (in /usr/libexec/valgrind/vgpreload_memcheck-amd64-linux.so)
==268755==    by 0x48E4B91: ??? (in /usr/lib/x86_64-linux-gnu/libmysqlclient.so.21.2.42)
==268755==    by 0x48E4EDC: ??? (in /usr/lib/x86_64-linux-gnu/libmysqlclient.so.21.2.42)
==268755==    by 0x4905FB5: ??? (in /usr/lib/x86_64-linux-gnu/libmysqlclient.so.21.2.42)
==268755==    by 0x48E6082: ??? (in /usr/lib/x86_64-linux-gnu/libmysqlclient.so.21.2.42)
==268755==    by 0x522BEE7: __pthread_once_slow (pthread_once.c:116)
==268755==    by 0x4903155: ??? (in /usr/lib/x86_64-linux-gnu/libmysqlclient.so.21.2.42)
==268755==    by 0x489CBB8: ??? (in /usr/lib/x86_64-linux-gnu/libmysqlclient.so.21.2.42)
==268755==    by 0x489D1FA: ??? (in /usr/lib/x86_64-linux-gnu/libmysqlclient.so.21.2.42)
==268755==    by 0x48A3273: ??? (in /usr/lib/x86_64-linux-gnu/libmysqlclient.so.21.2.42)
==268755==    by 0x489EF82: mysql_real_connect (in /usr/lib/x86_64-linux-gnu/libmysqlclient.so.21.2.42)
==268755==    by 0x1EC2E1: cpp_dbc::MySQL::MySQLConnection::MySQLConnection(std::__cxx11::basic_string<char, std::char_traits<char>, std::allocator<char> > const&, int, std::__cxx11::basic_string<char, std::char_traits<char>, std::allocator<char> > const&, std::__cxx11::basic_string<char, std::char_traits<char>, std::allocator<char> > const&, std::__cxx11::basic_string<char, std::char_traits<char>, std::allocator<char> > const&) (driver_mysql.cpp:624)
==268755== 
==268755== 56 bytes in 1 blocks are still reachable in loss record 1,095 of 2,004
==268755==    at 0x4849013: operator new(unsigned long) (in /usr/libexec/valgrind/vgpreload_memcheck-amd64-linux.so)
==268755==    by 0x48E4B91: ??? (in /usr/lib/x86_64-linux-gnu/libmysqlclient.so.21.2.42)
==268755==    by 0x48E5098: ??? (in /usr/lib/x86_64-linux-gnu/libmysqlclient.so.21.2.42)
==268755==    by 0x4905FCD: ??? (in /usr/lib/x86_64-linux-gnu/libmysqlclient.so.21.2.42)
==268755==    by 0x48E6082: ??? (in /usr/lib/x86_64-linux-gnu/libmysqlclient.so.21.2.42)
==268755==    by 0x522BEE7: __pthread_once_slow (pthread_once.c:116)
==268755==    by 0x4903155: ??? (in /usr/lib/x86_64-linux-gnu/libmysqlclient.so.21.2.42)
==268755==    by 0x489CBB8: ??? (in /usr/lib/x86_64-linux-gnu/libmysqlclient.so.21.2.42)
==268755==    by 0x489D1FA: ??? (in /usr/lib/x86_64-linux-gnu/libmysqlclient.so.21.2.42)
==268755==    by 0x48A3273: ??? (in /usr/lib/x86_64-linux-gnu/libmysqlclient.so.21.2.42)
==268755==    by 0x489EF82: mysql_real_connect (in /usr/lib/x86_64-linux-gnu/libmysqlclient.so.21.2.42)
==268755==    by 0x1EC2E1: cpp_dbc::MySQL::MySQLConnection::MySQLConnection(std::__cxx11::basic_string<char, std::char_traits<char>, std::allocator<char> > const&, int, std::__cxx11::basic_string<char, std::char_traits<char>, std::allocator<char> > const&, std::__cxx11::basic_string<char, std::char_traits<char>, std::allocator<char> > const&, std::__cxx11::basic_string<char, std::char_traits<char>, std::allocator<char> > const&) (driver_mysql.cpp:624)
==268755== 
==268755== 56 bytes in 1 blocks are still reachable in loss record 1,096 of 2,004
==268755==    at 0x4849013: operator new(unsigned long) (in /usr/libexec/valgrind/vgpreload_memcheck-amd64-linux.so)
==268755==    by 0x48E4B91: ??? (in /usr/lib/x86_64-linux-gnu/libmysqlclient.so.21.2.42)
==268755==    by 0x48E4EDC: ??? (in /usr/lib/x86_64-linux-gnu/libmysqlclient.so.21.2.42)
==268755==    by 0x4905FF7: ??? (in /usr/lib/x86_64-linux-gnu/libmysqlclient.so.21.2.42)
==268755==    by 0x48E6082: ??? (in /usr/lib/x86_64-linux-gnu/libmysqlclient.so.21.2.42)
==268755==    by 0x522BEE7: __pthread_once_slow (pthread_once.c:116)
==268755==    by 0x4903155: ??? (in /usr/lib/x86_64-linux-gnu/libmysqlclient.so.21.2.42)
==268755==    by 0x489CBB8: ??? (in /usr/lib/x86_64-linux-gnu/libmysqlclient.so.21.2.42)
==268755==    by 0x489D1FA: ??? (in /usr/lib/x86_64-linux-gnu/libmysqlclient.so.21.2.42)
==268755==    by 0x48A3273: ??? (in /usr/lib/x86_64-linux-gnu/libmysqlclient.so.21.2.42)
==268755==    by 0x489EF82: mysql_real_connect (in /usr/lib/x86_64-linux-gnu/libmysqlclient.so.21.2.42)
==268755==    by 0x1EC2E1: cpp_dbc::MySQL::MySQLConnection::MySQLConnection(std::__cxx11::basic_string<char, std::char_traits<char>, std::allocator<char> > const&, int, std::__cxx11::basic_string<char, std::char_traits<char>, std::allocator<char> > const&, std::__cxx11::basic_string<char, std::char_traits<char>, std::allocator<char> > const&, std::__cxx11::basic_string<char, std::char_traits<char>, std::allocator<char> > const&) (driver_mysql.cpp:624)
==268755== 
==268755== 56 bytes in 1 blocks are still reachable in loss record 1,097 of 2,004
==268755==    at 0x4849013: operator new(unsigned long) (in /usr/libexec/valgrind/vgpreload_memcheck-amd64-linux.so)
==268755==    by 0x48E4B91: ??? (in /usr/lib/x86_64-linux-gnu/libmysqlclient.so.21.2.42)
==268755==    by 0x48E510D: ??? (in /usr/lib/x86_64-linux-gnu/libmysqlclient.so.21.2.42)
==268755==    by 0x490600F: ??? (in /usr/lib/x86_64-linux-gnu/libmysqlclient.so.21.2.42)
==268755==    by 0x48E6082: ??? (in /usr/lib/x86_64-linux-gnu/libmysqlclient.so.21.2.42)
==268755==    by 0x522BEE7: __pthread_once_slow (pthread_once.c:116)
==268755==    by 0x4903155: ??? (in /usr/lib/x86_64-linux-gnu/libmysqlclient.so.21.2.42)
==268755==    by 0x489CBB8: ??? (in /usr/lib/x86_64-linux-gnu/libmysqlclient.so.21.2.42)
==268755==    by 0x489D1FA: ??? (in /usr/lib/x86_64-linux-gnu/libmysqlclient.so.21.2.42)
==268755==    by 0x48A3273: ??? (in /usr/lib/x86_64-linux-gnu/libmysqlclient.so.21.2.42)
==268755==    by 0x489EF82: mysql_real_connect (in /usr/lib/x86_64-linux-gnu/libmysqlclient.so.21.2.42)
==268755==    by 0x1EC2E1: cpp_dbc::MySQL::MySQLConnection::MySQLConnection(std::__cxx11::basic_string<char, std::char_traits<char>, std::allocator<char> > const&, int, std::__cxx11::basic_string<char, std::char_traits<char>, std::allocator<char> > const&, std::__cxx11::basic_string<char, std::char_traits<char>, std::allocator<char> > const&, std::__cxx11::basic_string<char, std::char_traits<char>, std::allocator<char> > const&) (driver_mysql.cpp:624)
==268755== 
==268755== 56 bytes in 1 blocks are still reachable in loss record 1,098 of 2,004
==268755==    at 0x4849013: operator new(unsigned long) (in /usr/libexec/valgrind/vgpreload_memcheck-amd64-linux.so)
==268755==    by 0x48E4B91: ??? (in /usr/lib/x86_64-linux-gnu/libmysqlclient.so.21.2.42)
==268755==    by 0x48E4EDC: ??? (in /usr/lib/x86_64-linux-gnu/libmysqlclient.so.21.2.42)
==268755==    by 0x4906039: ??? (in /usr/lib/x86_64-linux-gnu/libmysqlclient.so.21.2.42)
==268755==    by 0x48E6082: ??? (in /usr/lib/x86_64-linux-gnu/libmysqlclient.so.21.2.42)
==268755==    by 0x522BEE7: __pthread_once_slow (pthread_once.c:116)
==268755==    by 0x4903155: ??? (in /usr/lib/x86_64-linux-gnu/libmysqlclient.so.21.2.42)
==268755==    by 0x489CBB8: ??? (in /usr/lib/x86_64-linux-gnu/libmysqlclient.so.21.2.42)
==268755==    by 0x489D1FA: ??? (in /usr/lib/x86_64-linux-gnu/libmysqlclient.so.21.2.42)
==268755==    by 0x48A3273: ??? (in /usr/lib/x86_64-linux-gnu/libmysqlclient.so.21.2.42)
==268755==    by 0x489EF82: mysql_real_connect (in /usr/lib/x86_64-linux-gnu/libmysqlclient.so.21.2.42)
==268755==    by 0x1EC2E1: cpp_dbc::MySQL::MySQLConnection::MySQLConnection(std::__cxx11::basic_string<char, std::char_traits<char>, std::allocator<char> > const&, int, std::__cxx11::basic_string<char, std::char_traits<char>, std::allocator<char> > const&, std::__cxx11::basic_string<char, std::char_traits<char>, std::allocator<char> > const&, std::__cxx11::basic_string<char, std::char_traits<char>, std::allocator<char> > const&) (driver_mysql.cpp:624)
==268755== 
==268755== 56 bytes in 1 blocks are still reachable in loss record 1,099 of 2,004
==268755==    at 0x4849013: operator new(unsigned long) (in /usr/libexec/valgrind/vgpreload_memcheck-amd64-linux.so)
==268755==    by 0x48E4B91: ??? (in /usr/lib/x86_64-linux-gnu/libmysqlclient.so.21.2.42)
==268755==    by 0x48E5098: ??? (in /usr/lib/x86_64-linux-gnu/libmysqlclient.so.21.2.42)
==268755==    by 0x4906051: ??? (in /usr/lib/x86_64-linux-gnu/libmysqlclient.so.21.2.42)
==268755==    by 0x48E6082: ??? (in /usr/lib/x86_64-linux-gnu/libmysqlclient.so.21.2.42)
==268755==    by 0x522BEE7: __pthread_once_slow (pthread_once.c:116)
==268755==    by 0x4903155: ??? (in /usr/lib/x86_64-linux-gnu/libmysqlclient.so.21.2.42)
==268755==    by 0x489CBB8: ??? (in /usr/lib/x86_64-linux-gnu/libmysqlclient.so.21.2.42)
==268755==    by 0x489D1FA: ??? (in /usr/lib/x86_64-linux-gnu/libmysqlclient.so.21.2.42)
==268755==    by 0x48A3273: ??? (in /usr/lib/x86_64-linux-gnu/libmysqlclient.so.21.2.42)
==268755==    by 0x489EF82: mysql_real_connect (in /usr/lib/x86_64-linux-gnu/libmysqlclient.so.21.2.42)
==268755==    by 0x1EC2E1: cpp_dbc::MySQL::MySQLConnection::MySQLConnection(std::__cxx11::basic_string<char, std::char_traits<char>, std::allocator<char> > const&, int, std::__cxx11::basic_string<char, std::char_traits<char>, std::allocator<char> > const&, std::__cxx11::basic_string<char, std::char_traits<char>, std::allocator<char> > const&, std::__cxx11::basic_string<char, std::char_traits<char>, std::allocator<char> > const&) (driver_mysql.cpp:624)
==268755== 
==268755== 56 bytes in 1 blocks are still reachable in loss record 1,100 of 2,004
==268755==    at 0x4849013: operator new(unsigned long) (in /usr/libexec/valgrind/vgpreload_memcheck-amd64-linux.so)
==268755==    by 0x48E4B91: ??? (in /usr/lib/x86_64-linux-gnu/libmysqlclient.so.21.2.42)
==268755==    by 0x48E4EDC: ??? (in /usr/lib/x86_64-linux-gnu/libmysqlclient.so.21.2.42)
==268755==    by 0x490607B: ??? (in /usr/lib/x86_64-linux-gnu/libmysqlclient.so.21.2.42)
==268755==    by 0x48E6082: ??? (in /usr/lib/x86_64-linux-gnu/libmysqlclient.so.21.2.42)
==268755==    by 0x522BEE7: __pthread_once_slow (pthread_once.c:116)
==268755==    by 0x4903155: ??? (in /usr/lib/x86_64-linux-gnu/libmysqlclient.so.21.2.42)
==268755==    by 0x489CBB8: ??? (in /usr/lib/x86_64-linux-gnu/libmysqlclient.so.21.2.42)
==268755==    by 0x489D1FA: ??? (in /usr/lib/x86_64-linux-gnu/libmysqlclient.so.21.2.42)
==268755==    by 0x48A3273: ??? (in /usr/lib/x86_64-linux-gnu/libmysqlclient.so.21.2.42)
==268755==    by 0x489EF82: mysql_real_connect (in /usr/lib/x86_64-linux-gnu/libmysqlclient.so.21.2.42)
==268755==    by 0x1EC2E1: cpp_dbc::MySQL::MySQLConnection::MySQLConnection(std::__cxx11::basic_string<char, std::char_traits<char>, std::allocator<char> > const&, int, std::__cxx11::basic_string<char, std::char_traits<char>, std::allocator<char> > const&, std::__cxx11::basic_string<char, std::char_traits<char>, std::allocator<char> > const&, std::__cxx11::basic_string<char, std::char_traits<char>, std::allocator<char> > const&) (driver_mysql.cpp:624)
==268755== 
==268755== 56 bytes in 1 blocks are still reachable in loss record 1,101 of 2,004
==268755==    at 0x4849013: operator new(unsigned long) (in /usr/libexec/valgrind/vgpreload_memcheck-amd64-linux.so)
==268755==    by 0x48E4B91: ??? (in /usr/lib/x86_64-linux-gnu/libmysqlclient.so.21.2.42)
==268755==    by 0x48E510D: ??? (in /usr/lib/x86_64-linux-gnu/libmysqlclient.so.21.2.42)
==268755==    by 0x4906093: ??? (in /usr/lib/x86_64-linux-gnu/libmysqlclient.so.21.2.42)
==268755==    by 0x48E6082: ??? (in /usr/lib/x86_64-linux-gnu/libmysqlclient.so.21.2.42)
==268755==    by 0x522BEE7: __pthread_once_slow (pthread_once.c:116)
==268755==    by 0x4903155: ??? (in /usr/lib/x86_64-linux-gnu/libmysqlclient.so.21.2.42)
==268755==    by 0x489CBB8: ??? (in /usr/lib/x86_64-linux-gnu/libmysqlclient.so.21.2.42)
==268755==    by 0x489D1FA: ??? (in /usr/lib/x86_64-linux-gnu/libmysqlclient.so.21.2.42)
==268755==    by 0x48A3273: ??? (in /usr/lib/x86_64-linux-gnu/libmysqlclient.so.21.2.42)
==268755==    by 0x489EF82: mysql_real_connect (in /usr/lib/x86_64-linux-gnu/libmysqlclient.so.21.2.42)
==268755==    by 0x1EC2E1: cpp_dbc::MySQL::MySQLConnection::MySQLConnection(std::__cxx11::basic_string<char, std::char_traits<char>, std::allocator<char> > const&, int, std::__cxx11::basic_string<char, std::char_traits<char>, std::allocator<char> > const&, std::__cxx11::basic_string<char, std::char_traits<char>, std::allocator<char> > const&, std::__cxx11::basic_string<char, std::char_traits<char>, std::allocator<char> > const&) (driver_mysql.cpp:624)
==268755== 
==268755== 56 bytes in 1 blocks are still reachable in loss record 1,102 of 2,004
==268755==    at 0x4849013: operator new(unsigned long) (in /usr/libexec/valgrind/vgpreload_memcheck-amd64-linux.so)
==268755==    by 0x48E4B91: ??? (in /usr/lib/x86_64-linux-gnu/libmysqlclient.so.21.2.42)
==268755==    by 0x48E4EDC: ??? (in /usr/lib/x86_64-linux-gnu/libmysqlclient.so.21.2.42)
==268755==    by 0x48E5188: ??? (in /usr/lib/x86_64-linux-gnu/libmysqlclient.so.21.2.42)
==268755==    by 0x49060A9: ??? (in /usr/lib/x86_64-linux-gnu/libmysqlclient.so.21.2.42)
==268755==    by 0x48E6082: ??? (in /usr/lib/x86_64-linux-gnu/libmysqlclient.so.21.2.42)
==268755==    by 0x522BEE7: __pthread_once_slow (pthread_once.c:116)
==268755==    by 0x4903155: ??? (in /usr/lib/x86_64-linux-gnu/libmysqlclient.so.21.2.42)
==268755==    by 0x489CBB8: ??? (in /usr/lib/x86_64-linux-gnu/libmysqlclient.so.21.2.42)
==268755==    by 0x489D1FA: ??? (in /usr/lib/x86_64-linux-gnu/libmysqlclient.so.21.2.42)
==268755==    by 0x48A3273: ??? (in /usr/lib/x86_64-linux-gnu/libmysqlclient.so.21.2.42)
==268755==    by 0x489EF82: mysql_real_connect (in /usr/lib/x86_64-linux-gnu/libmysqlclient.so.21.2.42)
==268755== 
==268755== 56 bytes in 1 blocks are still reachable in loss record 1,103 of 2,004
==268755==    at 0x4849013: operator new(unsigned long) (in /usr/libexec/valgrind/vgpreload_memcheck-amd64-linux.so)
==268755==    by 0x48E4B91: ??? (in /usr/lib/x86_64-linux-gnu/libmysqlclient.so.21.2.42)
==268755==    by 0x48E5098: ??? (in /usr/lib/x86_64-linux-gnu/libmysqlclient.so.21.2.42)
==268755==    by 0x48E5196: ??? (in /usr/lib/x86_64-linux-gnu/libmysqlclient.so.21.2.42)
==268755==    by 0x49060A9: ??? (in /usr/lib/x86_64-linux-gnu/libmysqlclient.so.21.2.42)
==268755==    by 0x48E6082: ??? (in /usr/lib/x86_64-linux-gnu/libmysqlclient.so.21.2.42)
==268755==    by 0x522BEE7: __pthread_once_slow (pthread_once.c:116)
==268755==    by 0x4903155: ??? (in /usr/lib/x86_64-linux-gnu/libmysqlclient.so.21.2.42)
==268755==    by 0x489CBB8: ??? (in /usr/lib/x86_64-linux-gnu/libmysqlclient.so.21.2.42)
==268755==    by 0x489D1FA: ??? (in /usr/lib/x86_64-linux-gnu/libmysqlclient.so.21.2.42)
==268755==    by 0x48A3273: ??? (in /usr/lib/x86_64-linux-gnu/libmysqlclient.so.21.2.42)
==268755==    by 0x489EF82: mysql_real_connect (in /usr/lib/x86_64-linux-gnu/libmysqlclient.so.21.2.42)
==268755== 
==268755== 56 bytes in 1 blocks are still reachable in loss record 1,104 of 2,004
==268755==    at 0x4849013: operator new(unsigned long) (in /usr/libexec/valgrind/vgpreload_memcheck-amd64-linux.so)
==268755==    by 0x48E4B91: ??? (in /usr/lib/x86_64-linux-gnu/libmysqlclient.so.21.2.42)
==268755==    by 0x48E4EDC: ??? (in /usr/lib/x86_64-linux-gnu/libmysqlclient.so.21.2.42)
==268755==    by 0x48E5188: ??? (in /usr/lib/x86_64-linux-gnu/libmysqlclient.so.21.2.42)
==268755==    by 0x49060B5: ??? (in /usr/lib/x86_64-linux-gnu/libmysqlclient.so.21.2.42)
==268755==    by 0x48E6082: ??? (in /usr/lib/x86_64-linux-gnu/libmysqlclient.so.21.2.42)
==268755==    by 0x522BEE7: __pthread_once_slow (pthread_once.c:116)
==268755==    by 0x4903155: ??? (in /usr/lib/x86_64-linux-gnu/libmysqlclient.so.21.2.42)
==268755==    by 0x489CBB8: ??? (in /usr/lib/x86_64-linux-gnu/libmysqlclient.so.21.2.42)
==268755==    by 0x489D1FA: ??? (in /usr/lib/x86_64-linux-gnu/libmysqlclient.so.21.2.42)
==268755==    by 0x48A3273: ??? (in /usr/lib/x86_64-linux-gnu/libmysqlclient.so.21.2.42)
==268755==    by 0x489EF82: mysql_real_connect (in /usr/lib/x86_64-linux-gnu/libmysqlclient.so.21.2.42)
==268755== 
==268755== 56 bytes in 1 blocks are still reachable in loss record 1,105 of 2,004
==268755==    at 0x4849013: operator new(unsigned long) (in /usr/libexec/valgrind/vgpreload_memcheck-amd64-linux.so)
==268755==    by 0x48E4B91: ??? (in /usr/lib/x86_64-linux-gnu/libmysqlclient.so.21.2.42)
==268755==    by 0x48E510D: ??? (in /usr/lib/x86_64-linux-gnu/libmysqlclient.so.21.2.42)
==268755==    by 0x48E5196: ??? (in /usr/lib/x86_64-linux-gnu/libmysqlclient.so.21.2.42)
==268755==    by 0x49060B5: ??? (in /usr/lib/x86_64-linux-gnu/libmysqlclient.so.21.2.42)
==268755==    by 0x48E6082: ??? (in /usr/lib/x86_64-linux-gnu/libmysqlclient.so.21.2.42)
==268755==    by 0x522BEE7: __pthread_once_slow (pthread_once.c:116)
==268755==    by 0x4903155: ??? (in /usr/lib/x86_64-linux-gnu/libmysqlclient.so.21.2.42)
==268755==    by 0x489CBB8: ??? (in /usr/lib/x86_64-linux-gnu/libmysqlclient.so.21.2.42)
==268755==    by 0x489D1FA: ??? (in /usr/lib/x86_64-linux-gnu/libmysqlclient.so.21.2.42)
==268755==    by 0x48A3273: ??? (in /usr/lib/x86_64-linux-gnu/libmysqlclient.so.21.2.42)
==268755==    by 0x489EF82: mysql_real_connect (in /usr/lib/x86_64-linux-gnu/libmysqlclient.so.21.2.42)
==268755== 
==268755== 56 bytes in 1 blocks are still reachable in loss record 1,106 of 2,004
==268755==    at 0x4849013: operator new(unsigned long) (in /usr/libexec/valgrind/vgpreload_memcheck-amd64-linux.so)
==268755==    by 0x48E4B91: ??? (in /usr/lib/x86_64-linux-gnu/libmysqlclient.so.21.2.42)
==268755==    by 0x48E4EDC: ??? (in /usr/lib/x86_64-linux-gnu/libmysqlclient.so.21.2.42)
==268755==    by 0x49060D5: ??? (in /usr/lib/x86_64-linux-gnu/libmysqlclient.so.21.2.42)
==268755==    by 0x48E6082: ??? (in /usr/lib/x86_64-linux-gnu/libmysqlclient.so.21.2.42)
==268755==    by 0x522BEE7: __pthread_once_slow (pthread_once.c:116)
==268755==    by 0x4903155: ??? (in /usr/lib/x86_64-linux-gnu/libmysqlclient.so.21.2.42)
==268755==    by 0x489CBB8: ??? (in /usr/lib/x86_64-linux-gnu/libmysqlclient.so.21.2.42)
==268755==    by 0x489D1FA: ??? (in /usr/lib/x86_64-linux-gnu/libmysqlclient.so.21.2.42)
==268755==    by 0x48A3273: ??? (in /usr/lib/x86_64-linux-gnu/libmysqlclient.so.21.2.42)
==268755==    by 0x489EF82: mysql_real_connect (in /usr/lib/x86_64-linux-gnu/libmysqlclient.so.21.2.42)
==268755==    by 0x1EC2E1: cpp_dbc::MySQL::MySQLConnection::MySQLConnection(std::__cxx11::basic_string<char, std::char_traits<char>, std::allocator<char> > const&, int, std::__cxx11::basic_string<char, std::char_traits<char>, std::allocator<char> > const&, std::__cxx11::basic_string<char, std::char_traits<char>, std::allocator<char> > const&, std::__cxx11::basic_string<char, std::char_traits<char>, std::allocator<char> > const&) (driver_mysql.cpp:624)
==268755== 
==268755== 56 bytes in 1 blocks are still reachable in loss record 1,107 of 2,004
==268755==    at 0x4849013: operator new(unsigned long) (in /usr/libexec/valgrind/vgpreload_memcheck-amd64-linux.so)
==268755==    by 0x48E4B91: ??? (in /usr/lib/x86_64-linux-gnu/libmysqlclient.so.21.2.42)
==268755==    by 0x48E4EDC: ??? (in /usr/lib/x86_64-linux-gnu/libmysqlclient.so.21.2.42)
==268755==    by 0x4906117: ??? (in /usr/lib/x86_64-linux-gnu/libmysqlclient.so.21.2.42)
==268755==    by 0x48E6082: ??? (in /usr/lib/x86_64-linux-gnu/libmysqlclient.so.21.2.42)
==268755==    by 0x522BEE7: __pthread_once_slow (pthread_once.c:116)
==268755==    by 0x4903155: ??? (in /usr/lib/x86_64-linux-gnu/libmysqlclient.so.21.2.42)
==268755==    by 0x489CBB8: ??? (in /usr/lib/x86_64-linux-gnu/libmysqlclient.so.21.2.42)
==268755==    by 0x489D1FA: ??? (in /usr/lib/x86_64-linux-gnu/libmysqlclient.so.21.2.42)
==268755==    by 0x48A3273: ??? (in /usr/lib/x86_64-linux-gnu/libmysqlclient.so.21.2.42)
==268755==    by 0x489EF82: mysql_real_connect (in /usr/lib/x86_64-linux-gnu/libmysqlclient.so.21.2.42)
==268755==    by 0x1EC2E1: cpp_dbc::MySQL::MySQLConnection::MySQLConnection(std::__cxx11::basic_string<char, std::char_traits<char>, std::allocator<char> > const&, int, std::__cxx11::basic_string<char, std::char_traits<char>, std::allocator<char> > const&, std::__cxx11::basic_string<char, std::char_traits<char>, std::allocator<char> > const&, std::__cxx11::basic_string<char, std::char_traits<char>, std::allocator<char> > const&) (driver_mysql.cpp:624)
==268755== 
==268755== 56 bytes in 1 blocks are still reachable in loss record 1,108 of 2,004
==268755==    at 0x4849013: operator new(unsigned long) (in /usr/libexec/valgrind/vgpreload_memcheck-amd64-linux.so)
==268755==    by 0x48E4B91: ??? (in /usr/lib/x86_64-linux-gnu/libmysqlclient.so.21.2.42)
==268755==    by 0x48E4EDC: ??? (in /usr/lib/x86_64-linux-gnu/libmysqlclient.so.21.2.42)
==268755==    by 0x4906159: ??? (in /usr/lib/x86_64-linux-gnu/libmysqlclient.so.21.2.42)
==268755==    by 0x48E6082: ??? (in /usr/lib/x86_64-linux-gnu/libmysqlclient.so.21.2.42)
==268755==    by 0x522BEE7: __pthread_once_slow (pthread_once.c:116)
==268755==    by 0x4903155: ??? (in /usr/lib/x86_64-linux-gnu/libmysqlclient.so.21.2.42)
==268755==    by 0x489CBB8: ??? (in /usr/lib/x86_64-linux-gnu/libmysqlclient.so.21.2.42)
==268755==    by 0x489D1FA: ??? (in /usr/lib/x86_64-linux-gnu/libmysqlclient.so.21.2.42)
==268755==    by 0x48A3273: ??? (in /usr/lib/x86_64-linux-gnu/libmysqlclient.so.21.2.42)
==268755==    by 0x489EF82: mysql_real_connect (in /usr/lib/x86_64-linux-gnu/libmysqlclient.so.21.2.42)
==268755==    by 0x1EC2E1: cpp_dbc::MySQL::MySQLConnection::MySQLConnection(std::__cxx11::basic_string<char, std::char_traits<char>, std::allocator<char> > const&, int, std::__cxx11::basic_string<char, std::char_traits<char>, std::allocator<char> > const&, std::__cxx11::basic_string<char, std::char_traits<char>, std::allocator<char> > const&, std::__cxx11::basic_string<char, std::char_traits<char>, std::allocator<char> > const&) (driver_mysql.cpp:624)
==268755== 
==268755== 56 bytes in 1 blocks are still reachable in loss record 1,109 of 2,004
==268755==    at 0x4849013: operator new(unsigned long) (in /usr/libexec/valgrind/vgpreload_memcheck-amd64-linux.so)
==268755==    by 0x48E4B91: ??? (in /usr/lib/x86_64-linux-gnu/libmysqlclient.so.21.2.42)
==268755==    by 0x48E4EDC: ??? (in /usr/lib/x86_64-linux-gnu/libmysqlclient.so.21.2.42)
==268755==    by 0x490619B: ??? (in /usr/lib/x86_64-linux-gnu/libmysqlclient.so.21.2.42)
==268755==    by 0x48E6082: ??? (in /usr/lib/x86_64-linux-gnu/libmysqlclient.so.21.2.42)
==268755==    by 0x522BEE7: __pthread_once_slow (pthread_once.c:116)
==268755==    by 0x4903155: ??? (in /usr/lib/x86_64-linux-gnu/libmysqlclient.so.21.2.42)
==268755==    by 0x489CBB8: ??? (in /usr/lib/x86_64-linux-gnu/libmysqlclient.so.21.2.42)
==268755==    by 0x489D1FA: ??? (in /usr/lib/x86_64-linux-gnu/libmysqlclient.so.21.2.42)
==268755==    by 0x48A3273: ??? (in /usr/lib/x86_64-linux-gnu/libmysqlclient.so.21.2.42)
==268755==    by 0x489EF82: mysql_real_connect (in /usr/lib/x86_64-linux-gnu/libmysqlclient.so.21.2.42)
==268755==    by 0x1EC2E1: cpp_dbc::MySQL::MySQLConnection::MySQLConnection(std::__cxx11::basic_string<char, std::char_traits<char>, std::allocator<char> > const&, int, std::__cxx11::basic_string<char, std::char_traits<char>, std::allocator<char> > const&, std::__cxx11::basic_string<char, std::char_traits<char>, std::allocator<char> > const&, std::__cxx11::basic_string<char, std::char_traits<char>, std::allocator<char> > const&) (driver_mysql.cpp:624)
==268755== 
==268755== 56 bytes in 1 blocks are still reachable in loss record 1,110 of 2,004
==268755==    at 0x4849013: operator new(unsigned long) (in /usr/libexec/valgrind/vgpreload_memcheck-amd64-linux.so)
==268755==    by 0x48E4B91: ??? (in /usr/lib/x86_64-linux-gnu/libmysqlclient.so.21.2.42)
==268755==    by 0x48E4EDC: ??? (in /usr/lib/x86_64-linux-gnu/libmysqlclient.so.21.2.42)
==268755==    by 0x49061DD: ??? (in /usr/lib/x86_64-linux-gnu/libmysqlclient.so.21.2.42)
==268755==    by 0x48E6082: ??? (in /usr/lib/x86_64-linux-gnu/libmysqlclient.so.21.2.42)
==268755==    by 0x522BEE7: __pthread_once_slow (pthread_once.c:116)
==268755==    by 0x4903155: ??? (in /usr/lib/x86_64-linux-gnu/libmysqlclient.so.21.2.42)
==268755==    by 0x489CBB8: ??? (in /usr/lib/x86_64-linux-gnu/libmysqlclient.so.21.2.42)
==268755==    by 0x489D1FA: ??? (in /usr/lib/x86_64-linux-gnu/libmysqlclient.so.21.2.42)
==268755==    by 0x48A3273: ??? (in /usr/lib/x86_64-linux-gnu/libmysqlclient.so.21.2.42)
==268755==    by 0x489EF82: mysql_real_connect (in /usr/lib/x86_64-linux-gnu/libmysqlclient.so.21.2.42)
==268755==    by 0x1EC2E1: cpp_dbc::MySQL::MySQLConnection::MySQLConnection(std::__cxx11::basic_string<char, std::char_traits<char>, std::allocator<char> > const&, int, std::__cxx11::basic_string<char, std::char_traits<char>, std::allocator<char> > const&, std::__cxx11::basic_string<char, std::char_traits<char>, std::allocator<char> > const&, std::__cxx11::basic_string<char, std::char_traits<char>, std::allocator<char> > const&) (driver_mysql.cpp:624)
==268755== 
==268755== 56 bytes in 1 blocks are still reachable in loss record 1,111 of 2,004
==268755==    at 0x4849013: operator new(unsigned long) (in /usr/libexec/valgrind/vgpreload_memcheck-amd64-linux.so)
==268755==    by 0x48E4B91: ??? (in /usr/lib/x86_64-linux-gnu/libmysqlclient.so.21.2.42)
==268755==    by 0x48E4EDC: ??? (in /usr/lib/x86_64-linux-gnu/libmysqlclient.so.21.2.42)
==268755==    by 0x48E5188: ??? (in /usr/lib/x86_64-linux-gnu/libmysqlclient.so.21.2.42)
==268755==    by 0x490620B: ??? (in /usr/lib/x86_64-linux-gnu/libmysqlclient.so.21.2.42)
==268755==    by 0x48E6082: ??? (in /usr/lib/x86_64-linux-gnu/libmysqlclient.so.21.2.42)
==268755==    by 0x522BEE7: __pthread_once_slow (pthread_once.c:116)
==268755==    by 0x4903155: ??? (in /usr/lib/x86_64-linux-gnu/libmysqlclient.so.21.2.42)
==268755==    by 0x489CBB8: ??? (in /usr/lib/x86_64-linux-gnu/libmysqlclient.so.21.2.42)
==268755==    by 0x489D1FA: ??? (in /usr/lib/x86_64-linux-gnu/libmysqlclient.so.21.2.42)
==268755==    by 0x48A3273: ??? (in /usr/lib/x86_64-linux-gnu/libmysqlclient.so.21.2.42)
==268755==    by 0x489EF82: mysql_real_connect (in /usr/lib/x86_64-linux-gnu/libmysqlclient.so.21.2.42)
==268755== 
==268755== 56 bytes in 1 blocks are still reachable in loss record 1,112 of 2,004
==268755==    at 0x4849013: operator new(unsigned long) (in /usr/libexec/valgrind/vgpreload_memcheck-amd64-linux.so)
==268755==    by 0x48E4B91: ??? (in /usr/lib/x86_64-linux-gnu/libmysqlclient.so.21.2.42)
==268755==    by 0x48E4EDC: ??? (in /usr/lib/x86_64-linux-gnu/libmysqlclient.so.21.2.42)
==268755==    by 0x490622B: ??? (in /usr/lib/x86_64-linux-gnu/libmysqlclient.so.21.2.42)
==268755==    by 0x48E6082: ??? (in /usr/lib/x86_64-linux-gnu/libmysqlclient.so.21.2.42)
==268755==    by 0x522BEE7: __pthread_once_slow (pthread_once.c:116)
==268755==    by 0x4903155: ??? (in /usr/lib/x86_64-linux-gnu/libmysqlclient.so.21.2.42)
==268755==    by 0x489CBB8: ??? (in /usr/lib/x86_64-linux-gnu/libmysqlclient.so.21.2.42)
==268755==    by 0x489D1FA: ??? (in /usr/lib/x86_64-linux-gnu/libmysqlclient.so.21.2.42)
==268755==    by 0x48A3273: ??? (in /usr/lib/x86_64-linux-gnu/libmysqlclient.so.21.2.42)
==268755==    by 0x489EF82: mysql_real_connect (in /usr/lib/x86_64-linux-gnu/libmysqlclient.so.21.2.42)
==268755==    by 0x1EC2E1: cpp_dbc::MySQL::MySQLConnection::MySQLConnection(std::__cxx11::basic_string<char, std::char_traits<char>, std::allocator<char> > const&, int, std::__cxx11::basic_string<char, std::char_traits<char>, std::allocator<char> > const&, std::__cxx11::basic_string<char, std::char_traits<char>, std::allocator<char> > const&, std::__cxx11::basic_string<char, std::char_traits<char>, std::allocator<char> > const&) (driver_mysql.cpp:624)
==268755== 
==268755== 56 bytes in 1 blocks are still reachable in loss record 1,113 of 2,004
==268755==    at 0x4849013: operator new(unsigned long) (in /usr/libexec/valgrind/vgpreload_memcheck-amd64-linux.so)
==268755==    by 0x48E4B91: ??? (in /usr/lib/x86_64-linux-gnu/libmysqlclient.so.21.2.42)
==268755==    by 0x48E4EDC: ??? (in /usr/lib/x86_64-linux-gnu/libmysqlclient.so.21.2.42)
==268755==    by 0x490626D: ??? (in /usr/lib/x86_64-linux-gnu/libmysqlclient.so.21.2.42)
==268755==    by 0x48E6082: ??? (in /usr/lib/x86_64-linux-gnu/libmysqlclient.so.21.2.42)
==268755==    by 0x522BEE7: __pthread_once_slow (pthread_once.c:116)
==268755==    by 0x4903155: ??? (in /usr/lib/x86_64-linux-gnu/libmysqlclient.so.21.2.42)
==268755==    by 0x489CBB8: ??? (in /usr/lib/x86_64-linux-gnu/libmysqlclient.so.21.2.42)
==268755==    by 0x489D1FA: ??? (in /usr/lib/x86_64-linux-gnu/libmysqlclient.so.21.2.42)
==268755==    by 0x48A3273: ??? (in /usr/lib/x86_64-linux-gnu/libmysqlclient.so.21.2.42)
==268755==    by 0x489EF82: mysql_real_connect (in /usr/lib/x86_64-linux-gnu/libmysqlclient.so.21.2.42)
==268755==    by 0x1EC2E1: cpp_dbc::MySQL::MySQLConnection::MySQLConnection(std::__cxx11::basic_string<char, std::char_traits<char>, std::allocator<char> > const&, int, std::__cxx11::basic_string<char, std::char_traits<char>, std::allocator<char> > const&, std::__cxx11::basic_string<char, std::char_traits<char>, std::allocator<char> > const&, std::__cxx11::basic_string<char, std::char_traits<char>, std::allocator<char> > const&) (driver_mysql.cpp:624)
==268755== 
==268755== 56 bytes in 1 blocks are still reachable in loss record 1,114 of 2,004
==268755==    at 0x4849013: operator new(unsigned long) (in /usr/libexec/valgrind/vgpreload_memcheck-amd64-linux.so)
==268755==    by 0x48E4B91: ??? (in /usr/lib/x86_64-linux-gnu/libmysqlclient.so.21.2.42)
==268755==    by 0x48E4EDC: ??? (in /usr/lib/x86_64-linux-gnu/libmysqlclient.so.21.2.42)
==268755==    by 0x49062AF: ??? (in /usr/lib/x86_64-linux-gnu/libmysqlclient.so.21.2.42)
==268755==    by 0x48E6082: ??? (in /usr/lib/x86_64-linux-gnu/libmysqlclient.so.21.2.42)
==268755==    by 0x522BEE7: __pthread_once_slow (pthread_once.c:116)
==268755==    by 0x4903155: ??? (in /usr/lib/x86_64-linux-gnu/libmysqlclient.so.21.2.42)
==268755==    by 0x489CBB8: ??? (in /usr/lib/x86_64-linux-gnu/libmysqlclient.so.21.2.42)
==268755==    by 0x489D1FA: ??? (in /usr/lib/x86_64-linux-gnu/libmysqlclient.so.21.2.42)
==268755==    by 0x48A3273: ??? (in /usr/lib/x86_64-linux-gnu/libmysqlclient.so.21.2.42)
==268755==    by 0x489EF82: mysql_real_connect (in /usr/lib/x86_64-linux-gnu/libmysqlclient.so.21.2.42)
==268755==    by 0x1EC2E1: cpp_dbc::MySQL::MySQLConnection::MySQLConnection(std::__cxx11::basic_string<char, std::char_traits<char>, std::allocator<char> > const&, int, std::__cxx11::basic_string<char, std::char_traits<char>, std::allocator<char> > const&, std::__cxx11::basic_string<char, std::char_traits<char>, std::allocator<char> > const&, std::__cxx11::basic_string<char, std::char_traits<char>, std::allocator<char> > const&) (driver_mysql.cpp:624)
==268755== 
==268755== 56 bytes in 1 blocks are still reachable in loss record 1,115 of 2,004
==268755==    at 0x4849013: operator new(unsigned long) (in /usr/libexec/valgrind/vgpreload_memcheck-amd64-linux.so)
==268755==    by 0x48E4B91: ??? (in /usr/lib/x86_64-linux-gnu/libmysqlclient.so.21.2.42)
==268755==    by 0x48E4EDC: ??? (in /usr/lib/x86_64-linux-gnu/libmysqlclient.so.21.2.42)
==268755==    by 0x49062F1: ??? (in /usr/lib/x86_64-linux-gnu/libmysqlclient.so.21.2.42)
==268755==    by 0x48E6082: ??? (in /usr/lib/x86_64-linux-gnu/libmysqlclient.so.21.2.42)
==268755==    by 0x522BEE7: __pthread_once_slow (pthread_once.c:116)
==268755==    by 0x4903155: ??? (in /usr/lib/x86_64-linux-gnu/libmysqlclient.so.21.2.42)
==268755==    by 0x489CBB8: ??? (in /usr/lib/x86_64-linux-gnu/libmysqlclient.so.21.2.42)
==268755==    by 0x489D1FA: ??? (in /usr/lib/x86_64-linux-gnu/libmysqlclient.so.21.2.42)
==268755==    by 0x48A3273: ??? (in /usr/lib/x86_64-linux-gnu/libmysqlclient.so.21.2.42)
==268755==    by 0x489EF82: mysql_real_connect (in /usr/lib/x86_64-linux-gnu/libmysqlclient.so.21.2.42)
==268755==    by 0x1EC2E1: cpp_dbc::MySQL::MySQLConnection::MySQLConnection(std::__cxx11::basic_string<char, std::char_traits<char>, std::allocator<char> > const&, int, std::__cxx11::basic_string<char, std::char_traits<char>, std::allocator<char> > const&, std::__cxx11::basic_string<char, std::char_traits<char>, std::allocator<char> > const&, std::__cxx11::basic_string<char, std::char_traits<char>, std::allocator<char> > const&) (driver_mysql.cpp:624)
==268755== 
==268755== 56 bytes in 1 blocks are still reachable in loss record 1,116 of 2,004
==268755==    at 0x4849013: operator new(unsigned long) (in /usr/libexec/valgrind/vgpreload_memcheck-amd64-linux.so)
==268755==    by 0x48E4B91: ??? (in /usr/lib/x86_64-linux-gnu/libmysqlclient.so.21.2.42)
==268755==    by 0x48E4EDC: ??? (in /usr/lib/x86_64-linux-gnu/libmysqlclient.so.21.2.42)
==268755==    by 0x4906333: ??? (in /usr/lib/x86_64-linux-gnu/libmysqlclient.so.21.2.42)
==268755==    by 0x48E6082: ??? (in /usr/lib/x86_64-linux-gnu/libmysqlclient.so.21.2.42)
==268755==    by 0x522BEE7: __pthread_once_slow (pthread_once.c:116)
==268755==    by 0x4903155: ??? (in /usr/lib/x86_64-linux-gnu/libmysqlclient.so.21.2.42)
==268755==    by 0x489CBB8: ??? (in /usr/lib/x86_64-linux-gnu/libmysqlclient.so.21.2.42)
==268755==    by 0x489D1FA: ??? (in /usr/lib/x86_64-linux-gnu/libmysqlclient.so.21.2.42)
==268755==    by 0x48A3273: ??? (in /usr/lib/x86_64-linux-gnu/libmysqlclient.so.21.2.42)
==268755==    by 0x489EF82: mysql_real_connect (in /usr/lib/x86_64-linux-gnu/libmysqlclient.so.21.2.42)
==268755==    by 0x1EC2E1: cpp_dbc::MySQL::MySQLConnection::MySQLConnection(std::__cxx11::basic_string<char, std::char_traits<char>, std::allocator<char> > const&, int, std::__cxx11::basic_string<char, std::char_traits<char>, std::allocator<char> > const&, std::__cxx11::basic_string<char, std::char_traits<char>, std::allocator<char> > const&, std::__cxx11::basic_string<char, std::char_traits<char>, std::allocator<char> > const&) (driver_mysql.cpp:624)
==268755== 
==268755== 56 bytes in 1 blocks are still reachable in loss record 1,117 of 2,004
==268755==    at 0x4849013: operator new(unsigned long) (in /usr/libexec/valgrind/vgpreload_memcheck-amd64-linux.so)
==268755==    by 0x48E4B91: ??? (in /usr/lib/x86_64-linux-gnu/libmysqlclient.so.21.2.42)
==268755==    by 0x48E4EDC: ??? (in /usr/lib/x86_64-linux-gnu/libmysqlclient.so.21.2.42)
==268755==    by 0x4906375: ??? (in /usr/lib/x86_64-linux-gnu/libmysqlclient.so.21.2.42)
==268755==    by 0x48E6082: ??? (in /usr/lib/x86_64-linux-gnu/libmysqlclient.so.21.2.42)
==268755==    by 0x522BEE7: __pthread_once_slow (pthread_once.c:116)
==268755==    by 0x4903155: ??? (in /usr/lib/x86_64-linux-gnu/libmysqlclient.so.21.2.42)
==268755==    by 0x489CBB8: ??? (in /usr/lib/x86_64-linux-gnu/libmysqlclient.so.21.2.42)
==268755==    by 0x489D1FA: ??? (in /usr/lib/x86_64-linux-gnu/libmysqlclient.so.21.2.42)
==268755==    by 0x48A3273: ??? (in /usr/lib/x86_64-linux-gnu/libmysqlclient.so.21.2.42)
==268755==    by 0x489EF82: mysql_real_connect (in /usr/lib/x86_64-linux-gnu/libmysqlclient.so.21.2.42)
==268755==    by 0x1EC2E1: cpp_dbc::MySQL::MySQLConnection::MySQLConnection(std::__cxx11::basic_string<char, std::char_traits<char>, std::allocator<char> > const&, int, std::__cxx11::basic_string<char, std::char_traits<char>, std::allocator<char> > const&, std::__cxx11::basic_string<char, std::char_traits<char>, std::allocator<char> > const&, std::__cxx11::basic_string<char, std::char_traits<char>, std::allocator<char> > const&) (driver_mysql.cpp:624)
==268755== 
==268755== 56 bytes in 1 blocks are still reachable in loss record 1,118 of 2,004
==268755==    at 0x4849013: operator new(unsigned long) (in /usr/libexec/valgrind/vgpreload_memcheck-amd64-linux.so)
==268755==    by 0x48E4B91: ??? (in /usr/lib/x86_64-linux-gnu/libmysqlclient.so.21.2.42)
==268755==    by 0x48E4EDC: ??? (in /usr/lib/x86_64-linux-gnu/libmysqlclient.so.21.2.42)
==268755==    by 0x49063B7: ??? (in /usr/lib/x86_64-linux-gnu/libmysqlclient.so.21.2.42)
==268755==    by 0x48E6082: ??? (in /usr/lib/x86_64-linux-gnu/libmysqlclient.so.21.2.42)
==268755==    by 0x522BEE7: __pthread_once_slow (pthread_once.c:116)
==268755==    by 0x4903155: ??? (in /usr/lib/x86_64-linux-gnu/libmysqlclient.so.21.2.42)
==268755==    by 0x489CBB8: ??? (in /usr/lib/x86_64-linux-gnu/libmysqlclient.so.21.2.42)
==268755==    by 0x489D1FA: ??? (in /usr/lib/x86_64-linux-gnu/libmysqlclient.so.21.2.42)
==268755==    by 0x48A3273: ??? (in /usr/lib/x86_64-linux-gnu/libmysqlclient.so.21.2.42)
==268755==    by 0x489EF82: mysql_real_connect (in /usr/lib/x86_64-linux-gnu/libmysqlclient.so.21.2.42)
==268755==    by 0x1EC2E1: cpp_dbc::MySQL::MySQLConnection::MySQLConnection(std::__cxx11::basic_string<char, std::char_traits<char>, std::allocator<char> > const&, int, std::__cxx11::basic_string<char, std::char_traits<char>, std::allocator<char> > const&, std::__cxx11::basic_string<char, std::char_traits<char>, std::allocator<char> > const&, std::__cxx11::basic_string<char, std::char_traits<char>, std::allocator<char> > const&) (driver_mysql.cpp:624)
==268755== 
==268755== 56 bytes in 1 blocks are still reachable in loss record 1,119 of 2,004
==268755==    at 0x4849013: operator new(unsigned long) (in /usr/libexec/valgrind/vgpreload_memcheck-amd64-linux.so)
==268755==    by 0x48E4B91: ??? (in /usr/lib/x86_64-linux-gnu/libmysqlclient.so.21.2.42)
==268755==    by 0x48E4EDC: ??? (in /usr/lib/x86_64-linux-gnu/libmysqlclient.so.21.2.42)
==268755==    by 0x48E5188: ??? (in /usr/lib/x86_64-linux-gnu/libmysqlclient.so.21.2.42)
==268755==    by 0x49063E5: ??? (in /usr/lib/x86_64-linux-gnu/libmysqlclient.so.21.2.42)
==268755==    by 0x48E6082: ??? (in /usr/lib/x86_64-linux-gnu/libmysqlclient.so.21.2.42)
==268755==    by 0x522BEE7: __pthread_once_slow (pthread_once.c:116)
==268755==    by 0x4903155: ??? (in /usr/lib/x86_64-linux-gnu/libmysqlclient.so.21.2.42)
==268755==    by 0x489CBB8: ??? (in /usr/lib/x86_64-linux-gnu/libmysqlclient.so.21.2.42)
==268755==    by 0x489D1FA: ??? (in /usr/lib/x86_64-linux-gnu/libmysqlclient.so.21.2.42)
==268755==    by 0x48A3273: ??? (in /usr/lib/x86_64-linux-gnu/libmysqlclient.so.21.2.42)
==268755==    by 0x489EF82: mysql_real_connect (in /usr/lib/x86_64-linux-gnu/libmysqlclient.so.21.2.42)
==268755== 
==268755== 56 bytes in 1 blocks are still reachable in loss record 1,120 of 2,004
==268755==    at 0x4849013: operator new(unsigned long) (in /usr/libexec/valgrind/vgpreload_memcheck-amd64-linux.so)
==268755==    by 0x48E4B91: ??? (in /usr/lib/x86_64-linux-gnu/libmysqlclient.so.21.2.42)
==268755==    by 0x48E4EDC: ??? (in /usr/lib/x86_64-linux-gnu/libmysqlclient.so.21.2.42)
==268755==    by 0x48E5188: ??? (in /usr/lib/x86_64-linux-gnu/libmysqlclient.so.21.2.42)
==268755==    by 0x49063F1: ??? (in /usr/lib/x86_64-linux-gnu/libmysqlclient.so.21.2.42)
==268755==    by 0x48E6082: ??? (in /usr/lib/x86_64-linux-gnu/libmysqlclient.so.21.2.42)
==268755==    by 0x522BEE7: __pthread_once_slow (pthread_once.c:116)
==268755==    by 0x4903155: ??? (in /usr/lib/x86_64-linux-gnu/libmysqlclient.so.21.2.42)
==268755==    by 0x489CBB8: ??? (in /usr/lib/x86_64-linux-gnu/libmysqlclient.so.21.2.42)
==268755==    by 0x489D1FA: ??? (in /usr/lib/x86_64-linux-gnu/libmysqlclient.so.21.2.42)
==268755==    by 0x48A3273: ??? (in /usr/lib/x86_64-linux-gnu/libmysqlclient.so.21.2.42)
==268755==    by 0x489EF82: mysql_real_connect (in /usr/lib/x86_64-linux-gnu/libmysqlclient.so.21.2.42)
==268755== 
==268755== 56 bytes in 1 blocks are still reachable in loss record 1,121 of 2,004
==268755==    at 0x4849013: operator new(unsigned long) (in /usr/libexec/valgrind/vgpreload_memcheck-amd64-linux.so)
==268755==    by 0x48E4B91: ??? (in /usr/lib/x86_64-linux-gnu/libmysqlclient.so.21.2.42)
==268755==    by 0x48E4EDC: ??? (in /usr/lib/x86_64-linux-gnu/libmysqlclient.so.21.2.42)
==268755==    by 0x4906411: ??? (in /usr/lib/x86_64-linux-gnu/libmysqlclient.so.21.2.42)
==268755==    by 0x48E6082: ??? (in /usr/lib/x86_64-linux-gnu/libmysqlclient.so.21.2.42)
==268755==    by 0x522BEE7: __pthread_once_slow (pthread_once.c:116)
==268755==    by 0x4903155: ??? (in /usr/lib/x86_64-linux-gnu/libmysqlclient.so.21.2.42)
==268755==    by 0x489CBB8: ??? (in /usr/lib/x86_64-linux-gnu/libmysqlclient.so.21.2.42)
==268755==    by 0x489D1FA: ??? (in /usr/lib/x86_64-linux-gnu/libmysqlclient.so.21.2.42)
==268755==    by 0x48A3273: ??? (in /usr/lib/x86_64-linux-gnu/libmysqlclient.so.21.2.42)
==268755==    by 0x489EF82: mysql_real_connect (in /usr/lib/x86_64-linux-gnu/libmysqlclient.so.21.2.42)
==268755==    by 0x1EC2E1: cpp_dbc::MySQL::MySQLConnection::MySQLConnection(std::__cxx11::basic_string<char, std::char_traits<char>, std::allocator<char> > const&, int, std::__cxx11::basic_string<char, std::char_traits<char>, std::allocator<char> > const&, std::__cxx11::basic_string<char, std::char_traits<char>, std::allocator<char> > const&, std::__cxx11::basic_string<char, std::char_traits<char>, std::allocator<char> > const&) (driver_mysql.cpp:624)
==268755== 
==268755== 56 bytes in 1 blocks are still reachable in loss record 1,122 of 2,004
==268755==    at 0x4849013: operator new(unsigned long) (in /usr/libexec/valgrind/vgpreload_memcheck-amd64-linux.so)
==268755==    by 0x48E4B91: ??? (in /usr/lib/x86_64-linux-gnu/libmysqlclient.so.21.2.42)
==268755==    by 0x48E4EDC: ??? (in /usr/lib/x86_64-linux-gnu/libmysqlclient.so.21.2.42)
==268755==    by 0x4906453: ??? (in /usr/lib/x86_64-linux-gnu/libmysqlclient.so.21.2.42)
==268755==    by 0x48E6082: ??? (in /usr/lib/x86_64-linux-gnu/libmysqlclient.so.21.2.42)
==268755==    by 0x522BEE7: __pthread_once_slow (pthread_once.c:116)
==268755==    by 0x4903155: ??? (in /usr/lib/x86_64-linux-gnu/libmysqlclient.so.21.2.42)
==268755==    by 0x489CBB8: ??? (in /usr/lib/x86_64-linux-gnu/libmysqlclient.so.21.2.42)
==268755==    by 0x489D1FA: ??? (in /usr/lib/x86_64-linux-gnu/libmysqlclient.so.21.2.42)
==268755==    by 0x48A3273: ??? (in /usr/lib/x86_64-linux-gnu/libmysqlclient.so.21.2.42)
==268755==    by 0x489EF82: mysql_real_connect (in /usr/lib/x86_64-linux-gnu/libmysqlclient.so.21.2.42)
==268755==    by 0x1EC2E1: cpp_dbc::MySQL::MySQLConnection::MySQLConnection(std::__cxx11::basic_string<char, std::char_traits<char>, std::allocator<char> > const&, int, std::__cxx11::basic_string<char, std::char_traits<char>, std::allocator<char> > const&, std::__cxx11::basic_string<char, std::char_traits<char>, std::allocator<char> > const&, std::__cxx11::basic_string<char, std::char_traits<char>, std::allocator<char> > const&) (driver_mysql.cpp:624)
==268755== 
==268755== 56 bytes in 1 blocks are still reachable in loss record 1,123 of 2,004
==268755==    at 0x4849013: operator new(unsigned long) (in /usr/libexec/valgrind/vgpreload_memcheck-amd64-linux.so)
==268755==    by 0x48E4B91: ??? (in /usr/lib/x86_64-linux-gnu/libmysqlclient.so.21.2.42)
==268755==    by 0x48E4EDC: ??? (in /usr/lib/x86_64-linux-gnu/libmysqlclient.so.21.2.42)
==268755==    by 0x4906495: ??? (in /usr/lib/x86_64-linux-gnu/libmysqlclient.so.21.2.42)
==268755==    by 0x48E6082: ??? (in /usr/lib/x86_64-linux-gnu/libmysqlclient.so.21.2.42)
==268755==    by 0x522BEE7: __pthread_once_slow (pthread_once.c:116)
==268755==    by 0x4903155: ??? (in /usr/lib/x86_64-linux-gnu/libmysqlclient.so.21.2.42)
==268755==    by 0x489CBB8: ??? (in /usr/lib/x86_64-linux-gnu/libmysqlclient.so.21.2.42)
==268755==    by 0x489D1FA: ??? (in /usr/lib/x86_64-linux-gnu/libmysqlclient.so.21.2.42)
==268755==    by 0x48A3273: ??? (in /usr/lib/x86_64-linux-gnu/libmysqlclient.so.21.2.42)
==268755==    by 0x489EF82: mysql_real_connect (in /usr/lib/x86_64-linux-gnu/libmysqlclient.so.21.2.42)
==268755==    by 0x1EC2E1: cpp_dbc::MySQL::MySQLConnection::MySQLConnection(std::__cxx11::basic_string<char, std::char_traits<char>, std::allocator<char> > const&, int, std::__cxx11::basic_string<char, std::char_traits<char>, std::allocator<char> > const&, std::__cxx11::basic_string<char, std::char_traits<char>, std::allocator<char> > const&, std::__cxx11::basic_string<char, std::char_traits<char>, std::allocator<char> > const&) (driver_mysql.cpp:624)
==268755== 
==268755== 56 bytes in 1 blocks are still reachable in loss record 1,124 of 2,004
==268755==    at 0x4849013: operator new(unsigned long) (in /usr/libexec/valgrind/vgpreload_memcheck-amd64-linux.so)
==268755==    by 0x48E4B91: ??? (in /usr/lib/x86_64-linux-gnu/libmysqlclient.so.21.2.42)
==268755==    by 0x48E4EDC: ??? (in /usr/lib/x86_64-linux-gnu/libmysqlclient.so.21.2.42)
==268755==    by 0x49064D7: ??? (in /usr/lib/x86_64-linux-gnu/libmysqlclient.so.21.2.42)
==268755==    by 0x48E6082: ??? (in /usr/lib/x86_64-linux-gnu/libmysqlclient.so.21.2.42)
==268755==    by 0x522BEE7: __pthread_once_slow (pthread_once.c:116)
==268755==    by 0x4903155: ??? (in /usr/lib/x86_64-linux-gnu/libmysqlclient.so.21.2.42)
==268755==    by 0x489CBB8: ??? (in /usr/lib/x86_64-linux-gnu/libmysqlclient.so.21.2.42)
==268755==    by 0x489D1FA: ??? (in /usr/lib/x86_64-linux-gnu/libmysqlclient.so.21.2.42)
==268755==    by 0x48A3273: ??? (in /usr/lib/x86_64-linux-gnu/libmysqlclient.so.21.2.42)
==268755==    by 0x489EF82: mysql_real_connect (in /usr/lib/x86_64-linux-gnu/libmysqlclient.so.21.2.42)
==268755==    by 0x1EC2E1: cpp_dbc::MySQL::MySQLConnection::MySQLConnection(std::__cxx11::basic_string<char, std::char_traits<char>, std::allocator<char> > const&, int, std::__cxx11::basic_string<char, std::char_traits<char>, std::allocator<char> > const&, std::__cxx11::basic_string<char, std::char_traits<char>, std::allocator<char> > const&, std::__cxx11::basic_string<char, std::char_traits<char>, std::allocator<char> > const&) (driver_mysql.cpp:624)
==268755== 
==268755== 56 bytes in 1 blocks are still reachable in loss record 1,125 of 2,004
==268755==    at 0x4849013: operator new(unsigned long) (in /usr/libexec/valgrind/vgpreload_memcheck-amd64-linux.so)
==268755==    by 0x48E4B91: ??? (in /usr/lib/x86_64-linux-gnu/libmysqlclient.so.21.2.42)
==268755==    by 0x48E4EDC: ??? (in /usr/lib/x86_64-linux-gnu/libmysqlclient.so.21.2.42)
==268755==    by 0x4906519: ??? (in /usr/lib/x86_64-linux-gnu/libmysqlclient.so.21.2.42)
==268755==    by 0x48E6082: ??? (in /usr/lib/x86_64-linux-gnu/libmysqlclient.so.21.2.42)
==268755==    by 0x522BEE7: __pthread_once_slow (pthread_once.c:116)
==268755==    by 0x4903155: ??? (in /usr/lib/x86_64-linux-gnu/libmysqlclient.so.21.2.42)
==268755==    by 0x489CBB8: ??? (in /usr/lib/x86_64-linux-gnu/libmysqlclient.so.21.2.42)
==268755==    by 0x489D1FA: ??? (in /usr/lib/x86_64-linux-gnu/libmysqlclient.so.21.2.42)
==268755==    by 0x48A3273: ??? (in /usr/lib/x86_64-linux-gnu/libmysqlclient.so.21.2.42)
==268755==    by 0x489EF82: mysql_real_connect (in /usr/lib/x86_64-linux-gnu/libmysqlclient.so.21.2.42)
==268755==    by 0x1EC2E1: cpp_dbc::MySQL::MySQLConnection::MySQLConnection(std::__cxx11::basic_string<char, std::char_traits<char>, std::allocator<char> > const&, int, std::__cxx11::basic_string<char, std::char_traits<char>, std::allocator<char> > const&, std::__cxx11::basic_string<char, std::char_traits<char>, std::allocator<char> > const&, std::__cxx11::basic_string<char, std::char_traits<char>, std::allocator<char> > const&) (driver_mysql.cpp:624)
==268755== 
==268755== 56 bytes in 1 blocks are still reachable in loss record 1,126 of 2,004
==268755==    at 0x4849013: operator new(unsigned long) (in /usr/libexec/valgrind/vgpreload_memcheck-amd64-linux.so)
==268755==    by 0x48E4B91: ??? (in /usr/lib/x86_64-linux-gnu/libmysqlclient.so.21.2.42)
==268755==    by 0x48E4EDC: ??? (in /usr/lib/x86_64-linux-gnu/libmysqlclient.so.21.2.42)
==268755==    by 0x48E5188: ??? (in /usr/lib/x86_64-linux-gnu/libmysqlclient.so.21.2.42)
==268755==    by 0x4906547: ??? (in /usr/lib/x86_64-linux-gnu/libmysqlclient.so.21.2.42)
==268755==    by 0x48E6082: ??? (in /usr/lib/x86_64-linux-gnu/libmysqlclient.so.21.2.42)
==268755==    by 0x522BEE7: __pthread_once_slow (pthread_once.c:116)
==268755==    by 0x4903155: ??? (in /usr/lib/x86_64-linux-gnu/libmysqlclient.so.21.2.42)
==268755==    by 0x489CBB8: ??? (in /usr/lib/x86_64-linux-gnu/libmysqlclient.so.21.2.42)
==268755==    by 0x489D1FA: ??? (in /usr/lib/x86_64-linux-gnu/libmysqlclient.so.21.2.42)
==268755==    by 0x48A3273: ??? (in /usr/lib/x86_64-linux-gnu/libmysqlclient.so.21.2.42)
==268755==    by 0x489EF82: mysql_real_connect (in /usr/lib/x86_64-linux-gnu/libmysqlclient.so.21.2.42)
==268755== 
==268755== 56 bytes in 1 blocks are still reachable in loss record 1,127 of 2,004
==268755==    at 0x4849013: operator new(unsigned long) (in /usr/libexec/valgrind/vgpreload_memcheck-amd64-linux.so)
==268755==    by 0x48E4B91: ??? (in /usr/lib/x86_64-linux-gnu/libmysqlclient.so.21.2.42)
==268755==    by 0x48E4EDC: ??? (in /usr/lib/x86_64-linux-gnu/libmysqlclient.so.21.2.42)
==268755==    by 0x4906567: ??? (in /usr/lib/x86_64-linux-gnu/libmysqlclient.so.21.2.42)
==268755==    by 0x48E6082: ??? (in /usr/lib/x86_64-linux-gnu/libmysqlclient.so.21.2.42)
==268755==    by 0x522BEE7: __pthread_once_slow (pthread_once.c:116)
==268755==    by 0x4903155: ??? (in /usr/lib/x86_64-linux-gnu/libmysqlclient.so.21.2.42)
==268755==    by 0x489CBB8: ??? (in /usr/lib/x86_64-linux-gnu/libmysqlclient.so.21.2.42)
==268755==    by 0x489D1FA: ??? (in /usr/lib/x86_64-linux-gnu/libmysqlclient.so.21.2.42)
==268755==    by 0x48A3273: ??? (in /usr/lib/x86_64-linux-gnu/libmysqlclient.so.21.2.42)
==268755==    by 0x489EF82: mysql_real_connect (in /usr/lib/x86_64-linux-gnu/libmysqlclient.so.21.2.42)
==268755==    by 0x1EC2E1: cpp_dbc::MySQL::MySQLConnection::MySQLConnection(std::__cxx11::basic_string<char, std::char_traits<char>, std::allocator<char> > const&, int, std::__cxx11::basic_string<char, std::char_traits<char>, std::allocator<char> > const&, std::__cxx11::basic_string<char, std::char_traits<char>, std::allocator<char> > const&, std::__cxx11::basic_string<char, std::char_traits<char>, std::allocator<char> > const&) (driver_mysql.cpp:624)
==268755== 
==268755== 56 bytes in 1 blocks are still reachable in loss record 1,128 of 2,004
==268755==    at 0x4849013: operator new(unsigned long) (in /usr/libexec/valgrind/vgpreload_memcheck-amd64-linux.so)
==268755==    by 0x48E4B91: ??? (in /usr/lib/x86_64-linux-gnu/libmysqlclient.so.21.2.42)
==268755==    by 0x48E4EDC: ??? (in /usr/lib/x86_64-linux-gnu/libmysqlclient.so.21.2.42)
==268755==    by 0x49065A9: ??? (in /usr/lib/x86_64-linux-gnu/libmysqlclient.so.21.2.42)
==268755==    by 0x48E6082: ??? (in /usr/lib/x86_64-linux-gnu/libmysqlclient.so.21.2.42)
==268755==    by 0x522BEE7: __pthread_once_slow (pthread_once.c:116)
==268755==    by 0x4903155: ??? (in /usr/lib/x86_64-linux-gnu/libmysqlclient.so.21.2.42)
==268755==    by 0x489CBB8: ??? (in /usr/lib/x86_64-linux-gnu/libmysqlclient.so.21.2.42)
==268755==    by 0x489D1FA: ??? (in /usr/lib/x86_64-linux-gnu/libmysqlclient.so.21.2.42)
==268755==    by 0x48A3273: ??? (in /usr/lib/x86_64-linux-gnu/libmysqlclient.so.21.2.42)
==268755==    by 0x489EF82: mysql_real_connect (in /usr/lib/x86_64-linux-gnu/libmysqlclient.so.21.2.42)
==268755==    by 0x1EC2E1: cpp_dbc::MySQL::MySQLConnection::MySQLConnection(std::__cxx11::basic_string<char, std::char_traits<char>, std::allocator<char> > const&, int, std::__cxx11::basic_string<char, std::char_traits<char>, std::allocator<char> > const&, std::__cxx11::basic_string<char, std::char_traits<char>, std::allocator<char> > const&, std::__cxx11::basic_string<char, std::char_traits<char>, std::allocator<char> > const&) (driver_mysql.cpp:624)
==268755== 
==268755== 56 bytes in 1 blocks are still reachable in loss record 1,129 of 2,004
==268755==    at 0x4849013: operator new(unsigned long) (in /usr/libexec/valgrind/vgpreload_memcheck-amd64-linux.so)
==268755==    by 0x48E4B91: ??? (in /usr/lib/x86_64-linux-gnu/libmysqlclient.so.21.2.42)
==268755==    by 0x48E4EDC: ??? (in /usr/lib/x86_64-linux-gnu/libmysqlclient.so.21.2.42)
==268755==    by 0x49065EB: ??? (in /usr/lib/x86_64-linux-gnu/libmysqlclient.so.21.2.42)
==268755==    by 0x48E6082: ??? (in /usr/lib/x86_64-linux-gnu/libmysqlclient.so.21.2.42)
==268755==    by 0x522BEE7: __pthread_once_slow (pthread_once.c:116)
==268755==    by 0x4903155: ??? (in /usr/lib/x86_64-linux-gnu/libmysqlclient.so.21.2.42)
==268755==    by 0x489CBB8: ??? (in /usr/lib/x86_64-linux-gnu/libmysqlclient.so.21.2.42)
==268755==    by 0x489D1FA: ??? (in /usr/lib/x86_64-linux-gnu/libmysqlclient.so.21.2.42)
==268755==    by 0x48A3273: ??? (in /usr/lib/x86_64-linux-gnu/libmysqlclient.so.21.2.42)
==268755==    by 0x489EF82: mysql_real_connect (in /usr/lib/x86_64-linux-gnu/libmysqlclient.so.21.2.42)
==268755==    by 0x1EC2E1: cpp_dbc::MySQL::MySQLConnection::MySQLConnection(std::__cxx11::basic_string<char, std::char_traits<char>, std::allocator<char> > const&, int, std::__cxx11::basic_string<char, std::char_traits<char>, std::allocator<char> > const&, std::__cxx11::basic_string<char, std::char_traits<char>, std::allocator<char> > const&, std::__cxx11::basic_string<char, std::char_traits<char>, std::allocator<char> > const&) (driver_mysql.cpp:624)
==268755== 
==268755== 56 bytes in 1 blocks are still reachable in loss record 1,130 of 2,004
==268755==    at 0x4849013: operator new(unsigned long) (in /usr/libexec/valgrind/vgpreload_memcheck-amd64-linux.so)
==268755==    by 0x48E4B91: ??? (in /usr/lib/x86_64-linux-gnu/libmysqlclient.so.21.2.42)
==268755==    by 0x48E4EDC: ??? (in /usr/lib/x86_64-linux-gnu/libmysqlclient.so.21.2.42)
==268755==    by 0x490662D: ??? (in /usr/lib/x86_64-linux-gnu/libmysqlclient.so.21.2.42)
==268755==    by 0x48E6082: ??? (in /usr/lib/x86_64-linux-gnu/libmysqlclient.so.21.2.42)
==268755==    by 0x522BEE7: __pthread_once_slow (pthread_once.c:116)
==268755==    by 0x4903155: ??? (in /usr/lib/x86_64-linux-gnu/libmysqlclient.so.21.2.42)
==268755==    by 0x489CBB8: ??? (in /usr/lib/x86_64-linux-gnu/libmysqlclient.so.21.2.42)
==268755==    by 0x489D1FA: ??? (in /usr/lib/x86_64-linux-gnu/libmysqlclient.so.21.2.42)
==268755==    by 0x48A3273: ??? (in /usr/lib/x86_64-linux-gnu/libmysqlclient.so.21.2.42)
==268755==    by 0x489EF82: mysql_real_connect (in /usr/lib/x86_64-linux-gnu/libmysqlclient.so.21.2.42)
==268755==    by 0x1EC2E1: cpp_dbc::MySQL::MySQLConnection::MySQLConnection(std::__cxx11::basic_string<char, std::char_traits<char>, std::allocator<char> > const&, int, std::__cxx11::basic_string<char, std::char_traits<char>, std::allocator<char> > const&, std::__cxx11::basic_string<char, std::char_traits<char>, std::allocator<char> > const&, std::__cxx11::basic_string<char, std::char_traits<char>, std::allocator<char> > const&) (driver_mysql.cpp:624)
==268755== 
==268755== 56 bytes in 1 blocks are still reachable in loss record 1,131 of 2,004
==268755==    at 0x4849013: operator new(unsigned long) (in /usr/libexec/valgrind/vgpreload_memcheck-amd64-linux.so)
==268755==    by 0x48E4B91: ??? (in /usr/lib/x86_64-linux-gnu/libmysqlclient.so.21.2.42)
==268755==    by 0x48E4EDC: ??? (in /usr/lib/x86_64-linux-gnu/libmysqlclient.so.21.2.42)
==268755==    by 0x48E5188: ??? (in /usr/lib/x86_64-linux-gnu/libmysqlclient.so.21.2.42)
==268755==    by 0x490665B: ??? (in /usr/lib/x86_64-linux-gnu/libmysqlclient.so.21.2.42)
==268755==    by 0x48E6082: ??? (in /usr/lib/x86_64-linux-gnu/libmysqlclient.so.21.2.42)
==268755==    by 0x522BEE7: __pthread_once_slow (pthread_once.c:116)
==268755==    by 0x4903155: ??? (in /usr/lib/x86_64-linux-gnu/libmysqlclient.so.21.2.42)
==268755==    by 0x489CBB8: ??? (in /usr/lib/x86_64-linux-gnu/libmysqlclient.so.21.2.42)
==268755==    by 0x489D1FA: ??? (in /usr/lib/x86_64-linux-gnu/libmysqlclient.so.21.2.42)
==268755==    by 0x48A3273: ??? (in /usr/lib/x86_64-linux-gnu/libmysqlclient.so.21.2.42)
==268755==    by 0x489EF82: mysql_real_connect (in /usr/lib/x86_64-linux-gnu/libmysqlclient.so.21.2.42)
==268755== 
==268755== 56 bytes in 1 blocks are still reachable in loss record 1,132 of 2,004
==268755==    at 0x4849013: operator new(unsigned long) (in /usr/libexec/valgrind/vgpreload_memcheck-amd64-linux.so)
==268755==    by 0x48E4B91: ??? (in /usr/lib/x86_64-linux-gnu/libmysqlclient.so.21.2.42)
==268755==    by 0x48E5098: ??? (in /usr/lib/x86_64-linux-gnu/libmysqlclient.so.21.2.42)
==268755==    by 0x48E5196: ??? (in /usr/lib/x86_64-linux-gnu/libmysqlclient.so.21.2.42)
==268755==    by 0x490665B: ??? (in /usr/lib/x86_64-linux-gnu/libmysqlclient.so.21.2.42)
==268755==    by 0x48E6082: ??? (in /usr/lib/x86_64-linux-gnu/libmysqlclient.so.21.2.42)
==268755==    by 0x522BEE7: __pthread_once_slow (pthread_once.c:116)
==268755==    by 0x4903155: ??? (in /usr/lib/x86_64-linux-gnu/libmysqlclient.so.21.2.42)
==268755==    by 0x489CBB8: ??? (in /usr/lib/x86_64-linux-gnu/libmysqlclient.so.21.2.42)
==268755==    by 0x489D1FA: ??? (in /usr/lib/x86_64-linux-gnu/libmysqlclient.so.21.2.42)
==268755==    by 0x48A3273: ??? (in /usr/lib/x86_64-linux-gnu/libmysqlclient.so.21.2.42)
==268755==    by 0x489EF82: mysql_real_connect (in /usr/lib/x86_64-linux-gnu/libmysqlclient.so.21.2.42)
==268755== 
==268755== 56 bytes in 1 blocks are still reachable in loss record 1,133 of 2,004
==268755==    at 0x4849013: operator new(unsigned long) (in /usr/libexec/valgrind/vgpreload_memcheck-amd64-linux.so)
==268755==    by 0x48E4B91: ??? (in /usr/lib/x86_64-linux-gnu/libmysqlclient.so.21.2.42)
==268755==    by 0x48E4EDC: ??? (in /usr/lib/x86_64-linux-gnu/libmysqlclient.so.21.2.42)
==268755==    by 0x490667B: ??? (in /usr/lib/x86_64-linux-gnu/libmysqlclient.so.21.2.42)
==268755==    by 0x48E6082: ??? (in /usr/lib/x86_64-linux-gnu/libmysqlclient.so.21.2.42)
==268755==    by 0x522BEE7: __pthread_once_slow (pthread_once.c:116)
==268755==    by 0x4903155: ??? (in /usr/lib/x86_64-linux-gnu/libmysqlclient.so.21.2.42)
==268755==    by 0x489CBB8: ??? (in /usr/lib/x86_64-linux-gnu/libmysqlclient.so.21.2.42)
==268755==    by 0x489D1FA: ??? (in /usr/lib/x86_64-linux-gnu/libmysqlclient.so.21.2.42)
==268755==    by 0x48A3273: ??? (in /usr/lib/x86_64-linux-gnu/libmysqlclient.so.21.2.42)
==268755==    by 0x489EF82: mysql_real_connect (in /usr/lib/x86_64-linux-gnu/libmysqlclient.so.21.2.42)
==268755==    by 0x1EC2E1: cpp_dbc::MySQL::MySQLConnection::MySQLConnection(std::__cxx11::basic_string<char, std::char_traits<char>, std::allocator<char> > const&, int, std::__cxx11::basic_string<char, std::char_traits<char>, std::allocator<char> > const&, std::__cxx11::basic_string<char, std::char_traits<char>, std::allocator<char> > const&, std::__cxx11::basic_string<char, std::char_traits<char>, std::allocator<char> > const&) (driver_mysql.cpp:624)
==268755== 
==268755== 56 bytes in 1 blocks are still reachable in loss record 1,134 of 2,004
==268755==    at 0x4849013: operator new(unsigned long) (in /usr/libexec/valgrind/vgpreload_memcheck-amd64-linux.so)
==268755==    by 0x48E4B91: ??? (in /usr/lib/x86_64-linux-gnu/libmysqlclient.so.21.2.42)
==268755==    by 0x48E510D: ??? (in /usr/lib/x86_64-linux-gnu/libmysqlclient.so.21.2.42)
==268755==    by 0x4906693: ??? (in /usr/lib/x86_64-linux-gnu/libmysqlclient.so.21.2.42)
==268755==    by 0x48E6082: ??? (in /usr/lib/x86_64-linux-gnu/libmysqlclient.so.21.2.42)
==268755==    by 0x522BEE7: __pthread_once_slow (pthread_once.c:116)
==268755==    by 0x4903155: ??? (in /usr/lib/x86_64-linux-gnu/libmysqlclient.so.21.2.42)
==268755==    by 0x489CBB8: ??? (in /usr/lib/x86_64-linux-gnu/libmysqlclient.so.21.2.42)
==268755==    by 0x489D1FA: ??? (in /usr/lib/x86_64-linux-gnu/libmysqlclient.so.21.2.42)
==268755==    by 0x48A3273: ??? (in /usr/lib/x86_64-linux-gnu/libmysqlclient.so.21.2.42)
==268755==    by 0x489EF82: mysql_real_connect (in /usr/lib/x86_64-linux-gnu/libmysqlclient.so.21.2.42)
==268755==    by 0x1EC2E1: cpp_dbc::MySQL::MySQLConnection::MySQLConnection(std::__cxx11::basic_string<char, std::char_traits<char>, std::allocator<char> > const&, int, std::__cxx11::basic_string<char, std::char_traits<char>, std::allocator<char> > const&, std::__cxx11::basic_string<char, std::char_traits<char>, std::allocator<char> > const&, std::__cxx11::basic_string<char, std::char_traits<char>, std::allocator<char> > const&) (driver_mysql.cpp:624)
==268755== 
==268755== 56 bytes in 1 blocks are still reachable in loss record 1,135 of 2,004
==268755==    at 0x4849013: operator new(unsigned long) (in /usr/libexec/valgrind/vgpreload_memcheck-amd64-linux.so)
==268755==    by 0x48E4B91: ??? (in /usr/lib/x86_64-linux-gnu/libmysqlclient.so.21.2.42)
==268755==    by 0x48E4EDC: ??? (in /usr/lib/x86_64-linux-gnu/libmysqlclient.so.21.2.42)
==268755==    by 0x48E5188: ??? (in /usr/lib/x86_64-linux-gnu/libmysqlclient.so.21.2.42)
==268755==    by 0x49066A9: ??? (in /usr/lib/x86_64-linux-gnu/libmysqlclient.so.21.2.42)
==268755==    by 0x48E6082: ??? (in /usr/lib/x86_64-linux-gnu/libmysqlclient.so.21.2.42)
==268755==    by 0x522BEE7: __pthread_once_slow (pthread_once.c:116)
==268755==    by 0x4903155: ??? (in /usr/lib/x86_64-linux-gnu/libmysqlclient.so.21.2.42)
==268755==    by 0x489CBB8: ??? (in /usr/lib/x86_64-linux-gnu/libmysqlclient.so.21.2.42)
==268755==    by 0x489D1FA: ??? (in /usr/lib/x86_64-linux-gnu/libmysqlclient.so.21.2.42)
==268755==    by 0x48A3273: ??? (in /usr/lib/x86_64-linux-gnu/libmysqlclient.so.21.2.42)
==268755==    by 0x489EF82: mysql_real_connect (in /usr/lib/x86_64-linux-gnu/libmysqlclient.so.21.2.42)
==268755== 
==268755== 56 bytes in 1 blocks are still reachable in loss record 1,136 of 2,004
==268755==    at 0x4849013: operator new(unsigned long) (in /usr/libexec/valgrind/vgpreload_memcheck-amd64-linux.so)
==268755==    by 0x48E4B91: ??? (in /usr/lib/x86_64-linux-gnu/libmysqlclient.so.21.2.42)
==268755==    by 0x48E5098: ??? (in /usr/lib/x86_64-linux-gnu/libmysqlclient.so.21.2.42)
==268755==    by 0x48E5196: ??? (in /usr/lib/x86_64-linux-gnu/libmysqlclient.so.21.2.42)
==268755==    by 0x49066A9: ??? (in /usr/lib/x86_64-linux-gnu/libmysqlclient.so.21.2.42)
==268755==    by 0x48E6082: ??? (in /usr/lib/x86_64-linux-gnu/libmysqlclient.so.21.2.42)
==268755==    by 0x522BEE7: __pthread_once_slow (pthread_once.c:116)
==268755==    by 0x4903155: ??? (in /usr/lib/x86_64-linux-gnu/libmysqlclient.so.21.2.42)
==268755==    by 0x489CBB8: ??? (in /usr/lib/x86_64-linux-gnu/libmysqlclient.so.21.2.42)
==268755==    by 0x489D1FA: ??? (in /usr/lib/x86_64-linux-gnu/libmysqlclient.so.21.2.42)
==268755==    by 0x48A3273: ??? (in /usr/lib/x86_64-linux-gnu/libmysqlclient.so.21.2.42)
==268755==    by 0x489EF82: mysql_real_connect (in /usr/lib/x86_64-linux-gnu/libmysqlclient.so.21.2.42)
==268755== 
==268755== 56 bytes in 1 blocks are still reachable in loss record 1,137 of 2,004
==268755==    at 0x4849013: operator new(unsigned long) (in /usr/libexec/valgrind/vgpreload_memcheck-amd64-linux.so)
==268755==    by 0x48E4B91: ??? (in /usr/lib/x86_64-linux-gnu/libmysqlclient.so.21.2.42)
==268755==    by 0x48E4EDC: ??? (in /usr/lib/x86_64-linux-gnu/libmysqlclient.so.21.2.42)
==268755==    by 0x49066C9: ??? (in /usr/lib/x86_64-linux-gnu/libmysqlclient.so.21.2.42)
==268755==    by 0x48E6082: ??? (in /usr/lib/x86_64-linux-gnu/libmysqlclient.so.21.2.42)
==268755==    by 0x522BEE7: __pthread_once_slow (pthread_once.c:116)
==268755==    by 0x4903155: ??? (in /usr/lib/x86_64-linux-gnu/libmysqlclient.so.21.2.42)
==268755==    by 0x489CBB8: ??? (in /usr/lib/x86_64-linux-gnu/libmysqlclient.so.21.2.42)
==268755==    by 0x489D1FA: ??? (in /usr/lib/x86_64-linux-gnu/libmysqlclient.so.21.2.42)
==268755==    by 0x48A3273: ??? (in /usr/lib/x86_64-linux-gnu/libmysqlclient.so.21.2.42)
==268755==    by 0x489EF82: mysql_real_connect (in /usr/lib/x86_64-linux-gnu/libmysqlclient.so.21.2.42)
==268755==    by 0x1EC2E1: cpp_dbc::MySQL::MySQLConnection::MySQLConnection(std::__cxx11::basic_string<char, std::char_traits<char>, std::allocator<char> > const&, int, std::__cxx11::basic_string<char, std::char_traits<char>, std::allocator<char> > const&, std::__cxx11::basic_string<char, std::char_traits<char>, std::allocator<char> > const&, std::__cxx11::basic_string<char, std::char_traits<char>, std::allocator<char> > const&) (driver_mysql.cpp:624)
==268755== 
==268755== 56 bytes in 1 blocks are still reachable in loss record 1,138 of 2,004
==268755==    at 0x4849013: operator new(unsigned long) (in /usr/libexec/valgrind/vgpreload_memcheck-amd64-linux.so)
==268755==    by 0x48E4B91: ??? (in /usr/lib/x86_64-linux-gnu/libmysqlclient.so.21.2.42)
==268755==    by 0x48E4EDC: ??? (in /usr/lib/x86_64-linux-gnu/libmysqlclient.so.21.2.42)
==268755==    by 0x48E5188: ??? (in /usr/lib/x86_64-linux-gnu/libmysqlclient.so.21.2.42)
==268755==    by 0x49066F7: ??? (in /usr/lib/x86_64-linux-gnu/libmysqlclient.so.21.2.42)
==268755==    by 0x48E6082: ??? (in /usr/lib/x86_64-linux-gnu/libmysqlclient.so.21.2.42)
==268755==    by 0x522BEE7: __pthread_once_slow (pthread_once.c:116)
==268755==    by 0x4903155: ??? (in /usr/lib/x86_64-linux-gnu/libmysqlclient.so.21.2.42)
==268755==    by 0x489CBB8: ??? (in /usr/lib/x86_64-linux-gnu/libmysqlclient.so.21.2.42)
==268755==    by 0x489D1FA: ??? (in /usr/lib/x86_64-linux-gnu/libmysqlclient.so.21.2.42)
==268755==    by 0x48A3273: ??? (in /usr/lib/x86_64-linux-gnu/libmysqlclient.so.21.2.42)
==268755==    by 0x489EF82: mysql_real_connect (in /usr/lib/x86_64-linux-gnu/libmysqlclient.so.21.2.42)
==268755== 
==268755== 56 bytes in 1 blocks are still reachable in loss record 1,139 of 2,004
==268755==    at 0x4849013: operator new(unsigned long) (in /usr/libexec/valgrind/vgpreload_memcheck-amd64-linux.so)
==268755==    by 0x48E4B91: ??? (in /usr/lib/x86_64-linux-gnu/libmysqlclient.so.21.2.42)
==268755==    by 0x48E510D: ??? (in /usr/lib/x86_64-linux-gnu/libmysqlclient.so.21.2.42)
==268755==    by 0x48E5196: ??? (in /usr/lib/x86_64-linux-gnu/libmysqlclient.so.21.2.42)
==268755==    by 0x49066F7: ??? (in /usr/lib/x86_64-linux-gnu/libmysqlclient.so.21.2.42)
==268755==    by 0x48E6082: ??? (in /usr/lib/x86_64-linux-gnu/libmysqlclient.so.21.2.42)
==268755==    by 0x522BEE7: __pthread_once_slow (pthread_once.c:116)
==268755==    by 0x4903155: ??? (in /usr/lib/x86_64-linux-gnu/libmysqlclient.so.21.2.42)
==268755==    by 0x489CBB8: ??? (in /usr/lib/x86_64-linux-gnu/libmysqlclient.so.21.2.42)
==268755==    by 0x489D1FA: ??? (in /usr/lib/x86_64-linux-gnu/libmysqlclient.so.21.2.42)
==268755==    by 0x48A3273: ??? (in /usr/lib/x86_64-linux-gnu/libmysqlclient.so.21.2.42)
==268755==    by 0x489EF82: mysql_real_connect (in /usr/lib/x86_64-linux-gnu/libmysqlclient.so.21.2.42)
==268755== 
==268755== 56 bytes in 1 blocks are still reachable in loss record 1,140 of 2,004
==268755==    at 0x4849013: operator new(unsigned long) (in /usr/libexec/valgrind/vgpreload_memcheck-amd64-linux.so)
==268755==    by 0x48E4B91: ??? (in /usr/lib/x86_64-linux-gnu/libmysqlclient.so.21.2.42)
==268755==    by 0x48E4EDC: ??? (in /usr/lib/x86_64-linux-gnu/libmysqlclient.so.21.2.42)
==268755==    by 0x4906717: ??? (in /usr/lib/x86_64-linux-gnu/libmysqlclient.so.21.2.42)
==268755==    by 0x48E6082: ??? (in /usr/lib/x86_64-linux-gnu/libmysqlclient.so.21.2.42)
==268755==    by 0x522BEE7: __pthread_once_slow (pthread_once.c:116)
==268755==    by 0x4903155: ??? (in /usr/lib/x86_64-linux-gnu/libmysqlclient.so.21.2.42)
==268755==    by 0x489CBB8: ??? (in /usr/lib/x86_64-linux-gnu/libmysqlclient.so.21.2.42)
==268755==    by 0x489D1FA: ??? (in /usr/lib/x86_64-linux-gnu/libmysqlclient.so.21.2.42)
==268755==    by 0x48A3273: ??? (in /usr/lib/x86_64-linux-gnu/libmysqlclient.so.21.2.42)
==268755==    by 0x489EF82: mysql_real_connect (in /usr/lib/x86_64-linux-gnu/libmysqlclient.so.21.2.42)
==268755==    by 0x1EC2E1: cpp_dbc::MySQL::MySQLConnection::MySQLConnection(std::__cxx11::basic_string<char, std::char_traits<char>, std::allocator<char> > const&, int, std::__cxx11::basic_string<char, std::char_traits<char>, std::allocator<char> > const&, std::__cxx11::basic_string<char, std::char_traits<char>, std::allocator<char> > const&, std::__cxx11::basic_string<char, std::char_traits<char>, std::allocator<char> > const&) (driver_mysql.cpp:624)
==268755== 
==268755== 56 bytes in 1 blocks are still reachable in loss record 1,141 of 2,004
==268755==    at 0x4849013: operator new(unsigned long) (in /usr/libexec/valgrind/vgpreload_memcheck-amd64-linux.so)
==268755==    by 0x48E4B91: ??? (in /usr/lib/x86_64-linux-gnu/libmysqlclient.so.21.2.42)
==268755==    by 0x48E4EDC: ??? (in /usr/lib/x86_64-linux-gnu/libmysqlclient.so.21.2.42)
==268755==    by 0x4906759: ??? (in /usr/lib/x86_64-linux-gnu/libmysqlclient.so.21.2.42)
==268755==    by 0x48E6082: ??? (in /usr/lib/x86_64-linux-gnu/libmysqlclient.so.21.2.42)
==268755==    by 0x522BEE7: __pthread_once_slow (pthread_once.c:116)
==268755==    by 0x4903155: ??? (in /usr/lib/x86_64-linux-gnu/libmysqlclient.so.21.2.42)
==268755==    by 0x489CBB8: ??? (in /usr/lib/x86_64-linux-gnu/libmysqlclient.so.21.2.42)
==268755==    by 0x489D1FA: ??? (in /usr/lib/x86_64-linux-gnu/libmysqlclient.so.21.2.42)
==268755==    by 0x48A3273: ??? (in /usr/lib/x86_64-linux-gnu/libmysqlclient.so.21.2.42)
==268755==    by 0x489EF82: mysql_real_connect (in /usr/lib/x86_64-linux-gnu/libmysqlclient.so.21.2.42)
==268755==    by 0x1EC2E1: cpp_dbc::MySQL::MySQLConnection::MySQLConnection(std::__cxx11::basic_string<char, std::char_traits<char>, std::allocator<char> > const&, int, std::__cxx11::basic_string<char, std::char_traits<char>, std::allocator<char> > const&, std::__cxx11::basic_string<char, std::char_traits<char>, std::allocator<char> > const&, std::__cxx11::basic_string<char, std::char_traits<char>, std::allocator<char> > const&) (driver_mysql.cpp:624)
==268755== 
==268755== 56 bytes in 1 blocks are still reachable in loss record 1,142 of 2,004
==268755==    at 0x4849013: operator new(unsigned long) (in /usr/libexec/valgrind/vgpreload_memcheck-amd64-linux.so)
==268755==    by 0x48E4B91: ??? (in /usr/lib/x86_64-linux-gnu/libmysqlclient.so.21.2.42)
==268755==    by 0x48E4EDC: ??? (in /usr/lib/x86_64-linux-gnu/libmysqlclient.so.21.2.42)
==268755==    by 0x490679B: ??? (in /usr/lib/x86_64-linux-gnu/libmysqlclient.so.21.2.42)
==268755==    by 0x48E6082: ??? (in /usr/lib/x86_64-linux-gnu/libmysqlclient.so.21.2.42)
==268755==    by 0x522BEE7: __pthread_once_slow (pthread_once.c:116)
==268755==    by 0x4903155: ??? (in /usr/lib/x86_64-linux-gnu/libmysqlclient.so.21.2.42)
==268755==    by 0x489CBB8: ??? (in /usr/lib/x86_64-linux-gnu/libmysqlclient.so.21.2.42)
==268755==    by 0x489D1FA: ??? (in /usr/lib/x86_64-linux-gnu/libmysqlclient.so.21.2.42)
==268755==    by 0x48A3273: ??? (in /usr/lib/x86_64-linux-gnu/libmysqlclient.so.21.2.42)
==268755==    by 0x489EF82: mysql_real_connect (in /usr/lib/x86_64-linux-gnu/libmysqlclient.so.21.2.42)
==268755==    by 0x1EC2E1: cpp_dbc::MySQL::MySQLConnection::MySQLConnection(std::__cxx11::basic_string<char, std::char_traits<char>, std::allocator<char> > const&, int, std::__cxx11::basic_string<char, std::char_traits<char>, std::allocator<char> > const&, std::__cxx11::basic_string<char, std::char_traits<char>, std::allocator<char> > const&, std::__cxx11::basic_string<char, std::char_traits<char>, std::allocator<char> > const&) (driver_mysql.cpp:624)
==268755== 
==268755== 56 bytes in 1 blocks are still reachable in loss record 1,143 of 2,004
==268755==    at 0x4849013: operator new(unsigned long) (in /usr/libexec/valgrind/vgpreload_memcheck-amd64-linux.so)
==268755==    by 0x48E4B91: ??? (in /usr/lib/x86_64-linux-gnu/libmysqlclient.so.21.2.42)
==268755==    by 0x48E4EDC: ??? (in /usr/lib/x86_64-linux-gnu/libmysqlclient.so.21.2.42)
==268755==    by 0x49067DD: ??? (in /usr/lib/x86_64-linux-gnu/libmysqlclient.so.21.2.42)
==268755==    by 0x48E6082: ??? (in /usr/lib/x86_64-linux-gnu/libmysqlclient.so.21.2.42)
==268755==    by 0x522BEE7: __pthread_once_slow (pthread_once.c:116)
==268755==    by 0x4903155: ??? (in /usr/lib/x86_64-linux-gnu/libmysqlclient.so.21.2.42)
==268755==    by 0x489CBB8: ??? (in /usr/lib/x86_64-linux-gnu/libmysqlclient.so.21.2.42)
==268755==    by 0x489D1FA: ??? (in /usr/lib/x86_64-linux-gnu/libmysqlclient.so.21.2.42)
==268755==    by 0x48A3273: ??? (in /usr/lib/x86_64-linux-gnu/libmysqlclient.so.21.2.42)
==268755==    by 0x489EF82: mysql_real_connect (in /usr/lib/x86_64-linux-gnu/libmysqlclient.so.21.2.42)
==268755==    by 0x1EC2E1: cpp_dbc::MySQL::MySQLConnection::MySQLConnection(std::__cxx11::basic_string<char, std::char_traits<char>, std::allocator<char> > const&, int, std::__cxx11::basic_string<char, std::char_traits<char>, std::allocator<char> > const&, std::__cxx11::basic_string<char, std::char_traits<char>, std::allocator<char> > const&, std::__cxx11::basic_string<char, std::char_traits<char>, std::allocator<char> > const&) (driver_mysql.cpp:624)
==268755== 
==268755== 56 bytes in 1 blocks are still reachable in loss record 1,144 of 2,004
==268755==    at 0x4849013: operator new(unsigned long) (in /usr/libexec/valgrind/vgpreload_memcheck-amd64-linux.so)
==268755==    by 0x48E4B91: ??? (in /usr/lib/x86_64-linux-gnu/libmysqlclient.so.21.2.42)
==268755==    by 0x48E4EDC: ??? (in /usr/lib/x86_64-linux-gnu/libmysqlclient.so.21.2.42)
==268755==    by 0x490681F: ??? (in /usr/lib/x86_64-linux-gnu/libmysqlclient.so.21.2.42)
==268755==    by 0x48E6082: ??? (in /usr/lib/x86_64-linux-gnu/libmysqlclient.so.21.2.42)
==268755==    by 0x522BEE7: __pthread_once_slow (pthread_once.c:116)
==268755==    by 0x4903155: ??? (in /usr/lib/x86_64-linux-gnu/libmysqlclient.so.21.2.42)
==268755==    by 0x489CBB8: ??? (in /usr/lib/x86_64-linux-gnu/libmysqlclient.so.21.2.42)
==268755==    by 0x489D1FA: ??? (in /usr/lib/x86_64-linux-gnu/libmysqlclient.so.21.2.42)
==268755==    by 0x48A3273: ??? (in /usr/lib/x86_64-linux-gnu/libmysqlclient.so.21.2.42)
==268755==    by 0x489EF82: mysql_real_connect (in /usr/lib/x86_64-linux-gnu/libmysqlclient.so.21.2.42)
==268755==    by 0x1EC2E1: cpp_dbc::MySQL::MySQLConnection::MySQLConnection(std::__cxx11::basic_string<char, std::char_traits<char>, std::allocator<char> > const&, int, std::__cxx11::basic_string<char, std::char_traits<char>, std::allocator<char> > const&, std::__cxx11::basic_string<char, std::char_traits<char>, std::allocator<char> > const&, std::__cxx11::basic_string<char, std::char_traits<char>, std::allocator<char> > const&) (driver_mysql.cpp:624)
==268755== 
==268755== 56 bytes in 1 blocks are still reachable in loss record 1,145 of 2,004
==268755==    at 0x4849013: operator new(unsigned long) (in /usr/libexec/valgrind/vgpreload_memcheck-amd64-linux.so)
==268755==    by 0x48E4B91: ??? (in /usr/lib/x86_64-linux-gnu/libmysqlclient.so.21.2.42)
==268755==    by 0x48E4EDC: ??? (in /usr/lib/x86_64-linux-gnu/libmysqlclient.so.21.2.42)
==268755==    by 0x4906861: ??? (in /usr/lib/x86_64-linux-gnu/libmysqlclient.so.21.2.42)
==268755==    by 0x48E6082: ??? (in /usr/lib/x86_64-linux-gnu/libmysqlclient.so.21.2.42)
==268755==    by 0x522BEE7: __pthread_once_slow (pthread_once.c:116)
==268755==    by 0x4903155: ??? (in /usr/lib/x86_64-linux-gnu/libmysqlclient.so.21.2.42)
==268755==    by 0x489CBB8: ??? (in /usr/lib/x86_64-linux-gnu/libmysqlclient.so.21.2.42)
==268755==    by 0x489D1FA: ??? (in /usr/lib/x86_64-linux-gnu/libmysqlclient.so.21.2.42)
==268755==    by 0x48A3273: ??? (in /usr/lib/x86_64-linux-gnu/libmysqlclient.so.21.2.42)
==268755==    by 0x489EF82: mysql_real_connect (in /usr/lib/x86_64-linux-gnu/libmysqlclient.so.21.2.42)
==268755==    by 0x1EC2E1: cpp_dbc::MySQL::MySQLConnection::MySQLConnection(std::__cxx11::basic_string<char, std::char_traits<char>, std::allocator<char> > const&, int, std::__cxx11::basic_string<char, std::char_traits<char>, std::allocator<char> > const&, std::__cxx11::basic_string<char, std::char_traits<char>, std::allocator<char> > const&, std::__cxx11::basic_string<char, std::char_traits<char>, std::allocator<char> > const&) (driver_mysql.cpp:624)
==268755== 
==268755== 56 bytes in 1 blocks are still reachable in loss record 1,146 of 2,004
==268755==    at 0x4849013: operator new(unsigned long) (in /usr/libexec/valgrind/vgpreload_memcheck-amd64-linux.so)
==268755==    by 0x48E4B91: ??? (in /usr/lib/x86_64-linux-gnu/libmysqlclient.so.21.2.42)
==268755==    by 0x48E4EDC: ??? (in /usr/lib/x86_64-linux-gnu/libmysqlclient.so.21.2.42)
==268755==    by 0x49068A3: ??? (in /usr/lib/x86_64-linux-gnu/libmysqlclient.so.21.2.42)
==268755==    by 0x48E6082: ??? (in /usr/lib/x86_64-linux-gnu/libmysqlclient.so.21.2.42)
==268755==    by 0x522BEE7: __pthread_once_slow (pthread_once.c:116)
==268755==    by 0x4903155: ??? (in /usr/lib/x86_64-linux-gnu/libmysqlclient.so.21.2.42)
==268755==    by 0x489CBB8: ??? (in /usr/lib/x86_64-linux-gnu/libmysqlclient.so.21.2.42)
==268755==    by 0x489D1FA: ??? (in /usr/lib/x86_64-linux-gnu/libmysqlclient.so.21.2.42)
==268755==    by 0x48A3273: ??? (in /usr/lib/x86_64-linux-gnu/libmysqlclient.so.21.2.42)
==268755==    by 0x489EF82: mysql_real_connect (in /usr/lib/x86_64-linux-gnu/libmysqlclient.so.21.2.42)
==268755==    by 0x1EC2E1: cpp_dbc::MySQL::MySQLConnection::MySQLConnection(std::__cxx11::basic_string<char, std::char_traits<char>, std::allocator<char> > const&, int, std::__cxx11::basic_string<char, std::char_traits<char>, std::allocator<char> > const&, std::__cxx11::basic_string<char, std::char_traits<char>, std::allocator<char> > const&, std::__cxx11::basic_string<char, std::char_traits<char>, std::allocator<char> > const&) (driver_mysql.cpp:624)
==268755== 
==268755== 56 bytes in 1 blocks are still reachable in loss record 1,147 of 2,004
==268755==    at 0x4849013: operator new(unsigned long) (in /usr/libexec/valgrind/vgpreload_memcheck-amd64-linux.so)
==268755==    by 0x48E4B91: ??? (in /usr/lib/x86_64-linux-gnu/libmysqlclient.so.21.2.42)
==268755==    by 0x48E4EDC: ??? (in /usr/lib/x86_64-linux-gnu/libmysqlclient.so.21.2.42)
==268755==    by 0x49068E5: ??? (in /usr/lib/x86_64-linux-gnu/libmysqlclient.so.21.2.42)
==268755==    by 0x48E6082: ??? (in /usr/lib/x86_64-linux-gnu/libmysqlclient.so.21.2.42)
==268755==    by 0x522BEE7: __pthread_once_slow (pthread_once.c:116)
==268755==    by 0x4903155: ??? (in /usr/lib/x86_64-linux-gnu/libmysqlclient.so.21.2.42)
==268755==    by 0x489CBB8: ??? (in /usr/lib/x86_64-linux-gnu/libmysqlclient.so.21.2.42)
==268755==    by 0x489D1FA: ??? (in /usr/lib/x86_64-linux-gnu/libmysqlclient.so.21.2.42)
==268755==    by 0x48A3273: ??? (in /usr/lib/x86_64-linux-gnu/libmysqlclient.so.21.2.42)
==268755==    by 0x489EF82: mysql_real_connect (in /usr/lib/x86_64-linux-gnu/libmysqlclient.so.21.2.42)
==268755==    by 0x1EC2E1: cpp_dbc::MySQL::MySQLConnection::MySQLConnection(std::__cxx11::basic_string<char, std::char_traits<char>, std::allocator<char> > const&, int, std::__cxx11::basic_string<char, std::char_traits<char>, std::allocator<char> > const&, std::__cxx11::basic_string<char, std::char_traits<char>, std::allocator<char> > const&, std::__cxx11::basic_string<char, std::char_traits<char>, std::allocator<char> > const&) (driver_mysql.cpp:624)
==268755== 
==268755== 56 bytes in 1 blocks are still reachable in loss record 1,148 of 2,004
==268755==    at 0x4849013: operator new(unsigned long) (in /usr/libexec/valgrind/vgpreload_memcheck-amd64-linux.so)
==268755==    by 0x48E4B91: ??? (in /usr/lib/x86_64-linux-gnu/libmysqlclient.so.21.2.42)
==268755==    by 0x48E4EDC: ??? (in /usr/lib/x86_64-linux-gnu/libmysqlclient.so.21.2.42)
==268755==    by 0x4906927: ??? (in /usr/lib/x86_64-linux-gnu/libmysqlclient.so.21.2.42)
==268755==    by 0x48E6082: ??? (in /usr/lib/x86_64-linux-gnu/libmysqlclient.so.21.2.42)
==268755==    by 0x522BEE7: __pthread_once_slow (pthread_once.c:116)
==268755==    by 0x4903155: ??? (in /usr/lib/x86_64-linux-gnu/libmysqlclient.so.21.2.42)
==268755==    by 0x489CBB8: ??? (in /usr/lib/x86_64-linux-gnu/libmysqlclient.so.21.2.42)
==268755==    by 0x489D1FA: ??? (in /usr/lib/x86_64-linux-gnu/libmysqlclient.so.21.2.42)
==268755==    by 0x48A3273: ??? (in /usr/lib/x86_64-linux-gnu/libmysqlclient.so.21.2.42)
==268755==    by 0x489EF82: mysql_real_connect (in /usr/lib/x86_64-linux-gnu/libmysqlclient.so.21.2.42)
==268755==    by 0x1EC2E1: cpp_dbc::MySQL::MySQLConnection::MySQLConnection(std::__cxx11::basic_string<char, std::char_traits<char>, std::allocator<char> > const&, int, std::__cxx11::basic_string<char, std::char_traits<char>, std::allocator<char> > const&, std::__cxx11::basic_string<char, std::char_traits<char>, std::allocator<char> > const&, std::__cxx11::basic_string<char, std::char_traits<char>, std::allocator<char> > const&) (driver_mysql.cpp:624)
==268755== 
==268755== 56 bytes in 1 blocks are still reachable in loss record 1,149 of 2,004
==268755==    at 0x4849013: operator new(unsigned long) (in /usr/libexec/valgrind/vgpreload_memcheck-amd64-linux.so)
==268755==    by 0x48E4B91: ??? (in /usr/lib/x86_64-linux-gnu/libmysqlclient.so.21.2.42)
==268755==    by 0x48E4EDC: ??? (in /usr/lib/x86_64-linux-gnu/libmysqlclient.so.21.2.42)
==268755==    by 0x4906969: ??? (in /usr/lib/x86_64-linux-gnu/libmysqlclient.so.21.2.42)
==268755==    by 0x48E6082: ??? (in /usr/lib/x86_64-linux-gnu/libmysqlclient.so.21.2.42)
==268755==    by 0x522BEE7: __pthread_once_slow (pthread_once.c:116)
==268755==    by 0x4903155: ??? (in /usr/lib/x86_64-linux-gnu/libmysqlclient.so.21.2.42)
==268755==    by 0x489CBB8: ??? (in /usr/lib/x86_64-linux-gnu/libmysqlclient.so.21.2.42)
==268755==    by 0x489D1FA: ??? (in /usr/lib/x86_64-linux-gnu/libmysqlclient.so.21.2.42)
==268755==    by 0x48A3273: ??? (in /usr/lib/x86_64-linux-gnu/libmysqlclient.so.21.2.42)
==268755==    by 0x489EF82: mysql_real_connect (in /usr/lib/x86_64-linux-gnu/libmysqlclient.so.21.2.42)
==268755==    by 0x1EC2E1: cpp_dbc::MySQL::MySQLConnection::MySQLConnection(std::__cxx11::basic_string<char, std::char_traits<char>, std::allocator<char> > const&, int, std::__cxx11::basic_string<char, std::char_traits<char>, std::allocator<char> > const&, std::__cxx11::basic_string<char, std::char_traits<char>, std::allocator<char> > const&, std::__cxx11::basic_string<char, std::char_traits<char>, std::allocator<char> > const&) (driver_mysql.cpp:624)
==268755== 
==268755== 56 bytes in 1 blocks are still reachable in loss record 1,150 of 2,004
==268755==    at 0x4849013: operator new(unsigned long) (in /usr/libexec/valgrind/vgpreload_memcheck-amd64-linux.so)
==268755==    by 0x48E4B91: ??? (in /usr/lib/x86_64-linux-gnu/libmysqlclient.so.21.2.42)
==268755==    by 0x48E4EDC: ??? (in /usr/lib/x86_64-linux-gnu/libmysqlclient.so.21.2.42)
==268755==    by 0x49069AB: ??? (in /usr/lib/x86_64-linux-gnu/libmysqlclient.so.21.2.42)
==268755==    by 0x48E6082: ??? (in /usr/lib/x86_64-linux-gnu/libmysqlclient.so.21.2.42)
==268755==    by 0x522BEE7: __pthread_once_slow (pthread_once.c:116)
==268755==    by 0x4903155: ??? (in /usr/lib/x86_64-linux-gnu/libmysqlclient.so.21.2.42)
==268755==    by 0x489CBB8: ??? (in /usr/lib/x86_64-linux-gnu/libmysqlclient.so.21.2.42)
==268755==    by 0x489D1FA: ??? (in /usr/lib/x86_64-linux-gnu/libmysqlclient.so.21.2.42)
==268755==    by 0x48A3273: ??? (in /usr/lib/x86_64-linux-gnu/libmysqlclient.so.21.2.42)
==268755==    by 0x489EF82: mysql_real_connect (in /usr/lib/x86_64-linux-gnu/libmysqlclient.so.21.2.42)
==268755==    by 0x1EC2E1: cpp_dbc::MySQL::MySQLConnection::MySQLConnection(std::__cxx11::basic_string<char, std::char_traits<char>, std::allocator<char> > const&, int, std::__cxx11::basic_string<char, std::char_traits<char>, std::allocator<char> > const&, std::__cxx11::basic_string<char, std::char_traits<char>, std::allocator<char> > const&, std::__cxx11::basic_string<char, std::char_traits<char>, std::allocator<char> > const&) (driver_mysql.cpp:624)
==268755== 
==268755== 56 bytes in 1 blocks are still reachable in loss record 1,151 of 2,004
==268755==    at 0x4849013: operator new(unsigned long) (in /usr/libexec/valgrind/vgpreload_memcheck-amd64-linux.so)
==268755==    by 0x48E4B91: ??? (in /usr/lib/x86_64-linux-gnu/libmysqlclient.so.21.2.42)
==268755==    by 0x48E4EDC: ??? (in /usr/lib/x86_64-linux-gnu/libmysqlclient.so.21.2.42)
==268755==    by 0x48E5188: ??? (in /usr/lib/x86_64-linux-gnu/libmysqlclient.so.21.2.42)
==268755==    by 0x49069D9: ??? (in /usr/lib/x86_64-linux-gnu/libmysqlclient.so.21.2.42)
==268755==    by 0x48E6082: ??? (in /usr/lib/x86_64-linux-gnu/libmysqlclient.so.21.2.42)
==268755==    by 0x522BEE7: __pthread_once_slow (pthread_once.c:116)
==268755==    by 0x4903155: ??? (in /usr/lib/x86_64-linux-gnu/libmysqlclient.so.21.2.42)
==268755==    by 0x489CBB8: ??? (in /usr/lib/x86_64-linux-gnu/libmysqlclient.so.21.2.42)
==268755==    by 0x489D1FA: ??? (in /usr/lib/x86_64-linux-gnu/libmysqlclient.so.21.2.42)
==268755==    by 0x48A3273: ??? (in /usr/lib/x86_64-linux-gnu/libmysqlclient.so.21.2.42)
==268755==    by 0x489EF82: mysql_real_connect (in /usr/lib/x86_64-linux-gnu/libmysqlclient.so.21.2.42)
==268755== 
==268755== 56 bytes in 1 blocks are still reachable in loss record 1,152 of 2,004
==268755==    at 0x4849013: operator new(unsigned long) (in /usr/libexec/valgrind/vgpreload_memcheck-amd64-linux.so)
==268755==    by 0x48E4B91: ??? (in /usr/lib/x86_64-linux-gnu/libmysqlclient.so.21.2.42)
==268755==    by 0x48E4EDC: ??? (in /usr/lib/x86_64-linux-gnu/libmysqlclient.so.21.2.42)
==268755==    by 0x49069F9: ??? (in /usr/lib/x86_64-linux-gnu/libmysqlclient.so.21.2.42)
==268755==    by 0x48E6082: ??? (in /usr/lib/x86_64-linux-gnu/libmysqlclient.so.21.2.42)
==268755==    by 0x522BEE7: __pthread_once_slow (pthread_once.c:116)
==268755==    by 0x4903155: ??? (in /usr/lib/x86_64-linux-gnu/libmysqlclient.so.21.2.42)
==268755==    by 0x489CBB8: ??? (in /usr/lib/x86_64-linux-gnu/libmysqlclient.so.21.2.42)
==268755==    by 0x489D1FA: ??? (in /usr/lib/x86_64-linux-gnu/libmysqlclient.so.21.2.42)
==268755==    by 0x48A3273: ??? (in /usr/lib/x86_64-linux-gnu/libmysqlclient.so.21.2.42)
==268755==    by 0x489EF82: mysql_real_connect (in /usr/lib/x86_64-linux-gnu/libmysqlclient.so.21.2.42)
==268755==    by 0x1EC2E1: cpp_dbc::MySQL::MySQLConnection::MySQLConnection(std::__cxx11::basic_string<char, std::char_traits<char>, std::allocator<char> > const&, int, std::__cxx11::basic_string<char, std::char_traits<char>, std::allocator<char> > const&, std::__cxx11::basic_string<char, std::char_traits<char>, std::allocator<char> > const&, std::__cxx11::basic_string<char, std::char_traits<char>, std::allocator<char> > const&) (driver_mysql.cpp:624)
==268755== 
==268755== 56 bytes in 1 blocks are still reachable in loss record 1,153 of 2,004
==268755==    at 0x4849013: operator new(unsigned long) (in /usr/libexec/valgrind/vgpreload_memcheck-amd64-linux.so)
==268755==    by 0x48E4B91: ??? (in /usr/lib/x86_64-linux-gnu/libmysqlclient.so.21.2.42)
==268755==    by 0x48E4EDC: ??? (in /usr/lib/x86_64-linux-gnu/libmysqlclient.so.21.2.42)
==268755==    by 0x4906A3B: ??? (in /usr/lib/x86_64-linux-gnu/libmysqlclient.so.21.2.42)
==268755==    by 0x48E6082: ??? (in /usr/lib/x86_64-linux-gnu/libmysqlclient.so.21.2.42)
==268755==    by 0x522BEE7: __pthread_once_slow (pthread_once.c:116)
==268755==    by 0x4903155: ??? (in /usr/lib/x86_64-linux-gnu/libmysqlclient.so.21.2.42)
==268755==    by 0x489CBB8: ??? (in /usr/lib/x86_64-linux-gnu/libmysqlclient.so.21.2.42)
==268755==    by 0x489D1FA: ??? (in /usr/lib/x86_64-linux-gnu/libmysqlclient.so.21.2.42)
==268755==    by 0x48A3273: ??? (in /usr/lib/x86_64-linux-gnu/libmysqlclient.so.21.2.42)
==268755==    by 0x489EF82: mysql_real_connect (in /usr/lib/x86_64-linux-gnu/libmysqlclient.so.21.2.42)
==268755==    by 0x1EC2E1: cpp_dbc::MySQL::MySQLConnection::MySQLConnection(std::__cxx11::basic_string<char, std::char_traits<char>, std::allocator<char> > const&, int, std::__cxx11::basic_string<char, std::char_traits<char>, std::allocator<char> > const&, std::__cxx11::basic_string<char, std::char_traits<char>, std::allocator<char> > const&, std::__cxx11::basic_string<char, std::char_traits<char>, std::allocator<char> > const&) (driver_mysql.cpp:624)
==268755== 
==268755== 56 bytes in 1 blocks are still reachable in loss record 1,154 of 2,004
==268755==    at 0x4849013: operator new(unsigned long) (in /usr/libexec/valgrind/vgpreload_memcheck-amd64-linux.so)
==268755==    by 0x48E4B91: ??? (in /usr/lib/x86_64-linux-gnu/libmysqlclient.so.21.2.42)
==268755==    by 0x48E4EDC: ??? (in /usr/lib/x86_64-linux-gnu/libmysqlclient.so.21.2.42)
==268755==    by 0x4906A7D: ??? (in /usr/lib/x86_64-linux-gnu/libmysqlclient.so.21.2.42)
==268755==    by 0x48E6082: ??? (in /usr/lib/x86_64-linux-gnu/libmysqlclient.so.21.2.42)
==268755==    by 0x522BEE7: __pthread_once_slow (pthread_once.c:116)
==268755==    by 0x4903155: ??? (in /usr/lib/x86_64-linux-gnu/libmysqlclient.so.21.2.42)
==268755==    by 0x489CBB8: ??? (in /usr/lib/x86_64-linux-gnu/libmysqlclient.so.21.2.42)
==268755==    by 0x489D1FA: ??? (in /usr/lib/x86_64-linux-gnu/libmysqlclient.so.21.2.42)
==268755==    by 0x48A3273: ??? (in /usr/lib/x86_64-linux-gnu/libmysqlclient.so.21.2.42)
==268755==    by 0x489EF82: mysql_real_connect (in /usr/lib/x86_64-linux-gnu/libmysqlclient.so.21.2.42)
==268755==    by 0x1EC2E1: cpp_dbc::MySQL::MySQLConnection::MySQLConnection(std::__cxx11::basic_string<char, std::char_traits<char>, std::allocator<char> > const&, int, std::__cxx11::basic_string<char, std::char_traits<char>, std::allocator<char> > const&, std::__cxx11::basic_string<char, std::char_traits<char>, std::allocator<char> > const&, std::__cxx11::basic_string<char, std::char_traits<char>, std::allocator<char> > const&) (driver_mysql.cpp:624)
==268755== 
==268755== 56 bytes in 1 blocks are still reachable in loss record 1,155 of 2,004
==268755==    at 0x4849013: operator new(unsigned long) (in /usr/libexec/valgrind/vgpreload_memcheck-amd64-linux.so)
==268755==    by 0x48E4B91: ??? (in /usr/lib/x86_64-linux-gnu/libmysqlclient.so.21.2.42)
==268755==    by 0x48E4EDC: ??? (in /usr/lib/x86_64-linux-gnu/libmysqlclient.so.21.2.42)
==268755==    by 0x48E5188: ??? (in /usr/lib/x86_64-linux-gnu/libmysqlclient.so.21.2.42)
==268755==    by 0x4906AAB: ??? (in /usr/lib/x86_64-linux-gnu/libmysqlclient.so.21.2.42)
==268755==    by 0x48E6082: ??? (in /usr/lib/x86_64-linux-gnu/libmysqlclient.so.21.2.42)
==268755==    by 0x522BEE7: __pthread_once_slow (pthread_once.c:116)
==268755==    by 0x4903155: ??? (in /usr/lib/x86_64-linux-gnu/libmysqlclient.so.21.2.42)
==268755==    by 0x489CBB8: ??? (in /usr/lib/x86_64-linux-gnu/libmysqlclient.so.21.2.42)
==268755==    by 0x489D1FA: ??? (in /usr/lib/x86_64-linux-gnu/libmysqlclient.so.21.2.42)
==268755==    by 0x48A3273: ??? (in /usr/lib/x86_64-linux-gnu/libmysqlclient.so.21.2.42)
==268755==    by 0x489EF82: mysql_real_connect (in /usr/lib/x86_64-linux-gnu/libmysqlclient.so.21.2.42)
==268755== 
==268755== 56 bytes in 1 blocks are still reachable in loss record 1,156 of 2,004
==268755==    at 0x4849013: operator new(unsigned long) (in /usr/libexec/valgrind/vgpreload_memcheck-amd64-linux.so)
==268755==    by 0x48E4B91: ??? (in /usr/lib/x86_64-linux-gnu/libmysqlclient.so.21.2.42)
==268755==    by 0x48E4EDC: ??? (in /usr/lib/x86_64-linux-gnu/libmysqlclient.so.21.2.42)
==268755==    by 0x4906ACB: ??? (in /usr/lib/x86_64-linux-gnu/libmysqlclient.so.21.2.42)
==268755==    by 0x48E6082: ??? (in /usr/lib/x86_64-linux-gnu/libmysqlclient.so.21.2.42)
==268755==    by 0x522BEE7: __pthread_once_slow (pthread_once.c:116)
==268755==    by 0x4903155: ??? (in /usr/lib/x86_64-linux-gnu/libmysqlclient.so.21.2.42)
==268755==    by 0x489CBB8: ??? (in /usr/lib/x86_64-linux-gnu/libmysqlclient.so.21.2.42)
==268755==    by 0x489D1FA: ??? (in /usr/lib/x86_64-linux-gnu/libmysqlclient.so.21.2.42)
==268755==    by 0x48A3273: ??? (in /usr/lib/x86_64-linux-gnu/libmysqlclient.so.21.2.42)
==268755==    by 0x489EF82: mysql_real_connect (in /usr/lib/x86_64-linux-gnu/libmysqlclient.so.21.2.42)
==268755==    by 0x1EC2E1: cpp_dbc::MySQL::MySQLConnection::MySQLConnection(std::__cxx11::basic_string<char, std::char_traits<char>, std::allocator<char> > const&, int, std::__cxx11::basic_string<char, std::char_traits<char>, std::allocator<char> > const&, std::__cxx11::basic_string<char, std::char_traits<char>, std::allocator<char> > const&, std::__cxx11::basic_string<char, std::char_traits<char>, std::allocator<char> > const&) (driver_mysql.cpp:624)
==268755== 
==268755== 56 bytes in 1 blocks are still reachable in loss record 1,157 of 2,004
==268755==    at 0x4849013: operator new(unsigned long) (in /usr/libexec/valgrind/vgpreload_memcheck-amd64-linux.so)
==268755==    by 0x48E4B91: ??? (in /usr/lib/x86_64-linux-gnu/libmysqlclient.so.21.2.42)
==268755==    by 0x48E4EDC: ??? (in /usr/lib/x86_64-linux-gnu/libmysqlclient.so.21.2.42)
==268755==    by 0x4906B0D: ??? (in /usr/lib/x86_64-linux-gnu/libmysqlclient.so.21.2.42)
==268755==    by 0x48E6082: ??? (in /usr/lib/x86_64-linux-gnu/libmysqlclient.so.21.2.42)
==268755==    by 0x522BEE7: __pthread_once_slow (pthread_once.c:116)
==268755==    by 0x4903155: ??? (in /usr/lib/x86_64-linux-gnu/libmysqlclient.so.21.2.42)
==268755==    by 0x489CBB8: ??? (in /usr/lib/x86_64-linux-gnu/libmysqlclient.so.21.2.42)
==268755==    by 0x489D1FA: ??? (in /usr/lib/x86_64-linux-gnu/libmysqlclient.so.21.2.42)
==268755==    by 0x48A3273: ??? (in /usr/lib/x86_64-linux-gnu/libmysqlclient.so.21.2.42)
==268755==    by 0x489EF82: mysql_real_connect (in /usr/lib/x86_64-linux-gnu/libmysqlclient.so.21.2.42)
==268755==    by 0x1EC2E1: cpp_dbc::MySQL::MySQLConnection::MySQLConnection(std::__cxx11::basic_string<char, std::char_traits<char>, std::allocator<char> > const&, int, std::__cxx11::basic_string<char, std::char_traits<char>, std::allocator<char> > const&, std::__cxx11::basic_string<char, std::char_traits<char>, std::allocator<char> > const&, std::__cxx11::basic_string<char, std::char_traits<char>, std::allocator<char> > const&) (driver_mysql.cpp:624)
==268755== 
==268755== 56 bytes in 1 blocks are still reachable in loss record 1,158 of 2,004
==268755==    at 0x4849013: operator new(unsigned long) (in /usr/libexec/valgrind/vgpreload_memcheck-amd64-linux.so)
==268755==    by 0x48E4B91: ??? (in /usr/lib/x86_64-linux-gnu/libmysqlclient.so.21.2.42)
==268755==    by 0x48E4EDC: ??? (in /usr/lib/x86_64-linux-gnu/libmysqlclient.so.21.2.42)
==268755==    by 0x4906B4F: ??? (in /usr/lib/x86_64-linux-gnu/libmysqlclient.so.21.2.42)
==268755==    by 0x48E6082: ??? (in /usr/lib/x86_64-linux-gnu/libmysqlclient.so.21.2.42)
==268755==    by 0x522BEE7: __pthread_once_slow (pthread_once.c:116)
==268755==    by 0x4903155: ??? (in /usr/lib/x86_64-linux-gnu/libmysqlclient.so.21.2.42)
==268755==    by 0x489CBB8: ??? (in /usr/lib/x86_64-linux-gnu/libmysqlclient.so.21.2.42)
==268755==    by 0x489D1FA: ??? (in /usr/lib/x86_64-linux-gnu/libmysqlclient.so.21.2.42)
==268755==    by 0x48A3273: ??? (in /usr/lib/x86_64-linux-gnu/libmysqlclient.so.21.2.42)
==268755==    by 0x489EF82: mysql_real_connect (in /usr/lib/x86_64-linux-gnu/libmysqlclient.so.21.2.42)
==268755==    by 0x1EC2E1: cpp_dbc::MySQL::MySQLConnection::MySQLConnection(std::__cxx11::basic_string<char, std::char_traits<char>, std::allocator<char> > const&, int, std::__cxx11::basic_string<char, std::char_traits<char>, std::allocator<char> > const&, std::__cxx11::basic_string<char, std::char_traits<char>, std::allocator<char> > const&, std::__cxx11::basic_string<char, std::char_traits<char>, std::allocator<char> > const&) (driver_mysql.cpp:624)
==268755== 
==268755== 56 bytes in 1 blocks are still reachable in loss record 1,159 of 2,004
==268755==    at 0x4849013: operator new(unsigned long) (in /usr/libexec/valgrind/vgpreload_memcheck-amd64-linux.so)
==268755==    by 0x48E4B91: ??? (in /usr/lib/x86_64-linux-gnu/libmysqlclient.so.21.2.42)
==268755==    by 0x48E4EDC: ??? (in /usr/lib/x86_64-linux-gnu/libmysqlclient.so.21.2.42)
==268755==    by 0x4906B91: ??? (in /usr/lib/x86_64-linux-gnu/libmysqlclient.so.21.2.42)
==268755==    by 0x48E6082: ??? (in /usr/lib/x86_64-linux-gnu/libmysqlclient.so.21.2.42)
==268755==    by 0x522BEE7: __pthread_once_slow (pthread_once.c:116)
==268755==    by 0x4903155: ??? (in /usr/lib/x86_64-linux-gnu/libmysqlclient.so.21.2.42)
==268755==    by 0x489CBB8: ??? (in /usr/lib/x86_64-linux-gnu/libmysqlclient.so.21.2.42)
==268755==    by 0x489D1FA: ??? (in /usr/lib/x86_64-linux-gnu/libmysqlclient.so.21.2.42)
==268755==    by 0x48A3273: ??? (in /usr/lib/x86_64-linux-gnu/libmysqlclient.so.21.2.42)
==268755==    by 0x489EF82: mysql_real_connect (in /usr/lib/x86_64-linux-gnu/libmysqlclient.so.21.2.42)
==268755==    by 0x1EC2E1: cpp_dbc::MySQL::MySQLConnection::MySQLConnection(std::__cxx11::basic_string<char, std::char_traits<char>, std::allocator<char> > const&, int, std::__cxx11::basic_string<char, std::char_traits<char>, std::allocator<char> > const&, std::__cxx11::basic_string<char, std::char_traits<char>, std::allocator<char> > const&, std::__cxx11::basic_string<char, std::char_traits<char>, std::allocator<char> > const&) (driver_mysql.cpp:624)
==268755== 
==268755== 56 bytes in 1 blocks are still reachable in loss record 1,160 of 2,004
==268755==    at 0x4849013: operator new(unsigned long) (in /usr/libexec/valgrind/vgpreload_memcheck-amd64-linux.so)
==268755==    by 0x48E4B91: ??? (in /usr/lib/x86_64-linux-gnu/libmysqlclient.so.21.2.42)
==268755==    by 0x48E4EDC: ??? (in /usr/lib/x86_64-linux-gnu/libmysqlclient.so.21.2.42)
==268755==    by 0x4906BD3: ??? (in /usr/lib/x86_64-linux-gnu/libmysqlclient.so.21.2.42)
==268755==    by 0x48E6082: ??? (in /usr/lib/x86_64-linux-gnu/libmysqlclient.so.21.2.42)
==268755==    by 0x522BEE7: __pthread_once_slow (pthread_once.c:116)
==268755==    by 0x4903155: ??? (in /usr/lib/x86_64-linux-gnu/libmysqlclient.so.21.2.42)
==268755==    by 0x489CBB8: ??? (in /usr/lib/x86_64-linux-gnu/libmysqlclient.so.21.2.42)
==268755==    by 0x489D1FA: ??? (in /usr/lib/x86_64-linux-gnu/libmysqlclient.so.21.2.42)
==268755==    by 0x48A3273: ??? (in /usr/lib/x86_64-linux-gnu/libmysqlclient.so.21.2.42)
==268755==    by 0x489EF82: mysql_real_connect (in /usr/lib/x86_64-linux-gnu/libmysqlclient.so.21.2.42)
==268755==    by 0x1EC2E1: cpp_dbc::MySQL::MySQLConnection::MySQLConnection(std::__cxx11::basic_string<char, std::char_traits<char>, std::allocator<char> > const&, int, std::__cxx11::basic_string<char, std::char_traits<char>, std::allocator<char> > const&, std::__cxx11::basic_string<char, std::char_traits<char>, std::allocator<char> > const&, std::__cxx11::basic_string<char, std::char_traits<char>, std::allocator<char> > const&) (driver_mysql.cpp:624)
==268755== 
==268755== 56 bytes in 1 blocks are still reachable in loss record 1,161 of 2,004
==268755==    at 0x4849013: operator new(unsigned long) (in /usr/libexec/valgrind/vgpreload_memcheck-amd64-linux.so)
==268755==    by 0x48E4B91: ??? (in /usr/lib/x86_64-linux-gnu/libmysqlclient.so.21.2.42)
==268755==    by 0x48E4EDC: ??? (in /usr/lib/x86_64-linux-gnu/libmysqlclient.so.21.2.42)
==268755==    by 0x4906C15: ??? (in /usr/lib/x86_64-linux-gnu/libmysqlclient.so.21.2.42)
==268755==    by 0x48E6082: ??? (in /usr/lib/x86_64-linux-gnu/libmysqlclient.so.21.2.42)
==268755==    by 0x522BEE7: __pthread_once_slow (pthread_once.c:116)
==268755==    by 0x4903155: ??? (in /usr/lib/x86_64-linux-gnu/libmysqlclient.so.21.2.42)
==268755==    by 0x489CBB8: ??? (in /usr/lib/x86_64-linux-gnu/libmysqlclient.so.21.2.42)
==268755==    by 0x489D1FA: ??? (in /usr/lib/x86_64-linux-gnu/libmysqlclient.so.21.2.42)
==268755==    by 0x48A3273: ??? (in /usr/lib/x86_64-linux-gnu/libmysqlclient.so.21.2.42)
==268755==    by 0x489EF82: mysql_real_connect (in /usr/lib/x86_64-linux-gnu/libmysqlclient.so.21.2.42)
==268755==    by 0x1EC2E1: cpp_dbc::MySQL::MySQLConnection::MySQLConnection(std::__cxx11::basic_string<char, std::char_traits<char>, std::allocator<char> > const&, int, std::__cxx11::basic_string<char, std::char_traits<char>, std::allocator<char> > const&, std::__cxx11::basic_string<char, std::char_traits<char>, std::allocator<char> > const&, std::__cxx11::basic_string<char, std::char_traits<char>, std::allocator<char> > const&) (driver_mysql.cpp:624)
==268755== 
==268755== 56 bytes in 1 blocks are still reachable in loss record 1,162 of 2,004
==268755==    at 0x4849013: operator new(unsigned long) (in /usr/libexec/valgrind/vgpreload_memcheck-amd64-linux.so)
==268755==    by 0x48E4B91: ??? (in /usr/lib/x86_64-linux-gnu/libmysqlclient.so.21.2.42)
==268755==    by 0x48E4EDC: ??? (in /usr/lib/x86_64-linux-gnu/libmysqlclient.so.21.2.42)
==268755==    by 0x48E5188: ??? (in /usr/lib/x86_64-linux-gnu/libmysqlclient.so.21.2.42)
==268755==    by 0x4906C43: ??? (in /usr/lib/x86_64-linux-gnu/libmysqlclient.so.21.2.42)
==268755==    by 0x48E6082: ??? (in /usr/lib/x86_64-linux-gnu/libmysqlclient.so.21.2.42)
==268755==    by 0x522BEE7: __pthread_once_slow (pthread_once.c:116)
==268755==    by 0x4903155: ??? (in /usr/lib/x86_64-linux-gnu/libmysqlclient.so.21.2.42)
==268755==    by 0x489CBB8: ??? (in /usr/lib/x86_64-linux-gnu/libmysqlclient.so.21.2.42)
==268755==    by 0x489D1FA: ??? (in /usr/lib/x86_64-linux-gnu/libmysqlclient.so.21.2.42)
==268755==    by 0x48A3273: ??? (in /usr/lib/x86_64-linux-gnu/libmysqlclient.so.21.2.42)
==268755==    by 0x489EF82: mysql_real_connect (in /usr/lib/x86_64-linux-gnu/libmysqlclient.so.21.2.42)
==268755== 
==268755== 56 bytes in 1 blocks are still reachable in loss record 1,163 of 2,004
==268755==    at 0x4849013: operator new(unsigned long) (in /usr/libexec/valgrind/vgpreload_memcheck-amd64-linux.so)
==268755==    by 0x48E4B91: ??? (in /usr/lib/x86_64-linux-gnu/libmysqlclient.so.21.2.42)
==268755==    by 0x48E4EDC: ??? (in /usr/lib/x86_64-linux-gnu/libmysqlclient.so.21.2.42)
==268755==    by 0x4906C63: ??? (in /usr/lib/x86_64-linux-gnu/libmysqlclient.so.21.2.42)
==268755==    by 0x48E6082: ??? (in /usr/lib/x86_64-linux-gnu/libmysqlclient.so.21.2.42)
==268755==    by 0x522BEE7: __pthread_once_slow (pthread_once.c:116)
==268755==    by 0x4903155: ??? (in /usr/lib/x86_64-linux-gnu/libmysqlclient.so.21.2.42)
==268755==    by 0x489CBB8: ??? (in /usr/lib/x86_64-linux-gnu/libmysqlclient.so.21.2.42)
==268755==    by 0x489D1FA: ??? (in /usr/lib/x86_64-linux-gnu/libmysqlclient.so.21.2.42)
==268755==    by 0x48A3273: ??? (in /usr/lib/x86_64-linux-gnu/libmysqlclient.so.21.2.42)
==268755==    by 0x489EF82: mysql_real_connect (in /usr/lib/x86_64-linux-gnu/libmysqlclient.so.21.2.42)
==268755==    by 0x1EC2E1: cpp_dbc::MySQL::MySQLConnection::MySQLConnection(std::__cxx11::basic_string<char, std::char_traits<char>, std::allocator<char> > const&, int, std::__cxx11::basic_string<char, std::char_traits<char>, std::allocator<char> > const&, std::__cxx11::basic_string<char, std::char_traits<char>, std::allocator<char> > const&, std::__cxx11::basic_string<char, std::char_traits<char>, std::allocator<char> > const&) (driver_mysql.cpp:624)
==268755== 
==268755== 56 bytes in 1 blocks are still reachable in loss record 1,164 of 2,004
==268755==    at 0x4849013: operator new(unsigned long) (in /usr/libexec/valgrind/vgpreload_memcheck-amd64-linux.so)
==268755==    by 0x48E4B91: ??? (in /usr/lib/x86_64-linux-gnu/libmysqlclient.so.21.2.42)
==268755==    by 0x48E4EDC: ??? (in /usr/lib/x86_64-linux-gnu/libmysqlclient.so.21.2.42)
==268755==    by 0x4906CA5: ??? (in /usr/lib/x86_64-linux-gnu/libmysqlclient.so.21.2.42)
==268755==    by 0x48E6082: ??? (in /usr/lib/x86_64-linux-gnu/libmysqlclient.so.21.2.42)
==268755==    by 0x522BEE7: __pthread_once_slow (pthread_once.c:116)
==268755==    by 0x4903155: ??? (in /usr/lib/x86_64-linux-gnu/libmysqlclient.so.21.2.42)
==268755==    by 0x489CBB8: ??? (in /usr/lib/x86_64-linux-gnu/libmysqlclient.so.21.2.42)
==268755==    by 0x489D1FA: ??? (in /usr/lib/x86_64-linux-gnu/libmysqlclient.so.21.2.42)
==268755==    by 0x48A3273: ??? (in /usr/lib/x86_64-linux-gnu/libmysqlclient.so.21.2.42)
==268755==    by 0x489EF82: mysql_real_connect (in /usr/lib/x86_64-linux-gnu/libmysqlclient.so.21.2.42)
==268755==    by 0x1EC2E1: cpp_dbc::MySQL::MySQLConnection::MySQLConnection(std::__cxx11::basic_string<char, std::char_traits<char>, std::allocator<char> > const&, int, std::__cxx11::basic_string<char, std::char_traits<char>, std::allocator<char> > const&, std::__cxx11::basic_string<char, std::char_traits<char>, std::allocator<char> > const&, std::__cxx11::basic_string<char, std::char_traits<char>, std::allocator<char> > const&) (driver_mysql.cpp:624)
==268755== 
==268755== 56 bytes in 1 blocks are still reachable in loss record 1,165 of 2,004
==268755==    at 0x4849013: operator new(unsigned long) (in /usr/libexec/valgrind/vgpreload_memcheck-amd64-linux.so)
==268755==    by 0x48E4B91: ??? (in /usr/lib/x86_64-linux-gnu/libmysqlclient.so.21.2.42)
==268755==    by 0x48E4EDC: ??? (in /usr/lib/x86_64-linux-gnu/libmysqlclient.so.21.2.42)
==268755==    by 0x4906CE7: ??? (in /usr/lib/x86_64-linux-gnu/libmysqlclient.so.21.2.42)
==268755==    by 0x48E6082: ??? (in /usr/lib/x86_64-linux-gnu/libmysqlclient.so.21.2.42)
==268755==    by 0x522BEE7: __pthread_once_slow (pthread_once.c:116)
==268755==    by 0x4903155: ??? (in /usr/lib/x86_64-linux-gnu/libmysqlclient.so.21.2.42)
==268755==    by 0x489CBB8: ??? (in /usr/lib/x86_64-linux-gnu/libmysqlclient.so.21.2.42)
==268755==    by 0x489D1FA: ??? (in /usr/lib/x86_64-linux-gnu/libmysqlclient.so.21.2.42)
==268755==    by 0x48A3273: ??? (in /usr/lib/x86_64-linux-gnu/libmysqlclient.so.21.2.42)
==268755==    by 0x489EF82: mysql_real_connect (in /usr/lib/x86_64-linux-gnu/libmysqlclient.so.21.2.42)
==268755==    by 0x1EC2E1: cpp_dbc::MySQL::MySQLConnection::MySQLConnection(std::__cxx11::basic_string<char, std::char_traits<char>, std::allocator<char> > const&, int, std::__cxx11::basic_string<char, std::char_traits<char>, std::allocator<char> > const&, std::__cxx11::basic_string<char, std::char_traits<char>, std::allocator<char> > const&, std::__cxx11::basic_string<char, std::char_traits<char>, std::allocator<char> > const&) (driver_mysql.cpp:624)
==268755== 
==268755== 56 bytes in 1 blocks are still reachable in loss record 1,166 of 2,004
==268755==    at 0x4849013: operator new(unsigned long) (in /usr/libexec/valgrind/vgpreload_memcheck-amd64-linux.so)
==268755==    by 0x48E4B91: ??? (in /usr/lib/x86_64-linux-gnu/libmysqlclient.so.21.2.42)
==268755==    by 0x48E510D: ??? (in /usr/lib/x86_64-linux-gnu/libmysqlclient.so.21.2.42)
==268755==    by 0x4906CFF: ??? (in /usr/lib/x86_64-linux-gnu/libmysqlclient.so.21.2.42)
==268755==    by 0x48E6082: ??? (in /usr/lib/x86_64-linux-gnu/libmysqlclient.so.21.2.42)
==268755==    by 0x522BEE7: __pthread_once_slow (pthread_once.c:116)
==268755==    by 0x4903155: ??? (in /usr/lib/x86_64-linux-gnu/libmysqlclient.so.21.2.42)
==268755==    by 0x489CBB8: ??? (in /usr/lib/x86_64-linux-gnu/libmysqlclient.so.21.2.42)
==268755==    by 0x489D1FA: ??? (in /usr/lib/x86_64-linux-gnu/libmysqlclient.so.21.2.42)
==268755==    by 0x48A3273: ??? (in /usr/lib/x86_64-linux-gnu/libmysqlclient.so.21.2.42)
==268755==    by 0x489EF82: mysql_real_connect (in /usr/lib/x86_64-linux-gnu/libmysqlclient.so.21.2.42)
==268755==    by 0x1EC2E1: cpp_dbc::MySQL::MySQLConnection::MySQLConnection(std::__cxx11::basic_string<char, std::char_traits<char>, std::allocator<char> > const&, int, std::__cxx11::basic_string<char, std::char_traits<char>, std::allocator<char> > const&, std::__cxx11::basic_string<char, std::char_traits<char>, std::allocator<char> > const&, std::__cxx11::basic_string<char, std::char_traits<char>, std::allocator<char> > const&) (driver_mysql.cpp:624)
==268755== 
==268755== 56 bytes in 1 blocks are still reachable in loss record 1,167 of 2,004
==268755==    at 0x4849013: operator new(unsigned long) (in /usr/libexec/valgrind/vgpreload_memcheck-amd64-linux.so)
==268755==    by 0x48E4B91: ??? (in /usr/lib/x86_64-linux-gnu/libmysqlclient.so.21.2.42)
==268755==    by 0x48E4EDC: ??? (in /usr/lib/x86_64-linux-gnu/libmysqlclient.so.21.2.42)
==268755==    by 0x4906D29: ??? (in /usr/lib/x86_64-linux-gnu/libmysqlclient.so.21.2.42)
==268755==    by 0x48E6082: ??? (in /usr/lib/x86_64-linux-gnu/libmysqlclient.so.21.2.42)
==268755==    by 0x522BEE7: __pthread_once_slow (pthread_once.c:116)
==268755==    by 0x4903155: ??? (in /usr/lib/x86_64-linux-gnu/libmysqlclient.so.21.2.42)
==268755==    by 0x489CBB8: ??? (in /usr/lib/x86_64-linux-gnu/libmysqlclient.so.21.2.42)
==268755==    by 0x489D1FA: ??? (in /usr/lib/x86_64-linux-gnu/libmysqlclient.so.21.2.42)
==268755==    by 0x48A3273: ??? (in /usr/lib/x86_64-linux-gnu/libmysqlclient.so.21.2.42)
==268755==    by 0x489EF82: mysql_real_connect (in /usr/lib/x86_64-linux-gnu/libmysqlclient.so.21.2.42)
==268755==    by 0x1EC2E1: cpp_dbc::MySQL::MySQLConnection::MySQLConnection(std::__cxx11::basic_string<char, std::char_traits<char>, std::allocator<char> > const&, int, std::__cxx11::basic_string<char, std::char_traits<char>, std::allocator<char> > const&, std::__cxx11::basic_string<char, std::char_traits<char>, std::allocator<char> > const&, std::__cxx11::basic_string<char, std::char_traits<char>, std::allocator<char> > const&) (driver_mysql.cpp:624)
==268755== 
==268755== 56 bytes in 1 blocks are still reachable in loss record 1,168 of 2,004
==268755==    at 0x4849013: operator new(unsigned long) (in /usr/libexec/valgrind/vgpreload_memcheck-amd64-linux.so)
==268755==    by 0x48E4B91: ??? (in /usr/lib/x86_64-linux-gnu/libmysqlclient.so.21.2.42)
==268755==    by 0x48E4EDC: ??? (in /usr/lib/x86_64-linux-gnu/libmysqlclient.so.21.2.42)
==268755==    by 0x4906D6B: ??? (in /usr/lib/x86_64-linux-gnu/libmysqlclient.so.21.2.42)
==268755==    by 0x48E6082: ??? (in /usr/lib/x86_64-linux-gnu/libmysqlclient.so.21.2.42)
==268755==    by 0x522BEE7: __pthread_once_slow (pthread_once.c:116)
==268755==    by 0x4903155: ??? (in /usr/lib/x86_64-linux-gnu/libmysqlclient.so.21.2.42)
==268755==    by 0x489CBB8: ??? (in /usr/lib/x86_64-linux-gnu/libmysqlclient.so.21.2.42)
==268755==    by 0x489D1FA: ??? (in /usr/lib/x86_64-linux-gnu/libmysqlclient.so.21.2.42)
==268755==    by 0x48A3273: ??? (in /usr/lib/x86_64-linux-gnu/libmysqlclient.so.21.2.42)
==268755==    by 0x489EF82: mysql_real_connect (in /usr/lib/x86_64-linux-gnu/libmysqlclient.so.21.2.42)
==268755==    by 0x1EC2E1: cpp_dbc::MySQL::MySQLConnection::MySQLConnection(std::__cxx11::basic_string<char, std::char_traits<char>, std::allocator<char> > const&, int, std::__cxx11::basic_string<char, std::char_traits<char>, std::allocator<char> > const&, std::__cxx11::basic_string<char, std::char_traits<char>, std::allocator<char> > const&, std::__cxx11::basic_string<char, std::char_traits<char>, std::allocator<char> > const&) (driver_mysql.cpp:624)
==268755== 
==268755== 56 bytes in 1 blocks are still reachable in loss record 1,169 of 2,004
==268755==    at 0x4849013: operator new(unsigned long) (in /usr/libexec/valgrind/vgpreload_memcheck-amd64-linux.so)
==268755==    by 0x48E4B91: ??? (in /usr/lib/x86_64-linux-gnu/libmysqlclient.so.21.2.42)
==268755==    by 0x48E4EDC: ??? (in /usr/lib/x86_64-linux-gnu/libmysqlclient.so.21.2.42)
==268755==    by 0x4906DAD: ??? (in /usr/lib/x86_64-linux-gnu/libmysqlclient.so.21.2.42)
==268755==    by 0x48E6082: ??? (in /usr/lib/x86_64-linux-gnu/libmysqlclient.so.21.2.42)
==268755==    by 0x522BEE7: __pthread_once_slow (pthread_once.c:116)
==268755==    by 0x4903155: ??? (in /usr/lib/x86_64-linux-gnu/libmysqlclient.so.21.2.42)
==268755==    by 0x489CBB8: ??? (in /usr/lib/x86_64-linux-gnu/libmysqlclient.so.21.2.42)
==268755==    by 0x489D1FA: ??? (in /usr/lib/x86_64-linux-gnu/libmysqlclient.so.21.2.42)
==268755==    by 0x48A3273: ??? (in /usr/lib/x86_64-linux-gnu/libmysqlclient.so.21.2.42)
==268755==    by 0x489EF82: mysql_real_connect (in /usr/lib/x86_64-linux-gnu/libmysqlclient.so.21.2.42)
==268755==    by 0x1EC2E1: cpp_dbc::MySQL::MySQLConnection::MySQLConnection(std::__cxx11::basic_string<char, std::char_traits<char>, std::allocator<char> > const&, int, std::__cxx11::basic_string<char, std::char_traits<char>, std::allocator<char> > const&, std::__cxx11::basic_string<char, std::char_traits<char>, std::allocator<char> > const&, std::__cxx11::basic_string<char, std::char_traits<char>, std::allocator<char> > const&) (driver_mysql.cpp:624)
==268755== 
==268755== 56 bytes in 1 blocks are still reachable in loss record 1,170 of 2,004
==268755==    at 0x4849013: operator new(unsigned long) (in /usr/libexec/valgrind/vgpreload_memcheck-amd64-linux.so)
==268755==    by 0x48E4B91: ??? (in /usr/lib/x86_64-linux-gnu/libmysqlclient.so.21.2.42)
==268755==    by 0x48E4EDC: ??? (in /usr/lib/x86_64-linux-gnu/libmysqlclient.so.21.2.42)
==268755==    by 0x4906DEF: ??? (in /usr/lib/x86_64-linux-gnu/libmysqlclient.so.21.2.42)
==268755==    by 0x48E6082: ??? (in /usr/lib/x86_64-linux-gnu/libmysqlclient.so.21.2.42)
==268755==    by 0x522BEE7: __pthread_once_slow (pthread_once.c:116)
==268755==    by 0x4903155: ??? (in /usr/lib/x86_64-linux-gnu/libmysqlclient.so.21.2.42)
==268755==    by 0x489CBB8: ??? (in /usr/lib/x86_64-linux-gnu/libmysqlclient.so.21.2.42)
==268755==    by 0x489D1FA: ??? (in /usr/lib/x86_64-linux-gnu/libmysqlclient.so.21.2.42)
==268755==    by 0x48A3273: ??? (in /usr/lib/x86_64-linux-gnu/libmysqlclient.so.21.2.42)
==268755==    by 0x489EF82: mysql_real_connect (in /usr/lib/x86_64-linux-gnu/libmysqlclient.so.21.2.42)
==268755==    by 0x1EC2E1: cpp_dbc::MySQL::MySQLConnection::MySQLConnection(std::__cxx11::basic_string<char, std::char_traits<char>, std::allocator<char> > const&, int, std::__cxx11::basic_string<char, std::char_traits<char>, std::allocator<char> > const&, std::__cxx11::basic_string<char, std::char_traits<char>, std::allocator<char> > const&, std::__cxx11::basic_string<char, std::char_traits<char>, std::allocator<char> > const&) (driver_mysql.cpp:624)
==268755== 
==268755== 56 bytes in 1 blocks are still reachable in loss record 1,171 of 2,004
==268755==    at 0x4849013: operator new(unsigned long) (in /usr/libexec/valgrind/vgpreload_memcheck-amd64-linux.so)
==268755==    by 0x48E4B91: ??? (in /usr/lib/x86_64-linux-gnu/libmysqlclient.so.21.2.42)
==268755==    by 0x48E4EDC: ??? (in /usr/lib/x86_64-linux-gnu/libmysqlclient.so.21.2.42)
==268755==    by 0x4906E31: ??? (in /usr/lib/x86_64-linux-gnu/libmysqlclient.so.21.2.42)
==268755==    by 0x48E6082: ??? (in /usr/lib/x86_64-linux-gnu/libmysqlclient.so.21.2.42)
==268755==    by 0x522BEE7: __pthread_once_slow (pthread_once.c:116)
==268755==    by 0x4903155: ??? (in /usr/lib/x86_64-linux-gnu/libmysqlclient.so.21.2.42)
==268755==    by 0x489CBB8: ??? (in /usr/lib/x86_64-linux-gnu/libmysqlclient.so.21.2.42)
==268755==    by 0x489D1FA: ??? (in /usr/lib/x86_64-linux-gnu/libmysqlclient.so.21.2.42)
==268755==    by 0x48A3273: ??? (in /usr/lib/x86_64-linux-gnu/libmysqlclient.so.21.2.42)
==268755==    by 0x489EF82: mysql_real_connect (in /usr/lib/x86_64-linux-gnu/libmysqlclient.so.21.2.42)
==268755==    by 0x1EC2E1: cpp_dbc::MySQL::MySQLConnection::MySQLConnection(std::__cxx11::basic_string<char, std::char_traits<char>, std::allocator<char> > const&, int, std::__cxx11::basic_string<char, std::char_traits<char>, std::allocator<char> > const&, std::__cxx11::basic_string<char, std::char_traits<char>, std::allocator<char> > const&, std::__cxx11::basic_string<char, std::char_traits<char>, std::allocator<char> > const&) (driver_mysql.cpp:624)
==268755== 
==268755== 56 bytes in 1 blocks are still reachable in loss record 1,172 of 2,004
==268755==    at 0x4849013: operator new(unsigned long) (in /usr/libexec/valgrind/vgpreload_memcheck-amd64-linux.so)
==268755==    by 0x48E4B91: ??? (in /usr/lib/x86_64-linux-gnu/libmysqlclient.so.21.2.42)
==268755==    by 0x48E4EDC: ??? (in /usr/lib/x86_64-linux-gnu/libmysqlclient.so.21.2.42)
==268755==    by 0x4906E73: ??? (in /usr/lib/x86_64-linux-gnu/libmysqlclient.so.21.2.42)
==268755==    by 0x48E6082: ??? (in /usr/lib/x86_64-linux-gnu/libmysqlclient.so.21.2.42)
==268755==    by 0x522BEE7: __pthread_once_slow (pthread_once.c:116)
==268755==    by 0x4903155: ??? (in /usr/lib/x86_64-linux-gnu/libmysqlclient.so.21.2.42)
==268755==    by 0x489CBB8: ??? (in /usr/lib/x86_64-linux-gnu/libmysqlclient.so.21.2.42)
==268755==    by 0x489D1FA: ??? (in /usr/lib/x86_64-linux-gnu/libmysqlclient.so.21.2.42)
==268755==    by 0x48A3273: ??? (in /usr/lib/x86_64-linux-gnu/libmysqlclient.so.21.2.42)
==268755==    by 0x489EF82: mysql_real_connect (in /usr/lib/x86_64-linux-gnu/libmysqlclient.so.21.2.42)
==268755==    by 0x1EC2E1: cpp_dbc::MySQL::MySQLConnection::MySQLConnection(std::__cxx11::basic_string<char, std::char_traits<char>, std::allocator<char> > const&, int, std::__cxx11::basic_string<char, std::char_traits<char>, std::allocator<char> > const&, std::__cxx11::basic_string<char, std::char_traits<char>, std::allocator<char> > const&, std::__cxx11::basic_string<char, std::char_traits<char>, std::allocator<char> > const&) (driver_mysql.cpp:624)
==268755== 
==268755== 56 bytes in 1 blocks are still reachable in loss record 1,173 of 2,004
==268755==    at 0x4849013: operator new(unsigned long) (in /usr/libexec/valgrind/vgpreload_memcheck-amd64-linux.so)
==268755==    by 0x48E4B91: ??? (in /usr/lib/x86_64-linux-gnu/libmysqlclient.so.21.2.42)
==268755==    by 0x48E4EDC: ??? (in /usr/lib/x86_64-linux-gnu/libmysqlclient.so.21.2.42)
==268755==    by 0x4906EB5: ??? (in /usr/lib/x86_64-linux-gnu/libmysqlclient.so.21.2.42)
==268755==    by 0x48E6082: ??? (in /usr/lib/x86_64-linux-gnu/libmysqlclient.so.21.2.42)
==268755==    by 0x522BEE7: __pthread_once_slow (pthread_once.c:116)
==268755==    by 0x4903155: ??? (in /usr/lib/x86_64-linux-gnu/libmysqlclient.so.21.2.42)
==268755==    by 0x489CBB8: ??? (in /usr/lib/x86_64-linux-gnu/libmysqlclient.so.21.2.42)
==268755==    by 0x489D1FA: ??? (in /usr/lib/x86_64-linux-gnu/libmysqlclient.so.21.2.42)
==268755==    by 0x48A3273: ??? (in /usr/lib/x86_64-linux-gnu/libmysqlclient.so.21.2.42)
==268755==    by 0x489EF82: mysql_real_connect (in /usr/lib/x86_64-linux-gnu/libmysqlclient.so.21.2.42)
==268755==    by 0x1EC2E1: cpp_dbc::MySQL::MySQLConnection::MySQLConnection(std::__cxx11::basic_string<char, std::char_traits<char>, std::allocator<char> > const&, int, std::__cxx11::basic_string<char, std::char_traits<char>, std::allocator<char> > const&, std::__cxx11::basic_string<char, std::char_traits<char>, std::allocator<char> > const&, std::__cxx11::basic_string<char, std::char_traits<char>, std::allocator<char> > const&) (driver_mysql.cpp:624)
==268755== 
==268755== 56 bytes in 1 blocks are still reachable in loss record 1,174 of 2,004
==268755==    at 0x4849013: operator new(unsigned long) (in /usr/libexec/valgrind/vgpreload_memcheck-amd64-linux.so)
==268755==    by 0x48E4B91: ??? (in /usr/lib/x86_64-linux-gnu/libmysqlclient.so.21.2.42)
==268755==    by 0x48E4EDC: ??? (in /usr/lib/x86_64-linux-gnu/libmysqlclient.so.21.2.42)
==268755==    by 0x4906EF7: ??? (in /usr/lib/x86_64-linux-gnu/libmysqlclient.so.21.2.42)
==268755==    by 0x48E6082: ??? (in /usr/lib/x86_64-linux-gnu/libmysqlclient.so.21.2.42)
==268755==    by 0x522BEE7: __pthread_once_slow (pthread_once.c:116)
==268755==    by 0x4903155: ??? (in /usr/lib/x86_64-linux-gnu/libmysqlclient.so.21.2.42)
==268755==    by 0x489CBB8: ??? (in /usr/lib/x86_64-linux-gnu/libmysqlclient.so.21.2.42)
==268755==    by 0x489D1FA: ??? (in /usr/lib/x86_64-linux-gnu/libmysqlclient.so.21.2.42)
==268755==    by 0x48A3273: ??? (in /usr/lib/x86_64-linux-gnu/libmysqlclient.so.21.2.42)
==268755==    by 0x489EF82: mysql_real_connect (in /usr/lib/x86_64-linux-gnu/libmysqlclient.so.21.2.42)
==268755==    by 0x1EC2E1: cpp_dbc::MySQL::MySQLConnection::MySQLConnection(std::__cxx11::basic_string<char, std::char_traits<char>, std::allocator<char> > const&, int, std::__cxx11::basic_string<char, std::char_traits<char>, std::allocator<char> > const&, std::__cxx11::basic_string<char, std::char_traits<char>, std::allocator<char> > const&, std::__cxx11::basic_string<char, std::char_traits<char>, std::allocator<char> > const&) (driver_mysql.cpp:624)
==268755== 
==268755== 56 bytes in 1 blocks are still reachable in loss record 1,175 of 2,004
==268755==    at 0x4849013: operator new(unsigned long) (in /usr/libexec/valgrind/vgpreload_memcheck-amd64-linux.so)
==268755==    by 0x48E4B91: ??? (in /usr/lib/x86_64-linux-gnu/libmysqlclient.so.21.2.42)
==268755==    by 0x48E4EDC: ??? (in /usr/lib/x86_64-linux-gnu/libmysqlclient.so.21.2.42)
==268755==    by 0x4906F39: ??? (in /usr/lib/x86_64-linux-gnu/libmysqlclient.so.21.2.42)
==268755==    by 0x48E6082: ??? (in /usr/lib/x86_64-linux-gnu/libmysqlclient.so.21.2.42)
==268755==    by 0x522BEE7: __pthread_once_slow (pthread_once.c:116)
==268755==    by 0x4903155: ??? (in /usr/lib/x86_64-linux-gnu/libmysqlclient.so.21.2.42)
==268755==    by 0x489CBB8: ??? (in /usr/lib/x86_64-linux-gnu/libmysqlclient.so.21.2.42)
==268755==    by 0x489D1FA: ??? (in /usr/lib/x86_64-linux-gnu/libmysqlclient.so.21.2.42)
==268755==    by 0x48A3273: ??? (in /usr/lib/x86_64-linux-gnu/libmysqlclient.so.21.2.42)
==268755==    by 0x489EF82: mysql_real_connect (in /usr/lib/x86_64-linux-gnu/libmysqlclient.so.21.2.42)
==268755==    by 0x1EC2E1: cpp_dbc::MySQL::MySQLConnection::MySQLConnection(std::__cxx11::basic_string<char, std::char_traits<char>, std::allocator<char> > const&, int, std::__cxx11::basic_string<char, std::char_traits<char>, std::allocator<char> > const&, std::__cxx11::basic_string<char, std::char_traits<char>, std::allocator<char> > const&, std::__cxx11::basic_string<char, std::char_traits<char>, std::allocator<char> > const&) (driver_mysql.cpp:624)
==268755== 
==268755== 56 bytes in 1 blocks are still reachable in loss record 1,176 of 2,004
==268755==    at 0x4849013: operator new(unsigned long) (in /usr/libexec/valgrind/vgpreload_memcheck-amd64-linux.so)
==268755==    by 0x48E4B91: ??? (in /usr/lib/x86_64-linux-gnu/libmysqlclient.so.21.2.42)
==268755==    by 0x48E4EDC: ??? (in /usr/lib/x86_64-linux-gnu/libmysqlclient.so.21.2.42)
==268755==    by 0x4906F7B: ??? (in /usr/lib/x86_64-linux-gnu/libmysqlclient.so.21.2.42)
==268755==    by 0x48E6082: ??? (in /usr/lib/x86_64-linux-gnu/libmysqlclient.so.21.2.42)
==268755==    by 0x522BEE7: __pthread_once_slow (pthread_once.c:116)
==268755==    by 0x4903155: ??? (in /usr/lib/x86_64-linux-gnu/libmysqlclient.so.21.2.42)
==268755==    by 0x489CBB8: ??? (in /usr/lib/x86_64-linux-gnu/libmysqlclient.so.21.2.42)
==268755==    by 0x489D1FA: ??? (in /usr/lib/x86_64-linux-gnu/libmysqlclient.so.21.2.42)
==268755==    by 0x48A3273: ??? (in /usr/lib/x86_64-linux-gnu/libmysqlclient.so.21.2.42)
==268755==    by 0x489EF82: mysql_real_connect (in /usr/lib/x86_64-linux-gnu/libmysqlclient.so.21.2.42)
==268755==    by 0x1EC2E1: cpp_dbc::MySQL::MySQLConnection::MySQLConnection(std::__cxx11::basic_string<char, std::char_traits<char>, std::allocator<char> > const&, int, std::__cxx11::basic_string<char, std::char_traits<char>, std::allocator<char> > const&, std::__cxx11::basic_string<char, std::char_traits<char>, std::allocator<char> > const&, std::__cxx11::basic_string<char, std::char_traits<char>, std::allocator<char> > const&) (driver_mysql.cpp:624)
==268755== 
==268755== 56 bytes in 1 blocks are still reachable in loss record 1,177 of 2,004
==268755==    at 0x4849013: operator new(unsigned long) (in /usr/libexec/valgrind/vgpreload_memcheck-amd64-linux.so)
==268755==    by 0x48E4B91: ??? (in /usr/lib/x86_64-linux-gnu/libmysqlclient.so.21.2.42)
==268755==    by 0x48E4EDC: ??? (in /usr/lib/x86_64-linux-gnu/libmysqlclient.so.21.2.42)
==268755==    by 0x4906FBD: ??? (in /usr/lib/x86_64-linux-gnu/libmysqlclient.so.21.2.42)
==268755==    by 0x48E6082: ??? (in /usr/lib/x86_64-linux-gnu/libmysqlclient.so.21.2.42)
==268755==    by 0x522BEE7: __pthread_once_slow (pthread_once.c:116)
==268755==    by 0x4903155: ??? (in /usr/lib/x86_64-linux-gnu/libmysqlclient.so.21.2.42)
==268755==    by 0x489CBB8: ??? (in /usr/lib/x86_64-linux-gnu/libmysqlclient.so.21.2.42)
==268755==    by 0x489D1FA: ??? (in /usr/lib/x86_64-linux-gnu/libmysqlclient.so.21.2.42)
==268755==    by 0x48A3273: ??? (in /usr/lib/x86_64-linux-gnu/libmysqlclient.so.21.2.42)
==268755==    by 0x489EF82: mysql_real_connect (in /usr/lib/x86_64-linux-gnu/libmysqlclient.so.21.2.42)
==268755==    by 0x1EC2E1: cpp_dbc::MySQL::MySQLConnection::MySQLConnection(std::__cxx11::basic_string<char, std::char_traits<char>, std::allocator<char> > const&, int, std::__cxx11::basic_string<char, std::char_traits<char>, std::allocator<char> > const&, std::__cxx11::basic_string<char, std::char_traits<char>, std::allocator<char> > const&, std::__cxx11::basic_string<char, std::char_traits<char>, std::allocator<char> > const&) (driver_mysql.cpp:624)
==268755== 
==268755== 56 bytes in 1 blocks are still reachable in loss record 1,178 of 2,004
==268755==    at 0x4849013: operator new(unsigned long) (in /usr/libexec/valgrind/vgpreload_memcheck-amd64-linux.so)
==268755==    by 0x48E4B91: ??? (in /usr/lib/x86_64-linux-gnu/libmysqlclient.so.21.2.42)
==268755==    by 0x48E4EDC: ??? (in /usr/lib/x86_64-linux-gnu/libmysqlclient.so.21.2.42)
==268755==    by 0x48E5188: ??? (in /usr/lib/x86_64-linux-gnu/libmysqlclient.so.21.2.42)
==268755==    by 0x4906FEB: ??? (in /usr/lib/x86_64-linux-gnu/libmysqlclient.so.21.2.42)
==268755==    by 0x48E6082: ??? (in /usr/lib/x86_64-linux-gnu/libmysqlclient.so.21.2.42)
==268755==    by 0x522BEE7: __pthread_once_slow (pthread_once.c:116)
==268755==    by 0x4903155: ??? (in /usr/lib/x86_64-linux-gnu/libmysqlclient.so.21.2.42)
==268755==    by 0x489CBB8: ??? (in /usr/lib/x86_64-linux-gnu/libmysqlclient.so.21.2.42)
==268755==    by 0x489D1FA: ??? (in /usr/lib/x86_64-linux-gnu/libmysqlclient.so.21.2.42)
==268755==    by 0x48A3273: ??? (in /usr/lib/x86_64-linux-gnu/libmysqlclient.so.21.2.42)
==268755==    by 0x489EF82: mysql_real_connect (in /usr/lib/x86_64-linux-gnu/libmysqlclient.so.21.2.42)
==268755== 
==268755== 56 bytes in 1 blocks are still reachable in loss record 1,179 of 2,004
==268755==    at 0x4849013: operator new(unsigned long) (in /usr/libexec/valgrind/vgpreload_memcheck-amd64-linux.so)
==268755==    by 0x48E4B91: ??? (in /usr/lib/x86_64-linux-gnu/libmysqlclient.so.21.2.42)
==268755==    by 0x48E4EDC: ??? (in /usr/lib/x86_64-linux-gnu/libmysqlclient.so.21.2.42)
==268755==    by 0x490700B: ??? (in /usr/lib/x86_64-linux-gnu/libmysqlclient.so.21.2.42)
==268755==    by 0x48E6082: ??? (in /usr/lib/x86_64-linux-gnu/libmysqlclient.so.21.2.42)
==268755==    by 0x522BEE7: __pthread_once_slow (pthread_once.c:116)
==268755==    by 0x4903155: ??? (in /usr/lib/x86_64-linux-gnu/libmysqlclient.so.21.2.42)
==268755==    by 0x489CBB8: ??? (in /usr/lib/x86_64-linux-gnu/libmysqlclient.so.21.2.42)
==268755==    by 0x489D1FA: ??? (in /usr/lib/x86_64-linux-gnu/libmysqlclient.so.21.2.42)
==268755==    by 0x48A3273: ??? (in /usr/lib/x86_64-linux-gnu/libmysqlclient.so.21.2.42)
==268755==    by 0x489EF82: mysql_real_connect (in /usr/lib/x86_64-linux-gnu/libmysqlclient.so.21.2.42)
==268755==    by 0x1EC2E1: cpp_dbc::MySQL::MySQLConnection::MySQLConnection(std::__cxx11::basic_string<char, std::char_traits<char>, std::allocator<char> > const&, int, std::__cxx11::basic_string<char, std::char_traits<char>, std::allocator<char> > const&, std::__cxx11::basic_string<char, std::char_traits<char>, std::allocator<char> > const&, std::__cxx11::basic_string<char, std::char_traits<char>, std::allocator<char> > const&) (driver_mysql.cpp:624)
==268755== 
==268755== 56 bytes in 1 blocks are still reachable in loss record 1,180 of 2,004
==268755==    at 0x4849013: operator new(unsigned long) (in /usr/libexec/valgrind/vgpreload_memcheck-amd64-linux.so)
==268755==    by 0x48E4B91: ??? (in /usr/lib/x86_64-linux-gnu/libmysqlclient.so.21.2.42)
==268755==    by 0x48E4EDC: ??? (in /usr/lib/x86_64-linux-gnu/libmysqlclient.so.21.2.42)
==268755==    by 0x490704D: ??? (in /usr/lib/x86_64-linux-gnu/libmysqlclient.so.21.2.42)
==268755==    by 0x48E6082: ??? (in /usr/lib/x86_64-linux-gnu/libmysqlclient.so.21.2.42)
==268755==    by 0x522BEE7: __pthread_once_slow (pthread_once.c:116)
==268755==    by 0x4903155: ??? (in /usr/lib/x86_64-linux-gnu/libmysqlclient.so.21.2.42)
==268755==    by 0x489CBB8: ??? (in /usr/lib/x86_64-linux-gnu/libmysqlclient.so.21.2.42)
==268755==    by 0x489D1FA: ??? (in /usr/lib/x86_64-linux-gnu/libmysqlclient.so.21.2.42)
==268755==    by 0x48A3273: ??? (in /usr/lib/x86_64-linux-gnu/libmysqlclient.so.21.2.42)
==268755==    by 0x489EF82: mysql_real_connect (in /usr/lib/x86_64-linux-gnu/libmysqlclient.so.21.2.42)
==268755==    by 0x1EC2E1: cpp_dbc::MySQL::MySQLConnection::MySQLConnection(std::__cxx11::basic_string<char, std::char_traits<char>, std::allocator<char> > const&, int, std::__cxx11::basic_string<char, std::char_traits<char>, std::allocator<char> > const&, std::__cxx11::basic_string<char, std::char_traits<char>, std::allocator<char> > const&, std::__cxx11::basic_string<char, std::char_traits<char>, std::allocator<char> > const&) (driver_mysql.cpp:624)
==268755== 
==268755== 56 bytes in 1 blocks are still reachable in loss record 1,181 of 2,004
==268755==    at 0x4849013: operator new(unsigned long) (in /usr/libexec/valgrind/vgpreload_memcheck-amd64-linux.so)
==268755==    by 0x48E4B91: ??? (in /usr/lib/x86_64-linux-gnu/libmysqlclient.so.21.2.42)
==268755==    by 0x48E4EDC: ??? (in /usr/lib/x86_64-linux-gnu/libmysqlclient.so.21.2.42)
==268755==    by 0x490708F: ??? (in /usr/lib/x86_64-linux-gnu/libmysqlclient.so.21.2.42)
==268755==    by 0x48E6082: ??? (in /usr/lib/x86_64-linux-gnu/libmysqlclient.so.21.2.42)
==268755==    by 0x522BEE7: __pthread_once_slow (pthread_once.c:116)
==268755==    by 0x4903155: ??? (in /usr/lib/x86_64-linux-gnu/libmysqlclient.so.21.2.42)
==268755==    by 0x489CBB8: ??? (in /usr/lib/x86_64-linux-gnu/libmysqlclient.so.21.2.42)
==268755==    by 0x489D1FA: ??? (in /usr/lib/x86_64-linux-gnu/libmysqlclient.so.21.2.42)
==268755==    by 0x48A3273: ??? (in /usr/lib/x86_64-linux-gnu/libmysqlclient.so.21.2.42)
==268755==    by 0x489EF82: mysql_real_connect (in /usr/lib/x86_64-linux-gnu/libmysqlclient.so.21.2.42)
==268755==    by 0x1EC2E1: cpp_dbc::MySQL::MySQLConnection::MySQLConnection(std::__cxx11::basic_string<char, std::char_traits<char>, std::allocator<char> > const&, int, std::__cxx11::basic_string<char, std::char_traits<char>, std::allocator<char> > const&, std::__cxx11::basic_string<char, std::char_traits<char>, std::allocator<char> > const&, std::__cxx11::basic_string<char, std::char_traits<char>, std::allocator<char> > const&) (driver_mysql.cpp:624)
==268755== 
==268755== 56 bytes in 1 blocks are still reachable in loss record 1,182 of 2,004
==268755==    at 0x4849013: operator new(unsigned long) (in /usr/libexec/valgrind/vgpreload_memcheck-amd64-linux.so)
==268755==    by 0x48E4B91: ??? (in /usr/lib/x86_64-linux-gnu/libmysqlclient.so.21.2.42)
==268755==    by 0x48E4EDC: ??? (in /usr/lib/x86_64-linux-gnu/libmysqlclient.so.21.2.42)
==268755==    by 0x49070D1: ??? (in /usr/lib/x86_64-linux-gnu/libmysqlclient.so.21.2.42)
==268755==    by 0x48E6082: ??? (in /usr/lib/x86_64-linux-gnu/libmysqlclient.so.21.2.42)
==268755==    by 0x522BEE7: __pthread_once_slow (pthread_once.c:116)
==268755==    by 0x4903155: ??? (in /usr/lib/x86_64-linux-gnu/libmysqlclient.so.21.2.42)
==268755==    by 0x489CBB8: ??? (in /usr/lib/x86_64-linux-gnu/libmysqlclient.so.21.2.42)
==268755==    by 0x489D1FA: ??? (in /usr/lib/x86_64-linux-gnu/libmysqlclient.so.21.2.42)
==268755==    by 0x48A3273: ??? (in /usr/lib/x86_64-linux-gnu/libmysqlclient.so.21.2.42)
==268755==    by 0x489EF82: mysql_real_connect (in /usr/lib/x86_64-linux-gnu/libmysqlclient.so.21.2.42)
==268755==    by 0x1EC2E1: cpp_dbc::MySQL::MySQLConnection::MySQLConnection(std::__cxx11::basic_string<char, std::char_traits<char>, std::allocator<char> > const&, int, std::__cxx11::basic_string<char, std::char_traits<char>, std::allocator<char> > const&, std::__cxx11::basic_string<char, std::char_traits<char>, std::allocator<char> > const&, std::__cxx11::basic_string<char, std::char_traits<char>, std::allocator<char> > const&) (driver_mysql.cpp:624)
==268755== 
==268755== 56 bytes in 1 blocks are still reachable in loss record 1,183 of 2,004
==268755==    at 0x4849013: operator new(unsigned long) (in /usr/libexec/valgrind/vgpreload_memcheck-amd64-linux.so)
==268755==    by 0x48E4B91: ??? (in /usr/lib/x86_64-linux-gnu/libmysqlclient.so.21.2.42)
==268755==    by 0x48E4EDC: ??? (in /usr/lib/x86_64-linux-gnu/libmysqlclient.so.21.2.42)
==268755==    by 0x4907113: ??? (in /usr/lib/x86_64-linux-gnu/libmysqlclient.so.21.2.42)
==268755==    by 0x48E6082: ??? (in /usr/lib/x86_64-linux-gnu/libmysqlclient.so.21.2.42)
==268755==    by 0x522BEE7: __pthread_once_slow (pthread_once.c:116)
==268755==    by 0x4903155: ??? (in /usr/lib/x86_64-linux-gnu/libmysqlclient.so.21.2.42)
==268755==    by 0x489CBB8: ??? (in /usr/lib/x86_64-linux-gnu/libmysqlclient.so.21.2.42)
==268755==    by 0x489D1FA: ??? (in /usr/lib/x86_64-linux-gnu/libmysqlclient.so.21.2.42)
==268755==    by 0x48A3273: ??? (in /usr/lib/x86_64-linux-gnu/libmysqlclient.so.21.2.42)
==268755==    by 0x489EF82: mysql_real_connect (in /usr/lib/x86_64-linux-gnu/libmysqlclient.so.21.2.42)
==268755==    by 0x1EC2E1: cpp_dbc::MySQL::MySQLConnection::MySQLConnection(std::__cxx11::basic_string<char, std::char_traits<char>, std::allocator<char> > const&, int, std::__cxx11::basic_string<char, std::char_traits<char>, std::allocator<char> > const&, std::__cxx11::basic_string<char, std::char_traits<char>, std::allocator<char> > const&, std::__cxx11::basic_string<char, std::char_traits<char>, std::allocator<char> > const&) (driver_mysql.cpp:624)
==268755== 
==268755== 56 bytes in 1 blocks are still reachable in loss record 1,184 of 2,004
==268755==    at 0x4849013: operator new(unsigned long) (in /usr/libexec/valgrind/vgpreload_memcheck-amd64-linux.so)
==268755==    by 0x48E4B91: ??? (in /usr/lib/x86_64-linux-gnu/libmysqlclient.so.21.2.42)
==268755==    by 0x48E4EDC: ??? (in /usr/lib/x86_64-linux-gnu/libmysqlclient.so.21.2.42)
==268755==    by 0x4907155: ??? (in /usr/lib/x86_64-linux-gnu/libmysqlclient.so.21.2.42)
==268755==    by 0x48E6082: ??? (in /usr/lib/x86_64-linux-gnu/libmysqlclient.so.21.2.42)
==268755==    by 0x522BEE7: __pthread_once_slow (pthread_once.c:116)
==268755==    by 0x4903155: ??? (in /usr/lib/x86_64-linux-gnu/libmysqlclient.so.21.2.42)
==268755==    by 0x489CBB8: ??? (in /usr/lib/x86_64-linux-gnu/libmysqlclient.so.21.2.42)
==268755==    by 0x489D1FA: ??? (in /usr/lib/x86_64-linux-gnu/libmysqlclient.so.21.2.42)
==268755==    by 0x48A3273: ??? (in /usr/lib/x86_64-linux-gnu/libmysqlclient.so.21.2.42)
==268755==    by 0x489EF82: mysql_real_connect (in /usr/lib/x86_64-linux-gnu/libmysqlclient.so.21.2.42)
==268755==    by 0x1EC2E1: cpp_dbc::MySQL::MySQLConnection::MySQLConnection(std::__cxx11::basic_string<char, std::char_traits<char>, std::allocator<char> > const&, int, std::__cxx11::basic_string<char, std::char_traits<char>, std::allocator<char> > const&, std::__cxx11::basic_string<char, std::char_traits<char>, std::allocator<char> > const&, std::__cxx11::basic_string<char, std::char_traits<char>, std::allocator<char> > const&) (driver_mysql.cpp:624)
==268755== 
==268755== 56 bytes in 1 blocks are still reachable in loss record 1,185 of 2,004
==268755==    at 0x4849013: operator new(unsigned long) (in /usr/libexec/valgrind/vgpreload_memcheck-amd64-linux.so)
==268755==    by 0x48E4B91: ??? (in /usr/lib/x86_64-linux-gnu/libmysqlclient.so.21.2.42)
==268755==    by 0x48E4EDC: ??? (in /usr/lib/x86_64-linux-gnu/libmysqlclient.so.21.2.42)
==268755==    by 0x48E5188: ??? (in /usr/lib/x86_64-linux-gnu/libmysqlclient.so.21.2.42)
==268755==    by 0x4907183: ??? (in /usr/lib/x86_64-linux-gnu/libmysqlclient.so.21.2.42)
==268755==    by 0x48E6082: ??? (in /usr/lib/x86_64-linux-gnu/libmysqlclient.so.21.2.42)
==268755==    by 0x522BEE7: __pthread_once_slow (pthread_once.c:116)
==268755==    by 0x4903155: ??? (in /usr/lib/x86_64-linux-gnu/libmysqlclient.so.21.2.42)
==268755==    by 0x489CBB8: ??? (in /usr/lib/x86_64-linux-gnu/libmysqlclient.so.21.2.42)
==268755==    by 0x489D1FA: ??? (in /usr/lib/x86_64-linux-gnu/libmysqlclient.so.21.2.42)
==268755==    by 0x48A3273: ??? (in /usr/lib/x86_64-linux-gnu/libmysqlclient.so.21.2.42)
==268755==    by 0x489EF82: mysql_real_connect (in /usr/lib/x86_64-linux-gnu/libmysqlclient.so.21.2.42)
==268755== 
==268755== 56 bytes in 1 blocks are still reachable in loss record 1,186 of 2,004
==268755==    at 0x4849013: operator new(unsigned long) (in /usr/libexec/valgrind/vgpreload_memcheck-amd64-linux.so)
==268755==    by 0x48E4B91: ??? (in /usr/lib/x86_64-linux-gnu/libmysqlclient.so.21.2.42)
==268755==    by 0x48E4EDC: ??? (in /usr/lib/x86_64-linux-gnu/libmysqlclient.so.21.2.42)
==268755==    by 0x49071A3: ??? (in /usr/lib/x86_64-linux-gnu/libmysqlclient.so.21.2.42)
==268755==    by 0x48E6082: ??? (in /usr/lib/x86_64-linux-gnu/libmysqlclient.so.21.2.42)
==268755==    by 0x522BEE7: __pthread_once_slow (pthread_once.c:116)
==268755==    by 0x4903155: ??? (in /usr/lib/x86_64-linux-gnu/libmysqlclient.so.21.2.42)
==268755==    by 0x489CBB8: ??? (in /usr/lib/x86_64-linux-gnu/libmysqlclient.so.21.2.42)
==268755==    by 0x489D1FA: ??? (in /usr/lib/x86_64-linux-gnu/libmysqlclient.so.21.2.42)
==268755==    by 0x48A3273: ??? (in /usr/lib/x86_64-linux-gnu/libmysqlclient.so.21.2.42)
==268755==    by 0x489EF82: mysql_real_connect (in /usr/lib/x86_64-linux-gnu/libmysqlclient.so.21.2.42)
==268755==    by 0x1EC2E1: cpp_dbc::MySQL::MySQLConnection::MySQLConnection(std::__cxx11::basic_string<char, std::char_traits<char>, std::allocator<char> > const&, int, std::__cxx11::basic_string<char, std::char_traits<char>, std::allocator<char> > const&, std::__cxx11::basic_string<char, std::char_traits<char>, std::allocator<char> > const&, std::__cxx11::basic_string<char, std::char_traits<char>, std::allocator<char> > const&) (driver_mysql.cpp:624)
==268755== 
==268755== 56 bytes in 1 blocks are still reachable in loss record 1,187 of 2,004
==268755==    at 0x4849013: operator new(unsigned long) (in /usr/libexec/valgrind/vgpreload_memcheck-amd64-linux.so)
==268755==    by 0x48E4B91: ??? (in /usr/lib/x86_64-linux-gnu/libmysqlclient.so.21.2.42)
==268755==    by 0x48E4EDC: ??? (in /usr/lib/x86_64-linux-gnu/libmysqlclient.so.21.2.42)
==268755==    by 0x49071E5: ??? (in /usr/lib/x86_64-linux-gnu/libmysqlclient.so.21.2.42)
==268755==    by 0x48E6082: ??? (in /usr/lib/x86_64-linux-gnu/libmysqlclient.so.21.2.42)
==268755==    by 0x522BEE7: __pthread_once_slow (pthread_once.c:116)
==268755==    by 0x4903155: ??? (in /usr/lib/x86_64-linux-gnu/libmysqlclient.so.21.2.42)
==268755==    by 0x489CBB8: ??? (in /usr/lib/x86_64-linux-gnu/libmysqlclient.so.21.2.42)
==268755==    by 0x489D1FA: ??? (in /usr/lib/x86_64-linux-gnu/libmysqlclient.so.21.2.42)
==268755==    by 0x48A3273: ??? (in /usr/lib/x86_64-linux-gnu/libmysqlclient.so.21.2.42)
==268755==    by 0x489EF82: mysql_real_connect (in /usr/lib/x86_64-linux-gnu/libmysqlclient.so.21.2.42)
==268755==    by 0x1EC2E1: cpp_dbc::MySQL::MySQLConnection::MySQLConnection(std::__cxx11::basic_string<char, std::char_traits<char>, std::allocator<char> > const&, int, std::__cxx11::basic_string<char, std::char_traits<char>, std::allocator<char> > const&, std::__cxx11::basic_string<char, std::char_traits<char>, std::allocator<char> > const&, std::__cxx11::basic_string<char, std::char_traits<char>, std::allocator<char> > const&) (driver_mysql.cpp:624)
==268755== 
==268755== 56 bytes in 1 blocks are still reachable in loss record 1,188 of 2,004
==268755==    at 0x4849013: operator new(unsigned long) (in /usr/libexec/valgrind/vgpreload_memcheck-amd64-linux.so)
==268755==    by 0x48E4B91: ??? (in /usr/lib/x86_64-linux-gnu/libmysqlclient.so.21.2.42)
==268755==    by 0x48E4EDC: ??? (in /usr/lib/x86_64-linux-gnu/libmysqlclient.so.21.2.42)
==268755==    by 0x4907227: ??? (in /usr/lib/x86_64-linux-gnu/libmysqlclient.so.21.2.42)
==268755==    by 0x48E6082: ??? (in /usr/lib/x86_64-linux-gnu/libmysqlclient.so.21.2.42)
==268755==    by 0x522BEE7: __pthread_once_slow (pthread_once.c:116)
==268755==    by 0x4903155: ??? (in /usr/lib/x86_64-linux-gnu/libmysqlclient.so.21.2.42)
==268755==    by 0x489CBB8: ??? (in /usr/lib/x86_64-linux-gnu/libmysqlclient.so.21.2.42)
==268755==    by 0x489D1FA: ??? (in /usr/lib/x86_64-linux-gnu/libmysqlclient.so.21.2.42)
==268755==    by 0x48A3273: ??? (in /usr/lib/x86_64-linux-gnu/libmysqlclient.so.21.2.42)
==268755==    by 0x489EF82: mysql_real_connect (in /usr/lib/x86_64-linux-gnu/libmysqlclient.so.21.2.42)
==268755==    by 0x1EC2E1: cpp_dbc::MySQL::MySQLConnection::MySQLConnection(std::__cxx11::basic_string<char, std::char_traits<char>, std::allocator<char> > const&, int, std::__cxx11::basic_string<char, std::char_traits<char>, std::allocator<char> > const&, std::__cxx11::basic_string<char, std::char_traits<char>, std::allocator<char> > const&, std::__cxx11::basic_string<char, std::char_traits<char>, std::allocator<char> > const&) (driver_mysql.cpp:624)
==268755== 
==268755== 56 bytes in 1 blocks are still reachable in loss record 1,189 of 2,004
==268755==    at 0x4849013: operator new(unsigned long) (in /usr/libexec/valgrind/vgpreload_memcheck-amd64-linux.so)
==268755==    by 0x48E4B91: ??? (in /usr/lib/x86_64-linux-gnu/libmysqlclient.so.21.2.42)
==268755==    by 0x48E4EDC: ??? (in /usr/lib/x86_64-linux-gnu/libmysqlclient.so.21.2.42)
==268755==    by 0x4907269: ??? (in /usr/lib/x86_64-linux-gnu/libmysqlclient.so.21.2.42)
==268755==    by 0x48E6082: ??? (in /usr/lib/x86_64-linux-gnu/libmysqlclient.so.21.2.42)
==268755==    by 0x522BEE7: __pthread_once_slow (pthread_once.c:116)
==268755==    by 0x4903155: ??? (in /usr/lib/x86_64-linux-gnu/libmysqlclient.so.21.2.42)
==268755==    by 0x489CBB8: ??? (in /usr/lib/x86_64-linux-gnu/libmysqlclient.so.21.2.42)
==268755==    by 0x489D1FA: ??? (in /usr/lib/x86_64-linux-gnu/libmysqlclient.so.21.2.42)
==268755==    by 0x48A3273: ??? (in /usr/lib/x86_64-linux-gnu/libmysqlclient.so.21.2.42)
==268755==    by 0x489EF82: mysql_real_connect (in /usr/lib/x86_64-linux-gnu/libmysqlclient.so.21.2.42)
==268755==    by 0x1EC2E1: cpp_dbc::MySQL::MySQLConnection::MySQLConnection(std::__cxx11::basic_string<char, std::char_traits<char>, std::allocator<char> > const&, int, std::__cxx11::basic_string<char, std::char_traits<char>, std::allocator<char> > const&, std::__cxx11::basic_string<char, std::char_traits<char>, std::allocator<char> > const&, std::__cxx11::basic_string<char, std::char_traits<char>, std::allocator<char> > const&) (driver_mysql.cpp:624)
==268755== 
==268755== 56 bytes in 1 blocks are still reachable in loss record 1,190 of 2,004
==268755==    at 0x4849013: operator new(unsigned long) (in /usr/libexec/valgrind/vgpreload_memcheck-amd64-linux.so)
==268755==    by 0x48E4B91: ??? (in /usr/lib/x86_64-linux-gnu/libmysqlclient.so.21.2.42)
==268755==    by 0x48E4EDC: ??? (in /usr/lib/x86_64-linux-gnu/libmysqlclient.so.21.2.42)
==268755==    by 0x49072AB: ??? (in /usr/lib/x86_64-linux-gnu/libmysqlclient.so.21.2.42)
==268755==    by 0x48E6082: ??? (in /usr/lib/x86_64-linux-gnu/libmysqlclient.so.21.2.42)
==268755==    by 0x522BEE7: __pthread_once_slow (pthread_once.c:116)
==268755==    by 0x4903155: ??? (in /usr/lib/x86_64-linux-gnu/libmysqlclient.so.21.2.42)
==268755==    by 0x489CBB8: ??? (in /usr/lib/x86_64-linux-gnu/libmysqlclient.so.21.2.42)
==268755==    by 0x489D1FA: ??? (in /usr/lib/x86_64-linux-gnu/libmysqlclient.so.21.2.42)
==268755==    by 0x48A3273: ??? (in /usr/lib/x86_64-linux-gnu/libmysqlclient.so.21.2.42)
==268755==    by 0x489EF82: mysql_real_connect (in /usr/lib/x86_64-linux-gnu/libmysqlclient.so.21.2.42)
==268755==    by 0x1EC2E1: cpp_dbc::MySQL::MySQLConnection::MySQLConnection(std::__cxx11::basic_string<char, std::char_traits<char>, std::allocator<char> > const&, int, std::__cxx11::basic_string<char, std::char_traits<char>, std::allocator<char> > const&, std::__cxx11::basic_string<char, std::char_traits<char>, std::allocator<char> > const&, std::__cxx11::basic_string<char, std::char_traits<char>, std::allocator<char> > const&) (driver_mysql.cpp:624)
==268755== 
==268755== 56 bytes in 1 blocks are still reachable in loss record 1,191 of 2,004
==268755==    at 0x4849013: operator new(unsigned long) (in /usr/libexec/valgrind/vgpreload_memcheck-amd64-linux.so)
==268755==    by 0x48E4B91: ??? (in /usr/lib/x86_64-linux-gnu/libmysqlclient.so.21.2.42)
==268755==    by 0x48E4EDC: ??? (in /usr/lib/x86_64-linux-gnu/libmysqlclient.so.21.2.42)
==268755==    by 0x49072ED: ??? (in /usr/lib/x86_64-linux-gnu/libmysqlclient.so.21.2.42)
==268755==    by 0x48E6082: ??? (in /usr/lib/x86_64-linux-gnu/libmysqlclient.so.21.2.42)
==268755==    by 0x522BEE7: __pthread_once_slow (pthread_once.c:116)
==268755==    by 0x4903155: ??? (in /usr/lib/x86_64-linux-gnu/libmysqlclient.so.21.2.42)
==268755==    by 0x489CBB8: ??? (in /usr/lib/x86_64-linux-gnu/libmysqlclient.so.21.2.42)
==268755==    by 0x489D1FA: ??? (in /usr/lib/x86_64-linux-gnu/libmysqlclient.so.21.2.42)
==268755==    by 0x48A3273: ??? (in /usr/lib/x86_64-linux-gnu/libmysqlclient.so.21.2.42)
==268755==    by 0x489EF82: mysql_real_connect (in /usr/lib/x86_64-linux-gnu/libmysqlclient.so.21.2.42)
==268755==    by 0x1EC2E1: cpp_dbc::MySQL::MySQLConnection::MySQLConnection(std::__cxx11::basic_string<char, std::char_traits<char>, std::allocator<char> > const&, int, std::__cxx11::basic_string<char, std::char_traits<char>, std::allocator<char> > const&, std::__cxx11::basic_string<char, std::char_traits<char>, std::allocator<char> > const&, std::__cxx11::basic_string<char, std::char_traits<char>, std::allocator<char> > const&) (driver_mysql.cpp:624)
==268755== 
==268755== 56 bytes in 1 blocks are still reachable in loss record 1,192 of 2,004
==268755==    at 0x4849013: operator new(unsigned long) (in /usr/libexec/valgrind/vgpreload_memcheck-amd64-linux.so)
==268755==    by 0x48E4B91: ??? (in /usr/lib/x86_64-linux-gnu/libmysqlclient.so.21.2.42)
==268755==    by 0x48E4EDC: ??? (in /usr/lib/x86_64-linux-gnu/libmysqlclient.so.21.2.42)
==268755==    by 0x490732F: ??? (in /usr/lib/x86_64-linux-gnu/libmysqlclient.so.21.2.42)
==268755==    by 0x48E6082: ??? (in /usr/lib/x86_64-linux-gnu/libmysqlclient.so.21.2.42)
==268755==    by 0x522BEE7: __pthread_once_slow (pthread_once.c:116)
==268755==    by 0x4903155: ??? (in /usr/lib/x86_64-linux-gnu/libmysqlclient.so.21.2.42)
==268755==    by 0x489CBB8: ??? (in /usr/lib/x86_64-linux-gnu/libmysqlclient.so.21.2.42)
==268755==    by 0x489D1FA: ??? (in /usr/lib/x86_64-linux-gnu/libmysqlclient.so.21.2.42)
==268755==    by 0x48A3273: ??? (in /usr/lib/x86_64-linux-gnu/libmysqlclient.so.21.2.42)
==268755==    by 0x489EF82: mysql_real_connect (in /usr/lib/x86_64-linux-gnu/libmysqlclient.so.21.2.42)
==268755==    by 0x1EC2E1: cpp_dbc::MySQL::MySQLConnection::MySQLConnection(std::__cxx11::basic_string<char, std::char_traits<char>, std::allocator<char> > const&, int, std::__cxx11::basic_string<char, std::char_traits<char>, std::allocator<char> > const&, std::__cxx11::basic_string<char, std::char_traits<char>, std::allocator<char> > const&, std::__cxx11::basic_string<char, std::char_traits<char>, std::allocator<char> > const&) (driver_mysql.cpp:624)
==268755== 
==268755== 56 bytes in 1 blocks are still reachable in loss record 1,193 of 2,004
==268755==    at 0x4849013: operator new(unsigned long) (in /usr/libexec/valgrind/vgpreload_memcheck-amd64-linux.so)
==268755==    by 0x48E4B91: ??? (in /usr/lib/x86_64-linux-gnu/libmysqlclient.so.21.2.42)
==268755==    by 0x48E4EDC: ??? (in /usr/lib/x86_64-linux-gnu/libmysqlclient.so.21.2.42)
==268755==    by 0x48E5188: ??? (in /usr/lib/x86_64-linux-gnu/libmysqlclient.so.21.2.42)
==268755==    by 0x490735D: ??? (in /usr/lib/x86_64-linux-gnu/libmysqlclient.so.21.2.42)
==268755==    by 0x48E6082: ??? (in /usr/lib/x86_64-linux-gnu/libmysqlclient.so.21.2.42)
==268755==    by 0x522BEE7: __pthread_once_slow (pthread_once.c:116)
==268755==    by 0x4903155: ??? (in /usr/lib/x86_64-linux-gnu/libmysqlclient.so.21.2.42)
==268755==    by 0x489CBB8: ??? (in /usr/lib/x86_64-linux-gnu/libmysqlclient.so.21.2.42)
==268755==    by 0x489D1FA: ??? (in /usr/lib/x86_64-linux-gnu/libmysqlclient.so.21.2.42)
==268755==    by 0x48A3273: ??? (in /usr/lib/x86_64-linux-gnu/libmysqlclient.so.21.2.42)
==268755==    by 0x489EF82: mysql_real_connect (in /usr/lib/x86_64-linux-gnu/libmysqlclient.so.21.2.42)
==268755== 
==268755== 56 bytes in 1 blocks are still reachable in loss record 1,194 of 2,004
==268755==    at 0x4849013: operator new(unsigned long) (in /usr/libexec/valgrind/vgpreload_memcheck-amd64-linux.so)
==268755==    by 0x48E4B91: ??? (in /usr/lib/x86_64-linux-gnu/libmysqlclient.so.21.2.42)
==268755==    by 0x48E5098: ??? (in /usr/lib/x86_64-linux-gnu/libmysqlclient.so.21.2.42)
==268755==    by 0x48E5196: ??? (in /usr/lib/x86_64-linux-gnu/libmysqlclient.so.21.2.42)
==268755==    by 0x490735D: ??? (in /usr/lib/x86_64-linux-gnu/libmysqlclient.so.21.2.42)
==268755==    by 0x48E6082: ??? (in /usr/lib/x86_64-linux-gnu/libmysqlclient.so.21.2.42)
==268755==    by 0x522BEE7: __pthread_once_slow (pthread_once.c:116)
==268755==    by 0x4903155: ??? (in /usr/lib/x86_64-linux-gnu/libmysqlclient.so.21.2.42)
==268755==    by 0x489CBB8: ??? (in /usr/lib/x86_64-linux-gnu/libmysqlclient.so.21.2.42)
==268755==    by 0x489D1FA: ??? (in /usr/lib/x86_64-linux-gnu/libmysqlclient.so.21.2.42)
==268755==    by 0x48A3273: ??? (in /usr/lib/x86_64-linux-gnu/libmysqlclient.so.21.2.42)
==268755==    by 0x489EF82: mysql_real_connect (in /usr/lib/x86_64-linux-gnu/libmysqlclient.so.21.2.42)
==268755== 
==268755== 56 bytes in 1 blocks are still reachable in loss record 1,195 of 2,004
==268755==    at 0x4849013: operator new(unsigned long) (in /usr/libexec/valgrind/vgpreload_memcheck-amd64-linux.so)
==268755==    by 0x48E4B91: ??? (in /usr/lib/x86_64-linux-gnu/libmysqlclient.so.21.2.42)
==268755==    by 0x48E4EDC: ??? (in /usr/lib/x86_64-linux-gnu/libmysqlclient.so.21.2.42)
==268755==    by 0x48E5188: ??? (in /usr/lib/x86_64-linux-gnu/libmysqlclient.so.21.2.42)
==268755==    by 0x4907369: ??? (in /usr/lib/x86_64-linux-gnu/libmysqlclient.so.21.2.42)
==268755==    by 0x48E6082: ??? (in /usr/lib/x86_64-linux-gnu/libmysqlclient.so.21.2.42)
==268755==    by 0x522BEE7: __pthread_once_slow (pthread_once.c:116)
==268755==    by 0x4903155: ??? (in /usr/lib/x86_64-linux-gnu/libmysqlclient.so.21.2.42)
==268755==    by 0x489CBB8: ??? (in /usr/lib/x86_64-linux-gnu/libmysqlclient.so.21.2.42)
==268755==    by 0x489D1FA: ??? (in /usr/lib/x86_64-linux-gnu/libmysqlclient.so.21.2.42)
==268755==    by 0x48A3273: ??? (in /usr/lib/x86_64-linux-gnu/libmysqlclient.so.21.2.42)
==268755==    by 0x489EF82: mysql_real_connect (in /usr/lib/x86_64-linux-gnu/libmysqlclient.so.21.2.42)
==268755== 
==268755== 56 bytes in 1 blocks are still reachable in loss record 1,196 of 2,004
==268755==    at 0x4849013: operator new(unsigned long) (in /usr/libexec/valgrind/vgpreload_memcheck-amd64-linux.so)
==268755==    by 0x48E4B91: ??? (in /usr/lib/x86_64-linux-gnu/libmysqlclient.so.21.2.42)
==268755==    by 0x48E4EDC: ??? (in /usr/lib/x86_64-linux-gnu/libmysqlclient.so.21.2.42)
==268755==    by 0x4907389: ??? (in /usr/lib/x86_64-linux-gnu/libmysqlclient.so.21.2.42)
==268755==    by 0x48E6082: ??? (in /usr/lib/x86_64-linux-gnu/libmysqlclient.so.21.2.42)
==268755==    by 0x522BEE7: __pthread_once_slow (pthread_once.c:116)
==268755==    by 0x4903155: ??? (in /usr/lib/x86_64-linux-gnu/libmysqlclient.so.21.2.42)
==268755==    by 0x489CBB8: ??? (in /usr/lib/x86_64-linux-gnu/libmysqlclient.so.21.2.42)
==268755==    by 0x489D1FA: ??? (in /usr/lib/x86_64-linux-gnu/libmysqlclient.so.21.2.42)
==268755==    by 0x48A3273: ??? (in /usr/lib/x86_64-linux-gnu/libmysqlclient.so.21.2.42)
==268755==    by 0x489EF82: mysql_real_connect (in /usr/lib/x86_64-linux-gnu/libmysqlclient.so.21.2.42)
==268755==    by 0x1EC2E1: cpp_dbc::MySQL::MySQLConnection::MySQLConnection(std::__cxx11::basic_string<char, std::char_traits<char>, std::allocator<char> > const&, int, std::__cxx11::basic_string<char, std::char_traits<char>, std::allocator<char> > const&, std::__cxx11::basic_string<char, std::char_traits<char>, std::allocator<char> > const&, std::__cxx11::basic_string<char, std::char_traits<char>, std::allocator<char> > const&) (driver_mysql.cpp:624)
==268755== 
==268755== 56 bytes in 1 blocks are still reachable in loss record 1,197 of 2,004
==268755==    at 0x4849013: operator new(unsigned long) (in /usr/libexec/valgrind/vgpreload_memcheck-amd64-linux.so)
==268755==    by 0x48E4B91: ??? (in /usr/lib/x86_64-linux-gnu/libmysqlclient.so.21.2.42)
==268755==    by 0x48E4EDC: ??? (in /usr/lib/x86_64-linux-gnu/libmysqlclient.so.21.2.42)
==268755==    by 0x49073CB: ??? (in /usr/lib/x86_64-linux-gnu/libmysqlclient.so.21.2.42)
==268755==    by 0x48E6082: ??? (in /usr/lib/x86_64-linux-gnu/libmysqlclient.so.21.2.42)
==268755==    by 0x522BEE7: __pthread_once_slow (pthread_once.c:116)
==268755==    by 0x4903155: ??? (in /usr/lib/x86_64-linux-gnu/libmysqlclient.so.21.2.42)
==268755==    by 0x489CBB8: ??? (in /usr/lib/x86_64-linux-gnu/libmysqlclient.so.21.2.42)
==268755==    by 0x489D1FA: ??? (in /usr/lib/x86_64-linux-gnu/libmysqlclient.so.21.2.42)
==268755==    by 0x48A3273: ??? (in /usr/lib/x86_64-linux-gnu/libmysqlclient.so.21.2.42)
==268755==    by 0x489EF82: mysql_real_connect (in /usr/lib/x86_64-linux-gnu/libmysqlclient.so.21.2.42)
==268755==    by 0x1EC2E1: cpp_dbc::MySQL::MySQLConnection::MySQLConnection(std::__cxx11::basic_string<char, std::char_traits<char>, std::allocator<char> > const&, int, std::__cxx11::basic_string<char, std::char_traits<char>, std::allocator<char> > const&, std::__cxx11::basic_string<char, std::char_traits<char>, std::allocator<char> > const&, std::__cxx11::basic_string<char, std::char_traits<char>, std::allocator<char> > const&) (driver_mysql.cpp:624)
==268755== 
==268755== 56 bytes in 1 blocks are still reachable in loss record 1,198 of 2,004
==268755==    at 0x4849013: operator new(unsigned long) (in /usr/libexec/valgrind/vgpreload_memcheck-amd64-linux.so)
==268755==    by 0x48E4B91: ??? (in /usr/lib/x86_64-linux-gnu/libmysqlclient.so.21.2.42)
==268755==    by 0x48E4EDC: ??? (in /usr/lib/x86_64-linux-gnu/libmysqlclient.so.21.2.42)
==268755==    by 0x490740D: ??? (in /usr/lib/x86_64-linux-gnu/libmysqlclient.so.21.2.42)
==268755==    by 0x48E6082: ??? (in /usr/lib/x86_64-linux-gnu/libmysqlclient.so.21.2.42)
==268755==    by 0x522BEE7: __pthread_once_slow (pthread_once.c:116)
==268755==    by 0x4903155: ??? (in /usr/lib/x86_64-linux-gnu/libmysqlclient.so.21.2.42)
==268755==    by 0x489CBB8: ??? (in /usr/lib/x86_64-linux-gnu/libmysqlclient.so.21.2.42)
==268755==    by 0x489D1FA: ??? (in /usr/lib/x86_64-linux-gnu/libmysqlclient.so.21.2.42)
==268755==    by 0x48A3273: ??? (in /usr/lib/x86_64-linux-gnu/libmysqlclient.so.21.2.42)
==268755==    by 0x489EF82: mysql_real_connect (in /usr/lib/x86_64-linux-gnu/libmysqlclient.so.21.2.42)
==268755==    by 0x1EC2E1: cpp_dbc::MySQL::MySQLConnection::MySQLConnection(std::__cxx11::basic_string<char, std::char_traits<char>, std::allocator<char> > const&, int, std::__cxx11::basic_string<char, std::char_traits<char>, std::allocator<char> > const&, std::__cxx11::basic_string<char, std::char_traits<char>, std::allocator<char> > const&, std::__cxx11::basic_string<char, std::char_traits<char>, std::allocator<char> > const&) (driver_mysql.cpp:624)
==268755== 
==268755== 56 bytes in 1 blocks are still reachable in loss record 1,199 of 2,004
==268755==    at 0x4849013: operator new(unsigned long) (in /usr/libexec/valgrind/vgpreload_memcheck-amd64-linux.so)
==268755==    by 0x48E4B91: ??? (in /usr/lib/x86_64-linux-gnu/libmysqlclient.so.21.2.42)
==268755==    by 0x48E4EDC: ??? (in /usr/lib/x86_64-linux-gnu/libmysqlclient.so.21.2.42)
==268755==    by 0x490744F: ??? (in /usr/lib/x86_64-linux-gnu/libmysqlclient.so.21.2.42)
==268755==    by 0x48E6082: ??? (in /usr/lib/x86_64-linux-gnu/libmysqlclient.so.21.2.42)
==268755==    by 0x522BEE7: __pthread_once_slow (pthread_once.c:116)
==268755==    by 0x4903155: ??? (in /usr/lib/x86_64-linux-gnu/libmysqlclient.so.21.2.42)
==268755==    by 0x489CBB8: ??? (in /usr/lib/x86_64-linux-gnu/libmysqlclient.so.21.2.42)
==268755==    by 0x489D1FA: ??? (in /usr/lib/x86_64-linux-gnu/libmysqlclient.so.21.2.42)
==268755==    by 0x48A3273: ??? (in /usr/lib/x86_64-linux-gnu/libmysqlclient.so.21.2.42)
==268755==    by 0x489EF82: mysql_real_connect (in /usr/lib/x86_64-linux-gnu/libmysqlclient.so.21.2.42)
==268755==    by 0x1EC2E1: cpp_dbc::MySQL::MySQLConnection::MySQLConnection(std::__cxx11::basic_string<char, std::char_traits<char>, std::allocator<char> > const&, int, std::__cxx11::basic_string<char, std::char_traits<char>, std::allocator<char> > const&, std::__cxx11::basic_string<char, std::char_traits<char>, std::allocator<char> > const&, std::__cxx11::basic_string<char, std::char_traits<char>, std::allocator<char> > const&) (driver_mysql.cpp:624)
==268755== 
==268755== 56 bytes in 1 blocks are still reachable in loss record 1,200 of 2,004
==268755==    at 0x4849013: operator new(unsigned long) (in /usr/libexec/valgrind/vgpreload_memcheck-amd64-linux.so)
==268755==    by 0x48E4B91: ??? (in /usr/lib/x86_64-linux-gnu/libmysqlclient.so.21.2.42)
==268755==    by 0x48E4EDC: ??? (in /usr/lib/x86_64-linux-gnu/libmysqlclient.so.21.2.42)
==268755==    by 0x4907491: ??? (in /usr/lib/x86_64-linux-gnu/libmysqlclient.so.21.2.42)
==268755==    by 0x48E6082: ??? (in /usr/lib/x86_64-linux-gnu/libmysqlclient.so.21.2.42)
==268755==    by 0x522BEE7: __pthread_once_slow (pthread_once.c:116)
==268755==    by 0x4903155: ??? (in /usr/lib/x86_64-linux-gnu/libmysqlclient.so.21.2.42)
==268755==    by 0x489CBB8: ??? (in /usr/lib/x86_64-linux-gnu/libmysqlclient.so.21.2.42)
==268755==    by 0x489D1FA: ??? (in /usr/lib/x86_64-linux-gnu/libmysqlclient.so.21.2.42)
==268755==    by 0x48A3273: ??? (in /usr/lib/x86_64-linux-gnu/libmysqlclient.so.21.2.42)
==268755==    by 0x489EF82: mysql_real_connect (in /usr/lib/x86_64-linux-gnu/libmysqlclient.so.21.2.42)
==268755==    by 0x1EC2E1: cpp_dbc::MySQL::MySQLConnection::MySQLConnection(std::__cxx11::basic_string<char, std::char_traits<char>, std::allocator<char> > const&, int, std::__cxx11::basic_string<char, std::char_traits<char>, std::allocator<char> > const&, std::__cxx11::basic_string<char, std::char_traits<char>, std::allocator<char> > const&, std::__cxx11::basic_string<char, std::char_traits<char>, std::allocator<char> > const&) (driver_mysql.cpp:624)
==268755== 
==268755== 56 bytes in 1 blocks are still reachable in loss record 1,201 of 2,004
==268755==    at 0x4849013: operator new(unsigned long) (in /usr/libexec/valgrind/vgpreload_memcheck-amd64-linux.so)
==268755==    by 0x48E4B91: ??? (in /usr/lib/x86_64-linux-gnu/libmysqlclient.so.21.2.42)
==268755==    by 0x48E4EDC: ??? (in /usr/lib/x86_64-linux-gnu/libmysqlclient.so.21.2.42)
==268755==    by 0x49074D3: ??? (in /usr/lib/x86_64-linux-gnu/libmysqlclient.so.21.2.42)
==268755==    by 0x48E6082: ??? (in /usr/lib/x86_64-linux-gnu/libmysqlclient.so.21.2.42)
==268755==    by 0x522BEE7: __pthread_once_slow (pthread_once.c:116)
==268755==    by 0x4903155: ??? (in /usr/lib/x86_64-linux-gnu/libmysqlclient.so.21.2.42)
==268755==    by 0x489CBB8: ??? (in /usr/lib/x86_64-linux-gnu/libmysqlclient.so.21.2.42)
==268755==    by 0x489D1FA: ??? (in /usr/lib/x86_64-linux-gnu/libmysqlclient.so.21.2.42)
==268755==    by 0x48A3273: ??? (in /usr/lib/x86_64-linux-gnu/libmysqlclient.so.21.2.42)
==268755==    by 0x489EF82: mysql_real_connect (in /usr/lib/x86_64-linux-gnu/libmysqlclient.so.21.2.42)
==268755==    by 0x1EC2E1: cpp_dbc::MySQL::MySQLConnection::MySQLConnection(std::__cxx11::basic_string<char, std::char_traits<char>, std::allocator<char> > const&, int, std::__cxx11::basic_string<char, std::char_traits<char>, std::allocator<char> > const&, std::__cxx11::basic_string<char, std::char_traits<char>, std::allocator<char> > const&, std::__cxx11::basic_string<char, std::char_traits<char>, std::allocator<char> > const&) (driver_mysql.cpp:624)
==268755== 
==268755== 56 bytes in 1 blocks are still reachable in loss record 1,202 of 2,004
==268755==    at 0x4849013: operator new(unsigned long) (in /usr/libexec/valgrind/vgpreload_memcheck-amd64-linux.so)
==268755==    by 0x48E4B91: ??? (in /usr/lib/x86_64-linux-gnu/libmysqlclient.so.21.2.42)
==268755==    by 0x48E4EDC: ??? (in /usr/lib/x86_64-linux-gnu/libmysqlclient.so.21.2.42)
==268755==    by 0x4907515: ??? (in /usr/lib/x86_64-linux-gnu/libmysqlclient.so.21.2.42)
==268755==    by 0x48E6082: ??? (in /usr/lib/x86_64-linux-gnu/libmysqlclient.so.21.2.42)
==268755==    by 0x522BEE7: __pthread_once_slow (pthread_once.c:116)
==268755==    by 0x4903155: ??? (in /usr/lib/x86_64-linux-gnu/libmysqlclient.so.21.2.42)
==268755==    by 0x489CBB8: ??? (in /usr/lib/x86_64-linux-gnu/libmysqlclient.so.21.2.42)
==268755==    by 0x489D1FA: ??? (in /usr/lib/x86_64-linux-gnu/libmysqlclient.so.21.2.42)
==268755==    by 0x48A3273: ??? (in /usr/lib/x86_64-linux-gnu/libmysqlclient.so.21.2.42)
==268755==    by 0x489EF82: mysql_real_connect (in /usr/lib/x86_64-linux-gnu/libmysqlclient.so.21.2.42)
==268755==    by 0x1EC2E1: cpp_dbc::MySQL::MySQLConnection::MySQLConnection(std::__cxx11::basic_string<char, std::char_traits<char>, std::allocator<char> > const&, int, std::__cxx11::basic_string<char, std::char_traits<char>, std::allocator<char> > const&, std::__cxx11::basic_string<char, std::char_traits<char>, std::allocator<char> > const&, std::__cxx11::basic_string<char, std::char_traits<char>, std::allocator<char> > const&) (driver_mysql.cpp:624)
==268755== 
==268755== 56 bytes in 1 blocks are still reachable in loss record 1,203 of 2,004
==268755==    at 0x4849013: operator new(unsigned long) (in /usr/libexec/valgrind/vgpreload_memcheck-amd64-linux.so)
==268755==    by 0x48E4B91: ??? (in /usr/lib/x86_64-linux-gnu/libmysqlclient.so.21.2.42)
==268755==    by 0x48E4EDC: ??? (in /usr/lib/x86_64-linux-gnu/libmysqlclient.so.21.2.42)
==268755==    by 0x4907557: ??? (in /usr/lib/x86_64-linux-gnu/libmysqlclient.so.21.2.42)
==268755==    by 0x48E6082: ??? (in /usr/lib/x86_64-linux-gnu/libmysqlclient.so.21.2.42)
==268755==    by 0x522BEE7: __pthread_once_slow (pthread_once.c:116)
==268755==    by 0x4903155: ??? (in /usr/lib/x86_64-linux-gnu/libmysqlclient.so.21.2.42)
==268755==    by 0x489CBB8: ??? (in /usr/lib/x86_64-linux-gnu/libmysqlclient.so.21.2.42)
==268755==    by 0x489D1FA: ??? (in /usr/lib/x86_64-linux-gnu/libmysqlclient.so.21.2.42)
==268755==    by 0x48A3273: ??? (in /usr/lib/x86_64-linux-gnu/libmysqlclient.so.21.2.42)
==268755==    by 0x489EF82: mysql_real_connect (in /usr/lib/x86_64-linux-gnu/libmysqlclient.so.21.2.42)
==268755==    by 0x1EC2E1: cpp_dbc::MySQL::MySQLConnection::MySQLConnection(std::__cxx11::basic_string<char, std::char_traits<char>, std::allocator<char> > const&, int, std::__cxx11::basic_string<char, std::char_traits<char>, std::allocator<char> > const&, std::__cxx11::basic_string<char, std::char_traits<char>, std::allocator<char> > const&, std::__cxx11::basic_string<char, std::char_traits<char>, std::allocator<char> > const&) (driver_mysql.cpp:624)
==268755== 
==268755== 56 bytes in 1 blocks are still reachable in loss record 1,204 of 2,004
==268755==    at 0x4849013: operator new(unsigned long) (in /usr/libexec/valgrind/vgpreload_memcheck-amd64-linux.so)
==268755==    by 0x48E4B91: ??? (in /usr/lib/x86_64-linux-gnu/libmysqlclient.so.21.2.42)
==268755==    by 0x48E4EDC: ??? (in /usr/lib/x86_64-linux-gnu/libmysqlclient.so.21.2.42)
==268755==    by 0x4907599: ??? (in /usr/lib/x86_64-linux-gnu/libmysqlclient.so.21.2.42)
==268755==    by 0x48E6082: ??? (in /usr/lib/x86_64-linux-gnu/libmysqlclient.so.21.2.42)
==268755==    by 0x522BEE7: __pthread_once_slow (pthread_once.c:116)
==268755==    by 0x4903155: ??? (in /usr/lib/x86_64-linux-gnu/libmysqlclient.so.21.2.42)
==268755==    by 0x489CBB8: ??? (in /usr/lib/x86_64-linux-gnu/libmysqlclient.so.21.2.42)
==268755==    by 0x489D1FA: ??? (in /usr/lib/x86_64-linux-gnu/libmysqlclient.so.21.2.42)
==268755==    by 0x48A3273: ??? (in /usr/lib/x86_64-linux-gnu/libmysqlclient.so.21.2.42)
==268755==    by 0x489EF82: mysql_real_connect (in /usr/lib/x86_64-linux-gnu/libmysqlclient.so.21.2.42)
==268755==    by 0x1EC2E1: cpp_dbc::MySQL::MySQLConnection::MySQLConnection(std::__cxx11::basic_string<char, std::char_traits<char>, std::allocator<char> > const&, int, std::__cxx11::basic_string<char, std::char_traits<char>, std::allocator<char> > const&, std::__cxx11::basic_string<char, std::char_traits<char>, std::allocator<char> > const&, std::__cxx11::basic_string<char, std::char_traits<char>, std::allocator<char> > const&) (driver_mysql.cpp:624)
==268755== 
==268755== 56 bytes in 1 blocks are still reachable in loss record 1,205 of 2,004
==268755==    at 0x4849013: operator new(unsigned long) (in /usr/libexec/valgrind/vgpreload_memcheck-amd64-linux.so)
==268755==    by 0x48E4B91: ??? (in /usr/lib/x86_64-linux-gnu/libmysqlclient.so.21.2.42)
==268755==    by 0x48E4EDC: ??? (in /usr/lib/x86_64-linux-gnu/libmysqlclient.so.21.2.42)
==268755==    by 0x49075DB: ??? (in /usr/lib/x86_64-linux-gnu/libmysqlclient.so.21.2.42)
==268755==    by 0x48E6082: ??? (in /usr/lib/x86_64-linux-gnu/libmysqlclient.so.21.2.42)
==268755==    by 0x522BEE7: __pthread_once_slow (pthread_once.c:116)
==268755==    by 0x4903155: ??? (in /usr/lib/x86_64-linux-gnu/libmysqlclient.so.21.2.42)
==268755==    by 0x489CBB8: ??? (in /usr/lib/x86_64-linux-gnu/libmysqlclient.so.21.2.42)
==268755==    by 0x489D1FA: ??? (in /usr/lib/x86_64-linux-gnu/libmysqlclient.so.21.2.42)
==268755==    by 0x48A3273: ??? (in /usr/lib/x86_64-linux-gnu/libmysqlclient.so.21.2.42)
==268755==    by 0x489EF82: mysql_real_connect (in /usr/lib/x86_64-linux-gnu/libmysqlclient.so.21.2.42)
==268755==    by 0x1EC2E1: cpp_dbc::MySQL::MySQLConnection::MySQLConnection(std::__cxx11::basic_string<char, std::char_traits<char>, std::allocator<char> > const&, int, std::__cxx11::basic_string<char, std::char_traits<char>, std::allocator<char> > const&, std::__cxx11::basic_string<char, std::char_traits<char>, std::allocator<char> > const&, std::__cxx11::basic_string<char, std::char_traits<char>, std::allocator<char> > const&) (driver_mysql.cpp:624)
==268755== 
==268755== 56 bytes in 1 blocks are still reachable in loss record 1,206 of 2,004
==268755==    at 0x4849013: operator new(unsigned long) (in /usr/libexec/valgrind/vgpreload_memcheck-amd64-linux.so)
==268755==    by 0x48E4B91: ??? (in /usr/lib/x86_64-linux-gnu/libmysqlclient.so.21.2.42)
==268755==    by 0x48E4EDC: ??? (in /usr/lib/x86_64-linux-gnu/libmysqlclient.so.21.2.42)
==268755==    by 0x490761D: ??? (in /usr/lib/x86_64-linux-gnu/libmysqlclient.so.21.2.42)
==268755==    by 0x48E6082: ??? (in /usr/lib/x86_64-linux-gnu/libmysqlclient.so.21.2.42)
==268755==    by 0x522BEE7: __pthread_once_slow (pthread_once.c:116)
==268755==    by 0x4903155: ??? (in /usr/lib/x86_64-linux-gnu/libmysqlclient.so.21.2.42)
==268755==    by 0x489CBB8: ??? (in /usr/lib/x86_64-linux-gnu/libmysqlclient.so.21.2.42)
==268755==    by 0x489D1FA: ??? (in /usr/lib/x86_64-linux-gnu/libmysqlclient.so.21.2.42)
==268755==    by 0x48A3273: ??? (in /usr/lib/x86_64-linux-gnu/libmysqlclient.so.21.2.42)
==268755==    by 0x489EF82: mysql_real_connect (in /usr/lib/x86_64-linux-gnu/libmysqlclient.so.21.2.42)
==268755==    by 0x1EC2E1: cpp_dbc::MySQL::MySQLConnection::MySQLConnection(std::__cxx11::basic_string<char, std::char_traits<char>, std::allocator<char> > const&, int, std::__cxx11::basic_string<char, std::char_traits<char>, std::allocator<char> > const&, std::__cxx11::basic_string<char, std::char_traits<char>, std::allocator<char> > const&, std::__cxx11::basic_string<char, std::char_traits<char>, std::allocator<char> > const&) (driver_mysql.cpp:624)
==268755== 
==268755== 56 bytes in 1 blocks are still reachable in loss record 1,207 of 2,004
==268755==    at 0x4849013: operator new(unsigned long) (in /usr/libexec/valgrind/vgpreload_memcheck-amd64-linux.so)
==268755==    by 0x48E4B91: ??? (in /usr/lib/x86_64-linux-gnu/libmysqlclient.so.21.2.42)
==268755==    by 0x48E4EDC: ??? (in /usr/lib/x86_64-linux-gnu/libmysqlclient.so.21.2.42)
==268755==    by 0x490765F: ??? (in /usr/lib/x86_64-linux-gnu/libmysqlclient.so.21.2.42)
==268755==    by 0x48E6082: ??? (in /usr/lib/x86_64-linux-gnu/libmysqlclient.so.21.2.42)
==268755==    by 0x522BEE7: __pthread_once_slow (pthread_once.c:116)
==268755==    by 0x4903155: ??? (in /usr/lib/x86_64-linux-gnu/libmysqlclient.so.21.2.42)
==268755==    by 0x489CBB8: ??? (in /usr/lib/x86_64-linux-gnu/libmysqlclient.so.21.2.42)
==268755==    by 0x489D1FA: ??? (in /usr/lib/x86_64-linux-gnu/libmysqlclient.so.21.2.42)
==268755==    by 0x48A3273: ??? (in /usr/lib/x86_64-linux-gnu/libmysqlclient.so.21.2.42)
==268755==    by 0x489EF82: mysql_real_connect (in /usr/lib/x86_64-linux-gnu/libmysqlclient.so.21.2.42)
==268755==    by 0x1EC2E1: cpp_dbc::MySQL::MySQLConnection::MySQLConnection(std::__cxx11::basic_string<char, std::char_traits<char>, std::allocator<char> > const&, int, std::__cxx11::basic_string<char, std::char_traits<char>, std::allocator<char> > const&, std::__cxx11::basic_string<char, std::char_traits<char>, std::allocator<char> > const&, std::__cxx11::basic_string<char, std::char_traits<char>, std::allocator<char> > const&) (driver_mysql.cpp:624)
==268755== 
==268755== 56 bytes in 1 blocks are still reachable in loss record 1,208 of 2,004
==268755==    at 0x4849013: operator new(unsigned long) (in /usr/libexec/valgrind/vgpreload_memcheck-amd64-linux.so)
==268755==    by 0x48E4B91: ??? (in /usr/lib/x86_64-linux-gnu/libmysqlclient.so.21.2.42)
==268755==    by 0x48E4EDC: ??? (in /usr/lib/x86_64-linux-gnu/libmysqlclient.so.21.2.42)
==268755==    by 0x49076A1: ??? (in /usr/lib/x86_64-linux-gnu/libmysqlclient.so.21.2.42)
==268755==    by 0x48E6082: ??? (in /usr/lib/x86_64-linux-gnu/libmysqlclient.so.21.2.42)
==268755==    by 0x522BEE7: __pthread_once_slow (pthread_once.c:116)
==268755==    by 0x4903155: ??? (in /usr/lib/x86_64-linux-gnu/libmysqlclient.so.21.2.42)
==268755==    by 0x489CBB8: ??? (in /usr/lib/x86_64-linux-gnu/libmysqlclient.so.21.2.42)
==268755==    by 0x489D1FA: ??? (in /usr/lib/x86_64-linux-gnu/libmysqlclient.so.21.2.42)
==268755==    by 0x48A3273: ??? (in /usr/lib/x86_64-linux-gnu/libmysqlclient.so.21.2.42)
==268755==    by 0x489EF82: mysql_real_connect (in /usr/lib/x86_64-linux-gnu/libmysqlclient.so.21.2.42)
==268755==    by 0x1EC2E1: cpp_dbc::MySQL::MySQLConnection::MySQLConnection(std::__cxx11::basic_string<char, std::char_traits<char>, std::allocator<char> > const&, int, std::__cxx11::basic_string<char, std::char_traits<char>, std::allocator<char> > const&, std::__cxx11::basic_string<char, std::char_traits<char>, std::allocator<char> > const&, std::__cxx11::basic_string<char, std::char_traits<char>, std::allocator<char> > const&) (driver_mysql.cpp:624)
==268755== 
==268755== 56 bytes in 1 blocks are still reachable in loss record 1,209 of 2,004
==268755==    at 0x4849013: operator new(unsigned long) (in /usr/libexec/valgrind/vgpreload_memcheck-amd64-linux.so)
==268755==    by 0x48E4B91: ??? (in /usr/lib/x86_64-linux-gnu/libmysqlclient.so.21.2.42)
==268755==    by 0x48E4EDC: ??? (in /usr/lib/x86_64-linux-gnu/libmysqlclient.so.21.2.42)
==268755==    by 0x49076E3: ??? (in /usr/lib/x86_64-linux-gnu/libmysqlclient.so.21.2.42)
==268755==    by 0x48E6082: ??? (in /usr/lib/x86_64-linux-gnu/libmysqlclient.so.21.2.42)
==268755==    by 0x522BEE7: __pthread_once_slow (pthread_once.c:116)
==268755==    by 0x4903155: ??? (in /usr/lib/x86_64-linux-gnu/libmysqlclient.so.21.2.42)
==268755==    by 0x489CBB8: ??? (in /usr/lib/x86_64-linux-gnu/libmysqlclient.so.21.2.42)
==268755==    by 0x489D1FA: ??? (in /usr/lib/x86_64-linux-gnu/libmysqlclient.so.21.2.42)
==268755==    by 0x48A3273: ??? (in /usr/lib/x86_64-linux-gnu/libmysqlclient.so.21.2.42)
==268755==    by 0x489EF82: mysql_real_connect (in /usr/lib/x86_64-linux-gnu/libmysqlclient.so.21.2.42)
==268755==    by 0x1EC2E1: cpp_dbc::MySQL::MySQLConnection::MySQLConnection(std::__cxx11::basic_string<char, std::char_traits<char>, std::allocator<char> > const&, int, std::__cxx11::basic_string<char, std::char_traits<char>, std::allocator<char> > const&, std::__cxx11::basic_string<char, std::char_traits<char>, std::allocator<char> > const&, std::__cxx11::basic_string<char, std::char_traits<char>, std::allocator<char> > const&) (driver_mysql.cpp:624)
==268755== 
==268755== 56 bytes in 1 blocks are still reachable in loss record 1,210 of 2,004
==268755==    at 0x4849013: operator new(unsigned long) (in /usr/libexec/valgrind/vgpreload_memcheck-amd64-linux.so)
==268755==    by 0x48E4B91: ??? (in /usr/lib/x86_64-linux-gnu/libmysqlclient.so.21.2.42)
==268755==    by 0x48E4EDC: ??? (in /usr/lib/x86_64-linux-gnu/libmysqlclient.so.21.2.42)
==268755==    by 0x4907725: ??? (in /usr/lib/x86_64-linux-gnu/libmysqlclient.so.21.2.42)
==268755==    by 0x48E6082: ??? (in /usr/lib/x86_64-linux-gnu/libmysqlclient.so.21.2.42)
==268755==    by 0x522BEE7: __pthread_once_slow (pthread_once.c:116)
==268755==    by 0x4903155: ??? (in /usr/lib/x86_64-linux-gnu/libmysqlclient.so.21.2.42)
==268755==    by 0x489CBB8: ??? (in /usr/lib/x86_64-linux-gnu/libmysqlclient.so.21.2.42)
==268755==    by 0x489D1FA: ??? (in /usr/lib/x86_64-linux-gnu/libmysqlclient.so.21.2.42)
==268755==    by 0x48A3273: ??? (in /usr/lib/x86_64-linux-gnu/libmysqlclient.so.21.2.42)
==268755==    by 0x489EF82: mysql_real_connect (in /usr/lib/x86_64-linux-gnu/libmysqlclient.so.21.2.42)
==268755==    by 0x1EC2E1: cpp_dbc::MySQL::MySQLConnection::MySQLConnection(std::__cxx11::basic_string<char, std::char_traits<char>, std::allocator<char> > const&, int, std::__cxx11::basic_string<char, std::char_traits<char>, std::allocator<char> > const&, std::__cxx11::basic_string<char, std::char_traits<char>, std::allocator<char> > const&, std::__cxx11::basic_string<char, std::char_traits<char>, std::allocator<char> > const&) (driver_mysql.cpp:624)
==268755== 
==268755== 56 bytes in 1 blocks are still reachable in loss record 1,211 of 2,004
==268755==    at 0x4849013: operator new(unsigned long) (in /usr/libexec/valgrind/vgpreload_memcheck-amd64-linux.so)
==268755==    by 0x48E4B91: ??? (in /usr/lib/x86_64-linux-gnu/libmysqlclient.so.21.2.42)
==268755==    by 0x48E4EDC: ??? (in /usr/lib/x86_64-linux-gnu/libmysqlclient.so.21.2.42)
==268755==    by 0x4907767: ??? (in /usr/lib/x86_64-linux-gnu/libmysqlclient.so.21.2.42)
==268755==    by 0x48E6082: ??? (in /usr/lib/x86_64-linux-gnu/libmysqlclient.so.21.2.42)
==268755==    by 0x522BEE7: __pthread_once_slow (pthread_once.c:116)
==268755==    by 0x4903155: ??? (in /usr/lib/x86_64-linux-gnu/libmysqlclient.so.21.2.42)
==268755==    by 0x489CBB8: ??? (in /usr/lib/x86_64-linux-gnu/libmysqlclient.so.21.2.42)
==268755==    by 0x489D1FA: ??? (in /usr/lib/x86_64-linux-gnu/libmysqlclient.so.21.2.42)
==268755==    by 0x48A3273: ??? (in /usr/lib/x86_64-linux-gnu/libmysqlclient.so.21.2.42)
==268755==    by 0x489EF82: mysql_real_connect (in /usr/lib/x86_64-linux-gnu/libmysqlclient.so.21.2.42)
==268755==    by 0x1EC2E1: cpp_dbc::MySQL::MySQLConnection::MySQLConnection(std::__cxx11::basic_string<char, std::char_traits<char>, std::allocator<char> > const&, int, std::__cxx11::basic_string<char, std::char_traits<char>, std::allocator<char> > const&, std::__cxx11::basic_string<char, std::char_traits<char>, std::allocator<char> > const&, std::__cxx11::basic_string<char, std::char_traits<char>, std::allocator<char> > const&) (driver_mysql.cpp:624)
==268755== 
==268755== 56 bytes in 1 blocks are still reachable in loss record 1,212 of 2,004
==268755==    at 0x4849013: operator new(unsigned long) (in /usr/libexec/valgrind/vgpreload_memcheck-amd64-linux.so)
==268755==    by 0x48E4B91: ??? (in /usr/lib/x86_64-linux-gnu/libmysqlclient.so.21.2.42)
==268755==    by 0x48E4EDC: ??? (in /usr/lib/x86_64-linux-gnu/libmysqlclient.so.21.2.42)
==268755==    by 0x48E5188: ??? (in /usr/lib/x86_64-linux-gnu/libmysqlclient.so.21.2.42)
==268755==    by 0x4907795: ??? (in /usr/lib/x86_64-linux-gnu/libmysqlclient.so.21.2.42)
==268755==    by 0x48E6082: ??? (in /usr/lib/x86_64-linux-gnu/libmysqlclient.so.21.2.42)
==268755==    by 0x522BEE7: __pthread_once_slow (pthread_once.c:116)
==268755==    by 0x4903155: ??? (in /usr/lib/x86_64-linux-gnu/libmysqlclient.so.21.2.42)
==268755==    by 0x489CBB8: ??? (in /usr/lib/x86_64-linux-gnu/libmysqlclient.so.21.2.42)
==268755==    by 0x489D1FA: ??? (in /usr/lib/x86_64-linux-gnu/libmysqlclient.so.21.2.42)
==268755==    by 0x48A3273: ??? (in /usr/lib/x86_64-linux-gnu/libmysqlclient.so.21.2.42)
==268755==    by 0x489EF82: mysql_real_connect (in /usr/lib/x86_64-linux-gnu/libmysqlclient.so.21.2.42)
==268755== 
==268755== 56 bytes in 1 blocks are still reachable in loss record 1,213 of 2,004
==268755==    at 0x4849013: operator new(unsigned long) (in /usr/libexec/valgrind/vgpreload_memcheck-amd64-linux.so)
==268755==    by 0x48E4B91: ??? (in /usr/lib/x86_64-linux-gnu/libmysqlclient.so.21.2.42)
==268755==    by 0x48E4EDC: ??? (in /usr/lib/x86_64-linux-gnu/libmysqlclient.so.21.2.42)
==268755==    by 0x48E5188: ??? (in /usr/lib/x86_64-linux-gnu/libmysqlclient.so.21.2.42)
==268755==    by 0x49077A1: ??? (in /usr/lib/x86_64-linux-gnu/libmysqlclient.so.21.2.42)
==268755==    by 0x48E6082: ??? (in /usr/lib/x86_64-linux-gnu/libmysqlclient.so.21.2.42)
==268755==    by 0x522BEE7: __pthread_once_slow (pthread_once.c:116)
==268755==    by 0x4903155: ??? (in /usr/lib/x86_64-linux-gnu/libmysqlclient.so.21.2.42)
==268755==    by 0x489CBB8: ??? (in /usr/lib/x86_64-linux-gnu/libmysqlclient.so.21.2.42)
==268755==    by 0x489D1FA: ??? (in /usr/lib/x86_64-linux-gnu/libmysqlclient.so.21.2.42)
==268755==    by 0x48A3273: ??? (in /usr/lib/x86_64-linux-gnu/libmysqlclient.so.21.2.42)
==268755==    by 0x489EF82: mysql_real_connect (in /usr/lib/x86_64-linux-gnu/libmysqlclient.so.21.2.42)
==268755== 
==268755== 56 bytes in 1 blocks are still reachable in loss record 1,214 of 2,004
==268755==    at 0x4849013: operator new(unsigned long) (in /usr/libexec/valgrind/vgpreload_memcheck-amd64-linux.so)
==268755==    by 0x48E4B91: ??? (in /usr/lib/x86_64-linux-gnu/libmysqlclient.so.21.2.42)
==268755==    by 0x48E4EDC: ??? (in /usr/lib/x86_64-linux-gnu/libmysqlclient.so.21.2.42)
==268755==    by 0x49077C1: ??? (in /usr/lib/x86_64-linux-gnu/libmysqlclient.so.21.2.42)
==268755==    by 0x48E6082: ??? (in /usr/lib/x86_64-linux-gnu/libmysqlclient.so.21.2.42)
==268755==    by 0x522BEE7: __pthread_once_slow (pthread_once.c:116)
==268755==    by 0x4903155: ??? (in /usr/lib/x86_64-linux-gnu/libmysqlclient.so.21.2.42)
==268755==    by 0x489CBB8: ??? (in /usr/lib/x86_64-linux-gnu/libmysqlclient.so.21.2.42)
==268755==    by 0x489D1FA: ??? (in /usr/lib/x86_64-linux-gnu/libmysqlclient.so.21.2.42)
==268755==    by 0x48A3273: ??? (in /usr/lib/x86_64-linux-gnu/libmysqlclient.so.21.2.42)
==268755==    by 0x489EF82: mysql_real_connect (in /usr/lib/x86_64-linux-gnu/libmysqlclient.so.21.2.42)
==268755==    by 0x1EC2E1: cpp_dbc::MySQL::MySQLConnection::MySQLConnection(std::__cxx11::basic_string<char, std::char_traits<char>, std::allocator<char> > const&, int, std::__cxx11::basic_string<char, std::char_traits<char>, std::allocator<char> > const&, std::__cxx11::basic_string<char, std::char_traits<char>, std::allocator<char> > const&, std::__cxx11::basic_string<char, std::char_traits<char>, std::allocator<char> > const&) (driver_mysql.cpp:624)
==268755== 
==268755== 56 bytes in 1 blocks are still reachable in loss record 1,215 of 2,004
==268755==    at 0x4849013: operator new(unsigned long) (in /usr/libexec/valgrind/vgpreload_memcheck-amd64-linux.so)
==268755==    by 0x48E4B91: ??? (in /usr/lib/x86_64-linux-gnu/libmysqlclient.so.21.2.42)
==268755==    by 0x48E4EDC: ??? (in /usr/lib/x86_64-linux-gnu/libmysqlclient.so.21.2.42)
==268755==    by 0x4907803: ??? (in /usr/lib/x86_64-linux-gnu/libmysqlclient.so.21.2.42)
==268755==    by 0x48E6082: ??? (in /usr/lib/x86_64-linux-gnu/libmysqlclient.so.21.2.42)
==268755==    by 0x522BEE7: __pthread_once_slow (pthread_once.c:116)
==268755==    by 0x4903155: ??? (in /usr/lib/x86_64-linux-gnu/libmysqlclient.so.21.2.42)
==268755==    by 0x489CBB8: ??? (in /usr/lib/x86_64-linux-gnu/libmysqlclient.so.21.2.42)
==268755==    by 0x489D1FA: ??? (in /usr/lib/x86_64-linux-gnu/libmysqlclient.so.21.2.42)
==268755==    by 0x48A3273: ??? (in /usr/lib/x86_64-linux-gnu/libmysqlclient.so.21.2.42)
==268755==    by 0x489EF82: mysql_real_connect (in /usr/lib/x86_64-linux-gnu/libmysqlclient.so.21.2.42)
==268755==    by 0x1EC2E1: cpp_dbc::MySQL::MySQLConnection::MySQLConnection(std::__cxx11::basic_string<char, std::char_traits<char>, std::allocator<char> > const&, int, std::__cxx11::basic_string<char, std::char_traits<char>, std::allocator<char> > const&, std::__cxx11::basic_string<char, std::char_traits<char>, std::allocator<char> > const&, std::__cxx11::basic_string<char, std::char_traits<char>, std::allocator<char> > const&) (driver_mysql.cpp:624)
==268755== 
==268755== 56 bytes in 1 blocks are still reachable in loss record 1,216 of 2,004
==268755==    at 0x4849013: operator new(unsigned long) (in /usr/libexec/valgrind/vgpreload_memcheck-amd64-linux.so)
==268755==    by 0x48E4B91: ??? (in /usr/lib/x86_64-linux-gnu/libmysqlclient.so.21.2.42)
==268755==    by 0x48E4EDC: ??? (in /usr/lib/x86_64-linux-gnu/libmysqlclient.so.21.2.42)
==268755==    by 0x4907845: ??? (in /usr/lib/x86_64-linux-gnu/libmysqlclient.so.21.2.42)
==268755==    by 0x48E6082: ??? (in /usr/lib/x86_64-linux-gnu/libmysqlclient.so.21.2.42)
==268755==    by 0x522BEE7: __pthread_once_slow (pthread_once.c:116)
==268755==    by 0x4903155: ??? (in /usr/lib/x86_64-linux-gnu/libmysqlclient.so.21.2.42)
==268755==    by 0x489CBB8: ??? (in /usr/lib/x86_64-linux-gnu/libmysqlclient.so.21.2.42)
==268755==    by 0x489D1FA: ??? (in /usr/lib/x86_64-linux-gnu/libmysqlclient.so.21.2.42)
==268755==    by 0x48A3273: ??? (in /usr/lib/x86_64-linux-gnu/libmysqlclient.so.21.2.42)
==268755==    by 0x489EF82: mysql_real_connect (in /usr/lib/x86_64-linux-gnu/libmysqlclient.so.21.2.42)
==268755==    by 0x1EC2E1: cpp_dbc::MySQL::MySQLConnection::MySQLConnection(std::__cxx11::basic_string<char, std::char_traits<char>, std::allocator<char> > const&, int, std::__cxx11::basic_string<char, std::char_traits<char>, std::allocator<char> > const&, std::__cxx11::basic_string<char, std::char_traits<char>, std::allocator<char> > const&, std::__cxx11::basic_string<char, std::char_traits<char>, std::allocator<char> > const&) (driver_mysql.cpp:624)
==268755== 
==268755== 56 bytes in 1 blocks are still reachable in loss record 1,217 of 2,004
==268755==    at 0x4849013: operator new(unsigned long) (in /usr/libexec/valgrind/vgpreload_memcheck-amd64-linux.so)
==268755==    by 0x48E4B91: ??? (in /usr/lib/x86_64-linux-gnu/libmysqlclient.so.21.2.42)
==268755==    by 0x48E4EDC: ??? (in /usr/lib/x86_64-linux-gnu/libmysqlclient.so.21.2.42)
==268755==    by 0x4907887: ??? (in /usr/lib/x86_64-linux-gnu/libmysqlclient.so.21.2.42)
==268755==    by 0x48E6082: ??? (in /usr/lib/x86_64-linux-gnu/libmysqlclient.so.21.2.42)
==268755==    by 0x522BEE7: __pthread_once_slow (pthread_once.c:116)
==268755==    by 0x4903155: ??? (in /usr/lib/x86_64-linux-gnu/libmysqlclient.so.21.2.42)
==268755==    by 0x489CBB8: ??? (in /usr/lib/x86_64-linux-gnu/libmysqlclient.so.21.2.42)
==268755==    by 0x489D1FA: ??? (in /usr/lib/x86_64-linux-gnu/libmysqlclient.so.21.2.42)
==268755==    by 0x48A3273: ??? (in /usr/lib/x86_64-linux-gnu/libmysqlclient.so.21.2.42)
==268755==    by 0x489EF82: mysql_real_connect (in /usr/lib/x86_64-linux-gnu/libmysqlclient.so.21.2.42)
==268755==    by 0x1EC2E1: cpp_dbc::MySQL::MySQLConnection::MySQLConnection(std::__cxx11::basic_string<char, std::char_traits<char>, std::allocator<char> > const&, int, std::__cxx11::basic_string<char, std::char_traits<char>, std::allocator<char> > const&, std::__cxx11::basic_string<char, std::char_traits<char>, std::allocator<char> > const&, std::__cxx11::basic_string<char, std::char_traits<char>, std::allocator<char> > const&) (driver_mysql.cpp:624)
==268755== 
==268755== 56 bytes in 1 blocks are still reachable in loss record 1,218 of 2,004
==268755==    at 0x4849013: operator new(unsigned long) (in /usr/libexec/valgrind/vgpreload_memcheck-amd64-linux.so)
==268755==    by 0x48E4B91: ??? (in /usr/lib/x86_64-linux-gnu/libmysqlclient.so.21.2.42)
==268755==    by 0x48E4EDC: ??? (in /usr/lib/x86_64-linux-gnu/libmysqlclient.so.21.2.42)
==268755==    by 0x49078C9: ??? (in /usr/lib/x86_64-linux-gnu/libmysqlclient.so.21.2.42)
==268755==    by 0x48E6082: ??? (in /usr/lib/x86_64-linux-gnu/libmysqlclient.so.21.2.42)
==268755==    by 0x522BEE7: __pthread_once_slow (pthread_once.c:116)
==268755==    by 0x4903155: ??? (in /usr/lib/x86_64-linux-gnu/libmysqlclient.so.21.2.42)
==268755==    by 0x489CBB8: ??? (in /usr/lib/x86_64-linux-gnu/libmysqlclient.so.21.2.42)
==268755==    by 0x489D1FA: ??? (in /usr/lib/x86_64-linux-gnu/libmysqlclient.so.21.2.42)
==268755==    by 0x48A3273: ??? (in /usr/lib/x86_64-linux-gnu/libmysqlclient.so.21.2.42)
==268755==    by 0x489EF82: mysql_real_connect (in /usr/lib/x86_64-linux-gnu/libmysqlclient.so.21.2.42)
==268755==    by 0x1EC2E1: cpp_dbc::MySQL::MySQLConnection::MySQLConnection(std::__cxx11::basic_string<char, std::char_traits<char>, std::allocator<char> > const&, int, std::__cxx11::basic_string<char, std::char_traits<char>, std::allocator<char> > const&, std::__cxx11::basic_string<char, std::char_traits<char>, std::allocator<char> > const&, std::__cxx11::basic_string<char, std::char_traits<char>, std::allocator<char> > const&) (driver_mysql.cpp:624)
==268755== 
==268755== 56 bytes in 1 blocks are still reachable in loss record 1,219 of 2,004
==268755==    at 0x4849013: operator new(unsigned long) (in /usr/libexec/valgrind/vgpreload_memcheck-amd64-linux.so)
==268755==    by 0x48E4B91: ??? (in /usr/lib/x86_64-linux-gnu/libmysqlclient.so.21.2.42)
==268755==    by 0x48E4EDC: ??? (in /usr/lib/x86_64-linux-gnu/libmysqlclient.so.21.2.42)
==268755==    by 0x490790B: ??? (in /usr/lib/x86_64-linux-gnu/libmysqlclient.so.21.2.42)
==268755==    by 0x48E6082: ??? (in /usr/lib/x86_64-linux-gnu/libmysqlclient.so.21.2.42)
==268755==    by 0x522BEE7: __pthread_once_slow (pthread_once.c:116)
==268755==    by 0x4903155: ??? (in /usr/lib/x86_64-linux-gnu/libmysqlclient.so.21.2.42)
==268755==    by 0x489CBB8: ??? (in /usr/lib/x86_64-linux-gnu/libmysqlclient.so.21.2.42)
==268755==    by 0x489D1FA: ??? (in /usr/lib/x86_64-linux-gnu/libmysqlclient.so.21.2.42)
==268755==    by 0x48A3273: ??? (in /usr/lib/x86_64-linux-gnu/libmysqlclient.so.21.2.42)
==268755==    by 0x489EF82: mysql_real_connect (in /usr/lib/x86_64-linux-gnu/libmysqlclient.so.21.2.42)
==268755==    by 0x1EC2E1: cpp_dbc::MySQL::MySQLConnection::MySQLConnection(std::__cxx11::basic_string<char, std::char_traits<char>, std::allocator<char> > const&, int, std::__cxx11::basic_string<char, std::char_traits<char>, std::allocator<char> > const&, std::__cxx11::basic_string<char, std::char_traits<char>, std::allocator<char> > const&, std::__cxx11::basic_string<char, std::char_traits<char>, std::allocator<char> > const&) (driver_mysql.cpp:624)
==268755== 
==268755== 56 bytes in 1 blocks are still reachable in loss record 1,220 of 2,004
==268755==    at 0x4849013: operator new(unsigned long) (in /usr/libexec/valgrind/vgpreload_memcheck-amd64-linux.so)
==268755==    by 0x48E4B91: ??? (in /usr/lib/x86_64-linux-gnu/libmysqlclient.so.21.2.42)
==268755==    by 0x48E4EDC: ??? (in /usr/lib/x86_64-linux-gnu/libmysqlclient.so.21.2.42)
==268755==    by 0x490794D: ??? (in /usr/lib/x86_64-linux-gnu/libmysqlclient.so.21.2.42)
==268755==    by 0x48E6082: ??? (in /usr/lib/x86_64-linux-gnu/libmysqlclient.so.21.2.42)
==268755==    by 0x522BEE7: __pthread_once_slow (pthread_once.c:116)
==268755==    by 0x4903155: ??? (in /usr/lib/x86_64-linux-gnu/libmysqlclient.so.21.2.42)
==268755==    by 0x489CBB8: ??? (in /usr/lib/x86_64-linux-gnu/libmysqlclient.so.21.2.42)
==268755==    by 0x489D1FA: ??? (in /usr/lib/x86_64-linux-gnu/libmysqlclient.so.21.2.42)
==268755==    by 0x48A3273: ??? (in /usr/lib/x86_64-linux-gnu/libmysqlclient.so.21.2.42)
==268755==    by 0x489EF82: mysql_real_connect (in /usr/lib/x86_64-linux-gnu/libmysqlclient.so.21.2.42)
==268755==    by 0x1EC2E1: cpp_dbc::MySQL::MySQLConnection::MySQLConnection(std::__cxx11::basic_string<char, std::char_traits<char>, std::allocator<char> > const&, int, std::__cxx11::basic_string<char, std::char_traits<char>, std::allocator<char> > const&, std::__cxx11::basic_string<char, std::char_traits<char>, std::allocator<char> > const&, std::__cxx11::basic_string<char, std::char_traits<char>, std::allocator<char> > const&) (driver_mysql.cpp:624)
==268755== 
==268755== 56 bytes in 1 blocks are still reachable in loss record 1,221 of 2,004
==268755==    at 0x4849013: operator new(unsigned long) (in /usr/libexec/valgrind/vgpreload_memcheck-amd64-linux.so)
==268755==    by 0x48E4B91: ??? (in /usr/lib/x86_64-linux-gnu/libmysqlclient.so.21.2.42)
==268755==    by 0x48E4EDC: ??? (in /usr/lib/x86_64-linux-gnu/libmysqlclient.so.21.2.42)
==268755==    by 0x490798F: ??? (in /usr/lib/x86_64-linux-gnu/libmysqlclient.so.21.2.42)
==268755==    by 0x48E6082: ??? (in /usr/lib/x86_64-linux-gnu/libmysqlclient.so.21.2.42)
==268755==    by 0x522BEE7: __pthread_once_slow (pthread_once.c:116)
==268755==    by 0x4903155: ??? (in /usr/lib/x86_64-linux-gnu/libmysqlclient.so.21.2.42)
==268755==    by 0x489CBB8: ??? (in /usr/lib/x86_64-linux-gnu/libmysqlclient.so.21.2.42)
==268755==    by 0x489D1FA: ??? (in /usr/lib/x86_64-linux-gnu/libmysqlclient.so.21.2.42)
==268755==    by 0x48A3273: ??? (in /usr/lib/x86_64-linux-gnu/libmysqlclient.so.21.2.42)
==268755==    by 0x489EF82: mysql_real_connect (in /usr/lib/x86_64-linux-gnu/libmysqlclient.so.21.2.42)
==268755==    by 0x1EC2E1: cpp_dbc::MySQL::MySQLConnection::MySQLConnection(std::__cxx11::basic_string<char, std::char_traits<char>, std::allocator<char> > const&, int, std::__cxx11::basic_string<char, std::char_traits<char>, std::allocator<char> > const&, std::__cxx11::basic_string<char, std::char_traits<char>, std::allocator<char> > const&, std::__cxx11::basic_string<char, std::char_traits<char>, std::allocator<char> > const&) (driver_mysql.cpp:624)
==268755== 
==268755== 56 bytes in 1 blocks are still reachable in loss record 1,222 of 2,004
==268755==    at 0x4849013: operator new(unsigned long) (in /usr/libexec/valgrind/vgpreload_memcheck-amd64-linux.so)
==268755==    by 0x48E4B91: ??? (in /usr/lib/x86_64-linux-gnu/libmysqlclient.so.21.2.42)
==268755==    by 0x48E4EDC: ??? (in /usr/lib/x86_64-linux-gnu/libmysqlclient.so.21.2.42)
==268755==    by 0x49079D1: ??? (in /usr/lib/x86_64-linux-gnu/libmysqlclient.so.21.2.42)
==268755==    by 0x48E6082: ??? (in /usr/lib/x86_64-linux-gnu/libmysqlclient.so.21.2.42)
==268755==    by 0x522BEE7: __pthread_once_slow (pthread_once.c:116)
==268755==    by 0x4903155: ??? (in /usr/lib/x86_64-linux-gnu/libmysqlclient.so.21.2.42)
==268755==    by 0x489CBB8: ??? (in /usr/lib/x86_64-linux-gnu/libmysqlclient.so.21.2.42)
==268755==    by 0x489D1FA: ??? (in /usr/lib/x86_64-linux-gnu/libmysqlclient.so.21.2.42)
==268755==    by 0x48A3273: ??? (in /usr/lib/x86_64-linux-gnu/libmysqlclient.so.21.2.42)
==268755==    by 0x489EF82: mysql_real_connect (in /usr/lib/x86_64-linux-gnu/libmysqlclient.so.21.2.42)
==268755==    by 0x1EC2E1: cpp_dbc::MySQL::MySQLConnection::MySQLConnection(std::__cxx11::basic_string<char, std::char_traits<char>, std::allocator<char> > const&, int, std::__cxx11::basic_string<char, std::char_traits<char>, std::allocator<char> > const&, std::__cxx11::basic_string<char, std::char_traits<char>, std::allocator<char> > const&, std::__cxx11::basic_string<char, std::char_traits<char>, std::allocator<char> > const&) (driver_mysql.cpp:624)
==268755== 
==268755== 56 bytes in 1 blocks are still reachable in loss record 1,223 of 2,004
==268755==    at 0x4849013: operator new(unsigned long) (in /usr/libexec/valgrind/vgpreload_memcheck-amd64-linux.so)
==268755==    by 0x48E4B91: ??? (in /usr/lib/x86_64-linux-gnu/libmysqlclient.so.21.2.42)
==268755==    by 0x48E4EDC: ??? (in /usr/lib/x86_64-linux-gnu/libmysqlclient.so.21.2.42)
==268755==    by 0x4907A13: ??? (in /usr/lib/x86_64-linux-gnu/libmysqlclient.so.21.2.42)
==268755==    by 0x48E6082: ??? (in /usr/lib/x86_64-linux-gnu/libmysqlclient.so.21.2.42)
==268755==    by 0x522BEE7: __pthread_once_slow (pthread_once.c:116)
==268755==    by 0x4903155: ??? (in /usr/lib/x86_64-linux-gnu/libmysqlclient.so.21.2.42)
==268755==    by 0x489CBB8: ??? (in /usr/lib/x86_64-linux-gnu/libmysqlclient.so.21.2.42)
==268755==    by 0x489D1FA: ??? (in /usr/lib/x86_64-linux-gnu/libmysqlclient.so.21.2.42)
==268755==    by 0x48A3273: ??? (in /usr/lib/x86_64-linux-gnu/libmysqlclient.so.21.2.42)
==268755==    by 0x489EF82: mysql_real_connect (in /usr/lib/x86_64-linux-gnu/libmysqlclient.so.21.2.42)
==268755==    by 0x1EC2E1: cpp_dbc::MySQL::MySQLConnection::MySQLConnection(std::__cxx11::basic_string<char, std::char_traits<char>, std::allocator<char> > const&, int, std::__cxx11::basic_string<char, std::char_traits<char>, std::allocator<char> > const&, std::__cxx11::basic_string<char, std::char_traits<char>, std::allocator<char> > const&, std::__cxx11::basic_string<char, std::char_traits<char>, std::allocator<char> > const&) (driver_mysql.cpp:624)
==268755== 
==268755== 56 bytes in 1 blocks are still reachable in loss record 1,224 of 2,004
==268755==    at 0x4849013: operator new(unsigned long) (in /usr/libexec/valgrind/vgpreload_memcheck-amd64-linux.so)
==268755==    by 0x48E4B91: ??? (in /usr/lib/x86_64-linux-gnu/libmysqlclient.so.21.2.42)
==268755==    by 0x48E4EDC: ??? (in /usr/lib/x86_64-linux-gnu/libmysqlclient.so.21.2.42)
==268755==    by 0x48E5188: ??? (in /usr/lib/x86_64-linux-gnu/libmysqlclient.so.21.2.42)
==268755==    by 0x4907A41: ??? (in /usr/lib/x86_64-linux-gnu/libmysqlclient.so.21.2.42)
==268755==    by 0x48E6082: ??? (in /usr/lib/x86_64-linux-gnu/libmysqlclient.so.21.2.42)
==268755==    by 0x522BEE7: __pthread_once_slow (pthread_once.c:116)
==268755==    by 0x4903155: ??? (in /usr/lib/x86_64-linux-gnu/libmysqlclient.so.21.2.42)
==268755==    by 0x489CBB8: ??? (in /usr/lib/x86_64-linux-gnu/libmysqlclient.so.21.2.42)
==268755==    by 0x489D1FA: ??? (in /usr/lib/x86_64-linux-gnu/libmysqlclient.so.21.2.42)
==268755==    by 0x48A3273: ??? (in /usr/lib/x86_64-linux-gnu/libmysqlclient.so.21.2.42)
==268755==    by 0x489EF82: mysql_real_connect (in /usr/lib/x86_64-linux-gnu/libmysqlclient.so.21.2.42)
==268755== 
==268755== 56 bytes in 1 blocks are still reachable in loss record 1,225 of 2,004
==268755==    at 0x4849013: operator new(unsigned long) (in /usr/libexec/valgrind/vgpreload_memcheck-amd64-linux.so)
==268755==    by 0x48E4B91: ??? (in /usr/lib/x86_64-linux-gnu/libmysqlclient.so.21.2.42)
==268755==    by 0x48E4EDC: ??? (in /usr/lib/x86_64-linux-gnu/libmysqlclient.so.21.2.42)
==268755==    by 0x4907A61: ??? (in /usr/lib/x86_64-linux-gnu/libmysqlclient.so.21.2.42)
==268755==    by 0x48E6082: ??? (in /usr/lib/x86_64-linux-gnu/libmysqlclient.so.21.2.42)
==268755==    by 0x522BEE7: __pthread_once_slow (pthread_once.c:116)
==268755==    by 0x4903155: ??? (in /usr/lib/x86_64-linux-gnu/libmysqlclient.so.21.2.42)
==268755==    by 0x489CBB8: ??? (in /usr/lib/x86_64-linux-gnu/libmysqlclient.so.21.2.42)
==268755==    by 0x489D1FA: ??? (in /usr/lib/x86_64-linux-gnu/libmysqlclient.so.21.2.42)
==268755==    by 0x48A3273: ??? (in /usr/lib/x86_64-linux-gnu/libmysqlclient.so.21.2.42)
==268755==    by 0x489EF82: mysql_real_connect (in /usr/lib/x86_64-linux-gnu/libmysqlclient.so.21.2.42)
==268755==    by 0x1EC2E1: cpp_dbc::MySQL::MySQLConnection::MySQLConnection(std::__cxx11::basic_string<char, std::char_traits<char>, std::allocator<char> > const&, int, std::__cxx11::basic_string<char, std::char_traits<char>, std::allocator<char> > const&, std::__cxx11::basic_string<char, std::char_traits<char>, std::allocator<char> > const&, std::__cxx11::basic_string<char, std::char_traits<char>, std::allocator<char> > const&) (driver_mysql.cpp:624)
==268755== 
==268755== 56 bytes in 1 blocks are still reachable in loss record 1,226 of 2,004
==268755==    at 0x4849013: operator new(unsigned long) (in /usr/libexec/valgrind/vgpreload_memcheck-amd64-linux.so)
==268755==    by 0x48E4B91: ??? (in /usr/lib/x86_64-linux-gnu/libmysqlclient.so.21.2.42)
==268755==    by 0x48E4EDC: ??? (in /usr/lib/x86_64-linux-gnu/libmysqlclient.so.21.2.42)
==268755==    by 0x4907AA3: ??? (in /usr/lib/x86_64-linux-gnu/libmysqlclient.so.21.2.42)
==268755==    by 0x48E6082: ??? (in /usr/lib/x86_64-linux-gnu/libmysqlclient.so.21.2.42)
==268755==    by 0x522BEE7: __pthread_once_slow (pthread_once.c:116)
==268755==    by 0x4903155: ??? (in /usr/lib/x86_64-linux-gnu/libmysqlclient.so.21.2.42)
==268755==    by 0x489CBB8: ??? (in /usr/lib/x86_64-linux-gnu/libmysqlclient.so.21.2.42)
==268755==    by 0x489D1FA: ??? (in /usr/lib/x86_64-linux-gnu/libmysqlclient.so.21.2.42)
==268755==    by 0x48A3273: ??? (in /usr/lib/x86_64-linux-gnu/libmysqlclient.so.21.2.42)
==268755==    by 0x489EF82: mysql_real_connect (in /usr/lib/x86_64-linux-gnu/libmysqlclient.so.21.2.42)
==268755==    by 0x1EC2E1: cpp_dbc::MySQL::MySQLConnection::MySQLConnection(std::__cxx11::basic_string<char, std::char_traits<char>, std::allocator<char> > const&, int, std::__cxx11::basic_string<char, std::char_traits<char>, std::allocator<char> > const&, std::__cxx11::basic_string<char, std::char_traits<char>, std::allocator<char> > const&, std::__cxx11::basic_string<char, std::char_traits<char>, std::allocator<char> > const&) (driver_mysql.cpp:624)
==268755== 
==268755== 56 bytes in 1 blocks are still reachable in loss record 1,227 of 2,004
==268755==    at 0x4849013: operator new(unsigned long) (in /usr/libexec/valgrind/vgpreload_memcheck-amd64-linux.so)
==268755==    by 0x48E4B91: ??? (in /usr/lib/x86_64-linux-gnu/libmysqlclient.so.21.2.42)
==268755==    by 0x48E4EDC: ??? (in /usr/lib/x86_64-linux-gnu/libmysqlclient.so.21.2.42)
==268755==    by 0x4907AE5: ??? (in /usr/lib/x86_64-linux-gnu/libmysqlclient.so.21.2.42)
==268755==    by 0x48E6082: ??? (in /usr/lib/x86_64-linux-gnu/libmysqlclient.so.21.2.42)
==268755==    by 0x522BEE7: __pthread_once_slow (pthread_once.c:116)
==268755==    by 0x4903155: ??? (in /usr/lib/x86_64-linux-gnu/libmysqlclient.so.21.2.42)
==268755==    by 0x489CBB8: ??? (in /usr/lib/x86_64-linux-gnu/libmysqlclient.so.21.2.42)
==268755==    by 0x489D1FA: ??? (in /usr/lib/x86_64-linux-gnu/libmysqlclient.so.21.2.42)
==268755==    by 0x48A3273: ??? (in /usr/lib/x86_64-linux-gnu/libmysqlclient.so.21.2.42)
==268755==    by 0x489EF82: mysql_real_connect (in /usr/lib/x86_64-linux-gnu/libmysqlclient.so.21.2.42)
==268755==    by 0x1EC2E1: cpp_dbc::MySQL::MySQLConnection::MySQLConnection(std::__cxx11::basic_string<char, std::char_traits<char>, std::allocator<char> > const&, int, std::__cxx11::basic_string<char, std::char_traits<char>, std::allocator<char> > const&, std::__cxx11::basic_string<char, std::char_traits<char>, std::allocator<char> > const&, std::__cxx11::basic_string<char, std::char_traits<char>, std::allocator<char> > const&) (driver_mysql.cpp:624)
==268755== 
==268755== 56 bytes in 1 blocks are still reachable in loss record 1,228 of 2,004
==268755==    at 0x4849013: operator new(unsigned long) (in /usr/libexec/valgrind/vgpreload_memcheck-amd64-linux.so)
==268755==    by 0x48E4B91: ??? (in /usr/lib/x86_64-linux-gnu/libmysqlclient.so.21.2.42)
==268755==    by 0x48E4EDC: ??? (in /usr/lib/x86_64-linux-gnu/libmysqlclient.so.21.2.42)
==268755==    by 0x4907B27: ??? (in /usr/lib/x86_64-linux-gnu/libmysqlclient.so.21.2.42)
==268755==    by 0x48E6082: ??? (in /usr/lib/x86_64-linux-gnu/libmysqlclient.so.21.2.42)
==268755==    by 0x522BEE7: __pthread_once_slow (pthread_once.c:116)
==268755==    by 0x4903155: ??? (in /usr/lib/x86_64-linux-gnu/libmysqlclient.so.21.2.42)
==268755==    by 0x489CBB8: ??? (in /usr/lib/x86_64-linux-gnu/libmysqlclient.so.21.2.42)
==268755==    by 0x489D1FA: ??? (in /usr/lib/x86_64-linux-gnu/libmysqlclient.so.21.2.42)
==268755==    by 0x48A3273: ??? (in /usr/lib/x86_64-linux-gnu/libmysqlclient.so.21.2.42)
==268755==    by 0x489EF82: mysql_real_connect (in /usr/lib/x86_64-linux-gnu/libmysqlclient.so.21.2.42)
==268755==    by 0x1EC2E1: cpp_dbc::MySQL::MySQLConnection::MySQLConnection(std::__cxx11::basic_string<char, std::char_traits<char>, std::allocator<char> > const&, int, std::__cxx11::basic_string<char, std::char_traits<char>, std::allocator<char> > const&, std::__cxx11::basic_string<char, std::char_traits<char>, std::allocator<char> > const&, std::__cxx11::basic_string<char, std::char_traits<char>, std::allocator<char> > const&) (driver_mysql.cpp:624)
==268755== 
==268755== 56 bytes in 1 blocks are still reachable in loss record 1,229 of 2,004
==268755==    at 0x4849013: operator new(unsigned long) (in /usr/libexec/valgrind/vgpreload_memcheck-amd64-linux.so)
==268755==    by 0x48E4B91: ??? (in /usr/lib/x86_64-linux-gnu/libmysqlclient.so.21.2.42)
==268755==    by 0x48E4EDC: ??? (in /usr/lib/x86_64-linux-gnu/libmysqlclient.so.21.2.42)
==268755==    by 0x4907B69: ??? (in /usr/lib/x86_64-linux-gnu/libmysqlclient.so.21.2.42)
==268755==    by 0x48E6082: ??? (in /usr/lib/x86_64-linux-gnu/libmysqlclient.so.21.2.42)
==268755==    by 0x522BEE7: __pthread_once_slow (pthread_once.c:116)
==268755==    by 0x4903155: ??? (in /usr/lib/x86_64-linux-gnu/libmysqlclient.so.21.2.42)
==268755==    by 0x489CBB8: ??? (in /usr/lib/x86_64-linux-gnu/libmysqlclient.so.21.2.42)
==268755==    by 0x489D1FA: ??? (in /usr/lib/x86_64-linux-gnu/libmysqlclient.so.21.2.42)
==268755==    by 0x48A3273: ??? (in /usr/lib/x86_64-linux-gnu/libmysqlclient.so.21.2.42)
==268755==    by 0x489EF82: mysql_real_connect (in /usr/lib/x86_64-linux-gnu/libmysqlclient.so.21.2.42)
==268755==    by 0x1EC2E1: cpp_dbc::MySQL::MySQLConnection::MySQLConnection(std::__cxx11::basic_string<char, std::char_traits<char>, std::allocator<char> > const&, int, std::__cxx11::basic_string<char, std::char_traits<char>, std::allocator<char> > const&, std::__cxx11::basic_string<char, std::char_traits<char>, std::allocator<char> > const&, std::__cxx11::basic_string<char, std::char_traits<char>, std::allocator<char> > const&) (driver_mysql.cpp:624)
==268755== 
==268755== 56 bytes in 1 blocks are still reachable in loss record 1,230 of 2,004
==268755==    at 0x4849013: operator new(unsigned long) (in /usr/libexec/valgrind/vgpreload_memcheck-amd64-linux.so)
==268755==    by 0x48E4B91: ??? (in /usr/lib/x86_64-linux-gnu/libmysqlclient.so.21.2.42)
==268755==    by 0x48E4EDC: ??? (in /usr/lib/x86_64-linux-gnu/libmysqlclient.so.21.2.42)
==268755==    by 0x4907BAB: ??? (in /usr/lib/x86_64-linux-gnu/libmysqlclient.so.21.2.42)
==268755==    by 0x48E6082: ??? (in /usr/lib/x86_64-linux-gnu/libmysqlclient.so.21.2.42)
==268755==    by 0x522BEE7: __pthread_once_slow (pthread_once.c:116)
==268755==    by 0x4903155: ??? (in /usr/lib/x86_64-linux-gnu/libmysqlclient.so.21.2.42)
==268755==    by 0x489CBB8: ??? (in /usr/lib/x86_64-linux-gnu/libmysqlclient.so.21.2.42)
==268755==    by 0x489D1FA: ??? (in /usr/lib/x86_64-linux-gnu/libmysqlclient.so.21.2.42)
==268755==    by 0x48A3273: ??? (in /usr/lib/x86_64-linux-gnu/libmysqlclient.so.21.2.42)
==268755==    by 0x489EF82: mysql_real_connect (in /usr/lib/x86_64-linux-gnu/libmysqlclient.so.21.2.42)
==268755==    by 0x1EC2E1: cpp_dbc::MySQL::MySQLConnection::MySQLConnection(std::__cxx11::basic_string<char, std::char_traits<char>, std::allocator<char> > const&, int, std::__cxx11::basic_string<char, std::char_traits<char>, std::allocator<char> > const&, std::__cxx11::basic_string<char, std::char_traits<char>, std::allocator<char> > const&, std::__cxx11::basic_string<char, std::char_traits<char>, std::allocator<char> > const&) (driver_mysql.cpp:624)
==268755== 
==268755== 56 bytes in 1 blocks are still reachable in loss record 1,231 of 2,004
==268755==    at 0x4849013: operator new(unsigned long) (in /usr/libexec/valgrind/vgpreload_memcheck-amd64-linux.so)
==268755==    by 0x48E4B91: ??? (in /usr/lib/x86_64-linux-gnu/libmysqlclient.so.21.2.42)
==268755==    by 0x48E4EDC: ??? (in /usr/lib/x86_64-linux-gnu/libmysqlclient.so.21.2.42)
==268755==    by 0x4907BED: ??? (in /usr/lib/x86_64-linux-gnu/libmysqlclient.so.21.2.42)
==268755==    by 0x48E6082: ??? (in /usr/lib/x86_64-linux-gnu/libmysqlclient.so.21.2.42)
==268755==    by 0x522BEE7: __pthread_once_slow (pthread_once.c:116)
==268755==    by 0x4903155: ??? (in /usr/lib/x86_64-linux-gnu/libmysqlclient.so.21.2.42)
==268755==    by 0x489CBB8: ??? (in /usr/lib/x86_64-linux-gnu/libmysqlclient.so.21.2.42)
==268755==    by 0x489D1FA: ??? (in /usr/lib/x86_64-linux-gnu/libmysqlclient.so.21.2.42)
==268755==    by 0x48A3273: ??? (in /usr/lib/x86_64-linux-gnu/libmysqlclient.so.21.2.42)
==268755==    by 0x489EF82: mysql_real_connect (in /usr/lib/x86_64-linux-gnu/libmysqlclient.so.21.2.42)
==268755==    by 0x1EC2E1: cpp_dbc::MySQL::MySQLConnection::MySQLConnection(std::__cxx11::basic_string<char, std::char_traits<char>, std::allocator<char> > const&, int, std::__cxx11::basic_string<char, std::char_traits<char>, std::allocator<char> > const&, std::__cxx11::basic_string<char, std::char_traits<char>, std::allocator<char> > const&, std::__cxx11::basic_string<char, std::char_traits<char>, std::allocator<char> > const&) (driver_mysql.cpp:624)
==268755== 
==268755== 56 bytes in 1 blocks are still reachable in loss record 1,232 of 2,004
==268755==    at 0x4849013: operator new(unsigned long) (in /usr/libexec/valgrind/vgpreload_memcheck-amd64-linux.so)
==268755==    by 0x48E4B91: ??? (in /usr/lib/x86_64-linux-gnu/libmysqlclient.so.21.2.42)
==268755==    by 0x48E4EDC: ??? (in /usr/lib/x86_64-linux-gnu/libmysqlclient.so.21.2.42)
==268755==    by 0x4907C2F: ??? (in /usr/lib/x86_64-linux-gnu/libmysqlclient.so.21.2.42)
==268755==    by 0x48E6082: ??? (in /usr/lib/x86_64-linux-gnu/libmysqlclient.so.21.2.42)
==268755==    by 0x522BEE7: __pthread_once_slow (pthread_once.c:116)
==268755==    by 0x4903155: ??? (in /usr/lib/x86_64-linux-gnu/libmysqlclient.so.21.2.42)
==268755==    by 0x489CBB8: ??? (in /usr/lib/x86_64-linux-gnu/libmysqlclient.so.21.2.42)
==268755==    by 0x489D1FA: ??? (in /usr/lib/x86_64-linux-gnu/libmysqlclient.so.21.2.42)
==268755==    by 0x48A3273: ??? (in /usr/lib/x86_64-linux-gnu/libmysqlclient.so.21.2.42)
==268755==    by 0x489EF82: mysql_real_connect (in /usr/lib/x86_64-linux-gnu/libmysqlclient.so.21.2.42)
==268755==    by 0x1EC2E1: cpp_dbc::MySQL::MySQLConnection::MySQLConnection(std::__cxx11::basic_string<char, std::char_traits<char>, std::allocator<char> > const&, int, std::__cxx11::basic_string<char, std::char_traits<char>, std::allocator<char> > const&, std::__cxx11::basic_string<char, std::char_traits<char>, std::allocator<char> > const&, std::__cxx11::basic_string<char, std::char_traits<char>, std::allocator<char> > const&) (driver_mysql.cpp:624)
==268755== 
==268755== 56 bytes in 1 blocks are still reachable in loss record 1,233 of 2,004
==268755==    at 0x4849013: operator new(unsigned long) (in /usr/libexec/valgrind/vgpreload_memcheck-amd64-linux.so)
==268755==    by 0x48E4B91: ??? (in /usr/lib/x86_64-linux-gnu/libmysqlclient.so.21.2.42)
==268755==    by 0x48E4EDC: ??? (in /usr/lib/x86_64-linux-gnu/libmysqlclient.so.21.2.42)
==268755==    by 0x4907C71: ??? (in /usr/lib/x86_64-linux-gnu/libmysqlclient.so.21.2.42)
==268755==    by 0x48E6082: ??? (in /usr/lib/x86_64-linux-gnu/libmysqlclient.so.21.2.42)
==268755==    by 0x522BEE7: __pthread_once_slow (pthread_once.c:116)
==268755==    by 0x4903155: ??? (in /usr/lib/x86_64-linux-gnu/libmysqlclient.so.21.2.42)
==268755==    by 0x489CBB8: ??? (in /usr/lib/x86_64-linux-gnu/libmysqlclient.so.21.2.42)
==268755==    by 0x489D1FA: ??? (in /usr/lib/x86_64-linux-gnu/libmysqlclient.so.21.2.42)
==268755==    by 0x48A3273: ??? (in /usr/lib/x86_64-linux-gnu/libmysqlclient.so.21.2.42)
==268755==    by 0x489EF82: mysql_real_connect (in /usr/lib/x86_64-linux-gnu/libmysqlclient.so.21.2.42)
==268755==    by 0x1EC2E1: cpp_dbc::MySQL::MySQLConnection::MySQLConnection(std::__cxx11::basic_string<char, std::char_traits<char>, std::allocator<char> > const&, int, std::__cxx11::basic_string<char, std::char_traits<char>, std::allocator<char> > const&, std::__cxx11::basic_string<char, std::char_traits<char>, std::allocator<char> > const&, std::__cxx11::basic_string<char, std::char_traits<char>, std::allocator<char> > const&) (driver_mysql.cpp:624)
==268755== 
==268755== 56 bytes in 1 blocks are still reachable in loss record 1,234 of 2,004
==268755==    at 0x4849013: operator new(unsigned long) (in /usr/libexec/valgrind/vgpreload_memcheck-amd64-linux.so)
==268755==    by 0x48E4B91: ??? (in /usr/lib/x86_64-linux-gnu/libmysqlclient.so.21.2.42)
==268755==    by 0x48E4EDC: ??? (in /usr/lib/x86_64-linux-gnu/libmysqlclient.so.21.2.42)
==268755==    by 0x4907CB3: ??? (in /usr/lib/x86_64-linux-gnu/libmysqlclient.so.21.2.42)
==268755==    by 0x48E6082: ??? (in /usr/lib/x86_64-linux-gnu/libmysqlclient.so.21.2.42)
==268755==    by 0x522BEE7: __pthread_once_slow (pthread_once.c:116)
==268755==    by 0x4903155: ??? (in /usr/lib/x86_64-linux-gnu/libmysqlclient.so.21.2.42)
==268755==    by 0x489CBB8: ??? (in /usr/lib/x86_64-linux-gnu/libmysqlclient.so.21.2.42)
==268755==    by 0x489D1FA: ??? (in /usr/lib/x86_64-linux-gnu/libmysqlclient.so.21.2.42)
==268755==    by 0x48A3273: ??? (in /usr/lib/x86_64-linux-gnu/libmysqlclient.so.21.2.42)
==268755==    by 0x489EF82: mysql_real_connect (in /usr/lib/x86_64-linux-gnu/libmysqlclient.so.21.2.42)
==268755==    by 0x1EC2E1: cpp_dbc::MySQL::MySQLConnection::MySQLConnection(std::__cxx11::basic_string<char, std::char_traits<char>, std::allocator<char> > const&, int, std::__cxx11::basic_string<char, std::char_traits<char>, std::allocator<char> > const&, std::__cxx11::basic_string<char, std::char_traits<char>, std::allocator<char> > const&, std::__cxx11::basic_string<char, std::char_traits<char>, std::allocator<char> > const&) (driver_mysql.cpp:624)
==268755== 
==268755== 56 bytes in 1 blocks are still reachable in loss record 1,235 of 2,004
==268755==    at 0x4849013: operator new(unsigned long) (in /usr/libexec/valgrind/vgpreload_memcheck-amd64-linux.so)
==268755==    by 0x48E4B91: ??? (in /usr/lib/x86_64-linux-gnu/libmysqlclient.so.21.2.42)
==268755==    by 0x48E4EDC: ??? (in /usr/lib/x86_64-linux-gnu/libmysqlclient.so.21.2.42)
==268755==    by 0x4907CF5: ??? (in /usr/lib/x86_64-linux-gnu/libmysqlclient.so.21.2.42)
==268755==    by 0x48E6082: ??? (in /usr/lib/x86_64-linux-gnu/libmysqlclient.so.21.2.42)
==268755==    by 0x522BEE7: __pthread_once_slow (pthread_once.c:116)
==268755==    by 0x4903155: ??? (in /usr/lib/x86_64-linux-gnu/libmysqlclient.so.21.2.42)
==268755==    by 0x489CBB8: ??? (in /usr/lib/x86_64-linux-gnu/libmysqlclient.so.21.2.42)
==268755==    by 0x489D1FA: ??? (in /usr/lib/x86_64-linux-gnu/libmysqlclient.so.21.2.42)
==268755==    by 0x48A3273: ??? (in /usr/lib/x86_64-linux-gnu/libmysqlclient.so.21.2.42)
==268755==    by 0x489EF82: mysql_real_connect (in /usr/lib/x86_64-linux-gnu/libmysqlclient.so.21.2.42)
==268755==    by 0x1EC2E1: cpp_dbc::MySQL::MySQLConnection::MySQLConnection(std::__cxx11::basic_string<char, std::char_traits<char>, std::allocator<char> > const&, int, std::__cxx11::basic_string<char, std::char_traits<char>, std::allocator<char> > const&, std::__cxx11::basic_string<char, std::char_traits<char>, std::allocator<char> > const&, std::__cxx11::basic_string<char, std::char_traits<char>, std::allocator<char> > const&) (driver_mysql.cpp:624)
==268755== 
==268755== 56 bytes in 1 blocks are still reachable in loss record 1,236 of 2,004
==268755==    at 0x4849013: operator new(unsigned long) (in /usr/libexec/valgrind/vgpreload_memcheck-amd64-linux.so)
==268755==    by 0x48E4B91: ??? (in /usr/lib/x86_64-linux-gnu/libmysqlclient.so.21.2.42)
==268755==    by 0x48E4EDC: ??? (in /usr/lib/x86_64-linux-gnu/libmysqlclient.so.21.2.42)
==268755==    by 0x4907D37: ??? (in /usr/lib/x86_64-linux-gnu/libmysqlclient.so.21.2.42)
==268755==    by 0x48E6082: ??? (in /usr/lib/x86_64-linux-gnu/libmysqlclient.so.21.2.42)
==268755==    by 0x522BEE7: __pthread_once_slow (pthread_once.c:116)
==268755==    by 0x4903155: ??? (in /usr/lib/x86_64-linux-gnu/libmysqlclient.so.21.2.42)
==268755==    by 0x489CBB8: ??? (in /usr/lib/x86_64-linux-gnu/libmysqlclient.so.21.2.42)
==268755==    by 0x489D1FA: ??? (in /usr/lib/x86_64-linux-gnu/libmysqlclient.so.21.2.42)
==268755==    by 0x48A3273: ??? (in /usr/lib/x86_64-linux-gnu/libmysqlclient.so.21.2.42)
==268755==    by 0x489EF82: mysql_real_connect (in /usr/lib/x86_64-linux-gnu/libmysqlclient.so.21.2.42)
==268755==    by 0x1EC2E1: cpp_dbc::MySQL::MySQLConnection::MySQLConnection(std::__cxx11::basic_string<char, std::char_traits<char>, std::allocator<char> > const&, int, std::__cxx11::basic_string<char, std::char_traits<char>, std::allocator<char> > const&, std::__cxx11::basic_string<char, std::char_traits<char>, std::allocator<char> > const&, std::__cxx11::basic_string<char, std::char_traits<char>, std::allocator<char> > const&) (driver_mysql.cpp:624)
==268755== 
==268755== 56 bytes in 1 blocks are still reachable in loss record 1,237 of 2,004
==268755==    at 0x4849013: operator new(unsigned long) (in /usr/libexec/valgrind/vgpreload_memcheck-amd64-linux.so)
==268755==    by 0x48E4B91: ??? (in /usr/lib/x86_64-linux-gnu/libmysqlclient.so.21.2.42)
==268755==    by 0x48E4EDC: ??? (in /usr/lib/x86_64-linux-gnu/libmysqlclient.so.21.2.42)
==268755==    by 0x4907D79: ??? (in /usr/lib/x86_64-linux-gnu/libmysqlclient.so.21.2.42)
==268755==    by 0x48E6082: ??? (in /usr/lib/x86_64-linux-gnu/libmysqlclient.so.21.2.42)
==268755==    by 0x522BEE7: __pthread_once_slow (pthread_once.c:116)
==268755==    by 0x4903155: ??? (in /usr/lib/x86_64-linux-gnu/libmysqlclient.so.21.2.42)
==268755==    by 0x489CBB8: ??? (in /usr/lib/x86_64-linux-gnu/libmysqlclient.so.21.2.42)
==268755==    by 0x489D1FA: ??? (in /usr/lib/x86_64-linux-gnu/libmysqlclient.so.21.2.42)
==268755==    by 0x48A3273: ??? (in /usr/lib/x86_64-linux-gnu/libmysqlclient.so.21.2.42)
==268755==    by 0x489EF82: mysql_real_connect (in /usr/lib/x86_64-linux-gnu/libmysqlclient.so.21.2.42)
==268755==    by 0x1EC2E1: cpp_dbc::MySQL::MySQLConnection::MySQLConnection(std::__cxx11::basic_string<char, std::char_traits<char>, std::allocator<char> > const&, int, std::__cxx11::basic_string<char, std::char_traits<char>, std::allocator<char> > const&, std::__cxx11::basic_string<char, std::char_traits<char>, std::allocator<char> > const&, std::__cxx11::basic_string<char, std::char_traits<char>, std::allocator<char> > const&) (driver_mysql.cpp:624)
==268755== 
==268755== 56 bytes in 1 blocks are still reachable in loss record 1,238 of 2,004
==268755==    at 0x4849013: operator new(unsigned long) (in /usr/libexec/valgrind/vgpreload_memcheck-amd64-linux.so)
==268755==    by 0x48E4B91: ??? (in /usr/lib/x86_64-linux-gnu/libmysqlclient.so.21.2.42)
==268755==    by 0x48E4EDC: ??? (in /usr/lib/x86_64-linux-gnu/libmysqlclient.so.21.2.42)
==268755==    by 0x4907DBB: ??? (in /usr/lib/x86_64-linux-gnu/libmysqlclient.so.21.2.42)
==268755==    by 0x48E6082: ??? (in /usr/lib/x86_64-linux-gnu/libmysqlclient.so.21.2.42)
==268755==    by 0x522BEE7: __pthread_once_slow (pthread_once.c:116)
==268755==    by 0x4903155: ??? (in /usr/lib/x86_64-linux-gnu/libmysqlclient.so.21.2.42)
==268755==    by 0x489CBB8: ??? (in /usr/lib/x86_64-linux-gnu/libmysqlclient.so.21.2.42)
==268755==    by 0x489D1FA: ??? (in /usr/lib/x86_64-linux-gnu/libmysqlclient.so.21.2.42)
==268755==    by 0x48A3273: ??? (in /usr/lib/x86_64-linux-gnu/libmysqlclient.so.21.2.42)
==268755==    by 0x489EF82: mysql_real_connect (in /usr/lib/x86_64-linux-gnu/libmysqlclient.so.21.2.42)
==268755==    by 0x1EC2E1: cpp_dbc::MySQL::MySQLConnection::MySQLConnection(std::__cxx11::basic_string<char, std::char_traits<char>, std::allocator<char> > const&, int, std::__cxx11::basic_string<char, std::char_traits<char>, std::allocator<char> > const&, std::__cxx11::basic_string<char, std::char_traits<char>, std::allocator<char> > const&, std::__cxx11::basic_string<char, std::char_traits<char>, std::allocator<char> > const&) (driver_mysql.cpp:624)
==268755== 
==268755== 56 bytes in 1 blocks are still reachable in loss record 1,239 of 2,004
==268755==    at 0x4849013: operator new(unsigned long) (in /usr/libexec/valgrind/vgpreload_memcheck-amd64-linux.so)
==268755==    by 0x48E4B91: ??? (in /usr/lib/x86_64-linux-gnu/libmysqlclient.so.21.2.42)
==268755==    by 0x48E4EDC: ??? (in /usr/lib/x86_64-linux-gnu/libmysqlclient.so.21.2.42)
==268755==    by 0x4907DFD: ??? (in /usr/lib/x86_64-linux-gnu/libmysqlclient.so.21.2.42)
==268755==    by 0x48E6082: ??? (in /usr/lib/x86_64-linux-gnu/libmysqlclient.so.21.2.42)
==268755==    by 0x522BEE7: __pthread_once_slow (pthread_once.c:116)
==268755==    by 0x4903155: ??? (in /usr/lib/x86_64-linux-gnu/libmysqlclient.so.21.2.42)
==268755==    by 0x489CBB8: ??? (in /usr/lib/x86_64-linux-gnu/libmysqlclient.so.21.2.42)
==268755==    by 0x489D1FA: ??? (in /usr/lib/x86_64-linux-gnu/libmysqlclient.so.21.2.42)
==268755==    by 0x48A3273: ??? (in /usr/lib/x86_64-linux-gnu/libmysqlclient.so.21.2.42)
==268755==    by 0x489EF82: mysql_real_connect (in /usr/lib/x86_64-linux-gnu/libmysqlclient.so.21.2.42)
==268755==    by 0x1EC2E1: cpp_dbc::MySQL::MySQLConnection::MySQLConnection(std::__cxx11::basic_string<char, std::char_traits<char>, std::allocator<char> > const&, int, std::__cxx11::basic_string<char, std::char_traits<char>, std::allocator<char> > const&, std::__cxx11::basic_string<char, std::char_traits<char>, std::allocator<char> > const&, std::__cxx11::basic_string<char, std::char_traits<char>, std::allocator<char> > const&) (driver_mysql.cpp:624)
==268755== 
==268755== 56 bytes in 1 blocks are still reachable in loss record 1,240 of 2,004
==268755==    at 0x4849013: operator new(unsigned long) (in /usr/libexec/valgrind/vgpreload_memcheck-amd64-linux.so)
==268755==    by 0x48E4B91: ??? (in /usr/lib/x86_64-linux-gnu/libmysqlclient.so.21.2.42)
==268755==    by 0x48E4EDC: ??? (in /usr/lib/x86_64-linux-gnu/libmysqlclient.so.21.2.42)
==268755==    by 0x4907E3F: ??? (in /usr/lib/x86_64-linux-gnu/libmysqlclient.so.21.2.42)
==268755==    by 0x48E6082: ??? (in /usr/lib/x86_64-linux-gnu/libmysqlclient.so.21.2.42)
==268755==    by 0x522BEE7: __pthread_once_slow (pthread_once.c:116)
==268755==    by 0x4903155: ??? (in /usr/lib/x86_64-linux-gnu/libmysqlclient.so.21.2.42)
==268755==    by 0x489CBB8: ??? (in /usr/lib/x86_64-linux-gnu/libmysqlclient.so.21.2.42)
==268755==    by 0x489D1FA: ??? (in /usr/lib/x86_64-linux-gnu/libmysqlclient.so.21.2.42)
==268755==    by 0x48A3273: ??? (in /usr/lib/x86_64-linux-gnu/libmysqlclient.so.21.2.42)
==268755==    by 0x489EF82: mysql_real_connect (in /usr/lib/x86_64-linux-gnu/libmysqlclient.so.21.2.42)
==268755==    by 0x1EC2E1: cpp_dbc::MySQL::MySQLConnection::MySQLConnection(std::__cxx11::basic_string<char, std::char_traits<char>, std::allocator<char> > const&, int, std::__cxx11::basic_string<char, std::char_traits<char>, std::allocator<char> > const&, std::__cxx11::basic_string<char, std::char_traits<char>, std::allocator<char> > const&, std::__cxx11::basic_string<char, std::char_traits<char>, std::allocator<char> > const&) (driver_mysql.cpp:624)
==268755== 
==268755== 56 bytes in 1 blocks are still reachable in loss record 1,241 of 2,004
==268755==    at 0x4849013: operator new(unsigned long) (in /usr/libexec/valgrind/vgpreload_memcheck-amd64-linux.so)
==268755==    by 0x48E4B91: ??? (in /usr/lib/x86_64-linux-gnu/libmysqlclient.so.21.2.42)
==268755==    by 0x48E4EDC: ??? (in /usr/lib/x86_64-linux-gnu/libmysqlclient.so.21.2.42)
==268755==    by 0x4907E81: ??? (in /usr/lib/x86_64-linux-gnu/libmysqlclient.so.21.2.42)
==268755==    by 0x48E6082: ??? (in /usr/lib/x86_64-linux-gnu/libmysqlclient.so.21.2.42)
==268755==    by 0x522BEE7: __pthread_once_slow (pthread_once.c:116)
==268755==    by 0x4903155: ??? (in /usr/lib/x86_64-linux-gnu/libmysqlclient.so.21.2.42)
==268755==    by 0x489CBB8: ??? (in /usr/lib/x86_64-linux-gnu/libmysqlclient.so.21.2.42)
==268755==    by 0x489D1FA: ??? (in /usr/lib/x86_64-linux-gnu/libmysqlclient.so.21.2.42)
==268755==    by 0x48A3273: ??? (in /usr/lib/x86_64-linux-gnu/libmysqlclient.so.21.2.42)
==268755==    by 0x489EF82: mysql_real_connect (in /usr/lib/x86_64-linux-gnu/libmysqlclient.so.21.2.42)
==268755==    by 0x1EC2E1: cpp_dbc::MySQL::MySQLConnection::MySQLConnection(std::__cxx11::basic_string<char, std::char_traits<char>, std::allocator<char> > const&, int, std::__cxx11::basic_string<char, std::char_traits<char>, std::allocator<char> > const&, std::__cxx11::basic_string<char, std::char_traits<char>, std::allocator<char> > const&, std::__cxx11::basic_string<char, std::char_traits<char>, std::allocator<char> > const&) (driver_mysql.cpp:624)
==268755== 
==268755== 56 bytes in 1 blocks are still reachable in loss record 1,242 of 2,004
==268755==    at 0x4849013: operator new(unsigned long) (in /usr/libexec/valgrind/vgpreload_memcheck-amd64-linux.so)
==268755==    by 0x48E4B91: ??? (in /usr/lib/x86_64-linux-gnu/libmysqlclient.so.21.2.42)
==268755==    by 0x48E4EDC: ??? (in /usr/lib/x86_64-linux-gnu/libmysqlclient.so.21.2.42)
==268755==    by 0x4907EC3: ??? (in /usr/lib/x86_64-linux-gnu/libmysqlclient.so.21.2.42)
==268755==    by 0x48E6082: ??? (in /usr/lib/x86_64-linux-gnu/libmysqlclient.so.21.2.42)
==268755==    by 0x522BEE7: __pthread_once_slow (pthread_once.c:116)
==268755==    by 0x4903155: ??? (in /usr/lib/x86_64-linux-gnu/libmysqlclient.so.21.2.42)
==268755==    by 0x489CBB8: ??? (in /usr/lib/x86_64-linux-gnu/libmysqlclient.so.21.2.42)
==268755==    by 0x489D1FA: ??? (in /usr/lib/x86_64-linux-gnu/libmysqlclient.so.21.2.42)
==268755==    by 0x48A3273: ??? (in /usr/lib/x86_64-linux-gnu/libmysqlclient.so.21.2.42)
==268755==    by 0x489EF82: mysql_real_connect (in /usr/lib/x86_64-linux-gnu/libmysqlclient.so.21.2.42)
==268755==    by 0x1EC2E1: cpp_dbc::MySQL::MySQLConnection::MySQLConnection(std::__cxx11::basic_string<char, std::char_traits<char>, std::allocator<char> > const&, int, std::__cxx11::basic_string<char, std::char_traits<char>, std::allocator<char> > const&, std::__cxx11::basic_string<char, std::char_traits<char>, std::allocator<char> > const&, std::__cxx11::basic_string<char, std::char_traits<char>, std::allocator<char> > const&) (driver_mysql.cpp:624)
==268755== 
==268755== 56 bytes in 1 blocks are still reachable in loss record 1,243 of 2,004
==268755==    at 0x4849013: operator new(unsigned long) (in /usr/libexec/valgrind/vgpreload_memcheck-amd64-linux.so)
==268755==    by 0x48E4B91: ??? (in /usr/lib/x86_64-linux-gnu/libmysqlclient.so.21.2.42)
==268755==    by 0x48E4EDC: ??? (in /usr/lib/x86_64-linux-gnu/libmysqlclient.so.21.2.42)
==268755==    by 0x4907F05: ??? (in /usr/lib/x86_64-linux-gnu/libmysqlclient.so.21.2.42)
==268755==    by 0x48E6082: ??? (in /usr/lib/x86_64-linux-gnu/libmysqlclient.so.21.2.42)
==268755==    by 0x522BEE7: __pthread_once_slow (pthread_once.c:116)
==268755==    by 0x4903155: ??? (in /usr/lib/x86_64-linux-gnu/libmysqlclient.so.21.2.42)
==268755==    by 0x489CBB8: ??? (in /usr/lib/x86_64-linux-gnu/libmysqlclient.so.21.2.42)
==268755==    by 0x489D1FA: ??? (in /usr/lib/x86_64-linux-gnu/libmysqlclient.so.21.2.42)
==268755==    by 0x48A3273: ??? (in /usr/lib/x86_64-linux-gnu/libmysqlclient.so.21.2.42)
==268755==    by 0x489EF82: mysql_real_connect (in /usr/lib/x86_64-linux-gnu/libmysqlclient.so.21.2.42)
==268755==    by 0x1EC2E1: cpp_dbc::MySQL::MySQLConnection::MySQLConnection(std::__cxx11::basic_string<char, std::char_traits<char>, std::allocator<char> > const&, int, std::__cxx11::basic_string<char, std::char_traits<char>, std::allocator<char> > const&, std::__cxx11::basic_string<char, std::char_traits<char>, std::allocator<char> > const&, std::__cxx11::basic_string<char, std::char_traits<char>, std::allocator<char> > const&) (driver_mysql.cpp:624)
==268755== 
==268755== 56 bytes in 1 blocks are still reachable in loss record 1,244 of 2,004
==268755==    at 0x4849013: operator new(unsigned long) (in /usr/libexec/valgrind/vgpreload_memcheck-amd64-linux.so)
==268755==    by 0x48E4B91: ??? (in /usr/lib/x86_64-linux-gnu/libmysqlclient.so.21.2.42)
==268755==    by 0x48E4EDC: ??? (in /usr/lib/x86_64-linux-gnu/libmysqlclient.so.21.2.42)
==268755==    by 0x4907F47: ??? (in /usr/lib/x86_64-linux-gnu/libmysqlclient.so.21.2.42)
==268755==    by 0x48E6082: ??? (in /usr/lib/x86_64-linux-gnu/libmysqlclient.so.21.2.42)
==268755==    by 0x522BEE7: __pthread_once_slow (pthread_once.c:116)
==268755==    by 0x4903155: ??? (in /usr/lib/x86_64-linux-gnu/libmysqlclient.so.21.2.42)
==268755==    by 0x489CBB8: ??? (in /usr/lib/x86_64-linux-gnu/libmysqlclient.so.21.2.42)
==268755==    by 0x489D1FA: ??? (in /usr/lib/x86_64-linux-gnu/libmysqlclient.so.21.2.42)
==268755==    by 0x48A3273: ??? (in /usr/lib/x86_64-linux-gnu/libmysqlclient.so.21.2.42)
==268755==    by 0x489EF82: mysql_real_connect (in /usr/lib/x86_64-linux-gnu/libmysqlclient.so.21.2.42)
==268755==    by 0x1EC2E1: cpp_dbc::MySQL::MySQLConnection::MySQLConnection(std::__cxx11::basic_string<char, std::char_traits<char>, std::allocator<char> > const&, int, std::__cxx11::basic_string<char, std::char_traits<char>, std::allocator<char> > const&, std::__cxx11::basic_string<char, std::char_traits<char>, std::allocator<char> > const&, std::__cxx11::basic_string<char, std::char_traits<char>, std::allocator<char> > const&) (driver_mysql.cpp:624)
==268755== 
==268755== 56 bytes in 1 blocks are still reachable in loss record 1,245 of 2,004
==268755==    at 0x4849013: operator new(unsigned long) (in /usr/libexec/valgrind/vgpreload_memcheck-amd64-linux.so)
==268755==    by 0x48E4B91: ??? (in /usr/lib/x86_64-linux-gnu/libmysqlclient.so.21.2.42)
==268755==    by 0x48E4EDC: ??? (in /usr/lib/x86_64-linux-gnu/libmysqlclient.so.21.2.42)
==268755==    by 0x4907F89: ??? (in /usr/lib/x86_64-linux-gnu/libmysqlclient.so.21.2.42)
==268755==    by 0x48E6082: ??? (in /usr/lib/x86_64-linux-gnu/libmysqlclient.so.21.2.42)
==268755==    by 0x522BEE7: __pthread_once_slow (pthread_once.c:116)
==268755==    by 0x4903155: ??? (in /usr/lib/x86_64-linux-gnu/libmysqlclient.so.21.2.42)
==268755==    by 0x489CBB8: ??? (in /usr/lib/x86_64-linux-gnu/libmysqlclient.so.21.2.42)
==268755==    by 0x489D1FA: ??? (in /usr/lib/x86_64-linux-gnu/libmysqlclient.so.21.2.42)
==268755==    by 0x48A3273: ??? (in /usr/lib/x86_64-linux-gnu/libmysqlclient.so.21.2.42)
==268755==    by 0x489EF82: mysql_real_connect (in /usr/lib/x86_64-linux-gnu/libmysqlclient.so.21.2.42)
==268755==    by 0x1EC2E1: cpp_dbc::MySQL::MySQLConnection::MySQLConnection(std::__cxx11::basic_string<char, std::char_traits<char>, std::allocator<char> > const&, int, std::__cxx11::basic_string<char, std::char_traits<char>, std::allocator<char> > const&, std::__cxx11::basic_string<char, std::char_traits<char>, std::allocator<char> > const&, std::__cxx11::basic_string<char, std::char_traits<char>, std::allocator<char> > const&) (driver_mysql.cpp:624)
==268755== 
==268755== 56 bytes in 1 blocks are still reachable in loss record 1,246 of 2,004
==268755==    at 0x4849013: operator new(unsigned long) (in /usr/libexec/valgrind/vgpreload_memcheck-amd64-linux.so)
==268755==    by 0x48E4B91: ??? (in /usr/lib/x86_64-linux-gnu/libmysqlclient.so.21.2.42)
==268755==    by 0x48E4EDC: ??? (in /usr/lib/x86_64-linux-gnu/libmysqlclient.so.21.2.42)
==268755==    by 0x4907FCB: ??? (in /usr/lib/x86_64-linux-gnu/libmysqlclient.so.21.2.42)
==268755==    by 0x48E6082: ??? (in /usr/lib/x86_64-linux-gnu/libmysqlclient.so.21.2.42)
==268755==    by 0x522BEE7: __pthread_once_slow (pthread_once.c:116)
==268755==    by 0x4903155: ??? (in /usr/lib/x86_64-linux-gnu/libmysqlclient.so.21.2.42)
==268755==    by 0x489CBB8: ??? (in /usr/lib/x86_64-linux-gnu/libmysqlclient.so.21.2.42)
==268755==    by 0x489D1FA: ??? (in /usr/lib/x86_64-linux-gnu/libmysqlclient.so.21.2.42)
==268755==    by 0x48A3273: ??? (in /usr/lib/x86_64-linux-gnu/libmysqlclient.so.21.2.42)
==268755==    by 0x489EF82: mysql_real_connect (in /usr/lib/x86_64-linux-gnu/libmysqlclient.so.21.2.42)
==268755==    by 0x1EC2E1: cpp_dbc::MySQL::MySQLConnection::MySQLConnection(std::__cxx11::basic_string<char, std::char_traits<char>, std::allocator<char> > const&, int, std::__cxx11::basic_string<char, std::char_traits<char>, std::allocator<char> > const&, std::__cxx11::basic_string<char, std::char_traits<char>, std::allocator<char> > const&, std::__cxx11::basic_string<char, std::char_traits<char>, std::allocator<char> > const&) (driver_mysql.cpp:624)
==268755== 
==268755== 56 bytes in 1 blocks are still reachable in loss record 1,247 of 2,004
==268755==    at 0x4849013: operator new(unsigned long) (in /usr/libexec/valgrind/vgpreload_memcheck-amd64-linux.so)
==268755==    by 0x48E4B91: ??? (in /usr/lib/x86_64-linux-gnu/libmysqlclient.so.21.2.42)
==268755==    by 0x48E4EDC: ??? (in /usr/lib/x86_64-linux-gnu/libmysqlclient.so.21.2.42)
==268755==    by 0x490800D: ??? (in /usr/lib/x86_64-linux-gnu/libmysqlclient.so.21.2.42)
==268755==    by 0x48E6082: ??? (in /usr/lib/x86_64-linux-gnu/libmysqlclient.so.21.2.42)
==268755==    by 0x522BEE7: __pthread_once_slow (pthread_once.c:116)
==268755==    by 0x4903155: ??? (in /usr/lib/x86_64-linux-gnu/libmysqlclient.so.21.2.42)
==268755==    by 0x489CBB8: ??? (in /usr/lib/x86_64-linux-gnu/libmysqlclient.so.21.2.42)
==268755==    by 0x489D1FA: ??? (in /usr/lib/x86_64-linux-gnu/libmysqlclient.so.21.2.42)
==268755==    by 0x48A3273: ??? (in /usr/lib/x86_64-linux-gnu/libmysqlclient.so.21.2.42)
==268755==    by 0x489EF82: mysql_real_connect (in /usr/lib/x86_64-linux-gnu/libmysqlclient.so.21.2.42)
==268755==    by 0x1EC2E1: cpp_dbc::MySQL::MySQLConnection::MySQLConnection(std::__cxx11::basic_string<char, std::char_traits<char>, std::allocator<char> > const&, int, std::__cxx11::basic_string<char, std::char_traits<char>, std::allocator<char> > const&, std::__cxx11::basic_string<char, std::char_traits<char>, std::allocator<char> > const&, std::__cxx11::basic_string<char, std::char_traits<char>, std::allocator<char> > const&) (driver_mysql.cpp:624)
==268755== 
==268755== 56 bytes in 1 blocks are still reachable in loss record 1,248 of 2,004
==268755==    at 0x4849013: operator new(unsigned long) (in /usr/libexec/valgrind/vgpreload_memcheck-amd64-linux.so)
==268755==    by 0x48E4B91: ??? (in /usr/lib/x86_64-linux-gnu/libmysqlclient.so.21.2.42)
==268755==    by 0x48E4EDC: ??? (in /usr/lib/x86_64-linux-gnu/libmysqlclient.so.21.2.42)
==268755==    by 0x48E5188: ??? (in /usr/lib/x86_64-linux-gnu/libmysqlclient.so.21.2.42)
==268755==    by 0x490803B: ??? (in /usr/lib/x86_64-linux-gnu/libmysqlclient.so.21.2.42)
==268755==    by 0x48E6082: ??? (in /usr/lib/x86_64-linux-gnu/libmysqlclient.so.21.2.42)
==268755==    by 0x522BEE7: __pthread_once_slow (pthread_once.c:116)
==268755==    by 0x4903155: ??? (in /usr/lib/x86_64-linux-gnu/libmysqlclient.so.21.2.42)
==268755==    by 0x489CBB8: ??? (in /usr/lib/x86_64-linux-gnu/libmysqlclient.so.21.2.42)
==268755==    by 0x489D1FA: ??? (in /usr/lib/x86_64-linux-gnu/libmysqlclient.so.21.2.42)
==268755==    by 0x48A3273: ??? (in /usr/lib/x86_64-linux-gnu/libmysqlclient.so.21.2.42)
==268755==    by 0x489EF82: mysql_real_connect (in /usr/lib/x86_64-linux-gnu/libmysqlclient.so.21.2.42)
==268755== 
==268755== 56 bytes in 1 blocks are still reachable in loss record 1,249 of 2,004
==268755==    at 0x4849013: operator new(unsigned long) (in /usr/libexec/valgrind/vgpreload_memcheck-amd64-linux.so)
==268755==    by 0x48E4B91: ??? (in /usr/lib/x86_64-linux-gnu/libmysqlclient.so.21.2.42)
==268755==    by 0x48E4EDC: ??? (in /usr/lib/x86_64-linux-gnu/libmysqlclient.so.21.2.42)
==268755==    by 0x490805B: ??? (in /usr/lib/x86_64-linux-gnu/libmysqlclient.so.21.2.42)
==268755==    by 0x48E6082: ??? (in /usr/lib/x86_64-linux-gnu/libmysqlclient.so.21.2.42)
==268755==    by 0x522BEE7: __pthread_once_slow (pthread_once.c:116)
==268755==    by 0x4903155: ??? (in /usr/lib/x86_64-linux-gnu/libmysqlclient.so.21.2.42)
==268755==    by 0x489CBB8: ??? (in /usr/lib/x86_64-linux-gnu/libmysqlclient.so.21.2.42)
==268755==    by 0x489D1FA: ??? (in /usr/lib/x86_64-linux-gnu/libmysqlclient.so.21.2.42)
==268755==    by 0x48A3273: ??? (in /usr/lib/x86_64-linux-gnu/libmysqlclient.so.21.2.42)
==268755==    by 0x489EF82: mysql_real_connect (in /usr/lib/x86_64-linux-gnu/libmysqlclient.so.21.2.42)
==268755==    by 0x1EC2E1: cpp_dbc::MySQL::MySQLConnection::MySQLConnection(std::__cxx11::basic_string<char, std::char_traits<char>, std::allocator<char> > const&, int, std::__cxx11::basic_string<char, std::char_traits<char>, std::allocator<char> > const&, std::__cxx11::basic_string<char, std::char_traits<char>, std::allocator<char> > const&, std::__cxx11::basic_string<char, std::char_traits<char>, std::allocator<char> > const&) (driver_mysql.cpp:624)
==268755== 
==268755== 56 bytes in 1 blocks are still reachable in loss record 1,250 of 2,004
==268755==    at 0x4849013: operator new(unsigned long) (in /usr/libexec/valgrind/vgpreload_memcheck-amd64-linux.so)
==268755==    by 0x48E4B91: ??? (in /usr/lib/x86_64-linux-gnu/libmysqlclient.so.21.2.42)
==268755==    by 0x48E4EDC: ??? (in /usr/lib/x86_64-linux-gnu/libmysqlclient.so.21.2.42)
==268755==    by 0x490809D: ??? (in /usr/lib/x86_64-linux-gnu/libmysqlclient.so.21.2.42)
==268755==    by 0x48E6082: ??? (in /usr/lib/x86_64-linux-gnu/libmysqlclient.so.21.2.42)
==268755==    by 0x522BEE7: __pthread_once_slow (pthread_once.c:116)
==268755==    by 0x4903155: ??? (in /usr/lib/x86_64-linux-gnu/libmysqlclient.so.21.2.42)
==268755==    by 0x489CBB8: ??? (in /usr/lib/x86_64-linux-gnu/libmysqlclient.so.21.2.42)
==268755==    by 0x489D1FA: ??? (in /usr/lib/x86_64-linux-gnu/libmysqlclient.so.21.2.42)
==268755==    by 0x48A3273: ??? (in /usr/lib/x86_64-linux-gnu/libmysqlclient.so.21.2.42)
==268755==    by 0x489EF82: mysql_real_connect (in /usr/lib/x86_64-linux-gnu/libmysqlclient.so.21.2.42)
==268755==    by 0x1EC2E1: cpp_dbc::MySQL::MySQLConnection::MySQLConnection(std::__cxx11::basic_string<char, std::char_traits<char>, std::allocator<char> > const&, int, std::__cxx11::basic_string<char, std::char_traits<char>, std::allocator<char> > const&, std::__cxx11::basic_string<char, std::char_traits<char>, std::allocator<char> > const&, std::__cxx11::basic_string<char, std::char_traits<char>, std::allocator<char> > const&) (driver_mysql.cpp:624)
==268755== 
==268755== 56 bytes in 1 blocks are still reachable in loss record 1,251 of 2,004
==268755==    at 0x4849013: operator new(unsigned long) (in /usr/libexec/valgrind/vgpreload_memcheck-amd64-linux.so)
==268755==    by 0x48E4B91: ??? (in /usr/lib/x86_64-linux-gnu/libmysqlclient.so.21.2.42)
==268755==    by 0x48E4EDC: ??? (in /usr/lib/x86_64-linux-gnu/libmysqlclient.so.21.2.42)
==268755==    by 0x49080DF: ??? (in /usr/lib/x86_64-linux-gnu/libmysqlclient.so.21.2.42)
==268755==    by 0x48E6082: ??? (in /usr/lib/x86_64-linux-gnu/libmysqlclient.so.21.2.42)
==268755==    by 0x522BEE7: __pthread_once_slow (pthread_once.c:116)
==268755==    by 0x4903155: ??? (in /usr/lib/x86_64-linux-gnu/libmysqlclient.so.21.2.42)
==268755==    by 0x489CBB8: ??? (in /usr/lib/x86_64-linux-gnu/libmysqlclient.so.21.2.42)
==268755==    by 0x489D1FA: ??? (in /usr/lib/x86_64-linux-gnu/libmysqlclient.so.21.2.42)
==268755==    by 0x48A3273: ??? (in /usr/lib/x86_64-linux-gnu/libmysqlclient.so.21.2.42)
==268755==    by 0x489EF82: mysql_real_connect (in /usr/lib/x86_64-linux-gnu/libmysqlclient.so.21.2.42)
==268755==    by 0x1EC2E1: cpp_dbc::MySQL::MySQLConnection::MySQLConnection(std::__cxx11::basic_string<char, std::char_traits<char>, std::allocator<char> > const&, int, std::__cxx11::basic_string<char, std::char_traits<char>, std::allocator<char> > const&, std::__cxx11::basic_string<char, std::char_traits<char>, std::allocator<char> > const&, std::__cxx11::basic_string<char, std::char_traits<char>, std::allocator<char> > const&) (driver_mysql.cpp:624)
==268755== 
==268755== 56 bytes in 1 blocks are still reachable in loss record 1,252 of 2,004
==268755==    at 0x4849013: operator new(unsigned long) (in /usr/libexec/valgrind/vgpreload_memcheck-amd64-linux.so)
==268755==    by 0x48E4B91: ??? (in /usr/lib/x86_64-linux-gnu/libmysqlclient.so.21.2.42)
==268755==    by 0x48E4EDC: ??? (in /usr/lib/x86_64-linux-gnu/libmysqlclient.so.21.2.42)
==268755==    by 0x4908121: ??? (in /usr/lib/x86_64-linux-gnu/libmysqlclient.so.21.2.42)
==268755==    by 0x48E6082: ??? (in /usr/lib/x86_64-linux-gnu/libmysqlclient.so.21.2.42)
==268755==    by 0x522BEE7: __pthread_once_slow (pthread_once.c:116)
==268755==    by 0x4903155: ??? (in /usr/lib/x86_64-linux-gnu/libmysqlclient.so.21.2.42)
==268755==    by 0x489CBB8: ??? (in /usr/lib/x86_64-linux-gnu/libmysqlclient.so.21.2.42)
==268755==    by 0x489D1FA: ??? (in /usr/lib/x86_64-linux-gnu/libmysqlclient.so.21.2.42)
==268755==    by 0x48A3273: ??? (in /usr/lib/x86_64-linux-gnu/libmysqlclient.so.21.2.42)
==268755==    by 0x489EF82: mysql_real_connect (in /usr/lib/x86_64-linux-gnu/libmysqlclient.so.21.2.42)
==268755==    by 0x1EC2E1: cpp_dbc::MySQL::MySQLConnection::MySQLConnection(std::__cxx11::basic_string<char, std::char_traits<char>, std::allocator<char> > const&, int, std::__cxx11::basic_string<char, std::char_traits<char>, std::allocator<char> > const&, std::__cxx11::basic_string<char, std::char_traits<char>, std::allocator<char> > const&, std::__cxx11::basic_string<char, std::char_traits<char>, std::allocator<char> > const&) (driver_mysql.cpp:624)
==268755== 
==268755== 56 bytes in 1 blocks are still reachable in loss record 1,253 of 2,004
==268755==    at 0x4849013: operator new(unsigned long) (in /usr/libexec/valgrind/vgpreload_memcheck-amd64-linux.so)
==268755==    by 0x48E4B91: ??? (in /usr/lib/x86_64-linux-gnu/libmysqlclient.so.21.2.42)
==268755==    by 0x48E4EDC: ??? (in /usr/lib/x86_64-linux-gnu/libmysqlclient.so.21.2.42)
==268755==    by 0x4908163: ??? (in /usr/lib/x86_64-linux-gnu/libmysqlclient.so.21.2.42)
==268755==    by 0x48E6082: ??? (in /usr/lib/x86_64-linux-gnu/libmysqlclient.so.21.2.42)
==268755==    by 0x522BEE7: __pthread_once_slow (pthread_once.c:116)
==268755==    by 0x4903155: ??? (in /usr/lib/x86_64-linux-gnu/libmysqlclient.so.21.2.42)
==268755==    by 0x489CBB8: ??? (in /usr/lib/x86_64-linux-gnu/libmysqlclient.so.21.2.42)
==268755==    by 0x489D1FA: ??? (in /usr/lib/x86_64-linux-gnu/libmysqlclient.so.21.2.42)
==268755==    by 0x48A3273: ??? (in /usr/lib/x86_64-linux-gnu/libmysqlclient.so.21.2.42)
==268755==    by 0x489EF82: mysql_real_connect (in /usr/lib/x86_64-linux-gnu/libmysqlclient.so.21.2.42)
==268755==    by 0x1EC2E1: cpp_dbc::MySQL::MySQLConnection::MySQLConnection(std::__cxx11::basic_string<char, std::char_traits<char>, std::allocator<char> > const&, int, std::__cxx11::basic_string<char, std::char_traits<char>, std::allocator<char> > const&, std::__cxx11::basic_string<char, std::char_traits<char>, std::allocator<char> > const&, std::__cxx11::basic_string<char, std::char_traits<char>, std::allocator<char> > const&) (driver_mysql.cpp:624)
==268755== 
==268755== 56 bytes in 1 blocks are still reachable in loss record 1,254 of 2,004
==268755==    at 0x4849013: operator new(unsigned long) (in /usr/libexec/valgrind/vgpreload_memcheck-amd64-linux.so)
==268755==    by 0x48E4B91: ??? (in /usr/lib/x86_64-linux-gnu/libmysqlclient.so.21.2.42)
==268755==    by 0x48E4EDC: ??? (in /usr/lib/x86_64-linux-gnu/libmysqlclient.so.21.2.42)
==268755==    by 0x49081A5: ??? (in /usr/lib/x86_64-linux-gnu/libmysqlclient.so.21.2.42)
==268755==    by 0x48E6082: ??? (in /usr/lib/x86_64-linux-gnu/libmysqlclient.so.21.2.42)
==268755==    by 0x522BEE7: __pthread_once_slow (pthread_once.c:116)
==268755==    by 0x4903155: ??? (in /usr/lib/x86_64-linux-gnu/libmysqlclient.so.21.2.42)
==268755==    by 0x489CBB8: ??? (in /usr/lib/x86_64-linux-gnu/libmysqlclient.so.21.2.42)
==268755==    by 0x489D1FA: ??? (in /usr/lib/x86_64-linux-gnu/libmysqlclient.so.21.2.42)
==268755==    by 0x48A3273: ??? (in /usr/lib/x86_64-linux-gnu/libmysqlclient.so.21.2.42)
==268755==    by 0x489EF82: mysql_real_connect (in /usr/lib/x86_64-linux-gnu/libmysqlclient.so.21.2.42)
==268755==    by 0x1EC2E1: cpp_dbc::MySQL::MySQLConnection::MySQLConnection(std::__cxx11::basic_string<char, std::char_traits<char>, std::allocator<char> > const&, int, std::__cxx11::basic_string<char, std::char_traits<char>, std::allocator<char> > const&, std::__cxx11::basic_string<char, std::char_traits<char>, std::allocator<char> > const&, std::__cxx11::basic_string<char, std::char_traits<char>, std::allocator<char> > const&) (driver_mysql.cpp:624)
==268755== 
==268755== 56 bytes in 1 blocks are still reachable in loss record 1,255 of 2,004
==268755==    at 0x4849013: operator new(unsigned long) (in /usr/libexec/valgrind/vgpreload_memcheck-amd64-linux.so)
==268755==    by 0x48E4B91: ??? (in /usr/lib/x86_64-linux-gnu/libmysqlclient.so.21.2.42)
==268755==    by 0x48E4EDC: ??? (in /usr/lib/x86_64-linux-gnu/libmysqlclient.so.21.2.42)
==268755==    by 0x49081E7: ??? (in /usr/lib/x86_64-linux-gnu/libmysqlclient.so.21.2.42)
==268755==    by 0x48E6082: ??? (in /usr/lib/x86_64-linux-gnu/libmysqlclient.so.21.2.42)
==268755==    by 0x522BEE7: __pthread_once_slow (pthread_once.c:116)
==268755==    by 0x4903155: ??? (in /usr/lib/x86_64-linux-gnu/libmysqlclient.so.21.2.42)
==268755==    by 0x489CBB8: ??? (in /usr/lib/x86_64-linux-gnu/libmysqlclient.so.21.2.42)
==268755==    by 0x489D1FA: ??? (in /usr/lib/x86_64-linux-gnu/libmysqlclient.so.21.2.42)
==268755==    by 0x48A3273: ??? (in /usr/lib/x86_64-linux-gnu/libmysqlclient.so.21.2.42)
==268755==    by 0x489EF82: mysql_real_connect (in /usr/lib/x86_64-linux-gnu/libmysqlclient.so.21.2.42)
==268755==    by 0x1EC2E1: cpp_dbc::MySQL::MySQLConnection::MySQLConnection(std::__cxx11::basic_string<char, std::char_traits<char>, std::allocator<char> > const&, int, std::__cxx11::basic_string<char, std::char_traits<char>, std::allocator<char> > const&, std::__cxx11::basic_string<char, std::char_traits<char>, std::allocator<char> > const&, std::__cxx11::basic_string<char, std::char_traits<char>, std::allocator<char> > const&) (driver_mysql.cpp:624)
==268755== 
==268755== 56 bytes in 1 blocks are still reachable in loss record 1,256 of 2,004
==268755==    at 0x4849013: operator new(unsigned long) (in /usr/libexec/valgrind/vgpreload_memcheck-amd64-linux.so)
==268755==    by 0x48E4B91: ??? (in /usr/lib/x86_64-linux-gnu/libmysqlclient.so.21.2.42)
==268755==    by 0x48E4EDC: ??? (in /usr/lib/x86_64-linux-gnu/libmysqlclient.so.21.2.42)
==268755==    by 0x4908229: ??? (in /usr/lib/x86_64-linux-gnu/libmysqlclient.so.21.2.42)
==268755==    by 0x48E6082: ??? (in /usr/lib/x86_64-linux-gnu/libmysqlclient.so.21.2.42)
==268755==    by 0x522BEE7: __pthread_once_slow (pthread_once.c:116)
==268755==    by 0x4903155: ??? (in /usr/lib/x86_64-linux-gnu/libmysqlclient.so.21.2.42)
==268755==    by 0x489CBB8: ??? (in /usr/lib/x86_64-linux-gnu/libmysqlclient.so.21.2.42)
==268755==    by 0x489D1FA: ??? (in /usr/lib/x86_64-linux-gnu/libmysqlclient.so.21.2.42)
==268755==    by 0x48A3273: ??? (in /usr/lib/x86_64-linux-gnu/libmysqlclient.so.21.2.42)
==268755==    by 0x489EF82: mysql_real_connect (in /usr/lib/x86_64-linux-gnu/libmysqlclient.so.21.2.42)
==268755==    by 0x1EC2E1: cpp_dbc::MySQL::MySQLConnection::MySQLConnection(std::__cxx11::basic_string<char, std::char_traits<char>, std::allocator<char> > const&, int, std::__cxx11::basic_string<char, std::char_traits<char>, std::allocator<char> > const&, std::__cxx11::basic_string<char, std::char_traits<char>, std::allocator<char> > const&, std::__cxx11::basic_string<char, std::char_traits<char>, std::allocator<char> > const&) (driver_mysql.cpp:624)
==268755== 
==268755== 56 bytes in 1 blocks are still reachable in loss record 1,257 of 2,004
==268755==    at 0x4849013: operator new(unsigned long) (in /usr/libexec/valgrind/vgpreload_memcheck-amd64-linux.so)
==268755==    by 0x48E4B91: ??? (in /usr/lib/x86_64-linux-gnu/libmysqlclient.so.21.2.42)
==268755==    by 0x48E5098: ??? (in /usr/lib/x86_64-linux-gnu/libmysqlclient.so.21.2.42)
==268755==    by 0x4908241: ??? (in /usr/lib/x86_64-linux-gnu/libmysqlclient.so.21.2.42)
==268755==    by 0x48E6082: ??? (in /usr/lib/x86_64-linux-gnu/libmysqlclient.so.21.2.42)
==268755==    by 0x522BEE7: __pthread_once_slow (pthread_once.c:116)
==268755==    by 0x4903155: ??? (in /usr/lib/x86_64-linux-gnu/libmysqlclient.so.21.2.42)
==268755==    by 0x489CBB8: ??? (in /usr/lib/x86_64-linux-gnu/libmysqlclient.so.21.2.42)
==268755==    by 0x489D1FA: ??? (in /usr/lib/x86_64-linux-gnu/libmysqlclient.so.21.2.42)
==268755==    by 0x48A3273: ??? (in /usr/lib/x86_64-linux-gnu/libmysqlclient.so.21.2.42)
==268755==    by 0x489EF82: mysql_real_connect (in /usr/lib/x86_64-linux-gnu/libmysqlclient.so.21.2.42)
==268755==    by 0x1EC2E1: cpp_dbc::MySQL::MySQLConnection::MySQLConnection(std::__cxx11::basic_string<char, std::char_traits<char>, std::allocator<char> > const&, int, std::__cxx11::basic_string<char, std::char_traits<char>, std::allocator<char> > const&, std::__cxx11::basic_string<char, std::char_traits<char>, std::allocator<char> > const&, std::__cxx11::basic_string<char, std::char_traits<char>, std::allocator<char> > const&) (driver_mysql.cpp:624)
==268755== 
==268755== 56 bytes in 1 blocks are still reachable in loss record 1,258 of 2,004
==268755==    at 0x4849013: operator new(unsigned long) (in /usr/libexec/valgrind/vgpreload_memcheck-amd64-linux.so)
==268755==    by 0x48E4B91: ??? (in /usr/lib/x86_64-linux-gnu/libmysqlclient.so.21.2.42)
==268755==    by 0x48E4EDC: ??? (in /usr/lib/x86_64-linux-gnu/libmysqlclient.so.21.2.42)
==268755==    by 0x490826B: ??? (in /usr/lib/x86_64-linux-gnu/libmysqlclient.so.21.2.42)
==268755==    by 0x48E6082: ??? (in /usr/lib/x86_64-linux-gnu/libmysqlclient.so.21.2.42)
==268755==    by 0x522BEE7: __pthread_once_slow (pthread_once.c:116)
==268755==    by 0x4903155: ??? (in /usr/lib/x86_64-linux-gnu/libmysqlclient.so.21.2.42)
==268755==    by 0x489CBB8: ??? (in /usr/lib/x86_64-linux-gnu/libmysqlclient.so.21.2.42)
==268755==    by 0x489D1FA: ??? (in /usr/lib/x86_64-linux-gnu/libmysqlclient.so.21.2.42)
==268755==    by 0x48A3273: ??? (in /usr/lib/x86_64-linux-gnu/libmysqlclient.so.21.2.42)
==268755==    by 0x489EF82: mysql_real_connect (in /usr/lib/x86_64-linux-gnu/libmysqlclient.so.21.2.42)
==268755==    by 0x1EC2E1: cpp_dbc::MySQL::MySQLConnection::MySQLConnection(std::__cxx11::basic_string<char, std::char_traits<char>, std::allocator<char> > const&, int, std::__cxx11::basic_string<char, std::char_traits<char>, std::allocator<char> > const&, std::__cxx11::basic_string<char, std::char_traits<char>, std::allocator<char> > const&, std::__cxx11::basic_string<char, std::char_traits<char>, std::allocator<char> > const&) (driver_mysql.cpp:624)
==268755== 
==268755== 56 bytes in 1 blocks are still reachable in loss record 1,259 of 2,004
==268755==    at 0x4849013: operator new(unsigned long) (in /usr/libexec/valgrind/vgpreload_memcheck-amd64-linux.so)
==268755==    by 0x48E4B91: ??? (in /usr/lib/x86_64-linux-gnu/libmysqlclient.so.21.2.42)
==268755==    by 0x48E510D: ??? (in /usr/lib/x86_64-linux-gnu/libmysqlclient.so.21.2.42)
==268755==    by 0x4908283: ??? (in /usr/lib/x86_64-linux-gnu/libmysqlclient.so.21.2.42)
==268755==    by 0x48E6082: ??? (in /usr/lib/x86_64-linux-gnu/libmysqlclient.so.21.2.42)
==268755==    by 0x522BEE7: __pthread_once_slow (pthread_once.c:116)
==268755==    by 0x4903155: ??? (in /usr/lib/x86_64-linux-gnu/libmysqlclient.so.21.2.42)
==268755==    by 0x489CBB8: ??? (in /usr/lib/x86_64-linux-gnu/libmysqlclient.so.21.2.42)
==268755==    by 0x489D1FA: ??? (in /usr/lib/x86_64-linux-gnu/libmysqlclient.so.21.2.42)
==268755==    by 0x48A3273: ??? (in /usr/lib/x86_64-linux-gnu/libmysqlclient.so.21.2.42)
==268755==    by 0x489EF82: mysql_real_connect (in /usr/lib/x86_64-linux-gnu/libmysqlclient.so.21.2.42)
==268755==    by 0x1EC2E1: cpp_dbc::MySQL::MySQLConnection::MySQLConnection(std::__cxx11::basic_string<char, std::char_traits<char>, std::allocator<char> > const&, int, std::__cxx11::basic_string<char, std::char_traits<char>, std::allocator<char> > const&, std::__cxx11::basic_string<char, std::char_traits<char>, std::allocator<char> > const&, std::__cxx11::basic_string<char, std::char_traits<char>, std::allocator<char> > const&) (driver_mysql.cpp:624)
==268755== 
==268755== 56 bytes in 1 blocks are still reachable in loss record 1,260 of 2,004
==268755==    at 0x4849013: operator new(unsigned long) (in /usr/libexec/valgrind/vgpreload_memcheck-amd64-linux.so)
==268755==    by 0x48E4B91: ??? (in /usr/lib/x86_64-linux-gnu/libmysqlclient.so.21.2.42)
==268755==    by 0x48E4EDC: ??? (in /usr/lib/x86_64-linux-gnu/libmysqlclient.so.21.2.42)
==268755==    by 0x49082AD: ??? (in /usr/lib/x86_64-linux-gnu/libmysqlclient.so.21.2.42)
==268755==    by 0x48E6082: ??? (in /usr/lib/x86_64-linux-gnu/libmysqlclient.so.21.2.42)
==268755==    by 0x522BEE7: __pthread_once_slow (pthread_once.c:116)
==268755==    by 0x4903155: ??? (in /usr/lib/x86_64-linux-gnu/libmysqlclient.so.21.2.42)
==268755==    by 0x489CBB8: ??? (in /usr/lib/x86_64-linux-gnu/libmysqlclient.so.21.2.42)
==268755==    by 0x489D1FA: ??? (in /usr/lib/x86_64-linux-gnu/libmysqlclient.so.21.2.42)
==268755==    by 0x48A3273: ??? (in /usr/lib/x86_64-linux-gnu/libmysqlclient.so.21.2.42)
==268755==    by 0x489EF82: mysql_real_connect (in /usr/lib/x86_64-linux-gnu/libmysqlclient.so.21.2.42)
==268755==    by 0x1EC2E1: cpp_dbc::MySQL::MySQLConnection::MySQLConnection(std::__cxx11::basic_string<char, std::char_traits<char>, std::allocator<char> > const&, int, std::__cxx11::basic_string<char, std::char_traits<char>, std::allocator<char> > const&, std::__cxx11::basic_string<char, std::char_traits<char>, std::allocator<char> > const&, std::__cxx11::basic_string<char, std::char_traits<char>, std::allocator<char> > const&) (driver_mysql.cpp:624)
==268755== 
==268755== 56 bytes in 1 blocks are still reachable in loss record 1,261 of 2,004
==268755==    at 0x4849013: operator new(unsigned long) (in /usr/libexec/valgrind/vgpreload_memcheck-amd64-linux.so)
==268755==    by 0x48E4B91: ??? (in /usr/lib/x86_64-linux-gnu/libmysqlclient.so.21.2.42)
==268755==    by 0x48E5098: ??? (in /usr/lib/x86_64-linux-gnu/libmysqlclient.so.21.2.42)
==268755==    by 0x49082C5: ??? (in /usr/lib/x86_64-linux-gnu/libmysqlclient.so.21.2.42)
==268755==    by 0x48E6082: ??? (in /usr/lib/x86_64-linux-gnu/libmysqlclient.so.21.2.42)
==268755==    by 0x522BEE7: __pthread_once_slow (pthread_once.c:116)
==268755==    by 0x4903155: ??? (in /usr/lib/x86_64-linux-gnu/libmysqlclient.so.21.2.42)
==268755==    by 0x489CBB8: ??? (in /usr/lib/x86_64-linux-gnu/libmysqlclient.so.21.2.42)
==268755==    by 0x489D1FA: ??? (in /usr/lib/x86_64-linux-gnu/libmysqlclient.so.21.2.42)
==268755==    by 0x48A3273: ??? (in /usr/lib/x86_64-linux-gnu/libmysqlclient.so.21.2.42)
==268755==    by 0x489EF82: mysql_real_connect (in /usr/lib/x86_64-linux-gnu/libmysqlclient.so.21.2.42)
==268755==    by 0x1EC2E1: cpp_dbc::MySQL::MySQLConnection::MySQLConnection(std::__cxx11::basic_string<char, std::char_traits<char>, std::allocator<char> > const&, int, std::__cxx11::basic_string<char, std::char_traits<char>, std::allocator<char> > const&, std::__cxx11::basic_string<char, std::char_traits<char>, std::allocator<char> > const&, std::__cxx11::basic_string<char, std::char_traits<char>, std::allocator<char> > const&) (driver_mysql.cpp:624)
==268755== 
==268755== 56 bytes in 1 blocks are still reachable in loss record 1,262 of 2,004
==268755==    at 0x4849013: operator new(unsigned long) (in /usr/libexec/valgrind/vgpreload_memcheck-amd64-linux.so)
==268755==    by 0x48E4B91: ??? (in /usr/lib/x86_64-linux-gnu/libmysqlclient.so.21.2.42)
==268755==    by 0x48E4EDC: ??? (in /usr/lib/x86_64-linux-gnu/libmysqlclient.so.21.2.42)
==268755==    by 0x49082EF: ??? (in /usr/lib/x86_64-linux-gnu/libmysqlclient.so.21.2.42)
==268755==    by 0x48E6082: ??? (in /usr/lib/x86_64-linux-gnu/libmysqlclient.so.21.2.42)
==268755==    by 0x522BEE7: __pthread_once_slow (pthread_once.c:116)
==268755==    by 0x4903155: ??? (in /usr/lib/x86_64-linux-gnu/libmysqlclient.so.21.2.42)
==268755==    by 0x489CBB8: ??? (in /usr/lib/x86_64-linux-gnu/libmysqlclient.so.21.2.42)
==268755==    by 0x489D1FA: ??? (in /usr/lib/x86_64-linux-gnu/libmysqlclient.so.21.2.42)
==268755==    by 0x48A3273: ??? (in /usr/lib/x86_64-linux-gnu/libmysqlclient.so.21.2.42)
==268755==    by 0x489EF82: mysql_real_connect (in /usr/lib/x86_64-linux-gnu/libmysqlclient.so.21.2.42)
==268755==    by 0x1EC2E1: cpp_dbc::MySQL::MySQLConnection::MySQLConnection(std::__cxx11::basic_string<char, std::char_traits<char>, std::allocator<char> > const&, int, std::__cxx11::basic_string<char, std::char_traits<char>, std::allocator<char> > const&, std::__cxx11::basic_string<char, std::char_traits<char>, std::allocator<char> > const&, std::__cxx11::basic_string<char, std::char_traits<char>, std::allocator<char> > const&) (driver_mysql.cpp:624)
==268755== 
==268755== 56 bytes in 1 blocks are still reachable in loss record 1,263 of 2,004
==268755==    at 0x4849013: operator new(unsigned long) (in /usr/libexec/valgrind/vgpreload_memcheck-amd64-linux.so)
==268755==    by 0x48E4B91: ??? (in /usr/lib/x86_64-linux-gnu/libmysqlclient.so.21.2.42)
==268755==    by 0x48E510D: ??? (in /usr/lib/x86_64-linux-gnu/libmysqlclient.so.21.2.42)
==268755==    by 0x4908307: ??? (in /usr/lib/x86_64-linux-gnu/libmysqlclient.so.21.2.42)
==268755==    by 0x48E6082: ??? (in /usr/lib/x86_64-linux-gnu/libmysqlclient.so.21.2.42)
==268755==    by 0x522BEE7: __pthread_once_slow (pthread_once.c:116)
==268755==    by 0x4903155: ??? (in /usr/lib/x86_64-linux-gnu/libmysqlclient.so.21.2.42)
==268755==    by 0x489CBB8: ??? (in /usr/lib/x86_64-linux-gnu/libmysqlclient.so.21.2.42)
==268755==    by 0x489D1FA: ??? (in /usr/lib/x86_64-linux-gnu/libmysqlclient.so.21.2.42)
==268755==    by 0x48A3273: ??? (in /usr/lib/x86_64-linux-gnu/libmysqlclient.so.21.2.42)
==268755==    by 0x489EF82: mysql_real_connect (in /usr/lib/x86_64-linux-gnu/libmysqlclient.so.21.2.42)
==268755==    by 0x1EC2E1: cpp_dbc::MySQL::MySQLConnection::MySQLConnection(std::__cxx11::basic_string<char, std::char_traits<char>, std::allocator<char> > const&, int, std::__cxx11::basic_string<char, std::char_traits<char>, std::allocator<char> > const&, std::__cxx11::basic_string<char, std::char_traits<char>, std::allocator<char> > const&, std::__cxx11::basic_string<char, std::char_traits<char>, std::allocator<char> > const&) (driver_mysql.cpp:624)
==268755== 
==268755== 56 bytes in 1 blocks are still reachable in loss record 1,264 of 2,004
==268755==    at 0x4849013: operator new(unsigned long) (in /usr/libexec/valgrind/vgpreload_memcheck-amd64-linux.so)
==268755==    by 0x48E4B91: ??? (in /usr/lib/x86_64-linux-gnu/libmysqlclient.so.21.2.42)
==268755==    by 0x48E4EDC: ??? (in /usr/lib/x86_64-linux-gnu/libmysqlclient.so.21.2.42)
==268755==    by 0x4908331: ??? (in /usr/lib/x86_64-linux-gnu/libmysqlclient.so.21.2.42)
==268755==    by 0x48E6082: ??? (in /usr/lib/x86_64-linux-gnu/libmysqlclient.so.21.2.42)
==268755==    by 0x522BEE7: __pthread_once_slow (pthread_once.c:116)
==268755==    by 0x4903155: ??? (in /usr/lib/x86_64-linux-gnu/libmysqlclient.so.21.2.42)
==268755==    by 0x489CBB8: ??? (in /usr/lib/x86_64-linux-gnu/libmysqlclient.so.21.2.42)
==268755==    by 0x489D1FA: ??? (in /usr/lib/x86_64-linux-gnu/libmysqlclient.so.21.2.42)
==268755==    by 0x48A3273: ??? (in /usr/lib/x86_64-linux-gnu/libmysqlclient.so.21.2.42)
==268755==    by 0x489EF82: mysql_real_connect (in /usr/lib/x86_64-linux-gnu/libmysqlclient.so.21.2.42)
==268755==    by 0x1EC2E1: cpp_dbc::MySQL::MySQLConnection::MySQLConnection(std::__cxx11::basic_string<char, std::char_traits<char>, std::allocator<char> > const&, int, std::__cxx11::basic_string<char, std::char_traits<char>, std::allocator<char> > const&, std::__cxx11::basic_string<char, std::char_traits<char>, std::allocator<char> > const&, std::__cxx11::basic_string<char, std::char_traits<char>, std::allocator<char> > const&) (driver_mysql.cpp:624)
==268755== 
==268755== 56 bytes in 1 blocks are still reachable in loss record 1,265 of 2,004
==268755==    at 0x4849013: operator new(unsigned long) (in /usr/libexec/valgrind/vgpreload_memcheck-amd64-linux.so)
==268755==    by 0x48E4B91: ??? (in /usr/lib/x86_64-linux-gnu/libmysqlclient.so.21.2.42)
==268755==    by 0x48E4EDC: ??? (in /usr/lib/x86_64-linux-gnu/libmysqlclient.so.21.2.42)
==268755==    by 0x48E5188: ??? (in /usr/lib/x86_64-linux-gnu/libmysqlclient.so.21.2.42)
==268755==    by 0x490835F: ??? (in /usr/lib/x86_64-linux-gnu/libmysqlclient.so.21.2.42)
==268755==    by 0x48E6082: ??? (in /usr/lib/x86_64-linux-gnu/libmysqlclient.so.21.2.42)
==268755==    by 0x522BEE7: __pthread_once_slow (pthread_once.c:116)
==268755==    by 0x4903155: ??? (in /usr/lib/x86_64-linux-gnu/libmysqlclient.so.21.2.42)
==268755==    by 0x489CBB8: ??? (in /usr/lib/x86_64-linux-gnu/libmysqlclient.so.21.2.42)
==268755==    by 0x489D1FA: ??? (in /usr/lib/x86_64-linux-gnu/libmysqlclient.so.21.2.42)
==268755==    by 0x48A3273: ??? (in /usr/lib/x86_64-linux-gnu/libmysqlclient.so.21.2.42)
==268755==    by 0x489EF82: mysql_real_connect (in /usr/lib/x86_64-linux-gnu/libmysqlclient.so.21.2.42)
==268755== 
==268755== 56 bytes in 1 blocks are still reachable in loss record 1,266 of 2,004
==268755==    at 0x4849013: operator new(unsigned long) (in /usr/libexec/valgrind/vgpreload_memcheck-amd64-linux.so)
==268755==    by 0x48E4B91: ??? (in /usr/lib/x86_64-linux-gnu/libmysqlclient.so.21.2.42)
==268755==    by 0x48E4EDC: ??? (in /usr/lib/x86_64-linux-gnu/libmysqlclient.so.21.2.42)
==268755==    by 0x490837F: ??? (in /usr/lib/x86_64-linux-gnu/libmysqlclient.so.21.2.42)
==268755==    by 0x48E6082: ??? (in /usr/lib/x86_64-linux-gnu/libmysqlclient.so.21.2.42)
==268755==    by 0x522BEE7: __pthread_once_slow (pthread_once.c:116)
==268755==    by 0x4903155: ??? (in /usr/lib/x86_64-linux-gnu/libmysqlclient.so.21.2.42)
==268755==    by 0x489CBB8: ??? (in /usr/lib/x86_64-linux-gnu/libmysqlclient.so.21.2.42)
==268755==    by 0x489D1FA: ??? (in /usr/lib/x86_64-linux-gnu/libmysqlclient.so.21.2.42)
==268755==    by 0x48A3273: ??? (in /usr/lib/x86_64-linux-gnu/libmysqlclient.so.21.2.42)
==268755==    by 0x489EF82: mysql_real_connect (in /usr/lib/x86_64-linux-gnu/libmysqlclient.so.21.2.42)
==268755==    by 0x1EC2E1: cpp_dbc::MySQL::MySQLConnection::MySQLConnection(std::__cxx11::basic_string<char, std::char_traits<char>, std::allocator<char> > const&, int, std::__cxx11::basic_string<char, std::char_traits<char>, std::allocator<char> > const&, std::__cxx11::basic_string<char, std::char_traits<char>, std::allocator<char> > const&, std::__cxx11::basic_string<char, std::char_traits<char>, std::allocator<char> > const&) (driver_mysql.cpp:624)
==268755== 
==268755== 56 bytes in 1 blocks are still reachable in loss record 1,267 of 2,004
==268755==    at 0x4849013: operator new(unsigned long) (in /usr/libexec/valgrind/vgpreload_memcheck-amd64-linux.so)
==268755==    by 0x48E4B91: ??? (in /usr/lib/x86_64-linux-gnu/libmysqlclient.so.21.2.42)
==268755==    by 0x48E4EDC: ??? (in /usr/lib/x86_64-linux-gnu/libmysqlclient.so.21.2.42)
==268755==    by 0x49083C1: ??? (in /usr/lib/x86_64-linux-gnu/libmysqlclient.so.21.2.42)
==268755==    by 0x48E6082: ??? (in /usr/lib/x86_64-linux-gnu/libmysqlclient.so.21.2.42)
==268755==    by 0x522BEE7: __pthread_once_slow (pthread_once.c:116)
==268755==    by 0x4903155: ??? (in /usr/lib/x86_64-linux-gnu/libmysqlclient.so.21.2.42)
==268755==    by 0x489CBB8: ??? (in /usr/lib/x86_64-linux-gnu/libmysqlclient.so.21.2.42)
==268755==    by 0x489D1FA: ??? (in /usr/lib/x86_64-linux-gnu/libmysqlclient.so.21.2.42)
==268755==    by 0x48A3273: ??? (in /usr/lib/x86_64-linux-gnu/libmysqlclient.so.21.2.42)
==268755==    by 0x489EF82: mysql_real_connect (in /usr/lib/x86_64-linux-gnu/libmysqlclient.so.21.2.42)
==268755==    by 0x1EC2E1: cpp_dbc::MySQL::MySQLConnection::MySQLConnection(std::__cxx11::basic_string<char, std::char_traits<char>, std::allocator<char> > const&, int, std::__cxx11::basic_string<char, std::char_traits<char>, std::allocator<char> > const&, std::__cxx11::basic_string<char, std::char_traits<char>, std::allocator<char> > const&, std::__cxx11::basic_string<char, std::char_traits<char>, std::allocator<char> > const&) (driver_mysql.cpp:624)
==268755== 
==268755== 56 bytes in 1 blocks are still reachable in loss record 1,268 of 2,004
==268755==    at 0x4849013: operator new(unsigned long) (in /usr/libexec/valgrind/vgpreload_memcheck-amd64-linux.so)
==268755==    by 0x48E4B91: ??? (in /usr/lib/x86_64-linux-gnu/libmysqlclient.so.21.2.42)
==268755==    by 0x48E4EDC: ??? (in /usr/lib/x86_64-linux-gnu/libmysqlclient.so.21.2.42)
==268755==    by 0x4908403: ??? (in /usr/lib/x86_64-linux-gnu/libmysqlclient.so.21.2.42)
==268755==    by 0x48E6082: ??? (in /usr/lib/x86_64-linux-gnu/libmysqlclient.so.21.2.42)
==268755==    by 0x522BEE7: __pthread_once_slow (pthread_once.c:116)
==268755==    by 0x4903155: ??? (in /usr/lib/x86_64-linux-gnu/libmysqlclient.so.21.2.42)
==268755==    by 0x489CBB8: ??? (in /usr/lib/x86_64-linux-gnu/libmysqlclient.so.21.2.42)
==268755==    by 0x489D1FA: ??? (in /usr/lib/x86_64-linux-gnu/libmysqlclient.so.21.2.42)
==268755==    by 0x48A3273: ??? (in /usr/lib/x86_64-linux-gnu/libmysqlclient.so.21.2.42)
==268755==    by 0x489EF82: mysql_real_connect (in /usr/lib/x86_64-linux-gnu/libmysqlclient.so.21.2.42)
==268755==    by 0x1EC2E1: cpp_dbc::MySQL::MySQLConnection::MySQLConnection(std::__cxx11::basic_string<char, std::char_traits<char>, std::allocator<char> > const&, int, std::__cxx11::basic_string<char, std::char_traits<char>, std::allocator<char> > const&, std::__cxx11::basic_string<char, std::char_traits<char>, std::allocator<char> > const&, std::__cxx11::basic_string<char, std::char_traits<char>, std::allocator<char> > const&) (driver_mysql.cpp:624)
==268755== 
==268755== 56 bytes in 1 blocks are still reachable in loss record 1,269 of 2,004
==268755==    at 0x4849013: operator new(unsigned long) (in /usr/libexec/valgrind/vgpreload_memcheck-amd64-linux.so)
==268755==    by 0x48E4B91: ??? (in /usr/lib/x86_64-linux-gnu/libmysqlclient.so.21.2.42)
==268755==    by 0x48E4EDC: ??? (in /usr/lib/x86_64-linux-gnu/libmysqlclient.so.21.2.42)
==268755==    by 0x4908445: ??? (in /usr/lib/x86_64-linux-gnu/libmysqlclient.so.21.2.42)
==268755==    by 0x48E6082: ??? (in /usr/lib/x86_64-linux-gnu/libmysqlclient.so.21.2.42)
==268755==    by 0x522BEE7: __pthread_once_slow (pthread_once.c:116)
==268755==    by 0x4903155: ??? (in /usr/lib/x86_64-linux-gnu/libmysqlclient.so.21.2.42)
==268755==    by 0x489CBB8: ??? (in /usr/lib/x86_64-linux-gnu/libmysqlclient.so.21.2.42)
==268755==    by 0x489D1FA: ??? (in /usr/lib/x86_64-linux-gnu/libmysqlclient.so.21.2.42)
==268755==    by 0x48A3273: ??? (in /usr/lib/x86_64-linux-gnu/libmysqlclient.so.21.2.42)
==268755==    by 0x489EF82: mysql_real_connect (in /usr/lib/x86_64-linux-gnu/libmysqlclient.so.21.2.42)
==268755==    by 0x1EC2E1: cpp_dbc::MySQL::MySQLConnection::MySQLConnection(std::__cxx11::basic_string<char, std::char_traits<char>, std::allocator<char> > const&, int, std::__cxx11::basic_string<char, std::char_traits<char>, std::allocator<char> > const&, std::__cxx11::basic_string<char, std::char_traits<char>, std::allocator<char> > const&, std::__cxx11::basic_string<char, std::char_traits<char>, std::allocator<char> > const&) (driver_mysql.cpp:624)
==268755== 
==268755== 56 bytes in 1 blocks are still reachable in loss record 1,270 of 2,004
==268755==    at 0x4849013: operator new(unsigned long) (in /usr/libexec/valgrind/vgpreload_memcheck-amd64-linux.so)
==268755==    by 0x48E4B91: ??? (in /usr/lib/x86_64-linux-gnu/libmysqlclient.so.21.2.42)
==268755==    by 0x48E4EDC: ??? (in /usr/lib/x86_64-linux-gnu/libmysqlclient.so.21.2.42)
==268755==    by 0x4908487: ??? (in /usr/lib/x86_64-linux-gnu/libmysqlclient.so.21.2.42)
==268755==    by 0x48E6082: ??? (in /usr/lib/x86_64-linux-gnu/libmysqlclient.so.21.2.42)
==268755==    by 0x522BEE7: __pthread_once_slow (pthread_once.c:116)
==268755==    by 0x4903155: ??? (in /usr/lib/x86_64-linux-gnu/libmysqlclient.so.21.2.42)
==268755==    by 0x489CBB8: ??? (in /usr/lib/x86_64-linux-gnu/libmysqlclient.so.21.2.42)
==268755==    by 0x489D1FA: ??? (in /usr/lib/x86_64-linux-gnu/libmysqlclient.so.21.2.42)
==268755==    by 0x48A3273: ??? (in /usr/lib/x86_64-linux-gnu/libmysqlclient.so.21.2.42)
==268755==    by 0x489EF82: mysql_real_connect (in /usr/lib/x86_64-linux-gnu/libmysqlclient.so.21.2.42)
==268755==    by 0x1EC2E1: cpp_dbc::MySQL::MySQLConnection::MySQLConnection(std::__cxx11::basic_string<char, std::char_traits<char>, std::allocator<char> > const&, int, std::__cxx11::basic_string<char, std::char_traits<char>, std::allocator<char> > const&, std::__cxx11::basic_string<char, std::char_traits<char>, std::allocator<char> > const&, std::__cxx11::basic_string<char, std::char_traits<char>, std::allocator<char> > const&) (driver_mysql.cpp:624)
==268755== 
==268755== 56 bytes in 1 blocks are still reachable in loss record 1,271 of 2,004
==268755==    at 0x4849013: operator new(unsigned long) (in /usr/libexec/valgrind/vgpreload_memcheck-amd64-linux.so)
==268755==    by 0x48E4B91: ??? (in /usr/lib/x86_64-linux-gnu/libmysqlclient.so.21.2.42)
==268755==    by 0x48E4EDC: ??? (in /usr/lib/x86_64-linux-gnu/libmysqlclient.so.21.2.42)
==268755==    by 0x49084C9: ??? (in /usr/lib/x86_64-linux-gnu/libmysqlclient.so.21.2.42)
==268755==    by 0x48E6082: ??? (in /usr/lib/x86_64-linux-gnu/libmysqlclient.so.21.2.42)
==268755==    by 0x522BEE7: __pthread_once_slow (pthread_once.c:116)
==268755==    by 0x4903155: ??? (in /usr/lib/x86_64-linux-gnu/libmysqlclient.so.21.2.42)
==268755==    by 0x489CBB8: ??? (in /usr/lib/x86_64-linux-gnu/libmysqlclient.so.21.2.42)
==268755==    by 0x489D1FA: ??? (in /usr/lib/x86_64-linux-gnu/libmysqlclient.so.21.2.42)
==268755==    by 0x48A3273: ??? (in /usr/lib/x86_64-linux-gnu/libmysqlclient.so.21.2.42)
==268755==    by 0x489EF82: mysql_real_connect (in /usr/lib/x86_64-linux-gnu/libmysqlclient.so.21.2.42)
==268755==    by 0x1EC2E1: cpp_dbc::MySQL::MySQLConnection::MySQLConnection(std::__cxx11::basic_string<char, std::char_traits<char>, std::allocator<char> > const&, int, std::__cxx11::basic_string<char, std::char_traits<char>, std::allocator<char> > const&, std::__cxx11::basic_string<char, std::char_traits<char>, std::allocator<char> > const&, std::__cxx11::basic_string<char, std::char_traits<char>, std::allocator<char> > const&) (driver_mysql.cpp:624)
==268755== 
==268755== 56 bytes in 1 blocks are still reachable in loss record 1,272 of 2,004
==268755==    at 0x4849013: operator new(unsigned long) (in /usr/libexec/valgrind/vgpreload_memcheck-amd64-linux.so)
==268755==    by 0x48E4B91: ??? (in /usr/lib/x86_64-linux-gnu/libmysqlclient.so.21.2.42)
==268755==    by 0x48E4EDC: ??? (in /usr/lib/x86_64-linux-gnu/libmysqlclient.so.21.2.42)
==268755==    by 0x490850B: ??? (in /usr/lib/x86_64-linux-gnu/libmysqlclient.so.21.2.42)
==268755==    by 0x48E6082: ??? (in /usr/lib/x86_64-linux-gnu/libmysqlclient.so.21.2.42)
==268755==    by 0x522BEE7: __pthread_once_slow (pthread_once.c:116)
==268755==    by 0x4903155: ??? (in /usr/lib/x86_64-linux-gnu/libmysqlclient.so.21.2.42)
==268755==    by 0x489CBB8: ??? (in /usr/lib/x86_64-linux-gnu/libmysqlclient.so.21.2.42)
==268755==    by 0x489D1FA: ??? (in /usr/lib/x86_64-linux-gnu/libmysqlclient.so.21.2.42)
==268755==    by 0x48A3273: ??? (in /usr/lib/x86_64-linux-gnu/libmysqlclient.so.21.2.42)
==268755==    by 0x489EF82: mysql_real_connect (in /usr/lib/x86_64-linux-gnu/libmysqlclient.so.21.2.42)
==268755==    by 0x1EC2E1: cpp_dbc::MySQL::MySQLConnection::MySQLConnection(std::__cxx11::basic_string<char, std::char_traits<char>, std::allocator<char> > const&, int, std::__cxx11::basic_string<char, std::char_traits<char>, std::allocator<char> > const&, std::__cxx11::basic_string<char, std::char_traits<char>, std::allocator<char> > const&, std::__cxx11::basic_string<char, std::char_traits<char>, std::allocator<char> > const&) (driver_mysql.cpp:624)
==268755== 
==268755== 56 bytes in 1 blocks are still reachable in loss record 1,273 of 2,004
==268755==    at 0x4849013: operator new(unsigned long) (in /usr/libexec/valgrind/vgpreload_memcheck-amd64-linux.so)
==268755==    by 0x48E4B91: ??? (in /usr/lib/x86_64-linux-gnu/libmysqlclient.so.21.2.42)
==268755==    by 0x48E4EDC: ??? (in /usr/lib/x86_64-linux-gnu/libmysqlclient.so.21.2.42)
==268755==    by 0x490854D: ??? (in /usr/lib/x86_64-linux-gnu/libmysqlclient.so.21.2.42)
==268755==    by 0x48E6082: ??? (in /usr/lib/x86_64-linux-gnu/libmysqlclient.so.21.2.42)
==268755==    by 0x522BEE7: __pthread_once_slow (pthread_once.c:116)
==268755==    by 0x4903155: ??? (in /usr/lib/x86_64-linux-gnu/libmysqlclient.so.21.2.42)
==268755==    by 0x489CBB8: ??? (in /usr/lib/x86_64-linux-gnu/libmysqlclient.so.21.2.42)
==268755==    by 0x489D1FA: ??? (in /usr/lib/x86_64-linux-gnu/libmysqlclient.so.21.2.42)
==268755==    by 0x48A3273: ??? (in /usr/lib/x86_64-linux-gnu/libmysqlclient.so.21.2.42)
==268755==    by 0x489EF82: mysql_real_connect (in /usr/lib/x86_64-linux-gnu/libmysqlclient.so.21.2.42)
==268755==    by 0x1EC2E1: cpp_dbc::MySQL::MySQLConnection::MySQLConnection(std::__cxx11::basic_string<char, std::char_traits<char>, std::allocator<char> > const&, int, std::__cxx11::basic_string<char, std::char_traits<char>, std::allocator<char> > const&, std::__cxx11::basic_string<char, std::char_traits<char>, std::allocator<char> > const&, std::__cxx11::basic_string<char, std::char_traits<char>, std::allocator<char> > const&) (driver_mysql.cpp:624)
==268755== 
==268755== 56 bytes in 1 blocks are still reachable in loss record 1,274 of 2,004
==268755==    at 0x4849013: operator new(unsigned long) (in /usr/libexec/valgrind/vgpreload_memcheck-amd64-linux.so)
==268755==    by 0x48E4B91: ??? (in /usr/lib/x86_64-linux-gnu/libmysqlclient.so.21.2.42)
==268755==    by 0x48E4EDC: ??? (in /usr/lib/x86_64-linux-gnu/libmysqlclient.so.21.2.42)
==268755==    by 0x48E5188: ??? (in /usr/lib/x86_64-linux-gnu/libmysqlclient.so.21.2.42)
==268755==    by 0x490857B: ??? (in /usr/lib/x86_64-linux-gnu/libmysqlclient.so.21.2.42)
==268755==    by 0x48E6082: ??? (in /usr/lib/x86_64-linux-gnu/libmysqlclient.so.21.2.42)
==268755==    by 0x522BEE7: __pthread_once_slow (pthread_once.c:116)
==268755==    by 0x4903155: ??? (in /usr/lib/x86_64-linux-gnu/libmysqlclient.so.21.2.42)
==268755==    by 0x489CBB8: ??? (in /usr/lib/x86_64-linux-gnu/libmysqlclient.so.21.2.42)
==268755==    by 0x489D1FA: ??? (in /usr/lib/x86_64-linux-gnu/libmysqlclient.so.21.2.42)
==268755==    by 0x48A3273: ??? (in /usr/lib/x86_64-linux-gnu/libmysqlclient.so.21.2.42)
==268755==    by 0x489EF82: mysql_real_connect (in /usr/lib/x86_64-linux-gnu/libmysqlclient.so.21.2.42)
==268755== 
==268755== 56 bytes in 1 blocks are still reachable in loss record 1,275 of 2,004
==268755==    at 0x4849013: operator new(unsigned long) (in /usr/libexec/valgrind/vgpreload_memcheck-amd64-linux.so)
==268755==    by 0x48E4B91: ??? (in /usr/lib/x86_64-linux-gnu/libmysqlclient.so.21.2.42)
==268755==    by 0x48E4EDC: ??? (in /usr/lib/x86_64-linux-gnu/libmysqlclient.so.21.2.42)
==268755==    by 0x490859B: ??? (in /usr/lib/x86_64-linux-gnu/libmysqlclient.so.21.2.42)
==268755==    by 0x48E6082: ??? (in /usr/lib/x86_64-linux-gnu/libmysqlclient.so.21.2.42)
==268755==    by 0x522BEE7: __pthread_once_slow (pthread_once.c:116)
==268755==    by 0x4903155: ??? (in /usr/lib/x86_64-linux-gnu/libmysqlclient.so.21.2.42)
==268755==    by 0x489CBB8: ??? (in /usr/lib/x86_64-linux-gnu/libmysqlclient.so.21.2.42)
==268755==    by 0x489D1FA: ??? (in /usr/lib/x86_64-linux-gnu/libmysqlclient.so.21.2.42)
==268755==    by 0x48A3273: ??? (in /usr/lib/x86_64-linux-gnu/libmysqlclient.so.21.2.42)
==268755==    by 0x489EF82: mysql_real_connect (in /usr/lib/x86_64-linux-gnu/libmysqlclient.so.21.2.42)
==268755==    by 0x1EC2E1: cpp_dbc::MySQL::MySQLConnection::MySQLConnection(std::__cxx11::basic_string<char, std::char_traits<char>, std::allocator<char> > const&, int, std::__cxx11::basic_string<char, std::char_traits<char>, std::allocator<char> > const&, std::__cxx11::basic_string<char, std::char_traits<char>, std::allocator<char> > const&, std::__cxx11::basic_string<char, std::char_traits<char>, std::allocator<char> > const&) (driver_mysql.cpp:624)
==268755== 
==268755== 56 bytes in 1 blocks are still reachable in loss record 1,276 of 2,004
==268755==    at 0x4849013: operator new(unsigned long) (in /usr/libexec/valgrind/vgpreload_memcheck-amd64-linux.so)
==268755==    by 0x48E4B91: ??? (in /usr/lib/x86_64-linux-gnu/libmysqlclient.so.21.2.42)
==268755==    by 0x48E4EDC: ??? (in /usr/lib/x86_64-linux-gnu/libmysqlclient.so.21.2.42)
==268755==    by 0x49085DD: ??? (in /usr/lib/x86_64-linux-gnu/libmysqlclient.so.21.2.42)
==268755==    by 0x48E6082: ??? (in /usr/lib/x86_64-linux-gnu/libmysqlclient.so.21.2.42)
==268755==    by 0x522BEE7: __pthread_once_slow (pthread_once.c:116)
==268755==    by 0x4903155: ??? (in /usr/lib/x86_64-linux-gnu/libmysqlclient.so.21.2.42)
==268755==    by 0x489CBB8: ??? (in /usr/lib/x86_64-linux-gnu/libmysqlclient.so.21.2.42)
==268755==    by 0x489D1FA: ??? (in /usr/lib/x86_64-linux-gnu/libmysqlclient.so.21.2.42)
==268755==    by 0x48A3273: ??? (in /usr/lib/x86_64-linux-gnu/libmysqlclient.so.21.2.42)
==268755==    by 0x489EF82: mysql_real_connect (in /usr/lib/x86_64-linux-gnu/libmysqlclient.so.21.2.42)
==268755==    by 0x1EC2E1: cpp_dbc::MySQL::MySQLConnection::MySQLConnection(std::__cxx11::basic_string<char, std::char_traits<char>, std::allocator<char> > const&, int, std::__cxx11::basic_string<char, std::char_traits<char>, std::allocator<char> > const&, std::__cxx11::basic_string<char, std::char_traits<char>, std::allocator<char> > const&, std::__cxx11::basic_string<char, std::char_traits<char>, std::allocator<char> > const&) (driver_mysql.cpp:624)
==268755== 
==268755== 56 bytes in 1 blocks are still reachable in loss record 1,277 of 2,004
==268755==    at 0x4849013: operator new(unsigned long) (in /usr/libexec/valgrind/vgpreload_memcheck-amd64-linux.so)
==268755==    by 0x48E4B91: ??? (in /usr/lib/x86_64-linux-gnu/libmysqlclient.so.21.2.42)
==268755==    by 0x48E4EDC: ??? (in /usr/lib/x86_64-linux-gnu/libmysqlclient.so.21.2.42)
==268755==    by 0x490861F: ??? (in /usr/lib/x86_64-linux-gnu/libmysqlclient.so.21.2.42)
==268755==    by 0x48E6082: ??? (in /usr/lib/x86_64-linux-gnu/libmysqlclient.so.21.2.42)
==268755==    by 0x522BEE7: __pthread_once_slow (pthread_once.c:116)
==268755==    by 0x4903155: ??? (in /usr/lib/x86_64-linux-gnu/libmysqlclient.so.21.2.42)
==268755==    by 0x489CBB8: ??? (in /usr/lib/x86_64-linux-gnu/libmysqlclient.so.21.2.42)
==268755==    by 0x489D1FA: ??? (in /usr/lib/x86_64-linux-gnu/libmysqlclient.so.21.2.42)
==268755==    by 0x48A3273: ??? (in /usr/lib/x86_64-linux-gnu/libmysqlclient.so.21.2.42)
==268755==    by 0x489EF82: mysql_real_connect (in /usr/lib/x86_64-linux-gnu/libmysqlclient.so.21.2.42)
==268755==    by 0x1EC2E1: cpp_dbc::MySQL::MySQLConnection::MySQLConnection(std::__cxx11::basic_string<char, std::char_traits<char>, std::allocator<char> > const&, int, std::__cxx11::basic_string<char, std::char_traits<char>, std::allocator<char> > const&, std::__cxx11::basic_string<char, std::char_traits<char>, std::allocator<char> > const&, std::__cxx11::basic_string<char, std::char_traits<char>, std::allocator<char> > const&) (driver_mysql.cpp:624)
==268755== 
==268755== 56 bytes in 1 blocks are still reachable in loss record 1,278 of 2,004
==268755==    at 0x4849013: operator new(unsigned long) (in /usr/libexec/valgrind/vgpreload_memcheck-amd64-linux.so)
==268755==    by 0x48E4B91: ??? (in /usr/lib/x86_64-linux-gnu/libmysqlclient.so.21.2.42)
==268755==    by 0x48E4EDC: ??? (in /usr/lib/x86_64-linux-gnu/libmysqlclient.so.21.2.42)
==268755==    by 0x4908661: ??? (in /usr/lib/x86_64-linux-gnu/libmysqlclient.so.21.2.42)
==268755==    by 0x48E6082: ??? (in /usr/lib/x86_64-linux-gnu/libmysqlclient.so.21.2.42)
==268755==    by 0x522BEE7: __pthread_once_slow (pthread_once.c:116)
==268755==    by 0x4903155: ??? (in /usr/lib/x86_64-linux-gnu/libmysqlclient.so.21.2.42)
==268755==    by 0x489CBB8: ??? (in /usr/lib/x86_64-linux-gnu/libmysqlclient.so.21.2.42)
==268755==    by 0x489D1FA: ??? (in /usr/lib/x86_64-linux-gnu/libmysqlclient.so.21.2.42)
==268755==    by 0x48A3273: ??? (in /usr/lib/x86_64-linux-gnu/libmysqlclient.so.21.2.42)
==268755==    by 0x489EF82: mysql_real_connect (in /usr/lib/x86_64-linux-gnu/libmysqlclient.so.21.2.42)
==268755==    by 0x1EC2E1: cpp_dbc::MySQL::MySQLConnection::MySQLConnection(std::__cxx11::basic_string<char, std::char_traits<char>, std::allocator<char> > const&, int, std::__cxx11::basic_string<char, std::char_traits<char>, std::allocator<char> > const&, std::__cxx11::basic_string<char, std::char_traits<char>, std::allocator<char> > const&, std::__cxx11::basic_string<char, std::char_traits<char>, std::allocator<char> > const&) (driver_mysql.cpp:624)
==268755== 
==268755== 56 bytes in 1 blocks are still reachable in loss record 1,279 of 2,004
==268755==    at 0x4849013: operator new(unsigned long) (in /usr/libexec/valgrind/vgpreload_memcheck-amd64-linux.so)
==268755==    by 0x48E4B91: ??? (in /usr/lib/x86_64-linux-gnu/libmysqlclient.so.21.2.42)
==268755==    by 0x48E4EDC: ??? (in /usr/lib/x86_64-linux-gnu/libmysqlclient.so.21.2.42)
==268755==    by 0x49086A3: ??? (in /usr/lib/x86_64-linux-gnu/libmysqlclient.so.21.2.42)
==268755==    by 0x48E6082: ??? (in /usr/lib/x86_64-linux-gnu/libmysqlclient.so.21.2.42)
==268755==    by 0x522BEE7: __pthread_once_slow (pthread_once.c:116)
==268755==    by 0x4903155: ??? (in /usr/lib/x86_64-linux-gnu/libmysqlclient.so.21.2.42)
==268755==    by 0x489CBB8: ??? (in /usr/lib/x86_64-linux-gnu/libmysqlclient.so.21.2.42)
==268755==    by 0x489D1FA: ??? (in /usr/lib/x86_64-linux-gnu/libmysqlclient.so.21.2.42)
==268755==    by 0x48A3273: ??? (in /usr/lib/x86_64-linux-gnu/libmysqlclient.so.21.2.42)
==268755==    by 0x489EF82: mysql_real_connect (in /usr/lib/x86_64-linux-gnu/libmysqlclient.so.21.2.42)
==268755==    by 0x1EC2E1: cpp_dbc::MySQL::MySQLConnection::MySQLConnection(std::__cxx11::basic_string<char, std::char_traits<char>, std::allocator<char> > const&, int, std::__cxx11::basic_string<char, std::char_traits<char>, std::allocator<char> > const&, std::__cxx11::basic_string<char, std::char_traits<char>, std::allocator<char> > const&, std::__cxx11::basic_string<char, std::char_traits<char>, std::allocator<char> > const&) (driver_mysql.cpp:624)
==268755== 
==268755== 56 bytes in 1 blocks are still reachable in loss record 1,280 of 2,004
==268755==    at 0x4849013: operator new(unsigned long) (in /usr/libexec/valgrind/vgpreload_memcheck-amd64-linux.so)
==268755==    by 0x48E4B91: ??? (in /usr/lib/x86_64-linux-gnu/libmysqlclient.so.21.2.42)
==268755==    by 0x48E4EDC: ??? (in /usr/lib/x86_64-linux-gnu/libmysqlclient.so.21.2.42)
==268755==    by 0x49086E5: ??? (in /usr/lib/x86_64-linux-gnu/libmysqlclient.so.21.2.42)
==268755==    by 0x48E6082: ??? (in /usr/lib/x86_64-linux-gnu/libmysqlclient.so.21.2.42)
==268755==    by 0x522BEE7: __pthread_once_slow (pthread_once.c:116)
==268755==    by 0x4903155: ??? (in /usr/lib/x86_64-linux-gnu/libmysqlclient.so.21.2.42)
==268755==    by 0x489CBB8: ??? (in /usr/lib/x86_64-linux-gnu/libmysqlclient.so.21.2.42)
==268755==    by 0x489D1FA: ??? (in /usr/lib/x86_64-linux-gnu/libmysqlclient.so.21.2.42)
==268755==    by 0x48A3273: ??? (in /usr/lib/x86_64-linux-gnu/libmysqlclient.so.21.2.42)
==268755==    by 0x489EF82: mysql_real_connect (in /usr/lib/x86_64-linux-gnu/libmysqlclient.so.21.2.42)
==268755==    by 0x1EC2E1: cpp_dbc::MySQL::MySQLConnection::MySQLConnection(std::__cxx11::basic_string<char, std::char_traits<char>, std::allocator<char> > const&, int, std::__cxx11::basic_string<char, std::char_traits<char>, std::allocator<char> > const&, std::__cxx11::basic_string<char, std::char_traits<char>, std::allocator<char> > const&, std::__cxx11::basic_string<char, std::char_traits<char>, std::allocator<char> > const&) (driver_mysql.cpp:624)
==268755== 
==268755== 56 bytes in 1 blocks are still reachable in loss record 1,281 of 2,004
==268755==    at 0x4849013: operator new(unsigned long) (in /usr/libexec/valgrind/vgpreload_memcheck-amd64-linux.so)
==268755==    by 0x48E4B91: ??? (in /usr/lib/x86_64-linux-gnu/libmysqlclient.so.21.2.42)
==268755==    by 0x48E4EDC: ??? (in /usr/lib/x86_64-linux-gnu/libmysqlclient.so.21.2.42)
==268755==    by 0x4908727: ??? (in /usr/lib/x86_64-linux-gnu/libmysqlclient.so.21.2.42)
==268755==    by 0x48E6082: ??? (in /usr/lib/x86_64-linux-gnu/libmysqlclient.so.21.2.42)
==268755==    by 0x522BEE7: __pthread_once_slow (pthread_once.c:116)
==268755==    by 0x4903155: ??? (in /usr/lib/x86_64-linux-gnu/libmysqlclient.so.21.2.42)
==268755==    by 0x489CBB8: ??? (in /usr/lib/x86_64-linux-gnu/libmysqlclient.so.21.2.42)
==268755==    by 0x489D1FA: ??? (in /usr/lib/x86_64-linux-gnu/libmysqlclient.so.21.2.42)
==268755==    by 0x48A3273: ??? (in /usr/lib/x86_64-linux-gnu/libmysqlclient.so.21.2.42)
==268755==    by 0x489EF82: mysql_real_connect (in /usr/lib/x86_64-linux-gnu/libmysqlclient.so.21.2.42)
==268755==    by 0x1EC2E1: cpp_dbc::MySQL::MySQLConnection::MySQLConnection(std::__cxx11::basic_string<char, std::char_traits<char>, std::allocator<char> > const&, int, std::__cxx11::basic_string<char, std::char_traits<char>, std::allocator<char> > const&, std::__cxx11::basic_string<char, std::char_traits<char>, std::allocator<char> > const&, std::__cxx11::basic_string<char, std::char_traits<char>, std::allocator<char> > const&) (driver_mysql.cpp:624)
==268755== 
==268755== 56 bytes in 1 blocks are still reachable in loss record 1,282 of 2,004
==268755==    at 0x4849013: operator new(unsigned long) (in /usr/libexec/valgrind/vgpreload_memcheck-amd64-linux.so)
==268755==    by 0x48E4B91: ??? (in /usr/lib/x86_64-linux-gnu/libmysqlclient.so.21.2.42)
==268755==    by 0x48E4EDC: ??? (in /usr/lib/x86_64-linux-gnu/libmysqlclient.so.21.2.42)
==268755==    by 0x4908769: ??? (in /usr/lib/x86_64-linux-gnu/libmysqlclient.so.21.2.42)
==268755==    by 0x48E6082: ??? (in /usr/lib/x86_64-linux-gnu/libmysqlclient.so.21.2.42)
==268755==    by 0x522BEE7: __pthread_once_slow (pthread_once.c:116)
==268755==    by 0x4903155: ??? (in /usr/lib/x86_64-linux-gnu/libmysqlclient.so.21.2.42)
==268755==    by 0x489CBB8: ??? (in /usr/lib/x86_64-linux-gnu/libmysqlclient.so.21.2.42)
==268755==    by 0x489D1FA: ??? (in /usr/lib/x86_64-linux-gnu/libmysqlclient.so.21.2.42)
==268755==    by 0x48A3273: ??? (in /usr/lib/x86_64-linux-gnu/libmysqlclient.so.21.2.42)
==268755==    by 0x489EF82: mysql_real_connect (in /usr/lib/x86_64-linux-gnu/libmysqlclient.so.21.2.42)
==268755==    by 0x1EC2E1: cpp_dbc::MySQL::MySQLConnection::MySQLConnection(std::__cxx11::basic_string<char, std::char_traits<char>, std::allocator<char> > const&, int, std::__cxx11::basic_string<char, std::char_traits<char>, std::allocator<char> > const&, std::__cxx11::basic_string<char, std::char_traits<char>, std::allocator<char> > const&, std::__cxx11::basic_string<char, std::char_traits<char>, std::allocator<char> > const&) (driver_mysql.cpp:624)
==268755== 
==268755== 56 bytes in 1 blocks are still reachable in loss record 1,283 of 2,004
==268755==    at 0x4849013: operator new(unsigned long) (in /usr/libexec/valgrind/vgpreload_memcheck-amd64-linux.so)
==268755==    by 0x48E4B91: ??? (in /usr/lib/x86_64-linux-gnu/libmysqlclient.so.21.2.42)
==268755==    by 0x48E4EDC: ??? (in /usr/lib/x86_64-linux-gnu/libmysqlclient.so.21.2.42)
==268755==    by 0x49087AB: ??? (in /usr/lib/x86_64-linux-gnu/libmysqlclient.so.21.2.42)
==268755==    by 0x48E6082: ??? (in /usr/lib/x86_64-linux-gnu/libmysqlclient.so.21.2.42)
==268755==    by 0x522BEE7: __pthread_once_slow (pthread_once.c:116)
==268755==    by 0x4903155: ??? (in /usr/lib/x86_64-linux-gnu/libmysqlclient.so.21.2.42)
==268755==    by 0x489CBB8: ??? (in /usr/lib/x86_64-linux-gnu/libmysqlclient.so.21.2.42)
==268755==    by 0x489D1FA: ??? (in /usr/lib/x86_64-linux-gnu/libmysqlclient.so.21.2.42)
==268755==    by 0x48A3273: ??? (in /usr/lib/x86_64-linux-gnu/libmysqlclient.so.21.2.42)
==268755==    by 0x489EF82: mysql_real_connect (in /usr/lib/x86_64-linux-gnu/libmysqlclient.so.21.2.42)
==268755==    by 0x1EC2E1: cpp_dbc::MySQL::MySQLConnection::MySQLConnection(std::__cxx11::basic_string<char, std::char_traits<char>, std::allocator<char> > const&, int, std::__cxx11::basic_string<char, std::char_traits<char>, std::allocator<char> > const&, std::__cxx11::basic_string<char, std::char_traits<char>, std::allocator<char> > const&, std::__cxx11::basic_string<char, std::char_traits<char>, std::allocator<char> > const&) (driver_mysql.cpp:624)
==268755== 
==268755== 56 bytes in 1 blocks are still reachable in loss record 1,284 of 2,004
==268755==    at 0x4849013: operator new(unsigned long) (in /usr/libexec/valgrind/vgpreload_memcheck-amd64-linux.so)
==268755==    by 0x48E4B91: ??? (in /usr/lib/x86_64-linux-gnu/libmysqlclient.so.21.2.42)
==268755==    by 0x48E4EDC: ??? (in /usr/lib/x86_64-linux-gnu/libmysqlclient.so.21.2.42)
==268755==    by 0x49087ED: ??? (in /usr/lib/x86_64-linux-gnu/libmysqlclient.so.21.2.42)
==268755==    by 0x48E6082: ??? (in /usr/lib/x86_64-linux-gnu/libmysqlclient.so.21.2.42)
==268755==    by 0x522BEE7: __pthread_once_slow (pthread_once.c:116)
==268755==    by 0x4903155: ??? (in /usr/lib/x86_64-linux-gnu/libmysqlclient.so.21.2.42)
==268755==    by 0x489CBB8: ??? (in /usr/lib/x86_64-linux-gnu/libmysqlclient.so.21.2.42)
==268755==    by 0x489D1FA: ??? (in /usr/lib/x86_64-linux-gnu/libmysqlclient.so.21.2.42)
==268755==    by 0x48A3273: ??? (in /usr/lib/x86_64-linux-gnu/libmysqlclient.so.21.2.42)
==268755==    by 0x489EF82: mysql_real_connect (in /usr/lib/x86_64-linux-gnu/libmysqlclient.so.21.2.42)
==268755==    by 0x1EC2E1: cpp_dbc::MySQL::MySQLConnection::MySQLConnection(std::__cxx11::basic_string<char, std::char_traits<char>, std::allocator<char> > const&, int, std::__cxx11::basic_string<char, std::char_traits<char>, std::allocator<char> > const&, std::__cxx11::basic_string<char, std::char_traits<char>, std::allocator<char> > const&, std::__cxx11::basic_string<char, std::char_traits<char>, std::allocator<char> > const&) (driver_mysql.cpp:624)
==268755== 
==268755== 56 bytes in 1 blocks are still reachable in loss record 1,285 of 2,004
==268755==    at 0x4849013: operator new(unsigned long) (in /usr/libexec/valgrind/vgpreload_memcheck-amd64-linux.so)
==268755==    by 0x48E4B91: ??? (in /usr/lib/x86_64-linux-gnu/libmysqlclient.so.21.2.42)
==268755==    by 0x48E4EDC: ??? (in /usr/lib/x86_64-linux-gnu/libmysqlclient.so.21.2.42)
==268755==    by 0x490882F: ??? (in /usr/lib/x86_64-linux-gnu/libmysqlclient.so.21.2.42)
==268755==    by 0x48E6082: ??? (in /usr/lib/x86_64-linux-gnu/libmysqlclient.so.21.2.42)
==268755==    by 0x522BEE7: __pthread_once_slow (pthread_once.c:116)
==268755==    by 0x4903155: ??? (in /usr/lib/x86_64-linux-gnu/libmysqlclient.so.21.2.42)
==268755==    by 0x489CBB8: ??? (in /usr/lib/x86_64-linux-gnu/libmysqlclient.so.21.2.42)
==268755==    by 0x489D1FA: ??? (in /usr/lib/x86_64-linux-gnu/libmysqlclient.so.21.2.42)
==268755==    by 0x48A3273: ??? (in /usr/lib/x86_64-linux-gnu/libmysqlclient.so.21.2.42)
==268755==    by 0x489EF82: mysql_real_connect (in /usr/lib/x86_64-linux-gnu/libmysqlclient.so.21.2.42)
==268755==    by 0x1EC2E1: cpp_dbc::MySQL::MySQLConnection::MySQLConnection(std::__cxx11::basic_string<char, std::char_traits<char>, std::allocator<char> > const&, int, std::__cxx11::basic_string<char, std::char_traits<char>, std::allocator<char> > const&, std::__cxx11::basic_string<char, std::char_traits<char>, std::allocator<char> > const&, std::__cxx11::basic_string<char, std::char_traits<char>, std::allocator<char> > const&) (driver_mysql.cpp:624)
==268755== 
==268755== 56 bytes in 1 blocks are still reachable in loss record 1,286 of 2,004
==268755==    at 0x4849013: operator new(unsigned long) (in /usr/libexec/valgrind/vgpreload_memcheck-amd64-linux.so)
==268755==    by 0x48E4B91: ??? (in /usr/lib/x86_64-linux-gnu/libmysqlclient.so.21.2.42)
==268755==    by 0x48E4EDC: ??? (in /usr/lib/x86_64-linux-gnu/libmysqlclient.so.21.2.42)
==268755==    by 0x4908871: ??? (in /usr/lib/x86_64-linux-gnu/libmysqlclient.so.21.2.42)
==268755==    by 0x48E6082: ??? (in /usr/lib/x86_64-linux-gnu/libmysqlclient.so.21.2.42)
==268755==    by 0x522BEE7: __pthread_once_slow (pthread_once.c:116)
==268755==    by 0x4903155: ??? (in /usr/lib/x86_64-linux-gnu/libmysqlclient.so.21.2.42)
==268755==    by 0x489CBB8: ??? (in /usr/lib/x86_64-linux-gnu/libmysqlclient.so.21.2.42)
==268755==    by 0x489D1FA: ??? (in /usr/lib/x86_64-linux-gnu/libmysqlclient.so.21.2.42)
==268755==    by 0x48A3273: ??? (in /usr/lib/x86_64-linux-gnu/libmysqlclient.so.21.2.42)
==268755==    by 0x489EF82: mysql_real_connect (in /usr/lib/x86_64-linux-gnu/libmysqlclient.so.21.2.42)
==268755==    by 0x1EC2E1: cpp_dbc::MySQL::MySQLConnection::MySQLConnection(std::__cxx11::basic_string<char, std::char_traits<char>, std::allocator<char> > const&, int, std::__cxx11::basic_string<char, std::char_traits<char>, std::allocator<char> > const&, std::__cxx11::basic_string<char, std::char_traits<char>, std::allocator<char> > const&, std::__cxx11::basic_string<char, std::char_traits<char>, std::allocator<char> > const&) (driver_mysql.cpp:624)
==268755== 
==268755== 56 bytes in 1 blocks are still reachable in loss record 1,287 of 2,004
==268755==    at 0x4849013: operator new(unsigned long) (in /usr/libexec/valgrind/vgpreload_memcheck-amd64-linux.so)
==268755==    by 0x48E4B91: ??? (in /usr/lib/x86_64-linux-gnu/libmysqlclient.so.21.2.42)
==268755==    by 0x48E4EDC: ??? (in /usr/lib/x86_64-linux-gnu/libmysqlclient.so.21.2.42)
==268755==    by 0x48E5188: ??? (in /usr/lib/x86_64-linux-gnu/libmysqlclient.so.21.2.42)
==268755==    by 0x490889F: ??? (in /usr/lib/x86_64-linux-gnu/libmysqlclient.so.21.2.42)
==268755==    by 0x48E6082: ??? (in /usr/lib/x86_64-linux-gnu/libmysqlclient.so.21.2.42)
==268755==    by 0x522BEE7: __pthread_once_slow (pthread_once.c:116)
==268755==    by 0x4903155: ??? (in /usr/lib/x86_64-linux-gnu/libmysqlclient.so.21.2.42)
==268755==    by 0x489CBB8: ??? (in /usr/lib/x86_64-linux-gnu/libmysqlclient.so.21.2.42)
==268755==    by 0x489D1FA: ??? (in /usr/lib/x86_64-linux-gnu/libmysqlclient.so.21.2.42)
==268755==    by 0x48A3273: ??? (in /usr/lib/x86_64-linux-gnu/libmysqlclient.so.21.2.42)
==268755==    by 0x489EF82: mysql_real_connect (in /usr/lib/x86_64-linux-gnu/libmysqlclient.so.21.2.42)
==268755== 
==268755== 56 bytes in 1 blocks are still reachable in loss record 1,288 of 2,004
==268755==    at 0x4849013: operator new(unsigned long) (in /usr/libexec/valgrind/vgpreload_memcheck-amd64-linux.so)
==268755==    by 0x48E4B91: ??? (in /usr/lib/x86_64-linux-gnu/libmysqlclient.so.21.2.42)
==268755==    by 0x48E4EDC: ??? (in /usr/lib/x86_64-linux-gnu/libmysqlclient.so.21.2.42)
==268755==    by 0x49088BF: ??? (in /usr/lib/x86_64-linux-gnu/libmysqlclient.so.21.2.42)
==268755==    by 0x48E6082: ??? (in /usr/lib/x86_64-linux-gnu/libmysqlclient.so.21.2.42)
==268755==    by 0x522BEE7: __pthread_once_slow (pthread_once.c:116)
==268755==    by 0x4903155: ??? (in /usr/lib/x86_64-linux-gnu/libmysqlclient.so.21.2.42)
==268755==    by 0x489CBB8: ??? (in /usr/lib/x86_64-linux-gnu/libmysqlclient.so.21.2.42)
==268755==    by 0x489D1FA: ??? (in /usr/lib/x86_64-linux-gnu/libmysqlclient.so.21.2.42)
==268755==    by 0x48A3273: ??? (in /usr/lib/x86_64-linux-gnu/libmysqlclient.so.21.2.42)
==268755==    by 0x489EF82: mysql_real_connect (in /usr/lib/x86_64-linux-gnu/libmysqlclient.so.21.2.42)
==268755==    by 0x1EC2E1: cpp_dbc::MySQL::MySQLConnection::MySQLConnection(std::__cxx11::basic_string<char, std::char_traits<char>, std::allocator<char> > const&, int, std::__cxx11::basic_string<char, std::char_traits<char>, std::allocator<char> > const&, std::__cxx11::basic_string<char, std::char_traits<char>, std::allocator<char> > const&, std::__cxx11::basic_string<char, std::char_traits<char>, std::allocator<char> > const&) (driver_mysql.cpp:624)
==268755== 
==268755== 56 bytes in 1 blocks are still reachable in loss record 1,289 of 2,004
==268755==    at 0x4849013: operator new(unsigned long) (in /usr/libexec/valgrind/vgpreload_memcheck-amd64-linux.so)
==268755==    by 0x48E4B91: ??? (in /usr/lib/x86_64-linux-gnu/libmysqlclient.so.21.2.42)
==268755==    by 0x48E5098: ??? (in /usr/lib/x86_64-linux-gnu/libmysqlclient.so.21.2.42)
==268755==    by 0x49088D7: ??? (in /usr/lib/x86_64-linux-gnu/libmysqlclient.so.21.2.42)
==268755==    by 0x48E6082: ??? (in /usr/lib/x86_64-linux-gnu/libmysqlclient.so.21.2.42)
==268755==    by 0x522BEE7: __pthread_once_slow (pthread_once.c:116)
==268755==    by 0x4903155: ??? (in /usr/lib/x86_64-linux-gnu/libmysqlclient.so.21.2.42)
==268755==    by 0x489CBB8: ??? (in /usr/lib/x86_64-linux-gnu/libmysqlclient.so.21.2.42)
==268755==    by 0x489D1FA: ??? (in /usr/lib/x86_64-linux-gnu/libmysqlclient.so.21.2.42)
==268755==    by 0x48A3273: ??? (in /usr/lib/x86_64-linux-gnu/libmysqlclient.so.21.2.42)
==268755==    by 0x489EF82: mysql_real_connect (in /usr/lib/x86_64-linux-gnu/libmysqlclient.so.21.2.42)
==268755==    by 0x1EC2E1: cpp_dbc::MySQL::MySQLConnection::MySQLConnection(std::__cxx11::basic_string<char, std::char_traits<char>, std::allocator<char> > const&, int, std::__cxx11::basic_string<char, std::char_traits<char>, std::allocator<char> > const&, std::__cxx11::basic_string<char, std::char_traits<char>, std::allocator<char> > const&, std::__cxx11::basic_string<char, std::char_traits<char>, std::allocator<char> > const&) (driver_mysql.cpp:624)
==268755== 
==268755== 56 bytes in 1 blocks are still reachable in loss record 1,290 of 2,004
==268755==    at 0x4849013: operator new(unsigned long) (in /usr/libexec/valgrind/vgpreload_memcheck-amd64-linux.so)
==268755==    by 0x48E4B91: ??? (in /usr/lib/x86_64-linux-gnu/libmysqlclient.so.21.2.42)
==268755==    by 0x48E4EDC: ??? (in /usr/lib/x86_64-linux-gnu/libmysqlclient.so.21.2.42)
==268755==    by 0x48E5188: ??? (in /usr/lib/x86_64-linux-gnu/libmysqlclient.so.21.2.42)
==268755==    by 0x49088ED: ??? (in /usr/lib/x86_64-linux-gnu/libmysqlclient.so.21.2.42)
==268755==    by 0x48E6082: ??? (in /usr/lib/x86_64-linux-gnu/libmysqlclient.so.21.2.42)
==268755==    by 0x522BEE7: __pthread_once_slow (pthread_once.c:116)
==268755==    by 0x4903155: ??? (in /usr/lib/x86_64-linux-gnu/libmysqlclient.so.21.2.42)
==268755==    by 0x489CBB8: ??? (in /usr/lib/x86_64-linux-gnu/libmysqlclient.so.21.2.42)
==268755==    by 0x489D1FA: ??? (in /usr/lib/x86_64-linux-gnu/libmysqlclient.so.21.2.42)
==268755==    by 0x48A3273: ??? (in /usr/lib/x86_64-linux-gnu/libmysqlclient.so.21.2.42)
==268755==    by 0x489EF82: mysql_real_connect (in /usr/lib/x86_64-linux-gnu/libmysqlclient.so.21.2.42)
==268755== 
==268755== 56 bytes in 1 blocks are still reachable in loss record 1,291 of 2,004
==268755==    at 0x4849013: operator new(unsigned long) (in /usr/libexec/valgrind/vgpreload_memcheck-amd64-linux.so)
==268755==    by 0x48E4B91: ??? (in /usr/lib/x86_64-linux-gnu/libmysqlclient.so.21.2.42)
==268755==    by 0x48E510D: ??? (in /usr/lib/x86_64-linux-gnu/libmysqlclient.so.21.2.42)
==268755==    by 0x48E5196: ??? (in /usr/lib/x86_64-linux-gnu/libmysqlclient.so.21.2.42)
==268755==    by 0x49088ED: ??? (in /usr/lib/x86_64-linux-gnu/libmysqlclient.so.21.2.42)
==268755==    by 0x48E6082: ??? (in /usr/lib/x86_64-linux-gnu/libmysqlclient.so.21.2.42)
==268755==    by 0x522BEE7: __pthread_once_slow (pthread_once.c:116)
==268755==    by 0x4903155: ??? (in /usr/lib/x86_64-linux-gnu/libmysqlclient.so.21.2.42)
==268755==    by 0x489CBB8: ??? (in /usr/lib/x86_64-linux-gnu/libmysqlclient.so.21.2.42)
==268755==    by 0x489D1FA: ??? (in /usr/lib/x86_64-linux-gnu/libmysqlclient.so.21.2.42)
==268755==    by 0x48A3273: ??? (in /usr/lib/x86_64-linux-gnu/libmysqlclient.so.21.2.42)
==268755==    by 0x489EF82: mysql_real_connect (in /usr/lib/x86_64-linux-gnu/libmysqlclient.so.21.2.42)
==268755== 
==268755== 56 bytes in 1 blocks are still reachable in loss record 1,292 of 2,004
==268755==    at 0x4849013: operator new(unsigned long) (in /usr/libexec/valgrind/vgpreload_memcheck-amd64-linux.so)
==268755==    by 0x48E4B91: ??? (in /usr/lib/x86_64-linux-gnu/libmysqlclient.so.21.2.42)
==268755==    by 0x48E4EDC: ??? (in /usr/lib/x86_64-linux-gnu/libmysqlclient.so.21.2.42)
==268755==    by 0x490890D: ??? (in /usr/lib/x86_64-linux-gnu/libmysqlclient.so.21.2.42)
==268755==    by 0x48E6082: ??? (in /usr/lib/x86_64-linux-gnu/libmysqlclient.so.21.2.42)
==268755==    by 0x522BEE7: __pthread_once_slow (pthread_once.c:116)
==268755==    by 0x4903155: ??? (in /usr/lib/x86_64-linux-gnu/libmysqlclient.so.21.2.42)
==268755==    by 0x489CBB8: ??? (in /usr/lib/x86_64-linux-gnu/libmysqlclient.so.21.2.42)
==268755==    by 0x489D1FA: ??? (in /usr/lib/x86_64-linux-gnu/libmysqlclient.so.21.2.42)
==268755==    by 0x48A3273: ??? (in /usr/lib/x86_64-linux-gnu/libmysqlclient.so.21.2.42)
==268755==    by 0x489EF82: mysql_real_connect (in /usr/lib/x86_64-linux-gnu/libmysqlclient.so.21.2.42)
==268755==    by 0x1EC2E1: cpp_dbc::MySQL::MySQLConnection::MySQLConnection(std::__cxx11::basic_string<char, std::char_traits<char>, std::allocator<char> > const&, int, std::__cxx11::basic_string<char, std::char_traits<char>, std::allocator<char> > const&, std::__cxx11::basic_string<char, std::char_traits<char>, std::allocator<char> > const&, std::__cxx11::basic_string<char, std::char_traits<char>, std::allocator<char> > const&) (driver_mysql.cpp:624)
==268755== 
==268755== 56 bytes in 1 blocks are still reachable in loss record 1,293 of 2,004
==268755==    at 0x4849013: operator new(unsigned long) (in /usr/libexec/valgrind/vgpreload_memcheck-amd64-linux.so)
==268755==    by 0x48E4B91: ??? (in /usr/lib/x86_64-linux-gnu/libmysqlclient.so.21.2.42)
==268755==    by 0x48E4EDC: ??? (in /usr/lib/x86_64-linux-gnu/libmysqlclient.so.21.2.42)
==268755==    by 0x490894F: ??? (in /usr/lib/x86_64-linux-gnu/libmysqlclient.so.21.2.42)
==268755==    by 0x48E6082: ??? (in /usr/lib/x86_64-linux-gnu/libmysqlclient.so.21.2.42)
==268755==    by 0x522BEE7: __pthread_once_slow (pthread_once.c:116)
==268755==    by 0x4903155: ??? (in /usr/lib/x86_64-linux-gnu/libmysqlclient.so.21.2.42)
==268755==    by 0x489CBB8: ??? (in /usr/lib/x86_64-linux-gnu/libmysqlclient.so.21.2.42)
==268755==    by 0x489D1FA: ??? (in /usr/lib/x86_64-linux-gnu/libmysqlclient.so.21.2.42)
==268755==    by 0x48A3273: ??? (in /usr/lib/x86_64-linux-gnu/libmysqlclient.so.21.2.42)
==268755==    by 0x489EF82: mysql_real_connect (in /usr/lib/x86_64-linux-gnu/libmysqlclient.so.21.2.42)
==268755==    by 0x1EC2E1: cpp_dbc::MySQL::MySQLConnection::MySQLConnection(std::__cxx11::basic_string<char, std::char_traits<char>, std::allocator<char> > const&, int, std::__cxx11::basic_string<char, std::char_traits<char>, std::allocator<char> > const&, std::__cxx11::basic_string<char, std::char_traits<char>, std::allocator<char> > const&, std::__cxx11::basic_string<char, std::char_traits<char>, std::allocator<char> > const&) (driver_mysql.cpp:624)
==268755== 
==268755== 56 bytes in 1 blocks are still reachable in loss record 1,294 of 2,004
==268755==    at 0x4849013: operator new(unsigned long) (in /usr/libexec/valgrind/vgpreload_memcheck-amd64-linux.so)
==268755==    by 0x48E4B91: ??? (in /usr/lib/x86_64-linux-gnu/libmysqlclient.so.21.2.42)
==268755==    by 0x48E4EDC: ??? (in /usr/lib/x86_64-linux-gnu/libmysqlclient.so.21.2.42)
==268755==    by 0x48E5188: ??? (in /usr/lib/x86_64-linux-gnu/libmysqlclient.so.21.2.42)
==268755==    by 0x490897D: ??? (in /usr/lib/x86_64-linux-gnu/libmysqlclient.so.21.2.42)
==268755==    by 0x48E6082: ??? (in /usr/lib/x86_64-linux-gnu/libmysqlclient.so.21.2.42)
==268755==    by 0x522BEE7: __pthread_once_slow (pthread_once.c:116)
==268755==    by 0x4903155: ??? (in /usr/lib/x86_64-linux-gnu/libmysqlclient.so.21.2.42)
==268755==    by 0x489CBB8: ??? (in /usr/lib/x86_64-linux-gnu/libmysqlclient.so.21.2.42)
==268755==    by 0x489D1FA: ??? (in /usr/lib/x86_64-linux-gnu/libmysqlclient.so.21.2.42)
==268755==    by 0x48A3273: ??? (in /usr/lib/x86_64-linux-gnu/libmysqlclient.so.21.2.42)
==268755==    by 0x489EF82: mysql_real_connect (in /usr/lib/x86_64-linux-gnu/libmysqlclient.so.21.2.42)
==268755== 
==268755== 56 bytes in 1 blocks are still reachable in loss record 1,295 of 2,004
==268755==    at 0x4849013: operator new(unsigned long) (in /usr/libexec/valgrind/vgpreload_memcheck-amd64-linux.so)
==268755==    by 0x48E4B91: ??? (in /usr/lib/x86_64-linux-gnu/libmysqlclient.so.21.2.42)
==268755==    by 0x48E4EDC: ??? (in /usr/lib/x86_64-linux-gnu/libmysqlclient.so.21.2.42)
==268755==    by 0x490899D: ??? (in /usr/lib/x86_64-linux-gnu/libmysqlclient.so.21.2.42)
==268755==    by 0x48E6082: ??? (in /usr/lib/x86_64-linux-gnu/libmysqlclient.so.21.2.42)
==268755==    by 0x522BEE7: __pthread_once_slow (pthread_once.c:116)
==268755==    by 0x4903155: ??? (in /usr/lib/x86_64-linux-gnu/libmysqlclient.so.21.2.42)
==268755==    by 0x489CBB8: ??? (in /usr/lib/x86_64-linux-gnu/libmysqlclient.so.21.2.42)
==268755==    by 0x489D1FA: ??? (in /usr/lib/x86_64-linux-gnu/libmysqlclient.so.21.2.42)
==268755==    by 0x48A3273: ??? (in /usr/lib/x86_64-linux-gnu/libmysqlclient.so.21.2.42)
==268755==    by 0x489EF82: mysql_real_connect (in /usr/lib/x86_64-linux-gnu/libmysqlclient.so.21.2.42)
==268755==    by 0x1EC2E1: cpp_dbc::MySQL::MySQLConnection::MySQLConnection(std::__cxx11::basic_string<char, std::char_traits<char>, std::allocator<char> > const&, int, std::__cxx11::basic_string<char, std::char_traits<char>, std::allocator<char> > const&, std::__cxx11::basic_string<char, std::char_traits<char>, std::allocator<char> > const&, std::__cxx11::basic_string<char, std::char_traits<char>, std::allocator<char> > const&) (driver_mysql.cpp:624)
==268755== 
==268755== 56 bytes in 1 blocks are still reachable in loss record 1,296 of 2,004
==268755==    at 0x4849013: operator new(unsigned long) (in /usr/libexec/valgrind/vgpreload_memcheck-amd64-linux.so)
==268755==    by 0x48E4B91: ??? (in /usr/lib/x86_64-linux-gnu/libmysqlclient.so.21.2.42)
==268755==    by 0x48E4EDC: ??? (in /usr/lib/x86_64-linux-gnu/libmysqlclient.so.21.2.42)
==268755==    by 0x48E5188: ??? (in /usr/lib/x86_64-linux-gnu/libmysqlclient.so.21.2.42)
==268755==    by 0x49089CB: ??? (in /usr/lib/x86_64-linux-gnu/libmysqlclient.so.21.2.42)
==268755==    by 0x48E6082: ??? (in /usr/lib/x86_64-linux-gnu/libmysqlclient.so.21.2.42)
==268755==    by 0x522BEE7: __pthread_once_slow (pthread_once.c:116)
==268755==    by 0x4903155: ??? (in /usr/lib/x86_64-linux-gnu/libmysqlclient.so.21.2.42)
==268755==    by 0x489CBB8: ??? (in /usr/lib/x86_64-linux-gnu/libmysqlclient.so.21.2.42)
==268755==    by 0x489D1FA: ??? (in /usr/lib/x86_64-linux-gnu/libmysqlclient.so.21.2.42)
==268755==    by 0x48A3273: ??? (in /usr/lib/x86_64-linux-gnu/libmysqlclient.so.21.2.42)
==268755==    by 0x489EF82: mysql_real_connect (in /usr/lib/x86_64-linux-gnu/libmysqlclient.so.21.2.42)
==268755== 
==268755== 56 bytes in 1 blocks are still reachable in loss record 1,297 of 2,004
==268755==    at 0x4849013: operator new(unsigned long) (in /usr/libexec/valgrind/vgpreload_memcheck-amd64-linux.so)
==268755==    by 0x48E4B91: ??? (in /usr/lib/x86_64-linux-gnu/libmysqlclient.so.21.2.42)
==268755==    by 0x48E4EDC: ??? (in /usr/lib/x86_64-linux-gnu/libmysqlclient.so.21.2.42)
==268755==    by 0x48E5188: ??? (in /usr/lib/x86_64-linux-gnu/libmysqlclient.so.21.2.42)
==268755==    by 0x49089D7: ??? (in /usr/lib/x86_64-linux-gnu/libmysqlclient.so.21.2.42)
==268755==    by 0x48E6082: ??? (in /usr/lib/x86_64-linux-gnu/libmysqlclient.so.21.2.42)
==268755==    by 0x522BEE7: __pthread_once_slow (pthread_once.c:116)
==268755==    by 0x4903155: ??? (in /usr/lib/x86_64-linux-gnu/libmysqlclient.so.21.2.42)
==268755==    by 0x489CBB8: ??? (in /usr/lib/x86_64-linux-gnu/libmysqlclient.so.21.2.42)
==268755==    by 0x489D1FA: ??? (in /usr/lib/x86_64-linux-gnu/libmysqlclient.so.21.2.42)
==268755==    by 0x48A3273: ??? (in /usr/lib/x86_64-linux-gnu/libmysqlclient.so.21.2.42)
==268755==    by 0x489EF82: mysql_real_connect (in /usr/lib/x86_64-linux-gnu/libmysqlclient.so.21.2.42)
==268755== 
==268755== 56 bytes in 1 blocks are still reachable in loss record 1,298 of 2,004
==268755==    at 0x4849013: operator new(unsigned long) (in /usr/libexec/valgrind/vgpreload_memcheck-amd64-linux.so)
==268755==    by 0x48E4B91: ??? (in /usr/lib/x86_64-linux-gnu/libmysqlclient.so.21.2.42)
==268755==    by 0x48E4EDC: ??? (in /usr/lib/x86_64-linux-gnu/libmysqlclient.so.21.2.42)
==268755==    by 0x48E5188: ??? (in /usr/lib/x86_64-linux-gnu/libmysqlclient.so.21.2.42)
==268755==    by 0x49089E3: ??? (in /usr/lib/x86_64-linux-gnu/libmysqlclient.so.21.2.42)
==268755==    by 0x48E6082: ??? (in /usr/lib/x86_64-linux-gnu/libmysqlclient.so.21.2.42)
==268755==    by 0x522BEE7: __pthread_once_slow (pthread_once.c:116)
==268755==    by 0x4903155: ??? (in /usr/lib/x86_64-linux-gnu/libmysqlclient.so.21.2.42)
==268755==    by 0x489CBB8: ??? (in /usr/lib/x86_64-linux-gnu/libmysqlclient.so.21.2.42)
==268755==    by 0x489D1FA: ??? (in /usr/lib/x86_64-linux-gnu/libmysqlclient.so.21.2.42)
==268755==    by 0x48A3273: ??? (in /usr/lib/x86_64-linux-gnu/libmysqlclient.so.21.2.42)
==268755==    by 0x489EF82: mysql_real_connect (in /usr/lib/x86_64-linux-gnu/libmysqlclient.so.21.2.42)
==268755== 
==268755== 56 bytes in 1 blocks are still reachable in loss record 1,299 of 2,004
==268755==    at 0x4849013: operator new(unsigned long) (in /usr/libexec/valgrind/vgpreload_memcheck-amd64-linux.so)
==268755==    by 0x48E4B91: ??? (in /usr/lib/x86_64-linux-gnu/libmysqlclient.so.21.2.42)
==268755==    by 0x48E4EDC: ??? (in /usr/lib/x86_64-linux-gnu/libmysqlclient.so.21.2.42)
==268755==    by 0x4908A03: ??? (in /usr/lib/x86_64-linux-gnu/libmysqlclient.so.21.2.42)
==268755==    by 0x48E6082: ??? (in /usr/lib/x86_64-linux-gnu/libmysqlclient.so.21.2.42)
==268755==    by 0x522BEE7: __pthread_once_slow (pthread_once.c:116)
==268755==    by 0x4903155: ??? (in /usr/lib/x86_64-linux-gnu/libmysqlclient.so.21.2.42)
==268755==    by 0x489CBB8: ??? (in /usr/lib/x86_64-linux-gnu/libmysqlclient.so.21.2.42)
==268755==    by 0x489D1FA: ??? (in /usr/lib/x86_64-linux-gnu/libmysqlclient.so.21.2.42)
==268755==    by 0x48A3273: ??? (in /usr/lib/x86_64-linux-gnu/libmysqlclient.so.21.2.42)
==268755==    by 0x489EF82: mysql_real_connect (in /usr/lib/x86_64-linux-gnu/libmysqlclient.so.21.2.42)
==268755==    by 0x1EC2E1: cpp_dbc::MySQL::MySQLConnection::MySQLConnection(std::__cxx11::basic_string<char, std::char_traits<char>, std::allocator<char> > const&, int, std::__cxx11::basic_string<char, std::char_traits<char>, std::allocator<char> > const&, std::__cxx11::basic_string<char, std::char_traits<char>, std::allocator<char> > const&, std::__cxx11::basic_string<char, std::char_traits<char>, std::allocator<char> > const&) (driver_mysql.cpp:624)
==268755== 
==268755== 56 bytes in 1 blocks are still reachable in loss record 1,300 of 2,004
==268755==    at 0x4849013: operator new(unsigned long) (in /usr/libexec/valgrind/vgpreload_memcheck-amd64-linux.so)
==268755==    by 0x48E4B91: ??? (in /usr/lib/x86_64-linux-gnu/libmysqlclient.so.21.2.42)
==268755==    by 0x48E4EDC: ??? (in /usr/lib/x86_64-linux-gnu/libmysqlclient.so.21.2.42)
==268755==    by 0x4908A45: ??? (in /usr/lib/x86_64-linux-gnu/libmysqlclient.so.21.2.42)
==268755==    by 0x48E6082: ??? (in /usr/lib/x86_64-linux-gnu/libmysqlclient.so.21.2.42)
==268755==    by 0x522BEE7: __pthread_once_slow (pthread_once.c:116)
==268755==    by 0x4903155: ??? (in /usr/lib/x86_64-linux-gnu/libmysqlclient.so.21.2.42)
==268755==    by 0x489CBB8: ??? (in /usr/lib/x86_64-linux-gnu/libmysqlclient.so.21.2.42)
==268755==    by 0x489D1FA: ??? (in /usr/lib/x86_64-linux-gnu/libmysqlclient.so.21.2.42)
==268755==    by 0x48A3273: ??? (in /usr/lib/x86_64-linux-gnu/libmysqlclient.so.21.2.42)
==268755==    by 0x489EF82: mysql_real_connect (in /usr/lib/x86_64-linux-gnu/libmysqlclient.so.21.2.42)
==268755==    by 0x1EC2E1: cpp_dbc::MySQL::MySQLConnection::MySQLConnection(std::__cxx11::basic_string<char, std::char_traits<char>, std::allocator<char> > const&, int, std::__cxx11::basic_string<char, std::char_traits<char>, std::allocator<char> > const&, std::__cxx11::basic_string<char, std::char_traits<char>, std::allocator<char> > const&, std::__cxx11::basic_string<char, std::char_traits<char>, std::allocator<char> > const&) (driver_mysql.cpp:624)
==268755== 
==268755== 56 bytes in 1 blocks are still reachable in loss record 1,301 of 2,004
==268755==    at 0x4849013: operator new(unsigned long) (in /usr/libexec/valgrind/vgpreload_memcheck-amd64-linux.so)
==268755==    by 0x48E4B91: ??? (in /usr/lib/x86_64-linux-gnu/libmysqlclient.so.21.2.42)
==268755==    by 0x48E4EDC: ??? (in /usr/lib/x86_64-linux-gnu/libmysqlclient.so.21.2.42)
==268755==    by 0x4908A87: ??? (in /usr/lib/x86_64-linux-gnu/libmysqlclient.so.21.2.42)
==268755==    by 0x48E6082: ??? (in /usr/lib/x86_64-linux-gnu/libmysqlclient.so.21.2.42)
==268755==    by 0x522BEE7: __pthread_once_slow (pthread_once.c:116)
==268755==    by 0x4903155: ??? (in /usr/lib/x86_64-linux-gnu/libmysqlclient.so.21.2.42)
==268755==    by 0x489CBB8: ??? (in /usr/lib/x86_64-linux-gnu/libmysqlclient.so.21.2.42)
==268755==    by 0x489D1FA: ??? (in /usr/lib/x86_64-linux-gnu/libmysqlclient.so.21.2.42)
==268755==    by 0x48A3273: ??? (in /usr/lib/x86_64-linux-gnu/libmysqlclient.so.21.2.42)
==268755==    by 0x489EF82: mysql_real_connect (in /usr/lib/x86_64-linux-gnu/libmysqlclient.so.21.2.42)
==268755==    by 0x1EC2E1: cpp_dbc::MySQL::MySQLConnection::MySQLConnection(std::__cxx11::basic_string<char, std::char_traits<char>, std::allocator<char> > const&, int, std::__cxx11::basic_string<char, std::char_traits<char>, std::allocator<char> > const&, std::__cxx11::basic_string<char, std::char_traits<char>, std::allocator<char> > const&, std::__cxx11::basic_string<char, std::char_traits<char>, std::allocator<char> > const&) (driver_mysql.cpp:624)
==268755== 
==268755== 56 bytes in 1 blocks are still reachable in loss record 1,302 of 2,004
==268755==    at 0x4849013: operator new(unsigned long) (in /usr/libexec/valgrind/vgpreload_memcheck-amd64-linux.so)
==268755==    by 0x48E4B91: ??? (in /usr/lib/x86_64-linux-gnu/libmysqlclient.so.21.2.42)
==268755==    by 0x48E4EDC: ??? (in /usr/lib/x86_64-linux-gnu/libmysqlclient.so.21.2.42)
==268755==    by 0x4908AC9: ??? (in /usr/lib/x86_64-linux-gnu/libmysqlclient.so.21.2.42)
==268755==    by 0x48E6082: ??? (in /usr/lib/x86_64-linux-gnu/libmysqlclient.so.21.2.42)
==268755==    by 0x522BEE7: __pthread_once_slow (pthread_once.c:116)
==268755==    by 0x4903155: ??? (in /usr/lib/x86_64-linux-gnu/libmysqlclient.so.21.2.42)
==268755==    by 0x489CBB8: ??? (in /usr/lib/x86_64-linux-gnu/libmysqlclient.so.21.2.42)
==268755==    by 0x489D1FA: ??? (in /usr/lib/x86_64-linux-gnu/libmysqlclient.so.21.2.42)
==268755==    by 0x48A3273: ??? (in /usr/lib/x86_64-linux-gnu/libmysqlclient.so.21.2.42)
==268755==    by 0x489EF82: mysql_real_connect (in /usr/lib/x86_64-linux-gnu/libmysqlclient.so.21.2.42)
==268755==    by 0x1EC2E1: cpp_dbc::MySQL::MySQLConnection::MySQLConnection(std::__cxx11::basic_string<char, std::char_traits<char>, std::allocator<char> > const&, int, std::__cxx11::basic_string<char, std::char_traits<char>, std::allocator<char> > const&, std::__cxx11::basic_string<char, std::char_traits<char>, std::allocator<char> > const&, std::__cxx11::basic_string<char, std::char_traits<char>, std::allocator<char> > const&) (driver_mysql.cpp:624)
==268755== 
==268755== 56 bytes in 1 blocks are still reachable in loss record 1,303 of 2,004
==268755==    at 0x4849013: operator new(unsigned long) (in /usr/libexec/valgrind/vgpreload_memcheck-amd64-linux.so)
==268755==    by 0x48E4B91: ??? (in /usr/lib/x86_64-linux-gnu/libmysqlclient.so.21.2.42)
==268755==    by 0x48E4EDC: ??? (in /usr/lib/x86_64-linux-gnu/libmysqlclient.so.21.2.42)
==268755==    by 0x4908B0B: ??? (in /usr/lib/x86_64-linux-gnu/libmysqlclient.so.21.2.42)
==268755==    by 0x48E6082: ??? (in /usr/lib/x86_64-linux-gnu/libmysqlclient.so.21.2.42)
==268755==    by 0x522BEE7: __pthread_once_slow (pthread_once.c:116)
==268755==    by 0x4903155: ??? (in /usr/lib/x86_64-linux-gnu/libmysqlclient.so.21.2.42)
==268755==    by 0x489CBB8: ??? (in /usr/lib/x86_64-linux-gnu/libmysqlclient.so.21.2.42)
==268755==    by 0x489D1FA: ??? (in /usr/lib/x86_64-linux-gnu/libmysqlclient.so.21.2.42)
==268755==    by 0x48A3273: ??? (in /usr/lib/x86_64-linux-gnu/libmysqlclient.so.21.2.42)
==268755==    by 0x489EF82: mysql_real_connect (in /usr/lib/x86_64-linux-gnu/libmysqlclient.so.21.2.42)
==268755==    by 0x1EC2E1: cpp_dbc::MySQL::MySQLConnection::MySQLConnection(std::__cxx11::basic_string<char, std::char_traits<char>, std::allocator<char> > const&, int, std::__cxx11::basic_string<char, std::char_traits<char>, std::allocator<char> > const&, std::__cxx11::basic_string<char, std::char_traits<char>, std::allocator<char> > const&, std::__cxx11::basic_string<char, std::char_traits<char>, std::allocator<char> > const&) (driver_mysql.cpp:624)
==268755== 
==268755== 56 bytes in 1 blocks are still reachable in loss record 1,304 of 2,004
==268755==    at 0x4849013: operator new(unsigned long) (in /usr/libexec/valgrind/vgpreload_memcheck-amd64-linux.so)
==268755==    by 0x48E4B91: ??? (in /usr/lib/x86_64-linux-gnu/libmysqlclient.so.21.2.42)
==268755==    by 0x48E4EDC: ??? (in /usr/lib/x86_64-linux-gnu/libmysqlclient.so.21.2.42)
==268755==    by 0x4908B4D: ??? (in /usr/lib/x86_64-linux-gnu/libmysqlclient.so.21.2.42)
==268755==    by 0x48E6082: ??? (in /usr/lib/x86_64-linux-gnu/libmysqlclient.so.21.2.42)
==268755==    by 0x522BEE7: __pthread_once_slow (pthread_once.c:116)
==268755==    by 0x4903155: ??? (in /usr/lib/x86_64-linux-gnu/libmysqlclient.so.21.2.42)
==268755==    by 0x489CBB8: ??? (in /usr/lib/x86_64-linux-gnu/libmysqlclient.so.21.2.42)
==268755==    by 0x489D1FA: ??? (in /usr/lib/x86_64-linux-gnu/libmysqlclient.so.21.2.42)
==268755==    by 0x48A3273: ??? (in /usr/lib/x86_64-linux-gnu/libmysqlclient.so.21.2.42)
==268755==    by 0x489EF82: mysql_real_connect (in /usr/lib/x86_64-linux-gnu/libmysqlclient.so.21.2.42)
==268755==    by 0x1EC2E1: cpp_dbc::MySQL::MySQLConnection::MySQLConnection(std::__cxx11::basic_string<char, std::char_traits<char>, std::allocator<char> > const&, int, std::__cxx11::basic_string<char, std::char_traits<char>, std::allocator<char> > const&, std::__cxx11::basic_string<char, std::char_traits<char>, std::allocator<char> > const&, std::__cxx11::basic_string<char, std::char_traits<char>, std::allocator<char> > const&) (driver_mysql.cpp:624)
==268755== 
==268755== 56 bytes in 1 blocks are still reachable in loss record 1,305 of 2,004
==268755==    at 0x4849013: operator new(unsigned long) (in /usr/libexec/valgrind/vgpreload_memcheck-amd64-linux.so)
==268755==    by 0x48E4B91: ??? (in /usr/lib/x86_64-linux-gnu/libmysqlclient.so.21.2.42)
==268755==    by 0x48E4EDC: ??? (in /usr/lib/x86_64-linux-gnu/libmysqlclient.so.21.2.42)
==268755==    by 0x48E5188: ??? (in /usr/lib/x86_64-linux-gnu/libmysqlclient.so.21.2.42)
==268755==    by 0x4908B7B: ??? (in /usr/lib/x86_64-linux-gnu/libmysqlclient.so.21.2.42)
==268755==    by 0x48E6082: ??? (in /usr/lib/x86_64-linux-gnu/libmysqlclient.so.21.2.42)
==268755==    by 0x522BEE7: __pthread_once_slow (pthread_once.c:116)
==268755==    by 0x4903155: ??? (in /usr/lib/x86_64-linux-gnu/libmysqlclient.so.21.2.42)
==268755==    by 0x489CBB8: ??? (in /usr/lib/x86_64-linux-gnu/libmysqlclient.so.21.2.42)
==268755==    by 0x489D1FA: ??? (in /usr/lib/x86_64-linux-gnu/libmysqlclient.so.21.2.42)
==268755==    by 0x48A3273: ??? (in /usr/lib/x86_64-linux-gnu/libmysqlclient.so.21.2.42)
==268755==    by 0x489EF82: mysql_real_connect (in /usr/lib/x86_64-linux-gnu/libmysqlclient.so.21.2.42)
==268755== 
==268755== 56 bytes in 1 blocks are still reachable in loss record 1,306 of 2,004
==268755==    at 0x4849013: operator new(unsigned long) (in /usr/libexec/valgrind/vgpreload_memcheck-amd64-linux.so)
==268755==    by 0x48E4B91: ??? (in /usr/lib/x86_64-linux-gnu/libmysqlclient.so.21.2.42)
==268755==    by 0x48E4EDC: ??? (in /usr/lib/x86_64-linux-gnu/libmysqlclient.so.21.2.42)
==268755==    by 0x4908B9B: ??? (in /usr/lib/x86_64-linux-gnu/libmysqlclient.so.21.2.42)
==268755==    by 0x48E6082: ??? (in /usr/lib/x86_64-linux-gnu/libmysqlclient.so.21.2.42)
==268755==    by 0x522BEE7: __pthread_once_slow (pthread_once.c:116)
==268755==    by 0x4903155: ??? (in /usr/lib/x86_64-linux-gnu/libmysqlclient.so.21.2.42)
==268755==    by 0x489CBB8: ??? (in /usr/lib/x86_64-linux-gnu/libmysqlclient.so.21.2.42)
==268755==    by 0x489D1FA: ??? (in /usr/lib/x86_64-linux-gnu/libmysqlclient.so.21.2.42)
==268755==    by 0x48A3273: ??? (in /usr/lib/x86_64-linux-gnu/libmysqlclient.so.21.2.42)
==268755==    by 0x489EF82: mysql_real_connect (in /usr/lib/x86_64-linux-gnu/libmysqlclient.so.21.2.42)
==268755==    by 0x1EC2E1: cpp_dbc::MySQL::MySQLConnection::MySQLConnection(std::__cxx11::basic_string<char, std::char_traits<char>, std::allocator<char> > const&, int, std::__cxx11::basic_string<char, std::char_traits<char>, std::allocator<char> > const&, std::__cxx11::basic_string<char, std::char_traits<char>, std::allocator<char> > const&, std::__cxx11::basic_string<char, std::char_traits<char>, std::allocator<char> > const&) (driver_mysql.cpp:624)
==268755== 
==268755== 56 bytes in 1 blocks are still reachable in loss record 1,307 of 2,004
==268755==    at 0x4849013: operator new(unsigned long) (in /usr/libexec/valgrind/vgpreload_memcheck-amd64-linux.so)
==268755==    by 0x48E4B91: ??? (in /usr/lib/x86_64-linux-gnu/libmysqlclient.so.21.2.42)
==268755==    by 0x48E4EDC: ??? (in /usr/lib/x86_64-linux-gnu/libmysqlclient.so.21.2.42)
==268755==    by 0x4908BDD: ??? (in /usr/lib/x86_64-linux-gnu/libmysqlclient.so.21.2.42)
==268755==    by 0x48E6082: ??? (in /usr/lib/x86_64-linux-gnu/libmysqlclient.so.21.2.42)
==268755==    by 0x522BEE7: __pthread_once_slow (pthread_once.c:116)
==268755==    by 0x4903155: ??? (in /usr/lib/x86_64-linux-gnu/libmysqlclient.so.21.2.42)
==268755==    by 0x489CBB8: ??? (in /usr/lib/x86_64-linux-gnu/libmysqlclient.so.21.2.42)
==268755==    by 0x489D1FA: ??? (in /usr/lib/x86_64-linux-gnu/libmysqlclient.so.21.2.42)
==268755==    by 0x48A3273: ??? (in /usr/lib/x86_64-linux-gnu/libmysqlclient.so.21.2.42)
==268755==    by 0x489EF82: mysql_real_connect (in /usr/lib/x86_64-linux-gnu/libmysqlclient.so.21.2.42)
==268755==    by 0x1EC2E1: cpp_dbc::MySQL::MySQLConnection::MySQLConnection(std::__cxx11::basic_string<char, std::char_traits<char>, std::allocator<char> > const&, int, std::__cxx11::basic_string<char, std::char_traits<char>, std::allocator<char> > const&, std::__cxx11::basic_string<char, std::char_traits<char>, std::allocator<char> > const&, std::__cxx11::basic_string<char, std::char_traits<char>, std::allocator<char> > const&) (driver_mysql.cpp:624)
==268755== 
==268755== 56 bytes in 1 blocks are still reachable in loss record 1,308 of 2,004
==268755==    at 0x4849013: operator new(unsigned long) (in /usr/libexec/valgrind/vgpreload_memcheck-amd64-linux.so)
==268755==    by 0x48E4B91: ??? (in /usr/lib/x86_64-linux-gnu/libmysqlclient.so.21.2.42)
==268755==    by 0x48E4EDC: ??? (in /usr/lib/x86_64-linux-gnu/libmysqlclient.so.21.2.42)
==268755==    by 0x4908C1F: ??? (in /usr/lib/x86_64-linux-gnu/libmysqlclient.so.21.2.42)
==268755==    by 0x48E6082: ??? (in /usr/lib/x86_64-linux-gnu/libmysqlclient.so.21.2.42)
==268755==    by 0x522BEE7: __pthread_once_slow (pthread_once.c:116)
==268755==    by 0x4903155: ??? (in /usr/lib/x86_64-linux-gnu/libmysqlclient.so.21.2.42)
==268755==    by 0x489CBB8: ??? (in /usr/lib/x86_64-linux-gnu/libmysqlclient.so.21.2.42)
==268755==    by 0x489D1FA: ??? (in /usr/lib/x86_64-linux-gnu/libmysqlclient.so.21.2.42)
==268755==    by 0x48A3273: ??? (in /usr/lib/x86_64-linux-gnu/libmysqlclient.so.21.2.42)
==268755==    by 0x489EF82: mysql_real_connect (in /usr/lib/x86_64-linux-gnu/libmysqlclient.so.21.2.42)
==268755==    by 0x1EC2E1: cpp_dbc::MySQL::MySQLConnection::MySQLConnection(std::__cxx11::basic_string<char, std::char_traits<char>, std::allocator<char> > const&, int, std::__cxx11::basic_string<char, std::char_traits<char>, std::allocator<char> > const&, std::__cxx11::basic_string<char, std::char_traits<char>, std::allocator<char> > const&, std::__cxx11::basic_string<char, std::char_traits<char>, std::allocator<char> > const&) (driver_mysql.cpp:624)
==268755== 
==268755== 56 bytes in 1 blocks are still reachable in loss record 1,309 of 2,004
==268755==    at 0x4849013: operator new(unsigned long) (in /usr/libexec/valgrind/vgpreload_memcheck-amd64-linux.so)
==268755==    by 0x48E4B91: ??? (in /usr/lib/x86_64-linux-gnu/libmysqlclient.so.21.2.42)
==268755==    by 0x48E4EDC: ??? (in /usr/lib/x86_64-linux-gnu/libmysqlclient.so.21.2.42)
==268755==    by 0x48E5188: ??? (in /usr/lib/x86_64-linux-gnu/libmysqlclient.so.21.2.42)
==268755==    by 0x4908C4D: ??? (in /usr/lib/x86_64-linux-gnu/libmysqlclient.so.21.2.42)
==268755==    by 0x48E6082: ??? (in /usr/lib/x86_64-linux-gnu/libmysqlclient.so.21.2.42)
==268755==    by 0x522BEE7: __pthread_once_slow (pthread_once.c:116)
==268755==    by 0x4903155: ??? (in /usr/lib/x86_64-linux-gnu/libmysqlclient.so.21.2.42)
==268755==    by 0x489CBB8: ??? (in /usr/lib/x86_64-linux-gnu/libmysqlclient.so.21.2.42)
==268755==    by 0x489D1FA: ??? (in /usr/lib/x86_64-linux-gnu/libmysqlclient.so.21.2.42)
==268755==    by 0x48A3273: ??? (in /usr/lib/x86_64-linux-gnu/libmysqlclient.so.21.2.42)
==268755==    by 0x489EF82: mysql_real_connect (in /usr/lib/x86_64-linux-gnu/libmysqlclient.so.21.2.42)
==268755== 
==268755== 56 bytes in 1 blocks are still reachable in loss record 1,310 of 2,004
==268755==    at 0x4849013: operator new(unsigned long) (in /usr/libexec/valgrind/vgpreload_memcheck-amd64-linux.so)
==268755==    by 0x48E4B91: ??? (in /usr/lib/x86_64-linux-gnu/libmysqlclient.so.21.2.42)
==268755==    by 0x48E4EDC: ??? (in /usr/lib/x86_64-linux-gnu/libmysqlclient.so.21.2.42)
==268755==    by 0x48E5188: ??? (in /usr/lib/x86_64-linux-gnu/libmysqlclient.so.21.2.42)
==268755==    by 0x4908C59: ??? (in /usr/lib/x86_64-linux-gnu/libmysqlclient.so.21.2.42)
==268755==    by 0x48E6082: ??? (in /usr/lib/x86_64-linux-gnu/libmysqlclient.so.21.2.42)
==268755==    by 0x522BEE7: __pthread_once_slow (pthread_once.c:116)
==268755==    by 0x4903155: ??? (in /usr/lib/x86_64-linux-gnu/libmysqlclient.so.21.2.42)
==268755==    by 0x489CBB8: ??? (in /usr/lib/x86_64-linux-gnu/libmysqlclient.so.21.2.42)
==268755==    by 0x489D1FA: ??? (in /usr/lib/x86_64-linux-gnu/libmysqlclient.so.21.2.42)
==268755==    by 0x48A3273: ??? (in /usr/lib/x86_64-linux-gnu/libmysqlclient.so.21.2.42)
==268755==    by 0x489EF82: mysql_real_connect (in /usr/lib/x86_64-linux-gnu/libmysqlclient.so.21.2.42)
==268755== 
==268755== 56 bytes in 1 blocks are still reachable in loss record 1,311 of 2,004
==268755==    at 0x4849013: operator new(unsigned long) (in /usr/libexec/valgrind/vgpreload_memcheck-amd64-linux.so)
==268755==    by 0x48E4B91: ??? (in /usr/lib/x86_64-linux-gnu/libmysqlclient.so.21.2.42)
==268755==    by 0x48E4EDC: ??? (in /usr/lib/x86_64-linux-gnu/libmysqlclient.so.21.2.42)
==268755==    by 0x4908C79: ??? (in /usr/lib/x86_64-linux-gnu/libmysqlclient.so.21.2.42)
==268755==    by 0x48E6082: ??? (in /usr/lib/x86_64-linux-gnu/libmysqlclient.so.21.2.42)
==268755==    by 0x522BEE7: __pthread_once_slow (pthread_once.c:116)
==268755==    by 0x4903155: ??? (in /usr/lib/x86_64-linux-gnu/libmysqlclient.so.21.2.42)
==268755==    by 0x489CBB8: ??? (in /usr/lib/x86_64-linux-gnu/libmysqlclient.so.21.2.42)
==268755==    by 0x489D1FA: ??? (in /usr/lib/x86_64-linux-gnu/libmysqlclient.so.21.2.42)
==268755==    by 0x48A3273: ??? (in /usr/lib/x86_64-linux-gnu/libmysqlclient.so.21.2.42)
==268755==    by 0x489EF82: mysql_real_connect (in /usr/lib/x86_64-linux-gnu/libmysqlclient.so.21.2.42)
==268755==    by 0x1EC2E1: cpp_dbc::MySQL::MySQLConnection::MySQLConnection(std::__cxx11::basic_string<char, std::char_traits<char>, std::allocator<char> > const&, int, std::__cxx11::basic_string<char, std::char_traits<char>, std::allocator<char> > const&, std::__cxx11::basic_string<char, std::char_traits<char>, std::allocator<char> > const&, std::__cxx11::basic_string<char, std::char_traits<char>, std::allocator<char> > const&) (driver_mysql.cpp:624)
==268755== 
==268755== 56 bytes in 1 blocks are still reachable in loss record 1,312 of 2,004
==268755==    at 0x4849013: operator new(unsigned long) (in /usr/libexec/valgrind/vgpreload_memcheck-amd64-linux.so)
==268755==    by 0x48E4B91: ??? (in /usr/lib/x86_64-linux-gnu/libmysqlclient.so.21.2.42)
==268755==    by 0x48E4EDC: ??? (in /usr/lib/x86_64-linux-gnu/libmysqlclient.so.21.2.42)
==268755==    by 0x4908CBB: ??? (in /usr/lib/x86_64-linux-gnu/libmysqlclient.so.21.2.42)
==268755==    by 0x48E6082: ??? (in /usr/lib/x86_64-linux-gnu/libmysqlclient.so.21.2.42)
==268755==    by 0x522BEE7: __pthread_once_slow (pthread_once.c:116)
==268755==    by 0x4903155: ??? (in /usr/lib/x86_64-linux-gnu/libmysqlclient.so.21.2.42)
==268755==    by 0x489CBB8: ??? (in /usr/lib/x86_64-linux-gnu/libmysqlclient.so.21.2.42)
==268755==    by 0x489D1FA: ??? (in /usr/lib/x86_64-linux-gnu/libmysqlclient.so.21.2.42)
==268755==    by 0x48A3273: ??? (in /usr/lib/x86_64-linux-gnu/libmysqlclient.so.21.2.42)
==268755==    by 0x489EF82: mysql_real_connect (in /usr/lib/x86_64-linux-gnu/libmysqlclient.so.21.2.42)
==268755==    by 0x1EC2E1: cpp_dbc::MySQL::MySQLConnection::MySQLConnection(std::__cxx11::basic_string<char, std::char_traits<char>, std::allocator<char> > const&, int, std::__cxx11::basic_string<char, std::char_traits<char>, std::allocator<char> > const&, std::__cxx11::basic_string<char, std::char_traits<char>, std::allocator<char> > const&, std::__cxx11::basic_string<char, std::char_traits<char>, std::allocator<char> > const&) (driver_mysql.cpp:624)
==268755== 
==268755== 56 bytes in 1 blocks are still reachable in loss record 1,313 of 2,004
==268755==    at 0x4849013: operator new(unsigned long) (in /usr/libexec/valgrind/vgpreload_memcheck-amd64-linux.so)
==268755==    by 0x48E4B91: ??? (in /usr/lib/x86_64-linux-gnu/libmysqlclient.so.21.2.42)
==268755==    by 0x48E4EDC: ??? (in /usr/lib/x86_64-linux-gnu/libmysqlclient.so.21.2.42)
==268755==    by 0x4908CFD: ??? (in /usr/lib/x86_64-linux-gnu/libmysqlclient.so.21.2.42)
==268755==    by 0x48E6082: ??? (in /usr/lib/x86_64-linux-gnu/libmysqlclient.so.21.2.42)
==268755==    by 0x522BEE7: __pthread_once_slow (pthread_once.c:116)
==268755==    by 0x4903155: ??? (in /usr/lib/x86_64-linux-gnu/libmysqlclient.so.21.2.42)
==268755==    by 0x489CBB8: ??? (in /usr/lib/x86_64-linux-gnu/libmysqlclient.so.21.2.42)
==268755==    by 0x489D1FA: ??? (in /usr/lib/x86_64-linux-gnu/libmysqlclient.so.21.2.42)
==268755==    by 0x48A3273: ??? (in /usr/lib/x86_64-linux-gnu/libmysqlclient.so.21.2.42)
==268755==    by 0x489EF82: mysql_real_connect (in /usr/lib/x86_64-linux-gnu/libmysqlclient.so.21.2.42)
==268755==    by 0x1EC2E1: cpp_dbc::MySQL::MySQLConnection::MySQLConnection(std::__cxx11::basic_string<char, std::char_traits<char>, std::allocator<char> > const&, int, std::__cxx11::basic_string<char, std::char_traits<char>, std::allocator<char> > const&, std::__cxx11::basic_string<char, std::char_traits<char>, std::allocator<char> > const&, std::__cxx11::basic_string<char, std::char_traits<char>, std::allocator<char> > const&) (driver_mysql.cpp:624)
==268755== 
==268755== 56 bytes in 1 blocks are still reachable in loss record 1,314 of 2,004
==268755==    at 0x4849013: operator new(unsigned long) (in /usr/libexec/valgrind/vgpreload_memcheck-amd64-linux.so)
==268755==    by 0x48E4B91: ??? (in /usr/lib/x86_64-linux-gnu/libmysqlclient.so.21.2.42)
==268755==    by 0x48E4EDC: ??? (in /usr/lib/x86_64-linux-gnu/libmysqlclient.so.21.2.42)
==268755==    by 0x4908D3F: ??? (in /usr/lib/x86_64-linux-gnu/libmysqlclient.so.21.2.42)
==268755==    by 0x48E6082: ??? (in /usr/lib/x86_64-linux-gnu/libmysqlclient.so.21.2.42)
==268755==    by 0x522BEE7: __pthread_once_slow (pthread_once.c:116)
==268755==    by 0x4903155: ??? (in /usr/lib/x86_64-linux-gnu/libmysqlclient.so.21.2.42)
==268755==    by 0x489CBB8: ??? (in /usr/lib/x86_64-linux-gnu/libmysqlclient.so.21.2.42)
==268755==    by 0x489D1FA: ??? (in /usr/lib/x86_64-linux-gnu/libmysqlclient.so.21.2.42)
==268755==    by 0x48A3273: ??? (in /usr/lib/x86_64-linux-gnu/libmysqlclient.so.21.2.42)
==268755==    by 0x489EF82: mysql_real_connect (in /usr/lib/x86_64-linux-gnu/libmysqlclient.so.21.2.42)
==268755==    by 0x1EC2E1: cpp_dbc::MySQL::MySQLConnection::MySQLConnection(std::__cxx11::basic_string<char, std::char_traits<char>, std::allocator<char> > const&, int, std::__cxx11::basic_string<char, std::char_traits<char>, std::allocator<char> > const&, std::__cxx11::basic_string<char, std::char_traits<char>, std::allocator<char> > const&, std::__cxx11::basic_string<char, std::char_traits<char>, std::allocator<char> > const&) (driver_mysql.cpp:624)
==268755== 
==268755== 56 bytes in 1 blocks are still reachable in loss record 1,315 of 2,004
==268755==    at 0x4849013: operator new(unsigned long) (in /usr/libexec/valgrind/vgpreload_memcheck-amd64-linux.so)
==268755==    by 0x48E4B91: ??? (in /usr/lib/x86_64-linux-gnu/libmysqlclient.so.21.2.42)
==268755==    by 0x48E4EDC: ??? (in /usr/lib/x86_64-linux-gnu/libmysqlclient.so.21.2.42)
==268755==    by 0x4908D81: ??? (in /usr/lib/x86_64-linux-gnu/libmysqlclient.so.21.2.42)
==268755==    by 0x48E6082: ??? (in /usr/lib/x86_64-linux-gnu/libmysqlclient.so.21.2.42)
==268755==    by 0x522BEE7: __pthread_once_slow (pthread_once.c:116)
==268755==    by 0x4903155: ??? (in /usr/lib/x86_64-linux-gnu/libmysqlclient.so.21.2.42)
==268755==    by 0x489CBB8: ??? (in /usr/lib/x86_64-linux-gnu/libmysqlclient.so.21.2.42)
==268755==    by 0x489D1FA: ??? (in /usr/lib/x86_64-linux-gnu/libmysqlclient.so.21.2.42)
==268755==    by 0x48A3273: ??? (in /usr/lib/x86_64-linux-gnu/libmysqlclient.so.21.2.42)
==268755==    by 0x489EF82: mysql_real_connect (in /usr/lib/x86_64-linux-gnu/libmysqlclient.so.21.2.42)
==268755==    by 0x1EC2E1: cpp_dbc::MySQL::MySQLConnection::MySQLConnection(std::__cxx11::basic_string<char, std::char_traits<char>, std::allocator<char> > const&, int, std::__cxx11::basic_string<char, std::char_traits<char>, std::allocator<char> > const&, std::__cxx11::basic_string<char, std::char_traits<char>, std::allocator<char> > const&, std::__cxx11::basic_string<char, std::char_traits<char>, std::allocator<char> > const&) (driver_mysql.cpp:624)
==268755== 
==268755== 56 bytes in 1 blocks are still reachable in loss record 1,316 of 2,004
==268755==    at 0x4848899: malloc (in /usr/libexec/valgrind/vgpreload_memcheck-amd64-linux.so)
==268755==    by 0x561679D: CRYPTO_zalloc (in /usr/lib/x86_64-linux-gnu/libcrypto.so.3)
==268755==    by 0x5621B23: CRYPTO_THREAD_lock_new (in /usr/lib/x86_64-linux-gnu/libcrypto.so.3)
==268755==    by 0x56462DA: ??? (in /usr/lib/x86_64-linux-gnu/libcrypto.so.3)
==268755==    by 0x5614C2D: ??? (in /usr/lib/x86_64-linux-gnu/libcrypto.so.3)
==268755==    by 0x561A924: ??? (in /usr/lib/x86_64-linux-gnu/libcrypto.so.3)
==268755==    by 0x5614FB8: ??? (in /usr/lib/x86_64-linux-gnu/libcrypto.so.3)
==268755==    by 0x56F4A60: ??? (in /usr/lib/x86_64-linux-gnu/libcrypto.so.3)
==268755==    by 0x55EC302: EVP_CIPHER_fetch (in /usr/lib/x86_64-linux-gnu/libcrypto.so.3)
==268755==    by 0x53F137A: ??? (in /usr/lib/x86_64-linux-gnu/libssl.so.3)
==268755==    by 0x53F5161: SSL_CTX_new_ex (in /usr/lib/x86_64-linux-gnu/libssl.so.3)
==268755==    by 0x48F8280: ??? (in /usr/lib/x86_64-linux-gnu/libmysqlclient.so.21.2.42)
==268755== 
==268755== 56 bytes in 1 blocks are still reachable in loss record 1,317 of 2,004
==268755==    at 0x4848899: malloc (in /usr/libexec/valgrind/vgpreload_memcheck-amd64-linux.so)
==268755==    by 0x561679D: CRYPTO_zalloc (in /usr/lib/x86_64-linux-gnu/libcrypto.so.3)
==268755==    by 0x5621B23: CRYPTO_THREAD_lock_new (in /usr/lib/x86_64-linux-gnu/libcrypto.so.3)
==268755==    by 0x5615A48: ??? (in /usr/lib/x86_64-linux-gnu/libcrypto.so.3)
==268755==    by 0x5614C2D: ??? (in /usr/lib/x86_64-linux-gnu/libcrypto.so.3)
==268755==    by 0x561A924: ??? (in /usr/lib/x86_64-linux-gnu/libcrypto.so.3)
==268755==    by 0x5614FB8: ??? (in /usr/lib/x86_64-linux-gnu/libcrypto.so.3)
==268755==    by 0x5615AF2: ??? (in /usr/lib/x86_64-linux-gnu/libcrypto.so.3)
==268755==    by 0x56F4A6B: ??? (in /usr/lib/x86_64-linux-gnu/libcrypto.so.3)
==268755==    by 0x55EC302: EVP_CIPHER_fetch (in /usr/lib/x86_64-linux-gnu/libcrypto.so.3)
==268755==    by 0x53F137A: ??? (in /usr/lib/x86_64-linux-gnu/libssl.so.3)
==268755==    by 0x53F5161: SSL_CTX_new_ex (in /usr/lib/x86_64-linux-gnu/libssl.so.3)
==268755== 
==268755== 56 bytes in 1 blocks are still reachable in loss record 1,318 of 2,004
==268755==    at 0x4848899: malloc (in /usr/libexec/valgrind/vgpreload_memcheck-amd64-linux.so)
==268755==    by 0x561679D: CRYPTO_zalloc (in /usr/lib/x86_64-linux-gnu/libcrypto.so.3)
==268755==    by 0x5621B23: CRYPTO_THREAD_lock_new (in /usr/lib/x86_64-linux-gnu/libcrypto.so.3)
==268755==    by 0x5628BC6: ??? (in /usr/lib/x86_64-linux-gnu/libcrypto.so.3)
==268755==    by 0x5614C2D: ??? (in /usr/lib/x86_64-linux-gnu/libcrypto.so.3)
==268755==    by 0x561A924: ??? (in /usr/lib/x86_64-linux-gnu/libcrypto.so.3)
==268755==    by 0x5614FB8: ??? (in /usr/lib/x86_64-linux-gnu/libcrypto.so.3)
==268755==    by 0x562AB4C: ??? (in /usr/lib/x86_64-linux-gnu/libcrypto.so.3)
==268755==    by 0x56F44E7: ??? (in /usr/lib/x86_64-linux-gnu/libcrypto.so.3)
==268755==    by 0x56F4B3D: ??? (in /usr/lib/x86_64-linux-gnu/libcrypto.so.3)
==268755==    by 0x55EC302: EVP_CIPHER_fetch (in /usr/lib/x86_64-linux-gnu/libcrypto.so.3)
==268755==    by 0x53F137A: ??? (in /usr/lib/x86_64-linux-gnu/libssl.so.3)
==268755== 
==268755== 56 bytes in 1 blocks are still reachable in loss record 1,319 of 2,004
==268755==    at 0x4848899: malloc (in /usr/libexec/valgrind/vgpreload_memcheck-amd64-linux.so)
==268755==    by 0x561679D: CRYPTO_zalloc (in /usr/lib/x86_64-linux-gnu/libcrypto.so.3)
==268755==    by 0x5621B23: CRYPTO_THREAD_lock_new (in /usr/lib/x86_64-linux-gnu/libcrypto.so.3)
==268755==    by 0x5628BE4: ??? (in /usr/lib/x86_64-linux-gnu/libcrypto.so.3)
==268755==    by 0x5614C2D: ??? (in /usr/lib/x86_64-linux-gnu/libcrypto.so.3)
==268755==    by 0x561A924: ??? (in /usr/lib/x86_64-linux-gnu/libcrypto.so.3)
==268755==    by 0x5614FB8: ??? (in /usr/lib/x86_64-linux-gnu/libcrypto.so.3)
==268755==    by 0x562AB4C: ??? (in /usr/lib/x86_64-linux-gnu/libcrypto.so.3)
==268755==    by 0x56F44E7: ??? (in /usr/lib/x86_64-linux-gnu/libcrypto.so.3)
==268755==    by 0x56F4B3D: ??? (in /usr/lib/x86_64-linux-gnu/libcrypto.so.3)
==268755==    by 0x55EC302: EVP_CIPHER_fetch (in /usr/lib/x86_64-linux-gnu/libcrypto.so.3)
==268755==    by 0x53F137A: ??? (in /usr/lib/x86_64-linux-gnu/libssl.so.3)
==268755== 
==268755== 56 bytes in 1 blocks are still reachable in loss record 1,320 of 2,004
==268755==    at 0x4848899: malloc (in /usr/libexec/valgrind/vgpreload_memcheck-amd64-linux.so)
==268755==    by 0x561679D: CRYPTO_zalloc (in /usr/lib/x86_64-linux-gnu/libcrypto.so.3)
==268755==    by 0x5621B23: CRYPTO_THREAD_lock_new (in /usr/lib/x86_64-linux-gnu/libcrypto.so.3)
==268755==    by 0x562984E: ??? (in /usr/lib/x86_64-linux-gnu/libcrypto.so.3)
==268755==    by 0x562AA88: ??? (in /usr/lib/x86_64-linux-gnu/libcrypto.so.3)
==268755==    by 0x562AB70: ??? (in /usr/lib/x86_64-linux-gnu/libcrypto.so.3)
==268755==    by 0x56F44E7: ??? (in /usr/lib/x86_64-linux-gnu/libcrypto.so.3)
==268755==    by 0x56F4B3D: ??? (in /usr/lib/x86_64-linux-gnu/libcrypto.so.3)
==268755==    by 0x55EC302: EVP_CIPHER_fetch (in /usr/lib/x86_64-linux-gnu/libcrypto.so.3)
==268755==    by 0x53F137A: ??? (in /usr/lib/x86_64-linux-gnu/libssl.so.3)
==268755==    by 0x53F5161: SSL_CTX_new_ex (in /usr/lib/x86_64-linux-gnu/libssl.so.3)
==268755==    by 0x48F8280: ??? (in /usr/lib/x86_64-linux-gnu/libmysqlclient.so.21.2.42)
==268755== 
==268755== 56 bytes in 1 blocks are still reachable in loss record 1,321 of 2,004
==268755==    at 0x4848899: malloc (in /usr/libexec/valgrind/vgpreload_memcheck-amd64-linux.so)
==268755==    by 0x561679D: CRYPTO_zalloc (in /usr/lib/x86_64-linux-gnu/libcrypto.so.3)
==268755==    by 0x5621B23: CRYPTO_THREAD_lock_new (in /usr/lib/x86_64-linux-gnu/libcrypto.so.3)
==268755==    by 0x5629860: ??? (in /usr/lib/x86_64-linux-gnu/libcrypto.so.3)
==268755==    by 0x562AA88: ??? (in /usr/lib/x86_64-linux-gnu/libcrypto.so.3)
==268755==    by 0x562AB70: ??? (in /usr/lib/x86_64-linux-gnu/libcrypto.so.3)
==268755==    by 0x56F44E7: ??? (in /usr/lib/x86_64-linux-gnu/libcrypto.so.3)
==268755==    by 0x56F4B3D: ??? (in /usr/lib/x86_64-linux-gnu/libcrypto.so.3)
==268755==    by 0x55EC302: EVP_CIPHER_fetch (in /usr/lib/x86_64-linux-gnu/libcrypto.so.3)
==268755==    by 0x53F137A: ??? (in /usr/lib/x86_64-linux-gnu/libssl.so.3)
==268755==    by 0x53F5161: SSL_CTX_new_ex (in /usr/lib/x86_64-linux-gnu/libssl.so.3)
==268755==    by 0x48F8280: ??? (in /usr/lib/x86_64-linux-gnu/libmysqlclient.so.21.2.42)
==268755== 
==268755== 56 bytes in 1 blocks are still reachable in loss record 1,322 of 2,004
==268755==    at 0x4848899: malloc (in /usr/libexec/valgrind/vgpreload_memcheck-amd64-linux.so)
==268755==    by 0x561679D: CRYPTO_zalloc (in /usr/lib/x86_64-linux-gnu/libcrypto.so.3)
==268755==    by 0x5621B23: CRYPTO_THREAD_lock_new (in /usr/lib/x86_64-linux-gnu/libcrypto.so.3)
==268755==    by 0x564699B: ??? (in /usr/lib/x86_64-linux-gnu/libcrypto.so.3)
==268755==    by 0x522BEE7: __pthread_once_slow (pthread_once.c:116)
==268755==    by 0x5621C9C: CRYPTO_THREAD_run_once (in /usr/lib/x86_64-linux-gnu/libcrypto.so.3)
==268755==    by 0x5648F1D: RAND_get_rand_method (in /usr/lib/x86_64-linux-gnu/libcrypto.so.3)
==268755==    by 0x5649EAC: RAND_bytes_ex (in /usr/lib/x86_64-linux-gnu/libcrypto.so.3)
==268755==    by 0x53F5779: SSL_CTX_new_ex (in /usr/lib/x86_64-linux-gnu/libssl.so.3)
==268755==    by 0x48F8280: ??? (in /usr/lib/x86_64-linux-gnu/libmysqlclient.so.21.2.42)
==268755==    by 0x489A042: ??? (in /usr/lib/x86_64-linux-gnu/libmysqlclient.so.21.2.42)
==268755==    by 0x489AD71: ??? (in /usr/lib/x86_64-linux-gnu/libmysqlclient.so.21.2.42)
==268755== 
==268755== 56 bytes in 1 blocks are still reachable in loss record 1,323 of 2,004
==268755==    at 0x4848899: malloc (in /usr/libexec/valgrind/vgpreload_memcheck-amd64-linux.so)
==268755==    by 0x561679D: CRYPTO_zalloc (in /usr/lib/x86_64-linux-gnu/libcrypto.so.3)
==268755==    by 0x5621B23: CRYPTO_THREAD_lock_new (in /usr/lib/x86_64-linux-gnu/libcrypto.so.3)
==268755==    by 0x56469AC: ??? (in /usr/lib/x86_64-linux-gnu/libcrypto.so.3)
==268755==    by 0x522BEE7: __pthread_once_slow (pthread_once.c:116)
==268755==    by 0x5621C9C: CRYPTO_THREAD_run_once (in /usr/lib/x86_64-linux-gnu/libcrypto.so.3)
==268755==    by 0x5648F1D: RAND_get_rand_method (in /usr/lib/x86_64-linux-gnu/libcrypto.so.3)
==268755==    by 0x5649EAC: RAND_bytes_ex (in /usr/lib/x86_64-linux-gnu/libcrypto.so.3)
==268755==    by 0x53F5779: SSL_CTX_new_ex (in /usr/lib/x86_64-linux-gnu/libssl.so.3)
==268755==    by 0x48F8280: ??? (in /usr/lib/x86_64-linux-gnu/libmysqlclient.so.21.2.42)
==268755==    by 0x489A042: ??? (in /usr/lib/x86_64-linux-gnu/libmysqlclient.so.21.2.42)
==268755==    by 0x489AD71: ??? (in /usr/lib/x86_64-linux-gnu/libmysqlclient.so.21.2.42)
==268755== 
==268755== 56 bytes in 1 blocks are still reachable in loss record 1,324 of 2,004
==268755==    at 0x4848899: malloc (in /usr/libexec/valgrind/vgpreload_memcheck-amd64-linux.so)
==268755==    by 0x561679D: CRYPTO_zalloc (in /usr/lib/x86_64-linux-gnu/libcrypto.so.3)
==268755==    by 0x5621B23: CRYPTO_THREAD_lock_new (in /usr/lib/x86_64-linux-gnu/libcrypto.so.3)
==268755==    by 0x564925A: ??? (in /usr/lib/x86_64-linux-gnu/libcrypto.so.3)
==268755==    by 0x5614C2D: ??? (in /usr/lib/x86_64-linux-gnu/libcrypto.so.3)
==268755==    by 0x561A924: ??? (in /usr/lib/x86_64-linux-gnu/libcrypto.so.3)
==268755==    by 0x5614FB8: ??? (in /usr/lib/x86_64-linux-gnu/libcrypto.so.3)
==268755==    by 0x5649D91: RAND_get0_public (in /usr/lib/x86_64-linux-gnu/libcrypto.so.3)
==268755==    by 0x5649EE7: RAND_bytes_ex (in /usr/lib/x86_64-linux-gnu/libcrypto.so.3)
==268755==    by 0x53F5779: SSL_CTX_new_ex (in /usr/lib/x86_64-linux-gnu/libssl.so.3)
==268755==    by 0x48F8280: ??? (in /usr/lib/x86_64-linux-gnu/libmysqlclient.so.21.2.42)
==268755==    by 0x489A042: ??? (in /usr/lib/x86_64-linux-gnu/libmysqlclient.so.21.2.42)
==268755== 
==268755== 56 bytes in 1 blocks are still reachable in loss record 1,325 of 2,004
==268755==    at 0x4848899: malloc (in /usr/libexec/valgrind/vgpreload_memcheck-amd64-linux.so)
==268755==    by 0x561679D: CRYPTO_zalloc (in /usr/lib/x86_64-linux-gnu/libcrypto.so.3)
==268755==    by 0x5621B23: CRYPTO_THREAD_lock_new (in /usr/lib/x86_64-linux-gnu/libcrypto.so.3)
==268755==    by 0x55FAA16: EVP_RAND_CTX_new (in /usr/lib/x86_64-linux-gnu/libcrypto.so.3)
==268755==    by 0x56498BD: RAND_get0_primary (in /usr/lib/x86_64-linux-gnu/libcrypto.so.3)
==268755==    by 0x5649DF7: RAND_get0_public (in /usr/lib/x86_64-linux-gnu/libcrypto.so.3)
==268755==    by 0x5649EE7: RAND_bytes_ex (in /usr/lib/x86_64-linux-gnu/libcrypto.so.3)
==268755==    by 0x53F5779: SSL_CTX_new_ex (in /usr/lib/x86_64-linux-gnu/libssl.so.3)
==268755==    by 0x48F8280: ??? (in /usr/lib/x86_64-linux-gnu/libmysqlclient.so.21.2.42)
==268755==    by 0x489A042: ??? (in /usr/lib/x86_64-linux-gnu/libmysqlclient.so.21.2.42)
==268755==    by 0x489AD71: ??? (in /usr/lib/x86_64-linux-gnu/libmysqlclient.so.21.2.42)
==268755==    by 0x48A3273: ??? (in /usr/lib/x86_64-linux-gnu/libmysqlclient.so.21.2.42)
==268755== 
==268755== 56 bytes in 1 blocks are still reachable in loss record 1,326 of 2,004
==268755==    at 0x4848899: malloc (in /usr/libexec/valgrind/vgpreload_memcheck-amd64-linux.so)
==268755==    by 0x561679D: CRYPTO_zalloc (in /usr/lib/x86_64-linux-gnu/libcrypto.so.3)
==268755==    by 0x5621B23: CRYPTO_THREAD_lock_new (in /usr/lib/x86_64-linux-gnu/libcrypto.so.3)
==268755==    by 0x55FAA16: EVP_RAND_CTX_new (in /usr/lib/x86_64-linux-gnu/libcrypto.so.3)
==268755==    by 0x56494B0: ??? (in /usr/lib/x86_64-linux-gnu/libcrypto.so.3)
==268755==    by 0x56497FB: RAND_get0_primary (in /usr/lib/x86_64-linux-gnu/libcrypto.so.3)
==268755==    by 0x5649DF7: RAND_get0_public (in /usr/lib/x86_64-linux-gnu/libcrypto.so.3)
==268755==    by 0x5649EE7: RAND_bytes_ex (in /usr/lib/x86_64-linux-gnu/libcrypto.so.3)
==268755==    by 0x53F5779: SSL_CTX_new_ex (in /usr/lib/x86_64-linux-gnu/libssl.so.3)
==268755==    by 0x48F8280: ??? (in /usr/lib/x86_64-linux-gnu/libmysqlclient.so.21.2.42)
==268755==    by 0x489A042: ??? (in /usr/lib/x86_64-linux-gnu/libmysqlclient.so.21.2.42)
==268755==    by 0x489AD71: ??? (in /usr/lib/x86_64-linux-gnu/libmysqlclient.so.21.2.42)
==268755== 
==268755== 56 bytes in 1 blocks are still reachable in loss record 1,327 of 2,004
==268755==    at 0x4848899: malloc (in /usr/libexec/valgrind/vgpreload_memcheck-amd64-linux.so)
==268755==    by 0x561679D: CRYPTO_zalloc (in /usr/lib/x86_64-linux-gnu/libcrypto.so.3)
==268755==    by 0x5621B23: CRYPTO_THREAD_lock_new (in /usr/lib/x86_64-linux-gnu/libcrypto.so.3)
==268755==    by 0x56EBA7A: ??? (in /usr/lib/x86_64-linux-gnu/libcrypto.so.3)
==268755==    by 0x564980F: RAND_get0_primary (in /usr/lib/x86_64-linux-gnu/libcrypto.so.3)
==268755==    by 0x5649DF7: RAND_get0_public (in /usr/lib/x86_64-linux-gnu/libcrypto.so.3)
==268755==    by 0x5649EE7: RAND_bytes_ex (in /usr/lib/x86_64-linux-gnu/libcrypto.so.3)
==268755==    by 0x53F5779: SSL_CTX_new_ex (in /usr/lib/x86_64-linux-gnu/libssl.so.3)
==268755==    by 0x48F8280: ??? (in /usr/lib/x86_64-linux-gnu/libmysqlclient.so.21.2.42)
==268755==    by 0x489A042: ??? (in /usr/lib/x86_64-linux-gnu/libmysqlclient.so.21.2.42)
==268755==    by 0x489AD71: ??? (in /usr/lib/x86_64-linux-gnu/libmysqlclient.so.21.2.42)
==268755==    by 0x48A3273: ??? (in /usr/lib/x86_64-linux-gnu/libmysqlclient.so.21.2.42)
==268755== 
==268755== 56 bytes in 1 blocks are still reachable in loss record 1,328 of 2,004
==268755==    at 0x4848899: malloc (in /usr/libexec/valgrind/vgpreload_memcheck-amd64-linux.so)
==268755==    by 0x561679D: CRYPTO_zalloc (in /usr/lib/x86_64-linux-gnu/libcrypto.so.3)
==268755==    by 0x5621B23: CRYPTO_THREAD_lock_new (in /usr/lib/x86_64-linux-gnu/libcrypto.so.3)
==268755==    by 0x56462DA: ??? (in /usr/lib/x86_64-linux-gnu/libcrypto.so.3)
==268755==    by 0x5614C2D: ??? (in /usr/lib/x86_64-linux-gnu/libcrypto.so.3)
==268755==    by 0x561A924: ??? (in /usr/lib/x86_64-linux-gnu/libcrypto.so.3)
==268755==    by 0x5614FB8: ??? (in /usr/lib/x86_64-linux-gnu/libcrypto.so.3)
==268755==    by 0x56F532E: ??? (in /usr/lib/x86_64-linux-gnu/libcrypto.so.3)
==268755==    by 0x55C0470: OSSL_DECODER_do_all_provided (in /usr/lib/x86_64-linux-gnu/libcrypto.so.3)
==268755==    by 0x55CD84B: OSSL_DECODER_CTX_new_for_pkey (in /usr/lib/x86_64-linux-gnu/libcrypto.so.3)
==268755==    by 0x569FB23: ??? (in /usr/lib/x86_64-linux-gnu/libcrypto.so.3)
==268755==    by 0x552DB9A: ??? (in /usr/lib/x86_64-linux-gnu/libcrypto.so.3)
==268755== 
==268755== 56 bytes in 1 blocks are still reachable in loss record 1,329 of 2,004
==268755==    at 0x4848899: malloc (in /usr/libexec/valgrind/vgpreload_memcheck-amd64-linux.so)
==268755==    by 0x561679D: CRYPTO_zalloc (in /usr/lib/x86_64-linux-gnu/libcrypto.so.3)
==268755==    by 0x5621B23: CRYPTO_THREAD_lock_new (in /usr/lib/x86_64-linux-gnu/libcrypto.so.3)
==268755==    by 0x566AB9C: ??? (in /usr/lib/x86_64-linux-gnu/libcrypto.so.3)
==268755==    by 0x522BEE7: __pthread_once_slow (pthread_once.c:116)
==268755==    by 0x5621C9C: CRYPTO_THREAD_run_once (in /usr/lib/x86_64-linux-gnu/libcrypto.so.3)
==268755==    by 0x566B034: ??? (in /usr/lib/x86_64-linux-gnu/libcrypto.so.3)
==268755==    by 0x566B278: OSSL_STORE_open_ex (in /usr/lib/x86_64-linux-gnu/libcrypto.so.3)
==268755==    by 0x5675379: ??? (in /usr/lib/x86_64-linux-gnu/libcrypto.so.3)
==268755==    by 0x56755FB: ??? (in /usr/lib/x86_64-linux-gnu/libcrypto.so.3)
==268755==    by 0x569035D: X509_STORE_CTX_get_by_subject (in /usr/lib/x86_64-linux-gnu/libcrypto.so.3)
==268755==    by 0x56907E1: X509_STORE_CTX_get1_issuer (in /usr/lib/x86_64-linux-gnu/libcrypto.so.3)
==268755== 
==268755== 56 bytes in 1 blocks are still reachable in loss record 1,330 of 2,004
==268755==    at 0x4848899: malloc (in /usr/libexec/valgrind/vgpreload_memcheck-amd64-linux.so)
==268755==    by 0x561679D: CRYPTO_zalloc (in /usr/lib/x86_64-linux-gnu/libcrypto.so.3)
==268755==    by 0x5621B23: CRYPTO_THREAD_lock_new (in /usr/lib/x86_64-linux-gnu/libcrypto.so.3)
==268755==    by 0x56462DA: ??? (in /usr/lib/x86_64-linux-gnu/libcrypto.so.3)
==268755==    by 0x5614C2D: ??? (in /usr/lib/x86_64-linux-gnu/libcrypto.so.3)
==268755==    by 0x561A924: ??? (in /usr/lib/x86_64-linux-gnu/libcrypto.so.3)
==268755==    by 0x5614FB8: ??? (in /usr/lib/x86_64-linux-gnu/libcrypto.so.3)
==268755==    by 0x56F45D8: ??? (in /usr/lib/x86_64-linux-gnu/libcrypto.so.3)
==268755==    by 0x5666F9E: OSSL_STORE_LOADER_fetch (in /usr/lib/x86_64-linux-gnu/libcrypto.so.3)
==268755==    by 0x566B2F7: OSSL_STORE_open_ex (in /usr/lib/x86_64-linux-gnu/libcrypto.so.3)
==268755==    by 0x5675379: ??? (in /usr/lib/x86_64-linux-gnu/libcrypto.so.3)
==268755==    by 0x56755FB: ??? (in /usr/lib/x86_64-linux-gnu/libcrypto.so.3)
==268755== 
==268755== 56 bytes in 1 blocks are still reachable in loss record 1,331 of 2,004
==268755==    at 0x4848899: malloc (in /usr/libexec/valgrind/vgpreload_memcheck-amd64-linux.so)
==268755==    by 0x561679D: CRYPTO_zalloc (in /usr/lib/x86_64-linux-gnu/libcrypto.so.3)
==268755==    by 0x5621B23: CRYPTO_THREAD_lock_new (in /usr/lib/x86_64-linux-gnu/libcrypto.so.3)
==268755==    by 0x566A948: ??? (in /usr/lib/x86_64-linux-gnu/libcrypto.so.3)
==268755==    by 0x560B7F8: ??? (in /usr/lib/x86_64-linux-gnu/libcrypto.so.3)
==268755==    by 0x560B71B: ??? (in /usr/lib/x86_64-linux-gnu/libcrypto.so.3)
==268755==    by 0x562AD6A: ??? (in /usr/lib/x86_64-linux-gnu/libcrypto.so.3)
==268755==    by 0x56F44E7: ??? (in /usr/lib/x86_64-linux-gnu/libcrypto.so.3)
==268755==    by 0x56F49C6: ??? (in /usr/lib/x86_64-linux-gnu/libcrypto.so.3)
==268755==    by 0x5666F9E: OSSL_STORE_LOADER_fetch (in /usr/lib/x86_64-linux-gnu/libcrypto.so.3)
==268755==    by 0x566B2F7: OSSL_STORE_open_ex (in /usr/lib/x86_64-linux-gnu/libcrypto.so.3)
==268755==    by 0x5675379: ??? (in /usr/lib/x86_64-linux-gnu/libcrypto.so.3)
==268755== 
==268755== 56 bytes in 1 blocks are still reachable in loss record 1,332 of 2,004
==268755==    at 0x4848899: malloc (in /usr/libexec/valgrind/vgpreload_memcheck-amd64-linux.so)
==268755==    by 0x56475A9: ??? (in /usr/lib/x86_64-linux-gnu/libcrypto.so.3)
==268755==    by 0x564784E: ??? (in /usr/lib/x86_64-linux-gnu/libcrypto.so.3)
==268755==    by 0x5647CB2: ??? (in /usr/lib/x86_64-linux-gnu/libcrypto.so.3)
==268755==    by 0x5666904: ??? (in /usr/lib/x86_64-linux-gnu/libcrypto.so.3)
==268755==    by 0x560B85B: ??? (in /usr/lib/x86_64-linux-gnu/libcrypto.so.3)
==268755==    by 0x560B71B: ??? (in /usr/lib/x86_64-linux-gnu/libcrypto.so.3)
==268755==    by 0x562AD6A: ??? (in /usr/lib/x86_64-linux-gnu/libcrypto.so.3)
==268755==    by 0x56F44E7: ??? (in /usr/lib/x86_64-linux-gnu/libcrypto.so.3)
==268755==    by 0x56F49C6: ??? (in /usr/lib/x86_64-linux-gnu/libcrypto.so.3)
==268755==    by 0x5666F9E: OSSL_STORE_LOADER_fetch (in /usr/lib/x86_64-linux-gnu/libcrypto.so.3)
==268755==    by 0x566B2F7: OSSL_STORE_open_ex (in /usr/lib/x86_64-linux-gnu/libcrypto.so.3)
==268755== 
==268755== 56 bytes in 1 blocks are possibly lost in loss record 1,333 of 2,004
==268755==    at 0x4848899: malloc (in /usr/libexec/valgrind/vgpreload_memcheck-amd64-linux.so)
==268755==    by 0x48F04CF: ??? (in /usr/lib/x86_64-linux-gnu/libmysqlclient.so.21.2.42)
==268755==    by 0x488F7F9: mysql_server_init (in /usr/lib/x86_64-linux-gnu/libmysqlclient.so.21.2.42)
==268755==    by 0x489F6EE: mysql_init (in /usr/lib/x86_64-linux-gnu/libmysqlclient.so.21.2.42)
==268755==    by 0x1EC1CA: cpp_dbc::MySQL::MySQLConnection::MySQLConnection(std::__cxx11::basic_string<char, std::char_traits<char>, std::allocator<char> > const&, int, std::__cxx11::basic_string<char, std::char_traits<char>, std::allocator<char> > const&, std::__cxx11::basic_string<char, std::char_traits<char>, std::allocator<char> > const&, std::__cxx11::basic_string<char, std::char_traits<char>, std::allocator<char> > const&) (driver_mysql.cpp:613)
==268755==    by 0x1F6A72: decltype (::new ((void*)(0)) cpp_dbc::MySQL::MySQLConnection((declval<std::__cxx11::basic_string<char, std::char_traits<char>, std::allocator<char> >&>)(), (declval<int&>)(), (declval<std::__cxx11::basic_string<char, std::char_traits<char>, std::allocator<char> >&>)(), (declval<std::__cxx11::basic_string<char, std::char_traits<char>, std::allocator<char> > const&>)(), (declval<std::__cxx11::basic_string<char, std::char_traits<char>, std::allocator<char> > const&>)())) std::construct_at<cpp_dbc::MySQL::MySQLConnection, std::__cxx11::basic_string<char, std::char_traits<char>, std::allocator<char> >&, int&, std::__cxx11::basic_string<char, std::char_traits<char>, std::allocator<char> >&, std::__cxx11::basic_string<char, std::char_traits<char>, std::allocator<char> > const&, std::__cxx11::basic_string<char, std::char_traits<char>, std::allocator<char> > const&>(cpp_dbc::MySQL::MySQLConnection*, std::__cxx11::basic_string<char, std::char_traits<char>, std::allocator<char> >&, int&, std::__cxx11::basic_string<char, std::char_traits<char>, std::allocator<char> >&, std::__cxx11::basic_string<char, std::char_traits<char>, std::allocator<char> > const&, std::__cxx11::basic_string<char, std::char_traits<char>, std::allocator<char> > const&) (stl_construct.h:97)
==268755==    by 0x1F6B2E: void std::allocator_traits<std::allocator<cpp_dbc::MySQL::MySQLConnection> >::construct<cpp_dbc::MySQL::MySQLConnection, std::__cxx11::basic_string<char, std::char_traits<char>, std::allocator<char> >&, int&, std::__cxx11::basic_string<char, std::char_traits<char>, std::allocator<char> >&, std::__cxx11::basic_string<char, std::char_traits<char>, std::allocator<char> > const&, std::__cxx11::basic_string<char, std::char_traits<char>, std::allocator<char> > const&>(std::allocator<cpp_dbc::MySQL::MySQLConnection>&, cpp_dbc::MySQL::MySQLConnection*, std::__cxx11::basic_string<char, std::char_traits<char>, std::allocator<char> >&, int&, std::__cxx11::basic_string<char, std::char_traits<char>, std::allocator<char> >&, std::__cxx11::basic_string<char, std::char_traits<char>, std::allocator<char> > const&, std::__cxx11::basic_string<char, std::char_traits<char>, std::allocator<char> > const&) (alloc_traits.h:518)
==268755==    by 0x1F602C: std::_Sp_counted_ptr_inplace<cpp_dbc::MySQL::MySQLConnection, std::allocator<cpp_dbc::MySQL::MySQLConnection>, (__gnu_cxx::_Lock_policy)2>::_Sp_counted_ptr_inplace<std::__cxx11::basic_string<char, std::char_traits<char>, std::allocator<char> >&, int&, std::__cxx11::basic_string<char, std::char_traits<char>, std::allocator<char> >&, std::__cxx11::basic_string<char, std::char_traits<char>, std::allocator<char> > const&, std::__cxx11::basic_string<char, std::char_traits<char>, std::allocator<char> > const&>(std::allocator<cpp_dbc::MySQL::MySQLConnection>, std::__cxx11::basic_string<char, std::char_traits<char>, std::allocator<char> >&, int&, std::__cxx11::basic_string<char, std::char_traits<char>, std::allocator<char> >&, std::__cxx11::basic_string<char, std::char_traits<char>, std::allocator<char> > const&, std::__cxx11::basic_string<char, std::char_traits<char>, std::allocator<char> > const&) (shared_ptr_base.h:519)
==268755==    by 0x1F4FF2: std::__shared_count<(__gnu_cxx::_Lock_policy)2>::__shared_count<cpp_dbc::MySQL::MySQLConnection, std::allocator<cpp_dbc::MySQL::MySQLConnection>, std::__cxx11::basic_string<char, std::char_traits<char>, std::allocator<char> >&, int&, std::__cxx11::basic_string<char, std::char_traits<char>, std::allocator<char> >&, std::__cxx11::basic_string<char, std::char_traits<char>, std::allocator<char> > const&, std::__cxx11::basic_string<char, std::char_traits<char>, std::allocator<char> > const&>(cpp_dbc::MySQL::MySQLConnection*&, std::_Sp_alloc_shared_tag<std::allocator<cpp_dbc::MySQL::MySQLConnection> >, std::__cxx11::basic_string<char, std::char_traits<char>, std::allocator<char> >&, int&, std::__cxx11::basic_string<char, std::char_traits<char>, std::allocator<char> >&, std::__cxx11::basic_string<char, std::char_traits<char>, std::allocator<char> > const&, std::__cxx11::basic_string<char, std::char_traits<char>, std::allocator<char> > const&) (shared_ptr_base.h:650)
==268755==    by 0x1F42B5: std::__shared_ptr<cpp_dbc::MySQL::MySQLConnection, (__gnu_cxx::_Lock_policy)2>::__shared_ptr<std::allocator<cpp_dbc::MySQL::MySQLConnection>, std::__cxx11::basic_string<char, std::char_traits<char>, std::allocator<char> >&, int&, std::__cxx11::basic_string<char, std::char_traits<char>, std::allocator<char> >&, std::__cxx11::basic_string<char, std::char_traits<char>, std::allocator<char> > const&, std::__cxx11::basic_string<char, std::char_traits<char>, std::allocator<char> > const&>(std::_Sp_alloc_shared_tag<std::allocator<cpp_dbc::MySQL::MySQLConnection> >, std::__cxx11::basic_string<char, std::char_traits<char>, std::allocator<char> >&, int&, std::__cxx11::basic_string<char, std::char_traits<char>, std::allocator<char> >&, std::__cxx11::basic_string<char, std::char_traits<char>, std::allocator<char> > const&, std::__cxx11::basic_string<char, std::char_traits<char>, std::allocator<char> > const&) (shared_ptr_base.h:1342)
==268755==    by 0x1F3358: std::shared_ptr<cpp_dbc::MySQL::MySQLConnection>::shared_ptr<std::allocator<cpp_dbc::MySQL::MySQLConnection>, std::__cxx11::basic_string<char, std::char_traits<char>, std::allocator<char> >&, int&, std::__cxx11::basic_string<char, std::char_traits<char>, std::allocator<char> >&, std::__cxx11::basic_string<char, std::char_traits<char>, std::allocator<char> > const&, std::__cxx11::basic_string<char, std::char_traits<char>, std::allocator<char> > const&>(std::_Sp_alloc_shared_tag<std::allocator<cpp_dbc::MySQL::MySQLConnection> >, std::__cxx11::basic_string<char, std::char_traits<char>, std::allocator<char> >&, int&, std::__cxx11::basic_string<char, std::char_traits<char>, std::allocator<char> >&, std::__cxx11::basic_string<char, std::char_traits<char>, std::allocator<char> > const&, std::__cxx11::basic_string<char, std::char_traits<char>, std::allocator<char> > const&) (shared_ptr.h:409)
==268755==    by 0x1F1DAF: std::shared_ptr<cpp_dbc::MySQL::MySQLConnection> std::allocate_shared<cpp_dbc::MySQL::MySQLConnection, std::allocator<cpp_dbc::MySQL::MySQLConnection>, std::__cxx11::basic_string<char, std::char_traits<char>, std::allocator<char> >&, int&, std::__cxx11::basic_string<char, std::char_traits<char>, std::allocator<char> >&, std::__cxx11::basic_string<char, std::char_traits<char>, std::allocator<char> > const&, std::__cxx11::basic_string<char, std::char_traits<char>, std::allocator<char> > const&>(std::allocator<cpp_dbc::MySQL::MySQLConnection> const&, std::__cxx11::basic_string<char, std::char_traits<char>, std::allocator<char> >&, int&, std::__cxx11::basic_string<char, std::char_traits<char>, std::allocator<char> >&, std::__cxx11::basic_string<char, std::char_traits<char>, std::allocator<char> > const&, std::__cxx11::basic_string<char, std::char_traits<char>, std::allocator<char> > const&) (shared_ptr.h:863)
==268755== 
==268755== 57 bytes in 4 blocks are still reachable in loss record 1,334 of 2,004
==268755==    at 0x4848899: malloc (in /usr/libexec/valgrind/vgpreload_memcheck-amd64-linux.so)
==268755==    by 0x56177D2: CRYPTO_strndup (in /usr/lib/x86_64-linux-gnu/libcrypto.so.3)
==268755==    by 0x5619521: ??? (in /usr/lib/x86_64-linux-gnu/libcrypto.so.3)
==268755==    by 0x5615E27: ??? (in /usr/lib/x86_64-linux-gnu/libcrypto.so.3)
==268755==    by 0x5615F35: ??? (in /usr/lib/x86_64-linux-gnu/libcrypto.so.3)
==268755==    by 0x5615BFC: ??? (in /usr/lib/x86_64-linux-gnu/libcrypto.so.3)
==268755==    by 0x56F4A6B: ??? (in /usr/lib/x86_64-linux-gnu/libcrypto.so.3)
==268755==    by 0x55EC302: EVP_CIPHER_fetch (in /usr/lib/x86_64-linux-gnu/libcrypto.so.3)
==268755==    by 0x53F137A: ??? (in /usr/lib/x86_64-linux-gnu/libssl.so.3)
==268755==    by 0x53F5161: SSL_CTX_new_ex (in /usr/lib/x86_64-linux-gnu/libssl.so.3)
==268755==    by 0x48F8280: ??? (in /usr/lib/x86_64-linux-gnu/libmysqlclient.so.21.2.42)
==268755==    by 0x489A042: ??? (in /usr/lib/x86_64-linux-gnu/libmysqlclient.so.21.2.42)
==268755== 
==268755== 59 bytes in 6 blocks are still reachable in loss record 1,335 of 2,004
==268755==    at 0x4848899: malloc (in /usr/libexec/valgrind/vgpreload_memcheck-amd64-linux.so)
==268755==    by 0x56177D2: CRYPTO_strndup (in /usr/lib/x86_64-linux-gnu/libcrypto.so.3)
==268755==    by 0x5619521: ??? (in /usr/lib/x86_64-linux-gnu/libcrypto.so.3)
==268755==    by 0x56F41B3: ??? (in /usr/lib/x86_64-linux-gnu/libcrypto.so.3)
==268755==    by 0x55EBAFA: ??? (in /usr/lib/x86_64-linux-gnu/libcrypto.so.3)
==268755==    by 0x560B7F8: ??? (in /usr/lib/x86_64-linux-gnu/libcrypto.so.3)
==268755==    by 0x560B71B: ??? (in /usr/lib/x86_64-linux-gnu/libcrypto.so.3)
==268755==    by 0x562AD6A: ??? (in /usr/lib/x86_64-linux-gnu/libcrypto.so.3)
==268755==    by 0x56F44E7: ??? (in /usr/lib/x86_64-linux-gnu/libcrypto.so.3)
==268755==    by 0x56F4B3D: ??? (in /usr/lib/x86_64-linux-gnu/libcrypto.so.3)
==268755==    by 0x55F783E: EVP_KEYEXCH_fetch (in /usr/lib/x86_64-linux-gnu/libcrypto.so.3)
==268755==    by 0x53F5256: SSL_CTX_new_ex (in /usr/lib/x86_64-linux-gnu/libssl.so.3)
==268755== 
==268755== 59 bytes in 10 blocks are still reachable in loss record 1,336 of 2,004
==268755==    at 0x4848899: malloc (in /usr/libexec/valgrind/vgpreload_memcheck-amd64-linux.so)
==268755==    by 0x56177D2: CRYPTO_strndup (in /usr/lib/x86_64-linux-gnu/libcrypto.so.3)
==268755==    by 0x56FC850: ??? (in /usr/lib/x86_64-linux-gnu/libcrypto.so.3)
==268755==    by 0x560431A: ??? (in /usr/lib/x86_64-linux-gnu/libcrypto.so.3)
==268755==    by 0x55EBB09: ??? (in /usr/lib/x86_64-linux-gnu/libcrypto.so.3)
==268755==    by 0x560B7F8: ??? (in /usr/lib/x86_64-linux-gnu/libcrypto.so.3)
==268755==    by 0x560B71B: ??? (in /usr/lib/x86_64-linux-gnu/libcrypto.so.3)
==268755==    by 0x562AD6A: ??? (in /usr/lib/x86_64-linux-gnu/libcrypto.so.3)
==268755==    by 0x56F44E7: ??? (in /usr/lib/x86_64-linux-gnu/libcrypto.so.3)
==268755==    by 0x56F4B3D: ??? (in /usr/lib/x86_64-linux-gnu/libcrypto.so.3)
==268755==    by 0x560BAEE: EVP_SIGNATURE_fetch (in /usr/lib/x86_64-linux-gnu/libcrypto.so.3)
==268755==    by 0x53F522E: SSL_CTX_new_ex (in /usr/lib/x86_64-linux-gnu/libssl.so.3)
==268755== 
==268755== 60 bytes in 1 blocks are still reachable in loss record 1,337 of 2,004
==268755==    at 0x4849013: operator new(unsigned long) (in /usr/libexec/valgrind/vgpreload_memcheck-amd64-linux.so)
==268755==    by 0x130468: __gnu_cxx::new_allocator<char>::allocate(unsigned long, void const*) (new_allocator.h:127)
==268755==    by 0x12F934: allocate (allocator.h:185)
==268755==    by 0x12F934: std::allocator_traits<std::allocator<char> >::allocate(std::allocator<char>&, unsigned long) (alloc_traits.h:464)
==268755==    by 0x12FCCD: std::__cxx11::basic_string<char, std::char_traits<char>, std::allocator<char> >::_M_create(unsigned long&, unsigned long) (basic_string.tcc:153)
==268755==    by 0x14FFB1: std::__cxx11::basic_string<char, std::char_traits<char>, std::allocator<char> >::reserve(unsigned long) (basic_string.tcc:291)
==268755==    by 0x213D58: Catch::TestCaseInfo::TestCaseInfo(Catch::StringRef, Catch::NameAndTags const&, Catch::SourceLineInfo const&) (catch_test_case_info.cpp:132)
==268755==    by 0x214A8E: Catch::Detail::unique_ptr<Catch::TestCaseInfo> Catch::Detail::make_unique<Catch::TestCaseInfo, Catch::StringRef&, Catch::NameAndTags const&, Catch::SourceLineInfo const&>(Catch::StringRef&, Catch::NameAndTags const&, Catch::SourceLineInfo const&) (catch_unique_ptr.hpp:111)
==268755==    by 0x213B99: Catch::makeTestCaseInfo(Catch::StringRef, Catch::NameAndTags const&, Catch::SourceLineInfo const&) (catch_test_case_info.cpp:118)
==268755==    by 0x26E957: Catch::AutoReg::AutoReg(Catch::Detail::unique_ptr<Catch::ITestInvoker>, Catch::SourceLineInfo const&, Catch::StringRef, Catch::NameAndTags const&) (catch_test_registry.cpp:59)
==268755==    by 0x1C6F88: __static_initialization_and_destruction_0(int, int) (test_connection_pool_real.cpp:97)
==268755==    by 0x1C7092: _GLOBAL__sub_I_test_connection_pool_real.cpp (test_connection_pool_real.cpp:326)
==268755==    by 0x51BBEBA: call_init (libc-start.c:145)
==268755==    by 0x51BBEBA: __libc_start_main@@GLIBC_2.34 (libc-start.c:379)
==268755== 
==268755== 61 bytes in 1 blocks are still reachable in loss record 1,338 of 2,004
==268755==    at 0x4849013: operator new(unsigned long) (in /usr/libexec/valgrind/vgpreload_memcheck-amd64-linux.so)
==268755==    by 0x130468: __gnu_cxx::new_allocator<char>::allocate(unsigned long, void const*) (new_allocator.h:127)
==268755==    by 0x12F934: allocate (allocator.h:185)
==268755==    by 0x12F934: std::allocator_traits<std::allocator<char> >::allocate(std::allocator<char>&, unsigned long) (alloc_traits.h:464)
==268755==    by 0x12FCCD: std::__cxx11::basic_string<char, std::char_traits<char>, std::allocator<char> >::_M_create(unsigned long&, unsigned long) (basic_string.tcc:153)
==268755==    by 0x130301: std::__cxx11::basic_string<char, std::char_traits<char>, std::allocator<char> >::_M_mutate(unsigned long, unsigned long, char const*, unsigned long) (basic_string.tcc:307)
==268755==    by 0x12FE5F: std::__cxx11::basic_string<char, std::char_traits<char>, std::allocator<char> >::_M_append(char const*, unsigned long) (basic_string.tcc:395)
==268755==    by 0x12F66C: std::__cxx11::basic_string<char, std::char_traits<char>, std::allocator<char> >::append(char const*) (basic_string.h:1260)
==268755==    by 0x12F2C2: std::__cxx11::basic_string<char, std::char_traits<char>, std::allocator<char> > std::operator+<char, std::char_traits<char>, std::allocator<char> >(std::__cxx11::basic_string<char, std::char_traits<char>, std::allocator<char> >&&, char const*) (basic_string.h:6208)
==268755==    by 0x1B380D: CATCH2_INTERNAL_TEST_0() (test_mysql_real.cpp:116)
==268755==    by 0x261743: Catch::TestInvokerAsFunction::invoke() const (catch_test_case_registry_impl.cpp:149)
==268755==    by 0x256F30: Catch::TestCaseHandle::invoke() const (catch_test_case_info.hpp:115)
==268755==    by 0x255FF5: Catch::RunContext::invokeActiveTestCase() (catch_run_context.cpp:538)
==268755== 
==268755== 62 bytes in 2 blocks are still reachable in loss record 1,339 of 2,004
==268755==    at 0x4849013: operator new(unsigned long) (in /usr/libexec/valgrind/vgpreload_memcheck-amd64-linux.so)
==268755==    by 0x130468: __gnu_cxx::new_allocator<char>::allocate(unsigned long, void const*) (new_allocator.h:127)
==268755==    by 0x12F934: allocate (allocator.h:185)
==268755==    by 0x12F934: std::allocator_traits<std::allocator<char> >::allocate(std::allocator<char>&, unsigned long) (alloc_traits.h:464)
==268755==    by 0x12FCCD: std::__cxx11::basic_string<char, std::char_traits<char>, std::allocator<char> >::_M_create(unsigned long&, unsigned long) (basic_string.tcc:153)
==268755==    by 0x130301: std::__cxx11::basic_string<char, std::char_traits<char>, std::allocator<char> >::_M_mutate(unsigned long, unsigned long, char const*, unsigned long) (basic_string.tcc:307)
==268755==    by 0x12FE5F: std::__cxx11::basic_string<char, std::char_traits<char>, std::allocator<char> >::_M_append(char const*, unsigned long) (basic_string.tcc:395)
==268755==    by 0x14FEDA: std::__cxx11::basic_string<char, std::char_traits<char>, std::allocator<char> >::append(std::__cxx11::basic_string<char, std::char_traits<char>, std::allocator<char> > const&) (basic_string.h:1214)
==268755==    by 0x14D14C: std::__cxx11::basic_string<char, std::char_traits<char>, std::allocator<char> > std::operator+<char, std::char_traits<char>, std::allocator<char> >(std::__cxx11::basic_string<char, std::char_traits<char>, std::allocator<char> >&&, std::__cxx11::basic_string<char, std::char_traits<char>, std::allocator<char> >&&) (basic_string.h:6189)
==268755==    by 0x1B25A2: CATCH2_INTERNAL_TEST_0()::{lambda()#1}::operator()() const (test_mysql_real.cpp:264)
==268755==    by 0x1B4DC5: void std::__invoke_impl<void, CATCH2_INTERNAL_TEST_0()::{lambda()#1}>(std::__invoke_other, CATCH2_INTERNAL_TEST_0()::{lambda()#1}&&) (invoke.h:61)
==268755==    by 0x1B4D88: std::__invoke_result<CATCH2_INTERNAL_TEST_0()::{lambda()#1}>::type std::__invoke<CATCH2_INTERNAL_TEST_0()::{lambda()#1}>(CATCH2_INTERNAL_TEST_0()::{lambda()#1}&&) (invoke.h:96)
==268755==    by 0x1B4D35: void std::thread::_Invoker<std::tuple<CATCH2_INTERNAL_TEST_0()::{lambda()#1}> >::_M_invoke<0ul>(std::_Index_tuple<0ul>) (std_thread.h:259)
==268755== 
==268755== 62 bytes in 2 blocks are still reachable in loss record 1,340 of 2,004
==268755==    at 0x4849013: operator new(unsigned long) (in /usr/libexec/valgrind/vgpreload_memcheck-amd64-linux.so)
==268755==    by 0x130468: __gnu_cxx::new_allocator<char>::allocate(unsigned long, void const*) (new_allocator.h:127)
==268755==    by 0x12F934: allocate (allocator.h:185)
==268755==    by 0x12F934: std::allocator_traits<std::allocator<char> >::allocate(std::allocator<char>&, unsigned long) (alloc_traits.h:464)
==268755==    by 0x12FCCD: std::__cxx11::basic_string<char, std::char_traits<char>, std::allocator<char> >::_M_create(unsigned long&, unsigned long) (basic_string.tcc:153)
==268755==    by 0x130301: std::__cxx11::basic_string<char, std::char_traits<char>, std::allocator<char> >::_M_mutate(unsigned long, unsigned long, char const*, unsigned long) (basic_string.tcc:307)
==268755==    by 0x12FE5F: std::__cxx11::basic_string<char, std::char_traits<char>, std::allocator<char> >::_M_append(char const*, unsigned long) (basic_string.tcc:395)
==268755==    by 0x14FEDA: std::__cxx11::basic_string<char, std::char_traits<char>, std::allocator<char> >::append(std::__cxx11::basic_string<char, std::char_traits<char>, std::allocator<char> > const&) (basic_string.h:1214)
==268755==    by 0x14D14C: std::__cxx11::basic_string<char, std::char_traits<char>, std::allocator<char> > std::operator+<char, std::char_traits<char>, std::allocator<char> >(std::__cxx11::basic_string<char, std::char_traits<char>, std::allocator<char> >&&, std::__cxx11::basic_string<char, std::char_traits<char>, std::allocator<char> >&&) (basic_string.h:6189)
==268755==    by 0x1B2832: CATCH2_INTERNAL_TEST_0()::{lambda()#1}::operator()() const (test_mysql_real.cpp:299)
==268755==    by 0x1B4DC5: void std::__invoke_impl<void, CATCH2_INTERNAL_TEST_0()::{lambda()#1}>(std::__invoke_other, CATCH2_INTERNAL_TEST_0()::{lambda()#1}&&) (invoke.h:61)
==268755==    by 0x1B4D88: std::__invoke_result<CATCH2_INTERNAL_TEST_0()::{lambda()#1}>::type std::__invoke<CATCH2_INTERNAL_TEST_0()::{lambda()#1}>(CATCH2_INTERNAL_TEST_0()::{lambda()#1}&&) (invoke.h:96)
==268755==    by 0x1B4D35: void std::thread::_Invoker<std::tuple<CATCH2_INTERNAL_TEST_0()::{lambda()#1}> >::_M_invoke<0ul>(std::_Index_tuple<0ul>) (std_thread.h:259)
==268755== 
==268755== 64 bytes in 1 blocks are still reachable in loss record 1,341 of 2,004
==268755==    at 0x4849013: operator new(unsigned long) (in /usr/libexec/valgrind/vgpreload_memcheck-amd64-linux.so)
==268755==    by 0x2E83A3: __gnu_cxx::new_allocator<YAML::RegEx>::allocate(unsigned long, void const*) (new_allocator.h:127)
==268755==    by 0x2E82B6: std::allocator_traits<std::allocator<YAML::RegEx> >::allocate(std::allocator<YAML::RegEx>&, unsigned long) (alloc_traits.h:464)
==268755==    by 0x2E80FD: std::_Vector_base<YAML::RegEx, std::allocator<YAML::RegEx> >::_M_allocate(unsigned long) (stl_vector.h:346)
==268755==    by 0x2F5FCC: void std::vector<YAML::RegEx, std::allocator<YAML::RegEx> >::_M_realloc_insert<YAML::RegEx const&>(__gnu_cxx::__normal_iterator<YAML::RegEx*, std::vector<YAML::RegEx, std::allocator<YAML::RegEx> > >, YAML::RegEx const&) (vector.tcc:440)
==268755==    by 0x2F5DB9: std::vector<YAML::RegEx, std::allocator<YAML::RegEx> >::push_back(YAML::RegEx const&) (stl_vector.h:1198)
==268755==    by 0x2F5A78: YAML::operator|(YAML::RegEx const&, YAML::RegEx const&) (regex_yaml.cpp:26)
==268755==    by 0x2E5181: YAML::Exp::Break() (exp.h:40)
==268755==    by 0x2F71B4: YAML::Scanner::ScanToNextToken() (scanner.cpp:189)
==268755==    by 0x2F6C27: YAML::Scanner::ScanNextToken() (scanner.cpp:92)
==268755==    by 0x2F6BBA: YAML::Scanner::EnsureTokensInQueue() (scanner.cpp:78)
==268755==    by 0x2F6A3F: YAML::Scanner::empty() (scanner.cpp:25)
==268755== 
==268755== 64 bytes in 1 blocks are still reachable in loss record 1,342 of 2,004
==268755==    at 0x4849013: operator new(unsigned long) (in /usr/libexec/valgrind/vgpreload_memcheck-amd64-linux.so)
==268755==    by 0x2E83A3: __gnu_cxx::new_allocator<YAML::RegEx>::allocate(unsigned long, void const*) (new_allocator.h:127)
==268755==    by 0x2E82B6: std::allocator_traits<std::allocator<YAML::RegEx> >::allocate(std::allocator<YAML::RegEx>&, unsigned long) (alloc_traits.h:464)
==268755==    by 0x2E80FD: std::_Vector_base<YAML::RegEx, std::allocator<YAML::RegEx> >::_M_allocate(unsigned long) (stl_vector.h:346)
==268755==    by 0x2F5FCC: void std::vector<YAML::RegEx, std::allocator<YAML::RegEx> >::_M_realloc_insert<YAML::RegEx const&>(__gnu_cxx::__normal_iterator<YAML::RegEx*, std::vector<YAML::RegEx, std::allocator<YAML::RegEx> > >, YAML::RegEx const&) (vector.tcc:440)
==268755==    by 0x2F5DB9: std::vector<YAML::RegEx, std::allocator<YAML::RegEx> >::push_back(YAML::RegEx const&) (stl_vector.h:1198)
==268755==    by 0x2F5A78: YAML::operator|(YAML::RegEx const&, YAML::RegEx const&) (regex_yaml.cpp:26)
==268755==    by 0x2E5006: YAML::Exp::Blank() (exp.h:36)
==268755==    by 0x2E5334: YAML::Exp::BlankOrBreak() (exp.h:44)
==268755==    by 0x2F866B: YAML::Exp::DocStart() (exp.h:85)
==268755==    by 0x2F6CAA: YAML::Scanner::ScanNextToken() (scanner.cpp:111)
==268755==    by 0x2F6BBA: YAML::Scanner::EnsureTokensInQueue() (scanner.cpp:78)
==268755== 
==268755== 64 bytes in 1 blocks are still reachable in loss record 1,343 of 2,004
==268755==    at 0x4849013: operator new(unsigned long) (in /usr/libexec/valgrind/vgpreload_memcheck-amd64-linux.so)
==268755==    by 0x2E83A3: __gnu_cxx::new_allocator<YAML::RegEx>::allocate(unsigned long, void const*) (new_allocator.h:127)
==268755==    by 0x2E82B6: std::allocator_traits<std::allocator<YAML::RegEx> >::allocate(std::allocator<YAML::RegEx>&, unsigned long) (alloc_traits.h:464)
==268755==    by 0x2E80FD: std::_Vector_base<YAML::RegEx, std::allocator<YAML::RegEx> >::_M_allocate(unsigned long) (stl_vector.h:346)
==268755==    by 0x2F5FCC: void std::vector<YAML::RegEx, std::allocator<YAML::RegEx> >::_M_realloc_insert<YAML::RegEx const&>(__gnu_cxx::__normal_iterator<YAML::RegEx*, std::vector<YAML::RegEx, std::allocator<YAML::RegEx> > >, YAML::RegEx const&) (vector.tcc:440)
==268755==    by 0x2F5DB9: std::vector<YAML::RegEx, std::allocator<YAML::RegEx> >::push_back(YAML::RegEx const&) (stl_vector.h:1198)
==268755==    by 0x2F5A78: YAML::operator|(YAML::RegEx const&, YAML::RegEx const&) (regex_yaml.cpp:26)
==268755==    by 0x2E534C: YAML::Exp::BlankOrBreak() (exp.h:44)
==268755==    by 0x2F866B: YAML::Exp::DocStart() (exp.h:85)
==268755==    by 0x2F6CAA: YAML::Scanner::ScanNextToken() (scanner.cpp:111)
==268755==    by 0x2F6BBA: YAML::Scanner::EnsureTokensInQueue() (scanner.cpp:78)
==268755==    by 0x2F6A3F: YAML::Scanner::empty() (scanner.cpp:25)
==268755== 
==268755== 64 bytes in 1 blocks are still reachable in loss record 1,344 of 2,004
==268755==    at 0x4849013: operator new(unsigned long) (in /usr/libexec/valgrind/vgpreload_memcheck-amd64-linux.so)
==268755==    by 0x2E83A3: __gnu_cxx::new_allocator<YAML::RegEx>::allocate(unsigned long, void const*) (new_allocator.h:127)
==268755==    by 0x2E82B6: std::allocator_traits<std::allocator<YAML::RegEx> >::allocate(std::allocator<YAML::RegEx>&, unsigned long) (alloc_traits.h:464)
==268755==    by 0x2E80FD: std::_Vector_base<YAML::RegEx, std::allocator<YAML::RegEx> >::_M_allocate(unsigned long) (stl_vector.h:346)
==268755==    by 0x2F5FCC: void std::vector<YAML::RegEx, std::allocator<YAML::RegEx> >::_M_realloc_insert<YAML::RegEx const&>(__gnu_cxx::__normal_iterator<YAML::RegEx*, std::vector<YAML::RegEx, std::allocator<YAML::RegEx> > >, YAML::RegEx const&) (vector.tcc:440)
==268755==    by 0x2F5DB9: std::vector<YAML::RegEx, std::allocator<YAML::RegEx> >::push_back(YAML::RegEx const&) (stl_vector.h:1198)
==268755==    by 0x2F5B7C: YAML::operator+(YAML::RegEx const&, YAML::RegEx const&) (regex_yaml.cpp:40)
==268755==    by 0x2F86E5: YAML::Exp::DocStart() (exp.h:85)
==268755==    by 0x2F6CAA: YAML::Scanner::ScanNextToken() (scanner.cpp:111)
==268755==    by 0x2F6BBA: YAML::Scanner::EnsureTokensInQueue() (scanner.cpp:78)
==268755==    by 0x2F6A3F: YAML::Scanner::empty() (scanner.cpp:25)
==268755==    by 0x2F392D: YAML::Parser::ParseDirectives() (parser.cpp:44)
==268755== 
==268755== 64 bytes in 1 blocks are still reachable in loss record 1,345 of 2,004
==268755==    at 0x4849013: operator new(unsigned long) (in /usr/libexec/valgrind/vgpreload_memcheck-amd64-linux.so)
==268755==    by 0x2E83A3: __gnu_cxx::new_allocator<YAML::RegEx>::allocate(unsigned long, void const*) (new_allocator.h:127)
==268755==    by 0x2E82B6: std::allocator_traits<std::allocator<YAML::RegEx> >::allocate(std::allocator<YAML::RegEx>&, unsigned long) (alloc_traits.h:464)
==268755==    by 0x2E80FD: std::_Vector_base<YAML::RegEx, std::allocator<YAML::RegEx> >::_M_allocate(unsigned long) (stl_vector.h:346)
==268755==    by 0x2F5FCC: void std::vector<YAML::RegEx, std::allocator<YAML::RegEx> >::_M_realloc_insert<YAML::RegEx const&>(__gnu_cxx::__normal_iterator<YAML::RegEx*, std::vector<YAML::RegEx, std::allocator<YAML::RegEx> > >, YAML::RegEx const&) (vector.tcc:440)
==268755==    by 0x2F5DB9: std::vector<YAML::RegEx, std::allocator<YAML::RegEx> >::push_back(YAML::RegEx const&) (stl_vector.h:1198)
==268755==    by 0x2F5B7C: YAML::operator+(YAML::RegEx const&, YAML::RegEx const&) (regex_yaml.cpp:40)
==268755==    by 0x2F88FA: YAML::Exp::DocEnd() (exp.h:89)
==268755==    by 0x2F6CF6: YAML::Scanner::ScanNextToken() (scanner.cpp:115)
==268755==    by 0x2F6BBA: YAML::Scanner::EnsureTokensInQueue() (scanner.cpp:78)
==268755==    by 0x2F6A3F: YAML::Scanner::empty() (scanner.cpp:25)
==268755==    by 0x2F392D: YAML::Parser::ParseDirectives() (parser.cpp:44)
==268755== 
==268755== 64 bytes in 1 blocks are still reachable in loss record 1,346 of 2,004
==268755==    at 0x4849013: operator new(unsigned long) (in /usr/libexec/valgrind/vgpreload_memcheck-amd64-linux.so)
==268755==    by 0x2E83A3: __gnu_cxx::new_allocator<YAML::RegEx>::allocate(unsigned long, void const*) (new_allocator.h:127)
==268755==    by 0x2E82B6: std::allocator_traits<std::allocator<YAML::RegEx> >::allocate(std::allocator<YAML::RegEx>&, unsigned long) (alloc_traits.h:464)
==268755==    by 0x2E80FD: std::_Vector_base<YAML::RegEx, std::allocator<YAML::RegEx> >::_M_allocate(unsigned long) (stl_vector.h:346)
==268755==    by 0x2F5FCC: void std::vector<YAML::RegEx, std::allocator<YAML::RegEx> >::_M_realloc_insert<YAML::RegEx const&>(__gnu_cxx::__normal_iterator<YAML::RegEx*, std::vector<YAML::RegEx, std::allocator<YAML::RegEx> > >, YAML::RegEx const&) (vector.tcc:440)
==268755==    by 0x2F5DB9: std::vector<YAML::RegEx, std::allocator<YAML::RegEx> >::push_back(YAML::RegEx const&) (stl_vector.h:1198)
==268755==    by 0x2F5B7C: YAML::operator+(YAML::RegEx const&, YAML::RegEx const&) (regex_yaml.cpp:40)
==268755==    by 0x2F8AD3: YAML::Exp::BlockEntry() (exp.h:97)
==268755==    by 0x2F6DDA: YAML::Scanner::ScanNextToken() (scanner.cpp:134)
==268755==    by 0x2F6BBA: YAML::Scanner::EnsureTokensInQueue() (scanner.cpp:78)
==268755==    by 0x2F6A3F: YAML::Scanner::empty() (scanner.cpp:25)
==268755==    by 0x2F392D: YAML::Parser::ParseDirectives() (parser.cpp:44)
==268755== 
==268755== 64 bytes in 1 blocks are still reachable in loss record 1,347 of 2,004
==268755==    at 0x4849013: operator new(unsigned long) (in /usr/libexec/valgrind/vgpreload_memcheck-amd64-linux.so)
==268755==    by 0x2E83A3: __gnu_cxx::new_allocator<YAML::RegEx>::allocate(unsigned long, void const*) (new_allocator.h:127)
==268755==    by 0x2E82B6: std::allocator_traits<std::allocator<YAML::RegEx> >::allocate(std::allocator<YAML::RegEx>&, unsigned long) (alloc_traits.h:464)
==268755==    by 0x2E80FD: std::_Vector_base<YAML::RegEx, std::allocator<YAML::RegEx> >::_M_allocate(unsigned long) (stl_vector.h:346)
==268755==    by 0x2F5FCC: void std::vector<YAML::RegEx, std::allocator<YAML::RegEx> >::_M_realloc_insert<YAML::RegEx const&>(__gnu_cxx::__normal_iterator<YAML::RegEx*, std::vector<YAML::RegEx, std::allocator<YAML::RegEx> > >, YAML::RegEx const&) (vector.tcc:440)
==268755==    by 0x2F5DB9: std::vector<YAML::RegEx, std::allocator<YAML::RegEx> >::push_back(YAML::RegEx const&) (stl_vector.h:1198)
==268755==    by 0x2F5B7C: YAML::operator+(YAML::RegEx const&, YAML::RegEx const&) (regex_yaml.cpp:40)
==268755==    by 0x2F8C39: YAML::Exp::Key() (exp.h:101)
==268755==    by 0x2F6E16: YAML::Scanner::ScanNextToken() (scanner.cpp:138)
==268755==    by 0x2F6BBA: YAML::Scanner::EnsureTokensInQueue() (scanner.cpp:78)
==268755==    by 0x2F6A3F: YAML::Scanner::empty() (scanner.cpp:25)
==268755==    by 0x2F392D: YAML::Parser::ParseDirectives() (parser.cpp:44)
==268755== 
==268755== 64 bytes in 1 blocks are still reachable in loss record 1,348 of 2,004
==268755==    at 0x4849013: operator new(unsigned long) (in /usr/libexec/valgrind/vgpreload_memcheck-amd64-linux.so)
==268755==    by 0x2E83A3: __gnu_cxx::new_allocator<YAML::RegEx>::allocate(unsigned long, void const*) (new_allocator.h:127)
==268755==    by 0x2E82B6: std::allocator_traits<std::allocator<YAML::RegEx> >::allocate(std::allocator<YAML::RegEx>&, unsigned long) (alloc_traits.h:464)
==268755==    by 0x2E80FD: std::_Vector_base<YAML::RegEx, std::allocator<YAML::RegEx> >::_M_allocate(unsigned long) (stl_vector.h:346)
==268755==    by 0x2F5FCC: void std::vector<YAML::RegEx, std::allocator<YAML::RegEx> >::_M_realloc_insert<YAML::RegEx const&>(__gnu_cxx::__normal_iterator<YAML::RegEx*, std::vector<YAML::RegEx, std::allocator<YAML::RegEx> > >, YAML::RegEx const&) (vector.tcc:440)
==268755==    by 0x2F5DB9: std::vector<YAML::RegEx, std::allocator<YAML::RegEx> >::push_back(YAML::RegEx const&) (stl_vector.h:1198)
==268755==    by 0x2F5B7C: YAML::operator+(YAML::RegEx const&, YAML::RegEx const&) (regex_yaml.cpp:40)
==268755==    by 0x2F8EA5: YAML::Exp::Value() (exp.h:109)
==268755==    by 0x2F72EA: YAML::Scanner::GetValueRegex() const (scanner.cpp:239)
==268755==    by 0x2F6E4D: YAML::Scanner::ScanNextToken() (scanner.cpp:142)
==268755==    by 0x2F6BBA: YAML::Scanner::EnsureTokensInQueue() (scanner.cpp:78)
==268755==    by 0x2F6A3F: YAML::Scanner::empty() (scanner.cpp:25)
==268755== 
==268755== 64 bytes in 1 blocks are still reachable in loss record 1,349 of 2,004
==268755==    at 0x4849013: operator new(unsigned long) (in /usr/libexec/valgrind/vgpreload_memcheck-amd64-linux.so)
==268755==    by 0x2E83A3: __gnu_cxx::new_allocator<YAML::RegEx>::allocate(unsigned long, void const*) (new_allocator.h:127)
==268755==    by 0x2E82B6: std::allocator_traits<std::allocator<YAML::RegEx> >::allocate(std::allocator<YAML::RegEx>&, unsigned long) (alloc_traits.h:464)
==268755==    by 0x2E80FD: std::_Vector_base<YAML::RegEx, std::allocator<YAML::RegEx> >::_M_allocate(unsigned long) (stl_vector.h:346)
==268755==    by 0x2F5FCC: void std::vector<YAML::RegEx, std::allocator<YAML::RegEx> >::_M_realloc_insert<YAML::RegEx const&>(__gnu_cxx::__normal_iterator<YAML::RegEx*, std::vector<YAML::RegEx, std::allocator<YAML::RegEx> > >, YAML::RegEx const&) (vector.tcc:440)
==268755==    by 0x2F5DB9: std::vector<YAML::RegEx, std::allocator<YAML::RegEx> >::push_back(YAML::RegEx const&) (stl_vector.h:1198)
==268755==    by 0x2F5B7C: YAML::operator+(YAML::RegEx const&, YAML::RegEx const&) (regex_yaml.cpp:40)
==268755==    by 0x2E6E11: YAML::Exp::EndScalar() (exp.h:166)
==268755==    by 0x3030F5: YAML::Exp::ScanScalarEnd() (exp.h:182)
==268755==    by 0x301866: YAML::Scanner::ScanPlainScalar() (scantoken.cpp:301)
==268755==    by 0x2F6FA8: YAML::Scanner::ScanNextToken() (scanner.cpp:169)
==268755==    by 0x2F6BBA: YAML::Scanner::EnsureTokensInQueue() (scanner.cpp:78)
==268755== 
==268755== 64 bytes in 1 blocks are still reachable in loss record 1,350 of 2,004
==268755==    at 0x4849013: operator new(unsigned long) (in /usr/libexec/valgrind/vgpreload_memcheck-amd64-linux.so)
==268755==    by 0x2E83A3: __gnu_cxx::new_allocator<YAML::RegEx>::allocate(unsigned long, void const*) (new_allocator.h:127)
==268755==    by 0x2E82B6: std::allocator_traits<std::allocator<YAML::RegEx> >::allocate(std::allocator<YAML::RegEx>&, unsigned long) (alloc_traits.h:464)
==268755==    by 0x2E80FD: std::_Vector_base<YAML::RegEx, std::allocator<YAML::RegEx> >::_M_allocate(unsigned long) (stl_vector.h:346)
==268755==    by 0x2F5FCC: void std::vector<YAML::RegEx, std::allocator<YAML::RegEx> >::_M_realloc_insert<YAML::RegEx const&>(__gnu_cxx::__normal_iterator<YAML::RegEx*, std::vector<YAML::RegEx, std::allocator<YAML::RegEx> > >, YAML::RegEx const&) (vector.tcc:440)
==268755==    by 0x2F5DB9: std::vector<YAML::RegEx, std::allocator<YAML::RegEx> >::push_back(YAML::RegEx const&) (stl_vector.h:1198)
==268755==    by 0x2F5A78: YAML::operator|(YAML::RegEx const&, YAML::RegEx const&) (regex_yaml.cpp:26)
==268755==    by 0x30310E: YAML::Exp::ScanScalarEnd() (exp.h:182)
==268755==    by 0x301866: YAML::Scanner::ScanPlainScalar() (scantoken.cpp:301)
==268755==    by 0x2F6FA8: YAML::Scanner::ScanNextToken() (scanner.cpp:169)
==268755==    by 0x2F6BBA: YAML::Scanner::EnsureTokensInQueue() (scanner.cpp:78)
==268755==    by 0x2F6A3F: YAML::Scanner::empty() (scanner.cpp:25)
==268755== 
==268755== 64 bytes in 1 blocks are still reachable in loss record 1,351 of 2,004
==268755==    at 0x4849013: operator new(unsigned long) (in /usr/libexec/valgrind/vgpreload_memcheck-amd64-linux.so)
==268755==    by 0x2E83A3: __gnu_cxx::new_allocator<YAML::RegEx>::allocate(unsigned long, void const*) (new_allocator.h:127)
==268755==    by 0x2E82B6: std::allocator_traits<std::allocator<YAML::RegEx> >::allocate(std::allocator<YAML::RegEx>&, unsigned long) (alloc_traits.h:464)
==268755==    by 0x2E80FD: std::_Vector_base<YAML::RegEx, std::allocator<YAML::RegEx> >::_M_allocate(unsigned long) (stl_vector.h:346)
==268755==    by 0x2F5FCC: void std::vector<YAML::RegEx, std::allocator<YAML::RegEx> >::_M_realloc_insert<YAML::RegEx const&>(__gnu_cxx::__normal_iterator<YAML::RegEx*, std::vector<YAML::RegEx, std::allocator<YAML::RegEx> > >, YAML::RegEx const&) (vector.tcc:440)
==268755==    by 0x2F5DB9: std::vector<YAML::RegEx, std::allocator<YAML::RegEx> >::push_back(YAML::RegEx const&) (stl_vector.h:1198)
==268755==    by 0x2F5A78: YAML::operator|(YAML::RegEx const&, YAML::RegEx const&) (regex_yaml.cpp:26)
==268755==    by 0x312D8B: YAML::Exp::DocIndicator() (exp.h:93)
==268755==    by 0x311ED0: YAML::ScanScalar[abi:cxx11](YAML::Stream&, YAML::ScanScalarParams&) (scanscalar.cpp:47)
==268755==    by 0x301932: YAML::Scanner::ScanPlainScalar() (scantoken.cpp:315)
==268755==    by 0x2F6FA8: YAML::Scanner::ScanNextToken() (scanner.cpp:169)
==268755==    by 0x2F6BBA: YAML::Scanner::EnsureTokensInQueue() (scanner.cpp:78)
==268755== 
==268755== 64 bytes in 1 blocks are still reachable in loss record 1,352 of 2,004
==268755==    at 0x4849013: operator new(unsigned long) (in /usr/libexec/valgrind/vgpreload_memcheck-amd64-linux.so)
==268755==    by 0x13CEE1: __gnu_cxx::new_allocator<YAML::detail::node*>::allocate(unsigned long, void const*) (new_allocator.h:127)
==268755==    by 0x13CD32: allocate (allocator.h:185)
==268755==    by 0x13CD32: std::allocator_traits<std::allocator<YAML::detail::node*> >::allocate(std::allocator<YAML::detail::node*>&, unsigned long) (alloc_traits.h:464)
==268755==    by 0x13CBE3: std::_Vector_base<YAML::detail::node*, std::allocator<YAML::detail::node*> >::_M_allocate(unsigned long) (stl_vector.h:346)
==268755==    by 0x13C852: void std::vector<YAML::detail::node*, std::allocator<YAML::detail::node*> >::_M_realloc_insert<YAML::detail::node*>(__gnu_cxx::__normal_iterator<YAML::detail::node**, std::vector<YAML::detail::node*, std::allocator<YAML::detail::node*> > >, YAML::detail::node*&&) (vector.tcc:440)
==268755==    by 0x13C69B: YAML::detail::node*& std::vector<YAML::detail::node*, std::allocator<YAML::detail::node*> >::emplace_back<YAML::detail::node*>(YAML::detail::node*&&) (vector.tcc:121)
==268755==    by 0x13BEB7: std::vector<YAML::detail::node*, std::allocator<YAML::detail::node*> >::push_back(YAML::detail::node*&&) (stl_vector.h:1204)
==268755==    by 0x2EB809: YAML::detail::node_data::push_back(YAML::detail::node&, std::shared_ptr<YAML::detail::memory_holder> const&) (node_data.cpp:189)
==268755==    by 0x31092D: YAML::detail::node_ref::push_back(YAML::detail::node&, std::shared_ptr<YAML::detail::memory_holder>) (node_ref.h:55)
==268755==    by 0x310ACA: YAML::detail::node::push_back(YAML::detail::node&, std::shared_ptr<YAML::detail::memory_holder>) (node.h:115)
==268755==    by 0x31061E: YAML::NodeBuilder::Pop() (nodebuilder.cpp:112)
==268755==    by 0x310388: YAML::NodeBuilder::OnMapEnd() (nodebuilder.cpp:77)
==268755== 
==268755== 64 bytes in 1 blocks are still reachable in loss record 1,353 of 2,004
==268755==    at 0x4849013: operator new(unsigned long) (in /usr/libexec/valgrind/vgpreload_memcheck-amd64-linux.so)
==268755==    by 0x2E83A3: __gnu_cxx::new_allocator<YAML::RegEx>::allocate(unsigned long, void const*) (new_allocator.h:127)
==268755==    by 0x2E82B6: std::allocator_traits<std::allocator<YAML::RegEx> >::allocate(std::allocator<YAML::RegEx>&, unsigned long) (alloc_traits.h:464)
==268755==    by 0x2E80FD: std::_Vector_base<YAML::RegEx, std::allocator<YAML::RegEx> >::_M_allocate(unsigned long) (stl_vector.h:346)
==268755==    by 0x2F5FCC: void std::vector<YAML::RegEx, std::allocator<YAML::RegEx> >::_M_realloc_insert<YAML::RegEx const&>(__gnu_cxx::__normal_iterator<YAML::RegEx*, std::vector<YAML::RegEx, std::allocator<YAML::RegEx> > >, YAML::RegEx const&) (vector.tcc:440)
==268755==    by 0x2F5DB9: std::vector<YAML::RegEx, std::allocator<YAML::RegEx> >::push_back(YAML::RegEx const&) (stl_vector.h:1198)
==268755==    by 0x2F5B7C: YAML::operator+(YAML::RegEx const&, YAML::RegEx const&) (regex_yaml.cpp:40)
==268755==    by 0x312E8E: YAML::Exp::EscBreak() (exp.h:190)
==268755==    by 0x311FE6: YAML::ScanScalar[abi:cxx11](YAML::Stream&, YAML::ScanScalarParams&) (scanscalar.cpp:60)
==268755==    by 0x301C23: YAML::Scanner::ScanQuotedScalar() (scantoken.cpp:361)
==268755==    by 0x2F6F68: YAML::Scanner::ScanNextToken() (scanner.cpp:163)
==268755==    by 0x2F6BBA: YAML::Scanner::EnsureTokensInQueue() (scanner.cpp:78)
==268755== 
==268755== 64 bytes in 1 blocks are still reachable in loss record 1,354 of 2,004
==268755==    at 0x4848899: malloc (in /usr/libexec/valgrind/vgpreload_memcheck-amd64-linux.so)
==268755==    by 0x52E7B57: __nss_action_allocate (nss_action.c:90)
==268755==    by 0x52E8084: __nss_action_parse (nss_action_parse.c:177)
==268755==    by 0x52E86CA: nss_database_select_default (nss_database.c:166)
==268755==    by 0x52E86CA: nss_database_reload (nss_database.c:368)
==268755==    by 0x52E86CA: nss_database_check_reload_and_get (nss_database.c:448)
==268755==    by 0x52E658B: __nss_services_lookup2 (XXX-lookup.c:52)
==268755==    by 0x52CBC3A: getservbyname_r@@GLIBC_2.2.5 (getXXbyYY_r.c:264)
==268755==    by 0x52CBAE6: getservbyname (getXXbyYY.c:135)
==268755==    by 0x488FB6C: mysql_server_init (in /usr/lib/x86_64-linux-gnu/libmysqlclient.so.21.2.42)
==268755==    by 0x1ED98C: cpp_dbc::MySQL::MySQLDriver::MySQLDriver() (driver_mysql.cpp:797)
==268755==    by 0x163CB6: decltype (::new ((void*)(0)) cpp_dbc::MySQL::MySQLDriver()) std::construct_at<cpp_dbc::MySQL::MySQLDriver>(cpp_dbc::MySQL::MySQLDriver*) (stl_construct.h:97)
==268755==    by 0x163D03: void std::allocator_traits<std::allocator<cpp_dbc::MySQL::MySQLDriver> >::construct<cpp_dbc::MySQL::MySQLDriver>(std::allocator<cpp_dbc::MySQL::MySQLDriver>&, cpp_dbc::MySQL::MySQLDriver*) (alloc_traits.h:518)
==268755==    by 0x163861: std::_Sp_counted_ptr_inplace<cpp_dbc::MySQL::MySQLDriver, std::allocator<cpp_dbc::MySQL::MySQLDriver>, (__gnu_cxx::_Lock_policy)2>::_Sp_counted_ptr_inplace<>(std::allocator<cpp_dbc::MySQL::MySQLDriver>) (shared_ptr_base.h:519)
==268755== 
==268755== 64 bytes in 1 blocks are still reachable in loss record 1,355 of 2,004
==268755==    at 0x4849013: operator new(unsigned long) (in /usr/libexec/valgrind/vgpreload_memcheck-amd64-linux.so)
==268755==    by 0x1DF06F: __gnu_cxx::new_allocator<std::shared_ptr<cpp_dbc::PooledConnection>*>::allocate(unsigned long, void const*) (new_allocator.h:127)
==268755==    by 0x1DCF4C: allocate (allocator.h:185)
==268755==    by 0x1DCF4C: std::allocator_traits<std::allocator<std::shared_ptr<cpp_dbc::PooledConnection>*> >::allocate(std::allocator<std::shared_ptr<cpp_dbc::PooledConnection>*>&, unsigned long) (alloc_traits.h:464)
==268755==    by 0x1DB787: std::_Deque_base<std::shared_ptr<cpp_dbc::PooledConnection>, std::allocator<std::shared_ptr<cpp_dbc::PooledConnection> > >::_M_allocate_map(unsigned long) (stl_deque.h:576)
==268755==    by 0x1D9683: std::_Deque_base<std::shared_ptr<cpp_dbc::PooledConnection>, std::allocator<std::shared_ptr<cpp_dbc::PooledConnection> > >::_M_initialize_map(unsigned long) (stl_deque.h:625)
==268755==    by 0x1D7D13: std::_Deque_base<std::shared_ptr<cpp_dbc::PooledConnection>, std::allocator<std::shared_ptr<cpp_dbc::PooledConnection> > >::_Deque_base() (stl_deque.h:439)
==268755==    by 0x1D6C5B: std::deque<std::shared_ptr<cpp_dbc::PooledConnection>, std::allocator<std::shared_ptr<cpp_dbc::PooledConnection> > >::deque() (stl_deque.h:834)
==268755==    by 0x1D6CCE: std::queue<std::shared_ptr<cpp_dbc::PooledConnection>, std::deque<std::shared_ptr<cpp_dbc::PooledConnection>, std::allocator<std::shared_ptr<cpp_dbc::PooledConnection> > > >::queue<std::deque<std::shared_ptr<cpp_dbc::PooledConnection>, std::allocator<std::shared_ptr<cpp_dbc::PooledConnection> > >, void>() (stl_queue.h:167)
==268755==    by 0x1D3692: cpp_dbc::ConnectionPool::ConnectionPool(cpp_dbc::config::ConnectionPoolConfig const&) (connection_pool.cpp:73)
==268755==    by 0x1D5F84: cpp_dbc::MySQL::MySQLConnectionPool::MySQLConnectionPool(cpp_dbc::config::ConnectionPoolConfig const&) (connection_pool.cpp:851)
==268755==    by 0x1B6B6A: decltype (::new ((void*)(0)) cpp_dbc::MySQL::MySQLConnectionPool((declval<cpp_dbc::config::ConnectionPoolConfig&>)())) std::construct_at<cpp_dbc::MySQL::MySQLConnectionPool, cpp_dbc::config::ConnectionPoolConfig&>(cpp_dbc::MySQL::MySQLConnectionPool*, cpp_dbc::config::ConnectionPoolConfig&) (stl_construct.h:97)
==268755==    by 0x1B6BCD: void std::allocator_traits<std::allocator<cpp_dbc::MySQL::MySQLConnectionPool> >::construct<cpp_dbc::MySQL::MySQLConnectionPool, cpp_dbc::config::ConnectionPoolConfig&>(std::allocator<cpp_dbc::MySQL::MySQLConnectionPool>&, cpp_dbc::MySQL::MySQLConnectionPool*, cpp_dbc::config::ConnectionPoolConfig&) (alloc_traits.h:518)
==268755== 
==268755== 64 bytes in 4 blocks are still reachable in loss record 1,356 of 2,004
==268755==    at 0x4849013: operator new(unsigned long) (in /usr/libexec/valgrind/vgpreload_memcheck-amd64-linux.so)
==268755==    by 0x2E8BDC: YAML::detail::node::node() (node.h:27)
==268755==    by 0x2E896A: YAML::detail::memory::create_node() (memory.cpp:17)
==268755==    by 0x1348BD: YAML::detail::memory_holder::create_node() (memory.h:38)
==268755==    by 0x3103BB: YAML::NodeBuilder::Push(YAML::Mark const&, unsigned long) (nodebuilder.cpp:81)
==268755==    by 0x3102D2: YAML::NodeBuilder::OnMapStart(YAML::Mark const&, std::__cxx11::basic_string<char, std::char_traits<char>, std::allocator<char> > const&, unsigned long, YAML::EmitterStyle::value) (nodebuilder.cpp:67)
==268755==    by 0x306B16: YAML::SingleDocParser::HandleNode(YAML::EventHandler&) (singledocparser.cpp:127)
==268755==    by 0x307975: YAML::SingleDocParser::HandleBlockMap(YAML::EventHandler&) (singledocparser.cpp:281)
==268755==    by 0x30762F: YAML::SingleDocParser::HandleMap(YAML::EventHandler&) (singledocparser.cpp:235)
==268755==    by 0x306B2F: YAML::SingleDocParser::HandleNode(YAML::EventHandler&) (singledocparser.cpp:128)
==268755==    by 0x307975: YAML::SingleDocParser::HandleBlockMap(YAML::EventHandler&) (singledocparser.cpp:281)
==268755==    by 0x30762F: YAML::SingleDocParser::HandleMap(YAML::EventHandler&) (singledocparser.cpp:235)
==268755== 
==268755== 64 bytes in 4 blocks are still reachable in loss record 1,357 of 2,004
==268755==    at 0x4848899: malloc (in /usr/libexec/valgrind/vgpreload_memcheck-amd64-linux.so)
==268755==    by 0x561679D: CRYPTO_zalloc (in /usr/lib/x86_64-linux-gnu/libcrypto.so.3)
==268755==    by 0x5619506: ??? (in /usr/lib/x86_64-linux-gnu/libcrypto.so.3)
==268755==    by 0x5615E27: ??? (in /usr/lib/x86_64-linux-gnu/libcrypto.so.3)
==268755==    by 0x5615B8A: ??? (in /usr/lib/x86_64-linux-gnu/libcrypto.so.3)
==268755==    by 0x56F4A6B: ??? (in /usr/lib/x86_64-linux-gnu/libcrypto.so.3)
==268755==    by 0x55EC302: EVP_CIPHER_fetch (in /usr/lib/x86_64-linux-gnu/libcrypto.so.3)
==268755==    by 0x53F137A: ??? (in /usr/lib/x86_64-linux-gnu/libssl.so.3)
==268755==    by 0x53F5161: SSL_CTX_new_ex (in /usr/lib/x86_64-linux-gnu/libssl.so.3)
==268755==    by 0x48F8280: ??? (in /usr/lib/x86_64-linux-gnu/libmysqlclient.so.21.2.42)
==268755==    by 0x489A042: ??? (in /usr/lib/x86_64-linux-gnu/libmysqlclient.so.21.2.42)
==268755==    by 0x489AD71: ??? (in /usr/lib/x86_64-linux-gnu/libmysqlclient.so.21.2.42)
==268755== 
==268755== 64 bytes in 4 blocks are still reachable in loss record 1,358 of 2,004
==268755==    at 0x4848899: malloc (in /usr/libexec/valgrind/vgpreload_memcheck-amd64-linux.so)
==268755==    by 0x561679D: CRYPTO_zalloc (in /usr/lib/x86_64-linux-gnu/libcrypto.so.3)
==268755==    by 0x5619506: ??? (in /usr/lib/x86_64-linux-gnu/libcrypto.so.3)
==268755==    by 0x5615E27: ??? (in /usr/lib/x86_64-linux-gnu/libcrypto.so.3)
==268755==    by 0x5615F09: ??? (in /usr/lib/x86_64-linux-gnu/libcrypto.so.3)
==268755==    by 0x5615BFC: ??? (in /usr/lib/x86_64-linux-gnu/libcrypto.so.3)
==268755==    by 0x56F4A6B: ??? (in /usr/lib/x86_64-linux-gnu/libcrypto.so.3)
==268755==    by 0x55EC302: EVP_CIPHER_fetch (in /usr/lib/x86_64-linux-gnu/libcrypto.so.3)
==268755==    by 0x53F137A: ??? (in /usr/lib/x86_64-linux-gnu/libssl.so.3)
==268755==    by 0x53F5161: SSL_CTX_new_ex (in /usr/lib/x86_64-linux-gnu/libssl.so.3)
==268755==    by 0x48F8280: ??? (in /usr/lib/x86_64-linux-gnu/libmysqlclient.so.21.2.42)
==268755==    by 0x489A042: ??? (in /usr/lib/x86_64-linux-gnu/libmysqlclient.so.21.2.42)
==268755== 
==268755== 64 bytes in 4 blocks are still reachable in loss record 1,359 of 2,004
==268755==    at 0x4848899: malloc (in /usr/libexec/valgrind/vgpreload_memcheck-amd64-linux.so)
==268755==    by 0x561679D: CRYPTO_zalloc (in /usr/lib/x86_64-linux-gnu/libcrypto.so.3)
==268755==    by 0x5619506: ??? (in /usr/lib/x86_64-linux-gnu/libcrypto.so.3)
==268755==    by 0x5615E27: ??? (in /usr/lib/x86_64-linux-gnu/libcrypto.so.3)
==268755==    by 0x5615F35: ??? (in /usr/lib/x86_64-linux-gnu/libcrypto.so.3)
==268755==    by 0x5615BFC: ??? (in /usr/lib/x86_64-linux-gnu/libcrypto.so.3)
==268755==    by 0x56F4A6B: ??? (in /usr/lib/x86_64-linux-gnu/libcrypto.so.3)
==268755==    by 0x55EC302: EVP_CIPHER_fetch (in /usr/lib/x86_64-linux-gnu/libcrypto.so.3)
==268755==    by 0x53F137A: ??? (in /usr/lib/x86_64-linux-gnu/libssl.so.3)
==268755==    by 0x53F5161: SSL_CTX_new_ex (in /usr/lib/x86_64-linux-gnu/libssl.so.3)
==268755==    by 0x48F8280: ??? (in /usr/lib/x86_64-linux-gnu/libmysqlclient.so.21.2.42)
==268755==    by 0x489A042: ??? (in /usr/lib/x86_64-linux-gnu/libmysqlclient.so.21.2.42)
==268755== 
==268755== 64 bytes in 4 blocks are still reachable in loss record 1,360 of 2,004
==268755==    at 0x4849013: operator new(unsigned long) (in /usr/libexec/valgrind/vgpreload_memcheck-amd64-linux.so)
==268755==    by 0x1F55B1: __gnu_cxx::new_allocator<long>::allocate(unsigned long, void const*) (new_allocator.h:127)
==268755==    by 0x1F397B: allocate (allocator.h:185)
==268755==    by 0x1F397B: std::allocator_traits<std::allocator<long> >::allocate(std::allocator<long>&, unsigned long) (alloc_traits.h:464)
==268755==    by 0x1F2695: std::_Vector_base<long, std::allocator<long> >::_M_allocate(unsigned long) (stl_vector.h:346)
==268755==    by 0x1F0F19: std::vector<long, std::allocator<long> >::_M_default_append(unsigned long) (vector.tcc:635)
==268755==    by 0x1EF710: std::vector<long, std::allocator<long> >::resize(unsigned long) (stl_vector.h:940)
==268755==    by 0x1E9DDF: cpp_dbc::MySQL::MySQLPreparedStatement::MySQLPreparedStatement(MYSQL*, std::__cxx11::basic_string<char, std::char_traits<char>, std::allocator<char> > const&) (driver_mysql.cpp:284)
==268755==    by 0x1F66A8: decltype (::new ((void*)(0)) cpp_dbc::MySQL::MySQLPreparedStatement((declval<MYSQL*&>)(), (declval<std::__cxx11::basic_string<char, std::char_traits<char>, std::allocator<char> > const&>)())) std::construct_at<cpp_dbc::MySQL::MySQLPreparedStatement, MYSQL*&, std::__cxx11::basic_string<char, std::char_traits<char>, std::allocator<char> > const&>(cpp_dbc::MySQL::MySQLPreparedStatement*, MYSQL*&, std::__cxx11::basic_string<char, std::char_traits<char>, std::allocator<char> > const&) (stl_construct.h:97)
==268755==    by 0x1F6724: void std::allocator_traits<std::allocator<cpp_dbc::MySQL::MySQLPreparedStatement> >::construct<cpp_dbc::MySQL::MySQLPreparedStatement, MYSQL*&, std::__cxx11::basic_string<char, std::char_traits<char>, std::allocator<char> > const&>(std::allocator<cpp_dbc::MySQL::MySQLPreparedStatement>&, cpp_dbc::MySQL::MySQLPreparedStatement*, MYSQL*&, std::__cxx11::basic_string<char, std::char_traits<char>, std::allocator<char> > const&) (alloc_traits.h:518)
==268755==    by 0x1F5C74: std::_Sp_counted_ptr_inplace<cpp_dbc::MySQL::MySQLPreparedStatement, std::allocator<cpp_dbc::MySQL::MySQLPreparedStatement>, (__gnu_cxx::_Lock_policy)2>::_Sp_counted_ptr_inplace<MYSQL*&, std::__cxx11::basic_string<char, std::char_traits<char>, std::allocator<char> > const&>(std::allocator<cpp_dbc::MySQL::MySQLPreparedStatement>, MYSQL*&, std::__cxx11::basic_string<char, std::char_traits<char>, std::allocator<char> > const&) (shared_ptr_base.h:519)
==268755==    by 0x1F4CF2: std::__shared_count<(__gnu_cxx::_Lock_policy)2>::__shared_count<cpp_dbc::MySQL::MySQLPreparedStatement, std::allocator<cpp_dbc::MySQL::MySQLPreparedStatement>, MYSQL*&, std::__cxx11::basic_string<char, std::char_traits<char>, std::allocator<char> > const&>(cpp_dbc::MySQL::MySQLPreparedStatement*&, std::_Sp_alloc_shared_tag<std::allocator<cpp_dbc::MySQL::MySQLPreparedStatement> >, MYSQL*&, std::__cxx11::basic_string<char, std::char_traits<char>, std::allocator<char> > const&) (shared_ptr_base.h:650)
==268755==    by 0x1F3D43: std::__shared_ptr<cpp_dbc::MySQL::MySQLPreparedStatement, (__gnu_cxx::_Lock_policy)2>::__shared_ptr<std::allocator<cpp_dbc::MySQL::MySQLPreparedStatement>, MYSQL*&, std::__cxx11::basic_string<char, std::char_traits<char>, std::allocator<char> > const&>(std::_Sp_alloc_shared_tag<std::allocator<cpp_dbc::MySQL::MySQLPreparedStatement> >, MYSQL*&, std::__cxx11::basic_string<char, std::char_traits<char>, std::allocator<char> > const&) (shared_ptr_base.h:1342)
==268755== 
==268755== 64 bytes in 4 blocks are still reachable in loss record 1,361 of 2,004
==268755==    at 0x4849013: operator new(unsigned long) (in /usr/libexec/valgrind/vgpreload_memcheck-amd64-linux.so)
==268755==    by 0x1F571B: __gnu_cxx::new_allocator<double>::allocate(unsigned long, void const*) (new_allocator.h:127)
==268755==    by 0x1F3ACB: allocate (allocator.h:185)
==268755==    by 0x1F3ACB: std::allocator_traits<std::allocator<double> >::allocate(std::allocator<double>&, unsigned long) (alloc_traits.h:464)
==268755==    by 0x1F2847: std::_Vector_base<double, std::allocator<double> >::_M_allocate(unsigned long) (stl_vector.h:346)
==268755==    by 0x1F11BB: std::vector<double, std::allocator<double> >::_M_default_append(unsigned long) (vector.tcc:635)
==268755==    by 0x1EF7A0: std::vector<double, std::allocator<double> >::resize(unsigned long) (stl_vector.h:940)
==268755==    by 0x1E9DF9: cpp_dbc::MySQL::MySQLPreparedStatement::MySQLPreparedStatement(MYSQL*, std::__cxx11::basic_string<char, std::char_traits<char>, std::allocator<char> > const&) (driver_mysql.cpp:285)
==268755==    by 0x1F66A8: decltype (::new ((void*)(0)) cpp_dbc::MySQL::MySQLPreparedStatement((declval<MYSQL*&>)(), (declval<std::__cxx11::basic_string<char, std::char_traits<char>, std::allocator<char> > const&>)())) std::construct_at<cpp_dbc::MySQL::MySQLPreparedStatement, MYSQL*&, std::__cxx11::basic_string<char, std::char_traits<char>, std::allocator<char> > const&>(cpp_dbc::MySQL::MySQLPreparedStatement*, MYSQL*&, std::__cxx11::basic_string<char, std::char_traits<char>, std::allocator<char> > const&) (stl_construct.h:97)
==268755==    by 0x1F6724: void std::allocator_traits<std::allocator<cpp_dbc::MySQL::MySQLPreparedStatement> >::construct<cpp_dbc::MySQL::MySQLPreparedStatement, MYSQL*&, std::__cxx11::basic_string<char, std::char_traits<char>, std::allocator<char> > const&>(std::allocator<cpp_dbc::MySQL::MySQLPreparedStatement>&, cpp_dbc::MySQL::MySQLPreparedStatement*, MYSQL*&, std::__cxx11::basic_string<char, std::char_traits<char>, std::allocator<char> > const&) (alloc_traits.h:518)
==268755==    by 0x1F5C74: std::_Sp_counted_ptr_inplace<cpp_dbc::MySQL::MySQLPreparedStatement, std::allocator<cpp_dbc::MySQL::MySQLPreparedStatement>, (__gnu_cxx::_Lock_policy)2>::_Sp_counted_ptr_inplace<MYSQL*&, std::__cxx11::basic_string<char, std::char_traits<char>, std::allocator<char> > const&>(std::allocator<cpp_dbc::MySQL::MySQLPreparedStatement>, MYSQL*&, std::__cxx11::basic_string<char, std::char_traits<char>, std::allocator<char> > const&) (shared_ptr_base.h:519)
==268755==    by 0x1F4CF2: std::__shared_count<(__gnu_cxx::_Lock_policy)2>::__shared_count<cpp_dbc::MySQL::MySQLPreparedStatement, std::allocator<cpp_dbc::MySQL::MySQLPreparedStatement>, MYSQL*&, std::__cxx11::basic_string<char, std::char_traits<char>, std::allocator<char> > const&>(cpp_dbc::MySQL::MySQLPreparedStatement*&, std::_Sp_alloc_shared_tag<std::allocator<cpp_dbc::MySQL::MySQLPreparedStatement> >, MYSQL*&, std::__cxx11::basic_string<char, std::char_traits<char>, std::allocator<char> > const&) (shared_ptr_base.h:650)
==268755==    by 0x1F3D43: std::__shared_ptr<cpp_dbc::MySQL::MySQLPreparedStatement, (__gnu_cxx::_Lock_policy)2>::__shared_ptr<std::allocator<cpp_dbc::MySQL::MySQLPreparedStatement>, MYSQL*&, std::__cxx11::basic_string<char, std::char_traits<char>, std::allocator<char> > const&>(std::_Sp_alloc_shared_tag<std::allocator<cpp_dbc::MySQL::MySQLPreparedStatement> >, MYSQL*&, std::__cxx11::basic_string<char, std::char_traits<char>, std::allocator<char> > const&) (shared_ptr_base.h:1342)
==268755== 
==268755== 65 bytes in 1 blocks are still reachable in loss record 1,362 of 2,004
==268755==    at 0x4849013: operator new(unsigned long) (in /usr/libexec/valgrind/vgpreload_memcheck-amd64-linux.so)
==268755==    by 0x130468: __gnu_cxx::new_allocator<char>::allocate(unsigned long, void const*) (new_allocator.h:127)
==268755==    by 0x12F934: allocate (allocator.h:185)
==268755==    by 0x12F934: std::allocator_traits<std::allocator<char> >::allocate(std::allocator<char>&, unsigned long) (alloc_traits.h:464)
==268755==    by 0x12FCCD: std::__cxx11::basic_string<char, std::char_traits<char>, std::allocator<char> >::_M_create(unsigned long&, unsigned long) (basic_string.tcc:153)
==268755==    by 0x14FFB1: std::__cxx11::basic_string<char, std::char_traits<char>, std::allocator<char> >::reserve(unsigned long) (basic_string.tcc:291)
==268755==    by 0x213D58: Catch::TestCaseInfo::TestCaseInfo(Catch::StringRef, Catch::NameAndTags const&, Catch::SourceLineInfo const&) (catch_test_case_info.cpp:132)
==268755==    by 0x214A8E: Catch::Detail::unique_ptr<Catch::TestCaseInfo> Catch::Detail::make_unique<Catch::TestCaseInfo, Catch::StringRef&, Catch::NameAndTags const&, Catch::SourceLineInfo const&>(Catch::StringRef&, Catch::NameAndTags const&, Catch::SourceLineInfo const&) (catch_unique_ptr.hpp:111)
==268755==    by 0x213B99: Catch::makeTestCaseInfo(Catch::StringRef, Catch::NameAndTags const&, Catch::SourceLineInfo const&) (catch_test_case_info.cpp:118)
==268755==    by 0x26E957: Catch::AutoReg::AutoReg(Catch::Detail::unique_ptr<Catch::ITestInvoker>, Catch::SourceLineInfo const&, Catch::StringRef, Catch::NameAndTags const&) (catch_test_registry.cpp:59)
==268755==    by 0x1C7058: __static_initialization_and_destruction_0(int, int) (test_connection_pool_real.cpp:214)
==268755==    by 0x1C7092: _GLOBAL__sub_I_test_connection_pool_real.cpp (test_connection_pool_real.cpp:326)
==268755==    by 0x51BBEBA: call_init (libc-start.c:145)
==268755==    by 0x51BBEBA: __libc_start_main@@GLIBC_2.34 (libc-start.c:379)
==268755== 
==268755== 68 bytes in 1 blocks are still reachable in loss record 1,363 of 2,004
==268755==    at 0x4849013: operator new(unsigned long) (in /usr/libexec/valgrind/vgpreload_memcheck-amd64-linux.so)
==268755==    by 0x130468: __gnu_cxx::new_allocator<char>::allocate(unsigned long, void const*) (new_allocator.h:127)
==268755==    by 0x12F934: allocate (allocator.h:185)
==268755==    by 0x12F934: std::allocator_traits<std::allocator<char> >::allocate(std::allocator<char>&, unsigned long) (alloc_traits.h:464)
==268755==    by 0x12FCCD: std::__cxx11::basic_string<char, std::char_traits<char>, std::allocator<char> >::_M_create(unsigned long&, unsigned long) (basic_string.tcc:153)
==268755==    by 0x14FFB1: std::__cxx11::basic_string<char, std::char_traits<char>, std::allocator<char> >::reserve(unsigned long) (basic_string.tcc:291)
==268755==    by 0x213D58: Catch::TestCaseInfo::TestCaseInfo(Catch::StringRef, Catch::NameAndTags const&, Catch::SourceLineInfo const&) (catch_test_case_info.cpp:132)
==268755==    by 0x214A8E: Catch::Detail::unique_ptr<Catch::TestCaseInfo> Catch::Detail::make_unique<Catch::TestCaseInfo, Catch::StringRef&, Catch::NameAndTags const&, Catch::SourceLineInfo const&>(Catch::StringRef&, Catch::NameAndTags const&, Catch::SourceLineInfo const&) (catch_unique_ptr.hpp:111)
==268755==    by 0x213B99: Catch::makeTestCaseInfo(Catch::StringRef, Catch::NameAndTags const&, Catch::SourceLineInfo const&) (catch_test_case_info.cpp:118)
==268755==    by 0x26E957: Catch::AutoReg::AutoReg(Catch::Detail::unique_ptr<Catch::ITestInvoker>, Catch::SourceLineInfo const&, Catch::StringRef, Catch::NameAndTags const&) (catch_test_registry.cpp:59)
==268755==    by 0x1D2735: __static_initialization_and_destruction_0(int, int) (test_transaction_manager_real.cpp:99)
==268755==    by 0x1D283F: _GLOBAL__sub_I_test_transaction_manager_real.cpp (test_transaction_manager_real.cpp:569)
==268755==    by 0x51BBEBA: call_init (libc-start.c:145)
==268755==    by 0x51BBEBA: __libc_start_main@@GLIBC_2.34 (libc-start.c:379)
==268755== 
==268755== 70 bytes in 5 blocks are still reachable in loss record 1,364 of 2,004
==268755==    at 0x4848899: malloc (in /usr/libexec/valgrind/vgpreload_memcheck-amd64-linux.so)
==268755==    by 0x56177D2: CRYPTO_strndup (in /usr/lib/x86_64-linux-gnu/libcrypto.so.3)
==268755==    by 0x5619521: ??? (in /usr/lib/x86_64-linux-gnu/libcrypto.so.3)
==268755==    by 0x5615FC0: ??? (in /usr/lib/x86_64-linux-gnu/libcrypto.so.3)
==268755==    by 0x5615BFC: ??? (in /usr/lib/x86_64-linux-gnu/libcrypto.so.3)
==268755==    by 0x56F4A6B: ??? (in /usr/lib/x86_64-linux-gnu/libcrypto.so.3)
==268755==    by 0x55EC302: EVP_CIPHER_fetch (in /usr/lib/x86_64-linux-gnu/libcrypto.so.3)
==268755==    by 0x53F137A: ??? (in /usr/lib/x86_64-linux-gnu/libssl.so.3)
==268755==    by 0x53F5161: SSL_CTX_new_ex (in /usr/lib/x86_64-linux-gnu/libssl.so.3)
==268755==    by 0x48F8280: ??? (in /usr/lib/x86_64-linux-gnu/libmysqlclient.so.21.2.42)
==268755==    by 0x489A042: ??? (in /usr/lib/x86_64-linux-gnu/libmysqlclient.so.21.2.42)
==268755==    by 0x489AD71: ??? (in /usr/lib/x86_64-linux-gnu/libmysqlclient.so.21.2.42)
==268755== 
==268755== 72 bytes in 1 blocks are still reachable in loss record 1,365 of 2,004
==268755==    at 0x4849013: operator new(unsigned long) (in /usr/libexec/valgrind/vgpreload_memcheck-amd64-linux.so)
==268755==    by 0x2AE371: __gnu_cxx::new_allocator<std::_Rb_tree_node<std::pair<std::__cxx11::basic_string<char, std::char_traits<char>, std::allocator<char> > const, Catch::Detail::unique_ptr<Catch::IReporterFactory> > > >::allocate(unsigned long, void const*) (new_allocator.h:127)
==268755==    by 0x2AE0D3: std::allocator_traits<std::allocator<std::_Rb_tree_node<std::pair<std::__cxx11::basic_string<char, std::char_traits<char>, std::allocator<char> > const, Catch::Detail::unique_ptr<Catch::IReporterFactory> > > > >::allocate(std::allocator<std::_Rb_tree_node<std::pair<std::__cxx11::basic_string<char, std::char_traits<char>, std::allocator<char> > const, Catch::Detail::unique_ptr<Catch::IReporterFactory> > > >&, unsigned long) (alloc_traits.h:464)
==268755==    by 0x2AD9BA: std::_Rb_tree<std::__cxx11::basic_string<char, std::char_traits<char>, std::allocator<char> >, std::pair<std::__cxx11::basic_string<char, std::char_traits<char>, std::allocator<char> > const, Catch::Detail::unique_ptr<Catch::IReporterFactory> >, std::_Select1st<std::pair<std::__cxx11::basic_string<char, std::char_traits<char>, std::allocator<char> > const, Catch::Detail::unique_ptr<Catch::IReporterFactory> > >, Catch::Detail::CaseInsensitiveLess, std::allocator<std::pair<std::__cxx11::basic_string<char, std::char_traits<char>, std::allocator<char> > const, Catch::Detail::unique_ptr<Catch::IReporterFactory> > > >::_M_get_node() (stl_tree.h:561)
==268755==    by 0x2ACBD4: std::_Rb_tree_node<std::pair<std::__cxx11::basic_string<char, std::char_traits<char>, std::allocator<char> > const, Catch::Detail::unique_ptr<Catch::IReporterFactory> > >* std::_Rb_tree<std::__cxx11::basic_string<char, std::char_traits<char>, std::allocator<char> >, std::pair<std::__cxx11::basic_string<char, std::char_traits<char>, std::allocator<char> > const, Catch::Detail::unique_ptr<Catch::IReporterFactory> >, std::_Select1st<std::pair<std::__cxx11::basic_string<char, std::char_traits<char>, std::allocator<char> > const, Catch::Detail::unique_ptr<Catch::IReporterFactory> > >, Catch::Detail::CaseInsensitiveLess, std::allocator<std::pair<std::__cxx11::basic_string<char, std::char_traits<char>, std::allocator<char> > const, Catch::Detail::unique_ptr<Catch::IReporterFactory> > > >::_M_create_node<std::piecewise_construct_t const&, std::tuple<std::__cxx11::basic_string<char, std::char_traits<char>, std::allocator<char> >&&>, std::tuple<> >(std::piecewise_construct_t const&, std::tuple<std::__cxx11::basic_string<char, std::char_traits<char>, std::allocator<char> >&&>&&, std::tuple<>&&) (stl_tree.h:611)
==268755==    by 0x2AC430: std::_Rb_tree_iterator<std::pair<std::__cxx11::basic_string<char, std::char_traits<char>, std::allocator<char> > const, Catch::Detail::unique_ptr<Catch::IReporterFactory> > > std::_Rb_tree<std::__cxx11::basic_string<char, std::char_traits<char>, std::allocator<char> >, std::pair<std::__cxx11::basic_string<char, std::char_traits<char>, std::allocator<char> > const, Catch::Detail::unique_ptr<Catch::IReporterFactory> >, std::_Select1st<std::pair<std::__cxx11::basic_string<char, std::char_traits<char>, std::allocator<char> > const, Catch::Detail::unique_ptr<Catch::IReporterFactory> > >, Catch::Detail::CaseInsensitiveLess, std::allocator<std::pair<std::__cxx11::basic_string<char, std::char_traits<char>, std::allocator<char> > const, Catch::Detail::unique_ptr<Catch::IReporterFactory> > > >::_M_emplace_hint_unique<std::piecewise_construct_t const&, std::tuple<std::__cxx11::basic_string<char, std::char_traits<char>, std::allocator<char> >&&>, std::tuple<> >(std::_Rb_tree_const_iterator<std::pair<std::__cxx11::basic_string<char, std::char_traits<char>, std::allocator<char> > const, Catch::Detail::unique_ptr<Catch::IReporterFactory> > >, std::piecewise_construct_t const&, std::tuple<std::__cxx11::basic_string<char, std::char_traits<char>, std::allocator<char> >&&>&&, std::tuple<>&&) (stl_tree.h:2431)
==268755==    by 0x2AB544: std::map<std::__cxx11::basic_string<char, std::char_traits<char>, std::allocator<char> >, Catch::Detail::unique_ptr<Catch::IReporterFactory>, Catch::Detail::CaseInsensitiveLess, std::allocator<std::pair<std::__cxx11::basic_string<char, std::char_traits<char>, std::allocator<char> > const, Catch::Detail::unique_ptr<Catch::IReporterFactory> > > >::operator[](std::__cxx11::basic_string<char, std::char_traits<char>, std::allocator<char> >&&) (stl_map.h:520)
==268755==    by 0x2AA214: Catch::ReporterRegistry::ReporterRegistry() (catch_reporter_registry.cpp:27)
==268755==    by 0x2A4B71: Catch::(anonymous namespace)::RegistryHub::RegistryHub() (catch_registry_hub.cpp:33)
==268755==    by 0x2A4D15: Catch::Singleton<Catch::(anonymous namespace)::RegistryHub, Catch::IRegistryHub, Catch::IMutableRegistryHub>::Singleton() (catch_singletons.hpp:23)
==268755==    by 0x2A4D81: Catch::Singleton<Catch::(anonymous namespace)::RegistryHub, Catch::IRegistryHub, Catch::IMutableRegistryHub>::getInternal() (catch_singletons.hpp:28)
==268755==    by 0x2A4B03: Catch::Singleton<Catch::(anonymous namespace)::RegistryHub, Catch::IRegistryHub, Catch::IMutableRegistryHub>::getMutable() (catch_singletons.hpp:39)
==268755== 
==268755== 72 bytes in 1 blocks are still reachable in loss record 1,366 of 2,004
==268755==    at 0x4849013: operator new(unsigned long) (in /usr/libexec/valgrind/vgpreload_memcheck-amd64-linux.so)
==268755==    by 0x2AE371: __gnu_cxx::new_allocator<std::_Rb_tree_node<std::pair<std::__cxx11::basic_string<char, std::char_traits<char>, std::allocator<char> > const, Catch::Detail::unique_ptr<Catch::IReporterFactory> > > >::allocate(unsigned long, void const*) (new_allocator.h:127)
==268755==    by 0x2AE0D3: std::allocator_traits<std::allocator<std::_Rb_tree_node<std::pair<std::__cxx11::basic_string<char, std::char_traits<char>, std::allocator<char> > const, Catch::Detail::unique_ptr<Catch::IReporterFactory> > > > >::allocate(std::allocator<std::_Rb_tree_node<std::pair<std::__cxx11::basic_string<char, std::char_traits<char>, std::allocator<char> > const, Catch::Detail::unique_ptr<Catch::IReporterFactory> > > >&, unsigned long) (alloc_traits.h:464)
==268755==    by 0x2AD9BA: std::_Rb_tree<std::__cxx11::basic_string<char, std::char_traits<char>, std::allocator<char> >, std::pair<std::__cxx11::basic_string<char, std::char_traits<char>, std::allocator<char> > const, Catch::Detail::unique_ptr<Catch::IReporterFactory> >, std::_Select1st<std::pair<std::__cxx11::basic_string<char, std::char_traits<char>, std::allocator<char> > const, Catch::Detail::unique_ptr<Catch::IReporterFactory> > >, Catch::Detail::CaseInsensitiveLess, std::allocator<std::pair<std::__cxx11::basic_string<char, std::char_traits<char>, std::allocator<char> > const, Catch::Detail::unique_ptr<Catch::IReporterFactory> > > >::_M_get_node() (stl_tree.h:561)
==268755==    by 0x2ACBD4: std::_Rb_tree_node<std::pair<std::__cxx11::basic_string<char, std::char_traits<char>, std::allocator<char> > const, Catch::Detail::unique_ptr<Catch::IReporterFactory> > >* std::_Rb_tree<std::__cxx11::basic_string<char, std::char_traits<char>, std::allocator<char> >, std::pair<std::__cxx11::basic_string<char, std::char_traits<char>, std::allocator<char> > const, Catch::Detail::unique_ptr<Catch::IReporterFactory> >, std::_Select1st<std::pair<std::__cxx11::basic_string<char, std::char_traits<char>, std::allocator<char> > const, Catch::Detail::unique_ptr<Catch::IReporterFactory> > >, Catch::Detail::CaseInsensitiveLess, std::allocator<std::pair<std::__cxx11::basic_string<char, std::char_traits<char>, std::allocator<char> > const, Catch::Detail::unique_ptr<Catch::IReporterFactory> > > >::_M_create_node<std::piecewise_construct_t const&, std::tuple<std::__cxx11::basic_string<char, std::char_traits<char>, std::allocator<char> >&&>, std::tuple<> >(std::piecewise_construct_t const&, std::tuple<std::__cxx11::basic_string<char, std::char_traits<char>, std::allocator<char> >&&>&&, std::tuple<>&&) (stl_tree.h:611)
==268755==    by 0x2AC430: std::_Rb_tree_iterator<std::pair<std::__cxx11::basic_string<char, std::char_traits<char>, std::allocator<char> > const, Catch::Detail::unique_ptr<Catch::IReporterFactory> > > std::_Rb_tree<std::__cxx11::basic_string<char, std::char_traits<char>, std::allocator<char> >, std::pair<std::__cxx11::basic_string<char, std::char_traits<char>, std::allocator<char> > const, Catch::Detail::unique_ptr<Catch::IReporterFactory> >, std::_Select1st<std::pair<std::__cxx11::basic_string<char, std::char_traits<char>, std::allocator<char> > const, Catch::Detail::unique_ptr<Catch::IReporterFactory> > >, Catch::Detail::CaseInsensitiveLess, std::allocator<std::pair<std::__cxx11::basic_string<char, std::char_traits<char>, std::allocator<char> > const, Catch::Detail::unique_ptr<Catch::IReporterFactory> > > >::_M_emplace_hint_unique<std::piecewise_construct_t const&, std::tuple<std::__cxx11::basic_string<char, std::char_traits<char>, std::allocator<char> >&&>, std::tuple<> >(std::_Rb_tree_const_iterator<std::pair<std::__cxx11::basic_string<char, std::char_traits<char>, std::allocator<char> > const, Catch::Detail::unique_ptr<Catch::IReporterFactory> > >, std::piecewise_construct_t const&, std::tuple<std::__cxx11::basic_string<char, std::char_traits<char>, std::allocator<char> >&&>&&, std::tuple<>&&) (stl_tree.h:2431)
==268755==    by 0x2AB544: std::map<std::__cxx11::basic_string<char, std::char_traits<char>, std::allocator<char> >, Catch::Detail::unique_ptr<Catch::IReporterFactory>, Catch::Detail::CaseInsensitiveLess, std::allocator<std::pair<std::__cxx11::basic_string<char, std::char_traits<char>, std::allocator<char> > const, Catch::Detail::unique_ptr<Catch::IReporterFactory> > > >::operator[](std::__cxx11::basic_string<char, std::char_traits<char>, std::allocator<char> >&&) (stl_map.h:520)
==268755==    by 0x2AA293: Catch::ReporterRegistry::ReporterRegistry() (catch_reporter_registry.cpp:28)
==268755==    by 0x2A4B71: Catch::(anonymous namespace)::RegistryHub::RegistryHub() (catch_registry_hub.cpp:33)
==268755==    by 0x2A4D15: Catch::Singleton<Catch::(anonymous namespace)::RegistryHub, Catch::IRegistryHub, Catch::IMutableRegistryHub>::Singleton() (catch_singletons.hpp:23)
==268755==    by 0x2A4D81: Catch::Singleton<Catch::(anonymous namespace)::RegistryHub, Catch::IRegistryHub, Catch::IMutableRegistryHub>::getInternal() (catch_singletons.hpp:28)
==268755==    by 0x2A4B03: Catch::Singleton<Catch::(anonymous namespace)::RegistryHub, Catch::IRegistryHub, Catch::IMutableRegistryHub>::getMutable() (catch_singletons.hpp:39)
==268755== 
==268755== 72 bytes in 1 blocks are still reachable in loss record 1,367 of 2,004
==268755==    at 0x4849013: operator new(unsigned long) (in /usr/libexec/valgrind/vgpreload_memcheck-amd64-linux.so)
==268755==    by 0x2AE371: __gnu_cxx::new_allocator<std::_Rb_tree_node<std::pair<std::__cxx11::basic_string<char, std::char_traits<char>, std::allocator<char> > const, Catch::Detail::unique_ptr<Catch::IReporterFactory> > > >::allocate(unsigned long, void const*) (new_allocator.h:127)
==268755==    by 0x2AE0D3: std::allocator_traits<std::allocator<std::_Rb_tree_node<std::pair<std::__cxx11::basic_string<char, std::char_traits<char>, std::allocator<char> > const, Catch::Detail::unique_ptr<Catch::IReporterFactory> > > > >::allocate(std::allocator<std::_Rb_tree_node<std::pair<std::__cxx11::basic_string<char, std::char_traits<char>, std::allocator<char> > const, Catch::Detail::unique_ptr<Catch::IReporterFactory> > > >&, unsigned long) (alloc_traits.h:464)
==268755==    by 0x2AD9BA: std::_Rb_tree<std::__cxx11::basic_string<char, std::char_traits<char>, std::allocator<char> >, std::pair<std::__cxx11::basic_string<char, std::char_traits<char>, std::allocator<char> > const, Catch::Detail::unique_ptr<Catch::IReporterFactory> >, std::_Select1st<std::pair<std::__cxx11::basic_string<char, std::char_traits<char>, std::allocator<char> > const, Catch::Detail::unique_ptr<Catch::IReporterFactory> > >, Catch::Detail::CaseInsensitiveLess, std::allocator<std::pair<std::__cxx11::basic_string<char, std::char_traits<char>, std::allocator<char> > const, Catch::Detail::unique_ptr<Catch::IReporterFactory> > > >::_M_get_node() (stl_tree.h:561)
==268755==    by 0x2ACBD4: std::_Rb_tree_node<std::pair<std::__cxx11::basic_string<char, std::char_traits<char>, std::allocator<char> > const, Catch::Detail::unique_ptr<Catch::IReporterFactory> > >* std::_Rb_tree<std::__cxx11::basic_string<char, std::char_traits<char>, std::allocator<char> >, std::pair<std::__cxx11::basic_string<char, std::char_traits<char>, std::allocator<char> > const, Catch::Detail::unique_ptr<Catch::IReporterFactory> >, std::_Select1st<std::pair<std::__cxx11::basic_string<char, std::char_traits<char>, std::allocator<char> > const, Catch::Detail::unique_ptr<Catch::IReporterFactory> > >, Catch::Detail::CaseInsensitiveLess, std::allocator<std::pair<std::__cxx11::basic_string<char, std::char_traits<char>, std::allocator<char> > const, Catch::Detail::unique_ptr<Catch::IReporterFactory> > > >::_M_create_node<std::piecewise_construct_t const&, std::tuple<std::__cxx11::basic_string<char, std::char_traits<char>, std::allocator<char> >&&>, std::tuple<> >(std::piecewise_construct_t const&, std::tuple<std::__cxx11::basic_string<char, std::char_traits<char>, std::allocator<char> >&&>&&, std::tuple<>&&) (stl_tree.h:611)
==268755==    by 0x2AC430: std::_Rb_tree_iterator<std::pair<std::__cxx11::basic_string<char, std::char_traits<char>, std::allocator<char> > const, Catch::Detail::unique_ptr<Catch::IReporterFactory> > > std::_Rb_tree<std::__cxx11::basic_string<char, std::char_traits<char>, std::allocator<char> >, std::pair<std::__cxx11::basic_string<char, std::char_traits<char>, std::allocator<char> > const, Catch::Detail::unique_ptr<Catch::IReporterFactory> >, std::_Select1st<std::pair<std::__cxx11::basic_string<char, std::char_traits<char>, std::allocator<char> > const, Catch::Detail::unique_ptr<Catch::IReporterFactory> > >, Catch::Detail::CaseInsensitiveLess, std::allocator<std::pair<std::__cxx11::basic_string<char, std::char_traits<char>, std::allocator<char> > const, Catch::Detail::unique_ptr<Catch::IReporterFactory> > > >::_M_emplace_hint_unique<std::piecewise_construct_t const&, std::tuple<std::__cxx11::basic_string<char, std::char_traits<char>, std::allocator<char> >&&>, std::tuple<> >(std::_Rb_tree_const_iterator<std::pair<std::__cxx11::basic_string<char, std::char_traits<char>, std::allocator<char> > const, Catch::Detail::unique_ptr<Catch::IReporterFactory> > >, std::piecewise_construct_t const&, std::tuple<std::__cxx11::basic_string<char, std::char_traits<char>, std::allocator<char> >&&>&&, std::tuple<>&&) (stl_tree.h:2431)
==268755==    by 0x2AB544: std::map<std::__cxx11::basic_string<char, std::char_traits<char>, std::allocator<char> >, Catch::Detail::unique_ptr<Catch::IReporterFactory>, Catch::Detail::CaseInsensitiveLess, std::allocator<std::pair<std::__cxx11::basic_string<char, std::char_traits<char>, std::allocator<char> > const, Catch::Detail::unique_ptr<Catch::IReporterFactory> > > >::operator[](std::__cxx11::basic_string<char, std::char_traits<char>, std::allocator<char> >&&) (stl_map.h:520)
==268755==    by 0x2AA312: Catch::ReporterRegistry::ReporterRegistry() (catch_reporter_registry.cpp:29)
==268755==    by 0x2A4B71: Catch::(anonymous namespace)::RegistryHub::RegistryHub() (catch_registry_hub.cpp:33)
==268755==    by 0x2A4D15: Catch::Singleton<Catch::(anonymous namespace)::RegistryHub, Catch::IRegistryHub, Catch::IMutableRegistryHub>::Singleton() (catch_singletons.hpp:23)
==268755==    by 0x2A4D81: Catch::Singleton<Catch::(anonymous namespace)::RegistryHub, Catch::IRegistryHub, Catch::IMutableRegistryHub>::getInternal() (catch_singletons.hpp:28)
==268755==    by 0x2A4B03: Catch::Singleton<Catch::(anonymous namespace)::RegistryHub, Catch::IRegistryHub, Catch::IMutableRegistryHub>::getMutable() (catch_singletons.hpp:39)
==268755== 
==268755== 72 bytes in 1 blocks are still reachable in loss record 1,368 of 2,004
==268755==    at 0x4849013: operator new(unsigned long) (in /usr/libexec/valgrind/vgpreload_memcheck-amd64-linux.so)
==268755==    by 0x2AE371: __gnu_cxx::new_allocator<std::_Rb_tree_node<std::pair<std::__cxx11::basic_string<char, std::char_traits<char>, std::allocator<char> > const, Catch::Detail::unique_ptr<Catch::IReporterFactory> > > >::allocate(unsigned long, void const*) (new_allocator.h:127)
==268755==    by 0x2AE0D3: std::allocator_traits<std::allocator<std::_Rb_tree_node<std::pair<std::__cxx11::basic_string<char, std::char_traits<char>, std::allocator<char> > const, Catch::Detail::unique_ptr<Catch::IReporterFactory> > > > >::allocate(std::allocator<std::_Rb_tree_node<std::pair<std::__cxx11::basic_string<char, std::char_traits<char>, std::allocator<char> > const, Catch::Detail::unique_ptr<Catch::IReporterFactory> > > >&, unsigned long) (alloc_traits.h:464)
==268755==    by 0x2AD9BA: std::_Rb_tree<std::__cxx11::basic_string<char, std::char_traits<char>, std::allocator<char> >, std::pair<std::__cxx11::basic_string<char, std::char_traits<char>, std::allocator<char> > const, Catch::Detail::unique_ptr<Catch::IReporterFactory> >, std::_Select1st<std::pair<std::__cxx11::basic_string<char, std::char_traits<char>, std::allocator<char> > const, Catch::Detail::unique_ptr<Catch::IReporterFactory> > >, Catch::Detail::CaseInsensitiveLess, std::allocator<std::pair<std::__cxx11::basic_string<char, std::char_traits<char>, std::allocator<char> > const, Catch::Detail::unique_ptr<Catch::IReporterFactory> > > >::_M_get_node() (stl_tree.h:561)
==268755==    by 0x2ACBD4: std::_Rb_tree_node<std::pair<std::__cxx11::basic_string<char, std::char_traits<char>, std::allocator<char> > const, Catch::Detail::unique_ptr<Catch::IReporterFactory> > >* std::_Rb_tree<std::__cxx11::basic_string<char, std::char_traits<char>, std::allocator<char> >, std::pair<std::__cxx11::basic_string<char, std::char_traits<char>, std::allocator<char> > const, Catch::Detail::unique_ptr<Catch::IReporterFactory> >, std::_Select1st<std::pair<std::__cxx11::basic_string<char, std::char_traits<char>, std::allocator<char> > const, Catch::Detail::unique_ptr<Catch::IReporterFactory> > >, Catch::Detail::CaseInsensitiveLess, std::allocator<std::pair<std::__cxx11::basic_string<char, std::char_traits<char>, std::allocator<char> > const, Catch::Detail::unique_ptr<Catch::IReporterFactory> > > >::_M_create_node<std::piecewise_construct_t const&, std::tuple<std::__cxx11::basic_string<char, std::char_traits<char>, std::allocator<char> >&&>, std::tuple<> >(std::piecewise_construct_t const&, std::tuple<std::__cxx11::basic_string<char, std::char_traits<char>, std::allocator<char> >&&>&&, std::tuple<>&&) (stl_tree.h:611)
==268755==    by 0x2AC430: std::_Rb_tree_iterator<std::pair<std::__cxx11::basic_string<char, std::char_traits<char>, std::allocator<char> > const, Catch::Detail::unique_ptr<Catch::IReporterFactory> > > std::_Rb_tree<std::__cxx11::basic_string<char, std::char_traits<char>, std::allocator<char> >, std::pair<std::__cxx11::basic_string<char, std::char_traits<char>, std::allocator<char> > const, Catch::Detail::unique_ptr<Catch::IReporterFactory> >, std::_Select1st<std::pair<std::__cxx11::basic_string<char, std::char_traits<char>, std::allocator<char> > const, Catch::Detail::unique_ptr<Catch::IReporterFactory> > >, Catch::Detail::CaseInsensitiveLess, std::allocator<std::pair<std::__cxx11::basic_string<char, std::char_traits<char>, std::allocator<char> > const, Catch::Detail::unique_ptr<Catch::IReporterFactory> > > >::_M_emplace_hint_unique<std::piecewise_construct_t const&, std::tuple<std::__cxx11::basic_string<char, std::char_traits<char>, std::allocator<char> >&&>, std::tuple<> >(std::_Rb_tree_const_iterator<std::pair<std::__cxx11::basic_string<char, std::char_traits<char>, std::allocator<char> > const, Catch::Detail::unique_ptr<Catch::IReporterFactory> > >, std::piecewise_construct_t const&, std::tuple<std::__cxx11::basic_string<char, std::char_traits<char>, std::allocator<char> >&&>&&, std::tuple<>&&) (stl_tree.h:2431)
==268755==    by 0x2AB544: std::map<std::__cxx11::basic_string<char, std::char_traits<char>, std::allocator<char> >, Catch::Detail::unique_ptr<Catch::IReporterFactory>, Catch::Detail::CaseInsensitiveLess, std::allocator<std::pair<std::__cxx11::basic_string<char, std::char_traits<char>, std::allocator<char> > const, Catch::Detail::unique_ptr<Catch::IReporterFactory> > > >::operator[](std::__cxx11::basic_string<char, std::char_traits<char>, std::allocator<char> >&&) (stl_map.h:520)
==268755==    by 0x2AA391: Catch::ReporterRegistry::ReporterRegistry() (catch_reporter_registry.cpp:30)
==268755==    by 0x2A4B71: Catch::(anonymous namespace)::RegistryHub::RegistryHub() (catch_registry_hub.cpp:33)
==268755==    by 0x2A4D15: Catch::Singleton<Catch::(anonymous namespace)::RegistryHub, Catch::IRegistryHub, Catch::IMutableRegistryHub>::Singleton() (catch_singletons.hpp:23)
==268755==    by 0x2A4D81: Catch::Singleton<Catch::(anonymous namespace)::RegistryHub, Catch::IRegistryHub, Catch::IMutableRegistryHub>::getInternal() (catch_singletons.hpp:28)
==268755==    by 0x2A4B03: Catch::Singleton<Catch::(anonymous namespace)::RegistryHub, Catch::IRegistryHub, Catch::IMutableRegistryHub>::getMutable() (catch_singletons.hpp:39)
==268755== 
==268755== 72 bytes in 1 blocks are still reachable in loss record 1,369 of 2,004
==268755==    at 0x4849013: operator new(unsigned long) (in /usr/libexec/valgrind/vgpreload_memcheck-amd64-linux.so)
==268755==    by 0x2AE371: __gnu_cxx::new_allocator<std::_Rb_tree_node<std::pair<std::__cxx11::basic_string<char, std::char_traits<char>, std::allocator<char> > const, Catch::Detail::unique_ptr<Catch::IReporterFactory> > > >::allocate(unsigned long, void const*) (new_allocator.h:127)
==268755==    by 0x2AE0D3: std::allocator_traits<std::allocator<std::_Rb_tree_node<std::pair<std::__cxx11::basic_string<char, std::char_traits<char>, std::allocator<char> > const, Catch::Detail::unique_ptr<Catch::IReporterFactory> > > > >::allocate(std::allocator<std::_Rb_tree_node<std::pair<std::__cxx11::basic_string<char, std::char_traits<char>, std::allocator<char> > const, Catch::Detail::unique_ptr<Catch::IReporterFactory> > > >&, unsigned long) (alloc_traits.h:464)
==268755==    by 0x2AD9BA: std::_Rb_tree<std::__cxx11::basic_string<char, std::char_traits<char>, std::allocator<char> >, std::pair<std::__cxx11::basic_string<char, std::char_traits<char>, std::allocator<char> > const, Catch::Detail::unique_ptr<Catch::IReporterFactory> >, std::_Select1st<std::pair<std::__cxx11::basic_string<char, std::char_traits<char>, std::allocator<char> > const, Catch::Detail::unique_ptr<Catch::IReporterFactory> > >, Catch::Detail::CaseInsensitiveLess, std::allocator<std::pair<std::__cxx11::basic_string<char, std::char_traits<char>, std::allocator<char> > const, Catch::Detail::unique_ptr<Catch::IReporterFactory> > > >::_M_get_node() (stl_tree.h:561)
==268755==    by 0x2ACBD4: std::_Rb_tree_node<std::pair<std::__cxx11::basic_string<char, std::char_traits<char>, std::allocator<char> > const, Catch::Detail::unique_ptr<Catch::IReporterFactory> > >* std::_Rb_tree<std::__cxx11::basic_string<char, std::char_traits<char>, std::allocator<char> >, std::pair<std::__cxx11::basic_string<char, std::char_traits<char>, std::allocator<char> > const, Catch::Detail::unique_ptr<Catch::IReporterFactory> >, std::_Select1st<std::pair<std::__cxx11::basic_string<char, std::char_traits<char>, std::allocator<char> > const, Catch::Detail::unique_ptr<Catch::IReporterFactory> > >, Catch::Detail::CaseInsensitiveLess, std::allocator<std::pair<std::__cxx11::basic_string<char, std::char_traits<char>, std::allocator<char> > const, Catch::Detail::unique_ptr<Catch::IReporterFactory> > > >::_M_create_node<std::piecewise_construct_t const&, std::tuple<std::__cxx11::basic_string<char, std::char_traits<char>, std::allocator<char> >&&>, std::tuple<> >(std::piecewise_construct_t const&, std::tuple<std::__cxx11::basic_string<char, std::char_traits<char>, std::allocator<char> >&&>&&, std::tuple<>&&) (stl_tree.h:611)
==268755==    by 0x2AC430: std::_Rb_tree_iterator<std::pair<std::__cxx11::basic_string<char, std::char_traits<char>, std::allocator<char> > const, Catch::Detail::unique_ptr<Catch::IReporterFactory> > > std::_Rb_tree<std::__cxx11::basic_string<char, std::char_traits<char>, std::allocator<char> >, std::pair<std::__cxx11::basic_string<char, std::char_traits<char>, std::allocator<char> > const, Catch::Detail::unique_ptr<Catch::IReporterFactory> >, std::_Select1st<std::pair<std::__cxx11::basic_string<char, std::char_traits<char>, std::allocator<char> > const, Catch::Detail::unique_ptr<Catch::IReporterFactory> > >, Catch::Detail::CaseInsensitiveLess, std::allocator<std::pair<std::__cxx11::basic_string<char, std::char_traits<char>, std::allocator<char> > const, Catch::Detail::unique_ptr<Catch::IReporterFactory> > > >::_M_emplace_hint_unique<std::piecewise_construct_t const&, std::tuple<std::__cxx11::basic_string<char, std::char_traits<char>, std::allocator<char> >&&>, std::tuple<> >(std::_Rb_tree_const_iterator<std::pair<std::__cxx11::basic_string<char, std::char_traits<char>, std::allocator<char> > const, Catch::Detail::unique_ptr<Catch::IReporterFactory> > >, std::piecewise_construct_t const&, std::tuple<std::__cxx11::basic_string<char, std::char_traits<char>, std::allocator<char> >&&>&&, std::tuple<>&&) (stl_tree.h:2431)
==268755==    by 0x2AB544: std::map<std::__cxx11::basic_string<char, std::char_traits<char>, std::allocator<char> >, Catch::Detail::unique_ptr<Catch::IReporterFactory>, Catch::Detail::CaseInsensitiveLess, std::allocator<std::pair<std::__cxx11::basic_string<char, std::char_traits<char>, std::allocator<char> > const, Catch::Detail::unique_ptr<Catch::IReporterFactory> > > >::operator[](std::__cxx11::basic_string<char, std::char_traits<char>, std::allocator<char> >&&) (stl_map.h:520)
==268755==    by 0x2AA410: Catch::ReporterRegistry::ReporterRegistry() (catch_reporter_registry.cpp:31)
==268755==    by 0x2A4B71: Catch::(anonymous namespace)::RegistryHub::RegistryHub() (catch_registry_hub.cpp:33)
==268755==    by 0x2A4D15: Catch::Singleton<Catch::(anonymous namespace)::RegistryHub, Catch::IRegistryHub, Catch::IMutableRegistryHub>::Singleton() (catch_singletons.hpp:23)
==268755==    by 0x2A4D81: Catch::Singleton<Catch::(anonymous namespace)::RegistryHub, Catch::IRegistryHub, Catch::IMutableRegistryHub>::getInternal() (catch_singletons.hpp:28)
==268755==    by 0x2A4B03: Catch::Singleton<Catch::(anonymous namespace)::RegistryHub, Catch::IRegistryHub, Catch::IMutableRegistryHub>::getMutable() (catch_singletons.hpp:39)
==268755== 
==268755== 72 bytes in 1 blocks are still reachable in loss record 1,370 of 2,004
==268755==    at 0x4849013: operator new(unsigned long) (in /usr/libexec/valgrind/vgpreload_memcheck-amd64-linux.so)
==268755==    by 0x2AE371: __gnu_cxx::new_allocator<std::_Rb_tree_node<std::pair<std::__cxx11::basic_string<char, std::char_traits<char>, std::allocator<char> > const, Catch::Detail::unique_ptr<Catch::IReporterFactory> > > >::allocate(unsigned long, void const*) (new_allocator.h:127)
==268755==    by 0x2AE0D3: std::allocator_traits<std::allocator<std::_Rb_tree_node<std::pair<std::__cxx11::basic_string<char, std::char_traits<char>, std::allocator<char> > const, Catch::Detail::unique_ptr<Catch::IReporterFactory> > > > >::allocate(std::allocator<std::_Rb_tree_node<std::pair<std::__cxx11::basic_string<char, std::char_traits<char>, std::allocator<char> > const, Catch::Detail::unique_ptr<Catch::IReporterFactory> > > >&, unsigned long) (alloc_traits.h:464)
==268755==    by 0x2AD9BA: std::_Rb_tree<std::__cxx11::basic_string<char, std::char_traits<char>, std::allocator<char> >, std::pair<std::__cxx11::basic_string<char, std::char_traits<char>, std::allocator<char> > const, Catch::Detail::unique_ptr<Catch::IReporterFactory> >, std::_Select1st<std::pair<std::__cxx11::basic_string<char, std::char_traits<char>, std::allocator<char> > const, Catch::Detail::unique_ptr<Catch::IReporterFactory> > >, Catch::Detail::CaseInsensitiveLess, std::allocator<std::pair<std::__cxx11::basic_string<char, std::char_traits<char>, std::allocator<char> > const, Catch::Detail::unique_ptr<Catch::IReporterFactory> > > >::_M_get_node() (stl_tree.h:561)
==268755==    by 0x2ACBD4: std::_Rb_tree_node<std::pair<std::__cxx11::basic_string<char, std::char_traits<char>, std::allocator<char> > const, Catch::Detail::unique_ptr<Catch::IReporterFactory> > >* std::_Rb_tree<std::__cxx11::basic_string<char, std::char_traits<char>, std::allocator<char> >, std::pair<std::__cxx11::basic_string<char, std::char_traits<char>, std::allocator<char> > const, Catch::Detail::unique_ptr<Catch::IReporterFactory> >, std::_Select1st<std::pair<std::__cxx11::basic_string<char, std::char_traits<char>, std::allocator<char> > const, Catch::Detail::unique_ptr<Catch::IReporterFactory> > >, Catch::Detail::CaseInsensitiveLess, std::allocator<std::pair<std::__cxx11::basic_string<char, std::char_traits<char>, std::allocator<char> > const, Catch::Detail::unique_ptr<Catch::IReporterFactory> > > >::_M_create_node<std::piecewise_construct_t const&, std::tuple<std::__cxx11::basic_string<char, std::char_traits<char>, std::allocator<char> >&&>, std::tuple<> >(std::piecewise_construct_t const&, std::tuple<std::__cxx11::basic_string<char, std::char_traits<char>, std::allocator<char> >&&>&&, std::tuple<>&&) (stl_tree.h:611)
==268755==    by 0x2AC430: std::_Rb_tree_iterator<std::pair<std::__cxx11::basic_string<char, std::char_traits<char>, std::allocator<char> > const, Catch::Detail::unique_ptr<Catch::IReporterFactory> > > std::_Rb_tree<std::__cxx11::basic_string<char, std::char_traits<char>, std::allocator<char> >, std::pair<std::__cxx11::basic_string<char, std::char_traits<char>, std::allocator<char> > const, Catch::Detail::unique_ptr<Catch::IReporterFactory> >, std::_Select1st<std::pair<std::__cxx11::basic_string<char, std::char_traits<char>, std::allocator<char> > const, Catch::Detail::unique_ptr<Catch::IReporterFactory> > >, Catch::Detail::CaseInsensitiveLess, std::allocator<std::pair<std::__cxx11::basic_string<char, std::char_traits<char>, std::allocator<char> > const, Catch::Detail::unique_ptr<Catch::IReporterFactory> > > >::_M_emplace_hint_unique<std::piecewise_construct_t const&, std::tuple<std::__cxx11::basic_string<char, std::char_traits<char>, std::allocator<char> >&&>, std::tuple<> >(std::_Rb_tree_const_iterator<std::pair<std::__cxx11::basic_string<char, std::char_traits<char>, std::allocator<char> > const, Catch::Detail::unique_ptr<Catch::IReporterFactory> > >, std::piecewise_construct_t const&, std::tuple<std::__cxx11::basic_string<char, std::char_traits<char>, std::allocator<char> >&&>&&, std::tuple<>&&) (stl_tree.h:2431)
==268755==    by 0x2AB544: std::map<std::__cxx11::basic_string<char, std::char_traits<char>, std::allocator<char> >, Catch::Detail::unique_ptr<Catch::IReporterFactory>, Catch::Detail::CaseInsensitiveLess, std::allocator<std::pair<std::__cxx11::basic_string<char, std::char_traits<char>, std::allocator<char> > const, Catch::Detail::unique_ptr<Catch::IReporterFactory> > > >::operator[](std::__cxx11::basic_string<char, std::char_traits<char>, std::allocator<char> >&&) (stl_map.h:520)
==268755==    by 0x2AA48F: Catch::ReporterRegistry::ReporterRegistry() (catch_reporter_registry.cpp:32)
==268755==    by 0x2A4B71: Catch::(anonymous namespace)::RegistryHub::RegistryHub() (catch_registry_hub.cpp:33)
==268755==    by 0x2A4D15: Catch::Singleton<Catch::(anonymous namespace)::RegistryHub, Catch::IRegistryHub, Catch::IMutableRegistryHub>::Singleton() (catch_singletons.hpp:23)
==268755==    by 0x2A4D81: Catch::Singleton<Catch::(anonymous namespace)::RegistryHub, Catch::IRegistryHub, Catch::IMutableRegistryHub>::getInternal() (catch_singletons.hpp:28)
==268755==    by 0x2A4B03: Catch::Singleton<Catch::(anonymous namespace)::RegistryHub, Catch::IRegistryHub, Catch::IMutableRegistryHub>::getMutable() (catch_singletons.hpp:39)
==268755== 
==268755== 72 bytes in 1 blocks are still reachable in loss record 1,371 of 2,004
==268755==    at 0x4849013: operator new(unsigned long) (in /usr/libexec/valgrind/vgpreload_memcheck-amd64-linux.so)
==268755==    by 0x2AE371: __gnu_cxx::new_allocator<std::_Rb_tree_node<std::pair<std::__cxx11::basic_string<char, std::char_traits<char>, std::allocator<char> > const, Catch::Detail::unique_ptr<Catch::IReporterFactory> > > >::allocate(unsigned long, void const*) (new_allocator.h:127)
==268755==    by 0x2AE0D3: std::allocator_traits<std::allocator<std::_Rb_tree_node<std::pair<std::__cxx11::basic_string<char, std::char_traits<char>, std::allocator<char> > const, Catch::Detail::unique_ptr<Catch::IReporterFactory> > > > >::allocate(std::allocator<std::_Rb_tree_node<std::pair<std::__cxx11::basic_string<char, std::char_traits<char>, std::allocator<char> > const, Catch::Detail::unique_ptr<Catch::IReporterFactory> > > >&, unsigned long) (alloc_traits.h:464)
==268755==    by 0x2AD9BA: std::_Rb_tree<std::__cxx11::basic_string<char, std::char_traits<char>, std::allocator<char> >, std::pair<std::__cxx11::basic_string<char, std::char_traits<char>, std::allocator<char> > const, Catch::Detail::unique_ptr<Catch::IReporterFactory> >, std::_Select1st<std::pair<std::__cxx11::basic_string<char, std::char_traits<char>, std::allocator<char> > const, Catch::Detail::unique_ptr<Catch::IReporterFactory> > >, Catch::Detail::CaseInsensitiveLess, std::allocator<std::pair<std::__cxx11::basic_string<char, std::char_traits<char>, std::allocator<char> > const, Catch::Detail::unique_ptr<Catch::IReporterFactory> > > >::_M_get_node() (stl_tree.h:561)
==268755==    by 0x2ACBD4: std::_Rb_tree_node<std::pair<std::__cxx11::basic_string<char, std::char_traits<char>, std::allocator<char> > const, Catch::Detail::unique_ptr<Catch::IReporterFactory> > >* std::_Rb_tree<std::__cxx11::basic_string<char, std::char_traits<char>, std::allocator<char> >, std::pair<std::__cxx11::basic_string<char, std::char_traits<char>, std::allocator<char> > const, Catch::Detail::unique_ptr<Catch::IReporterFactory> >, std::_Select1st<std::pair<std::__cxx11::basic_string<char, std::char_traits<char>, std::allocator<char> > const, Catch::Detail::unique_ptr<Catch::IReporterFactory> > >, Catch::Detail::CaseInsensitiveLess, std::allocator<std::pair<std::__cxx11::basic_string<char, std::char_traits<char>, std::allocator<char> > const, Catch::Detail::unique_ptr<Catch::IReporterFactory> > > >::_M_create_node<std::piecewise_construct_t const&, std::tuple<std::__cxx11::basic_string<char, std::char_traits<char>, std::allocator<char> >&&>, std::tuple<> >(std::piecewise_construct_t const&, std::tuple<std::__cxx11::basic_string<char, std::char_traits<char>, std::allocator<char> >&&>&&, std::tuple<>&&) (stl_tree.h:611)
==268755==    by 0x2AC430: std::_Rb_tree_iterator<std::pair<std::__cxx11::basic_string<char, std::char_traits<char>, std::allocator<char> > const, Catch::Detail::unique_ptr<Catch::IReporterFactory> > > std::_Rb_tree<std::__cxx11::basic_string<char, std::char_traits<char>, std::allocator<char> >, std::pair<std::__cxx11::basic_string<char, std::char_traits<char>, std::allocator<char> > const, Catch::Detail::unique_ptr<Catch::IReporterFactory> >, std::_Select1st<std::pair<std::__cxx11::basic_string<char, std::char_traits<char>, std::allocator<char> > const, Catch::Detail::unique_ptr<Catch::IReporterFactory> > >, Catch::Detail::CaseInsensitiveLess, std::allocator<std::pair<std::__cxx11::basic_string<char, std::char_traits<char>, std::allocator<char> > const, Catch::Detail::unique_ptr<Catch::IReporterFactory> > > >::_M_emplace_hint_unique<std::piecewise_construct_t const&, std::tuple<std::__cxx11::basic_string<char, std::char_traits<char>, std::allocator<char> >&&>, std::tuple<> >(std::_Rb_tree_const_iterator<std::pair<std::__cxx11::basic_string<char, std::char_traits<char>, std::allocator<char> > const, Catch::Detail::unique_ptr<Catch::IReporterFactory> > >, std::piecewise_construct_t const&, std::tuple<std::__cxx11::basic_string<char, std::char_traits<char>, std::allocator<char> >&&>&&, std::tuple<>&&) (stl_tree.h:2431)
==268755==    by 0x2AB544: std::map<std::__cxx11::basic_string<char, std::char_traits<char>, std::allocator<char> >, Catch::Detail::unique_ptr<Catch::IReporterFactory>, Catch::Detail::CaseInsensitiveLess, std::allocator<std::pair<std::__cxx11::basic_string<char, std::char_traits<char>, std::allocator<char> > const, Catch::Detail::unique_ptr<Catch::IReporterFactory> > > >::operator[](std::__cxx11::basic_string<char, std::char_traits<char>, std::allocator<char> >&&) (stl_map.h:520)
==268755==    by 0x2AA50E: Catch::ReporterRegistry::ReporterRegistry() (catch_reporter_registry.cpp:33)
==268755==    by 0x2A4B71: Catch::(anonymous namespace)::RegistryHub::RegistryHub() (catch_registry_hub.cpp:33)
==268755==    by 0x2A4D15: Catch::Singleton<Catch::(anonymous namespace)::RegistryHub, Catch::IRegistryHub, Catch::IMutableRegistryHub>::Singleton() (catch_singletons.hpp:23)
==268755==    by 0x2A4D81: Catch::Singleton<Catch::(anonymous namespace)::RegistryHub, Catch::IRegistryHub, Catch::IMutableRegistryHub>::getInternal() (catch_singletons.hpp:28)
==268755==    by 0x2A4B03: Catch::Singleton<Catch::(anonymous namespace)::RegistryHub, Catch::IRegistryHub, Catch::IMutableRegistryHub>::getMutable() (catch_singletons.hpp:39)
==268755== 
==268755== 72 bytes in 1 blocks are still reachable in loss record 1,372 of 2,004
==268755==    at 0x4849013: operator new(unsigned long) (in /usr/libexec/valgrind/vgpreload_memcheck-amd64-linux.so)
==268755==    by 0x2AE371: __gnu_cxx::new_allocator<std::_Rb_tree_node<std::pair<std::__cxx11::basic_string<char, std::char_traits<char>, std::allocator<char> > const, Catch::Detail::unique_ptr<Catch::IReporterFactory> > > >::allocate(unsigned long, void const*) (new_allocator.h:127)
==268755==    by 0x2AE0D3: std::allocator_traits<std::allocator<std::_Rb_tree_node<std::pair<std::__cxx11::basic_string<char, std::char_traits<char>, std::allocator<char> > const, Catch::Detail::unique_ptr<Catch::IReporterFactory> > > > >::allocate(std::allocator<std::_Rb_tree_node<std::pair<std::__cxx11::basic_string<char, std::char_traits<char>, std::allocator<char> > const, Catch::Detail::unique_ptr<Catch::IReporterFactory> > > >&, unsigned long) (alloc_traits.h:464)
==268755==    by 0x2AD9BA: std::_Rb_tree<std::__cxx11::basic_string<char, std::char_traits<char>, std::allocator<char> >, std::pair<std::__cxx11::basic_string<char, std::char_traits<char>, std::allocator<char> > const, Catch::Detail::unique_ptr<Catch::IReporterFactory> >, std::_Select1st<std::pair<std::__cxx11::basic_string<char, std::char_traits<char>, std::allocator<char> > const, Catch::Detail::unique_ptr<Catch::IReporterFactory> > >, Catch::Detail::CaseInsensitiveLess, std::allocator<std::pair<std::__cxx11::basic_string<char, std::char_traits<char>, std::allocator<char> > const, Catch::Detail::unique_ptr<Catch::IReporterFactory> > > >::_M_get_node() (stl_tree.h:561)
==268755==    by 0x2ACBD4: std::_Rb_tree_node<std::pair<std::__cxx11::basic_string<char, std::char_traits<char>, std::allocator<char> > const, Catch::Detail::unique_ptr<Catch::IReporterFactory> > >* std::_Rb_tree<std::__cxx11::basic_string<char, std::char_traits<char>, std::allocator<char> >, std::pair<std::__cxx11::basic_string<char, std::char_traits<char>, std::allocator<char> > const, Catch::Detail::unique_ptr<Catch::IReporterFactory> >, std::_Select1st<std::pair<std::__cxx11::basic_string<char, std::char_traits<char>, std::allocator<char> > const, Catch::Detail::unique_ptr<Catch::IReporterFactory> > >, Catch::Detail::CaseInsensitiveLess, std::allocator<std::pair<std::__cxx11::basic_string<char, std::char_traits<char>, std::allocator<char> > const, Catch::Detail::unique_ptr<Catch::IReporterFactory> > > >::_M_create_node<std::piecewise_construct_t const&, std::tuple<std::__cxx11::basic_string<char, std::char_traits<char>, std::allocator<char> >&&>, std::tuple<> >(std::piecewise_construct_t const&, std::tuple<std::__cxx11::basic_string<char, std::char_traits<char>, std::allocator<char> >&&>&&, std::tuple<>&&) (stl_tree.h:611)
==268755==    by 0x2AC430: std::_Rb_tree_iterator<std::pair<std::__cxx11::basic_string<char, std::char_traits<char>, std::allocator<char> > const, Catch::Detail::unique_ptr<Catch::IReporterFactory> > > std::_Rb_tree<std::__cxx11::basic_string<char, std::char_traits<char>, std::allocator<char> >, std::pair<std::__cxx11::basic_string<char, std::char_traits<char>, std::allocator<char> > const, Catch::Detail::unique_ptr<Catch::IReporterFactory> >, std::_Select1st<std::pair<std::__cxx11::basic_string<char, std::char_traits<char>, std::allocator<char> > const, Catch::Detail::unique_ptr<Catch::IReporterFactory> > >, Catch::Detail::CaseInsensitiveLess, std::allocator<std::pair<std::__cxx11::basic_string<char, std::char_traits<char>, std::allocator<char> > const, Catch::Detail::unique_ptr<Catch::IReporterFactory> > > >::_M_emplace_hint_unique<std::piecewise_construct_t const&, std::tuple<std::__cxx11::basic_string<char, std::char_traits<char>, std::allocator<char> >&&>, std::tuple<> >(std::_Rb_tree_const_iterator<std::pair<std::__cxx11::basic_string<char, std::char_traits<char>, std::allocator<char> > const, Catch::Detail::unique_ptr<Catch::IReporterFactory> > >, std::piecewise_construct_t const&, std::tuple<std::__cxx11::basic_string<char, std::char_traits<char>, std::allocator<char> >&&>&&, std::tuple<>&&) (stl_tree.h:2431)
==268755==    by 0x2AB544: std::map<std::__cxx11::basic_string<char, std::char_traits<char>, std::allocator<char> >, Catch::Detail::unique_ptr<Catch::IReporterFactory>, Catch::Detail::CaseInsensitiveLess, std::allocator<std::pair<std::__cxx11::basic_string<char, std::char_traits<char>, std::allocator<char> > const, Catch::Detail::unique_ptr<Catch::IReporterFactory> > > >::operator[](std::__cxx11::basic_string<char, std::char_traits<char>, std::allocator<char> >&&) (stl_map.h:520)
==268755==    by 0x2AA58D: Catch::ReporterRegistry::ReporterRegistry() (catch_reporter_registry.cpp:34)
==268755==    by 0x2A4B71: Catch::(anonymous namespace)::RegistryHub::RegistryHub() (catch_registry_hub.cpp:33)
==268755==    by 0x2A4D15: Catch::Singleton<Catch::(anonymous namespace)::RegistryHub, Catch::IRegistryHub, Catch::IMutableRegistryHub>::Singleton() (catch_singletons.hpp:23)
==268755==    by 0x2A4D81: Catch::Singleton<Catch::(anonymous namespace)::RegistryHub, Catch::IRegistryHub, Catch::IMutableRegistryHub>::getInternal() (catch_singletons.hpp:28)
==268755==    by 0x2A4B03: Catch::Singleton<Catch::(anonymous namespace)::RegistryHub, Catch::IRegistryHub, Catch::IMutableRegistryHub>::getMutable() (catch_singletons.hpp:39)
==268755== 
==268755== 72 bytes in 1 blocks are still reachable in loss record 1,373 of 2,004
==268755==    at 0x4849013: operator new(unsigned long) (in /usr/libexec/valgrind/vgpreload_memcheck-amd64-linux.so)
==268755==    by 0x2B2C1E: Catch::Detail::unique_ptr<Catch::TestSpec::TagPattern> Catch::Detail::make_unique<Catch::TestSpec::TagPattern, std::__cxx11::basic_string<char, std::char_traits<char>, std::allocator<char> >&, std::__cxx11::basic_string<char, std::char_traits<char>, std::allocator<char> >&>(std::__cxx11::basic_string<char, std::char_traits<char>, std::allocator<char> >&, std::__cxx11::basic_string<char, std::char_traits<char>, std::allocator<char> >&) (catch_unique_ptr.hpp:111)
==268755==    by 0x2B2480: Catch::TestSpecParser::addTagPattern() (catch_test_spec_parser.cpp:231)
==268755==    by 0x2B1BA7: Catch::TestSpecParser::endMode() (catch_test_spec_parser.cpp:122)
==268755==    by 0x2B1B38: Catch::TestSpecParser::processOtherChar(char) (catch_test_spec_parser.cpp:110)
==268755==    by 0x2B1975: Catch::TestSpecParser::visitChar(char) (catch_test_spec_parser.cpp:65)
==268755==    by 0x2B17B8: Catch::TestSpecParser::parse(std::__cxx11::basic_string<char, std::char_traits<char>, std::allocator<char> > const&) (catch_test_spec_parser.cpp:30)
==268755==    by 0x2A17C5: Catch::Config::Config(Catch::ConfigData const&) (catch_config.cpp:130)
==268755==    by 0x20AAE0: Catch::Detail::unique_ptr<Catch::Config> Catch::Detail::make_unique<Catch::Config, Catch::ConfigData&>(Catch::ConfigData&) (catch_unique_ptr.hpp:111)
==268755==    by 0x20703A: Catch::Session::config() (catch_session.cpp:282)
==268755==    by 0x2071F2: Catch::Session::runInternal() (catch_session.cpp:303)
==268755==    by 0x206F31: Catch::Session::run() (catch_session.cpp:263)
==268755== 
==268755== 72 bytes in 1 blocks are still reachable in loss record 1,374 of 2,004
==268755==    at 0x4849013: operator new(unsigned long) (in /usr/libexec/valgrind/vgpreload_memcheck-amd64-linux.so)
==268755==    by 0x2E895B: YAML::detail::memory::create_node() (memory.cpp:17)
==268755==    by 0x1348BD: YAML::detail::memory_holder::create_node() (memory.h:38)
==268755==    by 0x3103BB: YAML::NodeBuilder::Push(YAML::Mark const&, unsigned long) (nodebuilder.cpp:81)
==268755==    by 0x31023E: YAML::NodeBuilder::OnSequenceStart(YAML::Mark const&, std::__cxx11::basic_string<char, std::char_traits<char>, std::allocator<char> > const&, unsigned long, YAML::EmitterStyle::value) (nodebuilder.cpp:57)
==268755==    by 0x306A2A: YAML::SingleDocParser::HandleNode(YAML::EventHandler&) (singledocparser.cpp:117)
==268755==    by 0x307975: YAML::SingleDocParser::HandleBlockMap(YAML::EventHandler&) (singledocparser.cpp:281)
==268755==    by 0x30762F: YAML::SingleDocParser::HandleMap(YAML::EventHandler&) (singledocparser.cpp:235)
==268755==    by 0x306B2F: YAML::SingleDocParser::HandleNode(YAML::EventHandler&) (singledocparser.cpp:128)
==268755==    by 0x3063EC: YAML::SingleDocParser::HandleDocument(YAML::EventHandler&) (singledocparser.cpp:41)
==268755==    by 0x2F3828: YAML::Parser::HandleNextDocument(YAML::EventHandler&) (parser.cpp:37)
==268755==    by 0x2F2CDB: YAML::Load(std::istream&) (parse.cpp:25)
==268755== 
==268755== 72 bytes in 1 blocks are still reachable in loss record 1,375 of 2,004
==268755==    at 0x484DCD3: realloc (in /usr/libexec/valgrind/vgpreload_memcheck-amd64-linux.so)
==268755==    by 0x5663811: ??? (in /usr/lib/x86_64-linux-gnu/libcrypto.so.3)
==268755==    by 0x5663952: OPENSSL_sk_insert (in /usr/lib/x86_64-linux-gnu/libcrypto.so.3)
==268755==    by 0x55763FE: ??? (in /usr/lib/x86_64-linux-gnu/libcrypto.so.3)
==268755==    by 0x55764D7: CONF_module_add (in /usr/lib/x86_64-linux-gnu/libcrypto.so.3)
==268755==    by 0x557880C: ??? (in /usr/lib/x86_64-linux-gnu/libcrypto.so.3)
==268755==    by 0x522BEE7: __pthread_once_slow (pthread_once.c:116)
==268755==    by 0x5621C9C: CRYPTO_THREAD_run_once (in /usr/lib/x86_64-linux-gnu/libcrypto.so.3)
==268755==    by 0x5578955: CONF_modules_load (in /usr/lib/x86_64-linux-gnu/libcrypto.so.3)
==268755==    by 0x5578FCD: CONF_modules_load_file_ex (in /usr/lib/x86_64-linux-gnu/libcrypto.so.3)
==268755==    by 0x561E19F: ??? (in /usr/lib/x86_64-linux-gnu/libcrypto.so.3)
==268755==    by 0x522BEE7: __pthread_once_slow (pthread_once.c:116)
==268755== 
==268755== 72 bytes in 1 blocks are still reachable in loss record 1,376 of 2,004
==268755==    at 0x4849013: operator new(unsigned long) (in /usr/libexec/valgrind/vgpreload_memcheck-amd64-linux.so)
==268755==    by 0x2E895B: YAML::detail::memory::create_node() (memory.cpp:17)
==268755==    by 0x1348BD: YAML::detail::memory_holder::create_node() (memory.h:38)
==268755==    by 0x3103BB: YAML::NodeBuilder::Push(YAML::Mark const&, unsigned long) (nodebuilder.cpp:81)
==268755==    by 0x3102D2: YAML::NodeBuilder::OnMapStart(YAML::Mark const&, std::__cxx11::basic_string<char, std::char_traits<char>, std::allocator<char> > const&, unsigned long, YAML::EmitterStyle::value) (nodebuilder.cpp:67)
==268755==    by 0x306B16: YAML::SingleDocParser::HandleNode(YAML::EventHandler&) (singledocparser.cpp:127)
==268755==    by 0x3063EC: YAML::SingleDocParser::HandleDocument(YAML::EventHandler&) (singledocparser.cpp:41)
==268755==    by 0x2F3828: YAML::Parser::HandleNextDocument(YAML::EventHandler&) (parser.cpp:37)
==268755==    by 0x2F2CDB: YAML::Load(std::istream&) (parse.cpp:25)
==268755==    by 0x2F2E40: YAML::LoadFile(std::__cxx11::basic_string<char, std::char_traits<char>, std::allocator<char> > const&) (parse.cpp:37)
==268755==    by 0x1B33E0: CATCH2_INTERNAL_TEST_0() (test_mysql_real.cpp:94)
==268755==    by 0x261743: Catch::TestInvokerAsFunction::invoke() const (catch_test_case_registry_impl.cpp:149)
==268755== 
==268755== 72 bytes in 3 blocks are still reachable in loss record 1,377 of 2,004
==268755==    at 0x4848899: malloc (in /usr/libexec/valgrind/vgpreload_memcheck-amd64-linux.so)
==268755==    by 0x560C185: OPENSSL_LH_insert (in /usr/lib/x86_64-linux-gnu/libcrypto.so.3)
==268755==    by 0x56FD672: ??? (in /usr/lib/x86_64-linux-gnu/libcrypto.so.3)
==268755==    by 0x55CA89F: ERR_load_strings_const (in /usr/lib/x86_64-linux-gnu/libcrypto.so.3)
==268755==    by 0x561D25C: ??? (in /usr/lib/x86_64-linux-gnu/libcrypto.so.3)
==268755==    by 0x522BEE7: __pthread_once_slow (pthread_once.c:116)
==268755==    by 0x5621C9C: CRYPTO_THREAD_run_once (in /usr/lib/x86_64-linux-gnu/libcrypto.so.3)
==268755==    by 0x561E992: OPENSSL_init_crypto (in /usr/lib/x86_64-linux-gnu/libcrypto.so.3)
==268755==    by 0x55CC336: ??? (in /usr/lib/x86_64-linux-gnu/libcrypto.so.3)
==268755==    by 0x55CCCFC: ERR_set_mark (in /usr/lib/x86_64-linux-gnu/libcrypto.so.3)
==268755==    by 0x55790E1: CONF_modules_load_file_ex (in /usr/lib/x86_64-linux-gnu/libcrypto.so.3)
==268755==    by 0x561E19F: ??? (in /usr/lib/x86_64-linux-gnu/libcrypto.so.3)
==268755== 
==268755== 72 bytes in 3 blocks are still reachable in loss record 1,378 of 2,004
==268755==    at 0x4848899: malloc (in /usr/libexec/valgrind/vgpreload_memcheck-amd64-linux.so)
==268755==    by 0x560C185: OPENSSL_LH_insert (in /usr/lib/x86_64-linux-gnu/libcrypto.so.3)
==268755==    by 0x56FD672: ??? (in /usr/lib/x86_64-linux-gnu/libcrypto.so.3)
==268755==    by 0x55CA89F: ERR_load_strings_const (in /usr/lib/x86_64-linux-gnu/libcrypto.so.3)
==268755==    by 0x561D328: ??? (in /usr/lib/x86_64-linux-gnu/libcrypto.so.3)
==268755==    by 0x522BEE7: __pthread_once_slow (pthread_once.c:116)
==268755==    by 0x5621C9C: CRYPTO_THREAD_run_once (in /usr/lib/x86_64-linux-gnu/libcrypto.so.3)
==268755==    by 0x561E992: OPENSSL_init_crypto (in /usr/lib/x86_64-linux-gnu/libcrypto.so.3)
==268755==    by 0x55CC336: ??? (in /usr/lib/x86_64-linux-gnu/libcrypto.so.3)
==268755==    by 0x55CCCFC: ERR_set_mark (in /usr/lib/x86_64-linux-gnu/libcrypto.so.3)
==268755==    by 0x55790E1: CONF_modules_load_file_ex (in /usr/lib/x86_64-linux-gnu/libcrypto.so.3)
==268755==    by 0x561E19F: ??? (in /usr/lib/x86_64-linux-gnu/libcrypto.so.3)
==268755== 
==268755== 72 bytes in 3 blocks are still reachable in loss record 1,379 of 2,004
==268755==    at 0x4848899: malloc (in /usr/libexec/valgrind/vgpreload_memcheck-amd64-linux.so)
==268755==    by 0x560C185: OPENSSL_LH_insert (in /usr/lib/x86_64-linux-gnu/libcrypto.so.3)
==268755==    by 0x56FD4C8: ??? (in /usr/lib/x86_64-linux-gnu/libcrypto.so.3)
==268755==    by 0x56F4B8C: ??? (in /usr/lib/x86_64-linux-gnu/libcrypto.so.3)
==268755==    by 0x55F804E: EVP_KEYMGMT_fetch (in /usr/lib/x86_64-linux-gnu/libcrypto.so.3)
==268755==    by 0x53F8294: ??? (in /usr/lib/x86_64-linux-gnu/libssl.so.3)
==268755==    by 0x569CBB3: ??? (in /usr/lib/x86_64-linux-gnu/libcrypto.so.3)
==268755==    by 0x53F83C6: ??? (in /usr/lib/x86_64-linux-gnu/libssl.so.3)
==268755==    by 0x562AD6A: ??? (in /usr/lib/x86_64-linux-gnu/libcrypto.so.3)
==268755==    by 0x53F55BC: SSL_CTX_new_ex (in /usr/lib/x86_64-linux-gnu/libssl.so.3)
==268755==    by 0x48F8280: ??? (in /usr/lib/x86_64-linux-gnu/libmysqlclient.so.21.2.42)
==268755==    by 0x489A042: ??? (in /usr/lib/x86_64-linux-gnu/libmysqlclient.so.21.2.42)
==268755== 
==268755== 72 bytes in 6 blocks are still reachable in loss record 1,380 of 2,004
==268755==    at 0x4848899: malloc (in /usr/libexec/valgrind/vgpreload_memcheck-amd64-linux.so)
==268755==    by 0x56177D2: CRYPTO_strndup (in /usr/lib/x86_64-linux-gnu/libcrypto.so.3)
==268755==    by 0x5619521: ??? (in /usr/lib/x86_64-linux-gnu/libcrypto.so.3)
==268755==    by 0x5615E27: ??? (in /usr/lib/x86_64-linux-gnu/libcrypto.so.3)
==268755==    by 0x5615F35: ??? (in /usr/lib/x86_64-linux-gnu/libcrypto.so.3)
==268755==    by 0x560C486: OPENSSL_LH_doall_arg (in /usr/lib/x86_64-linux-gnu/libcrypto.so.3)
==268755==    by 0x562D2EA: OBJ_NAME_do_all (in /usr/lib/x86_64-linux-gnu/libcrypto.so.3)
==268755==    by 0x5615B29: ??? (in /usr/lib/x86_64-linux-gnu/libcrypto.so.3)
==268755==    by 0x56F4A6B: ??? (in /usr/lib/x86_64-linux-gnu/libcrypto.so.3)
==268755==    by 0x55EC302: EVP_CIPHER_fetch (in /usr/lib/x86_64-linux-gnu/libcrypto.so.3)
==268755==    by 0x53F137A: ??? (in /usr/lib/x86_64-linux-gnu/libssl.so.3)
==268755==    by 0x53F5161: SSL_CTX_new_ex (in /usr/lib/x86_64-linux-gnu/libssl.so.3)
==268755== 
==268755== 72 bytes in 9 blocks are still reachable in loss record 1,381 of 2,004
==268755==    at 0x4848899: malloc (in /usr/libexec/valgrind/vgpreload_memcheck-amd64-linux.so)
==268755==    by 0x56177D2: CRYPTO_strndup (in /usr/lib/x86_64-linux-gnu/libcrypto.so.3)
==268755==    by 0x56FC850: ??? (in /usr/lib/x86_64-linux-gnu/libcrypto.so.3)
==268755==    by 0x55FBBDA: ??? (in /usr/lib/x86_64-linux-gnu/libcrypto.so.3)
==268755==    by 0x55EBB09: ??? (in /usr/lib/x86_64-linux-gnu/libcrypto.so.3)
==268755==    by 0x560B7F8: ??? (in /usr/lib/x86_64-linux-gnu/libcrypto.so.3)
==268755==    by 0x560B71B: ??? (in /usr/lib/x86_64-linux-gnu/libcrypto.so.3)
==268755==    by 0x562AD6A: ??? (in /usr/lib/x86_64-linux-gnu/libcrypto.so.3)
==268755==    by 0x56F44E7: ??? (in /usr/lib/x86_64-linux-gnu/libcrypto.so.3)
==268755==    by 0x56F4B3D: ??? (in /usr/lib/x86_64-linux-gnu/libcrypto.so.3)
==268755==    by 0x55F85A2: EVP_MAC_fetch (in /usr/lib/x86_64-linux-gnu/libcrypto.so.3)
==268755==    by 0x55FF3E3: EVP_Q_mac (in /usr/lib/x86_64-linux-gnu/libcrypto.so.3)
==268755== 
==268755== 73 bytes in 1 blocks are still reachable in loss record 1,382 of 2,004
==268755==    at 0x4849013: operator new(unsigned long) (in /usr/libexec/valgrind/vgpreload_memcheck-amd64-linux.so)
==268755==    by 0x130468: __gnu_cxx::new_allocator<char>::allocate(unsigned long, void const*) (new_allocator.h:127)
==268755==    by 0x12F934: allocate (allocator.h:185)
==268755==    by 0x12F934: std::allocator_traits<std::allocator<char> >::allocate(std::allocator<char>&, unsigned long) (alloc_traits.h:464)
==268755==    by 0x12FCCD: std::__cxx11::basic_string<char, std::char_traits<char>, std::allocator<char> >::_M_create(unsigned long&, unsigned long) (basic_string.tcc:153)
==268755==    by 0x14FFB1: std::__cxx11::basic_string<char, std::char_traits<char>, std::allocator<char> >::reserve(unsigned long) (basic_string.tcc:291)
==268755==    by 0x213D58: Catch::TestCaseInfo::TestCaseInfo(Catch::StringRef, Catch::NameAndTags const&, Catch::SourceLineInfo const&) (catch_test_case_info.cpp:132)
==268755==    by 0x214A8E: Catch::Detail::unique_ptr<Catch::TestCaseInfo> Catch::Detail::make_unique<Catch::TestCaseInfo, Catch::StringRef&, Catch::NameAndTags const&, Catch::SourceLineInfo const&>(Catch::StringRef&, Catch::NameAndTags const&, Catch::SourceLineInfo const&) (catch_unique_ptr.hpp:111)
==268755==    by 0x213B99: Catch::makeTestCaseInfo(Catch::StringRef, Catch::NameAndTags const&, Catch::SourceLineInfo const&) (catch_test_case_info.cpp:118)
==268755==    by 0x26E957: Catch::AutoReg::AutoReg(Catch::Detail::unique_ptr<Catch::ITestInvoker>, Catch::SourceLineInfo const&, Catch::StringRef, Catch::NameAndTags const&) (catch_test_registry.cpp:59)
==268755==    by 0x1D2805: __static_initialization_and_destruction_0(int, int) (test_transaction_manager_real.cpp:376)
==268755==    by 0x1D283F: _GLOBAL__sub_I_test_transaction_manager_real.cpp (test_transaction_manager_real.cpp:569)
==268755==    by 0x51BBEBA: call_init (libc-start.c:145)
==268755==    by 0x51BBEBA: __libc_start_main@@GLIBC_2.34 (libc-start.c:379)
==268755== 
==268755== 78 bytes in 1 blocks are still reachable in loss record 1,383 of 2,004
==268755==    at 0x4849013: operator new(unsigned long) (in /usr/libexec/valgrind/vgpreload_memcheck-amd64-linux.so)
==268755==    by 0x130468: __gnu_cxx::new_allocator<char>::allocate(unsigned long, void const*) (new_allocator.h:127)
==268755==    by 0x12F934: allocate (allocator.h:185)
==268755==    by 0x12F934: std::allocator_traits<std::allocator<char> >::allocate(std::allocator<char>&, unsigned long) (alloc_traits.h:464)
==268755==    by 0x12FCCD: std::__cxx11::basic_string<char, std::char_traits<char>, std::allocator<char> >::_M_create(unsigned long&, unsigned long) (basic_string.tcc:153)
==268755==    by 0x138C8E: void std::__cxx11::basic_string<char, std::char_traits<char>, std::allocator<char> >::_M_construct<char*>(char*, char*, std::forward_iterator_tag) (basic_string.tcc:219)
==268755==    by 0x138039: void std::__cxx11::basic_string<char, std::char_traits<char>, std::allocator<char> >::_M_construct_aux<char*>(char*, char*, std::__false_type) (basic_string.h:255)
==268755==    by 0x136D88: void std::__cxx11::basic_string<char, std::char_traits<char>, std::allocator<char> >::_M_construct<char*>(char*, char*) (basic_string.h:274)
==268755==    by 0x135B15: std::__cxx11::basic_string<char, std::char_traits<char>, std::allocator<char> >::basic_string(std::__cxx11::basic_string<char, std::char_traits<char>, std::allocator<char> > const&) (basic_string.h:459)
==268755==    by 0x13534F: YAML::as_if<std::__cxx11::basic_string<char, std::char_traits<char>, std::allocator<char> >, void>::operator()() const (impl.h:147)
==268755==    by 0x136507: std::__cxx11::basic_string<char, std::char_traits<char>, std::allocator<char> > YAML::Node::as<std::__cxx11::basic_string<char, std::char_traits<char>, std::allocator<char> > >() const (impl.h:156)
==268755==    by 0x1B391E: CATCH2_INTERNAL_TEST_0() (test_mysql_real.cpp:120)
==268755==    by 0x261743: Catch::TestInvokerAsFunction::invoke() const (catch_test_case_registry_impl.cpp:149)
==268755== 
==268755== 79 bytes in 3 blocks are still reachable in loss record 1,384 of 2,004
==268755==    at 0x4849013: operator new(unsigned long) (in /usr/libexec/valgrind/vgpreload_memcheck-amd64-linux.so)
==268755==    by 0x130468: __gnu_cxx::new_allocator<char>::allocate(unsigned long, void const*) (new_allocator.h:127)
==268755==    by 0x12F934: allocate (allocator.h:185)
==268755==    by 0x12F934: std::allocator_traits<std::allocator<char> >::allocate(std::allocator<char>&, unsigned long) (alloc_traits.h:464)
==268755==    by 0x12FCCD: std::__cxx11::basic_string<char, std::char_traits<char>, std::allocator<char> >::_M_create(unsigned long&, unsigned long) (basic_string.tcc:153)
==268755==    by 0x138C8E: void std::__cxx11::basic_string<char, std::char_traits<char>, std::allocator<char> >::_M_construct<char*>(char*, char*, std::forward_iterator_tag) (basic_string.tcc:219)
==268755==    by 0x138039: void std::__cxx11::basic_string<char, std::char_traits<char>, std::allocator<char> >::_M_construct_aux<char*>(char*, char*, std::__false_type) (basic_string.h:255)
==268755==    by 0x136D88: void std::__cxx11::basic_string<char, std::char_traits<char>, std::allocator<char> >::_M_construct<char*>(char*, char*) (basic_string.h:274)
==268755==    by 0x135B15: std::__cxx11::basic_string<char, std::char_traits<char>, std::allocator<char> >::basic_string(std::__cxx11::basic_string<char, std::char_traits<char>, std::allocator<char> > const&) (basic_string.h:459)
==268755==    by 0x2B6794: Catch::SectionInfo::SectionInfo(Catch::SectionInfo const&) (catch_section_info.hpp:20)
==268755==    by 0x2B67FA: void __gnu_cxx::new_allocator<Catch::SectionInfo>::construct<Catch::SectionInfo, Catch::SectionInfo const&>(Catch::SectionInfo*, Catch::SectionInfo const&) (new_allocator.h:162)
==268755==    by 0x2B6405: void std::allocator_traits<std::allocator<Catch::SectionInfo> >::construct<Catch::SectionInfo, Catch::SectionInfo const&>(std::allocator<Catch::SectionInfo>&, Catch::SectionInfo*, Catch::SectionInfo const&) (alloc_traits.h:516)
==268755==    by 0x2B6537: void std::vector<Catch::SectionInfo, std::allocator<Catch::SectionInfo> >::_M_realloc_insert<Catch::SectionInfo const&>(__gnu_cxx::__normal_iterator<Catch::SectionInfo*, std::vector<Catch::SectionInfo, std::allocator<Catch::SectionInfo> > >, Catch::SectionInfo const&) (vector.tcc:449)
==268755== 
==268755== 80 bytes in 1 blocks are still reachable in loss record 1,385 of 2,004
==268755==    at 0x4849013: operator new(unsigned long) (in /usr/libexec/valgrind/vgpreload_memcheck-amd64-linux.so)
==268755==    by 0x1E8349: __gnu_cxx::new_allocator<std::_Rb_tree_node<std::pair<std::__cxx11::basic_string<char, std::char_traits<char>, std::allocator<char> > const, std::shared_ptr<cpp_dbc::Driver> > > >::allocate(unsigned long, void const*) (new_allocator.h:127)
==268755==    by 0x1E7FE1: allocate (allocator.h:185)
==268755==    by 0x1E7FE1: std::allocator_traits<std::allocator<std::_Rb_tree_node<std::pair<std::__cxx11::basic_string<char, std::char_traits<char>, std::allocator<char> > const, std::shared_ptr<cpp_dbc::Driver> > > > >::allocate(std::allocator<std::_Rb_tree_node<std::pair<std::__cxx11::basic_string<char, std::char_traits<char>, std::allocator<char> > const, std::shared_ptr<cpp_dbc::Driver> > > >&, unsigned long) (alloc_traits.h:464)
==268755==    by 0x1E799E: std::_Rb_tree<std::__cxx11::basic_string<char, std::char_traits<char>, std::allocator<char> >, std::pair<std::__cxx11::basic_string<char, std::char_traits<char>, std::allocator<char> > const, std::shared_ptr<cpp_dbc::Driver> >, std::_Select1st<std::pair<std::__cxx11::basic_string<char, std::char_traits<char>, std::allocator<char> > const, std::shared_ptr<cpp_dbc::Driver> > >, std::less<std::__cxx11::basic_string<char, std::char_traits<char>, std::allocator<char> > >, std::allocator<std::pair<std::__cxx11::basic_string<char, std::char_traits<char>, std::allocator<char> > const, std::shared_ptr<cpp_dbc::Driver> > > >::_M_get_node() (stl_tree.h:561)
==268755==    by 0x1E70B6: std::_Rb_tree_node<std::pair<std::__cxx11::basic_string<char, std::char_traits<char>, std::allocator<char> > const, std::shared_ptr<cpp_dbc::Driver> > >* std::_Rb_tree<std::__cxx11::basic_string<char, std::char_traits<char>, std::allocator<char> >, std::pair<std::__cxx11::basic_string<char, std::char_traits<char>, std::allocator<char> > const, std::shared_ptr<cpp_dbc::Driver> >, std::_Select1st<std::pair<std::__cxx11::basic_string<char, std::char_traits<char>, std::allocator<char> > const, std::shared_ptr<cpp_dbc::Driver> > >, std::less<std::__cxx11::basic_string<char, std::char_traits<char>, std::allocator<char> > >, std::allocator<std::pair<std::__cxx11::basic_string<char, std::char_traits<char>, std::allocator<char> > const, std::shared_ptr<cpp_dbc::Driver> > > >::_M_create_node<std::piecewise_construct_t const&, std::tuple<std::__cxx11::basic_string<char, std::char_traits<char>, std::allocator<char> > const&>, std::tuple<> >(std::piecewise_construct_t const&, std::tuple<std::__cxx11::basic_string<char, std::char_traits<char>, std::allocator<char> > const&>&&, std::tuple<>&&) (stl_tree.h:611)
==268755==    by 0x1E6AE8: std::_Rb_tree_iterator<std::pair<std::__cxx11::basic_string<char, std::char_traits<char>, std::allocator<char> > const, std::shared_ptr<cpp_dbc::Driver> > > std::_Rb_tree<std::__cxx11::basic_string<char, std::char_traits<char>, std::allocator<char> >, std::pair<std::__cxx11::basic_string<char, std::char_traits<char>, std::allocator<char> > const, std::shared_ptr<cpp_dbc::Driver> >, std::_Select1st<std::pair<std::__cxx11::basic_string<char, std::char_traits<char>, std::allocator<char> > const, std::shared_ptr<cpp_dbc::Driver> > >, std::less<std::__cxx11::basic_string<char, std::char_traits<char>, std::allocator<char> > >, std::allocator<std::pair<std::__cxx11::basic_string<char, std::char_traits<char>, std::allocator<char> > const, std::shared_ptr<cpp_dbc::Driver> > > >::_M_emplace_hint_unique<std::piecewise_construct_t const&, std::tuple<std::__cxx11::basic_string<char, std::char_traits<char>, std::allocator<char> > const&>, std::tuple<> >(std::_Rb_tree_const_iterator<std::pair<std::__cxx11::basic_string<char, std::char_traits<char>, std::allocator<char> > const, std::shared_ptr<cpp_dbc::Driver> > >, std::piecewise_construct_t const&, std::tuple<std::__cxx11::basic_string<char, std::char_traits<char>, std::allocator<char> > const&>&&, std::tuple<>&&) (stl_tree.h:2431)
==268755==    by 0x1E657D: std::map<std::__cxx11::basic_string<char, std::char_traits<char>, std::allocator<char> >, std::shared_ptr<cpp_dbc::Driver>, std::less<std::__cxx11::basic_string<char, std::char_traits<char>, std::allocator<char> > >, std::allocator<std::pair<std::__cxx11::basic_string<char, std::char_traits<char>, std::allocator<char> > const, std::shared_ptr<cpp_dbc::Driver> > > >::operator[](std::__cxx11::basic_string<char, std::char_traits<char>, std::allocator<char> > const&) (stl_map.h:501)
==268755==    by 0x1E5B04: cpp_dbc::DriverManager::registerDriver(std::__cxx11::basic_string<char, std::char_traits<char>, std::allocator<char> > const&, std::shared_ptr<cpp_dbc::Driver>) (driver_manager.cpp:19)
==268755==    by 0x1B0FA5: mysql_test_helpers::tryCreateDatabase() (test_mysql_common.hpp:57)
==268755==    by 0x1B1653: mysql_test_helpers::canConnectToMySQL() (test_mysql_common.hpp:90)
==268755==    by 0x1B3236: CATCH2_INTERNAL_TEST_0() (test_mysql_real.cpp:86)
==268755==    by 0x261743: Catch::TestInvokerAsFunction::invoke() const (catch_test_case_registry_impl.cpp:149)
==268755== 
==268755== 80 bytes in 1 blocks are still reachable in loss record 1,386 of 2,004
==268755==    at 0x4848899: malloc (in /usr/libexec/valgrind/vgpreload_memcheck-amd64-linux.so)
==268755==    by 0x561679D: CRYPTO_zalloc (in /usr/lib/x86_64-linux-gnu/libcrypto.so.3)
==268755==    by 0x5628BA3: ??? (in /usr/lib/x86_64-linux-gnu/libcrypto.so.3)
==268755==    by 0x5614C2D: ??? (in /usr/lib/x86_64-linux-gnu/libcrypto.so.3)
==268755==    by 0x561A924: ??? (in /usr/lib/x86_64-linux-gnu/libcrypto.so.3)
==268755==    by 0x5614FB8: ??? (in /usr/lib/x86_64-linux-gnu/libcrypto.so.3)
==268755==    by 0x562AB4C: ??? (in /usr/lib/x86_64-linux-gnu/libcrypto.so.3)
==268755==    by 0x56F44E7: ??? (in /usr/lib/x86_64-linux-gnu/libcrypto.so.3)
==268755==    by 0x56F4B3D: ??? (in /usr/lib/x86_64-linux-gnu/libcrypto.so.3)
==268755==    by 0x55EC302: EVP_CIPHER_fetch (in /usr/lib/x86_64-linux-gnu/libcrypto.so.3)
==268755==    by 0x53F137A: ??? (in /usr/lib/x86_64-linux-gnu/libssl.so.3)
==268755==    by 0x53F5161: SSL_CTX_new_ex (in /usr/lib/x86_64-linux-gnu/libssl.so.3)
==268755== 
==268755== 80 bytes in 1 blocks are still reachable in loss record 1,387 of 2,004
==268755==    at 0x4848899: malloc (in /usr/libexec/valgrind/vgpreload_memcheck-amd64-linux.so)
==268755==    by 0x561679D: CRYPTO_zalloc (in /usr/lib/x86_64-linux-gnu/libcrypto.so.3)
==268755==    by 0x5649241: ??? (in /usr/lib/x86_64-linux-gnu/libcrypto.so.3)
==268755==    by 0x5614C2D: ??? (in /usr/lib/x86_64-linux-gnu/libcrypto.so.3)
==268755==    by 0x561A924: ??? (in /usr/lib/x86_64-linux-gnu/libcrypto.so.3)
==268755==    by 0x5614FB8: ??? (in /usr/lib/x86_64-linux-gnu/libcrypto.so.3)
==268755==    by 0x5649D91: RAND_get0_public (in /usr/lib/x86_64-linux-gnu/libcrypto.so.3)
==268755==    by 0x5649EE7: RAND_bytes_ex (in /usr/lib/x86_64-linux-gnu/libcrypto.so.3)
==268755==    by 0x53F5779: SSL_CTX_new_ex (in /usr/lib/x86_64-linux-gnu/libssl.so.3)
==268755==    by 0x48F8280: ??? (in /usr/lib/x86_64-linux-gnu/libmysqlclient.so.21.2.42)
==268755==    by 0x489A042: ??? (in /usr/lib/x86_64-linux-gnu/libmysqlclient.so.21.2.42)
==268755==    by 0x489AD71: ??? (in /usr/lib/x86_64-linux-gnu/libmysqlclient.so.21.2.42)
==268755== 
==268755== 80 bytes in 1 blocks are still reachable in loss record 1,388 of 2,004
==268755==    at 0x4849013: operator new(unsigned long) (in /usr/libexec/valgrind/vgpreload_memcheck-amd64-linux.so)
==268755==    by 0x1DCFED: __gnu_cxx::new_allocator<std::shared_ptr<cpp_dbc::PooledConnection> >::allocate(unsigned long, void const*) (new_allocator.h:127)
==268755==    by 0x1D9A8A: allocate (allocator.h:185)
==268755==    by 0x1D9A8A: std::allocator_traits<std::allocator<std::shared_ptr<cpp_dbc::PooledConnection> > >::allocate(std::allocator<std::shared_ptr<cpp_dbc::PooledConnection> >&, unsigned long) (alloc_traits.h:464)
==268755==    by 0x1D7F17: std::_Vector_base<std::shared_ptr<cpp_dbc::PooledConnection>, std::allocator<std::shared_ptr<cpp_dbc::PooledConnection> > >::_M_allocate(unsigned long) (stl_vector.h:346)
==268755==    by 0x1D6DDD: std::vector<std::shared_ptr<cpp_dbc::PooledConnection>, std::allocator<std::shared_ptr<cpp_dbc::PooledConnection> > >::reserve(unsigned long) (vector.tcc:78)
==268755==    by 0x1D375D: cpp_dbc::ConnectionPool::ConnectionPool(cpp_dbc::config::ConnectionPoolConfig const&) (connection_pool.cpp:76)
==268755==    by 0x1D5F84: cpp_dbc::MySQL::MySQLConnectionPool::MySQLConnectionPool(cpp_dbc::config::ConnectionPoolConfig const&) (connection_pool.cpp:851)
==268755==    by 0x1B6B6A: decltype (::new ((void*)(0)) cpp_dbc::MySQL::MySQLConnectionPool((declval<cpp_dbc::config::ConnectionPoolConfig&>)())) std::construct_at<cpp_dbc::MySQL::MySQLConnectionPool, cpp_dbc::config::ConnectionPoolConfig&>(cpp_dbc::MySQL::MySQLConnectionPool*, cpp_dbc::config::ConnectionPoolConfig&) (stl_construct.h:97)
==268755==    by 0x1B6BCD: void std::allocator_traits<std::allocator<cpp_dbc::MySQL::MySQLConnectionPool> >::construct<cpp_dbc::MySQL::MySQLConnectionPool, cpp_dbc::config::ConnectionPoolConfig&>(std::allocator<cpp_dbc::MySQL::MySQLConnectionPool>&, cpp_dbc::MySQL::MySQLConnectionPool*, cpp_dbc::config::ConnectionPoolConfig&) (alloc_traits.h:518)
==268755==    by 0x1B6725: std::_Sp_counted_ptr_inplace<cpp_dbc::MySQL::MySQLConnectionPool, std::allocator<cpp_dbc::MySQL::MySQLConnectionPool>, (__gnu_cxx::_Lock_policy)2>::_Sp_counted_ptr_inplace<cpp_dbc::config::ConnectionPoolConfig&>(std::allocator<cpp_dbc::MySQL::MySQLConnectionPool>, cpp_dbc::config::ConnectionPoolConfig&) (shared_ptr_base.h:519)
==268755==    by 0x1B6367: std::__shared_count<(__gnu_cxx::_Lock_policy)2>::__shared_count<cpp_dbc::MySQL::MySQLConnectionPool, std::allocator<cpp_dbc::MySQL::MySQLConnectionPool>, cpp_dbc::config::ConnectionPoolConfig&>(cpp_dbc::MySQL::MySQLConnectionPool*&, std::_Sp_alloc_shared_tag<std::allocator<cpp_dbc::MySQL::MySQLConnectionPool> >, cpp_dbc::config::ConnectionPoolConfig&) (shared_ptr_base.h:650)
==268755==    by 0x1B60A1: std::__shared_ptr<cpp_dbc::MySQL::MySQLConnectionPool, (__gnu_cxx::_Lock_policy)2>::__shared_ptr<std::allocator<cpp_dbc::MySQL::MySQLConnectionPool>, cpp_dbc::config::ConnectionPoolConfig&>(std::_Sp_alloc_shared_tag<std::allocator<cpp_dbc::MySQL::MySQLConnectionPool> >, cpp_dbc::config::ConnectionPoolConfig&) (shared_ptr_base.h:1342)
==268755== 
==268755== 80 bytes in 2 blocks are still reachable in loss record 1,389 of 2,004
==268755==    at 0x4848899: malloc (in /usr/libexec/valgrind/vgpreload_memcheck-amd64-linux.so)
==268755==    by 0x5578AF9: CONF_modules_load (in /usr/lib/x86_64-linux-gnu/libcrypto.so.3)
==268755==    by 0x5578FCD: CONF_modules_load_file_ex (in /usr/lib/x86_64-linux-gnu/libcrypto.so.3)
==268755==    by 0x561E19F: ??? (in /usr/lib/x86_64-linux-gnu/libcrypto.so.3)
==268755==    by 0x522BEE7: __pthread_once_slow (pthread_once.c:116)
==268755==    by 0x5621C9C: CRYPTO_THREAD_run_once (in /usr/lib/x86_64-linux-gnu/libcrypto.so.3)
==268755==    by 0x561EC05: OPENSSL_init_crypto (in /usr/lib/x86_64-linux-gnu/libcrypto.so.3)
==268755==    by 0x53EB9B6: OPENSSL_init_ssl (in /usr/lib/x86_64-linux-gnu/libssl.so.3)
==268755==    by 0x488FB29: mysql_server_init (in /usr/lib/x86_64-linux-gnu/libmysqlclient.so.21.2.42)
==268755==    by 0x1ED98C: cpp_dbc::MySQL::MySQLDriver::MySQLDriver() (driver_mysql.cpp:797)
==268755==    by 0x163CB6: decltype (::new ((void*)(0)) cpp_dbc::MySQL::MySQLDriver()) std::construct_at<cpp_dbc::MySQL::MySQLDriver>(cpp_dbc::MySQL::MySQLDriver*) (stl_construct.h:97)
==268755==    by 0x163D03: void std::allocator_traits<std::allocator<cpp_dbc::MySQL::MySQLDriver> >::construct<cpp_dbc::MySQL::MySQLDriver>(std::allocator<cpp_dbc::MySQL::MySQLDriver>&, cpp_dbc::MySQL::MySQLDriver*) (alloc_traits.h:518)
==268755== 
==268755== 80 bytes in 4 blocks are still reachable in loss record 1,390 of 2,004
==268755==    at 0x4848899: malloc (in /usr/libexec/valgrind/vgpreload_memcheck-amd64-linux.so)
==268755==    by 0x526C8BD: __tzstring_len (tzset.c:98)
==268755==    by 0x526C8BD: __tzstring (tzset.c:121)
==268755==    by 0x526E264: __tzfile_read (tzfile.c:408)
==268755==    by 0x526CC23: tzset_internal (tzset.c:405)
==268755==    by 0x526D5A6: __tz_convert (tzset.c:577)
==268755==    by 0x5617A6D: OPENSSL_gmtime (in /usr/lib/x86_64-linux-gnu/libcrypto.so.3)
==268755==    by 0x551F1FA: ASN1_TIME_adj (in /usr/lib/x86_64-linux-gnu/libcrypto.so.3)
==268755==    by 0x5692F9A: X509_time_adj_ex (in /usr/lib/x86_64-linux-gnu/libcrypto.so.3)
==268755==    by 0x56930D4: X509_cmp_time (in /usr/lib/x86_64-linux-gnu/libcrypto.so.3)
==268755==    by 0x5693F5C: ??? (in /usr/lib/x86_64-linux-gnu/libcrypto.so.3)
==268755==    by 0x569426F: ??? (in /usr/lib/x86_64-linux-gnu/libcrypto.so.3)
==268755==    by 0x569708A: ??? (in /usr/lib/x86_64-linux-gnu/libcrypto.so.3)
==268755== 
==268755== 80 bytes in 5 blocks are still reachable in loss record 1,391 of 2,004
==268755==    at 0x4848899: malloc (in /usr/libexec/valgrind/vgpreload_memcheck-amd64-linux.so)
==268755==    by 0x561679D: CRYPTO_zalloc (in /usr/lib/x86_64-linux-gnu/libcrypto.so.3)
==268755==    by 0x5619506: ??? (in /usr/lib/x86_64-linux-gnu/libcrypto.so.3)
==268755==    by 0x5615FC0: ??? (in /usr/lib/x86_64-linux-gnu/libcrypto.so.3)
==268755==    by 0x5615BFC: ??? (in /usr/lib/x86_64-linux-gnu/libcrypto.so.3)
==268755==    by 0x56F4A6B: ??? (in /usr/lib/x86_64-linux-gnu/libcrypto.so.3)
==268755==    by 0x55EC302: EVP_CIPHER_fetch (in /usr/lib/x86_64-linux-gnu/libcrypto.so.3)
==268755==    by 0x53F137A: ??? (in /usr/lib/x86_64-linux-gnu/libssl.so.3)
==268755==    by 0x53F5161: SSL_CTX_new_ex (in /usr/lib/x86_64-linux-gnu/libssl.so.3)
==268755==    by 0x48F8280: ??? (in /usr/lib/x86_64-linux-gnu/libmysqlclient.so.21.2.42)
==268755==    by 0x489A042: ??? (in /usr/lib/x86_64-linux-gnu/libmysqlclient.so.21.2.42)
==268755==    by 0x489AD71: ??? (in /usr/lib/x86_64-linux-gnu/libmysqlclient.so.21.2.42)
==268755== 
==268755== 80 bytes in 5 blocks are still reachable in loss record 1,392 of 2,004
==268755==    at 0x4848899: malloc (in /usr/libexec/valgrind/vgpreload_memcheck-amd64-linux.so)
==268755==    by 0x561679D: CRYPTO_zalloc (in /usr/lib/x86_64-linux-gnu/libcrypto.so.3)
==268755==    by 0x5619506: ??? (in /usr/lib/x86_64-linux-gnu/libcrypto.so.3)
==268755==    by 0x56F41B3: ??? (in /usr/lib/x86_64-linux-gnu/libcrypto.so.3)
==268755==    by 0x55EBAFA: ??? (in /usr/lib/x86_64-linux-gnu/libcrypto.so.3)
==268755==    by 0x560B7F8: ??? (in /usr/lib/x86_64-linux-gnu/libcrypto.so.3)
==268755==    by 0x560B71B: ??? (in /usr/lib/x86_64-linux-gnu/libcrypto.so.3)
==268755==    by 0x562AD6A: ??? (in /usr/lib/x86_64-linux-gnu/libcrypto.so.3)
==268755==    by 0x56F44E7: ??? (in /usr/lib/x86_64-linux-gnu/libcrypto.so.3)
==268755==    by 0x56F4B3D: ??? (in /usr/lib/x86_64-linux-gnu/libcrypto.so.3)
==268755==    by 0x560BAEE: EVP_SIGNATURE_fetch (in /usr/lib/x86_64-linux-gnu/libcrypto.so.3)
==268755==    by 0x53F522E: SSL_CTX_new_ex (in /usr/lib/x86_64-linux-gnu/libssl.so.3)
==268755== 
==268755== 80 bytes in 5 blocks are still reachable in loss record 1,393 of 2,004
==268755==    at 0x4848899: malloc (in /usr/libexec/valgrind/vgpreload_memcheck-amd64-linux.so)
==268755==    by 0x561679D: CRYPTO_zalloc (in /usr/lib/x86_64-linux-gnu/libcrypto.so.3)
==268755==    by 0x5619506: ??? (in /usr/lib/x86_64-linux-gnu/libcrypto.so.3)
==268755==    by 0x56F41B3: ??? (in /usr/lib/x86_64-linux-gnu/libcrypto.so.3)
==268755==    by 0x55EBAFA: ??? (in /usr/lib/x86_64-linux-gnu/libcrypto.so.3)
==268755==    by 0x560B7F8: ??? (in /usr/lib/x86_64-linux-gnu/libcrypto.so.3)
==268755==    by 0x560B71B: ??? (in /usr/lib/x86_64-linux-gnu/libcrypto.so.3)
==268755==    by 0x562AD6A: ??? (in /usr/lib/x86_64-linux-gnu/libcrypto.so.3)
==268755==    by 0x56F44E7: ??? (in /usr/lib/x86_64-linux-gnu/libcrypto.so.3)
==268755==    by 0x56F4B3D: ??? (in /usr/lib/x86_64-linux-gnu/libcrypto.so.3)
==268755==    by 0x55F7222: EVP_RAND_fetch (in /usr/lib/x86_64-linux-gnu/libcrypto.so.3)
==268755==    by 0x56498AB: RAND_get0_primary (in /usr/lib/x86_64-linux-gnu/libcrypto.so.3)
==268755== 
==268755== 80 bytes in 4 blocks are possibly lost in loss record 1,394 of 2,004
==268755==    at 0x4848899: malloc (in /usr/libexec/valgrind/vgpreload_memcheck-amd64-linux.so)
==268755==    by 0x55A1E1C: EC_GROUP_copy (in /usr/lib/x86_64-linux-gnu/libcrypto.so.3)
==268755==    by 0x55A250C: EC_GROUP_dup (in /usr/lib/x86_64-linux-gnu/libcrypto.so.3)
==268755==    by 0x55A2572: EC_KEY_set_group (in /usr/lib/x86_64-linux-gnu/libcrypto.so.3)
==268755==    by 0x56D78BC: ??? (in /usr/lib/x86_64-linux-gnu/libcrypto.so.3)
==268755==    by 0x5608028: EVP_PKEY_generate (in /usr/lib/x86_64-linux-gnu/libcrypto.so.3)
==268755==    by 0x53E1278: ??? (in /usr/lib/x86_64-linux-gnu/libssl.so.3)
==268755==    by 0x5412AC2: ??? (in /usr/lib/x86_64-linux-gnu/libssl.so.3)
==268755==    by 0x5415B60: ??? (in /usr/lib/x86_64-linux-gnu/libssl.so.3)
==268755==    by 0x5421483: ??? (in /usr/lib/x86_64-linux-gnu/libssl.so.3)
==268755==    by 0x542088C: ??? (in /usr/lib/x86_64-linux-gnu/libssl.so.3)
==268755==    by 0x48F8F69: ??? (in /usr/lib/x86_64-linux-gnu/libmysqlclient.so.21.2.42)
==268755== 
==268755== 80 bytes in 4 blocks are possibly lost in loss record 1,395 of 2,004
==268755==    at 0x4848899: malloc (in /usr/libexec/valgrind/vgpreload_memcheck-amd64-linux.so)
==268755==    by 0x55A1E1C: EC_GROUP_copy (in /usr/lib/x86_64-linux-gnu/libcrypto.so.3)
==268755==    by 0x55A21F5: ??? (in /usr/lib/x86_64-linux-gnu/libcrypto.so.3)
==268755==    by 0x55FD533: ??? (in /usr/lib/x86_64-linux-gnu/libcrypto.so.3)
==268755==    by 0x5608C3F: EVP_PKEY_copy_parameters (in /usr/lib/x86_64-linux-gnu/libcrypto.so.3)
==268755==    by 0x5414439: ??? (in /usr/lib/x86_64-linux-gnu/libssl.so.3)
==268755==    by 0x5408838: ??? (in /usr/lib/x86_64-linux-gnu/libssl.so.3)
==268755==    by 0x541C24A: ??? (in /usr/lib/x86_64-linux-gnu/libssl.so.3)
==268755==    by 0x541EA94: ??? (in /usr/lib/x86_64-linux-gnu/libssl.so.3)
==268755==    by 0x5420697: ??? (in /usr/lib/x86_64-linux-gnu/libssl.so.3)
==268755==    by 0x48F8F69: ??? (in /usr/lib/x86_64-linux-gnu/libmysqlclient.so.21.2.42)
==268755==    by 0x489A12C: ??? (in /usr/lib/x86_64-linux-gnu/libmysqlclient.so.21.2.42)
==268755== 
==268755== 81 bytes in 8 blocks are still reachable in loss record 1,396 of 2,004
==268755==    at 0x4848899: malloc (in /usr/libexec/valgrind/vgpreload_memcheck-amd64-linux.so)
==268755==    by 0x56177D2: CRYPTO_strndup (in /usr/lib/x86_64-linux-gnu/libcrypto.so.3)
==268755==    by 0x5619521: ??? (in /usr/lib/x86_64-linux-gnu/libcrypto.so.3)
==268755==    by 0x5615E27: ??? (in /usr/lib/x86_64-linux-gnu/libcrypto.so.3)
==268755==    by 0x5615F09: ??? (in /usr/lib/x86_64-linux-gnu/libcrypto.so.3)
==268755==    by 0x5615B8A: ??? (in /usr/lib/x86_64-linux-gnu/libcrypto.so.3)
==268755==    by 0x56F4A6B: ??? (in /usr/lib/x86_64-linux-gnu/libcrypto.so.3)
==268755==    by 0x55EC302: EVP_CIPHER_fetch (in /usr/lib/x86_64-linux-gnu/libcrypto.so.3)
==268755==    by 0x53F137A: ??? (in /usr/lib/x86_64-linux-gnu/libssl.so.3)
==268755==    by 0x53F5161: SSL_CTX_new_ex (in /usr/lib/x86_64-linux-gnu/libssl.so.3)
==268755==    by 0x48F8280: ??? (in /usr/lib/x86_64-linux-gnu/libmysqlclient.so.21.2.42)
==268755==    by 0x489A042: ??? (in /usr/lib/x86_64-linux-gnu/libmysqlclient.so.21.2.42)
==268755== 
==268755== 88 bytes in 1 blocks are still reachable in loss record 1,397 of 2,004
==268755==    at 0x484DA83: calloc (in /usr/libexec/valgrind/vgpreload_memcheck-amd64-linux.so)
==268755==    by 0x52E281E: get_locked_global (resolv_conf.c:94)
==268755==    by 0x52E281E: get_locked_global (resolv_conf.c:86)
==268755==    by 0x52E281E: __resolv_conf_get_current (resolv_conf.c:127)
==268755==    by 0x52DE394: __res_vinit (res_init.c:628)
==268755==    by 0x52E382F: maybe_init (resolv_context.c:122)
==268755==    by 0x52E382F: context_get (resolv_context.c:184)
==268755==    by 0x52E382F: context_get (resolv_context.c:176)
==268755==    by 0x52E382F: __resolv_context_get (resolv_context.c:195)
==268755==    by 0x529DC87: get_nss_addresses (getaddrinfo.c:617)
==268755==    by 0x529DC87: gaih_inet (getaddrinfo.c:1179)
==268755==    by 0x529DC87: getaddrinfo (getaddrinfo.c:2397)
==268755==    by 0x48A0B6B: ??? (in /usr/lib/x86_64-linux-gnu/libmysqlclient.so.21.2.42)
==268755==    by 0x48A3273: ??? (in /usr/lib/x86_64-linux-gnu/libmysqlclient.so.21.2.42)
==268755==    by 0x489EF82: mysql_real_connect (in /usr/lib/x86_64-linux-gnu/libmysqlclient.so.21.2.42)
==268755==    by 0x1EC2E1: cpp_dbc::MySQL::MySQLConnection::MySQLConnection(std::__cxx11::basic_string<char, std::char_traits<char>, std::allocator<char> > const&, int, std::__cxx11::basic_string<char, std::char_traits<char>, std::allocator<char> > const&, std::__cxx11::basic_string<char, std::char_traits<char>, std::allocator<char> > const&, std::__cxx11::basic_string<char, std::char_traits<char>, std::allocator<char> > const&) (driver_mysql.cpp:624)
==268755==    by 0x1F6A72: decltype (::new ((void*)(0)) cpp_dbc::MySQL::MySQLConnection((declval<std::__cxx11::basic_string<char, std::char_traits<char>, std::allocator<char> >&>)(), (declval<int&>)(), (declval<std::__cxx11::basic_string<char, std::char_traits<char>, std::allocator<char> >&>)(), (declval<std::__cxx11::basic_string<char, std::char_traits<char>, std::allocator<char> > const&>)(), (declval<std::__cxx11::basic_string<char, std::char_traits<char>, std::allocator<char> > const&>)())) std::construct_at<cpp_dbc::MySQL::MySQLConnection, std::__cxx11::basic_string<char, std::char_traits<char>, std::allocator<char> >&, int&, std::__cxx11::basic_string<char, std::char_traits<char>, std::allocator<char> >&, std::__cxx11::basic_string<char, std::char_traits<char>, std::allocator<char> > const&, std::__cxx11::basic_string<char, std::char_traits<char>, std::allocator<char> > const&>(cpp_dbc::MySQL::MySQLConnection*, std::__cxx11::basic_string<char, std::char_traits<char>, std::allocator<char> >&, int&, std::__cxx11::basic_string<char, std::char_traits<char>, std::allocator<char> >&, std::__cxx11::basic_string<char, std::char_traits<char>, std::allocator<char> > const&, std::__cxx11::basic_string<char, std::char_traits<char>, std::allocator<char> > const&) (stl_construct.h:97)
==268755==    by 0x1F6B2E: void std::allocator_traits<std::allocator<cpp_dbc::MySQL::MySQLConnection> >::construct<cpp_dbc::MySQL::MySQLConnection, std::__cxx11::basic_string<char, std::char_traits<char>, std::allocator<char> >&, int&, std::__cxx11::basic_string<char, std::char_traits<char>, std::allocator<char> >&, std::__cxx11::basic_string<char, std::char_traits<char>, std::allocator<char> > const&, std::__cxx11::basic_string<char, std::char_traits<char>, std::allocator<char> > const&>(std::allocator<cpp_dbc::MySQL::MySQLConnection>&, cpp_dbc::MySQL::MySQLConnection*, std::__cxx11::basic_string<char, std::char_traits<char>, std::allocator<char> >&, int&, std::__cxx11::basic_string<char, std::char_traits<char>, std::allocator<char> >&, std::__cxx11::basic_string<char, std::char_traits<char>, std::allocator<char> > const&, std::__cxx11::basic_string<char, std::char_traits<char>, std::allocator<char> > const&) (alloc_traits.h:518)
==268755==    by 0x1F602C: std::_Sp_counted_ptr_inplace<cpp_dbc::MySQL::MySQLConnection, std::allocator<cpp_dbc::MySQL::MySQLConnection>, (__gnu_cxx::_Lock_policy)2>::_Sp_counted_ptr_inplace<std::__cxx11::basic_string<char, std::char_traits<char>, std::allocator<char> >&, int&, std::__cxx11::basic_string<char, std::char_traits<char>, std::allocator<char> >&, std::__cxx11::basic_string<char, std::char_traits<char>, std::allocator<char> > const&, std::__cxx11::basic_string<char, std::char_traits<char>, std::allocator<char> > const&>(std::allocator<cpp_dbc::MySQL::MySQLConnection>, std::__cxx11::basic_string<char, std::char_traits<char>, std::allocator<char> >&, int&, std::__cxx11::basic_string<char, std::char_traits<char>, std::allocator<char> >&, std::__cxx11::basic_string<char, std::char_traits<char>, std::allocator<char> > const&, std::__cxx11::basic_string<char, std::char_traits<char>, std::allocator<char> > const&) (shared_ptr_base.h:519)
==268755== 
==268755== 95 bytes in 5 blocks are possibly lost in loss record 1,398 of 2,004
==268755==    at 0x4848899: malloc (in /usr/libexec/valgrind/vgpreload_memcheck-amd64-linux.so)
==268755==    by 0x56177D2: CRYPTO_strndup (in /usr/lib/x86_64-linux-gnu/libcrypto.so.3)
==268755==    by 0x567346C: ??? (in /usr/lib/x86_64-linux-gnu/libcrypto.so.3)
==268755==    by 0x5673666: ??? (in /usr/lib/x86_64-linux-gnu/libcrypto.so.3)
==268755==    by 0x5687D91: X509_LOOKUP_ctrl (in /usr/lib/x86_64-linux-gnu/libcrypto.so.3)
==268755==    by 0x568F957: X509_STORE_set_default_paths_ex (in /usr/lib/x86_64-linux-gnu/libcrypto.so.3)
==268755==    by 0x48F8BDF: ??? (in /usr/lib/x86_64-linux-gnu/libmysqlclient.so.21.2.42)
==268755==    by 0x489A042: ??? (in /usr/lib/x86_64-linux-gnu/libmysqlclient.so.21.2.42)
==268755==    by 0x489AD71: ??? (in /usr/lib/x86_64-linux-gnu/libmysqlclient.so.21.2.42)
==268755==    by 0x48A3273: ??? (in /usr/lib/x86_64-linux-gnu/libmysqlclient.so.21.2.42)
==268755==    by 0x489EF82: mysql_real_connect (in /usr/lib/x86_64-linux-gnu/libmysqlclient.so.21.2.42)
==268755==    by 0x1EC2E1: cpp_dbc::MySQL::MySQLConnection::MySQLConnection(std::__cxx11::basic_string<char, std::char_traits<char>, std::allocator<char> > const&, int, std::__cxx11::basic_string<char, std::char_traits<char>, std::allocator<char> > const&, std::__cxx11::basic_string<char, std::char_traits<char>, std::allocator<char> > const&, std::__cxx11::basic_string<char, std::char_traits<char>, std::allocator<char> > const&) (driver_mysql.cpp:624)
==268755== 
==268755== 95 bytes in 5 blocks are possibly lost in loss record 1,399 of 2,004
==268755==    at 0x4848899: malloc (in /usr/libexec/valgrind/vgpreload_memcheck-amd64-linux.so)
==268755==    by 0x561772A: CRYPTO_strdup (in /usr/lib/x86_64-linux-gnu/libcrypto.so.3)
==268755==    by 0x5675510: ??? (in /usr/lib/x86_64-linux-gnu/libcrypto.so.3)
==268755==    by 0x568F989: X509_STORE_set_default_paths_ex (in /usr/lib/x86_64-linux-gnu/libcrypto.so.3)
==268755==    by 0x48F8BDF: ??? (in /usr/lib/x86_64-linux-gnu/libmysqlclient.so.21.2.42)
==268755==    by 0x489A042: ??? (in /usr/lib/x86_64-linux-gnu/libmysqlclient.so.21.2.42)
==268755==    by 0x489AD71: ??? (in /usr/lib/x86_64-linux-gnu/libmysqlclient.so.21.2.42)
==268755==    by 0x48A3273: ??? (in /usr/lib/x86_64-linux-gnu/libmysqlclient.so.21.2.42)
==268755==    by 0x489EF82: mysql_real_connect (in /usr/lib/x86_64-linux-gnu/libmysqlclient.so.21.2.42)
==268755==    by 0x1EC2E1: cpp_dbc::MySQL::MySQLConnection::MySQLConnection(std::__cxx11::basic_string<char, std::char_traits<char>, std::allocator<char> > const&, int, std::__cxx11::basic_string<char, std::char_traits<char>, std::allocator<char> > const&, std::__cxx11::basic_string<char, std::char_traits<char>, std::allocator<char> > const&, std::__cxx11::basic_string<char, std::char_traits<char>, std::allocator<char> > const&) (driver_mysql.cpp:624)
==268755==    by 0x1F6A72: decltype (::new ((void*)(0)) cpp_dbc::MySQL::MySQLConnection((declval<std::__cxx11::basic_string<char, std::char_traits<char>, std::allocator<char> >&>)(), (declval<int&>)(), (declval<std::__cxx11::basic_string<char, std::char_traits<char>, std::allocator<char> >&>)(), (declval<std::__cxx11::basic_string<char, std::char_traits<char>, std::allocator<char> > const&>)(), (declval<std::__cxx11::basic_string<char, std::char_traits<char>, std::allocator<char> > const&>)())) std::construct_at<cpp_dbc::MySQL::MySQLConnection, std::__cxx11::basic_string<char, std::char_traits<char>, std::allocator<char> >&, int&, std::__cxx11::basic_string<char, std::char_traits<char>, std::allocator<char> >&, std::__cxx11::basic_string<char, std::char_traits<char>, std::allocator<char> > const&, std::__cxx11::basic_string<char, std::char_traits<char>, std::allocator<char> > const&>(cpp_dbc::MySQL::MySQLConnection*, std::__cxx11::basic_string<char, std::char_traits<char>, std::allocator<char> >&, int&, std::__cxx11::basic_string<char, std::char_traits<char>, std::allocator<char> >&, std::__cxx11::basic_string<char, std::char_traits<char>, std::allocator<char> > const&, std::__cxx11::basic_string<char, std::char_traits<char>, std::allocator<char> > const&) (stl_construct.h:97)
==268755==    by 0x1F6B2E: void std::allocator_traits<std::allocator<cpp_dbc::MySQL::MySQLConnection> >::construct<cpp_dbc::MySQL::MySQLConnection, std::__cxx11::basic_string<char, std::char_traits<char>, std::allocator<char> >&, int&, std::__cxx11::basic_string<char, std::char_traits<char>, std::allocator<char> >&, std::__cxx11::basic_string<char, std::char_traits<char>, std::allocator<char> > const&, std::__cxx11::basic_string<char, std::char_traits<char>, std::allocator<char> > const&>(std::allocator<cpp_dbc::MySQL::MySQLConnection>&, cpp_dbc::MySQL::MySQLConnection*, std::__cxx11::basic_string<char, std::char_traits<char>, std::allocator<char> >&, int&, std::__cxx11::basic_string<char, std::char_traits<char>, std::allocator<char> >&, std::__cxx11::basic_string<char, std::char_traits<char>, std::allocator<char> > const&, std::__cxx11::basic_string<char, std::char_traits<char>, std::allocator<char> > const&) (alloc_traits.h:518)
==268755== 
==268755== 96 bytes in 1 blocks are still reachable in loss record 1,400 of 2,004
==268755==    at 0x4849013: operator new(unsigned long) (in /usr/libexec/valgrind/vgpreload_memcheck-amd64-linux.so)
==268755==    by 0x2101CE: __gnu_cxx::new_allocator<Catch::Clara::Arg>::allocate(unsigned long, void const*) (new_allocator.h:127)
==268755==    by 0x20E99C: std::allocator_traits<std::allocator<Catch::Clara::Arg> >::allocate(std::allocator<Catch::Clara::Arg>&, unsigned long) (alloc_traits.h:464)
==268755==    by 0x20CDBB: std::_Vector_base<Catch::Clara::Arg, std::allocator<Catch::Clara::Arg> >::_M_allocate(unsigned long) (stl_vector.h:346)
==268755==    by 0x242BAC: std::_Vector_base<Catch::Clara::Arg, std::allocator<Catch::Clara::Arg> >::_M_create_storage(unsigned long) (stl_vector.h:361)
==268755==    by 0x2421BA: std::_Vector_base<Catch::Clara::Arg, std::allocator<Catch::Clara::Arg> >::_Vector_base(unsigned long, std::allocator<Catch::Clara::Arg> const&) (stl_vector.h:305)
==268755==    by 0x241194: std::vector<Catch::Clara::Arg, std::allocator<Catch::Clara::Arg> >::vector(std::vector<Catch::Clara::Arg, std::allocator<Catch::Clara::Arg> > const&) (stl_vector.h:555)
==268755==    by 0x23FDBE: Catch::Clara::Parser::Parser(Catch::Clara::Parser const&) (catch_clara.hpp:612)
==268755==    by 0x240294: Catch::Clara::Parser Catch::Clara::Parser::operator|<Catch::Clara::Arg>(Catch::Clara::Arg const&) const (catch_clara.hpp:638)
==268755==    by 0x230A26: Catch::makeCommandLineParser(Catch::ConfigData&) (in /home/dsystems/Desktop/projects/cpp/cpp_dbc/build/libs/cpp_dbc/test/test/cpp_dbc_tests)
==268755==    by 0x206504: Catch::Session::Session() (catch_session.cpp:179)
==268755==    by 0x20211F: main (catch_main.cpp:36)
==268755== 
==268755== 96 bytes in 1 blocks are still reachable in loss record 1,401 of 2,004
==268755==    at 0x4848899: malloc (in /usr/libexec/valgrind/vgpreload_memcheck-amd64-linux.so)
==268755==    by 0x561679D: CRYPTO_zalloc (in /usr/lib/x86_64-linux-gnu/libcrypto.so.3)
==268755==    by 0x553963B: BIO_meth_new (in /usr/lib/x86_64-linux-gnu/libcrypto.so.3)
==268755==    by 0x56A1782: ??? (in /usr/lib/x86_64-linux-gnu/libcrypto.so.3)
==268755==    by 0x56A1B1F: ??? (in /usr/lib/x86_64-linux-gnu/libcrypto.so.3)
==268755==    by 0x5628D75: ??? (in /usr/lib/x86_64-linux-gnu/libcrypto.so.3)
==268755==    by 0x562AAAB: ??? (in /usr/lib/x86_64-linux-gnu/libcrypto.so.3)
==268755==    by 0x562AB70: ??? (in /usr/lib/x86_64-linux-gnu/libcrypto.so.3)
==268755==    by 0x56F44E7: ??? (in /usr/lib/x86_64-linux-gnu/libcrypto.so.3)
==268755==    by 0x56F4B3D: ??? (in /usr/lib/x86_64-linux-gnu/libcrypto.so.3)
==268755==    by 0x55EC302: EVP_CIPHER_fetch (in /usr/lib/x86_64-linux-gnu/libcrypto.so.3)
==268755==    by 0x53F137A: ??? (in /usr/lib/x86_64-linux-gnu/libssl.so.3)
==268755== 
==268755== 96 bytes in 2 blocks are still reachable in loss record 1,402 of 2,004
==268755==    at 0x484DCD3: realloc (in /usr/libexec/valgrind/vgpreload_memcheck-amd64-linux.so)
==268755==    by 0x5663811: ??? (in /usr/lib/x86_64-linux-gnu/libcrypto.so.3)
==268755==    by 0x5663952: OPENSSL_sk_insert (in /usr/lib/x86_64-linux-gnu/libcrypto.so.3)
==268755==    by 0x5647EAA: ??? (in /usr/lib/x86_64-linux-gnu/libcrypto.so.3)
==268755==    by 0x55C00FE: ??? (in /usr/lib/x86_64-linux-gnu/libcrypto.so.3)
==268755==    by 0x560B85B: ??? (in /usr/lib/x86_64-linux-gnu/libcrypto.so.3)
==268755==    by 0x560B71B: ??? (in /usr/lib/x86_64-linux-gnu/libcrypto.so.3)
==268755==    by 0x562AD6A: ??? (in /usr/lib/x86_64-linux-gnu/libcrypto.so.3)
==268755==    by 0x56F44E7: ??? (in /usr/lib/x86_64-linux-gnu/libcrypto.so.3)
==268755==    by 0x56F53E7: ??? (in /usr/lib/x86_64-linux-gnu/libcrypto.so.3)
==268755==    by 0x55C0470: OSSL_DECODER_do_all_provided (in /usr/lib/x86_64-linux-gnu/libcrypto.so.3)
==268755==    by 0x55CD84B: OSSL_DECODER_CTX_new_for_pkey (in /usr/lib/x86_64-linux-gnu/libcrypto.so.3)
==268755== 
==268755== 96 bytes in 3 blocks are still reachable in loss record 1,403 of 2,004
==268755==    at 0x4848899: malloc (in /usr/libexec/valgrind/vgpreload_memcheck-amd64-linux.so)
==268755==    by 0x561E58A: ??? (in /usr/lib/x86_64-linux-gnu/libcrypto.so.3)
==268755==    by 0x55CC314: ??? (in /usr/lib/x86_64-linux-gnu/libcrypto.so.3)
==268755==    by 0x55CCCFC: ERR_set_mark (in /usr/lib/x86_64-linux-gnu/libcrypto.so.3)
==268755==    by 0x53F1364: ??? (in /usr/lib/x86_64-linux-gnu/libssl.so.3)
==268755==    by 0x53F5161: SSL_CTX_new_ex (in /usr/lib/x86_64-linux-gnu/libssl.so.3)
==268755==    by 0x48F8280: ??? (in /usr/lib/x86_64-linux-gnu/libmysqlclient.so.21.2.42)
==268755==    by 0x489A042: ??? (in /usr/lib/x86_64-linux-gnu/libmysqlclient.so.21.2.42)
==268755==    by 0x489AD71: ??? (in /usr/lib/x86_64-linux-gnu/libmysqlclient.so.21.2.42)
==268755==    by 0x48A3273: ??? (in /usr/lib/x86_64-linux-gnu/libmysqlclient.so.21.2.42)
==268755==    by 0x489EF82: mysql_real_connect (in /usr/lib/x86_64-linux-gnu/libmysqlclient.so.21.2.42)
==268755==    by 0x1EC2E1: cpp_dbc::MySQL::MySQLConnection::MySQLConnection(std::__cxx11::basic_string<char, std::char_traits<char>, std::allocator<char> > const&, int, std::__cxx11::basic_string<char, std::char_traits<char>, std::allocator<char> > const&, std::__cxx11::basic_string<char, std::char_traits<char>, std::allocator<char> > const&, std::__cxx11::basic_string<char, std::char_traits<char>, std::allocator<char> > const&) (driver_mysql.cpp:624)
==268755== 
==268755== 96 bytes in 4 blocks are still reachable in loss record 1,404 of 2,004
==268755==    at 0x4848899: malloc (in /usr/libexec/valgrind/vgpreload_memcheck-amd64-linux.so)
==268755==    by 0x560C185: OPENSSL_LH_insert (in /usr/lib/x86_64-linux-gnu/libcrypto.so.3)
==268755==    by 0x56FD672: ??? (in /usr/lib/x86_64-linux-gnu/libcrypto.so.3)
==268755==    by 0x55CA89F: ERR_load_strings_const (in /usr/lib/x86_64-linux-gnu/libcrypto.so.3)
==268755==    by 0x561D306: ??? (in /usr/lib/x86_64-linux-gnu/libcrypto.so.3)
==268755==    by 0x522BEE7: __pthread_once_slow (pthread_once.c:116)
==268755==    by 0x5621C9C: CRYPTO_THREAD_run_once (in /usr/lib/x86_64-linux-gnu/libcrypto.so.3)
==268755==    by 0x561E992: OPENSSL_init_crypto (in /usr/lib/x86_64-linux-gnu/libcrypto.so.3)
==268755==    by 0x55CC336: ??? (in /usr/lib/x86_64-linux-gnu/libcrypto.so.3)
==268755==    by 0x55CCCFC: ERR_set_mark (in /usr/lib/x86_64-linux-gnu/libcrypto.so.3)
==268755==    by 0x55790E1: CONF_modules_load_file_ex (in /usr/lib/x86_64-linux-gnu/libcrypto.so.3)
==268755==    by 0x561E19F: ??? (in /usr/lib/x86_64-linux-gnu/libcrypto.so.3)
==268755== 
==268755== 96 bytes in 4 blocks are still reachable in loss record 1,405 of 2,004
==268755==    at 0x4848899: malloc (in /usr/libexec/valgrind/vgpreload_memcheck-amd64-linux.so)
==268755==    by 0x560C185: OPENSSL_LH_insert (in /usr/lib/x86_64-linux-gnu/libcrypto.so.3)
==268755==    by 0x5619542: ??? (in /usr/lib/x86_64-linux-gnu/libcrypto.so.3)
==268755==    by 0x5615E27: ??? (in /usr/lib/x86_64-linux-gnu/libcrypto.so.3)
==268755==    by 0x5615B8A: ??? (in /usr/lib/x86_64-linux-gnu/libcrypto.so.3)
==268755==    by 0x56F4A6B: ??? (in /usr/lib/x86_64-linux-gnu/libcrypto.so.3)
==268755==    by 0x55EC302: EVP_CIPHER_fetch (in /usr/lib/x86_64-linux-gnu/libcrypto.so.3)
==268755==    by 0x53F137A: ??? (in /usr/lib/x86_64-linux-gnu/libssl.so.3)
==268755==    by 0x53F5161: SSL_CTX_new_ex (in /usr/lib/x86_64-linux-gnu/libssl.so.3)
==268755==    by 0x48F8280: ??? (in /usr/lib/x86_64-linux-gnu/libmysqlclient.so.21.2.42)
==268755==    by 0x489A042: ??? (in /usr/lib/x86_64-linux-gnu/libmysqlclient.so.21.2.42)
==268755==    by 0x489AD71: ??? (in /usr/lib/x86_64-linux-gnu/libmysqlclient.so.21.2.42)
==268755== 
==268755== 96 bytes in 4 blocks are still reachable in loss record 1,406 of 2,004
==268755==    at 0x4848899: malloc (in /usr/libexec/valgrind/vgpreload_memcheck-amd64-linux.so)
==268755==    by 0x560C185: OPENSSL_LH_insert (in /usr/lib/x86_64-linux-gnu/libcrypto.so.3)
==268755==    by 0x5619542: ??? (in /usr/lib/x86_64-linux-gnu/libcrypto.so.3)
==268755==    by 0x5615E27: ??? (in /usr/lib/x86_64-linux-gnu/libcrypto.so.3)
==268755==    by 0x5615F09: ??? (in /usr/lib/x86_64-linux-gnu/libcrypto.so.3)
==268755==    by 0x5615BFC: ??? (in /usr/lib/x86_64-linux-gnu/libcrypto.so.3)
==268755==    by 0x56F4A6B: ??? (in /usr/lib/x86_64-linux-gnu/libcrypto.so.3)
==268755==    by 0x55EC302: EVP_CIPHER_fetch (in /usr/lib/x86_64-linux-gnu/libcrypto.so.3)
==268755==    by 0x53F137A: ??? (in /usr/lib/x86_64-linux-gnu/libssl.so.3)
==268755==    by 0x53F5161: SSL_CTX_new_ex (in /usr/lib/x86_64-linux-gnu/libssl.so.3)
==268755==    by 0x48F8280: ??? (in /usr/lib/x86_64-linux-gnu/libmysqlclient.so.21.2.42)
==268755==    by 0x489A042: ??? (in /usr/lib/x86_64-linux-gnu/libmysqlclient.so.21.2.42)
==268755== 
==268755== 96 bytes in 4 blocks are still reachable in loss record 1,407 of 2,004
==268755==    at 0x4848899: malloc (in /usr/libexec/valgrind/vgpreload_memcheck-amd64-linux.so)
==268755==    by 0x560C185: OPENSSL_LH_insert (in /usr/lib/x86_64-linux-gnu/libcrypto.so.3)
==268755==    by 0x5619542: ??? (in /usr/lib/x86_64-linux-gnu/libcrypto.so.3)
==268755==    by 0x5615E27: ??? (in /usr/lib/x86_64-linux-gnu/libcrypto.so.3)
==268755==    by 0x5615F35: ??? (in /usr/lib/x86_64-linux-gnu/libcrypto.so.3)
==268755==    by 0x5615BFC: ??? (in /usr/lib/x86_64-linux-gnu/libcrypto.so.3)
==268755==    by 0x56F4A6B: ??? (in /usr/lib/x86_64-linux-gnu/libcrypto.so.3)
==268755==    by 0x55EC302: EVP_CIPHER_fetch (in /usr/lib/x86_64-linux-gnu/libcrypto.so.3)
==268755==    by 0x53F137A: ??? (in /usr/lib/x86_64-linux-gnu/libssl.so.3)
==268755==    by 0x53F5161: SSL_CTX_new_ex (in /usr/lib/x86_64-linux-gnu/libssl.so.3)
==268755==    by 0x48F8280: ??? (in /usr/lib/x86_64-linux-gnu/libmysqlclient.so.21.2.42)
==268755==    by 0x489A042: ??? (in /usr/lib/x86_64-linux-gnu/libmysqlclient.so.21.2.42)
==268755== 
==268755== 96 bytes in 6 blocks are still reachable in loss record 1,408 of 2,004
==268755==    at 0x4849013: operator new(unsigned long) (in /usr/libexec/valgrind/vgpreload_memcheck-amd64-linux.so)
==268755==    by 0x2E8BDC: YAML::detail::node::node() (node.h:27)
==268755==    by 0x2E896A: YAML::detail::memory::create_node() (memory.cpp:17)
==268755==    by 0x1348BD: YAML::detail::memory_holder::create_node() (memory.h:38)
==268755==    by 0x3103BB: YAML::NodeBuilder::Push(YAML::Mark const&, unsigned long) (nodebuilder.cpp:81)
==268755==    by 0x3102D2: YAML::NodeBuilder::OnMapStart(YAML::Mark const&, std::__cxx11::basic_string<char, std::char_traits<char>, std::allocator<char> > const&, unsigned long, YAML::EmitterStyle::value) (nodebuilder.cpp:67)
==268755==    by 0x306B16: YAML::SingleDocParser::HandleNode(YAML::EventHandler&) (singledocparser.cpp:127)
==268755==    by 0x307125: YAML::SingleDocParser::HandleBlockSequence(YAML::EventHandler&) (singledocparser.cpp:192)
==268755==    by 0x306E49: YAML::SingleDocParser::HandleSequence(YAML::EventHandler&) (singledocparser.cpp:155)
==268755==    by 0x306A43: YAML::SingleDocParser::HandleNode(YAML::EventHandler&) (singledocparser.cpp:118)
==268755==    by 0x307975: YAML::SingleDocParser::HandleBlockMap(YAML::EventHandler&) (singledocparser.cpp:281)
==268755==    by 0x30762F: YAML::SingleDocParser::HandleMap(YAML::EventHandler&) (singledocparser.cpp:235)
==268755== 
==268755== 96 bytes in 6 blocks are still reachable in loss record 1,409 of 2,004
==268755==    at 0x4849013: operator new(unsigned long) (in /usr/libexec/valgrind/vgpreload_memcheck-amd64-linux.so)
==268755==    by 0x2E8BDC: YAML::detail::node::node() (node.h:27)
==268755==    by 0x2E896A: YAML::detail::memory::create_node() (memory.cpp:17)
==268755==    by 0x1348BD: YAML::detail::memory_holder::create_node() (memory.h:38)
==268755==    by 0x3103BB: YAML::NodeBuilder::Push(YAML::Mark const&, unsigned long) (nodebuilder.cpp:81)
==268755==    by 0x3102D2: YAML::NodeBuilder::OnMapStart(YAML::Mark const&, std::__cxx11::basic_string<char, std::char_traits<char>, std::allocator<char> > const&, unsigned long, YAML::EmitterStyle::value) (nodebuilder.cpp:67)
==268755==    by 0x306B16: YAML::SingleDocParser::HandleNode(YAML::EventHandler&) (singledocparser.cpp:127)
==268755==    by 0x307975: YAML::SingleDocParser::HandleBlockMap(YAML::EventHandler&) (singledocparser.cpp:281)
==268755==    by 0x30762F: YAML::SingleDocParser::HandleMap(YAML::EventHandler&) (singledocparser.cpp:235)
==268755==    by 0x306B2F: YAML::SingleDocParser::HandleNode(YAML::EventHandler&) (singledocparser.cpp:128)
==268755==    by 0x307125: YAML::SingleDocParser::HandleBlockSequence(YAML::EventHandler&) (singledocparser.cpp:192)
==268755==    by 0x306E49: YAML::SingleDocParser::HandleSequence(YAML::EventHandler&) (singledocparser.cpp:155)
==268755== 
==268755== 96 bytes in 6 blocks are still reachable in loss record 1,410 of 2,004
==268755==    at 0x4848899: malloc (in /usr/libexec/valgrind/vgpreload_memcheck-amd64-linux.so)
==268755==    by 0x561679D: CRYPTO_zalloc (in /usr/lib/x86_64-linux-gnu/libcrypto.so.3)
==268755==    by 0x5619506: ??? (in /usr/lib/x86_64-linux-gnu/libcrypto.so.3)
==268755==    by 0x5615E27: ??? (in /usr/lib/x86_64-linux-gnu/libcrypto.so.3)
==268755==    by 0x5615F35: ??? (in /usr/lib/x86_64-linux-gnu/libcrypto.so.3)
==268755==    by 0x560C486: OPENSSL_LH_doall_arg (in /usr/lib/x86_64-linux-gnu/libcrypto.so.3)
==268755==    by 0x562D2EA: OBJ_NAME_do_all (in /usr/lib/x86_64-linux-gnu/libcrypto.so.3)
==268755==    by 0x5615B29: ??? (in /usr/lib/x86_64-linux-gnu/libcrypto.so.3)
==268755==    by 0x56F4A6B: ??? (in /usr/lib/x86_64-linux-gnu/libcrypto.so.3)
==268755==    by 0x55EC302: EVP_CIPHER_fetch (in /usr/lib/x86_64-linux-gnu/libcrypto.so.3)
==268755==    by 0x53F137A: ??? (in /usr/lib/x86_64-linux-gnu/libssl.so.3)
==268755==    by 0x53F5161: SSL_CTX_new_ex (in /usr/lib/x86_64-linux-gnu/libssl.so.3)
==268755== 
==268755== 96 bytes in 6 blocks are still reachable in loss record 1,411 of 2,004
==268755==    at 0x4848899: malloc (in /usr/libexec/valgrind/vgpreload_memcheck-amd64-linux.so)
==268755==    by 0x561679D: CRYPTO_zalloc (in /usr/lib/x86_64-linux-gnu/libcrypto.so.3)
==268755==    by 0x5619506: ??? (in /usr/lib/x86_64-linux-gnu/libcrypto.so.3)
==268755==    by 0x56F41B3: ??? (in /usr/lib/x86_64-linux-gnu/libcrypto.so.3)
==268755==    by 0x55EBAFA: ??? (in /usr/lib/x86_64-linux-gnu/libcrypto.so.3)
==268755==    by 0x560B7F8: ??? (in /usr/lib/x86_64-linux-gnu/libcrypto.so.3)
==268755==    by 0x560B71B: ??? (in /usr/lib/x86_64-linux-gnu/libcrypto.so.3)
==268755==    by 0x562AD6A: ??? (in /usr/lib/x86_64-linux-gnu/libcrypto.so.3)
==268755==    by 0x56F44E7: ??? (in /usr/lib/x86_64-linux-gnu/libcrypto.so.3)
==268755==    by 0x56F4B3D: ??? (in /usr/lib/x86_64-linux-gnu/libcrypto.so.3)
==268755==    by 0x55F783E: EVP_KEYEXCH_fetch (in /usr/lib/x86_64-linux-gnu/libcrypto.so.3)
==268755==    by 0x53F5256: SSL_CTX_new_ex (in /usr/lib/x86_64-linux-gnu/libssl.so.3)
==268755== 
==268755== 96 bytes in 12 blocks are still reachable in loss record 1,412 of 2,004
==268755==    at 0x4848899: malloc (in /usr/libexec/valgrind/vgpreload_memcheck-amd64-linux.so)
==268755==    by 0x56177D2: CRYPTO_strndup (in /usr/lib/x86_64-linux-gnu/libcrypto.so.3)
==268755==    by 0x56FC850: ??? (in /usr/lib/x86_64-linux-gnu/libcrypto.so.3)
==268755==    by 0x55FAF9A: ??? (in /usr/lib/x86_64-linux-gnu/libcrypto.so.3)
==268755==    by 0x55EBB09: ??? (in /usr/lib/x86_64-linux-gnu/libcrypto.so.3)
==268755==    by 0x560B7F8: ??? (in /usr/lib/x86_64-linux-gnu/libcrypto.so.3)
==268755==    by 0x560B71B: ??? (in /usr/lib/x86_64-linux-gnu/libcrypto.so.3)
==268755==    by 0x562AD6A: ??? (in /usr/lib/x86_64-linux-gnu/libcrypto.so.3)
==268755==    by 0x56F44E7: ??? (in /usr/lib/x86_64-linux-gnu/libcrypto.so.3)
==268755==    by 0x56F4B3D: ??? (in /usr/lib/x86_64-linux-gnu/libcrypto.so.3)
==268755==    by 0x55F7C32: EVP_KDF_fetch (in /usr/lib/x86_64-linux-gnu/libcrypto.so.3)
==268755==    by 0x54066BF: ??? (in /usr/lib/x86_64-linux-gnu/libssl.so.3)
==268755== 
==268755== 96 bytes in 4 blocks are possibly lost in loss record 1,413 of 2,004
==268755==    at 0x4848899: malloc (in /usr/libexec/valgrind/vgpreload_memcheck-amd64-linux.so)
==268755==    by 0x561679D: CRYPTO_zalloc (in /usr/lib/x86_64-linux-gnu/libcrypto.so.3)
==268755==    by 0x5547E13: BN_new (in /usr/lib/x86_64-linux-gnu/libcrypto.so.3)
==268755==    by 0x55A1594: ??? (in /usr/lib/x86_64-linux-gnu/libcrypto.so.3)
==268755==    by 0x55A24F9: EC_GROUP_dup (in /usr/lib/x86_64-linux-gnu/libcrypto.so.3)
==268755==    by 0x55A2572: EC_KEY_set_group (in /usr/lib/x86_64-linux-gnu/libcrypto.so.3)
==268755==    by 0x56D78BC: ??? (in /usr/lib/x86_64-linux-gnu/libcrypto.so.3)
==268755==    by 0x5608028: EVP_PKEY_generate (in /usr/lib/x86_64-linux-gnu/libcrypto.so.3)
==268755==    by 0x53E1278: ??? (in /usr/lib/x86_64-linux-gnu/libssl.so.3)
==268755==    by 0x5412AC2: ??? (in /usr/lib/x86_64-linux-gnu/libssl.so.3)
==268755==    by 0x5415B60: ??? (in /usr/lib/x86_64-linux-gnu/libssl.so.3)
==268755==    by 0x5421483: ??? (in /usr/lib/x86_64-linux-gnu/libssl.so.3)
==268755== 
==268755== 96 bytes in 4 blocks are possibly lost in loss record 1,414 of 2,004
==268755==    at 0x4848899: malloc (in /usr/libexec/valgrind/vgpreload_memcheck-amd64-linux.so)
==268755==    by 0x561679D: CRYPTO_zalloc (in /usr/lib/x86_64-linux-gnu/libcrypto.so.3)
==268755==    by 0x5547E13: BN_new (in /usr/lib/x86_64-linux-gnu/libcrypto.so.3)
==268755==    by 0x55A15A6: ??? (in /usr/lib/x86_64-linux-gnu/libcrypto.so.3)
==268755==    by 0x55A24F9: EC_GROUP_dup (in /usr/lib/x86_64-linux-gnu/libcrypto.so.3)
==268755==    by 0x55A2572: EC_KEY_set_group (in /usr/lib/x86_64-linux-gnu/libcrypto.so.3)
==268755==    by 0x56D78BC: ??? (in /usr/lib/x86_64-linux-gnu/libcrypto.so.3)
==268755==    by 0x5608028: EVP_PKEY_generate (in /usr/lib/x86_64-linux-gnu/libcrypto.so.3)
==268755==    by 0x53E1278: ??? (in /usr/lib/x86_64-linux-gnu/libssl.so.3)
==268755==    by 0x5412AC2: ??? (in /usr/lib/x86_64-linux-gnu/libssl.so.3)
==268755==    by 0x5415B60: ??? (in /usr/lib/x86_64-linux-gnu/libssl.so.3)
==268755==    by 0x5421483: ??? (in /usr/lib/x86_64-linux-gnu/libssl.so.3)
==268755== 
==268755== 96 bytes in 4 blocks are possibly lost in loss record 1,415 of 2,004
==268755==    at 0x4848899: malloc (in /usr/libexec/valgrind/vgpreload_memcheck-amd64-linux.so)
==268755==    by 0x561679D: CRYPTO_zalloc (in /usr/lib/x86_64-linux-gnu/libcrypto.so.3)
==268755==    by 0x5547E13: BN_new (in /usr/lib/x86_64-linux-gnu/libcrypto.so.3)
==268755==    by 0x55C2EFC: ??? (in /usr/lib/x86_64-linux-gnu/libcrypto.so.3)
==268755==    by 0x55A588C: ??? (in /usr/lib/x86_64-linux-gnu/libcrypto.so.3)
==268755==    by 0x55A1579: ??? (in /usr/lib/x86_64-linux-gnu/libcrypto.so.3)
==268755==    by 0x55A24F9: EC_GROUP_dup (in /usr/lib/x86_64-linux-gnu/libcrypto.so.3)
==268755==    by 0x55A2572: EC_KEY_set_group (in /usr/lib/x86_64-linux-gnu/libcrypto.so.3)
==268755==    by 0x56D78BC: ??? (in /usr/lib/x86_64-linux-gnu/libcrypto.so.3)
==268755==    by 0x5608028: EVP_PKEY_generate (in /usr/lib/x86_64-linux-gnu/libcrypto.so.3)
==268755==    by 0x53E1278: ??? (in /usr/lib/x86_64-linux-gnu/libssl.so.3)
==268755==    by 0x5412AC2: ??? (in /usr/lib/x86_64-linux-gnu/libssl.so.3)
==268755== 
==268755== 96 bytes in 4 blocks are possibly lost in loss record 1,416 of 2,004
==268755==    at 0x4848899: malloc (in /usr/libexec/valgrind/vgpreload_memcheck-amd64-linux.so)
==268755==    by 0x561679D: CRYPTO_zalloc (in /usr/lib/x86_64-linux-gnu/libcrypto.so.3)
==268755==    by 0x5547E13: BN_new (in /usr/lib/x86_64-linux-gnu/libcrypto.so.3)
==268755==    by 0x55C2F05: ??? (in /usr/lib/x86_64-linux-gnu/libcrypto.so.3)
==268755==    by 0x55A588C: ??? (in /usr/lib/x86_64-linux-gnu/libcrypto.so.3)
==268755==    by 0x55A1579: ??? (in /usr/lib/x86_64-linux-gnu/libcrypto.so.3)
==268755==    by 0x55A24F9: EC_GROUP_dup (in /usr/lib/x86_64-linux-gnu/libcrypto.so.3)
==268755==    by 0x55A2572: EC_KEY_set_group (in /usr/lib/x86_64-linux-gnu/libcrypto.so.3)
==268755==    by 0x56D78BC: ??? (in /usr/lib/x86_64-linux-gnu/libcrypto.so.3)
==268755==    by 0x5608028: EVP_PKEY_generate (in /usr/lib/x86_64-linux-gnu/libcrypto.so.3)
==268755==    by 0x53E1278: ??? (in /usr/lib/x86_64-linux-gnu/libssl.so.3)
==268755==    by 0x5412AC2: ??? (in /usr/lib/x86_64-linux-gnu/libssl.so.3)
==268755== 
==268755== 96 bytes in 4 blocks are possibly lost in loss record 1,417 of 2,004
==268755==    at 0x4848899: malloc (in /usr/libexec/valgrind/vgpreload_memcheck-amd64-linux.so)
==268755==    by 0x561679D: CRYPTO_zalloc (in /usr/lib/x86_64-linux-gnu/libcrypto.so.3)
==268755==    by 0x5547E13: BN_new (in /usr/lib/x86_64-linux-gnu/libcrypto.so.3)
==268755==    by 0x55C2F0E: ??? (in /usr/lib/x86_64-linux-gnu/libcrypto.so.3)
==268755==    by 0x55A588C: ??? (in /usr/lib/x86_64-linux-gnu/libcrypto.so.3)
==268755==    by 0x55A1579: ??? (in /usr/lib/x86_64-linux-gnu/libcrypto.so.3)
==268755==    by 0x55A24F9: EC_GROUP_dup (in /usr/lib/x86_64-linux-gnu/libcrypto.so.3)
==268755==    by 0x55A2572: EC_KEY_set_group (in /usr/lib/x86_64-linux-gnu/libcrypto.so.3)
==268755==    by 0x56D78BC: ??? (in /usr/lib/x86_64-linux-gnu/libcrypto.so.3)
==268755==    by 0x5608028: EVP_PKEY_generate (in /usr/lib/x86_64-linux-gnu/libcrypto.so.3)
==268755==    by 0x53E1278: ??? (in /usr/lib/x86_64-linux-gnu/libssl.so.3)
==268755==    by 0x5412AC2: ??? (in /usr/lib/x86_64-linux-gnu/libssl.so.3)
==268755== 
==268755== 96 bytes in 4 blocks are possibly lost in loss record 1,418 of 2,004
==268755==    at 0x4848899: malloc (in /usr/libexec/valgrind/vgpreload_memcheck-amd64-linux.so)
==268755==    by 0x561679D: CRYPTO_zalloc (in /usr/lib/x86_64-linux-gnu/libcrypto.so.3)
==268755==    by 0x5547E13: BN_new (in /usr/lib/x86_64-linux-gnu/libcrypto.so.3)
==268755==    by 0x55C2F6C: ??? (in /usr/lib/x86_64-linux-gnu/libcrypto.so.3)
==268755==    by 0x559CB27: EC_POINT_new (in /usr/lib/x86_64-linux-gnu/libcrypto.so.3)
==268755==    by 0x55A2017: EC_GROUP_copy (in /usr/lib/x86_64-linux-gnu/libcrypto.so.3)
==268755==    by 0x55A250C: EC_GROUP_dup (in /usr/lib/x86_64-linux-gnu/libcrypto.so.3)
==268755==    by 0x55A2572: EC_KEY_set_group (in /usr/lib/x86_64-linux-gnu/libcrypto.so.3)
==268755==    by 0x56D78BC: ??? (in /usr/lib/x86_64-linux-gnu/libcrypto.so.3)
==268755==    by 0x5608028: EVP_PKEY_generate (in /usr/lib/x86_64-linux-gnu/libcrypto.so.3)
==268755==    by 0x53E1278: ??? (in /usr/lib/x86_64-linux-gnu/libssl.so.3)
==268755==    by 0x5412AC2: ??? (in /usr/lib/x86_64-linux-gnu/libssl.so.3)
==268755== 
==268755== 96 bytes in 4 blocks are possibly lost in loss record 1,419 of 2,004
==268755==    at 0x4848899: malloc (in /usr/libexec/valgrind/vgpreload_memcheck-amd64-linux.so)
==268755==    by 0x561679D: CRYPTO_zalloc (in /usr/lib/x86_64-linux-gnu/libcrypto.so.3)
==268755==    by 0x5547E13: BN_new (in /usr/lib/x86_64-linux-gnu/libcrypto.so.3)
==268755==    by 0x55C2F75: ??? (in /usr/lib/x86_64-linux-gnu/libcrypto.so.3)
==268755==    by 0x559CB27: EC_POINT_new (in /usr/lib/x86_64-linux-gnu/libcrypto.so.3)
==268755==    by 0x55A2017: EC_GROUP_copy (in /usr/lib/x86_64-linux-gnu/libcrypto.so.3)
==268755==    by 0x55A250C: EC_GROUP_dup (in /usr/lib/x86_64-linux-gnu/libcrypto.so.3)
==268755==    by 0x55A2572: EC_KEY_set_group (in /usr/lib/x86_64-linux-gnu/libcrypto.so.3)
==268755==    by 0x56D78BC: ??? (in /usr/lib/x86_64-linux-gnu/libcrypto.so.3)
==268755==    by 0x5608028: EVP_PKEY_generate (in /usr/lib/x86_64-linux-gnu/libcrypto.so.3)
==268755==    by 0x53E1278: ??? (in /usr/lib/x86_64-linux-gnu/libssl.so.3)
==268755==    by 0x5412AC2: ??? (in /usr/lib/x86_64-linux-gnu/libssl.so.3)
==268755== 
==268755== 96 bytes in 4 blocks are possibly lost in loss record 1,420 of 2,004
==268755==    at 0x4848899: malloc (in /usr/libexec/valgrind/vgpreload_memcheck-amd64-linux.so)
==268755==    by 0x561679D: CRYPTO_zalloc (in /usr/lib/x86_64-linux-gnu/libcrypto.so.3)
==268755==    by 0x5547E13: BN_new (in /usr/lib/x86_64-linux-gnu/libcrypto.so.3)
==268755==    by 0x55C2F7E: ??? (in /usr/lib/x86_64-linux-gnu/libcrypto.so.3)
==268755==    by 0x559CB27: EC_POINT_new (in /usr/lib/x86_64-linux-gnu/libcrypto.so.3)
==268755==    by 0x55A2017: EC_GROUP_copy (in /usr/lib/x86_64-linux-gnu/libcrypto.so.3)
==268755==    by 0x55A250C: EC_GROUP_dup (in /usr/lib/x86_64-linux-gnu/libcrypto.so.3)
==268755==    by 0x55A2572: EC_KEY_set_group (in /usr/lib/x86_64-linux-gnu/libcrypto.so.3)
==268755==    by 0x56D78BC: ??? (in /usr/lib/x86_64-linux-gnu/libcrypto.so.3)
==268755==    by 0x5608028: EVP_PKEY_generate (in /usr/lib/x86_64-linux-gnu/libcrypto.so.3)
==268755==    by 0x53E1278: ??? (in /usr/lib/x86_64-linux-gnu/libssl.so.3)
==268755==    by 0x5412AC2: ??? (in /usr/lib/x86_64-linux-gnu/libssl.so.3)
==268755== 
==268755== 96 bytes in 4 blocks are possibly lost in loss record 1,421 of 2,004
==268755==    at 0x4848899: malloc (in /usr/libexec/valgrind/vgpreload_memcheck-amd64-linux.so)
==268755==    by 0x561679D: CRYPTO_zalloc (in /usr/lib/x86_64-linux-gnu/libcrypto.so.3)
==268755==    by 0x5547E13: BN_new (in /usr/lib/x86_64-linux-gnu/libcrypto.so.3)
==268755==    by 0x55488C5: BN_dup (in /usr/lib/x86_64-linux-gnu/libcrypto.so.3)
==268755==    by 0x55B001D: ??? (in /usr/lib/x86_64-linux-gnu/libcrypto.so.3)
==268755==    by 0x55A250C: EC_GROUP_dup (in /usr/lib/x86_64-linux-gnu/libcrypto.so.3)
==268755==    by 0x55A2572: EC_KEY_set_group (in /usr/lib/x86_64-linux-gnu/libcrypto.so.3)
==268755==    by 0x56D78BC: ??? (in /usr/lib/x86_64-linux-gnu/libcrypto.so.3)
==268755==    by 0x5608028: EVP_PKEY_generate (in /usr/lib/x86_64-linux-gnu/libcrypto.so.3)
==268755==    by 0x53E1278: ??? (in /usr/lib/x86_64-linux-gnu/libssl.so.3)
==268755==    by 0x5412AC2: ??? (in /usr/lib/x86_64-linux-gnu/libssl.so.3)
==268755==    by 0x5415B60: ??? (in /usr/lib/x86_64-linux-gnu/libssl.so.3)
==268755== 
==268755== 96 bytes in 4 blocks are possibly lost in loss record 1,422 of 2,004
==268755==    at 0x4848899: malloc (in /usr/libexec/valgrind/vgpreload_memcheck-amd64-linux.so)
==268755==    by 0x561679D: CRYPTO_zalloc (in /usr/lib/x86_64-linux-gnu/libcrypto.so.3)
==268755==    by 0x5547E13: BN_new (in /usr/lib/x86_64-linux-gnu/libcrypto.so.3)
==268755==    by 0x5547E6C: BN_secure_new (in /usr/lib/x86_64-linux-gnu/libcrypto.so.3)
==268755==    by 0x55A4EDC: ??? (in /usr/lib/x86_64-linux-gnu/libcrypto.so.3)
==268755==    by 0x559BAC4: ??? (in /usr/lib/x86_64-linux-gnu/libcrypto.so.3)
==268755==    by 0x559C3D1: EC_KEY_generate_key (in /usr/lib/x86_64-linux-gnu/libcrypto.so.3)
==268755==    by 0x56D78D2: ??? (in /usr/lib/x86_64-linux-gnu/libcrypto.so.3)
==268755==    by 0x5608028: EVP_PKEY_generate (in /usr/lib/x86_64-linux-gnu/libcrypto.so.3)
==268755==    by 0x53E1278: ??? (in /usr/lib/x86_64-linux-gnu/libssl.so.3)
==268755==    by 0x5412AC2: ??? (in /usr/lib/x86_64-linux-gnu/libssl.so.3)
==268755==    by 0x5415B60: ??? (in /usr/lib/x86_64-linux-gnu/libssl.so.3)
==268755== 
==268755== 96 bytes in 4 blocks are possibly lost in loss record 1,423 of 2,004
==268755==    at 0x4848899: malloc (in /usr/libexec/valgrind/vgpreload_memcheck-amd64-linux.so)
==268755==    by 0x561679D: CRYPTO_zalloc (in /usr/lib/x86_64-linux-gnu/libcrypto.so.3)
==268755==    by 0x5547E13: BN_new (in /usr/lib/x86_64-linux-gnu/libcrypto.so.3)
==268755==    by 0x55C2F6C: ??? (in /usr/lib/x86_64-linux-gnu/libcrypto.so.3)
==268755==    by 0x559CB27: EC_POINT_new (in /usr/lib/x86_64-linux-gnu/libcrypto.so.3)
==268755==    by 0x55A4F57: ??? (in /usr/lib/x86_64-linux-gnu/libcrypto.so.3)
==268755==    by 0x559BAC4: ??? (in /usr/lib/x86_64-linux-gnu/libcrypto.so.3)
==268755==    by 0x559C3D1: EC_KEY_generate_key (in /usr/lib/x86_64-linux-gnu/libcrypto.so.3)
==268755==    by 0x56D78D2: ??? (in /usr/lib/x86_64-linux-gnu/libcrypto.so.3)
==268755==    by 0x5608028: EVP_PKEY_generate (in /usr/lib/x86_64-linux-gnu/libcrypto.so.3)
==268755==    by 0x53E1278: ??? (in /usr/lib/x86_64-linux-gnu/libssl.so.3)
==268755==    by 0x5412AC2: ??? (in /usr/lib/x86_64-linux-gnu/libssl.so.3)
==268755== 
==268755== 96 bytes in 4 blocks are possibly lost in loss record 1,424 of 2,004
==268755==    at 0x4848899: malloc (in /usr/libexec/valgrind/vgpreload_memcheck-amd64-linux.so)
==268755==    by 0x561679D: CRYPTO_zalloc (in /usr/lib/x86_64-linux-gnu/libcrypto.so.3)
==268755==    by 0x5547E13: BN_new (in /usr/lib/x86_64-linux-gnu/libcrypto.so.3)
==268755==    by 0x55C2F75: ??? (in /usr/lib/x86_64-linux-gnu/libcrypto.so.3)
==268755==    by 0x559CB27: EC_POINT_new (in /usr/lib/x86_64-linux-gnu/libcrypto.so.3)
==268755==    by 0x55A4F57: ??? (in /usr/lib/x86_64-linux-gnu/libcrypto.so.3)
==268755==    by 0x559BAC4: ??? (in /usr/lib/x86_64-linux-gnu/libcrypto.so.3)
==268755==    by 0x559C3D1: EC_KEY_generate_key (in /usr/lib/x86_64-linux-gnu/libcrypto.so.3)
==268755==    by 0x56D78D2: ??? (in /usr/lib/x86_64-linux-gnu/libcrypto.so.3)
==268755==    by 0x5608028: EVP_PKEY_generate (in /usr/lib/x86_64-linux-gnu/libcrypto.so.3)
==268755==    by 0x53E1278: ??? (in /usr/lib/x86_64-linux-gnu/libssl.so.3)
==268755==    by 0x5412AC2: ??? (in /usr/lib/x86_64-linux-gnu/libssl.so.3)
==268755== 
==268755== 96 bytes in 4 blocks are possibly lost in loss record 1,425 of 2,004
==268755==    at 0x4848899: malloc (in /usr/libexec/valgrind/vgpreload_memcheck-amd64-linux.so)
==268755==    by 0x561679D: CRYPTO_zalloc (in /usr/lib/x86_64-linux-gnu/libcrypto.so.3)
==268755==    by 0x5547E13: BN_new (in /usr/lib/x86_64-linux-gnu/libcrypto.so.3)
==268755==    by 0x55C2F7E: ??? (in /usr/lib/x86_64-linux-gnu/libcrypto.so.3)
==268755==    by 0x559CB27: EC_POINT_new (in /usr/lib/x86_64-linux-gnu/libcrypto.so.3)
==268755==    by 0x55A4F57: ??? (in /usr/lib/x86_64-linux-gnu/libcrypto.so.3)
==268755==    by 0x559BAC4: ??? (in /usr/lib/x86_64-linux-gnu/libcrypto.so.3)
==268755==    by 0x559C3D1: EC_KEY_generate_key (in /usr/lib/x86_64-linux-gnu/libcrypto.so.3)
==268755==    by 0x56D78D2: ??? (in /usr/lib/x86_64-linux-gnu/libcrypto.so.3)
==268755==    by 0x5608028: EVP_PKEY_generate (in /usr/lib/x86_64-linux-gnu/libcrypto.so.3)
==268755==    by 0x53E1278: ??? (in /usr/lib/x86_64-linux-gnu/libssl.so.3)
==268755==    by 0x5412AC2: ??? (in /usr/lib/x86_64-linux-gnu/libssl.so.3)
==268755== 
==268755== 96 bytes in 4 blocks are possibly lost in loss record 1,426 of 2,004
==268755==    at 0x4848899: malloc (in /usr/libexec/valgrind/vgpreload_memcheck-amd64-linux.so)
==268755==    by 0x561679D: CRYPTO_zalloc (in /usr/lib/x86_64-linux-gnu/libcrypto.so.3)
==268755==    by 0x5547E13: BN_new (in /usr/lib/x86_64-linux-gnu/libcrypto.so.3)
==268755==    by 0x55A1594: ??? (in /usr/lib/x86_64-linux-gnu/libcrypto.so.3)
==268755==    by 0x55A21DF: ??? (in /usr/lib/x86_64-linux-gnu/libcrypto.so.3)
==268755==    by 0x55FD533: ??? (in /usr/lib/x86_64-linux-gnu/libcrypto.so.3)
==268755==    by 0x5608C3F: EVP_PKEY_copy_parameters (in /usr/lib/x86_64-linux-gnu/libcrypto.so.3)
==268755==    by 0x5414439: ??? (in /usr/lib/x86_64-linux-gnu/libssl.so.3)
==268755==    by 0x5408838: ??? (in /usr/lib/x86_64-linux-gnu/libssl.so.3)
==268755==    by 0x541C24A: ??? (in /usr/lib/x86_64-linux-gnu/libssl.so.3)
==268755==    by 0x541EA94: ??? (in /usr/lib/x86_64-linux-gnu/libssl.so.3)
==268755==    by 0x5420697: ??? (in /usr/lib/x86_64-linux-gnu/libssl.so.3)
==268755== 
==268755== 96 bytes in 4 blocks are possibly lost in loss record 1,427 of 2,004
==268755==    at 0x4848899: malloc (in /usr/libexec/valgrind/vgpreload_memcheck-amd64-linux.so)
==268755==    by 0x561679D: CRYPTO_zalloc (in /usr/lib/x86_64-linux-gnu/libcrypto.so.3)
==268755==    by 0x5547E13: BN_new (in /usr/lib/x86_64-linux-gnu/libcrypto.so.3)
==268755==    by 0x55A15A6: ??? (in /usr/lib/x86_64-linux-gnu/libcrypto.so.3)
==268755==    by 0x55A21DF: ??? (in /usr/lib/x86_64-linux-gnu/libcrypto.so.3)
==268755==    by 0x55FD533: ??? (in /usr/lib/x86_64-linux-gnu/libcrypto.so.3)
==268755==    by 0x5608C3F: EVP_PKEY_copy_parameters (in /usr/lib/x86_64-linux-gnu/libcrypto.so.3)
==268755==    by 0x5414439: ??? (in /usr/lib/x86_64-linux-gnu/libssl.so.3)
==268755==    by 0x5408838: ??? (in /usr/lib/x86_64-linux-gnu/libssl.so.3)
==268755==    by 0x541C24A: ??? (in /usr/lib/x86_64-linux-gnu/libssl.so.3)
==268755==    by 0x541EA94: ??? (in /usr/lib/x86_64-linux-gnu/libssl.so.3)
==268755==    by 0x5420697: ??? (in /usr/lib/x86_64-linux-gnu/libssl.so.3)
==268755== 
==268755== 96 bytes in 4 blocks are possibly lost in loss record 1,428 of 2,004
==268755==    at 0x4848899: malloc (in /usr/libexec/valgrind/vgpreload_memcheck-amd64-linux.so)
==268755==    by 0x561679D: CRYPTO_zalloc (in /usr/lib/x86_64-linux-gnu/libcrypto.so.3)
==268755==    by 0x5547E13: BN_new (in /usr/lib/x86_64-linux-gnu/libcrypto.so.3)
==268755==    by 0x55C2EFC: ??? (in /usr/lib/x86_64-linux-gnu/libcrypto.so.3)
==268755==    by 0x55A588C: ??? (in /usr/lib/x86_64-linux-gnu/libcrypto.so.3)
==268755==    by 0x55A1579: ??? (in /usr/lib/x86_64-linux-gnu/libcrypto.so.3)
==268755==    by 0x55A21DF: ??? (in /usr/lib/x86_64-linux-gnu/libcrypto.so.3)
==268755==    by 0x55FD533: ??? (in /usr/lib/x86_64-linux-gnu/libcrypto.so.3)
==268755==    by 0x5608C3F: EVP_PKEY_copy_parameters (in /usr/lib/x86_64-linux-gnu/libcrypto.so.3)
==268755==    by 0x5414439: ??? (in /usr/lib/x86_64-linux-gnu/libssl.so.3)
==268755==    by 0x5408838: ??? (in /usr/lib/x86_64-linux-gnu/libssl.so.3)
==268755==    by 0x541C24A: ??? (in /usr/lib/x86_64-linux-gnu/libssl.so.3)
==268755== 
==268755== 96 bytes in 4 blocks are possibly lost in loss record 1,429 of 2,004
==268755==    at 0x4848899: malloc (in /usr/libexec/valgrind/vgpreload_memcheck-amd64-linux.so)
==268755==    by 0x561679D: CRYPTO_zalloc (in /usr/lib/x86_64-linux-gnu/libcrypto.so.3)
==268755==    by 0x5547E13: BN_new (in /usr/lib/x86_64-linux-gnu/libcrypto.so.3)
==268755==    by 0x55C2F05: ??? (in /usr/lib/x86_64-linux-gnu/libcrypto.so.3)
==268755==    by 0x55A588C: ??? (in /usr/lib/x86_64-linux-gnu/libcrypto.so.3)
==268755==    by 0x55A1579: ??? (in /usr/lib/x86_64-linux-gnu/libcrypto.so.3)
==268755==    by 0x55A21DF: ??? (in /usr/lib/x86_64-linux-gnu/libcrypto.so.3)
==268755==    by 0x55FD533: ??? (in /usr/lib/x86_64-linux-gnu/libcrypto.so.3)
==268755==    by 0x5608C3F: EVP_PKEY_copy_parameters (in /usr/lib/x86_64-linux-gnu/libcrypto.so.3)
==268755==    by 0x5414439: ??? (in /usr/lib/x86_64-linux-gnu/libssl.so.3)
==268755==    by 0x5408838: ??? (in /usr/lib/x86_64-linux-gnu/libssl.so.3)
==268755==    by 0x541C24A: ??? (in /usr/lib/x86_64-linux-gnu/libssl.so.3)
==268755== 
==268755== 96 bytes in 4 blocks are possibly lost in loss record 1,430 of 2,004
==268755==    at 0x4848899: malloc (in /usr/libexec/valgrind/vgpreload_memcheck-amd64-linux.so)
==268755==    by 0x561679D: CRYPTO_zalloc (in /usr/lib/x86_64-linux-gnu/libcrypto.so.3)
==268755==    by 0x5547E13: BN_new (in /usr/lib/x86_64-linux-gnu/libcrypto.so.3)
==268755==    by 0x55C2F0E: ??? (in /usr/lib/x86_64-linux-gnu/libcrypto.so.3)
==268755==    by 0x55A588C: ??? (in /usr/lib/x86_64-linux-gnu/libcrypto.so.3)
==268755==    by 0x55A1579: ??? (in /usr/lib/x86_64-linux-gnu/libcrypto.so.3)
==268755==    by 0x55A21DF: ??? (in /usr/lib/x86_64-linux-gnu/libcrypto.so.3)
==268755==    by 0x55FD533: ??? (in /usr/lib/x86_64-linux-gnu/libcrypto.so.3)
==268755==    by 0x5608C3F: EVP_PKEY_copy_parameters (in /usr/lib/x86_64-linux-gnu/libcrypto.so.3)
==268755==    by 0x5414439: ??? (in /usr/lib/x86_64-linux-gnu/libssl.so.3)
==268755==    by 0x5408838: ??? (in /usr/lib/x86_64-linux-gnu/libssl.so.3)
==268755==    by 0x541C24A: ??? (in /usr/lib/x86_64-linux-gnu/libssl.so.3)
==268755== 
==268755== 96 bytes in 4 blocks are possibly lost in loss record 1,431 of 2,004
==268755==    at 0x4848899: malloc (in /usr/libexec/valgrind/vgpreload_memcheck-amd64-linux.so)
==268755==    by 0x561679D: CRYPTO_zalloc (in /usr/lib/x86_64-linux-gnu/libcrypto.so.3)
==268755==    by 0x5547E13: BN_new (in /usr/lib/x86_64-linux-gnu/libcrypto.so.3)
==268755==    by 0x55C2F6C: ??? (in /usr/lib/x86_64-linux-gnu/libcrypto.so.3)
==268755==    by 0x559CB27: EC_POINT_new (in /usr/lib/x86_64-linux-gnu/libcrypto.so.3)
==268755==    by 0x55A2017: EC_GROUP_copy (in /usr/lib/x86_64-linux-gnu/libcrypto.so.3)
==268755==    by 0x55A21F5: ??? (in /usr/lib/x86_64-linux-gnu/libcrypto.so.3)
==268755==    by 0x55FD533: ??? (in /usr/lib/x86_64-linux-gnu/libcrypto.so.3)
==268755==    by 0x5608C3F: EVP_PKEY_copy_parameters (in /usr/lib/x86_64-linux-gnu/libcrypto.so.3)
==268755==    by 0x5414439: ??? (in /usr/lib/x86_64-linux-gnu/libssl.so.3)
==268755==    by 0x5408838: ??? (in /usr/lib/x86_64-linux-gnu/libssl.so.3)
==268755==    by 0x541C24A: ??? (in /usr/lib/x86_64-linux-gnu/libssl.so.3)
==268755== 
==268755== 96 bytes in 4 blocks are possibly lost in loss record 1,432 of 2,004
==268755==    at 0x4848899: malloc (in /usr/libexec/valgrind/vgpreload_memcheck-amd64-linux.so)
==268755==    by 0x561679D: CRYPTO_zalloc (in /usr/lib/x86_64-linux-gnu/libcrypto.so.3)
==268755==    by 0x5547E13: BN_new (in /usr/lib/x86_64-linux-gnu/libcrypto.so.3)
==268755==    by 0x55C2F75: ??? (in /usr/lib/x86_64-linux-gnu/libcrypto.so.3)
==268755==    by 0x559CB27: EC_POINT_new (in /usr/lib/x86_64-linux-gnu/libcrypto.so.3)
==268755==    by 0x55A2017: EC_GROUP_copy (in /usr/lib/x86_64-linux-gnu/libcrypto.so.3)
==268755==    by 0x55A21F5: ??? (in /usr/lib/x86_64-linux-gnu/libcrypto.so.3)
==268755==    by 0x55FD533: ??? (in /usr/lib/x86_64-linux-gnu/libcrypto.so.3)
==268755==    by 0x5608C3F: EVP_PKEY_copy_parameters (in /usr/lib/x86_64-linux-gnu/libcrypto.so.3)
==268755==    by 0x5414439: ??? (in /usr/lib/x86_64-linux-gnu/libssl.so.3)
==268755==    by 0x5408838: ??? (in /usr/lib/x86_64-linux-gnu/libssl.so.3)
==268755==    by 0x541C24A: ??? (in /usr/lib/x86_64-linux-gnu/libssl.so.3)
==268755== 
==268755== 96 bytes in 4 blocks are possibly lost in loss record 1,433 of 2,004
==268755==    at 0x4848899: malloc (in /usr/libexec/valgrind/vgpreload_memcheck-amd64-linux.so)
==268755==    by 0x561679D: CRYPTO_zalloc (in /usr/lib/x86_64-linux-gnu/libcrypto.so.3)
==268755==    by 0x5547E13: BN_new (in /usr/lib/x86_64-linux-gnu/libcrypto.so.3)
==268755==    by 0x55C2F7E: ??? (in /usr/lib/x86_64-linux-gnu/libcrypto.so.3)
==268755==    by 0x559CB27: EC_POINT_new (in /usr/lib/x86_64-linux-gnu/libcrypto.so.3)
==268755==    by 0x55A2017: EC_GROUP_copy (in /usr/lib/x86_64-linux-gnu/libcrypto.so.3)
==268755==    by 0x55A21F5: ??? (in /usr/lib/x86_64-linux-gnu/libcrypto.so.3)
==268755==    by 0x55FD533: ??? (in /usr/lib/x86_64-linux-gnu/libcrypto.so.3)
==268755==    by 0x5608C3F: EVP_PKEY_copy_parameters (in /usr/lib/x86_64-linux-gnu/libcrypto.so.3)
==268755==    by 0x5414439: ??? (in /usr/lib/x86_64-linux-gnu/libssl.so.3)
==268755==    by 0x5408838: ??? (in /usr/lib/x86_64-linux-gnu/libssl.so.3)
==268755==    by 0x541C24A: ??? (in /usr/lib/x86_64-linux-gnu/libssl.so.3)
==268755== 
==268755== 96 bytes in 4 blocks are possibly lost in loss record 1,434 of 2,004
==268755==    at 0x4848899: malloc (in /usr/libexec/valgrind/vgpreload_memcheck-amd64-linux.so)
==268755==    by 0x561679D: CRYPTO_zalloc (in /usr/lib/x86_64-linux-gnu/libcrypto.so.3)
==268755==    by 0x5547E13: BN_new (in /usr/lib/x86_64-linux-gnu/libcrypto.so.3)
==268755==    by 0x55488C5: BN_dup (in /usr/lib/x86_64-linux-gnu/libcrypto.so.3)
==268755==    by 0x55B001D: ??? (in /usr/lib/x86_64-linux-gnu/libcrypto.so.3)
==268755==    by 0x55A21F5: ??? (in /usr/lib/x86_64-linux-gnu/libcrypto.so.3)
==268755==    by 0x55FD533: ??? (in /usr/lib/x86_64-linux-gnu/libcrypto.so.3)
==268755==    by 0x5608C3F: EVP_PKEY_copy_parameters (in /usr/lib/x86_64-linux-gnu/libcrypto.so.3)
==268755==    by 0x5414439: ??? (in /usr/lib/x86_64-linux-gnu/libssl.so.3)
==268755==    by 0x5408838: ??? (in /usr/lib/x86_64-linux-gnu/libssl.so.3)
==268755==    by 0x541C24A: ??? (in /usr/lib/x86_64-linux-gnu/libssl.so.3)
==268755==    by 0x541EA94: ??? (in /usr/lib/x86_64-linux-gnu/libssl.so.3)
==268755== 
==268755== 96 bytes in 4 blocks are possibly lost in loss record 1,435 of 2,004
==268755==    at 0x4848899: malloc (in /usr/libexec/valgrind/vgpreload_memcheck-amd64-linux.so)
==268755==    by 0x561679D: CRYPTO_zalloc (in /usr/lib/x86_64-linux-gnu/libcrypto.so.3)
==268755==    by 0x5547E13: BN_new (in /usr/lib/x86_64-linux-gnu/libcrypto.so.3)
==268755==    by 0x55C2F6C: ??? (in /usr/lib/x86_64-linux-gnu/libcrypto.so.3)
==268755==    by 0x559CB27: EC_POINT_new (in /usr/lib/x86_64-linux-gnu/libcrypto.so.3)
==268755==    by 0x559D9BC: EC_KEY_oct2key (in /usr/lib/x86_64-linux-gnu/libcrypto.so.3)
==268755==    by 0x56D6A9A: ??? (in /usr/lib/x86_64-linux-gnu/libcrypto.so.3)
==268755==    by 0x5603376: EVP_PKEY_set_octet_string_param (in /usr/lib/x86_64-linux-gnu/libcrypto.so.3)
==268755==    by 0x541444F: ??? (in /usr/lib/x86_64-linux-gnu/libssl.so.3)
==268755==    by 0x5408838: ??? (in /usr/lib/x86_64-linux-gnu/libssl.so.3)
==268755==    by 0x541C24A: ??? (in /usr/lib/x86_64-linux-gnu/libssl.so.3)
==268755==    by 0x541EA94: ??? (in /usr/lib/x86_64-linux-gnu/libssl.so.3)
==268755== 
==268755== 96 bytes in 4 blocks are possibly lost in loss record 1,436 of 2,004
==268755==    at 0x4848899: malloc (in /usr/libexec/valgrind/vgpreload_memcheck-amd64-linux.so)
==268755==    by 0x561679D: CRYPTO_zalloc (in /usr/lib/x86_64-linux-gnu/libcrypto.so.3)
==268755==    by 0x5547E13: BN_new (in /usr/lib/x86_64-linux-gnu/libcrypto.so.3)
==268755==    by 0x55C2F75: ??? (in /usr/lib/x86_64-linux-gnu/libcrypto.so.3)
==268755==    by 0x559CB27: EC_POINT_new (in /usr/lib/x86_64-linux-gnu/libcrypto.so.3)
==268755==    by 0x559D9BC: EC_KEY_oct2key (in /usr/lib/x86_64-linux-gnu/libcrypto.so.3)
==268755==    by 0x56D6A9A: ??? (in /usr/lib/x86_64-linux-gnu/libcrypto.so.3)
==268755==    by 0x5603376: EVP_PKEY_set_octet_string_param (in /usr/lib/x86_64-linux-gnu/libcrypto.so.3)
==268755==    by 0x541444F: ??? (in /usr/lib/x86_64-linux-gnu/libssl.so.3)
==268755==    by 0x5408838: ??? (in /usr/lib/x86_64-linux-gnu/libssl.so.3)
==268755==    by 0x541C24A: ??? (in /usr/lib/x86_64-linux-gnu/libssl.so.3)
==268755==    by 0x541EA94: ??? (in /usr/lib/x86_64-linux-gnu/libssl.so.3)
==268755== 
==268755== 96 bytes in 4 blocks are possibly lost in loss record 1,437 of 2,004
==268755==    at 0x4848899: malloc (in /usr/libexec/valgrind/vgpreload_memcheck-amd64-linux.so)
==268755==    by 0x561679D: CRYPTO_zalloc (in /usr/lib/x86_64-linux-gnu/libcrypto.so.3)
==268755==    by 0x5547E13: BN_new (in /usr/lib/x86_64-linux-gnu/libcrypto.so.3)
==268755==    by 0x55C2F7E: ??? (in /usr/lib/x86_64-linux-gnu/libcrypto.so.3)
==268755==    by 0x559CB27: EC_POINT_new (in /usr/lib/x86_64-linux-gnu/libcrypto.so.3)
==268755==    by 0x559D9BC: EC_KEY_oct2key (in /usr/lib/x86_64-linux-gnu/libcrypto.so.3)
==268755==    by 0x56D6A9A: ??? (in /usr/lib/x86_64-linux-gnu/libcrypto.so.3)
==268755==    by 0x5603376: EVP_PKEY_set_octet_string_param (in /usr/lib/x86_64-linux-gnu/libcrypto.so.3)
==268755==    by 0x541444F: ??? (in /usr/lib/x86_64-linux-gnu/libssl.so.3)
==268755==    by 0x5408838: ??? (in /usr/lib/x86_64-linux-gnu/libssl.so.3)
==268755==    by 0x541C24A: ??? (in /usr/lib/x86_64-linux-gnu/libssl.so.3)
==268755==    by 0x541EA94: ??? (in /usr/lib/x86_64-linux-gnu/libssl.so.3)
==268755== 
==268755== 98 bytes in 1 blocks are possibly lost in loss record 1,438 of 2,004
==268755==    at 0x4849013: operator new(unsigned long) (in /usr/libexec/valgrind/vgpreload_memcheck-amd64-linux.so)
==268755==    by 0x5038978: std::string::_Rep::_S_create(unsigned long, unsigned long, std::allocator<char> const&) (in /usr/lib/x86_64-linux-gnu/libstdc++.so.6.0.30)
==268755==    by 0x50199A3: ??? (in /usr/lib/x86_64-linux-gnu/libstdc++.so.6.0.30)
==268755==    by 0x502B9A4: std::runtime_error::runtime_error(std::__cxx11::basic_string<char, std::char_traits<char>, std::allocator<char> > const&) (in /usr/lib/x86_64-linux-gnu/libstdc++.so.6.0.30)
==268755==    by 0x1A5E8E: cpp_dbc::SQLException::SQLException(std::__cxx11::basic_string<char, std::char_traits<char>, std::allocator<char> > const&) (cpp_dbc.hpp:47)
==268755==    by 0x1E9CF5: cpp_dbc::MySQL::MySQLPreparedStatement::MySQLPreparedStatement(MYSQL*, std::__cxx11::basic_string<char, std::char_traits<char>, std::allocator<char> > const&) (driver_mysql.cpp:268)
==268755==    by 0x1F66A8: decltype (::new ((void*)(0)) cpp_dbc::MySQL::MySQLPreparedStatement((declval<MYSQL*&>)(), (declval<std::__cxx11::basic_string<char, std::char_traits<char>, std::allocator<char> > const&>)())) std::construct_at<cpp_dbc::MySQL::MySQLPreparedStatement, MYSQL*&, std::__cxx11::basic_string<char, std::char_traits<char>, std::allocator<char> > const&>(cpp_dbc::MySQL::MySQLPreparedStatement*, MYSQL*&, std::__cxx11::basic_string<char, std::char_traits<char>, std::allocator<char> > const&) (stl_construct.h:97)
==268755==    by 0x1F6724: void std::allocator_traits<std::allocator<cpp_dbc::MySQL::MySQLPreparedStatement> >::construct<cpp_dbc::MySQL::MySQLPreparedStatement, MYSQL*&, std::__cxx11::basic_string<char, std::char_traits<char>, std::allocator<char> > const&>(std::allocator<cpp_dbc::MySQL::MySQLPreparedStatement>&, cpp_dbc::MySQL::MySQLPreparedStatement*, MYSQL*&, std::__cxx11::basic_string<char, std::char_traits<char>, std::allocator<char> > const&) (alloc_traits.h:518)
==268755==    by 0x1F5C74: std::_Sp_counted_ptr_inplace<cpp_dbc::MySQL::MySQLPreparedStatement, std::allocator<cpp_dbc::MySQL::MySQLPreparedStatement>, (__gnu_cxx::_Lock_policy)2>::_Sp_counted_ptr_inplace<MYSQL*&, std::__cxx11::basic_string<char, std::char_traits<char>, std::allocator<char> > const&>(std::allocator<cpp_dbc::MySQL::MySQLPreparedStatement>, MYSQL*&, std::__cxx11::basic_string<char, std::char_traits<char>, std::allocator<char> > const&) (shared_ptr_base.h:519)
==268755==    by 0x1F4CF2: std::__shared_count<(__gnu_cxx::_Lock_policy)2>::__shared_count<cpp_dbc::MySQL::MySQLPreparedStatement, std::allocator<cpp_dbc::MySQL::MySQLPreparedStatement>, MYSQL*&, std::__cxx11::basic_string<char, std::char_traits<char>, std::allocator<char> > const&>(cpp_dbc::MySQL::MySQLPreparedStatement*&, std::_Sp_alloc_shared_tag<std::allocator<cpp_dbc::MySQL::MySQLPreparedStatement> >, MYSQL*&, std::__cxx11::basic_string<char, std::char_traits<char>, std::allocator<char> > const&) (shared_ptr_base.h:650)
==268755==    by 0x1F3D43: std::__shared_ptr<cpp_dbc::MySQL::MySQLPreparedStatement, (__gnu_cxx::_Lock_policy)2>::__shared_ptr<std::allocator<cpp_dbc::MySQL::MySQLPreparedStatement>, MYSQL*&, std::__cxx11::basic_string<char, std::char_traits<char>, std::allocator<char> > const&>(std::_Sp_alloc_shared_tag<std::allocator<cpp_dbc::MySQL::MySQLPreparedStatement> >, MYSQL*&, std::__cxx11::basic_string<char, std::char_traits<char>, std::allocator<char> > const&) (shared_ptr_base.h:1342)
==268755==    by 0x1F2BE8: std::shared_ptr<cpp_dbc::MySQL::MySQLPreparedStatement>::shared_ptr<std::allocator<cpp_dbc::MySQL::MySQLPreparedStatement>, MYSQL*&, std::__cxx11::basic_string<char, std::char_traits<char>, std::allocator<char> > const&>(std::_Sp_alloc_shared_tag<std::allocator<cpp_dbc::MySQL::MySQLPreparedStatement> >, MYSQL*&, std::__cxx11::basic_string<char, std::char_traits<char>, std::allocator<char> > const&) (shared_ptr.h:409)
==268755== 
==268755== 100 bytes in 5 blocks are possibly lost in loss record 1,439 of 2,004
==268755==    at 0x4848899: malloc (in /usr/libexec/valgrind/vgpreload_memcheck-amd64-linux.so)
==268755==    by 0x53F5980: SSL_CTX_new_ex (in /usr/lib/x86_64-linux-gnu/libssl.so.3)
==268755==    by 0x48F8280: ??? (in /usr/lib/x86_64-linux-gnu/libmysqlclient.so.21.2.42)
==268755==    by 0x489A042: ??? (in /usr/lib/x86_64-linux-gnu/libmysqlclient.so.21.2.42)
==268755==    by 0x489AD71: ??? (in /usr/lib/x86_64-linux-gnu/libmysqlclient.so.21.2.42)
==268755==    by 0x48A3273: ??? (in /usr/lib/x86_64-linux-gnu/libmysqlclient.so.21.2.42)
==268755==    by 0x489EF82: mysql_real_connect (in /usr/lib/x86_64-linux-gnu/libmysqlclient.so.21.2.42)
==268755==    by 0x1EC2E1: cpp_dbc::MySQL::MySQLConnection::MySQLConnection(std::__cxx11::basic_string<char, std::char_traits<char>, std::allocator<char> > const&, int, std::__cxx11::basic_string<char, std::char_traits<char>, std::allocator<char> > const&, std::__cxx11::basic_string<char, std::char_traits<char>, std::allocator<char> > const&, std::__cxx11::basic_string<char, std::char_traits<char>, std::allocator<char> > const&) (driver_mysql.cpp:624)
==268755==    by 0x1F6A72: decltype (::new ((void*)(0)) cpp_dbc::MySQL::MySQLConnection((declval<std::__cxx11::basic_string<char, std::char_traits<char>, std::allocator<char> >&>)(), (declval<int&>)(), (declval<std::__cxx11::basic_string<char, std::char_traits<char>, std::allocator<char> >&>)(), (declval<std::__cxx11::basic_string<char, std::char_traits<char>, std::allocator<char> > const&>)(), (declval<std::__cxx11::basic_string<char, std::char_traits<char>, std::allocator<char> > const&>)())) std::construct_at<cpp_dbc::MySQL::MySQLConnection, std::__cxx11::basic_string<char, std::char_traits<char>, std::allocator<char> >&, int&, std::__cxx11::basic_string<char, std::char_traits<char>, std::allocator<char> >&, std::__cxx11::basic_string<char, std::char_traits<char>, std::allocator<char> > const&, std::__cxx11::basic_string<char, std::char_traits<char>, std::allocator<char> > const&>(cpp_dbc::MySQL::MySQLConnection*, std::__cxx11::basic_string<char, std::char_traits<char>, std::allocator<char> >&, int&, std::__cxx11::basic_string<char, std::char_traits<char>, std::allocator<char> >&, std::__cxx11::basic_string<char, std::char_traits<char>, std::allocator<char> > const&, std::__cxx11::basic_string<char, std::char_traits<char>, std::allocator<char> > const&) (stl_construct.h:97)
==268755==    by 0x1F6B2E: void std::allocator_traits<std::allocator<cpp_dbc::MySQL::MySQLConnection> >::construct<cpp_dbc::MySQL::MySQLConnection, std::__cxx11::basic_string<char, std::char_traits<char>, std::allocator<char> >&, int&, std::__cxx11::basic_string<char, std::char_traits<char>, std::allocator<char> >&, std::__cxx11::basic_string<char, std::char_traits<char>, std::allocator<char> > const&, std::__cxx11::basic_string<char, std::char_traits<char>, std::allocator<char> > const&>(std::allocator<cpp_dbc::MySQL::MySQLConnection>&, cpp_dbc::MySQL::MySQLConnection*, std::__cxx11::basic_string<char, std::char_traits<char>, std::allocator<char> >&, int&, std::__cxx11::basic_string<char, std::char_traits<char>, std::allocator<char> >&, std::__cxx11::basic_string<char, std::char_traits<char>, std::allocator<char> > const&, std::__cxx11::basic_string<char, std::char_traits<char>, std::allocator<char> > const&) (alloc_traits.h:518)
==268755==    by 0x1F602C: std::_Sp_counted_ptr_inplace<cpp_dbc::MySQL::MySQLConnection, std::allocator<cpp_dbc::MySQL::MySQLConnection>, (__gnu_cxx::_Lock_policy)2>::_Sp_counted_ptr_inplace<std::__cxx11::basic_string<char, std::char_traits<char>, std::allocator<char> >&, int&, std::__cxx11::basic_string<char, std::char_traits<char>, std::allocator<char> >&, std::__cxx11::basic_string<char, std::char_traits<char>, std::allocator<char> > const&, std::__cxx11::basic_string<char, std::char_traits<char>, std::allocator<char> > const&>(std::allocator<cpp_dbc::MySQL::MySQLConnection>, std::__cxx11::basic_string<char, std::char_traits<char>, std::allocator<char> >&, int&, std::__cxx11::basic_string<char, std::char_traits<char>, std::allocator<char> >&, std::__cxx11::basic_string<char, std::char_traits<char>, std::allocator<char> > const&, std::__cxx11::basic_string<char, std::char_traits<char>, std::allocator<char> > const&) (shared_ptr_base.h:519)
==268755==    by 0x1F4FF2: std::__shared_count<(__gnu_cxx::_Lock_policy)2>::__shared_count<cpp_dbc::MySQL::MySQLConnection, std::allocator<cpp_dbc::MySQL::MySQLConnection>, std::__cxx11::basic_string<char, std::char_traits<char>, std::allocator<char> >&, int&, std::__cxx11::basic_string<char, std::char_traits<char>, std::allocator<char> >&, std::__cxx11::basic_string<char, std::char_traits<char>, std::allocator<char> > const&, std::__cxx11::basic_string<char, std::char_traits<char>, std::allocator<char> > const&>(cpp_dbc::MySQL::MySQLConnection*&, std::_Sp_alloc_shared_tag<std::allocator<cpp_dbc::MySQL::MySQLConnection> >, std::__cxx11::basic_string<char, std::char_traits<char>, std::allocator<char> >&, int&, std::__cxx11::basic_string<char, std::char_traits<char>, std::allocator<char> >&, std::__cxx11::basic_string<char, std::char_traits<char>, std::allocator<char> > const&, std::__cxx11::basic_string<char, std::char_traits<char>, std::allocator<char> > const&) (shared_ptr_base.h:650)
==268755== 
==268755== 104 bytes in 1 blocks are still reachable in loss record 1,440 of 2,004
==268755==    at 0x484DCD3: realloc (in /usr/libexec/valgrind/vgpreload_memcheck-amd64-linux.so)
==268755==    by 0x5663811: ??? (in /usr/lib/x86_64-linux-gnu/libcrypto.so.3)
==268755==    by 0x5663952: OPENSSL_sk_insert (in /usr/lib/x86_64-linux-gnu/libcrypto.so.3)
==268755==    by 0x561C04C: ??? (in /usr/lib/x86_64-linux-gnu/libcrypto.so.3)
==268755==    by 0x5614EF8: ??? (in /usr/lib/x86_64-linux-gnu/libcrypto.so.3)
==268755==    by 0x56F45D8: ??? (in /usr/lib/x86_64-linux-gnu/libcrypto.so.3)
==268755==    by 0x5666F9E: OSSL_STORE_LOADER_fetch (in /usr/lib/x86_64-linux-gnu/libcrypto.so.3)
==268755==    by 0x566B2F7: OSSL_STORE_open_ex (in /usr/lib/x86_64-linux-gnu/libcrypto.so.3)
==268755==    by 0x5675379: ??? (in /usr/lib/x86_64-linux-gnu/libcrypto.so.3)
==268755==    by 0x56755FB: ??? (in /usr/lib/x86_64-linux-gnu/libcrypto.so.3)
==268755==    by 0x569035D: X509_STORE_CTX_get_by_subject (in /usr/lib/x86_64-linux-gnu/libcrypto.so.3)
==268755==    by 0x56907E1: X509_STORE_CTX_get1_issuer (in /usr/lib/x86_64-linux-gnu/libcrypto.so.3)
==268755== 
==268755== 104 bytes in 1 blocks are still reachable in loss record 1,441 of 2,004
==268755==    at 0x484DCD3: realloc (in /usr/libexec/valgrind/vgpreload_memcheck-amd64-linux.so)
==268755==    by 0x5663811: ??? (in /usr/lib/x86_64-linux-gnu/libcrypto.so.3)
==268755==    by 0x5663952: OPENSSL_sk_insert (in /usr/lib/x86_64-linux-gnu/libcrypto.so.3)
==268755==    by 0x561C231: CRYPTO_set_ex_data (in /usr/lib/x86_64-linux-gnu/libcrypto.so.3)
==268755==    by 0x5614C5D: ??? (in /usr/lib/x86_64-linux-gnu/libcrypto.so.3)
==268755==    by 0x561A924: ??? (in /usr/lib/x86_64-linux-gnu/libcrypto.so.3)
==268755==    by 0x5614FB8: ??? (in /usr/lib/x86_64-linux-gnu/libcrypto.so.3)
==268755==    by 0x56F45D8: ??? (in /usr/lib/x86_64-linux-gnu/libcrypto.so.3)
==268755==    by 0x5666F9E: OSSL_STORE_LOADER_fetch (in /usr/lib/x86_64-linux-gnu/libcrypto.so.3)
==268755==    by 0x566B2F7: OSSL_STORE_open_ex (in /usr/lib/x86_64-linux-gnu/libcrypto.so.3)
==268755==    by 0x5675379: ??? (in /usr/lib/x86_64-linux-gnu/libcrypto.so.3)
==268755==    by 0x56755FB: ??? (in /usr/lib/x86_64-linux-gnu/libcrypto.so.3)
==268755== 
==268755== 104 bytes in 18 blocks are still reachable in loss record 1,442 of 2,004
==268755==    at 0x4848899: malloc (in /usr/libexec/valgrind/vgpreload_memcheck-amd64-linux.so)
==268755==    by 0x56177D2: CRYPTO_strndup (in /usr/lib/x86_64-linux-gnu/libcrypto.so.3)
==268755==    by 0x56FC850: ??? (in /usr/lib/x86_64-linux-gnu/libcrypto.so.3)
==268755==    by 0x55FB71D: ??? (in /usr/lib/x86_64-linux-gnu/libcrypto.so.3)
==268755==    by 0x55EBB09: ??? (in /usr/lib/x86_64-linux-gnu/libcrypto.so.3)
==268755==    by 0x560B7F8: ??? (in /usr/lib/x86_64-linux-gnu/libcrypto.so.3)
==268755==    by 0x560B71B: ??? (in /usr/lib/x86_64-linux-gnu/libcrypto.so.3)
==268755==    by 0x562AD6A: ??? (in /usr/lib/x86_64-linux-gnu/libcrypto.so.3)
==268755==    by 0x56F44E7: ??? (in /usr/lib/x86_64-linux-gnu/libcrypto.so.3)
==268755==    by 0x56F4B3D: ??? (in /usr/lib/x86_64-linux-gnu/libcrypto.so.3)
==268755==    by 0x55F804E: EVP_KEYMGMT_fetch (in /usr/lib/x86_64-linux-gnu/libcrypto.so.3)
==268755==    by 0x56069C0: ??? (in /usr/lib/x86_64-linux-gnu/libcrypto.so.3)
==268755== 
==268755== 106 bytes in 1 blocks are still reachable in loss record 1,443 of 2,004
==268755==    at 0x4848899: malloc (in /usr/libexec/valgrind/vgpreload_memcheck-amd64-linux.so)
==268755==    by 0x523A048: __libc_alloc_buffer_allocate (alloc_buffer_allocate.c:26)
==268755==    by 0x52E2C65: alloc_buffer_allocate (alloc_buffer.h:143)
==268755==    by 0x52E2C65: __resolv_conf_allocate (resolv_conf.c:391)
==268755==    by 0x52DDD0A: __resolv_conf_load (res_init.c:599)
==268755==    by 0x52E285E: __resolv_conf_get_current (resolv_conf.c:140)
==268755==    by 0x52DE394: __res_vinit (res_init.c:628)
==268755==    by 0x52E382F: maybe_init (resolv_context.c:122)
==268755==    by 0x52E382F: context_get (resolv_context.c:184)
==268755==    by 0x52E382F: context_get (resolv_context.c:176)
==268755==    by 0x52E382F: __resolv_context_get (resolv_context.c:195)
==268755==    by 0x529DC87: get_nss_addresses (getaddrinfo.c:617)
==268755==    by 0x529DC87: gaih_inet (getaddrinfo.c:1179)
==268755==    by 0x529DC87: getaddrinfo (getaddrinfo.c:2397)
==268755==    by 0x48A0B6B: ??? (in /usr/lib/x86_64-linux-gnu/libmysqlclient.so.21.2.42)
==268755==    by 0x48A3273: ??? (in /usr/lib/x86_64-linux-gnu/libmysqlclient.so.21.2.42)
==268755==    by 0x489EF82: mysql_real_connect (in /usr/lib/x86_64-linux-gnu/libmysqlclient.so.21.2.42)
==268755==    by 0x1EC2E1: cpp_dbc::MySQL::MySQLConnection::MySQLConnection(std::__cxx11::basic_string<char, std::char_traits<char>, std::allocator<char> > const&, int, std::__cxx11::basic_string<char, std::char_traits<char>, std::allocator<char> > const&, std::__cxx11::basic_string<char, std::char_traits<char>, std::allocator<char> > const&, std::__cxx11::basic_string<char, std::char_traits<char>, std::allocator<char> > const&) (driver_mysql.cpp:624)
==268755== 
==268755== 120 bytes in 1 blocks are still reachable in loss record 1,444 of 2,004
==268755==    at 0x4849013: operator new(unsigned long) (in /usr/libexec/valgrind/vgpreload_memcheck-amd64-linux.so)
==268755==    by 0x2A4511: __gnu_cxx::new_allocator<Catch::ProcessedReporterSpec>::allocate(unsigned long, void const*) (new_allocator.h:127)
==268755==    by 0x2A4387: std::allocator_traits<std::allocator<Catch::ProcessedReporterSpec> >::allocate(std::allocator<Catch::ProcessedReporterSpec>&, unsigned long) (alloc_traits.h:464)
==268755==    by 0x2A4109: std::_Vector_base<Catch::ProcessedReporterSpec, std::allocator<Catch::ProcessedReporterSpec> >::_M_allocate(unsigned long) (stl_vector.h:346)
==268755==    by 0x2A3A64: void std::vector<Catch::ProcessedReporterSpec, std::allocator<Catch::ProcessedReporterSpec> >::_M_realloc_insert<Catch::ProcessedReporterSpec>(__gnu_cxx::__normal_iterator<Catch::ProcessedReporterSpec*, std::vector<Catch::ProcessedReporterSpec, std::allocator<Catch::ProcessedReporterSpec> > >, Catch::ProcessedReporterSpec&&) (vector.tcc:440)
==268755==    by 0x2A35F3: Catch::ProcessedReporterSpec& std::vector<Catch::ProcessedReporterSpec, std::allocator<Catch::ProcessedReporterSpec> >::emplace_back<Catch::ProcessedReporterSpec>(Catch::ProcessedReporterSpec&&) (vector.tcc:121)
==268755==    by 0x2A3097: std::vector<Catch::ProcessedReporterSpec, std::allocator<Catch::ProcessedReporterSpec> >::push_back(Catch::ProcessedReporterSpec&&) (stl_vector.h:1204)
==268755==    by 0x2A1A01: Catch::Config::Config(Catch::ConfigData const&) (catch_config.cpp:150)
==268755==    by 0x20AAE0: Catch::Detail::unique_ptr<Catch::Config> Catch::Detail::make_unique<Catch::Config, Catch::ConfigData&>(Catch::ConfigData&) (catch_unique_ptr.hpp:111)
==268755==    by 0x20703A: Catch::Session::config() (catch_session.cpp:282)
==268755==    by 0x2071F2: Catch::Session::runInternal() (catch_session.cpp:303)
==268755==    by 0x206F31: Catch::Session::run() (catch_session.cpp:263)
==268755== 
==268755== 120 bytes in 5 blocks are still reachable in loss record 1,445 of 2,004
==268755==    at 0x4848899: malloc (in /usr/libexec/valgrind/vgpreload_memcheck-amd64-linux.so)
==268755==    by 0x560C185: OPENSSL_LH_insert (in /usr/lib/x86_64-linux-gnu/libcrypto.so.3)
==268755==    by 0x5619542: ??? (in /usr/lib/x86_64-linux-gnu/libcrypto.so.3)
==268755==    by 0x5615FC0: ??? (in /usr/lib/x86_64-linux-gnu/libcrypto.so.3)
==268755==    by 0x5615BFC: ??? (in /usr/lib/x86_64-linux-gnu/libcrypto.so.3)
==268755==    by 0x56F4A6B: ??? (in /usr/lib/x86_64-linux-gnu/libcrypto.so.3)
==268755==    by 0x55EC302: EVP_CIPHER_fetch (in /usr/lib/x86_64-linux-gnu/libcrypto.so.3)
==268755==    by 0x53F137A: ??? (in /usr/lib/x86_64-linux-gnu/libssl.so.3)
==268755==    by 0x53F5161: SSL_CTX_new_ex (in /usr/lib/x86_64-linux-gnu/libssl.so.3)
==268755==    by 0x48F8280: ??? (in /usr/lib/x86_64-linux-gnu/libmysqlclient.so.21.2.42)
==268755==    by 0x489A042: ??? (in /usr/lib/x86_64-linux-gnu/libmysqlclient.so.21.2.42)
==268755==    by 0x489AD71: ??? (in /usr/lib/x86_64-linux-gnu/libmysqlclient.so.21.2.42)
==268755== 
==268755== 120 bytes in 5 blocks are still reachable in loss record 1,446 of 2,004
==268755==    at 0x4848899: malloc (in /usr/libexec/valgrind/vgpreload_memcheck-amd64-linux.so)
==268755==    by 0x560C185: OPENSSL_LH_insert (in /usr/lib/x86_64-linux-gnu/libcrypto.so.3)
==268755==    by 0x5619542: ??? (in /usr/lib/x86_64-linux-gnu/libcrypto.so.3)
==268755==    by 0x56F41B3: ??? (in /usr/lib/x86_64-linux-gnu/libcrypto.so.3)
==268755==    by 0x55EBAFA: ??? (in /usr/lib/x86_64-linux-gnu/libcrypto.so.3)
==268755==    by 0x560B7F8: ??? (in /usr/lib/x86_64-linux-gnu/libcrypto.so.3)
==268755==    by 0x560B71B: ??? (in /usr/lib/x86_64-linux-gnu/libcrypto.so.3)
==268755==    by 0x562AD6A: ??? (in /usr/lib/x86_64-linux-gnu/libcrypto.so.3)
==268755==    by 0x56F44E7: ??? (in /usr/lib/x86_64-linux-gnu/libcrypto.so.3)
==268755==    by 0x56F4B3D: ??? (in /usr/lib/x86_64-linux-gnu/libcrypto.so.3)
==268755==    by 0x560BAEE: EVP_SIGNATURE_fetch (in /usr/lib/x86_64-linux-gnu/libcrypto.so.3)
==268755==    by 0x53F522E: SSL_CTX_new_ex (in /usr/lib/x86_64-linux-gnu/libssl.so.3)
==268755== 
==268755== 120 bytes in 5 blocks are still reachable in loss record 1,447 of 2,004
==268755==    at 0x4848899: malloc (in /usr/libexec/valgrind/vgpreload_memcheck-amd64-linux.so)
==268755==    by 0x560C185: OPENSSL_LH_insert (in /usr/lib/x86_64-linux-gnu/libcrypto.so.3)
==268755==    by 0x5619542: ??? (in /usr/lib/x86_64-linux-gnu/libcrypto.so.3)
==268755==    by 0x56F41B3: ??? (in /usr/lib/x86_64-linux-gnu/libcrypto.so.3)
==268755==    by 0x55EBAFA: ??? (in /usr/lib/x86_64-linux-gnu/libcrypto.so.3)
==268755==    by 0x560B7F8: ??? (in /usr/lib/x86_64-linux-gnu/libcrypto.so.3)
==268755==    by 0x560B71B: ??? (in /usr/lib/x86_64-linux-gnu/libcrypto.so.3)
==268755==    by 0x562AD6A: ??? (in /usr/lib/x86_64-linux-gnu/libcrypto.so.3)
==268755==    by 0x56F44E7: ??? (in /usr/lib/x86_64-linux-gnu/libcrypto.so.3)
==268755==    by 0x56F4B3D: ??? (in /usr/lib/x86_64-linux-gnu/libcrypto.so.3)
==268755==    by 0x55F7222: EVP_RAND_fetch (in /usr/lib/x86_64-linux-gnu/libcrypto.so.3)
==268755==    by 0x56498AB: RAND_get0_primary (in /usr/lib/x86_64-linux-gnu/libcrypto.so.3)
==268755== 
==268755== 120 bytes in 5 blocks are still reachable in loss record 1,448 of 2,004
==268755==    at 0x4848899: malloc (in /usr/libexec/valgrind/vgpreload_memcheck-amd64-linux.so)
==268755==    by 0x561679D: CRYPTO_zalloc (in /usr/lib/x86_64-linux-gnu/libcrypto.so.3)
==268755==    by 0x5647EE1: ??? (in /usr/lib/x86_64-linux-gnu/libcrypto.so.3)
==268755==    by 0x55EBA69: ??? (in /usr/lib/x86_64-linux-gnu/libcrypto.so.3)
==268755==    by 0x560B85B: ??? (in /usr/lib/x86_64-linux-gnu/libcrypto.so.3)
==268755==    by 0x560B71B: ??? (in /usr/lib/x86_64-linux-gnu/libcrypto.so.3)
==268755==    by 0x562AD6A: ??? (in /usr/lib/x86_64-linux-gnu/libcrypto.so.3)
==268755==    by 0x56F44E7: ??? (in /usr/lib/x86_64-linux-gnu/libcrypto.so.3)
==268755==    by 0x56F4B3D: ??? (in /usr/lib/x86_64-linux-gnu/libcrypto.so.3)
==268755==    by 0x55F7222: EVP_RAND_fetch (in /usr/lib/x86_64-linux-gnu/libcrypto.so.3)
==268755==    by 0x56498AB: RAND_get0_primary (in /usr/lib/x86_64-linux-gnu/libcrypto.so.3)
==268755==    by 0x5649DF7: RAND_get0_public (in /usr/lib/x86_64-linux-gnu/libcrypto.so.3)
==268755== 
==268755== 120 bytes in 12 blocks are still reachable in loss record 1,449 of 2,004
==268755==    at 0x4848899: malloc (in /usr/libexec/valgrind/vgpreload_memcheck-amd64-linux.so)
==268755==    by 0x56177D2: CRYPTO_strndup (in /usr/lib/x86_64-linux-gnu/libcrypto.so.3)
==268755==    by 0x5619521: ??? (in /usr/lib/x86_64-linux-gnu/libcrypto.so.3)
==268755==    by 0x56F41B3: ??? (in /usr/lib/x86_64-linux-gnu/libcrypto.so.3)
==268755==    by 0x55EBAFA: ??? (in /usr/lib/x86_64-linux-gnu/libcrypto.so.3)
==268755==    by 0x560B7F8: ??? (in /usr/lib/x86_64-linux-gnu/libcrypto.so.3)
==268755==    by 0x560B71B: ??? (in /usr/lib/x86_64-linux-gnu/libcrypto.so.3)
==268755==    by 0x562AD6A: ??? (in /usr/lib/x86_64-linux-gnu/libcrypto.so.3)
==268755==    by 0x56F44E7: ??? (in /usr/lib/x86_64-linux-gnu/libcrypto.so.3)
==268755==    by 0x56F4B3D: ??? (in /usr/lib/x86_64-linux-gnu/libcrypto.so.3)
==268755==    by 0x55F7C32: EVP_KDF_fetch (in /usr/lib/x86_64-linux-gnu/libcrypto.so.3)
==268755==    by 0x54066BF: ??? (in /usr/lib/x86_64-linux-gnu/libssl.so.3)
==268755== 
==268755== 120 bytes in 5 blocks are possibly lost in loss record 1,450 of 2,004
==268755==    at 0x4848899: malloc (in /usr/libexec/valgrind/vgpreload_memcheck-amd64-linux.so)
==268755==    by 0x561679D: CRYPTO_zalloc (in /usr/lib/x86_64-linux-gnu/libcrypto.so.3)
==268755==    by 0x557A14C: CTLOG_STORE_new_ex (in /usr/lib/x86_64-linux-gnu/libcrypto.so.3)
==268755==    by 0x53F5106: SSL_CTX_new_ex (in /usr/lib/x86_64-linux-gnu/libssl.so.3)
==268755==    by 0x48F8280: ??? (in /usr/lib/x86_64-linux-gnu/libmysqlclient.so.21.2.42)
==268755==    by 0x489A042: ??? (in /usr/lib/x86_64-linux-gnu/libmysqlclient.so.21.2.42)
==268755==    by 0x489AD71: ??? (in /usr/lib/x86_64-linux-gnu/libmysqlclient.so.21.2.42)
==268755==    by 0x48A3273: ??? (in /usr/lib/x86_64-linux-gnu/libmysqlclient.so.21.2.42)
==268755==    by 0x489EF82: mysql_real_connect (in /usr/lib/x86_64-linux-gnu/libmysqlclient.so.21.2.42)
==268755==    by 0x1EC2E1: cpp_dbc::MySQL::MySQLConnection::MySQLConnection(std::__cxx11::basic_string<char, std::char_traits<char>, std::allocator<char> > const&, int, std::__cxx11::basic_string<char, std::char_traits<char>, std::allocator<char> > const&, std::__cxx11::basic_string<char, std::char_traits<char>, std::allocator<char> > const&, std::__cxx11::basic_string<char, std::char_traits<char>, std::allocator<char> > const&) (driver_mysql.cpp:624)
==268755==    by 0x1F6A72: decltype (::new ((void*)(0)) cpp_dbc::MySQL::MySQLConnection((declval<std::__cxx11::basic_string<char, std::char_traits<char>, std::allocator<char> >&>)(), (declval<int&>)(), (declval<std::__cxx11::basic_string<char, std::char_traits<char>, std::allocator<char> >&>)(), (declval<std::__cxx11::basic_string<char, std::char_traits<char>, std::allocator<char> > const&>)(), (declval<std::__cxx11::basic_string<char, std::char_traits<char>, std::allocator<char> > const&>)())) std::construct_at<cpp_dbc::MySQL::MySQLConnection, std::__cxx11::basic_string<char, std::char_traits<char>, std::allocator<char> >&, int&, std::__cxx11::basic_string<char, std::char_traits<char>, std::allocator<char> >&, std::__cxx11::basic_string<char, std::char_traits<char>, std::allocator<char> > const&, std::__cxx11::basic_string<char, std::char_traits<char>, std::allocator<char> > const&>(cpp_dbc::MySQL::MySQLConnection*, std::__cxx11::basic_string<char, std::char_traits<char>, std::allocator<char> >&, int&, std::__cxx11::basic_string<char, std::char_traits<char>, std::allocator<char> >&, std::__cxx11::basic_string<char, std::char_traits<char>, std::allocator<char> > const&, std::__cxx11::basic_string<char, std::char_traits<char>, std::allocator<char> > const&) (stl_construct.h:97)
==268755==    by 0x1F6B2E: void std::allocator_traits<std::allocator<cpp_dbc::MySQL::MySQLConnection> >::construct<cpp_dbc::MySQL::MySQLConnection, std::__cxx11::basic_string<char, std::char_traits<char>, std::allocator<char> >&, int&, std::__cxx11::basic_string<char, std::char_traits<char>, std::allocator<char> >&, std::__cxx11::basic_string<char, std::char_traits<char>, std::allocator<char> > const&, std::__cxx11::basic_string<char, std::char_traits<char>, std::allocator<char> > const&>(std::allocator<cpp_dbc::MySQL::MySQLConnection>&, cpp_dbc::MySQL::MySQLConnection*, std::__cxx11::basic_string<char, std::char_traits<char>, std::allocator<char> >&, int&, std::__cxx11::basic_string<char, std::char_traits<char>, std::allocator<char> >&, std::__cxx11::basic_string<char, std::char_traits<char>, std::allocator<char> > const&, std::__cxx11::basic_string<char, std::char_traits<char>, std::allocator<char> > const&) (alloc_traits.h:518)
==268755== 
==268755== 120 bytes in 5 blocks are possibly lost in loss record 1,451 of 2,004
==268755==    at 0x4848899: malloc (in /usr/libexec/valgrind/vgpreload_memcheck-amd64-linux.so)
==268755==    by 0x5672493: ??? (in /usr/lib/x86_64-linux-gnu/libcrypto.so.3)
==268755==    by 0x5688CCD: X509_LOOKUP_new (in /usr/lib/x86_64-linux-gnu/libcrypto.so.3)
==268755==    by 0x5688E99: X509_STORE_add_lookup (in /usr/lib/x86_64-linux-gnu/libcrypto.so.3)
==268755==    by 0x568F939: X509_STORE_set_default_paths_ex (in /usr/lib/x86_64-linux-gnu/libcrypto.so.3)
==268755==    by 0x48F8BDF: ??? (in /usr/lib/x86_64-linux-gnu/libmysqlclient.so.21.2.42)
==268755==    by 0x489A042: ??? (in /usr/lib/x86_64-linux-gnu/libmysqlclient.so.21.2.42)
==268755==    by 0x489AD71: ??? (in /usr/lib/x86_64-linux-gnu/libmysqlclient.so.21.2.42)
==268755==    by 0x48A3273: ??? (in /usr/lib/x86_64-linux-gnu/libmysqlclient.so.21.2.42)
==268755==    by 0x489EF82: mysql_real_connect (in /usr/lib/x86_64-linux-gnu/libmysqlclient.so.21.2.42)
==268755==    by 0x1EC2E1: cpp_dbc::MySQL::MySQLConnection::MySQLConnection(std::__cxx11::basic_string<char, std::char_traits<char>, std::allocator<char> > const&, int, std::__cxx11::basic_string<char, std::char_traits<char>, std::allocator<char> > const&, std::__cxx11::basic_string<char, std::char_traits<char>, std::allocator<char> > const&, std::__cxx11::basic_string<char, std::char_traits<char>, std::allocator<char> > const&) (driver_mysql.cpp:624)
==268755==    by 0x1F6A72: decltype (::new ((void*)(0)) cpp_dbc::MySQL::MySQLConnection((declval<std::__cxx11::basic_string<char, std::char_traits<char>, std::allocator<char> >&>)(), (declval<int&>)(), (declval<std::__cxx11::basic_string<char, std::char_traits<char>, std::allocator<char> >&>)(), (declval<std::__cxx11::basic_string<char, std::char_traits<char>, std::allocator<char> > const&>)(), (declval<std::__cxx11::basic_string<char, std::char_traits<char>, std::allocator<char> > const&>)())) std::construct_at<cpp_dbc::MySQL::MySQLConnection, std::__cxx11::basic_string<char, std::char_traits<char>, std::allocator<char> >&, int&, std::__cxx11::basic_string<char, std::char_traits<char>, std::allocator<char> >&, std::__cxx11::basic_string<char, std::char_traits<char>, std::allocator<char> > const&, std::__cxx11::basic_string<char, std::char_traits<char>, std::allocator<char> > const&>(cpp_dbc::MySQL::MySQLConnection*, std::__cxx11::basic_string<char, std::char_traits<char>, std::allocator<char> >&, int&, std::__cxx11::basic_string<char, std::char_traits<char>, std::allocator<char> >&, std::__cxx11::basic_string<char, std::char_traits<char>, std::allocator<char> > const&, std::__cxx11::basic_string<char, std::char_traits<char>, std::allocator<char> > const&) (stl_construct.h:97)
==268755== 
==268755== 120 bytes in 5 blocks are possibly lost in loss record 1,452 of 2,004
==268755==    at 0x4848899: malloc (in /usr/libexec/valgrind/vgpreload_memcheck-amd64-linux.so)
==268755==    by 0x5673432: ??? (in /usr/lib/x86_64-linux-gnu/libcrypto.so.3)
==268755==    by 0x5673666: ??? (in /usr/lib/x86_64-linux-gnu/libcrypto.so.3)
==268755==    by 0x5687D91: X509_LOOKUP_ctrl (in /usr/lib/x86_64-linux-gnu/libcrypto.so.3)
==268755==    by 0x568F957: X509_STORE_set_default_paths_ex (in /usr/lib/x86_64-linux-gnu/libcrypto.so.3)
==268755==    by 0x48F8BDF: ??? (in /usr/lib/x86_64-linux-gnu/libmysqlclient.so.21.2.42)
==268755==    by 0x489A042: ??? (in /usr/lib/x86_64-linux-gnu/libmysqlclient.so.21.2.42)
==268755==    by 0x489AD71: ??? (in /usr/lib/x86_64-linux-gnu/libmysqlclient.so.21.2.42)
==268755==    by 0x48A3273: ??? (in /usr/lib/x86_64-linux-gnu/libmysqlclient.so.21.2.42)
==268755==    by 0x489EF82: mysql_real_connect (in /usr/lib/x86_64-linux-gnu/libmysqlclient.so.21.2.42)
==268755==    by 0x1EC2E1: cpp_dbc::MySQL::MySQLConnection::MySQLConnection(std::__cxx11::basic_string<char, std::char_traits<char>, std::allocator<char> > const&, int, std::__cxx11::basic_string<char, std::char_traits<char>, std::allocator<char> > const&, std::__cxx11::basic_string<char, std::char_traits<char>, std::allocator<char> > const&, std::__cxx11::basic_string<char, std::char_traits<char>, std::allocator<char> > const&) (driver_mysql.cpp:624)
==268755==    by 0x1F6A72: decltype (::new ((void*)(0)) cpp_dbc::MySQL::MySQLConnection((declval<std::__cxx11::basic_string<char, std::char_traits<char>, std::allocator<char> >&>)(), (declval<int&>)(), (declval<std::__cxx11::basic_string<char, std::char_traits<char>, std::allocator<char> >&>)(), (declval<std::__cxx11::basic_string<char, std::char_traits<char>, std::allocator<char> > const&>)(), (declval<std::__cxx11::basic_string<char, std::char_traits<char>, std::allocator<char> > const&>)())) std::construct_at<cpp_dbc::MySQL::MySQLConnection, std::__cxx11::basic_string<char, std::char_traits<char>, std::allocator<char> >&, int&, std::__cxx11::basic_string<char, std::char_traits<char>, std::allocator<char> >&, std::__cxx11::basic_string<char, std::char_traits<char>, std::allocator<char> > const&, std::__cxx11::basic_string<char, std::char_traits<char>, std::allocator<char> > const&>(cpp_dbc::MySQL::MySQLConnection*, std::__cxx11::basic_string<char, std::char_traits<char>, std::allocator<char> >&, int&, std::__cxx11::basic_string<char, std::char_traits<char>, std::allocator<char> >&, std::__cxx11::basic_string<char, std::char_traits<char>, std::allocator<char> > const&, std::__cxx11::basic_string<char, std::char_traits<char>, std::allocator<char> > const&) (stl_construct.h:97)
==268755== 
==268755== 120 bytes in 5 blocks are possibly lost in loss record 1,453 of 2,004
==268755==    at 0x4848899: malloc (in /usr/libexec/valgrind/vgpreload_memcheck-amd64-linux.so)
==268755==    by 0x561679D: CRYPTO_zalloc (in /usr/lib/x86_64-linux-gnu/libcrypto.so.3)
==268755==    by 0x5547E13: BN_new (in /usr/lib/x86_64-linux-gnu/libcrypto.so.3)
==268755==    by 0x5547E6C: BN_secure_new (in /usr/lib/x86_64-linux-gnu/libcrypto.so.3)
==268755==    by 0x558CAA4: ??? (in /usr/lib/x86_64-linux-gnu/libcrypto.so.3)
==268755==    by 0x56D478F: ??? (in /usr/lib/x86_64-linux-gnu/libcrypto.so.3)
==268755==    by 0x5608028: EVP_PKEY_generate (in /usr/lib/x86_64-linux-gnu/libcrypto.so.3)
==268755==    by 0x48F8574: ??? (in /usr/lib/x86_64-linux-gnu/libmysqlclient.so.21.2.42)
==268755==    by 0x489A042: ??? (in /usr/lib/x86_64-linux-gnu/libmysqlclient.so.21.2.42)
==268755==    by 0x489AD71: ??? (in /usr/lib/x86_64-linux-gnu/libmysqlclient.so.21.2.42)
==268755==    by 0x48A3273: ??? (in /usr/lib/x86_64-linux-gnu/libmysqlclient.so.21.2.42)
==268755==    by 0x489EF82: mysql_real_connect (in /usr/lib/x86_64-linux-gnu/libmysqlclient.so.21.2.42)
==268755== 
==268755== 120 bytes in 5 blocks are possibly lost in loss record 1,454 of 2,004
==268755==    at 0x4848899: malloc (in /usr/libexec/valgrind/vgpreload_memcheck-amd64-linux.so)
==268755==    by 0x561679D: CRYPTO_zalloc (in /usr/lib/x86_64-linux-gnu/libcrypto.so.3)
==268755==    by 0x5547E13: BN_new (in /usr/lib/x86_64-linux-gnu/libcrypto.so.3)
==268755==    by 0x558CC22: ??? (in /usr/lib/x86_64-linux-gnu/libcrypto.so.3)
==268755==    by 0x56D478F: ??? (in /usr/lib/x86_64-linux-gnu/libcrypto.so.3)
==268755==    by 0x5608028: EVP_PKEY_generate (in /usr/lib/x86_64-linux-gnu/libcrypto.so.3)
==268755==    by 0x48F8574: ??? (in /usr/lib/x86_64-linux-gnu/libmysqlclient.so.21.2.42)
==268755==    by 0x489A042: ??? (in /usr/lib/x86_64-linux-gnu/libmysqlclient.so.21.2.42)
==268755==    by 0x489AD71: ??? (in /usr/lib/x86_64-linux-gnu/libmysqlclient.so.21.2.42)
==268755==    by 0x48A3273: ??? (in /usr/lib/x86_64-linux-gnu/libmysqlclient.so.21.2.42)
==268755==    by 0x489EF82: mysql_real_connect (in /usr/lib/x86_64-linux-gnu/libmysqlclient.so.21.2.42)
==268755==    by 0x1EC2E1: cpp_dbc::MySQL::MySQLConnection::MySQLConnection(std::__cxx11::basic_string<char, std::char_traits<char>, std::allocator<char> > const&, int, std::__cxx11::basic_string<char, std::char_traits<char>, std::allocator<char> > const&, std::__cxx11::basic_string<char, std::char_traits<char>, std::allocator<char> > const&, std::__cxx11::basic_string<char, std::char_traits<char>, std::allocator<char> > const&) (driver_mysql.cpp:624)
==268755== 
==268755== 128 bytes in 1 blocks are still reachable in loss record 1,455 of 2,004
==268755==    at 0x4849013: operator new(unsigned long) (in /usr/libexec/valgrind/vgpreload_memcheck-amd64-linux.so)
==268755==    by 0x214A69: Catch::Detail::unique_ptr<Catch::TestCaseInfo> Catch::Detail::make_unique<Catch::TestCaseInfo, Catch::StringRef&, Catch::NameAndTags const&, Catch::SourceLineInfo const&>(Catch::StringRef&, Catch::NameAndTags const&, Catch::SourceLineInfo const&) (catch_unique_ptr.hpp:111)
==268755==    by 0x213B99: Catch::makeTestCaseInfo(Catch::StringRef, Catch::NameAndTags const&, Catch::SourceLineInfo const&) (catch_test_case_info.cpp:118)
==268755==    by 0x26E957: Catch::AutoReg::AutoReg(Catch::Detail::unique_ptr<Catch::ITestInvoker>, Catch::SourceLineInfo const&, Catch::StringRef, Catch::NameAndTags const&) (catch_test_registry.cpp:59)
==268755==    by 0x13113C: __static_initialization_and_destruction_0(int, int) (test_basic.cpp:6)
==268755==    by 0x131316: _GLOBAL__sub_I_test_basic.cpp (test_basic.cpp:36)
==268755==    by 0x51BBEBA: call_init (libc-start.c:145)
==268755==    by 0x51BBEBA: __libc_start_main@@GLIBC_2.34 (libc-start.c:379)
==268755==    by 0x12E4D4: (below main) (in /home/dsystems/Desktop/projects/cpp/cpp_dbc/build/libs/cpp_dbc/test/test/cpp_dbc_tests)
==268755== 
==268755== 128 bytes in 1 blocks are still reachable in loss record 1,456 of 2,004
==268755==    at 0x4849013: operator new(unsigned long) (in /usr/libexec/valgrind/vgpreload_memcheck-amd64-linux.so)
==268755==    by 0x214A69: Catch::Detail::unique_ptr<Catch::TestCaseInfo> Catch::Detail::make_unique<Catch::TestCaseInfo, Catch::StringRef&, Catch::NameAndTags const&, Catch::SourceLineInfo const&>(Catch::StringRef&, Catch::NameAndTags const&, Catch::SourceLineInfo const&) (catch_unique_ptr.hpp:111)
==268755==    by 0x213B99: Catch::makeTestCaseInfo(Catch::StringRef, Catch::NameAndTags const&, Catch::SourceLineInfo const&) (catch_test_case_info.cpp:118)
==268755==    by 0x26E957: Catch::AutoReg::AutoReg(Catch::Detail::unique_ptr<Catch::ITestInvoker>, Catch::SourceLineInfo const&, Catch::StringRef, Catch::NameAndTags const&) (catch_test_registry.cpp:59)
==268755==    by 0x13120C: __static_initialization_and_destruction_0(int, int) (test_basic.cpp:17)
==268755==    by 0x131316: _GLOBAL__sub_I_test_basic.cpp (test_basic.cpp:36)
==268755==    by 0x51BBEBA: call_init (libc-start.c:145)
==268755==    by 0x51BBEBA: __libc_start_main@@GLIBC_2.34 (libc-start.c:379)
==268755==    by 0x12E4D4: (below main) (in /home/dsystems/Desktop/projects/cpp/cpp_dbc/build/libs/cpp_dbc/test/test/cpp_dbc_tests)
==268755== 
==268755== 128 bytes in 1 blocks are still reachable in loss record 1,457 of 2,004
==268755==    at 0x4849013: operator new(unsigned long) (in /usr/libexec/valgrind/vgpreload_memcheck-amd64-linux.so)
==268755==    by 0x214A69: Catch::Detail::unique_ptr<Catch::TestCaseInfo> Catch::Detail::make_unique<Catch::TestCaseInfo, Catch::StringRef&, Catch::NameAndTags const&, Catch::SourceLineInfo const&>(Catch::StringRef&, Catch::NameAndTags const&, Catch::SourceLineInfo const&) (catch_unique_ptr.hpp:111)
==268755==    by 0x213B99: Catch::makeTestCaseInfo(Catch::StringRef, Catch::NameAndTags const&, Catch::SourceLineInfo const&) (catch_test_case_info.cpp:118)
==268755==    by 0x26E957: Catch::AutoReg::AutoReg(Catch::Detail::unique_ptr<Catch::ITestInvoker>, Catch::SourceLineInfo const&, Catch::StringRef, Catch::NameAndTags const&) (catch_test_registry.cpp:59)
==268755==    by 0x1312DC: __static_initialization_and_destruction_0(int, int) (test_basic.cpp:28)
==268755==    by 0x131316: _GLOBAL__sub_I_test_basic.cpp (test_basic.cpp:36)
==268755==    by 0x51BBEBA: call_init (libc-start.c:145)
==268755==    by 0x51BBEBA: __libc_start_main@@GLIBC_2.34 (libc-start.c:379)
==268755==    by 0x12E4D4: (below main) (in /home/dsystems/Desktop/projects/cpp/cpp_dbc/build/libs/cpp_dbc/test/test/cpp_dbc_tests)
==268755== 
==268755== 128 bytes in 1 blocks are still reachable in loss record 1,458 of 2,004
==268755==    at 0x4849013: operator new(unsigned long) (in /usr/libexec/valgrind/vgpreload_memcheck-amd64-linux.so)
==268755==    by 0x214A69: Catch::Detail::unique_ptr<Catch::TestCaseInfo> Catch::Detail::make_unique<Catch::TestCaseInfo, Catch::StringRef&, Catch::NameAndTags const&, Catch::SourceLineInfo const&>(Catch::StringRef&, Catch::NameAndTags const&, Catch::SourceLineInfo const&) (catch_unique_ptr.hpp:111)
==268755==    by 0x213B99: Catch::makeTestCaseInfo(Catch::StringRef, Catch::NameAndTags const&, Catch::SourceLineInfo const&) (catch_test_case_info.cpp:118)
==268755==    by 0x26E957: Catch::AutoReg::AutoReg(Catch::Detail::unique_ptr<Catch::ITestInvoker>, Catch::SourceLineInfo const&, Catch::StringRef, Catch::NameAndTags const&) (catch_test_registry.cpp:59)
==268755==    by 0x133DF0: __static_initialization_and_destruction_0(int, int) (test_yaml.cpp:6)
==268755==    by 0x133E2A: _GLOBAL__sub_I_test_yaml.cpp (test_yaml.cpp:47)
==268755==    by 0x51BBEBA: call_init (libc-start.c:145)
==268755==    by 0x51BBEBA: __libc_start_main@@GLIBC_2.34 (libc-start.c:379)
==268755==    by 0x12E4D4: (below main) (in /home/dsystems/Desktop/projects/cpp/cpp_dbc/build/libs/cpp_dbc/test/test/cpp_dbc_tests)
==268755== 
==268755== 128 bytes in 1 blocks are still reachable in loss record 1,459 of 2,004
==268755==    at 0x4849013: operator new(unsigned long) (in /usr/libexec/valgrind/vgpreload_memcheck-amd64-linux.so)
==268755==    by 0x214A69: Catch::Detail::unique_ptr<Catch::TestCaseInfo> Catch::Detail::make_unique<Catch::TestCaseInfo, Catch::StringRef&, Catch::NameAndTags const&, Catch::SourceLineInfo const&>(Catch::StringRef&, Catch::NameAndTags const&, Catch::SourceLineInfo const&) (catch_unique_ptr.hpp:111)
==268755==    by 0x213B99: Catch::makeTestCaseInfo(Catch::StringRef, Catch::NameAndTags const&, Catch::SourceLineInfo const&) (catch_test_case_info.cpp:118)
==268755==    by 0x26E957: Catch::AutoReg::AutoReg(Catch::Detail::unique_ptr<Catch::ITestInvoker>, Catch::SourceLineInfo const&, Catch::StringRef, Catch::NameAndTags const&) (catch_test_registry.cpp:59)
==268755==    by 0x14AE38: __static_initialization_and_destruction_0(int, int) (test_db_config.cpp:107)
==268755==    by 0x14B762: _GLOBAL__sub_I__Z22createConnectionStringB5cxx11RKN4YAML4NodeE (test_db_config.cpp:498)
==268755==    by 0x51BBEBA: call_init (libc-start.c:145)
==268755==    by 0x51BBEBA: __libc_start_main@@GLIBC_2.34 (libc-start.c:379)
==268755==    by 0x12E4D4: (below main) (in /home/dsystems/Desktop/projects/cpp/cpp_dbc/build/libs/cpp_dbc/test/test/cpp_dbc_tests)
==268755== 
==268755== 128 bytes in 1 blocks are still reachable in loss record 1,460 of 2,004
==268755==    at 0x4849013: operator new(unsigned long) (in /usr/libexec/valgrind/vgpreload_memcheck-amd64-linux.so)
==268755==    by 0x214A69: Catch::Detail::unique_ptr<Catch::TestCaseInfo> Catch::Detail::make_unique<Catch::TestCaseInfo, Catch::StringRef&, Catch::NameAndTags const&, Catch::SourceLineInfo const&>(Catch::StringRef&, Catch::NameAndTags const&, Catch::SourceLineInfo const&) (catch_unique_ptr.hpp:111)
==268755==    by 0x213B99: Catch::makeTestCaseInfo(Catch::StringRef, Catch::NameAndTags const&, Catch::SourceLineInfo const&) (catch_test_case_info.cpp:118)
==268755==    by 0x26E957: Catch::AutoReg::AutoReg(Catch::Detail::unique_ptr<Catch::ITestInvoker>, Catch::SourceLineInfo const&, Catch::StringRef, Catch::NameAndTags const&) (catch_test_registry.cpp:59)
==268755==    by 0x14AF08: __static_initialization_and_destruction_0(int, int) (test_db_config.cpp:136)
==268755==    by 0x14B762: _GLOBAL__sub_I__Z22createConnectionStringB5cxx11RKN4YAML4NodeE (test_db_config.cpp:498)
==268755==    by 0x51BBEBA: call_init (libc-start.c:145)
==268755==    by 0x51BBEBA: __libc_start_main@@GLIBC_2.34 (libc-start.c:379)
==268755==    by 0x12E4D4: (below main) (in /home/dsystems/Desktop/projects/cpp/cpp_dbc/build/libs/cpp_dbc/test/test/cpp_dbc_tests)
==268755== 
==268755== 128 bytes in 1 blocks are still reachable in loss record 1,461 of 2,004
==268755==    at 0x4849013: operator new(unsigned long) (in /usr/libexec/valgrind/vgpreload_memcheck-amd64-linux.so)
==268755==    by 0x214A69: Catch::Detail::unique_ptr<Catch::TestCaseInfo> Catch::Detail::make_unique<Catch::TestCaseInfo, Catch::StringRef&, Catch::NameAndTags const&, Catch::SourceLineInfo const&>(Catch::StringRef&, Catch::NameAndTags const&, Catch::SourceLineInfo const&) (catch_unique_ptr.hpp:111)
==268755==    by 0x213B99: Catch::makeTestCaseInfo(Catch::StringRef, Catch::NameAndTags const&, Catch::SourceLineInfo const&) (catch_test_case_info.cpp:118)
==268755==    by 0x26E957: Catch::AutoReg::AutoReg(Catch::Detail::unique_ptr<Catch::ITestInvoker>, Catch::SourceLineInfo const&, Catch::StringRef, Catch::NameAndTags const&) (catch_test_registry.cpp:59)
==268755==    by 0x14AFD8: __static_initialization_and_destruction_0(int, int) (test_db_config.cpp:213)
==268755==    by 0x14B762: _GLOBAL__sub_I__Z22createConnectionStringB5cxx11RKN4YAML4NodeE (test_db_config.cpp:498)
==268755==    by 0x51BBEBA: call_init (libc-start.c:145)
==268755==    by 0x51BBEBA: __libc_start_main@@GLIBC_2.34 (libc-start.c:379)
==268755==    by 0x12E4D4: (below main) (in /home/dsystems/Desktop/projects/cpp/cpp_dbc/build/libs/cpp_dbc/test/test/cpp_dbc_tests)
==268755== 
==268755== 128 bytes in 1 blocks are still reachable in loss record 1,462 of 2,004
==268755==    at 0x4849013: operator new(unsigned long) (in /usr/libexec/valgrind/vgpreload_memcheck-amd64-linux.so)
==268755==    by 0x214A69: Catch::Detail::unique_ptr<Catch::TestCaseInfo> Catch::Detail::make_unique<Catch::TestCaseInfo, Catch::StringRef&, Catch::NameAndTags const&, Catch::SourceLineInfo const&>(Catch::StringRef&, Catch::NameAndTags const&, Catch::SourceLineInfo const&) (catch_unique_ptr.hpp:111)
==268755==    by 0x213B99: Catch::makeTestCaseInfo(Catch::StringRef, Catch::NameAndTags const&, Catch::SourceLineInfo const&) (catch_test_case_info.cpp:118)
==268755==    by 0x26E957: Catch::AutoReg::AutoReg(Catch::Detail::unique_ptr<Catch::ITestInvoker>, Catch::SourceLineInfo const&, Catch::StringRef, Catch::NameAndTags const&) (catch_test_registry.cpp:59)
==268755==    by 0x14B0A8: __static_initialization_and_destruction_0(int, int) (test_db_config.cpp:275)
==268755==    by 0x14B762: _GLOBAL__sub_I__Z22createConnectionStringB5cxx11RKN4YAML4NodeE (test_db_config.cpp:498)
==268755==    by 0x51BBEBA: call_init (libc-start.c:145)
==268755==    by 0x51BBEBA: __libc_start_main@@GLIBC_2.34 (libc-start.c:379)
==268755==    by 0x12E4D4: (below main) (in /home/dsystems/Desktop/projects/cpp/cpp_dbc/build/libs/cpp_dbc/test/test/cpp_dbc_tests)
==268755== 
==268755== 128 bytes in 1 blocks are still reachable in loss record 1,463 of 2,004
==268755==    at 0x4849013: operator new(unsigned long) (in /usr/libexec/valgrind/vgpreload_memcheck-amd64-linux.so)
==268755==    by 0x214A69: Catch::Detail::unique_ptr<Catch::TestCaseInfo> Catch::Detail::make_unique<Catch::TestCaseInfo, Catch::StringRef&, Catch::NameAndTags const&, Catch::SourceLineInfo const&>(Catch::StringRef&, Catch::NameAndTags const&, Catch::SourceLineInfo const&) (catch_unique_ptr.hpp:111)
==268755==    by 0x213B99: Catch::makeTestCaseInfo(Catch::StringRef, Catch::NameAndTags const&, Catch::SourceLineInfo const&) (catch_test_case_info.cpp:118)
==268755==    by 0x26E957: Catch::AutoReg::AutoReg(Catch::Detail::unique_ptr<Catch::ITestInvoker>, Catch::SourceLineInfo const&, Catch::StringRef, Catch::NameAndTags const&) (catch_test_registry.cpp:59)
==268755==    by 0x14B178: __static_initialization_and_destruction_0(int, int) (test_db_config.cpp:311)
==268755==    by 0x14B762: _GLOBAL__sub_I__Z22createConnectionStringB5cxx11RKN4YAML4NodeE (test_db_config.cpp:498)
==268755==    by 0x51BBEBA: call_init (libc-start.c:145)
==268755==    by 0x51BBEBA: __libc_start_main@@GLIBC_2.34 (libc-start.c:379)
==268755==    by 0x12E4D4: (below main) (in /home/dsystems/Desktop/projects/cpp/cpp_dbc/build/libs/cpp_dbc/test/test/cpp_dbc_tests)
==268755== 
==268755== 128 bytes in 1 blocks are still reachable in loss record 1,464 of 2,004
==268755==    at 0x4849013: operator new(unsigned long) (in /usr/libexec/valgrind/vgpreload_memcheck-amd64-linux.so)
==268755==    by 0x214A69: Catch::Detail::unique_ptr<Catch::TestCaseInfo> Catch::Detail::make_unique<Catch::TestCaseInfo, Catch::StringRef&, Catch::NameAndTags const&, Catch::SourceLineInfo const&>(Catch::StringRef&, Catch::NameAndTags const&, Catch::SourceLineInfo const&) (catch_unique_ptr.hpp:111)
==268755==    by 0x213B99: Catch::makeTestCaseInfo(Catch::StringRef, Catch::NameAndTags const&, Catch::SourceLineInfo const&) (catch_test_case_info.cpp:118)
==268755==    by 0x26E957: Catch::AutoReg::AutoReg(Catch::Detail::unique_ptr<Catch::ITestInvoker>, Catch::SourceLineInfo const&, Catch::StringRef, Catch::NameAndTags const&) (catch_test_registry.cpp:59)
==268755==    by 0x14B248: __static_initialization_and_destruction_0(int, int) (test_db_config.cpp:355)
==268755==    by 0x14B762: _GLOBAL__sub_I__Z22createConnectionStringB5cxx11RKN4YAML4NodeE (test_db_config.cpp:498)
==268755==    by 0x51BBEBA: call_init (libc-start.c:145)
==268755==    by 0x51BBEBA: __libc_start_main@@GLIBC_2.34 (libc-start.c:379)
==268755==    by 0x12E4D4: (below main) (in /home/dsystems/Desktop/projects/cpp/cpp_dbc/build/libs/cpp_dbc/test/test/cpp_dbc_tests)
==268755== 
==268755== 128 bytes in 1 blocks are still reachable in loss record 1,465 of 2,004
==268755==    at 0x4849013: operator new(unsigned long) (in /usr/libexec/valgrind/vgpreload_memcheck-amd64-linux.so)
==268755==    by 0x214A69: Catch::Detail::unique_ptr<Catch::TestCaseInfo> Catch::Detail::make_unique<Catch::TestCaseInfo, Catch::StringRef&, Catch::NameAndTags const&, Catch::SourceLineInfo const&>(Catch::StringRef&, Catch::NameAndTags const&, Catch::SourceLineInfo const&) (catch_unique_ptr.hpp:111)
==268755==    by 0x213B99: Catch::makeTestCaseInfo(Catch::StringRef, Catch::NameAndTags const&, Catch::SourceLineInfo const&) (catch_test_case_info.cpp:118)
==268755==    by 0x26E957: Catch::AutoReg::AutoReg(Catch::Detail::unique_ptr<Catch::ITestInvoker>, Catch::SourceLineInfo const&, Catch::StringRef, Catch::NameAndTags const&) (catch_test_registry.cpp:59)
==268755==    by 0x14B318: __static_initialization_and_destruction_0(int, int) (test_db_config.cpp:399)
==268755==    by 0x14B762: _GLOBAL__sub_I__Z22createConnectionStringB5cxx11RKN4YAML4NodeE (test_db_config.cpp:498)
==268755==    by 0x51BBEBA: call_init (libc-start.c:145)
==268755==    by 0x51BBEBA: __libc_start_main@@GLIBC_2.34 (libc-start.c:379)
==268755==    by 0x12E4D4: (below main) (in /home/dsystems/Desktop/projects/cpp/cpp_dbc/build/libs/cpp_dbc/test/test/cpp_dbc_tests)
==268755== 
==268755== 128 bytes in 1 blocks are still reachable in loss record 1,466 of 2,004
==268755==    at 0x4849013: operator new(unsigned long) (in /usr/libexec/valgrind/vgpreload_memcheck-amd64-linux.so)
==268755==    by 0x214A69: Catch::Detail::unique_ptr<Catch::TestCaseInfo> Catch::Detail::make_unique<Catch::TestCaseInfo, Catch::StringRef&, Catch::NameAndTags const&, Catch::SourceLineInfo const&>(Catch::StringRef&, Catch::NameAndTags const&, Catch::SourceLineInfo const&) (catch_unique_ptr.hpp:111)
==268755==    by 0x213B99: Catch::makeTestCaseInfo(Catch::StringRef, Catch::NameAndTags const&, Catch::SourceLineInfo const&) (catch_test_case_info.cpp:118)
==268755==    by 0x26E957: Catch::AutoReg::AutoReg(Catch::Detail::unique_ptr<Catch::ITestInvoker>, Catch::SourceLineInfo const&, Catch::StringRef, Catch::NameAndTags const&) (catch_test_registry.cpp:59)
==268755==    by 0x14B3E8: __static_initialization_and_destruction_0(int, int) (test_db_config.cpp:425)
==268755==    by 0x14B762: _GLOBAL__sub_I__Z22createConnectionStringB5cxx11RKN4YAML4NodeE (test_db_config.cpp:498)
==268755==    by 0x51BBEBA: call_init (libc-start.c:145)
==268755==    by 0x51BBEBA: __libc_start_main@@GLIBC_2.34 (libc-start.c:379)
==268755==    by 0x12E4D4: (below main) (in /home/dsystems/Desktop/projects/cpp/cpp_dbc/build/libs/cpp_dbc/test/test/cpp_dbc_tests)
==268755== 
==268755== 128 bytes in 1 blocks are still reachable in loss record 1,467 of 2,004
==268755==    at 0x4849013: operator new(unsigned long) (in /usr/libexec/valgrind/vgpreload_memcheck-amd64-linux.so)
==268755==    by 0x214A69: Catch::Detail::unique_ptr<Catch::TestCaseInfo> Catch::Detail::make_unique<Catch::TestCaseInfo, Catch::StringRef&, Catch::NameAndTags const&, Catch::SourceLineInfo const&>(Catch::StringRef&, Catch::NameAndTags const&, Catch::SourceLineInfo const&) (catch_unique_ptr.hpp:111)
==268755==    by 0x213B99: Catch::makeTestCaseInfo(Catch::StringRef, Catch::NameAndTags const&, Catch::SourceLineInfo const&) (catch_test_case_info.cpp:118)
==268755==    by 0x26E957: Catch::AutoReg::AutoReg(Catch::Detail::unique_ptr<Catch::ITestInvoker>, Catch::SourceLineInfo const&, Catch::StringRef, Catch::NameAndTags const&) (catch_test_registry.cpp:59)
==268755==    by 0x14B4B8: __static_initialization_and_destruction_0(int, int) (test_db_config.cpp:440)
==268755==    by 0x14B762: _GLOBAL__sub_I__Z22createConnectionStringB5cxx11RKN4YAML4NodeE (test_db_config.cpp:498)
==268755==    by 0x51BBEBA: call_init (libc-start.c:145)
==268755==    by 0x51BBEBA: __libc_start_main@@GLIBC_2.34 (libc-start.c:379)
==268755==    by 0x12E4D4: (below main) (in /home/dsystems/Desktop/projects/cpp/cpp_dbc/build/libs/cpp_dbc/test/test/cpp_dbc_tests)
==268755== 
==268755== 128 bytes in 1 blocks are still reachable in loss record 1,468 of 2,004
==268755==    at 0x4849013: operator new(unsigned long) (in /usr/libexec/valgrind/vgpreload_memcheck-amd64-linux.so)
==268755==    by 0x214A69: Catch::Detail::unique_ptr<Catch::TestCaseInfo> Catch::Detail::make_unique<Catch::TestCaseInfo, Catch::StringRef&, Catch::NameAndTags const&, Catch::SourceLineInfo const&>(Catch::StringRef&, Catch::NameAndTags const&, Catch::SourceLineInfo const&) (catch_unique_ptr.hpp:111)
==268755==    by 0x213B99: Catch::makeTestCaseInfo(Catch::StringRef, Catch::NameAndTags const&, Catch::SourceLineInfo const&) (catch_test_case_info.cpp:118)
==268755==    by 0x26E957: Catch::AutoReg::AutoReg(Catch::Detail::unique_ptr<Catch::ITestInvoker>, Catch::SourceLineInfo const&, Catch::StringRef, Catch::NameAndTags const&) (catch_test_registry.cpp:59)
==268755==    by 0x14B588: __static_initialization_and_destruction_0(int, int) (test_db_config.cpp:455)
==268755==    by 0x14B762: _GLOBAL__sub_I__Z22createConnectionStringB5cxx11RKN4YAML4NodeE (test_db_config.cpp:498)
==268755==    by 0x51BBEBA: call_init (libc-start.c:145)
==268755==    by 0x51BBEBA: __libc_start_main@@GLIBC_2.34 (libc-start.c:379)
==268755==    by 0x12E4D4: (below main) (in /home/dsystems/Desktop/projects/cpp/cpp_dbc/build/libs/cpp_dbc/test/test/cpp_dbc_tests)
==268755== 
==268755== 128 bytes in 1 blocks are still reachable in loss record 1,469 of 2,004
==268755==    at 0x4849013: operator new(unsigned long) (in /usr/libexec/valgrind/vgpreload_memcheck-amd64-linux.so)
==268755==    by 0x214A69: Catch::Detail::unique_ptr<Catch::TestCaseInfo> Catch::Detail::make_unique<Catch::TestCaseInfo, Catch::StringRef&, Catch::NameAndTags const&, Catch::SourceLineInfo const&>(Catch::StringRef&, Catch::NameAndTags const&, Catch::SourceLineInfo const&) (catch_unique_ptr.hpp:111)
==268755==    by 0x213B99: Catch::makeTestCaseInfo(Catch::StringRef, Catch::NameAndTags const&, Catch::SourceLineInfo const&) (catch_test_case_info.cpp:118)
==268755==    by 0x26E957: Catch::AutoReg::AutoReg(Catch::Detail::unique_ptr<Catch::ITestInvoker>, Catch::SourceLineInfo const&, Catch::StringRef, Catch::NameAndTags const&) (catch_test_registry.cpp:59)
==268755==    by 0x14B658: __static_initialization_and_destruction_0(int, int) (test_db_config.cpp:470)
==268755==    by 0x14B762: _GLOBAL__sub_I__Z22createConnectionStringB5cxx11RKN4YAML4NodeE (test_db_config.cpp:498)
==268755==    by 0x51BBEBA: call_init (libc-start.c:145)
==268755==    by 0x51BBEBA: __libc_start_main@@GLIBC_2.34 (libc-start.c:379)
==268755==    by 0x12E4D4: (below main) (in /home/dsystems/Desktop/projects/cpp/cpp_dbc/build/libs/cpp_dbc/test/test/cpp_dbc_tests)
==268755== 
==268755== 128 bytes in 1 blocks are still reachable in loss record 1,470 of 2,004
==268755==    at 0x4849013: operator new(unsigned long) (in /usr/libexec/valgrind/vgpreload_memcheck-amd64-linux.so)
==268755==    by 0x214A69: Catch::Detail::unique_ptr<Catch::TestCaseInfo> Catch::Detail::make_unique<Catch::TestCaseInfo, Catch::StringRef&, Catch::NameAndTags const&, Catch::SourceLineInfo const&>(Catch::StringRef&, Catch::NameAndTags const&, Catch::SourceLineInfo const&) (catch_unique_ptr.hpp:111)
==268755==    by 0x213B99: Catch::makeTestCaseInfo(Catch::StringRef, Catch::NameAndTags const&, Catch::SourceLineInfo const&) (catch_test_case_info.cpp:118)
==268755==    by 0x26E957: Catch::AutoReg::AutoReg(Catch::Detail::unique_ptr<Catch::ITestInvoker>, Catch::SourceLineInfo const&, Catch::StringRef, Catch::NameAndTags const&) (catch_test_registry.cpp:59)
==268755==    by 0x14B728: __static_initialization_and_destruction_0(int, int) (test_db_config.cpp:485)
==268755==    by 0x14B762: _GLOBAL__sub_I__Z22createConnectionStringB5cxx11RKN4YAML4NodeE (test_db_config.cpp:498)
==268755==    by 0x51BBEBA: call_init (libc-start.c:145)
==268755==    by 0x51BBEBA: __libc_start_main@@GLIBC_2.34 (libc-start.c:379)
==268755==    by 0x12E4D4: (below main) (in /home/dsystems/Desktop/projects/cpp/cpp_dbc/build/libs/cpp_dbc/test/test/cpp_dbc_tests)
==268755== 
==268755== 128 bytes in 1 blocks are still reachable in loss record 1,471 of 2,004
==268755==    at 0x4849013: operator new(unsigned long) (in /usr/libexec/valgrind/vgpreload_memcheck-amd64-linux.so)
==268755==    by 0x214A69: Catch::Detail::unique_ptr<Catch::TestCaseInfo> Catch::Detail::make_unique<Catch::TestCaseInfo, Catch::StringRef&, Catch::NameAndTags const&, Catch::SourceLineInfo const&>(Catch::StringRef&, Catch::NameAndTags const&, Catch::SourceLineInfo const&) (catch_unique_ptr.hpp:111)
==268755==    by 0x213B99: Catch::makeTestCaseInfo(Catch::StringRef, Catch::NameAndTags const&, Catch::SourceLineInfo const&) (catch_test_case_info.cpp:118)
==268755==    by 0x26E957: Catch::AutoReg::AutoReg(Catch::Detail::unique_ptr<Catch::ITestInvoker>, Catch::SourceLineInfo const&, Catch::StringRef, Catch::NameAndTags const&) (catch_test_registry.cpp:59)
==268755==    by 0x1625A5: __static_initialization_and_destruction_0(int, int) (test_mysql_connection.cpp:15)
==268755==    by 0x1625DF: _GLOBAL__sub_I_test_mysql_connection.cpp (test_mysql_connection.cpp:106)
==268755==    by 0x51BBEBA: call_init (libc-start.c:145)
==268755==    by 0x51BBEBA: __libc_start_main@@GLIBC_2.34 (libc-start.c:379)
==268755==    by 0x12E4D4: (below main) (in /home/dsystems/Desktop/projects/cpp/cpp_dbc/build/libs/cpp_dbc/test/test/cpp_dbc_tests)
==268755== 
==268755== 128 bytes in 1 blocks are still reachable in loss record 1,472 of 2,004
==268755==    at 0x4849013: operator new(unsigned long) (in /usr/libexec/valgrind/vgpreload_memcheck-amd64-linux.so)
==268755==    by 0x214A69: Catch::Detail::unique_ptr<Catch::TestCaseInfo> Catch::Detail::make_unique<Catch::TestCaseInfo, Catch::StringRef&, Catch::NameAndTags const&, Catch::SourceLineInfo const&>(Catch::StringRef&, Catch::NameAndTags const&, Catch::SourceLineInfo const&) (catch_unique_ptr.hpp:111)
==268755==    by 0x213B99: Catch::makeTestCaseInfo(Catch::StringRef, Catch::NameAndTags const&, Catch::SourceLineInfo const&) (catch_test_case_info.cpp:118)
==268755==    by 0x26E957: Catch::AutoReg::AutoReg(Catch::Detail::unique_ptr<Catch::ITestInvoker>, Catch::SourceLineInfo const&, Catch::StringRef, Catch::NameAndTags const&) (catch_test_registry.cpp:59)
==268755==    by 0x165959: __static_initialization_and_destruction_0(int, int) (test_postgresql_connection.cpp:15)
==268755==    by 0x165993: _GLOBAL__sub_I_test_postgresql_connection.cpp (test_postgresql_connection.cpp:94)
==268755==    by 0x51BBEBA: call_init (libc-start.c:145)
==268755==    by 0x51BBEBA: __libc_start_main@@GLIBC_2.34 (libc-start.c:379)
==268755==    by 0x12E4D4: (below main) (in /home/dsystems/Desktop/projects/cpp/cpp_dbc/build/libs/cpp_dbc/test/test/cpp_dbc_tests)
==268755== 
==268755== 128 bytes in 1 blocks are still reachable in loss record 1,473 of 2,004
==268755==    at 0x4849013: operator new(unsigned long) (in /usr/libexec/valgrind/vgpreload_memcheck-amd64-linux.so)
==268755==    by 0x214A69: Catch::Detail::unique_ptr<Catch::TestCaseInfo> Catch::Detail::make_unique<Catch::TestCaseInfo, Catch::StringRef&, Catch::NameAndTags const&, Catch::SourceLineInfo const&>(Catch::StringRef&, Catch::NameAndTags const&, Catch::SourceLineInfo const&) (catch_unique_ptr.hpp:111)
==268755==    by 0x213B99: Catch::makeTestCaseInfo(Catch::StringRef, Catch::NameAndTags const&, Catch::SourceLineInfo const&) (catch_test_case_info.cpp:118)
==268755==    by 0x26E957: Catch::AutoReg::AutoReg(Catch::Detail::unique_ptr<Catch::ITestInvoker>, Catch::SourceLineInfo const&, Catch::StringRef, Catch::NameAndTags const&) (catch_test_registry.cpp:59)
==268755==    by 0x16E847: __static_initialization_and_destruction_0(int, int) (test_connection_pool.cpp:18)
==268755==    by 0x16EB45: _GLOBAL__sub_I_test_connection_pool.cpp (test_connection_pool.cpp:303)
==268755==    by 0x51BBEBA: call_init (libc-start.c:145)
==268755==    by 0x51BBEBA: __libc_start_main@@GLIBC_2.34 (libc-start.c:379)
==268755==    by 0x12E4D4: (below main) (in /home/dsystems/Desktop/projects/cpp/cpp_dbc/build/libs/cpp_dbc/test/test/cpp_dbc_tests)
==268755== 
==268755== 128 bytes in 1 blocks are still reachable in loss record 1,474 of 2,004
==268755==    at 0x4849013: operator new(unsigned long) (in /usr/libexec/valgrind/vgpreload_memcheck-amd64-linux.so)
==268755==    by 0x214A69: Catch::Detail::unique_ptr<Catch::TestCaseInfo> Catch::Detail::make_unique<Catch::TestCaseInfo, Catch::StringRef&, Catch::NameAndTags const&, Catch::SourceLineInfo const&>(Catch::StringRef&, Catch::NameAndTags const&, Catch::SourceLineInfo const&) (catch_unique_ptr.hpp:111)
==268755==    by 0x213B99: Catch::makeTestCaseInfo(Catch::StringRef, Catch::NameAndTags const&, Catch::SourceLineInfo const&) (catch_test_case_info.cpp:118)
==268755==    by 0x26E957: Catch::AutoReg::AutoReg(Catch::Detail::unique_ptr<Catch::ITestInvoker>, Catch::SourceLineInfo const&, Catch::StringRef, Catch::NameAndTags const&) (catch_test_registry.cpp:59)
==268755==    by 0x16E917: __static_initialization_and_destruction_0(int, int) (test_connection_pool.cpp:136)
==268755==    by 0x16EB45: _GLOBAL__sub_I_test_connection_pool.cpp (test_connection_pool.cpp:303)
==268755==    by 0x51BBEBA: call_init (libc-start.c:145)
==268755==    by 0x51BBEBA: __libc_start_main@@GLIBC_2.34 (libc-start.c:379)
==268755==    by 0x12E4D4: (below main) (in /home/dsystems/Desktop/projects/cpp/cpp_dbc/build/libs/cpp_dbc/test/test/cpp_dbc_tests)
==268755== 
==268755== 128 bytes in 1 blocks are still reachable in loss record 1,475 of 2,004
==268755==    at 0x4849013: operator new(unsigned long) (in /usr/libexec/valgrind/vgpreload_memcheck-amd64-linux.so)
==268755==    by 0x214A69: Catch::Detail::unique_ptr<Catch::TestCaseInfo> Catch::Detail::make_unique<Catch::TestCaseInfo, Catch::StringRef&, Catch::NameAndTags const&, Catch::SourceLineInfo const&>(Catch::StringRef&, Catch::NameAndTags const&, Catch::SourceLineInfo const&) (catch_unique_ptr.hpp:111)
==268755==    by 0x213B99: Catch::makeTestCaseInfo(Catch::StringRef, Catch::NameAndTags const&, Catch::SourceLineInfo const&) (catch_test_case_info.cpp:118)
==268755==    by 0x26E957: Catch::AutoReg::AutoReg(Catch::Detail::unique_ptr<Catch::ITestInvoker>, Catch::SourceLineInfo const&, Catch::StringRef, Catch::NameAndTags const&) (catch_test_registry.cpp:59)
==268755==    by 0x16E9E7: __static_initialization_and_destruction_0(int, int) (test_connection_pool.cpp:174)
==268755==    by 0x16EB45: _GLOBAL__sub_I_test_connection_pool.cpp (test_connection_pool.cpp:303)
==268755==    by 0x51BBEBA: call_init (libc-start.c:145)
==268755==    by 0x51BBEBA: __libc_start_main@@GLIBC_2.34 (libc-start.c:379)
==268755==    by 0x12E4D4: (below main) (in /home/dsystems/Desktop/projects/cpp/cpp_dbc/build/libs/cpp_dbc/test/test/cpp_dbc_tests)
==268755== 
==268755== 128 bytes in 1 blocks are still reachable in loss record 1,476 of 2,004
==268755==    at 0x4849013: operator new(unsigned long) (in /usr/libexec/valgrind/vgpreload_memcheck-amd64-linux.so)
==268755==    by 0x214A69: Catch::Detail::unique_ptr<Catch::TestCaseInfo> Catch::Detail::make_unique<Catch::TestCaseInfo, Catch::StringRef&, Catch::NameAndTags const&, Catch::SourceLineInfo const&>(Catch::StringRef&, Catch::NameAndTags const&, Catch::SourceLineInfo const&) (catch_unique_ptr.hpp:111)
==268755==    by 0x213B99: Catch::makeTestCaseInfo(Catch::StringRef, Catch::NameAndTags const&, Catch::SourceLineInfo const&) (catch_test_case_info.cpp:118)
==268755==    by 0x26E957: Catch::AutoReg::AutoReg(Catch::Detail::unique_ptr<Catch::ITestInvoker>, Catch::SourceLineInfo const&, Catch::StringRef, Catch::NameAndTags const&) (catch_test_registry.cpp:59)
==268755==    by 0x180847: __static_initialization_and_destruction_0(int, int) (test_transaction_manager.cpp:17)
==268755==    by 0x180B45: _GLOBAL__sub_I_test_transaction_manager.cpp (test_transaction_manager.cpp:238)
==268755==    by 0x51BBEBA: call_init (libc-start.c:145)
==268755==    by 0x51BBEBA: __libc_start_main@@GLIBC_2.34 (libc-start.c:379)
==268755==    by 0x12E4D4: (below main) (in /home/dsystems/Desktop/projects/cpp/cpp_dbc/build/libs/cpp_dbc/test/test/cpp_dbc_tests)
==268755== 
==268755== 128 bytes in 1 blocks are still reachable in loss record 1,477 of 2,004
==268755==    at 0x4849013: operator new(unsigned long) (in /usr/libexec/valgrind/vgpreload_memcheck-amd64-linux.so)
==268755==    by 0x214A69: Catch::Detail::unique_ptr<Catch::TestCaseInfo> Catch::Detail::make_unique<Catch::TestCaseInfo, Catch::StringRef&, Catch::NameAndTags const&, Catch::SourceLineInfo const&>(Catch::StringRef&, Catch::NameAndTags const&, Catch::SourceLineInfo const&) (catch_unique_ptr.hpp:111)
==268755==    by 0x213B99: Catch::makeTestCaseInfo(Catch::StringRef, Catch::NameAndTags const&, Catch::SourceLineInfo const&) (catch_test_case_info.cpp:118)
==268755==    by 0x26E957: Catch::AutoReg::AutoReg(Catch::Detail::unique_ptr<Catch::ITestInvoker>, Catch::SourceLineInfo const&, Catch::StringRef, Catch::NameAndTags const&) (catch_test_registry.cpp:59)
==268755==    by 0x180917: __static_initialization_and_destruction_0(int, int) (test_transaction_manager.cpp:142)
==268755==    by 0x180B45: _GLOBAL__sub_I_test_transaction_manager.cpp (test_transaction_manager.cpp:238)
==268755==    by 0x51BBEBA: call_init (libc-start.c:145)
==268755==    by 0x51BBEBA: __libc_start_main@@GLIBC_2.34 (libc-start.c:379)
==268755==    by 0x12E4D4: (below main) (in /home/dsystems/Desktop/projects/cpp/cpp_dbc/build/libs/cpp_dbc/test/test/cpp_dbc_tests)
==268755== 
==268755== 128 bytes in 1 blocks are still reachable in loss record 1,478 of 2,004
==268755==    at 0x4849013: operator new(unsigned long) (in /usr/libexec/valgrind/vgpreload_memcheck-amd64-linux.so)
==268755==    by 0x214A69: Catch::Detail::unique_ptr<Catch::TestCaseInfo> Catch::Detail::make_unique<Catch::TestCaseInfo, Catch::StringRef&, Catch::NameAndTags const&, Catch::SourceLineInfo const&>(Catch::StringRef&, Catch::NameAndTags const&, Catch::SourceLineInfo const&) (catch_unique_ptr.hpp:111)
==268755==    by 0x213B99: Catch::makeTestCaseInfo(Catch::StringRef, Catch::NameAndTags const&, Catch::SourceLineInfo const&) (catch_test_case_info.cpp:118)
==268755==    by 0x26E957: Catch::AutoReg::AutoReg(Catch::Detail::unique_ptr<Catch::ITestInvoker>, Catch::SourceLineInfo const&, Catch::StringRef, Catch::NameAndTags const&) (catch_test_registry.cpp:59)
==268755==    by 0x1809E7: __static_initialization_and_destruction_0(int, int) (test_transaction_manager.cpp:210)
==268755==    by 0x180B45: _GLOBAL__sub_I_test_transaction_manager.cpp (test_transaction_manager.cpp:238)
==268755==    by 0x51BBEBA: call_init (libc-start.c:145)
==268755==    by 0x51BBEBA: __libc_start_main@@GLIBC_2.34 (libc-start.c:379)
==268755==    by 0x12E4D4: (below main) (in /home/dsystems/Desktop/projects/cpp/cpp_dbc/build/libs/cpp_dbc/test/test/cpp_dbc_tests)
==268755== 
==268755== 128 bytes in 1 blocks are still reachable in loss record 1,479 of 2,004
==268755==    at 0x4849013: operator new(unsigned long) (in /usr/libexec/valgrind/vgpreload_memcheck-amd64-linux.so)
==268755==    by 0x214A69: Catch::Detail::unique_ptr<Catch::TestCaseInfo> Catch::Detail::make_unique<Catch::TestCaseInfo, Catch::StringRef&, Catch::NameAndTags const&, Catch::SourceLineInfo const&>(Catch::StringRef&, Catch::NameAndTags const&, Catch::SourceLineInfo const&) (catch_unique_ptr.hpp:111)
==268755==    by 0x213B99: Catch::makeTestCaseInfo(Catch::StringRef, Catch::NameAndTags const&, Catch::SourceLineInfo const&) (catch_test_case_info.cpp:118)
==268755==    by 0x26E957: Catch::AutoReg::AutoReg(Catch::Detail::unique_ptr<Catch::ITestInvoker>, Catch::SourceLineInfo const&, Catch::StringRef, Catch::NameAndTags const&) (catch_test_registry.cpp:59)
==268755==    by 0x1929D8: __static_initialization_and_destruction_0(int, int) (test_database_config.cpp:11)
==268755==    by 0x192C82: _GLOBAL__sub_I_test_database_config.cpp (test_database_config.cpp:367)
==268755==    by 0x51BBEBA: call_init (libc-start.c:145)
==268755==    by 0x51BBEBA: __libc_start_main@@GLIBC_2.34 (libc-start.c:379)
==268755==    by 0x12E4D4: (below main) (in /home/dsystems/Desktop/projects/cpp/cpp_dbc/build/libs/cpp_dbc/test/test/cpp_dbc_tests)
==268755== 
==268755== 128 bytes in 1 blocks are still reachable in loss record 1,480 of 2,004
==268755==    at 0x4849013: operator new(unsigned long) (in /usr/libexec/valgrind/vgpreload_memcheck-amd64-linux.so)
==268755==    by 0x214A69: Catch::Detail::unique_ptr<Catch::TestCaseInfo> Catch::Detail::make_unique<Catch::TestCaseInfo, Catch::StringRef&, Catch::NameAndTags const&, Catch::SourceLineInfo const&>(Catch::StringRef&, Catch::NameAndTags const&, Catch::SourceLineInfo const&) (catch_unique_ptr.hpp:111)
==268755==    by 0x213B99: Catch::makeTestCaseInfo(Catch::StringRef, Catch::NameAndTags const&, Catch::SourceLineInfo const&) (catch_test_case_info.cpp:118)
==268755==    by 0x26E957: Catch::AutoReg::AutoReg(Catch::Detail::unique_ptr<Catch::ITestInvoker>, Catch::SourceLineInfo const&, Catch::StringRef, Catch::NameAndTags const&) (catch_test_registry.cpp:59)
==268755==    by 0x192AA8: __static_initialization_and_destruction_0(int, int) (test_database_config.cpp:66)
==268755==    by 0x192C82: _GLOBAL__sub_I_test_database_config.cpp (test_database_config.cpp:367)
==268755==    by 0x51BBEBA: call_init (libc-start.c:145)
==268755==    by 0x51BBEBA: __libc_start_main@@GLIBC_2.34 (libc-start.c:379)
==268755==    by 0x12E4D4: (below main) (in /home/dsystems/Desktop/projects/cpp/cpp_dbc/build/libs/cpp_dbc/test/test/cpp_dbc_tests)
==268755== 
==268755== 128 bytes in 1 blocks are still reachable in loss record 1,481 of 2,004
==268755==    at 0x4849013: operator new(unsigned long) (in /usr/libexec/valgrind/vgpreload_memcheck-amd64-linux.so)
==268755==    by 0x214A69: Catch::Detail::unique_ptr<Catch::TestCaseInfo> Catch::Detail::make_unique<Catch::TestCaseInfo, Catch::StringRef&, Catch::NameAndTags const&, Catch::SourceLineInfo const&>(Catch::StringRef&, Catch::NameAndTags const&, Catch::SourceLineInfo const&) (catch_unique_ptr.hpp:111)
==268755==    by 0x213B99: Catch::makeTestCaseInfo(Catch::StringRef, Catch::NameAndTags const&, Catch::SourceLineInfo const&) (catch_test_case_info.cpp:118)
==268755==    by 0x26E957: Catch::AutoReg::AutoReg(Catch::Detail::unique_ptr<Catch::ITestInvoker>, Catch::SourceLineInfo const&, Catch::StringRef, Catch::NameAndTags const&) (catch_test_registry.cpp:59)
==268755==    by 0x192B78: __static_initialization_and_destruction_0(int, int) (test_database_config.cpp:171)
==268755==    by 0x192C82: _GLOBAL__sub_I_test_database_config.cpp (test_database_config.cpp:367)
==268755==    by 0x51BBEBA: call_init (libc-start.c:145)
==268755==    by 0x51BBEBA: __libc_start_main@@GLIBC_2.34 (libc-start.c:379)
==268755==    by 0x12E4D4: (below main) (in /home/dsystems/Desktop/projects/cpp/cpp_dbc/build/libs/cpp_dbc/test/test/cpp_dbc_tests)
==268755== 
==268755== 128 bytes in 1 blocks are still reachable in loss record 1,482 of 2,004
==268755==    at 0x4849013: operator new(unsigned long) (in /usr/libexec/valgrind/vgpreload_memcheck-amd64-linux.so)
==268755==    by 0x214A69: Catch::Detail::unique_ptr<Catch::TestCaseInfo> Catch::Detail::make_unique<Catch::TestCaseInfo, Catch::StringRef&, Catch::NameAndTags const&, Catch::SourceLineInfo const&>(Catch::StringRef&, Catch::NameAndTags const&, Catch::SourceLineInfo const&) (catch_unique_ptr.hpp:111)
==268755==    by 0x213B99: Catch::makeTestCaseInfo(Catch::StringRef, Catch::NameAndTags const&, Catch::SourceLineInfo const&) (catch_test_case_info.cpp:118)
==268755==    by 0x26E957: Catch::AutoReg::AutoReg(Catch::Detail::unique_ptr<Catch::ITestInvoker>, Catch::SourceLineInfo const&, Catch::StringRef, Catch::NameAndTags const&) (catch_test_registry.cpp:59)
==268755==    by 0x192C48: __static_initialization_and_destruction_0(int, int) (test_database_config.cpp:239)
==268755==    by 0x192C82: _GLOBAL__sub_I_test_database_config.cpp (test_database_config.cpp:367)
==268755==    by 0x51BBEBA: call_init (libc-start.c:145)
==268755==    by 0x51BBEBA: __libc_start_main@@GLIBC_2.34 (libc-start.c:379)
==268755==    by 0x12E4D4: (below main) (in /home/dsystems/Desktop/projects/cpp/cpp_dbc/build/libs/cpp_dbc/test/test/cpp_dbc_tests)
==268755== 
==268755== 128 bytes in 1 blocks are still reachable in loss record 1,483 of 2,004
==268755==    at 0x4849013: operator new(unsigned long) (in /usr/libexec/valgrind/vgpreload_memcheck-amd64-linux.so)
==268755==    by 0x214A69: Catch::Detail::unique_ptr<Catch::TestCaseInfo> Catch::Detail::make_unique<Catch::TestCaseInfo, Catch::StringRef&, Catch::NameAndTags const&, Catch::SourceLineInfo const&>(Catch::StringRef&, Catch::NameAndTags const&, Catch::SourceLineInfo const&) (catch_unique_ptr.hpp:111)
==268755==    by 0x213B99: Catch::makeTestCaseInfo(Catch::StringRef, Catch::NameAndTags const&, Catch::SourceLineInfo const&) (catch_test_case_info.cpp:118)
==268755==    by 0x26E957: Catch::AutoReg::AutoReg(Catch::Detail::unique_ptr<Catch::ITestInvoker>, Catch::SourceLineInfo const&, Catch::StringRef, Catch::NameAndTags const&) (catch_test_registry.cpp:59)
==268755==    by 0x1A594B: __static_initialization_and_destruction_0(int, int) (test_drivers.cpp:16)
==268755==    by 0x1A5E65: _GLOBAL__sub_I_test_drivers.cpp (test_drivers.cpp:281)
==268755==    by 0x51BBEBA: call_init (libc-start.c:145)
==268755==    by 0x51BBEBA: __libc_start_main@@GLIBC_2.34 (libc-start.c:379)
==268755==    by 0x12E4D4: (below main) (in /home/dsystems/Desktop/projects/cpp/cpp_dbc/build/libs/cpp_dbc/test/test/cpp_dbc_tests)
==268755== 
==268755== 128 bytes in 1 blocks are still reachable in loss record 1,484 of 2,004
==268755==    at 0x4849013: operator new(unsigned long) (in /usr/libexec/valgrind/vgpreload_memcheck-amd64-linux.so)
==268755==    by 0x214A69: Catch::Detail::unique_ptr<Catch::TestCaseInfo> Catch::Detail::make_unique<Catch::TestCaseInfo, Catch::StringRef&, Catch::NameAndTags const&, Catch::SourceLineInfo const&>(Catch::StringRef&, Catch::NameAndTags const&, Catch::SourceLineInfo const&) (catch_unique_ptr.hpp:111)
==268755==    by 0x213B99: Catch::makeTestCaseInfo(Catch::StringRef, Catch::NameAndTags const&, Catch::SourceLineInfo const&) (catch_test_case_info.cpp:118)
==268755==    by 0x26E957: Catch::AutoReg::AutoReg(Catch::Detail::unique_ptr<Catch::ITestInvoker>, Catch::SourceLineInfo const&, Catch::StringRef, Catch::NameAndTags const&) (catch_test_registry.cpp:59)
==268755==    by 0x1A5A1B: __static_initialization_and_destruction_0(int, int) (test_drivers.cpp:42)
==268755==    by 0x1A5E65: _GLOBAL__sub_I_test_drivers.cpp (test_drivers.cpp:281)
==268755==    by 0x51BBEBA: call_init (libc-start.c:145)
==268755==    by 0x51BBEBA: __libc_start_main@@GLIBC_2.34 (libc-start.c:379)
==268755==    by 0x12E4D4: (below main) (in /home/dsystems/Desktop/projects/cpp/cpp_dbc/build/libs/cpp_dbc/test/test/cpp_dbc_tests)
==268755== 
==268755== 128 bytes in 1 blocks are still reachable in loss record 1,485 of 2,004
==268755==    at 0x4849013: operator new(unsigned long) (in /usr/libexec/valgrind/vgpreload_memcheck-amd64-linux.so)
==268755==    by 0x214A69: Catch::Detail::unique_ptr<Catch::TestCaseInfo> Catch::Detail::make_unique<Catch::TestCaseInfo, Catch::StringRef&, Catch::NameAndTags const&, Catch::SourceLineInfo const&>(Catch::StringRef&, Catch::NameAndTags const&, Catch::SourceLineInfo const&) (catch_unique_ptr.hpp:111)
==268755==    by 0x213B99: Catch::makeTestCaseInfo(Catch::StringRef, Catch::NameAndTags const&, Catch::SourceLineInfo const&) (catch_test_case_info.cpp:118)
==268755==    by 0x26E957: Catch::AutoReg::AutoReg(Catch::Detail::unique_ptr<Catch::ITestInvoker>, Catch::SourceLineInfo const&, Catch::StringRef, Catch::NameAndTags const&) (catch_test_registry.cpp:59)
==268755==    by 0x1A5AEB: __static_initialization_and_destruction_0(int, int) (test_drivers.cpp:79)
==268755==    by 0x1A5E65: _GLOBAL__sub_I_test_drivers.cpp (test_drivers.cpp:281)
==268755==    by 0x51BBEBA: call_init (libc-start.c:145)
==268755==    by 0x51BBEBA: __libc_start_main@@GLIBC_2.34 (libc-start.c:379)
==268755==    by 0x12E4D4: (below main) (in /home/dsystems/Desktop/projects/cpp/cpp_dbc/build/libs/cpp_dbc/test/test/cpp_dbc_tests)
==268755== 
==268755== 128 bytes in 1 blocks are still reachable in loss record 1,486 of 2,004
==268755==    at 0x4849013: operator new(unsigned long) (in /usr/libexec/valgrind/vgpreload_memcheck-amd64-linux.so)
==268755==    by 0x214A69: Catch::Detail::unique_ptr<Catch::TestCaseInfo> Catch::Detail::make_unique<Catch::TestCaseInfo, Catch::StringRef&, Catch::NameAndTags const&, Catch::SourceLineInfo const&>(Catch::StringRef&, Catch::NameAndTags const&, Catch::SourceLineInfo const&) (catch_unique_ptr.hpp:111)
==268755==    by 0x213B99: Catch::makeTestCaseInfo(Catch::StringRef, Catch::NameAndTags const&, Catch::SourceLineInfo const&) (catch_test_case_info.cpp:118)
==268755==    by 0x26E957: Catch::AutoReg::AutoReg(Catch::Detail::unique_ptr<Catch::ITestInvoker>, Catch::SourceLineInfo const&, Catch::StringRef, Catch::NameAndTags const&) (catch_test_registry.cpp:59)
==268755==    by 0x1A5BBB: __static_initialization_and_destruction_0(int, int) (test_drivers.cpp:115)
==268755==    by 0x1A5E65: _GLOBAL__sub_I_test_drivers.cpp (test_drivers.cpp:281)
==268755==    by 0x51BBEBA: call_init (libc-start.c:145)
==268755==    by 0x51BBEBA: __libc_start_main@@GLIBC_2.34 (libc-start.c:379)
==268755==    by 0x12E4D4: (below main) (in /home/dsystems/Desktop/projects/cpp/cpp_dbc/build/libs/cpp_dbc/test/test/cpp_dbc_tests)
==268755== 
==268755== 128 bytes in 1 blocks are still reachable in loss record 1,487 of 2,004
==268755==    at 0x4849013: operator new(unsigned long) (in /usr/libexec/valgrind/vgpreload_memcheck-amd64-linux.so)
==268755==    by 0x214A69: Catch::Detail::unique_ptr<Catch::TestCaseInfo> Catch::Detail::make_unique<Catch::TestCaseInfo, Catch::StringRef&, Catch::NameAndTags const&, Catch::SourceLineInfo const&>(Catch::StringRef&, Catch::NameAndTags const&, Catch::SourceLineInfo const&) (catch_unique_ptr.hpp:111)
==268755==    by 0x213B99: Catch::makeTestCaseInfo(Catch::StringRef, Catch::NameAndTags const&, Catch::SourceLineInfo const&) (catch_test_case_info.cpp:118)
==268755==    by 0x26E957: Catch::AutoReg::AutoReg(Catch::Detail::unique_ptr<Catch::ITestInvoker>, Catch::SourceLineInfo const&, Catch::StringRef, Catch::NameAndTags const&) (catch_test_registry.cpp:59)
==268755==    by 0x1A5C8B: __static_initialization_and_destruction_0(int, int) (test_drivers.cpp:138)
==268755==    by 0x1A5E65: _GLOBAL__sub_I_test_drivers.cpp (test_drivers.cpp:281)
==268755==    by 0x51BBEBA: call_init (libc-start.c:145)
==268755==    by 0x51BBEBA: __libc_start_main@@GLIBC_2.34 (libc-start.c:379)
==268755==    by 0x12E4D4: (below main) (in /home/dsystems/Desktop/projects/cpp/cpp_dbc/build/libs/cpp_dbc/test/test/cpp_dbc_tests)
==268755== 
==268755== 128 bytes in 1 blocks are still reachable in loss record 1,488 of 2,004
==268755==    at 0x4849013: operator new(unsigned long) (in /usr/libexec/valgrind/vgpreload_memcheck-amd64-linux.so)
==268755==    by 0x214A69: Catch::Detail::unique_ptr<Catch::TestCaseInfo> Catch::Detail::make_unique<Catch::TestCaseInfo, Catch::StringRef&, Catch::NameAndTags const&, Catch::SourceLineInfo const&>(Catch::StringRef&, Catch::NameAndTags const&, Catch::SourceLineInfo const&) (catch_unique_ptr.hpp:111)
==268755==    by 0x213B99: Catch::makeTestCaseInfo(Catch::StringRef, Catch::NameAndTags const&, Catch::SourceLineInfo const&) (catch_test_case_info.cpp:118)
==268755==    by 0x26E957: Catch::AutoReg::AutoReg(Catch::Detail::unique_ptr<Catch::ITestInvoker>, Catch::SourceLineInfo const&, Catch::StringRef, Catch::NameAndTags const&) (catch_test_registry.cpp:59)
==268755==    by 0x1A5D5B: __static_initialization_and_destruction_0(int, int) (test_drivers.cpp:165)
==268755==    by 0x1A5E65: _GLOBAL__sub_I_test_drivers.cpp (test_drivers.cpp:281)
==268755==    by 0x51BBEBA: call_init (libc-start.c:145)
==268755==    by 0x51BBEBA: __libc_start_main@@GLIBC_2.34 (libc-start.c:379)
==268755==    by 0x12E4D4: (below main) (in /home/dsystems/Desktop/projects/cpp/cpp_dbc/build/libs/cpp_dbc/test/test/cpp_dbc_tests)
==268755== 
==268755== 128 bytes in 1 blocks are still reachable in loss record 1,489 of 2,004
==268755==    at 0x4849013: operator new(unsigned long) (in /usr/libexec/valgrind/vgpreload_memcheck-amd64-linux.so)
==268755==    by 0x214A69: Catch::Detail::unique_ptr<Catch::TestCaseInfo> Catch::Detail::make_unique<Catch::TestCaseInfo, Catch::StringRef&, Catch::NameAndTags const&, Catch::SourceLineInfo const&>(Catch::StringRef&, Catch::NameAndTags const&, Catch::SourceLineInfo const&) (catch_unique_ptr.hpp:111)
==268755==    by 0x213B99: Catch::makeTestCaseInfo(Catch::StringRef, Catch::NameAndTags const&, Catch::SourceLineInfo const&) (catch_test_case_info.cpp:118)
==268755==    by 0x26E957: Catch::AutoReg::AutoReg(Catch::Detail::unique_ptr<Catch::ITestInvoker>, Catch::SourceLineInfo const&, Catch::StringRef, Catch::NameAndTags const&) (catch_test_registry.cpp:59)
==268755==    by 0x1A5E2B: __static_initialization_and_destruction_0(int, int) (test_drivers.cpp:242)
==268755==    by 0x1A5E65: _GLOBAL__sub_I_test_drivers.cpp (test_drivers.cpp:281)
==268755==    by 0x51BBEBA: call_init (libc-start.c:145)
==268755==    by 0x51BBEBA: __libc_start_main@@GLIBC_2.34 (libc-start.c:379)
==268755==    by 0x12E4D4: (below main) (in /home/dsystems/Desktop/projects/cpp/cpp_dbc/build/libs/cpp_dbc/test/test/cpp_dbc_tests)
==268755== 
==268755== 128 bytes in 1 blocks are still reachable in loss record 1,490 of 2,004
==268755==    at 0x4849013: operator new(unsigned long) (in /usr/libexec/valgrind/vgpreload_memcheck-amd64-linux.so)
==268755==    by 0x214A69: Catch::Detail::unique_ptr<Catch::TestCaseInfo> Catch::Detail::make_unique<Catch::TestCaseInfo, Catch::StringRef&, Catch::NameAndTags const&, Catch::SourceLineInfo const&>(Catch::StringRef&, Catch::NameAndTags const&, Catch::SourceLineInfo const&) (catch_unique_ptr.hpp:111)
==268755==    by 0x213B99: Catch::makeTestCaseInfo(Catch::StringRef, Catch::NameAndTags const&, Catch::SourceLineInfo const&) (catch_test_case_info.cpp:118)
==268755==    by 0x26E957: Catch::AutoReg::AutoReg(Catch::Detail::unique_ptr<Catch::ITestInvoker>, Catch::SourceLineInfo const&, Catch::StringRef, Catch::NameAndTags const&) (catch_test_registry.cpp:59)
==268755==    by 0x1AE5D1: __static_initialization_and_destruction_0(int, int) (test_integration.cpp:28)
==268755==    by 0x1AE6DB: _GLOBAL__sub_I_test_integration.cpp (test_integration.cpp:393)
==268755==    by 0x51BBEBA: call_init (libc-start.c:145)
==268755==    by 0x51BBEBA: __libc_start_main@@GLIBC_2.34 (libc-start.c:379)
==268755==    by 0x12E4D4: (below main) (in /home/dsystems/Desktop/projects/cpp/cpp_dbc/build/libs/cpp_dbc/test/test/cpp_dbc_tests)
==268755== 
==268755== 128 bytes in 1 blocks are still reachable in loss record 1,491 of 2,004
==268755==    at 0x4849013: operator new(unsigned long) (in /usr/libexec/valgrind/vgpreload_memcheck-amd64-linux.so)
==268755==    by 0x214A69: Catch::Detail::unique_ptr<Catch::TestCaseInfo> Catch::Detail::make_unique<Catch::TestCaseInfo, Catch::StringRef&, Catch::NameAndTags const&, Catch::SourceLineInfo const&>(Catch::StringRef&, Catch::NameAndTags const&, Catch::SourceLineInfo const&) (catch_unique_ptr.hpp:111)
==268755==    by 0x213B99: Catch::makeTestCaseInfo(Catch::StringRef, Catch::NameAndTags const&, Catch::SourceLineInfo const&) (catch_test_case_info.cpp:118)
==268755==    by 0x26E957: Catch::AutoReg::AutoReg(Catch::Detail::unique_ptr<Catch::ITestInvoker>, Catch::SourceLineInfo const&, Catch::StringRef, Catch::NameAndTags const&) (catch_test_registry.cpp:59)
==268755==    by 0x1AE6A1: __static_initialization_and_destruction_0(int, int) (test_integration.cpp:377)
==268755==    by 0x1AE6DB: _GLOBAL__sub_I_test_integration.cpp (test_integration.cpp:393)
==268755==    by 0x51BBEBA: call_init (libc-start.c:145)
==268755==    by 0x51BBEBA: __libc_start_main@@GLIBC_2.34 (libc-start.c:379)
==268755==    by 0x12E4D4: (below main) (in /home/dsystems/Desktop/projects/cpp/cpp_dbc/build/libs/cpp_dbc/test/test/cpp_dbc_tests)
==268755== 
==268755== 128 bytes in 1 blocks are still reachable in loss record 1,492 of 2,004
==268755==    at 0x4849013: operator new(unsigned long) (in /usr/libexec/valgrind/vgpreload_memcheck-amd64-linux.so)
==268755==    by 0x214A69: Catch::Detail::unique_ptr<Catch::TestCaseInfo> Catch::Detail::make_unique<Catch::TestCaseInfo, Catch::StringRef&, Catch::NameAndTags const&, Catch::SourceLineInfo const&>(Catch::StringRef&, Catch::NameAndTags const&, Catch::SourceLineInfo const&) (catch_unique_ptr.hpp:111)
==268755==    by 0x213B99: Catch::makeTestCaseInfo(Catch::StringRef, Catch::NameAndTags const&, Catch::SourceLineInfo const&) (catch_test_case_info.cpp:118)
==268755==    by 0x26E957: Catch::AutoReg::AutoReg(Catch::Detail::unique_ptr<Catch::ITestInvoker>, Catch::SourceLineInfo const&, Catch::StringRef, Catch::NameAndTags const&) (catch_test_registry.cpp:59)
==268755==    by 0x1B4CA9: __static_initialization_and_destruction_0(int, int) (test_mysql_real.cpp:83)
==268755==    by 0x1B4E07: _GLOBAL__sub_I_test_mysql_real.cpp (test_mysql_real.cpp:621)
==268755==    by 0x51BBEBA: call_init (libc-start.c:145)
==268755==    by 0x51BBEBA: __libc_start_main@@GLIBC_2.34 (libc-start.c:379)
==268755==    by 0x12E4D4: (below main) (in /home/dsystems/Desktop/projects/cpp/cpp_dbc/build/libs/cpp_dbc/test/test/cpp_dbc_tests)
==268755== 
==268755== 128 bytes in 1 blocks are still reachable in loss record 1,493 of 2,004
==268755==    at 0x4849013: operator new(unsigned long) (in /usr/libexec/valgrind/vgpreload_memcheck-amd64-linux.so)
==268755==    by 0x214A69: Catch::Detail::unique_ptr<Catch::TestCaseInfo> Catch::Detail::make_unique<Catch::TestCaseInfo, Catch::StringRef&, Catch::NameAndTags const&, Catch::SourceLineInfo const&>(Catch::StringRef&, Catch::NameAndTags const&, Catch::SourceLineInfo const&) (catch_unique_ptr.hpp:111)
==268755==    by 0x213B99: Catch::makeTestCaseInfo(Catch::StringRef, Catch::NameAndTags const&, Catch::SourceLineInfo const&) (catch_test_case_info.cpp:118)
==268755==    by 0x26E957: Catch::AutoReg::AutoReg(Catch::Detail::unique_ptr<Catch::ITestInvoker>, Catch::SourceLineInfo const&, Catch::StringRef, Catch::NameAndTags const&) (catch_test_registry.cpp:59)
==268755==    by 0x1BE770: __static_initialization_and_destruction_0(int, int) (test_postgresql_real.cpp:95)
==268755==    by 0x1BE7AA: _GLOBAL__sub_I_test_postgresql_real.cpp (test_postgresql_real.cpp:618)
==268755==    by 0x51BBEBA: call_init (libc-start.c:145)
==268755==    by 0x51BBEBA: __libc_start_main@@GLIBC_2.34 (libc-start.c:379)
==268755==    by 0x12E4D4: (below main) (in /home/dsystems/Desktop/projects/cpp/cpp_dbc/build/libs/cpp_dbc/test/test/cpp_dbc_tests)
==268755== 
==268755== 128 bytes in 1 blocks are still reachable in loss record 1,494 of 2,004
==268755==    at 0x4849013: operator new(unsigned long) (in /usr/libexec/valgrind/vgpreload_memcheck-amd64-linux.so)
==268755==    by 0x214A69: Catch::Detail::unique_ptr<Catch::TestCaseInfo> Catch::Detail::make_unique<Catch::TestCaseInfo, Catch::StringRef&, Catch::NameAndTags const&, Catch::SourceLineInfo const&>(Catch::StringRef&, Catch::NameAndTags const&, Catch::SourceLineInfo const&) (catch_unique_ptr.hpp:111)
==268755==    by 0x213B99: Catch::makeTestCaseInfo(Catch::StringRef, Catch::NameAndTags const&, Catch::SourceLineInfo const&) (catch_test_case_info.cpp:118)
==268755==    by 0x26E957: Catch::AutoReg::AutoReg(Catch::Detail::unique_ptr<Catch::ITestInvoker>, Catch::SourceLineInfo const&, Catch::StringRef, Catch::NameAndTags const&) (catch_test_registry.cpp:59)
==268755==    by 0x1C6F88: __static_initialization_and_destruction_0(int, int) (test_connection_pool_real.cpp:97)
==268755==    by 0x1C7092: _GLOBAL__sub_I_test_connection_pool_real.cpp (test_connection_pool_real.cpp:326)
==268755==    by 0x51BBEBA: call_init (libc-start.c:145)
==268755==    by 0x51BBEBA: __libc_start_main@@GLIBC_2.34 (libc-start.c:379)
==268755==    by 0x12E4D4: (below main) (in /home/dsystems/Desktop/projects/cpp/cpp_dbc/build/libs/cpp_dbc/test/test/cpp_dbc_tests)
==268755== 
==268755== 128 bytes in 1 blocks are still reachable in loss record 1,495 of 2,004
==268755==    at 0x4849013: operator new(unsigned long) (in /usr/libexec/valgrind/vgpreload_memcheck-amd64-linux.so)
==268755==    by 0x214A69: Catch::Detail::unique_ptr<Catch::TestCaseInfo> Catch::Detail::make_unique<Catch::TestCaseInfo, Catch::StringRef&, Catch::NameAndTags const&, Catch::SourceLineInfo const&>(Catch::StringRef&, Catch::NameAndTags const&, Catch::SourceLineInfo const&) (catch_unique_ptr.hpp:111)
==268755==    by 0x213B99: Catch::makeTestCaseInfo(Catch::StringRef, Catch::NameAndTags const&, Catch::SourceLineInfo const&) (catch_test_case_info.cpp:118)
==268755==    by 0x26E957: Catch::AutoReg::AutoReg(Catch::Detail::unique_ptr<Catch::ITestInvoker>, Catch::SourceLineInfo const&, Catch::StringRef, Catch::NameAndTags const&) (catch_test_registry.cpp:59)
==268755==    by 0x1C7058: __static_initialization_and_destruction_0(int, int) (test_connection_pool_real.cpp:214)
==268755==    by 0x1C7092: _GLOBAL__sub_I_test_connection_pool_real.cpp (test_connection_pool_real.cpp:326)
==268755==    by 0x51BBEBA: call_init (libc-start.c:145)
==268755==    by 0x51BBEBA: __libc_start_main@@GLIBC_2.34 (libc-start.c:379)
==268755==    by 0x12E4D4: (below main) (in /home/dsystems/Desktop/projects/cpp/cpp_dbc/build/libs/cpp_dbc/test/test/cpp_dbc_tests)
==268755== 
==268755== 128 bytes in 1 blocks are still reachable in loss record 1,496 of 2,004
==268755==    at 0x4849013: operator new(unsigned long) (in /usr/libexec/valgrind/vgpreload_memcheck-amd64-linux.so)
==268755==    by 0x214A69: Catch::Detail::unique_ptr<Catch::TestCaseInfo> Catch::Detail::make_unique<Catch::TestCaseInfo, Catch::StringRef&, Catch::NameAndTags const&, Catch::SourceLineInfo const&>(Catch::StringRef&, Catch::NameAndTags const&, Catch::SourceLineInfo const&) (catch_unique_ptr.hpp:111)
==268755==    by 0x213B99: Catch::makeTestCaseInfo(Catch::StringRef, Catch::NameAndTags const&, Catch::SourceLineInfo const&) (catch_test_case_info.cpp:118)
==268755==    by 0x26E957: Catch::AutoReg::AutoReg(Catch::Detail::unique_ptr<Catch::ITestInvoker>, Catch::SourceLineInfo const&, Catch::StringRef, Catch::NameAndTags const&) (catch_test_registry.cpp:59)
==268755==    by 0x1D2735: __static_initialization_and_destruction_0(int, int) (test_transaction_manager_real.cpp:99)
==268755==    by 0x1D283F: _GLOBAL__sub_I_test_transaction_manager_real.cpp (test_transaction_manager_real.cpp:569)
==268755==    by 0x51BBEBA: call_init (libc-start.c:145)
==268755==    by 0x51BBEBA: __libc_start_main@@GLIBC_2.34 (libc-start.c:379)
==268755==    by 0x12E4D4: (below main) (in /home/dsystems/Desktop/projects/cpp/cpp_dbc/build/libs/cpp_dbc/test/test/cpp_dbc_tests)
==268755== 
==268755== 128 bytes in 1 blocks are still reachable in loss record 1,497 of 2,004
==268755==    at 0x4849013: operator new(unsigned long) (in /usr/libexec/valgrind/vgpreload_memcheck-amd64-linux.so)
==268755==    by 0x214A69: Catch::Detail::unique_ptr<Catch::TestCaseInfo> Catch::Detail::make_unique<Catch::TestCaseInfo, Catch::StringRef&, Catch::NameAndTags const&, Catch::SourceLineInfo const&>(Catch::StringRef&, Catch::NameAndTags const&, Catch::SourceLineInfo const&) (catch_unique_ptr.hpp:111)
==268755==    by 0x213B99: Catch::makeTestCaseInfo(Catch::StringRef, Catch::NameAndTags const&, Catch::SourceLineInfo const&) (catch_test_case_info.cpp:118)
==268755==    by 0x26E957: Catch::AutoReg::AutoReg(Catch::Detail::unique_ptr<Catch::ITestInvoker>, Catch::SourceLineInfo const&, Catch::StringRef, Catch::NameAndTags const&) (catch_test_registry.cpp:59)
==268755==    by 0x1D2805: __static_initialization_and_destruction_0(int, int) (test_transaction_manager_real.cpp:376)
==268755==    by 0x1D283F: _GLOBAL__sub_I_test_transaction_manager_real.cpp (test_transaction_manager_real.cpp:569)
==268755==    by 0x51BBEBA: call_init (libc-start.c:145)
==268755==    by 0x51BBEBA: __libc_start_main@@GLIBC_2.34 (libc-start.c:379)
==268755==    by 0x12E4D4: (below main) (in /home/dsystems/Desktop/projects/cpp/cpp_dbc/build/libs/cpp_dbc/test/test/cpp_dbc_tests)
==268755== 
==268755== 128 bytes in 1 blocks are still reachable in loss record 1,498 of 2,004
==268755==    at 0x4848899: malloc (in /usr/libexec/valgrind/vgpreload_memcheck-amd64-linux.so)
==268755==    by 0x561679D: CRYPTO_zalloc (in /usr/lib/x86_64-linux-gnu/libcrypto.so.3)
==268755==    by 0x560BE56: OPENSSL_LH_new (in /usr/lib/x86_64-linux-gnu/libcrypto.so.3)
==268755==    by 0x564693D: ??? (in /usr/lib/x86_64-linux-gnu/libcrypto.so.3)
==268755==    by 0x5614C2D: ??? (in /usr/lib/x86_64-linux-gnu/libcrypto.so.3)
==268755==    by 0x561A924: ??? (in /usr/lib/x86_64-linux-gnu/libcrypto.so.3)
==268755==    by 0x5614FB8: ??? (in /usr/lib/x86_64-linux-gnu/libcrypto.so.3)
==268755==    by 0x56154C7: ??? (in /usr/lib/x86_64-linux-gnu/libcrypto.so.3)
==268755==    by 0x56155BC: ??? (in /usr/lib/x86_64-linux-gnu/libcrypto.so.3)
==268755==    by 0x522BEE7: __pthread_once_slow (pthread_once.c:116)
==268755==    by 0x5621C9C: CRYPTO_THREAD_run_once (in /usr/lib/x86_64-linux-gnu/libcrypto.so.3)
==268755==    by 0x561A822: ??? (in /usr/lib/x86_64-linux-gnu/libcrypto.so.3)
==268755== 
==268755== 128 bytes in 1 blocks are still reachable in loss record 1,499 of 2,004
==268755==    at 0x4848899: malloc (in /usr/libexec/valgrind/vgpreload_memcheck-amd64-linux.so)
==268755==    by 0x561679D: CRYPTO_zalloc (in /usr/lib/x86_64-linux-gnu/libcrypto.so.3)
==268755==    by 0x560BE56: OPENSSL_LH_new (in /usr/lib/x86_64-linux-gnu/libcrypto.so.3)
==268755==    by 0x5646952: ??? (in /usr/lib/x86_64-linux-gnu/libcrypto.so.3)
==268755==    by 0x5614C2D: ??? (in /usr/lib/x86_64-linux-gnu/libcrypto.so.3)
==268755==    by 0x561A924: ??? (in /usr/lib/x86_64-linux-gnu/libcrypto.so.3)
==268755==    by 0x5614FB8: ??? (in /usr/lib/x86_64-linux-gnu/libcrypto.so.3)
==268755==    by 0x56154C7: ??? (in /usr/lib/x86_64-linux-gnu/libcrypto.so.3)
==268755==    by 0x56155BC: ??? (in /usr/lib/x86_64-linux-gnu/libcrypto.so.3)
==268755==    by 0x522BEE7: __pthread_once_slow (pthread_once.c:116)
==268755==    by 0x5621C9C: CRYPTO_THREAD_run_once (in /usr/lib/x86_64-linux-gnu/libcrypto.so.3)
==268755==    by 0x561A822: ??? (in /usr/lib/x86_64-linux-gnu/libcrypto.so.3)
==268755== 
==268755== 128 bytes in 1 blocks are still reachable in loss record 1,500 of 2,004
==268755==    at 0x4848899: malloc (in /usr/libexec/valgrind/vgpreload_memcheck-amd64-linux.so)
==268755==    by 0x561679D: CRYPTO_zalloc (in /usr/lib/x86_64-linux-gnu/libcrypto.so.3)
==268755==    by 0x560BE56: OPENSSL_LH_new (in /usr/lib/x86_64-linux-gnu/libcrypto.so.3)
==268755==    by 0x5614C2D: ??? (in /usr/lib/x86_64-linux-gnu/libcrypto.so.3)
==268755==    by 0x561A924: ??? (in /usr/lib/x86_64-linux-gnu/libcrypto.so.3)
==268755==    by 0x5614FB8: ??? (in /usr/lib/x86_64-linux-gnu/libcrypto.so.3)
==268755==    by 0x5647B41: ??? (in /usr/lib/x86_64-linux-gnu/libcrypto.so.3)
==268755==    by 0x55EBA69: ??? (in /usr/lib/x86_64-linux-gnu/libcrypto.so.3)
==268755==    by 0x560B85B: ??? (in /usr/lib/x86_64-linux-gnu/libcrypto.so.3)
==268755==    by 0x560B71B: ??? (in /usr/lib/x86_64-linux-gnu/libcrypto.so.3)
==268755==    by 0x562AD6A: ??? (in /usr/lib/x86_64-linux-gnu/libcrypto.so.3)
==268755==    by 0x56F44E7: ??? (in /usr/lib/x86_64-linux-gnu/libcrypto.so.3)
==268755== 
==268755== 128 bytes in 1 blocks are still reachable in loss record 1,501 of 2,004
==268755==    at 0x4848899: malloc (in /usr/libexec/valgrind/vgpreload_memcheck-amd64-linux.so)
==268755==    by 0x561679D: CRYPTO_zalloc (in /usr/lib/x86_64-linux-gnu/libcrypto.so.3)
==268755==    by 0x560BE56: OPENSSL_LH_new (in /usr/lib/x86_64-linux-gnu/libcrypto.so.3)
==268755==    by 0x566B0FA: ??? (in /usr/lib/x86_64-linux-gnu/libcrypto.so.3)
==268755==    by 0x566B278: OSSL_STORE_open_ex (in /usr/lib/x86_64-linux-gnu/libcrypto.so.3)
==268755==    by 0x5675379: ??? (in /usr/lib/x86_64-linux-gnu/libcrypto.so.3)
==268755==    by 0x56755FB: ??? (in /usr/lib/x86_64-linux-gnu/libcrypto.so.3)
==268755==    by 0x569035D: X509_STORE_CTX_get_by_subject (in /usr/lib/x86_64-linux-gnu/libcrypto.so.3)
==268755==    by 0x56907E1: X509_STORE_CTX_get1_issuer (in /usr/lib/x86_64-linux-gnu/libcrypto.so.3)
==268755==    by 0x5696DE7: ??? (in /usr/lib/x86_64-linux-gnu/libcrypto.so.3)
==268755==    by 0x56976A5: ??? (in /usr/lib/x86_64-linux-gnu/libcrypto.so.3)
==268755==    by 0x5698791: X509_verify_cert (in /usr/lib/x86_64-linux-gnu/libcrypto.so.3)
==268755== 
==268755== 128 bytes in 1 blocks are still reachable in loss record 1,502 of 2,004
==268755==    at 0x4848899: malloc (in /usr/libexec/valgrind/vgpreload_memcheck-amd64-linux.so)
==268755==    by 0x561679D: CRYPTO_zalloc (in /usr/lib/x86_64-linux-gnu/libcrypto.so.3)
==268755==    by 0x560BE56: OPENSSL_LH_new (in /usr/lib/x86_64-linux-gnu/libcrypto.so.3)
==268755==    by 0x5647F0F: ??? (in /usr/lib/x86_64-linux-gnu/libcrypto.so.3)
==268755==    by 0x5666904: ??? (in /usr/lib/x86_64-linux-gnu/libcrypto.so.3)
==268755==    by 0x560B85B: ??? (in /usr/lib/x86_64-linux-gnu/libcrypto.so.3)
==268755==    by 0x560B71B: ??? (in /usr/lib/x86_64-linux-gnu/libcrypto.so.3)
==268755==    by 0x562AD6A: ??? (in /usr/lib/x86_64-linux-gnu/libcrypto.so.3)
==268755==    by 0x56F44E7: ??? (in /usr/lib/x86_64-linux-gnu/libcrypto.so.3)
==268755==    by 0x56F49C6: ??? (in /usr/lib/x86_64-linux-gnu/libcrypto.so.3)
==268755==    by 0x5666F9E: OSSL_STORE_LOADER_fetch (in /usr/lib/x86_64-linux-gnu/libcrypto.so.3)
==268755==    by 0x566B2F7: OSSL_STORE_open_ex (in /usr/lib/x86_64-linux-gnu/libcrypto.so.3)
==268755== 
==268755== 128 bytes in 1 blocks are still reachable in loss record 1,503 of 2,004
==268755==    at 0x4849013: operator new(unsigned long) (in /usr/libexec/valgrind/vgpreload_memcheck-amd64-linux.so)
==268755==    by 0x1795FB: __gnu_cxx::new_allocator<std::thread>::allocate(unsigned long, void const*) (new_allocator.h:127)
==268755==    by 0x177CD5: allocate (allocator.h:185)
==268755==    by 0x177CD5: std::allocator_traits<std::allocator<std::thread> >::allocate(std::allocator<std::thread>&, unsigned long) (alloc_traits.h:464)
==268755==    by 0x176C0D: std::_Vector_base<std::thread, std::allocator<std::thread> >::_M_allocate(unsigned long) (stl_vector.h:346)
==268755==    by 0x1758EA: void std::vector<std::thread, std::allocator<std::thread> >::_M_realloc_insert<std::thread>(__gnu_cxx::__normal_iterator<std::thread*, std::vector<std::thread, std::allocator<std::thread> > >, std::thread&&) (vector.tcc:440)
==268755==    by 0x174177: std::thread& std::vector<std::thread, std::allocator<std::thread> >::emplace_back<std::thread>(std::thread&&) (vector.tcc:121)
==268755==    by 0x172799: std::vector<std::thread, std::allocator<std::thread> >::push_back(std::thread&&) (stl_vector.h:1204)
==268755==    by 0x1B3E05: CATCH2_INTERNAL_TEST_0() (test_mysql_real.cpp:253)
==268755==    by 0x261743: Catch::TestInvokerAsFunction::invoke() const (catch_test_case_registry_impl.cpp:149)
==268755==    by 0x256F30: Catch::TestCaseHandle::invoke() const (catch_test_case_info.hpp:115)
==268755==    by 0x255FF5: Catch::RunContext::invokeActiveTestCase() (catch_run_context.cpp:538)
==268755==    by 0x255D09: Catch::RunContext::runCurrentTest(std::__cxx11::basic_string<char, std::char_traits<char>, std::allocator<char> >&, std::__cxx11::basic_string<char, std::char_traits<char>, std::allocator<char> >&) (catch_run_context.cpp:501)
==268755== 
==268755== 128 bytes in 4 blocks are still reachable in loss record 1,504 of 2,004
==268755==    at 0x4848899: malloc (in /usr/libexec/valgrind/vgpreload_memcheck-amd64-linux.so)
==268755==    by 0x561E58A: ??? (in /usr/lib/x86_64-linux-gnu/libcrypto.so.3)
==268755==    by 0x5649DD0: RAND_get0_public (in /usr/lib/x86_64-linux-gnu/libcrypto.so.3)
==268755==    by 0x5649EE7: RAND_bytes_ex (in /usr/lib/x86_64-linux-gnu/libcrypto.so.3)
==268755==    by 0x53F5779: SSL_CTX_new_ex (in /usr/lib/x86_64-linux-gnu/libssl.so.3)
==268755==    by 0x48F8280: ??? (in /usr/lib/x86_64-linux-gnu/libmysqlclient.so.21.2.42)
==268755==    by 0x489A042: ??? (in /usr/lib/x86_64-linux-gnu/libmysqlclient.so.21.2.42)
==268755==    by 0x489AD71: ??? (in /usr/lib/x86_64-linux-gnu/libmysqlclient.so.21.2.42)
==268755==    by 0x48A3273: ??? (in /usr/lib/x86_64-linux-gnu/libmysqlclient.so.21.2.42)
==268755==    by 0x489EF82: mysql_real_connect (in /usr/lib/x86_64-linux-gnu/libmysqlclient.so.21.2.42)
==268755==    by 0x1EC2E1: cpp_dbc::MySQL::MySQLConnection::MySQLConnection(std::__cxx11::basic_string<char, std::char_traits<char>, std::allocator<char> > const&, int, std::__cxx11::basic_string<char, std::char_traits<char>, std::allocator<char> > const&, std::__cxx11::basic_string<char, std::char_traits<char>, std::allocator<char> > const&, std::__cxx11::basic_string<char, std::char_traits<char>, std::allocator<char> > const&) (driver_mysql.cpp:624)
==268755==    by 0x1F6A72: decltype (::new ((void*)(0)) cpp_dbc::MySQL::MySQLConnection((declval<std::__cxx11::basic_string<char, std::char_traits<char>, std::allocator<char> >&>)(), (declval<int&>)(), (declval<std::__cxx11::basic_string<char, std::char_traits<char>, std::allocator<char> >&>)(), (declval<std::__cxx11::basic_string<char, std::char_traits<char>, std::allocator<char> > const&>)(), (declval<std::__cxx11::basic_string<char, std::char_traits<char>, std::allocator<char> > const&>)())) std::construct_at<cpp_dbc::MySQL::MySQLConnection, std::__cxx11::basic_string<char, std::char_traits<char>, std::allocator<char> >&, int&, std::__cxx11::basic_string<char, std::char_traits<char>, std::allocator<char> >&, std::__cxx11::basic_string<char, std::char_traits<char>, std::allocator<char> > const&, std::__cxx11::basic_string<char, std::char_traits<char>, std::allocator<char> > const&>(cpp_dbc::MySQL::MySQLConnection*, std::__cxx11::basic_string<char, std::char_traits<char>, std::allocator<char> >&, int&, std::__cxx11::basic_string<char, std::char_traits<char>, std::allocator<char> >&, std::__cxx11::basic_string<char, std::char_traits<char>, std::allocator<char> > const&, std::__cxx11::basic_string<char, std::char_traits<char>, std::allocator<char> > const&) (stl_construct.h:97)
==268755== 
==268755== 128 bytes in 8 blocks are still reachable in loss record 1,505 of 2,004
==268755==    at 0x4848899: malloc (in /usr/libexec/valgrind/vgpreload_memcheck-amd64-linux.so)
==268755==    by 0x561679D: CRYPTO_zalloc (in /usr/lib/x86_64-linux-gnu/libcrypto.so.3)
==268755==    by 0x5619506: ??? (in /usr/lib/x86_64-linux-gnu/libcrypto.so.3)
==268755==    by 0x5615E27: ??? (in /usr/lib/x86_64-linux-gnu/libcrypto.so.3)
==268755==    by 0x5615F09: ??? (in /usr/lib/x86_64-linux-gnu/libcrypto.so.3)
==268755==    by 0x5615B8A: ??? (in /usr/lib/x86_64-linux-gnu/libcrypto.so.3)
==268755==    by 0x56F4A6B: ??? (in /usr/lib/x86_64-linux-gnu/libcrypto.so.3)
==268755==    by 0x55EC302: EVP_CIPHER_fetch (in /usr/lib/x86_64-linux-gnu/libcrypto.so.3)
==268755==    by 0x53F137A: ??? (in /usr/lib/x86_64-linux-gnu/libssl.so.3)
==268755==    by 0x53F5161: SSL_CTX_new_ex (in /usr/lib/x86_64-linux-gnu/libssl.so.3)
==268755==    by 0x48F8280: ??? (in /usr/lib/x86_64-linux-gnu/libmysqlclient.so.21.2.42)
==268755==    by 0x489A042: ??? (in /usr/lib/x86_64-linux-gnu/libmysqlclient.so.21.2.42)
==268755== 
==268755== 128 bytes in 4 blocks are possibly lost in loss record 1,506 of 2,004
==268755==    at 0x4848899: malloc (in /usr/libexec/valgrind/vgpreload_memcheck-amd64-linux.so)
==268755==    by 0x56650A3: OPENSSL_sk_dup (in /usr/lib/x86_64-linux-gnu/libcrypto.so.3)
==268755==    by 0x53F6081: SSL_new (in /usr/lib/x86_64-linux-gnu/libssl.so.3)
==268755==    by 0x48F901B: ??? (in /usr/lib/x86_64-linux-gnu/libmysqlclient.so.21.2.42)
==268755==    by 0x489A12C: ??? (in /usr/lib/x86_64-linux-gnu/libmysqlclient.so.21.2.42)
==268755==    by 0x489AD71: ??? (in /usr/lib/x86_64-linux-gnu/libmysqlclient.so.21.2.42)
==268755==    by 0x48A3273: ??? (in /usr/lib/x86_64-linux-gnu/libmysqlclient.so.21.2.42)
==268755==    by 0x489EF82: mysql_real_connect (in /usr/lib/x86_64-linux-gnu/libmysqlclient.so.21.2.42)
==268755==    by 0x1EC2E1: cpp_dbc::MySQL::MySQLConnection::MySQLConnection(std::__cxx11::basic_string<char, std::char_traits<char>, std::allocator<char> > const&, int, std::__cxx11::basic_string<char, std::char_traits<char>, std::allocator<char> > const&, std::__cxx11::basic_string<char, std::char_traits<char>, std::allocator<char> > const&, std::__cxx11::basic_string<char, std::char_traits<char>, std::allocator<char> > const&) (driver_mysql.cpp:624)
==268755==    by 0x1F6A72: decltype (::new ((void*)(0)) cpp_dbc::MySQL::MySQLConnection((declval<std::__cxx11::basic_string<char, std::char_traits<char>, std::allocator<char> >&>)(), (declval<int&>)(), (declval<std::__cxx11::basic_string<char, std::char_traits<char>, std::allocator<char> >&>)(), (declval<std::__cxx11::basic_string<char, std::char_traits<char>, std::allocator<char> > const&>)(), (declval<std::__cxx11::basic_string<char, std::char_traits<char>, std::allocator<char> > const&>)())) std::construct_at<cpp_dbc::MySQL::MySQLConnection, std::__cxx11::basic_string<char, std::char_traits<char>, std::allocator<char> >&, int&, std::__cxx11::basic_string<char, std::char_traits<char>, std::allocator<char> >&, std::__cxx11::basic_string<char, std::char_traits<char>, std::allocator<char> > const&, std::__cxx11::basic_string<char, std::char_traits<char>, std::allocator<char> > const&>(cpp_dbc::MySQL::MySQLConnection*, std::__cxx11::basic_string<char, std::char_traits<char>, std::allocator<char> >&, int&, std::__cxx11::basic_string<char, std::char_traits<char>, std::allocator<char> >&, std::__cxx11::basic_string<char, std::char_traits<char>, std::allocator<char> > const&, std::__cxx11::basic_string<char, std::char_traits<char>, std::allocator<char> > const&) (stl_construct.h:97)
==268755==    by 0x1F6B2E: void std::allocator_traits<std::allocator<cpp_dbc::MySQL::MySQLConnection> >::construct<cpp_dbc::MySQL::MySQLConnection, std::__cxx11::basic_string<char, std::char_traits<char>, std::allocator<char> >&, int&, std::__cxx11::basic_string<char, std::char_traits<char>, std::allocator<char> >&, std::__cxx11::basic_string<char, std::char_traits<char>, std::allocator<char> > const&, std::__cxx11::basic_string<char, std::char_traits<char>, std::allocator<char> > const&>(std::allocator<cpp_dbc::MySQL::MySQLConnection>&, cpp_dbc::MySQL::MySQLConnection*, std::__cxx11::basic_string<char, std::char_traits<char>, std::allocator<char> >&, int&, std::__cxx11::basic_string<char, std::char_traits<char>, std::allocator<char> >&, std::__cxx11::basic_string<char, std::char_traits<char>, std::allocator<char> > const&, std::__cxx11::basic_string<char, std::char_traits<char>, std::allocator<char> > const&) (alloc_traits.h:518)
==268755==    by 0x1F602C: std::_Sp_counted_ptr_inplace<cpp_dbc::MySQL::MySQLConnection, std::allocator<cpp_dbc::MySQL::MySQLConnection>, (__gnu_cxx::_Lock_policy)2>::_Sp_counted_ptr_inplace<std::__cxx11::basic_string<char, std::char_traits<char>, std::allocator<char> >&, int&, std::__cxx11::basic_string<char, std::char_traits<char>, std::allocator<char> >&, std::__cxx11::basic_string<char, std::char_traits<char>, std::allocator<char> > const&, std::__cxx11::basic_string<char, std::char_traits<char>, std::allocator<char> > const&>(std::allocator<cpp_dbc::MySQL::MySQLConnection>, std::__cxx11::basic_string<char, std::char_traits<char>, std::allocator<char> >&, int&, std::__cxx11::basic_string<char, std::char_traits<char>, std::allocator<char> >&, std::__cxx11::basic_string<char, std::char_traits<char>, std::allocator<char> > const&, std::__cxx11::basic_string<char, std::char_traits<char>, std::allocator<char> > const&) (shared_ptr_base.h:519)
==268755== 
==268755== 128 bytes in 4 blocks are possibly lost in loss record 1,507 of 2,004
==268755==    at 0x4848899: malloc (in /usr/libexec/valgrind/vgpreload_memcheck-amd64-linux.so)
==268755==    by 0x56650FC: OPENSSL_sk_dup (in /usr/lib/x86_64-linux-gnu/libcrypto.so.3)
==268755==    by 0x53F6081: SSL_new (in /usr/lib/x86_64-linux-gnu/libssl.so.3)
==268755==    by 0x48F901B: ??? (in /usr/lib/x86_64-linux-gnu/libmysqlclient.so.21.2.42)
==268755==    by 0x489A12C: ??? (in /usr/lib/x86_64-linux-gnu/libmysqlclient.so.21.2.42)
==268755==    by 0x489AD71: ??? (in /usr/lib/x86_64-linux-gnu/libmysqlclient.so.21.2.42)
==268755==    by 0x48A3273: ??? (in /usr/lib/x86_64-linux-gnu/libmysqlclient.so.21.2.42)
==268755==    by 0x489EF82: mysql_real_connect (in /usr/lib/x86_64-linux-gnu/libmysqlclient.so.21.2.42)
==268755==    by 0x1EC2E1: cpp_dbc::MySQL::MySQLConnection::MySQLConnection(std::__cxx11::basic_string<char, std::char_traits<char>, std::allocator<char> > const&, int, std::__cxx11::basic_string<char, std::char_traits<char>, std::allocator<char> > const&, std::__cxx11::basic_string<char, std::char_traits<char>, std::allocator<char> > const&, std::__cxx11::basic_string<char, std::char_traits<char>, std::allocator<char> > const&) (driver_mysql.cpp:624)
==268755==    by 0x1F6A72: decltype (::new ((void*)(0)) cpp_dbc::MySQL::MySQLConnection((declval<std::__cxx11::basic_string<char, std::char_traits<char>, std::allocator<char> >&>)(), (declval<int&>)(), (declval<std::__cxx11::basic_string<char, std::char_traits<char>, std::allocator<char> >&>)(), (declval<std::__cxx11::basic_string<char, std::char_traits<char>, std::allocator<char> > const&>)(), (declval<std::__cxx11::basic_string<char, std::char_traits<char>, std::allocator<char> > const&>)())) std::construct_at<cpp_dbc::MySQL::MySQLConnection, std::__cxx11::basic_string<char, std::char_traits<char>, std::allocator<char> >&, int&, std::__cxx11::basic_string<char, std::char_traits<char>, std::allocator<char> >&, std::__cxx11::basic_string<char, std::char_traits<char>, std::allocator<char> > const&, std::__cxx11::basic_string<char, std::char_traits<char>, std::allocator<char> > const&>(cpp_dbc::MySQL::MySQLConnection*, std::__cxx11::basic_string<char, std::char_traits<char>, std::allocator<char> >&, int&, std::__cxx11::basic_string<char, std::char_traits<char>, std::allocator<char> >&, std::__cxx11::basic_string<char, std::char_traits<char>, std::allocator<char> > const&, std::__cxx11::basic_string<char, std::char_traits<char>, std::allocator<char> > const&) (stl_construct.h:97)
==268755==    by 0x1F6B2E: void std::allocator_traits<std::allocator<cpp_dbc::MySQL::MySQLConnection> >::construct<cpp_dbc::MySQL::MySQLConnection, std::__cxx11::basic_string<char, std::char_traits<char>, std::allocator<char> >&, int&, std::__cxx11::basic_string<char, std::char_traits<char>, std::allocator<char> >&, std::__cxx11::basic_string<char, std::char_traits<char>, std::allocator<char> > const&, std::__cxx11::basic_string<char, std::char_traits<char>, std::allocator<char> > const&>(std::allocator<cpp_dbc::MySQL::MySQLConnection>&, cpp_dbc::MySQL::MySQLConnection*, std::__cxx11::basic_string<char, std::char_traits<char>, std::allocator<char> >&, int&, std::__cxx11::basic_string<char, std::char_traits<char>, std::allocator<char> >&, std::__cxx11::basic_string<char, std::char_traits<char>, std::allocator<char> > const&, std::__cxx11::basic_string<char, std::char_traits<char>, std::allocator<char> > const&) (alloc_traits.h:518)
==268755==    by 0x1F602C: std::_Sp_counted_ptr_inplace<cpp_dbc::MySQL::MySQLConnection, std::allocator<cpp_dbc::MySQL::MySQLConnection>, (__gnu_cxx::_Lock_policy)2>::_Sp_counted_ptr_inplace<std::__cxx11::basic_string<char, std::char_traits<char>, std::allocator<char> >&, int&, std::__cxx11::basic_string<char, std::char_traits<char>, std::allocator<char> >&, std::__cxx11::basic_string<char, std::char_traits<char>, std::allocator<char> > const&, std::__cxx11::basic_string<char, std::char_traits<char>, std::allocator<char> > const&>(std::allocator<cpp_dbc::MySQL::MySQLConnection>, std::__cxx11::basic_string<char, std::char_traits<char>, std::allocator<char> >&, int&, std::__cxx11::basic_string<char, std::char_traits<char>, std::allocator<char> >&, std::__cxx11::basic_string<char, std::char_traits<char>, std::allocator<char> > const&, std::__cxx11::basic_string<char, std::char_traits<char>, std::allocator<char> > const&) (shared_ptr_base.h:519)
==268755== 
==268755== 128 bytes in 4 blocks are possibly lost in loss record 1,508 of 2,004
==268755==    at 0x4848899: malloc (in /usr/libexec/valgrind/vgpreload_memcheck-amd64-linux.so)
==268755==    by 0x561679D: CRYPTO_zalloc (in /usr/lib/x86_64-linux-gnu/libcrypto.so.3)
==268755==    by 0x5547EDC: ??? (in /usr/lib/x86_64-linux-gnu/libcrypto.so.3)
==268755==    by 0x5548869: BN_copy (in /usr/lib/x86_64-linux-gnu/libcrypto.so.3)
==268755==    by 0x5548942: BN_MONT_CTX_copy (in /usr/lib/x86_64-linux-gnu/libcrypto.so.3)
==268755==    by 0x55A1D91: EC_GROUP_copy (in /usr/lib/x86_64-linux-gnu/libcrypto.so.3)
==268755==    by 0x55A250C: EC_GROUP_dup (in /usr/lib/x86_64-linux-gnu/libcrypto.so.3)
==268755==    by 0x55A2572: EC_KEY_set_group (in /usr/lib/x86_64-linux-gnu/libcrypto.so.3)
==268755==    by 0x56D78BC: ??? (in /usr/lib/x86_64-linux-gnu/libcrypto.so.3)
==268755==    by 0x5608028: EVP_PKEY_generate (in /usr/lib/x86_64-linux-gnu/libcrypto.so.3)
==268755==    by 0x53E1278: ??? (in /usr/lib/x86_64-linux-gnu/libssl.so.3)
==268755==    by 0x5412AC2: ??? (in /usr/lib/x86_64-linux-gnu/libssl.so.3)
==268755== 
==268755== 128 bytes in 4 blocks are possibly lost in loss record 1,509 of 2,004
==268755==    at 0x4848899: malloc (in /usr/libexec/valgrind/vgpreload_memcheck-amd64-linux.so)
==268755==    by 0x561679D: CRYPTO_zalloc (in /usr/lib/x86_64-linux-gnu/libcrypto.so.3)
==268755==    by 0x5547EDC: ??? (in /usr/lib/x86_64-linux-gnu/libcrypto.so.3)
==268755==    by 0x5548869: BN_copy (in /usr/lib/x86_64-linux-gnu/libcrypto.so.3)
==268755==    by 0x5548955: BN_MONT_CTX_copy (in /usr/lib/x86_64-linux-gnu/libcrypto.so.3)
==268755==    by 0x55A1D91: EC_GROUP_copy (in /usr/lib/x86_64-linux-gnu/libcrypto.so.3)
==268755==    by 0x55A250C: EC_GROUP_dup (in /usr/lib/x86_64-linux-gnu/libcrypto.so.3)
==268755==    by 0x55A2572: EC_KEY_set_group (in /usr/lib/x86_64-linux-gnu/libcrypto.so.3)
==268755==    by 0x56D78BC: ??? (in /usr/lib/x86_64-linux-gnu/libcrypto.so.3)
==268755==    by 0x5608028: EVP_PKEY_generate (in /usr/lib/x86_64-linux-gnu/libcrypto.so.3)
==268755==    by 0x53E1278: ??? (in /usr/lib/x86_64-linux-gnu/libssl.so.3)
==268755==    by 0x5412AC2: ??? (in /usr/lib/x86_64-linux-gnu/libssl.so.3)
==268755== 
==268755== 128 bytes in 4 blocks are possibly lost in loss record 1,510 of 2,004
==268755==    at 0x4848899: malloc (in /usr/libexec/valgrind/vgpreload_memcheck-amd64-linux.so)
==268755==    by 0x561679D: CRYPTO_zalloc (in /usr/lib/x86_64-linux-gnu/libcrypto.so.3)
==268755==    by 0x5547EDC: ??? (in /usr/lib/x86_64-linux-gnu/libcrypto.so.3)
==268755==    by 0x5548869: BN_copy (in /usr/lib/x86_64-linux-gnu/libcrypto.so.3)
==268755==    by 0x55C30BC: ??? (in /usr/lib/x86_64-linux-gnu/libcrypto.so.3)
==268755==    by 0x55A1DBA: EC_GROUP_copy (in /usr/lib/x86_64-linux-gnu/libcrypto.so.3)
==268755==    by 0x55A250C: EC_GROUP_dup (in /usr/lib/x86_64-linux-gnu/libcrypto.so.3)
==268755==    by 0x55A2572: EC_KEY_set_group (in /usr/lib/x86_64-linux-gnu/libcrypto.so.3)
==268755==    by 0x56D78BC: ??? (in /usr/lib/x86_64-linux-gnu/libcrypto.so.3)
==268755==    by 0x5608028: EVP_PKEY_generate (in /usr/lib/x86_64-linux-gnu/libcrypto.so.3)
==268755==    by 0x53E1278: ??? (in /usr/lib/x86_64-linux-gnu/libssl.so.3)
==268755==    by 0x5412AC2: ??? (in /usr/lib/x86_64-linux-gnu/libssl.so.3)
==268755== 
==268755== 128 bytes in 4 blocks are possibly lost in loss record 1,511 of 2,004
==268755==    at 0x4848899: malloc (in /usr/libexec/valgrind/vgpreload_memcheck-amd64-linux.so)
==268755==    by 0x561679D: CRYPTO_zalloc (in /usr/lib/x86_64-linux-gnu/libcrypto.so.3)
==268755==    by 0x5547EDC: ??? (in /usr/lib/x86_64-linux-gnu/libcrypto.so.3)
==268755==    by 0x5548869: BN_copy (in /usr/lib/x86_64-linux-gnu/libcrypto.so.3)
==268755==    by 0x55C30CE: ??? (in /usr/lib/x86_64-linux-gnu/libcrypto.so.3)
==268755==    by 0x55A1DBA: EC_GROUP_copy (in /usr/lib/x86_64-linux-gnu/libcrypto.so.3)
==268755==    by 0x55A250C: EC_GROUP_dup (in /usr/lib/x86_64-linux-gnu/libcrypto.so.3)
==268755==    by 0x55A2572: EC_KEY_set_group (in /usr/lib/x86_64-linux-gnu/libcrypto.so.3)
==268755==    by 0x56D78BC: ??? (in /usr/lib/x86_64-linux-gnu/libcrypto.so.3)
==268755==    by 0x5608028: EVP_PKEY_generate (in /usr/lib/x86_64-linux-gnu/libcrypto.so.3)
==268755==    by 0x53E1278: ??? (in /usr/lib/x86_64-linux-gnu/libssl.so.3)
==268755==    by 0x5412AC2: ??? (in /usr/lib/x86_64-linux-gnu/libssl.so.3)
==268755== 
==268755== 128 bytes in 4 blocks are possibly lost in loss record 1,512 of 2,004
==268755==    at 0x4848899: malloc (in /usr/libexec/valgrind/vgpreload_memcheck-amd64-linux.so)
==268755==    by 0x561679D: CRYPTO_zalloc (in /usr/lib/x86_64-linux-gnu/libcrypto.so.3)
==268755==    by 0x5547EDC: ??? (in /usr/lib/x86_64-linux-gnu/libcrypto.so.3)
==268755==    by 0x5548869: BN_copy (in /usr/lib/x86_64-linux-gnu/libcrypto.so.3)
==268755==    by 0x55C30E0: ??? (in /usr/lib/x86_64-linux-gnu/libcrypto.so.3)
==268755==    by 0x55A1DBA: EC_GROUP_copy (in /usr/lib/x86_64-linux-gnu/libcrypto.so.3)
==268755==    by 0x55A250C: EC_GROUP_dup (in /usr/lib/x86_64-linux-gnu/libcrypto.so.3)
==268755==    by 0x55A2572: EC_KEY_set_group (in /usr/lib/x86_64-linux-gnu/libcrypto.so.3)
==268755==    by 0x56D78BC: ??? (in /usr/lib/x86_64-linux-gnu/libcrypto.so.3)
==268755==    by 0x5608028: EVP_PKEY_generate (in /usr/lib/x86_64-linux-gnu/libcrypto.so.3)
==268755==    by 0x53E1278: ??? (in /usr/lib/x86_64-linux-gnu/libssl.so.3)
==268755==    by 0x5412AC2: ??? (in /usr/lib/x86_64-linux-gnu/libssl.so.3)
==268755== 
==268755== 128 bytes in 4 blocks are possibly lost in loss record 1,513 of 2,004
==268755==    at 0x4848899: malloc (in /usr/libexec/valgrind/vgpreload_memcheck-amd64-linux.so)
==268755==    by 0x561679D: CRYPTO_zalloc (in /usr/lib/x86_64-linux-gnu/libcrypto.so.3)
==268755==    by 0x5547EDC: ??? (in /usr/lib/x86_64-linux-gnu/libcrypto.so.3)
==268755==    by 0x5548869: BN_copy (in /usr/lib/x86_64-linux-gnu/libcrypto.so.3)
==268755==    by 0x55A1EED: EC_GROUP_copy (in /usr/lib/x86_64-linux-gnu/libcrypto.so.3)
==268755==    by 0x55A250C: EC_GROUP_dup (in /usr/lib/x86_64-linux-gnu/libcrypto.so.3)
==268755==    by 0x55A2572: EC_KEY_set_group (in /usr/lib/x86_64-linux-gnu/libcrypto.so.3)
==268755==    by 0x56D78BC: ??? (in /usr/lib/x86_64-linux-gnu/libcrypto.so.3)
==268755==    by 0x5608028: EVP_PKEY_generate (in /usr/lib/x86_64-linux-gnu/libcrypto.so.3)
==268755==    by 0x53E1278: ??? (in /usr/lib/x86_64-linux-gnu/libssl.so.3)
==268755==    by 0x5412AC2: ??? (in /usr/lib/x86_64-linux-gnu/libssl.so.3)
==268755==    by 0x5415B60: ??? (in /usr/lib/x86_64-linux-gnu/libssl.so.3)
==268755== 
==268755== 128 bytes in 4 blocks are possibly lost in loss record 1,514 of 2,004
==268755==    at 0x4848899: malloc (in /usr/libexec/valgrind/vgpreload_memcheck-amd64-linux.so)
==268755==    by 0x561679D: CRYPTO_zalloc (in /usr/lib/x86_64-linux-gnu/libcrypto.so.3)
==268755==    by 0x5547EDC: ??? (in /usr/lib/x86_64-linux-gnu/libcrypto.so.3)
==268755==    by 0x5548869: BN_copy (in /usr/lib/x86_64-linux-gnu/libcrypto.so.3)
==268755==    by 0x55C304C: ??? (in /usr/lib/x86_64-linux-gnu/libcrypto.so.3)
==268755==    by 0x55AFFE2: ??? (in /usr/lib/x86_64-linux-gnu/libcrypto.so.3)
==268755==    by 0x55A250C: EC_GROUP_dup (in /usr/lib/x86_64-linux-gnu/libcrypto.so.3)
==268755==    by 0x55A2572: EC_KEY_set_group (in /usr/lib/x86_64-linux-gnu/libcrypto.so.3)
==268755==    by 0x56D78BC: ??? (in /usr/lib/x86_64-linux-gnu/libcrypto.so.3)
==268755==    by 0x5608028: EVP_PKEY_generate (in /usr/lib/x86_64-linux-gnu/libcrypto.so.3)
==268755==    by 0x53E1278: ??? (in /usr/lib/x86_64-linux-gnu/libssl.so.3)
==268755==    by 0x5412AC2: ??? (in /usr/lib/x86_64-linux-gnu/libssl.so.3)
==268755== 
==268755== 128 bytes in 4 blocks are possibly lost in loss record 1,515 of 2,004
==268755==    at 0x4848899: malloc (in /usr/libexec/valgrind/vgpreload_memcheck-amd64-linux.so)
==268755==    by 0x561679D: CRYPTO_zalloc (in /usr/lib/x86_64-linux-gnu/libcrypto.so.3)
==268755==    by 0x5547EDC: ??? (in /usr/lib/x86_64-linux-gnu/libcrypto.so.3)
==268755==    by 0x5548869: BN_copy (in /usr/lib/x86_64-linux-gnu/libcrypto.so.3)
==268755==    by 0x55C305E: ??? (in /usr/lib/x86_64-linux-gnu/libcrypto.so.3)
==268755==    by 0x55AFFE2: ??? (in /usr/lib/x86_64-linux-gnu/libcrypto.so.3)
==268755==    by 0x55A250C: EC_GROUP_dup (in /usr/lib/x86_64-linux-gnu/libcrypto.so.3)
==268755==    by 0x55A2572: EC_KEY_set_group (in /usr/lib/x86_64-linux-gnu/libcrypto.so.3)
==268755==    by 0x56D78BC: ??? (in /usr/lib/x86_64-linux-gnu/libcrypto.so.3)
==268755==    by 0x5608028: EVP_PKEY_generate (in /usr/lib/x86_64-linux-gnu/libcrypto.so.3)
==268755==    by 0x53E1278: ??? (in /usr/lib/x86_64-linux-gnu/libssl.so.3)
==268755==    by 0x5412AC2: ??? (in /usr/lib/x86_64-linux-gnu/libssl.so.3)
==268755== 
==268755== 128 bytes in 4 blocks are possibly lost in loss record 1,516 of 2,004
==268755==    at 0x4848899: malloc (in /usr/libexec/valgrind/vgpreload_memcheck-amd64-linux.so)
==268755==    by 0x561679D: CRYPTO_zalloc (in /usr/lib/x86_64-linux-gnu/libcrypto.so.3)
==268755==    by 0x5547EDC: ??? (in /usr/lib/x86_64-linux-gnu/libcrypto.so.3)
==268755==    by 0x5548869: BN_copy (in /usr/lib/x86_64-linux-gnu/libcrypto.so.3)
==268755==    by 0x55C3070: ??? (in /usr/lib/x86_64-linux-gnu/libcrypto.so.3)
==268755==    by 0x55AFFE2: ??? (in /usr/lib/x86_64-linux-gnu/libcrypto.so.3)
==268755==    by 0x55A250C: EC_GROUP_dup (in /usr/lib/x86_64-linux-gnu/libcrypto.so.3)
==268755==    by 0x55A2572: EC_KEY_set_group (in /usr/lib/x86_64-linux-gnu/libcrypto.so.3)
==268755==    by 0x56D78BC: ??? (in /usr/lib/x86_64-linux-gnu/libcrypto.so.3)
==268755==    by 0x5608028: EVP_PKEY_generate (in /usr/lib/x86_64-linux-gnu/libcrypto.so.3)
==268755==    by 0x53E1278: ??? (in /usr/lib/x86_64-linux-gnu/libssl.so.3)
==268755==    by 0x5412AC2: ??? (in /usr/lib/x86_64-linux-gnu/libssl.so.3)
==268755== 
==268755== 128 bytes in 4 blocks are possibly lost in loss record 1,517 of 2,004
==268755==    at 0x4848899: malloc (in /usr/libexec/valgrind/vgpreload_memcheck-amd64-linux.so)
==268755==    by 0x561679D: CRYPTO_zalloc (in /usr/lib/x86_64-linux-gnu/libcrypto.so.3)
==268755==    by 0x5547EDC: ??? (in /usr/lib/x86_64-linux-gnu/libcrypto.so.3)
==268755==    by 0x5548869: BN_copy (in /usr/lib/x86_64-linux-gnu/libcrypto.so.3)
==268755==    by 0x5548942: BN_MONT_CTX_copy (in /usr/lib/x86_64-linux-gnu/libcrypto.so.3)
==268755==    by 0x55B0007: ??? (in /usr/lib/x86_64-linux-gnu/libcrypto.so.3)
==268755==    by 0x55A250C: EC_GROUP_dup (in /usr/lib/x86_64-linux-gnu/libcrypto.so.3)
==268755==    by 0x55A2572: EC_KEY_set_group (in /usr/lib/x86_64-linux-gnu/libcrypto.so.3)
==268755==    by 0x56D78BC: ??? (in /usr/lib/x86_64-linux-gnu/libcrypto.so.3)
==268755==    by 0x5608028: EVP_PKEY_generate (in /usr/lib/x86_64-linux-gnu/libcrypto.so.3)
==268755==    by 0x53E1278: ??? (in /usr/lib/x86_64-linux-gnu/libssl.so.3)
==268755==    by 0x5412AC2: ??? (in /usr/lib/x86_64-linux-gnu/libssl.so.3)
==268755== 
==268755== 128 bytes in 4 blocks are possibly lost in loss record 1,518 of 2,004
==268755==    at 0x4848899: malloc (in /usr/libexec/valgrind/vgpreload_memcheck-amd64-linux.so)
==268755==    by 0x561679D: CRYPTO_zalloc (in /usr/lib/x86_64-linux-gnu/libcrypto.so.3)
==268755==    by 0x5547EDC: ??? (in /usr/lib/x86_64-linux-gnu/libcrypto.so.3)
==268755==    by 0x5548869: BN_copy (in /usr/lib/x86_64-linux-gnu/libcrypto.so.3)
==268755==    by 0x5548955: BN_MONT_CTX_copy (in /usr/lib/x86_64-linux-gnu/libcrypto.so.3)
==268755==    by 0x55B0007: ??? (in /usr/lib/x86_64-linux-gnu/libcrypto.so.3)
==268755==    by 0x55A250C: EC_GROUP_dup (in /usr/lib/x86_64-linux-gnu/libcrypto.so.3)
==268755==    by 0x55A2572: EC_KEY_set_group (in /usr/lib/x86_64-linux-gnu/libcrypto.so.3)
==268755==    by 0x56D78BC: ??? (in /usr/lib/x86_64-linux-gnu/libcrypto.so.3)
==268755==    by 0x5608028: EVP_PKEY_generate (in /usr/lib/x86_64-linux-gnu/libcrypto.so.3)
==268755==    by 0x53E1278: ??? (in /usr/lib/x86_64-linux-gnu/libssl.so.3)
==268755==    by 0x5412AC2: ??? (in /usr/lib/x86_64-linux-gnu/libssl.so.3)
==268755== 
==268755== 128 bytes in 4 blocks are possibly lost in loss record 1,519 of 2,004
==268755==    at 0x4848899: malloc (in /usr/libexec/valgrind/vgpreload_memcheck-amd64-linux.so)
==268755==    by 0x561679D: CRYPTO_zalloc (in /usr/lib/x86_64-linux-gnu/libcrypto.so.3)
==268755==    by 0x5547EDC: ??? (in /usr/lib/x86_64-linux-gnu/libcrypto.so.3)
==268755==    by 0x5548869: BN_copy (in /usr/lib/x86_64-linux-gnu/libcrypto.so.3)
==268755==    by 0x55488D8: BN_dup (in /usr/lib/x86_64-linux-gnu/libcrypto.so.3)
==268755==    by 0x55B001D: ??? (in /usr/lib/x86_64-linux-gnu/libcrypto.so.3)
==268755==    by 0x55A250C: EC_GROUP_dup (in /usr/lib/x86_64-linux-gnu/libcrypto.so.3)
==268755==    by 0x55A2572: EC_KEY_set_group (in /usr/lib/x86_64-linux-gnu/libcrypto.so.3)
==268755==    by 0x56D78BC: ??? (in /usr/lib/x86_64-linux-gnu/libcrypto.so.3)
==268755==    by 0x5608028: EVP_PKEY_generate (in /usr/lib/x86_64-linux-gnu/libcrypto.so.3)
==268755==    by 0x53E1278: ??? (in /usr/lib/x86_64-linux-gnu/libssl.so.3)
==268755==    by 0x5412AC2: ??? (in /usr/lib/x86_64-linux-gnu/libssl.so.3)
==268755== 
==268755== 128 bytes in 4 blocks are possibly lost in loss record 1,520 of 2,004
==268755==    at 0x4848899: malloc (in /usr/libexec/valgrind/vgpreload_memcheck-amd64-linux.so)
==268755==    by 0x561679D: CRYPTO_zalloc (in /usr/lib/x86_64-linux-gnu/libcrypto.so.3)
==268755==    by 0x5547F23: ??? (in /usr/lib/x86_64-linux-gnu/libcrypto.so.3)
==268755==    by 0x5548B7F: BN_bin2bn (in /usr/lib/x86_64-linux-gnu/libcrypto.so.3)
==268755==    by 0x5556334: ??? (in /usr/lib/x86_64-linux-gnu/libcrypto.so.3)
==268755==    by 0x55567AE: ??? (in /usr/lib/x86_64-linux-gnu/libcrypto.so.3)
==268755==    by 0x55A4E4F: ??? (in /usr/lib/x86_64-linux-gnu/libcrypto.so.3)
==268755==    by 0x559BAC4: ??? (in /usr/lib/x86_64-linux-gnu/libcrypto.so.3)
==268755==    by 0x559C3D1: EC_KEY_generate_key (in /usr/lib/x86_64-linux-gnu/libcrypto.so.3)
==268755==    by 0x56D78D2: ??? (in /usr/lib/x86_64-linux-gnu/libcrypto.so.3)
==268755==    by 0x5608028: EVP_PKEY_generate (in /usr/lib/x86_64-linux-gnu/libcrypto.so.3)
==268755==    by 0x53E1278: ??? (in /usr/lib/x86_64-linux-gnu/libssl.so.3)
==268755== 
==268755== 128 bytes in 4 blocks are possibly lost in loss record 1,521 of 2,004
==268755==    at 0x4848899: malloc (in /usr/libexec/valgrind/vgpreload_memcheck-amd64-linux.so)
==268755==    by 0x561679D: CRYPTO_zalloc (in /usr/lib/x86_64-linux-gnu/libcrypto.so.3)
==268755==    by 0x5547EDC: ??? (in /usr/lib/x86_64-linux-gnu/libcrypto.so.3)
==268755==    by 0x56F8C2E: ??? (in /usr/lib/x86_64-linux-gnu/libcrypto.so.3)
==268755==    by 0x55C17ED: ??? (in /usr/lib/x86_64-linux-gnu/libcrypto.so.3)
==268755==    by 0x55A4A08: EC_POINT_mul (in /usr/lib/x86_64-linux-gnu/libcrypto.so.3)
==268755==    by 0x55A4F1E: ??? (in /usr/lib/x86_64-linux-gnu/libcrypto.so.3)
==268755==    by 0x559BAC4: ??? (in /usr/lib/x86_64-linux-gnu/libcrypto.so.3)
==268755==    by 0x559C3D1: EC_KEY_generate_key (in /usr/lib/x86_64-linux-gnu/libcrypto.so.3)
==268755==    by 0x56D78D2: ??? (in /usr/lib/x86_64-linux-gnu/libcrypto.so.3)
==268755==    by 0x5608028: EVP_PKEY_generate (in /usr/lib/x86_64-linux-gnu/libcrypto.so.3)
==268755==    by 0x53E1278: ??? (in /usr/lib/x86_64-linux-gnu/libssl.so.3)
==268755== 
==268755== 128 bytes in 4 blocks are possibly lost in loss record 1,522 of 2,004
==268755==    at 0x4848899: malloc (in /usr/libexec/valgrind/vgpreload_memcheck-amd64-linux.so)
==268755==    by 0x561679D: CRYPTO_zalloc (in /usr/lib/x86_64-linux-gnu/libcrypto.so.3)
==268755==    by 0x5547EDC: ??? (in /usr/lib/x86_64-linux-gnu/libcrypto.so.3)
==268755==    by 0x56F8C2E: ??? (in /usr/lib/x86_64-linux-gnu/libcrypto.so.3)
==268755==    by 0x55C1809: ??? (in /usr/lib/x86_64-linux-gnu/libcrypto.so.3)
==268755==    by 0x55A4A08: EC_POINT_mul (in /usr/lib/x86_64-linux-gnu/libcrypto.so.3)
==268755==    by 0x55A4F1E: ??? (in /usr/lib/x86_64-linux-gnu/libcrypto.so.3)
==268755==    by 0x559BAC4: ??? (in /usr/lib/x86_64-linux-gnu/libcrypto.so.3)
==268755==    by 0x559C3D1: EC_KEY_generate_key (in /usr/lib/x86_64-linux-gnu/libcrypto.so.3)
==268755==    by 0x56D78D2: ??? (in /usr/lib/x86_64-linux-gnu/libcrypto.so.3)
==268755==    by 0x5608028: EVP_PKEY_generate (in /usr/lib/x86_64-linux-gnu/libcrypto.so.3)
==268755==    by 0x53E1278: ??? (in /usr/lib/x86_64-linux-gnu/libssl.so.3)
==268755== 
==268755== 128 bytes in 4 blocks are possibly lost in loss record 1,523 of 2,004
==268755==    at 0x4848899: malloc (in /usr/libexec/valgrind/vgpreload_memcheck-amd64-linux.so)
==268755==    by 0x561679D: CRYPTO_zalloc (in /usr/lib/x86_64-linux-gnu/libcrypto.so.3)
==268755==    by 0x5547EDC: ??? (in /usr/lib/x86_64-linux-gnu/libcrypto.so.3)
==268755==    by 0x56F8C2E: ??? (in /usr/lib/x86_64-linux-gnu/libcrypto.so.3)
==268755==    by 0x55C1825: ??? (in /usr/lib/x86_64-linux-gnu/libcrypto.so.3)
==268755==    by 0x55A4A08: EC_POINT_mul (in /usr/lib/x86_64-linux-gnu/libcrypto.so.3)
==268755==    by 0x55A4F1E: ??? (in /usr/lib/x86_64-linux-gnu/libcrypto.so.3)
==268755==    by 0x559BAC4: ??? (in /usr/lib/x86_64-linux-gnu/libcrypto.so.3)
==268755==    by 0x559C3D1: EC_KEY_generate_key (in /usr/lib/x86_64-linux-gnu/libcrypto.so.3)
==268755==    by 0x56D78D2: ??? (in /usr/lib/x86_64-linux-gnu/libcrypto.so.3)
==268755==    by 0x5608028: EVP_PKEY_generate (in /usr/lib/x86_64-linux-gnu/libcrypto.so.3)
==268755==    by 0x53E1278: ??? (in /usr/lib/x86_64-linux-gnu/libssl.so.3)
==268755== 
==268755== 128 bytes in 4 blocks are possibly lost in loss record 1,524 of 2,004
==268755==    at 0x4848899: malloc (in /usr/libexec/valgrind/vgpreload_memcheck-amd64-linux.so)
==268755==    by 0x561679D: CRYPTO_zalloc (in /usr/lib/x86_64-linux-gnu/libcrypto.so.3)
==268755==    by 0x5547EDC: ??? (in /usr/lib/x86_64-linux-gnu/libcrypto.so.3)
==268755==    by 0x5548869: BN_copy (in /usr/lib/x86_64-linux-gnu/libcrypto.so.3)
==268755==    by 0x5548942: BN_MONT_CTX_copy (in /usr/lib/x86_64-linux-gnu/libcrypto.so.3)
==268755==    by 0x55A1D91: EC_GROUP_copy (in /usr/lib/x86_64-linux-gnu/libcrypto.so.3)
==268755==    by 0x55A21F5: ??? (in /usr/lib/x86_64-linux-gnu/libcrypto.so.3)
==268755==    by 0x55FD533: ??? (in /usr/lib/x86_64-linux-gnu/libcrypto.so.3)
==268755==    by 0x5608C3F: EVP_PKEY_copy_parameters (in /usr/lib/x86_64-linux-gnu/libcrypto.so.3)
==268755==    by 0x5414439: ??? (in /usr/lib/x86_64-linux-gnu/libssl.so.3)
==268755==    by 0x5408838: ??? (in /usr/lib/x86_64-linux-gnu/libssl.so.3)
==268755==    by 0x541C24A: ??? (in /usr/lib/x86_64-linux-gnu/libssl.so.3)
==268755== 
==268755== 128 bytes in 4 blocks are possibly lost in loss record 1,525 of 2,004
==268755==    at 0x4848899: malloc (in /usr/libexec/valgrind/vgpreload_memcheck-amd64-linux.so)
==268755==    by 0x561679D: CRYPTO_zalloc (in /usr/lib/x86_64-linux-gnu/libcrypto.so.3)
==268755==    by 0x5547EDC: ??? (in /usr/lib/x86_64-linux-gnu/libcrypto.so.3)
==268755==    by 0x5548869: BN_copy (in /usr/lib/x86_64-linux-gnu/libcrypto.so.3)
==268755==    by 0x5548955: BN_MONT_CTX_copy (in /usr/lib/x86_64-linux-gnu/libcrypto.so.3)
==268755==    by 0x55A1D91: EC_GROUP_copy (in /usr/lib/x86_64-linux-gnu/libcrypto.so.3)
==268755==    by 0x55A21F5: ??? (in /usr/lib/x86_64-linux-gnu/libcrypto.so.3)
==268755==    by 0x55FD533: ??? (in /usr/lib/x86_64-linux-gnu/libcrypto.so.3)
==268755==    by 0x5608C3F: EVP_PKEY_copy_parameters (in /usr/lib/x86_64-linux-gnu/libcrypto.so.3)
==268755==    by 0x5414439: ??? (in /usr/lib/x86_64-linux-gnu/libssl.so.3)
==268755==    by 0x5408838: ??? (in /usr/lib/x86_64-linux-gnu/libssl.so.3)
==268755==    by 0x541C24A: ??? (in /usr/lib/x86_64-linux-gnu/libssl.so.3)
==268755== 
==268755== 128 bytes in 4 blocks are possibly lost in loss record 1,526 of 2,004
==268755==    at 0x4848899: malloc (in /usr/libexec/valgrind/vgpreload_memcheck-amd64-linux.so)
==268755==    by 0x561679D: CRYPTO_zalloc (in /usr/lib/x86_64-linux-gnu/libcrypto.so.3)
==268755==    by 0x5547EDC: ??? (in /usr/lib/x86_64-linux-gnu/libcrypto.so.3)
==268755==    by 0x5548869: BN_copy (in /usr/lib/x86_64-linux-gnu/libcrypto.so.3)
==268755==    by 0x55C30BC: ??? (in /usr/lib/x86_64-linux-gnu/libcrypto.so.3)
==268755==    by 0x55A1DBA: EC_GROUP_copy (in /usr/lib/x86_64-linux-gnu/libcrypto.so.3)
==268755==    by 0x55A21F5: ??? (in /usr/lib/x86_64-linux-gnu/libcrypto.so.3)
==268755==    by 0x55FD533: ??? (in /usr/lib/x86_64-linux-gnu/libcrypto.so.3)
==268755==    by 0x5608C3F: EVP_PKEY_copy_parameters (in /usr/lib/x86_64-linux-gnu/libcrypto.so.3)
==268755==    by 0x5414439: ??? (in /usr/lib/x86_64-linux-gnu/libssl.so.3)
==268755==    by 0x5408838: ??? (in /usr/lib/x86_64-linux-gnu/libssl.so.3)
==268755==    by 0x541C24A: ??? (in /usr/lib/x86_64-linux-gnu/libssl.so.3)
==268755== 
==268755== 128 bytes in 4 blocks are possibly lost in loss record 1,527 of 2,004
==268755==    at 0x4848899: malloc (in /usr/libexec/valgrind/vgpreload_memcheck-amd64-linux.so)
==268755==    by 0x561679D: CRYPTO_zalloc (in /usr/lib/x86_64-linux-gnu/libcrypto.so.3)
==268755==    by 0x5547EDC: ??? (in /usr/lib/x86_64-linux-gnu/libcrypto.so.3)
==268755==    by 0x5548869: BN_copy (in /usr/lib/x86_64-linux-gnu/libcrypto.so.3)
==268755==    by 0x55C30CE: ??? (in /usr/lib/x86_64-linux-gnu/libcrypto.so.3)
==268755==    by 0x55A1DBA: EC_GROUP_copy (in /usr/lib/x86_64-linux-gnu/libcrypto.so.3)
==268755==    by 0x55A21F5: ??? (in /usr/lib/x86_64-linux-gnu/libcrypto.so.3)
==268755==    by 0x55FD533: ??? (in /usr/lib/x86_64-linux-gnu/libcrypto.so.3)
==268755==    by 0x5608C3F: EVP_PKEY_copy_parameters (in /usr/lib/x86_64-linux-gnu/libcrypto.so.3)
==268755==    by 0x5414439: ??? (in /usr/lib/x86_64-linux-gnu/libssl.so.3)
==268755==    by 0x5408838: ??? (in /usr/lib/x86_64-linux-gnu/libssl.so.3)
==268755==    by 0x541C24A: ??? (in /usr/lib/x86_64-linux-gnu/libssl.so.3)
==268755== 
==268755== 128 bytes in 4 blocks are possibly lost in loss record 1,528 of 2,004
==268755==    at 0x4848899: malloc (in /usr/libexec/valgrind/vgpreload_memcheck-amd64-linux.so)
==268755==    by 0x561679D: CRYPTO_zalloc (in /usr/lib/x86_64-linux-gnu/libcrypto.so.3)
==268755==    by 0x5547EDC: ??? (in /usr/lib/x86_64-linux-gnu/libcrypto.so.3)
==268755==    by 0x5548869: BN_copy (in /usr/lib/x86_64-linux-gnu/libcrypto.so.3)
==268755==    by 0x55C30E0: ??? (in /usr/lib/x86_64-linux-gnu/libcrypto.so.3)
==268755==    by 0x55A1DBA: EC_GROUP_copy (in /usr/lib/x86_64-linux-gnu/libcrypto.so.3)
==268755==    by 0x55A21F5: ??? (in /usr/lib/x86_64-linux-gnu/libcrypto.so.3)
==268755==    by 0x55FD533: ??? (in /usr/lib/x86_64-linux-gnu/libcrypto.so.3)
==268755==    by 0x5608C3F: EVP_PKEY_copy_parameters (in /usr/lib/x86_64-linux-gnu/libcrypto.so.3)
==268755==    by 0x5414439: ??? (in /usr/lib/x86_64-linux-gnu/libssl.so.3)
==268755==    by 0x5408838: ??? (in /usr/lib/x86_64-linux-gnu/libssl.so.3)
==268755==    by 0x541C24A: ??? (in /usr/lib/x86_64-linux-gnu/libssl.so.3)
==268755== 
==268755== 128 bytes in 4 blocks are possibly lost in loss record 1,529 of 2,004
==268755==    at 0x4848899: malloc (in /usr/libexec/valgrind/vgpreload_memcheck-amd64-linux.so)
==268755==    by 0x561679D: CRYPTO_zalloc (in /usr/lib/x86_64-linux-gnu/libcrypto.so.3)
==268755==    by 0x5547EDC: ??? (in /usr/lib/x86_64-linux-gnu/libcrypto.so.3)
==268755==    by 0x5548869: BN_copy (in /usr/lib/x86_64-linux-gnu/libcrypto.so.3)
==268755==    by 0x55A1EED: EC_GROUP_copy (in /usr/lib/x86_64-linux-gnu/libcrypto.so.3)
==268755==    by 0x55A21F5: ??? (in /usr/lib/x86_64-linux-gnu/libcrypto.so.3)
==268755==    by 0x55FD533: ??? (in /usr/lib/x86_64-linux-gnu/libcrypto.so.3)
==268755==    by 0x5608C3F: EVP_PKEY_copy_parameters (in /usr/lib/x86_64-linux-gnu/libcrypto.so.3)
==268755==    by 0x5414439: ??? (in /usr/lib/x86_64-linux-gnu/libssl.so.3)
==268755==    by 0x5408838: ??? (in /usr/lib/x86_64-linux-gnu/libssl.so.3)
==268755==    by 0x541C24A: ??? (in /usr/lib/x86_64-linux-gnu/libssl.so.3)
==268755==    by 0x541EA94: ??? (in /usr/lib/x86_64-linux-gnu/libssl.so.3)
==268755== 
==268755== 128 bytes in 4 blocks are possibly lost in loss record 1,530 of 2,004
==268755==    at 0x4848899: malloc (in /usr/libexec/valgrind/vgpreload_memcheck-amd64-linux.so)
==268755==    by 0x561679D: CRYPTO_zalloc (in /usr/lib/x86_64-linux-gnu/libcrypto.so.3)
==268755==    by 0x5547EDC: ??? (in /usr/lib/x86_64-linux-gnu/libcrypto.so.3)
==268755==    by 0x5548869: BN_copy (in /usr/lib/x86_64-linux-gnu/libcrypto.so.3)
==268755==    by 0x55C304C: ??? (in /usr/lib/x86_64-linux-gnu/libcrypto.so.3)
==268755==    by 0x55AFFE2: ??? (in /usr/lib/x86_64-linux-gnu/libcrypto.so.3)
==268755==    by 0x55A21F5: ??? (in /usr/lib/x86_64-linux-gnu/libcrypto.so.3)
==268755==    by 0x55FD533: ??? (in /usr/lib/x86_64-linux-gnu/libcrypto.so.3)
==268755==    by 0x5608C3F: EVP_PKEY_copy_parameters (in /usr/lib/x86_64-linux-gnu/libcrypto.so.3)
==268755==    by 0x5414439: ??? (in /usr/lib/x86_64-linux-gnu/libssl.so.3)
==268755==    by 0x5408838: ??? (in /usr/lib/x86_64-linux-gnu/libssl.so.3)
==268755==    by 0x541C24A: ??? (in /usr/lib/x86_64-linux-gnu/libssl.so.3)
==268755== 
==268755== 128 bytes in 4 blocks are possibly lost in loss record 1,531 of 2,004
==268755==    at 0x4848899: malloc (in /usr/libexec/valgrind/vgpreload_memcheck-amd64-linux.so)
==268755==    by 0x561679D: CRYPTO_zalloc (in /usr/lib/x86_64-linux-gnu/libcrypto.so.3)
==268755==    by 0x5547EDC: ??? (in /usr/lib/x86_64-linux-gnu/libcrypto.so.3)
==268755==    by 0x5548869: BN_copy (in /usr/lib/x86_64-linux-gnu/libcrypto.so.3)
==268755==    by 0x55C305E: ??? (in /usr/lib/x86_64-linux-gnu/libcrypto.so.3)
==268755==    by 0x55AFFE2: ??? (in /usr/lib/x86_64-linux-gnu/libcrypto.so.3)
==268755==    by 0x55A21F5: ??? (in /usr/lib/x86_64-linux-gnu/libcrypto.so.3)
==268755==    by 0x55FD533: ??? (in /usr/lib/x86_64-linux-gnu/libcrypto.so.3)
==268755==    by 0x5608C3F: EVP_PKEY_copy_parameters (in /usr/lib/x86_64-linux-gnu/libcrypto.so.3)
==268755==    by 0x5414439: ??? (in /usr/lib/x86_64-linux-gnu/libssl.so.3)
==268755==    by 0x5408838: ??? (in /usr/lib/x86_64-linux-gnu/libssl.so.3)
==268755==    by 0x541C24A: ??? (in /usr/lib/x86_64-linux-gnu/libssl.so.3)
==268755== 
==268755== 128 bytes in 4 blocks are possibly lost in loss record 1,532 of 2,004
==268755==    at 0x4848899: malloc (in /usr/libexec/valgrind/vgpreload_memcheck-amd64-linux.so)
==268755==    by 0x561679D: CRYPTO_zalloc (in /usr/lib/x86_64-linux-gnu/libcrypto.so.3)
==268755==    by 0x5547EDC: ??? (in /usr/lib/x86_64-linux-gnu/libcrypto.so.3)
==268755==    by 0x5548869: BN_copy (in /usr/lib/x86_64-linux-gnu/libcrypto.so.3)
==268755==    by 0x55C3070: ??? (in /usr/lib/x86_64-linux-gnu/libcrypto.so.3)
==268755==    by 0x55AFFE2: ??? (in /usr/lib/x86_64-linux-gnu/libcrypto.so.3)
==268755==    by 0x55A21F5: ??? (in /usr/lib/x86_64-linux-gnu/libcrypto.so.3)
==268755==    by 0x55FD533: ??? (in /usr/lib/x86_64-linux-gnu/libcrypto.so.3)
==268755==    by 0x5608C3F: EVP_PKEY_copy_parameters (in /usr/lib/x86_64-linux-gnu/libcrypto.so.3)
==268755==    by 0x5414439: ??? (in /usr/lib/x86_64-linux-gnu/libssl.so.3)
==268755==    by 0x5408838: ??? (in /usr/lib/x86_64-linux-gnu/libssl.so.3)
==268755==    by 0x541C24A: ??? (in /usr/lib/x86_64-linux-gnu/libssl.so.3)
==268755== 
==268755== 128 bytes in 4 blocks are possibly lost in loss record 1,533 of 2,004
==268755==    at 0x4848899: malloc (in /usr/libexec/valgrind/vgpreload_memcheck-amd64-linux.so)
==268755==    by 0x561679D: CRYPTO_zalloc (in /usr/lib/x86_64-linux-gnu/libcrypto.so.3)
==268755==    by 0x5547EDC: ??? (in /usr/lib/x86_64-linux-gnu/libcrypto.so.3)
==268755==    by 0x5548869: BN_copy (in /usr/lib/x86_64-linux-gnu/libcrypto.so.3)
==268755==    by 0x5548942: BN_MONT_CTX_copy (in /usr/lib/x86_64-linux-gnu/libcrypto.so.3)
==268755==    by 0x55B0007: ??? (in /usr/lib/x86_64-linux-gnu/libcrypto.so.3)
==268755==    by 0x55A21F5: ??? (in /usr/lib/x86_64-linux-gnu/libcrypto.so.3)
==268755==    by 0x55FD533: ??? (in /usr/lib/x86_64-linux-gnu/libcrypto.so.3)
==268755==    by 0x5608C3F: EVP_PKEY_copy_parameters (in /usr/lib/x86_64-linux-gnu/libcrypto.so.3)
==268755==    by 0x5414439: ??? (in /usr/lib/x86_64-linux-gnu/libssl.so.3)
==268755==    by 0x5408838: ??? (in /usr/lib/x86_64-linux-gnu/libssl.so.3)
==268755==    by 0x541C24A: ??? (in /usr/lib/x86_64-linux-gnu/libssl.so.3)
==268755== 
==268755== 128 bytes in 4 blocks are possibly lost in loss record 1,534 of 2,004
==268755==    at 0x4848899: malloc (in /usr/libexec/valgrind/vgpreload_memcheck-amd64-linux.so)
==268755==    by 0x561679D: CRYPTO_zalloc (in /usr/lib/x86_64-linux-gnu/libcrypto.so.3)
==268755==    by 0x5547EDC: ??? (in /usr/lib/x86_64-linux-gnu/libcrypto.so.3)
==268755==    by 0x5548869: BN_copy (in /usr/lib/x86_64-linux-gnu/libcrypto.so.3)
==268755==    by 0x5548955: BN_MONT_CTX_copy (in /usr/lib/x86_64-linux-gnu/libcrypto.so.3)
==268755==    by 0x55B0007: ??? (in /usr/lib/x86_64-linux-gnu/libcrypto.so.3)
==268755==    by 0x55A21F5: ??? (in /usr/lib/x86_64-linux-gnu/libcrypto.so.3)
==268755==    by 0x55FD533: ??? (in /usr/lib/x86_64-linux-gnu/libcrypto.so.3)
==268755==    by 0x5608C3F: EVP_PKEY_copy_parameters (in /usr/lib/x86_64-linux-gnu/libcrypto.so.3)
==268755==    by 0x5414439: ??? (in /usr/lib/x86_64-linux-gnu/libssl.so.3)
==268755==    by 0x5408838: ??? (in /usr/lib/x86_64-linux-gnu/libssl.so.3)
==268755==    by 0x541C24A: ??? (in /usr/lib/x86_64-linux-gnu/libssl.so.3)
==268755== 
==268755== 128 bytes in 4 blocks are possibly lost in loss record 1,535 of 2,004
==268755==    at 0x4848899: malloc (in /usr/libexec/valgrind/vgpreload_memcheck-amd64-linux.so)
==268755==    by 0x561679D: CRYPTO_zalloc (in /usr/lib/x86_64-linux-gnu/libcrypto.so.3)
==268755==    by 0x5547EDC: ??? (in /usr/lib/x86_64-linux-gnu/libcrypto.so.3)
==268755==    by 0x5548869: BN_copy (in /usr/lib/x86_64-linux-gnu/libcrypto.so.3)
==268755==    by 0x55488D8: BN_dup (in /usr/lib/x86_64-linux-gnu/libcrypto.so.3)
==268755==    by 0x55B001D: ??? (in /usr/lib/x86_64-linux-gnu/libcrypto.so.3)
==268755==    by 0x55A21F5: ??? (in /usr/lib/x86_64-linux-gnu/libcrypto.so.3)
==268755==    by 0x55FD533: ??? (in /usr/lib/x86_64-linux-gnu/libcrypto.so.3)
==268755==    by 0x5608C3F: EVP_PKEY_copy_parameters (in /usr/lib/x86_64-linux-gnu/libcrypto.so.3)
==268755==    by 0x5414439: ??? (in /usr/lib/x86_64-linux-gnu/libssl.so.3)
==268755==    by 0x5408838: ??? (in /usr/lib/x86_64-linux-gnu/libssl.so.3)
==268755==    by 0x541C24A: ??? (in /usr/lib/x86_64-linux-gnu/libssl.so.3)
==268755== 
==268755== 128 bytes in 4 blocks are possibly lost in loss record 1,536 of 2,004
==268755==    at 0x4848899: malloc (in /usr/libexec/valgrind/vgpreload_memcheck-amd64-linux.so)
==268755==    by 0x561679D: CRYPTO_zalloc (in /usr/lib/x86_64-linux-gnu/libcrypto.so.3)
==268755==    by 0x5547EDC: ??? (in /usr/lib/x86_64-linux-gnu/libcrypto.so.3)
==268755==    by 0x5556C3E: ??? (in /usr/lib/x86_64-linux-gnu/libcrypto.so.3)
==268755==    by 0x5549A9C: BN_div (in /usr/lib/x86_64-linux-gnu/libcrypto.so.3)
==268755==    by 0x5549EE3: BN_nnmod (in /usr/lib/x86_64-linux-gnu/libcrypto.so.3)
==268755==    by 0x55C3B0C: ??? (in /usr/lib/x86_64-linux-gnu/libcrypto.so.3)
==268755==    by 0x559D4A3: EC_POINT_set_affine_coordinates (in /usr/lib/x86_64-linux-gnu/libcrypto.so.3)
==268755==    by 0x55ABD34: EC_POINT_oct2point (in /usr/lib/x86_64-linux-gnu/libcrypto.so.3)
==268755==    by 0x559D982: EC_KEY_oct2key (in /usr/lib/x86_64-linux-gnu/libcrypto.so.3)
==268755==    by 0x56D6A9A: ??? (in /usr/lib/x86_64-linux-gnu/libcrypto.so.3)
==268755==    by 0x5603376: EVP_PKEY_set_octet_string_param (in /usr/lib/x86_64-linux-gnu/libcrypto.so.3)
==268755== 
==268755== 128 bytes in 4 blocks are possibly lost in loss record 1,537 of 2,004
==268755==    at 0x4848899: malloc (in /usr/libexec/valgrind/vgpreload_memcheck-amd64-linux.so)
==268755==    by 0x561679D: CRYPTO_zalloc (in /usr/lib/x86_64-linux-gnu/libcrypto.so.3)
==268755==    by 0x5547EDC: ??? (in /usr/lib/x86_64-linux-gnu/libcrypto.so.3)
==268755==    by 0x5556C3E: ??? (in /usr/lib/x86_64-linux-gnu/libcrypto.so.3)
==268755==    by 0x5549A9C: BN_div (in /usr/lib/x86_64-linux-gnu/libcrypto.so.3)
==268755==    by 0x5549EE3: BN_nnmod (in /usr/lib/x86_64-linux-gnu/libcrypto.so.3)
==268755==    by 0x55C3B5E: ??? (in /usr/lib/x86_64-linux-gnu/libcrypto.so.3)
==268755==    by 0x559D4A3: EC_POINT_set_affine_coordinates (in /usr/lib/x86_64-linux-gnu/libcrypto.so.3)
==268755==    by 0x55ABD34: EC_POINT_oct2point (in /usr/lib/x86_64-linux-gnu/libcrypto.so.3)
==268755==    by 0x559D982: EC_KEY_oct2key (in /usr/lib/x86_64-linux-gnu/libcrypto.so.3)
==268755==    by 0x56D6A9A: ??? (in /usr/lib/x86_64-linux-gnu/libcrypto.so.3)
==268755==    by 0x5603376: EVP_PKEY_set_octet_string_param (in /usr/lib/x86_64-linux-gnu/libcrypto.so.3)
==268755== 
==268755== 128 bytes in 4 blocks are possibly lost in loss record 1,538 of 2,004
==268755==    at 0x4848899: malloc (in /usr/libexec/valgrind/vgpreload_memcheck-amd64-linux.so)
==268755==    by 0x561679D: CRYPTO_zalloc (in /usr/lib/x86_64-linux-gnu/libcrypto.so.3)
==268755==    by 0x5547EDC: ??? (in /usr/lib/x86_64-linux-gnu/libcrypto.so.3)
==268755==    by 0x5556C3E: ??? (in /usr/lib/x86_64-linux-gnu/libcrypto.so.3)
==268755==    by 0x5549A9C: BN_div (in /usr/lib/x86_64-linux-gnu/libcrypto.so.3)
==268755==    by 0x5549EE3: BN_nnmod (in /usr/lib/x86_64-linux-gnu/libcrypto.so.3)
==268755==    by 0x55C3B9D: ??? (in /usr/lib/x86_64-linux-gnu/libcrypto.so.3)
==268755==    by 0x559D4A3: EC_POINT_set_affine_coordinates (in /usr/lib/x86_64-linux-gnu/libcrypto.so.3)
==268755==    by 0x55ABD34: EC_POINT_oct2point (in /usr/lib/x86_64-linux-gnu/libcrypto.so.3)
==268755==    by 0x559D982: EC_KEY_oct2key (in /usr/lib/x86_64-linux-gnu/libcrypto.so.3)
==268755==    by 0x56D6A9A: ??? (in /usr/lib/x86_64-linux-gnu/libcrypto.so.3)
==268755==    by 0x5603376: EVP_PKEY_set_octet_string_param (in /usr/lib/x86_64-linux-gnu/libcrypto.so.3)
==268755== 
==268755== 128 bytes in 4 blocks are possibly lost in loss record 1,539 of 2,004
==268755==    at 0x4848899: malloc (in /usr/libexec/valgrind/vgpreload_memcheck-amd64-linux.so)
==268755==    by 0x56650A3: OPENSSL_sk_dup (in /usr/lib/x86_64-linux-gnu/libcrypto.so.3)
==268755==    by 0x568F76C: X509_chain_up_ref (in /usr/lib/x86_64-linux-gnu/libcrypto.so.3)
==268755==    by 0x53E9ACF: ??? (in /usr/lib/x86_64-linux-gnu/libssl.so.3)
==268755==    by 0x54217BE: ??? (in /usr/lib/x86_64-linux-gnu/libssl.so.3)
==268755==    by 0x541EC1B: ??? (in /usr/lib/x86_64-linux-gnu/libssl.so.3)
==268755==    by 0x5420697: ??? (in /usr/lib/x86_64-linux-gnu/libssl.so.3)
==268755==    by 0x48F8F69: ??? (in /usr/lib/x86_64-linux-gnu/libmysqlclient.so.21.2.42)
==268755==    by 0x489A12C: ??? (in /usr/lib/x86_64-linux-gnu/libmysqlclient.so.21.2.42)
==268755==    by 0x489AD71: ??? (in /usr/lib/x86_64-linux-gnu/libmysqlclient.so.21.2.42)
==268755==    by 0x48A3273: ??? (in /usr/lib/x86_64-linux-gnu/libmysqlclient.so.21.2.42)
==268755==    by 0x489EF82: mysql_real_connect (in /usr/lib/x86_64-linux-gnu/libmysqlclient.so.21.2.42)
==268755== 
==268755== 128 bytes in 4 blocks are possibly lost in loss record 1,540 of 2,004
==268755==    at 0x4848899: malloc (in /usr/libexec/valgrind/vgpreload_memcheck-amd64-linux.so)
==268755==    by 0x56650FC: OPENSSL_sk_dup (in /usr/lib/x86_64-linux-gnu/libcrypto.so.3)
==268755==    by 0x568F76C: X509_chain_up_ref (in /usr/lib/x86_64-linux-gnu/libcrypto.so.3)
==268755==    by 0x53E9ACF: ??? (in /usr/lib/x86_64-linux-gnu/libssl.so.3)
==268755==    by 0x54217BE: ??? (in /usr/lib/x86_64-linux-gnu/libssl.so.3)
==268755==    by 0x541EC1B: ??? (in /usr/lib/x86_64-linux-gnu/libssl.so.3)
==268755==    by 0x5420697: ??? (in /usr/lib/x86_64-linux-gnu/libssl.so.3)
==268755==    by 0x48F8F69: ??? (in /usr/lib/x86_64-linux-gnu/libmysqlclient.so.21.2.42)
==268755==    by 0x489A12C: ??? (in /usr/lib/x86_64-linux-gnu/libmysqlclient.so.21.2.42)
==268755==    by 0x489AD71: ??? (in /usr/lib/x86_64-linux-gnu/libmysqlclient.so.21.2.42)
==268755==    by 0x48A3273: ??? (in /usr/lib/x86_64-linux-gnu/libmysqlclient.so.21.2.42)
==268755==    by 0x489EF82: mysql_real_connect (in /usr/lib/x86_64-linux-gnu/libmysqlclient.so.21.2.42)
==268755== 
==268755== 128 bytes in 4 blocks are possibly lost in loss record 1,541 of 2,004
==268755==    at 0x4848899: malloc (in /usr/libexec/valgrind/vgpreload_memcheck-amd64-linux.so)
==268755==    by 0x56650A3: OPENSSL_sk_dup (in /usr/lib/x86_64-linux-gnu/libcrypto.so.3)
==268755==    by 0x568F76C: X509_chain_up_ref (in /usr/lib/x86_64-linux-gnu/libcrypto.so.3)
==268755==    by 0x53F8FCA: ??? (in /usr/lib/x86_64-linux-gnu/libssl.so.3)
==268755==    by 0x5422912: ??? (in /usr/lib/x86_64-linux-gnu/libssl.so.3)
==268755==    by 0x541EA94: ??? (in /usr/lib/x86_64-linux-gnu/libssl.so.3)
==268755==    by 0x5420697: ??? (in /usr/lib/x86_64-linux-gnu/libssl.so.3)
==268755==    by 0x540DD26: ??? (in /usr/lib/x86_64-linux-gnu/libssl.so.3)
==268755==    by 0x53E73FB: ??? (in /usr/lib/x86_64-linux-gnu/libssl.so.3)
==268755==    by 0x53EDCB6: SSL_read (in /usr/lib/x86_64-linux-gnu/libssl.so.3)
==268755==    by 0x48E219F: ??? (in /usr/lib/x86_64-linux-gnu/libmysqlclient.so.21.2.42)
==268755==    by 0x48AC096: ??? (in /usr/lib/x86_64-linux-gnu/libmysqlclient.so.21.2.42)
==268755== 
==268755== 128 bytes in 4 blocks are possibly lost in loss record 1,542 of 2,004
==268755==    at 0x4848899: malloc (in /usr/libexec/valgrind/vgpreload_memcheck-amd64-linux.so)
==268755==    by 0x56650FC: OPENSSL_sk_dup (in /usr/lib/x86_64-linux-gnu/libcrypto.so.3)
==268755==    by 0x568F76C: X509_chain_up_ref (in /usr/lib/x86_64-linux-gnu/libcrypto.so.3)
==268755==    by 0x53F8FCA: ??? (in /usr/lib/x86_64-linux-gnu/libssl.so.3)
==268755==    by 0x5422912: ??? (in /usr/lib/x86_64-linux-gnu/libssl.so.3)
==268755==    by 0x541EA94: ??? (in /usr/lib/x86_64-linux-gnu/libssl.so.3)
==268755==    by 0x5420697: ??? (in /usr/lib/x86_64-linux-gnu/libssl.so.3)
==268755==    by 0x540DD26: ??? (in /usr/lib/x86_64-linux-gnu/libssl.so.3)
==268755==    by 0x53E73FB: ??? (in /usr/lib/x86_64-linux-gnu/libssl.so.3)
==268755==    by 0x53EDCB6: SSL_read (in /usr/lib/x86_64-linux-gnu/libssl.so.3)
==268755==    by 0x48E219F: ??? (in /usr/lib/x86_64-linux-gnu/libmysqlclient.so.21.2.42)
==268755==    by 0x48AC096: ??? (in /usr/lib/x86_64-linux-gnu/libmysqlclient.so.21.2.42)
==268755== 
==268755== 128 bytes in 8 blocks are possibly lost in loss record 1,543 of 2,004
==268755==    at 0x4848899: malloc (in /usr/libexec/valgrind/vgpreload_memcheck-amd64-linux.so)
==268755==    by 0x561679D: CRYPTO_zalloc (in /usr/lib/x86_64-linux-gnu/libcrypto.so.3)
==268755==    by 0x552C403: ??? (in /usr/lib/x86_64-linux-gnu/libcrypto.so.3)
==268755==    by 0x552C64A: ASN1_item_new (in /usr/lib/x86_64-linux-gnu/libcrypto.so.3)
==268755==    by 0x569F2F4: ??? (in /usr/lib/x86_64-linux-gnu/libcrypto.so.3)
==268755==    by 0x552C32A: ??? (in /usr/lib/x86_64-linux-gnu/libcrypto.so.3)
==268755==    by 0x55304A1: ??? (in /usr/lib/x86_64-linux-gnu/libcrypto.so.3)
==268755==    by 0x552C4A0: ??? (in /usr/lib/x86_64-linux-gnu/libcrypto.so.3)
==268755==    by 0x55304A1: ??? (in /usr/lib/x86_64-linux-gnu/libcrypto.so.3)
==268755==    by 0x552C4A0: ??? (in /usr/lib/x86_64-linux-gnu/libcrypto.so.3)
==268755==    by 0x552C5E5: ASN1_item_new_ex (in /usr/lib/x86_64-linux-gnu/libcrypto.so.3)
==268755==    by 0x569F476: X509_new_ex (in /usr/lib/x86_64-linux-gnu/libcrypto.so.3)
==268755== 
==268755== 128 bytes in 8 blocks are possibly lost in loss record 1,544 of 2,004
==268755==    at 0x4848899: malloc (in /usr/libexec/valgrind/vgpreload_memcheck-amd64-linux.so)
==268755==    by 0x5529750: ??? (in /usr/lib/x86_64-linux-gnu/libcrypto.so.3)
==268755==    by 0x552C1AD: ??? (in /usr/lib/x86_64-linux-gnu/libcrypto.so.3)
==268755==    by 0x552C64A: ASN1_item_new (in /usr/lib/x86_64-linux-gnu/libcrypto.so.3)
==268755==    by 0x552D3CC: ??? (in /usr/lib/x86_64-linux-gnu/libcrypto.so.3)
==268755==    by 0x552E048: ??? (in /usr/lib/x86_64-linux-gnu/libcrypto.so.3)
==268755==    by 0x552F3E7: ??? (in /usr/lib/x86_64-linux-gnu/libcrypto.so.3)
==268755==    by 0x552DD18: ??? (in /usr/lib/x86_64-linux-gnu/libcrypto.so.3)
==268755==    by 0x552F3E7: ??? (in /usr/lib/x86_64-linux-gnu/libcrypto.so.3)
==268755==    by 0x552DD18: ??? (in /usr/lib/x86_64-linux-gnu/libcrypto.so.3)
==268755==    by 0x552F3E7: ??? (in /usr/lib/x86_64-linux-gnu/libcrypto.so.3)
==268755==    by 0x552DD18: ??? (in /usr/lib/x86_64-linux-gnu/libcrypto.so.3)
==268755== 
==268755== 128 bytes in 8 blocks are possibly lost in loss record 1,545 of 2,004
==268755==    at 0x4848899: malloc (in /usr/libexec/valgrind/vgpreload_memcheck-amd64-linux.so)
==268755==    by 0x5529750: ??? (in /usr/lib/x86_64-linux-gnu/libcrypto.so.3)
==268755==    by 0x552C1AD: ??? (in /usr/lib/x86_64-linux-gnu/libcrypto.so.3)
==268755==    by 0x552C64A: ASN1_item_new (in /usr/lib/x86_64-linux-gnu/libcrypto.so.3)
==268755==    by 0x552D3CC: ??? (in /usr/lib/x86_64-linux-gnu/libcrypto.so.3)
==268755==    by 0x552E048: ??? (in /usr/lib/x86_64-linux-gnu/libcrypto.so.3)
==268755==    by 0x552F3E7: ??? (in /usr/lib/x86_64-linux-gnu/libcrypto.so.3)
==268755==    by 0x552DD18: ??? (in /usr/lib/x86_64-linux-gnu/libcrypto.so.3)
==268755==    by 0x552F3E7: ??? (in /usr/lib/x86_64-linux-gnu/libcrypto.so.3)
==268755==    by 0x552DD18: ??? (in /usr/lib/x86_64-linux-gnu/libcrypto.so.3)
==268755==    by 0x552F035: ASN1_item_ex_d2i (in /usr/lib/x86_64-linux-gnu/libcrypto.so.3)
==268755==    by 0x569FA57: ??? (in /usr/lib/x86_64-linux-gnu/libcrypto.so.3)
==268755== 
==268755== 128 bytes in 8 blocks are possibly lost in loss record 1,546 of 2,004
==268755==    at 0x4848899: malloc (in /usr/libexec/valgrind/vgpreload_memcheck-amd64-linux.so)
==268755==    by 0x5529750: ??? (in /usr/lib/x86_64-linux-gnu/libcrypto.so.3)
==268755==    by 0x552C1AD: ??? (in /usr/lib/x86_64-linux-gnu/libcrypto.so.3)
==268755==    by 0x552C64A: ASN1_item_new (in /usr/lib/x86_64-linux-gnu/libcrypto.so.3)
==268755==    by 0x552D3CC: ??? (in /usr/lib/x86_64-linux-gnu/libcrypto.so.3)
==268755==    by 0x552E048: ??? (in /usr/lib/x86_64-linux-gnu/libcrypto.so.3)
==268755==    by 0x552F3E7: ??? (in /usr/lib/x86_64-linux-gnu/libcrypto.so.3)
==268755==    by 0x552DD18: ??? (in /usr/lib/x86_64-linux-gnu/libcrypto.so.3)
==268755==    by 0x552F3E7: ??? (in /usr/lib/x86_64-linux-gnu/libcrypto.so.3)
==268755==    by 0x552DD18: ??? (in /usr/lib/x86_64-linux-gnu/libcrypto.so.3)
==268755==    by 0x552E492: ASN1_item_d2i_ex (in /usr/lib/x86_64-linux-gnu/libcrypto.so.3)
==268755==    by 0x54221C2: ??? (in /usr/lib/x86_64-linux-gnu/libssl.so.3)
==268755== 
==268755== 135 bytes in 6 blocks are still reachable in loss record 1,547 of 2,004
==268755==    at 0x4848899: malloc (in /usr/libexec/valgrind/vgpreload_memcheck-amd64-linux.so)
==268755==    by 0x5646C42: ??? (in /usr/lib/x86_64-linux-gnu/libcrypto.so.3)
==268755==    by 0x56154DF: ??? (in /usr/lib/x86_64-linux-gnu/libcrypto.so.3)
==268755==    by 0x56155BC: ??? (in /usr/lib/x86_64-linux-gnu/libcrypto.so.3)
==268755==    by 0x522BEE7: __pthread_once_slow (pthread_once.c:116)
==268755==    by 0x5621C9C: CRYPTO_THREAD_run_once (in /usr/lib/x86_64-linux-gnu/libcrypto.so.3)
==268755==    by 0x561A822: ??? (in /usr/lib/x86_64-linux-gnu/libcrypto.so.3)
==268755==    by 0x553AA03: BIO_new_ex (in /usr/lib/x86_64-linux-gnu/libcrypto.so.3)
==268755==    by 0x55411E5: BIO_new_file (in /usr/lib/x86_64-linux-gnu/libcrypto.so.3)
==268755==    by 0x557834D: ??? (in /usr/lib/x86_64-linux-gnu/libcrypto.so.3)
==268755==    by 0x5578FB1: CONF_modules_load_file_ex (in /usr/lib/x86_64-linux-gnu/libcrypto.so.3)
==268755==    by 0x561E19F: ??? (in /usr/lib/x86_64-linux-gnu/libcrypto.so.3)
==268755== 
==268755== 136 bytes in 1 blocks are still reachable in loss record 1,548 of 2,004
==268755==    at 0x4849013: operator new(unsigned long) (in /usr/libexec/valgrind/vgpreload_memcheck-amd64-linux.so)
==268755==    by 0x210971: __gnu_cxx::new_allocator<Catch::ReporterSpec>::allocate(unsigned long, void const*) (new_allocator.h:127)
==268755==    by 0x20F898: std::allocator_traits<std::allocator<Catch::ReporterSpec> >::allocate(std::allocator<Catch::ReporterSpec>&, unsigned long) (alloc_traits.h:464)
==268755==    by 0x20E1FB: std::_Vector_base<Catch::ReporterSpec, std::allocator<Catch::ReporterSpec> >::_M_allocate(unsigned long) (stl_vector.h:346)
==268755==    by 0x241E00: void std::vector<Catch::ReporterSpec, std::allocator<Catch::ReporterSpec> >::_M_realloc_insert<Catch::ReporterSpec>(__gnu_cxx::__normal_iterator<Catch::ReporterSpec*, std::vector<Catch::ReporterSpec, std::allocator<Catch::ReporterSpec> > >, Catch::ReporterSpec&&) (vector.tcc:440)
==268755==    by 0x240E6E: Catch::ReporterSpec& std::vector<Catch::ReporterSpec, std::allocator<Catch::ReporterSpec> >::emplace_back<Catch::ReporterSpec>(Catch::ReporterSpec&&) (vector.tcc:121)
==268755==    by 0x23FA87: std::vector<Catch::ReporterSpec, std::allocator<Catch::ReporterSpec> >::push_back(Catch::ReporterSpec&&) (stl_vector.h:1204)
==268755==    by 0x22DD02: Catch::makeCommandLineParser(Catch::ConfigData&)::{lambda(std::__cxx11::basic_string<char, std::char_traits<char>, std::allocator<char> > const&)#8}::operator()(std::__cxx11::basic_string<char, std::char_traits<char>, std::allocator<char> > const&) const (catch_commandline.cpp:159)
==268755==    by 0x23F379: Catch::Clara::Detail::BasicResult<Catch::Clara::ParseResultType> Catch::Clara::Detail::LambdaInvoker<Catch::Clara::Detail::BasicResult<Catch::Clara::ParseResultType> >::invoke<Catch::makeCommandLineParser(Catch::ConfigData&)::{lambda(std::__cxx11::basic_string<char, std::char_traits<char>, std::allocator<char> > const&)#8}, std::__cxx11::basic_string<char, std::char_traits<char>, std::allocator<char> > >(Catch::makeCommandLineParser(Catch::ConfigData&)::{lambda(std::__cxx11::basic_string<char, std::char_traits<char>, std::allocator<char> > const&)#8} const&, std::__cxx11::basic_string<char, std::char_traits<char>, std::allocator<char> > const&) (catch_clara.hpp:378)
==268755==    by 0x23EBF2: Catch::Clara::Detail::BasicResult<Catch::Clara::ParseResultType> Catch::Clara::Detail::invokeLambda<std::__cxx11::basic_string<char, std::char_traits<char>, std::allocator<char> >, Catch::makeCommandLineParser(Catch::ConfigData&)::{lambda(std::__cxx11::basic_string<char, std::char_traits<char>, std::allocator<char> > const&)#8}>(Catch::makeCommandLineParser(Catch::ConfigData&)::{lambda(std::__cxx11::basic_string<char, std::char_traits<char>, std::allocator<char> > const&)#8} const&, std::__cxx11::basic_string<char, std::char_traits<char>, std::allocator<char> > const&) (catch_clara.hpp:398)
==268755==    by 0x23DD13: Catch::Clara::Detail::BoundLambda<Catch::makeCommandLineParser(Catch::ConfigData&)::{lambda(std::__cxx11::basic_string<char, std::char_traits<char>, std::allocator<char> > const&)#8}>::setValue(std::__cxx11::basic_string<char, std::char_traits<char>, std::allocator<char> > const&) (catch_clara.hpp:412)
==268755==    by 0x21EF0E: Catch::Clara::Opt::parse(std::__cxx11::basic_string<char, std::char_traits<char>, std::allocator<char> > const&, Catch::Clara::Detail::TokenStream const&) const (catch_clara.cpp:236)
==268755== 
==268755== 136 bytes in 1 blocks are still reachable in loss record 1,549 of 2,004
==268755==    at 0x4849013: operator new(unsigned long) (in /usr/libexec/valgrind/vgpreload_memcheck-amd64-linux.so)
==268755==    by 0x210971: __gnu_cxx::new_allocator<Catch::ReporterSpec>::allocate(unsigned long, void const*) (new_allocator.h:127)
==268755==    by 0x20F898: std::allocator_traits<std::allocator<Catch::ReporterSpec> >::allocate(std::allocator<Catch::ReporterSpec>&, unsigned long) (alloc_traits.h:464)
==268755==    by 0x20E1FB: std::_Vector_base<Catch::ReporterSpec, std::allocator<Catch::ReporterSpec> >::_M_allocate(unsigned long) (stl_vector.h:346)
==268755==    by 0x2A3690: std::_Vector_base<Catch::ReporterSpec, std::allocator<Catch::ReporterSpec> >::_M_create_storage(unsigned long) (stl_vector.h:361)
==268755==    by 0x2A31A0: std::_Vector_base<Catch::ReporterSpec, std::allocator<Catch::ReporterSpec> >::_Vector_base(unsigned long, std::allocator<Catch::ReporterSpec> const&) (stl_vector.h:305)
==268755==    by 0x2A2C74: std::vector<Catch::ReporterSpec, std::allocator<Catch::ReporterSpec> >::vector(std::vector<Catch::ReporterSpec, std::allocator<Catch::ReporterSpec> > const&) (stl_vector.h:555)
==268755==    by 0x2A28E0: Catch::ConfigData::ConfigData(Catch::ConfigData const&) (catch_config.hpp:46)
==268755==    by 0x2A13C7: Catch::Config::Config(Catch::ConfigData const&) (catch_config.cpp:96)
==268755==    by 0x20AAE0: Catch::Detail::unique_ptr<Catch::Config> Catch::Detail::make_unique<Catch::Config, Catch::ConfigData&>(Catch::ConfigData&) (catch_unique_ptr.hpp:111)
==268755==    by 0x20703A: Catch::Session::config() (catch_session.cpp:282)
==268755==    by 0x2071F2: Catch::Session::runInternal() (catch_session.cpp:303)
==268755== 
==268755== 144 bytes in 1 blocks are still reachable in loss record 1,550 of 2,004
==268755==    at 0x4849013: operator new(unsigned long) (in /usr/libexec/valgrind/vgpreload_memcheck-amd64-linux.so)
==268755==    by 0x2AF5A4: Catch::Detail::unique_ptr<Catch::CompactReporter> Catch::Detail::make_unique<Catch::CompactReporter, Catch::ReporterConfig>(Catch::ReporterConfig&&) (catch_unique_ptr.hpp:111)
==268755==    by 0x2AEDCC: Catch::ReporterFactory<Catch::CompactReporter>::create(Catch::ReporterConfig&&) const (catch_reporter_registrars.hpp:49)
==268755==    by 0x2AA91E: Catch::ReporterRegistry::create(std::__cxx11::basic_string<char, std::char_traits<char>, std::allocator<char> > const&, Catch::ReporterConfig&&) const (catch_reporter_registry.cpp:44)
==268755==    by 0x2053E5: Catch::(anonymous namespace)::createReporter(std::__cxx11::basic_string<char, std::char_traits<char>, std::allocator<char> > const&, Catch::ReporterConfig&&) (catch_session.cpp:39)
==268755==    by 0x205605: Catch::(anonymous namespace)::prepareReporters(Catch::Config const*) (catch_session.cpp:54)
==268755==    by 0x20727D: Catch::Session::runInternal() (catch_session.cpp:315)
==268755==    by 0x206F31: Catch::Session::run() (catch_session.cpp:263)
==268755==    by 0x202254: int Catch::Session::run<char>(int, char const* const*) (catch_session.hpp:41)
==268755==    by 0x20213D: main (catch_main.cpp:36)
==268755== 
==268755== 144 bytes in 1 blocks are still reachable in loss record 1,551 of 2,004
==268755==    at 0x4849013: operator new(unsigned long) (in /usr/libexec/valgrind/vgpreload_memcheck-amd64-linux.so)
==268755==    by 0x26BE03: Catch::Detail::unique_ptr<Catch::TestCaseTracking::SectionTracker> Catch::Detail::make_unique<Catch::TestCaseTracking::SectionTracker, Catch::TestCaseTracking::NameAndLocation, Catch::TestCaseTracking::TrackerContext&, decltype(nullptr)>(Catch::TestCaseTracking::NameAndLocation&&, Catch::TestCaseTracking::TrackerContext&, decltype(nullptr)&&) (catch_unique_ptr.hpp:111)
==268755==    by 0x26A812: Catch::TestCaseTracking::TrackerContext::startRun() (catch_test_case_tracker.cpp:76)
==268755==    by 0x2540B1: Catch::RunContext::runTest(Catch::TestCaseHandle const&) (catch_run_context.cpp:184)
==268755==    by 0x205F36: Catch::(anonymous namespace)::TestGroup::execute() (catch_session.cpp:110)
==268755==    by 0x20742F: Catch::Session::runInternal() (catch_session.cpp:332)
==268755==    by 0x206F31: Catch::Session::run() (catch_session.cpp:263)
==268755==    by 0x202254: int Catch::Session::run<char>(int, char const* const*) (catch_session.hpp:41)
==268755==    by 0x20213D: main (catch_main.cpp:36)
==268755== 
==268755== 144 bytes in 1 blocks are still reachable in loss record 1,552 of 2,004
==268755==    at 0x4849013: operator new(unsigned long) (in /usr/libexec/valgrind/vgpreload_memcheck-amd64-linux.so)
==268755==    by 0x26C030: Catch::Detail::unique_ptr<Catch::TestCaseTracking::SectionTracker> Catch::Detail::make_unique<Catch::TestCaseTracking::SectionTracker, Catch::TestCaseTracking::NameAndLocation, Catch::TestCaseTracking::TrackerContext&, Catch::TestCaseTracking::ITracker*>(Catch::TestCaseTracking::NameAndLocation&&, Catch::TestCaseTracking::TrackerContext&, Catch::TestCaseTracking::ITracker*&&) (catch_unique_ptr.hpp:111)
==268755==    by 0x26B188: Catch::TestCaseTracking::SectionTracker::acquire(Catch::TestCaseTracking::TrackerContext&, Catch::TestCaseTracking::NameAndLocationRef const&) (catch_test_case_tracker.cpp:199)
==268755==    by 0x2541FF: Catch::RunContext::runTest(Catch::TestCaseHandle const&) (catch_run_context.cpp:226)
==268755==    by 0x205F36: Catch::(anonymous namespace)::TestGroup::execute() (catch_session.cpp:110)
==268755==    by 0x20742F: Catch::Session::runInternal() (catch_session.cpp:332)
==268755==    by 0x206F31: Catch::Session::run() (catch_session.cpp:263)
==268755==    by 0x202254: int Catch::Session::run<char>(int, char const* const*) (catch_session.hpp:41)
==268755==    by 0x20213D: main (catch_main.cpp:36)
==268755== 
==268755== 144 bytes in 1 blocks are still reachable in loss record 1,553 of 2,004
==268755==    at 0x4849013: operator new(unsigned long) (in /usr/libexec/valgrind/vgpreload_memcheck-amd64-linux.so)
==268755==    by 0x26C030: Catch::Detail::unique_ptr<Catch::TestCaseTracking::SectionTracker> Catch::Detail::make_unique<Catch::TestCaseTracking::SectionTracker, Catch::TestCaseTracking::NameAndLocation, Catch::TestCaseTracking::TrackerContext&, Catch::TestCaseTracking::ITracker*>(Catch::TestCaseTracking::NameAndLocation&&, Catch::TestCaseTracking::TrackerContext&, Catch::TestCaseTracking::ITracker*&&) (catch_unique_ptr.hpp:111)
==268755==    by 0x26B188: Catch::TestCaseTracking::SectionTracker::acquire(Catch::TestCaseTracking::TrackerContext&, Catch::TestCaseTracking::NameAndLocationRef const&) (catch_test_case_tracker.cpp:199)
==268755==    by 0x254A3C: Catch::RunContext::sectionStarted(Catch::StringRef, Catch::SourceLineInfo const&, Catch::Counts&) (catch_run_context.cpp:299)
==268755==    by 0x25CEAE: Catch::Section::Section(Catch::SourceLineInfo const&, Catch::StringRef, char const*) (catch_section.cpp:31)
==268755==    by 0x1B3A69: CATCH2_INTERNAL_TEST_0() (test_mysql_real.cpp:125)
==268755==    by 0x261743: Catch::TestInvokerAsFunction::invoke() const (catch_test_case_registry_impl.cpp:149)
==268755==    by 0x256F30: Catch::TestCaseHandle::invoke() const (catch_test_case_info.hpp:115)
==268755==    by 0x255FF5: Catch::RunContext::invokeActiveTestCase() (catch_run_context.cpp:538)
==268755==    by 0x255D09: Catch::RunContext::runCurrentTest(std::__cxx11::basic_string<char, std::char_traits<char>, std::allocator<char> >&, std::__cxx11::basic_string<char, std::char_traits<char>, std::allocator<char> >&) (catch_run_context.cpp:501)
==268755==    by 0x2542F5: Catch::RunContext::runTest(Catch::TestCaseHandle const&) (catch_run_context.cpp:232)
==268755==    by 0x205F36: Catch::(anonymous namespace)::TestGroup::execute() (catch_session.cpp:110)
==268755== 
==268755== 144 bytes in 1 blocks are still reachable in loss record 1,554 of 2,004
==268755==    at 0x4849013: operator new(unsigned long) (in /usr/libexec/valgrind/vgpreload_memcheck-amd64-linux.so)
==268755==    by 0x26C030: Catch::Detail::unique_ptr<Catch::TestCaseTracking::SectionTracker> Catch::Detail::make_unique<Catch::TestCaseTracking::SectionTracker, Catch::TestCaseTracking::NameAndLocation, Catch::TestCaseTracking::TrackerContext&, Catch::TestCaseTracking::ITracker*>(Catch::TestCaseTracking::NameAndLocation&&, Catch::TestCaseTracking::TrackerContext&, Catch::TestCaseTracking::ITracker*&&) (catch_unique_ptr.hpp:111)
==268755==    by 0x26B188: Catch::TestCaseTracking::SectionTracker::acquire(Catch::TestCaseTracking::TrackerContext&, Catch::TestCaseTracking::NameAndLocationRef const&) (catch_test_case_tracker.cpp:199)
==268755==    by 0x254A3C: Catch::RunContext::sectionStarted(Catch::StringRef, Catch::SourceLineInfo const&, Catch::Counts&) (catch_run_context.cpp:299)
==268755==    by 0x25CEAE: Catch::Section::Section(Catch::SourceLineInfo const&, Catch::StringRef, char const*) (catch_section.cpp:31)
==268755==    by 0x1B3AF9: CATCH2_INTERNAL_TEST_0() (test_mysql_real.cpp:209)
==268755==    by 0x261743: Catch::TestInvokerAsFunction::invoke() const (catch_test_case_registry_impl.cpp:149)
==268755==    by 0x256F30: Catch::TestCaseHandle::invoke() const (catch_test_case_info.hpp:115)
==268755==    by 0x255FF5: Catch::RunContext::invokeActiveTestCase() (catch_run_context.cpp:538)
==268755==    by 0x255D09: Catch::RunContext::runCurrentTest(std::__cxx11::basic_string<char, std::char_traits<char>, std::allocator<char> >&, std::__cxx11::basic_string<char, std::char_traits<char>, std::allocator<char> >&) (catch_run_context.cpp:501)
==268755==    by 0x2542F5: Catch::RunContext::runTest(Catch::TestCaseHandle const&) (catch_run_context.cpp:232)
==268755==    by 0x205F36: Catch::(anonymous namespace)::TestGroup::execute() (catch_session.cpp:110)
==268755== 
==268755== 144 bytes in 2 blocks are still reachable in loss record 1,555 of 2,004
==268755==    at 0x4849013: operator new(unsigned long) (in /usr/libexec/valgrind/vgpreload_memcheck-amd64-linux.so)
==268755==    by 0x2E895B: YAML::detail::memory::create_node() (memory.cpp:17)
==268755==    by 0x1348BD: YAML::detail::memory_holder::create_node() (memory.h:38)
==268755==    by 0x3103BB: YAML::NodeBuilder::Push(YAML::Mark const&, unsigned long) (nodebuilder.cpp:81)
==268755==    by 0x3102D2: YAML::NodeBuilder::OnMapStart(YAML::Mark const&, std::__cxx11::basic_string<char, std::char_traits<char>, std::allocator<char> > const&, unsigned long, YAML::EmitterStyle::value) (nodebuilder.cpp:67)
==268755==    by 0x306B16: YAML::SingleDocParser::HandleNode(YAML::EventHandler&) (singledocparser.cpp:127)
==268755==    by 0x307975: YAML::SingleDocParser::HandleBlockMap(YAML::EventHandler&) (singledocparser.cpp:281)
==268755==    by 0x30762F: YAML::SingleDocParser::HandleMap(YAML::EventHandler&) (singledocparser.cpp:235)
==268755==    by 0x306B2F: YAML::SingleDocParser::HandleNode(YAML::EventHandler&) (singledocparser.cpp:128)
==268755==    by 0x3063EC: YAML::SingleDocParser::HandleDocument(YAML::EventHandler&) (singledocparser.cpp:41)
==268755==    by 0x2F3828: YAML::Parser::HandleNextDocument(YAML::EventHandler&) (parser.cpp:37)
==268755==    by 0x2F2CDB: YAML::Load(std::istream&) (parse.cpp:25)
==268755== 
==268755== 144 bytes in 3 blocks are still reachable in loss record 1,556 of 2,004
==268755==    at 0x4848899: malloc (in /usr/libexec/valgrind/vgpreload_memcheck-amd64-linux.so)
==268755==    by 0x56FD46D: ??? (in /usr/lib/x86_64-linux-gnu/libcrypto.so.3)
==268755==    by 0x56F4B8C: ??? (in /usr/lib/x86_64-linux-gnu/libcrypto.so.3)
==268755==    by 0x55F804E: EVP_KEYMGMT_fetch (in /usr/lib/x86_64-linux-gnu/libcrypto.so.3)
==268755==    by 0x53F8294: ??? (in /usr/lib/x86_64-linux-gnu/libssl.so.3)
==268755==    by 0x569CBB3: ??? (in /usr/lib/x86_64-linux-gnu/libcrypto.so.3)
==268755==    by 0x53F83C6: ??? (in /usr/lib/x86_64-linux-gnu/libssl.so.3)
==268755==    by 0x562AD6A: ??? (in /usr/lib/x86_64-linux-gnu/libcrypto.so.3)
==268755==    by 0x53F55BC: SSL_CTX_new_ex (in /usr/lib/x86_64-linux-gnu/libssl.so.3)
==268755==    by 0x48F8280: ??? (in /usr/lib/x86_64-linux-gnu/libmysqlclient.so.21.2.42)
==268755==    by 0x489A042: ??? (in /usr/lib/x86_64-linux-gnu/libmysqlclient.so.21.2.42)
==268755==    by 0x489AD71: ??? (in /usr/lib/x86_64-linux-gnu/libmysqlclient.so.21.2.42)
==268755== 
==268755== 144 bytes in 6 blocks are still reachable in loss record 1,557 of 2,004
==268755==    at 0x4849013: operator new(unsigned long) (in /usr/libexec/valgrind/vgpreload_memcheck-amd64-linux.so)
==268755==    by 0x2E9AE5: std::__shared_count<(__gnu_cxx::_Lock_policy)2>::__shared_count<YAML::detail::node_ref*>(YAML::detail::node_ref*) (shared_ptr_base.h:596)
==268755==    by 0x2E93D4: std::__shared_count<(__gnu_cxx::_Lock_policy)2>::__shared_count<YAML::detail::node_ref*>(YAML::detail::node_ref*, std::integral_constant<bool, false>) (shared_ptr_base.h:607)
==268755==    by 0x2E8FE9: std::__shared_ptr<YAML::detail::node_ref, (__gnu_cxx::_Lock_policy)2>::__shared_ptr<YAML::detail::node_ref, void>(YAML::detail::node_ref*) (shared_ptr_base.h:1099)
==268755==    by 0x2E8D32: std::shared_ptr<YAML::detail::node_ref>::shared_ptr<YAML::detail::node_ref, void>(YAML::detail::node_ref*) (shared_ptr.h:160)
==268755==    by 0x2E8BF7: YAML::detail::node::node() (node.h:27)
==268755==    by 0x2E896A: YAML::detail::memory::create_node() (memory.cpp:17)
==268755==    by 0x1348BD: YAML::detail::memory_holder::create_node() (memory.h:38)
==268755==    by 0x3103BB: YAML::NodeBuilder::Push(YAML::Mark const&, unsigned long) (nodebuilder.cpp:81)
==268755==    by 0x3102D2: YAML::NodeBuilder::OnMapStart(YAML::Mark const&, std::__cxx11::basic_string<char, std::char_traits<char>, std::allocator<char> > const&, unsigned long, YAML::EmitterStyle::value) (nodebuilder.cpp:67)
==268755==    by 0x306B16: YAML::SingleDocParser::HandleNode(YAML::EventHandler&) (singledocparser.cpp:127)
==268755==    by 0x307125: YAML::SingleDocParser::HandleBlockSequence(YAML::EventHandler&) (singledocparser.cpp:192)
==268755== 
==268755== 144 bytes in 6 blocks are still reachable in loss record 1,558 of 2,004
==268755==    at 0x4849013: operator new(unsigned long) (in /usr/libexec/valgrind/vgpreload_memcheck-amd64-linux.so)
==268755==    by 0x2E9BA7: std::__shared_count<(__gnu_cxx::_Lock_policy)2>::__shared_count<YAML::detail::node*>(YAML::detail::node*) (shared_ptr_base.h:596)
==268755==    by 0x2E9422: std::__shared_count<(__gnu_cxx::_Lock_policy)2>::__shared_count<YAML::detail::node*>(YAML::detail::node*, std::integral_constant<bool, false>) (shared_ptr_base.h:607)
==268755==    by 0x2E9075: std::__shared_ptr<YAML::detail::node, (__gnu_cxx::_Lock_policy)2>::__shared_ptr<YAML::detail::node, void>(YAML::detail::node*) (shared_ptr_base.h:1099)
==268755==    by 0x2E8E58: std::shared_ptr<YAML::detail::node>::shared_ptr<YAML::detail::node, void>(YAML::detail::node*) (shared_ptr.h:160)
==268755==    by 0x2E897A: YAML::detail::memory::create_node() (memory.cpp:17)
==268755==    by 0x1348BD: YAML::detail::memory_holder::create_node() (memory.h:38)
==268755==    by 0x3103BB: YAML::NodeBuilder::Push(YAML::Mark const&, unsigned long) (nodebuilder.cpp:81)
==268755==    by 0x3102D2: YAML::NodeBuilder::OnMapStart(YAML::Mark const&, std::__cxx11::basic_string<char, std::char_traits<char>, std::allocator<char> > const&, unsigned long, YAML::EmitterStyle::value) (nodebuilder.cpp:67)
==268755==    by 0x306B16: YAML::SingleDocParser::HandleNode(YAML::EventHandler&) (singledocparser.cpp:127)
==268755==    by 0x307125: YAML::SingleDocParser::HandleBlockSequence(YAML::EventHandler&) (singledocparser.cpp:192)
==268755==    by 0x306E49: YAML::SingleDocParser::HandleSequence(YAML::EventHandler&) (singledocparser.cpp:155)
==268755== 
==268755== 144 bytes in 6 blocks are still reachable in loss record 1,559 of 2,004
==268755==    at 0x4848899: malloc (in /usr/libexec/valgrind/vgpreload_memcheck-amd64-linux.so)
==268755==    by 0x560C185: OPENSSL_LH_insert (in /usr/lib/x86_64-linux-gnu/libcrypto.so.3)
==268755==    by 0x5646C8A: ??? (in /usr/lib/x86_64-linux-gnu/libcrypto.so.3)
==268755==    by 0x56154DF: ??? (in /usr/lib/x86_64-linux-gnu/libcrypto.so.3)
==268755==    by 0x56155BC: ??? (in /usr/lib/x86_64-linux-gnu/libcrypto.so.3)
==268755==    by 0x522BEE7: __pthread_once_slow (pthread_once.c:116)
==268755==    by 0x5621C9C: CRYPTO_THREAD_run_once (in /usr/lib/x86_64-linux-gnu/libcrypto.so.3)
==268755==    by 0x561A822: ??? (in /usr/lib/x86_64-linux-gnu/libcrypto.so.3)
==268755==    by 0x553AA03: BIO_new_ex (in /usr/lib/x86_64-linux-gnu/libcrypto.so.3)
==268755==    by 0x55411E5: BIO_new_file (in /usr/lib/x86_64-linux-gnu/libcrypto.so.3)
==268755==    by 0x557834D: ??? (in /usr/lib/x86_64-linux-gnu/libcrypto.so.3)
==268755==    by 0x5578FB1: CONF_modules_load_file_ex (in /usr/lib/x86_64-linux-gnu/libcrypto.so.3)
==268755== 
==268755== 144 bytes in 6 blocks are still reachable in loss record 1,560 of 2,004
==268755==    at 0x4848899: malloc (in /usr/libexec/valgrind/vgpreload_memcheck-amd64-linux.so)
==268755==    by 0x560C185: OPENSSL_LH_insert (in /usr/lib/x86_64-linux-gnu/libcrypto.so.3)
==268755==    by 0x5619542: ??? (in /usr/lib/x86_64-linux-gnu/libcrypto.so.3)
==268755==    by 0x5615E27: ??? (in /usr/lib/x86_64-linux-gnu/libcrypto.so.3)
==268755==    by 0x5615F35: ??? (in /usr/lib/x86_64-linux-gnu/libcrypto.so.3)
==268755==    by 0x560C486: OPENSSL_LH_doall_arg (in /usr/lib/x86_64-linux-gnu/libcrypto.so.3)
==268755==    by 0x562D2EA: OBJ_NAME_do_all (in /usr/lib/x86_64-linux-gnu/libcrypto.so.3)
==268755==    by 0x5615B29: ??? (in /usr/lib/x86_64-linux-gnu/libcrypto.so.3)
==268755==    by 0x56F4A6B: ??? (in /usr/lib/x86_64-linux-gnu/libcrypto.so.3)
==268755==    by 0x55EC302: EVP_CIPHER_fetch (in /usr/lib/x86_64-linux-gnu/libcrypto.so.3)
==268755==    by 0x53F137A: ??? (in /usr/lib/x86_64-linux-gnu/libssl.so.3)
==268755==    by 0x53F5161: SSL_CTX_new_ex (in /usr/lib/x86_64-linux-gnu/libssl.so.3)
==268755== 
==268755== 144 bytes in 6 blocks are still reachable in loss record 1,561 of 2,004
==268755==    at 0x4848899: malloc (in /usr/libexec/valgrind/vgpreload_memcheck-amd64-linux.so)
==268755==    by 0x560C185: OPENSSL_LH_insert (in /usr/lib/x86_64-linux-gnu/libcrypto.so.3)
==268755==    by 0x5619542: ??? (in /usr/lib/x86_64-linux-gnu/libcrypto.so.3)
==268755==    by 0x56F41B3: ??? (in /usr/lib/x86_64-linux-gnu/libcrypto.so.3)
==268755==    by 0x55EBAFA: ??? (in /usr/lib/x86_64-linux-gnu/libcrypto.so.3)
==268755==    by 0x560B7F8: ??? (in /usr/lib/x86_64-linux-gnu/libcrypto.so.3)
==268755==    by 0x560B71B: ??? (in /usr/lib/x86_64-linux-gnu/libcrypto.so.3)
==268755==    by 0x562AD6A: ??? (in /usr/lib/x86_64-linux-gnu/libcrypto.so.3)
==268755==    by 0x56F44E7: ??? (in /usr/lib/x86_64-linux-gnu/libcrypto.so.3)
==268755==    by 0x56F4B3D: ??? (in /usr/lib/x86_64-linux-gnu/libcrypto.so.3)
==268755==    by 0x55F783E: EVP_KEYEXCH_fetch (in /usr/lib/x86_64-linux-gnu/libcrypto.so.3)
==268755==    by 0x53F5256: SSL_CTX_new_ex (in /usr/lib/x86_64-linux-gnu/libssl.so.3)
==268755== 
==268755== 144 bytes in 6 blocks are still reachable in loss record 1,562 of 2,004
==268755==    at 0x4848899: malloc (in /usr/libexec/valgrind/vgpreload_memcheck-amd64-linux.so)
==268755==    by 0x560C185: OPENSSL_LH_insert (in /usr/lib/x86_64-linux-gnu/libcrypto.so.3)
==268755==    by 0x56FD4C8: ??? (in /usr/lib/x86_64-linux-gnu/libcrypto.so.3)
==268755==    by 0x56F4B8C: ??? (in /usr/lib/x86_64-linux-gnu/libcrypto.so.3)
==268755==    by 0x55F804E: EVP_KEYMGMT_fetch (in /usr/lib/x86_64-linux-gnu/libcrypto.so.3)
==268755==    by 0x56069C0: ??? (in /usr/lib/x86_64-linux-gnu/libcrypto.so.3)
==268755==    by 0x53F5452: SSL_CTX_new_ex (in /usr/lib/x86_64-linux-gnu/libssl.so.3)
==268755==    by 0x48F8280: ??? (in /usr/lib/x86_64-linux-gnu/libmysqlclient.so.21.2.42)
==268755==    by 0x489A042: ??? (in /usr/lib/x86_64-linux-gnu/libmysqlclient.so.21.2.42)
==268755==    by 0x489AD71: ??? (in /usr/lib/x86_64-linux-gnu/libmysqlclient.so.21.2.42)
==268755==    by 0x48A3273: ??? (in /usr/lib/x86_64-linux-gnu/libmysqlclient.so.21.2.42)
==268755==    by 0x489EF82: mysql_real_connect (in /usr/lib/x86_64-linux-gnu/libmysqlclient.so.21.2.42)
==268755== 
==268755== 144 bytes in 9 blocks are still reachable in loss record 1,563 of 2,004
==268755==    at 0x4848899: malloc (in /usr/libexec/valgrind/vgpreload_memcheck-amd64-linux.so)
==268755==    by 0x561679D: CRYPTO_zalloc (in /usr/lib/x86_64-linux-gnu/libcrypto.so.3)
==268755==    by 0x5619506: ??? (in /usr/lib/x86_64-linux-gnu/libcrypto.so.3)
==268755==    by 0x5615FC0: ??? (in /usr/lib/x86_64-linux-gnu/libcrypto.so.3)
==268755==    by 0x5615B8A: ??? (in /usr/lib/x86_64-linux-gnu/libcrypto.so.3)
==268755==    by 0x56F4A6B: ??? (in /usr/lib/x86_64-linux-gnu/libcrypto.so.3)
==268755==    by 0x55EC302: EVP_CIPHER_fetch (in /usr/lib/x86_64-linux-gnu/libcrypto.so.3)
==268755==    by 0x53F137A: ??? (in /usr/lib/x86_64-linux-gnu/libssl.so.3)
==268755==    by 0x53F5161: SSL_CTX_new_ex (in /usr/lib/x86_64-linux-gnu/libssl.so.3)
==268755==    by 0x48F8280: ??? (in /usr/lib/x86_64-linux-gnu/libmysqlclient.so.21.2.42)
==268755==    by 0x489A042: ??? (in /usr/lib/x86_64-linux-gnu/libmysqlclient.so.21.2.42)
==268755==    by 0x489AD71: ??? (in /usr/lib/x86_64-linux-gnu/libmysqlclient.so.21.2.42)
==268755== 
==268755== 144 bytes in 1 blocks are possibly lost in loss record 1,564 of 2,004
==268755==    at 0x4848899: malloc (in /usr/libexec/valgrind/vgpreload_memcheck-amd64-linux.so)
==268755==    by 0x4FF1073: __cxa_allocate_exception (in /usr/lib/x86_64-linux-gnu/libstdc++.so.6.0.30)
==268755==    by 0x1E9CC9: cpp_dbc::MySQL::MySQLPreparedStatement::MySQLPreparedStatement(MYSQL*, std::__cxx11::basic_string<char, std::char_traits<char>, std::allocator<char> > const&) (driver_mysql.cpp:268)
==268755==    by 0x1F66A8: decltype (::new ((void*)(0)) cpp_dbc::MySQL::MySQLPreparedStatement((declval<MYSQL*&>)(), (declval<std::__cxx11::basic_string<char, std::char_traits<char>, std::allocator<char> > const&>)())) std::construct_at<cpp_dbc::MySQL::MySQLPreparedStatement, MYSQL*&, std::__cxx11::basic_string<char, std::char_traits<char>, std::allocator<char> > const&>(cpp_dbc::MySQL::MySQLPreparedStatement*, MYSQL*&, std::__cxx11::basic_string<char, std::char_traits<char>, std::allocator<char> > const&) (stl_construct.h:97)
==268755==    by 0x1F6724: void std::allocator_traits<std::allocator<cpp_dbc::MySQL::MySQLPreparedStatement> >::construct<cpp_dbc::MySQL::MySQLPreparedStatement, MYSQL*&, std::__cxx11::basic_string<char, std::char_traits<char>, std::allocator<char> > const&>(std::allocator<cpp_dbc::MySQL::MySQLPreparedStatement>&, cpp_dbc::MySQL::MySQLPreparedStatement*, MYSQL*&, std::__cxx11::basic_string<char, std::char_traits<char>, std::allocator<char> > const&) (alloc_traits.h:518)
==268755==    by 0x1F5C74: std::_Sp_counted_ptr_inplace<cpp_dbc::MySQL::MySQLPreparedStatement, std::allocator<cpp_dbc::MySQL::MySQLPreparedStatement>, (__gnu_cxx::_Lock_policy)2>::_Sp_counted_ptr_inplace<MYSQL*&, std::__cxx11::basic_string<char, std::char_traits<char>, std::allocator<char> > const&>(std::allocator<cpp_dbc::MySQL::MySQLPreparedStatement>, MYSQL*&, std::__cxx11::basic_string<char, std::char_traits<char>, std::allocator<char> > const&) (shared_ptr_base.h:519)
==268755==    by 0x1F4CF2: std::__shared_count<(__gnu_cxx::_Lock_policy)2>::__shared_count<cpp_dbc::MySQL::MySQLPreparedStatement, std::allocator<cpp_dbc::MySQL::MySQLPreparedStatement>, MYSQL*&, std::__cxx11::basic_string<char, std::char_traits<char>, std::allocator<char> > const&>(cpp_dbc::MySQL::MySQLPreparedStatement*&, std::_Sp_alloc_shared_tag<std::allocator<cpp_dbc::MySQL::MySQLPreparedStatement> >, MYSQL*&, std::__cxx11::basic_string<char, std::char_traits<char>, std::allocator<char> > const&) (shared_ptr_base.h:650)
==268755==    by 0x1F3D43: std::__shared_ptr<cpp_dbc::MySQL::MySQLPreparedStatement, (__gnu_cxx::_Lock_policy)2>::__shared_ptr<std::allocator<cpp_dbc::MySQL::MySQLPreparedStatement>, MYSQL*&, std::__cxx11::basic_string<char, std::char_traits<char>, std::allocator<char> > const&>(std::_Sp_alloc_shared_tag<std::allocator<cpp_dbc::MySQL::MySQLPreparedStatement> >, MYSQL*&, std::__cxx11::basic_string<char, std::char_traits<char>, std::allocator<char> > const&) (shared_ptr_base.h:1342)
==268755==    by 0x1F2BE8: std::shared_ptr<cpp_dbc::MySQL::MySQLPreparedStatement>::shared_ptr<std::allocator<cpp_dbc::MySQL::MySQLPreparedStatement>, MYSQL*&, std::__cxx11::basic_string<char, std::char_traits<char>, std::allocator<char> > const&>(std::_Sp_alloc_shared_tag<std::allocator<cpp_dbc::MySQL::MySQLPreparedStatement> >, MYSQL*&, std::__cxx11::basic_string<char, std::char_traits<char>, std::allocator<char> > const&) (shared_ptr.h:409)
==268755==    by 0x1F19F8: std::shared_ptr<cpp_dbc::MySQL::MySQLPreparedStatement> std::allocate_shared<cpp_dbc::MySQL::MySQLPreparedStatement, std::allocator<cpp_dbc::MySQL::MySQLPreparedStatement>, MYSQL*&, std::__cxx11::basic_string<char, std::char_traits<char>, std::allocator<char> > const&>(std::allocator<cpp_dbc::MySQL::MySQLPreparedStatement> const&, MYSQL*&, std::__cxx11::basic_string<char, std::char_traits<char>, std::allocator<char> > const&) (shared_ptr.h:863)
==268755==    by 0x1EFE12: std::shared_ptr<cpp_dbc::MySQL::MySQLPreparedStatement> std::make_shared<cpp_dbc::MySQL::MySQLPreparedStatement, MYSQL*&, std::__cxx11::basic_string<char, std::char_traits<char>, std::allocator<char> > const&>(MYSQL*&, std::__cxx11::basic_string<char, std::char_traits<char>, std::allocator<char> > const&) (shared_ptr.h:879)
==268755==    by 0x1EC8FF: cpp_dbc::MySQL::MySQLConnection::prepareStatement(std::__cxx11::basic_string<char, std::char_traits<char>, std::allocator<char> > const&) (driver_mysql.cpp:689)
==268755== 
==268755== 144 bytes in 4 blocks are possibly lost in loss record 1,565 of 2,004
==268755==    at 0x4848899: malloc (in /usr/libexec/valgrind/vgpreload_memcheck-amd64-linux.so)
==268755==    by 0x53FB1C8: ??? (in /usr/lib/x86_64-linux-gnu/libssl.so.3)
==268755==    by 0x5414E18: ??? (in /usr/lib/x86_64-linux-gnu/libssl.so.3)
==268755==    by 0x5408838: ??? (in /usr/lib/x86_64-linux-gnu/libssl.so.3)
==268755==    by 0x542257D: ??? (in /usr/lib/x86_64-linux-gnu/libssl.so.3)
==268755==    by 0x541EA94: ??? (in /usr/lib/x86_64-linux-gnu/libssl.so.3)
==268755==    by 0x5420697: ??? (in /usr/lib/x86_64-linux-gnu/libssl.so.3)
==268755==    by 0x48F8F69: ??? (in /usr/lib/x86_64-linux-gnu/libmysqlclient.so.21.2.42)
==268755==    by 0x489A12C: ??? (in /usr/lib/x86_64-linux-gnu/libmysqlclient.so.21.2.42)
==268755==    by 0x489AD71: ??? (in /usr/lib/x86_64-linux-gnu/libmysqlclient.so.21.2.42)
==268755==    by 0x48A3273: ??? (in /usr/lib/x86_64-linux-gnu/libmysqlclient.so.21.2.42)
==268755==    by 0x489EF82: mysql_real_connect (in /usr/lib/x86_64-linux-gnu/libmysqlclient.so.21.2.42)
==268755== 
==268755== 145 bytes in 1 blocks are still reachable in loss record 1,566 of 2,004
==268755==    at 0x4849013: operator new(unsigned long) (in /usr/libexec/valgrind/vgpreload_memcheck-amd64-linux.so)
==268755==    by 0x130468: __gnu_cxx::new_allocator<char>::allocate(unsigned long, void const*) (new_allocator.h:127)
==268755==    by 0x12F934: allocate (allocator.h:185)
==268755==    by 0x12F934: std::allocator_traits<std::allocator<char> >::allocate(std::allocator<char>&, unsigned long) (alloc_traits.h:464)
==268755==    by 0x12FCCD: std::__cxx11::basic_string<char, std::char_traits<char>, std::allocator<char> >::_M_create(unsigned long&, unsigned long) (basic_string.tcc:153)
==268755==    by 0x130301: std::__cxx11::basic_string<char, std::char_traits<char>, std::allocator<char> >::_M_mutate(unsigned long, unsigned long, char const*, unsigned long) (basic_string.tcc:307)
==268755==    by 0x12FE5F: std::__cxx11::basic_string<char, std::char_traits<char>, std::allocator<char> >::_M_append(char const*, unsigned long) (basic_string.tcc:395)
==268755==    by 0x12F66C: std::__cxx11::basic_string<char, std::char_traits<char>, std::allocator<char> >::append(char const*) (basic_string.h:1260)
==268755==    by 0x12F2C2: std::__cxx11::basic_string<char, std::char_traits<char>, std::allocator<char> > std::operator+<char, std::char_traits<char>, std::allocator<char> >(std::__cxx11::basic_string<char, std::char_traits<char>, std::allocator<char> >&&, char const*) (basic_string.h:6208)
==268755==    by 0x12E792: getOnlyExecutablePath[abi:cxx11]() (test_main.cpp:25)
==268755==    by 0x12E873: getConfigFilePath[abi:cxx11]() (test_main.cpp:41)
==268755==    by 0x1B33C7: CATCH2_INTERNAL_TEST_0() (test_mysql_real.cpp:93)
==268755==    by 0x261743: Catch::TestInvokerAsFunction::invoke() const (catch_test_case_registry_impl.cpp:149)
==268755== 
==268755== 147 bytes in 1 blocks are still reachable in loss record 1,567 of 2,004
==268755==    at 0x4849013: operator new(unsigned long) (in /usr/libexec/valgrind/vgpreload_memcheck-amd64-linux.so)
==268755==    by 0x130468: __gnu_cxx::new_allocator<char>::allocate(unsigned long, void const*) (new_allocator.h:127)
==268755==    by 0x12F934: allocate (allocator.h:185)
==268755==    by 0x12F934: std::allocator_traits<std::allocator<char> >::allocate(std::allocator<char>&, unsigned long) (alloc_traits.h:464)
==268755==    by 0x12FCCD: std::__cxx11::basic_string<char, std::char_traits<char>, std::allocator<char> >::_M_create(unsigned long&, unsigned long) (basic_string.tcc:153)
==268755==    by 0x130301: std::__cxx11::basic_string<char, std::char_traits<char>, std::allocator<char> >::_M_mutate(unsigned long, unsigned long, char const*, unsigned long) (basic_string.tcc:307)
==268755==    by 0x155293: std::__cxx11::basic_string<char, std::char_traits<char>, std::allocator<char> >::_M_replace(unsigned long, unsigned long, char const*, unsigned long) (basic_string.tcc:498)
==268755==    by 0x152CF8: std::__cxx11::basic_string<char, std::char_traits<char>, std::allocator<char> >::replace(unsigned long, unsigned long, char const*, unsigned long) (basic_string.h:1960)
==268755==    by 0x162C71: std::__cxx11::basic_string<char, std::char_traits<char>, std::allocator<char> >::insert(unsigned long, char const*) (basic_string.h:1728)
==268755==    by 0x16292B: std::__cxx11::basic_string<char, std::char_traits<char>, std::allocator<char> > std::operator+<char, std::char_traits<char>, std::allocator<char> >(char const*, std::__cxx11::basic_string<char, std::char_traits<char>, std::allocator<char> >&&) (basic_string.h:6196)
==268755==    by 0x1B3001: CATCH2_INTERNAL_TEST_0()::{lambda()#1}::operator()() const (test_mysql_real.cpp:309)
==268755==    by 0x1B4DC5: void std::__invoke_impl<void, CATCH2_INTERNAL_TEST_0()::{lambda()#1}>(std::__invoke_other, CATCH2_INTERNAL_TEST_0()::{lambda()#1}&&) (invoke.h:61)
==268755==    by 0x1B4D88: std::__invoke_result<CATCH2_INTERNAL_TEST_0()::{lambda()#1}>::type std::__invoke<CATCH2_INTERNAL_TEST_0()::{lambda()#1}>(CATCH2_INTERNAL_TEST_0()::{lambda()#1}&&) (invoke.h:96)
==268755== 
==268755== 148 bytes in 9 blocks are still reachable in loss record 1,568 of 2,004
==268755==    at 0x4848899: malloc (in /usr/libexec/valgrind/vgpreload_memcheck-amd64-linux.so)
==268755==    by 0x56177D2: CRYPTO_strndup (in /usr/lib/x86_64-linux-gnu/libcrypto.so.3)
==268755==    by 0x5619521: ??? (in /usr/lib/x86_64-linux-gnu/libcrypto.so.3)
==268755==    by 0x5615FC0: ??? (in /usr/lib/x86_64-linux-gnu/libcrypto.so.3)
==268755==    by 0x5615B8A: ??? (in /usr/lib/x86_64-linux-gnu/libcrypto.so.3)
==268755==    by 0x56F4A6B: ??? (in /usr/lib/x86_64-linux-gnu/libcrypto.so.3)
==268755==    by 0x55EC302: EVP_CIPHER_fetch (in /usr/lib/x86_64-linux-gnu/libcrypto.so.3)
==268755==    by 0x53F137A: ??? (in /usr/lib/x86_64-linux-gnu/libssl.so.3)
==268755==    by 0x53F5161: SSL_CTX_new_ex (in /usr/lib/x86_64-linux-gnu/libssl.so.3)
==268755==    by 0x48F8280: ??? (in /usr/lib/x86_64-linux-gnu/libmysqlclient.so.21.2.42)
==268755==    by 0x489A042: ??? (in /usr/lib/x86_64-linux-gnu/libmysqlclient.so.21.2.42)
==268755==    by 0x489AD71: ??? (in /usr/lib/x86_64-linux-gnu/libmysqlclient.so.21.2.42)
==268755== 
==268755== 153 bytes in 7 blocks are still reachable in loss record 1,569 of 2,004
==268755==    at 0x4849013: operator new(unsigned long) (in /usr/libexec/valgrind/vgpreload_memcheck-amd64-linux.so)
==268755==    by 0x130468: __gnu_cxx::new_allocator<char>::allocate(unsigned long, void const*) (new_allocator.h:127)
==268755==    by 0x12F934: allocate (allocator.h:185)
==268755==    by 0x12F934: std::allocator_traits<std::allocator<char> >::allocate(std::allocator<char>&, unsigned long) (alloc_traits.h:464)
==268755==    by 0x12FCCD: std::__cxx11::basic_string<char, std::char_traits<char>, std::allocator<char> >::_M_create(unsigned long&, unsigned long) (basic_string.tcc:153)
==268755==    by 0x138C8E: void std::__cxx11::basic_string<char, std::char_traits<char>, std::allocator<char> >::_M_construct<char*>(char*, char*, std::forward_iterator_tag) (basic_string.tcc:219)
==268755==    by 0x138039: void std::__cxx11::basic_string<char, std::char_traits<char>, std::allocator<char> >::_M_construct_aux<char*>(char*, char*, std::__false_type) (basic_string.h:255)
==268755==    by 0x136D88: void std::__cxx11::basic_string<char, std::char_traits<char>, std::allocator<char> >::_M_construct<char*>(char*, char*) (basic_string.h:274)
==268755==    by 0x135B15: std::__cxx11::basic_string<char, std::char_traits<char>, std::allocator<char> >::basic_string(std::__cxx11::basic_string<char, std::char_traits<char>, std::allocator<char> > const&) (basic_string.h:459)
==268755==    by 0x20CF05: Catch::Clara::Detail::ParserRefImpl<Catch::Clara::Opt>::ParserRefImpl(Catch::Clara::Detail::ParserRefImpl<Catch::Clara::Opt> const&) (catch_clara.hpp:464)
==268755==    by 0x20D029: Catch::Clara::Opt::Opt(Catch::Clara::Opt const&) (catch_clara.hpp:540)
==268755==    by 0x211B31: void std::_Construct<Catch::Clara::Opt, Catch::Clara::Opt const&>(Catch::Clara::Opt*, Catch::Clara::Opt const&) (stl_construct.h:119)
==268755==    by 0x210EA7: Catch::Clara::Opt* std::__uninitialized_copy<false>::__uninit_copy<__gnu_cxx::__normal_iterator<Catch::Clara::Opt const*, std::vector<Catch::Clara::Opt, std::allocator<Catch::Clara::Opt> > >, Catch::Clara::Opt*>(__gnu_cxx::__normal_iterator<Catch::Clara::Opt const*, std::vector<Catch::Clara::Opt, std::allocator<Catch::Clara::Opt> > >, __gnu_cxx::__normal_iterator<Catch::Clara::Opt const*, std::vector<Catch::Clara::Opt, std::allocator<Catch::Clara::Opt> > >, Catch::Clara::Opt*) (stl_uninitialized.h:92)
==268755== 
==268755== 160 bytes in 3 blocks are still reachable in loss record 1,570 of 2,004
==268755==    at 0x4849013: operator new(unsigned long) (in /usr/libexec/valgrind/vgpreload_memcheck-amd64-linux.so)
==268755==    by 0x2EE3C7: __gnu_cxx::new_allocator<std::pair<YAML::detail::node*, YAML::detail::node*> >::allocate(unsigned long, void const*) (new_allocator.h:127)
==268755==    by 0x2EE0F1: std::allocator_traits<std::allocator<std::pair<YAML::detail::node*, YAML::detail::node*> > >::allocate(std::allocator<std::pair<YAML::detail::node*, YAML::detail::node*> >&, unsigned long) (alloc_traits.h:464)
==268755==    by 0x2EDD3F: std::_Vector_base<std::pair<YAML::detail::node*, YAML::detail::node*>, std::allocator<std::pair<YAML::detail::node*, YAML::detail::node*> > >::_M_allocate(unsigned long) (stl_vector.h:346)
==268755==    by 0x2ED6A4: void std::vector<std::pair<YAML::detail::node*, YAML::detail::node*>, std::allocator<std::pair<YAML::detail::node*, YAML::detail::node*> > >::_M_realloc_insert<YAML::detail::node*, YAML::detail::node*>(__gnu_cxx::__normal_iterator<std::pair<YAML::detail::node*, YAML::detail::node*>*, std::vector<std::pair<YAML::detail::node*, YAML::detail::node*>, std::allocator<std::pair<YAML::detail::node*, YAML::detail::node*> > > >, YAML::detail::node*&&, YAML::detail::node*&&) (vector.tcc:440)
==268755==    by 0x2ECEB3: std::pair<YAML::detail::node*, YAML::detail::node*>& std::vector<std::pair<YAML::detail::node*, YAML::detail::node*>, std::allocator<std::pair<YAML::detail::node*, YAML::detail::node*> > >::emplace_back<YAML::detail::node*, YAML::detail::node*>(YAML::detail::node*&&, YAML::detail::node*&&) (vector.tcc:121)
==268755==    by 0x2EBE48: YAML::detail::node_data::insert_map_pair(YAML::detail::node&, YAML::detail::node&) (node_data.cpp:283)
==268755==    by 0x2EB8FF: YAML::detail::node_data::insert(YAML::detail::node&, YAML::detail::node&, std::shared_ptr<YAML::detail::memory_holder> const&) (node_data.cpp:206)
==268755==    by 0x310970: YAML::detail::node_ref::insert(YAML::detail::node&, YAML::detail::node&, std::shared_ptr<YAML::detail::memory_holder>) (node_ref.h:58)
==268755==    by 0x310BB8: YAML::detail::node::insert(YAML::detail::node&, YAML::detail::node&, std::shared_ptr<YAML::detail::memory_holder>) (node.h:120)
==268755==    by 0x3106DA: YAML::NodeBuilder::Pop() (nodebuilder.cpp:117)
==268755==    by 0x310388: YAML::NodeBuilder::OnMapEnd() (nodebuilder.cpp:77)
==268755== 
==268755== 160 bytes in 4 blocks are still reachable in loss record 1,571 of 2,004
==268755==    at 0x4848899: malloc (in /usr/libexec/valgrind/vgpreload_memcheck-amd64-linux.so)
==268755==    by 0x561679D: CRYPTO_zalloc (in /usr/lib/x86_64-linux-gnu/libcrypto.so.3)
==268755==    by 0x55FAA05: EVP_RAND_CTX_new (in /usr/lib/x86_64-linux-gnu/libcrypto.so.3)
==268755==    by 0x56494B0: ??? (in /usr/lib/x86_64-linux-gnu/libcrypto.so.3)
==268755==    by 0x5649E27: RAND_get0_public (in /usr/lib/x86_64-linux-gnu/libcrypto.so.3)
==268755==    by 0x5649EE7: RAND_bytes_ex (in /usr/lib/x86_64-linux-gnu/libcrypto.so.3)
==268755==    by 0x53F5779: SSL_CTX_new_ex (in /usr/lib/x86_64-linux-gnu/libssl.so.3)
==268755==    by 0x48F8280: ??? (in /usr/lib/x86_64-linux-gnu/libmysqlclient.so.21.2.42)
==268755==    by 0x489A042: ??? (in /usr/lib/x86_64-linux-gnu/libmysqlclient.so.21.2.42)
==268755==    by 0x489AD71: ??? (in /usr/lib/x86_64-linux-gnu/libmysqlclient.so.21.2.42)
==268755==    by 0x48A3273: ??? (in /usr/lib/x86_64-linux-gnu/libmysqlclient.so.21.2.42)
==268755==    by 0x489EF82: mysql_real_connect (in /usr/lib/x86_64-linux-gnu/libmysqlclient.so.21.2.42)
==268755== 
==268755== 160 bytes in 4 blocks are still reachable in loss record 1,572 of 2,004
==268755==    at 0x4848899: malloc (in /usr/libexec/valgrind/vgpreload_memcheck-amd64-linux.so)
==268755==    by 0x561679D: CRYPTO_zalloc (in /usr/lib/x86_64-linux-gnu/libcrypto.so.3)
==268755==    by 0x55FAA05: EVP_RAND_CTX_new (in /usr/lib/x86_64-linux-gnu/libcrypto.so.3)
==268755==    by 0x56494B0: ??? (in /usr/lib/x86_64-linux-gnu/libcrypto.so.3)
==268755==    by 0x564A097: RAND_get0_private (in /usr/lib/x86_64-linux-gnu/libcrypto.so.3)
==268755==    by 0x564A157: RAND_priv_bytes_ex (in /usr/lib/x86_64-linux-gnu/libcrypto.so.3)
==268755==    by 0x53F5AA2: SSL_CTX_new_ex (in /usr/lib/x86_64-linux-gnu/libssl.so.3)
==268755==    by 0x48F8280: ??? (in /usr/lib/x86_64-linux-gnu/libmysqlclient.so.21.2.42)
==268755==    by 0x489A042: ??? (in /usr/lib/x86_64-linux-gnu/libmysqlclient.so.21.2.42)
==268755==    by 0x489AD71: ??? (in /usr/lib/x86_64-linux-gnu/libmysqlclient.so.21.2.42)
==268755==    by 0x48A3273: ??? (in /usr/lib/x86_64-linux-gnu/libmysqlclient.so.21.2.42)
==268755==    by 0x489EF82: mysql_real_connect (in /usr/lib/x86_64-linux-gnu/libmysqlclient.so.21.2.42)
==268755== 
==268755== 160 bytes in 5 blocks are still reachable in loss record 1,573 of 2,004
==268755==    at 0x4848899: malloc (in /usr/libexec/valgrind/vgpreload_memcheck-amd64-linux.so)
==268755==    by 0x561679D: CRYPTO_zalloc (in /usr/lib/x86_64-linux-gnu/libcrypto.so.3)
==268755==    by 0x5665352: OPENSSL_sk_new_reserve (in /usr/lib/x86_64-linux-gnu/libcrypto.so.3)
==268755==    by 0x5647EF2: ??? (in /usr/lib/x86_64-linux-gnu/libcrypto.so.3)
==268755==    by 0x55EBA69: ??? (in /usr/lib/x86_64-linux-gnu/libcrypto.so.3)
==268755==    by 0x560B85B: ??? (in /usr/lib/x86_64-linux-gnu/libcrypto.so.3)
==268755==    by 0x560B71B: ??? (in /usr/lib/x86_64-linux-gnu/libcrypto.so.3)
==268755==    by 0x562AD6A: ??? (in /usr/lib/x86_64-linux-gnu/libcrypto.so.3)
==268755==    by 0x56F44E7: ??? (in /usr/lib/x86_64-linux-gnu/libcrypto.so.3)
==268755==    by 0x56F4B3D: ??? (in /usr/lib/x86_64-linux-gnu/libcrypto.so.3)
==268755==    by 0x55F7222: EVP_RAND_fetch (in /usr/lib/x86_64-linux-gnu/libcrypto.so.3)
==268755==    by 0x56498AB: RAND_get0_primary (in /usr/lib/x86_64-linux-gnu/libcrypto.so.3)
==268755== 
==268755== 160 bytes in 5 blocks are still reachable in loss record 1,574 of 2,004
==268755==    at 0x4848899: malloc (in /usr/libexec/valgrind/vgpreload_memcheck-amd64-linux.so)
==268755==    by 0x561679D: CRYPTO_zalloc (in /usr/lib/x86_64-linux-gnu/libcrypto.so.3)
==268755==    by 0x5663872: ??? (in /usr/lib/x86_64-linux-gnu/libcrypto.so.3)
==268755==    by 0x5663952: OPENSSL_sk_insert (in /usr/lib/x86_64-linux-gnu/libcrypto.so.3)
==268755==    by 0x5647EAA: ??? (in /usr/lib/x86_64-linux-gnu/libcrypto.so.3)
==268755==    by 0x55EBA69: ??? (in /usr/lib/x86_64-linux-gnu/libcrypto.so.3)
==268755==    by 0x560B85B: ??? (in /usr/lib/x86_64-linux-gnu/libcrypto.so.3)
==268755==    by 0x560B71B: ??? (in /usr/lib/x86_64-linux-gnu/libcrypto.so.3)
==268755==    by 0x562AD6A: ??? (in /usr/lib/x86_64-linux-gnu/libcrypto.so.3)
==268755==    by 0x56F44E7: ??? (in /usr/lib/x86_64-linux-gnu/libcrypto.so.3)
==268755==    by 0x56F4B3D: ??? (in /usr/lib/x86_64-linux-gnu/libcrypto.so.3)
==268755==    by 0x55F7222: EVP_RAND_fetch (in /usr/lib/x86_64-linux-gnu/libcrypto.so.3)
==268755== 
==268755== 160 bytes in 5 blocks are possibly lost in loss record 1,575 of 2,004
==268755==    at 0x4848899: malloc (in /usr/libexec/valgrind/vgpreload_memcheck-amd64-linux.so)
==268755==    by 0x561679D: CRYPTO_zalloc (in /usr/lib/x86_64-linux-gnu/libcrypto.so.3)
==268755==    by 0x5665352: OPENSSL_sk_new_reserve (in /usr/lib/x86_64-linux-gnu/libcrypto.so.3)
==268755==    by 0x568FC6B: X509_STORE_new (in /usr/lib/x86_64-linux-gnu/libcrypto.so.3)
==268755==    by 0x53F50EA: SSL_CTX_new_ex (in /usr/lib/x86_64-linux-gnu/libssl.so.3)
==268755==    by 0x48F8280: ??? (in /usr/lib/x86_64-linux-gnu/libmysqlclient.so.21.2.42)
==268755==    by 0x489A042: ??? (in /usr/lib/x86_64-linux-gnu/libmysqlclient.so.21.2.42)
==268755==    by 0x489AD71: ??? (in /usr/lib/x86_64-linux-gnu/libmysqlclient.so.21.2.42)
==268755==    by 0x48A3273: ??? (in /usr/lib/x86_64-linux-gnu/libmysqlclient.so.21.2.42)
==268755==    by 0x489EF82: mysql_real_connect (in /usr/lib/x86_64-linux-gnu/libmysqlclient.so.21.2.42)
==268755==    by 0x1EC2E1: cpp_dbc::MySQL::MySQLConnection::MySQLConnection(std::__cxx11::basic_string<char, std::char_traits<char>, std::allocator<char> > const&, int, std::__cxx11::basic_string<char, std::char_traits<char>, std::allocator<char> > const&, std::__cxx11::basic_string<char, std::char_traits<char>, std::allocator<char> > const&, std::__cxx11::basic_string<char, std::char_traits<char>, std::allocator<char> > const&) (driver_mysql.cpp:624)
==268755==    by 0x1F6A72: decltype (::new ((void*)(0)) cpp_dbc::MySQL::MySQLConnection((declval<std::__cxx11::basic_string<char, std::char_traits<char>, std::allocator<char> >&>)(), (declval<int&>)(), (declval<std::__cxx11::basic_string<char, std::char_traits<char>, std::allocator<char> >&>)(), (declval<std::__cxx11::basic_string<char, std::char_traits<char>, std::allocator<char> > const&>)(), (declval<std::__cxx11::basic_string<char, std::char_traits<char>, std::allocator<char> > const&>)())) std::construct_at<cpp_dbc::MySQL::MySQLConnection, std::__cxx11::basic_string<char, std::char_traits<char>, std::allocator<char> >&, int&, std::__cxx11::basic_string<char, std::char_traits<char>, std::allocator<char> >&, std::__cxx11::basic_string<char, std::char_traits<char>, std::allocator<char> > const&, std::__cxx11::basic_string<char, std::char_traits<char>, std::allocator<char> > const&>(cpp_dbc::MySQL::MySQLConnection*, std::__cxx11::basic_string<char, std::char_traits<char>, std::allocator<char> >&, int&, std::__cxx11::basic_string<char, std::char_traits<char>, std::allocator<char> >&, std::__cxx11::basic_string<char, std::char_traits<char>, std::allocator<char> > const&, std::__cxx11::basic_string<char, std::char_traits<char>, std::allocator<char> > const&) (stl_construct.h:97)
==268755== 
==268755== 160 bytes in 5 blocks are possibly lost in loss record 1,576 of 2,004
==268755==    at 0x4848899: malloc (in /usr/libexec/valgrind/vgpreload_memcheck-amd64-linux.so)
==268755==    by 0x561679D: CRYPTO_zalloc (in /usr/lib/x86_64-linux-gnu/libcrypto.so.3)
==268755==    by 0x5665352: OPENSSL_sk_new_reserve (in /usr/lib/x86_64-linux-gnu/libcrypto.so.3)
==268755==    by 0x568FC86: X509_STORE_new (in /usr/lib/x86_64-linux-gnu/libcrypto.so.3)
==268755==    by 0x53F50EA: SSL_CTX_new_ex (in /usr/lib/x86_64-linux-gnu/libssl.so.3)
==268755==    by 0x48F8280: ??? (in /usr/lib/x86_64-linux-gnu/libmysqlclient.so.21.2.42)
==268755==    by 0x489A042: ??? (in /usr/lib/x86_64-linux-gnu/libmysqlclient.so.21.2.42)
==268755==    by 0x489AD71: ??? (in /usr/lib/x86_64-linux-gnu/libmysqlclient.so.21.2.42)
==268755==    by 0x48A3273: ??? (in /usr/lib/x86_64-linux-gnu/libmysqlclient.so.21.2.42)
==268755==    by 0x489EF82: mysql_real_connect (in /usr/lib/x86_64-linux-gnu/libmysqlclient.so.21.2.42)
==268755==    by 0x1EC2E1: cpp_dbc::MySQL::MySQLConnection::MySQLConnection(std::__cxx11::basic_string<char, std::char_traits<char>, std::allocator<char> > const&, int, std::__cxx11::basic_string<char, std::char_traits<char>, std::allocator<char> > const&, std::__cxx11::basic_string<char, std::char_traits<char>, std::allocator<char> > const&, std::__cxx11::basic_string<char, std::char_traits<char>, std::allocator<char> > const&) (driver_mysql.cpp:624)
==268755==    by 0x1F6A72: decltype (::new ((void*)(0)) cpp_dbc::MySQL::MySQLConnection((declval<std::__cxx11::basic_string<char, std::char_traits<char>, std::allocator<char> >&>)(), (declval<int&>)(), (declval<std::__cxx11::basic_string<char, std::char_traits<char>, std::allocator<char> >&>)(), (declval<std::__cxx11::basic_string<char, std::char_traits<char>, std::allocator<char> > const&>)(), (declval<std::__cxx11::basic_string<char, std::char_traits<char>, std::allocator<char> > const&>)())) std::construct_at<cpp_dbc::MySQL::MySQLConnection, std::__cxx11::basic_string<char, std::char_traits<char>, std::allocator<char> >&, int&, std::__cxx11::basic_string<char, std::char_traits<char>, std::allocator<char> >&, std::__cxx11::basic_string<char, std::char_traits<char>, std::allocator<char> > const&, std::__cxx11::basic_string<char, std::char_traits<char>, std::allocator<char> > const&>(cpp_dbc::MySQL::MySQLConnection*, std::__cxx11::basic_string<char, std::char_traits<char>, std::allocator<char> >&, int&, std::__cxx11::basic_string<char, std::char_traits<char>, std::allocator<char> >&, std::__cxx11::basic_string<char, std::char_traits<char>, std::allocator<char> > const&, std::__cxx11::basic_string<char, std::char_traits<char>, std::allocator<char> > const&) (stl_construct.h:97)
==268755== 
==268755== 160 bytes in 5 blocks are possibly lost in loss record 1,577 of 2,004
==268755==    at 0x4848899: malloc (in /usr/libexec/valgrind/vgpreload_memcheck-amd64-linux.so)
==268755==    by 0x561679D: CRYPTO_zalloc (in /usr/lib/x86_64-linux-gnu/libcrypto.so.3)
==268755==    by 0x5665352: OPENSSL_sk_new_reserve (in /usr/lib/x86_64-linux-gnu/libcrypto.so.3)
==268755==    by 0x557A17F: CTLOG_STORE_new_ex (in /usr/lib/x86_64-linux-gnu/libcrypto.so.3)
==268755==    by 0x53F5106: SSL_CTX_new_ex (in /usr/lib/x86_64-linux-gnu/libssl.so.3)
==268755==    by 0x48F8280: ??? (in /usr/lib/x86_64-linux-gnu/libmysqlclient.so.21.2.42)
==268755==    by 0x489A042: ??? (in /usr/lib/x86_64-linux-gnu/libmysqlclient.so.21.2.42)
==268755==    by 0x489AD71: ??? (in /usr/lib/x86_64-linux-gnu/libmysqlclient.so.21.2.42)
==268755==    by 0x48A3273: ??? (in /usr/lib/x86_64-linux-gnu/libmysqlclient.so.21.2.42)
==268755==    by 0x489EF82: mysql_real_connect (in /usr/lib/x86_64-linux-gnu/libmysqlclient.so.21.2.42)
==268755==    by 0x1EC2E1: cpp_dbc::MySQL::MySQLConnection::MySQLConnection(std::__cxx11::basic_string<char, std::char_traits<char>, std::allocator<char> > const&, int, std::__cxx11::basic_string<char, std::char_traits<char>, std::allocator<char> > const&, std::__cxx11::basic_string<char, std::char_traits<char>, std::allocator<char> > const&, std::__cxx11::basic_string<char, std::char_traits<char>, std::allocator<char> > const&) (driver_mysql.cpp:624)
==268755==    by 0x1F6A72: decltype (::new ((void*)(0)) cpp_dbc::MySQL::MySQLConnection((declval<std::__cxx11::basic_string<char, std::char_traits<char>, std::allocator<char> >&>)(), (declval<int&>)(), (declval<std::__cxx11::basic_string<char, std::char_traits<char>, std::allocator<char> >&>)(), (declval<std::__cxx11::basic_string<char, std::char_traits<char>, std::allocator<char> > const&>)(), (declval<std::__cxx11::basic_string<char, std::char_traits<char>, std::allocator<char> > const&>)())) std::construct_at<cpp_dbc::MySQL::MySQLConnection, std::__cxx11::basic_string<char, std::char_traits<char>, std::allocator<char> >&, int&, std::__cxx11::basic_string<char, std::char_traits<char>, std::allocator<char> >&, std::__cxx11::basic_string<char, std::char_traits<char>, std::allocator<char> > const&, std::__cxx11::basic_string<char, std::char_traits<char>, std::allocator<char> > const&>(cpp_dbc::MySQL::MySQLConnection*, std::__cxx11::basic_string<char, std::char_traits<char>, std::allocator<char> >&, int&, std::__cxx11::basic_string<char, std::char_traits<char>, std::allocator<char> >&, std::__cxx11::basic_string<char, std::char_traits<char>, std::allocator<char> > const&, std::__cxx11::basic_string<char, std::char_traits<char>, std::allocator<char> > const&) (stl_construct.h:97)
==268755== 
==268755== 160 bytes in 5 blocks are possibly lost in loss record 1,578 of 2,004
==268755==    at 0x4848899: malloc (in /usr/libexec/valgrind/vgpreload_memcheck-amd64-linux.so)
==268755==    by 0x561679D: CRYPTO_zalloc (in /usr/lib/x86_64-linux-gnu/libcrypto.so.3)
==268755==    by 0x5665352: OPENSSL_sk_new_reserve (in /usr/lib/x86_64-linux-gnu/libcrypto.so.3)
==268755==    by 0x53DF3AE: ??? (in /usr/lib/x86_64-linux-gnu/libssl.so.3)
==268755==    by 0x53E3A00: SSL_CTX_set_ciphersuites (in /usr/lib/x86_64-linux-gnu/libssl.so.3)
==268755==    by 0x53F563D: SSL_CTX_new_ex (in /usr/lib/x86_64-linux-gnu/libssl.so.3)
==268755==    by 0x48F8280: ??? (in /usr/lib/x86_64-linux-gnu/libmysqlclient.so.21.2.42)
==268755==    by 0x489A042: ??? (in /usr/lib/x86_64-linux-gnu/libmysqlclient.so.21.2.42)
==268755==    by 0x489AD71: ??? (in /usr/lib/x86_64-linux-gnu/libmysqlclient.so.21.2.42)
==268755==    by 0x48A3273: ??? (in /usr/lib/x86_64-linux-gnu/libmysqlclient.so.21.2.42)
==268755==    by 0x489EF82: mysql_real_connect (in /usr/lib/x86_64-linux-gnu/libmysqlclient.so.21.2.42)
==268755==    by 0x1EC2E1: cpp_dbc::MySQL::MySQLConnection::MySQLConnection(std::__cxx11::basic_string<char, std::char_traits<char>, std::allocator<char> > const&, int, std::__cxx11::basic_string<char, std::char_traits<char>, std::allocator<char> > const&, std::__cxx11::basic_string<char, std::char_traits<char>, std::allocator<char> > const&, std::__cxx11::basic_string<char, std::char_traits<char>, std::allocator<char> > const&) (driver_mysql.cpp:624)
==268755== 
==268755== 160 bytes in 5 blocks are possibly lost in loss record 1,579 of 2,004
==268755==    at 0x4848899: malloc (in /usr/libexec/valgrind/vgpreload_memcheck-amd64-linux.so)
==268755==    by 0x561679D: CRYPTO_zalloc (in /usr/lib/x86_64-linux-gnu/libcrypto.so.3)
==268755==    by 0x5663872: ??? (in /usr/lib/x86_64-linux-gnu/libcrypto.so.3)
==268755==    by 0x5663952: OPENSSL_sk_insert (in /usr/lib/x86_64-linux-gnu/libcrypto.so.3)
==268755==    by 0x53DE117: ??? (in /usr/lib/x86_64-linux-gnu/libssl.so.3)
==268755==    by 0x5574488: CONF_parse_list (in /usr/lib/x86_64-linux-gnu/libcrypto.so.3)
==268755==    by 0x53DF3DD: ??? (in /usr/lib/x86_64-linux-gnu/libssl.so.3)
==268755==    by 0x53E3A00: SSL_CTX_set_ciphersuites (in /usr/lib/x86_64-linux-gnu/libssl.so.3)
==268755==    by 0x53F563D: SSL_CTX_new_ex (in /usr/lib/x86_64-linux-gnu/libssl.so.3)
==268755==    by 0x48F8280: ??? (in /usr/lib/x86_64-linux-gnu/libmysqlclient.so.21.2.42)
==268755==    by 0x489A042: ??? (in /usr/lib/x86_64-linux-gnu/libmysqlclient.so.21.2.42)
==268755==    by 0x489AD71: ??? (in /usr/lib/x86_64-linux-gnu/libmysqlclient.so.21.2.42)
==268755== 
==268755== 160 bytes in 5 blocks are possibly lost in loss record 1,580 of 2,004
==268755==    at 0x4848899: malloc (in /usr/libexec/valgrind/vgpreload_memcheck-amd64-linux.so)
==268755==    by 0x561679D: CRYPTO_zalloc (in /usr/lib/x86_64-linux-gnu/libcrypto.so.3)
==268755==    by 0x5665352: OPENSSL_sk_new_reserve (in /usr/lib/x86_64-linux-gnu/libcrypto.so.3)
==268755==    by 0x53F56D7: SSL_CTX_new_ex (in /usr/lib/x86_64-linux-gnu/libssl.so.3)
==268755==    by 0x48F8280: ??? (in /usr/lib/x86_64-linux-gnu/libmysqlclient.so.21.2.42)
==268755==    by 0x489A042: ??? (in /usr/lib/x86_64-linux-gnu/libmysqlclient.so.21.2.42)
==268755==    by 0x489AD71: ??? (in /usr/lib/x86_64-linux-gnu/libmysqlclient.so.21.2.42)
==268755==    by 0x48A3273: ??? (in /usr/lib/x86_64-linux-gnu/libmysqlclient.so.21.2.42)
==268755==    by 0x489EF82: mysql_real_connect (in /usr/lib/x86_64-linux-gnu/libmysqlclient.so.21.2.42)
==268755==    by 0x1EC2E1: cpp_dbc::MySQL::MySQLConnection::MySQLConnection(std::__cxx11::basic_string<char, std::char_traits<char>, std::allocator<char> > const&, int, std::__cxx11::basic_string<char, std::char_traits<char>, std::allocator<char> > const&, std::__cxx11::basic_string<char, std::char_traits<char>, std::allocator<char> > const&, std::__cxx11::basic_string<char, std::char_traits<char>, std::allocator<char> > const&) (driver_mysql.cpp:624)
==268755==    by 0x1F6A72: decltype (::new ((void*)(0)) cpp_dbc::MySQL::MySQLConnection((declval<std::__cxx11::basic_string<char, std::char_traits<char>, std::allocator<char> >&>)(), (declval<int&>)(), (declval<std::__cxx11::basic_string<char, std::char_traits<char>, std::allocator<char> >&>)(), (declval<std::__cxx11::basic_string<char, std::char_traits<char>, std::allocator<char> > const&>)(), (declval<std::__cxx11::basic_string<char, std::char_traits<char>, std::allocator<char> > const&>)())) std::construct_at<cpp_dbc::MySQL::MySQLConnection, std::__cxx11::basic_string<char, std::char_traits<char>, std::allocator<char> >&, int&, std::__cxx11::basic_string<char, std::char_traits<char>, std::allocator<char> >&, std::__cxx11::basic_string<char, std::char_traits<char>, std::allocator<char> > const&, std::__cxx11::basic_string<char, std::char_traits<char>, std::allocator<char> > const&>(cpp_dbc::MySQL::MySQLConnection*, std::__cxx11::basic_string<char, std::char_traits<char>, std::allocator<char> >&, int&, std::__cxx11::basic_string<char, std::char_traits<char>, std::allocator<char> >&, std::__cxx11::basic_string<char, std::char_traits<char>, std::allocator<char> > const&, std::__cxx11::basic_string<char, std::char_traits<char>, std::allocator<char> > const&) (stl_construct.h:97)
==268755==    by 0x1F6B2E: void std::allocator_traits<std::allocator<cpp_dbc::MySQL::MySQLConnection> >::construct<cpp_dbc::MySQL::MySQLConnection, std::__cxx11::basic_string<char, std::char_traits<char>, std::allocator<char> >&, int&, std::__cxx11::basic_string<char, std::char_traits<char>, std::allocator<char> >&, std::__cxx11::basic_string<char, std::char_traits<char>, std::allocator<char> > const&, std::__cxx11::basic_string<char, std::char_traits<char>, std::allocator<char> > const&>(std::allocator<cpp_dbc::MySQL::MySQLConnection>&, cpp_dbc::MySQL::MySQLConnection*, std::__cxx11::basic_string<char, std::char_traits<char>, std::allocator<char> >&, int&, std::__cxx11::basic_string<char, std::char_traits<char>, std::allocator<char> >&, std::__cxx11::basic_string<char, std::char_traits<char>, std::allocator<char> > const&, std::__cxx11::basic_string<char, std::char_traits<char>, std::allocator<char> > const&) (alloc_traits.h:518)
==268755== 
==268755== 160 bytes in 5 blocks are possibly lost in loss record 1,581 of 2,004
==268755==    at 0x4848899: malloc (in /usr/libexec/valgrind/vgpreload_memcheck-amd64-linux.so)
==268755==    by 0x561679D: CRYPTO_zalloc (in /usr/lib/x86_64-linux-gnu/libcrypto.so.3)
==268755==    by 0x5665352: OPENSSL_sk_new_reserve (in /usr/lib/x86_64-linux-gnu/libcrypto.so.3)
==268755==    by 0x53F56EC: SSL_CTX_new_ex (in /usr/lib/x86_64-linux-gnu/libssl.so.3)
==268755==    by 0x48F8280: ??? (in /usr/lib/x86_64-linux-gnu/libmysqlclient.so.21.2.42)
==268755==    by 0x489A042: ??? (in /usr/lib/x86_64-linux-gnu/libmysqlclient.so.21.2.42)
==268755==    by 0x489AD71: ??? (in /usr/lib/x86_64-linux-gnu/libmysqlclient.so.21.2.42)
==268755==    by 0x48A3273: ??? (in /usr/lib/x86_64-linux-gnu/libmysqlclient.so.21.2.42)
==268755==    by 0x489EF82: mysql_real_connect (in /usr/lib/x86_64-linux-gnu/libmysqlclient.so.21.2.42)
==268755==    by 0x1EC2E1: cpp_dbc::MySQL::MySQLConnection::MySQLConnection(std::__cxx11::basic_string<char, std::char_traits<char>, std::allocator<char> > const&, int, std::__cxx11::basic_string<char, std::char_traits<char>, std::allocator<char> > const&, std::__cxx11::basic_string<char, std::char_traits<char>, std::allocator<char> > const&, std::__cxx11::basic_string<char, std::char_traits<char>, std::allocator<char> > const&) (driver_mysql.cpp:624)
==268755==    by 0x1F6A72: decltype (::new ((void*)(0)) cpp_dbc::MySQL::MySQLConnection((declval<std::__cxx11::basic_string<char, std::char_traits<char>, std::allocator<char> >&>)(), (declval<int&>)(), (declval<std::__cxx11::basic_string<char, std::char_traits<char>, std::allocator<char> >&>)(), (declval<std::__cxx11::basic_string<char, std::char_traits<char>, std::allocator<char> > const&>)(), (declval<std::__cxx11::basic_string<char, std::char_traits<char>, std::allocator<char> > const&>)())) std::construct_at<cpp_dbc::MySQL::MySQLConnection, std::__cxx11::basic_string<char, std::char_traits<char>, std::allocator<char> >&, int&, std::__cxx11::basic_string<char, std::char_traits<char>, std::allocator<char> >&, std::__cxx11::basic_string<char, std::char_traits<char>, std::allocator<char> > const&, std::__cxx11::basic_string<char, std::char_traits<char>, std::allocator<char> > const&>(cpp_dbc::MySQL::MySQLConnection*, std::__cxx11::basic_string<char, std::char_traits<char>, std::allocator<char> >&, int&, std::__cxx11::basic_string<char, std::char_traits<char>, std::allocator<char> >&, std::__cxx11::basic_string<char, std::char_traits<char>, std::allocator<char> > const&, std::__cxx11::basic_string<char, std::char_traits<char>, std::allocator<char> > const&) (stl_construct.h:97)
==268755==    by 0x1F6B2E: void std::allocator_traits<std::allocator<cpp_dbc::MySQL::MySQLConnection> >::construct<cpp_dbc::MySQL::MySQLConnection, std::__cxx11::basic_string<char, std::char_traits<char>, std::allocator<char> >&, int&, std::__cxx11::basic_string<char, std::char_traits<char>, std::allocator<char> >&, std::__cxx11::basic_string<char, std::char_traits<char>, std::allocator<char> > const&, std::__cxx11::basic_string<char, std::char_traits<char>, std::allocator<char> > const&>(std::allocator<cpp_dbc::MySQL::MySQLConnection>&, cpp_dbc::MySQL::MySQLConnection*, std::__cxx11::basic_string<char, std::char_traits<char>, std::allocator<char> >&, int&, std::__cxx11::basic_string<char, std::char_traits<char>, std::allocator<char> >&, std::__cxx11::basic_string<char, std::char_traits<char>, std::allocator<char> > const&, std::__cxx11::basic_string<char, std::char_traits<char>, std::allocator<char> > const&) (alloc_traits.h:518)
==268755== 
==268755== 160 bytes in 5 blocks are possibly lost in loss record 1,582 of 2,004
==268755==    at 0x4848899: malloc (in /usr/libexec/valgrind/vgpreload_memcheck-amd64-linux.so)
==268755==    by 0x561679D: CRYPTO_zalloc (in /usr/lib/x86_64-linux-gnu/libcrypto.so.3)
==268755==    by 0x5665352: OPENSSL_sk_new_reserve (in /usr/lib/x86_64-linux-gnu/libcrypto.so.3)
==268755==    by 0x53E4C7A: ??? (in /usr/lib/x86_64-linux-gnu/libssl.so.3)
==268755==    by 0x53EE955: SSL_CTX_set_cipher_list (in /usr/lib/x86_64-linux-gnu/libssl.so.3)
==268755==    by 0x48F8368: ??? (in /usr/lib/x86_64-linux-gnu/libmysqlclient.so.21.2.42)
==268755==    by 0x489A042: ??? (in /usr/lib/x86_64-linux-gnu/libmysqlclient.so.21.2.42)
==268755==    by 0x489AD71: ??? (in /usr/lib/x86_64-linux-gnu/libmysqlclient.so.21.2.42)
==268755==    by 0x48A3273: ??? (in /usr/lib/x86_64-linux-gnu/libmysqlclient.so.21.2.42)
==268755==    by 0x489EF82: mysql_real_connect (in /usr/lib/x86_64-linux-gnu/libmysqlclient.so.21.2.42)
==268755==    by 0x1EC2E1: cpp_dbc::MySQL::MySQLConnection::MySQLConnection(std::__cxx11::basic_string<char, std::char_traits<char>, std::allocator<char> > const&, int, std::__cxx11::basic_string<char, std::char_traits<char>, std::allocator<char> > const&, std::__cxx11::basic_string<char, std::char_traits<char>, std::allocator<char> > const&, std::__cxx11::basic_string<char, std::char_traits<char>, std::allocator<char> > const&) (driver_mysql.cpp:624)
==268755==    by 0x1F6A72: decltype (::new ((void*)(0)) cpp_dbc::MySQL::MySQLConnection((declval<std::__cxx11::basic_string<char, std::char_traits<char>, std::allocator<char> >&>)(), (declval<int&>)(), (declval<std::__cxx11::basic_string<char, std::char_traits<char>, std::allocator<char> >&>)(), (declval<std::__cxx11::basic_string<char, std::char_traits<char>, std::allocator<char> > const&>)(), (declval<std::__cxx11::basic_string<char, std::char_traits<char>, std::allocator<char> > const&>)())) std::construct_at<cpp_dbc::MySQL::MySQLConnection, std::__cxx11::basic_string<char, std::char_traits<char>, std::allocator<char> >&, int&, std::__cxx11::basic_string<char, std::char_traits<char>, std::allocator<char> >&, std::__cxx11::basic_string<char, std::char_traits<char>, std::allocator<char> > const&, std::__cxx11::basic_string<char, std::char_traits<char>, std::allocator<char> > const&>(cpp_dbc::MySQL::MySQLConnection*, std::__cxx11::basic_string<char, std::char_traits<char>, std::allocator<char> >&, int&, std::__cxx11::basic_string<char, std::char_traits<char>, std::allocator<char> >&, std::__cxx11::basic_string<char, std::char_traits<char>, std::allocator<char> > const&, std::__cxx11::basic_string<char, std::char_traits<char>, std::allocator<char> > const&) (stl_construct.h:97)
==268755== 
==268755== 160 bytes in 5 blocks are possibly lost in loss record 1,583 of 2,004
==268755==    at 0x4848899: malloc (in /usr/libexec/valgrind/vgpreload_memcheck-amd64-linux.so)
==268755==    by 0x56650A3: OPENSSL_sk_dup (in /usr/lib/x86_64-linux-gnu/libcrypto.so.3)
==268755==    by 0x53E4E2D: ??? (in /usr/lib/x86_64-linux-gnu/libssl.so.3)
==268755==    by 0x53EE955: SSL_CTX_set_cipher_list (in /usr/lib/x86_64-linux-gnu/libssl.so.3)
==268755==    by 0x48F8368: ??? (in /usr/lib/x86_64-linux-gnu/libmysqlclient.so.21.2.42)
==268755==    by 0x489A042: ??? (in /usr/lib/x86_64-linux-gnu/libmysqlclient.so.21.2.42)
==268755==    by 0x489AD71: ??? (in /usr/lib/x86_64-linux-gnu/libmysqlclient.so.21.2.42)
==268755==    by 0x48A3273: ??? (in /usr/lib/x86_64-linux-gnu/libmysqlclient.so.21.2.42)
==268755==    by 0x489EF82: mysql_real_connect (in /usr/lib/x86_64-linux-gnu/libmysqlclient.so.21.2.42)
==268755==    by 0x1EC2E1: cpp_dbc::MySQL::MySQLConnection::MySQLConnection(std::__cxx11::basic_string<char, std::char_traits<char>, std::allocator<char> > const&, int, std::__cxx11::basic_string<char, std::char_traits<char>, std::allocator<char> > const&, std::__cxx11::basic_string<char, std::char_traits<char>, std::allocator<char> > const&, std::__cxx11::basic_string<char, std::char_traits<char>, std::allocator<char> > const&) (driver_mysql.cpp:624)
==268755==    by 0x1F6A72: decltype (::new ((void*)(0)) cpp_dbc::MySQL::MySQLConnection((declval<std::__cxx11::basic_string<char, std::char_traits<char>, std::allocator<char> >&>)(), (declval<int&>)(), (declval<std::__cxx11::basic_string<char, std::char_traits<char>, std::allocator<char> >&>)(), (declval<std::__cxx11::basic_string<char, std::char_traits<char>, std::allocator<char> > const&>)(), (declval<std::__cxx11::basic_string<char, std::char_traits<char>, std::allocator<char> > const&>)())) std::construct_at<cpp_dbc::MySQL::MySQLConnection, std::__cxx11::basic_string<char, std::char_traits<char>, std::allocator<char> >&, int&, std::__cxx11::basic_string<char, std::char_traits<char>, std::allocator<char> >&, std::__cxx11::basic_string<char, std::char_traits<char>, std::allocator<char> > const&, std::__cxx11::basic_string<char, std::char_traits<char>, std::allocator<char> > const&>(cpp_dbc::MySQL::MySQLConnection*, std::__cxx11::basic_string<char, std::char_traits<char>, std::allocator<char> >&, int&, std::__cxx11::basic_string<char, std::char_traits<char>, std::allocator<char> >&, std::__cxx11::basic_string<char, std::char_traits<char>, std::allocator<char> > const&, std::__cxx11::basic_string<char, std::char_traits<char>, std::allocator<char> > const&) (stl_construct.h:97)
==268755==    by 0x1F6B2E: void std::allocator_traits<std::allocator<cpp_dbc::MySQL::MySQLConnection> >::construct<cpp_dbc::MySQL::MySQLConnection, std::__cxx11::basic_string<char, std::char_traits<char>, std::allocator<char> >&, int&, std::__cxx11::basic_string<char, std::char_traits<char>, std::allocator<char> >&, std::__cxx11::basic_string<char, std::char_traits<char>, std::allocator<char> > const&, std::__cxx11::basic_string<char, std::char_traits<char>, std::allocator<char> > const&>(std::allocator<cpp_dbc::MySQL::MySQLConnection>&, cpp_dbc::MySQL::MySQLConnection*, std::__cxx11::basic_string<char, std::char_traits<char>, std::allocator<char> >&, int&, std::__cxx11::basic_string<char, std::char_traits<char>, std::allocator<char> >&, std::__cxx11::basic_string<char, std::char_traits<char>, std::allocator<char> > const&, std::__cxx11::basic_string<char, std::char_traits<char>, std::allocator<char> > const&) (alloc_traits.h:518)
==268755== 
==268755== 160 bytes in 5 blocks are possibly lost in loss record 1,584 of 2,004
==268755==    at 0x4848899: malloc (in /usr/libexec/valgrind/vgpreload_memcheck-amd64-linux.so)
==268755==    by 0x561679D: CRYPTO_zalloc (in /usr/lib/x86_64-linux-gnu/libcrypto.so.3)
==268755==    by 0x5688CB3: X509_LOOKUP_new (in /usr/lib/x86_64-linux-gnu/libcrypto.so.3)
==268755==    by 0x5688E99: X509_STORE_add_lookup (in /usr/lib/x86_64-linux-gnu/libcrypto.so.3)
==268755==    by 0x568F900: X509_STORE_set_default_paths_ex (in /usr/lib/x86_64-linux-gnu/libcrypto.so.3)
==268755==    by 0x48F8BDF: ??? (in /usr/lib/x86_64-linux-gnu/libmysqlclient.so.21.2.42)
==268755==    by 0x489A042: ??? (in /usr/lib/x86_64-linux-gnu/libmysqlclient.so.21.2.42)
==268755==    by 0x489AD71: ??? (in /usr/lib/x86_64-linux-gnu/libmysqlclient.so.21.2.42)
==268755==    by 0x48A3273: ??? (in /usr/lib/x86_64-linux-gnu/libmysqlclient.so.21.2.42)
==268755==    by 0x489EF82: mysql_real_connect (in /usr/lib/x86_64-linux-gnu/libmysqlclient.so.21.2.42)
==268755==    by 0x1EC2E1: cpp_dbc::MySQL::MySQLConnection::MySQLConnection(std::__cxx11::basic_string<char, std::char_traits<char>, std::allocator<char> > const&, int, std::__cxx11::basic_string<char, std::char_traits<char>, std::allocator<char> > const&, std::__cxx11::basic_string<char, std::char_traits<char>, std::allocator<char> > const&, std::__cxx11::basic_string<char, std::char_traits<char>, std::allocator<char> > const&) (driver_mysql.cpp:624)
==268755==    by 0x1F6A72: decltype (::new ((void*)(0)) cpp_dbc::MySQL::MySQLConnection((declval<std::__cxx11::basic_string<char, std::char_traits<char>, std::allocator<char> >&>)(), (declval<int&>)(), (declval<std::__cxx11::basic_string<char, std::char_traits<char>, std::allocator<char> >&>)(), (declval<std::__cxx11::basic_string<char, std::char_traits<char>, std::allocator<char> > const&>)(), (declval<std::__cxx11::basic_string<char, std::char_traits<char>, std::allocator<char> > const&>)())) std::construct_at<cpp_dbc::MySQL::MySQLConnection, std::__cxx11::basic_string<char, std::char_traits<char>, std::allocator<char> >&, int&, std::__cxx11::basic_string<char, std::char_traits<char>, std::allocator<char> >&, std::__cxx11::basic_string<char, std::char_traits<char>, std::allocator<char> > const&, std::__cxx11::basic_string<char, std::char_traits<char>, std::allocator<char> > const&>(cpp_dbc::MySQL::MySQLConnection*, std::__cxx11::basic_string<char, std::char_traits<char>, std::allocator<char> >&, int&, std::__cxx11::basic_string<char, std::char_traits<char>, std::allocator<char> >&, std::__cxx11::basic_string<char, std::char_traits<char>, std::allocator<char> > const&, std::__cxx11::basic_string<char, std::char_traits<char>, std::allocator<char> > const&) (stl_construct.h:97)
==268755== 
==268755== 160 bytes in 5 blocks are possibly lost in loss record 1,585 of 2,004
==268755==    at 0x4848899: malloc (in /usr/libexec/valgrind/vgpreload_memcheck-amd64-linux.so)
==268755==    by 0x561679D: CRYPTO_zalloc (in /usr/lib/x86_64-linux-gnu/libcrypto.so.3)
==268755==    by 0x5663872: ??? (in /usr/lib/x86_64-linux-gnu/libcrypto.so.3)
==268755==    by 0x5663952: OPENSSL_sk_insert (in /usr/lib/x86_64-linux-gnu/libcrypto.so.3)
==268755==    by 0x5688EB1: X509_STORE_add_lookup (in /usr/lib/x86_64-linux-gnu/libcrypto.so.3)
==268755==    by 0x568F900: X509_STORE_set_default_paths_ex (in /usr/lib/x86_64-linux-gnu/libcrypto.so.3)
==268755==    by 0x48F8BDF: ??? (in /usr/lib/x86_64-linux-gnu/libmysqlclient.so.21.2.42)
==268755==    by 0x489A042: ??? (in /usr/lib/x86_64-linux-gnu/libmysqlclient.so.21.2.42)
==268755==    by 0x489AD71: ??? (in /usr/lib/x86_64-linux-gnu/libmysqlclient.so.21.2.42)
==268755==    by 0x48A3273: ??? (in /usr/lib/x86_64-linux-gnu/libmysqlclient.so.21.2.42)
==268755==    by 0x489EF82: mysql_real_connect (in /usr/lib/x86_64-linux-gnu/libmysqlclient.so.21.2.42)
==268755==    by 0x1EC2E1: cpp_dbc::MySQL::MySQLConnection::MySQLConnection(std::__cxx11::basic_string<char, std::char_traits<char>, std::allocator<char> > const&, int, std::__cxx11::basic_string<char, std::char_traits<char>, std::allocator<char> > const&, std::__cxx11::basic_string<char, std::char_traits<char>, std::allocator<char> > const&, std::__cxx11::basic_string<char, std::char_traits<char>, std::allocator<char> > const&) (driver_mysql.cpp:624)
==268755== 
==268755== 160 bytes in 5 blocks are possibly lost in loss record 1,586 of 2,004
==268755==    at 0x4848899: malloc (in /usr/libexec/valgrind/vgpreload_memcheck-amd64-linux.so)
==268755==    by 0x561679D: CRYPTO_zalloc (in /usr/lib/x86_64-linux-gnu/libcrypto.so.3)
==268755==    by 0x5688CB3: X509_LOOKUP_new (in /usr/lib/x86_64-linux-gnu/libcrypto.so.3)
==268755==    by 0x5688E99: X509_STORE_add_lookup (in /usr/lib/x86_64-linux-gnu/libcrypto.so.3)
==268755==    by 0x568F939: X509_STORE_set_default_paths_ex (in /usr/lib/x86_64-linux-gnu/libcrypto.so.3)
==268755==    by 0x48F8BDF: ??? (in /usr/lib/x86_64-linux-gnu/libmysqlclient.so.21.2.42)
==268755==    by 0x489A042: ??? (in /usr/lib/x86_64-linux-gnu/libmysqlclient.so.21.2.42)
==268755==    by 0x489AD71: ??? (in /usr/lib/x86_64-linux-gnu/libmysqlclient.so.21.2.42)
==268755==    by 0x48A3273: ??? (in /usr/lib/x86_64-linux-gnu/libmysqlclient.so.21.2.42)
==268755==    by 0x489EF82: mysql_real_connect (in /usr/lib/x86_64-linux-gnu/libmysqlclient.so.21.2.42)
==268755==    by 0x1EC2E1: cpp_dbc::MySQL::MySQLConnection::MySQLConnection(std::__cxx11::basic_string<char, std::char_traits<char>, std::allocator<char> > const&, int, std::__cxx11::basic_string<char, std::char_traits<char>, std::allocator<char> > const&, std::__cxx11::basic_string<char, std::char_traits<char>, std::allocator<char> > const&, std::__cxx11::basic_string<char, std::char_traits<char>, std::allocator<char> > const&) (driver_mysql.cpp:624)
==268755==    by 0x1F6A72: decltype (::new ((void*)(0)) cpp_dbc::MySQL::MySQLConnection((declval<std::__cxx11::basic_string<char, std::char_traits<char>, std::allocator<char> >&>)(), (declval<int&>)(), (declval<std::__cxx11::basic_string<char, std::char_traits<char>, std::allocator<char> >&>)(), (declval<std::__cxx11::basic_string<char, std::char_traits<char>, std::allocator<char> > const&>)(), (declval<std::__cxx11::basic_string<char, std::char_traits<char>, std::allocator<char> > const&>)())) std::construct_at<cpp_dbc::MySQL::MySQLConnection, std::__cxx11::basic_string<char, std::char_traits<char>, std::allocator<char> >&, int&, std::__cxx11::basic_string<char, std::char_traits<char>, std::allocator<char> >&, std::__cxx11::basic_string<char, std::char_traits<char>, std::allocator<char> > const&, std::__cxx11::basic_string<char, std::char_traits<char>, std::allocator<char> > const&>(cpp_dbc::MySQL::MySQLConnection*, std::__cxx11::basic_string<char, std::char_traits<char>, std::allocator<char> >&, int&, std::__cxx11::basic_string<char, std::char_traits<char>, std::allocator<char> >&, std::__cxx11::basic_string<char, std::char_traits<char>, std::allocator<char> > const&, std::__cxx11::basic_string<char, std::char_traits<char>, std::allocator<char> > const&) (stl_construct.h:97)
==268755== 
==268755== 160 bytes in 5 blocks are possibly lost in loss record 1,587 of 2,004
==268755==    at 0x4848899: malloc (in /usr/libexec/valgrind/vgpreload_memcheck-amd64-linux.so)
==268755==    by 0x561679D: CRYPTO_zalloc (in /usr/lib/x86_64-linux-gnu/libcrypto.so.3)
==268755==    by 0x5555C93: BUF_MEM_new (in /usr/lib/x86_64-linux-gnu/libcrypto.so.3)
==268755==    by 0x56724A0: ??? (in /usr/lib/x86_64-linux-gnu/libcrypto.so.3)
==268755==    by 0x5688CCD: X509_LOOKUP_new (in /usr/lib/x86_64-linux-gnu/libcrypto.so.3)
==268755==    by 0x5688E99: X509_STORE_add_lookup (in /usr/lib/x86_64-linux-gnu/libcrypto.so.3)
==268755==    by 0x568F939: X509_STORE_set_default_paths_ex (in /usr/lib/x86_64-linux-gnu/libcrypto.so.3)
==268755==    by 0x48F8BDF: ??? (in /usr/lib/x86_64-linux-gnu/libmysqlclient.so.21.2.42)
==268755==    by 0x489A042: ??? (in /usr/lib/x86_64-linux-gnu/libmysqlclient.so.21.2.42)
==268755==    by 0x489AD71: ??? (in /usr/lib/x86_64-linux-gnu/libmysqlclient.so.21.2.42)
==268755==    by 0x48A3273: ??? (in /usr/lib/x86_64-linux-gnu/libmysqlclient.so.21.2.42)
==268755==    by 0x489EF82: mysql_real_connect (in /usr/lib/x86_64-linux-gnu/libmysqlclient.so.21.2.42)
==268755== 
==268755== 160 bytes in 5 blocks are possibly lost in loss record 1,588 of 2,004
==268755==    at 0x4848899: malloc (in /usr/libexec/valgrind/vgpreload_memcheck-amd64-linux.so)
==268755==    by 0x561679D: CRYPTO_zalloc (in /usr/lib/x86_64-linux-gnu/libcrypto.so.3)
==268755==    by 0x5665352: OPENSSL_sk_new_reserve (in /usr/lib/x86_64-linux-gnu/libcrypto.so.3)
==268755==    by 0x56734C4: ??? (in /usr/lib/x86_64-linux-gnu/libcrypto.so.3)
==268755==    by 0x5673666: ??? (in /usr/lib/x86_64-linux-gnu/libcrypto.so.3)
==268755==    by 0x5687D91: X509_LOOKUP_ctrl (in /usr/lib/x86_64-linux-gnu/libcrypto.so.3)
==268755==    by 0x568F957: X509_STORE_set_default_paths_ex (in /usr/lib/x86_64-linux-gnu/libcrypto.so.3)
==268755==    by 0x48F8BDF: ??? (in /usr/lib/x86_64-linux-gnu/libmysqlclient.so.21.2.42)
==268755==    by 0x489A042: ??? (in /usr/lib/x86_64-linux-gnu/libmysqlclient.so.21.2.42)
==268755==    by 0x489AD71: ??? (in /usr/lib/x86_64-linux-gnu/libmysqlclient.so.21.2.42)
==268755==    by 0x48A3273: ??? (in /usr/lib/x86_64-linux-gnu/libmysqlclient.so.21.2.42)
==268755==    by 0x489EF82: mysql_real_connect (in /usr/lib/x86_64-linux-gnu/libmysqlclient.so.21.2.42)
==268755== 
==268755== 160 bytes in 5 blocks are possibly lost in loss record 1,589 of 2,004
==268755==    at 0x4848899: malloc (in /usr/libexec/valgrind/vgpreload_memcheck-amd64-linux.so)
==268755==    by 0x561679D: CRYPTO_zalloc (in /usr/lib/x86_64-linux-gnu/libcrypto.so.3)
==268755==    by 0x5665352: OPENSSL_sk_new_reserve (in /usr/lib/x86_64-linux-gnu/libcrypto.so.3)
==268755==    by 0x5673451: ??? (in /usr/lib/x86_64-linux-gnu/libcrypto.so.3)
==268755==    by 0x5673666: ??? (in /usr/lib/x86_64-linux-gnu/libcrypto.so.3)
==268755==    by 0x5687D91: X509_LOOKUP_ctrl (in /usr/lib/x86_64-linux-gnu/libcrypto.so.3)
==268755==    by 0x568F957: X509_STORE_set_default_paths_ex (in /usr/lib/x86_64-linux-gnu/libcrypto.so.3)
==268755==    by 0x48F8BDF: ??? (in /usr/lib/x86_64-linux-gnu/libmysqlclient.so.21.2.42)
==268755==    by 0x489A042: ??? (in /usr/lib/x86_64-linux-gnu/libmysqlclient.so.21.2.42)
==268755==    by 0x489AD71: ??? (in /usr/lib/x86_64-linux-gnu/libmysqlclient.so.21.2.42)
==268755==    by 0x48A3273: ??? (in /usr/lib/x86_64-linux-gnu/libmysqlclient.so.21.2.42)
==268755==    by 0x489EF82: mysql_real_connect (in /usr/lib/x86_64-linux-gnu/libmysqlclient.so.21.2.42)
==268755== 
==268755== 160 bytes in 5 blocks are possibly lost in loss record 1,590 of 2,004
==268755==    at 0x4848899: malloc (in /usr/libexec/valgrind/vgpreload_memcheck-amd64-linux.so)
==268755==    by 0x561679D: CRYPTO_zalloc (in /usr/lib/x86_64-linux-gnu/libcrypto.so.3)
==268755==    by 0x5663872: ??? (in /usr/lib/x86_64-linux-gnu/libcrypto.so.3)
==268755==    by 0x5663952: OPENSSL_sk_insert (in /usr/lib/x86_64-linux-gnu/libcrypto.so.3)
==268755==    by 0x5673488: ??? (in /usr/lib/x86_64-linux-gnu/libcrypto.so.3)
==268755==    by 0x5673666: ??? (in /usr/lib/x86_64-linux-gnu/libcrypto.so.3)
==268755==    by 0x5687D91: X509_LOOKUP_ctrl (in /usr/lib/x86_64-linux-gnu/libcrypto.so.3)
==268755==    by 0x568F957: X509_STORE_set_default_paths_ex (in /usr/lib/x86_64-linux-gnu/libcrypto.so.3)
==268755==    by 0x48F8BDF: ??? (in /usr/lib/x86_64-linux-gnu/libmysqlclient.so.21.2.42)
==268755==    by 0x489A042: ??? (in /usr/lib/x86_64-linux-gnu/libmysqlclient.so.21.2.42)
==268755==    by 0x489AD71: ??? (in /usr/lib/x86_64-linux-gnu/libmysqlclient.so.21.2.42)
==268755==    by 0x48A3273: ??? (in /usr/lib/x86_64-linux-gnu/libmysqlclient.so.21.2.42)
==268755== 
==268755== 160 bytes in 5 blocks are possibly lost in loss record 1,591 of 2,004
==268755==    at 0x4848899: malloc (in /usr/libexec/valgrind/vgpreload_memcheck-amd64-linux.so)
==268755==    by 0x561679D: CRYPTO_zalloc (in /usr/lib/x86_64-linux-gnu/libcrypto.so.3)
==268755==    by 0x5688CB3: X509_LOOKUP_new (in /usr/lib/x86_64-linux-gnu/libcrypto.so.3)
==268755==    by 0x5688E99: X509_STORE_add_lookup (in /usr/lib/x86_64-linux-gnu/libcrypto.so.3)
==268755==    by 0x568F967: X509_STORE_set_default_paths_ex (in /usr/lib/x86_64-linux-gnu/libcrypto.so.3)
==268755==    by 0x48F8BDF: ??? (in /usr/lib/x86_64-linux-gnu/libmysqlclient.so.21.2.42)
==268755==    by 0x489A042: ??? (in /usr/lib/x86_64-linux-gnu/libmysqlclient.so.21.2.42)
==268755==    by 0x489AD71: ??? (in /usr/lib/x86_64-linux-gnu/libmysqlclient.so.21.2.42)
==268755==    by 0x48A3273: ??? (in /usr/lib/x86_64-linux-gnu/libmysqlclient.so.21.2.42)
==268755==    by 0x489EF82: mysql_real_connect (in /usr/lib/x86_64-linux-gnu/libmysqlclient.so.21.2.42)
==268755==    by 0x1EC2E1: cpp_dbc::MySQL::MySQLConnection::MySQLConnection(std::__cxx11::basic_string<char, std::char_traits<char>, std::allocator<char> > const&, int, std::__cxx11::basic_string<char, std::char_traits<char>, std::allocator<char> > const&, std::__cxx11::basic_string<char, std::char_traits<char>, std::allocator<char> > const&, std::__cxx11::basic_string<char, std::char_traits<char>, std::allocator<char> > const&) (driver_mysql.cpp:624)
==268755==    by 0x1F6A72: decltype (::new ((void*)(0)) cpp_dbc::MySQL::MySQLConnection((declval<std::__cxx11::basic_string<char, std::char_traits<char>, std::allocator<char> >&>)(), (declval<int&>)(), (declval<std::__cxx11::basic_string<char, std::char_traits<char>, std::allocator<char> >&>)(), (declval<std::__cxx11::basic_string<char, std::char_traits<char>, std::allocator<char> > const&>)(), (declval<std::__cxx11::basic_string<char, std::char_traits<char>, std::allocator<char> > const&>)())) std::construct_at<cpp_dbc::MySQL::MySQLConnection, std::__cxx11::basic_string<char, std::char_traits<char>, std::allocator<char> >&, int&, std::__cxx11::basic_string<char, std::char_traits<char>, std::allocator<char> >&, std::__cxx11::basic_string<char, std::char_traits<char>, std::allocator<char> > const&, std::__cxx11::basic_string<char, std::char_traits<char>, std::allocator<char> > const&>(cpp_dbc::MySQL::MySQLConnection*, std::__cxx11::basic_string<char, std::char_traits<char>, std::allocator<char> >&, int&, std::__cxx11::basic_string<char, std::char_traits<char>, std::allocator<char> >&, std::__cxx11::basic_string<char, std::char_traits<char>, std::allocator<char> > const&, std::__cxx11::basic_string<char, std::char_traits<char>, std::allocator<char> > const&) (stl_construct.h:97)
==268755== 
==268755== 160 bytes in 5 blocks are possibly lost in loss record 1,592 of 2,004
==268755==    at 0x4848899: malloc (in /usr/libexec/valgrind/vgpreload_memcheck-amd64-linux.so)
==268755==    by 0x561679D: CRYPTO_zalloc (in /usr/lib/x86_64-linux-gnu/libcrypto.so.3)
==268755==    by 0x5665352: OPENSSL_sk_new_reserve (in /usr/lib/x86_64-linux-gnu/libcrypto.so.3)
==268755==    by 0x5675554: ??? (in /usr/lib/x86_64-linux-gnu/libcrypto.so.3)
==268755==    by 0x568F989: X509_STORE_set_default_paths_ex (in /usr/lib/x86_64-linux-gnu/libcrypto.so.3)
==268755==    by 0x48F8BDF: ??? (in /usr/lib/x86_64-linux-gnu/libmysqlclient.so.21.2.42)
==268755==    by 0x489A042: ??? (in /usr/lib/x86_64-linux-gnu/libmysqlclient.so.21.2.42)
==268755==    by 0x489AD71: ??? (in /usr/lib/x86_64-linux-gnu/libmysqlclient.so.21.2.42)
==268755==    by 0x48A3273: ??? (in /usr/lib/x86_64-linux-gnu/libmysqlclient.so.21.2.42)
==268755==    by 0x489EF82: mysql_real_connect (in /usr/lib/x86_64-linux-gnu/libmysqlclient.so.21.2.42)
==268755==    by 0x1EC2E1: cpp_dbc::MySQL::MySQLConnection::MySQLConnection(std::__cxx11::basic_string<char, std::char_traits<char>, std::allocator<char> > const&, int, std::__cxx11::basic_string<char, std::char_traits<char>, std::allocator<char> > const&, std::__cxx11::basic_string<char, std::char_traits<char>, std::allocator<char> > const&, std::__cxx11::basic_string<char, std::char_traits<char>, std::allocator<char> > const&) (driver_mysql.cpp:624)
==268755==    by 0x1F6A72: decltype (::new ((void*)(0)) cpp_dbc::MySQL::MySQLConnection((declval<std::__cxx11::basic_string<char, std::char_traits<char>, std::allocator<char> >&>)(), (declval<int&>)(), (declval<std::__cxx11::basic_string<char, std::char_traits<char>, std::allocator<char> >&>)(), (declval<std::__cxx11::basic_string<char, std::char_traits<char>, std::allocator<char> > const&>)(), (declval<std::__cxx11::basic_string<char, std::char_traits<char>, std::allocator<char> > const&>)())) std::construct_at<cpp_dbc::MySQL::MySQLConnection, std::__cxx11::basic_string<char, std::char_traits<char>, std::allocator<char> >&, int&, std::__cxx11::basic_string<char, std::char_traits<char>, std::allocator<char> >&, std::__cxx11::basic_string<char, std::char_traits<char>, std::allocator<char> > const&, std::__cxx11::basic_string<char, std::char_traits<char>, std::allocator<char> > const&>(cpp_dbc::MySQL::MySQLConnection*, std::__cxx11::basic_string<char, std::char_traits<char>, std::allocator<char> >&, int&, std::__cxx11::basic_string<char, std::char_traits<char>, std::allocator<char> >&, std::__cxx11::basic_string<char, std::char_traits<char>, std::allocator<char> > const&, std::__cxx11::basic_string<char, std::char_traits<char>, std::allocator<char> > const&) (stl_construct.h:97)
==268755== 
==268755== 160 bytes in 5 blocks are possibly lost in loss record 1,593 of 2,004
==268755==    at 0x4848899: malloc (in /usr/libexec/valgrind/vgpreload_memcheck-amd64-linux.so)
==268755==    by 0x561679D: CRYPTO_zalloc (in /usr/lib/x86_64-linux-gnu/libcrypto.so.3)
==268755==    by 0x5663872: ??? (in /usr/lib/x86_64-linux-gnu/libcrypto.so.3)
==268755==    by 0x5663952: OPENSSL_sk_insert (in /usr/lib/x86_64-linux-gnu/libcrypto.so.3)
==268755==    by 0x567551B: ??? (in /usr/lib/x86_64-linux-gnu/libcrypto.so.3)
==268755==    by 0x568F989: X509_STORE_set_default_paths_ex (in /usr/lib/x86_64-linux-gnu/libcrypto.so.3)
==268755==    by 0x48F8BDF: ??? (in /usr/lib/x86_64-linux-gnu/libmysqlclient.so.21.2.42)
==268755==    by 0x489A042: ??? (in /usr/lib/x86_64-linux-gnu/libmysqlclient.so.21.2.42)
==268755==    by 0x489AD71: ??? (in /usr/lib/x86_64-linux-gnu/libmysqlclient.so.21.2.42)
==268755==    by 0x48A3273: ??? (in /usr/lib/x86_64-linux-gnu/libmysqlclient.so.21.2.42)
==268755==    by 0x489EF82: mysql_real_connect (in /usr/lib/x86_64-linux-gnu/libmysqlclient.so.21.2.42)
==268755==    by 0x1EC2E1: cpp_dbc::MySQL::MySQLConnection::MySQLConnection(std::__cxx11::basic_string<char, std::char_traits<char>, std::allocator<char> > const&, int, std::__cxx11::basic_string<char, std::char_traits<char>, std::allocator<char> > const&, std::__cxx11::basic_string<char, std::char_traits<char>, std::allocator<char> > const&, std::__cxx11::basic_string<char, std::char_traits<char>, std::allocator<char> > const&) (driver_mysql.cpp:624)
==268755== 
==268755== 160 bytes in 5 blocks are possibly lost in loss record 1,594 of 2,004
==268755==    at 0x4848899: malloc (in /usr/libexec/valgrind/vgpreload_memcheck-amd64-linux.so)
==268755==    by 0x561679D: CRYPTO_zalloc (in /usr/lib/x86_64-linux-gnu/libcrypto.so.3)
==268755==    by 0x5547F23: ??? (in /usr/lib/x86_64-linux-gnu/libcrypto.so.3)
==268755==    by 0x5548B7F: BN_bin2bn (in /usr/lib/x86_64-linux-gnu/libcrypto.so.3)
==268755==    by 0x5556334: ??? (in /usr/lib/x86_64-linux-gnu/libcrypto.so.3)
==268755==    by 0x555683A: ??? (in /usr/lib/x86_64-linux-gnu/libcrypto.so.3)
==268755==    by 0x560D77F: ??? (in /usr/lib/x86_64-linux-gnu/libcrypto.so.3)
==268755==    by 0x558CB77: ??? (in /usr/lib/x86_64-linux-gnu/libcrypto.so.3)
==268755==    by 0x56D478F: ??? (in /usr/lib/x86_64-linux-gnu/libcrypto.so.3)
==268755==    by 0x5608028: EVP_PKEY_generate (in /usr/lib/x86_64-linux-gnu/libcrypto.so.3)
==268755==    by 0x48F8574: ??? (in /usr/lib/x86_64-linux-gnu/libmysqlclient.so.21.2.42)
==268755==    by 0x489A042: ??? (in /usr/lib/x86_64-linux-gnu/libmysqlclient.so.21.2.42)
==268755== 
==268755== 168 bytes in 7 blocks are still reachable in loss record 1,595 of 2,004
==268755==    at 0x4848899: malloc (in /usr/libexec/valgrind/vgpreload_memcheck-amd64-linux.so)
==268755==    by 0x560C185: OPENSSL_LH_insert (in /usr/lib/x86_64-linux-gnu/libcrypto.so.3)
==268755==    by 0x56FD4C8: ??? (in /usr/lib/x86_64-linux-gnu/libcrypto.so.3)
==268755==    by 0x56F4B8C: ??? (in /usr/lib/x86_64-linux-gnu/libcrypto.so.3)
==268755==    by 0x55DF712: EVP_MD_fetch (in /usr/lib/x86_64-linux-gnu/libcrypto.so.3)
==268755==    by 0x53F13FA: ??? (in /usr/lib/x86_64-linux-gnu/libssl.so.3)
==268755==    by 0x53F51E4: SSL_CTX_new_ex (in /usr/lib/x86_64-linux-gnu/libssl.so.3)
==268755==    by 0x48F8280: ??? (in /usr/lib/x86_64-linux-gnu/libmysqlclient.so.21.2.42)
==268755==    by 0x489A042: ??? (in /usr/lib/x86_64-linux-gnu/libmysqlclient.so.21.2.42)
==268755==    by 0x489AD71: ??? (in /usr/lib/x86_64-linux-gnu/libmysqlclient.so.21.2.42)
==268755==    by 0x48A3273: ??? (in /usr/lib/x86_64-linux-gnu/libmysqlclient.so.21.2.42)
==268755==    by 0x489EF82: mysql_real_connect (in /usr/lib/x86_64-linux-gnu/libmysqlclient.so.21.2.42)
==268755== 
==268755== 168 bytes in 7 blocks are still reachable in loss record 1,596 of 2,004
==268755==    at 0x4848899: malloc (in /usr/libexec/valgrind/vgpreload_memcheck-amd64-linux.so)
==268755==    by 0x561679D: CRYPTO_zalloc (in /usr/lib/x86_64-linux-gnu/libcrypto.so.3)
==268755==    by 0x5647EE1: ??? (in /usr/lib/x86_64-linux-gnu/libcrypto.so.3)
==268755==    by 0x55EBA69: ??? (in /usr/lib/x86_64-linux-gnu/libcrypto.so.3)
==268755==    by 0x560B85B: ??? (in /usr/lib/x86_64-linux-gnu/libcrypto.so.3)
==268755==    by 0x560B71B: ??? (in /usr/lib/x86_64-linux-gnu/libcrypto.so.3)
==268755==    by 0x562AD6A: ??? (in /usr/lib/x86_64-linux-gnu/libcrypto.so.3)
==268755==    by 0x56F44E7: ??? (in /usr/lib/x86_64-linux-gnu/libcrypto.so.3)
==268755==    by 0x56F4B3D: ??? (in /usr/lib/x86_64-linux-gnu/libcrypto.so.3)
==268755==    by 0x55F783E: EVP_KEYEXCH_fetch (in /usr/lib/x86_64-linux-gnu/libcrypto.so.3)
==268755==    by 0x53F5256: SSL_CTX_new_ex (in /usr/lib/x86_64-linux-gnu/libssl.so.3)
==268755==    by 0x48F8280: ??? (in /usr/lib/x86_64-linux-gnu/libmysqlclient.so.21.2.42)
==268755== 
==268755== 170 bytes in 12 blocks are still reachable in loss record 1,597 of 2,004
==268755==    at 0x4848899: malloc (in /usr/libexec/valgrind/vgpreload_memcheck-amd64-linux.so)
==268755==    by 0x56177D2: CRYPTO_strndup (in /usr/lib/x86_64-linux-gnu/libcrypto.so.3)
==268755==    by 0x5619521: ??? (in /usr/lib/x86_64-linux-gnu/libcrypto.so.3)
==268755==    by 0x56F41B3: ??? (in /usr/lib/x86_64-linux-gnu/libcrypto.so.3)
==268755==    by 0x55EBAFA: ??? (in /usr/lib/x86_64-linux-gnu/libcrypto.so.3)
==268755==    by 0x560B7F8: ??? (in /usr/lib/x86_64-linux-gnu/libcrypto.so.3)
==268755==    by 0x560B71B: ??? (in /usr/lib/x86_64-linux-gnu/libcrypto.so.3)
==268755==    by 0x562AD6A: ??? (in /usr/lib/x86_64-linux-gnu/libcrypto.so.3)
==268755==    by 0x56F44E7: ??? (in /usr/lib/x86_64-linux-gnu/libcrypto.so.3)
==268755==    by 0x56F4B3D: ??? (in /usr/lib/x86_64-linux-gnu/libcrypto.so.3)
==268755==    by 0x55F85A2: EVP_MAC_fetch (in /usr/lib/x86_64-linux-gnu/libcrypto.so.3)
==268755==    by 0x55FF3E3: EVP_Q_mac (in /usr/lib/x86_64-linux-gnu/libcrypto.so.3)
==268755== 
==268755== 172 bytes in 21 blocks are still reachable in loss record 1,598 of 2,004
==268755==    at 0x4848899: malloc (in /usr/libexec/valgrind/vgpreload_memcheck-amd64-linux.so)
==268755==    by 0x56177D2: CRYPTO_strndup (in /usr/lib/x86_64-linux-gnu/libcrypto.so.3)
==268755==    by 0x5619521: ??? (in /usr/lib/x86_64-linux-gnu/libcrypto.so.3)
==268755==    by 0x5615E27: ??? (in /usr/lib/x86_64-linux-gnu/libcrypto.so.3)
==268755==    by 0x5615F09: ??? (in /usr/lib/x86_64-linux-gnu/libcrypto.so.3)
==268755==    by 0x560C486: OPENSSL_LH_doall_arg (in /usr/lib/x86_64-linux-gnu/libcrypto.so.3)
==268755==    by 0x562D2EA: OBJ_NAME_do_all (in /usr/lib/x86_64-linux-gnu/libcrypto.so.3)
==268755==    by 0x5615B3D: ??? (in /usr/lib/x86_64-linux-gnu/libcrypto.so.3)
==268755==    by 0x56F4A6B: ??? (in /usr/lib/x86_64-linux-gnu/libcrypto.so.3)
==268755==    by 0x55EC302: EVP_CIPHER_fetch (in /usr/lib/x86_64-linux-gnu/libcrypto.so.3)
==268755==    by 0x53F137A: ??? (in /usr/lib/x86_64-linux-gnu/libssl.so.3)
==268755==    by 0x53F5161: SSL_CTX_new_ex (in /usr/lib/x86_64-linux-gnu/libssl.so.3)
==268755== 
==268755== 176 bytes in 1 blocks are still reachable in loss record 1,599 of 2,004
==268755==    at 0x4849013: operator new(unsigned long) (in /usr/libexec/valgrind/vgpreload_memcheck-amd64-linux.so)
==268755==    by 0x2E8AB6: YAML::detail::node_ref::node_ref() (node_ref.h:19)
==268755==    by 0x2E8BEB: YAML::detail::node::node() (node.h:27)
==268755==    by 0x2E896A: YAML::detail::memory::create_node() (memory.cpp:17)
==268755==    by 0x1348BD: YAML::detail::memory_holder::create_node() (memory.h:38)
==268755==    by 0x3103BB: YAML::NodeBuilder::Push(YAML::Mark const&, unsigned long) (nodebuilder.cpp:81)
==268755==    by 0x3102D2: YAML::NodeBuilder::OnMapStart(YAML::Mark const&, std::__cxx11::basic_string<char, std::char_traits<char>, std::allocator<char> > const&, unsigned long, YAML::EmitterStyle::value) (nodebuilder.cpp:67)
==268755==    by 0x306B16: YAML::SingleDocParser::HandleNode(YAML::EventHandler&) (singledocparser.cpp:127)
==268755==    by 0x3063EC: YAML::SingleDocParser::HandleDocument(YAML::EventHandler&) (singledocparser.cpp:41)
==268755==    by 0x2F3828: YAML::Parser::HandleNextDocument(YAML::EventHandler&) (parser.cpp:37)
==268755==    by 0x2F2CDB: YAML::Load(std::istream&) (parse.cpp:25)
==268755==    by 0x2F2E40: YAML::LoadFile(std::__cxx11::basic_string<char, std::char_traits<char>, std::allocator<char> > const&) (parse.cpp:37)
==268755== 
==268755== 176 bytes in 1 blocks are still reachable in loss record 1,600 of 2,004
==268755==    at 0x4849013: operator new(unsigned long) (in /usr/libexec/valgrind/vgpreload_memcheck-amd64-linux.so)
==268755==    by 0x2E8AB6: YAML::detail::node_ref::node_ref() (node_ref.h:19)
==268755==    by 0x2E8BEB: YAML::detail::node::node() (node.h:27)
==268755==    by 0x2E896A: YAML::detail::memory::create_node() (memory.cpp:17)
==268755==    by 0x1348BD: YAML::detail::memory_holder::create_node() (memory.h:38)
==268755==    by 0x3103BB: YAML::NodeBuilder::Push(YAML::Mark const&, unsigned long) (nodebuilder.cpp:81)
==268755==    by 0x31023E: YAML::NodeBuilder::OnSequenceStart(YAML::Mark const&, std::__cxx11::basic_string<char, std::char_traits<char>, std::allocator<char> > const&, unsigned long, YAML::EmitterStyle::value) (nodebuilder.cpp:57)
==268755==    by 0x306A2A: YAML::SingleDocParser::HandleNode(YAML::EventHandler&) (singledocparser.cpp:117)
==268755==    by 0x307975: YAML::SingleDocParser::HandleBlockMap(YAML::EventHandler&) (singledocparser.cpp:281)
==268755==    by 0x30762F: YAML::SingleDocParser::HandleMap(YAML::EventHandler&) (singledocparser.cpp:235)
==268755==    by 0x306B2F: YAML::SingleDocParser::HandleNode(YAML::EventHandler&) (singledocparser.cpp:128)
==268755==    by 0x3063EC: YAML::SingleDocParser::HandleDocument(YAML::EventHandler&) (singledocparser.cpp:41)
==268755== 
==268755== 176 bytes in 1 blocks are still reachable in loss record 1,601 of 2,004
==268755==    at 0x4848899: malloc (in /usr/libexec/valgrind/vgpreload_memcheck-amd64-linux.so)
==268755==    by 0x561679D: CRYPTO_zalloc (in /usr/lib/x86_64-linux-gnu/libcrypto.so.3)
==268755==    by 0x560BE3C: OPENSSL_LH_new (in /usr/lib/x86_64-linux-gnu/libcrypto.so.3)
==268755==    by 0x562CB76: ??? (in /usr/lib/x86_64-linux-gnu/libcrypto.so.3)
==268755==    by 0x522BEE7: __pthread_once_slow (pthread_once.c:116)
==268755==    by 0x5621C9C: CRYPTO_THREAD_run_once (in /usr/lib/x86_64-linux-gnu/libcrypto.so.3)
==268755==    by 0x562CD5A: OBJ_NAME_init (in /usr/lib/x86_64-linux-gnu/libcrypto.so.3)
==268755==    by 0x562D038: OBJ_NAME_add (in /usr/lib/x86_64-linux-gnu/libcrypto.so.3)
==268755==    by 0x55FF684: EVP_add_cipher (in /usr/lib/x86_64-linux-gnu/libcrypto.so.3)
==268755==    by 0x561D429: ??? (in /usr/lib/x86_64-linux-gnu/libcrypto.so.3)
==268755==    by 0x522BEE7: __pthread_once_slow (pthread_once.c:116)
==268755==    by 0x5621C9C: CRYPTO_THREAD_run_once (in /usr/lib/x86_64-linux-gnu/libcrypto.so.3)
==268755== 
==268755== 176 bytes in 1 blocks are still reachable in loss record 1,602 of 2,004
==268755==    at 0x4848899: malloc (in /usr/libexec/valgrind/vgpreload_memcheck-amd64-linux.so)
==268755==    by 0x561679D: CRYPTO_zalloc (in /usr/lib/x86_64-linux-gnu/libcrypto.so.3)
==268755==    by 0x560BE3C: OPENSSL_LH_new (in /usr/lib/x86_64-linux-gnu/libcrypto.so.3)
==268755==    by 0x55CB32B: ??? (in /usr/lib/x86_64-linux-gnu/libcrypto.so.3)
==268755==    by 0x522BEE7: __pthread_once_slow (pthread_once.c:116)
==268755==    by 0x5621C9C: CRYPTO_THREAD_run_once (in /usr/lib/x86_64-linux-gnu/libcrypto.so.3)
==268755==    by 0x561CEF7: ??? (in /usr/lib/x86_64-linux-gnu/libcrypto.so.3)
==268755==    by 0x522BEE7: __pthread_once_slow (pthread_once.c:116)
==268755==    by 0x5621C9C: CRYPTO_THREAD_run_once (in /usr/lib/x86_64-linux-gnu/libcrypto.so.3)
==268755==    by 0x561E992: OPENSSL_init_crypto (in /usr/lib/x86_64-linux-gnu/libcrypto.so.3)
==268755==    by 0x55CC336: ??? (in /usr/lib/x86_64-linux-gnu/libcrypto.so.3)
==268755==    by 0x55CCCFC: ERR_set_mark (in /usr/lib/x86_64-linux-gnu/libcrypto.so.3)
==268755== 
==268755== 176 bytes in 1 blocks are still reachable in loss record 1,603 of 2,004
==268755==    at 0x4848899: malloc (in /usr/libexec/valgrind/vgpreload_memcheck-amd64-linux.so)
==268755==    by 0x561679D: CRYPTO_zalloc (in /usr/lib/x86_64-linux-gnu/libcrypto.so.3)
==268755==    by 0x560BE3C: OPENSSL_LH_new (in /usr/lib/x86_64-linux-gnu/libcrypto.so.3)
==268755==    by 0x564693D: ??? (in /usr/lib/x86_64-linux-gnu/libcrypto.so.3)
==268755==    by 0x5614C2D: ??? (in /usr/lib/x86_64-linux-gnu/libcrypto.so.3)
==268755==    by 0x561A924: ??? (in /usr/lib/x86_64-linux-gnu/libcrypto.so.3)
==268755==    by 0x5614FB8: ??? (in /usr/lib/x86_64-linux-gnu/libcrypto.so.3)
==268755==    by 0x56154C7: ??? (in /usr/lib/x86_64-linux-gnu/libcrypto.so.3)
==268755==    by 0x56155BC: ??? (in /usr/lib/x86_64-linux-gnu/libcrypto.so.3)
==268755==    by 0x522BEE7: __pthread_once_slow (pthread_once.c:116)
==268755==    by 0x5621C9C: CRYPTO_THREAD_run_once (in /usr/lib/x86_64-linux-gnu/libcrypto.so.3)
==268755==    by 0x561A822: ??? (in /usr/lib/x86_64-linux-gnu/libcrypto.so.3)
==268755== 
==268755== 176 bytes in 1 blocks are still reachable in loss record 1,604 of 2,004
==268755==    at 0x4848899: malloc (in /usr/libexec/valgrind/vgpreload_memcheck-amd64-linux.so)
==268755==    by 0x561679D: CRYPTO_zalloc (in /usr/lib/x86_64-linux-gnu/libcrypto.so.3)
==268755==    by 0x560BE3C: OPENSSL_LH_new (in /usr/lib/x86_64-linux-gnu/libcrypto.so.3)
==268755==    by 0x5646952: ??? (in /usr/lib/x86_64-linux-gnu/libcrypto.so.3)
==268755==    by 0x5614C2D: ??? (in /usr/lib/x86_64-linux-gnu/libcrypto.so.3)
==268755==    by 0x561A924: ??? (in /usr/lib/x86_64-linux-gnu/libcrypto.so.3)
==268755==    by 0x5614FB8: ??? (in /usr/lib/x86_64-linux-gnu/libcrypto.so.3)
==268755==    by 0x56154C7: ??? (in /usr/lib/x86_64-linux-gnu/libcrypto.so.3)
==268755==    by 0x56155BC: ??? (in /usr/lib/x86_64-linux-gnu/libcrypto.so.3)
==268755==    by 0x522BEE7: __pthread_once_slow (pthread_once.c:116)
==268755==    by 0x5621C9C: CRYPTO_THREAD_run_once (in /usr/lib/x86_64-linux-gnu/libcrypto.so.3)
==268755==    by 0x561A822: ??? (in /usr/lib/x86_64-linux-gnu/libcrypto.so.3)
==268755== 
==268755== 176 bytes in 1 blocks are still reachable in loss record 1,605 of 2,004
==268755==    at 0x4848899: malloc (in /usr/libexec/valgrind/vgpreload_memcheck-amd64-linux.so)
==268755==    by 0x561679D: CRYPTO_zalloc (in /usr/lib/x86_64-linux-gnu/libcrypto.so.3)
==268755==    by 0x560BE3C: OPENSSL_LH_new (in /usr/lib/x86_64-linux-gnu/libcrypto.so.3)
==268755==    by 0x5615A65: ??? (in /usr/lib/x86_64-linux-gnu/libcrypto.so.3)
==268755==    by 0x5614C2D: ??? (in /usr/lib/x86_64-linux-gnu/libcrypto.so.3)
==268755==    by 0x561A924: ??? (in /usr/lib/x86_64-linux-gnu/libcrypto.so.3)
==268755==    by 0x5614FB8: ??? (in /usr/lib/x86_64-linux-gnu/libcrypto.so.3)
==268755==    by 0x5615AF2: ??? (in /usr/lib/x86_64-linux-gnu/libcrypto.so.3)
==268755==    by 0x56F4A6B: ??? (in /usr/lib/x86_64-linux-gnu/libcrypto.so.3)
==268755==    by 0x55EC302: EVP_CIPHER_fetch (in /usr/lib/x86_64-linux-gnu/libcrypto.so.3)
==268755==    by 0x53F137A: ??? (in /usr/lib/x86_64-linux-gnu/libssl.so.3)
==268755==    by 0x53F5161: SSL_CTX_new_ex (in /usr/lib/x86_64-linux-gnu/libssl.so.3)
==268755== 
==268755== 176 bytes in 1 blocks are still reachable in loss record 1,606 of 2,004
==268755==    at 0x4848899: malloc (in /usr/libexec/valgrind/vgpreload_memcheck-amd64-linux.so)
==268755==    by 0x561679D: CRYPTO_zalloc (in /usr/lib/x86_64-linux-gnu/libcrypto.so.3)
==268755==    by 0x560BE3C: OPENSSL_LH_new (in /usr/lib/x86_64-linux-gnu/libcrypto.so.3)
==268755==    by 0x5614C2D: ??? (in /usr/lib/x86_64-linux-gnu/libcrypto.so.3)
==268755==    by 0x561A924: ??? (in /usr/lib/x86_64-linux-gnu/libcrypto.so.3)
==268755==    by 0x5614FB8: ??? (in /usr/lib/x86_64-linux-gnu/libcrypto.so.3)
==268755==    by 0x5647B41: ??? (in /usr/lib/x86_64-linux-gnu/libcrypto.so.3)
==268755==    by 0x55EBA69: ??? (in /usr/lib/x86_64-linux-gnu/libcrypto.so.3)
==268755==    by 0x560B85B: ??? (in /usr/lib/x86_64-linux-gnu/libcrypto.so.3)
==268755==    by 0x560B71B: ??? (in /usr/lib/x86_64-linux-gnu/libcrypto.so.3)
==268755==    by 0x562AD6A: ??? (in /usr/lib/x86_64-linux-gnu/libcrypto.so.3)
==268755==    by 0x56F44E7: ??? (in /usr/lib/x86_64-linux-gnu/libcrypto.so.3)
==268755== 
==268755== 176 bytes in 1 blocks are still reachable in loss record 1,607 of 2,004
==268755==    at 0x4848899: malloc (in /usr/libexec/valgrind/vgpreload_memcheck-amd64-linux.so)
==268755==    by 0x561679D: CRYPTO_zalloc (in /usr/lib/x86_64-linux-gnu/libcrypto.so.3)
==268755==    by 0x56DA305: ??? (in /usr/lib/x86_64-linux-gnu/libcrypto.so.3)
==268755==    by 0x56EBD42: ??? (in /usr/lib/x86_64-linux-gnu/libcrypto.so.3)
==268755==    by 0x56D9551: ??? (in /usr/lib/x86_64-linux-gnu/libcrypto.so.3)
==268755==    by 0x55FAA47: EVP_RAND_CTX_new (in /usr/lib/x86_64-linux-gnu/libcrypto.so.3)
==268755==    by 0x56494B0: ??? (in /usr/lib/x86_64-linux-gnu/libcrypto.so.3)
==268755==    by 0x56497FB: RAND_get0_primary (in /usr/lib/x86_64-linux-gnu/libcrypto.so.3)
==268755==    by 0x5649DF7: RAND_get0_public (in /usr/lib/x86_64-linux-gnu/libcrypto.so.3)
==268755==    by 0x5649EE7: RAND_bytes_ex (in /usr/lib/x86_64-linux-gnu/libcrypto.so.3)
==268755==    by 0x53F5779: SSL_CTX_new_ex (in /usr/lib/x86_64-linux-gnu/libssl.so.3)
==268755==    by 0x48F8280: ??? (in /usr/lib/x86_64-linux-gnu/libmysqlclient.so.21.2.42)
==268755== 
==268755== 176 bytes in 1 blocks are still reachable in loss record 1,608 of 2,004
==268755==    at 0x4848899: malloc (in /usr/libexec/valgrind/vgpreload_memcheck-amd64-linux.so)
==268755==    by 0x561679D: CRYPTO_zalloc (in /usr/lib/x86_64-linux-gnu/libcrypto.so.3)
==268755==    by 0x560BE3C: OPENSSL_LH_new (in /usr/lib/x86_64-linux-gnu/libcrypto.so.3)
==268755==    by 0x566B0FA: ??? (in /usr/lib/x86_64-linux-gnu/libcrypto.so.3)
==268755==    by 0x566B278: OSSL_STORE_open_ex (in /usr/lib/x86_64-linux-gnu/libcrypto.so.3)
==268755==    by 0x5675379: ??? (in /usr/lib/x86_64-linux-gnu/libcrypto.so.3)
==268755==    by 0x56755FB: ??? (in /usr/lib/x86_64-linux-gnu/libcrypto.so.3)
==268755==    by 0x569035D: X509_STORE_CTX_get_by_subject (in /usr/lib/x86_64-linux-gnu/libcrypto.so.3)
==268755==    by 0x56907E1: X509_STORE_CTX_get1_issuer (in /usr/lib/x86_64-linux-gnu/libcrypto.so.3)
==268755==    by 0x5696DE7: ??? (in /usr/lib/x86_64-linux-gnu/libcrypto.so.3)
==268755==    by 0x56976A5: ??? (in /usr/lib/x86_64-linux-gnu/libcrypto.so.3)
==268755==    by 0x5698791: X509_verify_cert (in /usr/lib/x86_64-linux-gnu/libcrypto.so.3)
==268755== 
==268755== 176 bytes in 1 blocks are still reachable in loss record 1,609 of 2,004
==268755==    at 0x4848899: malloc (in /usr/libexec/valgrind/vgpreload_memcheck-amd64-linux.so)
==268755==    by 0x561679D: CRYPTO_zalloc (in /usr/lib/x86_64-linux-gnu/libcrypto.so.3)
==268755==    by 0x560BE3C: OPENSSL_LH_new (in /usr/lib/x86_64-linux-gnu/libcrypto.so.3)
==268755==    by 0x5647F0F: ??? (in /usr/lib/x86_64-linux-gnu/libcrypto.so.3)
==268755==    by 0x5666904: ??? (in /usr/lib/x86_64-linux-gnu/libcrypto.so.3)
==268755==    by 0x560B85B: ??? (in /usr/lib/x86_64-linux-gnu/libcrypto.so.3)
==268755==    by 0x560B71B: ??? (in /usr/lib/x86_64-linux-gnu/libcrypto.so.3)
==268755==    by 0x562AD6A: ??? (in /usr/lib/x86_64-linux-gnu/libcrypto.so.3)
==268755==    by 0x56F44E7: ??? (in /usr/lib/x86_64-linux-gnu/libcrypto.so.3)
==268755==    by 0x56F49C6: ??? (in /usr/lib/x86_64-linux-gnu/libcrypto.so.3)
==268755==    by 0x5666F9E: OSSL_STORE_LOADER_fetch (in /usr/lib/x86_64-linux-gnu/libcrypto.so.3)
==268755==    by 0x566B2F7: OSSL_STORE_open_ex (in /usr/lib/x86_64-linux-gnu/libcrypto.so.3)
==268755== 
==268755== 176 bytes in 2 blocks are still reachable in loss record 1,610 of 2,004
==268755==    at 0x4849013: operator new(unsigned long) (in /usr/libexec/valgrind/vgpreload_memcheck-amd64-linux.so)
==268755==    by 0x1E00BF: __gnu_cxx::new_allocator<std::_Sp_counted_ptr_inplace<cpp_dbc::PooledConnection, std::allocator<cpp_dbc::PooledConnection>, (__gnu_cxx::_Lock_policy)2> >::allocate(unsigned long, void const*) (new_allocator.h:127)
==268755==    by 0x1DF438: allocate (allocator.h:185)
==268755==    by 0x1DF438: std::allocator_traits<std::allocator<std::_Sp_counted_ptr_inplace<cpp_dbc::PooledConnection, std::allocator<cpp_dbc::PooledConnection>, (__gnu_cxx::_Lock_policy)2> > >::allocate(std::allocator<std::_Sp_counted_ptr_inplace<cpp_dbc::PooledConnection, std::allocator<cpp_dbc::PooledConnection>, (__gnu_cxx::_Lock_policy)2> >&, unsigned long) (alloc_traits.h:464)
==268755==    by 0x1DE60F: std::__allocated_ptr<std::allocator<std::_Sp_counted_ptr_inplace<cpp_dbc::PooledConnection, std::allocator<cpp_dbc::PooledConnection>, (__gnu_cxx::_Lock_policy)2> > > std::__allocate_guarded<std::allocator<std::_Sp_counted_ptr_inplace<cpp_dbc::PooledConnection, std::allocator<cpp_dbc::PooledConnection>, (__gnu_cxx::_Lock_policy)2> > >(std::allocator<std::_Sp_counted_ptr_inplace<cpp_dbc::PooledConnection, std::allocator<cpp_dbc::PooledConnection>, (__gnu_cxx::_Lock_policy)2> >&) (allocated_ptr.h:98)
==268755==    by 0x1DD63B: std::__shared_count<(__gnu_cxx::_Lock_policy)2>::__shared_count<cpp_dbc::PooledConnection, std::allocator<cpp_dbc::PooledConnection>, std::shared_ptr<cpp_dbc::Connection>&, cpp_dbc::ConnectionPool*>(cpp_dbc::PooledConnection*&, std::_Sp_alloc_shared_tag<std::allocator<cpp_dbc::PooledConnection> >, std::shared_ptr<cpp_dbc::Connection>&, cpp_dbc::ConnectionPool*&&) (shared_ptr_base.h:648)
==268755==    by 0x1DBBD7: std::__shared_ptr<cpp_dbc::PooledConnection, (__gnu_cxx::_Lock_policy)2>::__shared_ptr<std::allocator<cpp_dbc::PooledConnection>, std::shared_ptr<cpp_dbc::Connection>&, cpp_dbc::ConnectionPool*>(std::_Sp_alloc_shared_tag<std::allocator<cpp_dbc::PooledConnection> >, std::shared_ptr<cpp_dbc::Connection>&, cpp_dbc::ConnectionPool*&&) (shared_ptr_base.h:1342)
==268755==    by 0x1D9E04: std::shared_ptr<cpp_dbc::PooledConnection>::shared_ptr<std::allocator<cpp_dbc::PooledConnection>, std::shared_ptr<cpp_dbc::Connection>&, cpp_dbc::ConnectionPool*>(std::_Sp_alloc_shared_tag<std::allocator<cpp_dbc::PooledConnection> >, std::shared_ptr<cpp_dbc::Connection>&, cpp_dbc::ConnectionPool*&&) (shared_ptr.h:409)
==268755==    by 0x1D83D2: std::shared_ptr<cpp_dbc::PooledConnection> std::allocate_shared<cpp_dbc::PooledConnection, std::allocator<cpp_dbc::PooledConnection>, std::shared_ptr<cpp_dbc::Connection>&, cpp_dbc::ConnectionPool*>(std::allocator<cpp_dbc::PooledConnection> const&, std::shared_ptr<cpp_dbc::Connection>&, cpp_dbc::ConnectionPool*&&) (shared_ptr.h:863)
==268755==    by 0x1D7142: std::shared_ptr<cpp_dbc::PooledConnection> std::make_shared<cpp_dbc::PooledConnection, std::shared_ptr<cpp_dbc::Connection>&, cpp_dbc::ConnectionPool*>(std::shared_ptr<cpp_dbc::Connection>&, cpp_dbc::ConnectionPool*&&) (shared_ptr.h:879)
==268755==    by 0x1D3A7D: cpp_dbc::ConnectionPool::createPooledConnection() (connection_pool.cpp:116)
==268755==    by 0x1D3779: cpp_dbc::ConnectionPool::ConnectionPool(cpp_dbc::config::ConnectionPoolConfig const&) (connection_pool.cpp:83)
==268755==    by 0x1D5F84: cpp_dbc::MySQL::MySQLConnectionPool::MySQLConnectionPool(cpp_dbc::config::ConnectionPoolConfig const&) (connection_pool.cpp:851)
==268755== 
==268755== 176 bytes in 39 blocks are still reachable in loss record 1,611 of 2,004
==268755==    at 0x4848899: malloc (in /usr/libexec/valgrind/vgpreload_memcheck-amd64-linux.so)
==268755==    by 0x56177D2: CRYPTO_strndup (in /usr/lib/x86_64-linux-gnu/libcrypto.so.3)
==268755==    by 0x56FC850: ??? (in /usr/lib/x86_64-linux-gnu/libcrypto.so.3)
==268755==    by 0x55C6B1D: ??? (in /usr/lib/x86_64-linux-gnu/libcrypto.so.3)
==268755==    by 0x55C6E4B: ??? (in /usr/lib/x86_64-linux-gnu/libcrypto.so.3)
==268755==    by 0x560B7F8: ??? (in /usr/lib/x86_64-linux-gnu/libcrypto.so.3)
==268755==    by 0x560B71B: ??? (in /usr/lib/x86_64-linux-gnu/libcrypto.so.3)
==268755==    by 0x562AD6A: ??? (in /usr/lib/x86_64-linux-gnu/libcrypto.so.3)
==268755==    by 0x56F44E7: ??? (in /usr/lib/x86_64-linux-gnu/libcrypto.so.3)
==268755==    by 0x56F53E7: ??? (in /usr/lib/x86_64-linux-gnu/libcrypto.so.3)
==268755==    by 0x55C0470: OSSL_DECODER_do_all_provided (in /usr/lib/x86_64-linux-gnu/libcrypto.so.3)
==268755==    by 0x55CD84B: OSSL_DECODER_CTX_new_for_pkey (in /usr/lib/x86_64-linux-gnu/libcrypto.so.3)
==268755== 
==268755== 176 bytes in 1 blocks are possibly lost in loss record 1,612 of 2,004
==268755==    at 0x4848899: malloc (in /usr/libexec/valgrind/vgpreload_memcheck-amd64-linux.so)
==268755==    by 0x48F04CF: ??? (in /usr/lib/x86_64-linux-gnu/libmysqlclient.so.21.2.42)
==268755==    by 0x48F059B: ??? (in /usr/lib/x86_64-linux-gnu/libmysqlclient.so.21.2.42)
==268755==    by 0x48F0677: ??? (in /usr/lib/x86_64-linux-gnu/libmysqlclient.so.21.2.42)
==268755==    by 0x48A7E60: ??? (in /usr/lib/x86_64-linux-gnu/libmysqlclient.so.21.2.42)
==268755==    by 0x49025EF: ??? (in /usr/lib/x86_64-linux-gnu/libmysqlclient.so.21.2.42)
==268755==    by 0x48A886D: ??? (in /usr/lib/x86_64-linux-gnu/libmysqlclient.so.21.2.42)
==268755==    by 0x488FB0C: mysql_server_init (in /usr/lib/x86_64-linux-gnu/libmysqlclient.so.21.2.42)
==268755==    by 0x489F6EE: mysql_init (in /usr/lib/x86_64-linux-gnu/libmysqlclient.so.21.2.42)
==268755==    by 0x1EC1CA: cpp_dbc::MySQL::MySQLConnection::MySQLConnection(std::__cxx11::basic_string<char, std::char_traits<char>, std::allocator<char> > const&, int, std::__cxx11::basic_string<char, std::char_traits<char>, std::allocator<char> > const&, std::__cxx11::basic_string<char, std::char_traits<char>, std::allocator<char> > const&, std::__cxx11::basic_string<char, std::char_traits<char>, std::allocator<char> > const&) (driver_mysql.cpp:613)
==268755==    by 0x1F6A72: decltype (::new ((void*)(0)) cpp_dbc::MySQL::MySQLConnection((declval<std::__cxx11::basic_string<char, std::char_traits<char>, std::allocator<char> >&>)(), (declval<int&>)(), (declval<std::__cxx11::basic_string<char, std::char_traits<char>, std::allocator<char> >&>)(), (declval<std::__cxx11::basic_string<char, std::char_traits<char>, std::allocator<char> > const&>)(), (declval<std::__cxx11::basic_string<char, std::char_traits<char>, std::allocator<char> > const&>)())) std::construct_at<cpp_dbc::MySQL::MySQLConnection, std::__cxx11::basic_string<char, std::char_traits<char>, std::allocator<char> >&, int&, std::__cxx11::basic_string<char, std::char_traits<char>, std::allocator<char> >&, std::__cxx11::basic_string<char, std::char_traits<char>, std::allocator<char> > const&, std::__cxx11::basic_string<char, std::char_traits<char>, std::allocator<char> > const&>(cpp_dbc::MySQL::MySQLConnection*, std::__cxx11::basic_string<char, std::char_traits<char>, std::allocator<char> >&, int&, std::__cxx11::basic_string<char, std::char_traits<char>, std::allocator<char> >&, std::__cxx11::basic_string<char, std::char_traits<char>, std::allocator<char> > const&, std::__cxx11::basic_string<char, std::char_traits<char>, std::allocator<char> > const&) (stl_construct.h:97)
==268755==    by 0x1F6B2E: void std::allocator_traits<std::allocator<cpp_dbc::MySQL::MySQLConnection> >::construct<cpp_dbc::MySQL::MySQLConnection, std::__cxx11::basic_string<char, std::char_traits<char>, std::allocator<char> >&, int&, std::__cxx11::basic_string<char, std::char_traits<char>, std::allocator<char> >&, std::__cxx11::basic_string<char, std::char_traits<char>, std::allocator<char> > const&, std::__cxx11::basic_string<char, std::char_traits<char>, std::allocator<char> > const&>(std::allocator<cpp_dbc::MySQL::MySQLConnection>&, cpp_dbc::MySQL::MySQLConnection*, std::__cxx11::basic_string<char, std::char_traits<char>, std::allocator<char> >&, int&, std::__cxx11::basic_string<char, std::char_traits<char>, std::allocator<char> >&, std::__cxx11::basic_string<char, std::char_traits<char>, std::allocator<char> > const&, std::__cxx11::basic_string<char, std::char_traits<char>, std::allocator<char> > const&) (alloc_traits.h:518)
==268755== 
==268755== 184 bytes in 1 blocks are still reachable in loss record 1,613 of 2,004
==268755==    at 0x4848899: malloc (in /usr/libexec/valgrind/vgpreload_memcheck-amd64-linux.so)
==268755==    by 0x561679D: CRYPTO_zalloc (in /usr/lib/x86_64-linux-gnu/libcrypto.so.3)
==268755==    by 0x56DF4E4: ??? (in /usr/lib/x86_64-linux-gnu/libcrypto.so.3)
==268755==    by 0x56DF612: ??? (in /usr/lib/x86_64-linux-gnu/libcrypto.so.3)
==268755==    by 0x55F7637: EVP_RAND_instantiate (in /usr/lib/x86_64-linux-gnu/libcrypto.so.3)
==268755==    by 0x5649661: ??? (in /usr/lib/x86_64-linux-gnu/libcrypto.so.3)
==268755==    by 0x56497FB: RAND_get0_primary (in /usr/lib/x86_64-linux-gnu/libcrypto.so.3)
==268755==    by 0x5649DF7: RAND_get0_public (in /usr/lib/x86_64-linux-gnu/libcrypto.so.3)
==268755==    by 0x5649EE7: RAND_bytes_ex (in /usr/lib/x86_64-linux-gnu/libcrypto.so.3)
==268755==    by 0x53F5779: SSL_CTX_new_ex (in /usr/lib/x86_64-linux-gnu/libssl.so.3)
==268755==    by 0x48F8280: ??? (in /usr/lib/x86_64-linux-gnu/libmysqlclient.so.21.2.42)
==268755==    by 0x489A042: ??? (in /usr/lib/x86_64-linux-gnu/libmysqlclient.so.21.2.42)
==268755== 
==268755== 184 bytes in 1 blocks are still reachable in loss record 1,614 of 2,004
==268755==    at 0x4848899: malloc (in /usr/libexec/valgrind/vgpreload_memcheck-amd64-linux.so)
==268755==    by 0x561679D: CRYPTO_zalloc (in /usr/lib/x86_64-linux-gnu/libcrypto.so.3)
==268755==    by 0x56DF494: ??? (in /usr/lib/x86_64-linux-gnu/libcrypto.so.3)
==268755==    by 0x56DF612: ??? (in /usr/lib/x86_64-linux-gnu/libcrypto.so.3)
==268755==    by 0x55F7637: EVP_RAND_instantiate (in /usr/lib/x86_64-linux-gnu/libcrypto.so.3)
==268755==    by 0x5649661: ??? (in /usr/lib/x86_64-linux-gnu/libcrypto.so.3)
==268755==    by 0x56497FB: RAND_get0_primary (in /usr/lib/x86_64-linux-gnu/libcrypto.so.3)
==268755==    by 0x5649DF7: RAND_get0_public (in /usr/lib/x86_64-linux-gnu/libcrypto.so.3)
==268755==    by 0x5649EE7: RAND_bytes_ex (in /usr/lib/x86_64-linux-gnu/libcrypto.so.3)
==268755==    by 0x53F5779: SSL_CTX_new_ex (in /usr/lib/x86_64-linux-gnu/libssl.so.3)
==268755==    by 0x48F8280: ??? (in /usr/lib/x86_64-linux-gnu/libmysqlclient.so.21.2.42)
==268755==    by 0x489A042: ??? (in /usr/lib/x86_64-linux-gnu/libmysqlclient.so.21.2.42)
==268755== 
==268755== 184 bytes in 1 blocks are still reachable in loss record 1,615 of 2,004
==268755==    at 0x4848899: malloc (in /usr/libexec/valgrind/vgpreload_memcheck-amd64-linux.so)
==268755==    by 0x561679D: CRYPTO_zalloc (in /usr/lib/x86_64-linux-gnu/libcrypto.so.3)
==268755==    by 0x56DF58C: ??? (in /usr/lib/x86_64-linux-gnu/libcrypto.so.3)
==268755==    by 0x56DF612: ??? (in /usr/lib/x86_64-linux-gnu/libcrypto.so.3)
==268755==    by 0x55F7637: EVP_RAND_instantiate (in /usr/lib/x86_64-linux-gnu/libcrypto.so.3)
==268755==    by 0x5649661: ??? (in /usr/lib/x86_64-linux-gnu/libcrypto.so.3)
==268755==    by 0x56497FB: RAND_get0_primary (in /usr/lib/x86_64-linux-gnu/libcrypto.so.3)
==268755==    by 0x5649DF7: RAND_get0_public (in /usr/lib/x86_64-linux-gnu/libcrypto.so.3)
==268755==    by 0x5649EE7: RAND_bytes_ex (in /usr/lib/x86_64-linux-gnu/libcrypto.so.3)
==268755==    by 0x53F5779: SSL_CTX_new_ex (in /usr/lib/x86_64-linux-gnu/libssl.so.3)
==268755==    by 0x48F8280: ??? (in /usr/lib/x86_64-linux-gnu/libmysqlclient.so.21.2.42)
==268755==    by 0x489A042: ??? (in /usr/lib/x86_64-linux-gnu/libmysqlclient.so.21.2.42)
==268755== 
==268755== 185 bytes in 5 blocks are possibly lost in loss record 1,616 of 2,004
==268755==    at 0x4848899: malloc (in /usr/libexec/valgrind/vgpreload_memcheck-amd64-linux.so)
==268755==    by 0x48F04CF: ??? (in /usr/lib/x86_64-linux-gnu/libmysqlclient.so.21.2.42)
==268755==    by 0x489D2BF: ??? (in /usr/lib/x86_64-linux-gnu/libmysqlclient.so.21.2.42)
==268755==    by 0x48A3273: ??? (in /usr/lib/x86_64-linux-gnu/libmysqlclient.so.21.2.42)
==268755==    by 0x489EF82: mysql_real_connect (in /usr/lib/x86_64-linux-gnu/libmysqlclient.so.21.2.42)
==268755==    by 0x1EC2E1: cpp_dbc::MySQL::MySQLConnection::MySQLConnection(std::__cxx11::basic_string<char, std::char_traits<char>, std::allocator<char> > const&, int, std::__cxx11::basic_string<char, std::char_traits<char>, std::allocator<char> > const&, std::__cxx11::basic_string<char, std::char_traits<char>, std::allocator<char> > const&, std::__cxx11::basic_string<char, std::char_traits<char>, std::allocator<char> > const&) (driver_mysql.cpp:624)
==268755==    by 0x1F6A72: decltype (::new ((void*)(0)) cpp_dbc::MySQL::MySQLConnection((declval<std::__cxx11::basic_string<char, std::char_traits<char>, std::allocator<char> >&>)(), (declval<int&>)(), (declval<std::__cxx11::basic_string<char, std::char_traits<char>, std::allocator<char> >&>)(), (declval<std::__cxx11::basic_string<char, std::char_traits<char>, std::allocator<char> > const&>)(), (declval<std::__cxx11::basic_string<char, std::char_traits<char>, std::allocator<char> > const&>)())) std::construct_at<cpp_dbc::MySQL::MySQLConnection, std::__cxx11::basic_string<char, std::char_traits<char>, std::allocator<char> >&, int&, std::__cxx11::basic_string<char, std::char_traits<char>, std::allocator<char> >&, std::__cxx11::basic_string<char, std::char_traits<char>, std::allocator<char> > const&, std::__cxx11::basic_string<char, std::char_traits<char>, std::allocator<char> > const&>(cpp_dbc::MySQL::MySQLConnection*, std::__cxx11::basic_string<char, std::char_traits<char>, std::allocator<char> >&, int&, std::__cxx11::basic_string<char, std::char_traits<char>, std::allocator<char> >&, std::__cxx11::basic_string<char, std::char_traits<char>, std::allocator<char> > const&, std::__cxx11::basic_string<char, std::char_traits<char>, std::allocator<char> > const&) (stl_construct.h:97)
==268755==    by 0x1F6B2E: void std::allocator_traits<std::allocator<cpp_dbc::MySQL::MySQLConnection> >::construct<cpp_dbc::MySQL::MySQLConnection, std::__cxx11::basic_string<char, std::char_traits<char>, std::allocator<char> >&, int&, std::__cxx11::basic_string<char, std::char_traits<char>, std::allocator<char> >&, std::__cxx11::basic_string<char, std::char_traits<char>, std::allocator<char> > const&, std::__cxx11::basic_string<char, std::char_traits<char>, std::allocator<char> > const&>(std::allocator<cpp_dbc::MySQL::MySQLConnection>&, cpp_dbc::MySQL::MySQLConnection*, std::__cxx11::basic_string<char, std::char_traits<char>, std::allocator<char> >&, int&, std::__cxx11::basic_string<char, std::char_traits<char>, std::allocator<char> >&, std::__cxx11::basic_string<char, std::char_traits<char>, std::allocator<char> > const&, std::__cxx11::basic_string<char, std::char_traits<char>, std::allocator<char> > const&) (alloc_traits.h:518)
==268755==    by 0x1F602C: std::_Sp_counted_ptr_inplace<cpp_dbc::MySQL::MySQLConnection, std::allocator<cpp_dbc::MySQL::MySQLConnection>, (__gnu_cxx::_Lock_policy)2>::_Sp_counted_ptr_inplace<std::__cxx11::basic_string<char, std::char_traits<char>, std::allocator<char> >&, int&, std::__cxx11::basic_string<char, std::char_traits<char>, std::allocator<char> >&, std::__cxx11::basic_string<char, std::char_traits<char>, std::allocator<char> > const&, std::__cxx11::basic_string<char, std::char_traits<char>, std::allocator<char> > const&>(std::allocator<cpp_dbc::MySQL::MySQLConnection>, std::__cxx11::basic_string<char, std::char_traits<char>, std::allocator<char> >&, int&, std::__cxx11::basic_string<char, std::char_traits<char>, std::allocator<char> >&, std::__cxx11::basic_string<char, std::char_traits<char>, std::allocator<char> > const&, std::__cxx11::basic_string<char, std::char_traits<char>, std::allocator<char> > const&) (shared_ptr_base.h:519)
==268755==    by 0x1F4FF2: std::__shared_count<(__gnu_cxx::_Lock_policy)2>::__shared_count<cpp_dbc::MySQL::MySQLConnection, std::allocator<cpp_dbc::MySQL::MySQLConnection>, std::__cxx11::basic_string<char, std::char_traits<char>, std::allocator<char> >&, int&, std::__cxx11::basic_string<char, std::char_traits<char>, std::allocator<char> >&, std::__cxx11::basic_string<char, std::char_traits<char>, std::allocator<char> > const&, std::__cxx11::basic_string<char, std::char_traits<char>, std::allocator<char> > const&>(cpp_dbc::MySQL::MySQLConnection*&, std::_Sp_alloc_shared_tag<std::allocator<cpp_dbc::MySQL::MySQLConnection> >, std::__cxx11::basic_string<char, std::char_traits<char>, std::allocator<char> >&, int&, std::__cxx11::basic_string<char, std::char_traits<char>, std::allocator<char> >&, std::__cxx11::basic_string<char, std::char_traits<char>, std::allocator<char> > const&, std::__cxx11::basic_string<char, std::char_traits<char>, std::allocator<char> > const&) (shared_ptr_base.h:650)
==268755==    by 0x1F42B5: std::__shared_ptr<cpp_dbc::MySQL::MySQLConnection, (__gnu_cxx::_Lock_policy)2>::__shared_ptr<std::allocator<cpp_dbc::MySQL::MySQLConnection>, std::__cxx11::basic_string<char, std::char_traits<char>, std::allocator<char> >&, int&, std::__cxx11::basic_string<char, std::char_traits<char>, std::allocator<char> >&, std::__cxx11::basic_string<char, std::char_traits<char>, std::allocator<char> > const&, std::__cxx11::basic_string<char, std::char_traits<char>, std::allocator<char> > const&>(std::_Sp_alloc_shared_tag<std::allocator<cpp_dbc::MySQL::MySQLConnection> >, std::__cxx11::basic_string<char, std::char_traits<char>, std::allocator<char> >&, int&, std::__cxx11::basic_string<char, std::char_traits<char>, std::allocator<char> >&, std::__cxx11::basic_string<char, std::char_traits<char>, std::allocator<char> > const&, std::__cxx11::basic_string<char, std::char_traits<char>, std::allocator<char> > const&) (shared_ptr_base.h:1342)
==268755==    by 0x1F3358: std::shared_ptr<cpp_dbc::MySQL::MySQLConnection>::shared_ptr<std::allocator<cpp_dbc::MySQL::MySQLConnection>, std::__cxx11::basic_string<char, std::char_traits<char>, std::allocator<char> >&, int&, std::__cxx11::basic_string<char, std::char_traits<char>, std::allocator<char> >&, std::__cxx11::basic_string<char, std::char_traits<char>, std::allocator<char> > const&, std::__cxx11::basic_string<char, std::char_traits<char>, std::allocator<char> > const&>(std::_Sp_alloc_shared_tag<std::allocator<cpp_dbc::MySQL::MySQLConnection> >, std::__cxx11::basic_string<char, std::char_traits<char>, std::allocator<char> >&, int&, std::__cxx11::basic_string<char, std::char_traits<char>, std::allocator<char> >&, std::__cxx11::basic_string<char, std::char_traits<char>, std::allocator<char> > const&, std::__cxx11::basic_string<char, std::char_traits<char>, std::allocator<char> > const&) (shared_ptr.h:409)
==268755== 
==268755== 192 bytes in 1 blocks are still reachable in loss record 1,617 of 2,004
==268755==    at 0x4849013: operator new(unsigned long) (in /usr/libexec/valgrind/vgpreload_memcheck-amd64-linux.so)
==268755==    by 0x2B6CE6: __gnu_cxx::new_allocator<Catch::SectionInfo>::allocate(unsigned long, void const*) (new_allocator.h:127)
==268755==    by 0x2B6B7F: std::allocator_traits<std::allocator<Catch::SectionInfo> >::allocate(std::allocator<Catch::SectionInfo>&, unsigned long) (alloc_traits.h:464)
==268755==    by 0x2B6A05: std::_Vector_base<Catch::SectionInfo, std::allocator<Catch::SectionInfo> >::_M_allocate(unsigned long) (stl_vector.h:346)
==268755==    by 0x2B64EE: void std::vector<Catch::SectionInfo, std::allocator<Catch::SectionInfo> >::_M_realloc_insert<Catch::SectionInfo const&>(__gnu_cxx::__normal_iterator<Catch::SectionInfo*, std::vector<Catch::SectionInfo, std::allocator<Catch::SectionInfo> > >, Catch::SectionInfo const&) (vector.tcc:440)
==268755==    by 0x2B630F: std::vector<Catch::SectionInfo, std::allocator<Catch::SectionInfo> >::push_back(Catch::SectionInfo const&) (stl_vector.h:1198)
==268755==    by 0x2B6208: Catch::StreamingReporterBase::sectionStarting(Catch::SectionInfo const&) (catch_reporter_streaming_base.hpp:44)
==268755==    by 0x255B54: Catch::RunContext::runCurrentTest(std::__cxx11::basic_string<char, std::char_traits<char>, std::allocator<char> >&, std::__cxx11::basic_string<char, std::char_traits<char>, std::allocator<char> >&) (catch_run_context.cpp:480)
==268755==    by 0x2542F5: Catch::RunContext::runTest(Catch::TestCaseHandle const&) (catch_run_context.cpp:232)
==268755==    by 0x205F36: Catch::(anonymous namespace)::TestGroup::execute() (catch_session.cpp:110)
==268755==    by 0x20742F: Catch::Session::runInternal() (catch_session.cpp:332)
==268755==    by 0x206F31: Catch::Session::run() (catch_session.cpp:263)
==268755== 
==268755== 192 bytes in 4 blocks are still reachable in loss record 1,618 of 2,004
==268755==    at 0x4849013: operator new(unsigned long) (in /usr/libexec/valgrind/vgpreload_memcheck-amd64-linux.so)
==268755==    by 0x130468: __gnu_cxx::new_allocator<char>::allocate(unsigned long, void const*) (new_allocator.h:127)
==268755==    by 0x12F934: allocate (allocator.h:185)
==268755==    by 0x12F934: std::allocator_traits<std::allocator<char> >::allocate(std::allocator<char>&, unsigned long) (alloc_traits.h:464)
==268755==    by 0x12FCCD: std::__cxx11::basic_string<char, std::char_traits<char>, std::allocator<char> >::_M_create(unsigned long&, unsigned long) (basic_string.tcc:153)
==268755==    by 0x138C8E: void std::__cxx11::basic_string<char, std::char_traits<char>, std::allocator<char> >::_M_construct<char*>(char*, char*, std::forward_iterator_tag) (basic_string.tcc:219)
==268755==    by 0x138039: void std::__cxx11::basic_string<char, std::char_traits<char>, std::allocator<char> >::_M_construct_aux<char*>(char*, char*, std::__false_type) (basic_string.h:255)
==268755==    by 0x136D88: void std::__cxx11::basic_string<char, std::char_traits<char>, std::allocator<char> >::_M_construct<char*>(char*, char*) (basic_string.h:274)
==268755==    by 0x135B15: std::__cxx11::basic_string<char, std::char_traits<char>, std::allocator<char> >::basic_string(std::__cxx11::basic_string<char, std::char_traits<char>, std::allocator<char> > const&) (basic_string.h:459)
==268755==    by 0x1E9A7C: cpp_dbc::MySQL::MySQLPreparedStatement::MySQLPreparedStatement(MYSQL*, std::__cxx11::basic_string<char, std::char_traits<char>, std::allocator<char> > const&) (driver_mysql.cpp:249)
==268755==    by 0x1F66A8: decltype (::new ((void*)(0)) cpp_dbc::MySQL::MySQLPreparedStatement((declval<MYSQL*&>)(), (declval<std::__cxx11::basic_string<char, std::char_traits<char>, std::allocator<char> > const&>)())) std::construct_at<cpp_dbc::MySQL::MySQLPreparedStatement, MYSQL*&, std::__cxx11::basic_string<char, std::char_traits<char>, std::allocator<char> > const&>(cpp_dbc::MySQL::MySQLPreparedStatement*, MYSQL*&, std::__cxx11::basic_string<char, std::char_traits<char>, std::allocator<char> > const&) (stl_construct.h:97)
==268755==    by 0x1F6724: void std::allocator_traits<std::allocator<cpp_dbc::MySQL::MySQLPreparedStatement> >::construct<cpp_dbc::MySQL::MySQLPreparedStatement, MYSQL*&, std::__cxx11::basic_string<char, std::char_traits<char>, std::allocator<char> > const&>(std::allocator<cpp_dbc::MySQL::MySQLPreparedStatement>&, cpp_dbc::MySQL::MySQLPreparedStatement*, MYSQL*&, std::__cxx11::basic_string<char, std::char_traits<char>, std::allocator<char> > const&) (alloc_traits.h:518)
==268755==    by 0x1F5C74: std::_Sp_counted_ptr_inplace<cpp_dbc::MySQL::MySQLPreparedStatement, std::allocator<cpp_dbc::MySQL::MySQLPreparedStatement>, (__gnu_cxx::_Lock_policy)2>::_Sp_counted_ptr_inplace<MYSQL*&, std::__cxx11::basic_string<char, std::char_traits<char>, std::allocator<char> > const&>(std::allocator<cpp_dbc::MySQL::MySQLPreparedStatement>, MYSQL*&, std::__cxx11::basic_string<char, std::char_traits<char>, std::allocator<char> > const&) (shared_ptr_base.h:519)
==268755== 
==268755== 192 bytes in 8 blocks are still reachable in loss record 1,619 of 2,004
==268755==    at 0x4848899: malloc (in /usr/libexec/valgrind/vgpreload_memcheck-amd64-linux.so)
==268755==    by 0x560C185: OPENSSL_LH_insert (in /usr/lib/x86_64-linux-gnu/libcrypto.so.3)
==268755==    by 0x5619542: ??? (in /usr/lib/x86_64-linux-gnu/libcrypto.so.3)
==268755==    by 0x5615E27: ??? (in /usr/lib/x86_64-linux-gnu/libcrypto.so.3)
==268755==    by 0x5615F09: ??? (in /usr/lib/x86_64-linux-gnu/libcrypto.so.3)
==268755==    by 0x5615B8A: ??? (in /usr/lib/x86_64-linux-gnu/libcrypto.so.3)
==268755==    by 0x56F4A6B: ??? (in /usr/lib/x86_64-linux-gnu/libcrypto.so.3)
==268755==    by 0x55EC302: EVP_CIPHER_fetch (in /usr/lib/x86_64-linux-gnu/libcrypto.so.3)
==268755==    by 0x53F137A: ??? (in /usr/lib/x86_64-linux-gnu/libssl.so.3)
==268755==    by 0x53F5161: SSL_CTX_new_ex (in /usr/lib/x86_64-linux-gnu/libssl.so.3)
==268755==    by 0x48F8280: ??? (in /usr/lib/x86_64-linux-gnu/libmysqlclient.so.21.2.42)
==268755==    by 0x489A042: ??? (in /usr/lib/x86_64-linux-gnu/libmysqlclient.so.21.2.42)
==268755== 
==268755== 192 bytes in 12 blocks are still reachable in loss record 1,620 of 2,004
==268755==    at 0x4848899: malloc (in /usr/libexec/valgrind/vgpreload_memcheck-amd64-linux.so)
==268755==    by 0x561679D: CRYPTO_zalloc (in /usr/lib/x86_64-linux-gnu/libcrypto.so.3)
==268755==    by 0x5619506: ??? (in /usr/lib/x86_64-linux-gnu/libcrypto.so.3)
==268755==    by 0x56F41B3: ??? (in /usr/lib/x86_64-linux-gnu/libcrypto.so.3)
==268755==    by 0x55EBAFA: ??? (in /usr/lib/x86_64-linux-gnu/libcrypto.so.3)
==268755==    by 0x560B7F8: ??? (in /usr/lib/x86_64-linux-gnu/libcrypto.so.3)
==268755==    by 0x560B71B: ??? (in /usr/lib/x86_64-linux-gnu/libcrypto.so.3)
==268755==    by 0x562AD6A: ??? (in /usr/lib/x86_64-linux-gnu/libcrypto.so.3)
==268755==    by 0x56F44E7: ??? (in /usr/lib/x86_64-linux-gnu/libcrypto.so.3)
==268755==    by 0x56F4B3D: ??? (in /usr/lib/x86_64-linux-gnu/libcrypto.so.3)
==268755==    by 0x55F7C32: EVP_KDF_fetch (in /usr/lib/x86_64-linux-gnu/libcrypto.so.3)
==268755==    by 0x54066BF: ??? (in /usr/lib/x86_64-linux-gnu/libssl.so.3)
==268755== 
==268755== 192 bytes in 12 blocks are still reachable in loss record 1,621 of 2,004
==268755==    at 0x4848899: malloc (in /usr/libexec/valgrind/vgpreload_memcheck-amd64-linux.so)
==268755==    by 0x561679D: CRYPTO_zalloc (in /usr/lib/x86_64-linux-gnu/libcrypto.so.3)
==268755==    by 0x5619506: ??? (in /usr/lib/x86_64-linux-gnu/libcrypto.so.3)
==268755==    by 0x56F41B3: ??? (in /usr/lib/x86_64-linux-gnu/libcrypto.so.3)
==268755==    by 0x55EBAFA: ??? (in /usr/lib/x86_64-linux-gnu/libcrypto.so.3)
==268755==    by 0x560B7F8: ??? (in /usr/lib/x86_64-linux-gnu/libcrypto.so.3)
==268755==    by 0x560B71B: ??? (in /usr/lib/x86_64-linux-gnu/libcrypto.so.3)
==268755==    by 0x562AD6A: ??? (in /usr/lib/x86_64-linux-gnu/libcrypto.so.3)
==268755==    by 0x56F44E7: ??? (in /usr/lib/x86_64-linux-gnu/libcrypto.so.3)
==268755==    by 0x56F4B3D: ??? (in /usr/lib/x86_64-linux-gnu/libcrypto.so.3)
==268755==    by 0x55F85A2: EVP_MAC_fetch (in /usr/lib/x86_64-linux-gnu/libcrypto.so.3)
==268755==    by 0x55FF3E3: EVP_Q_mac (in /usr/lib/x86_64-linux-gnu/libcrypto.so.3)
==268755== 
==268755== 192 bytes in 4 blocks are possibly lost in loss record 1,622 of 2,004
==268755==    at 0x4848899: malloc (in /usr/libexec/valgrind/vgpreload_memcheck-amd64-linux.so)
==268755==    by 0x561679D: CRYPTO_zalloc (in /usr/lib/x86_64-linux-gnu/libcrypto.so.3)
==268755==    by 0x559CB06: EC_POINT_new (in /usr/lib/x86_64-linux-gnu/libcrypto.so.3)
==268755==    by 0x55A2017: EC_GROUP_copy (in /usr/lib/x86_64-linux-gnu/libcrypto.so.3)
==268755==    by 0x55A250C: EC_GROUP_dup (in /usr/lib/x86_64-linux-gnu/libcrypto.so.3)
==268755==    by 0x55A2572: EC_KEY_set_group (in /usr/lib/x86_64-linux-gnu/libcrypto.so.3)
==268755==    by 0x56D78BC: ??? (in /usr/lib/x86_64-linux-gnu/libcrypto.so.3)
==268755==    by 0x5608028: EVP_PKEY_generate (in /usr/lib/x86_64-linux-gnu/libcrypto.so.3)
==268755==    by 0x53E1278: ??? (in /usr/lib/x86_64-linux-gnu/libssl.so.3)
==268755==    by 0x5412AC2: ??? (in /usr/lib/x86_64-linux-gnu/libssl.so.3)
==268755==    by 0x5415B60: ??? (in /usr/lib/x86_64-linux-gnu/libssl.so.3)
==268755==    by 0x5421483: ??? (in /usr/lib/x86_64-linux-gnu/libssl.so.3)
==268755== 
==268755== 192 bytes in 4 blocks are possibly lost in loss record 1,623 of 2,004
==268755==    at 0x4848899: malloc (in /usr/libexec/valgrind/vgpreload_memcheck-amd64-linux.so)
==268755==    by 0x561679D: CRYPTO_zalloc (in /usr/lib/x86_64-linux-gnu/libcrypto.so.3)
==268755==    by 0x559CB06: EC_POINT_new (in /usr/lib/x86_64-linux-gnu/libcrypto.so.3)
==268755==    by 0x55A4F57: ??? (in /usr/lib/x86_64-linux-gnu/libcrypto.so.3)
==268755==    by 0x559BAC4: ??? (in /usr/lib/x86_64-linux-gnu/libcrypto.so.3)
==268755==    by 0x559C3D1: EC_KEY_generate_key (in /usr/lib/x86_64-linux-gnu/libcrypto.so.3)
==268755==    by 0x56D78D2: ??? (in /usr/lib/x86_64-linux-gnu/libcrypto.so.3)
==268755==    by 0x5608028: EVP_PKEY_generate (in /usr/lib/x86_64-linux-gnu/libcrypto.so.3)
==268755==    by 0x53E1278: ??? (in /usr/lib/x86_64-linux-gnu/libssl.so.3)
==268755==    by 0x5412AC2: ??? (in /usr/lib/x86_64-linux-gnu/libssl.so.3)
==268755==    by 0x5415B60: ??? (in /usr/lib/x86_64-linux-gnu/libssl.so.3)
==268755==    by 0x5421483: ??? (in /usr/lib/x86_64-linux-gnu/libssl.so.3)
==268755== 
==268755== 192 bytes in 4 blocks are possibly lost in loss record 1,624 of 2,004
==268755==    at 0x4848899: malloc (in /usr/libexec/valgrind/vgpreload_memcheck-amd64-linux.so)
==268755==    by 0x561679D: CRYPTO_zalloc (in /usr/lib/x86_64-linux-gnu/libcrypto.so.3)
==268755==    by 0x559CB06: EC_POINT_new (in /usr/lib/x86_64-linux-gnu/libcrypto.so.3)
==268755==    by 0x55A2017: EC_GROUP_copy (in /usr/lib/x86_64-linux-gnu/libcrypto.so.3)
==268755==    by 0x55A21F5: ??? (in /usr/lib/x86_64-linux-gnu/libcrypto.so.3)
==268755==    by 0x55FD533: ??? (in /usr/lib/x86_64-linux-gnu/libcrypto.so.3)
==268755==    by 0x5608C3F: EVP_PKEY_copy_parameters (in /usr/lib/x86_64-linux-gnu/libcrypto.so.3)
==268755==    by 0x5414439: ??? (in /usr/lib/x86_64-linux-gnu/libssl.so.3)
==268755==    by 0x5408838: ??? (in /usr/lib/x86_64-linux-gnu/libssl.so.3)
==268755==    by 0x541C24A: ??? (in /usr/lib/x86_64-linux-gnu/libssl.so.3)
==268755==    by 0x541EA94: ??? (in /usr/lib/x86_64-linux-gnu/libssl.so.3)
==268755==    by 0x5420697: ??? (in /usr/lib/x86_64-linux-gnu/libssl.so.3)
==268755== 
==268755== 192 bytes in 4 blocks are possibly lost in loss record 1,625 of 2,004
==268755==    at 0x4848899: malloc (in /usr/libexec/valgrind/vgpreload_memcheck-amd64-linux.so)
==268755==    by 0x561679D: CRYPTO_zalloc (in /usr/lib/x86_64-linux-gnu/libcrypto.so.3)
==268755==    by 0x559CB06: EC_POINT_new (in /usr/lib/x86_64-linux-gnu/libcrypto.so.3)
==268755==    by 0x559D9BC: EC_KEY_oct2key (in /usr/lib/x86_64-linux-gnu/libcrypto.so.3)
==268755==    by 0x56D6A9A: ??? (in /usr/lib/x86_64-linux-gnu/libcrypto.so.3)
==268755==    by 0x5603376: EVP_PKEY_set_octet_string_param (in /usr/lib/x86_64-linux-gnu/libcrypto.so.3)
==268755==    by 0x541444F: ??? (in /usr/lib/x86_64-linux-gnu/libssl.so.3)
==268755==    by 0x5408838: ??? (in /usr/lib/x86_64-linux-gnu/libssl.so.3)
==268755==    by 0x541C24A: ??? (in /usr/lib/x86_64-linux-gnu/libssl.so.3)
==268755==    by 0x541EA94: ??? (in /usr/lib/x86_64-linux-gnu/libssl.so.3)
==268755==    by 0x5420697: ??? (in /usr/lib/x86_64-linux-gnu/libssl.so.3)
==268755==    by 0x48F8F69: ??? (in /usr/lib/x86_64-linux-gnu/libmysqlclient.so.21.2.42)
==268755== 
==268755== 192 bytes in 8 blocks are possibly lost in loss record 1,626 of 2,004
==268755==    at 0x4848899: malloc (in /usr/libexec/valgrind/vgpreload_memcheck-amd64-linux.so)
==268755==    by 0x561679D: CRYPTO_zalloc (in /usr/lib/x86_64-linux-gnu/libcrypto.so.3)
==268755==    by 0x551A742: ASN1_STRING_type_new (in /usr/lib/x86_64-linux-gnu/libcrypto.so.3)
==268755==    by 0x569F35C: ??? (in /usr/lib/x86_64-linux-gnu/libcrypto.so.3)
==268755==    by 0x552C32A: ??? (in /usr/lib/x86_64-linux-gnu/libcrypto.so.3)
==268755==    by 0x55304A1: ??? (in /usr/lib/x86_64-linux-gnu/libcrypto.so.3)
==268755==    by 0x552C4A0: ??? (in /usr/lib/x86_64-linux-gnu/libcrypto.so.3)
==268755==    by 0x55304A1: ??? (in /usr/lib/x86_64-linux-gnu/libcrypto.so.3)
==268755==    by 0x552C4A0: ??? (in /usr/lib/x86_64-linux-gnu/libcrypto.so.3)
==268755==    by 0x552C5E5: ASN1_item_new_ex (in /usr/lib/x86_64-linux-gnu/libcrypto.so.3)
==268755==    by 0x569F476: X509_new_ex (in /usr/lib/x86_64-linux-gnu/libcrypto.so.3)
==268755==    by 0x54221A2: ??? (in /usr/lib/x86_64-linux-gnu/libssl.so.3)
==268755== 
==268755== 192 bytes in 8 blocks are possibly lost in loss record 1,627 of 2,004
==268755==    at 0x4848899: malloc (in /usr/libexec/valgrind/vgpreload_memcheck-amd64-linux.so)
==268755==    by 0x561679D: CRYPTO_zalloc (in /usr/lib/x86_64-linux-gnu/libcrypto.so.3)
==268755==    by 0x551A742: ASN1_STRING_type_new (in /usr/lib/x86_64-linux-gnu/libcrypto.so.3)
==268755==    by 0x552D3EB: ??? (in /usr/lib/x86_64-linux-gnu/libcrypto.so.3)
==268755==    by 0x552E048: ??? (in /usr/lib/x86_64-linux-gnu/libcrypto.so.3)
==268755==    by 0x552F3E7: ??? (in /usr/lib/x86_64-linux-gnu/libcrypto.so.3)
==268755==    by 0x552F691: ??? (in /usr/lib/x86_64-linux-gnu/libcrypto.so.3)
==268755==    by 0x552DD18: ??? (in /usr/lib/x86_64-linux-gnu/libcrypto.so.3)
==268755==    by 0x552F3E7: ??? (in /usr/lib/x86_64-linux-gnu/libcrypto.so.3)
==268755==    by 0x552DD18: ??? (in /usr/lib/x86_64-linux-gnu/libcrypto.so.3)
==268755==    by 0x552E492: ASN1_item_d2i_ex (in /usr/lib/x86_64-linux-gnu/libcrypto.so.3)
==268755==    by 0x54221C2: ??? (in /usr/lib/x86_64-linux-gnu/libssl.so.3)
==268755== 
==268755== 199 bytes in 9 blocks are still reachable in loss record 1,628 of 2,004
==268755==    at 0x4848899: malloc (in /usr/libexec/valgrind/vgpreload_memcheck-amd64-linux.so)
==268755==    by 0x615CEF7: ??? (in /usr/lib/x86_64-linux-gnu/libtasn1.so.6.6.2)
==268755==    by 0x6164617: asn1_array2tree (in /usr/lib/x86_64-linux-gnu/libtasn1.so.6.6.2)
==268755==    by 0x5CC4614: ??? (in /usr/lib/x86_64-linux-gnu/libgnutls.so.30.31.0)
==268755==    by 0x5C92CA2: ??? (in /usr/lib/x86_64-linux-gnu/libgnutls.so.30.31.0)
==268755==    by 0x400647D: call_init.part.0 (dl-init.c:70)
==268755==    by 0x4006567: call_init (dl-init.c:33)
==268755==    by 0x4006567: _dl_init (dl-init.c:117)
==268755==    by 0x40202C9: ??? (in /usr/lib/x86_64-linux-gnu/ld-linux-x86-64.so.2)
==268755==    by 0x4: ???
==268755==    by 0x1FFEFFFDD2: ???
==268755==    by 0x1FFEFFFE3C: ???
==268755==    by 0x1FFEFFFE3F: ???
==268755== 
==268755== 200 bytes in 5 blocks are still reachable in loss record 1,629 of 2,004
==268755==    at 0x4848899: malloc (in /usr/libexec/valgrind/vgpreload_memcheck-amd64-linux.so)
==268755==    by 0x5647AA0: ??? (in /usr/lib/x86_64-linux-gnu/libcrypto.so.3)
==268755==    by 0x55EBA69: ??? (in /usr/lib/x86_64-linux-gnu/libcrypto.so.3)
==268755==    by 0x560B85B: ??? (in /usr/lib/x86_64-linux-gnu/libcrypto.so.3)
==268755==    by 0x560B71B: ??? (in /usr/lib/x86_64-linux-gnu/libcrypto.so.3)
==268755==    by 0x562AD6A: ??? (in /usr/lib/x86_64-linux-gnu/libcrypto.so.3)
==268755==    by 0x56F44E7: ??? (in /usr/lib/x86_64-linux-gnu/libcrypto.so.3)
==268755==    by 0x56F4B3D: ??? (in /usr/lib/x86_64-linux-gnu/libcrypto.so.3)
==268755==    by 0x55F7222: EVP_RAND_fetch (in /usr/lib/x86_64-linux-gnu/libcrypto.so.3)
==268755==    by 0x56498AB: RAND_get0_primary (in /usr/lib/x86_64-linux-gnu/libcrypto.so.3)
==268755==    by 0x5649DF7: RAND_get0_public (in /usr/lib/x86_64-linux-gnu/libcrypto.so.3)
==268755==    by 0x5649EE7: RAND_bytes_ex (in /usr/lib/x86_64-linux-gnu/libcrypto.so.3)
==268755== 
==268755== 200 bytes in 5 blocks are possibly lost in loss record 1,630 of 2,004
==268755==    at 0x4848899: malloc (in /usr/libexec/valgrind/vgpreload_memcheck-amd64-linux.so)
==268755==    by 0x48F04CF: ??? (in /usr/lib/x86_64-linux-gnu/libmysqlclient.so.21.2.42)
==268755==    by 0x489D004: ??? (in /usr/lib/x86_64-linux-gnu/libmysqlclient.so.21.2.42)
==268755==    by 0x489D1FA: ??? (in /usr/lib/x86_64-linux-gnu/libmysqlclient.so.21.2.42)
==268755==    by 0x48A3273: ??? (in /usr/lib/x86_64-linux-gnu/libmysqlclient.so.21.2.42)
==268755==    by 0x489EF82: mysql_real_connect (in /usr/lib/x86_64-linux-gnu/libmysqlclient.so.21.2.42)
==268755==    by 0x1EC2E1: cpp_dbc::MySQL::MySQLConnection::MySQLConnection(std::__cxx11::basic_string<char, std::char_traits<char>, std::allocator<char> > const&, int, std::__cxx11::basic_string<char, std::char_traits<char>, std::allocator<char> > const&, std::__cxx11::basic_string<char, std::char_traits<char>, std::allocator<char> > const&, std::__cxx11::basic_string<char, std::char_traits<char>, std::allocator<char> > const&) (driver_mysql.cpp:624)
==268755==    by 0x1F6A72: decltype (::new ((void*)(0)) cpp_dbc::MySQL::MySQLConnection((declval<std::__cxx11::basic_string<char, std::char_traits<char>, std::allocator<char> >&>)(), (declval<int&>)(), (declval<std::__cxx11::basic_string<char, std::char_traits<char>, std::allocator<char> >&>)(), (declval<std::__cxx11::basic_string<char, std::char_traits<char>, std::allocator<char> > const&>)(), (declval<std::__cxx11::basic_string<char, std::char_traits<char>, std::allocator<char> > const&>)())) std::construct_at<cpp_dbc::MySQL::MySQLConnection, std::__cxx11::basic_string<char, std::char_traits<char>, std::allocator<char> >&, int&, std::__cxx11::basic_string<char, std::char_traits<char>, std::allocator<char> >&, std::__cxx11::basic_string<char, std::char_traits<char>, std::allocator<char> > const&, std::__cxx11::basic_string<char, std::char_traits<char>, std::allocator<char> > const&>(cpp_dbc::MySQL::MySQLConnection*, std::__cxx11::basic_string<char, std::char_traits<char>, std::allocator<char> >&, int&, std::__cxx11::basic_string<char, std::char_traits<char>, std::allocator<char> >&, std::__cxx11::basic_string<char, std::char_traits<char>, std::allocator<char> > const&, std::__cxx11::basic_string<char, std::char_traits<char>, std::allocator<char> > const&) (stl_construct.h:97)
==268755==    by 0x1F6B2E: void std::allocator_traits<std::allocator<cpp_dbc::MySQL::MySQLConnection> >::construct<cpp_dbc::MySQL::MySQLConnection, std::__cxx11::basic_string<char, std::char_traits<char>, std::allocator<char> >&, int&, std::__cxx11::basic_string<char, std::char_traits<char>, std::allocator<char> >&, std::__cxx11::basic_string<char, std::char_traits<char>, std::allocator<char> > const&, std::__cxx11::basic_string<char, std::char_traits<char>, std::allocator<char> > const&>(std::allocator<cpp_dbc::MySQL::MySQLConnection>&, cpp_dbc::MySQL::MySQLConnection*, std::__cxx11::basic_string<char, std::char_traits<char>, std::allocator<char> >&, int&, std::__cxx11::basic_string<char, std::char_traits<char>, std::allocator<char> >&, std::__cxx11::basic_string<char, std::char_traits<char>, std::allocator<char> > const&, std::__cxx11::basic_string<char, std::char_traits<char>, std::allocator<char> > const&) (alloc_traits.h:518)
==268755==    by 0x1F602C: std::_Sp_counted_ptr_inplace<cpp_dbc::MySQL::MySQLConnection, std::allocator<cpp_dbc::MySQL::MySQLConnection>, (__gnu_cxx::_Lock_policy)2>::_Sp_counted_ptr_inplace<std::__cxx11::basic_string<char, std::char_traits<char>, std::allocator<char> >&, int&, std::__cxx11::basic_string<char, std::char_traits<char>, std::allocator<char> >&, std::__cxx11::basic_string<char, std::char_traits<char>, std::allocator<char> > const&, std::__cxx11::basic_string<char, std::char_traits<char>, std::allocator<char> > const&>(std::allocator<cpp_dbc::MySQL::MySQLConnection>, std::__cxx11::basic_string<char, std::char_traits<char>, std::allocator<char> >&, int&, std::__cxx11::basic_string<char, std::char_traits<char>, std::allocator<char> >&, std::__cxx11::basic_string<char, std::char_traits<char>, std::allocator<char> > const&, std::__cxx11::basic_string<char, std::char_traits<char>, std::allocator<char> > const&) (shared_ptr_base.h:519)
==268755==    by 0x1F4FF2: std::__shared_count<(__gnu_cxx::_Lock_policy)2>::__shared_count<cpp_dbc::MySQL::MySQLConnection, std::allocator<cpp_dbc::MySQL::MySQLConnection>, std::__cxx11::basic_string<char, std::char_traits<char>, std::allocator<char> >&, int&, std::__cxx11::basic_string<char, std::char_traits<char>, std::allocator<char> >&, std::__cxx11::basic_string<char, std::char_traits<char>, std::allocator<char> > const&, std::__cxx11::basic_string<char, std::char_traits<char>, std::allocator<char> > const&>(cpp_dbc::MySQL::MySQLConnection*&, std::_Sp_alloc_shared_tag<std::allocator<cpp_dbc::MySQL::MySQLConnection> >, std::__cxx11::basic_string<char, std::char_traits<char>, std::allocator<char> >&, int&, std::__cxx11::basic_string<char, std::char_traits<char>, std::allocator<char> >&, std::__cxx11::basic_string<char, std::char_traits<char>, std::allocator<char> > const&, std::__cxx11::basic_string<char, std::char_traits<char>, std::allocator<char> > const&) (shared_ptr_base.h:650)
==268755==    by 0x1F42B5: std::__shared_ptr<cpp_dbc::MySQL::MySQLConnection, (__gnu_cxx::_Lock_policy)2>::__shared_ptr<std::allocator<cpp_dbc::MySQL::MySQLConnection>, std::__cxx11::basic_string<char, std::char_traits<char>, std::allocator<char> >&, int&, std::__cxx11::basic_string<char, std::char_traits<char>, std::allocator<char> >&, std::__cxx11::basic_string<char, std::char_traits<char>, std::allocator<char> > const&, std::__cxx11::basic_string<char, std::char_traits<char>, std::allocator<char> > const&>(std::_Sp_alloc_shared_tag<std::allocator<cpp_dbc::MySQL::MySQLConnection> >, std::__cxx11::basic_string<char, std::char_traits<char>, std::allocator<char> >&, int&, std::__cxx11::basic_string<char, std::char_traits<char>, std::allocator<char> >&, std::__cxx11::basic_string<char, std::char_traits<char>, std::allocator<char> > const&, std::__cxx11::basic_string<char, std::char_traits<char>, std::allocator<char> > const&) (shared_ptr_base.h:1342)
==268755== 
==268755== 200 bytes in 5 blocks are possibly lost in loss record 1,631 of 2,004
==268755==    at 0x4848899: malloc (in /usr/libexec/valgrind/vgpreload_memcheck-amd64-linux.so)
==268755==    by 0x48F04CF: ??? (in /usr/lib/x86_64-linux-gnu/libmysqlclient.so.21.2.42)
==268755==    by 0x48F8263: ??? (in /usr/lib/x86_64-linux-gnu/libmysqlclient.so.21.2.42)
==268755==    by 0x489A042: ??? (in /usr/lib/x86_64-linux-gnu/libmysqlclient.so.21.2.42)
==268755==    by 0x489AD71: ??? (in /usr/lib/x86_64-linux-gnu/libmysqlclient.so.21.2.42)
==268755==    by 0x48A3273: ??? (in /usr/lib/x86_64-linux-gnu/libmysqlclient.so.21.2.42)
==268755==    by 0x489EF82: mysql_real_connect (in /usr/lib/x86_64-linux-gnu/libmysqlclient.so.21.2.42)
==268755==    by 0x1EC2E1: cpp_dbc::MySQL::MySQLConnection::MySQLConnection(std::__cxx11::basic_string<char, std::char_traits<char>, std::allocator<char> > const&, int, std::__cxx11::basic_string<char, std::char_traits<char>, std::allocator<char> > const&, std::__cxx11::basic_string<char, std::char_traits<char>, std::allocator<char> > const&, std::__cxx11::basic_string<char, std::char_traits<char>, std::allocator<char> > const&) (driver_mysql.cpp:624)
==268755==    by 0x1F6A72: decltype (::new ((void*)(0)) cpp_dbc::MySQL::MySQLConnection((declval<std::__cxx11::basic_string<char, std::char_traits<char>, std::allocator<char> >&>)(), (declval<int&>)(), (declval<std::__cxx11::basic_string<char, std::char_traits<char>, std::allocator<char> >&>)(), (declval<std::__cxx11::basic_string<char, std::char_traits<char>, std::allocator<char> > const&>)(), (declval<std::__cxx11::basic_string<char, std::char_traits<char>, std::allocator<char> > const&>)())) std::construct_at<cpp_dbc::MySQL::MySQLConnection, std::__cxx11::basic_string<char, std::char_traits<char>, std::allocator<char> >&, int&, std::__cxx11::basic_string<char, std::char_traits<char>, std::allocator<char> >&, std::__cxx11::basic_string<char, std::char_traits<char>, std::allocator<char> > const&, std::__cxx11::basic_string<char, std::char_traits<char>, std::allocator<char> > const&>(cpp_dbc::MySQL::MySQLConnection*, std::__cxx11::basic_string<char, std::char_traits<char>, std::allocator<char> >&, int&, std::__cxx11::basic_string<char, std::char_traits<char>, std::allocator<char> >&, std::__cxx11::basic_string<char, std::char_traits<char>, std::allocator<char> > const&, std::__cxx11::basic_string<char, std::char_traits<char>, std::allocator<char> > const&) (stl_construct.h:97)
==268755==    by 0x1F6B2E: void std::allocator_traits<std::allocator<cpp_dbc::MySQL::MySQLConnection> >::construct<cpp_dbc::MySQL::MySQLConnection, std::__cxx11::basic_string<char, std::char_traits<char>, std::allocator<char> >&, int&, std::__cxx11::basic_string<char, std::char_traits<char>, std::allocator<char> >&, std::__cxx11::basic_string<char, std::char_traits<char>, std::allocator<char> > const&, std::__cxx11::basic_string<char, std::char_traits<char>, std::allocator<char> > const&>(std::allocator<cpp_dbc::MySQL::MySQLConnection>&, cpp_dbc::MySQL::MySQLConnection*, std::__cxx11::basic_string<char, std::char_traits<char>, std::allocator<char> >&, int&, std::__cxx11::basic_string<char, std::char_traits<char>, std::allocator<char> >&, std::__cxx11::basic_string<char, std::char_traits<char>, std::allocator<char> > const&, std::__cxx11::basic_string<char, std::char_traits<char>, std::allocator<char> > const&) (alloc_traits.h:518)
==268755==    by 0x1F602C: std::_Sp_counted_ptr_inplace<cpp_dbc::MySQL::MySQLConnection, std::allocator<cpp_dbc::MySQL::MySQLConnection>, (__gnu_cxx::_Lock_policy)2>::_Sp_counted_ptr_inplace<std::__cxx11::basic_string<char, std::char_traits<char>, std::allocator<char> >&, int&, std::__cxx11::basic_string<char, std::char_traits<char>, std::allocator<char> >&, std::__cxx11::basic_string<char, std::char_traits<char>, std::allocator<char> > const&, std::__cxx11::basic_string<char, std::char_traits<char>, std::allocator<char> > const&>(std::allocator<cpp_dbc::MySQL::MySQLConnection>, std::__cxx11::basic_string<char, std::char_traits<char>, std::allocator<char> >&, int&, std::__cxx11::basic_string<char, std::char_traits<char>, std::allocator<char> >&, std::__cxx11::basic_string<char, std::char_traits<char>, std::allocator<char> > const&, std::__cxx11::basic_string<char, std::char_traits<char>, std::allocator<char> > const&) (shared_ptr_base.h:519)
==268755==    by 0x1F4FF2: std::__shared_count<(__gnu_cxx::_Lock_policy)2>::__shared_count<cpp_dbc::MySQL::MySQLConnection, std::allocator<cpp_dbc::MySQL::MySQLConnection>, std::__cxx11::basic_string<char, std::char_traits<char>, std::allocator<char> >&, int&, std::__cxx11::basic_string<char, std::char_traits<char>, std::allocator<char> >&, std::__cxx11::basic_string<char, std::char_traits<char>, std::allocator<char> > const&, std::__cxx11::basic_string<char, std::char_traits<char>, std::allocator<char> > const&>(cpp_dbc::MySQL::MySQLConnection*&, std::_Sp_alloc_shared_tag<std::allocator<cpp_dbc::MySQL::MySQLConnection> >, std::__cxx11::basic_string<char, std::char_traits<char>, std::allocator<char> >&, int&, std::__cxx11::basic_string<char, std::char_traits<char>, std::allocator<char> >&, std::__cxx11::basic_string<char, std::char_traits<char>, std::allocator<char> > const&, std::__cxx11::basic_string<char, std::char_traits<char>, std::allocator<char> > const&) (shared_ptr_base.h:650)
==268755== 
==268755== 201 bytes in 21 blocks are still reachable in loss record 1,632 of 2,004
==268755==    at 0x4848899: malloc (in /usr/libexec/valgrind/vgpreload_memcheck-amd64-linux.so)
==268755==    by 0x56177D2: CRYPTO_strndup (in /usr/lib/x86_64-linux-gnu/libcrypto.so.3)
==268755==    by 0x56FC850: ??? (in /usr/lib/x86_64-linux-gnu/libcrypto.so.3)
==268755==    by 0x55E0DE1: ??? (in /usr/lib/x86_64-linux-gnu/libcrypto.so.3)
==268755==    by 0x55EBB09: ??? (in /usr/lib/x86_64-linux-gnu/libcrypto.so.3)
==268755==    by 0x560B7F8: ??? (in /usr/lib/x86_64-linux-gnu/libcrypto.so.3)
==268755==    by 0x560B71B: ??? (in /usr/lib/x86_64-linux-gnu/libcrypto.so.3)
==268755==    by 0x562AD6A: ??? (in /usr/lib/x86_64-linux-gnu/libcrypto.so.3)
==268755==    by 0x56F44E7: ??? (in /usr/lib/x86_64-linux-gnu/libcrypto.so.3)
==268755==    by 0x56F4B3D: ??? (in /usr/lib/x86_64-linux-gnu/libcrypto.so.3)
==268755==    by 0x55DF712: EVP_MD_fetch (in /usr/lib/x86_64-linux-gnu/libcrypto.so.3)
==268755==    by 0x53F13FA: ??? (in /usr/lib/x86_64-linux-gnu/libssl.so.3)
==268755== 
==268755== 205 bytes in 5 blocks are possibly lost in loss record 1,633 of 2,004
==268755==    at 0x4848899: malloc (in /usr/libexec/valgrind/vgpreload_memcheck-amd64-linux.so)
==268755==    by 0x48F04CF: ??? (in /usr/lib/x86_64-linux-gnu/libmysqlclient.so.21.2.42)
==268755==    by 0x489D302: ??? (in /usr/lib/x86_64-linux-gnu/libmysqlclient.so.21.2.42)
==268755==    by 0x48A3273: ??? (in /usr/lib/x86_64-linux-gnu/libmysqlclient.so.21.2.42)
==268755==    by 0x489EF82: mysql_real_connect (in /usr/lib/x86_64-linux-gnu/libmysqlclient.so.21.2.42)
==268755==    by 0x1EC2E1: cpp_dbc::MySQL::MySQLConnection::MySQLConnection(std::__cxx11::basic_string<char, std::char_traits<char>, std::allocator<char> > const&, int, std::__cxx11::basic_string<char, std::char_traits<char>, std::allocator<char> > const&, std::__cxx11::basic_string<char, std::char_traits<char>, std::allocator<char> > const&, std::__cxx11::basic_string<char, std::char_traits<char>, std::allocator<char> > const&) (driver_mysql.cpp:624)
==268755==    by 0x1F6A72: decltype (::new ((void*)(0)) cpp_dbc::MySQL::MySQLConnection((declval<std::__cxx11::basic_string<char, std::char_traits<char>, std::allocator<char> >&>)(), (declval<int&>)(), (declval<std::__cxx11::basic_string<char, std::char_traits<char>, std::allocator<char> >&>)(), (declval<std::__cxx11::basic_string<char, std::char_traits<char>, std::allocator<char> > const&>)(), (declval<std::__cxx11::basic_string<char, std::char_traits<char>, std::allocator<char> > const&>)())) std::construct_at<cpp_dbc::MySQL::MySQLConnection, std::__cxx11::basic_string<char, std::char_traits<char>, std::allocator<char> >&, int&, std::__cxx11::basic_string<char, std::char_traits<char>, std::allocator<char> >&, std::__cxx11::basic_string<char, std::char_traits<char>, std::allocator<char> > const&, std::__cxx11::basic_string<char, std::char_traits<char>, std::allocator<char> > const&>(cpp_dbc::MySQL::MySQLConnection*, std::__cxx11::basic_string<char, std::char_traits<char>, std::allocator<char> >&, int&, std::__cxx11::basic_string<char, std::char_traits<char>, std::allocator<char> >&, std::__cxx11::basic_string<char, std::char_traits<char>, std::allocator<char> > const&, std::__cxx11::basic_string<char, std::char_traits<char>, std::allocator<char> > const&) (stl_construct.h:97)
==268755==    by 0x1F6B2E: void std::allocator_traits<std::allocator<cpp_dbc::MySQL::MySQLConnection> >::construct<cpp_dbc::MySQL::MySQLConnection, std::__cxx11::basic_string<char, std::char_traits<char>, std::allocator<char> >&, int&, std::__cxx11::basic_string<char, std::char_traits<char>, std::allocator<char> >&, std::__cxx11::basic_string<char, std::char_traits<char>, std::allocator<char> > const&, std::__cxx11::basic_string<char, std::char_traits<char>, std::allocator<char> > const&>(std::allocator<cpp_dbc::MySQL::MySQLConnection>&, cpp_dbc::MySQL::MySQLConnection*, std::__cxx11::basic_string<char, std::char_traits<char>, std::allocator<char> >&, int&, std::__cxx11::basic_string<char, std::char_traits<char>, std::allocator<char> >&, std::__cxx11::basic_string<char, std::char_traits<char>, std::allocator<char> > const&, std::__cxx11::basic_string<char, std::char_traits<char>, std::allocator<char> > const&) (alloc_traits.h:518)
==268755==    by 0x1F602C: std::_Sp_counted_ptr_inplace<cpp_dbc::MySQL::MySQLConnection, std::allocator<cpp_dbc::MySQL::MySQLConnection>, (__gnu_cxx::_Lock_policy)2>::_Sp_counted_ptr_inplace<std::__cxx11::basic_string<char, std::char_traits<char>, std::allocator<char> >&, int&, std::__cxx11::basic_string<char, std::char_traits<char>, std::allocator<char> >&, std::__cxx11::basic_string<char, std::char_traits<char>, std::allocator<char> > const&, std::__cxx11::basic_string<char, std::char_traits<char>, std::allocator<char> > const&>(std::allocator<cpp_dbc::MySQL::MySQLConnection>, std::__cxx11::basic_string<char, std::char_traits<char>, std::allocator<char> >&, int&, std::__cxx11::basic_string<char, std::char_traits<char>, std::allocator<char> >&, std::__cxx11::basic_string<char, std::char_traits<char>, std::allocator<char> > const&, std::__cxx11::basic_string<char, std::char_traits<char>, std::allocator<char> > const&) (shared_ptr_base.h:519)
==268755==    by 0x1F4FF2: std::__shared_count<(__gnu_cxx::_Lock_policy)2>::__shared_count<cpp_dbc::MySQL::MySQLConnection, std::allocator<cpp_dbc::MySQL::MySQLConnection>, std::__cxx11::basic_string<char, std::char_traits<char>, std::allocator<char> >&, int&, std::__cxx11::basic_string<char, std::char_traits<char>, std::allocator<char> >&, std::__cxx11::basic_string<char, std::char_traits<char>, std::allocator<char> > const&, std::__cxx11::basic_string<char, std::char_traits<char>, std::allocator<char> > const&>(cpp_dbc::MySQL::MySQLConnection*&, std::_Sp_alloc_shared_tag<std::allocator<cpp_dbc::MySQL::MySQLConnection> >, std::__cxx11::basic_string<char, std::char_traits<char>, std::allocator<char> >&, int&, std::__cxx11::basic_string<char, std::char_traits<char>, std::allocator<char> >&, std::__cxx11::basic_string<char, std::char_traits<char>, std::allocator<char> > const&, std::__cxx11::basic_string<char, std::char_traits<char>, std::allocator<char> > const&) (shared_ptr_base.h:650)
==268755==    by 0x1F42B5: std::__shared_ptr<cpp_dbc::MySQL::MySQLConnection, (__gnu_cxx::_Lock_policy)2>::__shared_ptr<std::allocator<cpp_dbc::MySQL::MySQLConnection>, std::__cxx11::basic_string<char, std::char_traits<char>, std::allocator<char> >&, int&, std::__cxx11::basic_string<char, std::char_traits<char>, std::allocator<char> >&, std::__cxx11::basic_string<char, std::char_traits<char>, std::allocator<char> > const&, std::__cxx11::basic_string<char, std::char_traits<char>, std::allocator<char> > const&>(std::_Sp_alloc_shared_tag<std::allocator<cpp_dbc::MySQL::MySQLConnection> >, std::__cxx11::basic_string<char, std::char_traits<char>, std::allocator<char> >&, int&, std::__cxx11::basic_string<char, std::char_traits<char>, std::allocator<char> >&, std::__cxx11::basic_string<char, std::char_traits<char>, std::allocator<char> > const&, std::__cxx11::basic_string<char, std::char_traits<char>, std::allocator<char> > const&) (shared_ptr_base.h:1342)
==268755==    by 0x1F3358: std::shared_ptr<cpp_dbc::MySQL::MySQLConnection>::shared_ptr<std::allocator<cpp_dbc::MySQL::MySQLConnection>, std::__cxx11::basic_string<char, std::char_traits<char>, std::allocator<char> >&, int&, std::__cxx11::basic_string<char, std::char_traits<char>, std::allocator<char> >&, std::__cxx11::basic_string<char, std::char_traits<char>, std::allocator<char> > const&, std::__cxx11::basic_string<char, std::char_traits<char>, std::allocator<char> > const&>(std::_Sp_alloc_shared_tag<std::allocator<cpp_dbc::MySQL::MySQLConnection> >, std::__cxx11::basic_string<char, std::char_traits<char>, std::allocator<char> >&, int&, std::__cxx11::basic_string<char, std::char_traits<char>, std::allocator<char> >&, std::__cxx11::basic_string<char, std::char_traits<char>, std::allocator<char> > const&, std::__cxx11::basic_string<char, std::char_traits<char>, std::allocator<char> > const&) (shared_ptr.h:409)
==268755== 
==268755== 205 bytes in 5 blocks are possibly lost in loss record 1,634 of 2,004
==268755==    at 0x4848899: malloc (in /usr/libexec/valgrind/vgpreload_memcheck-amd64-linux.so)
==268755==    by 0x48F04CF: ??? (in /usr/lib/x86_64-linux-gnu/libmysqlclient.so.21.2.42)
==268755==    by 0x489F468: mysql_select_db (in /usr/lib/x86_64-linux-gnu/libmysqlclient.so.21.2.42)
==268755==    by 0x1EC3F6: cpp_dbc::MySQL::MySQLConnection::MySQLConnection(std::__cxx11::basic_string<char, std::char_traits<char>, std::allocator<char> > const&, int, std::__cxx11::basic_string<char, std::char_traits<char>, std::allocator<char> > const&, std::__cxx11::basic_string<char, std::char_traits<char>, std::allocator<char> > const&, std::__cxx11::basic_string<char, std::char_traits<char>, std::allocator<char> > const&) (driver_mysql.cpp:636)
==268755==    by 0x1F6A72: decltype (::new ((void*)(0)) cpp_dbc::MySQL::MySQLConnection((declval<std::__cxx11::basic_string<char, std::char_traits<char>, std::allocator<char> >&>)(), (declval<int&>)(), (declval<std::__cxx11::basic_string<char, std::char_traits<char>, std::allocator<char> >&>)(), (declval<std::__cxx11::basic_string<char, std::char_traits<char>, std::allocator<char> > const&>)(), (declval<std::__cxx11::basic_string<char, std::char_traits<char>, std::allocator<char> > const&>)())) std::construct_at<cpp_dbc::MySQL::MySQLConnection, std::__cxx11::basic_string<char, std::char_traits<char>, std::allocator<char> >&, int&, std::__cxx11::basic_string<char, std::char_traits<char>, std::allocator<char> >&, std::__cxx11::basic_string<char, std::char_traits<char>, std::allocator<char> > const&, std::__cxx11::basic_string<char, std::char_traits<char>, std::allocator<char> > const&>(cpp_dbc::MySQL::MySQLConnection*, std::__cxx11::basic_string<char, std::char_traits<char>, std::allocator<char> >&, int&, std::__cxx11::basic_string<char, std::char_traits<char>, std::allocator<char> >&, std::__cxx11::basic_string<char, std::char_traits<char>, std::allocator<char> > const&, std::__cxx11::basic_string<char, std::char_traits<char>, std::allocator<char> > const&) (stl_construct.h:97)
==268755==    by 0x1F6B2E: void std::allocator_traits<std::allocator<cpp_dbc::MySQL::MySQLConnection> >::construct<cpp_dbc::MySQL::MySQLConnection, std::__cxx11::basic_string<char, std::char_traits<char>, std::allocator<char> >&, int&, std::__cxx11::basic_string<char, std::char_traits<char>, std::allocator<char> >&, std::__cxx11::basic_string<char, std::char_traits<char>, std::allocator<char> > const&, std::__cxx11::basic_string<char, std::char_traits<char>, std::allocator<char> > const&>(std::allocator<cpp_dbc::MySQL::MySQLConnection>&, cpp_dbc::MySQL::MySQLConnection*, std::__cxx11::basic_string<char, std::char_traits<char>, std::allocator<char> >&, int&, std::__cxx11::basic_string<char, std::char_traits<char>, std::allocator<char> >&, std::__cxx11::basic_string<char, std::char_traits<char>, std::allocator<char> > const&, std::__cxx11::basic_string<char, std::char_traits<char>, std::allocator<char> > const&) (alloc_traits.h:518)
==268755==    by 0x1F602C: std::_Sp_counted_ptr_inplace<cpp_dbc::MySQL::MySQLConnection, std::allocator<cpp_dbc::MySQL::MySQLConnection>, (__gnu_cxx::_Lock_policy)2>::_Sp_counted_ptr_inplace<std::__cxx11::basic_string<char, std::char_traits<char>, std::allocator<char> >&, int&, std::__cxx11::basic_string<char, std::char_traits<char>, std::allocator<char> >&, std::__cxx11::basic_string<char, std::char_traits<char>, std::allocator<char> > const&, std::__cxx11::basic_string<char, std::char_traits<char>, std::allocator<char> > const&>(std::allocator<cpp_dbc::MySQL::MySQLConnection>, std::__cxx11::basic_string<char, std::char_traits<char>, std::allocator<char> >&, int&, std::__cxx11::basic_string<char, std::char_traits<char>, std::allocator<char> >&, std::__cxx11::basic_string<char, std::char_traits<char>, std::allocator<char> > const&, std::__cxx11::basic_string<char, std::char_traits<char>, std::allocator<char> > const&) (shared_ptr_base.h:519)
==268755==    by 0x1F4FF2: std::__shared_count<(__gnu_cxx::_Lock_policy)2>::__shared_count<cpp_dbc::MySQL::MySQLConnection, std::allocator<cpp_dbc::MySQL::MySQLConnection>, std::__cxx11::basic_string<char, std::char_traits<char>, std::allocator<char> >&, int&, std::__cxx11::basic_string<char, std::char_traits<char>, std::allocator<char> >&, std::__cxx11::basic_string<char, std::char_traits<char>, std::allocator<char> > const&, std::__cxx11::basic_string<char, std::char_traits<char>, std::allocator<char> > const&>(cpp_dbc::MySQL::MySQLConnection*&, std::_Sp_alloc_shared_tag<std::allocator<cpp_dbc::MySQL::MySQLConnection> >, std::__cxx11::basic_string<char, std::char_traits<char>, std::allocator<char> >&, int&, std::__cxx11::basic_string<char, std::char_traits<char>, std::allocator<char> >&, std::__cxx11::basic_string<char, std::char_traits<char>, std::allocator<char> > const&, std::__cxx11::basic_string<char, std::char_traits<char>, std::allocator<char> > const&) (shared_ptr_base.h:650)
==268755==    by 0x1F42B5: std::__shared_ptr<cpp_dbc::MySQL::MySQLConnection, (__gnu_cxx::_Lock_policy)2>::__shared_ptr<std::allocator<cpp_dbc::MySQL::MySQLConnection>, std::__cxx11::basic_string<char, std::char_traits<char>, std::allocator<char> >&, int&, std::__cxx11::basic_string<char, std::char_traits<char>, std::allocator<char> >&, std::__cxx11::basic_string<char, std::char_traits<char>, std::allocator<char> > const&, std::__cxx11::basic_string<char, std::char_traits<char>, std::allocator<char> > const&>(std::_Sp_alloc_shared_tag<std::allocator<cpp_dbc::MySQL::MySQLConnection> >, std::__cxx11::basic_string<char, std::char_traits<char>, std::allocator<char> >&, int&, std::__cxx11::basic_string<char, std::char_traits<char>, std::allocator<char> >&, std::__cxx11::basic_string<char, std::char_traits<char>, std::allocator<char> > const&, std::__cxx11::basic_string<char, std::char_traits<char>, std::allocator<char> > const&) (shared_ptr_base.h:1342)
==268755==    by 0x1F3358: std::shared_ptr<cpp_dbc::MySQL::MySQLConnection>::shared_ptr<std::allocator<cpp_dbc::MySQL::MySQLConnection>, std::__cxx11::basic_string<char, std::char_traits<char>, std::allocator<char> >&, int&, std::__cxx11::basic_string<char, std::char_traits<char>, std::allocator<char> >&, std::__cxx11::basic_string<char, std::char_traits<char>, std::allocator<char> > const&, std::__cxx11::basic_string<char, std::char_traits<char>, std::allocator<char> > const&>(std::_Sp_alloc_shared_tag<std::allocator<cpp_dbc::MySQL::MySQLConnection> >, std::__cxx11::basic_string<char, std::char_traits<char>, std::allocator<char> >&, int&, std::__cxx11::basic_string<char, std::char_traits<char>, std::allocator<char> >&, std::__cxx11::basic_string<char, std::char_traits<char>, std::allocator<char> > const&, std::__cxx11::basic_string<char, std::char_traits<char>, std::allocator<char> > const&) (shared_ptr.h:409)
==268755==    by 0x1F1DAF: std::shared_ptr<cpp_dbc::MySQL::MySQLConnection> std::allocate_shared<cpp_dbc::MySQL::MySQLConnection, std::allocator<cpp_dbc::MySQL::MySQLConnection>, std::__cxx11::basic_string<char, std::char_traits<char>, std::allocator<char> >&, int&, std::__cxx11::basic_string<char, std::char_traits<char>, std::allocator<char> >&, std::__cxx11::basic_string<char, std::char_traits<char>, std::allocator<char> > const&, std::__cxx11::basic_string<char, std::char_traits<char>, std::allocator<char> > const&>(std::allocator<cpp_dbc::MySQL::MySQLConnection> const&, std::__cxx11::basic_string<char, std::char_traits<char>, std::allocator<char> >&, int&, std::__cxx11::basic_string<char, std::char_traits<char>, std::allocator<char> >&, std::__cxx11::basic_string<char, std::char_traits<char>, std::allocator<char> > const&, std::__cxx11::basic_string<char, std::char_traits<char>, std::allocator<char> > const&) (shared_ptr.h:863)
==268755==    by 0x1F0024: std::shared_ptr<cpp_dbc::MySQL::MySQLConnection> std::make_shared<cpp_dbc::MySQL::MySQLConnection, std::__cxx11::basic_string<char, std::char_traits<char>, std::allocator<char> >&, int&, std::__cxx11::basic_string<char, std::char_traits<char>, std::allocator<char> >&, std::__cxx11::basic_string<char, std::char_traits<char>, std::allocator<char> > const&, std::__cxx11::basic_string<char, std::char_traits<char>, std::allocator<char> > const&>(std::__cxx11::basic_string<char, std::char_traits<char>, std::allocator<char> >&, int&, std::__cxx11::basic_string<char, std::char_traits<char>, std::allocator<char> >&, std::__cxx11::basic_string<char, std::char_traits<char>, std::allocator<char> > const&, std::__cxx11::basic_string<char, std::char_traits<char>, std::allocator<char> > const&) (shared_ptr.h:879)
==268755== 
==268755== 208 bytes in 1 blocks are still reachable in loss record 1,635 of 2,004
==268755==    at 0x4848899: malloc (in /usr/libexec/valgrind/vgpreload_memcheck-amd64-linux.so)
==268755==    by 0x561679D: CRYPTO_zalloc (in /usr/lib/x86_64-linux-gnu/libcrypto.so.3)
==268755==    by 0x566A937: ??? (in /usr/lib/x86_64-linux-gnu/libcrypto.so.3)
==268755==    by 0x560B7F8: ??? (in /usr/lib/x86_64-linux-gnu/libcrypto.so.3)
==268755==    by 0x560B71B: ??? (in /usr/lib/x86_64-linux-gnu/libcrypto.so.3)
==268755==    by 0x562AD6A: ??? (in /usr/lib/x86_64-linux-gnu/libcrypto.so.3)
==268755==    by 0x56F44E7: ??? (in /usr/lib/x86_64-linux-gnu/libcrypto.so.3)
==268755==    by 0x56F49C6: ??? (in /usr/lib/x86_64-linux-gnu/libcrypto.so.3)
==268755==    by 0x5666F9E: OSSL_STORE_LOADER_fetch (in /usr/lib/x86_64-linux-gnu/libcrypto.so.3)
==268755==    by 0x566B2F7: OSSL_STORE_open_ex (in /usr/lib/x86_64-linux-gnu/libcrypto.so.3)
==268755==    by 0x5675379: ??? (in /usr/lib/x86_64-linux-gnu/libcrypto.so.3)
==268755==    by 0x56755FB: ??? (in /usr/lib/x86_64-linux-gnu/libcrypto.so.3)
==268755== 
==268755== 216 bytes in 1 blocks are still reachable in loss record 1,636 of 2,004
==268755==    at 0x4848899: malloc (in /usr/libexec/valgrind/vgpreload_memcheck-amd64-linux.so)
==268755==    by 0x52E81B1: global_state_allocate (nss_database.c:54)
==268755==    by 0x52B74FB: __libc_allocate_once_slow (allocate_once.c:28)
==268755==    by 0x52E8B16: allocate_once (allocate_once.h:87)
==268755==    by 0x52E8B16: nss_database_state_get (nss_database.c:73)
==268755==    by 0x52E8B16: __nss_database_get (nss_database.c:471)
==268755==    by 0x52E658B: __nss_services_lookup2 (XXX-lookup.c:52)
==268755==    by 0x52CBC3A: getservbyname_r@@GLIBC_2.2.5 (getXXbyYY_r.c:264)
==268755==    by 0x52CBAE6: getservbyname (getXXbyYY.c:135)
==268755==    by 0x488FB6C: mysql_server_init (in /usr/lib/x86_64-linux-gnu/libmysqlclient.so.21.2.42)
==268755==    by 0x1ED98C: cpp_dbc::MySQL::MySQLDriver::MySQLDriver() (driver_mysql.cpp:797)
==268755==    by 0x163CB6: decltype (::new ((void*)(0)) cpp_dbc::MySQL::MySQLDriver()) std::construct_at<cpp_dbc::MySQL::MySQLDriver>(cpp_dbc::MySQL::MySQLDriver*) (stl_construct.h:97)
==268755==    by 0x163D03: void std::allocator_traits<std::allocator<cpp_dbc::MySQL::MySQLDriver> >::construct<cpp_dbc::MySQL::MySQLDriver>(std::allocator<cpp_dbc::MySQL::MySQLDriver>&, cpp_dbc::MySQL::MySQLDriver*) (alloc_traits.h:518)
==268755==    by 0x163861: std::_Sp_counted_ptr_inplace<cpp_dbc::MySQL::MySQLDriver, std::allocator<cpp_dbc::MySQL::MySQLDriver>, (__gnu_cxx::_Lock_policy)2>::_Sp_counted_ptr_inplace<>(std::allocator<cpp_dbc::MySQL::MySQLDriver>) (shared_ptr_base.h:519)
==268755== 
==268755== 216 bytes in 3 blocks are still reachable in loss record 1,637 of 2,004
==268755==    at 0x4849013: operator new(unsigned long) (in /usr/libexec/valgrind/vgpreload_memcheck-amd64-linux.so)
==268755==    by 0x2E895B: YAML::detail::memory::create_node() (memory.cpp:17)
==268755==    by 0x1348BD: YAML::detail::memory_holder::create_node() (memory.h:38)
==268755==    by 0x3103BB: YAML::NodeBuilder::Push(YAML::Mark const&, unsigned long) (nodebuilder.cpp:81)
==268755==    by 0x3101CE: YAML::NodeBuilder::OnScalar(YAML::Mark const&, std::__cxx11::basic_string<char, std::char_traits<char>, std::allocator<char> > const&, unsigned long, std::__cxx11::basic_string<char, std::char_traits<char>, std::allocator<char> > const&) (nodebuilder.cpp:49)
==268755==    by 0x306961: YAML::SingleDocParser::HandleNode(YAML::EventHandler&) (singledocparser.cpp:108)
==268755==    by 0x3078D8: YAML::SingleDocParser::HandleBlockMap(YAML::EventHandler&) (singledocparser.cpp:273)
==268755==    by 0x30762F: YAML::SingleDocParser::HandleMap(YAML::EventHandler&) (singledocparser.cpp:235)
==268755==    by 0x306B2F: YAML::SingleDocParser::HandleNode(YAML::EventHandler&) (singledocparser.cpp:128)
==268755==    by 0x3063EC: YAML::SingleDocParser::HandleDocument(YAML::EventHandler&) (singledocparser.cpp:41)
==268755==    by 0x2F3828: YAML::Parser::HandleNextDocument(YAML::EventHandler&) (parser.cpp:37)
==268755==    by 0x2F2CDB: YAML::Load(std::istream&) (parse.cpp:25)
==268755== 
==268755== 216 bytes in 9 blocks are still reachable in loss record 1,638 of 2,004
==268755==    at 0x4848899: malloc (in /usr/libexec/valgrind/vgpreload_memcheck-amd64-linux.so)
==268755==    by 0x560C185: OPENSSL_LH_insert (in /usr/lib/x86_64-linux-gnu/libcrypto.so.3)
==268755==    by 0x56FD672: ??? (in /usr/lib/x86_64-linux-gnu/libcrypto.so.3)
==268755==    by 0x55CA89F: ERR_load_strings_const (in /usr/lib/x86_64-linux-gnu/libcrypto.so.3)
==268755==    by 0x561D317: ??? (in /usr/lib/x86_64-linux-gnu/libcrypto.so.3)
==268755==    by 0x522BEE7: __pthread_once_slow (pthread_once.c:116)
==268755==    by 0x5621C9C: CRYPTO_THREAD_run_once (in /usr/lib/x86_64-linux-gnu/libcrypto.so.3)
==268755==    by 0x561E992: OPENSSL_init_crypto (in /usr/lib/x86_64-linux-gnu/libcrypto.so.3)
==268755==    by 0x55CC336: ??? (in /usr/lib/x86_64-linux-gnu/libcrypto.so.3)
==268755==    by 0x55CCCFC: ERR_set_mark (in /usr/lib/x86_64-linux-gnu/libcrypto.so.3)
==268755==    by 0x55790E1: CONF_modules_load_file_ex (in /usr/lib/x86_64-linux-gnu/libcrypto.so.3)
==268755==    by 0x561E19F: ??? (in /usr/lib/x86_64-linux-gnu/libcrypto.so.3)
==268755== 
==268755== 216 bytes in 9 blocks are still reachable in loss record 1,639 of 2,004
==268755==    at 0x4848899: malloc (in /usr/libexec/valgrind/vgpreload_memcheck-amd64-linux.so)
==268755==    by 0x560C185: OPENSSL_LH_insert (in /usr/lib/x86_64-linux-gnu/libcrypto.so.3)
==268755==    by 0x5619542: ??? (in /usr/lib/x86_64-linux-gnu/libcrypto.so.3)
==268755==    by 0x5615FC0: ??? (in /usr/lib/x86_64-linux-gnu/libcrypto.so.3)
==268755==    by 0x5615B8A: ??? (in /usr/lib/x86_64-linux-gnu/libcrypto.so.3)
==268755==    by 0x56F4A6B: ??? (in /usr/lib/x86_64-linux-gnu/libcrypto.so.3)
==268755==    by 0x55EC302: EVP_CIPHER_fetch (in /usr/lib/x86_64-linux-gnu/libcrypto.so.3)
==268755==    by 0x53F137A: ??? (in /usr/lib/x86_64-linux-gnu/libssl.so.3)
==268755==    by 0x53F5161: SSL_CTX_new_ex (in /usr/lib/x86_64-linux-gnu/libssl.so.3)
==268755==    by 0x48F8280: ??? (in /usr/lib/x86_64-linux-gnu/libmysqlclient.so.21.2.42)
==268755==    by 0x489A042: ??? (in /usr/lib/x86_64-linux-gnu/libmysqlclient.so.21.2.42)
==268755==    by 0x489AD71: ??? (in /usr/lib/x86_64-linux-gnu/libmysqlclient.so.21.2.42)
==268755== 
==268755== 216 bytes in 9 blocks are still reachable in loss record 1,640 of 2,004
==268755==    at 0x4848899: malloc (in /usr/libexec/valgrind/vgpreload_memcheck-amd64-linux.so)
==268755==    by 0x561679D: CRYPTO_zalloc (in /usr/lib/x86_64-linux-gnu/libcrypto.so.3)
==268755==    by 0x5647EE1: ??? (in /usr/lib/x86_64-linux-gnu/libcrypto.so.3)
==268755==    by 0x55EBA69: ??? (in /usr/lib/x86_64-linux-gnu/libcrypto.so.3)
==268755==    by 0x560B85B: ??? (in /usr/lib/x86_64-linux-gnu/libcrypto.so.3)
==268755==    by 0x560B71B: ??? (in /usr/lib/x86_64-linux-gnu/libcrypto.so.3)
==268755==    by 0x562AD6A: ??? (in /usr/lib/x86_64-linux-gnu/libcrypto.so.3)
==268755==    by 0x56F44E7: ??? (in /usr/lib/x86_64-linux-gnu/libcrypto.so.3)
==268755==    by 0x56F4B3D: ??? (in /usr/lib/x86_64-linux-gnu/libcrypto.so.3)
==268755==    by 0x55F85A2: EVP_MAC_fetch (in /usr/lib/x86_64-linux-gnu/libcrypto.so.3)
==268755==    by 0x55FF3E3: EVP_Q_mac (in /usr/lib/x86_64-linux-gnu/libcrypto.so.3)
==268755==    by 0x56CB4CF: ??? (in /usr/lib/x86_64-linux-gnu/libcrypto.so.3)
==268755== 
==268755== 224 bytes in 1 blocks are still reachable in loss record 1,641 of 2,004
==268755==    at 0x4848899: malloc (in /usr/libexec/valgrind/vgpreload_memcheck-amd64-linux.so)
==268755==    by 0x561679D: CRYPTO_zalloc (in /usr/lib/x86_64-linux-gnu/libcrypto.so.3)
==268755==    by 0x55D0334: ENGINE_new (in /usr/lib/x86_64-linux-gnu/libcrypto.so.3)
==268755==    by 0x561E3A5: ??? (in /usr/lib/x86_64-linux-gnu/libcrypto.so.3)
==268755==    by 0x522BEE7: __pthread_once_slow (pthread_once.c:116)
==268755==    by 0x5621C9C: CRYPTO_THREAD_run_once (in /usr/lib/x86_64-linux-gnu/libcrypto.so.3)
==268755==    by 0x561EB9C: OPENSSL_init_crypto (in /usr/lib/x86_64-linux-gnu/libcrypto.so.3)
==268755==    by 0x5578811: ??? (in /usr/lib/x86_64-linux-gnu/libcrypto.so.3)
==268755==    by 0x522BEE7: __pthread_once_slow (pthread_once.c:116)
==268755==    by 0x5621C9C: CRYPTO_THREAD_run_once (in /usr/lib/x86_64-linux-gnu/libcrypto.so.3)
==268755==    by 0x5578955: CONF_modules_load (in /usr/lib/x86_64-linux-gnu/libcrypto.so.3)
==268755==    by 0x5578FCD: CONF_modules_load_file_ex (in /usr/lib/x86_64-linux-gnu/libcrypto.so.3)
==268755== 
==268755== 224 bytes in 1 blocks are still reachable in loss record 1,642 of 2,004
==268755==    at 0x4848899: malloc (in /usr/libexec/valgrind/vgpreload_memcheck-amd64-linux.so)
==268755==    by 0x561679D: CRYPTO_zalloc (in /usr/lib/x86_64-linux-gnu/libcrypto.so.3)
==268755==    by 0x55D0334: ENGINE_new (in /usr/lib/x86_64-linux-gnu/libcrypto.so.3)
==268755==    by 0x561E459: ??? (in /usr/lib/x86_64-linux-gnu/libcrypto.so.3)
==268755==    by 0x522BEE7: __pthread_once_slow (pthread_once.c:116)
==268755==    by 0x5621C9C: CRYPTO_THREAD_run_once (in /usr/lib/x86_64-linux-gnu/libcrypto.so.3)
==268755==    by 0x561EBC9: OPENSSL_init_crypto (in /usr/lib/x86_64-linux-gnu/libcrypto.so.3)
==268755==    by 0x5578811: ??? (in /usr/lib/x86_64-linux-gnu/libcrypto.so.3)
==268755==    by 0x522BEE7: __pthread_once_slow (pthread_once.c:116)
==268755==    by 0x5621C9C: CRYPTO_THREAD_run_once (in /usr/lib/x86_64-linux-gnu/libcrypto.so.3)
==268755==    by 0x5578955: CONF_modules_load (in /usr/lib/x86_64-linux-gnu/libcrypto.so.3)
==268755==    by 0x5578FCD: CONF_modules_load_file_ex (in /usr/lib/x86_64-linux-gnu/libcrypto.so.3)
==268755== 
==268755== 224 bytes in 1 blocks are still reachable in loss record 1,643 of 2,004
==268755==    at 0x4848899: malloc (in /usr/libexec/valgrind/vgpreload_memcheck-amd64-linux.so)
==268755==    by 0x561679D: CRYPTO_zalloc (in /usr/lib/x86_64-linux-gnu/libcrypto.so.3)
==268755==    by 0x562983D: ??? (in /usr/lib/x86_64-linux-gnu/libcrypto.so.3)
==268755==    by 0x562AA88: ??? (in /usr/lib/x86_64-linux-gnu/libcrypto.so.3)
==268755==    by 0x562AB70: ??? (in /usr/lib/x86_64-linux-gnu/libcrypto.so.3)
==268755==    by 0x56F44E7: ??? (in /usr/lib/x86_64-linux-gnu/libcrypto.so.3)
==268755==    by 0x56F4B3D: ??? (in /usr/lib/x86_64-linux-gnu/libcrypto.so.3)
==268755==    by 0x55EC302: EVP_CIPHER_fetch (in /usr/lib/x86_64-linux-gnu/libcrypto.so.3)
==268755==    by 0x53F137A: ??? (in /usr/lib/x86_64-linux-gnu/libssl.so.3)
==268755==    by 0x53F5161: SSL_CTX_new_ex (in /usr/lib/x86_64-linux-gnu/libssl.so.3)
==268755==    by 0x48F8280: ??? (in /usr/lib/x86_64-linux-gnu/libmysqlclient.so.21.2.42)
==268755==    by 0x489A042: ??? (in /usr/lib/x86_64-linux-gnu/libmysqlclient.so.21.2.42)
==268755== 
==268755== 224 bytes in 4 blocks are still reachable in loss record 1,644 of 2,004
==268755==    at 0x4848899: malloc (in /usr/libexec/valgrind/vgpreload_memcheck-amd64-linux.so)
==268755==    by 0x561679D: CRYPTO_zalloc (in /usr/lib/x86_64-linux-gnu/libcrypto.so.3)
==268755==    by 0x5621B23: CRYPTO_THREAD_lock_new (in /usr/lib/x86_64-linux-gnu/libcrypto.so.3)
==268755==    by 0x55FAA16: EVP_RAND_CTX_new (in /usr/lib/x86_64-linux-gnu/libcrypto.so.3)
==268755==    by 0x56494B0: ??? (in /usr/lib/x86_64-linux-gnu/libcrypto.so.3)
==268755==    by 0x5649E27: RAND_get0_public (in /usr/lib/x86_64-linux-gnu/libcrypto.so.3)
==268755==    by 0x5649EE7: RAND_bytes_ex (in /usr/lib/x86_64-linux-gnu/libcrypto.so.3)
==268755==    by 0x53F5779: SSL_CTX_new_ex (in /usr/lib/x86_64-linux-gnu/libssl.so.3)
==268755==    by 0x48F8280: ??? (in /usr/lib/x86_64-linux-gnu/libmysqlclient.so.21.2.42)
==268755==    by 0x489A042: ??? (in /usr/lib/x86_64-linux-gnu/libmysqlclient.so.21.2.42)
==268755==    by 0x489AD71: ??? (in /usr/lib/x86_64-linux-gnu/libmysqlclient.so.21.2.42)
==268755==    by 0x48A3273: ??? (in /usr/lib/x86_64-linux-gnu/libmysqlclient.so.21.2.42)
==268755== 
==268755== 224 bytes in 4 blocks are still reachable in loss record 1,645 of 2,004
==268755==    at 0x4848899: malloc (in /usr/libexec/valgrind/vgpreload_memcheck-amd64-linux.so)
==268755==    by 0x561679D: CRYPTO_zalloc (in /usr/lib/x86_64-linux-gnu/libcrypto.so.3)
==268755==    by 0x5621B23: CRYPTO_THREAD_lock_new (in /usr/lib/x86_64-linux-gnu/libcrypto.so.3)
==268755==    by 0x55FAA16: EVP_RAND_CTX_new (in /usr/lib/x86_64-linux-gnu/libcrypto.so.3)
==268755==    by 0x56494B0: ??? (in /usr/lib/x86_64-linux-gnu/libcrypto.so.3)
==268755==    by 0x564A097: RAND_get0_private (in /usr/lib/x86_64-linux-gnu/libcrypto.so.3)
==268755==    by 0x564A157: RAND_priv_bytes_ex (in /usr/lib/x86_64-linux-gnu/libcrypto.so.3)
==268755==    by 0x53F5AA2: SSL_CTX_new_ex (in /usr/lib/x86_64-linux-gnu/libssl.so.3)
==268755==    by 0x48F8280: ??? (in /usr/lib/x86_64-linux-gnu/libmysqlclient.so.21.2.42)
==268755==    by 0x489A042: ??? (in /usr/lib/x86_64-linux-gnu/libmysqlclient.so.21.2.42)
==268755==    by 0x489AD71: ??? (in /usr/lib/x86_64-linux-gnu/libmysqlclient.so.21.2.42)
==268755==    by 0x48A3273: ??? (in /usr/lib/x86_64-linux-gnu/libmysqlclient.so.21.2.42)
==268755== 
==268755== 224 bytes in 7 blocks are still reachable in loss record 1,646 of 2,004
==268755==    at 0x4848899: malloc (in /usr/libexec/valgrind/vgpreload_memcheck-amd64-linux.so)
==268755==    by 0x561679D: CRYPTO_zalloc (in /usr/lib/x86_64-linux-gnu/libcrypto.so.3)
==268755==    by 0x5665352: OPENSSL_sk_new_reserve (in /usr/lib/x86_64-linux-gnu/libcrypto.so.3)
==268755==    by 0x5647EF2: ??? (in /usr/lib/x86_64-linux-gnu/libcrypto.so.3)
==268755==    by 0x55EBA69: ??? (in /usr/lib/x86_64-linux-gnu/libcrypto.so.3)
==268755==    by 0x560B85B: ??? (in /usr/lib/x86_64-linux-gnu/libcrypto.so.3)
==268755==    by 0x560B71B: ??? (in /usr/lib/x86_64-linux-gnu/libcrypto.so.3)
==268755==    by 0x562AD6A: ??? (in /usr/lib/x86_64-linux-gnu/libcrypto.so.3)
==268755==    by 0x56F44E7: ??? (in /usr/lib/x86_64-linux-gnu/libcrypto.so.3)
==268755==    by 0x56F4B3D: ??? (in /usr/lib/x86_64-linux-gnu/libcrypto.so.3)
==268755==    by 0x55F783E: EVP_KEYEXCH_fetch (in /usr/lib/x86_64-linux-gnu/libcrypto.so.3)
==268755==    by 0x53F5256: SSL_CTX_new_ex (in /usr/lib/x86_64-linux-gnu/libssl.so.3)
==268755== 
==268755== 224 bytes in 7 blocks are still reachable in loss record 1,647 of 2,004
==268755==    at 0x4848899: malloc (in /usr/libexec/valgrind/vgpreload_memcheck-amd64-linux.so)
==268755==    by 0x561679D: CRYPTO_zalloc (in /usr/lib/x86_64-linux-gnu/libcrypto.so.3)
==268755==    by 0x5663872: ??? (in /usr/lib/x86_64-linux-gnu/libcrypto.so.3)
==268755==    by 0x5663952: OPENSSL_sk_insert (in /usr/lib/x86_64-linux-gnu/libcrypto.so.3)
==268755==    by 0x5647EAA: ??? (in /usr/lib/x86_64-linux-gnu/libcrypto.so.3)
==268755==    by 0x55EBA69: ??? (in /usr/lib/x86_64-linux-gnu/libcrypto.so.3)
==268755==    by 0x560B85B: ??? (in /usr/lib/x86_64-linux-gnu/libcrypto.so.3)
==268755==    by 0x560B71B: ??? (in /usr/lib/x86_64-linux-gnu/libcrypto.so.3)
==268755==    by 0x562AD6A: ??? (in /usr/lib/x86_64-linux-gnu/libcrypto.so.3)
==268755==    by 0x56F44E7: ??? (in /usr/lib/x86_64-linux-gnu/libcrypto.so.3)
==268755==    by 0x56F4B3D: ??? (in /usr/lib/x86_64-linux-gnu/libcrypto.so.3)
==268755==    by 0x55F783E: EVP_KEYEXCH_fetch (in /usr/lib/x86_64-linux-gnu/libcrypto.so.3)
==268755== 
==268755== 224 bytes in 4 blocks are possibly lost in loss record 1,648 of 2,004
==268755==    at 0x4848899: malloc (in /usr/libexec/valgrind/vgpreload_memcheck-amd64-linux.so)
==268755==    by 0x561679D: CRYPTO_zalloc (in /usr/lib/x86_64-linux-gnu/libcrypto.so.3)
==268755==    by 0x5621B23: CRYPTO_THREAD_lock_new (in /usr/lib/x86_64-linux-gnu/libcrypto.so.3)
==268755==    by 0x53F5F87: SSL_new (in /usr/lib/x86_64-linux-gnu/libssl.so.3)
==268755==    by 0x48F901B: ??? (in /usr/lib/x86_64-linux-gnu/libmysqlclient.so.21.2.42)
==268755==    by 0x489A12C: ??? (in /usr/lib/x86_64-linux-gnu/libmysqlclient.so.21.2.42)
==268755==    by 0x489AD71: ??? (in /usr/lib/x86_64-linux-gnu/libmysqlclient.so.21.2.42)
==268755==    by 0x48A3273: ??? (in /usr/lib/x86_64-linux-gnu/libmysqlclient.so.21.2.42)
==268755==    by 0x489EF82: mysql_real_connect (in /usr/lib/x86_64-linux-gnu/libmysqlclient.so.21.2.42)
==268755==    by 0x1EC2E1: cpp_dbc::MySQL::MySQLConnection::MySQLConnection(std::__cxx11::basic_string<char, std::char_traits<char>, std::allocator<char> > const&, int, std::__cxx11::basic_string<char, std::char_traits<char>, std::allocator<char> > const&, std::__cxx11::basic_string<char, std::char_traits<char>, std::allocator<char> > const&, std::__cxx11::basic_string<char, std::char_traits<char>, std::allocator<char> > const&) (driver_mysql.cpp:624)
==268755==    by 0x1F6A72: decltype (::new ((void*)(0)) cpp_dbc::MySQL::MySQLConnection((declval<std::__cxx11::basic_string<char, std::char_traits<char>, std::allocator<char> >&>)(), (declval<int&>)(), (declval<std::__cxx11::basic_string<char, std::char_traits<char>, std::allocator<char> >&>)(), (declval<std::__cxx11::basic_string<char, std::char_traits<char>, std::allocator<char> > const&>)(), (declval<std::__cxx11::basic_string<char, std::char_traits<char>, std::allocator<char> > const&>)())) std::construct_at<cpp_dbc::MySQL::MySQLConnection, std::__cxx11::basic_string<char, std::char_traits<char>, std::allocator<char> >&, int&, std::__cxx11::basic_string<char, std::char_traits<char>, std::allocator<char> >&, std::__cxx11::basic_string<char, std::char_traits<char>, std::allocator<char> > const&, std::__cxx11::basic_string<char, std::char_traits<char>, std::allocator<char> > const&>(cpp_dbc::MySQL::MySQLConnection*, std::__cxx11::basic_string<char, std::char_traits<char>, std::allocator<char> >&, int&, std::__cxx11::basic_string<char, std::char_traits<char>, std::allocator<char> >&, std::__cxx11::basic_string<char, std::char_traits<char>, std::allocator<char> > const&, std::__cxx11::basic_string<char, std::char_traits<char>, std::allocator<char> > const&) (stl_construct.h:97)
==268755==    by 0x1F6B2E: void std::allocator_traits<std::allocator<cpp_dbc::MySQL::MySQLConnection> >::construct<cpp_dbc::MySQL::MySQLConnection, std::__cxx11::basic_string<char, std::char_traits<char>, std::allocator<char> >&, int&, std::__cxx11::basic_string<char, std::char_traits<char>, std::allocator<char> >&, std::__cxx11::basic_string<char, std::char_traits<char>, std::allocator<char> > const&, std::__cxx11::basic_string<char, std::char_traits<char>, std::allocator<char> > const&>(std::allocator<cpp_dbc::MySQL::MySQLConnection>&, cpp_dbc::MySQL::MySQLConnection*, std::__cxx11::basic_string<char, std::char_traits<char>, std::allocator<char> >&, int&, std::__cxx11::basic_string<char, std::char_traits<char>, std::allocator<char> >&, std::__cxx11::basic_string<char, std::char_traits<char>, std::allocator<char> > const&, std::__cxx11::basic_string<char, std::char_traits<char>, std::allocator<char> > const&) (alloc_traits.h:518)
==268755== 
==268755== 224 bytes in 4 blocks are possibly lost in loss record 1,649 of 2,004
==268755==    at 0x4848899: malloc (in /usr/libexec/valgrind/vgpreload_memcheck-amd64-linux.so)
==268755==    by 0x561679D: CRYPTO_zalloc (in /usr/lib/x86_64-linux-gnu/libcrypto.so.3)
==268755==    by 0x5621B23: CRYPTO_THREAD_lock_new (in /usr/lib/x86_64-linux-gnu/libcrypto.so.3)
==268755==    by 0x53E2ABD: ??? (in /usr/lib/x86_64-linux-gnu/libssl.so.3)
==268755==    by 0x53F609E: SSL_new (in /usr/lib/x86_64-linux-gnu/libssl.so.3)
==268755==    by 0x48F901B: ??? (in /usr/lib/x86_64-linux-gnu/libmysqlclient.so.21.2.42)
==268755==    by 0x489A12C: ??? (in /usr/lib/x86_64-linux-gnu/libmysqlclient.so.21.2.42)
==268755==    by 0x489AD71: ??? (in /usr/lib/x86_64-linux-gnu/libmysqlclient.so.21.2.42)
==268755==    by 0x48A3273: ??? (in /usr/lib/x86_64-linux-gnu/libmysqlclient.so.21.2.42)
==268755==    by 0x489EF82: mysql_real_connect (in /usr/lib/x86_64-linux-gnu/libmysqlclient.so.21.2.42)
==268755==    by 0x1EC2E1: cpp_dbc::MySQL::MySQLConnection::MySQLConnection(std::__cxx11::basic_string<char, std::char_traits<char>, std::allocator<char> > const&, int, std::__cxx11::basic_string<char, std::char_traits<char>, std::allocator<char> > const&, std::__cxx11::basic_string<char, std::char_traits<char>, std::allocator<char> > const&, std::__cxx11::basic_string<char, std::char_traits<char>, std::allocator<char> > const&) (driver_mysql.cpp:624)
==268755==    by 0x1F6A72: decltype (::new ((void*)(0)) cpp_dbc::MySQL::MySQLConnection((declval<std::__cxx11::basic_string<char, std::char_traits<char>, std::allocator<char> >&>)(), (declval<int&>)(), (declval<std::__cxx11::basic_string<char, std::char_traits<char>, std::allocator<char> >&>)(), (declval<std::__cxx11::basic_string<char, std::char_traits<char>, std::allocator<char> > const&>)(), (declval<std::__cxx11::basic_string<char, std::char_traits<char>, std::allocator<char> > const&>)())) std::construct_at<cpp_dbc::MySQL::MySQLConnection, std::__cxx11::basic_string<char, std::char_traits<char>, std::allocator<char> >&, int&, std::__cxx11::basic_string<char, std::char_traits<char>, std::allocator<char> >&, std::__cxx11::basic_string<char, std::char_traits<char>, std::allocator<char> > const&, std::__cxx11::basic_string<char, std::char_traits<char>, std::allocator<char> > const&>(cpp_dbc::MySQL::MySQLConnection*, std::__cxx11::basic_string<char, std::char_traits<char>, std::allocator<char> >&, int&, std::__cxx11::basic_string<char, std::char_traits<char>, std::allocator<char> >&, std::__cxx11::basic_string<char, std::char_traits<char>, std::allocator<char> > const&, std::__cxx11::basic_string<char, std::char_traits<char>, std::allocator<char> > const&) (stl_construct.h:97)
==268755== 
==268755== 224 bytes in 4 blocks are possibly lost in loss record 1,650 of 2,004
==268755==    at 0x4848899: malloc (in /usr/libexec/valgrind/vgpreload_memcheck-amd64-linux.so)
==268755==    by 0x561679D: CRYPTO_zalloc (in /usr/lib/x86_64-linux-gnu/libcrypto.so.3)
==268755==    by 0x5621B23: CRYPTO_THREAD_lock_new (in /usr/lib/x86_64-linux-gnu/libcrypto.so.3)
==268755==    by 0x553AA10: BIO_new_ex (in /usr/lib/x86_64-linux-gnu/libcrypto.so.3)
==268755==    by 0x53ED34B: SSL_set_fd (in /usr/lib/x86_64-linux-gnu/libssl.so.3)
==268755==    by 0x48F907D: ??? (in /usr/lib/x86_64-linux-gnu/libmysqlclient.so.21.2.42)
==268755==    by 0x489A12C: ??? (in /usr/lib/x86_64-linux-gnu/libmysqlclient.so.21.2.42)
==268755==    by 0x489AD71: ??? (in /usr/lib/x86_64-linux-gnu/libmysqlclient.so.21.2.42)
==268755==    by 0x48A3273: ??? (in /usr/lib/x86_64-linux-gnu/libmysqlclient.so.21.2.42)
==268755==    by 0x489EF82: mysql_real_connect (in /usr/lib/x86_64-linux-gnu/libmysqlclient.so.21.2.42)
==268755==    by 0x1EC2E1: cpp_dbc::MySQL::MySQLConnection::MySQLConnection(std::__cxx11::basic_string<char, std::char_traits<char>, std::allocator<char> > const&, int, std::__cxx11::basic_string<char, std::char_traits<char>, std::allocator<char> > const&, std::__cxx11::basic_string<char, std::char_traits<char>, std::allocator<char> > const&, std::__cxx11::basic_string<char, std::char_traits<char>, std::allocator<char> > const&) (driver_mysql.cpp:624)
==268755==    by 0x1F6A72: decltype (::new ((void*)(0)) cpp_dbc::MySQL::MySQLConnection((declval<std::__cxx11::basic_string<char, std::char_traits<char>, std::allocator<char> >&>)(), (declval<int&>)(), (declval<std::__cxx11::basic_string<char, std::char_traits<char>, std::allocator<char> >&>)(), (declval<std::__cxx11::basic_string<char, std::char_traits<char>, std::allocator<char> > const&>)(), (declval<std::__cxx11::basic_string<char, std::char_traits<char>, std::allocator<char> > const&>)())) std::construct_at<cpp_dbc::MySQL::MySQLConnection, std::__cxx11::basic_string<char, std::char_traits<char>, std::allocator<char> >&, int&, std::__cxx11::basic_string<char, std::char_traits<char>, std::allocator<char> >&, std::__cxx11::basic_string<char, std::char_traits<char>, std::allocator<char> > const&, std::__cxx11::basic_string<char, std::char_traits<char>, std::allocator<char> > const&>(cpp_dbc::MySQL::MySQLConnection*, std::__cxx11::basic_string<char, std::char_traits<char>, std::allocator<char> >&, int&, std::__cxx11::basic_string<char, std::char_traits<char>, std::allocator<char> >&, std::__cxx11::basic_string<char, std::char_traits<char>, std::allocator<char> > const&, std::__cxx11::basic_string<char, std::char_traits<char>, std::allocator<char> > const&) (stl_construct.h:97)
==268755== 
==268755== 224 bytes in 4 blocks are possibly lost in loss record 1,651 of 2,004
==268755==    at 0x4848899: malloc (in /usr/libexec/valgrind/vgpreload_memcheck-amd64-linux.so)
==268755==    by 0x561679D: CRYPTO_zalloc (in /usr/lib/x86_64-linux-gnu/libcrypto.so.3)
==268755==    by 0x5621B23: CRYPTO_THREAD_lock_new (in /usr/lib/x86_64-linux-gnu/libcrypto.so.3)
==268755==    by 0x56041C1: EVP_PKEY_new (in /usr/lib/x86_64-linux-gnu/libcrypto.so.3)
==268755==    by 0x5608154: EVP_PKEY_generate (in /usr/lib/x86_64-linux-gnu/libcrypto.so.3)
==268755==    by 0x53E1278: ??? (in /usr/lib/x86_64-linux-gnu/libssl.so.3)
==268755==    by 0x5412AC2: ??? (in /usr/lib/x86_64-linux-gnu/libssl.so.3)
==268755==    by 0x5415B60: ??? (in /usr/lib/x86_64-linux-gnu/libssl.so.3)
==268755==    by 0x5421483: ??? (in /usr/lib/x86_64-linux-gnu/libssl.so.3)
==268755==    by 0x542088C: ??? (in /usr/lib/x86_64-linux-gnu/libssl.so.3)
==268755==    by 0x48F8F69: ??? (in /usr/lib/x86_64-linux-gnu/libmysqlclient.so.21.2.42)
==268755==    by 0x489A12C: ??? (in /usr/lib/x86_64-linux-gnu/libmysqlclient.so.21.2.42)
==268755== 
==268755== 224 bytes in 4 blocks are possibly lost in loss record 1,652 of 2,004
==268755==    at 0x4848899: malloc (in /usr/libexec/valgrind/vgpreload_memcheck-amd64-linux.so)
==268755==    by 0x561679D: CRYPTO_zalloc (in /usr/lib/x86_64-linux-gnu/libcrypto.so.3)
==268755==    by 0x5621B23: CRYPTO_THREAD_lock_new (in /usr/lib/x86_64-linux-gnu/libcrypto.so.3)
==268755==    by 0x55A1A1B: ??? (in /usr/lib/x86_64-linux-gnu/libcrypto.so.3)
==268755==    by 0x56D77CF: ??? (in /usr/lib/x86_64-linux-gnu/libcrypto.so.3)
==268755==    by 0x5608028: EVP_PKEY_generate (in /usr/lib/x86_64-linux-gnu/libcrypto.so.3)
==268755==    by 0x53E1278: ??? (in /usr/lib/x86_64-linux-gnu/libssl.so.3)
==268755==    by 0x5412AC2: ??? (in /usr/lib/x86_64-linux-gnu/libssl.so.3)
==268755==    by 0x5415B60: ??? (in /usr/lib/x86_64-linux-gnu/libssl.so.3)
==268755==    by 0x5421483: ??? (in /usr/lib/x86_64-linux-gnu/libssl.so.3)
==268755==    by 0x542088C: ??? (in /usr/lib/x86_64-linux-gnu/libssl.so.3)
==268755==    by 0x48F8F69: ??? (in /usr/lib/x86_64-linux-gnu/libmysqlclient.so.21.2.42)
==268755== 
==268755== 224 bytes in 4 blocks are possibly lost in loss record 1,653 of 2,004
==268755==    at 0x4848899: malloc (in /usr/libexec/valgrind/vgpreload_memcheck-amd64-linux.so)
==268755==    by 0x561679D: CRYPTO_zalloc (in /usr/lib/x86_64-linux-gnu/libcrypto.so.3)
==268755==    by 0x5621B23: CRYPTO_THREAD_lock_new (in /usr/lib/x86_64-linux-gnu/libcrypto.so.3)
==268755==    by 0x56041C1: EVP_PKEY_new (in /usr/lib/x86_64-linux-gnu/libcrypto.so.3)
==268755==    by 0x541441A: ??? (in /usr/lib/x86_64-linux-gnu/libssl.so.3)
==268755==    by 0x5408838: ??? (in /usr/lib/x86_64-linux-gnu/libssl.so.3)
==268755==    by 0x541C24A: ??? (in /usr/lib/x86_64-linux-gnu/libssl.so.3)
==268755==    by 0x541EA94: ??? (in /usr/lib/x86_64-linux-gnu/libssl.so.3)
==268755==    by 0x5420697: ??? (in /usr/lib/x86_64-linux-gnu/libssl.so.3)
==268755==    by 0x48F8F69: ??? (in /usr/lib/x86_64-linux-gnu/libmysqlclient.so.21.2.42)
==268755==    by 0x489A12C: ??? (in /usr/lib/x86_64-linux-gnu/libmysqlclient.so.21.2.42)
==268755==    by 0x489AD71: ??? (in /usr/lib/x86_64-linux-gnu/libmysqlclient.so.21.2.42)
==268755== 
==268755== 224 bytes in 4 blocks are possibly lost in loss record 1,654 of 2,004
==268755==    at 0x4848899: malloc (in /usr/libexec/valgrind/vgpreload_memcheck-amd64-linux.so)
==268755==    by 0x561679D: CRYPTO_zalloc (in /usr/lib/x86_64-linux-gnu/libcrypto.so.3)
==268755==    by 0x5621B23: CRYPTO_THREAD_lock_new (in /usr/lib/x86_64-linux-gnu/libcrypto.so.3)
==268755==    by 0x55A1A1B: ??? (in /usr/lib/x86_64-linux-gnu/libcrypto.so.3)
==268755==    by 0x55A2096: ??? (in /usr/lib/x86_64-linux-gnu/libcrypto.so.3)
==268755==    by 0x55FD533: ??? (in /usr/lib/x86_64-linux-gnu/libcrypto.so.3)
==268755==    by 0x5608C3F: EVP_PKEY_copy_parameters (in /usr/lib/x86_64-linux-gnu/libcrypto.so.3)
==268755==    by 0x5414439: ??? (in /usr/lib/x86_64-linux-gnu/libssl.so.3)
==268755==    by 0x5408838: ??? (in /usr/lib/x86_64-linux-gnu/libssl.so.3)
==268755==    by 0x541C24A: ??? (in /usr/lib/x86_64-linux-gnu/libssl.so.3)
==268755==    by 0x541EA94: ??? (in /usr/lib/x86_64-linux-gnu/libssl.so.3)
==268755==    by 0x5420697: ??? (in /usr/lib/x86_64-linux-gnu/libssl.so.3)
==268755== 
==268755== 224 bytes in 4 blocks are possibly lost in loss record 1,655 of 2,004
==268755==    at 0x4848899: malloc (in /usr/libexec/valgrind/vgpreload_memcheck-amd64-linux.so)
==268755==    by 0x561679D: CRYPTO_zalloc (in /usr/lib/x86_64-linux-gnu/libcrypto.so.3)
==268755==    by 0x5621B23: CRYPTO_THREAD_lock_new (in /usr/lib/x86_64-linux-gnu/libcrypto.so.3)
==268755==    by 0x53F8F68: ??? (in /usr/lib/x86_64-linux-gnu/libssl.so.3)
==268755==    by 0x5422912: ??? (in /usr/lib/x86_64-linux-gnu/libssl.so.3)
==268755==    by 0x541EA94: ??? (in /usr/lib/x86_64-linux-gnu/libssl.so.3)
==268755==    by 0x5420697: ??? (in /usr/lib/x86_64-linux-gnu/libssl.so.3)
==268755==    by 0x540DD26: ??? (in /usr/lib/x86_64-linux-gnu/libssl.so.3)
==268755==    by 0x53E73FB: ??? (in /usr/lib/x86_64-linux-gnu/libssl.so.3)
==268755==    by 0x53EDCB6: SSL_read (in /usr/lib/x86_64-linux-gnu/libssl.so.3)
==268755==    by 0x48E219F: ??? (in /usr/lib/x86_64-linux-gnu/libmysqlclient.so.21.2.42)
==268755==    by 0x48AC096: ??? (in /usr/lib/x86_64-linux-gnu/libmysqlclient.so.21.2.42)
==268755== 
==268755== 224 bytes in 16 blocks are possibly lost in loss record 1,656 of 2,004
==268755==    at 0x4848899: malloc (in /usr/libexec/valgrind/vgpreload_memcheck-amd64-linux.so)
==268755==    by 0x551A48A: ASN1_STRING_set (in /usr/lib/x86_64-linux-gnu/libcrypto.so.3)
==268755==    by 0x552D367: ??? (in /usr/lib/x86_64-linux-gnu/libcrypto.so.3)
==268755==    by 0x552E048: ??? (in /usr/lib/x86_64-linux-gnu/libcrypto.so.3)
==268755==    by 0x552F3E7: ??? (in /usr/lib/x86_64-linux-gnu/libcrypto.so.3)
==268755==    by 0x552DD18: ??? (in /usr/lib/x86_64-linux-gnu/libcrypto.so.3)
==268755==    by 0x552F3E7: ??? (in /usr/lib/x86_64-linux-gnu/libcrypto.so.3)
==268755==    by 0x552DD18: ??? (in /usr/lib/x86_64-linux-gnu/libcrypto.so.3)
==268755==    by 0x552F3E7: ??? (in /usr/lib/x86_64-linux-gnu/libcrypto.so.3)
==268755==    by 0x552DD18: ??? (in /usr/lib/x86_64-linux-gnu/libcrypto.so.3)
==268755==    by 0x552E492: ASN1_item_d2i_ex (in /usr/lib/x86_64-linux-gnu/libcrypto.so.3)
==268755==    by 0x54221C2: ??? (in /usr/lib/x86_64-linux-gnu/libssl.so.3)
==268755== 
==268755== 232 bytes in 1 blocks are still reachable in loss record 1,657 of 2,004
==268755==    at 0x4848899: malloc (in /usr/libexec/valgrind/vgpreload_memcheck-amd64-linux.so)
==268755==    by 0x51CB11F: newlocale (newlocale.c:199)
==268755==    by 0x5E7CCE7: ??? (in /usr/lib/x86_64-linux-gnu/libp11-kit.so.0.3.0)
==268755==    by 0x400647D: call_init.part.0 (dl-init.c:70)
==268755==    by 0x4006567: call_init (dl-init.c:33)
==268755==    by 0x4006567: _dl_init (dl-init.c:117)
==268755==    by 0x40202C9: ??? (in /usr/lib/x86_64-linux-gnu/ld-linux-x86-64.so.2)
==268755==    by 0x4: ???
==268755==    by 0x1FFEFFFDD2: ???
==268755==    by 0x1FFEFFFE3C: ???
==268755==    by 0x1FFEFFFE3F: ???
==268755==    by 0x1FFEFFFE42: ???
==268755==    by 0x1FFEFFFE4A: ???
==268755== 
==268755== 239 bytes in 11 blocks are still reachable in loss record 1,658 of 2,004
==268755==    at 0x4849013: operator new(unsigned long) (in /usr/libexec/valgrind/vgpreload_memcheck-amd64-linux.so)
==268755==    by 0x130468: __gnu_cxx::new_allocator<char>::allocate(unsigned long, void const*) (new_allocator.h:127)
==268755==    by 0x12F934: allocate (allocator.h:185)
==268755==    by 0x12F934: std::allocator_traits<std::allocator<char> >::allocate(std::allocator<char>&, unsigned long) (alloc_traits.h:464)
==268755==    by 0x12FCCD: std::__cxx11::basic_string<char, std::char_traits<char>, std::allocator<char> >::_M_create(unsigned long&, unsigned long) (basic_string.tcc:153)
==268755==    by 0x138C8E: void std::__cxx11::basic_string<char, std::char_traits<char>, std::allocator<char> >::_M_construct<char*>(char*, char*, std::forward_iterator_tag) (basic_string.tcc:219)
==268755==    by 0x138039: void std::__cxx11::basic_string<char, std::char_traits<char>, std::allocator<char> >::_M_construct_aux<char*>(char*, char*, std::__false_type) (basic_string.h:255)
==268755==    by 0x136D88: void std::__cxx11::basic_string<char, std::char_traits<char>, std::allocator<char> >::_M_construct<char*>(char*, char*) (basic_string.h:274)
==268755==    by 0x135B15: std::__cxx11::basic_string<char, std::char_traits<char>, std::allocator<char> >::basic_string(std::__cxx11::basic_string<char, std::char_traits<char>, std::allocator<char> > const&) (basic_string.h:459)
==268755==    by 0x177081: void std::_Construct<std::__cxx11::basic_string<char, std::char_traits<char>, std::allocator<char> >, std::__cxx11::basic_string<char, std::char_traits<char>, std::allocator<char> > const&>(std::__cxx11::basic_string<char, std::char_traits<char>, std::allocator<char> >*, std::__cxx11::basic_string<char, std::char_traits<char>, std::allocator<char> > const&) (stl_construct.h:119)
==268755==    by 0x176070: std::__cxx11::basic_string<char, std::char_traits<char>, std::allocator<char> >* std::__uninitialized_copy<false>::__uninit_copy<__gnu_cxx::__normal_iterator<std::__cxx11::basic_string<char, std::char_traits<char>, std::allocator<char> > const*, std::vector<std::__cxx11::basic_string<char, std::char_traits<char>, std::allocator<char> >, std::allocator<std::__cxx11::basic_string<char, std::char_traits<char>, std::allocator<char> > > > >, std::__cxx11::basic_string<char, std::char_traits<char>, std::allocator<char> >*>(__gnu_cxx::__normal_iterator<std::__cxx11::basic_string<char, std::char_traits<char>, std::allocator<char> > const*, std::vector<std::__cxx11::basic_string<char, std::char_traits<char>, std::allocator<char> >, std::allocator<std::__cxx11::basic_string<char, std::char_traits<char>, std::allocator<char> > > > >, __gnu_cxx::__normal_iterator<std::__cxx11::basic_string<char, std::char_traits<char>, std::allocator<char> > const*, std::vector<std::__cxx11::basic_string<char, std::char_traits<char>, std::allocator<char> >, std::allocator<std::__cxx11::basic_string<char, std::char_traits<char>, std::allocator<char> > > > >, std::__cxx11::basic_string<char, std::char_traits<char>, std::allocator<char> >*) (stl_uninitialized.h:92)
==268755==    by 0x174A77: std::__cxx11::basic_string<char, std::char_traits<char>, std::allocator<char> >* std::uninitialized_copy<__gnu_cxx::__normal_iterator<std::__cxx11::basic_string<char, std::char_traits<char>, std::allocator<char> > const*, std::vector<std::__cxx11::basic_string<char, std::char_traits<char>, std::allocator<char> >, std::allocator<std::__cxx11::basic_string<char, std::char_traits<char>, std::allocator<char> > > > >, std::__cxx11::basic_string<char, std::char_traits<char>, std::allocator<char> >*>(__gnu_cxx::__normal_iterator<std::__cxx11::basic_string<char, std::char_traits<char>, std::allocator<char> > const*, std::vector<std::__cxx11::basic_string<char, std::char_traits<char>, std::allocator<char> >, std::allocator<std::__cxx11::basic_string<char, std::char_traits<char>, std::allocator<char> > > > >, __gnu_cxx::__normal_iterator<std::__cxx11::basic_string<char, std::char_traits<char>, std::allocator<char> > const*, std::vector<std::__cxx11::basic_string<char, std::char_traits<char>, std::allocator<char> >, std::allocator<std::__cxx11::basic_string<char, std::char_traits<char>, std::allocator<char> > > > >, std::__cxx11::basic_string<char, std::char_traits<char>, std::allocator<char> >*) (stl_uninitialized.h:151)
==268755==    by 0x173436: std::__cxx11::basic_string<char, std::char_traits<char>, std::allocator<char> >* std::__uninitialized_copy_a<__gnu_cxx::__normal_iterator<std::__cxx11::basic_string<char, std::char_traits<char>, std::allocator<char> > const*, std::vector<std::__cxx11::basic_string<char, std::char_traits<char>, std::allocator<char> >, std::allocator<std::__cxx11::basic_string<char, std::char_traits<char>, std::allocator<char> > > > >, std::__cxx11::basic_string<char, std::char_traits<char>, std::allocator<char> >*, std::__cxx11::basic_string<char, std::char_traits<char>, std::allocator<char> > >(__gnu_cxx::__normal_iterator<std::__cxx11::basic_string<char, std::char_traits<char>, std::allocator<char> > const*, std::vector<std::__cxx11::basic_string<char, std::char_traits<char>, std::allocator<char> >, std::allocator<std::__cxx11::basic_string<char, std::char_traits<char>, std::allocator<char> > > > >, __gnu_cxx::__normal_iterator<std::__cxx11::basic_string<char, std::char_traits<char>, std::allocator<char> > const*, std::vector<std::__cxx11::basic_string<char, std::char_traits<char>, std::allocator<char> >, std::allocator<std::__cxx11::basic_string<char, std::char_traits<char>, std::allocator<char> > > > >, std::__cxx11::basic_string<char, std::char_traits<char>, std::allocator<char> >*, std::allocator<std::__cxx11::basic_string<char, std::char_traits<char>, std::allocator<char> > >&) (stl_uninitialized.h:333)
==268755== 
==268755== 240 bytes in 10 blocks are still reachable in loss record 1,659 of 2,004
==268755==    at 0x4848899: malloc (in /usr/libexec/valgrind/vgpreload_memcheck-amd64-linux.so)
==268755==    by 0x561679D: CRYPTO_zalloc (in /usr/lib/x86_64-linux-gnu/libcrypto.so.3)
==268755==    by 0x5647EE1: ??? (in /usr/lib/x86_64-linux-gnu/libcrypto.so.3)
==268755==    by 0x55EBA69: ??? (in /usr/lib/x86_64-linux-gnu/libcrypto.so.3)
==268755==    by 0x560B85B: ??? (in /usr/lib/x86_64-linux-gnu/libcrypto.so.3)
==268755==    by 0x560B71B: ??? (in /usr/lib/x86_64-linux-gnu/libcrypto.so.3)
==268755==    by 0x562AD6A: ??? (in /usr/lib/x86_64-linux-gnu/libcrypto.so.3)
==268755==    by 0x56F44E7: ??? (in /usr/lib/x86_64-linux-gnu/libcrypto.so.3)
==268755==    by 0x56F4B3D: ??? (in /usr/lib/x86_64-linux-gnu/libcrypto.so.3)
==268755==    by 0x560BAEE: EVP_SIGNATURE_fetch (in /usr/lib/x86_64-linux-gnu/libcrypto.so.3)
==268755==    by 0x53F522E: SSL_CTX_new_ex (in /usr/lib/x86_64-linux-gnu/libssl.so.3)
==268755==    by 0x48F8280: ??? (in /usr/lib/x86_64-linux-gnu/libmysqlclient.so.21.2.42)
==268755== 
==268755== 249 bytes in 23 blocks are still reachable in loss record 1,660 of 2,004
==268755==    at 0x4848899: malloc (in /usr/libexec/valgrind/vgpreload_memcheck-amd64-linux.so)
==268755==    by 0x56177D2: CRYPTO_strndup (in /usr/lib/x86_64-linux-gnu/libcrypto.so.3)
==268755==    by 0x5619521: ??? (in /usr/lib/x86_64-linux-gnu/libcrypto.so.3)
==268755==    by 0x56F41B3: ??? (in /usr/lib/x86_64-linux-gnu/libcrypto.so.3)
==268755==    by 0x55EBAFA: ??? (in /usr/lib/x86_64-linux-gnu/libcrypto.so.3)
==268755==    by 0x560B7F8: ??? (in /usr/lib/x86_64-linux-gnu/libcrypto.so.3)
==268755==    by 0x560B71B: ??? (in /usr/lib/x86_64-linux-gnu/libcrypto.so.3)
==268755==    by 0x562AD6A: ??? (in /usr/lib/x86_64-linux-gnu/libcrypto.so.3)
==268755==    by 0x56F44E7: ??? (in /usr/lib/x86_64-linux-gnu/libcrypto.so.3)
==268755==    by 0x56F4B3D: ??? (in /usr/lib/x86_64-linux-gnu/libcrypto.so.3)
==268755==    by 0x55DF712: EVP_MD_fetch (in /usr/lib/x86_64-linux-gnu/libcrypto.so.3)
==268755==    by 0x53F13FA: ??? (in /usr/lib/x86_64-linux-gnu/libssl.so.3)
==268755== 
==268755== 256 bytes in 4 blocks are still reachable in loss record 1,661 of 2,004
==268755==    at 0x4849013: operator new(unsigned long) (in /usr/libexec/valgrind/vgpreload_memcheck-amd64-linux.so)
==268755==    by 0x15E0F3: __gnu_cxx::new_allocator<std::__cxx11::basic_string<char, std::char_traits<char>, std::allocator<char> > >::allocate(unsigned long, void const*) (new_allocator.h:127)
==268755==    by 0x15A22F: allocate (allocator.h:185)
==268755==    by 0x15A22F: std::allocator_traits<std::allocator<std::__cxx11::basic_string<char, std::char_traits<char>, std::allocator<char> > > >::allocate(std::allocator<std::__cxx11::basic_string<char, std::char_traits<char>, std::allocator<char> > >&, unsigned long) (alloc_traits.h:464)
==268755==    by 0x157431: std::_Vector_base<std::__cxx11::basic_string<char, std::char_traits<char>, std::allocator<char> >, std::allocator<std::__cxx11::basic_string<char, std::char_traits<char>, std::allocator<char> > > >::_M_allocate(unsigned long) (stl_vector.h:346)
==268755==    by 0x1F09D7: std::vector<std::__cxx11::basic_string<char, std::char_traits<char>, std::allocator<char> >, std::allocator<std::__cxx11::basic_string<char, std::char_traits<char>, std::allocator<char> > > >::_M_default_append(unsigned long) (vector.tcc:635)
==268755==    by 0x1EF5F0: std::vector<std::__cxx11::basic_string<char, std::char_traits<char>, std::allocator<char> >, std::allocator<std::__cxx11::basic_string<char, std::char_traits<char>, std::allocator<char> > > >::resize(unsigned long) (stl_vector.h:940)
==268755==    by 0x1E9D94: cpp_dbc::MySQL::MySQLPreparedStatement::MySQLPreparedStatement(MYSQL*, std::__cxx11::basic_string<char, std::char_traits<char>, std::allocator<char> > const&) (driver_mysql.cpp:277)
==268755==    by 0x1F66A8: decltype (::new ((void*)(0)) cpp_dbc::MySQL::MySQLPreparedStatement((declval<MYSQL*&>)(), (declval<std::__cxx11::basic_string<char, std::char_traits<char>, std::allocator<char> > const&>)())) std::construct_at<cpp_dbc::MySQL::MySQLPreparedStatement, MYSQL*&, std::__cxx11::basic_string<char, std::char_traits<char>, std::allocator<char> > const&>(cpp_dbc::MySQL::MySQLPreparedStatement*, MYSQL*&, std::__cxx11::basic_string<char, std::char_traits<char>, std::allocator<char> > const&) (stl_construct.h:97)
==268755==    by 0x1F6724: void std::allocator_traits<std::allocator<cpp_dbc::MySQL::MySQLPreparedStatement> >::construct<cpp_dbc::MySQL::MySQLPreparedStatement, MYSQL*&, std::__cxx11::basic_string<char, std::char_traits<char>, std::allocator<char> > const&>(std::allocator<cpp_dbc::MySQL::MySQLPreparedStatement>&, cpp_dbc::MySQL::MySQLPreparedStatement*, MYSQL*&, std::__cxx11::basic_string<char, std::char_traits<char>, std::allocator<char> > const&) (alloc_traits.h:518)
==268755==    by 0x1F5C74: std::_Sp_counted_ptr_inplace<cpp_dbc::MySQL::MySQLPreparedStatement, std::allocator<cpp_dbc::MySQL::MySQLPreparedStatement>, (__gnu_cxx::_Lock_policy)2>::_Sp_counted_ptr_inplace<MYSQL*&, std::__cxx11::basic_string<char, std::char_traits<char>, std::allocator<char> > const&>(std::allocator<cpp_dbc::MySQL::MySQLPreparedStatement>, MYSQL*&, std::__cxx11::basic_string<char, std::char_traits<char>, std::allocator<char> > const&) (shared_ptr_base.h:519)
==268755==    by 0x1F4CF2: std::__shared_count<(__gnu_cxx::_Lock_policy)2>::__shared_count<cpp_dbc::MySQL::MySQLPreparedStatement, std::allocator<cpp_dbc::MySQL::MySQLPreparedStatement>, MYSQL*&, std::__cxx11::basic_string<char, std::char_traits<char>, std::allocator<char> > const&>(cpp_dbc::MySQL::MySQLPreparedStatement*&, std::_Sp_alloc_shared_tag<std::allocator<cpp_dbc::MySQL::MySQLPreparedStatement> >, MYSQL*&, std::__cxx11::basic_string<char, std::char_traits<char>, std::allocator<char> > const&) (shared_ptr_base.h:650)
==268755==    by 0x1F3D43: std::__shared_ptr<cpp_dbc::MySQL::MySQLPreparedStatement, (__gnu_cxx::_Lock_policy)2>::__shared_ptr<std::allocator<cpp_dbc::MySQL::MySQLPreparedStatement>, MYSQL*&, std::__cxx11::basic_string<char, std::char_traits<char>, std::allocator<char> > const&>(std::_Sp_alloc_shared_tag<std::allocator<cpp_dbc::MySQL::MySQLPreparedStatement> >, MYSQL*&, std::__cxx11::basic_string<char, std::char_traits<char>, std::allocator<char> > const&) (shared_ptr_base.h:1342)
==268755== 
==268755== 256 bytes in 4 blocks are still reachable in loss record 1,662 of 2,004
==268755==    at 0x4849013: operator new(unsigned long) (in /usr/libexec/valgrind/vgpreload_memcheck-amd64-linux.so)
==268755==    by 0x15E0F3: __gnu_cxx::new_allocator<std::__cxx11::basic_string<char, std::char_traits<char>, std::allocator<char> > >::allocate(unsigned long, void const*) (new_allocator.h:127)
==268755==    by 0x15A22F: allocate (allocator.h:185)
==268755==    by 0x15A22F: std::allocator_traits<std::allocator<std::__cxx11::basic_string<char, std::char_traits<char>, std::allocator<char> > > >::allocate(std::allocator<std::__cxx11::basic_string<char, std::char_traits<char>, std::allocator<char> > >&, unsigned long) (alloc_traits.h:464)
==268755==    by 0x157431: std::_Vector_base<std::__cxx11::basic_string<char, std::char_traits<char>, std::allocator<char> >, std::allocator<std::__cxx11::basic_string<char, std::char_traits<char>, std::allocator<char> > > >::_M_allocate(unsigned long) (stl_vector.h:346)
==268755==    by 0x1F09D7: std::vector<std::__cxx11::basic_string<char, std::char_traits<char>, std::allocator<char> >, std::allocator<std::__cxx11::basic_string<char, std::char_traits<char>, std::allocator<char> > > >::_M_default_append(unsigned long) (vector.tcc:635)
==268755==    by 0x1EF5F0: std::vector<std::__cxx11::basic_string<char, std::char_traits<char>, std::allocator<char> >, std::allocator<std::__cxx11::basic_string<char, std::char_traits<char>, std::allocator<char> > > >::resize(unsigned long) (stl_vector.h:940)
==268755==    by 0x1E9DAB: cpp_dbc::MySQL::MySQLPreparedStatement::MySQLPreparedStatement(MYSQL*, std::__cxx11::basic_string<char, std::char_traits<char>, std::allocator<char> > const&) (driver_mysql.cpp:280)
==268755==    by 0x1F66A8: decltype (::new ((void*)(0)) cpp_dbc::MySQL::MySQLPreparedStatement((declval<MYSQL*&>)(), (declval<std::__cxx11::basic_string<char, std::char_traits<char>, std::allocator<char> > const&>)())) std::construct_at<cpp_dbc::MySQL::MySQLPreparedStatement, MYSQL*&, std::__cxx11::basic_string<char, std::char_traits<char>, std::allocator<char> > const&>(cpp_dbc::MySQL::MySQLPreparedStatement*, MYSQL*&, std::__cxx11::basic_string<char, std::char_traits<char>, std::allocator<char> > const&) (stl_construct.h:97)
==268755==    by 0x1F6724: void std::allocator_traits<std::allocator<cpp_dbc::MySQL::MySQLPreparedStatement> >::construct<cpp_dbc::MySQL::MySQLPreparedStatement, MYSQL*&, std::__cxx11::basic_string<char, std::char_traits<char>, std::allocator<char> > const&>(std::allocator<cpp_dbc::MySQL::MySQLPreparedStatement>&, cpp_dbc::MySQL::MySQLPreparedStatement*, MYSQL*&, std::__cxx11::basic_string<char, std::char_traits<char>, std::allocator<char> > const&) (alloc_traits.h:518)
==268755==    by 0x1F5C74: std::_Sp_counted_ptr_inplace<cpp_dbc::MySQL::MySQLPreparedStatement, std::allocator<cpp_dbc::MySQL::MySQLPreparedStatement>, (__gnu_cxx::_Lock_policy)2>::_Sp_counted_ptr_inplace<MYSQL*&, std::__cxx11::basic_string<char, std::char_traits<char>, std::allocator<char> > const&>(std::allocator<cpp_dbc::MySQL::MySQLPreparedStatement>, MYSQL*&, std::__cxx11::basic_string<char, std::char_traits<char>, std::allocator<char> > const&) (shared_ptr_base.h:519)
==268755==    by 0x1F4CF2: std::__shared_count<(__gnu_cxx::_Lock_policy)2>::__shared_count<cpp_dbc::MySQL::MySQLPreparedStatement, std::allocator<cpp_dbc::MySQL::MySQLPreparedStatement>, MYSQL*&, std::__cxx11::basic_string<char, std::char_traits<char>, std::allocator<char> > const&>(cpp_dbc::MySQL::MySQLPreparedStatement*&, std::_Sp_alloc_shared_tag<std::allocator<cpp_dbc::MySQL::MySQLPreparedStatement> >, MYSQL*&, std::__cxx11::basic_string<char, std::char_traits<char>, std::allocator<char> > const&) (shared_ptr_base.h:650)
==268755==    by 0x1F3D43: std::__shared_ptr<cpp_dbc::MySQL::MySQLPreparedStatement, (__gnu_cxx::_Lock_policy)2>::__shared_ptr<std::allocator<cpp_dbc::MySQL::MySQLPreparedStatement>, MYSQL*&, std::__cxx11::basic_string<char, std::char_traits<char>, std::allocator<char> > const&>(std::_Sp_alloc_shared_tag<std::allocator<cpp_dbc::MySQL::MySQLPreparedStatement> >, MYSQL*&, std::__cxx11::basic_string<char, std::char_traits<char>, std::allocator<char> > const&) (shared_ptr_base.h:1342)
==268755== 
==268755== 256 bytes in 8 blocks are possibly lost in loss record 1,663 of 2,004
==268755==    at 0x4848899: malloc (in /usr/libexec/valgrind/vgpreload_memcheck-amd64-linux.so)
==268755==    by 0x561679D: CRYPTO_zalloc (in /usr/lib/x86_64-linux-gnu/libcrypto.so.3)
==268755==    by 0x5665352: OPENSSL_sk_new_reserve (in /usr/lib/x86_64-linux-gnu/libcrypto.so.3)
==268755==    by 0x552F47C: ??? (in /usr/lib/x86_64-linux-gnu/libcrypto.so.3)
==268755==    by 0x552F691: ??? (in /usr/lib/x86_64-linux-gnu/libcrypto.so.3)
==268755==    by 0x552DD18: ??? (in /usr/lib/x86_64-linux-gnu/libcrypto.so.3)
==268755==    by 0x552F3E7: ??? (in /usr/lib/x86_64-linux-gnu/libcrypto.so.3)
==268755==    by 0x552DD18: ??? (in /usr/lib/x86_64-linux-gnu/libcrypto.so.3)
==268755==    by 0x552E492: ASN1_item_d2i_ex (in /usr/lib/x86_64-linux-gnu/libcrypto.so.3)
==268755==    by 0x54221C2: ??? (in /usr/lib/x86_64-linux-gnu/libssl.so.3)
==268755==    by 0x541EA94: ??? (in /usr/lib/x86_64-linux-gnu/libssl.so.3)
==268755==    by 0x5420697: ??? (in /usr/lib/x86_64-linux-gnu/libssl.so.3)
==268755== 
==268755== 256 bytes in 8 blocks are possibly lost in loss record 1,664 of 2,004
==268755==    at 0x4848899: malloc (in /usr/libexec/valgrind/vgpreload_memcheck-amd64-linux.so)
==268755==    by 0x561679D: CRYPTO_zalloc (in /usr/lib/x86_64-linux-gnu/libcrypto.so.3)
==268755==    by 0x5663872: ??? (in /usr/lib/x86_64-linux-gnu/libcrypto.so.3)
==268755==    by 0x5663952: OPENSSL_sk_insert (in /usr/lib/x86_64-linux-gnu/libcrypto.so.3)
==268755==    by 0x552F268: ??? (in /usr/lib/x86_64-linux-gnu/libcrypto.so.3)
==268755==    by 0x552F691: ??? (in /usr/lib/x86_64-linux-gnu/libcrypto.so.3)
==268755==    by 0x552DD18: ??? (in /usr/lib/x86_64-linux-gnu/libcrypto.so.3)
==268755==    by 0x552F3E7: ??? (in /usr/lib/x86_64-linux-gnu/libcrypto.so.3)
==268755==    by 0x552DD18: ??? (in /usr/lib/x86_64-linux-gnu/libcrypto.so.3)
==268755==    by 0x552E492: ASN1_item_d2i_ex (in /usr/lib/x86_64-linux-gnu/libcrypto.so.3)
==268755==    by 0x54221C2: ??? (in /usr/lib/x86_64-linux-gnu/libssl.so.3)
==268755==    by 0x541EA94: ??? (in /usr/lib/x86_64-linux-gnu/libssl.so.3)
==268755== 
==268755== 264 bytes in 3 blocks are still reachable in loss record 1,665 of 2,004
==268755==    at 0x4849013: operator new(unsigned long) (in /usr/libexec/valgrind/vgpreload_memcheck-amd64-linux.so)
==268755==    by 0x1E00BF: __gnu_cxx::new_allocator<std::_Sp_counted_ptr_inplace<cpp_dbc::PooledConnection, std::allocator<cpp_dbc::PooledConnection>, (__gnu_cxx::_Lock_policy)2> >::allocate(unsigned long, void const*) (new_allocator.h:127)
==268755==    by 0x1DF438: allocate (allocator.h:185)
==268755==    by 0x1DF438: std::allocator_traits<std::allocator<std::_Sp_counted_ptr_inplace<cpp_dbc::PooledConnection, std::allocator<cpp_dbc::PooledConnection>, (__gnu_cxx::_Lock_policy)2> > >::allocate(std::allocator<std::_Sp_counted_ptr_inplace<cpp_dbc::PooledConnection, std::allocator<cpp_dbc::PooledConnection>, (__gnu_cxx::_Lock_policy)2> >&, unsigned long) (alloc_traits.h:464)
==268755==    by 0x1DE60F: std::__allocated_ptr<std::allocator<std::_Sp_counted_ptr_inplace<cpp_dbc::PooledConnection, std::allocator<cpp_dbc::PooledConnection>, (__gnu_cxx::_Lock_policy)2> > > std::__allocate_guarded<std::allocator<std::_Sp_counted_ptr_inplace<cpp_dbc::PooledConnection, std::allocator<cpp_dbc::PooledConnection>, (__gnu_cxx::_Lock_policy)2> > >(std::allocator<std::_Sp_counted_ptr_inplace<cpp_dbc::PooledConnection, std::allocator<cpp_dbc::PooledConnection>, (__gnu_cxx::_Lock_policy)2> >&) (allocated_ptr.h:98)
==268755==    by 0x1DD63B: std::__shared_count<(__gnu_cxx::_Lock_policy)2>::__shared_count<cpp_dbc::PooledConnection, std::allocator<cpp_dbc::PooledConnection>, std::shared_ptr<cpp_dbc::Connection>&, cpp_dbc::ConnectionPool*>(cpp_dbc::PooledConnection*&, std::_Sp_alloc_shared_tag<std::allocator<cpp_dbc::PooledConnection> >, std::shared_ptr<cpp_dbc::Connection>&, cpp_dbc::ConnectionPool*&&) (shared_ptr_base.h:648)
==268755==    by 0x1DBBD7: std::__shared_ptr<cpp_dbc::PooledConnection, (__gnu_cxx::_Lock_policy)2>::__shared_ptr<std::allocator<cpp_dbc::PooledConnection>, std::shared_ptr<cpp_dbc::Connection>&, cpp_dbc::ConnectionPool*>(std::_Sp_alloc_shared_tag<std::allocator<cpp_dbc::PooledConnection> >, std::shared_ptr<cpp_dbc::Connection>&, cpp_dbc::ConnectionPool*&&) (shared_ptr_base.h:1342)
==268755==    by 0x1D9E04: std::shared_ptr<cpp_dbc::PooledConnection>::shared_ptr<std::allocator<cpp_dbc::PooledConnection>, std::shared_ptr<cpp_dbc::Connection>&, cpp_dbc::ConnectionPool*>(std::_Sp_alloc_shared_tag<std::allocator<cpp_dbc::PooledConnection> >, std::shared_ptr<cpp_dbc::Connection>&, cpp_dbc::ConnectionPool*&&) (shared_ptr.h:409)
==268755==    by 0x1D83D2: std::shared_ptr<cpp_dbc::PooledConnection> std::allocate_shared<cpp_dbc::PooledConnection, std::allocator<cpp_dbc::PooledConnection>, std::shared_ptr<cpp_dbc::Connection>&, cpp_dbc::ConnectionPool*>(std::allocator<cpp_dbc::PooledConnection> const&, std::shared_ptr<cpp_dbc::Connection>&, cpp_dbc::ConnectionPool*&&) (shared_ptr.h:863)
==268755==    by 0x1D7142: std::shared_ptr<cpp_dbc::PooledConnection> std::make_shared<cpp_dbc::PooledConnection, std::shared_ptr<cpp_dbc::Connection>&, cpp_dbc::ConnectionPool*>(std::shared_ptr<cpp_dbc::Connection>&, cpp_dbc::ConnectionPool*&&) (shared_ptr.h:879)
==268755==    by 0x1D3A7D: cpp_dbc::ConnectionPool::createPooledConnection() (connection_pool.cpp:116)
==268755==    by 0x1D42B2: cpp_dbc::ConnectionPool::getConnection() (connection_pool.cpp:346)
==268755==    by 0x1B250B: CATCH2_INTERNAL_TEST_0()::{lambda()#1}::operator()() const (test_mysql_real.cpp:263)
==268755== 
==268755== 264 bytes in 11 blocks are still reachable in loss record 1,666 of 2,004
==268755==    at 0x4848899: malloc (in /usr/libexec/valgrind/vgpreload_memcheck-amd64-linux.so)
==268755==    by 0x560C185: OPENSSL_LH_insert (in /usr/lib/x86_64-linux-gnu/libcrypto.so.3)
==268755==    by 0x56FD672: ??? (in /usr/lib/x86_64-linux-gnu/libcrypto.so.3)
==268755==    by 0x55CA89F: ERR_load_strings_const (in /usr/lib/x86_64-linux-gnu/libcrypto.so.3)
==268755==    by 0x561D1B7: ??? (in /usr/lib/x86_64-linux-gnu/libcrypto.so.3)
==268755==    by 0x522BEE7: __pthread_once_slow (pthread_once.c:116)
==268755==    by 0x5621C9C: CRYPTO_THREAD_run_once (in /usr/lib/x86_64-linux-gnu/libcrypto.so.3)
==268755==    by 0x561E992: OPENSSL_init_crypto (in /usr/lib/x86_64-linux-gnu/libcrypto.so.3)
==268755==    by 0x55CC336: ??? (in /usr/lib/x86_64-linux-gnu/libcrypto.so.3)
==268755==    by 0x55CCCFC: ERR_set_mark (in /usr/lib/x86_64-linux-gnu/libcrypto.so.3)
==268755==    by 0x55790E1: CONF_modules_load_file_ex (in /usr/lib/x86_64-linux-gnu/libcrypto.so.3)
==268755==    by 0x561E19F: ??? (in /usr/lib/x86_64-linux-gnu/libcrypto.so.3)
==268755== 
==268755== 280 bytes in 1 blocks are still reachable in loss record 1,667 of 2,004
==268755==    at 0x4849013: operator new(unsigned long) (in /usr/libexec/valgrind/vgpreload_memcheck-amd64-linux.so)
==268755==    by 0x248895: Catch::Detail::unique_ptr<Catch::Detail::(anonymous namespace)::CoutStream> Catch::Detail::make_unique<Catch::Detail::(anonymous namespace)::CoutStream>() (catch_unique_ptr.hpp:111)
==268755==    by 0x24852B: Catch::makeStream(std::__cxx11::basic_string<char, std::char_traits<char>, std::allocator<char> > const&) (catch_istream.cpp:143)
==268755==    by 0x2055C2: Catch::(anonymous namespace)::prepareReporters(Catch::Config const*) (catch_session.cpp:52)
==268755==    by 0x20727D: Catch::Session::runInternal() (catch_session.cpp:315)
==268755==    by 0x206F31: Catch::Session::run() (catch_session.cpp:263)
==268755==    by 0x202254: int Catch::Session::run<char>(int, char const* const*) (catch_session.hpp:41)
==268755==    by 0x20213D: main (catch_main.cpp:36)
==268755== 
==268755== 280 bytes in 5 blocks are still reachable in loss record 1,668 of 2,004
==268755==    at 0x4848899: malloc (in /usr/libexec/valgrind/vgpreload_memcheck-amd64-linux.so)
==268755==    by 0x561679D: CRYPTO_zalloc (in /usr/lib/x86_64-linux-gnu/libcrypto.so.3)
==268755==    by 0x5621B23: CRYPTO_THREAD_lock_new (in /usr/lib/x86_64-linux-gnu/libcrypto.so.3)
==268755==    by 0x55FA4E8: ??? (in /usr/lib/x86_64-linux-gnu/libcrypto.so.3)
==268755==    by 0x55EBB09: ??? (in /usr/lib/x86_64-linux-gnu/libcrypto.so.3)
==268755==    by 0x560B7F8: ??? (in /usr/lib/x86_64-linux-gnu/libcrypto.so.3)
==268755==    by 0x560B71B: ??? (in /usr/lib/x86_64-linux-gnu/libcrypto.so.3)
==268755==    by 0x562AD6A: ??? (in /usr/lib/x86_64-linux-gnu/libcrypto.so.3)
==268755==    by 0x56F44E7: ??? (in /usr/lib/x86_64-linux-gnu/libcrypto.so.3)
==268755==    by 0x56F4B3D: ??? (in /usr/lib/x86_64-linux-gnu/libcrypto.so.3)
==268755==    by 0x55F7222: EVP_RAND_fetch (in /usr/lib/x86_64-linux-gnu/libcrypto.so.3)
==268755==    by 0x56498AB: RAND_get0_primary (in /usr/lib/x86_64-linux-gnu/libcrypto.so.3)
==268755== 
==268755== 280 bytes in 7 blocks are still reachable in loss record 1,669 of 2,004
==268755==    at 0x4848899: malloc (in /usr/libexec/valgrind/vgpreload_memcheck-amd64-linux.so)
==268755==    by 0x5647AA0: ??? (in /usr/lib/x86_64-linux-gnu/libcrypto.so.3)
==268755==    by 0x55EBA69: ??? (in /usr/lib/x86_64-linux-gnu/libcrypto.so.3)
==268755==    by 0x560B85B: ??? (in /usr/lib/x86_64-linux-gnu/libcrypto.so.3)
==268755==    by 0x560B71B: ??? (in /usr/lib/x86_64-linux-gnu/libcrypto.so.3)
==268755==    by 0x562AD6A: ??? (in /usr/lib/x86_64-linux-gnu/libcrypto.so.3)
==268755==    by 0x56F44E7: ??? (in /usr/lib/x86_64-linux-gnu/libcrypto.so.3)
==268755==    by 0x56F4B3D: ??? (in /usr/lib/x86_64-linux-gnu/libcrypto.so.3)
==268755==    by 0x55F783E: EVP_KEYEXCH_fetch (in /usr/lib/x86_64-linux-gnu/libcrypto.so.3)
==268755==    by 0x53F5256: SSL_CTX_new_ex (in /usr/lib/x86_64-linux-gnu/libssl.so.3)
==268755==    by 0x48F8280: ??? (in /usr/lib/x86_64-linux-gnu/libmysqlclient.so.21.2.42)
==268755==    by 0x489A042: ??? (in /usr/lib/x86_64-linux-gnu/libmysqlclient.so.21.2.42)
==268755== 
==268755== 280 bytes in 5 blocks are possibly lost in loss record 1,670 of 2,004
==268755==    at 0x4848899: malloc (in /usr/libexec/valgrind/vgpreload_memcheck-amd64-linux.so)
==268755==    by 0x561679D: CRYPTO_zalloc (in /usr/lib/x86_64-linux-gnu/libcrypto.so.3)
==268755==    by 0x5621B23: CRYPTO_THREAD_lock_new (in /usr/lib/x86_64-linux-gnu/libcrypto.so.3)
==268755==    by 0x53F4FC0: SSL_CTX_new_ex (in /usr/lib/x86_64-linux-gnu/libssl.so.3)
==268755==    by 0x48F8280: ??? (in /usr/lib/x86_64-linux-gnu/libmysqlclient.so.21.2.42)
==268755==    by 0x489A042: ??? (in /usr/lib/x86_64-linux-gnu/libmysqlclient.so.21.2.42)
==268755==    by 0x489AD71: ??? (in /usr/lib/x86_64-linux-gnu/libmysqlclient.so.21.2.42)
==268755==    by 0x48A3273: ??? (in /usr/lib/x86_64-linux-gnu/libmysqlclient.so.21.2.42)
==268755==    by 0x489EF82: mysql_real_connect (in /usr/lib/x86_64-linux-gnu/libmysqlclient.so.21.2.42)
==268755==    by 0x1EC2E1: cpp_dbc::MySQL::MySQLConnection::MySQLConnection(std::__cxx11::basic_string<char, std::char_traits<char>, std::allocator<char> > const&, int, std::__cxx11::basic_string<char, std::char_traits<char>, std::allocator<char> > const&, std::__cxx11::basic_string<char, std::char_traits<char>, std::allocator<char> > const&, std::__cxx11::basic_string<char, std::char_traits<char>, std::allocator<char> > const&) (driver_mysql.cpp:624)
==268755==    by 0x1F6A72: decltype (::new ((void*)(0)) cpp_dbc::MySQL::MySQLConnection((declval<std::__cxx11::basic_string<char, std::char_traits<char>, std::allocator<char> >&>)(), (declval<int&>)(), (declval<std::__cxx11::basic_string<char, std::char_traits<char>, std::allocator<char> >&>)(), (declval<std::__cxx11::basic_string<char, std::char_traits<char>, std::allocator<char> > const&>)(), (declval<std::__cxx11::basic_string<char, std::char_traits<char>, std::allocator<char> > const&>)())) std::construct_at<cpp_dbc::MySQL::MySQLConnection, std::__cxx11::basic_string<char, std::char_traits<char>, std::allocator<char> >&, int&, std::__cxx11::basic_string<char, std::char_traits<char>, std::allocator<char> >&, std::__cxx11::basic_string<char, std::char_traits<char>, std::allocator<char> > const&, std::__cxx11::basic_string<char, std::char_traits<char>, std::allocator<char> > const&>(cpp_dbc::MySQL::MySQLConnection*, std::__cxx11::basic_string<char, std::char_traits<char>, std::allocator<char> >&, int&, std::__cxx11::basic_string<char, std::char_traits<char>, std::allocator<char> >&, std::__cxx11::basic_string<char, std::char_traits<char>, std::allocator<char> > const&, std::__cxx11::basic_string<char, std::char_traits<char>, std::allocator<char> > const&) (stl_construct.h:97)
==268755==    by 0x1F6B2E: void std::allocator_traits<std::allocator<cpp_dbc::MySQL::MySQLConnection> >::construct<cpp_dbc::MySQL::MySQLConnection, std::__cxx11::basic_string<char, std::char_traits<char>, std::allocator<char> >&, int&, std::__cxx11::basic_string<char, std::char_traits<char>, std::allocator<char> >&, std::__cxx11::basic_string<char, std::char_traits<char>, std::allocator<char> > const&, std::__cxx11::basic_string<char, std::char_traits<char>, std::allocator<char> > const&>(std::allocator<cpp_dbc::MySQL::MySQLConnection>&, cpp_dbc::MySQL::MySQLConnection*, std::__cxx11::basic_string<char, std::char_traits<char>, std::allocator<char> >&, int&, std::__cxx11::basic_string<char, std::char_traits<char>, std::allocator<char> >&, std::__cxx11::basic_string<char, std::char_traits<char>, std::allocator<char> > const&, std::__cxx11::basic_string<char, std::char_traits<char>, std::allocator<char> > const&) (alloc_traits.h:518)
==268755== 
==268755== 280 bytes in 5 blocks are possibly lost in loss record 1,671 of 2,004
==268755==    at 0x4848899: malloc (in /usr/libexec/valgrind/vgpreload_memcheck-amd64-linux.so)
==268755==    by 0x561679D: CRYPTO_zalloc (in /usr/lib/x86_64-linux-gnu/libcrypto.so.3)
==268755==    by 0x5621B23: CRYPTO_THREAD_lock_new (in /usr/lib/x86_64-linux-gnu/libcrypto.so.3)
==268755==    by 0x53F50AE: SSL_CTX_new_ex (in /usr/lib/x86_64-linux-gnu/libssl.so.3)
==268755==    by 0x48F8280: ??? (in /usr/lib/x86_64-linux-gnu/libmysqlclient.so.21.2.42)
==268755==    by 0x489A042: ??? (in /usr/lib/x86_64-linux-gnu/libmysqlclient.so.21.2.42)
==268755==    by 0x489AD71: ??? (in /usr/lib/x86_64-linux-gnu/libmysqlclient.so.21.2.42)
==268755==    by 0x48A3273: ??? (in /usr/lib/x86_64-linux-gnu/libmysqlclient.so.21.2.42)
==268755==    by 0x489EF82: mysql_real_connect (in /usr/lib/x86_64-linux-gnu/libmysqlclient.so.21.2.42)
==268755==    by 0x1EC2E1: cpp_dbc::MySQL::MySQLConnection::MySQLConnection(std::__cxx11::basic_string<char, std::char_traits<char>, std::allocator<char> > const&, int, std::__cxx11::basic_string<char, std::char_traits<char>, std::allocator<char> > const&, std::__cxx11::basic_string<char, std::char_traits<char>, std::allocator<char> > const&, std::__cxx11::basic_string<char, std::char_traits<char>, std::allocator<char> > const&) (driver_mysql.cpp:624)
==268755==    by 0x1F6A72: decltype (::new ((void*)(0)) cpp_dbc::MySQL::MySQLConnection((declval<std::__cxx11::basic_string<char, std::char_traits<char>, std::allocator<char> >&>)(), (declval<int&>)(), (declval<std::__cxx11::basic_string<char, std::char_traits<char>, std::allocator<char> >&>)(), (declval<std::__cxx11::basic_string<char, std::char_traits<char>, std::allocator<char> > const&>)(), (declval<std::__cxx11::basic_string<char, std::char_traits<char>, std::allocator<char> > const&>)())) std::construct_at<cpp_dbc::MySQL::MySQLConnection, std::__cxx11::basic_string<char, std::char_traits<char>, std::allocator<char> >&, int&, std::__cxx11::basic_string<char, std::char_traits<char>, std::allocator<char> >&, std::__cxx11::basic_string<char, std::char_traits<char>, std::allocator<char> > const&, std::__cxx11::basic_string<char, std::char_traits<char>, std::allocator<char> > const&>(cpp_dbc::MySQL::MySQLConnection*, std::__cxx11::basic_string<char, std::char_traits<char>, std::allocator<char> >&, int&, std::__cxx11::basic_string<char, std::char_traits<char>, std::allocator<char> >&, std::__cxx11::basic_string<char, std::char_traits<char>, std::allocator<char> > const&, std::__cxx11::basic_string<char, std::char_traits<char>, std::allocator<char> > const&) (stl_construct.h:97)
==268755==    by 0x1F6B2E: void std::allocator_traits<std::allocator<cpp_dbc::MySQL::MySQLConnection> >::construct<cpp_dbc::MySQL::MySQLConnection, std::__cxx11::basic_string<char, std::char_traits<char>, std::allocator<char> >&, int&, std::__cxx11::basic_string<char, std::char_traits<char>, std::allocator<char> >&, std::__cxx11::basic_string<char, std::char_traits<char>, std::allocator<char> > const&, std::__cxx11::basic_string<char, std::char_traits<char>, std::allocator<char> > const&>(std::allocator<cpp_dbc::MySQL::MySQLConnection>&, cpp_dbc::MySQL::MySQLConnection*, std::__cxx11::basic_string<char, std::char_traits<char>, std::allocator<char> >&, int&, std::__cxx11::basic_string<char, std::char_traits<char>, std::allocator<char> >&, std::__cxx11::basic_string<char, std::char_traits<char>, std::allocator<char> > const&, std::__cxx11::basic_string<char, std::char_traits<char>, std::allocator<char> > const&) (alloc_traits.h:518)
==268755== 
==268755== 280 bytes in 5 blocks are possibly lost in loss record 1,672 of 2,004
==268755==    at 0x4848899: malloc (in /usr/libexec/valgrind/vgpreload_memcheck-amd64-linux.so)
==268755==    by 0x561679D: CRYPTO_zalloc (in /usr/lib/x86_64-linux-gnu/libcrypto.so.3)
==268755==    by 0x5621B23: CRYPTO_THREAD_lock_new (in /usr/lib/x86_64-linux-gnu/libcrypto.so.3)
==268755==    by 0x568FCC5: X509_STORE_new (in /usr/lib/x86_64-linux-gnu/libcrypto.so.3)
==268755==    by 0x53F50EA: SSL_CTX_new_ex (in /usr/lib/x86_64-linux-gnu/libssl.so.3)
==268755==    by 0x48F8280: ??? (in /usr/lib/x86_64-linux-gnu/libmysqlclient.so.21.2.42)
==268755==    by 0x489A042: ??? (in /usr/lib/x86_64-linux-gnu/libmysqlclient.so.21.2.42)
==268755==    by 0x489AD71: ??? (in /usr/lib/x86_64-linux-gnu/libmysqlclient.so.21.2.42)
==268755==    by 0x48A3273: ??? (in /usr/lib/x86_64-linux-gnu/libmysqlclient.so.21.2.42)
==268755==    by 0x489EF82: mysql_real_connect (in /usr/lib/x86_64-linux-gnu/libmysqlclient.so.21.2.42)
==268755==    by 0x1EC2E1: cpp_dbc::MySQL::MySQLConnection::MySQLConnection(std::__cxx11::basic_string<char, std::char_traits<char>, std::allocator<char> > const&, int, std::__cxx11::basic_string<char, std::char_traits<char>, std::allocator<char> > const&, std::__cxx11::basic_string<char, std::char_traits<char>, std::allocator<char> > const&, std::__cxx11::basic_string<char, std::char_traits<char>, std::allocator<char> > const&) (driver_mysql.cpp:624)
==268755==    by 0x1F6A72: decltype (::new ((void*)(0)) cpp_dbc::MySQL::MySQLConnection((declval<std::__cxx11::basic_string<char, std::char_traits<char>, std::allocator<char> >&>)(), (declval<int&>)(), (declval<std::__cxx11::basic_string<char, std::char_traits<char>, std::allocator<char> >&>)(), (declval<std::__cxx11::basic_string<char, std::char_traits<char>, std::allocator<char> > const&>)(), (declval<std::__cxx11::basic_string<char, std::char_traits<char>, std::allocator<char> > const&>)())) std::construct_at<cpp_dbc::MySQL::MySQLConnection, std::__cxx11::basic_string<char, std::char_traits<char>, std::allocator<char> >&, int&, std::__cxx11::basic_string<char, std::char_traits<char>, std::allocator<char> >&, std::__cxx11::basic_string<char, std::char_traits<char>, std::allocator<char> > const&, std::__cxx11::basic_string<char, std::char_traits<char>, std::allocator<char> > const&>(cpp_dbc::MySQL::MySQLConnection*, std::__cxx11::basic_string<char, std::char_traits<char>, std::allocator<char> >&, int&, std::__cxx11::basic_string<char, std::char_traits<char>, std::allocator<char> >&, std::__cxx11::basic_string<char, std::char_traits<char>, std::allocator<char> > const&, std::__cxx11::basic_string<char, std::char_traits<char>, std::allocator<char> > const&) (stl_construct.h:97)
==268755== 
==268755== 280 bytes in 5 blocks are possibly lost in loss record 1,673 of 2,004
==268755==    at 0x4848899: malloc (in /usr/libexec/valgrind/vgpreload_memcheck-amd64-linux.so)
==268755==    by 0x561679D: CRYPTO_zalloc (in /usr/lib/x86_64-linux-gnu/libcrypto.so.3)
==268755==    by 0x5621B23: CRYPTO_THREAD_lock_new (in /usr/lib/x86_64-linux-gnu/libcrypto.so.3)
==268755==    by 0x56724B6: ??? (in /usr/lib/x86_64-linux-gnu/libcrypto.so.3)
==268755==    by 0x5688CCD: X509_LOOKUP_new (in /usr/lib/x86_64-linux-gnu/libcrypto.so.3)
==268755==    by 0x5688E99: X509_STORE_add_lookup (in /usr/lib/x86_64-linux-gnu/libcrypto.so.3)
==268755==    by 0x568F939: X509_STORE_set_default_paths_ex (in /usr/lib/x86_64-linux-gnu/libcrypto.so.3)
==268755==    by 0x48F8BDF: ??? (in /usr/lib/x86_64-linux-gnu/libmysqlclient.so.21.2.42)
==268755==    by 0x489A042: ??? (in /usr/lib/x86_64-linux-gnu/libmysqlclient.so.21.2.42)
==268755==    by 0x489AD71: ??? (in /usr/lib/x86_64-linux-gnu/libmysqlclient.so.21.2.42)
==268755==    by 0x48A3273: ??? (in /usr/lib/x86_64-linux-gnu/libmysqlclient.so.21.2.42)
==268755==    by 0x489EF82: mysql_real_connect (in /usr/lib/x86_64-linux-gnu/libmysqlclient.so.21.2.42)
==268755== 
==268755== 280 bytes in 5 blocks are possibly lost in loss record 1,674 of 2,004
==268755==    at 0x4848899: malloc (in /usr/libexec/valgrind/vgpreload_memcheck-amd64-linux.so)
==268755==    by 0x561679D: CRYPTO_zalloc (in /usr/lib/x86_64-linux-gnu/libcrypto.so.3)
==268755==    by 0x5621B23: CRYPTO_THREAD_lock_new (in /usr/lib/x86_64-linux-gnu/libcrypto.so.3)
==268755==    by 0x56041C1: EVP_PKEY_new (in /usr/lib/x86_64-linux-gnu/libcrypto.so.3)
==268755==    by 0x5608154: EVP_PKEY_generate (in /usr/lib/x86_64-linux-gnu/libcrypto.so.3)
==268755==    by 0x48F8574: ??? (in /usr/lib/x86_64-linux-gnu/libmysqlclient.so.21.2.42)
==268755==    by 0x489A042: ??? (in /usr/lib/x86_64-linux-gnu/libmysqlclient.so.21.2.42)
==268755==    by 0x489AD71: ??? (in /usr/lib/x86_64-linux-gnu/libmysqlclient.so.21.2.42)
==268755==    by 0x48A3273: ??? (in /usr/lib/x86_64-linux-gnu/libmysqlclient.so.21.2.42)
==268755==    by 0x489EF82: mysql_real_connect (in /usr/lib/x86_64-linux-gnu/libmysqlclient.so.21.2.42)
==268755==    by 0x1EC2E1: cpp_dbc::MySQL::MySQLConnection::MySQLConnection(std::__cxx11::basic_string<char, std::char_traits<char>, std::allocator<char> > const&, int, std::__cxx11::basic_string<char, std::char_traits<char>, std::allocator<char> > const&, std::__cxx11::basic_string<char, std::char_traits<char>, std::allocator<char> > const&, std::__cxx11::basic_string<char, std::char_traits<char>, std::allocator<char> > const&) (driver_mysql.cpp:624)
==268755==    by 0x1F6A72: decltype (::new ((void*)(0)) cpp_dbc::MySQL::MySQLConnection((declval<std::__cxx11::basic_string<char, std::char_traits<char>, std::allocator<char> >&>)(), (declval<int&>)(), (declval<std::__cxx11::basic_string<char, std::char_traits<char>, std::allocator<char> >&>)(), (declval<std::__cxx11::basic_string<char, std::char_traits<char>, std::allocator<char> > const&>)(), (declval<std::__cxx11::basic_string<char, std::char_traits<char>, std::allocator<char> > const&>)())) std::construct_at<cpp_dbc::MySQL::MySQLConnection, std::__cxx11::basic_string<char, std::char_traits<char>, std::allocator<char> >&, int&, std::__cxx11::basic_string<char, std::char_traits<char>, std::allocator<char> >&, std::__cxx11::basic_string<char, std::char_traits<char>, std::allocator<char> > const&, std::__cxx11::basic_string<char, std::char_traits<char>, std::allocator<char> > const&>(cpp_dbc::MySQL::MySQLConnection*, std::__cxx11::basic_string<char, std::char_traits<char>, std::allocator<char> >&, int&, std::__cxx11::basic_string<char, std::char_traits<char>, std::allocator<char> >&, std::__cxx11::basic_string<char, std::char_traits<char>, std::allocator<char> > const&, std::__cxx11::basic_string<char, std::char_traits<char>, std::allocator<char> > const&) (stl_construct.h:97)
==268755== 
==268755== 280 bytes in 5 blocks are possibly lost in loss record 1,675 of 2,004
==268755==    at 0x4848899: malloc (in /usr/libexec/valgrind/vgpreload_memcheck-amd64-linux.so)
==268755==    by 0x561679D: CRYPTO_zalloc (in /usr/lib/x86_64-linux-gnu/libcrypto.so.3)
==268755==    by 0x5621B23: CRYPTO_THREAD_lock_new (in /usr/lib/x86_64-linux-gnu/libcrypto.so.3)
==268755==    by 0x558D11A: ??? (in /usr/lib/x86_64-linux-gnu/libcrypto.so.3)
==268755==    by 0x56D48AE: ??? (in /usr/lib/x86_64-linux-gnu/libcrypto.so.3)
==268755==    by 0x5608028: EVP_PKEY_generate (in /usr/lib/x86_64-linux-gnu/libcrypto.so.3)
==268755==    by 0x48F8574: ??? (in /usr/lib/x86_64-linux-gnu/libmysqlclient.so.21.2.42)
==268755==    by 0x489A042: ??? (in /usr/lib/x86_64-linux-gnu/libmysqlclient.so.21.2.42)
==268755==    by 0x489AD71: ??? (in /usr/lib/x86_64-linux-gnu/libmysqlclient.so.21.2.42)
==268755==    by 0x48A3273: ??? (in /usr/lib/x86_64-linux-gnu/libmysqlclient.so.21.2.42)
==268755==    by 0x489EF82: mysql_real_connect (in /usr/lib/x86_64-linux-gnu/libmysqlclient.so.21.2.42)
==268755==    by 0x1EC2E1: cpp_dbc::MySQL::MySQLConnection::MySQLConnection(std::__cxx11::basic_string<char, std::char_traits<char>, std::allocator<char> > const&, int, std::__cxx11::basic_string<char, std::char_traits<char>, std::allocator<char> > const&, std::__cxx11::basic_string<char, std::char_traits<char>, std::allocator<char> > const&, std::__cxx11::basic_string<char, std::char_traits<char>, std::allocator<char> > const&) (driver_mysql.cpp:624)
==268755== 
==268755== 288 bytes in 4 blocks are still reachable in loss record 1,676 of 2,004
==268755==    at 0x4849013: operator new(unsigned long) (in /usr/libexec/valgrind/vgpreload_memcheck-amd64-linux.so)
==268755==    by 0x2E895B: YAML::detail::memory::create_node() (memory.cpp:17)
==268755==    by 0x1348BD: YAML::detail::memory_holder::create_node() (memory.h:38)
==268755==    by 0x3103BB: YAML::NodeBuilder::Push(YAML::Mark const&, unsigned long) (nodebuilder.cpp:81)
==268755==    by 0x3102D2: YAML::NodeBuilder::OnMapStart(YAML::Mark const&, std::__cxx11::basic_string<char, std::char_traits<char>, std::allocator<char> > const&, unsigned long, YAML::EmitterStyle::value) (nodebuilder.cpp:67)
==268755==    by 0x306B16: YAML::SingleDocParser::HandleNode(YAML::EventHandler&) (singledocparser.cpp:127)
==268755==    by 0x307975: YAML::SingleDocParser::HandleBlockMap(YAML::EventHandler&) (singledocparser.cpp:281)
==268755==    by 0x30762F: YAML::SingleDocParser::HandleMap(YAML::EventHandler&) (singledocparser.cpp:235)
==268755==    by 0x306B2F: YAML::SingleDocParser::HandleNode(YAML::EventHandler&) (singledocparser.cpp:128)
==268755==    by 0x307975: YAML::SingleDocParser::HandleBlockMap(YAML::EventHandler&) (singledocparser.cpp:281)
==268755==    by 0x30762F: YAML::SingleDocParser::HandleMap(YAML::EventHandler&) (singledocparser.cpp:235)
==268755==    by 0x306B2F: YAML::SingleDocParser::HandleNode(YAML::EventHandler&) (singledocparser.cpp:128)
==268755== 
==268755== 288 bytes in 6 blocks are still reachable in loss record 1,677 of 2,004
==268755==    at 0x4848899: malloc (in /usr/libexec/valgrind/vgpreload_memcheck-amd64-linux.so)
==268755==    by 0x56FD46D: ??? (in /usr/lib/x86_64-linux-gnu/libcrypto.so.3)
==268755==    by 0x56F4B8C: ??? (in /usr/lib/x86_64-linux-gnu/libcrypto.so.3)
==268755==    by 0x55F804E: EVP_KEYMGMT_fetch (in /usr/lib/x86_64-linux-gnu/libcrypto.so.3)
==268755==    by 0x56069C0: ??? (in /usr/lib/x86_64-linux-gnu/libcrypto.so.3)
==268755==    by 0x53F5452: SSL_CTX_new_ex (in /usr/lib/x86_64-linux-gnu/libssl.so.3)
==268755==    by 0x48F8280: ??? (in /usr/lib/x86_64-linux-gnu/libmysqlclient.so.21.2.42)
==268755==    by 0x489A042: ??? (in /usr/lib/x86_64-linux-gnu/libmysqlclient.so.21.2.42)
==268755==    by 0x489AD71: ??? (in /usr/lib/x86_64-linux-gnu/libmysqlclient.so.21.2.42)
==268755==    by 0x48A3273: ??? (in /usr/lib/x86_64-linux-gnu/libmysqlclient.so.21.2.42)
==268755==    by 0x489EF82: mysql_real_connect (in /usr/lib/x86_64-linux-gnu/libmysqlclient.so.21.2.42)
==268755==    by 0x1EC2E1: cpp_dbc::MySQL::MySQLConnection::MySQLConnection(std::__cxx11::basic_string<char, std::char_traits<char>, std::allocator<char> > const&, int, std::__cxx11::basic_string<char, std::char_traits<char>, std::allocator<char> > const&, std::__cxx11::basic_string<char, std::char_traits<char>, std::allocator<char> > const&, std::__cxx11::basic_string<char, std::char_traits<char>, std::allocator<char> > const&) (driver_mysql.cpp:624)
==268755== 
==268755== 288 bytes in 9 blocks are still reachable in loss record 1,678 of 2,004
==268755==    at 0x4848899: malloc (in /usr/libexec/valgrind/vgpreload_memcheck-amd64-linux.so)
==268755==    by 0x561679D: CRYPTO_zalloc (in /usr/lib/x86_64-linux-gnu/libcrypto.so.3)
==268755==    by 0x5665352: OPENSSL_sk_new_reserve (in /usr/lib/x86_64-linux-gnu/libcrypto.so.3)
==268755==    by 0x5647EF2: ??? (in /usr/lib/x86_64-linux-gnu/libcrypto.so.3)
==268755==    by 0x55EBA69: ??? (in /usr/lib/x86_64-linux-gnu/libcrypto.so.3)
==268755==    by 0x560B85B: ??? (in /usr/lib/x86_64-linux-gnu/libcrypto.so.3)
==268755==    by 0x560B71B: ??? (in /usr/lib/x86_64-linux-gnu/libcrypto.so.3)
==268755==    by 0x562AD6A: ??? (in /usr/lib/x86_64-linux-gnu/libcrypto.so.3)
==268755==    by 0x56F44E7: ??? (in /usr/lib/x86_64-linux-gnu/libcrypto.so.3)
==268755==    by 0x56F4B3D: ??? (in /usr/lib/x86_64-linux-gnu/libcrypto.so.3)
==268755==    by 0x55F85A2: EVP_MAC_fetch (in /usr/lib/x86_64-linux-gnu/libcrypto.so.3)
==268755==    by 0x55FF3E3: EVP_Q_mac (in /usr/lib/x86_64-linux-gnu/libcrypto.so.3)
==268755== 
==268755== 288 bytes in 9 blocks are still reachable in loss record 1,679 of 2,004
==268755==    at 0x4848899: malloc (in /usr/libexec/valgrind/vgpreload_memcheck-amd64-linux.so)
==268755==    by 0x561679D: CRYPTO_zalloc (in /usr/lib/x86_64-linux-gnu/libcrypto.so.3)
==268755==    by 0x5663872: ??? (in /usr/lib/x86_64-linux-gnu/libcrypto.so.3)
==268755==    by 0x5663952: OPENSSL_sk_insert (in /usr/lib/x86_64-linux-gnu/libcrypto.so.3)
==268755==    by 0x5647EAA: ??? (in /usr/lib/x86_64-linux-gnu/libcrypto.so.3)
==268755==    by 0x55EBA69: ??? (in /usr/lib/x86_64-linux-gnu/libcrypto.so.3)
==268755==    by 0x560B85B: ??? (in /usr/lib/x86_64-linux-gnu/libcrypto.so.3)
==268755==    by 0x560B71B: ??? (in /usr/lib/x86_64-linux-gnu/libcrypto.so.3)
==268755==    by 0x562AD6A: ??? (in /usr/lib/x86_64-linux-gnu/libcrypto.so.3)
==268755==    by 0x56F44E7: ??? (in /usr/lib/x86_64-linux-gnu/libcrypto.so.3)
==268755==    by 0x56F4B3D: ??? (in /usr/lib/x86_64-linux-gnu/libcrypto.so.3)
==268755==    by 0x55F85A2: EVP_MAC_fetch (in /usr/lib/x86_64-linux-gnu/libcrypto.so.3)
==268755== 
==268755== 288 bytes in 12 blocks are still reachable in loss record 1,680 of 2,004
==268755==    at 0x4849013: operator new(unsigned long) (in /usr/libexec/valgrind/vgpreload_memcheck-amd64-linux.so)
==268755==    by 0x2E9AE5: std::__shared_count<(__gnu_cxx::_Lock_policy)2>::__shared_count<YAML::detail::node_ref*>(YAML::detail::node_ref*) (shared_ptr_base.h:596)
==268755==    by 0x2E93D4: std::__shared_count<(__gnu_cxx::_Lock_policy)2>::__shared_count<YAML::detail::node_ref*>(YAML::detail::node_ref*, std::integral_constant<bool, false>) (shared_ptr_base.h:607)
==268755==    by 0x2E8FE9: std::__shared_ptr<YAML::detail::node_ref, (__gnu_cxx::_Lock_policy)2>::__shared_ptr<YAML::detail::node_ref, void>(YAML::detail::node_ref*) (shared_ptr_base.h:1099)
==268755==    by 0x2E8D32: std::shared_ptr<YAML::detail::node_ref>::shared_ptr<YAML::detail::node_ref, void>(YAML::detail::node_ref*) (shared_ptr.h:160)
==268755==    by 0x2E8BF7: YAML::detail::node::node() (node.h:27)
==268755==    by 0x2E896A: YAML::detail::memory::create_node() (memory.cpp:17)
==268755==    by 0x1348BD: YAML::detail::memory_holder::create_node() (memory.h:38)
==268755==    by 0x3103BB: YAML::NodeBuilder::Push(YAML::Mark const&, unsigned long) (nodebuilder.cpp:81)
==268755==    by 0x3102D2: YAML::NodeBuilder::OnMapStart(YAML::Mark const&, std::__cxx11::basic_string<char, std::char_traits<char>, std::allocator<char> > const&, unsigned long, YAML::EmitterStyle::value) (nodebuilder.cpp:67)
==268755==    by 0x306B16: YAML::SingleDocParser::HandleNode(YAML::EventHandler&) (singledocparser.cpp:127)
==268755==    by 0x307975: YAML::SingleDocParser::HandleBlockMap(YAML::EventHandler&) (singledocparser.cpp:281)
==268755== 
==268755== 288 bytes in 12 blocks are still reachable in loss record 1,681 of 2,004
==268755==    at 0x4849013: operator new(unsigned long) (in /usr/libexec/valgrind/vgpreload_memcheck-amd64-linux.so)
==268755==    by 0x2E9BA7: std::__shared_count<(__gnu_cxx::_Lock_policy)2>::__shared_count<YAML::detail::node*>(YAML::detail::node*) (shared_ptr_base.h:596)
==268755==    by 0x2E9422: std::__shared_count<(__gnu_cxx::_Lock_policy)2>::__shared_count<YAML::detail::node*>(YAML::detail::node*, std::integral_constant<bool, false>) (shared_ptr_base.h:607)
==268755==    by 0x2E9075: std::__shared_ptr<YAML::detail::node, (__gnu_cxx::_Lock_policy)2>::__shared_ptr<YAML::detail::node, void>(YAML::detail::node*) (shared_ptr_base.h:1099)
==268755==    by 0x2E8E58: std::shared_ptr<YAML::detail::node>::shared_ptr<YAML::detail::node, void>(YAML::detail::node*) (shared_ptr.h:160)
==268755==    by 0x2E897A: YAML::detail::memory::create_node() (memory.cpp:17)
==268755==    by 0x1348BD: YAML::detail::memory_holder::create_node() (memory.h:38)
==268755==    by 0x3103BB: YAML::NodeBuilder::Push(YAML::Mark const&, unsigned long) (nodebuilder.cpp:81)
==268755==    by 0x3102D2: YAML::NodeBuilder::OnMapStart(YAML::Mark const&, std::__cxx11::basic_string<char, std::char_traits<char>, std::allocator<char> > const&, unsigned long, YAML::EmitterStyle::value) (nodebuilder.cpp:67)
==268755==    by 0x306B16: YAML::SingleDocParser::HandleNode(YAML::EventHandler&) (singledocparser.cpp:127)
==268755==    by 0x307975: YAML::SingleDocParser::HandleBlockMap(YAML::EventHandler&) (singledocparser.cpp:281)
==268755==    by 0x30762F: YAML::SingleDocParser::HandleMap(YAML::EventHandler&) (singledocparser.cpp:235)
==268755== 
==268755== 288 bytes in 12 blocks are still reachable in loss record 1,682 of 2,004
==268755==    at 0x4848899: malloc (in /usr/libexec/valgrind/vgpreload_memcheck-amd64-linux.so)
==268755==    by 0x560C185: OPENSSL_LH_insert (in /usr/lib/x86_64-linux-gnu/libcrypto.so.3)
==268755==    by 0x56FD4C8: ??? (in /usr/lib/x86_64-linux-gnu/libcrypto.so.3)
==268755==    by 0x56F4B8C: ??? (in /usr/lib/x86_64-linux-gnu/libcrypto.so.3)
==268755==    by 0x55EC302: EVP_CIPHER_fetch (in /usr/lib/x86_64-linux-gnu/libcrypto.so.3)
==268755==    by 0x53F137A: ??? (in /usr/lib/x86_64-linux-gnu/libssl.so.3)
==268755==    by 0x53F5161: SSL_CTX_new_ex (in /usr/lib/x86_64-linux-gnu/libssl.so.3)
==268755==    by 0x48F8280: ??? (in /usr/lib/x86_64-linux-gnu/libmysqlclient.so.21.2.42)
==268755==    by 0x489A042: ??? (in /usr/lib/x86_64-linux-gnu/libmysqlclient.so.21.2.42)
==268755==    by 0x489AD71: ??? (in /usr/lib/x86_64-linux-gnu/libmysqlclient.so.21.2.42)
==268755==    by 0x48A3273: ??? (in /usr/lib/x86_64-linux-gnu/libmysqlclient.so.21.2.42)
==268755==    by 0x489EF82: mysql_real_connect (in /usr/lib/x86_64-linux-gnu/libmysqlclient.so.21.2.42)
==268755== 
==268755== 288 bytes in 12 blocks are still reachable in loss record 1,683 of 2,004
==268755==    at 0x4848899: malloc (in /usr/libexec/valgrind/vgpreload_memcheck-amd64-linux.so)
==268755==    by 0x561679D: CRYPTO_zalloc (in /usr/lib/x86_64-linux-gnu/libcrypto.so.3)
==268755==    by 0x5647EE1: ??? (in /usr/lib/x86_64-linux-gnu/libcrypto.so.3)
==268755==    by 0x55EBA69: ??? (in /usr/lib/x86_64-linux-gnu/libcrypto.so.3)
==268755==    by 0x560B85B: ??? (in /usr/lib/x86_64-linux-gnu/libcrypto.so.3)
==268755==    by 0x560B71B: ??? (in /usr/lib/x86_64-linux-gnu/libcrypto.so.3)
==268755==    by 0x562AD6A: ??? (in /usr/lib/x86_64-linux-gnu/libcrypto.so.3)
==268755==    by 0x56F44E7: ??? (in /usr/lib/x86_64-linux-gnu/libcrypto.so.3)
==268755==    by 0x56F4B3D: ??? (in /usr/lib/x86_64-linux-gnu/libcrypto.so.3)
==268755==    by 0x55F7C32: EVP_KDF_fetch (in /usr/lib/x86_64-linux-gnu/libcrypto.so.3)
==268755==    by 0x54066BF: ??? (in /usr/lib/x86_64-linux-gnu/libssl.so.3)
==268755==    by 0x53E373E: ??? (in /usr/lib/x86_64-linux-gnu/libssl.so.3)
==268755== 
==268755== 288 bytes in 12 blocks are still reachable in loss record 1,684 of 2,004
==268755==    at 0x4848899: malloc (in /usr/libexec/valgrind/vgpreload_memcheck-amd64-linux.so)
==268755==    by 0x560C185: OPENSSL_LH_insert (in /usr/lib/x86_64-linux-gnu/libcrypto.so.3)
==268755==    by 0x5619542: ??? (in /usr/lib/x86_64-linux-gnu/libcrypto.so.3)
==268755==    by 0x56F41B3: ??? (in /usr/lib/x86_64-linux-gnu/libcrypto.so.3)
==268755==    by 0x55EBAFA: ??? (in /usr/lib/x86_64-linux-gnu/libcrypto.so.3)
==268755==    by 0x560B7F8: ??? (in /usr/lib/x86_64-linux-gnu/libcrypto.so.3)
==268755==    by 0x560B71B: ??? (in /usr/lib/x86_64-linux-gnu/libcrypto.so.3)
==268755==    by 0x562AD6A: ??? (in /usr/lib/x86_64-linux-gnu/libcrypto.so.3)
==268755==    by 0x56F44E7: ??? (in /usr/lib/x86_64-linux-gnu/libcrypto.so.3)
==268755==    by 0x56F4B3D: ??? (in /usr/lib/x86_64-linux-gnu/libcrypto.so.3)
==268755==    by 0x55F7C32: EVP_KDF_fetch (in /usr/lib/x86_64-linux-gnu/libcrypto.so.3)
==268755==    by 0x54066BF: ??? (in /usr/lib/x86_64-linux-gnu/libssl.so.3)
==268755== 
==268755== 288 bytes in 12 blocks are still reachable in loss record 1,685 of 2,004
==268755==    at 0x4848899: malloc (in /usr/libexec/valgrind/vgpreload_memcheck-amd64-linux.so)
==268755==    by 0x560C185: OPENSSL_LH_insert (in /usr/lib/x86_64-linux-gnu/libcrypto.so.3)
==268755==    by 0x5619542: ??? (in /usr/lib/x86_64-linux-gnu/libcrypto.so.3)
==268755==    by 0x56F41B3: ??? (in /usr/lib/x86_64-linux-gnu/libcrypto.so.3)
==268755==    by 0x55EBAFA: ??? (in /usr/lib/x86_64-linux-gnu/libcrypto.so.3)
==268755==    by 0x560B7F8: ??? (in /usr/lib/x86_64-linux-gnu/libcrypto.so.3)
==268755==    by 0x560B71B: ??? (in /usr/lib/x86_64-linux-gnu/libcrypto.so.3)
==268755==    by 0x562AD6A: ??? (in /usr/lib/x86_64-linux-gnu/libcrypto.so.3)
==268755==    by 0x56F44E7: ??? (in /usr/lib/x86_64-linux-gnu/libcrypto.so.3)
==268755==    by 0x56F4B3D: ??? (in /usr/lib/x86_64-linux-gnu/libcrypto.so.3)
==268755==    by 0x55F85A2: EVP_MAC_fetch (in /usr/lib/x86_64-linux-gnu/libcrypto.so.3)
==268755==    by 0x55FF3E3: EVP_Q_mac (in /usr/lib/x86_64-linux-gnu/libcrypto.so.3)
==268755== 
==268755== 288 bytes in 12 blocks are still reachable in loss record 1,686 of 2,004
==268755==    at 0x4848899: malloc (in /usr/libexec/valgrind/vgpreload_memcheck-amd64-linux.so)
==268755==    by 0x561679D: CRYPTO_zalloc (in /usr/lib/x86_64-linux-gnu/libcrypto.so.3)
==268755==    by 0x5647EE1: ??? (in /usr/lib/x86_64-linux-gnu/libcrypto.so.3)
==268755==    by 0x55C00FE: ??? (in /usr/lib/x86_64-linux-gnu/libcrypto.so.3)
==268755==    by 0x560B85B: ??? (in /usr/lib/x86_64-linux-gnu/libcrypto.so.3)
==268755==    by 0x560B71B: ??? (in /usr/lib/x86_64-linux-gnu/libcrypto.so.3)
==268755==    by 0x562AD6A: ??? (in /usr/lib/x86_64-linux-gnu/libcrypto.so.3)
==268755==    by 0x56F44E7: ??? (in /usr/lib/x86_64-linux-gnu/libcrypto.so.3)
==268755==    by 0x56F53E7: ??? (in /usr/lib/x86_64-linux-gnu/libcrypto.so.3)
==268755==    by 0x55C0470: OSSL_DECODER_do_all_provided (in /usr/lib/x86_64-linux-gnu/libcrypto.so.3)
==268755==    by 0x55CD84B: OSSL_DECODER_CTX_new_for_pkey (in /usr/lib/x86_64-linux-gnu/libcrypto.so.3)
==268755==    by 0x569FB23: ??? (in /usr/lib/x86_64-linux-gnu/libcrypto.so.3)
==268755== 
==268755== 288 bytes in 4 blocks are possibly lost in loss record 1,687 of 2,004
==268755==    at 0x484DA83: calloc (in /usr/libexec/valgrind/vgpreload_memcheck-amd64-linux.so)
==268755==    by 0x48F0482: ??? (in /usr/lib/x86_64-linux-gnu/libmysqlclient.so.21.2.42)
==268755==    by 0x48A24A9: ??? (in /usr/lib/x86_64-linux-gnu/libmysqlclient.so.21.2.42)
==268755==    by 0x48A3273: ??? (in /usr/lib/x86_64-linux-gnu/libmysqlclient.so.21.2.42)
==268755==    by 0x489EF82: mysql_real_connect (in /usr/lib/x86_64-linux-gnu/libmysqlclient.so.21.2.42)
==268755==    by 0x1EC2E1: cpp_dbc::MySQL::MySQLConnection::MySQLConnection(std::__cxx11::basic_string<char, std::char_traits<char>, std::allocator<char> > const&, int, std::__cxx11::basic_string<char, std::char_traits<char>, std::allocator<char> > const&, std::__cxx11::basic_string<char, std::char_traits<char>, std::allocator<char> > const&, std::__cxx11::basic_string<char, std::char_traits<char>, std::allocator<char> > const&) (driver_mysql.cpp:624)
==268755==    by 0x1F6A72: decltype (::new ((void*)(0)) cpp_dbc::MySQL::MySQLConnection((declval<std::__cxx11::basic_string<char, std::char_traits<char>, std::allocator<char> >&>)(), (declval<int&>)(), (declval<std::__cxx11::basic_string<char, std::char_traits<char>, std::allocator<char> >&>)(), (declval<std::__cxx11::basic_string<char, std::char_traits<char>, std::allocator<char> > const&>)(), (declval<std::__cxx11::basic_string<char, std::char_traits<char>, std::allocator<char> > const&>)())) std::construct_at<cpp_dbc::MySQL::MySQLConnection, std::__cxx11::basic_string<char, std::char_traits<char>, std::allocator<char> >&, int&, std::__cxx11::basic_string<char, std::char_traits<char>, std::allocator<char> >&, std::__cxx11::basic_string<char, std::char_traits<char>, std::allocator<char> > const&, std::__cxx11::basic_string<char, std::char_traits<char>, std::allocator<char> > const&>(cpp_dbc::MySQL::MySQLConnection*, std::__cxx11::basic_string<char, std::char_traits<char>, std::allocator<char> >&, int&, std::__cxx11::basic_string<char, std::char_traits<char>, std::allocator<char> >&, std::__cxx11::basic_string<char, std::char_traits<char>, std::allocator<char> > const&, std::__cxx11::basic_string<char, std::char_traits<char>, std::allocator<char> > const&) (stl_construct.h:97)
==268755==    by 0x1F6B2E: void std::allocator_traits<std::allocator<cpp_dbc::MySQL::MySQLConnection> >::construct<cpp_dbc::MySQL::MySQLConnection, std::__cxx11::basic_string<char, std::char_traits<char>, std::allocator<char> >&, int&, std::__cxx11::basic_string<char, std::char_traits<char>, std::allocator<char> >&, std::__cxx11::basic_string<char, std::char_traits<char>, std::allocator<char> > const&, std::__cxx11::basic_string<char, std::char_traits<char>, std::allocator<char> > const&>(std::allocator<cpp_dbc::MySQL::MySQLConnection>&, cpp_dbc::MySQL::MySQLConnection*, std::__cxx11::basic_string<char, std::char_traits<char>, std::allocator<char> >&, int&, std::__cxx11::basic_string<char, std::char_traits<char>, std::allocator<char> >&, std::__cxx11::basic_string<char, std::char_traits<char>, std::allocator<char> > const&, std::__cxx11::basic_string<char, std::char_traits<char>, std::allocator<char> > const&) (alloc_traits.h:518)
==268755==    by 0x1F602C: std::_Sp_counted_ptr_inplace<cpp_dbc::MySQL::MySQLConnection, std::allocator<cpp_dbc::MySQL::MySQLConnection>, (__gnu_cxx::_Lock_policy)2>::_Sp_counted_ptr_inplace<std::__cxx11::basic_string<char, std::char_traits<char>, std::allocator<char> >&, int&, std::__cxx11::basic_string<char, std::char_traits<char>, std::allocator<char> >&, std::__cxx11::basic_string<char, std::char_traits<char>, std::allocator<char> > const&, std::__cxx11::basic_string<char, std::char_traits<char>, std::allocator<char> > const&>(std::allocator<cpp_dbc::MySQL::MySQLConnection>, std::__cxx11::basic_string<char, std::char_traits<char>, std::allocator<char> >&, int&, std::__cxx11::basic_string<char, std::char_traits<char>, std::allocator<char> >&, std::__cxx11::basic_string<char, std::char_traits<char>, std::allocator<char> > const&, std::__cxx11::basic_string<char, std::char_traits<char>, std::allocator<char> > const&) (shared_ptr_base.h:519)
==268755==    by 0x1F4FF2: std::__shared_count<(__gnu_cxx::_Lock_policy)2>::__shared_count<cpp_dbc::MySQL::MySQLConnection, std::allocator<cpp_dbc::MySQL::MySQLConnection>, std::__cxx11::basic_string<char, std::char_traits<char>, std::allocator<char> >&, int&, std::__cxx11::basic_string<char, std::char_traits<char>, std::allocator<char> >&, std::__cxx11::basic_string<char, std::char_traits<char>, std::allocator<char> > const&, std::__cxx11::basic_string<char, std::char_traits<char>, std::allocator<char> > const&>(cpp_dbc::MySQL::MySQLConnection*&, std::_Sp_alloc_shared_tag<std::allocator<cpp_dbc::MySQL::MySQLConnection> >, std::__cxx11::basic_string<char, std::char_traits<char>, std::allocator<char> >&, int&, std::__cxx11::basic_string<char, std::char_traits<char>, std::allocator<char> >&, std::__cxx11::basic_string<char, std::char_traits<char>, std::allocator<char> > const&, std::__cxx11::basic_string<char, std::char_traits<char>, std::allocator<char> > const&) (shared_ptr_base.h:650)
==268755==    by 0x1F42B5: std::__shared_ptr<cpp_dbc::MySQL::MySQLConnection, (__gnu_cxx::_Lock_policy)2>::__shared_ptr<std::allocator<cpp_dbc::MySQL::MySQLConnection>, std::__cxx11::basic_string<char, std::char_traits<char>, std::allocator<char> >&, int&, std::__cxx11::basic_string<char, std::char_traits<char>, std::allocator<char> >&, std::__cxx11::basic_string<char, std::char_traits<char>, std::allocator<char> > const&, std::__cxx11::basic_string<char, std::char_traits<char>, std::allocator<char> > const&>(std::_Sp_alloc_shared_tag<std::allocator<cpp_dbc::MySQL::MySQLConnection> >, std::__cxx11::basic_string<char, std::char_traits<char>, std::allocator<char> >&, int&, std::__cxx11::basic_string<char, std::char_traits<char>, std::allocator<char> >&, std::__cxx11::basic_string<char, std::char_traits<char>, std::allocator<char> > const&, std::__cxx11::basic_string<char, std::char_traits<char>, std::allocator<char> > const&) (shared_ptr_base.h:1342)
==268755==    by 0x1F3358: std::shared_ptr<cpp_dbc::MySQL::MySQLConnection>::shared_ptr<std::allocator<cpp_dbc::MySQL::MySQLConnection>, std::__cxx11::basic_string<char, std::char_traits<char>, std::allocator<char> >&, int&, std::__cxx11::basic_string<char, std::char_traits<char>, std::allocator<char> >&, std::__cxx11::basic_string<char, std::char_traits<char>, std::allocator<char> > const&, std::__cxx11::basic_string<char, std::char_traits<char>, std::allocator<char> > const&>(std::_Sp_alloc_shared_tag<std::allocator<cpp_dbc::MySQL::MySQLConnection> >, std::__cxx11::basic_string<char, std::char_traits<char>, std::allocator<char> >&, int&, std::__cxx11::basic_string<char, std::char_traits<char>, std::allocator<char> >&, std::__cxx11::basic_string<char, std::char_traits<char>, std::allocator<char> > const&, std::__cxx11::basic_string<char, std::char_traits<char>, std::allocator<char> > const&) (shared_ptr.h:409)
==268755== 
==268755== 288 bytes in 4 blocks are possibly lost in loss record 1,688 of 2,004
==268755==    at 0x4848899: malloc (in /usr/libexec/valgrind/vgpreload_memcheck-amd64-linux.so)
==268755==    by 0x561679D: CRYPTO_zalloc (in /usr/lib/x86_64-linux-gnu/libcrypto.so.3)
==268755==    by 0x53E3566: ??? (in /usr/lib/x86_64-linux-gnu/libssl.so.3)
==268755==    by 0x5408AC4: ??? (in /usr/lib/x86_64-linux-gnu/libssl.so.3)
==268755==    by 0x541C299: ??? (in /usr/lib/x86_64-linux-gnu/libssl.so.3)
==268755==    by 0x541EA94: ??? (in /usr/lib/x86_64-linux-gnu/libssl.so.3)
==268755==    by 0x5420697: ??? (in /usr/lib/x86_64-linux-gnu/libssl.so.3)
==268755==    by 0x48F8F69: ??? (in /usr/lib/x86_64-linux-gnu/libmysqlclient.so.21.2.42)
==268755==    by 0x489A12C: ??? (in /usr/lib/x86_64-linux-gnu/libmysqlclient.so.21.2.42)
==268755==    by 0x489AD71: ??? (in /usr/lib/x86_64-linux-gnu/libmysqlclient.so.21.2.42)
==268755==    by 0x48A3273: ??? (in /usr/lib/x86_64-linux-gnu/libmysqlclient.so.21.2.42)
==268755==    by 0x489EF82: mysql_real_connect (in /usr/lib/x86_64-linux-gnu/libmysqlclient.so.21.2.42)
==268755== 
==268755== 288 bytes in 4 blocks are possibly lost in loss record 1,689 of 2,004
==268755==    at 0x4848899: malloc (in /usr/libexec/valgrind/vgpreload_memcheck-amd64-linux.so)
==268755==    by 0x561679D: CRYPTO_zalloc (in /usr/lib/x86_64-linux-gnu/libcrypto.so.3)
==268755==    by 0x5428288: ??? (in /usr/lib/x86_64-linux-gnu/libssl.so.3)
==268755==    by 0x541AE05: ??? (in /usr/lib/x86_64-linux-gnu/libssl.so.3)
==268755==    by 0x542056A: ??? (in /usr/lib/x86_64-linux-gnu/libssl.so.3)
==268755==    by 0x48F8F69: ??? (in /usr/lib/x86_64-linux-gnu/libmysqlclient.so.21.2.42)
==268755==    by 0x489A12C: ??? (in /usr/lib/x86_64-linux-gnu/libmysqlclient.so.21.2.42)
==268755==    by 0x489AD71: ??? (in /usr/lib/x86_64-linux-gnu/libmysqlclient.so.21.2.42)
==268755==    by 0x48A3273: ??? (in /usr/lib/x86_64-linux-gnu/libmysqlclient.so.21.2.42)
==268755==    by 0x489EF82: mysql_real_connect (in /usr/lib/x86_64-linux-gnu/libmysqlclient.so.21.2.42)
==268755==    by 0x1EC2E1: cpp_dbc::MySQL::MySQLConnection::MySQLConnection(std::__cxx11::basic_string<char, std::char_traits<char>, std::allocator<char> > const&, int, std::__cxx11::basic_string<char, std::char_traits<char>, std::allocator<char> > const&, std::__cxx11::basic_string<char, std::char_traits<char>, std::allocator<char> > const&, std::__cxx11::basic_string<char, std::char_traits<char>, std::allocator<char> > const&) (driver_mysql.cpp:624)
==268755==    by 0x1F6A72: decltype (::new ((void*)(0)) cpp_dbc::MySQL::MySQLConnection((declval<std::__cxx11::basic_string<char, std::char_traits<char>, std::allocator<char> >&>)(), (declval<int&>)(), (declval<std::__cxx11::basic_string<char, std::char_traits<char>, std::allocator<char> >&>)(), (declval<std::__cxx11::basic_string<char, std::char_traits<char>, std::allocator<char> > const&>)(), (declval<std::__cxx11::basic_string<char, std::char_traits<char>, std::allocator<char> > const&>)())) std::construct_at<cpp_dbc::MySQL::MySQLConnection, std::__cxx11::basic_string<char, std::char_traits<char>, std::allocator<char> >&, int&, std::__cxx11::basic_string<char, std::char_traits<char>, std::allocator<char> >&, std::__cxx11::basic_string<char, std::char_traits<char>, std::allocator<char> > const&, std::__cxx11::basic_string<char, std::char_traits<char>, std::allocator<char> > const&>(cpp_dbc::MySQL::MySQLConnection*, std::__cxx11::basic_string<char, std::char_traits<char>, std::allocator<char> >&, int&, std::__cxx11::basic_string<char, std::char_traits<char>, std::allocator<char> >&, std::__cxx11::basic_string<char, std::char_traits<char>, std::allocator<char> > const&, std::__cxx11::basic_string<char, std::char_traits<char>, std::allocator<char> > const&) (stl_construct.h:97)
==268755== 
==268755== 296 bytes in 1 blocks are still reachable in loss record 1,690 of 2,004
==268755==    at 0x4848899: malloc (in /usr/libexec/valgrind/vgpreload_memcheck-amd64-linux.so)
==268755==    by 0x561679D: CRYPTO_zalloc (in /usr/lib/x86_64-linux-gnu/libcrypto.so.3)
==268755==    by 0x56EBBA0: ??? (in /usr/lib/x86_64-linux-gnu/libcrypto.so.3)
==268755==    by 0x56D9551: ??? (in /usr/lib/x86_64-linux-gnu/libcrypto.so.3)
==268755==    by 0x55FAA47: EVP_RAND_CTX_new (in /usr/lib/x86_64-linux-gnu/libcrypto.so.3)
==268755==    by 0x56494B0: ??? (in /usr/lib/x86_64-linux-gnu/libcrypto.so.3)
==268755==    by 0x56497FB: RAND_get0_primary (in /usr/lib/x86_64-linux-gnu/libcrypto.so.3)
==268755==    by 0x5649DF7: RAND_get0_public (in /usr/lib/x86_64-linux-gnu/libcrypto.so.3)
==268755==    by 0x5649EE7: RAND_bytes_ex (in /usr/lib/x86_64-linux-gnu/libcrypto.so.3)
==268755==    by 0x53F5779: SSL_CTX_new_ex (in /usr/lib/x86_64-linux-gnu/libssl.so.3)
==268755==    by 0x48F8280: ??? (in /usr/lib/x86_64-linux-gnu/libmysqlclient.so.21.2.42)
==268755==    by 0x489A042: ??? (in /usr/lib/x86_64-linux-gnu/libmysqlclient.so.21.2.42)
==268755== 
==268755== 306 bytes in 13 blocks are still reachable in loss record 1,691 of 2,004
==268755==    at 0x4848899: malloc (in /usr/libexec/valgrind/vgpreload_memcheck-amd64-linux.so)
==268755==    by 0x5646C42: ??? (in /usr/lib/x86_64-linux-gnu/libcrypto.so.3)
==268755==    by 0x5647111: ??? (in /usr/lib/x86_64-linux-gnu/libcrypto.so.3)
==268755==    by 0x564788A: ??? (in /usr/lib/x86_64-linux-gnu/libcrypto.so.3)
==268755==    by 0x55C6B3A: ??? (in /usr/lib/x86_64-linux-gnu/libcrypto.so.3)
==268755==    by 0x55C6E4B: ??? (in /usr/lib/x86_64-linux-gnu/libcrypto.so.3)
==268755==    by 0x560B7F8: ??? (in /usr/lib/x86_64-linux-gnu/libcrypto.so.3)
==268755==    by 0x560B71B: ??? (in /usr/lib/x86_64-linux-gnu/libcrypto.so.3)
==268755==    by 0x562AD6A: ??? (in /usr/lib/x86_64-linux-gnu/libcrypto.so.3)
==268755==    by 0x56F44E7: ??? (in /usr/lib/x86_64-linux-gnu/libcrypto.so.3)
==268755==    by 0x56F53E7: ??? (in /usr/lib/x86_64-linux-gnu/libcrypto.so.3)
==268755==    by 0x55C0470: OSSL_DECODER_do_all_provided (in /usr/lib/x86_64-linux-gnu/libcrypto.so.3)
==268755== 
==268755== 312 bytes in 13 blocks are still reachable in loss record 1,692 of 2,004
==268755==    at 0x4848899: malloc (in /usr/libexec/valgrind/vgpreload_memcheck-amd64-linux.so)
==268755==    by 0x560C185: OPENSSL_LH_insert (in /usr/lib/x86_64-linux-gnu/libcrypto.so.3)
==268755==    by 0x56FD672: ??? (in /usr/lib/x86_64-linux-gnu/libcrypto.so.3)
==268755==    by 0x55CA89F: ERR_load_strings_const (in /usr/lib/x86_64-linux-gnu/libcrypto.so.3)
==268755==    by 0x561D38E: ??? (in /usr/lib/x86_64-linux-gnu/libcrypto.so.3)
==268755==    by 0x522BEE7: __pthread_once_slow (pthread_once.c:116)
==268755==    by 0x5621C9C: CRYPTO_THREAD_run_once (in /usr/lib/x86_64-linux-gnu/libcrypto.so.3)
==268755==    by 0x561E992: OPENSSL_init_crypto (in /usr/lib/x86_64-linux-gnu/libcrypto.so.3)
==268755==    by 0x55CC336: ??? (in /usr/lib/x86_64-linux-gnu/libcrypto.so.3)
==268755==    by 0x55CCCFC: ERR_set_mark (in /usr/lib/x86_64-linux-gnu/libcrypto.so.3)
==268755==    by 0x55790E1: CONF_modules_load_file_ex (in /usr/lib/x86_64-linux-gnu/libcrypto.so.3)
==268755==    by 0x561E19F: ??? (in /usr/lib/x86_64-linux-gnu/libcrypto.so.3)
==268755== 
==268755== 312 bytes in 13 blocks are still reachable in loss record 1,693 of 2,004
==268755==    at 0x4848899: malloc (in /usr/libexec/valgrind/vgpreload_memcheck-amd64-linux.so)
==268755==    by 0x560C185: OPENSSL_LH_insert (in /usr/lib/x86_64-linux-gnu/libcrypto.so.3)
==268755==    by 0x5646C8A: ??? (in /usr/lib/x86_64-linux-gnu/libcrypto.so.3)
==268755==    by 0x5647111: ??? (in /usr/lib/x86_64-linux-gnu/libcrypto.so.3)
==268755==    by 0x564788A: ??? (in /usr/lib/x86_64-linux-gnu/libcrypto.so.3)
==268755==    by 0x55C6B3A: ??? (in /usr/lib/x86_64-linux-gnu/libcrypto.so.3)
==268755==    by 0x55C6E4B: ??? (in /usr/lib/x86_64-linux-gnu/libcrypto.so.3)
==268755==    by 0x560B7F8: ??? (in /usr/lib/x86_64-linux-gnu/libcrypto.so.3)
==268755==    by 0x560B71B: ??? (in /usr/lib/x86_64-linux-gnu/libcrypto.so.3)
==268755==    by 0x562AD6A: ??? (in /usr/lib/x86_64-linux-gnu/libcrypto.so.3)
==268755==    by 0x56F44E7: ??? (in /usr/lib/x86_64-linux-gnu/libcrypto.so.3)
==268755==    by 0x56F53E7: ??? (in /usr/lib/x86_64-linux-gnu/libcrypto.so.3)
==268755== 
==268755== 320 bytes in 5 blocks are still reachable in loss record 1,694 of 2,004
==268755==    at 0x4848899: malloc (in /usr/libexec/valgrind/vgpreload_memcheck-amd64-linux.so)
==268755==    by 0x52E7B57: __nss_action_allocate (nss_action.c:90)
==268755==    by 0x52E8084: __nss_action_parse (nss_action_parse.c:177)
==268755==    by 0x52E85D8: process_line (nss_database.c:232)
==268755==    by 0x52E85D8: nss_database_reload_1 (nss_database.c:294)
==268755==    by 0x52E85D8: nss_database_reload (nss_database.c:332)
==268755==    by 0x52E85D8: nss_database_check_reload_and_get (nss_database.c:448)
==268755==    by 0x52E658B: __nss_services_lookup2 (XXX-lookup.c:52)
==268755==    by 0x52CBC3A: getservbyname_r@@GLIBC_2.2.5 (getXXbyYY_r.c:264)
==268755==    by 0x52CBAE6: getservbyname (getXXbyYY.c:135)
==268755==    by 0x488FB6C: mysql_server_init (in /usr/lib/x86_64-linux-gnu/libmysqlclient.so.21.2.42)
==268755==    by 0x1ED98C: cpp_dbc::MySQL::MySQLDriver::MySQLDriver() (driver_mysql.cpp:797)
==268755==    by 0x163CB6: decltype (::new ((void*)(0)) cpp_dbc::MySQL::MySQLDriver()) std::construct_at<cpp_dbc::MySQL::MySQLDriver>(cpp_dbc::MySQL::MySQLDriver*) (stl_construct.h:97)
==268755==    by 0x163D03: void std::allocator_traits<std::allocator<cpp_dbc::MySQL::MySQLDriver> >::construct<cpp_dbc::MySQL::MySQLDriver>(std::allocator<cpp_dbc::MySQL::MySQLDriver>&, cpp_dbc::MySQL::MySQLDriver*) (alloc_traits.h:518)
==268755==    by 0x163861: std::_Sp_counted_ptr_inplace<cpp_dbc::MySQL::MySQLDriver, std::allocator<cpp_dbc::MySQL::MySQLDriver>, (__gnu_cxx::_Lock_policy)2>::_Sp_counted_ptr_inplace<>(std::allocator<cpp_dbc::MySQL::MySQLDriver>) (shared_ptr_base.h:519)
==268755== 
==268755== 320 bytes in 10 blocks are still reachable in loss record 1,695 of 2,004
==268755==    at 0x4848899: malloc (in /usr/libexec/valgrind/vgpreload_memcheck-amd64-linux.so)
==268755==    by 0x561679D: CRYPTO_zalloc (in /usr/lib/x86_64-linux-gnu/libcrypto.so.3)
==268755==    by 0x5665352: OPENSSL_sk_new_reserve (in /usr/lib/x86_64-linux-gnu/libcrypto.so.3)
==268755==    by 0x5647EF2: ??? (in /usr/lib/x86_64-linux-gnu/libcrypto.so.3)
==268755==    by 0x55EBA69: ??? (in /usr/lib/x86_64-linux-gnu/libcrypto.so.3)
==268755==    by 0x560B85B: ??? (in /usr/lib/x86_64-linux-gnu/libcrypto.so.3)
==268755==    by 0x560B71B: ??? (in /usr/lib/x86_64-linux-gnu/libcrypto.so.3)
==268755==    by 0x562AD6A: ??? (in /usr/lib/x86_64-linux-gnu/libcrypto.so.3)
==268755==    by 0x56F44E7: ??? (in /usr/lib/x86_64-linux-gnu/libcrypto.so.3)
==268755==    by 0x56F4B3D: ??? (in /usr/lib/x86_64-linux-gnu/libcrypto.so.3)
==268755==    by 0x560BAEE: EVP_SIGNATURE_fetch (in /usr/lib/x86_64-linux-gnu/libcrypto.so.3)
==268755==    by 0x53F522E: SSL_CTX_new_ex (in /usr/lib/x86_64-linux-gnu/libssl.so.3)
==268755== 
==268755== 320 bytes in 10 blocks are still reachable in loss record 1,696 of 2,004
==268755==    at 0x4848899: malloc (in /usr/libexec/valgrind/vgpreload_memcheck-amd64-linux.so)
==268755==    by 0x561679D: CRYPTO_zalloc (in /usr/lib/x86_64-linux-gnu/libcrypto.so.3)
==268755==    by 0x5663872: ??? (in /usr/lib/x86_64-linux-gnu/libcrypto.so.3)
==268755==    by 0x5663952: OPENSSL_sk_insert (in /usr/lib/x86_64-linux-gnu/libcrypto.so.3)
==268755==    by 0x5647EAA: ??? (in /usr/lib/x86_64-linux-gnu/libcrypto.so.3)
==268755==    by 0x55EBA69: ??? (in /usr/lib/x86_64-linux-gnu/libcrypto.so.3)
==268755==    by 0x560B85B: ??? (in /usr/lib/x86_64-linux-gnu/libcrypto.so.3)
==268755==    by 0x560B71B: ??? (in /usr/lib/x86_64-linux-gnu/libcrypto.so.3)
==268755==    by 0x562AD6A: ??? (in /usr/lib/x86_64-linux-gnu/libcrypto.so.3)
==268755==    by 0x56F44E7: ??? (in /usr/lib/x86_64-linux-gnu/libcrypto.so.3)
==268755==    by 0x56F4B3D: ??? (in /usr/lib/x86_64-linux-gnu/libcrypto.so.3)
==268755==    by 0x560BAEE: EVP_SIGNATURE_fetch (in /usr/lib/x86_64-linux-gnu/libcrypto.so.3)
==268755== 
==268755== 320 bytes in 10 blocks are still reachable in loss record 1,697 of 2,004
==268755==    at 0x4848899: malloc (in /usr/libexec/valgrind/vgpreload_memcheck-amd64-linux.so)
==268755==    by 0x561679D: CRYPTO_zalloc (in /usr/lib/x86_64-linux-gnu/libcrypto.so.3)
==268755==    by 0x5663872: ??? (in /usr/lib/x86_64-linux-gnu/libcrypto.so.3)
==268755==    by 0x5663952: OPENSSL_sk_insert (in /usr/lib/x86_64-linux-gnu/libcrypto.so.3)
==268755==    by 0x5647EAA: ??? (in /usr/lib/x86_64-linux-gnu/libcrypto.so.3)
==268755==    by 0x55C00FE: ??? (in /usr/lib/x86_64-linux-gnu/libcrypto.so.3)
==268755==    by 0x560B85B: ??? (in /usr/lib/x86_64-linux-gnu/libcrypto.so.3)
==268755==    by 0x560B71B: ??? (in /usr/lib/x86_64-linux-gnu/libcrypto.so.3)
==268755==    by 0x562AD6A: ??? (in /usr/lib/x86_64-linux-gnu/libcrypto.so.3)
==268755==    by 0x56F44E7: ??? (in /usr/lib/x86_64-linux-gnu/libcrypto.so.3)
==268755==    by 0x56F53E7: ??? (in /usr/lib/x86_64-linux-gnu/libcrypto.so.3)
==268755==    by 0x55C0470: OSSL_DECODER_do_all_provided (in /usr/lib/x86_64-linux-gnu/libcrypto.so.3)
==268755== 
==268755== 320 bytes in 20 blocks are still reachable in loss record 1,698 of 2,004
==268755==    at 0x4848899: malloc (in /usr/libexec/valgrind/vgpreload_memcheck-amd64-linux.so)
==268755==    by 0x561679D: CRYPTO_zalloc (in /usr/lib/x86_64-linux-gnu/libcrypto.so.3)
==268755==    by 0x5619506: ??? (in /usr/lib/x86_64-linux-gnu/libcrypto.so.3)
==268755==    by 0x5615FC0: ??? (in /usr/lib/x86_64-linux-gnu/libcrypto.so.3)
==268755==    by 0x560C486: OPENSSL_LH_doall_arg (in /usr/lib/x86_64-linux-gnu/libcrypto.so.3)
==268755==    by 0x562D2EA: OBJ_NAME_do_all (in /usr/lib/x86_64-linux-gnu/libcrypto.so.3)
==268755==    by 0x5615B3D: ??? (in /usr/lib/x86_64-linux-gnu/libcrypto.so.3)
==268755==    by 0x56F4A6B: ??? (in /usr/lib/x86_64-linux-gnu/libcrypto.so.3)
==268755==    by 0x55EC302: EVP_CIPHER_fetch (in /usr/lib/x86_64-linux-gnu/libcrypto.so.3)
==268755==    by 0x53F137A: ??? (in /usr/lib/x86_64-linux-gnu/libssl.so.3)
==268755==    by 0x53F5161: SSL_CTX_new_ex (in /usr/lib/x86_64-linux-gnu/libssl.so.3)
==268755==    by 0x48F8280: ??? (in /usr/lib/x86_64-linux-gnu/libmysqlclient.so.21.2.42)
==268755== 
==268755== 320 bytes in 4 blocks are possibly lost in loss record 1,699 of 2,004
==268755==    at 0x4848899: malloc (in /usr/libexec/valgrind/vgpreload_memcheck-amd64-linux.so)
==268755==    by 0x48F04CF: ??? (in /usr/lib/x86_64-linux-gnu/libmysqlclient.so.21.2.42)
==268755==    by 0x49022B6: ??? (in /usr/lib/x86_64-linux-gnu/libmysqlclient.so.21.2.42)
==268755==    by 0x489419F: ??? (in /usr/lib/x86_64-linux-gnu/libmysqlclient.so.21.2.42)
==268755==    by 0x48A7A0A: ??? (in /usr/lib/x86_64-linux-gnu/libmysqlclient.so.21.2.42)
==268755==    by 0x48A541D: mysql_real_query (in /usr/lib/x86_64-linux-gnu/libmysqlclient.so.21.2.42)
==268755==    by 0x1ED169: cpp_dbc::MySQL::MySQLConnection::setAutoCommit(bool) (driver_mysql.cpp:742)
==268755==    by 0x1EC4D8: cpp_dbc::MySQL::MySQLConnection::MySQLConnection(std::__cxx11::basic_string<char, std::char_traits<char>, std::allocator<char> > const&, int, std::__cxx11::basic_string<char, std::char_traits<char>, std::allocator<char> > const&, std::__cxx11::basic_string<char, std::char_traits<char>, std::allocator<char> > const&, std::__cxx11::basic_string<char, std::char_traits<char>, std::allocator<char> > const&) (driver_mysql.cpp:646)
==268755==    by 0x1F6A72: decltype (::new ((void*)(0)) cpp_dbc::MySQL::MySQLConnection((declval<std::__cxx11::basic_string<char, std::char_traits<char>, std::allocator<char> >&>)(), (declval<int&>)(), (declval<std::__cxx11::basic_string<char, std::char_traits<char>, std::allocator<char> >&>)(), (declval<std::__cxx11::basic_string<char, std::char_traits<char>, std::allocator<char> > const&>)(), (declval<std::__cxx11::basic_string<char, std::char_traits<char>, std::allocator<char> > const&>)())) std::construct_at<cpp_dbc::MySQL::MySQLConnection, std::__cxx11::basic_string<char, std::char_traits<char>, std::allocator<char> >&, int&, std::__cxx11::basic_string<char, std::char_traits<char>, std::allocator<char> >&, std::__cxx11::basic_string<char, std::char_traits<char>, std::allocator<char> > const&, std::__cxx11::basic_string<char, std::char_traits<char>, std::allocator<char> > const&>(cpp_dbc::MySQL::MySQLConnection*, std::__cxx11::basic_string<char, std::char_traits<char>, std::allocator<char> >&, int&, std::__cxx11::basic_string<char, std::char_traits<char>, std::allocator<char> >&, std::__cxx11::basic_string<char, std::char_traits<char>, std::allocator<char> > const&, std::__cxx11::basic_string<char, std::char_traits<char>, std::allocator<char> > const&) (stl_construct.h:97)
==268755==    by 0x1F6B2E: void std::allocator_traits<std::allocator<cpp_dbc::MySQL::MySQLConnection> >::construct<cpp_dbc::MySQL::MySQLConnection, std::__cxx11::basic_string<char, std::char_traits<char>, std::allocator<char> >&, int&, std::__cxx11::basic_string<char, std::char_traits<char>, std::allocator<char> >&, std::__cxx11::basic_string<char, std::char_traits<char>, std::allocator<char> > const&, std::__cxx11::basic_string<char, std::char_traits<char>, std::allocator<char> > const&>(std::allocator<cpp_dbc::MySQL::MySQLConnection>&, cpp_dbc::MySQL::MySQLConnection*, std::__cxx11::basic_string<char, std::char_traits<char>, std::allocator<char> >&, int&, std::__cxx11::basic_string<char, std::char_traits<char>, std::allocator<char> >&, std::__cxx11::basic_string<char, std::char_traits<char>, std::allocator<char> > const&, std::__cxx11::basic_string<char, std::char_traits<char>, std::allocator<char> > const&) (alloc_traits.h:518)
==268755==    by 0x1F602C: std::_Sp_counted_ptr_inplace<cpp_dbc::MySQL::MySQLConnection, std::allocator<cpp_dbc::MySQL::MySQLConnection>, (__gnu_cxx::_Lock_policy)2>::_Sp_counted_ptr_inplace<std::__cxx11::basic_string<char, std::char_traits<char>, std::allocator<char> >&, int&, std::__cxx11::basic_string<char, std::char_traits<char>, std::allocator<char> >&, std::__cxx11::basic_string<char, std::char_traits<char>, std::allocator<char> > const&, std::__cxx11::basic_string<char, std::char_traits<char>, std::allocator<char> > const&>(std::allocator<cpp_dbc::MySQL::MySQLConnection>, std::__cxx11::basic_string<char, std::char_traits<char>, std::allocator<char> >&, int&, std::__cxx11::basic_string<char, std::char_traits<char>, std::allocator<char> >&, std::__cxx11::basic_string<char, std::char_traits<char>, std::allocator<char> > const&, std::__cxx11::basic_string<char, std::char_traits<char>, std::allocator<char> > const&) (shared_ptr_base.h:519)
==268755==    by 0x1F4FF2: std::__shared_count<(__gnu_cxx::_Lock_policy)2>::__shared_count<cpp_dbc::MySQL::MySQLConnection, std::allocator<cpp_dbc::MySQL::MySQLConnection>, std::__cxx11::basic_string<char, std::char_traits<char>, std::allocator<char> >&, int&, std::__cxx11::basic_string<char, std::char_traits<char>, std::allocator<char> >&, std::__cxx11::basic_string<char, std::char_traits<char>, std::allocator<char> > const&, std::__cxx11::basic_string<char, std::char_traits<char>, std::allocator<char> > const&>(cpp_dbc::MySQL::MySQLConnection*&, std::_Sp_alloc_shared_tag<std::allocator<cpp_dbc::MySQL::MySQLConnection> >, std::__cxx11::basic_string<char, std::char_traits<char>, std::allocator<char> >&, int&, std::__cxx11::basic_string<char, std::char_traits<char>, std::allocator<char> >&, std::__cxx11::basic_string<char, std::char_traits<char>, std::allocator<char> > const&, std::__cxx11::basic_string<char, std::char_traits<char>, std::allocator<char> > const&) (shared_ptr_base.h:650)
==268755== 
==268755== 320 bytes in 5 blocks are possibly lost in loss record 1,700 of 2,004
==268755==    at 0x4849899: operator new(unsigned long, std::nothrow_t const&) (in /usr/libexec/valgrind/vgpreload_memcheck-amd64-linux.so)
==268755==    by 0x48A73F8: mysql_options4 (in /usr/lib/x86_64-linux-gnu/libmysqlclient.so.21.2.42)
==268755==    by 0x48A027E: ??? (in /usr/lib/x86_64-linux-gnu/libmysqlclient.so.21.2.42)
==268755==    by 0x48A3273: ??? (in /usr/lib/x86_64-linux-gnu/libmysqlclient.so.21.2.42)
==268755==    by 0x489EF82: mysql_real_connect (in /usr/lib/x86_64-linux-gnu/libmysqlclient.so.21.2.42)
==268755==    by 0x1EC2E1: cpp_dbc::MySQL::MySQLConnection::MySQLConnection(std::__cxx11::basic_string<char, std::char_traits<char>, std::allocator<char> > const&, int, std::__cxx11::basic_string<char, std::char_traits<char>, std::allocator<char> > const&, std::__cxx11::basic_string<char, std::char_traits<char>, std::allocator<char> > const&, std::__cxx11::basic_string<char, std::char_traits<char>, std::allocator<char> > const&) (driver_mysql.cpp:624)
==268755==    by 0x1F6A72: decltype (::new ((void*)(0)) cpp_dbc::MySQL::MySQLConnection((declval<std::__cxx11::basic_string<char, std::char_traits<char>, std::allocator<char> >&>)(), (declval<int&>)(), (declval<std::__cxx11::basic_string<char, std::char_traits<char>, std::allocator<char> >&>)(), (declval<std::__cxx11::basic_string<char, std::char_traits<char>, std::allocator<char> > const&>)(), (declval<std::__cxx11::basic_string<char, std::char_traits<char>, std::allocator<char> > const&>)())) std::construct_at<cpp_dbc::MySQL::MySQLConnection, std::__cxx11::basic_string<char, std::char_traits<char>, std::allocator<char> >&, int&, std::__cxx11::basic_string<char, std::char_traits<char>, std::allocator<char> >&, std::__cxx11::basic_string<char, std::char_traits<char>, std::allocator<char> > const&, std::__cxx11::basic_string<char, std::char_traits<char>, std::allocator<char> > const&>(cpp_dbc::MySQL::MySQLConnection*, std::__cxx11::basic_string<char, std::char_traits<char>, std::allocator<char> >&, int&, std::__cxx11::basic_string<char, std::char_traits<char>, std::allocator<char> >&, std::__cxx11::basic_string<char, std::char_traits<char>, std::allocator<char> > const&, std::__cxx11::basic_string<char, std::char_traits<char>, std::allocator<char> > const&) (stl_construct.h:97)
==268755==    by 0x1F6B2E: void std::allocator_traits<std::allocator<cpp_dbc::MySQL::MySQLConnection> >::construct<cpp_dbc::MySQL::MySQLConnection, std::__cxx11::basic_string<char, std::char_traits<char>, std::allocator<char> >&, int&, std::__cxx11::basic_string<char, std::char_traits<char>, std::allocator<char> >&, std::__cxx11::basic_string<char, std::char_traits<char>, std::allocator<char> > const&, std::__cxx11::basic_string<char, std::char_traits<char>, std::allocator<char> > const&>(std::allocator<cpp_dbc::MySQL::MySQLConnection>&, cpp_dbc::MySQL::MySQLConnection*, std::__cxx11::basic_string<char, std::char_traits<char>, std::allocator<char> >&, int&, std::__cxx11::basic_string<char, std::char_traits<char>, std::allocator<char> >&, std::__cxx11::basic_string<char, std::char_traits<char>, std::allocator<char> > const&, std::__cxx11::basic_string<char, std::char_traits<char>, std::allocator<char> > const&) (alloc_traits.h:518)
==268755==    by 0x1F602C: std::_Sp_counted_ptr_inplace<cpp_dbc::MySQL::MySQLConnection, std::allocator<cpp_dbc::MySQL::MySQLConnection>, (__gnu_cxx::_Lock_policy)2>::_Sp_counted_ptr_inplace<std::__cxx11::basic_string<char, std::char_traits<char>, std::allocator<char> >&, int&, std::__cxx11::basic_string<char, std::char_traits<char>, std::allocator<char> >&, std::__cxx11::basic_string<char, std::char_traits<char>, std::allocator<char> > const&, std::__cxx11::basic_string<char, std::char_traits<char>, std::allocator<char> > const&>(std::allocator<cpp_dbc::MySQL::MySQLConnection>, std::__cxx11::basic_string<char, std::char_traits<char>, std::allocator<char> >&, int&, std::__cxx11::basic_string<char, std::char_traits<char>, std::allocator<char> >&, std::__cxx11::basic_string<char, std::char_traits<char>, std::allocator<char> > const&, std::__cxx11::basic_string<char, std::char_traits<char>, std::allocator<char> > const&) (shared_ptr_base.h:519)
==268755==    by 0x1F4FF2: std::__shared_count<(__gnu_cxx::_Lock_policy)2>::__shared_count<cpp_dbc::MySQL::MySQLConnection, std::allocator<cpp_dbc::MySQL::MySQLConnection>, std::__cxx11::basic_string<char, std::char_traits<char>, std::allocator<char> >&, int&, std::__cxx11::basic_string<char, std::char_traits<char>, std::allocator<char> >&, std::__cxx11::basic_string<char, std::char_traits<char>, std::allocator<char> > const&, std::__cxx11::basic_string<char, std::char_traits<char>, std::allocator<char> > const&>(cpp_dbc::MySQL::MySQLConnection*&, std::_Sp_alloc_shared_tag<std::allocator<cpp_dbc::MySQL::MySQLConnection> >, std::__cxx11::basic_string<char, std::char_traits<char>, std::allocator<char> >&, int&, std::__cxx11::basic_string<char, std::char_traits<char>, std::allocator<char> >&, std::__cxx11::basic_string<char, std::char_traits<char>, std::allocator<char> > const&, std::__cxx11::basic_string<char, std::char_traits<char>, std::allocator<char> > const&) (shared_ptr_base.h:650)
==268755==    by 0x1F42B5: std::__shared_ptr<cpp_dbc::MySQL::MySQLConnection, (__gnu_cxx::_Lock_policy)2>::__shared_ptr<std::allocator<cpp_dbc::MySQL::MySQLConnection>, std::__cxx11::basic_string<char, std::char_traits<char>, std::allocator<char> >&, int&, std::__cxx11::basic_string<char, std::char_traits<char>, std::allocator<char> >&, std::__cxx11::basic_string<char, std::char_traits<char>, std::allocator<char> > const&, std::__cxx11::basic_string<char, std::char_traits<char>, std::allocator<char> > const&>(std::_Sp_alloc_shared_tag<std::allocator<cpp_dbc::MySQL::MySQLConnection> >, std::__cxx11::basic_string<char, std::char_traits<char>, std::allocator<char> >&, int&, std::__cxx11::basic_string<char, std::char_traits<char>, std::allocator<char> >&, std::__cxx11::basic_string<char, std::char_traits<char>, std::allocator<char> > const&, std::__cxx11::basic_string<char, std::char_traits<char>, std::allocator<char> > const&) (shared_ptr_base.h:1342)
==268755==    by 0x1F3358: std::shared_ptr<cpp_dbc::MySQL::MySQLConnection>::shared_ptr<std::allocator<cpp_dbc::MySQL::MySQLConnection>, std::__cxx11::basic_string<char, std::char_traits<char>, std::allocator<char> >&, int&, std::__cxx11::basic_string<char, std::char_traits<char>, std::allocator<char> >&, std::__cxx11::basic_string<char, std::char_traits<char>, std::allocator<char> > const&, std::__cxx11::basic_string<char, std::char_traits<char>, std::allocator<char> > const&>(std::_Sp_alloc_shared_tag<std::allocator<cpp_dbc::MySQL::MySQLConnection> >, std::__cxx11::basic_string<char, std::char_traits<char>, std::allocator<char> >&, int&, std::__cxx11::basic_string<char, std::char_traits<char>, std::allocator<char> >&, std::__cxx11::basic_string<char, std::char_traits<char>, std::allocator<char> > const&, std::__cxx11::basic_string<char, std::char_traits<char>, std::allocator<char> > const&) (shared_ptr.h:409)
==268755== 
==268755== 320 bytes in 5 blocks are possibly lost in loss record 1,701 of 2,004
==268755==    at 0x4848899: malloc (in /usr/libexec/valgrind/vgpreload_memcheck-amd64-linux.so)
==268755==    by 0x561679D: CRYPTO_zalloc (in /usr/lib/x86_64-linux-gnu/libcrypto.so.3)
==268755==    by 0x53F572A: SSL_CTX_new_ex (in /usr/lib/x86_64-linux-gnu/libssl.so.3)
==268755==    by 0x48F8280: ??? (in /usr/lib/x86_64-linux-gnu/libmysqlclient.so.21.2.42)
==268755==    by 0x489A042: ??? (in /usr/lib/x86_64-linux-gnu/libmysqlclient.so.21.2.42)
==268755==    by 0x489AD71: ??? (in /usr/lib/x86_64-linux-gnu/libmysqlclient.so.21.2.42)
==268755==    by 0x48A3273: ??? (in /usr/lib/x86_64-linux-gnu/libmysqlclient.so.21.2.42)
==268755==    by 0x489EF82: mysql_real_connect (in /usr/lib/x86_64-linux-gnu/libmysqlclient.so.21.2.42)
==268755==    by 0x1EC2E1: cpp_dbc::MySQL::MySQLConnection::MySQLConnection(std::__cxx11::basic_string<char, std::char_traits<char>, std::allocator<char> > const&, int, std::__cxx11::basic_string<char, std::char_traits<char>, std::allocator<char> > const&, std::__cxx11::basic_string<char, std::char_traits<char>, std::allocator<char> > const&, std::__cxx11::basic_string<char, std::char_traits<char>, std::allocator<char> > const&) (driver_mysql.cpp:624)
==268755==    by 0x1F6A72: decltype (::new ((void*)(0)) cpp_dbc::MySQL::MySQLConnection((declval<std::__cxx11::basic_string<char, std::char_traits<char>, std::allocator<char> >&>)(), (declval<int&>)(), (declval<std::__cxx11::basic_string<char, std::char_traits<char>, std::allocator<char> >&>)(), (declval<std::__cxx11::basic_string<char, std::char_traits<char>, std::allocator<char> > const&>)(), (declval<std::__cxx11::basic_string<char, std::char_traits<char>, std::allocator<char> > const&>)())) std::construct_at<cpp_dbc::MySQL::MySQLConnection, std::__cxx11::basic_string<char, std::char_traits<char>, std::allocator<char> >&, int&, std::__cxx11::basic_string<char, std::char_traits<char>, std::allocator<char> >&, std::__cxx11::basic_string<char, std::char_traits<char>, std::allocator<char> > const&, std::__cxx11::basic_string<char, std::char_traits<char>, std::allocator<char> > const&>(cpp_dbc::MySQL::MySQLConnection*, std::__cxx11::basic_string<char, std::char_traits<char>, std::allocator<char> >&, int&, std::__cxx11::basic_string<char, std::char_traits<char>, std::allocator<char> >&, std::__cxx11::basic_string<char, std::char_traits<char>, std::allocator<char> > const&, std::__cxx11::basic_string<char, std::char_traits<char>, std::allocator<char> > const&) (stl_construct.h:97)
==268755==    by 0x1F6B2E: void std::allocator_traits<std::allocator<cpp_dbc::MySQL::MySQLConnection> >::construct<cpp_dbc::MySQL::MySQLConnection, std::__cxx11::basic_string<char, std::char_traits<char>, std::allocator<char> >&, int&, std::__cxx11::basic_string<char, std::char_traits<char>, std::allocator<char> >&, std::__cxx11::basic_string<char, std::char_traits<char>, std::allocator<char> > const&, std::__cxx11::basic_string<char, std::char_traits<char>, std::allocator<char> > const&>(std::allocator<cpp_dbc::MySQL::MySQLConnection>&, cpp_dbc::MySQL::MySQLConnection*, std::__cxx11::basic_string<char, std::char_traits<char>, std::allocator<char> >&, int&, std::__cxx11::basic_string<char, std::char_traits<char>, std::allocator<char> >&, std::__cxx11::basic_string<char, std::char_traits<char>, std::allocator<char> > const&, std::__cxx11::basic_string<char, std::char_traits<char>, std::allocator<char> > const&) (alloc_traits.h:518)
==268755==    by 0x1F602C: std::_Sp_counted_ptr_inplace<cpp_dbc::MySQL::MySQLConnection, std::allocator<cpp_dbc::MySQL::MySQLConnection>, (__gnu_cxx::_Lock_policy)2>::_Sp_counted_ptr_inplace<std::__cxx11::basic_string<char, std::char_traits<char>, std::allocator<char> >&, int&, std::__cxx11::basic_string<char, std::char_traits<char>, std::allocator<char> >&, std::__cxx11::basic_string<char, std::char_traits<char>, std::allocator<char> > const&, std::__cxx11::basic_string<char, std::char_traits<char>, std::allocator<char> > const&>(std::allocator<cpp_dbc::MySQL::MySQLConnection>, std::__cxx11::basic_string<char, std::char_traits<char>, std::allocator<char> >&, int&, std::__cxx11::basic_string<char, std::char_traits<char>, std::allocator<char> >&, std::__cxx11::basic_string<char, std::char_traits<char>, std::allocator<char> > const&, std::__cxx11::basic_string<char, std::char_traits<char>, std::allocator<char> > const&) (shared_ptr_base.h:519)
==268755== 
==268755== 320 bytes in 8 blocks are possibly lost in loss record 1,702 of 2,004
==268755==    at 0x4848899: malloc (in /usr/libexec/valgrind/vgpreload_memcheck-amd64-linux.so)
==268755==    by 0x561679D: CRYPTO_zalloc (in /usr/lib/x86_64-linux-gnu/libcrypto.so.3)
==268755==    by 0x552C403: ??? (in /usr/lib/x86_64-linux-gnu/libcrypto.so.3)
==268755==    by 0x552E176: ??? (in /usr/lib/x86_64-linux-gnu/libcrypto.so.3)
==268755==    by 0x552F23F: ??? (in /usr/lib/x86_64-linux-gnu/libcrypto.so.3)
==268755==    by 0x552F691: ??? (in /usr/lib/x86_64-linux-gnu/libcrypto.so.3)
==268755==    by 0x552DD18: ??? (in /usr/lib/x86_64-linux-gnu/libcrypto.so.3)
==268755==    by 0x552F3E7: ??? (in /usr/lib/x86_64-linux-gnu/libcrypto.so.3)
==268755==    by 0x552DD18: ??? (in /usr/lib/x86_64-linux-gnu/libcrypto.so.3)
==268755==    by 0x552E492: ASN1_item_d2i_ex (in /usr/lib/x86_64-linux-gnu/libcrypto.so.3)
==268755==    by 0x54221C2: ??? (in /usr/lib/x86_64-linux-gnu/libssl.so.3)
==268755==    by 0x541EA94: ??? (in /usr/lib/x86_64-linux-gnu/libssl.so.3)
==268755== 
==268755== 336 bytes in 7 blocks are still reachable in loss record 1,703 of 2,004
==268755==    at 0x4848899: malloc (in /usr/libexec/valgrind/vgpreload_memcheck-amd64-linux.so)
==268755==    by 0x56FD46D: ??? (in /usr/lib/x86_64-linux-gnu/libcrypto.so.3)
==268755==    by 0x56F4B8C: ??? (in /usr/lib/x86_64-linux-gnu/libcrypto.so.3)
==268755==    by 0x55DF712: EVP_MD_fetch (in /usr/lib/x86_64-linux-gnu/libcrypto.so.3)
==268755==    by 0x53F13FA: ??? (in /usr/lib/x86_64-linux-gnu/libssl.so.3)
==268755==    by 0x53F51E4: SSL_CTX_new_ex (in /usr/lib/x86_64-linux-gnu/libssl.so.3)
==268755==    by 0x48F8280: ??? (in /usr/lib/x86_64-linux-gnu/libmysqlclient.so.21.2.42)
==268755==    by 0x489A042: ??? (in /usr/lib/x86_64-linux-gnu/libmysqlclient.so.21.2.42)
==268755==    by 0x489AD71: ??? (in /usr/lib/x86_64-linux-gnu/libmysqlclient.so.21.2.42)
==268755==    by 0x48A3273: ??? (in /usr/lib/x86_64-linux-gnu/libmysqlclient.so.21.2.42)
==268755==    by 0x489EF82: mysql_real_connect (in /usr/lib/x86_64-linux-gnu/libmysqlclient.so.21.2.42)
==268755==    by 0x1EC2E1: cpp_dbc::MySQL::MySQLConnection::MySQLConnection(std::__cxx11::basic_string<char, std::char_traits<char>, std::allocator<char> > const&, int, std::__cxx11::basic_string<char, std::char_traits<char>, std::allocator<char> > const&, std::__cxx11::basic_string<char, std::char_traits<char>, std::allocator<char> > const&, std::__cxx11::basic_string<char, std::char_traits<char>, std::allocator<char> > const&) (driver_mysql.cpp:624)
==268755== 
==268755== 336 bytes in 14 blocks are still reachable in loss record 1,704 of 2,004
==268755==    at 0x4848899: malloc (in /usr/libexec/valgrind/vgpreload_memcheck-amd64-linux.so)
==268755==    by 0x560C185: OPENSSL_LH_insert (in /usr/lib/x86_64-linux-gnu/libcrypto.so.3)
==268755==    by 0x5647D72: ??? (in /usr/lib/x86_64-linux-gnu/libcrypto.so.3)
==268755==    by 0x55C00FE: ??? (in /usr/lib/x86_64-linux-gnu/libcrypto.so.3)
==268755==    by 0x560B85B: ??? (in /usr/lib/x86_64-linux-gnu/libcrypto.so.3)
==268755==    by 0x560B71B: ??? (in /usr/lib/x86_64-linux-gnu/libcrypto.so.3)
==268755==    by 0x562AD6A: ??? (in /usr/lib/x86_64-linux-gnu/libcrypto.so.3)
==268755==    by 0x56F44E7: ??? (in /usr/lib/x86_64-linux-gnu/libcrypto.so.3)
==268755==    by 0x56F53E7: ??? (in /usr/lib/x86_64-linux-gnu/libcrypto.so.3)
==268755==    by 0x55C0470: OSSL_DECODER_do_all_provided (in /usr/lib/x86_64-linux-gnu/libcrypto.so.3)
==268755==    by 0x55CD84B: OSSL_DECODER_CTX_new_for_pkey (in /usr/lib/x86_64-linux-gnu/libcrypto.so.3)
==268755==    by 0x569FB23: ??? (in /usr/lib/x86_64-linux-gnu/libcrypto.so.3)
==268755== 
==268755== 336 bytes in 21 blocks are still reachable in loss record 1,705 of 2,004
==268755==    at 0x4848899: malloc (in /usr/libexec/valgrind/vgpreload_memcheck-amd64-linux.so)
==268755==    by 0x561679D: CRYPTO_zalloc (in /usr/lib/x86_64-linux-gnu/libcrypto.so.3)
==268755==    by 0x5619506: ??? (in /usr/lib/x86_64-linux-gnu/libcrypto.so.3)
==268755==    by 0x5615E27: ??? (in /usr/lib/x86_64-linux-gnu/libcrypto.so.3)
==268755==    by 0x5615F09: ??? (in /usr/lib/x86_64-linux-gnu/libcrypto.so.3)
==268755==    by 0x560C486: OPENSSL_LH_doall_arg (in /usr/lib/x86_64-linux-gnu/libcrypto.so.3)
==268755==    by 0x562D2EA: OBJ_NAME_do_all (in /usr/lib/x86_64-linux-gnu/libcrypto.so.3)
==268755==    by 0x5615B3D: ??? (in /usr/lib/x86_64-linux-gnu/libcrypto.so.3)
==268755==    by 0x56F4A6B: ??? (in /usr/lib/x86_64-linux-gnu/libcrypto.so.3)
==268755==    by 0x55EC302: EVP_CIPHER_fetch (in /usr/lib/x86_64-linux-gnu/libcrypto.so.3)
==268755==    by 0x53F137A: ??? (in /usr/lib/x86_64-linux-gnu/libssl.so.3)
==268755==    by 0x53F5161: SSL_CTX_new_ex (in /usr/lib/x86_64-linux-gnu/libssl.so.3)
==268755== 
==268755== 352 bytes in 2 blocks are still reachable in loss record 1,706 of 2,004
==268755==    at 0x4849013: operator new(unsigned long) (in /usr/libexec/valgrind/vgpreload_memcheck-amd64-linux.so)
==268755==    by 0x2E8AB6: YAML::detail::node_ref::node_ref() (node_ref.h:19)
==268755==    by 0x2E8BEB: YAML::detail::node::node() (node.h:27)
==268755==    by 0x2E896A: YAML::detail::memory::create_node() (memory.cpp:17)
==268755==    by 0x1348BD: YAML::detail::memory_holder::create_node() (memory.h:38)
==268755==    by 0x3103BB: YAML::NodeBuilder::Push(YAML::Mark const&, unsigned long) (nodebuilder.cpp:81)
==268755==    by 0x3102D2: YAML::NodeBuilder::OnMapStart(YAML::Mark const&, std::__cxx11::basic_string<char, std::char_traits<char>, std::allocator<char> > const&, unsigned long, YAML::EmitterStyle::value) (nodebuilder.cpp:67)
==268755==    by 0x306B16: YAML::SingleDocParser::HandleNode(YAML::EventHandler&) (singledocparser.cpp:127)
==268755==    by 0x307975: YAML::SingleDocParser::HandleBlockMap(YAML::EventHandler&) (singledocparser.cpp:281)
==268755==    by 0x30762F: YAML::SingleDocParser::HandleMap(YAML::EventHandler&) (singledocparser.cpp:235)
==268755==    by 0x306B2F: YAML::SingleDocParser::HandleNode(YAML::EventHandler&) (singledocparser.cpp:128)
==268755==    by 0x3063EC: YAML::SingleDocParser::HandleDocument(YAML::EventHandler&) (singledocparser.cpp:41)
==268755== 
==268755== 352 bytes in 4 blocks are possibly lost in loss record 1,707 of 2,004
==268755==    at 0x4848899: malloc (in /usr/libexec/valgrind/vgpreload_memcheck-amd64-linux.so)
==268755==    by 0x48F04CF: ??? (in /usr/lib/x86_64-linux-gnu/libmysqlclient.so.21.2.42)
==268755==    by 0x49022B6: ??? (in /usr/lib/x86_64-linux-gnu/libmysqlclient.so.21.2.42)
==268755==    by 0x4894003: ??? (in /usr/lib/x86_64-linux-gnu/libmysqlclient.so.21.2.42)
==268755==    by 0x48A7A0A: ??? (in /usr/lib/x86_64-linux-gnu/libmysqlclient.so.21.2.42)
==268755==    by 0x48A541D: mysql_real_query (in /usr/lib/x86_64-linux-gnu/libmysqlclient.so.21.2.42)
==268755==    by 0x1ED169: cpp_dbc::MySQL::MySQLConnection::setAutoCommit(bool) (driver_mysql.cpp:742)
==268755==    by 0x1EC4D8: cpp_dbc::MySQL::MySQLConnection::MySQLConnection(std::__cxx11::basic_string<char, std::char_traits<char>, std::allocator<char> > const&, int, std::__cxx11::basic_string<char, std::char_traits<char>, std::allocator<char> > const&, std::__cxx11::basic_string<char, std::char_traits<char>, std::allocator<char> > const&, std::__cxx11::basic_string<char, std::char_traits<char>, std::allocator<char> > const&) (driver_mysql.cpp:646)
==268755==    by 0x1F6A72: decltype (::new ((void*)(0)) cpp_dbc::MySQL::MySQLConnection((declval<std::__cxx11::basic_string<char, std::char_traits<char>, std::allocator<char> >&>)(), (declval<int&>)(), (declval<std::__cxx11::basic_string<char, std::char_traits<char>, std::allocator<char> >&>)(), (declval<std::__cxx11::basic_string<char, std::char_traits<char>, std::allocator<char> > const&>)(), (declval<std::__cxx11::basic_string<char, std::char_traits<char>, std::allocator<char> > const&>)())) std::construct_at<cpp_dbc::MySQL::MySQLConnection, std::__cxx11::basic_string<char, std::char_traits<char>, std::allocator<char> >&, int&, std::__cxx11::basic_string<char, std::char_traits<char>, std::allocator<char> >&, std::__cxx11::basic_string<char, std::char_traits<char>, std::allocator<char> > const&, std::__cxx11::basic_string<char, std::char_traits<char>, std::allocator<char> > const&>(cpp_dbc::MySQL::MySQLConnection*, std::__cxx11::basic_string<char, std::char_traits<char>, std::allocator<char> >&, int&, std::__cxx11::basic_string<char, std::char_traits<char>, std::allocator<char> >&, std::__cxx11::basic_string<char, std::char_traits<char>, std::allocator<char> > const&, std::__cxx11::basic_string<char, std::char_traits<char>, std::allocator<char> > const&) (stl_construct.h:97)
==268755==    by 0x1F6B2E: void std::allocator_traits<std::allocator<cpp_dbc::MySQL::MySQLConnection> >::construct<cpp_dbc::MySQL::MySQLConnection, std::__cxx11::basic_string<char, std::char_traits<char>, std::allocator<char> >&, int&, std::__cxx11::basic_string<char, std::char_traits<char>, std::allocator<char> >&, std::__cxx11::basic_string<char, std::char_traits<char>, std::allocator<char> > const&, std::__cxx11::basic_string<char, std::char_traits<char>, std::allocator<char> > const&>(std::allocator<cpp_dbc::MySQL::MySQLConnection>&, cpp_dbc::MySQL::MySQLConnection*, std::__cxx11::basic_string<char, std::char_traits<char>, std::allocator<char> >&, int&, std::__cxx11::basic_string<char, std::char_traits<char>, std::allocator<char> >&, std::__cxx11::basic_string<char, std::char_traits<char>, std::allocator<char> > const&, std::__cxx11::basic_string<char, std::char_traits<char>, std::allocator<char> > const&) (alloc_traits.h:518)
==268755==    by 0x1F602C: std::_Sp_counted_ptr_inplace<cpp_dbc::MySQL::MySQLConnection, std::allocator<cpp_dbc::MySQL::MySQLConnection>, (__gnu_cxx::_Lock_policy)2>::_Sp_counted_ptr_inplace<std::__cxx11::basic_string<char, std::char_traits<char>, std::allocator<char> >&, int&, std::__cxx11::basic_string<char, std::char_traits<char>, std::allocator<char> >&, std::__cxx11::basic_string<char, std::char_traits<char>, std::allocator<char> > const&, std::__cxx11::basic_string<char, std::char_traits<char>, std::allocator<char> > const&>(std::allocator<cpp_dbc::MySQL::MySQLConnection>, std::__cxx11::basic_string<char, std::char_traits<char>, std::allocator<char> >&, int&, std::__cxx11::basic_string<char, std::char_traits<char>, std::allocator<char> >&, std::__cxx11::basic_string<char, std::char_traits<char>, std::allocator<char> > const&, std::__cxx11::basic_string<char, std::char_traits<char>, std::allocator<char> > const&) (shared_ptr_base.h:519)
==268755==    by 0x1F4FF2: std::__shared_count<(__gnu_cxx::_Lock_policy)2>::__shared_count<cpp_dbc::MySQL::MySQLConnection, std::allocator<cpp_dbc::MySQL::MySQLConnection>, std::__cxx11::basic_string<char, std::char_traits<char>, std::allocator<char> >&, int&, std::__cxx11::basic_string<char, std::char_traits<char>, std::allocator<char> >&, std::__cxx11::basic_string<char, std::char_traits<char>, std::allocator<char> > const&, std::__cxx11::basic_string<char, std::char_traits<char>, std::allocator<char> > const&>(cpp_dbc::MySQL::MySQLConnection*&, std::_Sp_alloc_shared_tag<std::allocator<cpp_dbc::MySQL::MySQLConnection> >, std::__cxx11::basic_string<char, std::char_traits<char>, std::allocator<char> >&, int&, std::__cxx11::basic_string<char, std::char_traits<char>, std::allocator<char> >&, std::__cxx11::basic_string<char, std::char_traits<char>, std::allocator<char> > const&, std::__cxx11::basic_string<char, std::char_traits<char>, std::allocator<char> > const&) (shared_ptr_base.h:650)
==268755== 
==268755== 360 bytes in 1 blocks are still reachable in loss record 1,708 of 2,004
==268755==    at 0x4849013: operator new(unsigned long) (in /usr/libexec/valgrind/vgpreload_memcheck-amd64-linux.so)
==268755==    by 0x20AACD: Catch::Detail::unique_ptr<Catch::Config> Catch::Detail::make_unique<Catch::Config, Catch::ConfigData&>(Catch::ConfigData&) (catch_unique_ptr.hpp:111)
==268755==    by 0x20703A: Catch::Session::config() (catch_session.cpp:282)
==268755==    by 0x2071F2: Catch::Session::runInternal() (catch_session.cpp:303)
==268755==    by 0x206F31: Catch::Session::run() (catch_session.cpp:263)
==268755==    by 0x202254: int Catch::Session::run<char>(int, char const* const*) (catch_session.hpp:41)
==268755==    by 0x20213D: main (catch_main.cpp:36)
==268755== 
==268755== 360 bytes in 9 blocks are still reachable in loss record 1,709 of 2,004
==268755==    at 0x4848899: malloc (in /usr/libexec/valgrind/vgpreload_memcheck-amd64-linux.so)
==268755==    by 0x5647AA0: ??? (in /usr/lib/x86_64-linux-gnu/libcrypto.so.3)
==268755==    by 0x55EBA69: ??? (in /usr/lib/x86_64-linux-gnu/libcrypto.so.3)
==268755==    by 0x560B85B: ??? (in /usr/lib/x86_64-linux-gnu/libcrypto.so.3)
==268755==    by 0x560B71B: ??? (in /usr/lib/x86_64-linux-gnu/libcrypto.so.3)
==268755==    by 0x562AD6A: ??? (in /usr/lib/x86_64-linux-gnu/libcrypto.so.3)
==268755==    by 0x56F44E7: ??? (in /usr/lib/x86_64-linux-gnu/libcrypto.so.3)
==268755==    by 0x56F4B3D: ??? (in /usr/lib/x86_64-linux-gnu/libcrypto.so.3)
==268755==    by 0x55F85A2: EVP_MAC_fetch (in /usr/lib/x86_64-linux-gnu/libcrypto.so.3)
==268755==    by 0x55FF3E3: EVP_Q_mac (in /usr/lib/x86_64-linux-gnu/libcrypto.so.3)
==268755==    by 0x56CB4CF: ??? (in /usr/lib/x86_64-linux-gnu/libcrypto.so.3)
==268755==    by 0x56CBF25: ??? (in /usr/lib/x86_64-linux-gnu/libcrypto.so.3)
==268755== 
==268755== 360 bytes in 15 blocks are still reachable in loss record 1,710 of 2,004
==268755==    at 0x4848899: malloc (in /usr/libexec/valgrind/vgpreload_memcheck-amd64-linux.so)
==268755==    by 0x560C185: OPENSSL_LH_insert (in /usr/lib/x86_64-linux-gnu/libcrypto.so.3)
==268755==    by 0x56FD672: ??? (in /usr/lib/x86_64-linux-gnu/libcrypto.so.3)
==268755==    by 0x55CA89F: ERR_load_strings_const (in /usr/lib/x86_64-linux-gnu/libcrypto.so.3)
==268755==    by 0x561D27E: ??? (in /usr/lib/x86_64-linux-gnu/libcrypto.so.3)
==268755==    by 0x522BEE7: __pthread_once_slow (pthread_once.c:116)
==268755==    by 0x5621C9C: CRYPTO_THREAD_run_once (in /usr/lib/x86_64-linux-gnu/libcrypto.so.3)
==268755==    by 0x561E992: OPENSSL_init_crypto (in /usr/lib/x86_64-linux-gnu/libcrypto.so.3)
==268755==    by 0x55CC336: ??? (in /usr/lib/x86_64-linux-gnu/libcrypto.so.3)
==268755==    by 0x55CCCFC: ERR_set_mark (in /usr/lib/x86_64-linux-gnu/libcrypto.so.3)
==268755==    by 0x55790E1: CONF_modules_load_file_ex (in /usr/lib/x86_64-linux-gnu/libcrypto.so.3)
==268755==    by 0x561E19F: ??? (in /usr/lib/x86_64-linux-gnu/libcrypto.so.3)
==268755== 
==268755== 368 bytes in 23 blocks are still reachable in loss record 1,711 of 2,004
==268755==    at 0x4848899: malloc (in /usr/libexec/valgrind/vgpreload_memcheck-amd64-linux.so)
==268755==    by 0x561679D: CRYPTO_zalloc (in /usr/lib/x86_64-linux-gnu/libcrypto.so.3)
==268755==    by 0x5619506: ??? (in /usr/lib/x86_64-linux-gnu/libcrypto.so.3)
==268755==    by 0x56F41B3: ??? (in /usr/lib/x86_64-linux-gnu/libcrypto.so.3)
==268755==    by 0x55EBAFA: ??? (in /usr/lib/x86_64-linux-gnu/libcrypto.so.3)
==268755==    by 0x560B7F8: ??? (in /usr/lib/x86_64-linux-gnu/libcrypto.so.3)
==268755==    by 0x560B71B: ??? (in /usr/lib/x86_64-linux-gnu/libcrypto.so.3)
==268755==    by 0x562AD6A: ??? (in /usr/lib/x86_64-linux-gnu/libcrypto.so.3)
==268755==    by 0x56F44E7: ??? (in /usr/lib/x86_64-linux-gnu/libcrypto.so.3)
==268755==    by 0x56F4B3D: ??? (in /usr/lib/x86_64-linux-gnu/libcrypto.so.3)
==268755==    by 0x55DF712: EVP_MD_fetch (in /usr/lib/x86_64-linux-gnu/libcrypto.so.3)
==268755==    by 0x53F13FA: ??? (in /usr/lib/x86_64-linux-gnu/libssl.so.3)
==268755== 
==268755== 376 bytes in 1 blocks are still reachable in loss record 1,712 of 2,004
==268755==    at 0x4849013: operator new(unsigned long) (in /usr/libexec/valgrind/vgpreload_memcheck-amd64-linux.so)
==268755==    by 0x251C28: Catch::Detail::unique_ptr<std::__cxx11::basic_ostringstream<char, std::char_traits<char>, std::allocator<char> > > Catch::Detail::make_unique<std::__cxx11::basic_ostringstream<char, std::char_traits<char>, std::allocator<char> >>() (catch_unique_ptr.hpp:111)
==268755==    by 0x251AA7: Catch::StringStreams::add() (catch_reusable_string_stream.cpp:26)
==268755==    by 0x2518D8: Catch::ReusableStringStream::ReusableStringStream() (catch_reusable_string_stream.cpp:43)
==268755==    by 0x217DDD: Catch::TestSpec::extractFilterName[abi:cxx11](Catch::TestSpec::Filter const&) (catch_test_spec.cpp:96)
==268755==    by 0x217FF9: Catch::TestSpec::matchesByFilter(std::vector<Catch::TestCaseHandle, std::allocator<Catch::TestCaseHandle> > const&, Catch::IConfig const&) const::{lambda(Catch::TestSpec::Filter const&)#1}::operator()(Catch::TestSpec::Filter const&) const (catch_test_spec.cpp:117)
==268755==    by 0x2182F3: __gnu_cxx::__normal_iterator<Catch::TestSpec::FilterMatch*, std::vector<Catch::TestSpec::FilterMatch, std::allocator<Catch::TestSpec::FilterMatch> > > std::transform<__gnu_cxx::__normal_iterator<Catch::TestSpec::Filter const*, std::vector<Catch::TestSpec::Filter, std::allocator<Catch::TestSpec::Filter> > >, __gnu_cxx::__normal_iterator<Catch::TestSpec::FilterMatch*, std::vector<Catch::TestSpec::FilterMatch, std::allocator<Catch::TestSpec::FilterMatch> > >, Catch::TestSpec::matchesByFilter(std::vector<Catch::TestCaseHandle, std::allocator<Catch::TestCaseHandle> > const&, Catch::IConfig const&) const::{lambda(Catch::TestSpec::Filter const&)#1}>(__gnu_cxx::__normal_iterator<Catch::TestSpec::Filter const*, std::vector<Catch::TestSpec::Filter, std::allocator<Catch::TestSpec::Filter> > >, __gnu_cxx::__normal_iterator<Catch::TestSpec::Filter const*, std::vector<Catch::TestSpec::Filter, std::allocator<Catch::TestSpec::Filter> > >, __gnu_cxx::__normal_iterator<Catch::TestSpec::FilterMatch*, std::vector<Catch::TestSpec::FilterMatch, std::allocator<Catch::TestSpec::FilterMatch> > >, Catch::TestSpec::matchesByFilter(std::vector<Catch::TestCaseHandle, std::allocator<Catch::TestCaseHandle> > const&, Catch::IConfig const&) const::{lambda(Catch::TestSpec::Filter const&)#1}) (stl_algo.h:4296)
==268755==    by 0x21811D: Catch::TestSpec::matchesByFilter(std::vector<Catch::TestCaseHandle, std::allocator<Catch::TestCaseHandle> > const&, Catch::IConfig const&) const (catch_test_spec.cpp:112)
==268755==    by 0x205C50: Catch::(anonymous namespace)::TestGroup::TestGroup(Catch::Detail::unique_ptr<Catch::IEventListener>&&, Catch::Config const*) (catch_session.cpp:96)
==268755==    by 0x207416: Catch::Session::runInternal() (catch_session.cpp:331)
==268755==    by 0x206F31: Catch::Session::run() (catch_session.cpp:263)
==268755==    by 0x202254: int Catch::Session::run<char>(int, char const* const*) (catch_session.hpp:41)
==268755== 
==268755== 384 bytes in 1 blocks are still reachable in loss record 1,713 of 2,004
==268755==    at 0x4849013: operator new(unsigned long) (in /usr/libexec/valgrind/vgpreload_memcheck-amd64-linux.so)
==268755==    by 0x2A4D76: Catch::Singleton<Catch::(anonymous namespace)::RegistryHub, Catch::IRegistryHub, Catch::IMutableRegistryHub>::getInternal() (catch_singletons.hpp:28)
==268755==    by 0x2A4B03: Catch::Singleton<Catch::(anonymous namespace)::RegistryHub, Catch::IRegistryHub, Catch::IMutableRegistryHub>::getMutable() (catch_singletons.hpp:39)
==268755==    by 0x2A4A75: Catch::getMutableRegistryHub() (catch_registry_hub.cpp:93)
==268755==    by 0x26E911: Catch::AutoReg::AutoReg(Catch::Detail::unique_ptr<Catch::ITestInvoker>, Catch::SourceLineInfo const&, Catch::StringRef, Catch::NameAndTags const&) (catch_test_registry.cpp:57)
==268755==    by 0x13113C: __static_initialization_and_destruction_0(int, int) (test_basic.cpp:6)
==268755==    by 0x131316: _GLOBAL__sub_I_test_basic.cpp (test_basic.cpp:36)
==268755==    by 0x51BBEBA: call_init (libc-start.c:145)
==268755==    by 0x51BBEBA: __libc_start_main@@GLIBC_2.34 (libc-start.c:379)
==268755==    by 0x12E4D4: (below main) (in /home/dsystems/Desktop/projects/cpp/cpp_dbc/build/libs/cpp_dbc/test/test/cpp_dbc_tests)
==268755== 
==268755== 384 bytes in 12 blocks are still reachable in loss record 1,714 of 2,004
==268755==    at 0x4848899: malloc (in /usr/libexec/valgrind/vgpreload_memcheck-amd64-linux.so)
==268755==    by 0x561679D: CRYPTO_zalloc (in /usr/lib/x86_64-linux-gnu/libcrypto.so.3)
==268755==    by 0x5665352: OPENSSL_sk_new_reserve (in /usr/lib/x86_64-linux-gnu/libcrypto.so.3)
==268755==    by 0x5647EF2: ??? (in /usr/lib/x86_64-linux-gnu/libcrypto.so.3)
==268755==    by 0x55EBA69: ??? (in /usr/lib/x86_64-linux-gnu/libcrypto.so.3)
==268755==    by 0x560B85B: ??? (in /usr/lib/x86_64-linux-gnu/libcrypto.so.3)
==268755==    by 0x560B71B: ??? (in /usr/lib/x86_64-linux-gnu/libcrypto.so.3)
==268755==    by 0x562AD6A: ??? (in /usr/lib/x86_64-linux-gnu/libcrypto.so.3)
==268755==    by 0x56F44E7: ??? (in /usr/lib/x86_64-linux-gnu/libcrypto.so.3)
==268755==    by 0x56F4B3D: ??? (in /usr/lib/x86_64-linux-gnu/libcrypto.so.3)
==268755==    by 0x55F7C32: EVP_KDF_fetch (in /usr/lib/x86_64-linux-gnu/libcrypto.so.3)
==268755==    by 0x54066BF: ??? (in /usr/lib/x86_64-linux-gnu/libssl.so.3)
==268755== 
==268755== 384 bytes in 12 blocks are still reachable in loss record 1,715 of 2,004
==268755==    at 0x4848899: malloc (in /usr/libexec/valgrind/vgpreload_memcheck-amd64-linux.so)
==268755==    by 0x561679D: CRYPTO_zalloc (in /usr/lib/x86_64-linux-gnu/libcrypto.so.3)
==268755==    by 0x5663872: ??? (in /usr/lib/x86_64-linux-gnu/libcrypto.so.3)
==268755==    by 0x5663952: OPENSSL_sk_insert (in /usr/lib/x86_64-linux-gnu/libcrypto.so.3)
==268755==    by 0x5647EAA: ??? (in /usr/lib/x86_64-linux-gnu/libcrypto.so.3)
==268755==    by 0x55EBA69: ??? (in /usr/lib/x86_64-linux-gnu/libcrypto.so.3)
==268755==    by 0x560B85B: ??? (in /usr/lib/x86_64-linux-gnu/libcrypto.so.3)
==268755==    by 0x560B71B: ??? (in /usr/lib/x86_64-linux-gnu/libcrypto.so.3)
==268755==    by 0x562AD6A: ??? (in /usr/lib/x86_64-linux-gnu/libcrypto.so.3)
==268755==    by 0x56F44E7: ??? (in /usr/lib/x86_64-linux-gnu/libcrypto.so.3)
==268755==    by 0x56F4B3D: ??? (in /usr/lib/x86_64-linux-gnu/libcrypto.so.3)
==268755==    by 0x55F7C32: EVP_KDF_fetch (in /usr/lib/x86_64-linux-gnu/libcrypto.so.3)
==268755== 
==268755== 384 bytes in 12 blocks are still reachable in loss record 1,716 of 2,004
==268755==    at 0x4848899: malloc (in /usr/libexec/valgrind/vgpreload_memcheck-amd64-linux.so)
==268755==    by 0x561679D: CRYPTO_zalloc (in /usr/lib/x86_64-linux-gnu/libcrypto.so.3)
==268755==    by 0x5665352: OPENSSL_sk_new_reserve (in /usr/lib/x86_64-linux-gnu/libcrypto.so.3)
==268755==    by 0x5647EF2: ??? (in /usr/lib/x86_64-linux-gnu/libcrypto.so.3)
==268755==    by 0x55C00FE: ??? (in /usr/lib/x86_64-linux-gnu/libcrypto.so.3)
==268755==    by 0x560B85B: ??? (in /usr/lib/x86_64-linux-gnu/libcrypto.so.3)
==268755==    by 0x560B71B: ??? (in /usr/lib/x86_64-linux-gnu/libcrypto.so.3)
==268755==    by 0x562AD6A: ??? (in /usr/lib/x86_64-linux-gnu/libcrypto.so.3)
==268755==    by 0x56F44E7: ??? (in /usr/lib/x86_64-linux-gnu/libcrypto.so.3)
==268755==    by 0x56F53E7: ??? (in /usr/lib/x86_64-linux-gnu/libcrypto.so.3)
==268755==    by 0x55C0470: OSSL_DECODER_do_all_provided (in /usr/lib/x86_64-linux-gnu/libcrypto.so.3)
==268755==    by 0x55CD84B: OSSL_DECODER_CTX_new_for_pkey (in /usr/lib/x86_64-linux-gnu/libcrypto.so.3)
==268755== 
==268755== 384 bytes in 16 blocks are still reachable in loss record 1,717 of 2,004
==268755==    at 0x4848899: malloc (in /usr/libexec/valgrind/vgpreload_memcheck-amd64-linux.so)
==268755==    by 0x560C185: OPENSSL_LH_insert (in /usr/lib/x86_64-linux-gnu/libcrypto.so.3)
==268755==    by 0x56FD672: ??? (in /usr/lib/x86_64-linux-gnu/libcrypto.so.3)
==268755==    by 0x55CA89F: ERR_load_strings_const (in /usr/lib/x86_64-linux-gnu/libcrypto.so.3)
==268755==    by 0x561D3E3: ??? (in /usr/lib/x86_64-linux-gnu/libcrypto.so.3)
==268755==    by 0x522BEE7: __pthread_once_slow (pthread_once.c:116)
==268755==    by 0x5621C9C: CRYPTO_THREAD_run_once (in /usr/lib/x86_64-linux-gnu/libcrypto.so.3)
==268755==    by 0x561E992: OPENSSL_init_crypto (in /usr/lib/x86_64-linux-gnu/libcrypto.so.3)
==268755==    by 0x55CC336: ??? (in /usr/lib/x86_64-linux-gnu/libcrypto.so.3)
==268755==    by 0x55CCCFC: ERR_set_mark (in /usr/lib/x86_64-linux-gnu/libcrypto.so.3)
==268755==    by 0x55790E1: CONF_modules_load_file_ex (in /usr/lib/x86_64-linux-gnu/libcrypto.so.3)
==268755==    by 0x561E19F: ??? (in /usr/lib/x86_64-linux-gnu/libcrypto.so.3)
==268755== 
==268755== 384 bytes in 8 blocks are possibly lost in loss record 1,718 of 2,004
==268755==    at 0x4848899: malloc (in /usr/libexec/valgrind/vgpreload_memcheck-amd64-linux.so)
==268755==    by 0x561679D: CRYPTO_zalloc (in /usr/lib/x86_64-linux-gnu/libcrypto.so.3)
==268755==    by 0x569F281: ??? (in /usr/lib/x86_64-linux-gnu/libcrypto.so.3)
==268755==    by 0x552C32A: ??? (in /usr/lib/x86_64-linux-gnu/libcrypto.so.3)
==268755==    by 0x55304A1: ??? (in /usr/lib/x86_64-linux-gnu/libcrypto.so.3)
==268755==    by 0x552C4A0: ??? (in /usr/lib/x86_64-linux-gnu/libcrypto.so.3)
==268755==    by 0x55304A1: ??? (in /usr/lib/x86_64-linux-gnu/libcrypto.so.3)
==268755==    by 0x552C4A0: ??? (in /usr/lib/x86_64-linux-gnu/libcrypto.so.3)
==268755==    by 0x552C5E5: ASN1_item_new_ex (in /usr/lib/x86_64-linux-gnu/libcrypto.so.3)
==268755==    by 0x569F476: X509_new_ex (in /usr/lib/x86_64-linux-gnu/libcrypto.so.3)
==268755==    by 0x54221A2: ??? (in /usr/lib/x86_64-linux-gnu/libssl.so.3)
==268755==    by 0x541EA94: ??? (in /usr/lib/x86_64-linux-gnu/libssl.so.3)
==268755== 
==268755== 384 bytes in 16 blocks are possibly lost in loss record 1,719 of 2,004
==268755==    at 0x4848899: malloc (in /usr/libexec/valgrind/vgpreload_memcheck-amd64-linux.so)
==268755==    by 0x561679D: CRYPTO_zalloc (in /usr/lib/x86_64-linux-gnu/libcrypto.so.3)
==268755==    by 0x551A742: ASN1_STRING_type_new (in /usr/lib/x86_64-linux-gnu/libcrypto.so.3)
==268755==    by 0x5529629: ??? (in /usr/lib/x86_64-linux-gnu/libcrypto.so.3)
==268755==    by 0x552C1AD: ??? (in /usr/lib/x86_64-linux-gnu/libcrypto.so.3)
==268755==    by 0x55304A1: ??? (in /usr/lib/x86_64-linux-gnu/libcrypto.so.3)
==268755==    by 0x552C4A0: ??? (in /usr/lib/x86_64-linux-gnu/libcrypto.so.3)
==268755==    by 0x55304A1: ??? (in /usr/lib/x86_64-linux-gnu/libcrypto.so.3)
==268755==    by 0x552C4A0: ??? (in /usr/lib/x86_64-linux-gnu/libcrypto.so.3)
==268755==    by 0x55304A1: ??? (in /usr/lib/x86_64-linux-gnu/libcrypto.so.3)
==268755==    by 0x552C4A0: ??? (in /usr/lib/x86_64-linux-gnu/libcrypto.so.3)
==268755==    by 0x552C5E5: ASN1_item_new_ex (in /usr/lib/x86_64-linux-gnu/libcrypto.so.3)
==268755== 
==268755== 384 bytes in 16 blocks are possibly lost in loss record 1,720 of 2,004
==268755==    at 0x4848899: malloc (in /usr/libexec/valgrind/vgpreload_memcheck-amd64-linux.so)
==268755==    by 0x561679D: CRYPTO_zalloc (in /usr/lib/x86_64-linux-gnu/libcrypto.so.3)
==268755==    by 0x552C403: ??? (in /usr/lib/x86_64-linux-gnu/libcrypto.so.3)
==268755==    by 0x552E176: ??? (in /usr/lib/x86_64-linux-gnu/libcrypto.so.3)
==268755==    by 0x552F23F: ??? (in /usr/lib/x86_64-linux-gnu/libcrypto.so.3)
==268755==    by 0x552DB61: ??? (in /usr/lib/x86_64-linux-gnu/libcrypto.so.3)
==268755==    by 0x552F23F: ??? (in /usr/lib/x86_64-linux-gnu/libcrypto.so.3)
==268755==    by 0x552DB61: ??? (in /usr/lib/x86_64-linux-gnu/libcrypto.so.3)
==268755==    by 0x552F035: ASN1_item_ex_d2i (in /usr/lib/x86_64-linux-gnu/libcrypto.so.3)
==268755==    by 0x569EC1D: ??? (in /usr/lib/x86_64-linux-gnu/libcrypto.so.3)
==268755==    by 0x552DC8B: ??? (in /usr/lib/x86_64-linux-gnu/libcrypto.so.3)
==268755==    by 0x552F3E7: ??? (in /usr/lib/x86_64-linux-gnu/libcrypto.so.3)
==268755== 
==268755== 384 bytes in 16 blocks are possibly lost in loss record 1,721 of 2,004
==268755==    at 0x4848899: malloc (in /usr/libexec/valgrind/vgpreload_memcheck-amd64-linux.so)
==268755==    by 0x561679D: CRYPTO_zalloc (in /usr/lib/x86_64-linux-gnu/libcrypto.so.3)
==268755==    by 0x551A742: ASN1_STRING_type_new (in /usr/lib/x86_64-linux-gnu/libcrypto.so.3)
==268755==    by 0x5529629: ??? (in /usr/lib/x86_64-linux-gnu/libcrypto.so.3)
==268755==    by 0x552C1AD: ??? (in /usr/lib/x86_64-linux-gnu/libcrypto.so.3)
==268755==    by 0x55304A1: ??? (in /usr/lib/x86_64-linux-gnu/libcrypto.so.3)
==268755==    by 0x552C4A0: ??? (in /usr/lib/x86_64-linux-gnu/libcrypto.so.3)
==268755==    by 0x552E176: ??? (in /usr/lib/x86_64-linux-gnu/libcrypto.so.3)
==268755==    by 0x552F23F: ??? (in /usr/lib/x86_64-linux-gnu/libcrypto.so.3)
==268755==    by 0x552DB61: ??? (in /usr/lib/x86_64-linux-gnu/libcrypto.so.3)
==268755==    by 0x552F23F: ??? (in /usr/lib/x86_64-linux-gnu/libcrypto.so.3)
==268755==    by 0x552DB61: ??? (in /usr/lib/x86_64-linux-gnu/libcrypto.so.3)
==268755== 
==268755== 384 bytes in 16 blocks are possibly lost in loss record 1,722 of 2,004
==268755==    at 0x4848899: malloc (in /usr/libexec/valgrind/vgpreload_memcheck-amd64-linux.so)
==268755==    by 0x561679D: CRYPTO_zalloc (in /usr/lib/x86_64-linux-gnu/libcrypto.so.3)
==268755==    by 0x5547E13: BN_new (in /usr/lib/x86_64-linux-gnu/libcrypto.so.3)
==268755==    by 0x5537C9C: ??? (in /usr/lib/x86_64-linux-gnu/libcrypto.so.3)
==268755==    by 0x552CB78: ??? (in /usr/lib/x86_64-linux-gnu/libcrypto.so.3)
==268755==    by 0x552E048: ??? (in /usr/lib/x86_64-linux-gnu/libcrypto.so.3)
==268755==    by 0x552F3E7: ??? (in /usr/lib/x86_64-linux-gnu/libcrypto.so.3)
==268755==    by 0x552DD18: ??? (in /usr/lib/x86_64-linux-gnu/libcrypto.so.3)
==268755==    by 0x552E492: ASN1_item_d2i_ex (in /usr/lib/x86_64-linux-gnu/libcrypto.so.3)
==268755==    by 0x5651CBE: ??? (in /usr/lib/x86_64-linux-gnu/libcrypto.so.3)
==268755==    by 0x569F8E0: ??? (in /usr/lib/x86_64-linux-gnu/libcrypto.so.3)
==268755==    by 0x569FA9C: ??? (in /usr/lib/x86_64-linux-gnu/libcrypto.so.3)
==268755== 
==268755== 392 bytes in 7 blocks are still reachable in loss record 1,723 of 2,004
==268755==    at 0x4848899: malloc (in /usr/libexec/valgrind/vgpreload_memcheck-amd64-linux.so)
==268755==    by 0x561679D: CRYPTO_zalloc (in /usr/lib/x86_64-linux-gnu/libcrypto.so.3)
==268755==    by 0x5621B23: CRYPTO_THREAD_lock_new (in /usr/lib/x86_64-linux-gnu/libcrypto.so.3)
==268755==    by 0x55FABD8: ??? (in /usr/lib/x86_64-linux-gnu/libcrypto.so.3)
==268755==    by 0x55EBB09: ??? (in /usr/lib/x86_64-linux-gnu/libcrypto.so.3)
==268755==    by 0x560B7F8: ??? (in /usr/lib/x86_64-linux-gnu/libcrypto.so.3)
==268755==    by 0x560B71B: ??? (in /usr/lib/x86_64-linux-gnu/libcrypto.so.3)
==268755==    by 0x562AD6A: ??? (in /usr/lib/x86_64-linux-gnu/libcrypto.so.3)
==268755==    by 0x56F44E7: ??? (in /usr/lib/x86_64-linux-gnu/libcrypto.so.3)
==268755==    by 0x56F4B3D: ??? (in /usr/lib/x86_64-linux-gnu/libcrypto.so.3)
==268755==    by 0x55F783E: EVP_KEYEXCH_fetch (in /usr/lib/x86_64-linux-gnu/libcrypto.so.3)
==268755==    by 0x53F5256: SSL_CTX_new_ex (in /usr/lib/x86_64-linux-gnu/libssl.so.3)
==268755== 
==268755== 400 bytes in 10 blocks are still reachable in loss record 1,724 of 2,004
==268755==    at 0x4848899: malloc (in /usr/libexec/valgrind/vgpreload_memcheck-amd64-linux.so)
==268755==    by 0x5647AA0: ??? (in /usr/lib/x86_64-linux-gnu/libcrypto.so.3)
==268755==    by 0x55EBA69: ??? (in /usr/lib/x86_64-linux-gnu/libcrypto.so.3)
==268755==    by 0x560B85B: ??? (in /usr/lib/x86_64-linux-gnu/libcrypto.so.3)
==268755==    by 0x560B71B: ??? (in /usr/lib/x86_64-linux-gnu/libcrypto.so.3)
==268755==    by 0x562AD6A: ??? (in /usr/lib/x86_64-linux-gnu/libcrypto.so.3)
==268755==    by 0x56F44E7: ??? (in /usr/lib/x86_64-linux-gnu/libcrypto.so.3)
==268755==    by 0x56F4B3D: ??? (in /usr/lib/x86_64-linux-gnu/libcrypto.so.3)
==268755==    by 0x560BAEE: EVP_SIGNATURE_fetch (in /usr/lib/x86_64-linux-gnu/libcrypto.so.3)
==268755==    by 0x53F522E: SSL_CTX_new_ex (in /usr/lib/x86_64-linux-gnu/libssl.so.3)
==268755==    by 0x48F8280: ??? (in /usr/lib/x86_64-linux-gnu/libmysqlclient.so.21.2.42)
==268755==    by 0x489A042: ??? (in /usr/lib/x86_64-linux-gnu/libmysqlclient.so.21.2.42)
==268755== 
==268755== 408 bytes in 17 blocks are still reachable in loss record 1,725 of 2,004
==268755==    at 0x4848899: malloc (in /usr/libexec/valgrind/vgpreload_memcheck-amd64-linux.so)
==268755==    by 0x560C185: OPENSSL_LH_insert (in /usr/lib/x86_64-linux-gnu/libcrypto.so.3)
==268755==    by 0x56FD672: ??? (in /usr/lib/x86_64-linux-gnu/libcrypto.so.3)
==268755==    by 0x55CA89F: ERR_load_strings_const (in /usr/lib/x86_64-linux-gnu/libcrypto.so.3)
==268755==    by 0x561D2C2: ??? (in /usr/lib/x86_64-linux-gnu/libcrypto.so.3)
==268755==    by 0x522BEE7: __pthread_once_slow (pthread_once.c:116)
==268755==    by 0x5621C9C: CRYPTO_THREAD_run_once (in /usr/lib/x86_64-linux-gnu/libcrypto.so.3)
==268755==    by 0x561E992: OPENSSL_init_crypto (in /usr/lib/x86_64-linux-gnu/libcrypto.so.3)
==268755==    by 0x55CC336: ??? (in /usr/lib/x86_64-linux-gnu/libcrypto.so.3)
==268755==    by 0x55CCCFC: ERR_set_mark (in /usr/lib/x86_64-linux-gnu/libcrypto.so.3)
==268755==    by 0x55790E1: CONF_modules_load_file_ex (in /usr/lib/x86_64-linux-gnu/libcrypto.so.3)
==268755==    by 0x561E19F: ??? (in /usr/lib/x86_64-linux-gnu/libcrypto.so.3)
==268755== 
==268755== 416 bytes in 4 blocks are possibly lost in loss record 1,726 of 2,004
==268755==    at 0x4848899: malloc (in /usr/libexec/valgrind/vgpreload_memcheck-amd64-linux.so)
==268755==    by 0x55494E3: BN_MONT_CTX_new (in /usr/lib/x86_64-linux-gnu/libcrypto.so.3)
==268755==    by 0x55A1FAC: EC_GROUP_copy (in /usr/lib/x86_64-linux-gnu/libcrypto.so.3)
==268755==    by 0x55A250C: EC_GROUP_dup (in /usr/lib/x86_64-linux-gnu/libcrypto.so.3)
==268755==    by 0x55A2572: EC_KEY_set_group (in /usr/lib/x86_64-linux-gnu/libcrypto.so.3)
==268755==    by 0x56D78BC: ??? (in /usr/lib/x86_64-linux-gnu/libcrypto.so.3)
==268755==    by 0x5608028: EVP_PKEY_generate (in /usr/lib/x86_64-linux-gnu/libcrypto.so.3)
==268755==    by 0x53E1278: ??? (in /usr/lib/x86_64-linux-gnu/libssl.so.3)
==268755==    by 0x5412AC2: ??? (in /usr/lib/x86_64-linux-gnu/libssl.so.3)
==268755==    by 0x5415B60: ??? (in /usr/lib/x86_64-linux-gnu/libssl.so.3)
==268755==    by 0x5421483: ??? (in /usr/lib/x86_64-linux-gnu/libssl.so.3)
==268755==    by 0x542088C: ??? (in /usr/lib/x86_64-linux-gnu/libssl.so.3)
==268755== 
==268755== 416 bytes in 4 blocks are possibly lost in loss record 1,727 of 2,004
==268755==    at 0x4848899: malloc (in /usr/libexec/valgrind/vgpreload_memcheck-amd64-linux.so)
==268755==    by 0x55494E3: BN_MONT_CTX_new (in /usr/lib/x86_64-linux-gnu/libcrypto.so.3)
==268755==    by 0x55AFFF2: ??? (in /usr/lib/x86_64-linux-gnu/libcrypto.so.3)
==268755==    by 0x55A250C: EC_GROUP_dup (in /usr/lib/x86_64-linux-gnu/libcrypto.so.3)
==268755==    by 0x55A2572: EC_KEY_set_group (in /usr/lib/x86_64-linux-gnu/libcrypto.so.3)
==268755==    by 0x56D78BC: ??? (in /usr/lib/x86_64-linux-gnu/libcrypto.so.3)
==268755==    by 0x5608028: EVP_PKEY_generate (in /usr/lib/x86_64-linux-gnu/libcrypto.so.3)
==268755==    by 0x53E1278: ??? (in /usr/lib/x86_64-linux-gnu/libssl.so.3)
==268755==    by 0x5412AC2: ??? (in /usr/lib/x86_64-linux-gnu/libssl.so.3)
==268755==    by 0x5415B60: ??? (in /usr/lib/x86_64-linux-gnu/libssl.so.3)
==268755==    by 0x5421483: ??? (in /usr/lib/x86_64-linux-gnu/libssl.so.3)
==268755==    by 0x542088C: ??? (in /usr/lib/x86_64-linux-gnu/libssl.so.3)
==268755== 
==268755== 416 bytes in 4 blocks are possibly lost in loss record 1,728 of 2,004
==268755==    at 0x4848899: malloc (in /usr/libexec/valgrind/vgpreload_memcheck-amd64-linux.so)
==268755==    by 0x55494E3: BN_MONT_CTX_new (in /usr/lib/x86_64-linux-gnu/libcrypto.so.3)
==268755==    by 0x55A1FAC: EC_GROUP_copy (in /usr/lib/x86_64-linux-gnu/libcrypto.so.3)
==268755==    by 0x55A21F5: ??? (in /usr/lib/x86_64-linux-gnu/libcrypto.so.3)
==268755==    by 0x55FD533: ??? (in /usr/lib/x86_64-linux-gnu/libcrypto.so.3)
==268755==    by 0x5608C3F: EVP_PKEY_copy_parameters (in /usr/lib/x86_64-linux-gnu/libcrypto.so.3)
==268755==    by 0x5414439: ??? (in /usr/lib/x86_64-linux-gnu/libssl.so.3)
==268755==    by 0x5408838: ??? (in /usr/lib/x86_64-linux-gnu/libssl.so.3)
==268755==    by 0x541C24A: ??? (in /usr/lib/x86_64-linux-gnu/libssl.so.3)
==268755==    by 0x541EA94: ??? (in /usr/lib/x86_64-linux-gnu/libssl.so.3)
==268755==    by 0x5420697: ??? (in /usr/lib/x86_64-linux-gnu/libssl.so.3)
==268755==    by 0x48F8F69: ??? (in /usr/lib/x86_64-linux-gnu/libmysqlclient.so.21.2.42)
==268755== 
==268755== 416 bytes in 4 blocks are possibly lost in loss record 1,729 of 2,004
==268755==    at 0x4848899: malloc (in /usr/libexec/valgrind/vgpreload_memcheck-amd64-linux.so)
==268755==    by 0x55494E3: BN_MONT_CTX_new (in /usr/lib/x86_64-linux-gnu/libcrypto.so.3)
==268755==    by 0x55AFFF2: ??? (in /usr/lib/x86_64-linux-gnu/libcrypto.so.3)
==268755==    by 0x55A21F5: ??? (in /usr/lib/x86_64-linux-gnu/libcrypto.so.3)
==268755==    by 0x55FD533: ??? (in /usr/lib/x86_64-linux-gnu/libcrypto.so.3)
==268755==    by 0x5608C3F: EVP_PKEY_copy_parameters (in /usr/lib/x86_64-linux-gnu/libcrypto.so.3)
==268755==    by 0x5414439: ??? (in /usr/lib/x86_64-linux-gnu/libssl.so.3)
==268755==    by 0x5408838: ??? (in /usr/lib/x86_64-linux-gnu/libssl.so.3)
==268755==    by 0x541C24A: ??? (in /usr/lib/x86_64-linux-gnu/libssl.so.3)
==268755==    by 0x541EA94: ??? (in /usr/lib/x86_64-linux-gnu/libssl.so.3)
==268755==    by 0x5420697: ??? (in /usr/lib/x86_64-linux-gnu/libssl.so.3)
==268755==    by 0x48F8F69: ??? (in /usr/lib/x86_64-linux-gnu/libmysqlclient.so.21.2.42)
==268755== 
==268755== 416 bytes in 4 blocks are possibly lost in loss record 1,730 of 2,004
==268755==    at 0x4848899: malloc (in /usr/libexec/valgrind/vgpreload_memcheck-amd64-linux.so)
==268755==    by 0x55494E3: BN_MONT_CTX_new (in /usr/lib/x86_64-linux-gnu/libcrypto.so.3)
==268755==    by 0x5552824: BN_MONT_CTX_set_locked (in /usr/lib/x86_64-linux-gnu/libcrypto.so.3)
==268755==    by 0x5657838: ??? (in /usr/lib/x86_64-linux-gnu/libcrypto.so.3)
==268755==    by 0x56E7644: ??? (in /usr/lib/x86_64-linux-gnu/libcrypto.so.3)
==268755==    by 0x56E7825: ??? (in /usr/lib/x86_64-linux-gnu/libcrypto.so.3)
==268755==    by 0x55FF1DB: EVP_DigestVerifyFinal (in /usr/lib/x86_64-linux-gnu/libcrypto.so.3)
==268755==    by 0x5426773: ??? (in /usr/lib/x86_64-linux-gnu/libssl.so.3)
==268755==    by 0x541EA94: ??? (in /usr/lib/x86_64-linux-gnu/libssl.so.3)
==268755==    by 0x5420697: ??? (in /usr/lib/x86_64-linux-gnu/libssl.so.3)
==268755==    by 0x48F8F69: ??? (in /usr/lib/x86_64-linux-gnu/libmysqlclient.so.21.2.42)
==268755==    by 0x489A12C: ??? (in /usr/lib/x86_64-linux-gnu/libmysqlclient.so.21.2.42)
==268755== 
==268755== 432 bytes in 1 blocks are still reachable in loss record 1,731 of 2,004
==268755==    at 0x4849013: operator new(unsigned long) (in /usr/libexec/valgrind/vgpreload_memcheck-amd64-linux.so)
==268755==    by 0x25255C: Catch::Singleton<Catch::StringStreams, Catch::StringStreams, Catch::StringStreams>::getInternal() (catch_singletons.hpp:28)
==268755==    by 0x251EA1: Catch::Singleton<Catch::StringStreams, Catch::StringStreams, Catch::StringStreams>::getMutable() (catch_singletons.hpp:39)
==268755==    by 0x2518D0: Catch::ReusableStringStream::ReusableStringStream() (catch_reusable_string_stream.cpp:43)
==268755==    by 0x217DDD: Catch::TestSpec::extractFilterName[abi:cxx11](Catch::TestSpec::Filter const&) (catch_test_spec.cpp:96)
==268755==    by 0x217FF9: Catch::TestSpec::matchesByFilter(std::vector<Catch::TestCaseHandle, std::allocator<Catch::TestCaseHandle> > const&, Catch::IConfig const&) const::{lambda(Catch::TestSpec::Filter const&)#1}::operator()(Catch::TestSpec::Filter const&) const (catch_test_spec.cpp:117)
==268755==    by 0x2182F3: __gnu_cxx::__normal_iterator<Catch::TestSpec::FilterMatch*, std::vector<Catch::TestSpec::FilterMatch, std::allocator<Catch::TestSpec::FilterMatch> > > std::transform<__gnu_cxx::__normal_iterator<Catch::TestSpec::Filter const*, std::vector<Catch::TestSpec::Filter, std::allocator<Catch::TestSpec::Filter> > >, __gnu_cxx::__normal_iterator<Catch::TestSpec::FilterMatch*, std::vector<Catch::TestSpec::FilterMatch, std::allocator<Catch::TestSpec::FilterMatch> > >, Catch::TestSpec::matchesByFilter(std::vector<Catch::TestCaseHandle, std::allocator<Catch::TestCaseHandle> > const&, Catch::IConfig const&) const::{lambda(Catch::TestSpec::Filter const&)#1}>(__gnu_cxx::__normal_iterator<Catch::TestSpec::Filter const*, std::vector<Catch::TestSpec::Filter, std::allocator<Catch::TestSpec::Filter> > >, __gnu_cxx::__normal_iterator<Catch::TestSpec::Filter const*, std::vector<Catch::TestSpec::Filter, std::allocator<Catch::TestSpec::Filter> > >, __gnu_cxx::__normal_iterator<Catch::TestSpec::FilterMatch*, std::vector<Catch::TestSpec::FilterMatch, std::allocator<Catch::TestSpec::FilterMatch> > >, Catch::TestSpec::matchesByFilter(std::vector<Catch::TestCaseHandle, std::allocator<Catch::TestCaseHandle> > const&, Catch::IConfig const&) const::{lambda(Catch::TestSpec::Filter const&)#1}) (stl_algo.h:4296)
==268755==    by 0x21811D: Catch::TestSpec::matchesByFilter(std::vector<Catch::TestCaseHandle, std::allocator<Catch::TestCaseHandle> > const&, Catch::IConfig const&) const (catch_test_spec.cpp:112)
==268755==    by 0x205C50: Catch::(anonymous namespace)::TestGroup::TestGroup(Catch::Detail::unique_ptr<Catch::IEventListener>&&, Catch::Config const*) (catch_session.cpp:96)
==268755==    by 0x207416: Catch::Session::runInternal() (catch_session.cpp:331)
==268755==    by 0x206F31: Catch::Session::run() (catch_session.cpp:263)
==268755==    by 0x202254: int Catch::Session::run<char>(int, char const* const*) (catch_session.hpp:41)
==268755== 
==268755== 432 bytes in 6 blocks are still reachable in loss record 1,732 of 2,004
==268755==    at 0x4849013: operator new(unsigned long) (in /usr/libexec/valgrind/vgpreload_memcheck-amd64-linux.so)
==268755==    by 0x2E895B: YAML::detail::memory::create_node() (memory.cpp:17)
==268755==    by 0x1348BD: YAML::detail::memory_holder::create_node() (memory.h:38)
==268755==    by 0x3103BB: YAML::NodeBuilder::Push(YAML::Mark const&, unsigned long) (nodebuilder.cpp:81)
==268755==    by 0x3102D2: YAML::NodeBuilder::OnMapStart(YAML::Mark const&, std::__cxx11::basic_string<char, std::char_traits<char>, std::allocator<char> > const&, unsigned long, YAML::EmitterStyle::value) (nodebuilder.cpp:67)
==268755==    by 0x306B16: YAML::SingleDocParser::HandleNode(YAML::EventHandler&) (singledocparser.cpp:127)
==268755==    by 0x307125: YAML::SingleDocParser::HandleBlockSequence(YAML::EventHandler&) (singledocparser.cpp:192)
==268755==    by 0x306E49: YAML::SingleDocParser::HandleSequence(YAML::EventHandler&) (singledocparser.cpp:155)
==268755==    by 0x306A43: YAML::SingleDocParser::HandleNode(YAML::EventHandler&) (singledocparser.cpp:118)
==268755==    by 0x307975: YAML::SingleDocParser::HandleBlockMap(YAML::EventHandler&) (singledocparser.cpp:281)
==268755==    by 0x30762F: YAML::SingleDocParser::HandleMap(YAML::EventHandler&) (singledocparser.cpp:235)
==268755==    by 0x306B2F: YAML::SingleDocParser::HandleNode(YAML::EventHandler&) (singledocparser.cpp:128)
==268755== 
==268755== 432 bytes in 6 blocks are still reachable in loss record 1,733 of 2,004
==268755==    at 0x4849013: operator new(unsigned long) (in /usr/libexec/valgrind/vgpreload_memcheck-amd64-linux.so)
==268755==    by 0x2E895B: YAML::detail::memory::create_node() (memory.cpp:17)
==268755==    by 0x1348BD: YAML::detail::memory_holder::create_node() (memory.h:38)
==268755==    by 0x3103BB: YAML::NodeBuilder::Push(YAML::Mark const&, unsigned long) (nodebuilder.cpp:81)
==268755==    by 0x3102D2: YAML::NodeBuilder::OnMapStart(YAML::Mark const&, std::__cxx11::basic_string<char, std::char_traits<char>, std::allocator<char> > const&, unsigned long, YAML::EmitterStyle::value) (nodebuilder.cpp:67)
==268755==    by 0x306B16: YAML::SingleDocParser::HandleNode(YAML::EventHandler&) (singledocparser.cpp:127)
==268755==    by 0x307975: YAML::SingleDocParser::HandleBlockMap(YAML::EventHandler&) (singledocparser.cpp:281)
==268755==    by 0x30762F: YAML::SingleDocParser::HandleMap(YAML::EventHandler&) (singledocparser.cpp:235)
==268755==    by 0x306B2F: YAML::SingleDocParser::HandleNode(YAML::EventHandler&) (singledocparser.cpp:128)
==268755==    by 0x307125: YAML::SingleDocParser::HandleBlockSequence(YAML::EventHandler&) (singledocparser.cpp:192)
==268755==    by 0x306E49: YAML::SingleDocParser::HandleSequence(YAML::EventHandler&) (singledocparser.cpp:155)
==268755==    by 0x306A43: YAML::SingleDocParser::HandleNode(YAML::EventHandler&) (singledocparser.cpp:118)
==268755== 
==268755== 432 bytes in 18 blocks are still reachable in loss record 1,734 of 2,004
==268755==    at 0x4848899: malloc (in /usr/libexec/valgrind/vgpreload_memcheck-amd64-linux.so)
==268755==    by 0x561679D: CRYPTO_zalloc (in /usr/lib/x86_64-linux-gnu/libcrypto.so.3)
==268755==    by 0x5647EE1: ??? (in /usr/lib/x86_64-linux-gnu/libcrypto.so.3)
==268755==    by 0x55EBA69: ??? (in /usr/lib/x86_64-linux-gnu/libcrypto.so.3)
==268755==    by 0x560B85B: ??? (in /usr/lib/x86_64-linux-gnu/libcrypto.so.3)
==268755==    by 0x560B71B: ??? (in /usr/lib/x86_64-linux-gnu/libcrypto.so.3)
==268755==    by 0x562AD6A: ??? (in /usr/lib/x86_64-linux-gnu/libcrypto.so.3)
==268755==    by 0x56F44E7: ??? (in /usr/lib/x86_64-linux-gnu/libcrypto.so.3)
==268755==    by 0x56F4B3D: ??? (in /usr/lib/x86_64-linux-gnu/libcrypto.so.3)
==268755==    by 0x55F804E: EVP_KEYMGMT_fetch (in /usr/lib/x86_64-linux-gnu/libcrypto.so.3)
==268755==    by 0x56069C0: ??? (in /usr/lib/x86_64-linux-gnu/libcrypto.so.3)
==268755==    by 0x53F5452: SSL_CTX_new_ex (in /usr/lib/x86_64-linux-gnu/libssl.so.3)
==268755== 
==268755== 434 bytes in 20 blocks are still reachable in loss record 1,735 of 2,004
==268755==    at 0x4848899: malloc (in /usr/libexec/valgrind/vgpreload_memcheck-amd64-linux.so)
==268755==    by 0x56177D2: CRYPTO_strndup (in /usr/lib/x86_64-linux-gnu/libcrypto.so.3)
==268755==    by 0x5619521: ??? (in /usr/lib/x86_64-linux-gnu/libcrypto.so.3)
==268755==    by 0x5615FC0: ??? (in /usr/lib/x86_64-linux-gnu/libcrypto.so.3)
==268755==    by 0x560C486: OPENSSL_LH_doall_arg (in /usr/lib/x86_64-linux-gnu/libcrypto.so.3)
==268755==    by 0x562D2EA: OBJ_NAME_do_all (in /usr/lib/x86_64-linux-gnu/libcrypto.so.3)
==268755==    by 0x5615B3D: ??? (in /usr/lib/x86_64-linux-gnu/libcrypto.so.3)
==268755==    by 0x56F4A6B: ??? (in /usr/lib/x86_64-linux-gnu/libcrypto.so.3)
==268755==    by 0x55EC302: EVP_CIPHER_fetch (in /usr/lib/x86_64-linux-gnu/libcrypto.so.3)
==268755==    by 0x53F137A: ??? (in /usr/lib/x86_64-linux-gnu/libssl.so.3)
==268755==    by 0x53F5161: SSL_CTX_new_ex (in /usr/lib/x86_64-linux-gnu/libssl.so.3)
==268755==    by 0x48F8280: ??? (in /usr/lib/x86_64-linux-gnu/libmysqlclient.so.21.2.42)
==268755== 
==268755== 440 bytes in 5 blocks are possibly lost in loss record 1,736 of 2,004
==268755==    at 0x4848899: malloc (in /usr/libexec/valgrind/vgpreload_memcheck-amd64-linux.so)
==268755==    by 0x48F04CF: ??? (in /usr/lib/x86_64-linux-gnu/libmysqlclient.so.21.2.42)
==268755==    by 0x49022B6: ??? (in /usr/lib/x86_64-linux-gnu/libmysqlclient.so.21.2.42)
==268755==    by 0x489D28E: ??? (in /usr/lib/x86_64-linux-gnu/libmysqlclient.so.21.2.42)
==268755==    by 0x48A3273: ??? (in /usr/lib/x86_64-linux-gnu/libmysqlclient.so.21.2.42)
==268755==    by 0x489EF82: mysql_real_connect (in /usr/lib/x86_64-linux-gnu/libmysqlclient.so.21.2.42)
==268755==    by 0x1EC2E1: cpp_dbc::MySQL::MySQLConnection::MySQLConnection(std::__cxx11::basic_string<char, std::char_traits<char>, std::allocator<char> > const&, int, std::__cxx11::basic_string<char, std::char_traits<char>, std::allocator<char> > const&, std::__cxx11::basic_string<char, std::char_traits<char>, std::allocator<char> > const&, std::__cxx11::basic_string<char, std::char_traits<char>, std::allocator<char> > const&) (driver_mysql.cpp:624)
==268755==    by 0x1F6A72: decltype (::new ((void*)(0)) cpp_dbc::MySQL::MySQLConnection((declval<std::__cxx11::basic_string<char, std::char_traits<char>, std::allocator<char> >&>)(), (declval<int&>)(), (declval<std::__cxx11::basic_string<char, std::char_traits<char>, std::allocator<char> >&>)(), (declval<std::__cxx11::basic_string<char, std::char_traits<char>, std::allocator<char> > const&>)(), (declval<std::__cxx11::basic_string<char, std::char_traits<char>, std::allocator<char> > const&>)())) std::construct_at<cpp_dbc::MySQL::MySQLConnection, std::__cxx11::basic_string<char, std::char_traits<char>, std::allocator<char> >&, int&, std::__cxx11::basic_string<char, std::char_traits<char>, std::allocator<char> >&, std::__cxx11::basic_string<char, std::char_traits<char>, std::allocator<char> > const&, std::__cxx11::basic_string<char, std::char_traits<char>, std::allocator<char> > const&>(cpp_dbc::MySQL::MySQLConnection*, std::__cxx11::basic_string<char, std::char_traits<char>, std::allocator<char> >&, int&, std::__cxx11::basic_string<char, std::char_traits<char>, std::allocator<char> >&, std::__cxx11::basic_string<char, std::char_traits<char>, std::allocator<char> > const&, std::__cxx11::basic_string<char, std::char_traits<char>, std::allocator<char> > const&) (stl_construct.h:97)
==268755==    by 0x1F6B2E: void std::allocator_traits<std::allocator<cpp_dbc::MySQL::MySQLConnection> >::construct<cpp_dbc::MySQL::MySQLConnection, std::__cxx11::basic_string<char, std::char_traits<char>, std::allocator<char> >&, int&, std::__cxx11::basic_string<char, std::char_traits<char>, std::allocator<char> >&, std::__cxx11::basic_string<char, std::char_traits<char>, std::allocator<char> > const&, std::__cxx11::basic_string<char, std::char_traits<char>, std::allocator<char> > const&>(std::allocator<cpp_dbc::MySQL::MySQLConnection>&, cpp_dbc::MySQL::MySQLConnection*, std::__cxx11::basic_string<char, std::char_traits<char>, std::allocator<char> >&, int&, std::__cxx11::basic_string<char, std::char_traits<char>, std::allocator<char> >&, std::__cxx11::basic_string<char, std::char_traits<char>, std::allocator<char> > const&, std::__cxx11::basic_string<char, std::char_traits<char>, std::allocator<char> > const&) (alloc_traits.h:518)
==268755==    by 0x1F602C: std::_Sp_counted_ptr_inplace<cpp_dbc::MySQL::MySQLConnection, std::allocator<cpp_dbc::MySQL::MySQLConnection>, (__gnu_cxx::_Lock_policy)2>::_Sp_counted_ptr_inplace<std::__cxx11::basic_string<char, std::char_traits<char>, std::allocator<char> >&, int&, std::__cxx11::basic_string<char, std::char_traits<char>, std::allocator<char> >&, std::__cxx11::basic_string<char, std::char_traits<char>, std::allocator<char> > const&, std::__cxx11::basic_string<char, std::char_traits<char>, std::allocator<char> > const&>(std::allocator<cpp_dbc::MySQL::MySQLConnection>, std::__cxx11::basic_string<char, std::char_traits<char>, std::allocator<char> >&, int&, std::__cxx11::basic_string<char, std::char_traits<char>, std::allocator<char> >&, std::__cxx11::basic_string<char, std::char_traits<char>, std::allocator<char> > const&, std::__cxx11::basic_string<char, std::char_traits<char>, std::allocator<char> > const&) (shared_ptr_base.h:519)
==268755==    by 0x1F4FF2: std::__shared_count<(__gnu_cxx::_Lock_policy)2>::__shared_count<cpp_dbc::MySQL::MySQLConnection, std::allocator<cpp_dbc::MySQL::MySQLConnection>, std::__cxx11::basic_string<char, std::char_traits<char>, std::allocator<char> >&, int&, std::__cxx11::basic_string<char, std::char_traits<char>, std::allocator<char> >&, std::__cxx11::basic_string<char, std::char_traits<char>, std::allocator<char> > const&, std::__cxx11::basic_string<char, std::char_traits<char>, std::allocator<char> > const&>(cpp_dbc::MySQL::MySQLConnection*&, std::_Sp_alloc_shared_tag<std::allocator<cpp_dbc::MySQL::MySQLConnection> >, std::__cxx11::basic_string<char, std::char_traits<char>, std::allocator<char> >&, int&, std::__cxx11::basic_string<char, std::char_traits<char>, std::allocator<char> >&, std::__cxx11::basic_string<char, std::char_traits<char>, std::allocator<char> > const&, std::__cxx11::basic_string<char, std::char_traits<char>, std::allocator<char> > const&) (shared_ptr_base.h:650)
==268755==    by 0x1F42B5: std::__shared_ptr<cpp_dbc::MySQL::MySQLConnection, (__gnu_cxx::_Lock_policy)2>::__shared_ptr<std::allocator<cpp_dbc::MySQL::MySQLConnection>, std::__cxx11::basic_string<char, std::char_traits<char>, std::allocator<char> >&, int&, std::__cxx11::basic_string<char, std::char_traits<char>, std::allocator<char> >&, std::__cxx11::basic_string<char, std::char_traits<char>, std::allocator<char> > const&, std::__cxx11::basic_string<char, std::char_traits<char>, std::allocator<char> > const&>(std::_Sp_alloc_shared_tag<std::allocator<cpp_dbc::MySQL::MySQLConnection> >, std::__cxx11::basic_string<char, std::char_traits<char>, std::allocator<char> >&, int&, std::__cxx11::basic_string<char, std::char_traits<char>, std::allocator<char> >&, std::__cxx11::basic_string<char, std::char_traits<char>, std::allocator<char> > const&, std::__cxx11::basic_string<char, std::char_traits<char>, std::allocator<char> > const&) (shared_ptr_base.h:1342)
==268755== 
==268755== 448 bytes in 1 blocks are still reachable in loss record 1,737 of 2,004
==268755==    at 0x4848899: malloc (in /usr/libexec/valgrind/vgpreload_memcheck-amd64-linux.so)
==268755==    by 0x561679D: CRYPTO_zalloc (in /usr/lib/x86_64-linux-gnu/libcrypto.so.3)
==268755==    by 0x569BF2D: ??? (in /usr/lib/x86_64-linux-gnu/libcrypto.so.3)
==268755==    by 0x55F4A00: ??? (in /usr/lib/x86_64-linux-gnu/libcrypto.so.3)
==268755==    by 0x55F4C7E: EVP_CipherInit_ex (in /usr/lib/x86_64-linux-gnu/libcrypto.so.3)
==268755==    by 0x56DF2B1: ??? (in /usr/lib/x86_64-linux-gnu/libcrypto.so.3)
==268755==    by 0x56DF612: ??? (in /usr/lib/x86_64-linux-gnu/libcrypto.so.3)
==268755==    by 0x55F7637: EVP_RAND_instantiate (in /usr/lib/x86_64-linux-gnu/libcrypto.so.3)
==268755==    by 0x5649661: ??? (in /usr/lib/x86_64-linux-gnu/libcrypto.so.3)
==268755==    by 0x56497FB: RAND_get0_primary (in /usr/lib/x86_64-linux-gnu/libcrypto.so.3)
==268755==    by 0x5649DF7: RAND_get0_public (in /usr/lib/x86_64-linux-gnu/libcrypto.so.3)
==268755==    by 0x5649EE7: RAND_bytes_ex (in /usr/lib/x86_64-linux-gnu/libcrypto.so.3)
==268755== 
==268755== 448 bytes in 1 blocks are still reachable in loss record 1,738 of 2,004
==268755==    at 0x4848899: malloc (in /usr/libexec/valgrind/vgpreload_memcheck-amd64-linux.so)
==268755==    by 0x561679D: CRYPTO_zalloc (in /usr/lib/x86_64-linux-gnu/libcrypto.so.3)
==268755==    by 0x569C82D: ??? (in /usr/lib/x86_64-linux-gnu/libcrypto.so.3)
==268755==    by 0x55F4A00: ??? (in /usr/lib/x86_64-linux-gnu/libcrypto.so.3)
==268755==    by 0x55F4C7E: EVP_CipherInit_ex (in /usr/lib/x86_64-linux-gnu/libcrypto.so.3)
==268755==    by 0x56DF2D3: ??? (in /usr/lib/x86_64-linux-gnu/libcrypto.so.3)
==268755==    by 0x56DF612: ??? (in /usr/lib/x86_64-linux-gnu/libcrypto.so.3)
==268755==    by 0x55F7637: EVP_RAND_instantiate (in /usr/lib/x86_64-linux-gnu/libcrypto.so.3)
==268755==    by 0x5649661: ??? (in /usr/lib/x86_64-linux-gnu/libcrypto.so.3)
==268755==    by 0x56497FB: RAND_get0_primary (in /usr/lib/x86_64-linux-gnu/libcrypto.so.3)
==268755==    by 0x5649DF7: RAND_get0_public (in /usr/lib/x86_64-linux-gnu/libcrypto.so.3)
==268755==    by 0x5649EE7: RAND_bytes_ex (in /usr/lib/x86_64-linux-gnu/libcrypto.so.3)
==268755== 
==268755== 448 bytes in 1 blocks are still reachable in loss record 1,739 of 2,004
==268755==    at 0x4848899: malloc (in /usr/libexec/valgrind/vgpreload_memcheck-amd64-linux.so)
==268755==    by 0x561679D: CRYPTO_zalloc (in /usr/lib/x86_64-linux-gnu/libcrypto.so.3)
==268755==    by 0x569BF2D: ??? (in /usr/lib/x86_64-linux-gnu/libcrypto.so.3)
==268755==    by 0x55F4A00: ??? (in /usr/lib/x86_64-linux-gnu/libcrypto.so.3)
==268755==    by 0x55F4C7E: EVP_CipherInit_ex (in /usr/lib/x86_64-linux-gnu/libcrypto.so.3)
==268755==    by 0x56DF320: ??? (in /usr/lib/x86_64-linux-gnu/libcrypto.so.3)
==268755==    by 0x56DF612: ??? (in /usr/lib/x86_64-linux-gnu/libcrypto.so.3)
==268755==    by 0x55F7637: EVP_RAND_instantiate (in /usr/lib/x86_64-linux-gnu/libcrypto.so.3)
==268755==    by 0x5649661: ??? (in /usr/lib/x86_64-linux-gnu/libcrypto.so.3)
==268755==    by 0x56497FB: RAND_get0_primary (in /usr/lib/x86_64-linux-gnu/libcrypto.so.3)
==268755==    by 0x5649DF7: RAND_get0_public (in /usr/lib/x86_64-linux-gnu/libcrypto.so.3)
==268755==    by 0x5649EE7: RAND_bytes_ex (in /usr/lib/x86_64-linux-gnu/libcrypto.so.3)
==268755== 
==268755== 448 bytes in 6 blocks are still reachable in loss record 1,740 of 2,004
==268755==    at 0x4849013: operator new(unsigned long) (in /usr/libexec/valgrind/vgpreload_memcheck-amd64-linux.so)
==268755==    by 0x2E83A3: __gnu_cxx::new_allocator<YAML::RegEx>::allocate(unsigned long, void const*) (new_allocator.h:127)
==268755==    by 0x2E82B6: std::allocator_traits<std::allocator<YAML::RegEx> >::allocate(std::allocator<YAML::RegEx>&, unsigned long) (alloc_traits.h:464)
==268755==    by 0x2E80FD: std::_Vector_base<YAML::RegEx, std::allocator<YAML::RegEx> >::_M_allocate(unsigned long) (stl_vector.h:346)
==268755==    by 0x2E7E74: std::_Vector_base<YAML::RegEx, std::allocator<YAML::RegEx> >::_M_create_storage(unsigned long) (stl_vector.h:361)
==268755==    by 0x2E7904: std::_Vector_base<YAML::RegEx, std::allocator<YAML::RegEx> >::_Vector_base(unsigned long, std::allocator<YAML::RegEx> const&) (stl_vector.h:305)
==268755==    by 0x2E7428: std::vector<YAML::RegEx, std::allocator<YAML::RegEx> >::vector(std::vector<YAML::RegEx, std::allocator<YAML::RegEx> > const&) (stl_vector.h:555)
==268755==    by 0x2E5FD6: YAML::RegEx::RegEx(YAML::RegEx const&) (regex_yaml.h:31)
==268755==    by 0x2E82FF: void std::_Construct<YAML::RegEx, YAML::RegEx const&>(YAML::RegEx*, YAML::RegEx const&) (stl_construct.h:119)
==268755==    by 0x2F681B: YAML::RegEx* std::__uninitialized_copy<false>::__uninit_copy<YAML::RegEx const*, YAML::RegEx*>(YAML::RegEx const*, YAML::RegEx const*, YAML::RegEx*) (stl_uninitialized.h:92)
==268755==    by 0x2F6745: YAML::RegEx* std::uninitialized_copy<YAML::RegEx const*, YAML::RegEx*>(YAML::RegEx const*, YAML::RegEx const*, YAML::RegEx*) (stl_uninitialized.h:151)
==268755==    by 0x2F6616: YAML::RegEx* std::__uninitialized_copy_a<YAML::RegEx const*, YAML::RegEx*, YAML::RegEx>(YAML::RegEx const*, YAML::RegEx const*, YAML::RegEx*, std::allocator<YAML::RegEx>&) (stl_uninitialized.h:333)
==268755== 
==268755== 448 bytes in 4 blocks are possibly lost in loss record 1,741 of 2,004
==268755==    at 0x4848899: malloc (in /usr/libexec/valgrind/vgpreload_memcheck-amd64-linux.so)
==268755==    by 0x561679D: CRYPTO_zalloc (in /usr/lib/x86_64-linux-gnu/libcrypto.so.3)
==268755==    by 0x5692263: X509_VERIFY_PARAM_new (in /usr/lib/x86_64-linux-gnu/libcrypto.so.3)
==268755==    by 0x53F6183: SSL_new (in /usr/lib/x86_64-linux-gnu/libssl.so.3)
==268755==    by 0x48F901B: ??? (in /usr/lib/x86_64-linux-gnu/libmysqlclient.so.21.2.42)
==268755==    by 0x489A12C: ??? (in /usr/lib/x86_64-linux-gnu/libmysqlclient.so.21.2.42)
==268755==    by 0x489AD71: ??? (in /usr/lib/x86_64-linux-gnu/libmysqlclient.so.21.2.42)
==268755==    by 0x48A3273: ??? (in /usr/lib/x86_64-linux-gnu/libmysqlclient.so.21.2.42)
==268755==    by 0x489EF82: mysql_real_connect (in /usr/lib/x86_64-linux-gnu/libmysqlclient.so.21.2.42)
==268755==    by 0x1EC2E1: cpp_dbc::MySQL::MySQLConnection::MySQLConnection(std::__cxx11::basic_string<char, std::char_traits<char>, std::allocator<char> > const&, int, std::__cxx11::basic_string<char, std::char_traits<char>, std::allocator<char> > const&, std::__cxx11::basic_string<char, std::char_traits<char>, std::allocator<char> > const&, std::__cxx11::basic_string<char, std::char_traits<char>, std::allocator<char> > const&) (driver_mysql.cpp:624)
==268755==    by 0x1F6A72: decltype (::new ((void*)(0)) cpp_dbc::MySQL::MySQLConnection((declval<std::__cxx11::basic_string<char, std::char_traits<char>, std::allocator<char> >&>)(), (declval<int&>)(), (declval<std::__cxx11::basic_string<char, std::char_traits<char>, std::allocator<char> >&>)(), (declval<std::__cxx11::basic_string<char, std::char_traits<char>, std::allocator<char> > const&>)(), (declval<std::__cxx11::basic_string<char, std::char_traits<char>, std::allocator<char> > const&>)())) std::construct_at<cpp_dbc::MySQL::MySQLConnection, std::__cxx11::basic_string<char, std::char_traits<char>, std::allocator<char> >&, int&, std::__cxx11::basic_string<char, std::char_traits<char>, std::allocator<char> >&, std::__cxx11::basic_string<char, std::char_traits<char>, std::allocator<char> > const&, std::__cxx11::basic_string<char, std::char_traits<char>, std::allocator<char> > const&>(cpp_dbc::MySQL::MySQLConnection*, std::__cxx11::basic_string<char, std::char_traits<char>, std::allocator<char> >&, int&, std::__cxx11::basic_string<char, std::char_traits<char>, std::allocator<char> >&, std::__cxx11::basic_string<char, std::char_traits<char>, std::allocator<char> > const&, std::__cxx11::basic_string<char, std::char_traits<char>, std::allocator<char> > const&) (stl_construct.h:97)
==268755==    by 0x1F6B2E: void std::allocator_traits<std::allocator<cpp_dbc::MySQL::MySQLConnection> >::construct<cpp_dbc::MySQL::MySQLConnection, std::__cxx11::basic_string<char, std::char_traits<char>, std::allocator<char> >&, int&, std::__cxx11::basic_string<char, std::char_traits<char>, std::allocator<char> >&, std::__cxx11::basic_string<char, std::char_traits<char>, std::allocator<char> > const&, std::__cxx11::basic_string<char, std::char_traits<char>, std::allocator<char> > const&>(std::allocator<cpp_dbc::MySQL::MySQLConnection>&, cpp_dbc::MySQL::MySQLConnection*, std::__cxx11::basic_string<char, std::char_traits<char>, std::allocator<char> >&, int&, std::__cxx11::basic_string<char, std::char_traits<char>, std::allocator<char> >&, std::__cxx11::basic_string<char, std::char_traits<char>, std::allocator<char> > const&, std::__cxx11::basic_string<char, std::char_traits<char>, std::allocator<char> > const&) (alloc_traits.h:518)
==268755== 
==268755== 448 bytes in 4 blocks are possibly lost in loss record 1,742 of 2,004
==268755==    at 0x4848899: malloc (in /usr/libexec/valgrind/vgpreload_memcheck-amd64-linux.so)
==268755==    by 0x561679D: CRYPTO_zalloc (in /usr/lib/x86_64-linux-gnu/libcrypto.so.3)
==268755==    by 0x55A19D9: ??? (in /usr/lib/x86_64-linux-gnu/libcrypto.so.3)
==268755==    by 0x56D77CF: ??? (in /usr/lib/x86_64-linux-gnu/libcrypto.so.3)
==268755==    by 0x5608028: EVP_PKEY_generate (in /usr/lib/x86_64-linux-gnu/libcrypto.so.3)
==268755==    by 0x53E1278: ??? (in /usr/lib/x86_64-linux-gnu/libssl.so.3)
==268755==    by 0x5412AC2: ??? (in /usr/lib/x86_64-linux-gnu/libssl.so.3)
==268755==    by 0x5415B60: ??? (in /usr/lib/x86_64-linux-gnu/libssl.so.3)
==268755==    by 0x5421483: ??? (in /usr/lib/x86_64-linux-gnu/libssl.so.3)
==268755==    by 0x542088C: ??? (in /usr/lib/x86_64-linux-gnu/libssl.so.3)
==268755==    by 0x48F8F69: ??? (in /usr/lib/x86_64-linux-gnu/libmysqlclient.so.21.2.42)
==268755==    by 0x489A12C: ??? (in /usr/lib/x86_64-linux-gnu/libmysqlclient.so.21.2.42)
==268755== 
==268755== 448 bytes in 4 blocks are possibly lost in loss record 1,743 of 2,004
==268755==    at 0x4848899: malloc (in /usr/libexec/valgrind/vgpreload_memcheck-amd64-linux.so)
==268755==    by 0x561679D: CRYPTO_zalloc (in /usr/lib/x86_64-linux-gnu/libcrypto.so.3)
==268755==    by 0x55A19D9: ??? (in /usr/lib/x86_64-linux-gnu/libcrypto.so.3)
==268755==    by 0x55A2096: ??? (in /usr/lib/x86_64-linux-gnu/libcrypto.so.3)
==268755==    by 0x55FD533: ??? (in /usr/lib/x86_64-linux-gnu/libcrypto.so.3)
==268755==    by 0x5608C3F: EVP_PKEY_copy_parameters (in /usr/lib/x86_64-linux-gnu/libcrypto.so.3)
==268755==    by 0x5414439: ??? (in /usr/lib/x86_64-linux-gnu/libssl.so.3)
==268755==    by 0x5408838: ??? (in /usr/lib/x86_64-linux-gnu/libssl.so.3)
==268755==    by 0x541C24A: ??? (in /usr/lib/x86_64-linux-gnu/libssl.so.3)
==268755==    by 0x541EA94: ??? (in /usr/lib/x86_64-linux-gnu/libssl.so.3)
==268755==    by 0x5420697: ??? (in /usr/lib/x86_64-linux-gnu/libssl.so.3)
==268755==    by 0x48F8F69: ??? (in /usr/lib/x86_64-linux-gnu/libmysqlclient.so.21.2.42)
==268755== 
==268755== 448 bytes in 4 blocks are possibly lost in loss record 1,744 of 2,004
==268755==    at 0x4848899: malloc (in /usr/libexec/valgrind/vgpreload_memcheck-amd64-linux.so)
==268755==    by 0x54037B1: ??? (in /usr/lib/x86_64-linux-gnu/libssl.so.3)
==268755==    by 0x542259F: ??? (in /usr/lib/x86_64-linux-gnu/libssl.so.3)
==268755==    by 0x541EA94: ??? (in /usr/lib/x86_64-linux-gnu/libssl.so.3)
==268755==    by 0x5420697: ??? (in /usr/lib/x86_64-linux-gnu/libssl.so.3)
==268755==    by 0x48F8F69: ??? (in /usr/lib/x86_64-linux-gnu/libmysqlclient.so.21.2.42)
==268755==    by 0x489A12C: ??? (in /usr/lib/x86_64-linux-gnu/libmysqlclient.so.21.2.42)
==268755==    by 0x489AD71: ??? (in /usr/lib/x86_64-linux-gnu/libmysqlclient.so.21.2.42)
==268755==    by 0x48A3273: ??? (in /usr/lib/x86_64-linux-gnu/libmysqlclient.so.21.2.42)
==268755==    by 0x489EF82: mysql_real_connect (in /usr/lib/x86_64-linux-gnu/libmysqlclient.so.21.2.42)
==268755==    by 0x1EC2E1: cpp_dbc::MySQL::MySQLConnection::MySQLConnection(std::__cxx11::basic_string<char, std::char_traits<char>, std::allocator<char> > const&, int, std::__cxx11::basic_string<char, std::char_traits<char>, std::allocator<char> > const&, std::__cxx11::basic_string<char, std::char_traits<char>, std::allocator<char> > const&, std::__cxx11::basic_string<char, std::char_traits<char>, std::allocator<char> > const&) (driver_mysql.cpp:624)
==268755==    by 0x1F6A72: decltype (::new ((void*)(0)) cpp_dbc::MySQL::MySQLConnection((declval<std::__cxx11::basic_string<char, std::char_traits<char>, std::allocator<char> >&>)(), (declval<int&>)(), (declval<std::__cxx11::basic_string<char, std::char_traits<char>, std::allocator<char> >&>)(), (declval<std::__cxx11::basic_string<char, std::char_traits<char>, std::allocator<char> > const&>)(), (declval<std::__cxx11::basic_string<char, std::char_traits<char>, std::allocator<char> > const&>)())) std::construct_at<cpp_dbc::MySQL::MySQLConnection, std::__cxx11::basic_string<char, std::char_traits<char>, std::allocator<char> >&, int&, std::__cxx11::basic_string<char, std::char_traits<char>, std::allocator<char> >&, std::__cxx11::basic_string<char, std::char_traits<char>, std::allocator<char> > const&, std::__cxx11::basic_string<char, std::char_traits<char>, std::allocator<char> > const&>(cpp_dbc::MySQL::MySQLConnection*, std::__cxx11::basic_string<char, std::char_traits<char>, std::allocator<char> >&, int&, std::__cxx11::basic_string<char, std::char_traits<char>, std::allocator<char> >&, std::__cxx11::basic_string<char, std::char_traits<char>, std::allocator<char> > const&, std::__cxx11::basic_string<char, std::char_traits<char>, std::allocator<char> > const&) (stl_construct.h:97)
==268755== 
==268755== 448 bytes in 4 blocks are possibly lost in loss record 1,745 of 2,004
==268755==    at 0x484DA83: calloc (in /usr/libexec/valgrind/vgpreload_memcheck-amd64-linux.so)
==268755==    by 0x48F0482: ??? (in /usr/lib/x86_64-linux-gnu/libmysqlclient.so.21.2.42)
==268755==    by 0x489282C: mysql_stmt_init (in /usr/lib/x86_64-linux-gnu/libmysqlclient.so.21.2.42)
==268755==    by 0x1E9B91: cpp_dbc::MySQL::MySQLPreparedStatement::MySQLPreparedStatement(MYSQL*, std::__cxx11::basic_string<char, std::char_traits<char>, std::allocator<char> > const&) (driver_mysql.cpp:257)
==268755==    by 0x1F66A8: decltype (::new ((void*)(0)) cpp_dbc::MySQL::MySQLPreparedStatement((declval<MYSQL*&>)(), (declval<std::__cxx11::basic_string<char, std::char_traits<char>, std::allocator<char> > const&>)())) std::construct_at<cpp_dbc::MySQL::MySQLPreparedStatement, MYSQL*&, std::__cxx11::basic_string<char, std::char_traits<char>, std::allocator<char> > const&>(cpp_dbc::MySQL::MySQLPreparedStatement*, MYSQL*&, std::__cxx11::basic_string<char, std::char_traits<char>, std::allocator<char> > const&) (stl_construct.h:97)
==268755==    by 0x1F6724: void std::allocator_traits<std::allocator<cpp_dbc::MySQL::MySQLPreparedStatement> >::construct<cpp_dbc::MySQL::MySQLPreparedStatement, MYSQL*&, std::__cxx11::basic_string<char, std::char_traits<char>, std::allocator<char> > const&>(std::allocator<cpp_dbc::MySQL::MySQLPreparedStatement>&, cpp_dbc::MySQL::MySQLPreparedStatement*, MYSQL*&, std::__cxx11::basic_string<char, std::char_traits<char>, std::allocator<char> > const&) (alloc_traits.h:518)
==268755==    by 0x1F5C74: std::_Sp_counted_ptr_inplace<cpp_dbc::MySQL::MySQLPreparedStatement, std::allocator<cpp_dbc::MySQL::MySQLPreparedStatement>, (__gnu_cxx::_Lock_policy)2>::_Sp_counted_ptr_inplace<MYSQL*&, std::__cxx11::basic_string<char, std::char_traits<char>, std::allocator<char> > const&>(std::allocator<cpp_dbc::MySQL::MySQLPreparedStatement>, MYSQL*&, std::__cxx11::basic_string<char, std::char_traits<char>, std::allocator<char> > const&) (shared_ptr_base.h:519)
==268755==    by 0x1F4CF2: std::__shared_count<(__gnu_cxx::_Lock_policy)2>::__shared_count<cpp_dbc::MySQL::MySQLPreparedStatement, std::allocator<cpp_dbc::MySQL::MySQLPreparedStatement>, MYSQL*&, std::__cxx11::basic_string<char, std::char_traits<char>, std::allocator<char> > const&>(cpp_dbc::MySQL::MySQLPreparedStatement*&, std::_Sp_alloc_shared_tag<std::allocator<cpp_dbc::MySQL::MySQLPreparedStatement> >, MYSQL*&, std::__cxx11::basic_string<char, std::char_traits<char>, std::allocator<char> > const&) (shared_ptr_base.h:650)
==268755==    by 0x1F3D43: std::__shared_ptr<cpp_dbc::MySQL::MySQLPreparedStatement, (__gnu_cxx::_Lock_policy)2>::__shared_ptr<std::allocator<cpp_dbc::MySQL::MySQLPreparedStatement>, MYSQL*&, std::__cxx11::basic_string<char, std::char_traits<char>, std::allocator<char> > const&>(std::_Sp_alloc_shared_tag<std::allocator<cpp_dbc::MySQL::MySQLPreparedStatement> >, MYSQL*&, std::__cxx11::basic_string<char, std::char_traits<char>, std::allocator<char> > const&) (shared_ptr_base.h:1342)
==268755==    by 0x1F2BE8: std::shared_ptr<cpp_dbc::MySQL::MySQLPreparedStatement>::shared_ptr<std::allocator<cpp_dbc::MySQL::MySQLPreparedStatement>, MYSQL*&, std::__cxx11::basic_string<char, std::char_traits<char>, std::allocator<char> > const&>(std::_Sp_alloc_shared_tag<std::allocator<cpp_dbc::MySQL::MySQLPreparedStatement> >, MYSQL*&, std::__cxx11::basic_string<char, std::char_traits<char>, std::allocator<char> > const&) (shared_ptr.h:409)
==268755==    by 0x1F19F8: std::shared_ptr<cpp_dbc::MySQL::MySQLPreparedStatement> std::allocate_shared<cpp_dbc::MySQL::MySQLPreparedStatement, std::allocator<cpp_dbc::MySQL::MySQLPreparedStatement>, MYSQL*&, std::__cxx11::basic_string<char, std::char_traits<char>, std::allocator<char> > const&>(std::allocator<cpp_dbc::MySQL::MySQLPreparedStatement> const&, MYSQL*&, std::__cxx11::basic_string<char, std::char_traits<char>, std::allocator<char> > const&) (shared_ptr.h:863)
==268755==    by 0x1EFE12: std::shared_ptr<cpp_dbc::MySQL::MySQLPreparedStatement> std::make_shared<cpp_dbc::MySQL::MySQLPreparedStatement, MYSQL*&, std::__cxx11::basic_string<char, std::char_traits<char>, std::allocator<char> > const&>(MYSQL*&, std::__cxx11::basic_string<char, std::char_traits<char>, std::allocator<char> > const&) (shared_ptr.h:879)
==268755== 
==268755== 448 bytes in 4 blocks are possibly lost in loss record 1,746 of 2,004
==268755==    at 0x484DA83: calloc (in /usr/libexec/valgrind/vgpreload_memcheck-amd64-linux.so)
==268755==    by 0x48F0482: ??? (in /usr/lib/x86_64-linux-gnu/libmysqlclient.so.21.2.42)
==268755==    by 0x489284E: mysql_stmt_init (in /usr/lib/x86_64-linux-gnu/libmysqlclient.so.21.2.42)
==268755==    by 0x1E9B91: cpp_dbc::MySQL::MySQLPreparedStatement::MySQLPreparedStatement(MYSQL*, std::__cxx11::basic_string<char, std::char_traits<char>, std::allocator<char> > const&) (driver_mysql.cpp:257)
==268755==    by 0x1F66A8: decltype (::new ((void*)(0)) cpp_dbc::MySQL::MySQLPreparedStatement((declval<MYSQL*&>)(), (declval<std::__cxx11::basic_string<char, std::char_traits<char>, std::allocator<char> > const&>)())) std::construct_at<cpp_dbc::MySQL::MySQLPreparedStatement, MYSQL*&, std::__cxx11::basic_string<char, std::char_traits<char>, std::allocator<char> > const&>(cpp_dbc::MySQL::MySQLPreparedStatement*, MYSQL*&, std::__cxx11::basic_string<char, std::char_traits<char>, std::allocator<char> > const&) (stl_construct.h:97)
==268755==    by 0x1F6724: void std::allocator_traits<std::allocator<cpp_dbc::MySQL::MySQLPreparedStatement> >::construct<cpp_dbc::MySQL::MySQLPreparedStatement, MYSQL*&, std::__cxx11::basic_string<char, std::char_traits<char>, std::allocator<char> > const&>(std::allocator<cpp_dbc::MySQL::MySQLPreparedStatement>&, cpp_dbc::MySQL::MySQLPreparedStatement*, MYSQL*&, std::__cxx11::basic_string<char, std::char_traits<char>, std::allocator<char> > const&) (alloc_traits.h:518)
==268755==    by 0x1F5C74: std::_Sp_counted_ptr_inplace<cpp_dbc::MySQL::MySQLPreparedStatement, std::allocator<cpp_dbc::MySQL::MySQLPreparedStatement>, (__gnu_cxx::_Lock_policy)2>::_Sp_counted_ptr_inplace<MYSQL*&, std::__cxx11::basic_string<char, std::char_traits<char>, std::allocator<char> > const&>(std::allocator<cpp_dbc::MySQL::MySQLPreparedStatement>, MYSQL*&, std::__cxx11::basic_string<char, std::char_traits<char>, std::allocator<char> > const&) (shared_ptr_base.h:519)
==268755==    by 0x1F4CF2: std::__shared_count<(__gnu_cxx::_Lock_policy)2>::__shared_count<cpp_dbc::MySQL::MySQLPreparedStatement, std::allocator<cpp_dbc::MySQL::MySQLPreparedStatement>, MYSQL*&, std::__cxx11::basic_string<char, std::char_traits<char>, std::allocator<char> > const&>(cpp_dbc::MySQL::MySQLPreparedStatement*&, std::_Sp_alloc_shared_tag<std::allocator<cpp_dbc::MySQL::MySQLPreparedStatement> >, MYSQL*&, std::__cxx11::basic_string<char, std::char_traits<char>, std::allocator<char> > const&) (shared_ptr_base.h:650)
==268755==    by 0x1F3D43: std::__shared_ptr<cpp_dbc::MySQL::MySQLPreparedStatement, (__gnu_cxx::_Lock_policy)2>::__shared_ptr<std::allocator<cpp_dbc::MySQL::MySQLPreparedStatement>, MYSQL*&, std::__cxx11::basic_string<char, std::char_traits<char>, std::allocator<char> > const&>(std::_Sp_alloc_shared_tag<std::allocator<cpp_dbc::MySQL::MySQLPreparedStatement> >, MYSQL*&, std::__cxx11::basic_string<char, std::char_traits<char>, std::allocator<char> > const&) (shared_ptr_base.h:1342)
==268755==    by 0x1F2BE8: std::shared_ptr<cpp_dbc::MySQL::MySQLPreparedStatement>::shared_ptr<std::allocator<cpp_dbc::MySQL::MySQLPreparedStatement>, MYSQL*&, std::__cxx11::basic_string<char, std::char_traits<char>, std::allocator<char> > const&>(std::_Sp_alloc_shared_tag<std::allocator<cpp_dbc::MySQL::MySQLPreparedStatement> >, MYSQL*&, std::__cxx11::basic_string<char, std::char_traits<char>, std::allocator<char> > const&) (shared_ptr.h:409)
==268755==    by 0x1F19F8: std::shared_ptr<cpp_dbc::MySQL::MySQLPreparedStatement> std::allocate_shared<cpp_dbc::MySQL::MySQLPreparedStatement, std::allocator<cpp_dbc::MySQL::MySQLPreparedStatement>, MYSQL*&, std::__cxx11::basic_string<char, std::char_traits<char>, std::allocator<char> > const&>(std::allocator<cpp_dbc::MySQL::MySQLPreparedStatement> const&, MYSQL*&, std::__cxx11::basic_string<char, std::char_traits<char>, std::allocator<char> > const&) (shared_ptr.h:863)
==268755==    by 0x1EFE12: std::shared_ptr<cpp_dbc::MySQL::MySQLPreparedStatement> std::make_shared<cpp_dbc::MySQL::MySQLPreparedStatement, MYSQL*&, std::__cxx11::basic_string<char, std::char_traits<char>, std::allocator<char> > const&>(MYSQL*&, std::__cxx11::basic_string<char, std::char_traits<char>, std::allocator<char> > const&) (shared_ptr.h:879)
==268755== 
==268755== 448 bytes in 4 blocks are possibly lost in loss record 1,747 of 2,004
==268755==    at 0x484DA83: calloc (in /usr/libexec/valgrind/vgpreload_memcheck-amd64-linux.so)
==268755==    by 0x48F0482: ??? (in /usr/lib/x86_64-linux-gnu/libmysqlclient.so.21.2.42)
==268755==    by 0x489286C: mysql_stmt_init (in /usr/lib/x86_64-linux-gnu/libmysqlclient.so.21.2.42)
==268755==    by 0x1E9B91: cpp_dbc::MySQL::MySQLPreparedStatement::MySQLPreparedStatement(MYSQL*, std::__cxx11::basic_string<char, std::char_traits<char>, std::allocator<char> > const&) (driver_mysql.cpp:257)
==268755==    by 0x1F66A8: decltype (::new ((void*)(0)) cpp_dbc::MySQL::MySQLPreparedStatement((declval<MYSQL*&>)(), (declval<std::__cxx11::basic_string<char, std::char_traits<char>, std::allocator<char> > const&>)())) std::construct_at<cpp_dbc::MySQL::MySQLPreparedStatement, MYSQL*&, std::__cxx11::basic_string<char, std::char_traits<char>, std::allocator<char> > const&>(cpp_dbc::MySQL::MySQLPreparedStatement*, MYSQL*&, std::__cxx11::basic_string<char, std::char_traits<char>, std::allocator<char> > const&) (stl_construct.h:97)
==268755==    by 0x1F6724: void std::allocator_traits<std::allocator<cpp_dbc::MySQL::MySQLPreparedStatement> >::construct<cpp_dbc::MySQL::MySQLPreparedStatement, MYSQL*&, std::__cxx11::basic_string<char, std::char_traits<char>, std::allocator<char> > const&>(std::allocator<cpp_dbc::MySQL::MySQLPreparedStatement>&, cpp_dbc::MySQL::MySQLPreparedStatement*, MYSQL*&, std::__cxx11::basic_string<char, std::char_traits<char>, std::allocator<char> > const&) (alloc_traits.h:518)
==268755==    by 0x1F5C74: std::_Sp_counted_ptr_inplace<cpp_dbc::MySQL::MySQLPreparedStatement, std::allocator<cpp_dbc::MySQL::MySQLPreparedStatement>, (__gnu_cxx::_Lock_policy)2>::_Sp_counted_ptr_inplace<MYSQL*&, std::__cxx11::basic_string<char, std::char_traits<char>, std::allocator<char> > const&>(std::allocator<cpp_dbc::MySQL::MySQLPreparedStatement>, MYSQL*&, std::__cxx11::basic_string<char, std::char_traits<char>, std::allocator<char> > const&) (shared_ptr_base.h:519)
==268755==    by 0x1F4CF2: std::__shared_count<(__gnu_cxx::_Lock_policy)2>::__shared_count<cpp_dbc::MySQL::MySQLPreparedStatement, std::allocator<cpp_dbc::MySQL::MySQLPreparedStatement>, MYSQL*&, std::__cxx11::basic_string<char, std::char_traits<char>, std::allocator<char> > const&>(cpp_dbc::MySQL::MySQLPreparedStatement*&, std::_Sp_alloc_shared_tag<std::allocator<cpp_dbc::MySQL::MySQLPreparedStatement> >, MYSQL*&, std::__cxx11::basic_string<char, std::char_traits<char>, std::allocator<char> > const&) (shared_ptr_base.h:650)
==268755==    by 0x1F3D43: std::__shared_ptr<cpp_dbc::MySQL::MySQLPreparedStatement, (__gnu_cxx::_Lock_policy)2>::__shared_ptr<std::allocator<cpp_dbc::MySQL::MySQLPreparedStatement>, MYSQL*&, std::__cxx11::basic_string<char, std::char_traits<char>, std::allocator<char> > const&>(std::_Sp_alloc_shared_tag<std::allocator<cpp_dbc::MySQL::MySQLPreparedStatement> >, MYSQL*&, std::__cxx11::basic_string<char, std::char_traits<char>, std::allocator<char> > const&) (shared_ptr_base.h:1342)
==268755==    by 0x1F2BE8: std::shared_ptr<cpp_dbc::MySQL::MySQLPreparedStatement>::shared_ptr<std::allocator<cpp_dbc::MySQL::MySQLPreparedStatement>, MYSQL*&, std::__cxx11::basic_string<char, std::char_traits<char>, std::allocator<char> > const&>(std::_Sp_alloc_shared_tag<std::allocator<cpp_dbc::MySQL::MySQLPreparedStatement> >, MYSQL*&, std::__cxx11::basic_string<char, std::char_traits<char>, std::allocator<char> > const&) (shared_ptr.h:409)
==268755==    by 0x1F19F8: std::shared_ptr<cpp_dbc::MySQL::MySQLPreparedStatement> std::allocate_shared<cpp_dbc::MySQL::MySQLPreparedStatement, std::allocator<cpp_dbc::MySQL::MySQLPreparedStatement>, MYSQL*&, std::__cxx11::basic_string<char, std::char_traits<char>, std::allocator<char> > const&>(std::allocator<cpp_dbc::MySQL::MySQLPreparedStatement> const&, MYSQL*&, std::__cxx11::basic_string<char, std::char_traits<char>, std::allocator<char> > const&) (shared_ptr.h:863)
==268755==    by 0x1EFE12: std::shared_ptr<cpp_dbc::MySQL::MySQLPreparedStatement> std::make_shared<cpp_dbc::MySQL::MySQLPreparedStatement, MYSQL*&, std::__cxx11::basic_string<char, std::char_traits<char>, std::allocator<char> > const&>(MYSQL*&, std::__cxx11::basic_string<char, std::char_traits<char>, std::allocator<char> > const&) (shared_ptr.h:879)
==268755== 
==268755== 448 bytes in 8 blocks are possibly lost in loss record 1,748 of 2,004
==268755==    at 0x4848899: malloc (in /usr/libexec/valgrind/vgpreload_memcheck-amd64-linux.so)
==268755==    by 0x561679D: CRYPTO_zalloc (in /usr/lib/x86_64-linux-gnu/libcrypto.so.3)
==268755==    by 0x5621B23: CRYPTO_THREAD_lock_new (in /usr/lib/x86_64-linux-gnu/libcrypto.so.3)
==268755==    by 0x552C271: ??? (in /usr/lib/x86_64-linux-gnu/libcrypto.so.3)
==268755==    by 0x552C5E5: ASN1_item_new_ex (in /usr/lib/x86_64-linux-gnu/libcrypto.so.3)
==268755==    by 0x569F476: X509_new_ex (in /usr/lib/x86_64-linux-gnu/libcrypto.so.3)
==268755==    by 0x54221A2: ??? (in /usr/lib/x86_64-linux-gnu/libssl.so.3)
==268755==    by 0x541EA94: ??? (in /usr/lib/x86_64-linux-gnu/libssl.so.3)
==268755==    by 0x5420697: ??? (in /usr/lib/x86_64-linux-gnu/libssl.so.3)
==268755==    by 0x48F8F69: ??? (in /usr/lib/x86_64-linux-gnu/libmysqlclient.so.21.2.42)
==268755==    by 0x489A12C: ??? (in /usr/lib/x86_64-linux-gnu/libmysqlclient.so.21.2.42)
==268755==    by 0x489AD71: ??? (in /usr/lib/x86_64-linux-gnu/libmysqlclient.so.21.2.42)
==268755== 
==268755== 448 bytes in 8 blocks are possibly lost in loss record 1,749 of 2,004
==268755==    at 0x4848899: malloc (in /usr/libexec/valgrind/vgpreload_memcheck-amd64-linux.so)
==268755==    by 0x561679D: CRYPTO_zalloc (in /usr/lib/x86_64-linux-gnu/libcrypto.so.3)
==268755==    by 0x5621B23: CRYPTO_THREAD_lock_new (in /usr/lib/x86_64-linux-gnu/libcrypto.so.3)
==268755==    by 0x5651F1A: ??? (in /usr/lib/x86_64-linux-gnu/libcrypto.so.3)
==268755==    by 0x56527A4: ??? (in /usr/lib/x86_64-linux-gnu/libcrypto.so.3)
==268755==    by 0x552C1F7: ??? (in /usr/lib/x86_64-linux-gnu/libcrypto.so.3)
==268755==    by 0x552E176: ??? (in /usr/lib/x86_64-linux-gnu/libcrypto.so.3)
==268755==    by 0x552E492: ASN1_item_d2i_ex (in /usr/lib/x86_64-linux-gnu/libcrypto.so.3)
==268755==    by 0x5651CBE: ??? (in /usr/lib/x86_64-linux-gnu/libcrypto.so.3)
==268755==    by 0x569F8E0: ??? (in /usr/lib/x86_64-linux-gnu/libcrypto.so.3)
==268755==    by 0x569FA9C: ??? (in /usr/lib/x86_64-linux-gnu/libcrypto.so.3)
==268755==    by 0x552DB9A: ??? (in /usr/lib/x86_64-linux-gnu/libcrypto.so.3)
==268755== 
==268755== 448 bytes in 8 blocks are possibly lost in loss record 1,750 of 2,004
==268755==    at 0x4848899: malloc (in /usr/libexec/valgrind/vgpreload_memcheck-amd64-linux.so)
==268755==    by 0x561679D: CRYPTO_zalloc (in /usr/lib/x86_64-linux-gnu/libcrypto.so.3)
==268755==    by 0x5621B23: CRYPTO_THREAD_lock_new (in /usr/lib/x86_64-linux-gnu/libcrypto.so.3)
==268755==    by 0x56041C1: EVP_PKEY_new (in /usr/lib/x86_64-linux-gnu/libcrypto.so.3)
==268755==    by 0x55C93AB: ??? (in /usr/lib/x86_64-linux-gnu/libcrypto.so.3)
==268755==    by 0x55C88E2: ??? (in /usr/lib/x86_64-linux-gnu/libcrypto.so.3)
==268755==    by 0x56B9A17: ??? (in /usr/lib/x86_64-linux-gnu/libcrypto.so.3)
==268755==    by 0x55C8B1A: ??? (in /usr/lib/x86_64-linux-gnu/libcrypto.so.3)
==268755==    by 0x56BB157: ??? (in /usr/lib/x86_64-linux-gnu/libcrypto.so.3)
==268755==    by 0x55C8B1A: ??? (in /usr/lib/x86_64-linux-gnu/libcrypto.so.3)
==268755==    by 0x55C8DF0: OSSL_DECODER_from_bio (in /usr/lib/x86_64-linux-gnu/libcrypto.so.3)
==268755==    by 0x55C911D: OSSL_DECODER_from_data (in /usr/lib/x86_64-linux-gnu/libcrypto.so.3)
==268755== 
==268755== 456 bytes in 19 blocks are still reachable in loss record 1,751 of 2,004
==268755==    at 0x4849013: operator new(unsigned long) (in /usr/libexec/valgrind/vgpreload_memcheck-amd64-linux.so)
==268755==    by 0x2E9A33: std::__shared_count<(__gnu_cxx::_Lock_policy)2>::__shared_count<YAML::detail::node_data*>(YAML::detail::node_data*) (shared_ptr_base.h:596)
==268755==    by 0x2E9396: std::__shared_count<(__gnu_cxx::_Lock_policy)2>::__shared_count<YAML::detail::node_data*>(YAML::detail::node_data*, std::integral_constant<bool, false>) (shared_ptr_base.h:607)
==268755==    by 0x2E8F9D: std::__shared_ptr<YAML::detail::node_data, (__gnu_cxx::_Lock_policy)2>::__shared_ptr<YAML::detail::node_data, void>(YAML::detail::node_data*) (shared_ptr_base.h:1099)
==268755==    by 0x2E8D08: std::shared_ptr<YAML::detail::node_data>::shared_ptr<YAML::detail::node_data, void>(YAML::detail::node_data*) (shared_ptr.h:160)
==268755==    by 0x2E8AD1: YAML::detail::node_ref::node_ref() (node_ref.h:19)
==268755==    by 0x2E8BEB: YAML::detail::node::node() (node.h:27)
==268755==    by 0x2E896A: YAML::detail::memory::create_node() (memory.cpp:17)
==268755==    by 0x1348BD: YAML::detail::memory_holder::create_node() (memory.h:38)
==268755==    by 0x3103BB: YAML::NodeBuilder::Push(YAML::Mark const&, unsigned long) (nodebuilder.cpp:81)
==268755==    by 0x3102D2: YAML::NodeBuilder::OnMapStart(YAML::Mark const&, std::__cxx11::basic_string<char, std::char_traits<char>, std::allocator<char> > const&, unsigned long, YAML::EmitterStyle::value) (nodebuilder.cpp:67)
==268755==    by 0x306B16: YAML::SingleDocParser::HandleNode(YAML::EventHandler&) (singledocparser.cpp:127)
==268755== 
==268755== 472 bytes in 1 blocks are still reachable in loss record 1,752 of 2,004
==268755==    at 0x4849013: operator new(unsigned long) (in /usr/libexec/valgrind/vgpreload_memcheck-amd64-linux.so)
==268755==    by 0x48E4C76: ??? (in /usr/lib/x86_64-linux-gnu/libmysqlclient.so.21.2.42)
==268755==    by 0x48E5098: ??? (in /usr/lib/x86_64-linux-gnu/libmysqlclient.so.21.2.42)
==268755==    by 0x4908DE2: ??? (in /usr/lib/x86_64-linux-gnu/libmysqlclient.so.21.2.42)
==268755==    by 0x48E6082: ??? (in /usr/lib/x86_64-linux-gnu/libmysqlclient.so.21.2.42)
==268755==    by 0x522BEE7: __pthread_once_slow (pthread_once.c:116)
==268755==    by 0x4903155: ??? (in /usr/lib/x86_64-linux-gnu/libmysqlclient.so.21.2.42)
==268755==    by 0x489CBB8: ??? (in /usr/lib/x86_64-linux-gnu/libmysqlclient.so.21.2.42)
==268755==    by 0x489D1FA: ??? (in /usr/lib/x86_64-linux-gnu/libmysqlclient.so.21.2.42)
==268755==    by 0x48A3273: ??? (in /usr/lib/x86_64-linux-gnu/libmysqlclient.so.21.2.42)
==268755==    by 0x489EF82: mysql_real_connect (in /usr/lib/x86_64-linux-gnu/libmysqlclient.so.21.2.42)
==268755==    by 0x1EC2E1: cpp_dbc::MySQL::MySQLConnection::MySQLConnection(std::__cxx11::basic_string<char, std::char_traits<char>, std::allocator<char> > const&, int, std::__cxx11::basic_string<char, std::char_traits<char>, std::allocator<char> > const&, std::__cxx11::basic_string<char, std::char_traits<char>, std::allocator<char> > const&, std::__cxx11::basic_string<char, std::char_traits<char>, std::allocator<char> > const&) (driver_mysql.cpp:624)
==268755== 
==268755== 472 bytes in 1 blocks are still reachable in loss record 1,753 of 2,004
==268755==    at 0x4849013: operator new(unsigned long) (in /usr/libexec/valgrind/vgpreload_memcheck-amd64-linux.so)
==268755==    by 0x48E4C76: ??? (in /usr/lib/x86_64-linux-gnu/libmysqlclient.so.21.2.42)
==268755==    by 0x48E510D: ??? (in /usr/lib/x86_64-linux-gnu/libmysqlclient.so.21.2.42)
==268755==    by 0x4908DE2: ??? (in /usr/lib/x86_64-linux-gnu/libmysqlclient.so.21.2.42)
==268755==    by 0x48E6082: ??? (in /usr/lib/x86_64-linux-gnu/libmysqlclient.so.21.2.42)
==268755==    by 0x522BEE7: __pthread_once_slow (pthread_once.c:116)
==268755==    by 0x4903155: ??? (in /usr/lib/x86_64-linux-gnu/libmysqlclient.so.21.2.42)
==268755==    by 0x489CBB8: ??? (in /usr/lib/x86_64-linux-gnu/libmysqlclient.so.21.2.42)
==268755==    by 0x489D1FA: ??? (in /usr/lib/x86_64-linux-gnu/libmysqlclient.so.21.2.42)
==268755==    by 0x48A3273: ??? (in /usr/lib/x86_64-linux-gnu/libmysqlclient.so.21.2.42)
==268755==    by 0x489EF82: mysql_real_connect (in /usr/lib/x86_64-linux-gnu/libmysqlclient.so.21.2.42)
==268755==    by 0x1EC2E1: cpp_dbc::MySQL::MySQLConnection::MySQLConnection(std::__cxx11::basic_string<char, std::char_traits<char>, std::allocator<char> > const&, int, std::__cxx11::basic_string<char, std::char_traits<char>, std::allocator<char> > const&, std::__cxx11::basic_string<char, std::char_traits<char>, std::allocator<char> > const&, std::__cxx11::basic_string<char, std::char_traits<char>, std::allocator<char> > const&) (driver_mysql.cpp:624)
==268755== 
==268755== 480 bytes in 10 blocks are still reachable in loss record 1,754 of 2,004
==268755==    at 0x4849013: operator new(unsigned long) (in /usr/libexec/valgrind/vgpreload_memcheck-amd64-linux.so)
==268755==    by 0x130468: __gnu_cxx::new_allocator<char>::allocate(unsigned long, void const*) (new_allocator.h:127)
==268755==    by 0x12F934: allocate (allocator.h:185)
==268755==    by 0x12F934: std::allocator_traits<std::allocator<char> >::allocate(std::allocator<char>&, unsigned long) (alloc_traits.h:464)
==268755==    by 0x12FCCD: std::__cxx11::basic_string<char, std::char_traits<char>, std::allocator<char> >::_M_create(unsigned long&, unsigned long) (basic_string.tcc:153)
==268755==    by 0x138C8E: void std::__cxx11::basic_string<char, std::char_traits<char>, std::allocator<char> >::_M_construct<char*>(char*, char*, std::forward_iterator_tag) (basic_string.tcc:219)
==268755==    by 0x138039: void std::__cxx11::basic_string<char, std::char_traits<char>, std::allocator<char> >::_M_construct_aux<char*>(char*, char*, std::__false_type) (basic_string.h:255)
==268755==    by 0x136D88: void std::__cxx11::basic_string<char, std::char_traits<char>, std::allocator<char> >::_M_construct<char*>(char*, char*) (basic_string.h:274)
==268755==    by 0x135B15: std::__cxx11::basic_string<char, std::char_traits<char>, std::allocator<char> >::basic_string(std::__cxx11::basic_string<char, std::char_traits<char>, std::allocator<char> > const&) (basic_string.h:459)
==268755==    by 0x1B3DC5: CATCH2_INTERNAL_TEST_0() (test_mysql_real.cpp:253)
==268755==    by 0x261743: Catch::TestInvokerAsFunction::invoke() const (catch_test_case_registry_impl.cpp:149)
==268755==    by 0x256F30: Catch::TestCaseHandle::invoke() const (catch_test_case_info.hpp:115)
==268755==    by 0x255FF5: Catch::RunContext::invokeActiveTestCase() (catch_run_context.cpp:538)
==268755== 
==268755== 480 bytes in 12 blocks are still reachable in loss record 1,755 of 2,004
==268755==    at 0x4848899: malloc (in /usr/libexec/valgrind/vgpreload_memcheck-amd64-linux.so)
==268755==    by 0x5647AA0: ??? (in /usr/lib/x86_64-linux-gnu/libcrypto.so.3)
==268755==    by 0x55EBA69: ??? (in /usr/lib/x86_64-linux-gnu/libcrypto.so.3)
==268755==    by 0x560B85B: ??? (in /usr/lib/x86_64-linux-gnu/libcrypto.so.3)
==268755==    by 0x560B71B: ??? (in /usr/lib/x86_64-linux-gnu/libcrypto.so.3)
==268755==    by 0x562AD6A: ??? (in /usr/lib/x86_64-linux-gnu/libcrypto.so.3)
==268755==    by 0x56F44E7: ??? (in /usr/lib/x86_64-linux-gnu/libcrypto.so.3)
==268755==    by 0x56F4B3D: ??? (in /usr/lib/x86_64-linux-gnu/libcrypto.so.3)
==268755==    by 0x55F7C32: EVP_KDF_fetch (in /usr/lib/x86_64-linux-gnu/libcrypto.so.3)
==268755==    by 0x54066BF: ??? (in /usr/lib/x86_64-linux-gnu/libssl.so.3)
==268755==    by 0x53E373E: ??? (in /usr/lib/x86_64-linux-gnu/libssl.so.3)
==268755==    by 0x53E39AD: ??? (in /usr/lib/x86_64-linux-gnu/libssl.so.3)
==268755== 
==268755== 480 bytes in 20 blocks are still reachable in loss record 1,756 of 2,004
==268755==    at 0x4848899: malloc (in /usr/libexec/valgrind/vgpreload_memcheck-amd64-linux.so)
==268755==    by 0x560C185: OPENSSL_LH_insert (in /usr/lib/x86_64-linux-gnu/libcrypto.so.3)
==268755==    by 0x56FD672: ??? (in /usr/lib/x86_64-linux-gnu/libcrypto.so.3)
==268755==    by 0x55CA89F: ERR_load_strings_const (in /usr/lib/x86_64-linux-gnu/libcrypto.so.3)
==268755==    by 0x561D405: ??? (in /usr/lib/x86_64-linux-gnu/libcrypto.so.3)
==268755==    by 0x522BEE7: __pthread_once_slow (pthread_once.c:116)
==268755==    by 0x5621C9C: CRYPTO_THREAD_run_once (in /usr/lib/x86_64-linux-gnu/libcrypto.so.3)
==268755==    by 0x561E992: OPENSSL_init_crypto (in /usr/lib/x86_64-linux-gnu/libcrypto.so.3)
==268755==    by 0x55CC336: ??? (in /usr/lib/x86_64-linux-gnu/libcrypto.so.3)
==268755==    by 0x55CCCFC: ERR_set_mark (in /usr/lib/x86_64-linux-gnu/libcrypto.so.3)
==268755==    by 0x55790E1: CONF_modules_load_file_ex (in /usr/lib/x86_64-linux-gnu/libcrypto.so.3)
==268755==    by 0x561E19F: ??? (in /usr/lib/x86_64-linux-gnu/libcrypto.so.3)
==268755== 
==268755== 480 bytes in 20 blocks are still reachable in loss record 1,757 of 2,004
==268755==    at 0x4848899: malloc (in /usr/libexec/valgrind/vgpreload_memcheck-amd64-linux.so)
==268755==    by 0x560C185: OPENSSL_LH_insert (in /usr/lib/x86_64-linux-gnu/libcrypto.so.3)
==268755==    by 0x5619542: ??? (in /usr/lib/x86_64-linux-gnu/libcrypto.so.3)
==268755==    by 0x5615FC0: ??? (in /usr/lib/x86_64-linux-gnu/libcrypto.so.3)
==268755==    by 0x560C486: OPENSSL_LH_doall_arg (in /usr/lib/x86_64-linux-gnu/libcrypto.so.3)
==268755==    by 0x562D2EA: OBJ_NAME_do_all (in /usr/lib/x86_64-linux-gnu/libcrypto.so.3)
==268755==    by 0x5615B3D: ??? (in /usr/lib/x86_64-linux-gnu/libcrypto.so.3)
==268755==    by 0x56F4A6B: ??? (in /usr/lib/x86_64-linux-gnu/libcrypto.so.3)
==268755==    by 0x55EC302: EVP_CIPHER_fetch (in /usr/lib/x86_64-linux-gnu/libcrypto.so.3)
==268755==    by 0x53F137A: ??? (in /usr/lib/x86_64-linux-gnu/libssl.so.3)
==268755==    by 0x53F5161: SSL_CTX_new_ex (in /usr/lib/x86_64-linux-gnu/libssl.so.3)
==268755==    by 0x48F8280: ??? (in /usr/lib/x86_64-linux-gnu/libmysqlclient.so.21.2.42)
==268755== 
==268755== 504 bytes in 9 blocks are still reachable in loss record 1,758 of 2,004
==268755==    at 0x4848899: malloc (in /usr/libexec/valgrind/vgpreload_memcheck-amd64-linux.so)
==268755==    by 0x561679D: CRYPTO_zalloc (in /usr/lib/x86_64-linux-gnu/libcrypto.so.3)
==268755==    by 0x5621B23: CRYPTO_THREAD_lock_new (in /usr/lib/x86_64-linux-gnu/libcrypto.so.3)
==268755==    by 0x55FBBB8: ??? (in /usr/lib/x86_64-linux-gnu/libcrypto.so.3)
==268755==    by 0x55EBB09: ??? (in /usr/lib/x86_64-linux-gnu/libcrypto.so.3)
==268755==    by 0x560B7F8: ??? (in /usr/lib/x86_64-linux-gnu/libcrypto.so.3)
==268755==    by 0x560B71B: ??? (in /usr/lib/x86_64-linux-gnu/libcrypto.so.3)
==268755==    by 0x562AD6A: ??? (in /usr/lib/x86_64-linux-gnu/libcrypto.so.3)
==268755==    by 0x56F44E7: ??? (in /usr/lib/x86_64-linux-gnu/libcrypto.so.3)
==268755==    by 0x56F4B3D: ??? (in /usr/lib/x86_64-linux-gnu/libcrypto.so.3)
==268755==    by 0x55F85A2: EVP_MAC_fetch (in /usr/lib/x86_64-linux-gnu/libcrypto.so.3)
==268755==    by 0x55FF3E3: EVP_Q_mac (in /usr/lib/x86_64-linux-gnu/libcrypto.so.3)
==268755== 
==268755== 504 bytes in 21 blocks are still reachable in loss record 1,759 of 2,004
==268755==    at 0x4848899: malloc (in /usr/libexec/valgrind/vgpreload_memcheck-amd64-linux.so)
==268755==    by 0x560C185: OPENSSL_LH_insert (in /usr/lib/x86_64-linux-gnu/libcrypto.so.3)
==268755==    by 0x56FD672: ??? (in /usr/lib/x86_64-linux-gnu/libcrypto.so.3)
==268755==    by 0x55CA89F: ERR_load_strings_const (in /usr/lib/x86_64-linux-gnu/libcrypto.so.3)
==268755==    by 0x561D1F3: ??? (in /usr/lib/x86_64-linux-gnu/libcrypto.so.3)
==268755==    by 0x522BEE7: __pthread_once_slow (pthread_once.c:116)
==268755==    by 0x5621C9C: CRYPTO_THREAD_run_once (in /usr/lib/x86_64-linux-gnu/libcrypto.so.3)
==268755==    by 0x561E992: OPENSSL_init_crypto (in /usr/lib/x86_64-linux-gnu/libcrypto.so.3)
==268755==    by 0x55CC336: ??? (in /usr/lib/x86_64-linux-gnu/libcrypto.so.3)
==268755==    by 0x55CCCFC: ERR_set_mark (in /usr/lib/x86_64-linux-gnu/libcrypto.so.3)
==268755==    by 0x55790E1: CONF_modules_load_file_ex (in /usr/lib/x86_64-linux-gnu/libcrypto.so.3)
==268755==    by 0x561E19F: ??? (in /usr/lib/x86_64-linux-gnu/libcrypto.so.3)
==268755== 
==268755== 504 bytes in 21 blocks are still reachable in loss record 1,760 of 2,004
==268755==    at 0x4848899: malloc (in /usr/libexec/valgrind/vgpreload_memcheck-amd64-linux.so)
==268755==    by 0x560C185: OPENSSL_LH_insert (in /usr/lib/x86_64-linux-gnu/libcrypto.so.3)
==268755==    by 0x56FD672: ??? (in /usr/lib/x86_64-linux-gnu/libcrypto.so.3)
==268755==    by 0x55CA89F: ERR_load_strings_const (in /usr/lib/x86_64-linux-gnu/libcrypto.so.3)
==268755==    by 0x561D339: ??? (in /usr/lib/x86_64-linux-gnu/libcrypto.so.3)
==268755==    by 0x522BEE7: __pthread_once_slow (pthread_once.c:116)
==268755==    by 0x5621C9C: CRYPTO_THREAD_run_once (in /usr/lib/x86_64-linux-gnu/libcrypto.so.3)
==268755==    by 0x561E992: OPENSSL_init_crypto (in /usr/lib/x86_64-linux-gnu/libcrypto.so.3)
==268755==    by 0x55CC336: ??? (in /usr/lib/x86_64-linux-gnu/libcrypto.so.3)
==268755==    by 0x55CCCFC: ERR_set_mark (in /usr/lib/x86_64-linux-gnu/libcrypto.so.3)
==268755==    by 0x55790E1: CONF_modules_load_file_ex (in /usr/lib/x86_64-linux-gnu/libcrypto.so.3)
==268755==    by 0x561E19F: ??? (in /usr/lib/x86_64-linux-gnu/libcrypto.so.3)
==268755== 
==268755== 504 bytes in 21 blocks are still reachable in loss record 1,761 of 2,004
==268755==    at 0x4848899: malloc (in /usr/libexec/valgrind/vgpreload_memcheck-amd64-linux.so)
==268755==    by 0x560C185: OPENSSL_LH_insert (in /usr/lib/x86_64-linux-gnu/libcrypto.so.3)
==268755==    by 0x5619542: ??? (in /usr/lib/x86_64-linux-gnu/libcrypto.so.3)
==268755==    by 0x5615E27: ??? (in /usr/lib/x86_64-linux-gnu/libcrypto.so.3)
==268755==    by 0x5615F09: ??? (in /usr/lib/x86_64-linux-gnu/libcrypto.so.3)
==268755==    by 0x560C486: OPENSSL_LH_doall_arg (in /usr/lib/x86_64-linux-gnu/libcrypto.so.3)
==268755==    by 0x562D2EA: OBJ_NAME_do_all (in /usr/lib/x86_64-linux-gnu/libcrypto.so.3)
==268755==    by 0x5615B3D: ??? (in /usr/lib/x86_64-linux-gnu/libcrypto.so.3)
==268755==    by 0x56F4A6B: ??? (in /usr/lib/x86_64-linux-gnu/libcrypto.so.3)
==268755==    by 0x55EC302: EVP_CIPHER_fetch (in /usr/lib/x86_64-linux-gnu/libcrypto.so.3)
==268755==    by 0x53F137A: ??? (in /usr/lib/x86_64-linux-gnu/libssl.so.3)
==268755==    by 0x53F5161: SSL_CTX_new_ex (in /usr/lib/x86_64-linux-gnu/libssl.so.3)
==268755== 
==268755== 504 bytes in 21 blocks are still reachable in loss record 1,762 of 2,004
==268755==    at 0x4848899: malloc (in /usr/libexec/valgrind/vgpreload_memcheck-amd64-linux.so)
==268755==    by 0x561679D: CRYPTO_zalloc (in /usr/lib/x86_64-linux-gnu/libcrypto.so.3)
==268755==    by 0x5647EE1: ??? (in /usr/lib/x86_64-linux-gnu/libcrypto.so.3)
==268755==    by 0x55EBA69: ??? (in /usr/lib/x86_64-linux-gnu/libcrypto.so.3)
==268755==    by 0x560B85B: ??? (in /usr/lib/x86_64-linux-gnu/libcrypto.so.3)
==268755==    by 0x560B71B: ??? (in /usr/lib/x86_64-linux-gnu/libcrypto.so.3)
==268755==    by 0x562AD6A: ??? (in /usr/lib/x86_64-linux-gnu/libcrypto.so.3)
==268755==    by 0x56F44E7: ??? (in /usr/lib/x86_64-linux-gnu/libcrypto.so.3)
==268755==    by 0x56F4B3D: ??? (in /usr/lib/x86_64-linux-gnu/libcrypto.so.3)
==268755==    by 0x55DF712: EVP_MD_fetch (in /usr/lib/x86_64-linux-gnu/libcrypto.so.3)
==268755==    by 0x53F13FA: ??? (in /usr/lib/x86_64-linux-gnu/libssl.so.3)
==268755==    by 0x53F51E4: SSL_CTX_new_ex (in /usr/lib/x86_64-linux-gnu/libssl.so.3)
==268755== 
==268755== 512 bytes in 1 blocks are still reachable in loss record 1,763 of 2,004
==268755==    at 0x4849013: operator new(unsigned long) (in /usr/libexec/valgrind/vgpreload_memcheck-amd64-linux.so)
==268755==    by 0x2691F3: __gnu_cxx::new_allocator<Catch::TestCaseInfo*>::allocate(unsigned long, void const*) (new_allocator.h:127)
==268755==    by 0x268A18: std::allocator_traits<std::allocator<Catch::TestCaseInfo*> >::allocate(std::allocator<Catch::TestCaseInfo*>&, unsigned long) (alloc_traits.h:464)
==268755==    by 0x267C87: std::_Vector_base<Catch::TestCaseInfo*, std::allocator<Catch::TestCaseInfo*> >::_M_allocate(unsigned long) (stl_vector.h:346)
==268755==    by 0x266C5E: void std::vector<Catch::TestCaseInfo*, std::allocator<Catch::TestCaseInfo*> >::_M_realloc_insert<Catch::TestCaseInfo*>(__gnu_cxx::__normal_iterator<Catch::TestCaseInfo**, std::vector<Catch::TestCaseInfo*, std::allocator<Catch::TestCaseInfo*> > >, Catch::TestCaseInfo*&&) (vector.tcc:440)
==268755==    by 0x265E23: Catch::TestCaseInfo*& std::vector<Catch::TestCaseInfo*, std::allocator<Catch::TestCaseInfo*> >::emplace_back<Catch::TestCaseInfo*>(Catch::TestCaseInfo*&&) (vector.tcc:121)
==268755==    by 0x264E11: std::vector<Catch::TestCaseInfo*, std::allocator<Catch::TestCaseInfo*> >::push_back(Catch::TestCaseInfo*&&) (stl_vector.h:1204)
==268755==    by 0x2615A7: Catch::TestRegistry::registerTest(Catch::Detail::unique_ptr<Catch::TestCaseInfo>, Catch::Detail::unique_ptr<Catch::ITestInvoker>) (catch_test_case_registry_impl.cpp:122)
==268755==    by 0x2A48CE: Catch::(anonymous namespace)::RegistryHub::registerTest(Catch::Detail::unique_ptr<Catch::TestCaseInfo>&&, Catch::Detail::unique_ptr<Catch::ITestInvoker>&&) (catch_registry_hub.cpp:58)
==268755==    by 0x26E968: Catch::AutoReg::AutoReg(Catch::Detail::unique_ptr<Catch::ITestInvoker>, Catch::SourceLineInfo const&, Catch::StringRef, Catch::NameAndTags const&) (catch_test_registry.cpp:58)
==268755==    by 0x1A5C8B: __static_initialization_and_destruction_0(int, int) (test_drivers.cpp:138)
==268755==    by 0x1A5E65: _GLOBAL__sub_I_test_drivers.cpp (test_drivers.cpp:281)
==268755== 
==268755== 512 bytes in 1 blocks are still reachable in loss record 1,764 of 2,004
==268755==    at 0x4849013: operator new(unsigned long) (in /usr/libexec/valgrind/vgpreload_memcheck-amd64-linux.so)
==268755==    by 0x26939B: __gnu_cxx::new_allocator<Catch::Detail::unique_ptr<Catch::TestCaseInfo> >::allocate(unsigned long, void const*) (new_allocator.h:127)
==268755==    by 0x268B52: std::allocator_traits<std::allocator<Catch::Detail::unique_ptr<Catch::TestCaseInfo> > >::allocate(std::allocator<Catch::Detail::unique_ptr<Catch::TestCaseInfo> >&, unsigned long) (alloc_traits.h:464)
==268755==    by 0x267FEF: std::_Vector_base<Catch::Detail::unique_ptr<Catch::TestCaseInfo>, std::allocator<Catch::Detail::unique_ptr<Catch::TestCaseInfo> > >::_M_allocate(unsigned long) (stl_vector.h:346)
==268755==    by 0x266F1E: void std::vector<Catch::Detail::unique_ptr<Catch::TestCaseInfo>, std::allocator<Catch::Detail::unique_ptr<Catch::TestCaseInfo> > >::_M_realloc_insert<Catch::Detail::unique_ptr<Catch::TestCaseInfo> >(__gnu_cxx::__normal_iterator<Catch::Detail::unique_ptr<Catch::TestCaseInfo>*, std::vector<Catch::Detail::unique_ptr<Catch::TestCaseInfo>, std::allocator<Catch::Detail::unique_ptr<Catch::TestCaseInfo> > > >, Catch::Detail::unique_ptr<Catch::TestCaseInfo>&&) (vector.tcc:440)
==268755==    by 0x265EDD: Catch::Detail::unique_ptr<Catch::TestCaseInfo>& std::vector<Catch::Detail::unique_ptr<Catch::TestCaseInfo>, std::allocator<Catch::Detail::unique_ptr<Catch::TestCaseInfo> > >::emplace_back<Catch::Detail::unique_ptr<Catch::TestCaseInfo> >(Catch::Detail::unique_ptr<Catch::TestCaseInfo>&&) (vector.tcc:121)
==268755==    by 0x264E47: std::vector<Catch::Detail::unique_ptr<Catch::TestCaseInfo>, std::allocator<Catch::Detail::unique_ptr<Catch::TestCaseInfo> > >::push_back(Catch::Detail::unique_ptr<Catch::TestCaseInfo>&&) (stl_vector.h:1204)
==268755==    by 0x2615BE: Catch::TestRegistry::registerTest(Catch::Detail::unique_ptr<Catch::TestCaseInfo>, Catch::Detail::unique_ptr<Catch::ITestInvoker>) (catch_test_case_registry_impl.cpp:123)
==268755==    by 0x2A48CE: Catch::(anonymous namespace)::RegistryHub::registerTest(Catch::Detail::unique_ptr<Catch::TestCaseInfo>&&, Catch::Detail::unique_ptr<Catch::ITestInvoker>&&) (catch_registry_hub.cpp:58)
==268755==    by 0x26E968: Catch::AutoReg::AutoReg(Catch::Detail::unique_ptr<Catch::ITestInvoker>, Catch::SourceLineInfo const&, Catch::StringRef, Catch::NameAndTags const&) (catch_test_registry.cpp:58)
==268755==    by 0x1A5C8B: __static_initialization_and_destruction_0(int, int) (test_drivers.cpp:138)
==268755==    by 0x1A5E65: _GLOBAL__sub_I_test_drivers.cpp (test_drivers.cpp:281)
==268755== 
==268755== 512 bytes in 1 blocks are still reachable in loss record 1,765 of 2,004
==268755==    at 0x4849013: operator new(unsigned long) (in /usr/libexec/valgrind/vgpreload_memcheck-amd64-linux.so)
==268755==    by 0x2695E5: __gnu_cxx::new_allocator<Catch::Detail::unique_ptr<Catch::ITestInvoker> >::allocate(unsigned long, void const*) (new_allocator.h:127)
==268755==    by 0x268CB0: std::allocator_traits<std::allocator<Catch::Detail::unique_ptr<Catch::ITestInvoker> > >::allocate(std::allocator<Catch::Detail::unique_ptr<Catch::ITestInvoker> >&, unsigned long) (alloc_traits.h:464)
==268755==    by 0x268381: std::_Vector_base<Catch::Detail::unique_ptr<Catch::ITestInvoker>, std::allocator<Catch::Detail::unique_ptr<Catch::ITestInvoker> > >::_M_allocate(unsigned long) (stl_vector.h:346)
==268755==    by 0x2671DE: void std::vector<Catch::Detail::unique_ptr<Catch::ITestInvoker>, std::allocator<Catch::Detail::unique_ptr<Catch::ITestInvoker> > >::_M_realloc_insert<Catch::Detail::unique_ptr<Catch::ITestInvoker> >(__gnu_cxx::__normal_iterator<Catch::Detail::unique_ptr<Catch::ITestInvoker>*, std::vector<Catch::Detail::unique_ptr<Catch::ITestInvoker>, std::allocator<Catch::Detail::unique_ptr<Catch::ITestInvoker> > > >, Catch::Detail::unique_ptr<Catch::ITestInvoker>&&) (vector.tcc:440)
==268755==    by 0x265F97: Catch::Detail::unique_ptr<Catch::ITestInvoker>& std::vector<Catch::Detail::unique_ptr<Catch::ITestInvoker>, std::allocator<Catch::Detail::unique_ptr<Catch::ITestInvoker> > >::emplace_back<Catch::Detail::unique_ptr<Catch::ITestInvoker> >(Catch::Detail::unique_ptr<Catch::ITestInvoker>&&) (vector.tcc:121)
==268755==    by 0x264E7D: std::vector<Catch::Detail::unique_ptr<Catch::ITestInvoker>, std::allocator<Catch::Detail::unique_ptr<Catch::ITestInvoker> > >::push_back(Catch::Detail::unique_ptr<Catch::ITestInvoker>&&) (stl_vector.h:1204)
==268755==    by 0x2615D5: Catch::TestRegistry::registerTest(Catch::Detail::unique_ptr<Catch::TestCaseInfo>, Catch::Detail::unique_ptr<Catch::ITestInvoker>) (catch_test_case_registry_impl.cpp:124)
==268755==    by 0x2A48CE: Catch::(anonymous namespace)::RegistryHub::registerTest(Catch::Detail::unique_ptr<Catch::TestCaseInfo>&&, Catch::Detail::unique_ptr<Catch::ITestInvoker>&&) (catch_registry_hub.cpp:58)
==268755==    by 0x26E968: Catch::AutoReg::AutoReg(Catch::Detail::unique_ptr<Catch::ITestInvoker>, Catch::SourceLineInfo const&, Catch::StringRef, Catch::NameAndTags const&) (catch_test_registry.cpp:58)
==268755==    by 0x1A5C8B: __static_initialization_and_destruction_0(int, int) (test_drivers.cpp:138)
==268755==    by 0x1A5E65: _GLOBAL__sub_I_test_drivers.cpp (test_drivers.cpp:281)
==268755== 
==268755== 512 bytes in 1 blocks are still reachable in loss record 1,766 of 2,004
==268755==    at 0x4849013: operator new(unsigned long) (in /usr/libexec/valgrind/vgpreload_memcheck-amd64-linux.so)
==268755==    by 0x1DCFED: __gnu_cxx::new_allocator<std::shared_ptr<cpp_dbc::PooledConnection> >::allocate(unsigned long, void const*) (new_allocator.h:127)
==268755==    by 0x1D9A8A: allocate (allocator.h:185)
==268755==    by 0x1D9A8A: std::allocator_traits<std::allocator<std::shared_ptr<cpp_dbc::PooledConnection> > >::allocate(std::allocator<std::shared_ptr<cpp_dbc::PooledConnection> >&, unsigned long) (alloc_traits.h:464)
==268755==    by 0x1DBA91: std::_Deque_base<std::shared_ptr<cpp_dbc::PooledConnection>, std::allocator<std::shared_ptr<cpp_dbc::PooledConnection> > >::_M_allocate_node() (stl_deque.h:562)
==268755==    by 0x1D9B35: void std::deque<std::shared_ptr<cpp_dbc::PooledConnection>, std::allocator<std::shared_ptr<cpp_dbc::PooledConnection> > >::_M_push_back_aux<std::shared_ptr<cpp_dbc::PooledConnection> const&>(std::shared_ptr<cpp_dbc::PooledConnection> const&) (deque.tcc:497)
==268755==    by 0x1D7FC8: std::deque<std::shared_ptr<cpp_dbc::PooledConnection>, std::allocator<std::shared_ptr<cpp_dbc::PooledConnection> > >::push_back(std::shared_ptr<cpp_dbc::PooledConnection> const&) (stl_deque.h:1506)
==268755==    by 0x1D6EAA: std::queue<std::shared_ptr<cpp_dbc::PooledConnection>, std::deque<std::shared_ptr<cpp_dbc::PooledConnection>, std::allocator<std::shared_ptr<cpp_dbc::PooledConnection> > > >::push(std::shared_ptr<cpp_dbc::PooledConnection> const&) (stl_queue.h:266)
==268755==    by 0x1D3E5F: cpp_dbc::ConnectionPool::returnConnection(std::shared_ptr<cpp_dbc::PooledConnection>) (connection_pool.cpp:206)
==268755==    by 0x1D539B: cpp_dbc::PooledConnection::close() (connection_pool.cpp:708)
==268755==    by 0x1B28C3: CATCH2_INTERNAL_TEST_0()::{lambda()#1}::operator()() const (test_mysql_real.cpp:300)
==268755==    by 0x1B4DC5: void std::__invoke_impl<void, CATCH2_INTERNAL_TEST_0()::{lambda()#1}>(std::__invoke_other, CATCH2_INTERNAL_TEST_0()::{lambda()#1}&&) (invoke.h:61)
==268755==    by 0x1B4D88: std::__invoke_result<CATCH2_INTERNAL_TEST_0()::{lambda()#1}>::type std::__invoke<CATCH2_INTERNAL_TEST_0()::{lambda()#1}>(CATCH2_INTERNAL_TEST_0()::{lambda()#1}&&) (invoke.h:96)
==268755== 
==268755== 512 bytes in 16 blocks are possibly lost in loss record 1,767 of 2,004
==268755==    at 0x4848899: malloc (in /usr/libexec/valgrind/vgpreload_memcheck-amd64-linux.so)
==268755==    by 0x561679D: CRYPTO_zalloc (in /usr/lib/x86_64-linux-gnu/libcrypto.so.3)
==268755==    by 0x5665352: OPENSSL_sk_new_reserve (in /usr/lib/x86_64-linux-gnu/libcrypto.so.3)
==268755==    by 0x569E1C4: ??? (in /usr/lib/x86_64-linux-gnu/libcrypto.so.3)
==268755==    by 0x569EC40: ??? (in /usr/lib/x86_64-linux-gnu/libcrypto.so.3)
==268755==    by 0x552DC8B: ??? (in /usr/lib/x86_64-linux-gnu/libcrypto.so.3)
==268755==    by 0x552F3E7: ??? (in /usr/lib/x86_64-linux-gnu/libcrypto.so.3)
==268755==    by 0x552DD18: ??? (in /usr/lib/x86_64-linux-gnu/libcrypto.so.3)
==268755==    by 0x552F3E7: ??? (in /usr/lib/x86_64-linux-gnu/libcrypto.so.3)
==268755==    by 0x552DD18: ??? (in /usr/lib/x86_64-linux-gnu/libcrypto.so.3)
==268755==    by 0x552E492: ASN1_item_d2i_ex (in /usr/lib/x86_64-linux-gnu/libcrypto.so.3)
==268755==    by 0x54221C2: ??? (in /usr/lib/x86_64-linux-gnu/libssl.so.3)
==268755== 
==268755== 512 bytes in 16 blocks are possibly lost in loss record 1,768 of 2,004
==268755==    at 0x4848899: malloc (in /usr/libexec/valgrind/vgpreload_memcheck-amd64-linux.so)
==268755==    by 0x561679D: CRYPTO_zalloc (in /usr/lib/x86_64-linux-gnu/libcrypto.so.3)
==268755==    by 0x5555C93: BUF_MEM_new (in /usr/lib/x86_64-linux-gnu/libcrypto.so.3)
==268755==    by 0x569E1D2: ??? (in /usr/lib/x86_64-linux-gnu/libcrypto.so.3)
==268755==    by 0x569EC40: ??? (in /usr/lib/x86_64-linux-gnu/libcrypto.so.3)
==268755==    by 0x552DC8B: ??? (in /usr/lib/x86_64-linux-gnu/libcrypto.so.3)
==268755==    by 0x552F3E7: ??? (in /usr/lib/x86_64-linux-gnu/libcrypto.so.3)
==268755==    by 0x552DD18: ??? (in /usr/lib/x86_64-linux-gnu/libcrypto.so.3)
==268755==    by 0x552F3E7: ??? (in /usr/lib/x86_64-linux-gnu/libcrypto.so.3)
==268755==    by 0x552DD18: ??? (in /usr/lib/x86_64-linux-gnu/libcrypto.so.3)
==268755==    by 0x552E492: ASN1_item_d2i_ex (in /usr/lib/x86_64-linux-gnu/libcrypto.so.3)
==268755==    by 0x54221C2: ??? (in /usr/lib/x86_64-linux-gnu/libssl.so.3)
==268755== 
==268755== 512 bytes in 16 blocks are possibly lost in loss record 1,769 of 2,004
==268755==    at 0x4848899: malloc (in /usr/libexec/valgrind/vgpreload_memcheck-amd64-linux.so)
==268755==    by 0x561679D: CRYPTO_zalloc (in /usr/lib/x86_64-linux-gnu/libcrypto.so.3)
==268755==    by 0x5663872: ??? (in /usr/lib/x86_64-linux-gnu/libcrypto.so.3)
==268755==    by 0x5663952: OPENSSL_sk_insert (in /usr/lib/x86_64-linux-gnu/libcrypto.so.3)
==268755==    by 0x569ED49: ??? (in /usr/lib/x86_64-linux-gnu/libcrypto.so.3)
==268755==    by 0x552DC8B: ??? (in /usr/lib/x86_64-linux-gnu/libcrypto.so.3)
==268755==    by 0x552F3E7: ??? (in /usr/lib/x86_64-linux-gnu/libcrypto.so.3)
==268755==    by 0x552DD18: ??? (in /usr/lib/x86_64-linux-gnu/libcrypto.so.3)
==268755==    by 0x552F3E7: ??? (in /usr/lib/x86_64-linux-gnu/libcrypto.so.3)
==268755==    by 0x552DD18: ??? (in /usr/lib/x86_64-linux-gnu/libcrypto.so.3)
==268755==    by 0x552E492: ASN1_item_d2i_ex (in /usr/lib/x86_64-linux-gnu/libcrypto.so.3)
==268755==    by 0x54221C2: ??? (in /usr/lib/x86_64-linux-gnu/libssl.so.3)
==268755== 
==268755== 520 bytes in 5 blocks are possibly lost in loss record 1,770 of 2,004
==268755==    at 0x4848899: malloc (in /usr/libexec/valgrind/vgpreload_memcheck-amd64-linux.so)
==268755==    by 0x55494E3: BN_MONT_CTX_new (in /usr/lib/x86_64-linux-gnu/libcrypto.so.3)
==268755==    by 0x5552824: BN_MONT_CTX_set_locked (in /usr/lib/x86_64-linux-gnu/libcrypto.so.3)
==268755==    by 0x558C6E1: ??? (in /usr/lib/x86_64-linux-gnu/libcrypto.so.3)
==268755==    by 0x558C924: ??? (in /usr/lib/x86_64-linux-gnu/libcrypto.so.3)
==268755==    by 0x56D478F: ??? (in /usr/lib/x86_64-linux-gnu/libcrypto.so.3)
==268755==    by 0x5608028: EVP_PKEY_generate (in /usr/lib/x86_64-linux-gnu/libcrypto.so.3)
==268755==    by 0x48F8574: ??? (in /usr/lib/x86_64-linux-gnu/libmysqlclient.so.21.2.42)
==268755==    by 0x489A042: ??? (in /usr/lib/x86_64-linux-gnu/libmysqlclient.so.21.2.42)
==268755==    by 0x489AD71: ??? (in /usr/lib/x86_64-linux-gnu/libmysqlclient.so.21.2.42)
==268755==    by 0x48A3273: ??? (in /usr/lib/x86_64-linux-gnu/libmysqlclient.so.21.2.42)
==268755==    by 0x489EF82: mysql_real_connect (in /usr/lib/x86_64-linux-gnu/libmysqlclient.so.21.2.42)
==268755== 
==268755== 528 bytes in 3 blocks are still reachable in loss record 1,771 of 2,004
==268755==    at 0x4849013: operator new(unsigned long) (in /usr/libexec/valgrind/vgpreload_memcheck-amd64-linux.so)
==268755==    by 0x2E8AB6: YAML::detail::node_ref::node_ref() (node_ref.h:19)
==268755==    by 0x2E8BEB: YAML::detail::node::node() (node.h:27)
==268755==    by 0x2E896A: YAML::detail::memory::create_node() (memory.cpp:17)
==268755==    by 0x1348BD: YAML::detail::memory_holder::create_node() (memory.h:38)
==268755==    by 0x3103BB: YAML::NodeBuilder::Push(YAML::Mark const&, unsigned long) (nodebuilder.cpp:81)
==268755==    by 0x3101CE: YAML::NodeBuilder::OnScalar(YAML::Mark const&, std::__cxx11::basic_string<char, std::char_traits<char>, std::allocator<char> > const&, unsigned long, std::__cxx11::basic_string<char, std::char_traits<char>, std::allocator<char> > const&) (nodebuilder.cpp:49)
==268755==    by 0x306961: YAML::SingleDocParser::HandleNode(YAML::EventHandler&) (singledocparser.cpp:108)
==268755==    by 0x3078D8: YAML::SingleDocParser::HandleBlockMap(YAML::EventHandler&) (singledocparser.cpp:273)
==268755==    by 0x30762F: YAML::SingleDocParser::HandleMap(YAML::EventHandler&) (singledocparser.cpp:235)
==268755==    by 0x306B2F: YAML::SingleDocParser::HandleNode(YAML::EventHandler&) (singledocparser.cpp:128)
==268755==    by 0x3063EC: YAML::SingleDocParser::HandleDocument(YAML::EventHandler&) (singledocparser.cpp:41)
==268755== 
==268755== 528 bytes in 22 blocks are still reachable in loss record 1,772 of 2,004
==268755==    at 0x4848899: malloc (in /usr/libexec/valgrind/vgpreload_memcheck-amd64-linux.so)
==268755==    by 0x560C185: OPENSSL_LH_insert (in /usr/lib/x86_64-linux-gnu/libcrypto.so.3)
==268755==    by 0x56FD672: ??? (in /usr/lib/x86_64-linux-gnu/libcrypto.so.3)
==268755==    by 0x55CA89F: ERR_load_strings_const (in /usr/lib/x86_64-linux-gnu/libcrypto.so.3)
==268755==    by 0x561D2E4: ??? (in /usr/lib/x86_64-linux-gnu/libcrypto.so.3)
==268755==    by 0x522BEE7: __pthread_once_slow (pthread_once.c:116)
==268755==    by 0x5621C9C: CRYPTO_THREAD_run_once (in /usr/lib/x86_64-linux-gnu/libcrypto.so.3)
==268755==    by 0x561E992: OPENSSL_init_crypto (in /usr/lib/x86_64-linux-gnu/libcrypto.so.3)
==268755==    by 0x55CC336: ??? (in /usr/lib/x86_64-linux-gnu/libcrypto.so.3)
==268755==    by 0x55CCCFC: ERR_set_mark (in /usr/lib/x86_64-linux-gnu/libcrypto.so.3)
==268755==    by 0x55790E1: CONF_modules_load_file_ex (in /usr/lib/x86_64-linux-gnu/libcrypto.so.3)
==268755==    by 0x561E19F: ??? (in /usr/lib/x86_64-linux-gnu/libcrypto.so.3)
==268755== 
==268755== 544 bytes in 1 blocks are still reachable in loss record 1,773 of 2,004
==268755==    at 0x4848899: malloc (in /usr/libexec/valgrind/vgpreload_memcheck-amd64-linux.so)
==268755==    by 0x52E74EA: __nss_module_allocate (nss_module.c:88)
==268755==    by 0x52E7C6E: nss_action_parse (nss_action_parse.c:57)
==268755==    by 0x52E7C6E: __nss_action_parse (nss_action_parse.c:169)
==268755==    by 0x52E86CA: nss_database_select_default (nss_database.c:166)
==268755==    by 0x52E86CA: nss_database_reload (nss_database.c:368)
==268755==    by 0x52E86CA: nss_database_check_reload_and_get (nss_database.c:448)
==268755==    by 0x52E658B: __nss_services_lookup2 (XXX-lookup.c:52)
==268755==    by 0x52CBC3A: getservbyname_r@@GLIBC_2.2.5 (getXXbyYY_r.c:264)
==268755==    by 0x52CBAE6: getservbyname (getXXbyYY.c:135)
==268755==    by 0x488FB6C: mysql_server_init (in /usr/lib/x86_64-linux-gnu/libmysqlclient.so.21.2.42)
==268755==    by 0x1ED98C: cpp_dbc::MySQL::MySQLDriver::MySQLDriver() (driver_mysql.cpp:797)
==268755==    by 0x163CB6: decltype (::new ((void*)(0)) cpp_dbc::MySQL::MySQLDriver()) std::construct_at<cpp_dbc::MySQL::MySQLDriver>(cpp_dbc::MySQL::MySQLDriver*) (stl_construct.h:97)
==268755==    by 0x163D03: void std::allocator_traits<std::allocator<cpp_dbc::MySQL::MySQLDriver> >::construct<cpp_dbc::MySQL::MySQLDriver>(std::allocator<cpp_dbc::MySQL::MySQLDriver>&, cpp_dbc::MySQL::MySQLDriver*) (alloc_traits.h:518)
==268755==    by 0x163861: std::_Sp_counted_ptr_inplace<cpp_dbc::MySQL::MySQLDriver, std::allocator<cpp_dbc::MySQL::MySQLDriver>, (__gnu_cxx::_Lock_policy)2>::_Sp_counted_ptr_inplace<>(std::allocator<cpp_dbc::MySQL::MySQLDriver>) (shared_ptr_base.h:519)
==268755== 
==268755== 544 bytes in 4 blocks are possibly lost in loss record 1,774 of 2,004
==268755==    at 0x4848899: malloc (in /usr/libexec/valgrind/vgpreload_memcheck-amd64-linux.so)
==268755==    by 0x561679D: CRYPTO_zalloc (in /usr/lib/x86_64-linux-gnu/libcrypto.so.3)
==268755==    by 0x553A9CA: BIO_new_ex (in /usr/lib/x86_64-linux-gnu/libcrypto.so.3)
==268755==    by 0x53ED34B: SSL_set_fd (in /usr/lib/x86_64-linux-gnu/libssl.so.3)
==268755==    by 0x48F907D: ??? (in /usr/lib/x86_64-linux-gnu/libmysqlclient.so.21.2.42)
==268755==    by 0x489A12C: ??? (in /usr/lib/x86_64-linux-gnu/libmysqlclient.so.21.2.42)
==268755==    by 0x489AD71: ??? (in /usr/lib/x86_64-linux-gnu/libmysqlclient.so.21.2.42)
==268755==    by 0x48A3273: ??? (in /usr/lib/x86_64-linux-gnu/libmysqlclient.so.21.2.42)
==268755==    by 0x489EF82: mysql_real_connect (in /usr/lib/x86_64-linux-gnu/libmysqlclient.so.21.2.42)
==268755==    by 0x1EC2E1: cpp_dbc::MySQL::MySQLConnection::MySQLConnection(std::__cxx11::basic_string<char, std::char_traits<char>, std::allocator<char> > const&, int, std::__cxx11::basic_string<char, std::char_traits<char>, std::allocator<char> > const&, std::__cxx11::basic_string<char, std::char_traits<char>, std::allocator<char> > const&, std::__cxx11::basic_string<char, std::char_traits<char>, std::allocator<char> > const&) (driver_mysql.cpp:624)
==268755==    by 0x1F6A72: decltype (::new ((void*)(0)) cpp_dbc::MySQL::MySQLConnection((declval<std::__cxx11::basic_string<char, std::char_traits<char>, std::allocator<char> >&>)(), (declval<int&>)(), (declval<std::__cxx11::basic_string<char, std::char_traits<char>, std::allocator<char> >&>)(), (declval<std::__cxx11::basic_string<char, std::char_traits<char>, std::allocator<char> > const&>)(), (declval<std::__cxx11::basic_string<char, std::char_traits<char>, std::allocator<char> > const&>)())) std::construct_at<cpp_dbc::MySQL::MySQLConnection, std::__cxx11::basic_string<char, std::char_traits<char>, std::allocator<char> >&, int&, std::__cxx11::basic_string<char, std::char_traits<char>, std::allocator<char> >&, std::__cxx11::basic_string<char, std::char_traits<char>, std::allocator<char> > const&, std::__cxx11::basic_string<char, std::char_traits<char>, std::allocator<char> > const&>(cpp_dbc::MySQL::MySQLConnection*, std::__cxx11::basic_string<char, std::char_traits<char>, std::allocator<char> >&, int&, std::__cxx11::basic_string<char, std::char_traits<char>, std::allocator<char> >&, std::__cxx11::basic_string<char, std::char_traits<char>, std::allocator<char> > const&, std::__cxx11::basic_string<char, std::char_traits<char>, std::allocator<char> > const&) (stl_construct.h:97)
==268755==    by 0x1F6B2E: void std::allocator_traits<std::allocator<cpp_dbc::MySQL::MySQLConnection> >::construct<cpp_dbc::MySQL::MySQLConnection, std::__cxx11::basic_string<char, std::char_traits<char>, std::allocator<char> >&, int&, std::__cxx11::basic_string<char, std::char_traits<char>, std::allocator<char> >&, std::__cxx11::basic_string<char, std::char_traits<char>, std::allocator<char> > const&, std::__cxx11::basic_string<char, std::char_traits<char>, std::allocator<char> > const&>(std::allocator<cpp_dbc::MySQL::MySQLConnection>&, cpp_dbc::MySQL::MySQLConnection*, std::__cxx11::basic_string<char, std::char_traits<char>, std::allocator<char> >&, int&, std::__cxx11::basic_string<char, std::char_traits<char>, std::allocator<char> >&, std::__cxx11::basic_string<char, std::char_traits<char>, std::allocator<char> > const&, std::__cxx11::basic_string<char, std::char_traits<char>, std::allocator<char> > const&) (alloc_traits.h:518)
==268755== 
==268755== 552 bytes in 23 blocks are still reachable in loss record 1,775 of 2,004
==268755==    at 0x4848899: malloc (in /usr/libexec/valgrind/vgpreload_memcheck-amd64-linux.so)
==268755==    by 0x560C185: OPENSSL_LH_insert (in /usr/lib/x86_64-linux-gnu/libcrypto.so.3)
==268755==    by 0x5619542: ??? (in /usr/lib/x86_64-linux-gnu/libcrypto.so.3)
==268755==    by 0x56F41B3: ??? (in /usr/lib/x86_64-linux-gnu/libcrypto.so.3)
==268755==    by 0x55EBAFA: ??? (in /usr/lib/x86_64-linux-gnu/libcrypto.so.3)
==268755==    by 0x560B7F8: ??? (in /usr/lib/x86_64-linux-gnu/libcrypto.so.3)
==268755==    by 0x560B71B: ??? (in /usr/lib/x86_64-linux-gnu/libcrypto.so.3)
==268755==    by 0x562AD6A: ??? (in /usr/lib/x86_64-linux-gnu/libcrypto.so.3)
==268755==    by 0x56F44E7: ??? (in /usr/lib/x86_64-linux-gnu/libcrypto.so.3)
==268755==    by 0x56F4B3D: ??? (in /usr/lib/x86_64-linux-gnu/libcrypto.so.3)
==268755==    by 0x55DF712: EVP_MD_fetch (in /usr/lib/x86_64-linux-gnu/libcrypto.so.3)
==268755==    by 0x53F13FA: ??? (in /usr/lib/x86_64-linux-gnu/libssl.so.3)
==268755== 
==268755== 560 bytes in 10 blocks are still reachable in loss record 1,776 of 2,004
==268755==    at 0x4848899: malloc (in /usr/libexec/valgrind/vgpreload_memcheck-amd64-linux.so)
==268755==    by 0x561679D: CRYPTO_zalloc (in /usr/lib/x86_64-linux-gnu/libcrypto.so.3)
==268755==    by 0x5621B23: CRYPTO_THREAD_lock_new (in /usr/lib/x86_64-linux-gnu/libcrypto.so.3)
==268755==    by 0x56042E8: ??? (in /usr/lib/x86_64-linux-gnu/libcrypto.so.3)
==268755==    by 0x55EBB09: ??? (in /usr/lib/x86_64-linux-gnu/libcrypto.so.3)
==268755==    by 0x560B7F8: ??? (in /usr/lib/x86_64-linux-gnu/libcrypto.so.3)
==268755==    by 0x560B71B: ??? (in /usr/lib/x86_64-linux-gnu/libcrypto.so.3)
==268755==    by 0x562AD6A: ??? (in /usr/lib/x86_64-linux-gnu/libcrypto.so.3)
==268755==    by 0x56F44E7: ??? (in /usr/lib/x86_64-linux-gnu/libcrypto.so.3)
==268755==    by 0x56F4B3D: ??? (in /usr/lib/x86_64-linux-gnu/libcrypto.so.3)
==268755==    by 0x560BAEE: EVP_SIGNATURE_fetch (in /usr/lib/x86_64-linux-gnu/libcrypto.so.3)
==268755==    by 0x53F522E: SSL_CTX_new_ex (in /usr/lib/x86_64-linux-gnu/libssl.so.3)
==268755== 
==268755== 560 bytes in 5 blocks are possibly lost in loss record 1,777 of 2,004
==268755==    at 0x484DA83: calloc (in /usr/libexec/valgrind/vgpreload_memcheck-amd64-linux.so)
==268755==    by 0x48F0482: ??? (in /usr/lib/x86_64-linux-gnu/libmysqlclient.so.21.2.42)
==268755==    by 0x489F758: mysql_init (in /usr/lib/x86_64-linux-gnu/libmysqlclient.so.21.2.42)
==268755==    by 0x1EC1CA: cpp_dbc::MySQL::MySQLConnection::MySQLConnection(std::__cxx11::basic_string<char, std::char_traits<char>, std::allocator<char> > const&, int, std::__cxx11::basic_string<char, std::char_traits<char>, std::allocator<char> > const&, std::__cxx11::basic_string<char, std::char_traits<char>, std::allocator<char> > const&, std::__cxx11::basic_string<char, std::char_traits<char>, std::allocator<char> > const&) (driver_mysql.cpp:613)
==268755==    by 0x1F6A72: decltype (::new ((void*)(0)) cpp_dbc::MySQL::MySQLConnection((declval<std::__cxx11::basic_string<char, std::char_traits<char>, std::allocator<char> >&>)(), (declval<int&>)(), (declval<std::__cxx11::basic_string<char, std::char_traits<char>, std::allocator<char> >&>)(), (declval<std::__cxx11::basic_string<char, std::char_traits<char>, std::allocator<char> > const&>)(), (declval<std::__cxx11::basic_string<char, std::char_traits<char>, std::allocator<char> > const&>)())) std::construct_at<cpp_dbc::MySQL::MySQLConnection, std::__cxx11::basic_string<char, std::char_traits<char>, std::allocator<char> >&, int&, std::__cxx11::basic_string<char, std::char_traits<char>, std::allocator<char> >&, std::__cxx11::basic_string<char, std::char_traits<char>, std::allocator<char> > const&, std::__cxx11::basic_string<char, std::char_traits<char>, std::allocator<char> > const&>(cpp_dbc::MySQL::MySQLConnection*, std::__cxx11::basic_string<char, std::char_traits<char>, std::allocator<char> >&, int&, std::__cxx11::basic_string<char, std::char_traits<char>, std::allocator<char> >&, std::__cxx11::basic_string<char, std::char_traits<char>, std::allocator<char> > const&, std::__cxx11::basic_string<char, std::char_traits<char>, std::allocator<char> > const&) (stl_construct.h:97)
==268755==    by 0x1F6B2E: void std::allocator_traits<std::allocator<cpp_dbc::MySQL::MySQLConnection> >::construct<cpp_dbc::MySQL::MySQLConnection, std::__cxx11::basic_string<char, std::char_traits<char>, std::allocator<char> >&, int&, std::__cxx11::basic_string<char, std::char_traits<char>, std::allocator<char> >&, std::__cxx11::basic_string<char, std::char_traits<char>, std::allocator<char> > const&, std::__cxx11::basic_string<char, std::char_traits<char>, std::allocator<char> > const&>(std::allocator<cpp_dbc::MySQL::MySQLConnection>&, cpp_dbc::MySQL::MySQLConnection*, std::__cxx11::basic_string<char, std::char_traits<char>, std::allocator<char> >&, int&, std::__cxx11::basic_string<char, std::char_traits<char>, std::allocator<char> >&, std::__cxx11::basic_string<char, std::char_traits<char>, std::allocator<char> > const&, std::__cxx11::basic_string<char, std::char_traits<char>, std::allocator<char> > const&) (alloc_traits.h:518)
==268755==    by 0x1F602C: std::_Sp_counted_ptr_inplace<cpp_dbc::MySQL::MySQLConnection, std::allocator<cpp_dbc::MySQL::MySQLConnection>, (__gnu_cxx::_Lock_policy)2>::_Sp_counted_ptr_inplace<std::__cxx11::basic_string<char, std::char_traits<char>, std::allocator<char> >&, int&, std::__cxx11::basic_string<char, std::char_traits<char>, std::allocator<char> >&, std::__cxx11::basic_string<char, std::char_traits<char>, std::allocator<char> > const&, std::__cxx11::basic_string<char, std::char_traits<char>, std::allocator<char> > const&>(std::allocator<cpp_dbc::MySQL::MySQLConnection>, std::__cxx11::basic_string<char, std::char_traits<char>, std::allocator<char> >&, int&, std::__cxx11::basic_string<char, std::char_traits<char>, std::allocator<char> >&, std::__cxx11::basic_string<char, std::char_traits<char>, std::allocator<char> > const&, std::__cxx11::basic_string<char, std::char_traits<char>, std::allocator<char> > const&) (shared_ptr_base.h:519)
==268755==    by 0x1F4FF2: std::__shared_count<(__gnu_cxx::_Lock_policy)2>::__shared_count<cpp_dbc::MySQL::MySQLConnection, std::allocator<cpp_dbc::MySQL::MySQLConnection>, std::__cxx11::basic_string<char, std::char_traits<char>, std::allocator<char> >&, int&, std::__cxx11::basic_string<char, std::char_traits<char>, std::allocator<char> >&, std::__cxx11::basic_string<char, std::char_traits<char>, std::allocator<char> > const&, std::__cxx11::basic_string<char, std::char_traits<char>, std::allocator<char> > const&>(cpp_dbc::MySQL::MySQLConnection*&, std::_Sp_alloc_shared_tag<std::allocator<cpp_dbc::MySQL::MySQLConnection> >, std::__cxx11::basic_string<char, std::char_traits<char>, std::allocator<char> >&, int&, std::__cxx11::basic_string<char, std::char_traits<char>, std::allocator<char> >&, std::__cxx11::basic_string<char, std::char_traits<char>, std::allocator<char> > const&, std::__cxx11::basic_string<char, std::char_traits<char>, std::allocator<char> > const&) (shared_ptr_base.h:650)
==268755==    by 0x1F42B5: std::__shared_ptr<cpp_dbc::MySQL::MySQLConnection, (__gnu_cxx::_Lock_policy)2>::__shared_ptr<std::allocator<cpp_dbc::MySQL::MySQLConnection>, std::__cxx11::basic_string<char, std::char_traits<char>, std::allocator<char> >&, int&, std::__cxx11::basic_string<char, std::char_traits<char>, std::allocator<char> >&, std::__cxx11::basic_string<char, std::char_traits<char>, std::allocator<char> > const&, std::__cxx11::basic_string<char, std::char_traits<char>, std::allocator<char> > const&>(std::_Sp_alloc_shared_tag<std::allocator<cpp_dbc::MySQL::MySQLConnection> >, std::__cxx11::basic_string<char, std::char_traits<char>, std::allocator<char> >&, int&, std::__cxx11::basic_string<char, std::char_traits<char>, std::allocator<char> >&, std::__cxx11::basic_string<char, std::char_traits<char>, std::allocator<char> > const&, std::__cxx11::basic_string<char, std::char_traits<char>, std::allocator<char> > const&) (shared_ptr_base.h:1342)
==268755==    by 0x1F3358: std::shared_ptr<cpp_dbc::MySQL::MySQLConnection>::shared_ptr<std::allocator<cpp_dbc::MySQL::MySQLConnection>, std::__cxx11::basic_string<char, std::char_traits<char>, std::allocator<char> >&, int&, std::__cxx11::basic_string<char, std::char_traits<char>, std::allocator<char> >&, std::__cxx11::basic_string<char, std::char_traits<char>, std::allocator<char> > const&, std::__cxx11::basic_string<char, std::char_traits<char>, std::allocator<char> > const&>(std::_Sp_alloc_shared_tag<std::allocator<cpp_dbc::MySQL::MySQLConnection> >, std::__cxx11::basic_string<char, std::char_traits<char>, std::allocator<char> >&, int&, std::__cxx11::basic_string<char, std::char_traits<char>, std::allocator<char> >&, std::__cxx11::basic_string<char, std::char_traits<char>, std::allocator<char> > const&, std::__cxx11::basic_string<char, std::char_traits<char>, std::allocator<char> > const&) (shared_ptr.h:409)
==268755==    by 0x1F1DAF: std::shared_ptr<cpp_dbc::MySQL::MySQLConnection> std::allocate_shared<cpp_dbc::MySQL::MySQLConnection, std::allocator<cpp_dbc::MySQL::MySQLConnection>, std::__cxx11::basic_string<char, std::char_traits<char>, std::allocator<char> >&, int&, std::__cxx11::basic_string<char, std::char_traits<char>, std::allocator<char> >&, std::__cxx11::basic_string<char, std::char_traits<char>, std::allocator<char> > const&, std::__cxx11::basic_string<char, std::char_traits<char>, std::allocator<char> > const&>(std::allocator<cpp_dbc::MySQL::MySQLConnection> const&, std::__cxx11::basic_string<char, std::char_traits<char>, std::allocator<char> >&, int&, std::__cxx11::basic_string<char, std::char_traits<char>, std::allocator<char> >&, std::__cxx11::basic_string<char, std::char_traits<char>, std::allocator<char> > const&, std::__cxx11::basic_string<char, std::char_traits<char>, std::allocator<char> > const&) (shared_ptr.h:863)
==268755==    by 0x1F0024: std::shared_ptr<cpp_dbc::MySQL::MySQLConnection> std::make_shared<cpp_dbc::MySQL::MySQLConnection, std::__cxx11::basic_string<char, std::char_traits<char>, std::allocator<char> >&, int&, std::__cxx11::basic_string<char, std::char_traits<char>, std::allocator<char> >&, std::__cxx11::basic_string<char, std::char_traits<char>, std::allocator<char> > const&, std::__cxx11::basic_string<char, std::char_traits<char>, std::allocator<char> > const&>(std::__cxx11::basic_string<char, std::char_traits<char>, std::allocator<char> >&, int&, std::__cxx11::basic_string<char, std::char_traits<char>, std::allocator<char> >&, std::__cxx11::basic_string<char, std::char_traits<char>, std::allocator<char> > const&, std::__cxx11::basic_string<char, std::char_traits<char>, std::allocator<char> > const&) (shared_ptr.h:879)
==268755== 
==268755== 560 bytes in 5 blocks are possibly lost in loss record 1,778 of 2,004
==268755==    at 0x4848899: malloc (in /usr/libexec/valgrind/vgpreload_memcheck-amd64-linux.so)
==268755==    by 0x48F04CF: ??? (in /usr/lib/x86_64-linux-gnu/libmysqlclient.so.21.2.42)
==268755==    by 0x48A6F32: mysql_options4 (in /usr/lib/x86_64-linux-gnu/libmysqlclient.so.21.2.42)
==268755==    by 0x48A027E: ??? (in /usr/lib/x86_64-linux-gnu/libmysqlclient.so.21.2.42)
==268755==    by 0x48A3273: ??? (in /usr/lib/x86_64-linux-gnu/libmysqlclient.so.21.2.42)
==268755==    by 0x489EF82: mysql_real_connect (in /usr/lib/x86_64-linux-gnu/libmysqlclient.so.21.2.42)
==268755==    by 0x1EC2E1: cpp_dbc::MySQL::MySQLConnection::MySQLConnection(std::__cxx11::basic_string<char, std::char_traits<char>, std::allocator<char> > const&, int, std::__cxx11::basic_string<char, std::char_traits<char>, std::allocator<char> > const&, std::__cxx11::basic_string<char, std::char_traits<char>, std::allocator<char> > const&, std::__cxx11::basic_string<char, std::char_traits<char>, std::allocator<char> > const&) (driver_mysql.cpp:624)
==268755==    by 0x1F6A72: decltype (::new ((void*)(0)) cpp_dbc::MySQL::MySQLConnection((declval<std::__cxx11::basic_string<char, std::char_traits<char>, std::allocator<char> >&>)(), (declval<int&>)(), (declval<std::__cxx11::basic_string<char, std::char_traits<char>, std::allocator<char> >&>)(), (declval<std::__cxx11::basic_string<char, std::char_traits<char>, std::allocator<char> > const&>)(), (declval<std::__cxx11::basic_string<char, std::char_traits<char>, std::allocator<char> > const&>)())) std::construct_at<cpp_dbc::MySQL::MySQLConnection, std::__cxx11::basic_string<char, std::char_traits<char>, std::allocator<char> >&, int&, std::__cxx11::basic_string<char, std::char_traits<char>, std::allocator<char> >&, std::__cxx11::basic_string<char, std::char_traits<char>, std::allocator<char> > const&, std::__cxx11::basic_string<char, std::char_traits<char>, std::allocator<char> > const&>(cpp_dbc::MySQL::MySQLConnection*, std::__cxx11::basic_string<char, std::char_traits<char>, std::allocator<char> >&, int&, std::__cxx11::basic_string<char, std::char_traits<char>, std::allocator<char> >&, std::__cxx11::basic_string<char, std::char_traits<char>, std::allocator<char> > const&, std::__cxx11::basic_string<char, std::char_traits<char>, std::allocator<char> > const&) (stl_construct.h:97)
==268755==    by 0x1F6B2E: void std::allocator_traits<std::allocator<cpp_dbc::MySQL::MySQLConnection> >::construct<cpp_dbc::MySQL::MySQLConnection, std::__cxx11::basic_string<char, std::char_traits<char>, std::allocator<char> >&, int&, std::__cxx11::basic_string<char, std::char_traits<char>, std::allocator<char> >&, std::__cxx11::basic_string<char, std::char_traits<char>, std::allocator<char> > const&, std::__cxx11::basic_string<char, std::char_traits<char>, std::allocator<char> > const&>(std::allocator<cpp_dbc::MySQL::MySQLConnection>&, cpp_dbc::MySQL::MySQLConnection*, std::__cxx11::basic_string<char, std::char_traits<char>, std::allocator<char> >&, int&, std::__cxx11::basic_string<char, std::char_traits<char>, std::allocator<char> >&, std::__cxx11::basic_string<char, std::char_traits<char>, std::allocator<char> > const&, std::__cxx11::basic_string<char, std::char_traits<char>, std::allocator<char> > const&) (alloc_traits.h:518)
==268755==    by 0x1F602C: std::_Sp_counted_ptr_inplace<cpp_dbc::MySQL::MySQLConnection, std::allocator<cpp_dbc::MySQL::MySQLConnection>, (__gnu_cxx::_Lock_policy)2>::_Sp_counted_ptr_inplace<std::__cxx11::basic_string<char, std::char_traits<char>, std::allocator<char> >&, int&, std::__cxx11::basic_string<char, std::char_traits<char>, std::allocator<char> >&, std::__cxx11::basic_string<char, std::char_traits<char>, std::allocator<char> > const&, std::__cxx11::basic_string<char, std::char_traits<char>, std::allocator<char> > const&>(std::allocator<cpp_dbc::MySQL::MySQLConnection>, std::__cxx11::basic_string<char, std::char_traits<char>, std::allocator<char> >&, int&, std::__cxx11::basic_string<char, std::char_traits<char>, std::allocator<char> >&, std::__cxx11::basic_string<char, std::char_traits<char>, std::allocator<char> > const&, std::__cxx11::basic_string<char, std::char_traits<char>, std::allocator<char> > const&) (shared_ptr_base.h:519)
==268755==    by 0x1F4FF2: std::__shared_count<(__gnu_cxx::_Lock_policy)2>::__shared_count<cpp_dbc::MySQL::MySQLConnection, std::allocator<cpp_dbc::MySQL::MySQLConnection>, std::__cxx11::basic_string<char, std::char_traits<char>, std::allocator<char> >&, int&, std::__cxx11::basic_string<char, std::char_traits<char>, std::allocator<char> >&, std::__cxx11::basic_string<char, std::char_traits<char>, std::allocator<char> > const&, std::__cxx11::basic_string<char, std::char_traits<char>, std::allocator<char> > const&>(cpp_dbc::MySQL::MySQLConnection*&, std::_Sp_alloc_shared_tag<std::allocator<cpp_dbc::MySQL::MySQLConnection> >, std::__cxx11::basic_string<char, std::char_traits<char>, std::allocator<char> >&, int&, std::__cxx11::basic_string<char, std::char_traits<char>, std::allocator<char> >&, std::__cxx11::basic_string<char, std::char_traits<char>, std::allocator<char> > const&, std::__cxx11::basic_string<char, std::char_traits<char>, std::allocator<char> > const&) (shared_ptr_base.h:650)
==268755==    by 0x1F42B5: std::__shared_ptr<cpp_dbc::MySQL::MySQLConnection, (__gnu_cxx::_Lock_policy)2>::__shared_ptr<std::allocator<cpp_dbc::MySQL::MySQLConnection>, std::__cxx11::basic_string<char, std::char_traits<char>, std::allocator<char> >&, int&, std::__cxx11::basic_string<char, std::char_traits<char>, std::allocator<char> >&, std::__cxx11::basic_string<char, std::char_traits<char>, std::allocator<char> > const&, std::__cxx11::basic_string<char, std::char_traits<char>, std::allocator<char> > const&>(std::_Sp_alloc_shared_tag<std::allocator<cpp_dbc::MySQL::MySQLConnection> >, std::__cxx11::basic_string<char, std::char_traits<char>, std::allocator<char> >&, int&, std::__cxx11::basic_string<char, std::char_traits<char>, std::allocator<char> >&, std::__cxx11::basic_string<char, std::char_traits<char>, std::allocator<char> > const&, std::__cxx11::basic_string<char, std::char_traits<char>, std::allocator<char> > const&) (shared_ptr_base.h:1342)
==268755== 
==268755== 560 bytes in 5 blocks are possibly lost in loss record 1,779 of 2,004
==268755==    at 0x4848899: malloc (in /usr/libexec/valgrind/vgpreload_memcheck-amd64-linux.so)
==268755==    by 0x48F04CF: ??? (in /usr/lib/x86_64-linux-gnu/libmysqlclient.so.21.2.42)
==268755==    by 0x48A6F32: mysql_options4 (in /usr/lib/x86_64-linux-gnu/libmysqlclient.so.21.2.42)
==268755==    by 0x48A029A: ??? (in /usr/lib/x86_64-linux-gnu/libmysqlclient.so.21.2.42)
==268755==    by 0x48A3273: ??? (in /usr/lib/x86_64-linux-gnu/libmysqlclient.so.21.2.42)
==268755==    by 0x489EF82: mysql_real_connect (in /usr/lib/x86_64-linux-gnu/libmysqlclient.so.21.2.42)
==268755==    by 0x1EC2E1: cpp_dbc::MySQL::MySQLConnection::MySQLConnection(std::__cxx11::basic_string<char, std::char_traits<char>, std::allocator<char> > const&, int, std::__cxx11::basic_string<char, std::char_traits<char>, std::allocator<char> > const&, std::__cxx11::basic_string<char, std::char_traits<char>, std::allocator<char> > const&, std::__cxx11::basic_string<char, std::char_traits<char>, std::allocator<char> > const&) (driver_mysql.cpp:624)
==268755==    by 0x1F6A72: decltype (::new ((void*)(0)) cpp_dbc::MySQL::MySQLConnection((declval<std::__cxx11::basic_string<char, std::char_traits<char>, std::allocator<char> >&>)(), (declval<int&>)(), (declval<std::__cxx11::basic_string<char, std::char_traits<char>, std::allocator<char> >&>)(), (declval<std::__cxx11::basic_string<char, std::char_traits<char>, std::allocator<char> > const&>)(), (declval<std::__cxx11::basic_string<char, std::char_traits<char>, std::allocator<char> > const&>)())) std::construct_at<cpp_dbc::MySQL::MySQLConnection, std::__cxx11::basic_string<char, std::char_traits<char>, std::allocator<char> >&, int&, std::__cxx11::basic_string<char, std::char_traits<char>, std::allocator<char> >&, std::__cxx11::basic_string<char, std::char_traits<char>, std::allocator<char> > const&, std::__cxx11::basic_string<char, std::char_traits<char>, std::allocator<char> > const&>(cpp_dbc::MySQL::MySQLConnection*, std::__cxx11::basic_string<char, std::char_traits<char>, std::allocator<char> >&, int&, std::__cxx11::basic_string<char, std::char_traits<char>, std::allocator<char> >&, std::__cxx11::basic_string<char, std::char_traits<char>, std::allocator<char> > const&, std::__cxx11::basic_string<char, std::char_traits<char>, std::allocator<char> > const&) (stl_construct.h:97)
==268755==    by 0x1F6B2E: void std::allocator_traits<std::allocator<cpp_dbc::MySQL::MySQLConnection> >::construct<cpp_dbc::MySQL::MySQLConnection, std::__cxx11::basic_string<char, std::char_traits<char>, std::allocator<char> >&, int&, std::__cxx11::basic_string<char, std::char_traits<char>, std::allocator<char> >&, std::__cxx11::basic_string<char, std::char_traits<char>, std::allocator<char> > const&, std::__cxx11::basic_string<char, std::char_traits<char>, std::allocator<char> > const&>(std::allocator<cpp_dbc::MySQL::MySQLConnection>&, cpp_dbc::MySQL::MySQLConnection*, std::__cxx11::basic_string<char, std::char_traits<char>, std::allocator<char> >&, int&, std::__cxx11::basic_string<char, std::char_traits<char>, std::allocator<char> >&, std::__cxx11::basic_string<char, std::char_traits<char>, std::allocator<char> > const&, std::__cxx11::basic_string<char, std::char_traits<char>, std::allocator<char> > const&) (alloc_traits.h:518)
==268755==    by 0x1F602C: std::_Sp_counted_ptr_inplace<cpp_dbc::MySQL::MySQLConnection, std::allocator<cpp_dbc::MySQL::MySQLConnection>, (__gnu_cxx::_Lock_policy)2>::_Sp_counted_ptr_inplace<std::__cxx11::basic_string<char, std::char_traits<char>, std::allocator<char> >&, int&, std::__cxx11::basic_string<char, std::char_traits<char>, std::allocator<char> >&, std::__cxx11::basic_string<char, std::char_traits<char>, std::allocator<char> > const&, std::__cxx11::basic_string<char, std::char_traits<char>, std::allocator<char> > const&>(std::allocator<cpp_dbc::MySQL::MySQLConnection>, std::__cxx11::basic_string<char, std::char_traits<char>, std::allocator<char> >&, int&, std::__cxx11::basic_string<char, std::char_traits<char>, std::allocator<char> >&, std::__cxx11::basic_string<char, std::char_traits<char>, std::allocator<char> > const&, std::__cxx11::basic_string<char, std::char_traits<char>, std::allocator<char> > const&) (shared_ptr_base.h:519)
==268755==    by 0x1F4FF2: std::__shared_count<(__gnu_cxx::_Lock_policy)2>::__shared_count<cpp_dbc::MySQL::MySQLConnection, std::allocator<cpp_dbc::MySQL::MySQLConnection>, std::__cxx11::basic_string<char, std::char_traits<char>, std::allocator<char> >&, int&, std::__cxx11::basic_string<char, std::char_traits<char>, std::allocator<char> >&, std::__cxx11::basic_string<char, std::char_traits<char>, std::allocator<char> > const&, std::__cxx11::basic_string<char, std::char_traits<char>, std::allocator<char> > const&>(cpp_dbc::MySQL::MySQLConnection*&, std::_Sp_alloc_shared_tag<std::allocator<cpp_dbc::MySQL::MySQLConnection> >, std::__cxx11::basic_string<char, std::char_traits<char>, std::allocator<char> >&, int&, std::__cxx11::basic_string<char, std::char_traits<char>, std::allocator<char> >&, std::__cxx11::basic_string<char, std::char_traits<char>, std::allocator<char> > const&, std::__cxx11::basic_string<char, std::char_traits<char>, std::allocator<char> > const&) (shared_ptr_base.h:650)
==268755==    by 0x1F42B5: std::__shared_ptr<cpp_dbc::MySQL::MySQLConnection, (__gnu_cxx::_Lock_policy)2>::__shared_ptr<std::allocator<cpp_dbc::MySQL::MySQLConnection>, std::__cxx11::basic_string<char, std::char_traits<char>, std::allocator<char> >&, int&, std::__cxx11::basic_string<char, std::char_traits<char>, std::allocator<char> >&, std::__cxx11::basic_string<char, std::char_traits<char>, std::allocator<char> > const&, std::__cxx11::basic_string<char, std::char_traits<char>, std::allocator<char> > const&>(std::_Sp_alloc_shared_tag<std::allocator<cpp_dbc::MySQL::MySQLConnection> >, std::__cxx11::basic_string<char, std::char_traits<char>, std::allocator<char> >&, int&, std::__cxx11::basic_string<char, std::char_traits<char>, std::allocator<char> >&, std::__cxx11::basic_string<char, std::char_traits<char>, std::allocator<char> > const&, std::__cxx11::basic_string<char, std::char_traits<char>, std::allocator<char> > const&) (shared_ptr_base.h:1342)
==268755== 
==268755== 560 bytes in 5 blocks are possibly lost in loss record 1,780 of 2,004
==268755==    at 0x4848899: malloc (in /usr/libexec/valgrind/vgpreload_memcheck-amd64-linux.so)
==268755==    by 0x48F04CF: ??? (in /usr/lib/x86_64-linux-gnu/libmysqlclient.so.21.2.42)
==268755==    by 0x48A6F32: mysql_options4 (in /usr/lib/x86_64-linux-gnu/libmysqlclient.so.21.2.42)
==268755==    by 0x48A02BA: ??? (in /usr/lib/x86_64-linux-gnu/libmysqlclient.so.21.2.42)
==268755==    by 0x48A3273: ??? (in /usr/lib/x86_64-linux-gnu/libmysqlclient.so.21.2.42)
==268755==    by 0x489EF82: mysql_real_connect (in /usr/lib/x86_64-linux-gnu/libmysqlclient.so.21.2.42)
==268755==    by 0x1EC2E1: cpp_dbc::MySQL::MySQLConnection::MySQLConnection(std::__cxx11::basic_string<char, std::char_traits<char>, std::allocator<char> > const&, int, std::__cxx11::basic_string<char, std::char_traits<char>, std::allocator<char> > const&, std::__cxx11::basic_string<char, std::char_traits<char>, std::allocator<char> > const&, std::__cxx11::basic_string<char, std::char_traits<char>, std::allocator<char> > const&) (driver_mysql.cpp:624)
==268755==    by 0x1F6A72: decltype (::new ((void*)(0)) cpp_dbc::MySQL::MySQLConnection((declval<std::__cxx11::basic_string<char, std::char_traits<char>, std::allocator<char> >&>)(), (declval<int&>)(), (declval<std::__cxx11::basic_string<char, std::char_traits<char>, std::allocator<char> >&>)(), (declval<std::__cxx11::basic_string<char, std::char_traits<char>, std::allocator<char> > const&>)(), (declval<std::__cxx11::basic_string<char, std::char_traits<char>, std::allocator<char> > const&>)())) std::construct_at<cpp_dbc::MySQL::MySQLConnection, std::__cxx11::basic_string<char, std::char_traits<char>, std::allocator<char> >&, int&, std::__cxx11::basic_string<char, std::char_traits<char>, std::allocator<char> >&, std::__cxx11::basic_string<char, std::char_traits<char>, std::allocator<char> > const&, std::__cxx11::basic_string<char, std::char_traits<char>, std::allocator<char> > const&>(cpp_dbc::MySQL::MySQLConnection*, std::__cxx11::basic_string<char, std::char_traits<char>, std::allocator<char> >&, int&, std::__cxx11::basic_string<char, std::char_traits<char>, std::allocator<char> >&, std::__cxx11::basic_string<char, std::char_traits<char>, std::allocator<char> > const&, std::__cxx11::basic_string<char, std::char_traits<char>, std::allocator<char> > const&) (stl_construct.h:97)
==268755==    by 0x1F6B2E: void std::allocator_traits<std::allocator<cpp_dbc::MySQL::MySQLConnection> >::construct<cpp_dbc::MySQL::MySQLConnection, std::__cxx11::basic_string<char, std::char_traits<char>, std::allocator<char> >&, int&, std::__cxx11::basic_string<char, std::char_traits<char>, std::allocator<char> >&, std::__cxx11::basic_string<char, std::char_traits<char>, std::allocator<char> > const&, std::__cxx11::basic_string<char, std::char_traits<char>, std::allocator<char> > const&>(std::allocator<cpp_dbc::MySQL::MySQLConnection>&, cpp_dbc::MySQL::MySQLConnection*, std::__cxx11::basic_string<char, std::char_traits<char>, std::allocator<char> >&, int&, std::__cxx11::basic_string<char, std::char_traits<char>, std::allocator<char> >&, std::__cxx11::basic_string<char, std::char_traits<char>, std::allocator<char> > const&, std::__cxx11::basic_string<char, std::char_traits<char>, std::allocator<char> > const&) (alloc_traits.h:518)
==268755==    by 0x1F602C: std::_Sp_counted_ptr_inplace<cpp_dbc::MySQL::MySQLConnection, std::allocator<cpp_dbc::MySQL::MySQLConnection>, (__gnu_cxx::_Lock_policy)2>::_Sp_counted_ptr_inplace<std::__cxx11::basic_string<char, std::char_traits<char>, std::allocator<char> >&, int&, std::__cxx11::basic_string<char, std::char_traits<char>, std::allocator<char> >&, std::__cxx11::basic_string<char, std::char_traits<char>, std::allocator<char> > const&, std::__cxx11::basic_string<char, std::char_traits<char>, std::allocator<char> > const&>(std::allocator<cpp_dbc::MySQL::MySQLConnection>, std::__cxx11::basic_string<char, std::char_traits<char>, std::allocator<char> >&, int&, std::__cxx11::basic_string<char, std::char_traits<char>, std::allocator<char> >&, std::__cxx11::basic_string<char, std::char_traits<char>, std::allocator<char> > const&, std::__cxx11::basic_string<char, std::char_traits<char>, std::allocator<char> > const&) (shared_ptr_base.h:519)
==268755==    by 0x1F4FF2: std::__shared_count<(__gnu_cxx::_Lock_policy)2>::__shared_count<cpp_dbc::MySQL::MySQLConnection, std::allocator<cpp_dbc::MySQL::MySQLConnection>, std::__cxx11::basic_string<char, std::char_traits<char>, std::allocator<char> >&, int&, std::__cxx11::basic_string<char, std::char_traits<char>, std::allocator<char> >&, std::__cxx11::basic_string<char, std::char_traits<char>, std::allocator<char> > const&, std::__cxx11::basic_string<char, std::char_traits<char>, std::allocator<char> > const&>(cpp_dbc::MySQL::MySQLConnection*&, std::_Sp_alloc_shared_tag<std::allocator<cpp_dbc::MySQL::MySQLConnection> >, std::__cxx11::basic_string<char, std::char_traits<char>, std::allocator<char> >&, int&, std::__cxx11::basic_string<char, std::char_traits<char>, std::allocator<char> >&, std::__cxx11::basic_string<char, std::char_traits<char>, std::allocator<char> > const&, std::__cxx11::basic_string<char, std::char_traits<char>, std::allocator<char> > const&) (shared_ptr_base.h:650)
==268755==    by 0x1F42B5: std::__shared_ptr<cpp_dbc::MySQL::MySQLConnection, (__gnu_cxx::_Lock_policy)2>::__shared_ptr<std::allocator<cpp_dbc::MySQL::MySQLConnection>, std::__cxx11::basic_string<char, std::char_traits<char>, std::allocator<char> >&, int&, std::__cxx11::basic_string<char, std::char_traits<char>, std::allocator<char> >&, std::__cxx11::basic_string<char, std::char_traits<char>, std::allocator<char> > const&, std::__cxx11::basic_string<char, std::char_traits<char>, std::allocator<char> > const&>(std::_Sp_alloc_shared_tag<std::allocator<cpp_dbc::MySQL::MySQLConnection> >, std::__cxx11::basic_string<char, std::char_traits<char>, std::allocator<char> >&, int&, std::__cxx11::basic_string<char, std::char_traits<char>, std::allocator<char> >&, std::__cxx11::basic_string<char, std::char_traits<char>, std::allocator<char> > const&, std::__cxx11::basic_string<char, std::char_traits<char>, std::allocator<char> > const&) (shared_ptr_base.h:1342)
==268755== 
==268755== 560 bytes in 5 blocks are possibly lost in loss record 1,781 of 2,004
==268755==    at 0x4848899: malloc (in /usr/libexec/valgrind/vgpreload_memcheck-amd64-linux.so)
==268755==    by 0x48F04CF: ??? (in /usr/lib/x86_64-linux-gnu/libmysqlclient.so.21.2.42)
==268755==    by 0x48A6F32: mysql_options4 (in /usr/lib/x86_64-linux-gnu/libmysqlclient.so.21.2.42)
==268755==    by 0x48A02D3: ??? (in /usr/lib/x86_64-linux-gnu/libmysqlclient.so.21.2.42)
==268755==    by 0x48A3273: ??? (in /usr/lib/x86_64-linux-gnu/libmysqlclient.so.21.2.42)
==268755==    by 0x489EF82: mysql_real_connect (in /usr/lib/x86_64-linux-gnu/libmysqlclient.so.21.2.42)
==268755==    by 0x1EC2E1: cpp_dbc::MySQL::MySQLConnection::MySQLConnection(std::__cxx11::basic_string<char, std::char_traits<char>, std::allocator<char> > const&, int, std::__cxx11::basic_string<char, std::char_traits<char>, std::allocator<char> > const&, std::__cxx11::basic_string<char, std::char_traits<char>, std::allocator<char> > const&, std::__cxx11::basic_string<char, std::char_traits<char>, std::allocator<char> > const&) (driver_mysql.cpp:624)
==268755==    by 0x1F6A72: decltype (::new ((void*)(0)) cpp_dbc::MySQL::MySQLConnection((declval<std::__cxx11::basic_string<char, std::char_traits<char>, std::allocator<char> >&>)(), (declval<int&>)(), (declval<std::__cxx11::basic_string<char, std::char_traits<char>, std::allocator<char> >&>)(), (declval<std::__cxx11::basic_string<char, std::char_traits<char>, std::allocator<char> > const&>)(), (declval<std::__cxx11::basic_string<char, std::char_traits<char>, std::allocator<char> > const&>)())) std::construct_at<cpp_dbc::MySQL::MySQLConnection, std::__cxx11::basic_string<char, std::char_traits<char>, std::allocator<char> >&, int&, std::__cxx11::basic_string<char, std::char_traits<char>, std::allocator<char> >&, std::__cxx11::basic_string<char, std::char_traits<char>, std::allocator<char> > const&, std::__cxx11::basic_string<char, std::char_traits<char>, std::allocator<char> > const&>(cpp_dbc::MySQL::MySQLConnection*, std::__cxx11::basic_string<char, std::char_traits<char>, std::allocator<char> >&, int&, std::__cxx11::basic_string<char, std::char_traits<char>, std::allocator<char> >&, std::__cxx11::basic_string<char, std::char_traits<char>, std::allocator<char> > const&, std::__cxx11::basic_string<char, std::char_traits<char>, std::allocator<char> > const&) (stl_construct.h:97)
==268755==    by 0x1F6B2E: void std::allocator_traits<std::allocator<cpp_dbc::MySQL::MySQLConnection> >::construct<cpp_dbc::MySQL::MySQLConnection, std::__cxx11::basic_string<char, std::char_traits<char>, std::allocator<char> >&, int&, std::__cxx11::basic_string<char, std::char_traits<char>, std::allocator<char> >&, std::__cxx11::basic_string<char, std::char_traits<char>, std::allocator<char> > const&, std::__cxx11::basic_string<char, std::char_traits<char>, std::allocator<char> > const&>(std::allocator<cpp_dbc::MySQL::MySQLConnection>&, cpp_dbc::MySQL::MySQLConnection*, std::__cxx11::basic_string<char, std::char_traits<char>, std::allocator<char> >&, int&, std::__cxx11::basic_string<char, std::char_traits<char>, std::allocator<char> >&, std::__cxx11::basic_string<char, std::char_traits<char>, std::allocator<char> > const&, std::__cxx11::basic_string<char, std::char_traits<char>, std::allocator<char> > const&) (alloc_traits.h:518)
==268755==    by 0x1F602C: std::_Sp_counted_ptr_inplace<cpp_dbc::MySQL::MySQLConnection, std::allocator<cpp_dbc::MySQL::MySQLConnection>, (__gnu_cxx::_Lock_policy)2>::_Sp_counted_ptr_inplace<std::__cxx11::basic_string<char, std::char_traits<char>, std::allocator<char> >&, int&, std::__cxx11::basic_string<char, std::char_traits<char>, std::allocator<char> >&, std::__cxx11::basic_string<char, std::char_traits<char>, std::allocator<char> > const&, std::__cxx11::basic_string<char, std::char_traits<char>, std::allocator<char> > const&>(std::allocator<cpp_dbc::MySQL::MySQLConnection>, std::__cxx11::basic_string<char, std::char_traits<char>, std::allocator<char> >&, int&, std::__cxx11::basic_string<char, std::char_traits<char>, std::allocator<char> >&, std::__cxx11::basic_string<char, std::char_traits<char>, std::allocator<char> > const&, std::__cxx11::basic_string<char, std::char_traits<char>, std::allocator<char> > const&) (shared_ptr_base.h:519)
==268755==    by 0x1F4FF2: std::__shared_count<(__gnu_cxx::_Lock_policy)2>::__shared_count<cpp_dbc::MySQL::MySQLConnection, std::allocator<cpp_dbc::MySQL::MySQLConnection>, std::__cxx11::basic_string<char, std::char_traits<char>, std::allocator<char> >&, int&, std::__cxx11::basic_string<char, std::char_traits<char>, std::allocator<char> >&, std::__cxx11::basic_string<char, std::char_traits<char>, std::allocator<char> > const&, std::__cxx11::basic_string<char, std::char_traits<char>, std::allocator<char> > const&>(cpp_dbc::MySQL::MySQLConnection*&, std::_Sp_alloc_shared_tag<std::allocator<cpp_dbc::MySQL::MySQLConnection> >, std::__cxx11::basic_string<char, std::char_traits<char>, std::allocator<char> >&, int&, std::__cxx11::basic_string<char, std::char_traits<char>, std::allocator<char> >&, std::__cxx11::basic_string<char, std::char_traits<char>, std::allocator<char> > const&, std::__cxx11::basic_string<char, std::char_traits<char>, std::allocator<char> > const&) (shared_ptr_base.h:650)
==268755==    by 0x1F42B5: std::__shared_ptr<cpp_dbc::MySQL::MySQLConnection, (__gnu_cxx::_Lock_policy)2>::__shared_ptr<std::allocator<cpp_dbc::MySQL::MySQLConnection>, std::__cxx11::basic_string<char, std::char_traits<char>, std::allocator<char> >&, int&, std::__cxx11::basic_string<char, std::char_traits<char>, std::allocator<char> >&, std::__cxx11::basic_string<char, std::char_traits<char>, std::allocator<char> > const&, std::__cxx11::basic_string<char, std::char_traits<char>, std::allocator<char> > const&>(std::_Sp_alloc_shared_tag<std::allocator<cpp_dbc::MySQL::MySQLConnection> >, std::__cxx11::basic_string<char, std::char_traits<char>, std::allocator<char> >&, int&, std::__cxx11::basic_string<char, std::char_traits<char>, std::allocator<char> >&, std::__cxx11::basic_string<char, std::char_traits<char>, std::allocator<char> > const&, std::__cxx11::basic_string<char, std::char_traits<char>, std::allocator<char> > const&) (shared_ptr_base.h:1342)
==268755== 
==268755== 560 bytes in 5 blocks are possibly lost in loss record 1,782 of 2,004
==268755==    at 0x4848899: malloc (in /usr/libexec/valgrind/vgpreload_memcheck-amd64-linux.so)
==268755==    by 0x48F04CF: ??? (in /usr/lib/x86_64-linux-gnu/libmysqlclient.so.21.2.42)
==268755==    by 0x48A6F32: mysql_options4 (in /usr/lib/x86_64-linux-gnu/libmysqlclient.so.21.2.42)
==268755==    by 0x48A031E: ??? (in /usr/lib/x86_64-linux-gnu/libmysqlclient.so.21.2.42)
==268755==    by 0x48A3273: ??? (in /usr/lib/x86_64-linux-gnu/libmysqlclient.so.21.2.42)
==268755==    by 0x489EF82: mysql_real_connect (in /usr/lib/x86_64-linux-gnu/libmysqlclient.so.21.2.42)
==268755==    by 0x1EC2E1: cpp_dbc::MySQL::MySQLConnection::MySQLConnection(std::__cxx11::basic_string<char, std::char_traits<char>, std::allocator<char> > const&, int, std::__cxx11::basic_string<char, std::char_traits<char>, std::allocator<char> > const&, std::__cxx11::basic_string<char, std::char_traits<char>, std::allocator<char> > const&, std::__cxx11::basic_string<char, std::char_traits<char>, std::allocator<char> > const&) (driver_mysql.cpp:624)
==268755==    by 0x1F6A72: decltype (::new ((void*)(0)) cpp_dbc::MySQL::MySQLConnection((declval<std::__cxx11::basic_string<char, std::char_traits<char>, std::allocator<char> >&>)(), (declval<int&>)(), (declval<std::__cxx11::basic_string<char, std::char_traits<char>, std::allocator<char> >&>)(), (declval<std::__cxx11::basic_string<char, std::char_traits<char>, std::allocator<char> > const&>)(), (declval<std::__cxx11::basic_string<char, std::char_traits<char>, std::allocator<char> > const&>)())) std::construct_at<cpp_dbc::MySQL::MySQLConnection, std::__cxx11::basic_string<char, std::char_traits<char>, std::allocator<char> >&, int&, std::__cxx11::basic_string<char, std::char_traits<char>, std::allocator<char> >&, std::__cxx11::basic_string<char, std::char_traits<char>, std::allocator<char> > const&, std::__cxx11::basic_string<char, std::char_traits<char>, std::allocator<char> > const&>(cpp_dbc::MySQL::MySQLConnection*, std::__cxx11::basic_string<char, std::char_traits<char>, std::allocator<char> >&, int&, std::__cxx11::basic_string<char, std::char_traits<char>, std::allocator<char> >&, std::__cxx11::basic_string<char, std::char_traits<char>, std::allocator<char> > const&, std::__cxx11::basic_string<char, std::char_traits<char>, std::allocator<char> > const&) (stl_construct.h:97)
==268755==    by 0x1F6B2E: void std::allocator_traits<std::allocator<cpp_dbc::MySQL::MySQLConnection> >::construct<cpp_dbc::MySQL::MySQLConnection, std::__cxx11::basic_string<char, std::char_traits<char>, std::allocator<char> >&, int&, std::__cxx11::basic_string<char, std::char_traits<char>, std::allocator<char> >&, std::__cxx11::basic_string<char, std::char_traits<char>, std::allocator<char> > const&, std::__cxx11::basic_string<char, std::char_traits<char>, std::allocator<char> > const&>(std::allocator<cpp_dbc::MySQL::MySQLConnection>&, cpp_dbc::MySQL::MySQLConnection*, std::__cxx11::basic_string<char, std::char_traits<char>, std::allocator<char> >&, int&, std::__cxx11::basic_string<char, std::char_traits<char>, std::allocator<char> >&, std::__cxx11::basic_string<char, std::char_traits<char>, std::allocator<char> > const&, std::__cxx11::basic_string<char, std::char_traits<char>, std::allocator<char> > const&) (alloc_traits.h:518)
==268755==    by 0x1F602C: std::_Sp_counted_ptr_inplace<cpp_dbc::MySQL::MySQLConnection, std::allocator<cpp_dbc::MySQL::MySQLConnection>, (__gnu_cxx::_Lock_policy)2>::_Sp_counted_ptr_inplace<std::__cxx11::basic_string<char, std::char_traits<char>, std::allocator<char> >&, int&, std::__cxx11::basic_string<char, std::char_traits<char>, std::allocator<char> >&, std::__cxx11::basic_string<char, std::char_traits<char>, std::allocator<char> > const&, std::__cxx11::basic_string<char, std::char_traits<char>, std::allocator<char> > const&>(std::allocator<cpp_dbc::MySQL::MySQLConnection>, std::__cxx11::basic_string<char, std::char_traits<char>, std::allocator<char> >&, int&, std::__cxx11::basic_string<char, std::char_traits<char>, std::allocator<char> >&, std::__cxx11::basic_string<char, std::char_traits<char>, std::allocator<char> > const&, std::__cxx11::basic_string<char, std::char_traits<char>, std::allocator<char> > const&) (shared_ptr_base.h:519)
==268755==    by 0x1F4FF2: std::__shared_count<(__gnu_cxx::_Lock_policy)2>::__shared_count<cpp_dbc::MySQL::MySQLConnection, std::allocator<cpp_dbc::MySQL::MySQLConnection>, std::__cxx11::basic_string<char, std::char_traits<char>, std::allocator<char> >&, int&, std::__cxx11::basic_string<char, std::char_traits<char>, std::allocator<char> >&, std::__cxx11::basic_string<char, std::char_traits<char>, std::allocator<char> > const&, std::__cxx11::basic_string<char, std::char_traits<char>, std::allocator<char> > const&>(cpp_dbc::MySQL::MySQLConnection*&, std::_Sp_alloc_shared_tag<std::allocator<cpp_dbc::MySQL::MySQLConnection> >, std::__cxx11::basic_string<char, std::char_traits<char>, std::allocator<char> >&, int&, std::__cxx11::basic_string<char, std::char_traits<char>, std::allocator<char> >&, std::__cxx11::basic_string<char, std::char_traits<char>, std::allocator<char> > const&, std::__cxx11::basic_string<char, std::char_traits<char>, std::allocator<char> > const&) (shared_ptr_base.h:650)
==268755==    by 0x1F42B5: std::__shared_ptr<cpp_dbc::MySQL::MySQLConnection, (__gnu_cxx::_Lock_policy)2>::__shared_ptr<std::allocator<cpp_dbc::MySQL::MySQLConnection>, std::__cxx11::basic_string<char, std::char_traits<char>, std::allocator<char> >&, int&, std::__cxx11::basic_string<char, std::char_traits<char>, std::allocator<char> >&, std::__cxx11::basic_string<char, std::char_traits<char>, std::allocator<char> > const&, std::__cxx11::basic_string<char, std::char_traits<char>, std::allocator<char> > const&>(std::_Sp_alloc_shared_tag<std::allocator<cpp_dbc::MySQL::MySQLConnection> >, std::__cxx11::basic_string<char, std::char_traits<char>, std::allocator<char> >&, int&, std::__cxx11::basic_string<char, std::char_traits<char>, std::allocator<char> >&, std::__cxx11::basic_string<char, std::char_traits<char>, std::allocator<char> > const&, std::__cxx11::basic_string<char, std::char_traits<char>, std::allocator<char> > const&) (shared_ptr_base.h:1342)
==268755== 
==268755== 560 bytes in 5 blocks are possibly lost in loss record 1,783 of 2,004
==268755==    at 0x4848899: malloc (in /usr/libexec/valgrind/vgpreload_memcheck-amd64-linux.so)
==268755==    by 0x561679D: CRYPTO_zalloc (in /usr/lib/x86_64-linux-gnu/libcrypto.so.3)
==268755==    by 0x5692263: X509_VERIFY_PARAM_new (in /usr/lib/x86_64-linux-gnu/libcrypto.so.3)
==268755==    by 0x568FC99: X509_STORE_new (in /usr/lib/x86_64-linux-gnu/libcrypto.so.3)
==268755==    by 0x53F50EA: SSL_CTX_new_ex (in /usr/lib/x86_64-linux-gnu/libssl.so.3)
==268755==    by 0x48F8280: ??? (in /usr/lib/x86_64-linux-gnu/libmysqlclient.so.21.2.42)
==268755==    by 0x489A042: ??? (in /usr/lib/x86_64-linux-gnu/libmysqlclient.so.21.2.42)
==268755==    by 0x489AD71: ??? (in /usr/lib/x86_64-linux-gnu/libmysqlclient.so.21.2.42)
==268755==    by 0x48A3273: ??? (in /usr/lib/x86_64-linux-gnu/libmysqlclient.so.21.2.42)
==268755==    by 0x489EF82: mysql_real_connect (in /usr/lib/x86_64-linux-gnu/libmysqlclient.so.21.2.42)
==268755==    by 0x1EC2E1: cpp_dbc::MySQL::MySQLConnection::MySQLConnection(std::__cxx11::basic_string<char, std::char_traits<char>, std::allocator<char> > const&, int, std::__cxx11::basic_string<char, std::char_traits<char>, std::allocator<char> > const&, std::__cxx11::basic_string<char, std::char_traits<char>, std::allocator<char> > const&, std::__cxx11::basic_string<char, std::char_traits<char>, std::allocator<char> > const&) (driver_mysql.cpp:624)
==268755==    by 0x1F6A72: decltype (::new ((void*)(0)) cpp_dbc::MySQL::MySQLConnection((declval<std::__cxx11::basic_string<char, std::char_traits<char>, std::allocator<char> >&>)(), (declval<int&>)(), (declval<std::__cxx11::basic_string<char, std::char_traits<char>, std::allocator<char> >&>)(), (declval<std::__cxx11::basic_string<char, std::char_traits<char>, std::allocator<char> > const&>)(), (declval<std::__cxx11::basic_string<char, std::char_traits<char>, std::allocator<char> > const&>)())) std::construct_at<cpp_dbc::MySQL::MySQLConnection, std::__cxx11::basic_string<char, std::char_traits<char>, std::allocator<char> >&, int&, std::__cxx11::basic_string<char, std::char_traits<char>, std::allocator<char> >&, std::__cxx11::basic_string<char, std::char_traits<char>, std::allocator<char> > const&, std::__cxx11::basic_string<char, std::char_traits<char>, std::allocator<char> > const&>(cpp_dbc::MySQL::MySQLConnection*, std::__cxx11::basic_string<char, std::char_traits<char>, std::allocator<char> >&, int&, std::__cxx11::basic_string<char, std::char_traits<char>, std::allocator<char> >&, std::__cxx11::basic_string<char, std::char_traits<char>, std::allocator<char> > const&, std::__cxx11::basic_string<char, std::char_traits<char>, std::allocator<char> > const&) (stl_construct.h:97)
==268755== 
==268755== 560 bytes in 5 blocks are possibly lost in loss record 1,784 of 2,004
==268755==    at 0x4848899: malloc (in /usr/libexec/valgrind/vgpreload_memcheck-amd64-linux.so)
==268755==    by 0x561679D: CRYPTO_zalloc (in /usr/lib/x86_64-linux-gnu/libcrypto.so.3)
==268755==    by 0x5692263: X509_VERIFY_PARAM_new (in /usr/lib/x86_64-linux-gnu/libcrypto.so.3)
==268755==    by 0x53F568A: SSL_CTX_new_ex (in /usr/lib/x86_64-linux-gnu/libssl.so.3)
==268755==    by 0x48F8280: ??? (in /usr/lib/x86_64-linux-gnu/libmysqlclient.so.21.2.42)
==268755==    by 0x489A042: ??? (in /usr/lib/x86_64-linux-gnu/libmysqlclient.so.21.2.42)
==268755==    by 0x489AD71: ??? (in /usr/lib/x86_64-linux-gnu/libmysqlclient.so.21.2.42)
==268755==    by 0x48A3273: ??? (in /usr/lib/x86_64-linux-gnu/libmysqlclient.so.21.2.42)
==268755==    by 0x489EF82: mysql_real_connect (in /usr/lib/x86_64-linux-gnu/libmysqlclient.so.21.2.42)
==268755==    by 0x1EC2E1: cpp_dbc::MySQL::MySQLConnection::MySQLConnection(std::__cxx11::basic_string<char, std::char_traits<char>, std::allocator<char> > const&, int, std::__cxx11::basic_string<char, std::char_traits<char>, std::allocator<char> > const&, std::__cxx11::basic_string<char, std::char_traits<char>, std::allocator<char> > const&, std::__cxx11::basic_string<char, std::char_traits<char>, std::allocator<char> > const&) (driver_mysql.cpp:624)
==268755==    by 0x1F6A72: decltype (::new ((void*)(0)) cpp_dbc::MySQL::MySQLConnection((declval<std::__cxx11::basic_string<char, std::char_traits<char>, std::allocator<char> >&>)(), (declval<int&>)(), (declval<std::__cxx11::basic_string<char, std::char_traits<char>, std::allocator<char> >&>)(), (declval<std::__cxx11::basic_string<char, std::char_traits<char>, std::allocator<char> > const&>)(), (declval<std::__cxx11::basic_string<char, std::char_traits<char>, std::allocator<char> > const&>)())) std::construct_at<cpp_dbc::MySQL::MySQLConnection, std::__cxx11::basic_string<char, std::char_traits<char>, std::allocator<char> >&, int&, std::__cxx11::basic_string<char, std::char_traits<char>, std::allocator<char> >&, std::__cxx11::basic_string<char, std::char_traits<char>, std::allocator<char> > const&, std::__cxx11::basic_string<char, std::char_traits<char>, std::allocator<char> > const&>(cpp_dbc::MySQL::MySQLConnection*, std::__cxx11::basic_string<char, std::char_traits<char>, std::allocator<char> >&, int&, std::__cxx11::basic_string<char, std::char_traits<char>, std::allocator<char> >&, std::__cxx11::basic_string<char, std::char_traits<char>, std::allocator<char> > const&, std::__cxx11::basic_string<char, std::char_traits<char>, std::allocator<char> > const&) (stl_construct.h:97)
==268755==    by 0x1F6B2E: void std::allocator_traits<std::allocator<cpp_dbc::MySQL::MySQLConnection> >::construct<cpp_dbc::MySQL::MySQLConnection, std::__cxx11::basic_string<char, std::char_traits<char>, std::allocator<char> >&, int&, std::__cxx11::basic_string<char, std::char_traits<char>, std::allocator<char> >&, std::__cxx11::basic_string<char, std::char_traits<char>, std::allocator<char> > const&, std::__cxx11::basic_string<char, std::char_traits<char>, std::allocator<char> > const&>(std::allocator<cpp_dbc::MySQL::MySQLConnection>&, cpp_dbc::MySQL::MySQLConnection*, std::__cxx11::basic_string<char, std::char_traits<char>, std::allocator<char> >&, int&, std::__cxx11::basic_string<char, std::char_traits<char>, std::allocator<char> >&, std::__cxx11::basic_string<char, std::char_traits<char>, std::allocator<char> > const&, std::__cxx11::basic_string<char, std::char_traits<char>, std::allocator<char> > const&) (alloc_traits.h:518)
==268755== 
==268755== 576 bytes in 1 blocks are still reachable in loss record 1,785 of 2,004
==268755==    at 0x4849013: operator new(unsigned long) (in /usr/libexec/valgrind/vgpreload_memcheck-amd64-linux.so)
==268755==    by 0x1B6CA3: __gnu_cxx::new_allocator<std::_Sp_counted_ptr_inplace<cpp_dbc::MySQL::MySQLConnectionPool, std::allocator<cpp_dbc::MySQL::MySQLConnectionPool>, (__gnu_cxx::_Lock_policy)2> >::allocate(unsigned long, void const*) (new_allocator.h:127)
==268755==    by 0x1B6A16: allocate (allocator.h:185)
==268755==    by 0x1B6A16: std::allocator_traits<std::allocator<std::_Sp_counted_ptr_inplace<cpp_dbc::MySQL::MySQLConnectionPool, std::allocator<cpp_dbc::MySQL::MySQLConnectionPool>, (__gnu_cxx::_Lock_policy)2> > >::allocate(std::allocator<std::_Sp_counted_ptr_inplace<cpp_dbc::MySQL::MySQLConnectionPool, std::allocator<cpp_dbc::MySQL::MySQLConnectionPool>, (__gnu_cxx::_Lock_policy)2> >&, unsigned long) (alloc_traits.h:464)
==268755==    by 0x1B6551: std::__allocated_ptr<std::allocator<std::_Sp_counted_ptr_inplace<cpp_dbc::MySQL::MySQLConnectionPool, std::allocator<cpp_dbc::MySQL::MySQLConnectionPool>, (__gnu_cxx::_Lock_policy)2> > > std::__allocate_guarded<std::allocator<std::_Sp_counted_ptr_inplace<cpp_dbc::MySQL::MySQLConnectionPool, std::allocator<cpp_dbc::MySQL::MySQLConnectionPool>, (__gnu_cxx::_Lock_policy)2> > >(std::allocator<std::_Sp_counted_ptr_inplace<cpp_dbc::MySQL::MySQLConnectionPool, std::allocator<cpp_dbc::MySQL::MySQLConnectionPool>, (__gnu_cxx::_Lock_policy)2> >&) (allocated_ptr.h:98)
==268755==    by 0x1B630F: std::__shared_count<(__gnu_cxx::_Lock_policy)2>::__shared_count<cpp_dbc::MySQL::MySQLConnectionPool, std::allocator<cpp_dbc::MySQL::MySQLConnectionPool>, cpp_dbc::config::ConnectionPoolConfig&>(cpp_dbc::MySQL::MySQLConnectionPool*&, std::_Sp_alloc_shared_tag<std::allocator<cpp_dbc::MySQL::MySQLConnectionPool> >, cpp_dbc::config::ConnectionPoolConfig&) (shared_ptr_base.h:648)
==268755==    by 0x1B60A1: std::__shared_ptr<cpp_dbc::MySQL::MySQLConnectionPool, (__gnu_cxx::_Lock_policy)2>::__shared_ptr<std::allocator<cpp_dbc::MySQL::MySQLConnectionPool>, cpp_dbc::config::ConnectionPoolConfig&>(std::_Sp_alloc_shared_tag<std::allocator<cpp_dbc::MySQL::MySQLConnectionPool> >, cpp_dbc::config::ConnectionPoolConfig&) (shared_ptr_base.h:1342)
==268755==    by 0x1B5D3C: std::shared_ptr<cpp_dbc::MySQL::MySQLConnectionPool>::shared_ptr<std::allocator<cpp_dbc::MySQL::MySQLConnectionPool>, cpp_dbc::config::ConnectionPoolConfig&>(std::_Sp_alloc_shared_tag<std::allocator<cpp_dbc::MySQL::MySQLConnectionPool> >, cpp_dbc::config::ConnectionPoolConfig&) (shared_ptr.h:409)
==268755==    by 0x1B5C2A: std::shared_ptr<cpp_dbc::MySQL::MySQLConnectionPool> std::allocate_shared<cpp_dbc::MySQL::MySQLConnectionPool, std::allocator<cpp_dbc::MySQL::MySQLConnectionPool>, cpp_dbc::config::ConnectionPoolConfig&>(std::allocator<cpp_dbc::MySQL::MySQLConnectionPool> const&, cpp_dbc::config::ConnectionPoolConfig&) (shared_ptr.h:863)
==268755==    by 0x1B5917: std::shared_ptr<cpp_dbc::MySQL::MySQLConnectionPool> std::make_shared<cpp_dbc::MySQL::MySQLConnectionPool, cpp_dbc::config::ConnectionPoolConfig&>(cpp_dbc::config::ConnectionPoolConfig&) (shared_ptr.h:879)
==268755==    by 0x1B3CAB: CATCH2_INTERNAL_TEST_0() (test_mysql_real.cpp:231)
==268755==    by 0x261743: Catch::TestInvokerAsFunction::invoke() const (catch_test_case_registry_impl.cpp:149)
==268755==    by 0x256F30: Catch::TestCaseHandle::invoke() const (catch_test_case_info.hpp:115)
==268755== 
==268755== 576 bytes in 12 blocks are still reachable in loss record 1,786 of 2,004
==268755==    at 0x4848899: malloc (in /usr/libexec/valgrind/vgpreload_memcheck-amd64-linux.so)
==268755==    by 0x56FD46D: ??? (in /usr/lib/x86_64-linux-gnu/libcrypto.so.3)
==268755==    by 0x56F4B8C: ??? (in /usr/lib/x86_64-linux-gnu/libcrypto.so.3)
==268755==    by 0x55EC302: EVP_CIPHER_fetch (in /usr/lib/x86_64-linux-gnu/libcrypto.so.3)
==268755==    by 0x53F137A: ??? (in /usr/lib/x86_64-linux-gnu/libssl.so.3)
==268755==    by 0x53F5161: SSL_CTX_new_ex (in /usr/lib/x86_64-linux-gnu/libssl.so.3)
==268755==    by 0x48F8280: ??? (in /usr/lib/x86_64-linux-gnu/libmysqlclient.so.21.2.42)
==268755==    by 0x489A042: ??? (in /usr/lib/x86_64-linux-gnu/libmysqlclient.so.21.2.42)
==268755==    by 0x489AD71: ??? (in /usr/lib/x86_64-linux-gnu/libmysqlclient.so.21.2.42)
==268755==    by 0x48A3273: ??? (in /usr/lib/x86_64-linux-gnu/libmysqlclient.so.21.2.42)
==268755==    by 0x489EF82: mysql_real_connect (in /usr/lib/x86_64-linux-gnu/libmysqlclient.so.21.2.42)
==268755==    by 0x1EC2E1: cpp_dbc::MySQL::MySQLConnection::MySQLConnection(std::__cxx11::basic_string<char, std::char_traits<char>, std::allocator<char> > const&, int, std::__cxx11::basic_string<char, std::char_traits<char>, std::allocator<char> > const&, std::__cxx11::basic_string<char, std::char_traits<char>, std::allocator<char> > const&, std::__cxx11::basic_string<char, std::char_traits<char>, std::allocator<char> > const&) (driver_mysql.cpp:624)
==268755== 
==268755== 576 bytes in 18 blocks are still reachable in loss record 1,787 of 2,004
==268755==    at 0x4848899: malloc (in /usr/libexec/valgrind/vgpreload_memcheck-amd64-linux.so)
==268755==    by 0x561679D: CRYPTO_zalloc (in /usr/lib/x86_64-linux-gnu/libcrypto.so.3)
==268755==    by 0x5665352: OPENSSL_sk_new_reserve (in /usr/lib/x86_64-linux-gnu/libcrypto.so.3)
==268755==    by 0x5647EF2: ??? (in /usr/lib/x86_64-linux-gnu/libcrypto.so.3)
==268755==    by 0x55EBA69: ??? (in /usr/lib/x86_64-linux-gnu/libcrypto.so.3)
==268755==    by 0x560B85B: ??? (in /usr/lib/x86_64-linux-gnu/libcrypto.so.3)
==268755==    by 0x560B71B: ??? (in /usr/lib/x86_64-linux-gnu/libcrypto.so.3)
==268755==    by 0x562AD6A: ??? (in /usr/lib/x86_64-linux-gnu/libcrypto.so.3)
==268755==    by 0x56F44E7: ??? (in /usr/lib/x86_64-linux-gnu/libcrypto.so.3)
==268755==    by 0x56F4B3D: ??? (in /usr/lib/x86_64-linux-gnu/libcrypto.so.3)
==268755==    by 0x55F804E: EVP_KEYMGMT_fetch (in /usr/lib/x86_64-linux-gnu/libcrypto.so.3)
==268755==    by 0x56069C0: ??? (in /usr/lib/x86_64-linux-gnu/libcrypto.so.3)
==268755== 
==268755== 576 bytes in 18 blocks are still reachable in loss record 1,788 of 2,004
==268755==    at 0x4848899: malloc (in /usr/libexec/valgrind/vgpreload_memcheck-amd64-linux.so)
==268755==    by 0x561679D: CRYPTO_zalloc (in /usr/lib/x86_64-linux-gnu/libcrypto.so.3)
==268755==    by 0x5663872: ??? (in /usr/lib/x86_64-linux-gnu/libcrypto.so.3)
==268755==    by 0x5663952: OPENSSL_sk_insert (in /usr/lib/x86_64-linux-gnu/libcrypto.so.3)
==268755==    by 0x5647EAA: ??? (in /usr/lib/x86_64-linux-gnu/libcrypto.so.3)
==268755==    by 0x55EBA69: ??? (in /usr/lib/x86_64-linux-gnu/libcrypto.so.3)
==268755==    by 0x560B85B: ??? (in /usr/lib/x86_64-linux-gnu/libcrypto.so.3)
==268755==    by 0x560B71B: ??? (in /usr/lib/x86_64-linux-gnu/libcrypto.so.3)
==268755==    by 0x562AD6A: ??? (in /usr/lib/x86_64-linux-gnu/libcrypto.so.3)
==268755==    by 0x56F44E7: ??? (in /usr/lib/x86_64-linux-gnu/libcrypto.so.3)
==268755==    by 0x56F4B3D: ??? (in /usr/lib/x86_64-linux-gnu/libcrypto.so.3)
==268755==    by 0x55F804E: EVP_KEYMGMT_fetch (in /usr/lib/x86_64-linux-gnu/libcrypto.so.3)
==268755== 
==268755== 576 bytes in 24 blocks are still reachable in loss record 1,789 of 2,004
==268755==    at 0x4848899: malloc (in /usr/libexec/valgrind/vgpreload_memcheck-amd64-linux.so)
==268755==    by 0x560C185: OPENSSL_LH_insert (in /usr/lib/x86_64-linux-gnu/libcrypto.so.3)
==268755==    by 0x56FD672: ??? (in /usr/lib/x86_64-linux-gnu/libcrypto.so.3)
==268755==    by 0x55CA89F: ERR_load_strings_const (in /usr/lib/x86_64-linux-gnu/libcrypto.so.3)
==268755==    by 0x561D19C: ??? (in /usr/lib/x86_64-linux-gnu/libcrypto.so.3)
==268755==    by 0x522BEE7: __pthread_once_slow (pthread_once.c:116)
==268755==    by 0x5621C9C: CRYPTO_THREAD_run_once (in /usr/lib/x86_64-linux-gnu/libcrypto.so.3)
==268755==    by 0x561E992: OPENSSL_init_crypto (in /usr/lib/x86_64-linux-gnu/libcrypto.so.3)
==268755==    by 0x55CC336: ??? (in /usr/lib/x86_64-linux-gnu/libcrypto.so.3)
==268755==    by 0x55CCCFC: ERR_set_mark (in /usr/lib/x86_64-linux-gnu/libcrypto.so.3)
==268755==    by 0x55790E1: CONF_modules_load_file_ex (in /usr/lib/x86_64-linux-gnu/libcrypto.so.3)
==268755==    by 0x561E19F: ??? (in /usr/lib/x86_64-linux-gnu/libcrypto.so.3)
==268755== 
==268755== 600 bytes in 25 blocks are still reachable in loss record 1,790 of 2,004
==268755==    at 0x4848899: malloc (in /usr/libexec/valgrind/vgpreload_memcheck-amd64-linux.so)
==268755==    by 0x560C185: OPENSSL_LH_insert (in /usr/lib/x86_64-linux-gnu/libcrypto.so.3)
==268755==    by 0x56FD672: ??? (in /usr/lib/x86_64-linux-gnu/libcrypto.so.3)
==268755==    by 0x55CA89F: ERR_load_strings_const (in /usr/lib/x86_64-linux-gnu/libcrypto.so.3)
==268755==    by 0x561D39F: ??? (in /usr/lib/x86_64-linux-gnu/libcrypto.so.3)
==268755==    by 0x522BEE7: __pthread_once_slow (pthread_once.c:116)
==268755==    by 0x5621C9C: CRYPTO_THREAD_run_once (in /usr/lib/x86_64-linux-gnu/libcrypto.so.3)
==268755==    by 0x561E992: OPENSSL_init_crypto (in /usr/lib/x86_64-linux-gnu/libcrypto.so.3)
==268755==    by 0x55CC336: ??? (in /usr/lib/x86_64-linux-gnu/libcrypto.so.3)
==268755==    by 0x55CCCFC: ERR_set_mark (in /usr/lib/x86_64-linux-gnu/libcrypto.so.3)
==268755==    by 0x55790E1: CONF_modules_load_file_ex (in /usr/lib/x86_64-linux-gnu/libcrypto.so.3)
==268755==    by 0x561E19F: ??? (in /usr/lib/x86_64-linux-gnu/libcrypto.so.3)
==268755== 
==268755== 600 bytes in 5 blocks are possibly lost in loss record 1,791 of 2,004
==268755==    at 0x4848899: malloc (in /usr/libexec/valgrind/vgpreload_memcheck-amd64-linux.so)
==268755==    by 0x48F04CF: ??? (in /usr/lib/x86_64-linux-gnu/libmysqlclient.so.21.2.42)
==268755==    by 0x48A4811: ??? (in /usr/lib/x86_64-linux-gnu/libmysqlclient.so.21.2.42)
==268755==    by 0x48A746F: mysql_options4 (in /usr/lib/x86_64-linux-gnu/libmysqlclient.so.21.2.42)
==268755==    by 0x48A027E: ??? (in /usr/lib/x86_64-linux-gnu/libmysqlclient.so.21.2.42)
==268755==    by 0x48A3273: ??? (in /usr/lib/x86_64-linux-gnu/libmysqlclient.so.21.2.42)
==268755==    by 0x489EF82: mysql_real_connect (in /usr/lib/x86_64-linux-gnu/libmysqlclient.so.21.2.42)
==268755==    by 0x1EC2E1: cpp_dbc::MySQL::MySQLConnection::MySQLConnection(std::__cxx11::basic_string<char, std::char_traits<char>, std::allocator<char> > const&, int, std::__cxx11::basic_string<char, std::char_traits<char>, std::allocator<char> > const&, std::__cxx11::basic_string<char, std::char_traits<char>, std::allocator<char> > const&, std::__cxx11::basic_string<char, std::char_traits<char>, std::allocator<char> > const&) (driver_mysql.cpp:624)
==268755==    by 0x1F6A72: decltype (::new ((void*)(0)) cpp_dbc::MySQL::MySQLConnection((declval<std::__cxx11::basic_string<char, std::char_traits<char>, std::allocator<char> >&>)(), (declval<int&>)(), (declval<std::__cxx11::basic_string<char, std::char_traits<char>, std::allocator<char> >&>)(), (declval<std::__cxx11::basic_string<char, std::char_traits<char>, std::allocator<char> > const&>)(), (declval<std::__cxx11::basic_string<char, std::char_traits<char>, std::allocator<char> > const&>)())) std::construct_at<cpp_dbc::MySQL::MySQLConnection, std::__cxx11::basic_string<char, std::char_traits<char>, std::allocator<char> >&, int&, std::__cxx11::basic_string<char, std::char_traits<char>, std::allocator<char> >&, std::__cxx11::basic_string<char, std::char_traits<char>, std::allocator<char> > const&, std::__cxx11::basic_string<char, std::char_traits<char>, std::allocator<char> > const&>(cpp_dbc::MySQL::MySQLConnection*, std::__cxx11::basic_string<char, std::char_traits<char>, std::allocator<char> >&, int&, std::__cxx11::basic_string<char, std::char_traits<char>, std::allocator<char> >&, std::__cxx11::basic_string<char, std::char_traits<char>, std::allocator<char> > const&, std::__cxx11::basic_string<char, std::char_traits<char>, std::allocator<char> > const&) (stl_construct.h:97)
==268755==    by 0x1F6B2E: void std::allocator_traits<std::allocator<cpp_dbc::MySQL::MySQLConnection> >::construct<cpp_dbc::MySQL::MySQLConnection, std::__cxx11::basic_string<char, std::char_traits<char>, std::allocator<char> >&, int&, std::__cxx11::basic_string<char, std::char_traits<char>, std::allocator<char> >&, std::__cxx11::basic_string<char, std::char_traits<char>, std::allocator<char> > const&, std::__cxx11::basic_string<char, std::char_traits<char>, std::allocator<char> > const&>(std::allocator<cpp_dbc::MySQL::MySQLConnection>&, cpp_dbc::MySQL::MySQLConnection*, std::__cxx11::basic_string<char, std::char_traits<char>, std::allocator<char> >&, int&, std::__cxx11::basic_string<char, std::char_traits<char>, std::allocator<char> >&, std::__cxx11::basic_string<char, std::char_traits<char>, std::allocator<char> > const&, std::__cxx11::basic_string<char, std::char_traits<char>, std::allocator<char> > const&) (alloc_traits.h:518)
==268755==    by 0x1F602C: std::_Sp_counted_ptr_inplace<cpp_dbc::MySQL::MySQLConnection, std::allocator<cpp_dbc::MySQL::MySQLConnection>, (__gnu_cxx::_Lock_policy)2>::_Sp_counted_ptr_inplace<std::__cxx11::basic_string<char, std::char_traits<char>, std::allocator<char> >&, int&, std::__cxx11::basic_string<char, std::char_traits<char>, std::allocator<char> >&, std::__cxx11::basic_string<char, std::char_traits<char>, std::allocator<char> > const&, std::__cxx11::basic_string<char, std::char_traits<char>, std::allocator<char> > const&>(std::allocator<cpp_dbc::MySQL::MySQLConnection>, std::__cxx11::basic_string<char, std::char_traits<char>, std::allocator<char> >&, int&, std::__cxx11::basic_string<char, std::char_traits<char>, std::allocator<char> >&, std::__cxx11::basic_string<char, std::char_traits<char>, std::allocator<char> > const&, std::__cxx11::basic_string<char, std::char_traits<char>, std::allocator<char> > const&) (shared_ptr_base.h:519)
==268755==    by 0x1F4FF2: std::__shared_count<(__gnu_cxx::_Lock_policy)2>::__shared_count<cpp_dbc::MySQL::MySQLConnection, std::allocator<cpp_dbc::MySQL::MySQLConnection>, std::__cxx11::basic_string<char, std::char_traits<char>, std::allocator<char> >&, int&, std::__cxx11::basic_string<char, std::char_traits<char>, std::allocator<char> >&, std::__cxx11::basic_string<char, std::char_traits<char>, std::allocator<char> > const&, std::__cxx11::basic_string<char, std::char_traits<char>, std::allocator<char> > const&>(cpp_dbc::MySQL::MySQLConnection*&, std::_Sp_alloc_shared_tag<std::allocator<cpp_dbc::MySQL::MySQLConnection> >, std::__cxx11::basic_string<char, std::char_traits<char>, std::allocator<char> >&, int&, std::__cxx11::basic_string<char, std::char_traits<char>, std::allocator<char> >&, std::__cxx11::basic_string<char, std::char_traits<char>, std::allocator<char> > const&, std::__cxx11::basic_string<char, std::char_traits<char>, std::allocator<char> > const&) (shared_ptr_base.h:650)
==268755== 
==268755== 608 bytes in 4 blocks are possibly lost in loss record 1,792 of 2,004
==268755==    at 0x4848899: malloc (in /usr/libexec/valgrind/vgpreload_memcheck-amd64-linux.so)
==268755==    by 0x561679D: CRYPTO_zalloc (in /usr/lib/x86_64-linux-gnu/libcrypto.so.3)
==268755==    by 0x56041A3: EVP_PKEY_new (in /usr/lib/x86_64-linux-gnu/libcrypto.so.3)
==268755==    by 0x5608154: EVP_PKEY_generate (in /usr/lib/x86_64-linux-gnu/libcrypto.so.3)
==268755==    by 0x53E1278: ??? (in /usr/lib/x86_64-linux-gnu/libssl.so.3)
==268755==    by 0x5412AC2: ??? (in /usr/lib/x86_64-linux-gnu/libssl.so.3)
==268755==    by 0x5415B60: ??? (in /usr/lib/x86_64-linux-gnu/libssl.so.3)
==268755==    by 0x5421483: ??? (in /usr/lib/x86_64-linux-gnu/libssl.so.3)
==268755==    by 0x542088C: ??? (in /usr/lib/x86_64-linux-gnu/libssl.so.3)
==268755==    by 0x48F8F69: ??? (in /usr/lib/x86_64-linux-gnu/libmysqlclient.so.21.2.42)
==268755==    by 0x489A12C: ??? (in /usr/lib/x86_64-linux-gnu/libmysqlclient.so.21.2.42)
==268755==    by 0x489AD71: ??? (in /usr/lib/x86_64-linux-gnu/libmysqlclient.so.21.2.42)
==268755== 
==268755== 608 bytes in 4 blocks are possibly lost in loss record 1,793 of 2,004
==268755==    at 0x4848899: malloc (in /usr/libexec/valgrind/vgpreload_memcheck-amd64-linux.so)
==268755==    by 0x561679D: CRYPTO_zalloc (in /usr/lib/x86_64-linux-gnu/libcrypto.so.3)
==268755==    by 0x56041A3: EVP_PKEY_new (in /usr/lib/x86_64-linux-gnu/libcrypto.so.3)
==268755==    by 0x541441A: ??? (in /usr/lib/x86_64-linux-gnu/libssl.so.3)
==268755==    by 0x5408838: ??? (in /usr/lib/x86_64-linux-gnu/libssl.so.3)
==268755==    by 0x541C24A: ??? (in /usr/lib/x86_64-linux-gnu/libssl.so.3)
==268755==    by 0x541EA94: ??? (in /usr/lib/x86_64-linux-gnu/libssl.so.3)
==268755==    by 0x5420697: ??? (in /usr/lib/x86_64-linux-gnu/libssl.so.3)
==268755==    by 0x48F8F69: ??? (in /usr/lib/x86_64-linux-gnu/libmysqlclient.so.21.2.42)
==268755==    by 0x489A12C: ??? (in /usr/lib/x86_64-linux-gnu/libmysqlclient.so.21.2.42)
==268755==    by 0x489AD71: ??? (in /usr/lib/x86_64-linux-gnu/libmysqlclient.so.21.2.42)
==268755==    by 0x48A3273: ??? (in /usr/lib/x86_64-linux-gnu/libmysqlclient.so.21.2.42)
==268755== 
==268755== 624 bytes in 26 blocks are still reachable in loss record 1,794 of 2,004
==268755==    at 0x4848899: malloc (in /usr/libexec/valgrind/vgpreload_memcheck-amd64-linux.so)
==268755==    by 0x560C185: OPENSSL_LH_insert (in /usr/lib/x86_64-linux-gnu/libcrypto.so.3)
==268755==    by 0x56FD672: ??? (in /usr/lib/x86_64-linux-gnu/libcrypto.so.3)
==268755==    by 0x55CA89F: ERR_load_strings_const (in /usr/lib/x86_64-linux-gnu/libcrypto.so.3)
==268755==    by 0x561D2A0: ??? (in /usr/lib/x86_64-linux-gnu/libcrypto.so.3)
==268755==    by 0x522BEE7: __pthread_once_slow (pthread_once.c:116)
==268755==    by 0x5621C9C: CRYPTO_THREAD_run_once (in /usr/lib/x86_64-linux-gnu/libcrypto.so.3)
==268755==    by 0x561E992: OPENSSL_init_crypto (in /usr/lib/x86_64-linux-gnu/libcrypto.so.3)
==268755==    by 0x55CC336: ??? (in /usr/lib/x86_64-linux-gnu/libcrypto.so.3)
==268755==    by 0x55CCCFC: ERR_set_mark (in /usr/lib/x86_64-linux-gnu/libcrypto.so.3)
==268755==    by 0x55790E1: CONF_modules_load_file_ex (in /usr/lib/x86_64-linux-gnu/libcrypto.so.3)
==268755==    by 0x561E19F: ??? (in /usr/lib/x86_64-linux-gnu/libcrypto.so.3)
==268755== 
==268755== 638 bytes in 35 blocks are still reachable in loss record 1,795 of 2,004
==268755==    at 0x4849013: operator new(unsigned long) (in /usr/libexec/valgrind/vgpreload_memcheck-amd64-linux.so)
==268755==    by 0x130468: __gnu_cxx::new_allocator<char>::allocate(unsigned long, void const*) (new_allocator.h:127)
==268755==    by 0x12F934: allocate (allocator.h:185)
==268755==    by 0x12F934: std::allocator_traits<std::allocator<char> >::allocate(std::allocator<char>&, unsigned long) (alloc_traits.h:464)
==268755==    by 0x12FCCD: std::__cxx11::basic_string<char, std::char_traits<char>, std::allocator<char> >::_M_create(unsigned long&, unsigned long) (basic_string.tcc:153)
==268755==    by 0x4902E5D: ??? (in /usr/lib/x86_64-linux-gnu/libmysqlclient.so.21.2.42)
==268755==    by 0x48E4ED1: ??? (in /usr/lib/x86_64-linux-gnu/libmysqlclient.so.21.2.42)
==268755==    by 0x4908DCF: ??? (in /usr/lib/x86_64-linux-gnu/libmysqlclient.so.21.2.42)
==268755==    by 0x48E6082: ??? (in /usr/lib/x86_64-linux-gnu/libmysqlclient.so.21.2.42)
==268755==    by 0x522BEE7: __pthread_once_slow (pthread_once.c:116)
==268755==    by 0x4903155: ??? (in /usr/lib/x86_64-linux-gnu/libmysqlclient.so.21.2.42)
==268755==    by 0x489CBB8: ??? (in /usr/lib/x86_64-linux-gnu/libmysqlclient.so.21.2.42)
==268755==    by 0x489D1FA: ??? (in /usr/lib/x86_64-linux-gnu/libmysqlclient.so.21.2.42)
==268755== 
==268755== 640 bytes in 5 blocks are still reachable in loss record 1,796 of 2,004
==268755==    at 0x4848899: malloc (in /usr/libexec/valgrind/vgpreload_memcheck-amd64-linux.so)
==268755==    by 0x561679D: CRYPTO_zalloc (in /usr/lib/x86_64-linux-gnu/libcrypto.so.3)
==268755==    by 0x560BE56: OPENSSL_LH_new (in /usr/lib/x86_64-linux-gnu/libcrypto.so.3)
==268755==    by 0x5647F0F: ??? (in /usr/lib/x86_64-linux-gnu/libcrypto.so.3)
==268755==    by 0x55EBA69: ??? (in /usr/lib/x86_64-linux-gnu/libcrypto.so.3)
==268755==    by 0x560B85B: ??? (in /usr/lib/x86_64-linux-gnu/libcrypto.so.3)
==268755==    by 0x560B71B: ??? (in /usr/lib/x86_64-linux-gnu/libcrypto.so.3)
==268755==    by 0x562AD6A: ??? (in /usr/lib/x86_64-linux-gnu/libcrypto.so.3)
==268755==    by 0x56F44E7: ??? (in /usr/lib/x86_64-linux-gnu/libcrypto.so.3)
==268755==    by 0x56F4B3D: ??? (in /usr/lib/x86_64-linux-gnu/libcrypto.so.3)
==268755==    by 0x55F7222: EVP_RAND_fetch (in /usr/lib/x86_64-linux-gnu/libcrypto.so.3)
==268755==    by 0x56498AB: RAND_get0_primary (in /usr/lib/x86_64-linux-gnu/libcrypto.so.3)
==268755== 
==268755== 640 bytes in 5 blocks are still reachable in loss record 1,797 of 2,004
==268755==    at 0x4849013: operator new(unsigned long) (in /usr/libexec/valgrind/vgpreload_memcheck-amd64-linux.so)
==268755==    by 0x1F7181: __gnu_cxx::new_allocator<std::_Sp_counted_ptr_inplace<cpp_dbc::MySQL::MySQLConnection, std::allocator<cpp_dbc::MySQL::MySQLConnection>, (__gnu_cxx::_Lock_policy)2> >::allocate(unsigned long, void const*) (new_allocator.h:127)
==268755==    by 0x1F68DC: allocate (allocator.h:185)
==268755==    by 0x1F68DC: std::allocator_traits<std::allocator<std::_Sp_counted_ptr_inplace<cpp_dbc::MySQL::MySQLConnection, std::allocator<cpp_dbc::MySQL::MySQLConnection>, (__gnu_cxx::_Lock_policy)2> > >::allocate(std::allocator<std::_Sp_counted_ptr_inplace<cpp_dbc::MySQL::MySQLConnection, std::allocator<cpp_dbc::MySQL::MySQLConnection>, (__gnu_cxx::_Lock_policy)2> >&, unsigned long) (alloc_traits.h:464)
==268755==    by 0x1F5E39: std::__allocated_ptr<std::allocator<std::_Sp_counted_ptr_inplace<cpp_dbc::MySQL::MySQLConnection, std::allocator<cpp_dbc::MySQL::MySQLConnection>, (__gnu_cxx::_Lock_policy)2> > > std::__allocate_guarded<std::allocator<std::_Sp_counted_ptr_inplace<cpp_dbc::MySQL::MySQLConnection, std::allocator<cpp_dbc::MySQL::MySQLConnection>, (__gnu_cxx::_Lock_policy)2> > >(std::allocator<std::_Sp_counted_ptr_inplace<cpp_dbc::MySQL::MySQLConnection, std::allocator<cpp_dbc::MySQL::MySQLConnection>, (__gnu_cxx::_Lock_policy)2> >&) (allocated_ptr.h:98)
==268755==    by 0x1F4F25: std::__shared_count<(__gnu_cxx::_Lock_policy)2>::__shared_count<cpp_dbc::MySQL::MySQLConnection, std::allocator<cpp_dbc::MySQL::MySQLConnection>, std::__cxx11::basic_string<char, std::char_traits<char>, std::allocator<char> >&, int&, std::__cxx11::basic_string<char, std::char_traits<char>, std::allocator<char> >&, std::__cxx11::basic_string<char, std::char_traits<char>, std::allocator<char> > const&, std::__cxx11::basic_string<char, std::char_traits<char>, std::allocator<char> > const&>(cpp_dbc::MySQL::MySQLConnection*&, std::_Sp_alloc_shared_tag<std::allocator<cpp_dbc::MySQL::MySQLConnection> >, std::__cxx11::basic_string<char, std::char_traits<char>, std::allocator<char> >&, int&, std::__cxx11::basic_string<char, std::char_traits<char>, std::allocator<char> >&, std::__cxx11::basic_string<char, std::char_traits<char>, std::allocator<char> > const&, std::__cxx11::basic_string<char, std::char_traits<char>, std::allocator<char> > const&) (shared_ptr_base.h:648)
==268755==    by 0x1F42B5: std::__shared_ptr<cpp_dbc::MySQL::MySQLConnection, (__gnu_cxx::_Lock_policy)2>::__shared_ptr<std::allocator<cpp_dbc::MySQL::MySQLConnection>, std::__cxx11::basic_string<char, std::char_traits<char>, std::allocator<char> >&, int&, std::__cxx11::basic_string<char, std::char_traits<char>, std::allocator<char> >&, std::__cxx11::basic_string<char, std::char_traits<char>, std::allocator<char> > const&, std::__cxx11::basic_string<char, std::char_traits<char>, std::allocator<char> > const&>(std::_Sp_alloc_shared_tag<std::allocator<cpp_dbc::MySQL::MySQLConnection> >, std::__cxx11::basic_string<char, std::char_traits<char>, std::allocator<char> >&, int&, std::__cxx11::basic_string<char, std::char_traits<char>, std::allocator<char> >&, std::__cxx11::basic_string<char, std::char_traits<char>, std::allocator<char> > const&, std::__cxx11::basic_string<char, std::char_traits<char>, std::allocator<char> > const&) (shared_ptr_base.h:1342)
==268755==    by 0x1F3358: std::shared_ptr<cpp_dbc::MySQL::MySQLConnection>::shared_ptr<std::allocator<cpp_dbc::MySQL::MySQLConnection>, std::__cxx11::basic_string<char, std::char_traits<char>, std::allocator<char> >&, int&, std::__cxx11::basic_string<char, std::char_traits<char>, std::allocator<char> >&, std::__cxx11::basic_string<char, std::char_traits<char>, std::allocator<char> > const&, std::__cxx11::basic_string<char, std::char_traits<char>, std::allocator<char> > const&>(std::_Sp_alloc_shared_tag<std::allocator<cpp_dbc::MySQL::MySQLConnection> >, std::__cxx11::basic_string<char, std::char_traits<char>, std::allocator<char> >&, int&, std::__cxx11::basic_string<char, std::char_traits<char>, std::allocator<char> >&, std::__cxx11::basic_string<char, std::char_traits<char>, std::allocator<char> > const&, std::__cxx11::basic_string<char, std::char_traits<char>, std::allocator<char> > const&) (shared_ptr.h:409)
==268755==    by 0x1F1DAF: std::shared_ptr<cpp_dbc::MySQL::MySQLConnection> std::allocate_shared<cpp_dbc::MySQL::MySQLConnection, std::allocator<cpp_dbc::MySQL::MySQLConnection>, std::__cxx11::basic_string<char, std::char_traits<char>, std::allocator<char> >&, int&, std::__cxx11::basic_string<char, std::char_traits<char>, std::allocator<char> >&, std::__cxx11::basic_string<char, std::char_traits<char>, std::allocator<char> > const&, std::__cxx11::basic_string<char, std::char_traits<char>, std::allocator<char> > const&>(std::allocator<cpp_dbc::MySQL::MySQLConnection> const&, std::__cxx11::basic_string<char, std::char_traits<char>, std::allocator<char> >&, int&, std::__cxx11::basic_string<char, std::char_traits<char>, std::allocator<char> >&, std::__cxx11::basic_string<char, std::char_traits<char>, std::allocator<char> > const&, std::__cxx11::basic_string<char, std::char_traits<char>, std::allocator<char> > const&) (shared_ptr.h:863)
==268755==    by 0x1F0024: std::shared_ptr<cpp_dbc::MySQL::MySQLConnection> std::make_shared<cpp_dbc::MySQL::MySQLConnection, std::__cxx11::basic_string<char, std::char_traits<char>, std::allocator<char> >&, int&, std::__cxx11::basic_string<char, std::char_traits<char>, std::allocator<char> >&, std::__cxx11::basic_string<char, std::char_traits<char>, std::allocator<char> > const&, std::__cxx11::basic_string<char, std::char_traits<char>, std::allocator<char> > const&>(std::__cxx11::basic_string<char, std::char_traits<char>, std::allocator<char> >&, int&, std::__cxx11::basic_string<char, std::char_traits<char>, std::allocator<char> >&, std::__cxx11::basic_string<char, std::char_traits<char>, std::allocator<char> > const&, std::__cxx11::basic_string<char, std::char_traits<char>, std::allocator<char> > const&) (shared_ptr.h:879)
==268755==    by 0x1EDE41: cpp_dbc::MySQL::MySQLDriver::connect(std::__cxx11::basic_string<char, std::char_traits<char>, std::allocator<char> > const&, std::__cxx11::basic_string<char, std::char_traits<char>, std::allocator<char> > const&, std::__cxx11::basic_string<char, std::char_traits<char>, std::allocator<char> > const&) (driver_mysql.cpp:891)
==268755==    by 0x1E5DB7: cpp_dbc::DriverManager::getConnection(std::__cxx11::basic_string<char, std::char_traits<char>, std::allocator<char> > const&, std::__cxx11::basic_string<char, std::char_traits<char>, std::allocator<char> > const&, std::__cxx11::basic_string<char, std::char_traits<char>, std::allocator<char> > const&) (driver_manager.cpp:66)
==268755==    by 0x1D3A0C: cpp_dbc::ConnectionPool::createConnection() (connection_pool.cpp:108)
==268755== 
==268755== 640 bytes in 5 blocks are possibly lost in loss record 1,798 of 2,004
==268755==    at 0x4848899: malloc (in /usr/libexec/valgrind/vgpreload_memcheck-amd64-linux.so)
==268755==    by 0x561679D: CRYPTO_zalloc (in /usr/lib/x86_64-linux-gnu/libcrypto.so.3)
==268755==    by 0x560BE56: OPENSSL_LH_new (in /usr/lib/x86_64-linux-gnu/libcrypto.so.3)
==268755==    by 0x53F50D8: SSL_CTX_new_ex (in /usr/lib/x86_64-linux-gnu/libssl.so.3)
==268755==    by 0x48F8280: ??? (in /usr/lib/x86_64-linux-gnu/libmysqlclient.so.21.2.42)
==268755==    by 0x489A042: ??? (in /usr/lib/x86_64-linux-gnu/libmysqlclient.so.21.2.42)
==268755==    by 0x489AD71: ??? (in /usr/lib/x86_64-linux-gnu/libmysqlclient.so.21.2.42)
==268755==    by 0x48A3273: ??? (in /usr/lib/x86_64-linux-gnu/libmysqlclient.so.21.2.42)
==268755==    by 0x489EF82: mysql_real_connect (in /usr/lib/x86_64-linux-gnu/libmysqlclient.so.21.2.42)
==268755==    by 0x1EC2E1: cpp_dbc::MySQL::MySQLConnection::MySQLConnection(std::__cxx11::basic_string<char, std::char_traits<char>, std::allocator<char> > const&, int, std::__cxx11::basic_string<char, std::char_traits<char>, std::allocator<char> > const&, std::__cxx11::basic_string<char, std::char_traits<char>, std::allocator<char> > const&, std::__cxx11::basic_string<char, std::char_traits<char>, std::allocator<char> > const&) (driver_mysql.cpp:624)
==268755==    by 0x1F6A72: decltype (::new ((void*)(0)) cpp_dbc::MySQL::MySQLConnection((declval<std::__cxx11::basic_string<char, std::char_traits<char>, std::allocator<char> >&>)(), (declval<int&>)(), (declval<std::__cxx11::basic_string<char, std::char_traits<char>, std::allocator<char> >&>)(), (declval<std::__cxx11::basic_string<char, std::char_traits<char>, std::allocator<char> > const&>)(), (declval<std::__cxx11::basic_string<char, std::char_traits<char>, std::allocator<char> > const&>)())) std::construct_at<cpp_dbc::MySQL::MySQLConnection, std::__cxx11::basic_string<char, std::char_traits<char>, std::allocator<char> >&, int&, std::__cxx11::basic_string<char, std::char_traits<char>, std::allocator<char> >&, std::__cxx11::basic_string<char, std::char_traits<char>, std::allocator<char> > const&, std::__cxx11::basic_string<char, std::char_traits<char>, std::allocator<char> > const&>(cpp_dbc::MySQL::MySQLConnection*, std::__cxx11::basic_string<char, std::char_traits<char>, std::allocator<char> >&, int&, std::__cxx11::basic_string<char, std::char_traits<char>, std::allocator<char> >&, std::__cxx11::basic_string<char, std::char_traits<char>, std::allocator<char> > const&, std::__cxx11::basic_string<char, std::char_traits<char>, std::allocator<char> > const&) (stl_construct.h:97)
==268755==    by 0x1F6B2E: void std::allocator_traits<std::allocator<cpp_dbc::MySQL::MySQLConnection> >::construct<cpp_dbc::MySQL::MySQLConnection, std::__cxx11::basic_string<char, std::char_traits<char>, std::allocator<char> >&, int&, std::__cxx11::basic_string<char, std::char_traits<char>, std::allocator<char> >&, std::__cxx11::basic_string<char, std::char_traits<char>, std::allocator<char> > const&, std::__cxx11::basic_string<char, std::char_traits<char>, std::allocator<char> > const&>(std::allocator<cpp_dbc::MySQL::MySQLConnection>&, cpp_dbc::MySQL::MySQLConnection*, std::__cxx11::basic_string<char, std::char_traits<char>, std::allocator<char> >&, int&, std::__cxx11::basic_string<char, std::char_traits<char>, std::allocator<char> >&, std::__cxx11::basic_string<char, std::char_traits<char>, std::allocator<char> > const&, std::__cxx11::basic_string<char, std::char_traits<char>, std::allocator<char> > const&) (alloc_traits.h:518)
==268755== 
==268755== 640 bytes in 16 blocks are possibly lost in loss record 1,799 of 2,004
==268755==    at 0x4848899: malloc (in /usr/libexec/valgrind/vgpreload_memcheck-amd64-linux.so)
==268755==    by 0x561679D: CRYPTO_zalloc (in /usr/lib/x86_64-linux-gnu/libcrypto.so.3)
==268755==    by 0x569E1B3: ??? (in /usr/lib/x86_64-linux-gnu/libcrypto.so.3)
==268755==    by 0x569EC40: ??? (in /usr/lib/x86_64-linux-gnu/libcrypto.so.3)
==268755==    by 0x552DC8B: ??? (in /usr/lib/x86_64-linux-gnu/libcrypto.so.3)
==268755==    by 0x552F3E7: ??? (in /usr/lib/x86_64-linux-gnu/libcrypto.so.3)
==268755==    by 0x552DD18: ??? (in /usr/lib/x86_64-linux-gnu/libcrypto.so.3)
==268755==    by 0x552F3E7: ??? (in /usr/lib/x86_64-linux-gnu/libcrypto.so.3)
==268755==    by 0x552DD18: ??? (in /usr/lib/x86_64-linux-gnu/libcrypto.so.3)
==268755==    by 0x552E492: ASN1_item_d2i_ex (in /usr/lib/x86_64-linux-gnu/libcrypto.so.3)
==268755==    by 0x54221C2: ??? (in /usr/lib/x86_64-linux-gnu/libssl.so.3)
==268755==    by 0x541EA94: ??? (in /usr/lib/x86_64-linux-gnu/libssl.so.3)
==268755== 
==268755== 672 bytes in 12 blocks are still reachable in loss record 1,800 of 2,004
==268755==    at 0x4848899: malloc (in /usr/libexec/valgrind/vgpreload_memcheck-amd64-linux.so)
==268755==    by 0x561679D: CRYPTO_zalloc (in /usr/lib/x86_64-linux-gnu/libcrypto.so.3)
==268755==    by 0x5621B23: CRYPTO_THREAD_lock_new (in /usr/lib/x86_64-linux-gnu/libcrypto.so.3)
==268755==    by 0x55FAF78: ??? (in /usr/lib/x86_64-linux-gnu/libcrypto.so.3)
==268755==    by 0x55EBB09: ??? (in /usr/lib/x86_64-linux-gnu/libcrypto.so.3)
==268755==    by 0x560B7F8: ??? (in /usr/lib/x86_64-linux-gnu/libcrypto.so.3)
==268755==    by 0x560B71B: ??? (in /usr/lib/x86_64-linux-gnu/libcrypto.so.3)
==268755==    by 0x562AD6A: ??? (in /usr/lib/x86_64-linux-gnu/libcrypto.so.3)
==268755==    by 0x56F44E7: ??? (in /usr/lib/x86_64-linux-gnu/libcrypto.so.3)
==268755==    by 0x56F4B3D: ??? (in /usr/lib/x86_64-linux-gnu/libcrypto.so.3)
==268755==    by 0x55F7C32: EVP_KDF_fetch (in /usr/lib/x86_64-linux-gnu/libcrypto.so.3)
==268755==    by 0x54066BF: ??? (in /usr/lib/x86_64-linux-gnu/libssl.so.3)
==268755== 
==268755== 672 bytes in 21 blocks are still reachable in loss record 1,801 of 2,004
==268755==    at 0x4848899: malloc (in /usr/libexec/valgrind/vgpreload_memcheck-amd64-linux.so)
==268755==    by 0x561679D: CRYPTO_zalloc (in /usr/lib/x86_64-linux-gnu/libcrypto.so.3)
==268755==    by 0x5665352: OPENSSL_sk_new_reserve (in /usr/lib/x86_64-linux-gnu/libcrypto.so.3)
==268755==    by 0x5647EF2: ??? (in /usr/lib/x86_64-linux-gnu/libcrypto.so.3)
==268755==    by 0x55EBA69: ??? (in /usr/lib/x86_64-linux-gnu/libcrypto.so.3)
==268755==    by 0x560B85B: ??? (in /usr/lib/x86_64-linux-gnu/libcrypto.so.3)
==268755==    by 0x560B71B: ??? (in /usr/lib/x86_64-linux-gnu/libcrypto.so.3)
==268755==    by 0x562AD6A: ??? (in /usr/lib/x86_64-linux-gnu/libcrypto.so.3)
==268755==    by 0x56F44E7: ??? (in /usr/lib/x86_64-linux-gnu/libcrypto.so.3)
==268755==    by 0x56F4B3D: ??? (in /usr/lib/x86_64-linux-gnu/libcrypto.so.3)
==268755==    by 0x55DF712: EVP_MD_fetch (in /usr/lib/x86_64-linux-gnu/libcrypto.so.3)
==268755==    by 0x53F13FA: ??? (in /usr/lib/x86_64-linux-gnu/libssl.so.3)
==268755== 
==268755== 672 bytes in 21 blocks are still reachable in loss record 1,802 of 2,004
==268755==    at 0x4848899: malloc (in /usr/libexec/valgrind/vgpreload_memcheck-amd64-linux.so)
==268755==    by 0x561679D: CRYPTO_zalloc (in /usr/lib/x86_64-linux-gnu/libcrypto.so.3)
==268755==    by 0x5663872: ??? (in /usr/lib/x86_64-linux-gnu/libcrypto.so.3)
==268755==    by 0x5663952: OPENSSL_sk_insert (in /usr/lib/x86_64-linux-gnu/libcrypto.so.3)
==268755==    by 0x5647EAA: ??? (in /usr/lib/x86_64-linux-gnu/libcrypto.so.3)
==268755==    by 0x55EBA69: ??? (in /usr/lib/x86_64-linux-gnu/libcrypto.so.3)
==268755==    by 0x560B85B: ??? (in /usr/lib/x86_64-linux-gnu/libcrypto.so.3)
==268755==    by 0x560B71B: ??? (in /usr/lib/x86_64-linux-gnu/libcrypto.so.3)
==268755==    by 0x562AD6A: ??? (in /usr/lib/x86_64-linux-gnu/libcrypto.so.3)
==268755==    by 0x56F44E7: ??? (in /usr/lib/x86_64-linux-gnu/libcrypto.so.3)
==268755==    by 0x56F4B3D: ??? (in /usr/lib/x86_64-linux-gnu/libcrypto.so.3)
==268755==    by 0x55DF712: EVP_MD_fetch (in /usr/lib/x86_64-linux-gnu/libcrypto.so.3)
==268755== 
==268755== 672 bytes in 42 blocks are still reachable in loss record 1,803 of 2,004
==268755==    at 0x4849013: operator new(unsigned long) (in /usr/libexec/valgrind/vgpreload_memcheck-amd64-linux.so)
==268755==    by 0x2E8BDC: YAML::detail::node::node() (node.h:27)
==268755==    by 0x2E896A: YAML::detail::memory::create_node() (memory.cpp:17)
==268755==    by 0x1348BD: YAML::detail::memory_holder::create_node() (memory.h:38)
==268755==    by 0x3103BB: YAML::NodeBuilder::Push(YAML::Mark const&, unsigned long) (nodebuilder.cpp:81)
==268755==    by 0x3101CE: YAML::NodeBuilder::OnScalar(YAML::Mark const&, std::__cxx11::basic_string<char, std::char_traits<char>, std::allocator<char> > const&, unsigned long, std::__cxx11::basic_string<char, std::char_traits<char>, std::allocator<char> > const&) (nodebuilder.cpp:49)
==268755==    by 0x306961: YAML::SingleDocParser::HandleNode(YAML::EventHandler&) (singledocparser.cpp:108)
==268755==    by 0x307975: YAML::SingleDocParser::HandleBlockMap(YAML::EventHandler&) (singledocparser.cpp:281)
==268755==    by 0x30762F: YAML::SingleDocParser::HandleMap(YAML::EventHandler&) (singledocparser.cpp:235)
==268755==    by 0x306B2F: YAML::SingleDocParser::HandleNode(YAML::EventHandler&) (singledocparser.cpp:128)
==268755==    by 0x307125: YAML::SingleDocParser::HandleBlockSequence(YAML::EventHandler&) (singledocparser.cpp:192)
==268755==    by 0x306E49: YAML::SingleDocParser::HandleSequence(YAML::EventHandler&) (singledocparser.cpp:155)
==268755== 
==268755== 688 bytes in 1 blocks are still reachable in loss record 1,804 of 2,004
==268755==    at 0x4849013: operator new(unsigned long) (in /usr/libexec/valgrind/vgpreload_memcheck-amd64-linux.so)
==268755==    by 0x267811: __gnu_cxx::new_allocator<Catch::TestCaseHandle>::allocate(unsigned long, void const*) (new_allocator.h:127)
==268755==    by 0x266641: std::allocator_traits<std::allocator<Catch::TestCaseHandle> >::allocate(std::allocator<Catch::TestCaseHandle>&, unsigned long) (alloc_traits.h:464)
==268755==    by 0x2656DF: std::_Vector_base<Catch::TestCaseHandle, std::allocator<Catch::TestCaseHandle> >::_M_allocate(unsigned long) (stl_vector.h:346)
==268755==    by 0x26614E: std::_Vector_base<Catch::TestCaseHandle, std::allocator<Catch::TestCaseHandle> >::_M_create_storage(unsigned long) (stl_vector.h:361)
==268755==    by 0x264FD8: std::_Vector_base<Catch::TestCaseHandle, std::allocator<Catch::TestCaseHandle> >::_Vector_base(unsigned long, std::allocator<Catch::TestCaseHandle> const&) (stl_vector.h:305)
==268755==    by 0x2642DA: std::vector<Catch::TestCaseHandle, std::allocator<Catch::TestCaseHandle> >::vector(std::vector<Catch::TestCaseHandle, std::allocator<Catch::TestCaseHandle> > const&) (stl_vector.h:555)
==268755==    by 0x260B2D: Catch::sortTests(Catch::IConfig const&, std::vector<Catch::TestCaseHandle, std::allocator<Catch::TestCaseHandle> > const&) (catch_test_case_registry_impl.cpp:29)
==268755==    by 0x2616C6: Catch::TestRegistry::getAllTestsSorted(Catch::IConfig const&) const (catch_test_case_registry_impl.cpp:139)
==268755==    by 0x26151B: Catch::getAllTestCasesSorted(Catch::IConfig const&) (catch_test_case_registry_impl.cpp:117)
==268755==    by 0x205B2A: Catch::(anonymous namespace)::TestGroup::TestGroup(Catch::Detail::unique_ptr<Catch::IEventListener>&&, Catch::Config const*) (catch_session.cpp:86)
==268755==    by 0x207416: Catch::Session::runInternal() (catch_session.cpp:331)
==268755== 
==268755== 704 bytes in 4 blocks are still reachable in loss record 1,805 of 2,004
==268755==    at 0x4849013: operator new(unsigned long) (in /usr/libexec/valgrind/vgpreload_memcheck-amd64-linux.so)
==268755==    by 0x2E8AB6: YAML::detail::node_ref::node_ref() (node_ref.h:19)
==268755==    by 0x2E8BEB: YAML::detail::node::node() (node.h:27)
==268755==    by 0x2E896A: YAML::detail::memory::create_node() (memory.cpp:17)
==268755==    by 0x1348BD: YAML::detail::memory_holder::create_node() (memory.h:38)
==268755==    by 0x3103BB: YAML::NodeBuilder::Push(YAML::Mark const&, unsigned long) (nodebuilder.cpp:81)
==268755==    by 0x3102D2: YAML::NodeBuilder::OnMapStart(YAML::Mark const&, std::__cxx11::basic_string<char, std::char_traits<char>, std::allocator<char> > const&, unsigned long, YAML::EmitterStyle::value) (nodebuilder.cpp:67)
==268755==    by 0x306B16: YAML::SingleDocParser::HandleNode(YAML::EventHandler&) (singledocparser.cpp:127)
==268755==    by 0x307975: YAML::SingleDocParser::HandleBlockMap(YAML::EventHandler&) (singledocparser.cpp:281)
==268755==    by 0x30762F: YAML::SingleDocParser::HandleMap(YAML::EventHandler&) (singledocparser.cpp:235)
==268755==    by 0x306B2F: YAML::SingleDocParser::HandleNode(YAML::EventHandler&) (singledocparser.cpp:128)
==268755==    by 0x307975: YAML::SingleDocParser::HandleBlockMap(YAML::EventHandler&) (singledocparser.cpp:281)
==268755== 
==268755== 704 bytes in 4 blocks are still reachable in loss record 1,806 of 2,004
==268755==    at 0x4848899: malloc (in /usr/libexec/valgrind/vgpreload_memcheck-amd64-linux.so)
==268755==    by 0x561679D: CRYPTO_zalloc (in /usr/lib/x86_64-linux-gnu/libcrypto.so.3)
==268755==    by 0x56DA305: ??? (in /usr/lib/x86_64-linux-gnu/libcrypto.so.3)
==268755==    by 0x56EBD42: ??? (in /usr/lib/x86_64-linux-gnu/libcrypto.so.3)
==268755==    by 0x56D9551: ??? (in /usr/lib/x86_64-linux-gnu/libcrypto.so.3)
==268755==    by 0x55FAA47: EVP_RAND_CTX_new (in /usr/lib/x86_64-linux-gnu/libcrypto.so.3)
==268755==    by 0x56494B0: ??? (in /usr/lib/x86_64-linux-gnu/libcrypto.so.3)
==268755==    by 0x5649E27: RAND_get0_public (in /usr/lib/x86_64-linux-gnu/libcrypto.so.3)
==268755==    by 0x5649EE7: RAND_bytes_ex (in /usr/lib/x86_64-linux-gnu/libcrypto.so.3)
==268755==    by 0x53F5779: SSL_CTX_new_ex (in /usr/lib/x86_64-linux-gnu/libssl.so.3)
==268755==    by 0x48F8280: ??? (in /usr/lib/x86_64-linux-gnu/libmysqlclient.so.21.2.42)
==268755==    by 0x489A042: ??? (in /usr/lib/x86_64-linux-gnu/libmysqlclient.so.21.2.42)
==268755== 
==268755== 704 bytes in 4 blocks are still reachable in loss record 1,807 of 2,004
==268755==    at 0x4848899: malloc (in /usr/libexec/valgrind/vgpreload_memcheck-amd64-linux.so)
==268755==    by 0x561679D: CRYPTO_zalloc (in /usr/lib/x86_64-linux-gnu/libcrypto.so.3)
==268755==    by 0x56DA305: ??? (in /usr/lib/x86_64-linux-gnu/libcrypto.so.3)
==268755==    by 0x56EBD42: ??? (in /usr/lib/x86_64-linux-gnu/libcrypto.so.3)
==268755==    by 0x56D9551: ??? (in /usr/lib/x86_64-linux-gnu/libcrypto.so.3)
==268755==    by 0x55FAA47: EVP_RAND_CTX_new (in /usr/lib/x86_64-linux-gnu/libcrypto.so.3)
==268755==    by 0x56494B0: ??? (in /usr/lib/x86_64-linux-gnu/libcrypto.so.3)
==268755==    by 0x564A097: RAND_get0_private (in /usr/lib/x86_64-linux-gnu/libcrypto.so.3)
==268755==    by 0x564A157: RAND_priv_bytes_ex (in /usr/lib/x86_64-linux-gnu/libcrypto.so.3)
==268755==    by 0x53F5AA2: SSL_CTX_new_ex (in /usr/lib/x86_64-linux-gnu/libssl.so.3)
==268755==    by 0x48F8280: ??? (in /usr/lib/x86_64-linux-gnu/libmysqlclient.so.21.2.42)
==268755==    by 0x489A042: ??? (in /usr/lib/x86_64-linux-gnu/libmysqlclient.so.21.2.42)
==268755== 
==268755== 704 bytes in 11 blocks are still reachable in loss record 1,808 of 2,004
==268755==    at 0x4849013: operator new(unsigned long) (in /usr/libexec/valgrind/vgpreload_memcheck-amd64-linux.so)
==268755==    by 0x2E83A3: __gnu_cxx::new_allocator<YAML::RegEx>::allocate(unsigned long, void const*) (new_allocator.h:127)
==268755==    by 0x2E82B6: std::allocator_traits<std::allocator<YAML::RegEx> >::allocate(std::allocator<YAML::RegEx>&, unsigned long) (alloc_traits.h:464)
==268755==    by 0x2E80FD: std::_Vector_base<YAML::RegEx, std::allocator<YAML::RegEx> >::_M_allocate(unsigned long) (stl_vector.h:346)
==268755==    by 0x2E7E74: std::_Vector_base<YAML::RegEx, std::allocator<YAML::RegEx> >::_M_create_storage(unsigned long) (stl_vector.h:361)
==268755==    by 0x2E7904: std::_Vector_base<YAML::RegEx, std::allocator<YAML::RegEx> >::_Vector_base(unsigned long, std::allocator<YAML::RegEx> const&) (stl_vector.h:305)
==268755==    by 0x2E7428: std::vector<YAML::RegEx, std::allocator<YAML::RegEx> >::vector(std::vector<YAML::RegEx, std::allocator<YAML::RegEx> > const&) (stl_vector.h:555)
==268755==    by 0x2E5FD6: YAML::RegEx::RegEx(YAML::RegEx const&) (regex_yaml.h:31)
==268755==    by 0x2F62AC: void __gnu_cxx::new_allocator<YAML::RegEx>::construct<YAML::RegEx, YAML::RegEx const&>(YAML::RegEx*, YAML::RegEx const&) (new_allocator.h:162)
==268755==    by 0x2F5EE4: void std::allocator_traits<std::allocator<YAML::RegEx> >::construct<YAML::RegEx, YAML::RegEx const&>(std::allocator<YAML::RegEx>&, YAML::RegEx*, YAML::RegEx const&) (alloc_traits.h:516)
==268755==    by 0x2F6008: void std::vector<YAML::RegEx, std::allocator<YAML::RegEx> >::_M_realloc_insert<YAML::RegEx const&>(__gnu_cxx::__normal_iterator<YAML::RegEx*, std::vector<YAML::RegEx, std::allocator<YAML::RegEx> > >, YAML::RegEx const&) (vector.tcc:449)
==268755==    by 0x2F5DB9: std::vector<YAML::RegEx, std::allocator<YAML::RegEx> >::push_back(YAML::RegEx const&) (stl_vector.h:1198)
==268755== 
==268755== 720 bytes in 10 blocks are still reachable in loss record 1,809 of 2,004
==268755==    at 0x4849013: operator new(unsigned long) (in /usr/libexec/valgrind/vgpreload_memcheck-amd64-linux.so)
==268755==    by 0x1B4834: std::thread::thread<CATCH2_INTERNAL_TEST_0()::{lambda()#1}, , void>(CATCH2_INTERNAL_TEST_0()::{lambda()#1}&&) (std_thread.h:143)
==268755==    by 0x1B3DEC: CATCH2_INTERNAL_TEST_0() (test_mysql_real.cpp:253)
==268755==    by 0x261743: Catch::TestInvokerAsFunction::invoke() const (catch_test_case_registry_impl.cpp:149)
==268755==    by 0x256F30: Catch::TestCaseHandle::invoke() const (catch_test_case_info.hpp:115)
==268755==    by 0x255FF5: Catch::RunContext::invokeActiveTestCase() (catch_run_context.cpp:538)
==268755==    by 0x255D09: Catch::RunContext::runCurrentTest(std::__cxx11::basic_string<char, std::char_traits<char>, std::allocator<char> >&, std::__cxx11::basic_string<char, std::char_traits<char>, std::allocator<char> >&) (catch_run_context.cpp:501)
==268755==    by 0x2542F5: Catch::RunContext::runTest(Catch::TestCaseHandle const&) (catch_run_context.cpp:232)
==268755==    by 0x205F36: Catch::(anonymous namespace)::TestGroup::execute() (catch_session.cpp:110)
==268755==    by 0x20742F: Catch::Session::runInternal() (catch_session.cpp:332)
==268755==    by 0x206F31: Catch::Session::run() (catch_session.cpp:263)
==268755==    by 0x202254: int Catch::Session::run<char>(int, char const* const*) (catch_session.hpp:41)
==268755== 
==268755== 720 bytes in 18 blocks are still reachable in loss record 1,810 of 2,004
==268755==    at 0x4848899: malloc (in /usr/libexec/valgrind/vgpreload_memcheck-amd64-linux.so)
==268755==    by 0x5647AA0: ??? (in /usr/lib/x86_64-linux-gnu/libcrypto.so.3)
==268755==    by 0x55EBA69: ??? (in /usr/lib/x86_64-linux-gnu/libcrypto.so.3)
==268755==    by 0x560B85B: ??? (in /usr/lib/x86_64-linux-gnu/libcrypto.so.3)
==268755==    by 0x560B71B: ??? (in /usr/lib/x86_64-linux-gnu/libcrypto.so.3)
==268755==    by 0x562AD6A: ??? (in /usr/lib/x86_64-linux-gnu/libcrypto.so.3)
==268755==    by 0x56F44E7: ??? (in /usr/lib/x86_64-linux-gnu/libcrypto.so.3)
==268755==    by 0x56F4B3D: ??? (in /usr/lib/x86_64-linux-gnu/libcrypto.so.3)
==268755==    by 0x55F804E: EVP_KEYMGMT_fetch (in /usr/lib/x86_64-linux-gnu/libcrypto.so.3)
==268755==    by 0x56069C0: ??? (in /usr/lib/x86_64-linux-gnu/libcrypto.so.3)
==268755==    by 0x53F5452: SSL_CTX_new_ex (in /usr/lib/x86_64-linux-gnu/libssl.so.3)
==268755==    by 0x48F8280: ??? (in /usr/lib/x86_64-linux-gnu/libmysqlclient.so.21.2.42)
==268755== 
==268755== 720 bytes in 30 blocks are still reachable in loss record 1,811 of 2,004
==268755==    at 0x4848899: malloc (in /usr/libexec/valgrind/vgpreload_memcheck-amd64-linux.so)
==268755==    by 0x560C185: OPENSSL_LH_insert (in /usr/lib/x86_64-linux-gnu/libcrypto.so.3)
==268755==    by 0x56FD672: ??? (in /usr/lib/x86_64-linux-gnu/libcrypto.so.3)
==268755==    by 0x55CA89F: ERR_load_strings_const (in /usr/lib/x86_64-linux-gnu/libcrypto.so.3)
==268755==    by 0x561D20B: ??? (in /usr/lib/x86_64-linux-gnu/libcrypto.so.3)
==268755==    by 0x522BEE7: __pthread_once_slow (pthread_once.c:116)
==268755==    by 0x5621C9C: CRYPTO_THREAD_run_once (in /usr/lib/x86_64-linux-gnu/libcrypto.so.3)
==268755==    by 0x561E992: OPENSSL_init_crypto (in /usr/lib/x86_64-linux-gnu/libcrypto.so.3)
==268755==    by 0x55CC336: ??? (in /usr/lib/x86_64-linux-gnu/libcrypto.so.3)
==268755==    by 0x55CCCFC: ERR_set_mark (in /usr/lib/x86_64-linux-gnu/libcrypto.so.3)
==268755==    by 0x55790E1: CONF_modules_load_file_ex (in /usr/lib/x86_64-linux-gnu/libcrypto.so.3)
==268755==    by 0x561E19F: ??? (in /usr/lib/x86_64-linux-gnu/libcrypto.so.3)
==268755== 
==268755== 720 bytes in 30 blocks are still reachable in loss record 1,812 of 2,004
==268755==    at 0x4848899: malloc (in /usr/libexec/valgrind/vgpreload_memcheck-amd64-linux.so)
==268755==    by 0x560C185: OPENSSL_LH_insert (in /usr/lib/x86_64-linux-gnu/libcrypto.so.3)
==268755==    by 0x56FD672: ??? (in /usr/lib/x86_64-linux-gnu/libcrypto.so.3)
==268755==    by 0x55CA89F: ERR_load_strings_const (in /usr/lib/x86_64-linux-gnu/libcrypto.so.3)
==268755==    by 0x561D3B0: ??? (in /usr/lib/x86_64-linux-gnu/libcrypto.so.3)
==268755==    by 0x522BEE7: __pthread_once_slow (pthread_once.c:116)
==268755==    by 0x5621C9C: CRYPTO_THREAD_run_once (in /usr/lib/x86_64-linux-gnu/libcrypto.so.3)
==268755==    by 0x561E992: OPENSSL_init_crypto (in /usr/lib/x86_64-linux-gnu/libcrypto.so.3)
==268755==    by 0x55CC336: ??? (in /usr/lib/x86_64-linux-gnu/libcrypto.so.3)
==268755==    by 0x55CCCFC: ERR_set_mark (in /usr/lib/x86_64-linux-gnu/libcrypto.so.3)
==268755==    by 0x55790E1: CONF_modules_load_file_ex (in /usr/lib/x86_64-linux-gnu/libcrypto.so.3)
==268755==    by 0x561E19F: ??? (in /usr/lib/x86_64-linux-gnu/libcrypto.so.3)
==268755== 
==268755== 731 bytes in 17 blocks are still reachable in loss record 1,813 of 2,004
==268755==    at 0x4849013: operator new(unsigned long) (in /usr/libexec/valgrind/vgpreload_memcheck-amd64-linux.so)
==268755==    by 0x130468: __gnu_cxx::new_allocator<char>::allocate(unsigned long, void const*) (new_allocator.h:127)
==268755==    by 0x12F934: allocate (allocator.h:185)
==268755==    by 0x12F934: std::allocator_traits<std::allocator<char> >::allocate(std::allocator<char>&, unsigned long) (alloc_traits.h:464)
==268755==    by 0x12FCCD: std::__cxx11::basic_string<char, std::char_traits<char>, std::allocator<char> >::_M_create(unsigned long&, unsigned long) (basic_string.tcc:153)
==268755==    by 0x13879A: std::__cxx11::basic_string<char, std::char_traits<char>, std::allocator<char> >::_M_assign(std::__cxx11::basic_string<char, std::char_traits<char>, std::allocator<char> > const&) (basic_string.tcc:265)
==268755==    by 0x13767A: std::__cxx11::basic_string<char, std::char_traits<char>, std::allocator<char> >::assign(std::__cxx11::basic_string<char, std::char_traits<char>, std::allocator<char> > const&) (basic_string.h:1387)
==268755==    by 0x13617C: std::__cxx11::basic_string<char, std::char_traits<char>, std::allocator<char> >::operator=(std::__cxx11::basic_string<char, std::char_traits<char>, std::allocator<char> > const&) (basic_string.h:681)
==268755==    by 0x2EB23E: YAML::detail::node_data::set_scalar(std::__cxx11::basic_string<char, std::char_traits<char>, std::allocator<char> > const&) (node_data.cpp:86)
==268755==    by 0x134ADF: YAML::detail::node_ref::set_scalar(std::__cxx11::basic_string<char, std::char_traits<char>, std::allocator<char> > const&) (node_ref.h:37)
==268755==    by 0x134DF9: YAML::detail::node::set_scalar(std::__cxx11::basic_string<char, std::char_traits<char>, std::allocator<char> > const&) (node.h:87)
==268755==    by 0x3101E5: YAML::NodeBuilder::OnScalar(YAML::Mark const&, std::__cxx11::basic_string<char, std::char_traits<char>, std::allocator<char> > const&, unsigned long, std::__cxx11::basic_string<char, std::char_traits<char>, std::allocator<char> > const&) (nodebuilder.cpp:50)
==268755==    by 0x306961: YAML::SingleDocParser::HandleNode(YAML::EventHandler&) (singledocparser.cpp:108)
==268755== 
==268755== 736 bytes in 4 blocks are still reachable in loss record 1,814 of 2,004
==268755==    at 0x4848899: malloc (in /usr/libexec/valgrind/vgpreload_memcheck-amd64-linux.so)
==268755==    by 0x561679D: CRYPTO_zalloc (in /usr/lib/x86_64-linux-gnu/libcrypto.so.3)
==268755==    by 0x56DF4E4: ??? (in /usr/lib/x86_64-linux-gnu/libcrypto.so.3)
==268755==    by 0x56DF612: ??? (in /usr/lib/x86_64-linux-gnu/libcrypto.so.3)
==268755==    by 0x55F7637: EVP_RAND_instantiate (in /usr/lib/x86_64-linux-gnu/libcrypto.so.3)
==268755==    by 0x5649661: ??? (in /usr/lib/x86_64-linux-gnu/libcrypto.so.3)
==268755==    by 0x5649E27: RAND_get0_public (in /usr/lib/x86_64-linux-gnu/libcrypto.so.3)
==268755==    by 0x5649EE7: RAND_bytes_ex (in /usr/lib/x86_64-linux-gnu/libcrypto.so.3)
==268755==    by 0x53F5779: SSL_CTX_new_ex (in /usr/lib/x86_64-linux-gnu/libssl.so.3)
==268755==    by 0x48F8280: ??? (in /usr/lib/x86_64-linux-gnu/libmysqlclient.so.21.2.42)
==268755==    by 0x489A042: ??? (in /usr/lib/x86_64-linux-gnu/libmysqlclient.so.21.2.42)
==268755==    by 0x489AD71: ??? (in /usr/lib/x86_64-linux-gnu/libmysqlclient.so.21.2.42)
==268755== 
==268755== 736 bytes in 4 blocks are still reachable in loss record 1,815 of 2,004
==268755==    at 0x4848899: malloc (in /usr/libexec/valgrind/vgpreload_memcheck-amd64-linux.so)
==268755==    by 0x561679D: CRYPTO_zalloc (in /usr/lib/x86_64-linux-gnu/libcrypto.so.3)
==268755==    by 0x56DF494: ??? (in /usr/lib/x86_64-linux-gnu/libcrypto.so.3)
==268755==    by 0x56DF612: ??? (in /usr/lib/x86_64-linux-gnu/libcrypto.so.3)
==268755==    by 0x55F7637: EVP_RAND_instantiate (in /usr/lib/x86_64-linux-gnu/libcrypto.so.3)
==268755==    by 0x5649661: ??? (in /usr/lib/x86_64-linux-gnu/libcrypto.so.3)
==268755==    by 0x5649E27: RAND_get0_public (in /usr/lib/x86_64-linux-gnu/libcrypto.so.3)
==268755==    by 0x5649EE7: RAND_bytes_ex (in /usr/lib/x86_64-linux-gnu/libcrypto.so.3)
==268755==    by 0x53F5779: SSL_CTX_new_ex (in /usr/lib/x86_64-linux-gnu/libssl.so.3)
==268755==    by 0x48F8280: ??? (in /usr/lib/x86_64-linux-gnu/libmysqlclient.so.21.2.42)
==268755==    by 0x489A042: ??? (in /usr/lib/x86_64-linux-gnu/libmysqlclient.so.21.2.42)
==268755==    by 0x489AD71: ??? (in /usr/lib/x86_64-linux-gnu/libmysqlclient.so.21.2.42)
==268755== 
==268755== 736 bytes in 4 blocks are still reachable in loss record 1,816 of 2,004
==268755==    at 0x4848899: malloc (in /usr/libexec/valgrind/vgpreload_memcheck-amd64-linux.so)
==268755==    by 0x561679D: CRYPTO_zalloc (in /usr/lib/x86_64-linux-gnu/libcrypto.so.3)
==268755==    by 0x56DF58C: ??? (in /usr/lib/x86_64-linux-gnu/libcrypto.so.3)
==268755==    by 0x56DF612: ??? (in /usr/lib/x86_64-linux-gnu/libcrypto.so.3)
==268755==    by 0x55F7637: EVP_RAND_instantiate (in /usr/lib/x86_64-linux-gnu/libcrypto.so.3)
==268755==    by 0x5649661: ??? (in /usr/lib/x86_64-linux-gnu/libcrypto.so.3)
==268755==    by 0x5649E27: RAND_get0_public (in /usr/lib/x86_64-linux-gnu/libcrypto.so.3)
==268755==    by 0x5649EE7: RAND_bytes_ex (in /usr/lib/x86_64-linux-gnu/libcrypto.so.3)
==268755==    by 0x53F5779: SSL_CTX_new_ex (in /usr/lib/x86_64-linux-gnu/libssl.so.3)
==268755==    by 0x48F8280: ??? (in /usr/lib/x86_64-linux-gnu/libmysqlclient.so.21.2.42)
==268755==    by 0x489A042: ??? (in /usr/lib/x86_64-linux-gnu/libmysqlclient.so.21.2.42)
==268755==    by 0x489AD71: ??? (in /usr/lib/x86_64-linux-gnu/libmysqlclient.so.21.2.42)
==268755== 
==268755== 736 bytes in 4 blocks are still reachable in loss record 1,817 of 2,004
==268755==    at 0x4848899: malloc (in /usr/libexec/valgrind/vgpreload_memcheck-amd64-linux.so)
==268755==    by 0x561679D: CRYPTO_zalloc (in /usr/lib/x86_64-linux-gnu/libcrypto.so.3)
==268755==    by 0x56DF4E4: ??? (in /usr/lib/x86_64-linux-gnu/libcrypto.so.3)
==268755==    by 0x56DF612: ??? (in /usr/lib/x86_64-linux-gnu/libcrypto.so.3)
==268755==    by 0x55F7637: EVP_RAND_instantiate (in /usr/lib/x86_64-linux-gnu/libcrypto.so.3)
==268755==    by 0x5649661: ??? (in /usr/lib/x86_64-linux-gnu/libcrypto.so.3)
==268755==    by 0x564A097: RAND_get0_private (in /usr/lib/x86_64-linux-gnu/libcrypto.so.3)
==268755==    by 0x564A157: RAND_priv_bytes_ex (in /usr/lib/x86_64-linux-gnu/libcrypto.so.3)
==268755==    by 0x53F5AA2: SSL_CTX_new_ex (in /usr/lib/x86_64-linux-gnu/libssl.so.3)
==268755==    by 0x48F8280: ??? (in /usr/lib/x86_64-linux-gnu/libmysqlclient.so.21.2.42)
==268755==    by 0x489A042: ??? (in /usr/lib/x86_64-linux-gnu/libmysqlclient.so.21.2.42)
==268755==    by 0x489AD71: ??? (in /usr/lib/x86_64-linux-gnu/libmysqlclient.so.21.2.42)
==268755== 
==268755== 736 bytes in 4 blocks are still reachable in loss record 1,818 of 2,004
==268755==    at 0x4848899: malloc (in /usr/libexec/valgrind/vgpreload_memcheck-amd64-linux.so)
==268755==    by 0x561679D: CRYPTO_zalloc (in /usr/lib/x86_64-linux-gnu/libcrypto.so.3)
==268755==    by 0x56DF494: ??? (in /usr/lib/x86_64-linux-gnu/libcrypto.so.3)
==268755==    by 0x56DF612: ??? (in /usr/lib/x86_64-linux-gnu/libcrypto.so.3)
==268755==    by 0x55F7637: EVP_RAND_instantiate (in /usr/lib/x86_64-linux-gnu/libcrypto.so.3)
==268755==    by 0x5649661: ??? (in /usr/lib/x86_64-linux-gnu/libcrypto.so.3)
==268755==    by 0x564A097: RAND_get0_private (in /usr/lib/x86_64-linux-gnu/libcrypto.so.3)
==268755==    by 0x564A157: RAND_priv_bytes_ex (in /usr/lib/x86_64-linux-gnu/libcrypto.so.3)
==268755==    by 0x53F5AA2: SSL_CTX_new_ex (in /usr/lib/x86_64-linux-gnu/libssl.so.3)
==268755==    by 0x48F8280: ??? (in /usr/lib/x86_64-linux-gnu/libmysqlclient.so.21.2.42)
==268755==    by 0x489A042: ??? (in /usr/lib/x86_64-linux-gnu/libmysqlclient.so.21.2.42)
==268755==    by 0x489AD71: ??? (in /usr/lib/x86_64-linux-gnu/libmysqlclient.so.21.2.42)
==268755== 
==268755== 736 bytes in 4 blocks are still reachable in loss record 1,819 of 2,004
==268755==    at 0x4848899: malloc (in /usr/libexec/valgrind/vgpreload_memcheck-amd64-linux.so)
==268755==    by 0x561679D: CRYPTO_zalloc (in /usr/lib/x86_64-linux-gnu/libcrypto.so.3)
==268755==    by 0x56DF58C: ??? (in /usr/lib/x86_64-linux-gnu/libcrypto.so.3)
==268755==    by 0x56DF612: ??? (in /usr/lib/x86_64-linux-gnu/libcrypto.so.3)
==268755==    by 0x55F7637: EVP_RAND_instantiate (in /usr/lib/x86_64-linux-gnu/libcrypto.so.3)
==268755==    by 0x5649661: ??? (in /usr/lib/x86_64-linux-gnu/libcrypto.so.3)
==268755==    by 0x564A097: RAND_get0_private (in /usr/lib/x86_64-linux-gnu/libcrypto.so.3)
==268755==    by 0x564A157: RAND_priv_bytes_ex (in /usr/lib/x86_64-linux-gnu/libcrypto.so.3)
==268755==    by 0x53F5AA2: SSL_CTX_new_ex (in /usr/lib/x86_64-linux-gnu/libssl.so.3)
==268755==    by 0x48F8280: ??? (in /usr/lib/x86_64-linux-gnu/libmysqlclient.so.21.2.42)
==268755==    by 0x489A042: ??? (in /usr/lib/x86_64-linux-gnu/libmysqlclient.so.21.2.42)
==268755==    by 0x489AD71: ??? (in /usr/lib/x86_64-linux-gnu/libmysqlclient.so.21.2.42)
==268755== 
==268755== 736 bytes in 4 blocks are possibly lost in loss record 1,820 of 2,004
==268755==    at 0x4848899: malloc (in /usr/libexec/valgrind/vgpreload_memcheck-amd64-linux.so)
==268755==    by 0x561679D: CRYPTO_zalloc (in /usr/lib/x86_64-linux-gnu/libcrypto.so.3)
==268755==    by 0x55A151D: ??? (in /usr/lib/x86_64-linux-gnu/libcrypto.so.3)
==268755==    by 0x55A24F9: EC_GROUP_dup (in /usr/lib/x86_64-linux-gnu/libcrypto.so.3)
==268755==    by 0x55A2572: EC_KEY_set_group (in /usr/lib/x86_64-linux-gnu/libcrypto.so.3)
==268755==    by 0x56D78BC: ??? (in /usr/lib/x86_64-linux-gnu/libcrypto.so.3)
==268755==    by 0x5608028: EVP_PKEY_generate (in /usr/lib/x86_64-linux-gnu/libcrypto.so.3)
==268755==    by 0x53E1278: ??? (in /usr/lib/x86_64-linux-gnu/libssl.so.3)
==268755==    by 0x5412AC2: ??? (in /usr/lib/x86_64-linux-gnu/libssl.so.3)
==268755==    by 0x5415B60: ??? (in /usr/lib/x86_64-linux-gnu/libssl.so.3)
==268755==    by 0x5421483: ??? (in /usr/lib/x86_64-linux-gnu/libssl.so.3)
==268755==    by 0x542088C: ??? (in /usr/lib/x86_64-linux-gnu/libssl.so.3)
==268755== 
==268755== 736 bytes in 4 blocks are possibly lost in loss record 1,821 of 2,004
==268755==    at 0x4848899: malloc (in /usr/libexec/valgrind/vgpreload_memcheck-amd64-linux.so)
==268755==    by 0x561679D: CRYPTO_zalloc (in /usr/lib/x86_64-linux-gnu/libcrypto.so.3)
==268755==    by 0x55A151D: ??? (in /usr/lib/x86_64-linux-gnu/libcrypto.so.3)
==268755==    by 0x55A21DF: ??? (in /usr/lib/x86_64-linux-gnu/libcrypto.so.3)
==268755==    by 0x55FD533: ??? (in /usr/lib/x86_64-linux-gnu/libcrypto.so.3)
==268755==    by 0x5608C3F: EVP_PKEY_copy_parameters (in /usr/lib/x86_64-linux-gnu/libcrypto.so.3)
==268755==    by 0x5414439: ??? (in /usr/lib/x86_64-linux-gnu/libssl.so.3)
==268755==    by 0x5408838: ??? (in /usr/lib/x86_64-linux-gnu/libssl.so.3)
==268755==    by 0x541C24A: ??? (in /usr/lib/x86_64-linux-gnu/libssl.so.3)
==268755==    by 0x541EA94: ??? (in /usr/lib/x86_64-linux-gnu/libssl.so.3)
==268755==    by 0x5420697: ??? (in /usr/lib/x86_64-linux-gnu/libssl.so.3)
==268755==    by 0x48F8F69: ??? (in /usr/lib/x86_64-linux-gnu/libmysqlclient.so.21.2.42)
==268755== 
==268755== 736 bytes in 4 blocks are possibly lost in loss record 1,822 of 2,004
==268755==    at 0x4848899: malloc (in /usr/libexec/valgrind/vgpreload_memcheck-amd64-linux.so)
==268755==    by 0x561679D: CRYPTO_zalloc (in /usr/lib/x86_64-linux-gnu/libcrypto.so.3)
==268755==    by 0x5408C6C: ??? (in /usr/lib/x86_64-linux-gnu/libssl.so.3)
==268755==    by 0x541C299: ??? (in /usr/lib/x86_64-linux-gnu/libssl.so.3)
==268755==    by 0x541EA94: ??? (in /usr/lib/x86_64-linux-gnu/libssl.so.3)
==268755==    by 0x5420697: ??? (in /usr/lib/x86_64-linux-gnu/libssl.so.3)
==268755==    by 0x48F8F69: ??? (in /usr/lib/x86_64-linux-gnu/libmysqlclient.so.21.2.42)
==268755==    by 0x489A12C: ??? (in /usr/lib/x86_64-linux-gnu/libmysqlclient.so.21.2.42)
==268755==    by 0x489AD71: ??? (in /usr/lib/x86_64-linux-gnu/libmysqlclient.so.21.2.42)
==268755==    by 0x48A3273: ??? (in /usr/lib/x86_64-linux-gnu/libmysqlclient.so.21.2.42)
==268755==    by 0x489EF82: mysql_real_connect (in /usr/lib/x86_64-linux-gnu/libmysqlclient.so.21.2.42)
==268755==    by 0x1EC2E1: cpp_dbc::MySQL::MySQLConnection::MySQLConnection(std::__cxx11::basic_string<char, std::char_traits<char>, std::allocator<char> > const&, int, std::__cxx11::basic_string<char, std::char_traits<char>, std::allocator<char> > const&, std::__cxx11::basic_string<char, std::char_traits<char>, std::allocator<char> > const&, std::__cxx11::basic_string<char, std::char_traits<char>, std::allocator<char> > const&) (driver_mysql.cpp:624)
==268755== 
==268755== 736 bytes in 4 blocks are possibly lost in loss record 1,823 of 2,004
==268755==    at 0x4848899: malloc (in /usr/libexec/valgrind/vgpreload_memcheck-amd64-linux.so)
==268755==    by 0x561679D: CRYPTO_zalloc (in /usr/lib/x86_64-linux-gnu/libcrypto.so.3)
==268755==    by 0x5408E6C: ??? (in /usr/lib/x86_64-linux-gnu/libssl.so.3)
==268755==    by 0x541B3DA: ??? (in /usr/lib/x86_64-linux-gnu/libssl.so.3)
==268755==    by 0x542088C: ??? (in /usr/lib/x86_64-linux-gnu/libssl.so.3)
==268755==    by 0x48F8F69: ??? (in /usr/lib/x86_64-linux-gnu/libmysqlclient.so.21.2.42)
==268755==    by 0x489A12C: ??? (in /usr/lib/x86_64-linux-gnu/libmysqlclient.so.21.2.42)
==268755==    by 0x489AD71: ??? (in /usr/lib/x86_64-linux-gnu/libmysqlclient.so.21.2.42)
==268755==    by 0x48A3273: ??? (in /usr/lib/x86_64-linux-gnu/libmysqlclient.so.21.2.42)
==268755==    by 0x489EF82: mysql_real_connect (in /usr/lib/x86_64-linux-gnu/libmysqlclient.so.21.2.42)
==268755==    by 0x1EC2E1: cpp_dbc::MySQL::MySQLConnection::MySQLConnection(std::__cxx11::basic_string<char, std::char_traits<char>, std::allocator<char> > const&, int, std::__cxx11::basic_string<char, std::char_traits<char>, std::allocator<char> > const&, std::__cxx11::basic_string<char, std::char_traits<char>, std::allocator<char> > const&, std::__cxx11::basic_string<char, std::char_traits<char>, std::allocator<char> > const&) (driver_mysql.cpp:624)
==268755==    by 0x1F6A72: decltype (::new ((void*)(0)) cpp_dbc::MySQL::MySQLConnection((declval<std::__cxx11::basic_string<char, std::char_traits<char>, std::allocator<char> >&>)(), (declval<int&>)(), (declval<std::__cxx11::basic_string<char, std::char_traits<char>, std::allocator<char> >&>)(), (declval<std::__cxx11::basic_string<char, std::char_traits<char>, std::allocator<char> > const&>)(), (declval<std::__cxx11::basic_string<char, std::char_traits<char>, std::allocator<char> > const&>)())) std::construct_at<cpp_dbc::MySQL::MySQLConnection, std::__cxx11::basic_string<char, std::char_traits<char>, std::allocator<char> >&, int&, std::__cxx11::basic_string<char, std::char_traits<char>, std::allocator<char> >&, std::__cxx11::basic_string<char, std::char_traits<char>, std::allocator<char> > const&, std::__cxx11::basic_string<char, std::char_traits<char>, std::allocator<char> > const&>(cpp_dbc::MySQL::MySQLConnection*, std::__cxx11::basic_string<char, std::char_traits<char>, std::allocator<char> >&, int&, std::__cxx11::basic_string<char, std::char_traits<char>, std::allocator<char> >&, std::__cxx11::basic_string<char, std::char_traits<char>, std::allocator<char> > const&, std::__cxx11::basic_string<char, std::char_traits<char>, std::allocator<char> > const&) (stl_construct.h:97)
==268755== 
==268755== 752 bytes in 47 blocks are still reachable in loss record 1,824 of 2,004
==268755==    at 0x4849013: operator new(unsigned long) (in /usr/libexec/valgrind/vgpreload_memcheck-amd64-linux.so)
==268755==    by 0x2E8BDC: YAML::detail::node::node() (node.h:27)
==268755==    by 0x2E896A: YAML::detail::memory::create_node() (memory.cpp:17)
==268755==    by 0x1348BD: YAML::detail::memory_holder::create_node() (memory.h:38)
==268755==    by 0x3103BB: YAML::NodeBuilder::Push(YAML::Mark const&, unsigned long) (nodebuilder.cpp:81)
==268755==    by 0x3101CE: YAML::NodeBuilder::OnScalar(YAML::Mark const&, std::__cxx11::basic_string<char, std::char_traits<char>, std::allocator<char> > const&, unsigned long, std::__cxx11::basic_string<char, std::char_traits<char>, std::allocator<char> > const&) (nodebuilder.cpp:49)
==268755==    by 0x306961: YAML::SingleDocParser::HandleNode(YAML::EventHandler&) (singledocparser.cpp:108)
==268755==    by 0x307975: YAML::SingleDocParser::HandleBlockMap(YAML::EventHandler&) (singledocparser.cpp:281)
==268755==    by 0x30762F: YAML::SingleDocParser::HandleMap(YAML::EventHandler&) (singledocparser.cpp:235)
==268755==    by 0x306B2F: YAML::SingleDocParser::HandleNode(YAML::EventHandler&) (singledocparser.cpp:128)
==268755==    by 0x307975: YAML::SingleDocParser::HandleBlockMap(YAML::EventHandler&) (singledocparser.cpp:281)
==268755==    by 0x30762F: YAML::SingleDocParser::HandleMap(YAML::EventHandler&) (singledocparser.cpp:235)
==268755== 
==268755== 760 bytes in 5 blocks are possibly lost in loss record 1,825 of 2,004
==268755==    at 0x484DA83: calloc (in /usr/libexec/valgrind/vgpreload_memcheck-amd64-linux.so)
==268755==    by 0x48F0482: ??? (in /usr/lib/x86_64-linux-gnu/libmysqlclient.so.21.2.42)
==268755==    by 0x489F7B3: mysql_init (in /usr/lib/x86_64-linux-gnu/libmysqlclient.so.21.2.42)
==268755==    by 0x1EC1CA: cpp_dbc::MySQL::MySQLConnection::MySQLConnection(std::__cxx11::basic_string<char, std::char_traits<char>, std::allocator<char> > const&, int, std::__cxx11::basic_string<char, std::char_traits<char>, std::allocator<char> > const&, std::__cxx11::basic_string<char, std::char_traits<char>, std::allocator<char> > const&, std::__cxx11::basic_string<char, std::char_traits<char>, std::allocator<char> > const&) (driver_mysql.cpp:613)
==268755==    by 0x1F6A72: decltype (::new ((void*)(0)) cpp_dbc::MySQL::MySQLConnection((declval<std::__cxx11::basic_string<char, std::char_traits<char>, std::allocator<char> >&>)(), (declval<int&>)(), (declval<std::__cxx11::basic_string<char, std::char_traits<char>, std::allocator<char> >&>)(), (declval<std::__cxx11::basic_string<char, std::char_traits<char>, std::allocator<char> > const&>)(), (declval<std::__cxx11::basic_string<char, std::char_traits<char>, std::allocator<char> > const&>)())) std::construct_at<cpp_dbc::MySQL::MySQLConnection, std::__cxx11::basic_string<char, std::char_traits<char>, std::allocator<char> >&, int&, std::__cxx11::basic_string<char, std::char_traits<char>, std::allocator<char> >&, std::__cxx11::basic_string<char, std::char_traits<char>, std::allocator<char> > const&, std::__cxx11::basic_string<char, std::char_traits<char>, std::allocator<char> > const&>(cpp_dbc::MySQL::MySQLConnection*, std::__cxx11::basic_string<char, std::char_traits<char>, std::allocator<char> >&, int&, std::__cxx11::basic_string<char, std::char_traits<char>, std::allocator<char> >&, std::__cxx11::basic_string<char, std::char_traits<char>, std::allocator<char> > const&, std::__cxx11::basic_string<char, std::char_traits<char>, std::allocator<char> > const&) (stl_construct.h:97)
==268755==    by 0x1F6B2E: void std::allocator_traits<std::allocator<cpp_dbc::MySQL::MySQLConnection> >::construct<cpp_dbc::MySQL::MySQLConnection, std::__cxx11::basic_string<char, std::char_traits<char>, std::allocator<char> >&, int&, std::__cxx11::basic_string<char, std::char_traits<char>, std::allocator<char> >&, std::__cxx11::basic_string<char, std::char_traits<char>, std::allocator<char> > const&, std::__cxx11::basic_string<char, std::char_traits<char>, std::allocator<char> > const&>(std::allocator<cpp_dbc::MySQL::MySQLConnection>&, cpp_dbc::MySQL::MySQLConnection*, std::__cxx11::basic_string<char, std::char_traits<char>, std::allocator<char> >&, int&, std::__cxx11::basic_string<char, std::char_traits<char>, std::allocator<char> >&, std::__cxx11::basic_string<char, std::char_traits<char>, std::allocator<char> > const&, std::__cxx11::basic_string<char, std::char_traits<char>, std::allocator<char> > const&) (alloc_traits.h:518)
==268755==    by 0x1F602C: std::_Sp_counted_ptr_inplace<cpp_dbc::MySQL::MySQLConnection, std::allocator<cpp_dbc::MySQL::MySQLConnection>, (__gnu_cxx::_Lock_policy)2>::_Sp_counted_ptr_inplace<std::__cxx11::basic_string<char, std::char_traits<char>, std::allocator<char> >&, int&, std::__cxx11::basic_string<char, std::char_traits<char>, std::allocator<char> >&, std::__cxx11::basic_string<char, std::char_traits<char>, std::allocator<char> > const&, std::__cxx11::basic_string<char, std::char_traits<char>, std::allocator<char> > const&>(std::allocator<cpp_dbc::MySQL::MySQLConnection>, std::__cxx11::basic_string<char, std::char_traits<char>, std::allocator<char> >&, int&, std::__cxx11::basic_string<char, std::char_traits<char>, std::allocator<char> >&, std::__cxx11::basic_string<char, std::char_traits<char>, std::allocator<char> > const&, std::__cxx11::basic_string<char, std::char_traits<char>, std::allocator<char> > const&) (shared_ptr_base.h:519)
==268755==    by 0x1F4FF2: std::__shared_count<(__gnu_cxx::_Lock_policy)2>::__shared_count<cpp_dbc::MySQL::MySQLConnection, std::allocator<cpp_dbc::MySQL::MySQLConnection>, std::__cxx11::basic_string<char, std::char_traits<char>, std::allocator<char> >&, int&, std::__cxx11::basic_string<char, std::char_traits<char>, std::allocator<char> >&, std::__cxx11::basic_string<char, std::char_traits<char>, std::allocator<char> > const&, std::__cxx11::basic_string<char, std::char_traits<char>, std::allocator<char> > const&>(cpp_dbc::MySQL::MySQLConnection*&, std::_Sp_alloc_shared_tag<std::allocator<cpp_dbc::MySQL::MySQLConnection> >, std::__cxx11::basic_string<char, std::char_traits<char>, std::allocator<char> >&, int&, std::__cxx11::basic_string<char, std::char_traits<char>, std::allocator<char> >&, std::__cxx11::basic_string<char, std::char_traits<char>, std::allocator<char> > const&, std::__cxx11::basic_string<char, std::char_traits<char>, std::allocator<char> > const&) (shared_ptr_base.h:650)
==268755==    by 0x1F42B5: std::__shared_ptr<cpp_dbc::MySQL::MySQLConnection, (__gnu_cxx::_Lock_policy)2>::__shared_ptr<std::allocator<cpp_dbc::MySQL::MySQLConnection>, std::__cxx11::basic_string<char, std::char_traits<char>, std::allocator<char> >&, int&, std::__cxx11::basic_string<char, std::char_traits<char>, std::allocator<char> >&, std::__cxx11::basic_string<char, std::char_traits<char>, std::allocator<char> > const&, std::__cxx11::basic_string<char, std::char_traits<char>, std::allocator<char> > const&>(std::_Sp_alloc_shared_tag<std::allocator<cpp_dbc::MySQL::MySQLConnection> >, std::__cxx11::basic_string<char, std::char_traits<char>, std::allocator<char> >&, int&, std::__cxx11::basic_string<char, std::char_traits<char>, std::allocator<char> >&, std::__cxx11::basic_string<char, std::char_traits<char>, std::allocator<char> > const&, std::__cxx11::basic_string<char, std::char_traits<char>, std::allocator<char> > const&) (shared_ptr_base.h:1342)
==268755==    by 0x1F3358: std::shared_ptr<cpp_dbc::MySQL::MySQLConnection>::shared_ptr<std::allocator<cpp_dbc::MySQL::MySQLConnection>, std::__cxx11::basic_string<char, std::char_traits<char>, std::allocator<char> >&, int&, std::__cxx11::basic_string<char, std::char_traits<char>, std::allocator<char> >&, std::__cxx11::basic_string<char, std::char_traits<char>, std::allocator<char> > const&, std::__cxx11::basic_string<char, std::char_traits<char>, std::allocator<char> > const&>(std::_Sp_alloc_shared_tag<std::allocator<cpp_dbc::MySQL::MySQLConnection> >, std::__cxx11::basic_string<char, std::char_traits<char>, std::allocator<char> >&, int&, std::__cxx11::basic_string<char, std::char_traits<char>, std::allocator<char> >&, std::__cxx11::basic_string<char, std::char_traits<char>, std::allocator<char> > const&, std::__cxx11::basic_string<char, std::char_traits<char>, std::allocator<char> > const&) (shared_ptr.h:409)
==268755==    by 0x1F1DAF: std::shared_ptr<cpp_dbc::MySQL::MySQLConnection> std::allocate_shared<cpp_dbc::MySQL::MySQLConnection, std::allocator<cpp_dbc::MySQL::MySQLConnection>, std::__cxx11::basic_string<char, std::char_traits<char>, std::allocator<char> >&, int&, std::__cxx11::basic_string<char, std::char_traits<char>, std::allocator<char> >&, std::__cxx11::basic_string<char, std::char_traits<char>, std::allocator<char> > const&, std::__cxx11::basic_string<char, std::char_traits<char>, std::allocator<char> > const&>(std::allocator<cpp_dbc::MySQL::MySQLConnection> const&, std::__cxx11::basic_string<char, std::char_traits<char>, std::allocator<char> >&, int&, std::__cxx11::basic_string<char, std::char_traits<char>, std::allocator<char> >&, std::__cxx11::basic_string<char, std::char_traits<char>, std::allocator<char> > const&, std::__cxx11::basic_string<char, std::char_traits<char>, std::allocator<char> > const&) (shared_ptr.h:863)
==268755==    by 0x1F0024: std::shared_ptr<cpp_dbc::MySQL::MySQLConnection> std::make_shared<cpp_dbc::MySQL::MySQLConnection, std::__cxx11::basic_string<char, std::char_traits<char>, std::allocator<char> >&, int&, std::__cxx11::basic_string<char, std::char_traits<char>, std::allocator<char> >&, std::__cxx11::basic_string<char, std::char_traits<char>, std::allocator<char> > const&, std::__cxx11::basic_string<char, std::char_traits<char>, std::allocator<char> > const&>(std::__cxx11::basic_string<char, std::char_traits<char>, std::allocator<char> >&, int&, std::__cxx11::basic_string<char, std::char_traits<char>, std::allocator<char> >&, std::__cxx11::basic_string<char, std::char_traits<char>, std::allocator<char> > const&, std::__cxx11::basic_string<char, std::char_traits<char>, std::allocator<char> > const&) (shared_ptr.h:879)
==268755== 
==268755== 760 bytes in 5 blocks are possibly lost in loss record 1,826 of 2,004
==268755==    at 0x4848899: malloc (in /usr/libexec/valgrind/vgpreload_memcheck-amd64-linux.so)
==268755==    by 0x561679D: CRYPTO_zalloc (in /usr/lib/x86_64-linux-gnu/libcrypto.so.3)
==268755==    by 0x56041A3: EVP_PKEY_new (in /usr/lib/x86_64-linux-gnu/libcrypto.so.3)
==268755==    by 0x5608154: EVP_PKEY_generate (in /usr/lib/x86_64-linux-gnu/libcrypto.so.3)
==268755==    by 0x48F8574: ??? (in /usr/lib/x86_64-linux-gnu/libmysqlclient.so.21.2.42)
==268755==    by 0x489A042: ??? (in /usr/lib/x86_64-linux-gnu/libmysqlclient.so.21.2.42)
==268755==    by 0x489AD71: ??? (in /usr/lib/x86_64-linux-gnu/libmysqlclient.so.21.2.42)
==268755==    by 0x48A3273: ??? (in /usr/lib/x86_64-linux-gnu/libmysqlclient.so.21.2.42)
==268755==    by 0x489EF82: mysql_real_connect (in /usr/lib/x86_64-linux-gnu/libmysqlclient.so.21.2.42)
==268755==    by 0x1EC2E1: cpp_dbc::MySQL::MySQLConnection::MySQLConnection(std::__cxx11::basic_string<char, std::char_traits<char>, std::allocator<char> > const&, int, std::__cxx11::basic_string<char, std::char_traits<char>, std::allocator<char> > const&, std::__cxx11::basic_string<char, std::char_traits<char>, std::allocator<char> > const&, std::__cxx11::basic_string<char, std::char_traits<char>, std::allocator<char> > const&) (driver_mysql.cpp:624)
==268755==    by 0x1F6A72: decltype (::new ((void*)(0)) cpp_dbc::MySQL::MySQLConnection((declval<std::__cxx11::basic_string<char, std::char_traits<char>, std::allocator<char> >&>)(), (declval<int&>)(), (declval<std::__cxx11::basic_string<char, std::char_traits<char>, std::allocator<char> >&>)(), (declval<std::__cxx11::basic_string<char, std::char_traits<char>, std::allocator<char> > const&>)(), (declval<std::__cxx11::basic_string<char, std::char_traits<char>, std::allocator<char> > const&>)())) std::construct_at<cpp_dbc::MySQL::MySQLConnection, std::__cxx11::basic_string<char, std::char_traits<char>, std::allocator<char> >&, int&, std::__cxx11::basic_string<char, std::char_traits<char>, std::allocator<char> >&, std::__cxx11::basic_string<char, std::char_traits<char>, std::allocator<char> > const&, std::__cxx11::basic_string<char, std::char_traits<char>, std::allocator<char> > const&>(cpp_dbc::MySQL::MySQLConnection*, std::__cxx11::basic_string<char, std::char_traits<char>, std::allocator<char> >&, int&, std::__cxx11::basic_string<char, std::char_traits<char>, std::allocator<char> >&, std::__cxx11::basic_string<char, std::char_traits<char>, std::allocator<char> > const&, std::__cxx11::basic_string<char, std::char_traits<char>, std::allocator<char> > const&) (stl_construct.h:97)
==268755==    by 0x1F6B2E: void std::allocator_traits<std::allocator<cpp_dbc::MySQL::MySQLConnection> >::construct<cpp_dbc::MySQL::MySQLConnection, std::__cxx11::basic_string<char, std::char_traits<char>, std::allocator<char> >&, int&, std::__cxx11::basic_string<char, std::char_traits<char>, std::allocator<char> >&, std::__cxx11::basic_string<char, std::char_traits<char>, std::allocator<char> > const&, std::__cxx11::basic_string<char, std::char_traits<char>, std::allocator<char> > const&>(std::allocator<cpp_dbc::MySQL::MySQLConnection>&, cpp_dbc::MySQL::MySQLConnection*, std::__cxx11::basic_string<char, std::char_traits<char>, std::allocator<char> >&, int&, std::__cxx11::basic_string<char, std::char_traits<char>, std::allocator<char> >&, std::__cxx11::basic_string<char, std::char_traits<char>, std::allocator<char> > const&, std::__cxx11::basic_string<char, std::char_traits<char>, std::allocator<char> > const&) (alloc_traits.h:518)
==268755== 
==268755== 768 bytes in 48 blocks are still reachable in loss record 1,827 of 2,004
==268755==    at 0x4849013: operator new(unsigned long) (in /usr/libexec/valgrind/vgpreload_memcheck-amd64-linux.so)
==268755==    by 0x2E8BDC: YAML::detail::node::node() (node.h:27)
==268755==    by 0x2E896A: YAML::detail::memory::create_node() (memory.cpp:17)
==268755==    by 0x1348BD: YAML::detail::memory_holder::create_node() (memory.h:38)
==268755==    by 0x3103BB: YAML::NodeBuilder::Push(YAML::Mark const&, unsigned long) (nodebuilder.cpp:81)
==268755==    by 0x3101CE: YAML::NodeBuilder::OnScalar(YAML::Mark const&, std::__cxx11::basic_string<char, std::char_traits<char>, std::allocator<char> > const&, unsigned long, std::__cxx11::basic_string<char, std::char_traits<char>, std::allocator<char> > const&) (nodebuilder.cpp:49)
==268755==    by 0x306961: YAML::SingleDocParser::HandleNode(YAML::EventHandler&) (singledocparser.cpp:108)
==268755==    by 0x3078D8: YAML::SingleDocParser::HandleBlockMap(YAML::EventHandler&) (singledocparser.cpp:273)
==268755==    by 0x30762F: YAML::SingleDocParser::HandleMap(YAML::EventHandler&) (singledocparser.cpp:235)
==268755==    by 0x306B2F: YAML::SingleDocParser::HandleNode(YAML::EventHandler&) (singledocparser.cpp:128)
==268755==    by 0x307125: YAML::SingleDocParser::HandleBlockSequence(YAML::EventHandler&) (singledocparser.cpp:192)
==268755==    by 0x306E49: YAML::SingleDocParser::HandleSequence(YAML::EventHandler&) (singledocparser.cpp:155)
==268755== 
==268755== 780 bytes in 250 blocks are possibly lost in loss record 1,828 of 2,004
==268755==    at 0x4848899: malloc (in /usr/libexec/valgrind/vgpreload_memcheck-amd64-linux.so)
==268755==    by 0x561772A: CRYPTO_strdup (in /usr/lib/x86_64-linux-gnu/libcrypto.so.3)
==268755==    by 0x53F815B: ??? (in /usr/lib/x86_64-linux-gnu/libssl.so.3)
==268755==    by 0x569CBB3: ??? (in /usr/lib/x86_64-linux-gnu/libcrypto.so.3)
==268755==    by 0x53F83C6: ??? (in /usr/lib/x86_64-linux-gnu/libssl.so.3)
==268755==    by 0x562AD6A: ??? (in /usr/lib/x86_64-linux-gnu/libcrypto.so.3)
==268755==    by 0x53F55BC: SSL_CTX_new_ex (in /usr/lib/x86_64-linux-gnu/libssl.so.3)
==268755==    by 0x48F8280: ??? (in /usr/lib/x86_64-linux-gnu/libmysqlclient.so.21.2.42)
==268755==    by 0x489A042: ??? (in /usr/lib/x86_64-linux-gnu/libmysqlclient.so.21.2.42)
==268755==    by 0x489AD71: ??? (in /usr/lib/x86_64-linux-gnu/libmysqlclient.so.21.2.42)
==268755==    by 0x48A3273: ??? (in /usr/lib/x86_64-linux-gnu/libmysqlclient.so.21.2.42)
==268755==    by 0x489EF82: mysql_real_connect (in /usr/lib/x86_64-linux-gnu/libmysqlclient.so.21.2.42)
==268755== 
==268755== 792 bytes in 33 blocks are still reachable in loss record 1,829 of 2,004
==268755==    at 0x4848899: malloc (in /usr/libexec/valgrind/vgpreload_memcheck-amd64-linux.so)
==268755==    by 0x560C185: OPENSSL_LH_insert (in /usr/lib/x86_64-linux-gnu/libcrypto.so.3)
==268755==    by 0x56FD672: ??? (in /usr/lib/x86_64-linux-gnu/libcrypto.so.3)
==268755==    by 0x55CA89F: ERR_load_strings_const (in /usr/lib/x86_64-linux-gnu/libcrypto.so.3)
==268755==    by 0x561D26D: ??? (in /usr/lib/x86_64-linux-gnu/libcrypto.so.3)
==268755==    by 0x522BEE7: __pthread_once_slow (pthread_once.c:116)
==268755==    by 0x5621C9C: CRYPTO_THREAD_run_once (in /usr/lib/x86_64-linux-gnu/libcrypto.so.3)
==268755==    by 0x561E992: OPENSSL_init_crypto (in /usr/lib/x86_64-linux-gnu/libcrypto.so.3)
==268755==    by 0x55CC336: ??? (in /usr/lib/x86_64-linux-gnu/libcrypto.so.3)
==268755==    by 0x55CCCFC: ERR_set_mark (in /usr/lib/x86_64-linux-gnu/libcrypto.so.3)
==268755==    by 0x55790E1: CONF_modules_load_file_ex (in /usr/lib/x86_64-linux-gnu/libcrypto.so.3)
==268755==    by 0x561E19F: ??? (in /usr/lib/x86_64-linux-gnu/libcrypto.so.3)
==268755== 
==268755== 800 bytes in 5 blocks are possibly lost in loss record 1,830 of 2,004
==268755==    at 0x4848899: malloc (in /usr/libexec/valgrind/vgpreload_memcheck-amd64-linux.so)
==268755==    by 0x561679D: CRYPTO_zalloc (in /usr/lib/x86_64-linux-gnu/libcrypto.so.3)
==268755==    by 0x568FC53: X509_STORE_new (in /usr/lib/x86_64-linux-gnu/libcrypto.so.3)
==268755==    by 0x53F50EA: SSL_CTX_new_ex (in /usr/lib/x86_64-linux-gnu/libssl.so.3)
==268755==    by 0x48F8280: ??? (in /usr/lib/x86_64-linux-gnu/libmysqlclient.so.21.2.42)
==268755==    by 0x489A042: ??? (in /usr/lib/x86_64-linux-gnu/libmysqlclient.so.21.2.42)
==268755==    by 0x489AD71: ??? (in /usr/lib/x86_64-linux-gnu/libmysqlclient.so.21.2.42)
==268755==    by 0x48A3273: ??? (in /usr/lib/x86_64-linux-gnu/libmysqlclient.so.21.2.42)
==268755==    by 0x489EF82: mysql_real_connect (in /usr/lib/x86_64-linux-gnu/libmysqlclient.so.21.2.42)
==268755==    by 0x1EC2E1: cpp_dbc::MySQL::MySQLConnection::MySQLConnection(std::__cxx11::basic_string<char, std::char_traits<char>, std::allocator<char> > const&, int, std::__cxx11::basic_string<char, std::char_traits<char>, std::allocator<char> > const&, std::__cxx11::basic_string<char, std::char_traits<char>, std::allocator<char> > const&, std::__cxx11::basic_string<char, std::char_traits<char>, std::allocator<char> > const&) (driver_mysql.cpp:624)
==268755==    by 0x1F6A72: decltype (::new ((void*)(0)) cpp_dbc::MySQL::MySQLConnection((declval<std::__cxx11::basic_string<char, std::char_traits<char>, std::allocator<char> >&>)(), (declval<int&>)(), (declval<std::__cxx11::basic_string<char, std::char_traits<char>, std::allocator<char> >&>)(), (declval<std::__cxx11::basic_string<char, std::char_traits<char>, std::allocator<char> > const&>)(), (declval<std::__cxx11::basic_string<char, std::char_traits<char>, std::allocator<char> > const&>)())) std::construct_at<cpp_dbc::MySQL::MySQLConnection, std::__cxx11::basic_string<char, std::char_traits<char>, std::allocator<char> >&, int&, std::__cxx11::basic_string<char, std::char_traits<char>, std::allocator<char> >&, std::__cxx11::basic_string<char, std::char_traits<char>, std::allocator<char> > const&, std::__cxx11::basic_string<char, std::char_traits<char>, std::allocator<char> > const&>(cpp_dbc::MySQL::MySQLConnection*, std::__cxx11::basic_string<char, std::char_traits<char>, std::allocator<char> >&, int&, std::__cxx11::basic_string<char, std::char_traits<char>, std::allocator<char> >&, std::__cxx11::basic_string<char, std::char_traits<char>, std::allocator<char> > const&, std::__cxx11::basic_string<char, std::char_traits<char>, std::allocator<char> > const&) (stl_construct.h:97)
==268755==    by 0x1F6B2E: void std::allocator_traits<std::allocator<cpp_dbc::MySQL::MySQLConnection> >::construct<cpp_dbc::MySQL::MySQLConnection, std::__cxx11::basic_string<char, std::char_traits<char>, std::allocator<char> >&, int&, std::__cxx11::basic_string<char, std::char_traits<char>, std::allocator<char> >&, std::__cxx11::basic_string<char, std::char_traits<char>, std::allocator<char> > const&, std::__cxx11::basic_string<char, std::char_traits<char>, std::allocator<char> > const&>(std::allocator<cpp_dbc::MySQL::MySQLConnection>&, cpp_dbc::MySQL::MySQLConnection*, std::__cxx11::basic_string<char, std::char_traits<char>, std::allocator<char> >&, int&, std::__cxx11::basic_string<char, std::char_traits<char>, std::allocator<char> >&, std::__cxx11::basic_string<char, std::char_traits<char>, std::allocator<char> > const&, std::__cxx11::basic_string<char, std::char_traits<char>, std::allocator<char> > const&) (alloc_traits.h:518)
==268755== 
==268755== 816 bytes in 51 blocks are still reachable in loss record 1,831 of 2,004
==268755==    at 0x4849013: operator new(unsigned long) (in /usr/libexec/valgrind/vgpreload_memcheck-amd64-linux.so)
==268755==    by 0x2E8BDC: YAML::detail::node::node() (node.h:27)
==268755==    by 0x2E896A: YAML::detail::memory::create_node() (memory.cpp:17)
==268755==    by 0x1348BD: YAML::detail::memory_holder::create_node() (memory.h:38)
==268755==    by 0x3103BB: YAML::NodeBuilder::Push(YAML::Mark const&, unsigned long) (nodebuilder.cpp:81)
==268755==    by 0x3101CE: YAML::NodeBuilder::OnScalar(YAML::Mark const&, std::__cxx11::basic_string<char, std::char_traits<char>, std::allocator<char> > const&, unsigned long, std::__cxx11::basic_string<char, std::char_traits<char>, std::allocator<char> > const&) (nodebuilder.cpp:49)
==268755==    by 0x306961: YAML::SingleDocParser::HandleNode(YAML::EventHandler&) (singledocparser.cpp:108)
==268755==    by 0x3078D8: YAML::SingleDocParser::HandleBlockMap(YAML::EventHandler&) (singledocparser.cpp:273)
==268755==    by 0x30762F: YAML::SingleDocParser::HandleMap(YAML::EventHandler&) (singledocparser.cpp:235)
==268755==    by 0x306B2F: YAML::SingleDocParser::HandleNode(YAML::EventHandler&) (singledocparser.cpp:128)
==268755==    by 0x307975: YAML::SingleDocParser::HandleBlockMap(YAML::EventHandler&) (singledocparser.cpp:281)
==268755==    by 0x30762F: YAML::SingleDocParser::HandleMap(YAML::EventHandler&) (singledocparser.cpp:235)
==268755== 
==268755== 816 bytes in 16 blocks are possibly lost in loss record 1,832 of 2,004
==268755==    at 0x4848899: malloc (in /usr/libexec/valgrind/vgpreload_memcheck-amd64-linux.so)
==268755==    by 0x551A48A: ASN1_STRING_set (in /usr/lib/x86_64-linux-gnu/libcrypto.so.3)
==268755==    by 0x552D367: ??? (in /usr/lib/x86_64-linux-gnu/libcrypto.so.3)
==268755==    by 0x552E048: ??? (in /usr/lib/x86_64-linux-gnu/libcrypto.so.3)
==268755==    by 0x552F3E7: ??? (in /usr/lib/x86_64-linux-gnu/libcrypto.so.3)
==268755==    by 0x552DD18: ??? (in /usr/lib/x86_64-linux-gnu/libcrypto.so.3)
==268755==    by 0x552F23F: ??? (in /usr/lib/x86_64-linux-gnu/libcrypto.so.3)
==268755==    by 0x552DB61: ??? (in /usr/lib/x86_64-linux-gnu/libcrypto.so.3)
==268755==    by 0x552F23F: ??? (in /usr/lib/x86_64-linux-gnu/libcrypto.so.3)
==268755==    by 0x552DB61: ??? (in /usr/lib/x86_64-linux-gnu/libcrypto.so.3)
==268755==    by 0x552F035: ASN1_item_ex_d2i (in /usr/lib/x86_64-linux-gnu/libcrypto.so.3)
==268755==    by 0x569EC1D: ??? (in /usr/lib/x86_64-linux-gnu/libcrypto.so.3)
==268755== 
==268755== 832 bytes in 4 blocks are possibly lost in loss record 1,833 of 2,004
==268755==    at 0x4848899: malloc (in /usr/libexec/valgrind/vgpreload_memcheck-amd64-linux.so)
==268755==    by 0x5422A14: ??? (in /usr/lib/x86_64-linux-gnu/libssl.so.3)
==268755==    by 0x541EA94: ??? (in /usr/lib/x86_64-linux-gnu/libssl.so.3)
==268755==    by 0x5420697: ??? (in /usr/lib/x86_64-linux-gnu/libssl.so.3)
==268755==    by 0x540DD26: ??? (in /usr/lib/x86_64-linux-gnu/libssl.so.3)
==268755==    by 0x53E73FB: ??? (in /usr/lib/x86_64-linux-gnu/libssl.so.3)
==268755==    by 0x53EDCB6: SSL_read (in /usr/lib/x86_64-linux-gnu/libssl.so.3)
==268755==    by 0x48E219F: ??? (in /usr/lib/x86_64-linux-gnu/libmysqlclient.so.21.2.42)
==268755==    by 0x48AC096: ??? (in /usr/lib/x86_64-linux-gnu/libmysqlclient.so.21.2.42)
==268755==    by 0x48B127D: ??? (in /usr/lib/x86_64-linux-gnu/libmysqlclient.so.21.2.42)
==268755==    by 0x48B484E: ??? (in /usr/lib/x86_64-linux-gnu/libmysqlclient.so.21.2.42)
==268755==    by 0x4895A0D: ??? (in /usr/lib/x86_64-linux-gnu/libmysqlclient.so.21.2.42)
==268755== 
==268755== 840 bytes in 21 blocks are still reachable in loss record 1,834 of 2,004
==268755==    at 0x4848899: malloc (in /usr/libexec/valgrind/vgpreload_memcheck-amd64-linux.so)
==268755==    by 0x5647AA0: ??? (in /usr/lib/x86_64-linux-gnu/libcrypto.so.3)
==268755==    by 0x55EBA69: ??? (in /usr/lib/x86_64-linux-gnu/libcrypto.so.3)
==268755==    by 0x560B85B: ??? (in /usr/lib/x86_64-linux-gnu/libcrypto.so.3)
==268755==    by 0x560B71B: ??? (in /usr/lib/x86_64-linux-gnu/libcrypto.so.3)
==268755==    by 0x562AD6A: ??? (in /usr/lib/x86_64-linux-gnu/libcrypto.so.3)
==268755==    by 0x56F44E7: ??? (in /usr/lib/x86_64-linux-gnu/libcrypto.so.3)
==268755==    by 0x56F4B3D: ??? (in /usr/lib/x86_64-linux-gnu/libcrypto.so.3)
==268755==    by 0x55DF712: EVP_MD_fetch (in /usr/lib/x86_64-linux-gnu/libcrypto.so.3)
==268755==    by 0x53F13FA: ??? (in /usr/lib/x86_64-linux-gnu/libssl.so.3)
==268755==    by 0x53F51E4: SSL_CTX_new_ex (in /usr/lib/x86_64-linux-gnu/libssl.so.3)
==268755==    by 0x48F8280: ??? (in /usr/lib/x86_64-linux-gnu/libmysqlclient.so.21.2.42)
==268755== 
==268755== 840 bytes in 35 blocks are still reachable in loss record 1,835 of 2,004
==268755==    at 0x4848899: malloc (in /usr/libexec/valgrind/vgpreload_memcheck-amd64-linux.so)
==268755==    by 0x560C185: OPENSSL_LH_insert (in /usr/lib/x86_64-linux-gnu/libcrypto.so.3)
==268755==    by 0x56FD672: ??? (in /usr/lib/x86_64-linux-gnu/libcrypto.so.3)
==268755==    by 0x55CA89F: ERR_load_strings_const (in /usr/lib/x86_64-linux-gnu/libcrypto.so.3)
==268755==    by 0x561D3C1: ??? (in /usr/lib/x86_64-linux-gnu/libcrypto.so.3)
==268755==    by 0x522BEE7: __pthread_once_slow (pthread_once.c:116)
==268755==    by 0x5621C9C: CRYPTO_THREAD_run_once (in /usr/lib/x86_64-linux-gnu/libcrypto.so.3)
==268755==    by 0x561E992: OPENSSL_init_crypto (in /usr/lib/x86_64-linux-gnu/libcrypto.so.3)
==268755==    by 0x55CC336: ??? (in /usr/lib/x86_64-linux-gnu/libcrypto.so.3)
==268755==    by 0x55CCCFC: ERR_set_mark (in /usr/lib/x86_64-linux-gnu/libcrypto.so.3)
==268755==    by 0x55790E1: CONF_modules_load_file_ex (in /usr/lib/x86_64-linux-gnu/libcrypto.so.3)
==268755==    by 0x561E19F: ??? (in /usr/lib/x86_64-linux-gnu/libcrypto.so.3)
==268755== 
==268755== 840 bytes in 5 blocks are possibly lost in loss record 1,836 of 2,004
==268755==    at 0x484DA83: calloc (in /usr/libexec/valgrind/vgpreload_memcheck-amd64-linux.so)
==268755==    by 0x48F0482: ??? (in /usr/lib/x86_64-linux-gnu/libmysqlclient.so.21.2.42)
==268755==    by 0x489F79E: mysql_init (in /usr/lib/x86_64-linux-gnu/libmysqlclient.so.21.2.42)
==268755==    by 0x1EC1CA: cpp_dbc::MySQL::MySQLConnection::MySQLConnection(std::__cxx11::basic_string<char, std::char_traits<char>, std::allocator<char> > const&, int, std::__cxx11::basic_string<char, std::char_traits<char>, std::allocator<char> > const&, std::__cxx11::basic_string<char, std::char_traits<char>, std::allocator<char> > const&, std::__cxx11::basic_string<char, std::char_traits<char>, std::allocator<char> > const&) (driver_mysql.cpp:613)
==268755==    by 0x1F6A72: decltype (::new ((void*)(0)) cpp_dbc::MySQL::MySQLConnection((declval<std::__cxx11::basic_string<char, std::char_traits<char>, std::allocator<char> >&>)(), (declval<int&>)(), (declval<std::__cxx11::basic_string<char, std::char_traits<char>, std::allocator<char> >&>)(), (declval<std::__cxx11::basic_string<char, std::char_traits<char>, std::allocator<char> > const&>)(), (declval<std::__cxx11::basic_string<char, std::char_traits<char>, std::allocator<char> > const&>)())) std::construct_at<cpp_dbc::MySQL::MySQLConnection, std::__cxx11::basic_string<char, std::char_traits<char>, std::allocator<char> >&, int&, std::__cxx11::basic_string<char, std::char_traits<char>, std::allocator<char> >&, std::__cxx11::basic_string<char, std::char_traits<char>, std::allocator<char> > const&, std::__cxx11::basic_string<char, std::char_traits<char>, std::allocator<char> > const&>(cpp_dbc::MySQL::MySQLConnection*, std::__cxx11::basic_string<char, std::char_traits<char>, std::allocator<char> >&, int&, std::__cxx11::basic_string<char, std::char_traits<char>, std::allocator<char> >&, std::__cxx11::basic_string<char, std::char_traits<char>, std::allocator<char> > const&, std::__cxx11::basic_string<char, std::char_traits<char>, std::allocator<char> > const&) (stl_construct.h:97)
==268755==    by 0x1F6B2E: void std::allocator_traits<std::allocator<cpp_dbc::MySQL::MySQLConnection> >::construct<cpp_dbc::MySQL::MySQLConnection, std::__cxx11::basic_string<char, std::char_traits<char>, std::allocator<char> >&, int&, std::__cxx11::basic_string<char, std::char_traits<char>, std::allocator<char> >&, std::__cxx11::basic_string<char, std::char_traits<char>, std::allocator<char> > const&, std::__cxx11::basic_string<char, std::char_traits<char>, std::allocator<char> > const&>(std::allocator<cpp_dbc::MySQL::MySQLConnection>&, cpp_dbc::MySQL::MySQLConnection*, std::__cxx11::basic_string<char, std::char_traits<char>, std::allocator<char> >&, int&, std::__cxx11::basic_string<char, std::char_traits<char>, std::allocator<char> >&, std::__cxx11::basic_string<char, std::char_traits<char>, std::allocator<char> > const&, std::__cxx11::basic_string<char, std::char_traits<char>, std::allocator<char> > const&) (alloc_traits.h:518)
==268755==    by 0x1F602C: std::_Sp_counted_ptr_inplace<cpp_dbc::MySQL::MySQLConnection, std::allocator<cpp_dbc::MySQL::MySQLConnection>, (__gnu_cxx::_Lock_policy)2>::_Sp_counted_ptr_inplace<std::__cxx11::basic_string<char, std::char_traits<char>, std::allocator<char> >&, int&, std::__cxx11::basic_string<char, std::char_traits<char>, std::allocator<char> >&, std::__cxx11::basic_string<char, std::char_traits<char>, std::allocator<char> > const&, std::__cxx11::basic_string<char, std::char_traits<char>, std::allocator<char> > const&>(std::allocator<cpp_dbc::MySQL::MySQLConnection>, std::__cxx11::basic_string<char, std::char_traits<char>, std::allocator<char> >&, int&, std::__cxx11::basic_string<char, std::char_traits<char>, std::allocator<char> >&, std::__cxx11::basic_string<char, std::char_traits<char>, std::allocator<char> > const&, std::__cxx11::basic_string<char, std::char_traits<char>, std::allocator<char> > const&) (shared_ptr_base.h:519)
==268755==    by 0x1F4FF2: std::__shared_count<(__gnu_cxx::_Lock_policy)2>::__shared_count<cpp_dbc::MySQL::MySQLConnection, std::allocator<cpp_dbc::MySQL::MySQLConnection>, std::__cxx11::basic_string<char, std::char_traits<char>, std::allocator<char> >&, int&, std::__cxx11::basic_string<char, std::char_traits<char>, std::allocator<char> >&, std::__cxx11::basic_string<char, std::char_traits<char>, std::allocator<char> > const&, std::__cxx11::basic_string<char, std::char_traits<char>, std::allocator<char> > const&>(cpp_dbc::MySQL::MySQLConnection*&, std::_Sp_alloc_shared_tag<std::allocator<cpp_dbc::MySQL::MySQLConnection> >, std::__cxx11::basic_string<char, std::char_traits<char>, std::allocator<char> >&, int&, std::__cxx11::basic_string<char, std::char_traits<char>, std::allocator<char> >&, std::__cxx11::basic_string<char, std::char_traits<char>, std::allocator<char> > const&, std::__cxx11::basic_string<char, std::char_traits<char>, std::allocator<char> > const&) (shared_ptr_base.h:650)
==268755==    by 0x1F42B5: std::__shared_ptr<cpp_dbc::MySQL::MySQLConnection, (__gnu_cxx::_Lock_policy)2>::__shared_ptr<std::allocator<cpp_dbc::MySQL::MySQLConnection>, std::__cxx11::basic_string<char, std::char_traits<char>, std::allocator<char> >&, int&, std::__cxx11::basic_string<char, std::char_traits<char>, std::allocator<char> >&, std::__cxx11::basic_string<char, std::char_traits<char>, std::allocator<char> > const&, std::__cxx11::basic_string<char, std::char_traits<char>, std::allocator<char> > const&>(std::_Sp_alloc_shared_tag<std::allocator<cpp_dbc::MySQL::MySQLConnection> >, std::__cxx11::basic_string<char, std::char_traits<char>, std::allocator<char> >&, int&, std::__cxx11::basic_string<char, std::char_traits<char>, std::allocator<char> >&, std::__cxx11::basic_string<char, std::char_traits<char>, std::allocator<char> > const&, std::__cxx11::basic_string<char, std::char_traits<char>, std::allocator<char> > const&) (shared_ptr_base.h:1342)
==268755==    by 0x1F3358: std::shared_ptr<cpp_dbc::MySQL::MySQLConnection>::shared_ptr<std::allocator<cpp_dbc::MySQL::MySQLConnection>, std::__cxx11::basic_string<char, std::char_traits<char>, std::allocator<char> >&, int&, std::__cxx11::basic_string<char, std::char_traits<char>, std::allocator<char> >&, std::__cxx11::basic_string<char, std::char_traits<char>, std::allocator<char> > const&, std::__cxx11::basic_string<char, std::char_traits<char>, std::allocator<char> > const&>(std::_Sp_alloc_shared_tag<std::allocator<cpp_dbc::MySQL::MySQLConnection> >, std::__cxx11::basic_string<char, std::char_traits<char>, std::allocator<char> >&, int&, std::__cxx11::basic_string<char, std::char_traits<char>, std::allocator<char> >&, std::__cxx11::basic_string<char, std::char_traits<char>, std::allocator<char> > const&, std::__cxx11::basic_string<char, std::char_traits<char>, std::allocator<char> > const&) (shared_ptr.h:409)
==268755==    by 0x1F1DAF: std::shared_ptr<cpp_dbc::MySQL::MySQLConnection> std::allocate_shared<cpp_dbc::MySQL::MySQLConnection, std::allocator<cpp_dbc::MySQL::MySQLConnection>, std::__cxx11::basic_string<char, std::char_traits<char>, std::allocator<char> >&, int&, std::__cxx11::basic_string<char, std::char_traits<char>, std::allocator<char> >&, std::__cxx11::basic_string<char, std::char_traits<char>, std::allocator<char> > const&, std::__cxx11::basic_string<char, std::char_traits<char>, std::allocator<char> > const&>(std::allocator<cpp_dbc::MySQL::MySQLConnection> const&, std::__cxx11::basic_string<char, std::char_traits<char>, std::allocator<char> >&, int&, std::__cxx11::basic_string<char, std::char_traits<char>, std::allocator<char> >&, std::__cxx11::basic_string<char, std::char_traits<char>, std::allocator<char> > const&, std::__cxx11::basic_string<char, std::char_traits<char>, std::allocator<char> > const&) (shared_ptr.h:863)
==268755==    by 0x1F0024: std::shared_ptr<cpp_dbc::MySQL::MySQLConnection> std::make_shared<cpp_dbc::MySQL::MySQLConnection, std::__cxx11::basic_string<char, std::char_traits<char>, std::allocator<char> >&, int&, std::__cxx11::basic_string<char, std::char_traits<char>, std::allocator<char> >&, std::__cxx11::basic_string<char, std::char_traits<char>, std::allocator<char> > const&, std::__cxx11::basic_string<char, std::char_traits<char>, std::allocator<char> > const&>(std::__cxx11::basic_string<char, std::char_traits<char>, std::allocator<char> >&, int&, std::__cxx11::basic_string<char, std::char_traits<char>, std::allocator<char> >&, std::__cxx11::basic_string<char, std::char_traits<char>, std::allocator<char> > const&, std::__cxx11::basic_string<char, std::char_traits<char>, std::allocator<char> > const&) (shared_ptr.h:879)
==268755== 
==268755== 864 bytes in 4 blocks are possibly lost in loss record 1,837 of 2,004
==268755==    at 0x4848899: malloc (in /usr/libexec/valgrind/vgpreload_memcheck-amd64-linux.so)
==268755==    by 0x561679D: CRYPTO_zalloc (in /usr/lib/x86_64-linux-gnu/libcrypto.so.3)
==268755==    by 0x55DD81C: ??? (in /usr/lib/x86_64-linux-gnu/libcrypto.so.3)
==268755==    by 0x53E3597: ??? (in /usr/lib/x86_64-linux-gnu/libssl.so.3)
==268755==    by 0x5408AC4: ??? (in /usr/lib/x86_64-linux-gnu/libssl.so.3)
==268755==    by 0x541C299: ??? (in /usr/lib/x86_64-linux-gnu/libssl.so.3)
==268755==    by 0x541EA94: ??? (in /usr/lib/x86_64-linux-gnu/libssl.so.3)
==268755==    by 0x5420697: ??? (in /usr/lib/x86_64-linux-gnu/libssl.so.3)
==268755==    by 0x48F8F69: ??? (in /usr/lib/x86_64-linux-gnu/libmysqlclient.so.21.2.42)
==268755==    by 0x489A12C: ??? (in /usr/lib/x86_64-linux-gnu/libmysqlclient.so.21.2.42)
==268755==    by 0x489AD71: ??? (in /usr/lib/x86_64-linux-gnu/libmysqlclient.so.21.2.42)
==268755==    by 0x48A3273: ??? (in /usr/lib/x86_64-linux-gnu/libmysqlclient.so.21.2.42)
==268755== 
==268755== 864 bytes in 4 blocks are possibly lost in loss record 1,838 of 2,004
==268755==    at 0x4848899: malloc (in /usr/libexec/valgrind/vgpreload_memcheck-amd64-linux.so)
==268755==    by 0x56B52DD: ??? (in /usr/lib/x86_64-linux-gnu/libcrypto.so.3)
==268755==    by 0x55DEBE4: EVP_MD_CTX_copy_ex (in /usr/lib/x86_64-linux-gnu/libcrypto.so.3)
==268755==    by 0x54282A3: ??? (in /usr/lib/x86_64-linux-gnu/libssl.so.3)
==268755==    by 0x541AE05: ??? (in /usr/lib/x86_64-linux-gnu/libssl.so.3)
==268755==    by 0x542056A: ??? (in /usr/lib/x86_64-linux-gnu/libssl.so.3)
==268755==    by 0x48F8F69: ??? (in /usr/lib/x86_64-linux-gnu/libmysqlclient.so.21.2.42)
==268755==    by 0x489A12C: ??? (in /usr/lib/x86_64-linux-gnu/libmysqlclient.so.21.2.42)
==268755==    by 0x489AD71: ??? (in /usr/lib/x86_64-linux-gnu/libmysqlclient.so.21.2.42)
==268755==    by 0x48A3273: ??? (in /usr/lib/x86_64-linux-gnu/libmysqlclient.so.21.2.42)
==268755==    by 0x489EF82: mysql_real_connect (in /usr/lib/x86_64-linux-gnu/libmysqlclient.so.21.2.42)
==268755==    by 0x1EC2E1: cpp_dbc::MySQL::MySQLConnection::MySQLConnection(std::__cxx11::basic_string<char, std::char_traits<char>, std::allocator<char> > const&, int, std::__cxx11::basic_string<char, std::char_traits<char>, std::allocator<char> > const&, std::__cxx11::basic_string<char, std::char_traits<char>, std::allocator<char> > const&, std::__cxx11::basic_string<char, std::char_traits<char>, std::allocator<char> > const&) (driver_mysql.cpp:624)
==268755== 
==268755== 880 bytes in 5 blocks are still reachable in loss record 1,839 of 2,004
==268755==    at 0x4848899: malloc (in /usr/libexec/valgrind/vgpreload_memcheck-amd64-linux.so)
==268755==    by 0x561679D: CRYPTO_zalloc (in /usr/lib/x86_64-linux-gnu/libcrypto.so.3)
==268755==    by 0x560BE3C: OPENSSL_LH_new (in /usr/lib/x86_64-linux-gnu/libcrypto.so.3)
==268755==    by 0x5647F0F: ??? (in /usr/lib/x86_64-linux-gnu/libcrypto.so.3)
==268755==    by 0x55EBA69: ??? (in /usr/lib/x86_64-linux-gnu/libcrypto.so.3)
==268755==    by 0x560B85B: ??? (in /usr/lib/x86_64-linux-gnu/libcrypto.so.3)
==268755==    by 0x560B71B: ??? (in /usr/lib/x86_64-linux-gnu/libcrypto.so.3)
==268755==    by 0x562AD6A: ??? (in /usr/lib/x86_64-linux-gnu/libcrypto.so.3)
==268755==    by 0x56F44E7: ??? (in /usr/lib/x86_64-linux-gnu/libcrypto.so.3)
==268755==    by 0x56F4B3D: ??? (in /usr/lib/x86_64-linux-gnu/libcrypto.so.3)
==268755==    by 0x55F7222: EVP_RAND_fetch (in /usr/lib/x86_64-linux-gnu/libcrypto.so.3)
==268755==    by 0x56498AB: RAND_get0_primary (in /usr/lib/x86_64-linux-gnu/libcrypto.so.3)
==268755== 
==268755== 880 bytes in 5 blocks are possibly lost in loss record 1,840 of 2,004
==268755==    at 0x4848899: malloc (in /usr/libexec/valgrind/vgpreload_memcheck-amd64-linux.so)
==268755==    by 0x561679D: CRYPTO_zalloc (in /usr/lib/x86_64-linux-gnu/libcrypto.so.3)
==268755==    by 0x560BE3C: OPENSSL_LH_new (in /usr/lib/x86_64-linux-gnu/libcrypto.so.3)
==268755==    by 0x53F50D8: SSL_CTX_new_ex (in /usr/lib/x86_64-linux-gnu/libssl.so.3)
==268755==    by 0x48F8280: ??? (in /usr/lib/x86_64-linux-gnu/libmysqlclient.so.21.2.42)
==268755==    by 0x489A042: ??? (in /usr/lib/x86_64-linux-gnu/libmysqlclient.so.21.2.42)
==268755==    by 0x489AD71: ??? (in /usr/lib/x86_64-linux-gnu/libmysqlclient.so.21.2.42)
==268755==    by 0x48A3273: ??? (in /usr/lib/x86_64-linux-gnu/libmysqlclient.so.21.2.42)
==268755==    by 0x489EF82: mysql_real_connect (in /usr/lib/x86_64-linux-gnu/libmysqlclient.so.21.2.42)
==268755==    by 0x1EC2E1: cpp_dbc::MySQL::MySQLConnection::MySQLConnection(std::__cxx11::basic_string<char, std::char_traits<char>, std::allocator<char> > const&, int, std::__cxx11::basic_string<char, std::char_traits<char>, std::allocator<char> > const&, std::__cxx11::basic_string<char, std::char_traits<char>, std::allocator<char> > const&, std::__cxx11::basic_string<char, std::char_traits<char>, std::allocator<char> > const&) (driver_mysql.cpp:624)
==268755==    by 0x1F6A72: decltype (::new ((void*)(0)) cpp_dbc::MySQL::MySQLConnection((declval<std::__cxx11::basic_string<char, std::char_traits<char>, std::allocator<char> >&>)(), (declval<int&>)(), (declval<std::__cxx11::basic_string<char, std::char_traits<char>, std::allocator<char> >&>)(), (declval<std::__cxx11::basic_string<char, std::char_traits<char>, std::allocator<char> > const&>)(), (declval<std::__cxx11::basic_string<char, std::char_traits<char>, std::allocator<char> > const&>)())) std::construct_at<cpp_dbc::MySQL::MySQLConnection, std::__cxx11::basic_string<char, std::char_traits<char>, std::allocator<char> >&, int&, std::__cxx11::basic_string<char, std::char_traits<char>, std::allocator<char> >&, std::__cxx11::basic_string<char, std::char_traits<char>, std::allocator<char> > const&, std::__cxx11::basic_string<char, std::char_traits<char>, std::allocator<char> > const&>(cpp_dbc::MySQL::MySQLConnection*, std::__cxx11::basic_string<char, std::char_traits<char>, std::allocator<char> >&, int&, std::__cxx11::basic_string<char, std::char_traits<char>, std::allocator<char> >&, std::__cxx11::basic_string<char, std::char_traits<char>, std::allocator<char> > const&, std::__cxx11::basic_string<char, std::char_traits<char>, std::allocator<char> > const&) (stl_construct.h:97)
==268755==    by 0x1F6B2E: void std::allocator_traits<std::allocator<cpp_dbc::MySQL::MySQLConnection> >::construct<cpp_dbc::MySQL::MySQLConnection, std::__cxx11::basic_string<char, std::char_traits<char>, std::allocator<char> >&, int&, std::__cxx11::basic_string<char, std::char_traits<char>, std::allocator<char> >&, std::__cxx11::basic_string<char, std::char_traits<char>, std::allocator<char> > const&, std::__cxx11::basic_string<char, std::char_traits<char>, std::allocator<char> > const&>(std::allocator<cpp_dbc::MySQL::MySQLConnection>&, cpp_dbc::MySQL::MySQLConnection*, std::__cxx11::basic_string<char, std::char_traits<char>, std::allocator<char> >&, int&, std::__cxx11::basic_string<char, std::char_traits<char>, std::allocator<char> >&, std::__cxx11::basic_string<char, std::char_traits<char>, std::allocator<char> > const&, std::__cxx11::basic_string<char, std::char_traits<char>, std::allocator<char> > const&) (alloc_traits.h:518)
==268755== 
==268755== 896 bytes in 4 blocks are still reachable in loss record 1,841 of 2,004
==268755==    at 0x4849013: operator new(unsigned long) (in /usr/libexec/valgrind/vgpreload_memcheck-amd64-linux.so)
==268755==    by 0x1F5293: __gnu_cxx::new_allocator<MYSQL_BIND>::allocate(unsigned long, void const*) (new_allocator.h:127)
==268755==    by 0x1F36AD: allocate (allocator.h:185)
==268755==    by 0x1F36AD: std::allocator_traits<std::allocator<MYSQL_BIND> >::allocate(std::allocator<MYSQL_BIND>&, unsigned long) (alloc_traits.h:464)
==268755==    by 0x1F2305: std::_Vector_base<MYSQL_BIND, std::allocator<MYSQL_BIND> >::_M_allocate(unsigned long) (stl_vector.h:346)
==268755==    by 0x1F0704: std::vector<MYSQL_BIND, std::allocator<MYSQL_BIND> >::_M_default_append(unsigned long) (vector.tcc:635)
==268755==    by 0x1EF52C: std::vector<MYSQL_BIND, std::allocator<MYSQL_BIND> >::resize(unsigned long) (stl_vector.h:940)
==268755==    by 0x1E9D48: cpp_dbc::MySQL::MySQLPreparedStatement::MySQLPreparedStatement(MYSQL*, std::__cxx11::basic_string<char, std::char_traits<char>, std::allocator<char> > const&) (driver_mysql.cpp:273)
==268755==    by 0x1F66A8: decltype (::new ((void*)(0)) cpp_dbc::MySQL::MySQLPreparedStatement((declval<MYSQL*&>)(), (declval<std::__cxx11::basic_string<char, std::char_traits<char>, std::allocator<char> > const&>)())) std::construct_at<cpp_dbc::MySQL::MySQLPreparedStatement, MYSQL*&, std::__cxx11::basic_string<char, std::char_traits<char>, std::allocator<char> > const&>(cpp_dbc::MySQL::MySQLPreparedStatement*, MYSQL*&, std::__cxx11::basic_string<char, std::char_traits<char>, std::allocator<char> > const&) (stl_construct.h:97)
==268755==    by 0x1F6724: void std::allocator_traits<std::allocator<cpp_dbc::MySQL::MySQLPreparedStatement> >::construct<cpp_dbc::MySQL::MySQLPreparedStatement, MYSQL*&, std::__cxx11::basic_string<char, std::char_traits<char>, std::allocator<char> > const&>(std::allocator<cpp_dbc::MySQL::MySQLPreparedStatement>&, cpp_dbc::MySQL::MySQLPreparedStatement*, MYSQL*&, std::__cxx11::basic_string<char, std::char_traits<char>, std::allocator<char> > const&) (alloc_traits.h:518)
==268755==    by 0x1F5C74: std::_Sp_counted_ptr_inplace<cpp_dbc::MySQL::MySQLPreparedStatement, std::allocator<cpp_dbc::MySQL::MySQLPreparedStatement>, (__gnu_cxx::_Lock_policy)2>::_Sp_counted_ptr_inplace<MYSQL*&, std::__cxx11::basic_string<char, std::char_traits<char>, std::allocator<char> > const&>(std::allocator<cpp_dbc::MySQL::MySQLPreparedStatement>, MYSQL*&, std::__cxx11::basic_string<char, std::char_traits<char>, std::allocator<char> > const&) (shared_ptr_base.h:519)
==268755==    by 0x1F4CF2: std::__shared_count<(__gnu_cxx::_Lock_policy)2>::__shared_count<cpp_dbc::MySQL::MySQLPreparedStatement, std::allocator<cpp_dbc::MySQL::MySQLPreparedStatement>, MYSQL*&, std::__cxx11::basic_string<char, std::char_traits<char>, std::allocator<char> > const&>(cpp_dbc::MySQL::MySQLPreparedStatement*&, std::_Sp_alloc_shared_tag<std::allocator<cpp_dbc::MySQL::MySQLPreparedStatement> >, MYSQL*&, std::__cxx11::basic_string<char, std::char_traits<char>, std::allocator<char> > const&) (shared_ptr_base.h:650)
==268755==    by 0x1F3D43: std::__shared_ptr<cpp_dbc::MySQL::MySQLPreparedStatement, (__gnu_cxx::_Lock_policy)2>::__shared_ptr<std::allocator<cpp_dbc::MySQL::MySQLPreparedStatement>, MYSQL*&, std::__cxx11::basic_string<char, std::char_traits<char>, std::allocator<char> > const&>(std::_Sp_alloc_shared_tag<std::allocator<cpp_dbc::MySQL::MySQLPreparedStatement> >, MYSQL*&, std::__cxx11::basic_string<char, std::char_traits<char>, std::allocator<char> > const&) (shared_ptr_base.h:1342)
==268755== 
==268755== 896 bytes in 7 blocks are still reachable in loss record 1,842 of 2,004
==268755==    at 0x4848899: malloc (in /usr/libexec/valgrind/vgpreload_memcheck-amd64-linux.so)
==268755==    by 0x561679D: CRYPTO_zalloc (in /usr/lib/x86_64-linux-gnu/libcrypto.so.3)
==268755==    by 0x55FABC7: ??? (in /usr/lib/x86_64-linux-gnu/libcrypto.so.3)
==268755==    by 0x55EBB09: ??? (in /usr/lib/x86_64-linux-gnu/libcrypto.so.3)
==268755==    by 0x560B7F8: ??? (in /usr/lib/x86_64-linux-gnu/libcrypto.so.3)
==268755==    by 0x560B71B: ??? (in /usr/lib/x86_64-linux-gnu/libcrypto.so.3)
==268755==    by 0x562AD6A: ??? (in /usr/lib/x86_64-linux-gnu/libcrypto.so.3)
==268755==    by 0x56F44E7: ??? (in /usr/lib/x86_64-linux-gnu/libcrypto.so.3)
==268755==    by 0x56F4B3D: ??? (in /usr/lib/x86_64-linux-gnu/libcrypto.so.3)
==268755==    by 0x55F783E: EVP_KEYEXCH_fetch (in /usr/lib/x86_64-linux-gnu/libcrypto.so.3)
==268755==    by 0x53F5256: SSL_CTX_new_ex (in /usr/lib/x86_64-linux-gnu/libssl.so.3)
==268755==    by 0x48F8280: ??? (in /usr/lib/x86_64-linux-gnu/libmysqlclient.so.21.2.42)
==268755== 
==268755== 896 bytes in 7 blocks are still reachable in loss record 1,843 of 2,004
==268755==    at 0x4848899: malloc (in /usr/libexec/valgrind/vgpreload_memcheck-amd64-linux.so)
==268755==    by 0x561679D: CRYPTO_zalloc (in /usr/lib/x86_64-linux-gnu/libcrypto.so.3)
==268755==    by 0x560BE56: OPENSSL_LH_new (in /usr/lib/x86_64-linux-gnu/libcrypto.so.3)
==268755==    by 0x5647F0F: ??? (in /usr/lib/x86_64-linux-gnu/libcrypto.so.3)
==268755==    by 0x55EBA69: ??? (in /usr/lib/x86_64-linux-gnu/libcrypto.so.3)
==268755==    by 0x560B85B: ??? (in /usr/lib/x86_64-linux-gnu/libcrypto.so.3)
==268755==    by 0x560B71B: ??? (in /usr/lib/x86_64-linux-gnu/libcrypto.so.3)
==268755==    by 0x562AD6A: ??? (in /usr/lib/x86_64-linux-gnu/libcrypto.so.3)
==268755==    by 0x56F44E7: ??? (in /usr/lib/x86_64-linux-gnu/libcrypto.so.3)
==268755==    by 0x56F4B3D: ??? (in /usr/lib/x86_64-linux-gnu/libcrypto.so.3)
==268755==    by 0x55F783E: EVP_KEYEXCH_fetch (in /usr/lib/x86_64-linux-gnu/libcrypto.so.3)
==268755==    by 0x53F5256: SSL_CTX_new_ex (in /usr/lib/x86_64-linux-gnu/libssl.so.3)
==268755== 
==268755== 904 bytes in 1 blocks are still reachable in loss record 1,844 of 2,004
==268755==    at 0x4848899: malloc (in /usr/libexec/valgrind/vgpreload_memcheck-amd64-linux.so)
==268755==    by 0x561679D: CRYPTO_zalloc (in /usr/lib/x86_64-linux-gnu/libcrypto.so.3)
==268755==    by 0x55CC2F8: ??? (in /usr/lib/x86_64-linux-gnu/libcrypto.so.3)
==268755==    by 0x55CCCFC: ERR_set_mark (in /usr/lib/x86_64-linux-gnu/libcrypto.so.3)
==268755==    by 0x55790E1: CONF_modules_load_file_ex (in /usr/lib/x86_64-linux-gnu/libcrypto.so.3)
==268755==    by 0x561E19F: ??? (in /usr/lib/x86_64-linux-gnu/libcrypto.so.3)
==268755==    by 0x522BEE7: __pthread_once_slow (pthread_once.c:116)
==268755==    by 0x5621C9C: CRYPTO_THREAD_run_once (in /usr/lib/x86_64-linux-gnu/libcrypto.so.3)
==268755==    by 0x561EC05: OPENSSL_init_crypto (in /usr/lib/x86_64-linux-gnu/libcrypto.so.3)
==268755==    by 0x53EB9B6: OPENSSL_init_ssl (in /usr/lib/x86_64-linux-gnu/libssl.so.3)
==268755==    by 0x488FB29: mysql_server_init (in /usr/lib/x86_64-linux-gnu/libmysqlclient.so.21.2.42)
==268755==    by 0x1ED98C: cpp_dbc::MySQL::MySQLDriver::MySQLDriver() (driver_mysql.cpp:797)
==268755== 
==268755== 904 bytes in 1 blocks are still reachable in loss record 1,845 of 2,004
==268755==    at 0x4848899: malloc (in /usr/libexec/valgrind/vgpreload_memcheck-amd64-linux.so)
==268755==    by 0x561679D: CRYPTO_zalloc (in /usr/lib/x86_64-linux-gnu/libcrypto.so.3)
==268755==    by 0x55CC2F8: ??? (in /usr/lib/x86_64-linux-gnu/libcrypto.so.3)
==268755==    by 0x55CCF6E: ERR_new (in /usr/lib/x86_64-linux-gnu/libcrypto.so.3)
==268755==    by 0x5407F14: ??? (in /usr/lib/x86_64-linux-gnu/libssl.so.3)
==268755==    by 0x540A71A: ??? (in /usr/lib/x86_64-linux-gnu/libssl.so.3)
==268755==    by 0x540AAE4: ??? (in /usr/lib/x86_64-linux-gnu/libssl.so.3)
==268755==    by 0x53EE266: SSL_write (in /usr/lib/x86_64-linux-gnu/libssl.so.3)
==268755==    by 0x48E228F: ??? (in /usr/lib/x86_64-linux-gnu/libmysqlclient.so.21.2.42)
==268755==    by 0x48ABA31: ??? (in /usr/lib/x86_64-linux-gnu/libmysqlclient.so.21.2.42)
==268755==    by 0x48ABFEE: ??? (in /usr/lib/x86_64-linux-gnu/libmysqlclient.so.21.2.42)
==268755==    by 0x489646D: ??? (in /usr/lib/x86_64-linux-gnu/libmysqlclient.so.21.2.42)
==268755== 
==268755== 912 bytes in 38 blocks are still reachable in loss record 1,846 of 2,004
==268755==    at 0x4848899: malloc (in /usr/libexec/valgrind/vgpreload_memcheck-amd64-linux.so)
==268755==    by 0x560C185: OPENSSL_LH_insert (in /usr/lib/x86_64-linux-gnu/libcrypto.so.3)
==268755==    by 0x56FD672: ??? (in /usr/lib/x86_64-linux-gnu/libcrypto.so.3)
==268755==    by 0x55CA89F: ERR_load_strings_const (in /usr/lib/x86_64-linux-gnu/libcrypto.so.3)
==268755==    by 0x561D35B: ??? (in /usr/lib/x86_64-linux-gnu/libcrypto.so.3)
==268755==    by 0x522BEE7: __pthread_once_slow (pthread_once.c:116)
==268755==    by 0x5621C9C: CRYPTO_THREAD_run_once (in /usr/lib/x86_64-linux-gnu/libcrypto.so.3)
==268755==    by 0x561E992: OPENSSL_init_crypto (in /usr/lib/x86_64-linux-gnu/libcrypto.so.3)
==268755==    by 0x55CC336: ??? (in /usr/lib/x86_64-linux-gnu/libcrypto.so.3)
==268755==    by 0x55CCCFC: ERR_set_mark (in /usr/lib/x86_64-linux-gnu/libcrypto.so.3)
==268755==    by 0x55790E1: CONF_modules_load_file_ex (in /usr/lib/x86_64-linux-gnu/libcrypto.so.3)
==268755==    by 0x561E19F: ??? (in /usr/lib/x86_64-linux-gnu/libcrypto.so.3)
==268755== 
==268755== 936 bytes in 39 blocks are still reachable in loss record 1,847 of 2,004
==268755==    at 0x4848899: malloc (in /usr/libexec/valgrind/vgpreload_memcheck-amd64-linux.so)
==268755==    by 0x560C185: OPENSSL_LH_insert (in /usr/lib/x86_64-linux-gnu/libcrypto.so.3)
==268755==    by 0x56FD672: ??? (in /usr/lib/x86_64-linux-gnu/libcrypto.so.3)
==268755==    by 0x561CF37: ??? (in /usr/lib/x86_64-linux-gnu/libcrypto.so.3)
==268755==    by 0x522BEE7: __pthread_once_slow (pthread_once.c:116)
==268755==    by 0x5621C9C: CRYPTO_THREAD_run_once (in /usr/lib/x86_64-linux-gnu/libcrypto.so.3)
==268755==    by 0x561E992: OPENSSL_init_crypto (in /usr/lib/x86_64-linux-gnu/libcrypto.so.3)
==268755==    by 0x55CC336: ??? (in /usr/lib/x86_64-linux-gnu/libcrypto.so.3)
==268755==    by 0x55CCCFC: ERR_set_mark (in /usr/lib/x86_64-linux-gnu/libcrypto.so.3)
==268755==    by 0x55790E1: CONF_modules_load_file_ex (in /usr/lib/x86_64-linux-gnu/libcrypto.so.3)
==268755==    by 0x561E19F: ??? (in /usr/lib/x86_64-linux-gnu/libcrypto.so.3)
==268755==    by 0x522BEE7: __pthread_once_slow (pthread_once.c:116)
==268755== 
==268755== 936 bytes in 39 blocks are still reachable in loss record 1,848 of 2,004
==268755==    at 0x4848899: malloc (in /usr/libexec/valgrind/vgpreload_memcheck-amd64-linux.so)
==268755==    by 0x560C185: OPENSSL_LH_insert (in /usr/lib/x86_64-linux-gnu/libcrypto.so.3)
==268755==    by 0x56FD672: ??? (in /usr/lib/x86_64-linux-gnu/libcrypto.so.3)
==268755==    by 0x55CA89F: ERR_load_strings_const (in /usr/lib/x86_64-linux-gnu/libcrypto.so.3)
==268755==    by 0x561D36C: ??? (in /usr/lib/x86_64-linux-gnu/libcrypto.so.3)
==268755==    by 0x522BEE7: __pthread_once_slow (pthread_once.c:116)
==268755==    by 0x5621C9C: CRYPTO_THREAD_run_once (in /usr/lib/x86_64-linux-gnu/libcrypto.so.3)
==268755==    by 0x561E992: OPENSSL_init_crypto (in /usr/lib/x86_64-linux-gnu/libcrypto.so.3)
==268755==    by 0x55CC336: ??? (in /usr/lib/x86_64-linux-gnu/libcrypto.so.3)
==268755==    by 0x55CCCFC: ERR_set_mark (in /usr/lib/x86_64-linux-gnu/libcrypto.so.3)
==268755==    by 0x55790E1: CONF_modules_load_file_ex (in /usr/lib/x86_64-linux-gnu/libcrypto.so.3)
==268755==    by 0x561E19F: ??? (in /usr/lib/x86_64-linux-gnu/libcrypto.so.3)
==268755== 
==268755== 936 bytes in 39 blocks are still reachable in loss record 1,849 of 2,004
==268755==    at 0x4848899: malloc (in /usr/libexec/valgrind/vgpreload_memcheck-amd64-linux.so)
==268755==    by 0x560C185: OPENSSL_LH_insert (in /usr/lib/x86_64-linux-gnu/libcrypto.so.3)
==268755==    by 0x56FD672: ??? (in /usr/lib/x86_64-linux-gnu/libcrypto.so.3)
==268755==    by 0x55CA89F: ERR_load_strings_const (in /usr/lib/x86_64-linux-gnu/libcrypto.so.3)
==268755==    by 0x561D3D2: ??? (in /usr/lib/x86_64-linux-gnu/libcrypto.so.3)
==268755==    by 0x522BEE7: __pthread_once_slow (pthread_once.c:116)
==268755==    by 0x5621C9C: CRYPTO_THREAD_run_once (in /usr/lib/x86_64-linux-gnu/libcrypto.so.3)
==268755==    by 0x561E992: OPENSSL_init_crypto (in /usr/lib/x86_64-linux-gnu/libcrypto.so.3)
==268755==    by 0x55CC336: ??? (in /usr/lib/x86_64-linux-gnu/libcrypto.so.3)
==268755==    by 0x55CCCFC: ERR_set_mark (in /usr/lib/x86_64-linux-gnu/libcrypto.so.3)
==268755==    by 0x55790E1: CONF_modules_load_file_ex (in /usr/lib/x86_64-linux-gnu/libcrypto.so.3)
==268755==    by 0x561E19F: ??? (in /usr/lib/x86_64-linux-gnu/libcrypto.so.3)
==268755== 
==268755== 960 bytes in 5 blocks are still reachable in loss record 1,850 of 2,004
==268755==    at 0x4848899: malloc (in /usr/libexec/valgrind/vgpreload_memcheck-amd64-linux.so)
==268755==    by 0x561679D: CRYPTO_zalloc (in /usr/lib/x86_64-linux-gnu/libcrypto.so.3)
==268755==    by 0x55FA4D7: ??? (in /usr/lib/x86_64-linux-gnu/libcrypto.so.3)
==268755==    by 0x55EBB09: ??? (in /usr/lib/x86_64-linux-gnu/libcrypto.so.3)
==268755==    by 0x560B7F8: ??? (in /usr/lib/x86_64-linux-gnu/libcrypto.so.3)
==268755==    by 0x560B71B: ??? (in /usr/lib/x86_64-linux-gnu/libcrypto.so.3)
==268755==    by 0x562AD6A: ??? (in /usr/lib/x86_64-linux-gnu/libcrypto.so.3)
==268755==    by 0x56F44E7: ??? (in /usr/lib/x86_64-linux-gnu/libcrypto.so.3)
==268755==    by 0x56F4B3D: ??? (in /usr/lib/x86_64-linux-gnu/libcrypto.so.3)
==268755==    by 0x55F7222: EVP_RAND_fetch (in /usr/lib/x86_64-linux-gnu/libcrypto.so.3)
==268755==    by 0x56498AB: RAND_get0_primary (in /usr/lib/x86_64-linux-gnu/libcrypto.so.3)
==268755==    by 0x5649DF7: RAND_get0_public (in /usr/lib/x86_64-linux-gnu/libcrypto.so.3)
==268755== 
==268755== 976 bytes in 16 blocks are possibly lost in loss record 1,851 of 2,004
==268755==    at 0x4848899: malloc (in /usr/libexec/valgrind/vgpreload_memcheck-amd64-linux.so)
==268755==    by 0x569EA7D: ??? (in /usr/lib/x86_64-linux-gnu/libcrypto.so.3)
==268755==    by 0x569EDFB: ??? (in /usr/lib/x86_64-linux-gnu/libcrypto.so.3)
==268755==    by 0x552DC8B: ??? (in /usr/lib/x86_64-linux-gnu/libcrypto.so.3)
==268755==    by 0x552F3E7: ??? (in /usr/lib/x86_64-linux-gnu/libcrypto.so.3)
==268755==    by 0x552DD18: ??? (in /usr/lib/x86_64-linux-gnu/libcrypto.so.3)
==268755==    by 0x552F3E7: ??? (in /usr/lib/x86_64-linux-gnu/libcrypto.so.3)
==268755==    by 0x552DD18: ??? (in /usr/lib/x86_64-linux-gnu/libcrypto.so.3)
==268755==    by 0x552E492: ASN1_item_d2i_ex (in /usr/lib/x86_64-linux-gnu/libcrypto.so.3)
==268755==    by 0x54221C2: ??? (in /usr/lib/x86_64-linux-gnu/libssl.so.3)
==268755==    by 0x541EA94: ??? (in /usr/lib/x86_64-linux-gnu/libssl.so.3)
==268755==    by 0x5420697: ??? (in /usr/lib/x86_64-linux-gnu/libssl.so.3)
==268755== 
==268755== 992 bytes in 4 blocks are possibly lost in loss record 1,852 of 2,004
==268755==    at 0x484DA83: calloc (in /usr/libexec/valgrind/vgpreload_memcheck-amd64-linux.so)
==268755==    by 0x48F0482: ??? (in /usr/lib/x86_64-linux-gnu/libmysqlclient.so.21.2.42)
==268755==    by 0x48A24BD: ??? (in /usr/lib/x86_64-linux-gnu/libmysqlclient.so.21.2.42)
==268755==    by 0x48A3273: ??? (in /usr/lib/x86_64-linux-gnu/libmysqlclient.so.21.2.42)
==268755==    by 0x489EF82: mysql_real_connect (in /usr/lib/x86_64-linux-gnu/libmysqlclient.so.21.2.42)
==268755==    by 0x1EC2E1: cpp_dbc::MySQL::MySQLConnection::MySQLConnection(std::__cxx11::basic_string<char, std::char_traits<char>, std::allocator<char> > const&, int, std::__cxx11::basic_string<char, std::char_traits<char>, std::allocator<char> > const&, std::__cxx11::basic_string<char, std::char_traits<char>, std::allocator<char> > const&, std::__cxx11::basic_string<char, std::char_traits<char>, std::allocator<char> > const&) (driver_mysql.cpp:624)
==268755==    by 0x1F6A72: decltype (::new ((void*)(0)) cpp_dbc::MySQL::MySQLConnection((declval<std::__cxx11::basic_string<char, std::char_traits<char>, std::allocator<char> >&>)(), (declval<int&>)(), (declval<std::__cxx11::basic_string<char, std::char_traits<char>, std::allocator<char> >&>)(), (declval<std::__cxx11::basic_string<char, std::char_traits<char>, std::allocator<char> > const&>)(), (declval<std::__cxx11::basic_string<char, std::char_traits<char>, std::allocator<char> > const&>)())) std::construct_at<cpp_dbc::MySQL::MySQLConnection, std::__cxx11::basic_string<char, std::char_traits<char>, std::allocator<char> >&, int&, std::__cxx11::basic_string<char, std::char_traits<char>, std::allocator<char> >&, std::__cxx11::basic_string<char, std::char_traits<char>, std::allocator<char> > const&, std::__cxx11::basic_string<char, std::char_traits<char>, std::allocator<char> > const&>(cpp_dbc::MySQL::MySQLConnection*, std::__cxx11::basic_string<char, std::char_traits<char>, std::allocator<char> >&, int&, std::__cxx11::basic_string<char, std::char_traits<char>, std::allocator<char> >&, std::__cxx11::basic_string<char, std::char_traits<char>, std::allocator<char> > const&, std::__cxx11::basic_string<char, std::char_traits<char>, std::allocator<char> > const&) (stl_construct.h:97)
==268755==    by 0x1F6B2E: void std::allocator_traits<std::allocator<cpp_dbc::MySQL::MySQLConnection> >::construct<cpp_dbc::MySQL::MySQLConnection, std::__cxx11::basic_string<char, std::char_traits<char>, std::allocator<char> >&, int&, std::__cxx11::basic_string<char, std::char_traits<char>, std::allocator<char> >&, std::__cxx11::basic_string<char, std::char_traits<char>, std::allocator<char> > const&, std::__cxx11::basic_string<char, std::char_traits<char>, std::allocator<char> > const&>(std::allocator<cpp_dbc::MySQL::MySQLConnection>&, cpp_dbc::MySQL::MySQLConnection*, std::__cxx11::basic_string<char, std::char_traits<char>, std::allocator<char> >&, int&, std::__cxx11::basic_string<char, std::char_traits<char>, std::allocator<char> >&, std::__cxx11::basic_string<char, std::char_traits<char>, std::allocator<char> > const&, std::__cxx11::basic_string<char, std::char_traits<char>, std::allocator<char> > const&) (alloc_traits.h:518)
==268755==    by 0x1F602C: std::_Sp_counted_ptr_inplace<cpp_dbc::MySQL::MySQLConnection, std::allocator<cpp_dbc::MySQL::MySQLConnection>, (__gnu_cxx::_Lock_policy)2>::_Sp_counted_ptr_inplace<std::__cxx11::basic_string<char, std::char_traits<char>, std::allocator<char> >&, int&, std::__cxx11::basic_string<char, std::char_traits<char>, std::allocator<char> >&, std::__cxx11::basic_string<char, std::char_traits<char>, std::allocator<char> > const&, std::__cxx11::basic_string<char, std::char_traits<char>, std::allocator<char> > const&>(std::allocator<cpp_dbc::MySQL::MySQLConnection>, std::__cxx11::basic_string<char, std::char_traits<char>, std::allocator<char> >&, int&, std::__cxx11::basic_string<char, std::char_traits<char>, std::allocator<char> >&, std::__cxx11::basic_string<char, std::char_traits<char>, std::allocator<char> > const&, std::__cxx11::basic_string<char, std::char_traits<char>, std::allocator<char> > const&) (shared_ptr_base.h:519)
==268755==    by 0x1F4FF2: std::__shared_count<(__gnu_cxx::_Lock_policy)2>::__shared_count<cpp_dbc::MySQL::MySQLConnection, std::allocator<cpp_dbc::MySQL::MySQLConnection>, std::__cxx11::basic_string<char, std::char_traits<char>, std::allocator<char> >&, int&, std::__cxx11::basic_string<char, std::char_traits<char>, std::allocator<char> >&, std::__cxx11::basic_string<char, std::char_traits<char>, std::allocator<char> > const&, std::__cxx11::basic_string<char, std::char_traits<char>, std::allocator<char> > const&>(cpp_dbc::MySQL::MySQLConnection*&, std::_Sp_alloc_shared_tag<std::allocator<cpp_dbc::MySQL::MySQLConnection> >, std::__cxx11::basic_string<char, std::char_traits<char>, std::allocator<char> >&, int&, std::__cxx11::basic_string<char, std::char_traits<char>, std::allocator<char> >&, std::__cxx11::basic_string<char, std::char_traits<char>, std::allocator<char> > const&, std::__cxx11::basic_string<char, std::char_traits<char>, std::allocator<char> > const&) (shared_ptr_base.h:650)
==268755==    by 0x1F42B5: std::__shared_ptr<cpp_dbc::MySQL::MySQLConnection, (__gnu_cxx::_Lock_policy)2>::__shared_ptr<std::allocator<cpp_dbc::MySQL::MySQLConnection>, std::__cxx11::basic_string<char, std::char_traits<char>, std::allocator<char> >&, int&, std::__cxx11::basic_string<char, std::char_traits<char>, std::allocator<char> >&, std::__cxx11::basic_string<char, std::char_traits<char>, std::allocator<char> > const&, std::__cxx11::basic_string<char, std::char_traits<char>, std::allocator<char> > const&>(std::_Sp_alloc_shared_tag<std::allocator<cpp_dbc::MySQL::MySQLConnection> >, std::__cxx11::basic_string<char, std::char_traits<char>, std::allocator<char> >&, int&, std::__cxx11::basic_string<char, std::char_traits<char>, std::allocator<char> >&, std::__cxx11::basic_string<char, std::char_traits<char>, std::allocator<char> > const&, std::__cxx11::basic_string<char, std::char_traits<char>, std::allocator<char> > const&) (shared_ptr_base.h:1342)
==268755==    by 0x1F3358: std::shared_ptr<cpp_dbc::MySQL::MySQLConnection>::shared_ptr<std::allocator<cpp_dbc::MySQL::MySQLConnection>, std::__cxx11::basic_string<char, std::char_traits<char>, std::allocator<char> >&, int&, std::__cxx11::basic_string<char, std::char_traits<char>, std::allocator<char> >&, std::__cxx11::basic_string<char, std::char_traits<char>, std::allocator<char> > const&, std::__cxx11::basic_string<char, std::char_traits<char>, std::allocator<char> > const&>(std::_Sp_alloc_shared_tag<std::allocator<cpp_dbc::MySQL::MySQLConnection> >, std::__cxx11::basic_string<char, std::char_traits<char>, std::allocator<char> >&, int&, std::__cxx11::basic_string<char, std::char_traits<char>, std::allocator<char> >&, std::__cxx11::basic_string<char, std::char_traits<char>, std::allocator<char> > const&, std::__cxx11::basic_string<char, std::char_traits<char>, std::allocator<char> > const&) (shared_ptr.h:409)
==268755== 
==268755== 1,008 bytes in 18 blocks are still reachable in loss record 1,853 of 2,004
==268755==    at 0x4848899: malloc (in /usr/libexec/valgrind/vgpreload_memcheck-amd64-linux.so)
==268755==    by 0x561679D: CRYPTO_zalloc (in /usr/lib/x86_64-linux-gnu/libcrypto.so.3)
==268755==    by 0x5621B23: CRYPTO_THREAD_lock_new (in /usr/lib/x86_64-linux-gnu/libcrypto.so.3)
==268755==    by 0x55FB6F8: ??? (in /usr/lib/x86_64-linux-gnu/libcrypto.so.3)
==268755==    by 0x55EBB09: ??? (in /usr/lib/x86_64-linux-gnu/libcrypto.so.3)
==268755==    by 0x560B7F8: ??? (in /usr/lib/x86_64-linux-gnu/libcrypto.so.3)
==268755==    by 0x560B71B: ??? (in /usr/lib/x86_64-linux-gnu/libcrypto.so.3)
==268755==    by 0x562AD6A: ??? (in /usr/lib/x86_64-linux-gnu/libcrypto.so.3)
==268755==    by 0x56F44E7: ??? (in /usr/lib/x86_64-linux-gnu/libcrypto.so.3)
==268755==    by 0x56F4B3D: ??? (in /usr/lib/x86_64-linux-gnu/libcrypto.so.3)
==268755==    by 0x55F804E: EVP_KEYMGMT_fetch (in /usr/lib/x86_64-linux-gnu/libcrypto.so.3)
==268755==    by 0x56069C0: ??? (in /usr/lib/x86_64-linux-gnu/libcrypto.so.3)
==268755== 
==268755== 1,024 bytes in 1 blocks are still reachable in loss record 1,854 of 2,004
==268755==    at 0x4849013: operator new(unsigned long) (in /usr/libexec/valgrind/vgpreload_memcheck-amd64-linux.so)
==268755==    by 0x267811: __gnu_cxx::new_allocator<Catch::TestCaseHandle>::allocate(unsigned long, void const*) (new_allocator.h:127)
==268755==    by 0x266641: std::allocator_traits<std::allocator<Catch::TestCaseHandle> >::allocate(std::allocator<Catch::TestCaseHandle>&, unsigned long) (alloc_traits.h:464)
==268755==    by 0x2656DF: std::_Vector_base<Catch::TestCaseHandle, std::allocator<Catch::TestCaseHandle> >::_M_allocate(unsigned long) (stl_vector.h:346)
==268755==    by 0x265BE2: void std::vector<Catch::TestCaseHandle, std::allocator<Catch::TestCaseHandle> >::_M_realloc_insert<Catch::TestCaseInfo*, Catch::ITestInvoker*>(__gnu_cxx::__normal_iterator<Catch::TestCaseHandle*, std::vector<Catch::TestCaseHandle, std::allocator<Catch::TestCaseHandle> > >, Catch::TestCaseInfo*&&, Catch::ITestInvoker*&&) (vector.tcc:440)
==268755==    by 0x264DC9: Catch::TestCaseHandle& std::vector<Catch::TestCaseHandle, std::allocator<Catch::TestCaseHandle> >::emplace_back<Catch::TestCaseInfo*, Catch::ITestInvoker*>(Catch::TestCaseInfo*&&, Catch::ITestInvoker*&&) (vector.tcc:121)
==268755==    by 0x261580: Catch::TestRegistry::registerTest(Catch::Detail::unique_ptr<Catch::TestCaseInfo>, Catch::Detail::unique_ptr<Catch::ITestInvoker>) (catch_test_case_registry_impl.cpp:121)
==268755==    by 0x2A48CE: Catch::(anonymous namespace)::RegistryHub::registerTest(Catch::Detail::unique_ptr<Catch::TestCaseInfo>&&, Catch::Detail::unique_ptr<Catch::ITestInvoker>&&) (catch_registry_hub.cpp:58)
==268755==    by 0x26E968: Catch::AutoReg::AutoReg(Catch::Detail::unique_ptr<Catch::ITestInvoker>, Catch::SourceLineInfo const&, Catch::StringRef, Catch::NameAndTags const&) (catch_test_registry.cpp:58)
==268755==    by 0x1A5C8B: __static_initialization_and_destruction_0(int, int) (test_drivers.cpp:138)
==268755==    by 0x1A5E65: _GLOBAL__sub_I_test_drivers.cpp (test_drivers.cpp:281)
==268755==    by 0x51BBEBA: call_init (libc-start.c:145)
==268755==    by 0x51BBEBA: __libc_start_main@@GLIBC_2.34 (libc-start.c:379)
==268755== 
==268755== 1,024 bytes in 1 blocks are still reachable in loss record 1,855 of 2,004
==268755==    at 0x484DCD3: realloc (in /usr/libexec/valgrind/vgpreload_memcheck-amd64-linux.so)
==268755==    by 0x560C133: OPENSSL_LH_insert (in /usr/lib/x86_64-linux-gnu/libcrypto.so.3)
==268755==    by 0x562D0AA: OBJ_NAME_add (in /usr/lib/x86_64-linux-gnu/libcrypto.so.3)
==268755==    by 0x561DC7B: ??? (in /usr/lib/x86_64-linux-gnu/libcrypto.so.3)
==268755==    by 0x522BEE7: __pthread_once_slow (pthread_once.c:116)
==268755==    by 0x5621C9C: CRYPTO_THREAD_run_once (in /usr/lib/x86_64-linux-gnu/libcrypto.so.3)
==268755==    by 0x561E9F0: OPENSSL_init_crypto (in /usr/lib/x86_64-linux-gnu/libcrypto.so.3)
==268755==    by 0x53EB9B6: OPENSSL_init_ssl (in /usr/lib/x86_64-linux-gnu/libssl.so.3)
==268755==    by 0x488FB29: mysql_server_init (in /usr/lib/x86_64-linux-gnu/libmysqlclient.so.21.2.42)
==268755==    by 0x1ED98C: cpp_dbc::MySQL::MySQLDriver::MySQLDriver() (driver_mysql.cpp:797)
==268755==    by 0x163CB6: decltype (::new ((void*)(0)) cpp_dbc::MySQL::MySQLDriver()) std::construct_at<cpp_dbc::MySQL::MySQLDriver>(cpp_dbc::MySQL::MySQLDriver*) (stl_construct.h:97)
==268755==    by 0x163D03: void std::allocator_traits<std::allocator<cpp_dbc::MySQL::MySQLDriver> >::construct<cpp_dbc::MySQL::MySQLDriver>(std::allocator<cpp_dbc::MySQL::MySQLDriver>&, cpp_dbc::MySQL::MySQLDriver*) (alloc_traits.h:518)
==268755== 
==268755== 1,024 bytes in 1 blocks are still reachable in loss record 1,856 of 2,004
==268755==    at 0x4848899: malloc (in /usr/libexec/valgrind/vgpreload_memcheck-amd64-linux.so)
==268755==    by 0x52CBB7A: getservbyname (getXXbyYY.c:121)
==268755==    by 0x488FB6C: mysql_server_init (in /usr/lib/x86_64-linux-gnu/libmysqlclient.so.21.2.42)
==268755==    by 0x1ED98C: cpp_dbc::MySQL::MySQLDriver::MySQLDriver() (driver_mysql.cpp:797)
==268755==    by 0x163CB6: decltype (::new ((void*)(0)) cpp_dbc::MySQL::MySQLDriver()) std::construct_at<cpp_dbc::MySQL::MySQLDriver>(cpp_dbc::MySQL::MySQLDriver*) (stl_construct.h:97)
==268755==    by 0x163D03: void std::allocator_traits<std::allocator<cpp_dbc::MySQL::MySQLDriver> >::construct<cpp_dbc::MySQL::MySQLDriver>(std::allocator<cpp_dbc::MySQL::MySQLDriver>&, cpp_dbc::MySQL::MySQLDriver*) (alloc_traits.h:518)
==268755==    by 0x163861: std::_Sp_counted_ptr_inplace<cpp_dbc::MySQL::MySQLDriver, std::allocator<cpp_dbc::MySQL::MySQLDriver>, (__gnu_cxx::_Lock_policy)2>::_Sp_counted_ptr_inplace<>(std::allocator<cpp_dbc::MySQL::MySQLDriver>) (shared_ptr_base.h:519)
==268755==    by 0x163519: std::__shared_count<(__gnu_cxx::_Lock_policy)2>::__shared_count<cpp_dbc::MySQL::MySQLDriver, std::allocator<cpp_dbc::MySQL::MySQLDriver>>(cpp_dbc::MySQL::MySQLDriver*&, std::_Sp_alloc_shared_tag<std::allocator<cpp_dbc::MySQL::MySQLDriver> >) (shared_ptr_base.h:650)
==268755==    by 0x163345: std::__shared_ptr<cpp_dbc::MySQL::MySQLDriver, (__gnu_cxx::_Lock_policy)2>::__shared_ptr<std::allocator<cpp_dbc::MySQL::MySQLDriver>>(std::_Sp_alloc_shared_tag<std::allocator<cpp_dbc::MySQL::MySQLDriver> >) (shared_ptr_base.h:1342)
==268755==    by 0x162FAE: std::shared_ptr<cpp_dbc::MySQL::MySQLDriver>::shared_ptr<std::allocator<cpp_dbc::MySQL::MySQLDriver>>(std::_Sp_alloc_shared_tag<std::allocator<cpp_dbc::MySQL::MySQLDriver> >) (shared_ptr.h:409)
==268755==    by 0x162D87: std::shared_ptr<cpp_dbc::MySQL::MySQLDriver> std::allocate_shared<cpp_dbc::MySQL::MySQLDriver, std::allocator<cpp_dbc::MySQL::MySQLDriver>>(std::allocator<cpp_dbc::MySQL::MySQLDriver> const&) (shared_ptr.h:863)
==268755==    by 0x162AAA: std::shared_ptr<cpp_dbc::MySQL::MySQLDriver> std::make_shared<cpp_dbc::MySQL::MySQLDriver>() (shared_ptr.h:879)
==268755== 
==268755== 1,024 bytes in 4 blocks are possibly lost in loss record 1,857 of 2,004
==268755==    at 0x4848899: malloc (in /usr/libexec/valgrind/vgpreload_memcheck-amd64-linux.so)
==268755==    by 0x561679D: CRYPTO_zalloc (in /usr/lib/x86_64-linux-gnu/libcrypto.so.3)
==268755==    by 0x5547EDC: ??? (in /usr/lib/x86_64-linux-gnu/libcrypto.so.3)
==268755==    by 0x5548869: BN_copy (in /usr/lib/x86_64-linux-gnu/libcrypto.so.3)
==268755==    by 0x554FA52: BN_MONT_CTX_set (in /usr/lib/x86_64-linux-gnu/libcrypto.so.3)
==268755==    by 0x555283A: BN_MONT_CTX_set_locked (in /usr/lib/x86_64-linux-gnu/libcrypto.so.3)
==268755==    by 0x5657838: ??? (in /usr/lib/x86_64-linux-gnu/libcrypto.so.3)
==268755==    by 0x56E7644: ??? (in /usr/lib/x86_64-linux-gnu/libcrypto.so.3)
==268755==    by 0x56E7825: ??? (in /usr/lib/x86_64-linux-gnu/libcrypto.so.3)
==268755==    by 0x55FF1DB: EVP_DigestVerifyFinal (in /usr/lib/x86_64-linux-gnu/libcrypto.so.3)
==268755==    by 0x5426773: ??? (in /usr/lib/x86_64-linux-gnu/libssl.so.3)
==268755==    by 0x541EA94: ??? (in /usr/lib/x86_64-linux-gnu/libssl.so.3)
==268755== 
==268755== 1,032 bytes in 43 blocks are still reachable in loss record 1,858 of 2,004
==268755==    at 0x4848899: malloc (in /usr/libexec/valgrind/vgpreload_memcheck-amd64-linux.so)
==268755==    by 0x560C185: OPENSSL_LH_insert (in /usr/lib/x86_64-linux-gnu/libcrypto.so.3)
==268755==    by 0x56FD672: ??? (in /usr/lib/x86_64-linux-gnu/libcrypto.so.3)
==268755==    by 0x561CF2B: ??? (in /usr/lib/x86_64-linux-gnu/libcrypto.so.3)
==268755==    by 0x522BEE7: __pthread_once_slow (pthread_once.c:116)
==268755==    by 0x5621C9C: CRYPTO_THREAD_run_once (in /usr/lib/x86_64-linux-gnu/libcrypto.so.3)
==268755==    by 0x561E992: OPENSSL_init_crypto (in /usr/lib/x86_64-linux-gnu/libcrypto.so.3)
==268755==    by 0x55CC336: ??? (in /usr/lib/x86_64-linux-gnu/libcrypto.so.3)
==268755==    by 0x55CCCFC: ERR_set_mark (in /usr/lib/x86_64-linux-gnu/libcrypto.so.3)
==268755==    by 0x55790E1: CONF_modules_load_file_ex (in /usr/lib/x86_64-linux-gnu/libcrypto.so.3)
==268755==    by 0x561E19F: ??? (in /usr/lib/x86_64-linux-gnu/libcrypto.so.3)
==268755==    by 0x522BEE7: __pthread_once_slow (pthread_once.c:116)
==268755== 
==268755== 1,032 bytes in 43 blocks are still reachable in loss record 1,859 of 2,004
==268755==    at 0x4848899: malloc (in /usr/libexec/valgrind/vgpreload_memcheck-amd64-linux.so)
==268755==    by 0x560C185: OPENSSL_LH_insert (in /usr/lib/x86_64-linux-gnu/libcrypto.so.3)
==268755==    by 0x56FD672: ??? (in /usr/lib/x86_64-linux-gnu/libcrypto.so.3)
==268755==    by 0x55CA89F: ERR_load_strings_const (in /usr/lib/x86_64-linux-gnu/libcrypto.so.3)
==268755==    by 0x561D28F: ??? (in /usr/lib/x86_64-linux-gnu/libcrypto.so.3)
==268755==    by 0x522BEE7: __pthread_once_slow (pthread_once.c:116)
==268755==    by 0x5621C9C: CRYPTO_THREAD_run_once (in /usr/lib/x86_64-linux-gnu/libcrypto.so.3)
==268755==    by 0x561E992: OPENSSL_init_crypto (in /usr/lib/x86_64-linux-gnu/libcrypto.so.3)
==268755==    by 0x55CC336: ??? (in /usr/lib/x86_64-linux-gnu/libcrypto.so.3)
==268755==    by 0x55CCCFC: ERR_set_mark (in /usr/lib/x86_64-linux-gnu/libcrypto.so.3)
==268755==    by 0x55790E1: CONF_modules_load_file_ex (in /usr/lib/x86_64-linux-gnu/libcrypto.so.3)
==268755==    by 0x561E19F: ??? (in /usr/lib/x86_64-linux-gnu/libcrypto.so.3)
==268755== 
==268755== 1,032 bytes in 43 blocks are still reachable in loss record 1,860 of 2,004
==268755==    at 0x4848899: malloc (in /usr/libexec/valgrind/vgpreload_memcheck-amd64-linux.so)
==268755==    by 0x560C185: OPENSSL_LH_insert (in /usr/lib/x86_64-linux-gnu/libcrypto.so.3)
==268755==    by 0x56FD672: ??? (in /usr/lib/x86_64-linux-gnu/libcrypto.so.3)
==268755==    by 0x55CA89F: ERR_load_strings_const (in /usr/lib/x86_64-linux-gnu/libcrypto.so.3)
==268755==    by 0x561D3F4: ??? (in /usr/lib/x86_64-linux-gnu/libcrypto.so.3)
==268755==    by 0x522BEE7: __pthread_once_slow (pthread_once.c:116)
==268755==    by 0x5621C9C: CRYPTO_THREAD_run_once (in /usr/lib/x86_64-linux-gnu/libcrypto.so.3)
==268755==    by 0x561E992: OPENSSL_init_crypto (in /usr/lib/x86_64-linux-gnu/libcrypto.so.3)
==268755==    by 0x55CC336: ??? (in /usr/lib/x86_64-linux-gnu/libcrypto.so.3)
==268755==    by 0x55CCCFC: ERR_set_mark (in /usr/lib/x86_64-linux-gnu/libcrypto.so.3)
==268755==    by 0x55790E1: CONF_modules_load_file_ex (in /usr/lib/x86_64-linux-gnu/libcrypto.so.3)
==268755==    by 0x561E19F: ??? (in /usr/lib/x86_64-linux-gnu/libcrypto.so.3)
==268755== 
==268755== 1,040 bytes in 1 blocks are still reachable in loss record 1,861 of 2,004
==268755==    at 0x484DA83: calloc (in /usr/libexec/valgrind/vgpreload_memcheck-amd64-linux.so)
==268755==    by 0x51D7791: __new_exitfn (cxa_atexit.c:114)
==268755==    by 0x51D790A: __internal_atexit (cxa_atexit.c:44)
==268755==    by 0x51D790A: __cxa_atexit (cxa_atexit.c:70)
==268755==    by 0x1E840D: __static_initialization_and_destruction_0(int, int) (iostream:74)
==268755==    by 0x1E8427: _GLOBAL__sub_I__ZN7cpp_dbc12system_utils17global_cout_mutexE (system_utils.cpp:14)
==268755==    by 0x51BBEBA: call_init (libc-start.c:145)
==268755==    by 0x51BBEBA: __libc_start_main@@GLIBC_2.34 (libc-start.c:379)
==268755==    by 0x12E4D4: (below main) (in /home/dsystems/Desktop/projects/cpp/cpp_dbc/build/libs/cpp_dbc/test/test/cpp_dbc_tests)
==268755== 
==268755== 1,040 bytes in 1 blocks are still reachable in loss record 1,862 of 2,004
==268755==    at 0x484DA83: calloc (in /usr/libexec/valgrind/vgpreload_memcheck-amd64-linux.so)
==268755==    by 0x51D7791: __new_exitfn (cxa_atexit.c:114)
==268755==    by 0x51D790A: __internal_atexit (cxa_atexit.c:44)
==268755==    by 0x51D790A: __cxa_atexit (cxa_atexit.c:70)
==268755==    by 0x2F891D: YAML::Exp::DocEnd() (exp.h:89)
==268755==    by 0x2F6CF6: YAML::Scanner::ScanNextToken() (scanner.cpp:115)
==268755==    by 0x2F6BBA: YAML::Scanner::EnsureTokensInQueue() (scanner.cpp:78)
==268755==    by 0x2F6A3F: YAML::Scanner::empty() (scanner.cpp:25)
==268755==    by 0x2F392D: YAML::Parser::ParseDirectives() (parser.cpp:44)
==268755==    by 0x2F37C2: YAML::Parser::HandleNextDocument(YAML::EventHandler&) (parser.cpp:31)
==268755==    by 0x2F2CDB: YAML::Load(std::istream&) (parse.cpp:25)
==268755==    by 0x2F2E40: YAML::LoadFile(std::__cxx11::basic_string<char, std::char_traits<char>, std::allocator<char> > const&) (parse.cpp:37)
==268755==    by 0x1B0B0B: mysql_test_helpers::tryCreateDatabase() (test_mysql_common.hpp:26)
==268755== 
==268755== 1,040 bytes in 5 blocks are possibly lost in loss record 1,863 of 2,004
==268755==    at 0x4848899: malloc (in /usr/libexec/valgrind/vgpreload_memcheck-amd64-linux.so)
==268755==    by 0x561679D: CRYPTO_zalloc (in /usr/lib/x86_64-linux-gnu/libcrypto.so.3)
==268755==    by 0x558D0FC: ??? (in /usr/lib/x86_64-linux-gnu/libcrypto.so.3)
==268755==    by 0x56D48AE: ??? (in /usr/lib/x86_64-linux-gnu/libcrypto.so.3)
==268755==    by 0x5608028: EVP_PKEY_generate (in /usr/lib/x86_64-linux-gnu/libcrypto.so.3)
==268755==    by 0x48F8574: ??? (in /usr/lib/x86_64-linux-gnu/libmysqlclient.so.21.2.42)
==268755==    by 0x489A042: ??? (in /usr/lib/x86_64-linux-gnu/libmysqlclient.so.21.2.42)
==268755==    by 0x489AD71: ??? (in /usr/lib/x86_64-linux-gnu/libmysqlclient.so.21.2.42)
==268755==    by 0x48A3273: ??? (in /usr/lib/x86_64-linux-gnu/libmysqlclient.so.21.2.42)
==268755==    by 0x489EF82: mysql_real_connect (in /usr/lib/x86_64-linux-gnu/libmysqlclient.so.21.2.42)
==268755==    by 0x1EC2E1: cpp_dbc::MySQL::MySQLConnection::MySQLConnection(std::__cxx11::basic_string<char, std::char_traits<char>, std::allocator<char> > const&, int, std::__cxx11::basic_string<char, std::char_traits<char>, std::allocator<char> > const&, std::__cxx11::basic_string<char, std::char_traits<char>, std::allocator<char> > const&, std::__cxx11::basic_string<char, std::char_traits<char>, std::allocator<char> > const&) (driver_mysql.cpp:624)
==268755==    by 0x1F6A72: decltype (::new ((void*)(0)) cpp_dbc::MySQL::MySQLConnection((declval<std::__cxx11::basic_string<char, std::char_traits<char>, std::allocator<char> >&>)(), (declval<int&>)(), (declval<std::__cxx11::basic_string<char, std::char_traits<char>, std::allocator<char> >&>)(), (declval<std::__cxx11::basic_string<char, std::char_traits<char>, std::allocator<char> > const&>)(), (declval<std::__cxx11::basic_string<char, std::char_traits<char>, std::allocator<char> > const&>)())) std::construct_at<cpp_dbc::MySQL::MySQLConnection, std::__cxx11::basic_string<char, std::char_traits<char>, std::allocator<char> >&, int&, std::__cxx11::basic_string<char, std::char_traits<char>, std::allocator<char> >&, std::__cxx11::basic_string<char, std::char_traits<char>, std::allocator<char> > const&, std::__cxx11::basic_string<char, std::char_traits<char>, std::allocator<char> > const&>(cpp_dbc::MySQL::MySQLConnection*, std::__cxx11::basic_string<char, std::char_traits<char>, std::allocator<char> >&, int&, std::__cxx11::basic_string<char, std::char_traits<char>, std::allocator<char> >&, std::__cxx11::basic_string<char, std::char_traits<char>, std::allocator<char> > const&, std::__cxx11::basic_string<char, std::char_traits<char>, std::allocator<char> > const&) (stl_construct.h:97)
==268755== 
==268755== 1,056 bytes in 6 blocks are still reachable in loss record 1,864 of 2,004
==268755==    at 0x4849013: operator new(unsigned long) (in /usr/libexec/valgrind/vgpreload_memcheck-amd64-linux.so)
==268755==    by 0x2E8AB6: YAML::detail::node_ref::node_ref() (node_ref.h:19)
==268755==    by 0x2E8BEB: YAML::detail::node::node() (node.h:27)
==268755==    by 0x2E896A: YAML::detail::memory::create_node() (memory.cpp:17)
==268755==    by 0x1348BD: YAML::detail::memory_holder::create_node() (memory.h:38)
==268755==    by 0x3103BB: YAML::NodeBuilder::Push(YAML::Mark const&, unsigned long) (nodebuilder.cpp:81)
==268755==    by 0x3102D2: YAML::NodeBuilder::OnMapStart(YAML::Mark const&, std::__cxx11::basic_string<char, std::char_traits<char>, std::allocator<char> > const&, unsigned long, YAML::EmitterStyle::value) (nodebuilder.cpp:67)
==268755==    by 0x306B16: YAML::SingleDocParser::HandleNode(YAML::EventHandler&) (singledocparser.cpp:127)
==268755==    by 0x307125: YAML::SingleDocParser::HandleBlockSequence(YAML::EventHandler&) (singledocparser.cpp:192)
==268755==    by 0x306E49: YAML::SingleDocParser::HandleSequence(YAML::EventHandler&) (singledocparser.cpp:155)
==268755==    by 0x306A43: YAML::SingleDocParser::HandleNode(YAML::EventHandler&) (singledocparser.cpp:118)
==268755==    by 0x307975: YAML::SingleDocParser::HandleBlockMap(YAML::EventHandler&) (singledocparser.cpp:281)
==268755== 
==268755== 1,056 bytes in 6 blocks are still reachable in loss record 1,865 of 2,004
==268755==    at 0x4849013: operator new(unsigned long) (in /usr/libexec/valgrind/vgpreload_memcheck-amd64-linux.so)
==268755==    by 0x2E8AB6: YAML::detail::node_ref::node_ref() (node_ref.h:19)
==268755==    by 0x2E8BEB: YAML::detail::node::node() (node.h:27)
==268755==    by 0x2E896A: YAML::detail::memory::create_node() (memory.cpp:17)
==268755==    by 0x1348BD: YAML::detail::memory_holder::create_node() (memory.h:38)
==268755==    by 0x3103BB: YAML::NodeBuilder::Push(YAML::Mark const&, unsigned long) (nodebuilder.cpp:81)
==268755==    by 0x3102D2: YAML::NodeBuilder::OnMapStart(YAML::Mark const&, std::__cxx11::basic_string<char, std::char_traits<char>, std::allocator<char> > const&, unsigned long, YAML::EmitterStyle::value) (nodebuilder.cpp:67)
==268755==    by 0x306B16: YAML::SingleDocParser::HandleNode(YAML::EventHandler&) (singledocparser.cpp:127)
==268755==    by 0x307975: YAML::SingleDocParser::HandleBlockMap(YAML::EventHandler&) (singledocparser.cpp:281)
==268755==    by 0x30762F: YAML::SingleDocParser::HandleMap(YAML::EventHandler&) (singledocparser.cpp:235)
==268755==    by 0x306B2F: YAML::SingleDocParser::HandleNode(YAML::EventHandler&) (singledocparser.cpp:128)
==268755==    by 0x307125: YAML::SingleDocParser::HandleBlockSequence(YAML::EventHandler&) (singledocparser.cpp:192)
==268755== 
==268755== 1,064 bytes in 19 blocks are still reachable in loss record 1,866 of 2,004
==268755==    at 0x4848899: malloc (in /usr/libexec/valgrind/vgpreload_memcheck-amd64-linux.so)
==268755==    by 0x561679D: CRYPTO_zalloc (in /usr/lib/x86_64-linux-gnu/libcrypto.so.3)
==268755==    by 0x5621B23: CRYPTO_THREAD_lock_new (in /usr/lib/x86_64-linux-gnu/libcrypto.so.3)
==268755==    by 0x56153C2: ??? (in /usr/lib/x86_64-linux-gnu/libcrypto.so.3)
==268755==    by 0x56155BC: ??? (in /usr/lib/x86_64-linux-gnu/libcrypto.so.3)
==268755==    by 0x522BEE7: __pthread_once_slow (pthread_once.c:116)
==268755==    by 0x5621C9C: CRYPTO_THREAD_run_once (in /usr/lib/x86_64-linux-gnu/libcrypto.so.3)
==268755==    by 0x561A822: ??? (in /usr/lib/x86_64-linux-gnu/libcrypto.so.3)
==268755==    by 0x553AA03: BIO_new_ex (in /usr/lib/x86_64-linux-gnu/libcrypto.so.3)
==268755==    by 0x55411E5: BIO_new_file (in /usr/lib/x86_64-linux-gnu/libcrypto.so.3)
==268755==    by 0x557834D: ??? (in /usr/lib/x86_64-linux-gnu/libcrypto.so.3)
==268755==    by 0x5578FB1: CONF_modules_load_file_ex (in /usr/lib/x86_64-linux-gnu/libcrypto.so.3)
==268755== 
==268755== 1,065 bytes in 14 blocks are still reachable in loss record 1,867 of 2,004
==268755==    at 0x4848899: malloc (in /usr/libexec/valgrind/vgpreload_memcheck-amd64-linux.so)
==268755==    by 0x5647D31: ??? (in /usr/lib/x86_64-linux-gnu/libcrypto.so.3)
==268755==    by 0x55C00FE: ??? (in /usr/lib/x86_64-linux-gnu/libcrypto.so.3)
==268755==    by 0x560B85B: ??? (in /usr/lib/x86_64-linux-gnu/libcrypto.so.3)
==268755==    by 0x560B71B: ??? (in /usr/lib/x86_64-linux-gnu/libcrypto.so.3)
==268755==    by 0x562AD6A: ??? (in /usr/lib/x86_64-linux-gnu/libcrypto.so.3)
==268755==    by 0x56F44E7: ??? (in /usr/lib/x86_64-linux-gnu/libcrypto.so.3)
==268755==    by 0x56F53E7: ??? (in /usr/lib/x86_64-linux-gnu/libcrypto.so.3)
==268755==    by 0x55C0470: OSSL_DECODER_do_all_provided (in /usr/lib/x86_64-linux-gnu/libcrypto.so.3)
==268755==    by 0x55CD84B: OSSL_DECODER_CTX_new_for_pkey (in /usr/lib/x86_64-linux-gnu/libcrypto.so.3)
==268755==    by 0x569FB23: ??? (in /usr/lib/x86_64-linux-gnu/libcrypto.so.3)
==268755==    by 0x552DB9A: ??? (in /usr/lib/x86_64-linux-gnu/libcrypto.so.3)
==268755== 
==268755== 1,065 bytes in 82 blocks are still reachable in loss record 1,868 of 2,004
==268755==    at 0x4848899: malloc (in /usr/libexec/valgrind/vgpreload_memcheck-amd64-linux.so)
==268755==    by 0x56177D2: CRYPTO_strndup (in /usr/lib/x86_64-linux-gnu/libcrypto.so.3)
==268755==    by 0x5619521: ??? (in /usr/lib/x86_64-linux-gnu/libcrypto.so.3)
==268755==    by 0x5615E27: ??? (in /usr/lib/x86_64-linux-gnu/libcrypto.so.3)
==268755==    by 0x5615F09: ??? (in /usr/lib/x86_64-linux-gnu/libcrypto.so.3)
==268755==    by 0x560C486: OPENSSL_LH_doall_arg (in /usr/lib/x86_64-linux-gnu/libcrypto.so.3)
==268755==    by 0x562D2EA: OBJ_NAME_do_all (in /usr/lib/x86_64-linux-gnu/libcrypto.so.3)
==268755==    by 0x5615B29: ??? (in /usr/lib/x86_64-linux-gnu/libcrypto.so.3)
==268755==    by 0x56F4A6B: ??? (in /usr/lib/x86_64-linux-gnu/libcrypto.so.3)
==268755==    by 0x55EC302: EVP_CIPHER_fetch (in /usr/lib/x86_64-linux-gnu/libcrypto.so.3)
==268755==    by 0x53F137A: ??? (in /usr/lib/x86_64-linux-gnu/libssl.so.3)
==268755==    by 0x53F5161: SSL_CTX_new_ex (in /usr/lib/x86_64-linux-gnu/libssl.so.3)
==268755== 
==268755== 1,120 bytes in 5 blocks are possibly lost in loss record 1,869 of 2,004
==268755==    at 0x484DA83: calloc (in /usr/libexec/valgrind/vgpreload_memcheck-amd64-linux.so)
==268755==    by 0x48F0482: ??? (in /usr/lib/x86_64-linux-gnu/libmysqlclient.so.21.2.42)
==268755==    by 0x489F8D4: mysql_init (in /usr/lib/x86_64-linux-gnu/libmysqlclient.so.21.2.42)
==268755==    by 0x1EC1CA: cpp_dbc::MySQL::MySQLConnection::MySQLConnection(std::__cxx11::basic_string<char, std::char_traits<char>, std::allocator<char> > const&, int, std::__cxx11::basic_string<char, std::char_traits<char>, std::allocator<char> > const&, std::__cxx11::basic_string<char, std::char_traits<char>, std::allocator<char> > const&, std::__cxx11::basic_string<char, std::char_traits<char>, std::allocator<char> > const&) (driver_mysql.cpp:613)
==268755==    by 0x1F6A72: decltype (::new ((void*)(0)) cpp_dbc::MySQL::MySQLConnection((declval<std::__cxx11::basic_string<char, std::char_traits<char>, std::allocator<char> >&>)(), (declval<int&>)(), (declval<std::__cxx11::basic_string<char, std::char_traits<char>, std::allocator<char> >&>)(), (declval<std::__cxx11::basic_string<char, std::char_traits<char>, std::allocator<char> > const&>)(), (declval<std::__cxx11::basic_string<char, std::char_traits<char>, std::allocator<char> > const&>)())) std::construct_at<cpp_dbc::MySQL::MySQLConnection, std::__cxx11::basic_string<char, std::char_traits<char>, std::allocator<char> >&, int&, std::__cxx11::basic_string<char, std::char_traits<char>, std::allocator<char> >&, std::__cxx11::basic_string<char, std::char_traits<char>, std::allocator<char> > const&, std::__cxx11::basic_string<char, std::char_traits<char>, std::allocator<char> > const&>(cpp_dbc::MySQL::MySQLConnection*, std::__cxx11::basic_string<char, std::char_traits<char>, std::allocator<char> >&, int&, std::__cxx11::basic_string<char, std::char_traits<char>, std::allocator<char> >&, std::__cxx11::basic_string<char, std::char_traits<char>, std::allocator<char> > const&, std::__cxx11::basic_string<char, std::char_traits<char>, std::allocator<char> > const&) (stl_construct.h:97)
==268755==    by 0x1F6B2E: void std::allocator_traits<std::allocator<cpp_dbc::MySQL::MySQLConnection> >::construct<cpp_dbc::MySQL::MySQLConnection, std::__cxx11::basic_string<char, std::char_traits<char>, std::allocator<char> >&, int&, std::__cxx11::basic_string<char, std::char_traits<char>, std::allocator<char> >&, std::__cxx11::basic_string<char, std::char_traits<char>, std::allocator<char> > const&, std::__cxx11::basic_string<char, std::char_traits<char>, std::allocator<char> > const&>(std::allocator<cpp_dbc::MySQL::MySQLConnection>&, cpp_dbc::MySQL::MySQLConnection*, std::__cxx11::basic_string<char, std::char_traits<char>, std::allocator<char> >&, int&, std::__cxx11::basic_string<char, std::char_traits<char>, std::allocator<char> >&, std::__cxx11::basic_string<char, std::char_traits<char>, std::allocator<char> > const&, std::__cxx11::basic_string<char, std::char_traits<char>, std::allocator<char> > const&) (alloc_traits.h:518)
==268755==    by 0x1F602C: std::_Sp_counted_ptr_inplace<cpp_dbc::MySQL::MySQLConnection, std::allocator<cpp_dbc::MySQL::MySQLConnection>, (__gnu_cxx::_Lock_policy)2>::_Sp_counted_ptr_inplace<std::__cxx11::basic_string<char, std::char_traits<char>, std::allocator<char> >&, int&, std::__cxx11::basic_string<char, std::char_traits<char>, std::allocator<char> >&, std::__cxx11::basic_string<char, std::char_traits<char>, std::allocator<char> > const&, std::__cxx11::basic_string<char, std::char_traits<char>, std::allocator<char> > const&>(std::allocator<cpp_dbc::MySQL::MySQLConnection>, std::__cxx11::basic_string<char, std::char_traits<char>, std::allocator<char> >&, int&, std::__cxx11::basic_string<char, std::char_traits<char>, std::allocator<char> >&, std::__cxx11::basic_string<char, std::char_traits<char>, std::allocator<char> > const&, std::__cxx11::basic_string<char, std::char_traits<char>, std::allocator<char> > const&) (shared_ptr_base.h:519)
==268755==    by 0x1F4FF2: std::__shared_count<(__gnu_cxx::_Lock_policy)2>::__shared_count<cpp_dbc::MySQL::MySQLConnection, std::allocator<cpp_dbc::MySQL::MySQLConnection>, std::__cxx11::basic_string<char, std::char_traits<char>, std::allocator<char> >&, int&, std::__cxx11::basic_string<char, std::char_traits<char>, std::allocator<char> >&, std::__cxx11::basic_string<char, std::char_traits<char>, std::allocator<char> > const&, std::__cxx11::basic_string<char, std::char_traits<char>, std::allocator<char> > const&>(cpp_dbc::MySQL::MySQLConnection*&, std::_Sp_alloc_shared_tag<std::allocator<cpp_dbc::MySQL::MySQLConnection> >, std::__cxx11::basic_string<char, std::char_traits<char>, std::allocator<char> >&, int&, std::__cxx11::basic_string<char, std::char_traits<char>, std::allocator<char> >&, std::__cxx11::basic_string<char, std::char_traits<char>, std::allocator<char> > const&, std::__cxx11::basic_string<char, std::char_traits<char>, std::allocator<char> > const&) (shared_ptr_base.h:650)
==268755==    by 0x1F42B5: std::__shared_ptr<cpp_dbc::MySQL::MySQLConnection, (__gnu_cxx::_Lock_policy)2>::__shared_ptr<std::allocator<cpp_dbc::MySQL::MySQLConnection>, std::__cxx11::basic_string<char, std::char_traits<char>, std::allocator<char> >&, int&, std::__cxx11::basic_string<char, std::char_traits<char>, std::allocator<char> >&, std::__cxx11::basic_string<char, std::char_traits<char>, std::allocator<char> > const&, std::__cxx11::basic_string<char, std::char_traits<char>, std::allocator<char> > const&>(std::_Sp_alloc_shared_tag<std::allocator<cpp_dbc::MySQL::MySQLConnection> >, std::__cxx11::basic_string<char, std::char_traits<char>, std::allocator<char> >&, int&, std::__cxx11::basic_string<char, std::char_traits<char>, std::allocator<char> >&, std::__cxx11::basic_string<char, std::char_traits<char>, std::allocator<char> > const&, std::__cxx11::basic_string<char, std::char_traits<char>, std::allocator<char> > const&) (shared_ptr_base.h:1342)
==268755==    by 0x1F3358: std::shared_ptr<cpp_dbc::MySQL::MySQLConnection>::shared_ptr<std::allocator<cpp_dbc::MySQL::MySQLConnection>, std::__cxx11::basic_string<char, std::char_traits<char>, std::allocator<char> >&, int&, std::__cxx11::basic_string<char, std::char_traits<char>, std::allocator<char> >&, std::__cxx11::basic_string<char, std::char_traits<char>, std::allocator<char> > const&, std::__cxx11::basic_string<char, std::char_traits<char>, std::allocator<char> > const&>(std::_Sp_alloc_shared_tag<std::allocator<cpp_dbc::MySQL::MySQLConnection> >, std::__cxx11::basic_string<char, std::char_traits<char>, std::allocator<char> >&, int&, std::__cxx11::basic_string<char, std::char_traits<char>, std::allocator<char> >&, std::__cxx11::basic_string<char, std::char_traits<char>, std::allocator<char> > const&, std::__cxx11::basic_string<char, std::char_traits<char>, std::allocator<char> > const&) (shared_ptr.h:409)
==268755==    by 0x1F1DAF: std::shared_ptr<cpp_dbc::MySQL::MySQLConnection> std::allocate_shared<cpp_dbc::MySQL::MySQLConnection, std::allocator<cpp_dbc::MySQL::MySQLConnection>, std::__cxx11::basic_string<char, std::char_traits<char>, std::allocator<char> >&, int&, std::__cxx11::basic_string<char, std::char_traits<char>, std::allocator<char> >&, std::__cxx11::basic_string<char, std::char_traits<char>, std::allocator<char> > const&, std::__cxx11::basic_string<char, std::char_traits<char>, std::allocator<char> > const&>(std::allocator<cpp_dbc::MySQL::MySQLConnection> const&, std::__cxx11::basic_string<char, std::char_traits<char>, std::allocator<char> >&, int&, std::__cxx11::basic_string<char, std::char_traits<char>, std::allocator<char> >&, std::__cxx11::basic_string<char, std::char_traits<char>, std::allocator<char> > const&, std::__cxx11::basic_string<char, std::char_traits<char>, std::allocator<char> > const&) (shared_ptr.h:863)
==268755==    by 0x1F0024: std::shared_ptr<cpp_dbc::MySQL::MySQLConnection> std::make_shared<cpp_dbc::MySQL::MySQLConnection, std::__cxx11::basic_string<char, std::char_traits<char>, std::allocator<char> >&, int&, std::__cxx11::basic_string<char, std::char_traits<char>, std::allocator<char> >&, std::__cxx11::basic_string<char, std::char_traits<char>, std::allocator<char> > const&, std::__cxx11::basic_string<char, std::char_traits<char>, std::allocator<char> > const&>(std::__cxx11::basic_string<char, std::char_traits<char>, std::allocator<char> >&, int&, std::__cxx11::basic_string<char, std::char_traits<char>, std::allocator<char> >&, std::__cxx11::basic_string<char, std::char_traits<char>, std::allocator<char> > const&, std::__cxx11::basic_string<char, std::char_traits<char>, std::allocator<char> > const&) (shared_ptr.h:879)
==268755== 
==268755== 1,152 bytes in 9 blocks are still reachable in loss record 1,870 of 2,004
==268755==    at 0x4848899: malloc (in /usr/libexec/valgrind/vgpreload_memcheck-amd64-linux.so)
==268755==    by 0x561679D: CRYPTO_zalloc (in /usr/lib/x86_64-linux-gnu/libcrypto.so.3)
==268755==    by 0x560BE56: OPENSSL_LH_new (in /usr/lib/x86_64-linux-gnu/libcrypto.so.3)
==268755==    by 0x5647F0F: ??? (in /usr/lib/x86_64-linux-gnu/libcrypto.so.3)
==268755==    by 0x55EBA69: ??? (in /usr/lib/x86_64-linux-gnu/libcrypto.so.3)
==268755==    by 0x560B85B: ??? (in /usr/lib/x86_64-linux-gnu/libcrypto.so.3)
==268755==    by 0x560B71B: ??? (in /usr/lib/x86_64-linux-gnu/libcrypto.so.3)
==268755==    by 0x562AD6A: ??? (in /usr/lib/x86_64-linux-gnu/libcrypto.so.3)
==268755==    by 0x56F44E7: ??? (in /usr/lib/x86_64-linux-gnu/libcrypto.so.3)
==268755==    by 0x56F4B3D: ??? (in /usr/lib/x86_64-linux-gnu/libcrypto.so.3)
==268755==    by 0x55F85A2: EVP_MAC_fetch (in /usr/lib/x86_64-linux-gnu/libcrypto.so.3)
==268755==    by 0x55FF3E3: EVP_Q_mac (in /usr/lib/x86_64-linux-gnu/libcrypto.so.3)
==268755== 
==268755== 1,176 bytes in 21 blocks are still reachable in loss record 1,871 of 2,004
==268755==    at 0x4848899: malloc (in /usr/libexec/valgrind/vgpreload_memcheck-amd64-linux.so)
==268755==    by 0x561679D: CRYPTO_zalloc (in /usr/lib/x86_64-linux-gnu/libcrypto.so.3)
==268755==    by 0x5621B23: CRYPTO_THREAD_lock_new (in /usr/lib/x86_64-linux-gnu/libcrypto.so.3)
==268755==    by 0x55E0C10: ??? (in /usr/lib/x86_64-linux-gnu/libcrypto.so.3)
==268755==    by 0x55E0D87: ??? (in /usr/lib/x86_64-linux-gnu/libcrypto.so.3)
==268755==    by 0x55EBB09: ??? (in /usr/lib/x86_64-linux-gnu/libcrypto.so.3)
==268755==    by 0x560B7F8: ??? (in /usr/lib/x86_64-linux-gnu/libcrypto.so.3)
==268755==    by 0x560B71B: ??? (in /usr/lib/x86_64-linux-gnu/libcrypto.so.3)
==268755==    by 0x562AD6A: ??? (in /usr/lib/x86_64-linux-gnu/libcrypto.so.3)
==268755==    by 0x56F44E7: ??? (in /usr/lib/x86_64-linux-gnu/libcrypto.so.3)
==268755==    by 0x56F4B3D: ??? (in /usr/lib/x86_64-linux-gnu/libcrypto.so.3)
==268755==    by 0x55DF712: EVP_MD_fetch (in /usr/lib/x86_64-linux-gnu/libcrypto.so.3)
==268755== 
==268755== 1,184 bytes in 4 blocks are still reachable in loss record 1,872 of 2,004
==268755==    at 0x4848899: malloc (in /usr/libexec/valgrind/vgpreload_memcheck-amd64-linux.so)
==268755==    by 0x561679D: CRYPTO_zalloc (in /usr/lib/x86_64-linux-gnu/libcrypto.so.3)
==268755==    by 0x56EBBA0: ??? (in /usr/lib/x86_64-linux-gnu/libcrypto.so.3)
==268755==    by 0x56D9551: ??? (in /usr/lib/x86_64-linux-gnu/libcrypto.so.3)
==268755==    by 0x55FAA47: EVP_RAND_CTX_new (in /usr/lib/x86_64-linux-gnu/libcrypto.so.3)
==268755==    by 0x56494B0: ??? (in /usr/lib/x86_64-linux-gnu/libcrypto.so.3)
==268755==    by 0x5649E27: RAND_get0_public (in /usr/lib/x86_64-linux-gnu/libcrypto.so.3)
==268755==    by 0x5649EE7: RAND_bytes_ex (in /usr/lib/x86_64-linux-gnu/libcrypto.so.3)
==268755==    by 0x53F5779: SSL_CTX_new_ex (in /usr/lib/x86_64-linux-gnu/libssl.so.3)
==268755==    by 0x48F8280: ??? (in /usr/lib/x86_64-linux-gnu/libmysqlclient.so.21.2.42)
==268755==    by 0x489A042: ??? (in /usr/lib/x86_64-linux-gnu/libmysqlclient.so.21.2.42)
==268755==    by 0x489AD71: ??? (in /usr/lib/x86_64-linux-gnu/libmysqlclient.so.21.2.42)
==268755== 
==268755== 1,184 bytes in 4 blocks are still reachable in loss record 1,873 of 2,004
==268755==    at 0x4848899: malloc (in /usr/libexec/valgrind/vgpreload_memcheck-amd64-linux.so)
==268755==    by 0x561679D: CRYPTO_zalloc (in /usr/lib/x86_64-linux-gnu/libcrypto.so.3)
==268755==    by 0x56EBBA0: ??? (in /usr/lib/x86_64-linux-gnu/libcrypto.so.3)
==268755==    by 0x56D9551: ??? (in /usr/lib/x86_64-linux-gnu/libcrypto.so.3)
==268755==    by 0x55FAA47: EVP_RAND_CTX_new (in /usr/lib/x86_64-linux-gnu/libcrypto.so.3)
==268755==    by 0x56494B0: ??? (in /usr/lib/x86_64-linux-gnu/libcrypto.so.3)
==268755==    by 0x564A097: RAND_get0_private (in /usr/lib/x86_64-linux-gnu/libcrypto.so.3)
==268755==    by 0x564A157: RAND_priv_bytes_ex (in /usr/lib/x86_64-linux-gnu/libcrypto.so.3)
==268755==    by 0x53F5AA2: SSL_CTX_new_ex (in /usr/lib/x86_64-linux-gnu/libssl.so.3)
==268755==    by 0x48F8280: ??? (in /usr/lib/x86_64-linux-gnu/libmysqlclient.so.21.2.42)
==268755==    by 0x489A042: ??? (in /usr/lib/x86_64-linux-gnu/libmysqlclient.so.21.2.42)
==268755==    by 0x489AD71: ??? (in /usr/lib/x86_64-linux-gnu/libmysqlclient.so.21.2.42)
==268755== 
==268755== 1,216 bytes in 8 blocks are possibly lost in loss record 1,874 of 2,004
==268755==    at 0x4848899: malloc (in /usr/libexec/valgrind/vgpreload_memcheck-amd64-linux.so)
==268755==    by 0x561679D: CRYPTO_zalloc (in /usr/lib/x86_64-linux-gnu/libcrypto.so.3)
==268755==    by 0x56041A3: EVP_PKEY_new (in /usr/lib/x86_64-linux-gnu/libcrypto.so.3)
==268755==    by 0x55C93AB: ??? (in /usr/lib/x86_64-linux-gnu/libcrypto.so.3)
==268755==    by 0x55C88E2: ??? (in /usr/lib/x86_64-linux-gnu/libcrypto.so.3)
==268755==    by 0x56B9A17: ??? (in /usr/lib/x86_64-linux-gnu/libcrypto.so.3)
==268755==    by 0x55C8B1A: ??? (in /usr/lib/x86_64-linux-gnu/libcrypto.so.3)
==268755==    by 0x56BB157: ??? (in /usr/lib/x86_64-linux-gnu/libcrypto.so.3)
==268755==    by 0x55C8B1A: ??? (in /usr/lib/x86_64-linux-gnu/libcrypto.so.3)
==268755==    by 0x55C8DF0: OSSL_DECODER_from_bio (in /usr/lib/x86_64-linux-gnu/libcrypto.so.3)
==268755==    by 0x55C911D: OSSL_DECODER_from_data (in /usr/lib/x86_64-linux-gnu/libcrypto.so.3)
==268755==    by 0x569FB43: ??? (in /usr/lib/x86_64-linux-gnu/libcrypto.so.3)
==268755== 
==268755== 1,232 bytes in 7 blocks are still reachable in loss record 1,875 of 2,004
==268755==    at 0x4848899: malloc (in /usr/libexec/valgrind/vgpreload_memcheck-amd64-linux.so)
==268755==    by 0x561679D: CRYPTO_zalloc (in /usr/lib/x86_64-linux-gnu/libcrypto.so.3)
==268755==    by 0x560BE3C: OPENSSL_LH_new (in /usr/lib/x86_64-linux-gnu/libcrypto.so.3)
==268755==    by 0x5647F0F: ??? (in /usr/lib/x86_64-linux-gnu/libcrypto.so.3)
==268755==    by 0x55EBA69: ??? (in /usr/lib/x86_64-linux-gnu/libcrypto.so.3)
==268755==    by 0x560B85B: ??? (in /usr/lib/x86_64-linux-gnu/libcrypto.so.3)
==268755==    by 0x560B71B: ??? (in /usr/lib/x86_64-linux-gnu/libcrypto.so.3)
==268755==    by 0x562AD6A: ??? (in /usr/lib/x86_64-linux-gnu/libcrypto.so.3)
==268755==    by 0x56F44E7: ??? (in /usr/lib/x86_64-linux-gnu/libcrypto.so.3)
==268755==    by 0x56F4B3D: ??? (in /usr/lib/x86_64-linux-gnu/libcrypto.so.3)
==268755==    by 0x55F783E: EVP_KEYEXCH_fetch (in /usr/lib/x86_64-linux-gnu/libcrypto.so.3)
==268755==    by 0x53F5256: SSL_CTX_new_ex (in /usr/lib/x86_64-linux-gnu/libssl.so.3)
==268755== 
==268755== 1,236 bytes in 33 blocks are still reachable in loss record 1,876 of 2,004
==268755==    at 0x4849013: operator new(unsigned long) (in /usr/libexec/valgrind/vgpreload_memcheck-amd64-linux.so)
==268755==    by 0x130468: __gnu_cxx::new_allocator<char>::allocate(unsigned long, void const*) (new_allocator.h:127)
==268755==    by 0x12F934: allocate (allocator.h:185)
==268755==    by 0x12F934: std::allocator_traits<std::allocator<char> >::allocate(std::allocator<char>&, unsigned long) (alloc_traits.h:464)
==268755==    by 0x12FCCD: std::__cxx11::basic_string<char, std::char_traits<char>, std::allocator<char> >::_M_create(unsigned long&, unsigned long) (basic_string.tcc:153)
==268755==    by 0x138C8E: void std::__cxx11::basic_string<char, std::char_traits<char>, std::allocator<char> >::_M_construct<char*>(char*, char*, std::forward_iterator_tag) (basic_string.tcc:219)
==268755==    by 0x138039: void std::__cxx11::basic_string<char, std::char_traits<char>, std::allocator<char> >::_M_construct_aux<char*>(char*, char*, std::__false_type) (basic_string.h:255)
==268755==    by 0x136D88: void std::__cxx11::basic_string<char, std::char_traits<char>, std::allocator<char> >::_M_construct<char*>(char*, char*) (basic_string.h:274)
==268755==    by 0x135B15: std::__cxx11::basic_string<char, std::char_traits<char>, std::allocator<char> >::basic_string(std::__cxx11::basic_string<char, std::char_traits<char>, std::allocator<char> > const&) (basic_string.h:459)
==268755==    by 0x20CF20: Catch::Clara::Detail::ParserRefImpl<Catch::Clara::Opt>::ParserRefImpl(Catch::Clara::Detail::ParserRefImpl<Catch::Clara::Opt> const&) (catch_clara.hpp:464)
==268755==    by 0x20D029: Catch::Clara::Opt::Opt(Catch::Clara::Opt const&) (catch_clara.hpp:540)
==268755==    by 0x211B31: void std::_Construct<Catch::Clara::Opt, Catch::Clara::Opt const&>(Catch::Clara::Opt*, Catch::Clara::Opt const&) (stl_construct.h:119)
==268755==    by 0x210EA7: Catch::Clara::Opt* std::__uninitialized_copy<false>::__uninit_copy<__gnu_cxx::__normal_iterator<Catch::Clara::Opt const*, std::vector<Catch::Clara::Opt, std::allocator<Catch::Clara::Opt> > >, Catch::Clara::Opt*>(__gnu_cxx::__normal_iterator<Catch::Clara::Opt const*, std::vector<Catch::Clara::Opt, std::allocator<Catch::Clara::Opt> > >, __gnu_cxx::__normal_iterator<Catch::Clara::Opt const*, std::vector<Catch::Clara::Opt, std::allocator<Catch::Clara::Opt> > >, Catch::Clara::Opt*) (stl_uninitialized.h:92)
==268755== 
==268755== 1,255 bytes in 88 blocks are still reachable in loss record 1,877 of 2,004
==268755==    at 0x4848899: malloc (in /usr/libexec/valgrind/vgpreload_memcheck-amd64-linux.so)
==268755==    by 0x56177D2: CRYPTO_strndup (in /usr/lib/x86_64-linux-gnu/libcrypto.so.3)
==268755==    by 0x5619521: ??? (in /usr/lib/x86_64-linux-gnu/libcrypto.so.3)
==268755==    by 0x56F41B3: ??? (in /usr/lib/x86_64-linux-gnu/libcrypto.so.3)
==268755==    by 0x55EBAFA: ??? (in /usr/lib/x86_64-linux-gnu/libcrypto.so.3)
==268755==    by 0x560B7F8: ??? (in /usr/lib/x86_64-linux-gnu/libcrypto.so.3)
==268755==    by 0x560B71B: ??? (in /usr/lib/x86_64-linux-gnu/libcrypto.so.3)
==268755==    by 0x562AD6A: ??? (in /usr/lib/x86_64-linux-gnu/libcrypto.so.3)
==268755==    by 0x56F44E7: ??? (in /usr/lib/x86_64-linux-gnu/libcrypto.so.3)
==268755==    by 0x56F4B3D: ??? (in /usr/lib/x86_64-linux-gnu/libcrypto.so.3)
==268755==    by 0x55EC302: EVP_CIPHER_fetch (in /usr/lib/x86_64-linux-gnu/libcrypto.so.3)
==268755==    by 0x53F137A: ??? (in /usr/lib/x86_64-linux-gnu/libssl.so.3)
==268755== 
==268755== 1,280 bytes in 10 blocks are still reachable in loss record 1,878 of 2,004
==268755==    at 0x4848899: malloc (in /usr/libexec/valgrind/vgpreload_memcheck-amd64-linux.so)
==268755==    by 0x561679D: CRYPTO_zalloc (in /usr/lib/x86_64-linux-gnu/libcrypto.so.3)
==268755==    by 0x560BE56: OPENSSL_LH_new (in /usr/lib/x86_64-linux-gnu/libcrypto.so.3)
==268755==    by 0x5647F0F: ??? (in /usr/lib/x86_64-linux-gnu/libcrypto.so.3)
==268755==    by 0x55EBA69: ??? (in /usr/lib/x86_64-linux-gnu/libcrypto.so.3)
==268755==    by 0x560B85B: ??? (in /usr/lib/x86_64-linux-gnu/libcrypto.so.3)
==268755==    by 0x560B71B: ??? (in /usr/lib/x86_64-linux-gnu/libcrypto.so.3)
==268755==    by 0x562AD6A: ??? (in /usr/lib/x86_64-linux-gnu/libcrypto.so.3)
==268755==    by 0x56F44E7: ??? (in /usr/lib/x86_64-linux-gnu/libcrypto.so.3)
==268755==    by 0x56F4B3D: ??? (in /usr/lib/x86_64-linux-gnu/libcrypto.so.3)
==268755==    by 0x560BAEE: EVP_SIGNATURE_fetch (in /usr/lib/x86_64-linux-gnu/libcrypto.so.3)
==268755==    by 0x53F522E: SSL_CTX_new_ex (in /usr/lib/x86_64-linux-gnu/libssl.so.3)
==268755== 
==268755== 1,280 bytes in 5 blocks are possibly lost in loss record 1,879 of 2,004
==268755==    at 0x4848899: malloc (in /usr/libexec/valgrind/vgpreload_memcheck-amd64-linux.so)
==268755==    by 0x561679D: CRYPTO_zalloc (in /usr/lib/x86_64-linux-gnu/libcrypto.so.3)
==268755==    by 0x5547EDC: ??? (in /usr/lib/x86_64-linux-gnu/libcrypto.so.3)
==268755==    by 0x5548869: BN_copy (in /usr/lib/x86_64-linux-gnu/libcrypto.so.3)
==268755==    by 0x554FA52: BN_MONT_CTX_set (in /usr/lib/x86_64-linux-gnu/libcrypto.so.3)
==268755==    by 0x555283A: BN_MONT_CTX_set_locked (in /usr/lib/x86_64-linux-gnu/libcrypto.so.3)
==268755==    by 0x558C6E1: ??? (in /usr/lib/x86_64-linux-gnu/libcrypto.so.3)
==268755==    by 0x558C924: ??? (in /usr/lib/x86_64-linux-gnu/libcrypto.so.3)
==268755==    by 0x56D478F: ??? (in /usr/lib/x86_64-linux-gnu/libcrypto.so.3)
==268755==    by 0x5608028: EVP_PKEY_generate (in /usr/lib/x86_64-linux-gnu/libcrypto.so.3)
==268755==    by 0x48F8574: ??? (in /usr/lib/x86_64-linux-gnu/libmysqlclient.so.21.2.42)
==268755==    by 0x489A042: ??? (in /usr/lib/x86_64-linux-gnu/libmysqlclient.so.21.2.42)
==268755== 
==268755== 1,280 bytes in 5 blocks are possibly lost in loss record 1,880 of 2,004
==268755==    at 0x4848899: malloc (in /usr/libexec/valgrind/vgpreload_memcheck-amd64-linux.so)
==268755==    by 0x561679D: CRYPTO_zalloc (in /usr/lib/x86_64-linux-gnu/libcrypto.so.3)
==268755==    by 0x5547EDC: ??? (in /usr/lib/x86_64-linux-gnu/libcrypto.so.3)
==268755==    by 0x55490FD: ??? (in /usr/lib/x86_64-linux-gnu/libcrypto.so.3)
==268755==    by 0x5550438: ??? (in /usr/lib/x86_64-linux-gnu/libcrypto.so.3)
==268755==    by 0x5550C9C: BN_mod_exp_mont_consttime (in /usr/lib/x86_64-linux-gnu/libcrypto.so.3)
==268755==    by 0x558C6A1: ??? (in /usr/lib/x86_64-linux-gnu/libcrypto.so.3)
==268755==    by 0x558C924: ??? (in /usr/lib/x86_64-linux-gnu/libcrypto.so.3)
==268755==    by 0x56D478F: ??? (in /usr/lib/x86_64-linux-gnu/libcrypto.so.3)
==268755==    by 0x5608028: EVP_PKEY_generate (in /usr/lib/x86_64-linux-gnu/libcrypto.so.3)
==268755==    by 0x48F8574: ??? (in /usr/lib/x86_64-linux-gnu/libmysqlclient.so.21.2.42)
==268755==    by 0x489A042: ??? (in /usr/lib/x86_64-linux-gnu/libmysqlclient.so.21.2.42)
==268755== 
==268755== 1,288 bytes in 23 blocks are still reachable in loss record 1,881 of 2,004
==268755==    at 0x4849013: operator new(unsigned long) (in /usr/libexec/valgrind/vgpreload_memcheck-amd64-linux.so)
==268755==    by 0x48E4B91: ??? (in /usr/lib/x86_64-linux-gnu/libmysqlclient.so.21.2.42)
==268755==    by 0x48E5098: ??? (in /usr/lib/x86_64-linux-gnu/libmysqlclient.so.21.2.42)
==268755==    by 0x4908DE2: ??? (in /usr/lib/x86_64-linux-gnu/libmysqlclient.so.21.2.42)
==268755==    by 0x48E6082: ??? (in /usr/lib/x86_64-linux-gnu/libmysqlclient.so.21.2.42)
==268755==    by 0x522BEE7: __pthread_once_slow (pthread_once.c:116)
==268755==    by 0x4903155: ??? (in /usr/lib/x86_64-linux-gnu/libmysqlclient.so.21.2.42)
==268755==    by 0x489CBB8: ??? (in /usr/lib/x86_64-linux-gnu/libmysqlclient.so.21.2.42)
==268755==    by 0x489D1FA: ??? (in /usr/lib/x86_64-linux-gnu/libmysqlclient.so.21.2.42)
==268755==    by 0x48A3273: ??? (in /usr/lib/x86_64-linux-gnu/libmysqlclient.so.21.2.42)
==268755==    by 0x489EF82: mysql_real_connect (in /usr/lib/x86_64-linux-gnu/libmysqlclient.so.21.2.42)
==268755==    by 0x1EC2E1: cpp_dbc::MySQL::MySQLConnection::MySQLConnection(std::__cxx11::basic_string<char, std::char_traits<char>, std::allocator<char> > const&, int, std::__cxx11::basic_string<char, std::char_traits<char>, std::allocator<char> > const&, std::__cxx11::basic_string<char, std::char_traits<char>, std::allocator<char> > const&, std::__cxx11::basic_string<char, std::char_traits<char>, std::allocator<char> > const&) (driver_mysql.cpp:624)
==268755== 
==268755== 1,288 bytes in 23 blocks are still reachable in loss record 1,882 of 2,004
==268755==    at 0x4849013: operator new(unsigned long) (in /usr/libexec/valgrind/vgpreload_memcheck-amd64-linux.so)
==268755==    by 0x48E4B91: ??? (in /usr/lib/x86_64-linux-gnu/libmysqlclient.so.21.2.42)
==268755==    by 0x48E510D: ??? (in /usr/lib/x86_64-linux-gnu/libmysqlclient.so.21.2.42)
==268755==    by 0x4908DE2: ??? (in /usr/lib/x86_64-linux-gnu/libmysqlclient.so.21.2.42)
==268755==    by 0x48E6082: ??? (in /usr/lib/x86_64-linux-gnu/libmysqlclient.so.21.2.42)
==268755==    by 0x522BEE7: __pthread_once_slow (pthread_once.c:116)
==268755==    by 0x4903155: ??? (in /usr/lib/x86_64-linux-gnu/libmysqlclient.so.21.2.42)
==268755==    by 0x489CBB8: ??? (in /usr/lib/x86_64-linux-gnu/libmysqlclient.so.21.2.42)
==268755==    by 0x489D1FA: ??? (in /usr/lib/x86_64-linux-gnu/libmysqlclient.so.21.2.42)
==268755==    by 0x48A3273: ??? (in /usr/lib/x86_64-linux-gnu/libmysqlclient.so.21.2.42)
==268755==    by 0x489EF82: mysql_real_connect (in /usr/lib/x86_64-linux-gnu/libmysqlclient.so.21.2.42)
==268755==    by 0x1EC2E1: cpp_dbc::MySQL::MySQLConnection::MySQLConnection(std::__cxx11::basic_string<char, std::char_traits<char>, std::allocator<char> > const&, int, std::__cxx11::basic_string<char, std::char_traits<char>, std::allocator<char> > const&, std::__cxx11::basic_string<char, std::char_traits<char>, std::allocator<char> > const&, std::__cxx11::basic_string<char, std::char_traits<char>, std::allocator<char> > const&) (driver_mysql.cpp:624)
==268755== 
==268755== 1,296 bytes in 9 blocks are still reachable in loss record 1,883 of 2,004
==268755==    at 0x4848899: malloc (in /usr/libexec/valgrind/vgpreload_memcheck-amd64-linux.so)
==268755==    by 0x561679D: CRYPTO_zalloc (in /usr/lib/x86_64-linux-gnu/libcrypto.so.3)
==268755==    by 0x55FBBA7: ??? (in /usr/lib/x86_64-linux-gnu/libcrypto.so.3)
==268755==    by 0x55EBB09: ??? (in /usr/lib/x86_64-linux-gnu/libcrypto.so.3)
==268755==    by 0x560B7F8: ??? (in /usr/lib/x86_64-linux-gnu/libcrypto.so.3)
==268755==    by 0x560B71B: ??? (in /usr/lib/x86_64-linux-gnu/libcrypto.so.3)
==268755==    by 0x562AD6A: ??? (in /usr/lib/x86_64-linux-gnu/libcrypto.so.3)
==268755==    by 0x56F44E7: ??? (in /usr/lib/x86_64-linux-gnu/libcrypto.so.3)
==268755==    by 0x56F4B3D: ??? (in /usr/lib/x86_64-linux-gnu/libcrypto.so.3)
==268755==    by 0x55F85A2: EVP_MAC_fetch (in /usr/lib/x86_64-linux-gnu/libcrypto.so.3)
==268755==    by 0x55FF3E3: EVP_Q_mac (in /usr/lib/x86_64-linux-gnu/libcrypto.so.3)
==268755==    by 0x56CB4CF: ??? (in /usr/lib/x86_64-linux-gnu/libcrypto.so.3)
==268755== 
==268755== 1,312 bytes in 82 blocks are still reachable in loss record 1,884 of 2,004
==268755==    at 0x4848899: malloc (in /usr/libexec/valgrind/vgpreload_memcheck-amd64-linux.so)
==268755==    by 0x561679D: CRYPTO_zalloc (in /usr/lib/x86_64-linux-gnu/libcrypto.so.3)
==268755==    by 0x5619506: ??? (in /usr/lib/x86_64-linux-gnu/libcrypto.so.3)
==268755==    by 0x5615E27: ??? (in /usr/lib/x86_64-linux-gnu/libcrypto.so.3)
==268755==    by 0x5615F09: ??? (in /usr/lib/x86_64-linux-gnu/libcrypto.so.3)
==268755==    by 0x560C486: OPENSSL_LH_doall_arg (in /usr/lib/x86_64-linux-gnu/libcrypto.so.3)
==268755==    by 0x562D2EA: OBJ_NAME_do_all (in /usr/lib/x86_64-linux-gnu/libcrypto.so.3)
==268755==    by 0x5615B29: ??? (in /usr/lib/x86_64-linux-gnu/libcrypto.so.3)
==268755==    by 0x56F4A6B: ??? (in /usr/lib/x86_64-linux-gnu/libcrypto.so.3)
==268755==    by 0x55EC302: EVP_CIPHER_fetch (in /usr/lib/x86_64-linux-gnu/libcrypto.so.3)
==268755==    by 0x53F137A: ??? (in /usr/lib/x86_64-linux-gnu/libssl.so.3)
==268755==    by 0x53F5161: SSL_CTX_new_ex (in /usr/lib/x86_64-linux-gnu/libssl.so.3)
==268755== 
==268755== 1,312 bytes in 82 blocks are still reachable in loss record 1,885 of 2,004
==268755==    at 0x4848899: malloc (in /usr/libexec/valgrind/vgpreload_memcheck-amd64-linux.so)
==268755==    by 0x561679D: CRYPTO_zalloc (in /usr/lib/x86_64-linux-gnu/libcrypto.so.3)
==268755==    by 0x5619506: ??? (in /usr/lib/x86_64-linux-gnu/libcrypto.so.3)
==268755==    by 0x5615FC0: ??? (in /usr/lib/x86_64-linux-gnu/libcrypto.so.3)
==268755==    by 0x560C486: OPENSSL_LH_doall_arg (in /usr/lib/x86_64-linux-gnu/libcrypto.so.3)
==268755==    by 0x562D2EA: OBJ_NAME_do_all (in /usr/lib/x86_64-linux-gnu/libcrypto.so.3)
==268755==    by 0x5615B29: ??? (in /usr/lib/x86_64-linux-gnu/libcrypto.so.3)
==268755==    by 0x56F4A6B: ??? (in /usr/lib/x86_64-linux-gnu/libcrypto.so.3)
==268755==    by 0x55EC302: EVP_CIPHER_fetch (in /usr/lib/x86_64-linux-gnu/libcrypto.so.3)
==268755==    by 0x53F137A: ??? (in /usr/lib/x86_64-linux-gnu/libssl.so.3)
==268755==    by 0x53F5161: SSL_CTX_new_ex (in /usr/lib/x86_64-linux-gnu/libssl.so.3)
==268755==    by 0x48F8280: ??? (in /usr/lib/x86_64-linux-gnu/libmysqlclient.so.21.2.42)
==268755== 
==268755== 1,322 bytes in 42 blocks are still reachable in loss record 1,886 of 2,004
==268755==    at 0x4849013: operator new(unsigned long) (in /usr/libexec/valgrind/vgpreload_memcheck-amd64-linux.so)
==268755==    by 0x130468: __gnu_cxx::new_allocator<char>::allocate(unsigned long, void const*) (new_allocator.h:127)
==268755==    by 0x12F934: allocate (allocator.h:185)
==268755==    by 0x12F934: std::allocator_traits<std::allocator<char> >::allocate(std::allocator<char>&, unsigned long) (alloc_traits.h:464)
==268755==    by 0x12FCCD: std::__cxx11::basic_string<char, std::char_traits<char>, std::allocator<char> >::_M_create(unsigned long&, unsigned long) (basic_string.tcc:153)
==268755==    by 0x12F7D0: void std::__cxx11::basic_string<char, std::char_traits<char>, std::allocator<char> >::_M_construct<char const*>(char const*, char const*, std::forward_iterator_tag) (basic_string.tcc:219)
==268755==    by 0x12FD33: void std::__cxx11::basic_string<char, std::char_traits<char>, std::allocator<char> >::_M_construct_aux<char const*>(char const*, char const*, std::__false_type) (basic_string.h:255)
==268755==    by 0x12F612: void std::__cxx11::basic_string<char, std::char_traits<char>, std::allocator<char> >::_M_construct<char const*>(char const*, char const*) (basic_string.h:274)
==268755==    by 0x12EF1D: std::__cxx11::basic_string<char, std::char_traits<char>, std::allocator<char> >::basic_string(char const*, unsigned long, std::allocator<char> const&) (basic_string.h:521)
==268755==    by 0x14BA4C: Catch::StringRef::operator std::__cxx11::basic_string<char, std::char_traits<char>, std::allocator<char> >() const (catch_stringref.hpp:50)
==268755==    by 0x213C6A: Catch::TestCaseInfo::TestCaseInfo(Catch::StringRef, Catch::NameAndTags const&, Catch::SourceLineInfo const&) (catch_test_case_info.cpp:124)
==268755==    by 0x214A8E: Catch::Detail::unique_ptr<Catch::TestCaseInfo> Catch::Detail::make_unique<Catch::TestCaseInfo, Catch::StringRef&, Catch::NameAndTags const&, Catch::SourceLineInfo const&>(Catch::StringRef&, Catch::NameAndTags const&, Catch::SourceLineInfo const&) (catch_unique_ptr.hpp:111)
==268755==    by 0x213B99: Catch::makeTestCaseInfo(Catch::StringRef, Catch::NameAndTags const&, Catch::SourceLineInfo const&) (catch_test_case_info.cpp:118)
==268755== 
==268755== 1,376 bytes in 16 blocks are possibly lost in loss record 1,887 of 2,004
==268755==    at 0x4848899: malloc (in /usr/libexec/valgrind/vgpreload_memcheck-amd64-linux.so)
==268755==    by 0x5555D65: BUF_MEM_grow (in /usr/lib/x86_64-linux-gnu/libcrypto.so.3)
==268755==    by 0x569ECD8: ??? (in /usr/lib/x86_64-linux-gnu/libcrypto.so.3)
==268755==    by 0x552DC8B: ??? (in /usr/lib/x86_64-linux-gnu/libcrypto.so.3)
==268755==    by 0x552F3E7: ??? (in /usr/lib/x86_64-linux-gnu/libcrypto.so.3)
==268755==    by 0x552DD18: ??? (in /usr/lib/x86_64-linux-gnu/libcrypto.so.3)
==268755==    by 0x552F3E7: ??? (in /usr/lib/x86_64-linux-gnu/libcrypto.so.3)
==268755==    by 0x552DD18: ??? (in /usr/lib/x86_64-linux-gnu/libcrypto.so.3)
==268755==    by 0x552E492: ASN1_item_d2i_ex (in /usr/lib/x86_64-linux-gnu/libcrypto.so.3)
==268755==    by 0x54221C2: ??? (in /usr/lib/x86_64-linux-gnu/libssl.so.3)
==268755==    by 0x541EA94: ??? (in /usr/lib/x86_64-linux-gnu/libssl.so.3)
==268755==    by 0x5420697: ??? (in /usr/lib/x86_64-linux-gnu/libssl.so.3)
==268755== 
==268755== 1,384 bytes in 14 blocks are still reachable in loss record 1,888 of 2,004
==268755==    at 0x4848899: malloc (in /usr/libexec/valgrind/vgpreload_memcheck-amd64-linux.so)
==268755==    by 0x56475A9: ??? (in /usr/lib/x86_64-linux-gnu/libcrypto.so.3)
==268755==    by 0x564784E: ??? (in /usr/lib/x86_64-linux-gnu/libcrypto.so.3)
==268755==    by 0x5647CB2: ??? (in /usr/lib/x86_64-linux-gnu/libcrypto.so.3)
==268755==    by 0x55C00FE: ??? (in /usr/lib/x86_64-linux-gnu/libcrypto.so.3)
==268755==    by 0x560B85B: ??? (in /usr/lib/x86_64-linux-gnu/libcrypto.so.3)
==268755==    by 0x560B71B: ??? (in /usr/lib/x86_64-linux-gnu/libcrypto.so.3)
==268755==    by 0x562AD6A: ??? (in /usr/lib/x86_64-linux-gnu/libcrypto.so.3)
==268755==    by 0x56F44E7: ??? (in /usr/lib/x86_64-linux-gnu/libcrypto.so.3)
==268755==    by 0x56F53E7: ??? (in /usr/lib/x86_64-linux-gnu/libcrypto.so.3)
==268755==    by 0x55C0470: OSSL_DECODER_do_all_provided (in /usr/lib/x86_64-linux-gnu/libcrypto.so.3)
==268755==    by 0x55CD84B: OSSL_DECODER_CTX_new_for_pkey (in /usr/lib/x86_64-linux-gnu/libcrypto.so.3)
==268755== 
==268755== 1,408 bytes in 88 blocks are still reachable in loss record 1,889 of 2,004
==268755==    at 0x4848899: malloc (in /usr/libexec/valgrind/vgpreload_memcheck-amd64-linux.so)
==268755==    by 0x561679D: CRYPTO_zalloc (in /usr/lib/x86_64-linux-gnu/libcrypto.so.3)
==268755==    by 0x5619506: ??? (in /usr/lib/x86_64-linux-gnu/libcrypto.so.3)
==268755==    by 0x56F41B3: ??? (in /usr/lib/x86_64-linux-gnu/libcrypto.so.3)
==268755==    by 0x55EBAFA: ??? (in /usr/lib/x86_64-linux-gnu/libcrypto.so.3)
==268755==    by 0x560B7F8: ??? (in /usr/lib/x86_64-linux-gnu/libcrypto.so.3)
==268755==    by 0x560B71B: ??? (in /usr/lib/x86_64-linux-gnu/libcrypto.so.3)
==268755==    by 0x562AD6A: ??? (in /usr/lib/x86_64-linux-gnu/libcrypto.so.3)
==268755==    by 0x56F44E7: ??? (in /usr/lib/x86_64-linux-gnu/libcrypto.so.3)
==268755==    by 0x56F4B3D: ??? (in /usr/lib/x86_64-linux-gnu/libcrypto.so.3)
==268755==    by 0x55EC302: EVP_CIPHER_fetch (in /usr/lib/x86_64-linux-gnu/libcrypto.so.3)
==268755==    by 0x53F137A: ??? (in /usr/lib/x86_64-linux-gnu/libssl.so.3)
==268755== 
==268755== 1,411 bytes in 65 blocks are still reachable in loss record 1,890 of 2,004
==268755==    at 0x4848899: malloc (in /usr/libexec/valgrind/vgpreload_memcheck-amd64-linux.so)
==268755==    by 0x615CEF7: ??? (in /usr/lib/x86_64-linux-gnu/libtasn1.so.6.6.2)
==268755==    by 0x6164617: asn1_array2tree (in /usr/lib/x86_64-linux-gnu/libtasn1.so.6.6.2)
==268755==    by 0x5CC44E7: ??? (in /usr/lib/x86_64-linux-gnu/libgnutls.so.30.31.0)
==268755==    by 0x5C92CA2: ??? (in /usr/lib/x86_64-linux-gnu/libgnutls.so.30.31.0)
==268755==    by 0x400647D: call_init.part.0 (dl-init.c:70)
==268755==    by 0x4006567: call_init (dl-init.c:33)
==268755==    by 0x4006567: _dl_init (dl-init.c:117)
==268755==    by 0x40202C9: ??? (in /usr/lib/x86_64-linux-gnu/ld-linux-x86-64.so.2)
==268755==    by 0x4: ???
==268755==    by 0x1FFEFFFDD2: ???
==268755==    by 0x1FFEFFFE3C: ???
==268755==    by 0x1FFEFFFE3F: ???
==268755== 
==268755== 1,536 bytes in 12 blocks are still reachable in loss record 1,891 of 2,004
==268755==    at 0x4848899: malloc (in /usr/libexec/valgrind/vgpreload_memcheck-amd64-linux.so)
==268755==    by 0x561679D: CRYPTO_zalloc (in /usr/lib/x86_64-linux-gnu/libcrypto.so.3)
==268755==    by 0x560BE56: OPENSSL_LH_new (in /usr/lib/x86_64-linux-gnu/libcrypto.so.3)
==268755==    by 0x5647F0F: ??? (in /usr/lib/x86_64-linux-gnu/libcrypto.so.3)
==268755==    by 0x55EBA69: ??? (in /usr/lib/x86_64-linux-gnu/libcrypto.so.3)
==268755==    by 0x560B85B: ??? (in /usr/lib/x86_64-linux-gnu/libcrypto.so.3)
==268755==    by 0x560B71B: ??? (in /usr/lib/x86_64-linux-gnu/libcrypto.so.3)
==268755==    by 0x562AD6A: ??? (in /usr/lib/x86_64-linux-gnu/libcrypto.so.3)
==268755==    by 0x56F44E7: ??? (in /usr/lib/x86_64-linux-gnu/libcrypto.so.3)
==268755==    by 0x56F4B3D: ??? (in /usr/lib/x86_64-linux-gnu/libcrypto.so.3)
==268755==    by 0x55F7C32: EVP_KDF_fetch (in /usr/lib/x86_64-linux-gnu/libcrypto.so.3)
==268755==    by 0x54066BF: ??? (in /usr/lib/x86_64-linux-gnu/libssl.so.3)
==268755== 
==268755== 1,536 bytes in 12 blocks are still reachable in loss record 1,892 of 2,004
==268755==    at 0x4848899: malloc (in /usr/libexec/valgrind/vgpreload_memcheck-amd64-linux.so)
==268755==    by 0x561679D: CRYPTO_zalloc (in /usr/lib/x86_64-linux-gnu/libcrypto.so.3)
==268755==    by 0x560BE56: OPENSSL_LH_new (in /usr/lib/x86_64-linux-gnu/libcrypto.so.3)
==268755==    by 0x5647F0F: ??? (in /usr/lib/x86_64-linux-gnu/libcrypto.so.3)
==268755==    by 0x55C00FE: ??? (in /usr/lib/x86_64-linux-gnu/libcrypto.so.3)
==268755==    by 0x560B85B: ??? (in /usr/lib/x86_64-linux-gnu/libcrypto.so.3)
==268755==    by 0x560B71B: ??? (in /usr/lib/x86_64-linux-gnu/libcrypto.so.3)
==268755==    by 0x562AD6A: ??? (in /usr/lib/x86_64-linux-gnu/libcrypto.so.3)
==268755==    by 0x56F44E7: ??? (in /usr/lib/x86_64-linux-gnu/libcrypto.so.3)
==268755==    by 0x56F53E7: ??? (in /usr/lib/x86_64-linux-gnu/libcrypto.so.3)
==268755==    by 0x55C0470: OSSL_DECODER_do_all_provided (in /usr/lib/x86_64-linux-gnu/libcrypto.so.3)
==268755==    by 0x55CD84B: OSSL_DECODER_CTX_new_for_pkey (in /usr/lib/x86_64-linux-gnu/libcrypto.so.3)
==268755== 
==268755== 1,560 bytes in 39 blocks are still reachable in loss record 1,893 of 2,004
==268755==    at 0x4848899: malloc (in /usr/libexec/valgrind/vgpreload_memcheck-amd64-linux.so)
==268755==    by 0x5647AA0: ??? (in /usr/lib/x86_64-linux-gnu/libcrypto.so.3)
==268755==    by 0x55C00FE: ??? (in /usr/lib/x86_64-linux-gnu/libcrypto.so.3)
==268755==    by 0x560B85B: ??? (in /usr/lib/x86_64-linux-gnu/libcrypto.so.3)
==268755==    by 0x560B71B: ??? (in /usr/lib/x86_64-linux-gnu/libcrypto.so.3)
==268755==    by 0x562AD6A: ??? (in /usr/lib/x86_64-linux-gnu/libcrypto.so.3)
==268755==    by 0x56F44E7: ??? (in /usr/lib/x86_64-linux-gnu/libcrypto.so.3)
==268755==    by 0x56F53E7: ??? (in /usr/lib/x86_64-linux-gnu/libcrypto.so.3)
==268755==    by 0x55C0470: OSSL_DECODER_do_all_provided (in /usr/lib/x86_64-linux-gnu/libcrypto.so.3)
==268755==    by 0x55CD84B: OSSL_DECODER_CTX_new_for_pkey (in /usr/lib/x86_64-linux-gnu/libcrypto.so.3)
==268755==    by 0x569FB23: ??? (in /usr/lib/x86_64-linux-gnu/libcrypto.so.3)
==268755==    by 0x552DB9A: ??? (in /usr/lib/x86_64-linux-gnu/libcrypto.so.3)
==268755== 
==268755== 1,584 bytes in 9 blocks are still reachable in loss record 1,894 of 2,004
==268755==    at 0x4848899: malloc (in /usr/libexec/valgrind/vgpreload_memcheck-amd64-linux.so)
==268755==    by 0x561679D: CRYPTO_zalloc (in /usr/lib/x86_64-linux-gnu/libcrypto.so.3)
==268755==    by 0x560BE3C: OPENSSL_LH_new (in /usr/lib/x86_64-linux-gnu/libcrypto.so.3)
==268755==    by 0x5647F0F: ??? (in /usr/lib/x86_64-linux-gnu/libcrypto.so.3)
==268755==    by 0x55EBA69: ??? (in /usr/lib/x86_64-linux-gnu/libcrypto.so.3)
==268755==    by 0x560B85B: ??? (in /usr/lib/x86_64-linux-gnu/libcrypto.so.3)
==268755==    by 0x560B71B: ??? (in /usr/lib/x86_64-linux-gnu/libcrypto.so.3)
==268755==    by 0x562AD6A: ??? (in /usr/lib/x86_64-linux-gnu/libcrypto.so.3)
==268755==    by 0x56F44E7: ??? (in /usr/lib/x86_64-linux-gnu/libcrypto.so.3)
==268755==    by 0x56F4B3D: ??? (in /usr/lib/x86_64-linux-gnu/libcrypto.so.3)
==268755==    by 0x55F85A2: EVP_MAC_fetch (in /usr/lib/x86_64-linux-gnu/libcrypto.so.3)
==268755==    by 0x55FF3E3: EVP_Q_mac (in /usr/lib/x86_64-linux-gnu/libcrypto.so.3)
==268755== 
==268755== 1,632 bytes in 12 blocks are still reachable in loss record 1,895 of 2,004
==268755==    at 0x4848899: malloc (in /usr/libexec/valgrind/vgpreload_memcheck-amd64-linux.so)
==268755==    by 0x561679D: CRYPTO_zalloc (in /usr/lib/x86_64-linux-gnu/libcrypto.so.3)
==268755==    by 0x55FAF67: ??? (in /usr/lib/x86_64-linux-gnu/libcrypto.so.3)
==268755==    by 0x55EBB09: ??? (in /usr/lib/x86_64-linux-gnu/libcrypto.so.3)
==268755==    by 0x560B7F8: ??? (in /usr/lib/x86_64-linux-gnu/libcrypto.so.3)
==268755==    by 0x560B71B: ??? (in /usr/lib/x86_64-linux-gnu/libcrypto.so.3)
==268755==    by 0x562AD6A: ??? (in /usr/lib/x86_64-linux-gnu/libcrypto.so.3)
==268755==    by 0x56F44E7: ??? (in /usr/lib/x86_64-linux-gnu/libcrypto.so.3)
==268755==    by 0x56F4B3D: ??? (in /usr/lib/x86_64-linux-gnu/libcrypto.so.3)
==268755==    by 0x55F7C32: EVP_KDF_fetch (in /usr/lib/x86_64-linux-gnu/libcrypto.so.3)
==268755==    by 0x54066BF: ??? (in /usr/lib/x86_64-linux-gnu/libssl.so.3)
==268755==    by 0x53E373E: ??? (in /usr/lib/x86_64-linux-gnu/libssl.so.3)
==268755== 
==268755== 1,632 bytes in 68 blocks are still reachable in loss record 1,896 of 2,004
==268755==    at 0x4848899: malloc (in /usr/libexec/valgrind/vgpreload_memcheck-amd64-linux.so)
==268755==    by 0x560C185: OPENSSL_LH_insert (in /usr/lib/x86_64-linux-gnu/libcrypto.so.3)
==268755==    by 0x56FD672: ??? (in /usr/lib/x86_64-linux-gnu/libcrypto.so.3)
==268755==    by 0x55CA89F: ERR_load_strings_const (in /usr/lib/x86_64-linux-gnu/libcrypto.so.3)
==268755==    by 0x561D34A: ??? (in /usr/lib/x86_64-linux-gnu/libcrypto.so.3)
==268755==    by 0x522BEE7: __pthread_once_slow (pthread_once.c:116)
==268755==    by 0x5621C9C: CRYPTO_THREAD_run_once (in /usr/lib/x86_64-linux-gnu/libcrypto.so.3)
==268755==    by 0x561E992: OPENSSL_init_crypto (in /usr/lib/x86_64-linux-gnu/libcrypto.so.3)
==268755==    by 0x55CC336: ??? (in /usr/lib/x86_64-linux-gnu/libcrypto.so.3)
==268755==    by 0x55CCCFC: ERR_set_mark (in /usr/lib/x86_64-linux-gnu/libcrypto.so.3)
==268755==    by 0x55790E1: CONF_modules_load_file_ex (in /usr/lib/x86_64-linux-gnu/libcrypto.so.3)
==268755==    by 0x561E19F: ??? (in /usr/lib/x86_64-linux-gnu/libcrypto.so.3)
==268755== 
==268755== 1,680 bytes in 35 blocks are still reachable in loss record 1,897 of 2,004
==268755==    at 0x4849013: operator new(unsigned long) (in /usr/libexec/valgrind/vgpreload_memcheck-amd64-linux.so)
==268755==    by 0x1F70C6: __gnu_cxx::new_allocator<std::_Rb_tree_node<std::weak_ptr<cpp_dbc::MySQL::MySQLPreparedStatement> > >::allocate(unsigned long, void const*) (new_allocator.h:127)
==268755==    by 0x1F67CD: allocate (allocator.h:185)
==268755==    by 0x1F67CD: std::allocator_traits<std::allocator<std::_Rb_tree_node<std::weak_ptr<cpp_dbc::MySQL::MySQLPreparedStatement> > > >::allocate(std::allocator<std::_Rb_tree_node<std::weak_ptr<cpp_dbc::MySQL::MySQLPreparedStatement> > >&, unsigned long) (alloc_traits.h:464)
==268755==    by 0x1F5D84: std::_Rb_tree<std::weak_ptr<cpp_dbc::MySQL::MySQLPreparedStatement>, std::weak_ptr<cpp_dbc::MySQL::MySQLPreparedStatement>, std::_Identity<std::weak_ptr<cpp_dbc::MySQL::MySQLPreparedStatement> >, std::owner_less<std::weak_ptr<cpp_dbc::MySQL::MySQLPreparedStatement> >, std::allocator<std::weak_ptr<cpp_dbc::MySQL::MySQLPreparedStatement> > >::_M_get_node() (stl_tree.h:561)
==268755==    by 0x1F4E4B: std::_Rb_tree_node<std::weak_ptr<cpp_dbc::MySQL::MySQLPreparedStatement> >* std::_Rb_tree<std::weak_ptr<cpp_dbc::MySQL::MySQLPreparedStatement>, std::weak_ptr<cpp_dbc::MySQL::MySQLPreparedStatement>, std::_Identity<std::weak_ptr<cpp_dbc::MySQL::MySQLPreparedStatement> >, std::owner_less<std::weak_ptr<cpp_dbc::MySQL::MySQLPreparedStatement> >, std::allocator<std::weak_ptr<cpp_dbc::MySQL::MySQLPreparedStatement> > >::_M_create_node<std::weak_ptr<cpp_dbc::MySQL::MySQLPreparedStatement> >(std::weak_ptr<cpp_dbc::MySQL::MySQLPreparedStatement>&&) (stl_tree.h:611)
==268755==    by 0x1F3F36: std::_Rb_tree_node<std::weak_ptr<cpp_dbc::MySQL::MySQLPreparedStatement> >* std::_Rb_tree<std::weak_ptr<cpp_dbc::MySQL::MySQLPreparedStatement>, std::weak_ptr<cpp_dbc::MySQL::MySQLPreparedStatement>, std::_Identity<std::weak_ptr<cpp_dbc::MySQL::MySQLPreparedStatement> >, std::owner_less<std::weak_ptr<cpp_dbc::MySQL::MySQLPreparedStatement> >, std::allocator<std::weak_ptr<cpp_dbc::MySQL::MySQLPreparedStatement> > >::_Alloc_node::operator()<std::weak_ptr<cpp_dbc::MySQL::MySQLPreparedStatement> >(std::weak_ptr<cpp_dbc::MySQL::MySQLPreparedStatement>&&) const (stl_tree.h:529)
==268755==    by 0x1F2EC5: std::_Rb_tree_iterator<std::weak_ptr<cpp_dbc::MySQL::MySQLPreparedStatement> > std::_Rb_tree<std::weak_ptr<cpp_dbc::MySQL::MySQLPreparedStatement>, std::weak_ptr<cpp_dbc::MySQL::MySQLPreparedStatement>, std::_Identity<std::weak_ptr<cpp_dbc::MySQL::MySQLPreparedStatement> >, std::owner_less<std::weak_ptr<cpp_dbc::MySQL::MySQLPreparedStatement> >, std::allocator<std::weak_ptr<cpp_dbc::MySQL::MySQLPreparedStatement> > >::_M_insert_<std::weak_ptr<cpp_dbc::MySQL::MySQLPreparedStatement>, std::_Rb_tree<std::weak_ptr<cpp_dbc::MySQL::MySQLPreparedStatement>, std::weak_ptr<cpp_dbc::MySQL::MySQLPreparedStatement>, std::_Identity<std::weak_ptr<cpp_dbc::MySQL::MySQLPreparedStatement> >, std::owner_less<std::weak_ptr<cpp_dbc::MySQL::MySQLPreparedStatement> >, std::allocator<std::weak_ptr<cpp_dbc::MySQL::MySQLPreparedStatement> > >::_Alloc_node>(std::_Rb_tree_node_base*, std::_Rb_tree_node_base*, std::weak_ptr<cpp_dbc::MySQL::MySQLPreparedStatement>&&, std::_Rb_tree<std::weak_ptr<cpp_dbc::MySQL::MySQLPreparedStatement>, std::weak_ptr<cpp_dbc::MySQL::MySQLPreparedStatement>, std::_Identity<std::weak_ptr<cpp_dbc::MySQL::MySQLPreparedStatement> >, std::owner_less<std::weak_ptr<cpp_dbc::MySQL::MySQLPreparedStatement> >, std::allocator<std::weak_ptr<cpp_dbc::MySQL::MySQLPreparedStatement> > >::_Alloc_node&) (stl_tree.h:1784)
==268755==    by 0x1F1B5D: std::pair<std::_Rb_tree_iterator<std::weak_ptr<cpp_dbc::MySQL::MySQLPreparedStatement> >, bool> std::_Rb_tree<std::weak_ptr<cpp_dbc::MySQL::MySQLPreparedStatement>, std::weak_ptr<cpp_dbc::MySQL::MySQLPreparedStatement>, std::_Identity<std::weak_ptr<cpp_dbc::MySQL::MySQLPreparedStatement> >, std::owner_less<std::weak_ptr<cpp_dbc::MySQL::MySQLPreparedStatement> >, std::allocator<std::weak_ptr<cpp_dbc::MySQL::MySQLPreparedStatement> > >::_M_insert_unique<std::weak_ptr<cpp_dbc::MySQL::MySQLPreparedStatement> >(std::weak_ptr<cpp_dbc::MySQL::MySQLPreparedStatement>&&) (stl_tree.h:2129)
==268755==    by 0x1EFF02: std::set<std::weak_ptr<cpp_dbc::MySQL::MySQLPreparedStatement>, std::owner_less<std::weak_ptr<cpp_dbc::MySQL::MySQLPreparedStatement> >, std::allocator<std::weak_ptr<cpp_dbc::MySQL::MySQLPreparedStatement> > >::insert(std::weak_ptr<cpp_dbc::MySQL::MySQLPreparedStatement>&&) (stl_set.h:521)
==268755==    by 0x1ED82A: cpp_dbc::MySQL::MySQLConnection::registerStatement(std::shared_ptr<cpp_dbc::MySQL::MySQLPreparedStatement>) (driver_mysql.cpp:784)
==268755==    by 0x1EC925: cpp_dbc::MySQL::MySQLConnection::prepareStatement(std::__cxx11::basic_string<char, std::char_traits<char>, std::allocator<char> > const&) (driver_mysql.cpp:692)
==268755==    by 0x1D55DF: cpp_dbc::PooledConnection::prepareStatement(std::__cxx11::basic_string<char, std::char_traits<char>, std::allocator<char> > const&) (connection_pool.cpp:751)
==268755== 
==268755== 1,680 bytes in 5 blocks are possibly lost in loss record 1,898 of 2,004
==268755==    at 0x484DCD3: realloc (in /usr/libexec/valgrind/vgpreload_memcheck-amd64-linux.so)
==268755==    by 0x5663811: ??? (in /usr/lib/x86_64-linux-gnu/libcrypto.so.3)
==268755==    by 0x5663952: OPENSSL_sk_insert (in /usr/lib/x86_64-linux-gnu/libcrypto.so.3)
==268755==    by 0x53E4D2E: ??? (in /usr/lib/x86_64-linux-gnu/libssl.so.3)
==268755==    by 0x53EE955: SSL_CTX_set_cipher_list (in /usr/lib/x86_64-linux-gnu/libssl.so.3)
==268755==    by 0x48F8368: ??? (in /usr/lib/x86_64-linux-gnu/libmysqlclient.so.21.2.42)
==268755==    by 0x489A042: ??? (in /usr/lib/x86_64-linux-gnu/libmysqlclient.so.21.2.42)
==268755==    by 0x489AD71: ??? (in /usr/lib/x86_64-linux-gnu/libmysqlclient.so.21.2.42)
==268755==    by 0x48A3273: ??? (in /usr/lib/x86_64-linux-gnu/libmysqlclient.so.21.2.42)
==268755==    by 0x489EF82: mysql_real_connect (in /usr/lib/x86_64-linux-gnu/libmysqlclient.so.21.2.42)
==268755==    by 0x1EC2E1: cpp_dbc::MySQL::MySQLConnection::MySQLConnection(std::__cxx11::basic_string<char, std::char_traits<char>, std::allocator<char> > const&, int, std::__cxx11::basic_string<char, std::char_traits<char>, std::allocator<char> > const&, std::__cxx11::basic_string<char, std::char_traits<char>, std::allocator<char> > const&, std::__cxx11::basic_string<char, std::char_traits<char>, std::allocator<char> > const&) (driver_mysql.cpp:624)
==268755==    by 0x1F6A72: decltype (::new ((void*)(0)) cpp_dbc::MySQL::MySQLConnection((declval<std::__cxx11::basic_string<char, std::char_traits<char>, std::allocator<char> >&>)(), (declval<int&>)(), (declval<std::__cxx11::basic_string<char, std::char_traits<char>, std::allocator<char> >&>)(), (declval<std::__cxx11::basic_string<char, std::char_traits<char>, std::allocator<char> > const&>)(), (declval<std::__cxx11::basic_string<char, std::char_traits<char>, std::allocator<char> > const&>)())) std::construct_at<cpp_dbc::MySQL::MySQLConnection, std::__cxx11::basic_string<char, std::char_traits<char>, std::allocator<char> >&, int&, std::__cxx11::basic_string<char, std::char_traits<char>, std::allocator<char> >&, std::__cxx11::basic_string<char, std::char_traits<char>, std::allocator<char> > const&, std::__cxx11::basic_string<char, std::char_traits<char>, std::allocator<char> > const&>(cpp_dbc::MySQL::MySQLConnection*, std::__cxx11::basic_string<char, std::char_traits<char>, std::allocator<char> >&, int&, std::__cxx11::basic_string<char, std::char_traits<char>, std::allocator<char> >&, std::__cxx11::basic_string<char, std::char_traits<char>, std::allocator<char> > const&, std::__cxx11::basic_string<char, std::char_traits<char>, std::allocator<char> > const&) (stl_construct.h:97)
==268755== 
==268755== 1,680 bytes in 5 blocks are possibly lost in loss record 1,899 of 2,004
==268755==    at 0x4848899: malloc (in /usr/libexec/valgrind/vgpreload_memcheck-amd64-linux.so)
==268755==    by 0x56650FC: OPENSSL_sk_dup (in /usr/lib/x86_64-linux-gnu/libcrypto.so.3)
==268755==    by 0x53E4E2D: ??? (in /usr/lib/x86_64-linux-gnu/libssl.so.3)
==268755==    by 0x53EE955: SSL_CTX_set_cipher_list (in /usr/lib/x86_64-linux-gnu/libssl.so.3)
==268755==    by 0x48F8368: ??? (in /usr/lib/x86_64-linux-gnu/libmysqlclient.so.21.2.42)
==268755==    by 0x489A042: ??? (in /usr/lib/x86_64-linux-gnu/libmysqlclient.so.21.2.42)
==268755==    by 0x489AD71: ??? (in /usr/lib/x86_64-linux-gnu/libmysqlclient.so.21.2.42)
==268755==    by 0x48A3273: ??? (in /usr/lib/x86_64-linux-gnu/libmysqlclient.so.21.2.42)
==268755==    by 0x489EF82: mysql_real_connect (in /usr/lib/x86_64-linux-gnu/libmysqlclient.so.21.2.42)
==268755==    by 0x1EC2E1: cpp_dbc::MySQL::MySQLConnection::MySQLConnection(std::__cxx11::basic_string<char, std::char_traits<char>, std::allocator<char> > const&, int, std::__cxx11::basic_string<char, std::char_traits<char>, std::allocator<char> > const&, std::__cxx11::basic_string<char, std::char_traits<char>, std::allocator<char> > const&, std::__cxx11::basic_string<char, std::char_traits<char>, std::allocator<char> > const&) (driver_mysql.cpp:624)
==268755==    by 0x1F6A72: decltype (::new ((void*)(0)) cpp_dbc::MySQL::MySQLConnection((declval<std::__cxx11::basic_string<char, std::char_traits<char>, std::allocator<char> >&>)(), (declval<int&>)(), (declval<std::__cxx11::basic_string<char, std::char_traits<char>, std::allocator<char> >&>)(), (declval<std::__cxx11::basic_string<char, std::char_traits<char>, std::allocator<char> > const&>)(), (declval<std::__cxx11::basic_string<char, std::char_traits<char>, std::allocator<char> > const&>)())) std::construct_at<cpp_dbc::MySQL::MySQLConnection, std::__cxx11::basic_string<char, std::char_traits<char>, std::allocator<char> >&, int&, std::__cxx11::basic_string<char, std::char_traits<char>, std::allocator<char> >&, std::__cxx11::basic_string<char, std::char_traits<char>, std::allocator<char> > const&, std::__cxx11::basic_string<char, std::char_traits<char>, std::allocator<char> > const&>(cpp_dbc::MySQL::MySQLConnection*, std::__cxx11::basic_string<char, std::char_traits<char>, std::allocator<char> >&, int&, std::__cxx11::basic_string<char, std::char_traits<char>, std::allocator<char> >&, std::__cxx11::basic_string<char, std::char_traits<char>, std::allocator<char> > const&, std::__cxx11::basic_string<char, std::char_traits<char>, std::allocator<char> > const&) (stl_construct.h:97)
==268755==    by 0x1F6B2E: void std::allocator_traits<std::allocator<cpp_dbc::MySQL::MySQLConnection> >::construct<cpp_dbc::MySQL::MySQLConnection, std::__cxx11::basic_string<char, std::char_traits<char>, std::allocator<char> >&, int&, std::__cxx11::basic_string<char, std::char_traits<char>, std::allocator<char> >&, std::__cxx11::basic_string<char, std::char_traits<char>, std::allocator<char> > const&, std::__cxx11::basic_string<char, std::char_traits<char>, std::allocator<char> > const&>(std::allocator<cpp_dbc::MySQL::MySQLConnection>&, cpp_dbc::MySQL::MySQLConnection*, std::__cxx11::basic_string<char, std::char_traits<char>, std::allocator<char> >&, int&, std::__cxx11::basic_string<char, std::char_traits<char>, std::allocator<char> >&, std::__cxx11::basic_string<char, std::char_traits<char>, std::allocator<char> > const&, std::__cxx11::basic_string<char, std::char_traits<char>, std::allocator<char> > const&) (alloc_traits.h:518)
==268755== 
==268755== 1,696 bytes in 35 blocks are still reachable in loss record 1,900 of 2,004
==268755==    at 0x4849013: operator new(unsigned long) (in /usr/libexec/valgrind/vgpreload_memcheck-amd64-linux.so)
==268755==    by 0x15E0F3: __gnu_cxx::new_allocator<std::__cxx11::basic_string<char, std::char_traits<char>, std::allocator<char> > >::allocate(unsigned long, void const*) (new_allocator.h:127)
==268755==    by 0x15A22F: allocate (allocator.h:185)
==268755==    by 0x15A22F: std::allocator_traits<std::allocator<std::__cxx11::basic_string<char, std::char_traits<char>, std::allocator<char> > > >::allocate(std::allocator<std::__cxx11::basic_string<char, std::char_traits<char>, std::allocator<char> > >&, unsigned long) (alloc_traits.h:464)
==268755==    by 0x157431: std::_Vector_base<std::__cxx11::basic_string<char, std::char_traits<char>, std::allocator<char> >, std::allocator<std::__cxx11::basic_string<char, std::char_traits<char>, std::allocator<char> > > >::_M_allocate(unsigned long) (stl_vector.h:346)
==268755==    by 0x1749F0: std::_Vector_base<std::__cxx11::basic_string<char, std::char_traits<char>, std::allocator<char> >, std::allocator<std::__cxx11::basic_string<char, std::char_traits<char>, std::allocator<char> > > >::_M_create_storage(unsigned long) (stl_vector.h:361)
==268755==    by 0x173340: std::_Vector_base<std::__cxx11::basic_string<char, std::char_traits<char>, std::allocator<char> >, std::allocator<std::__cxx11::basic_string<char, std::char_traits<char>, std::allocator<char> > > >::_Vector_base(unsigned long, std::allocator<std::__cxx11::basic_string<char, std::char_traits<char>, std::allocator<char> > > const&) (stl_vector.h:305)
==268755==    by 0x171B54: std::vector<std::__cxx11::basic_string<char, std::char_traits<char>, std::allocator<char> >, std::allocator<std::__cxx11::basic_string<char, std::char_traits<char>, std::allocator<char> > > >::vector(std::vector<std::__cxx11::basic_string<char, std::char_traits<char>, std::allocator<char> >, std::allocator<std::__cxx11::basic_string<char, std::char_traits<char>, std::allocator<char> > > > const&) (stl_vector.h:555)
==268755==    by 0x20D056: Catch::Clara::Opt::Opt(Catch::Clara::Opt const&) (catch_clara.hpp:540)
==268755==    by 0x211B31: void std::_Construct<Catch::Clara::Opt, Catch::Clara::Opt const&>(Catch::Clara::Opt*, Catch::Clara::Opt const&) (stl_construct.h:119)
==268755==    by 0x210EA7: Catch::Clara::Opt* std::__uninitialized_copy<false>::__uninit_copy<__gnu_cxx::__normal_iterator<Catch::Clara::Opt const*, std::vector<Catch::Clara::Opt, std::allocator<Catch::Clara::Opt> > >, Catch::Clara::Opt*>(__gnu_cxx::__normal_iterator<Catch::Clara::Opt const*, std::vector<Catch::Clara::Opt, std::allocator<Catch::Clara::Opt> > >, __gnu_cxx::__normal_iterator<Catch::Clara::Opt const*, std::vector<Catch::Clara::Opt, std::allocator<Catch::Clara::Opt> > >, Catch::Clara::Opt*) (stl_uninitialized.h:92)
==268755==    by 0x20FCEC: Catch::Clara::Opt* std::uninitialized_copy<__gnu_cxx::__normal_iterator<Catch::Clara::Opt const*, std::vector<Catch::Clara::Opt, std::allocator<Catch::Clara::Opt> > >, Catch::Clara::Opt*>(__gnu_cxx::__normal_iterator<Catch::Clara::Opt const*, std::vector<Catch::Clara::Opt, std::allocator<Catch::Clara::Opt> > >, __gnu_cxx::__normal_iterator<Catch::Clara::Opt const*, std::vector<Catch::Clara::Opt, std::allocator<Catch::Clara::Opt> > >, Catch::Clara::Opt*) (stl_uninitialized.h:151)
==268755==    by 0x20E5E3: Catch::Clara::Opt* std::__uninitialized_copy_a<__gnu_cxx::__normal_iterator<Catch::Clara::Opt const*, std::vector<Catch::Clara::Opt, std::allocator<Catch::Clara::Opt> > >, Catch::Clara::Opt*, Catch::Clara::Opt>(__gnu_cxx::__normal_iterator<Catch::Clara::Opt const*, std::vector<Catch::Clara::Opt, std::allocator<Catch::Clara::Opt> > >, __gnu_cxx::__normal_iterator<Catch::Clara::Opt const*, std::vector<Catch::Clara::Opt, std::allocator<Catch::Clara::Opt> > >, Catch::Clara::Opt*, std::allocator<Catch::Clara::Opt>&) (stl_uninitialized.h:333)
==268755== 
==268755== 1,756 bytes in 82 blocks are still reachable in loss record 1,901 of 2,004
==268755==    at 0x4848899: malloc (in /usr/libexec/valgrind/vgpreload_memcheck-amd64-linux.so)
==268755==    by 0x56177D2: CRYPTO_strndup (in /usr/lib/x86_64-linux-gnu/libcrypto.so.3)
==268755==    by 0x5619521: ??? (in /usr/lib/x86_64-linux-gnu/libcrypto.so.3)
==268755==    by 0x5615FC0: ??? (in /usr/lib/x86_64-linux-gnu/libcrypto.so.3)
==268755==    by 0x560C486: OPENSSL_LH_doall_arg (in /usr/lib/x86_64-linux-gnu/libcrypto.so.3)
==268755==    by 0x562D2EA: OBJ_NAME_do_all (in /usr/lib/x86_64-linux-gnu/libcrypto.so.3)
==268755==    by 0x5615B29: ??? (in /usr/lib/x86_64-linux-gnu/libcrypto.so.3)
==268755==    by 0x56F4A6B: ??? (in /usr/lib/x86_64-linux-gnu/libcrypto.so.3)
==268755==    by 0x55EC302: EVP_CIPHER_fetch (in /usr/lib/x86_64-linux-gnu/libcrypto.so.3)
==268755==    by 0x53F137A: ??? (in /usr/lib/x86_64-linux-gnu/libssl.so.3)
==268755==    by 0x53F5161: SSL_CTX_new_ex (in /usr/lib/x86_64-linux-gnu/libssl.so.3)
==268755==    by 0x48F8280: ??? (in /usr/lib/x86_64-linux-gnu/libmysqlclient.so.21.2.42)
==268755== 
==268755== 1,760 bytes in 10 blocks are still reachable in loss record 1,902 of 2,004
==268755==    at 0x4848899: malloc (in /usr/libexec/valgrind/vgpreload_memcheck-amd64-linux.so)
==268755==    by 0x561679D: CRYPTO_zalloc (in /usr/lib/x86_64-linux-gnu/libcrypto.so.3)
==268755==    by 0x560BE3C: OPENSSL_LH_new (in /usr/lib/x86_64-linux-gnu/libcrypto.so.3)
==268755==    by 0x5647F0F: ??? (in /usr/lib/x86_64-linux-gnu/libcrypto.so.3)
==268755==    by 0x55EBA69: ??? (in /usr/lib/x86_64-linux-gnu/libcrypto.so.3)
==268755==    by 0x560B85B: ??? (in /usr/lib/x86_64-linux-gnu/libcrypto.so.3)
==268755==    by 0x560B71B: ??? (in /usr/lib/x86_64-linux-gnu/libcrypto.so.3)
==268755==    by 0x562AD6A: ??? (in /usr/lib/x86_64-linux-gnu/libcrypto.so.3)
==268755==    by 0x56F44E7: ??? (in /usr/lib/x86_64-linux-gnu/libcrypto.so.3)
==268755==    by 0x56F4B3D: ??? (in /usr/lib/x86_64-linux-gnu/libcrypto.so.3)
==268755==    by 0x560BAEE: EVP_SIGNATURE_fetch (in /usr/lib/x86_64-linux-gnu/libcrypto.so.3)
==268755==    by 0x53F522E: SSL_CTX_new_ex (in /usr/lib/x86_64-linux-gnu/libssl.so.3)
==268755== 
==268755== 1,763 bytes in 124 blocks are still reachable in loss record 1,903 of 2,004
==268755==    at 0x4848899: malloc (in /usr/libexec/valgrind/vgpreload_memcheck-amd64-linux.so)
==268755==    by 0x56177D2: CRYPTO_strndup (in /usr/lib/x86_64-linux-gnu/libcrypto.so.3)
==268755==    by 0x56FC850: ??? (in /usr/lib/x86_64-linux-gnu/libcrypto.so.3)
==268755==    by 0x55F4EA7: ??? (in /usr/lib/x86_64-linux-gnu/libcrypto.so.3)
==268755==    by 0x55EBB09: ??? (in /usr/lib/x86_64-linux-gnu/libcrypto.so.3)
==268755==    by 0x560B7F8: ??? (in /usr/lib/x86_64-linux-gnu/libcrypto.so.3)
==268755==    by 0x560B71B: ??? (in /usr/lib/x86_64-linux-gnu/libcrypto.so.3)
==268755==    by 0x562AD6A: ??? (in /usr/lib/x86_64-linux-gnu/libcrypto.so.3)
==268755==    by 0x56F44E7: ??? (in /usr/lib/x86_64-linux-gnu/libcrypto.so.3)
==268755==    by 0x56F4B3D: ??? (in /usr/lib/x86_64-linux-gnu/libcrypto.so.3)
==268755==    by 0x55EC302: EVP_CIPHER_fetch (in /usr/lib/x86_64-linux-gnu/libcrypto.so.3)
==268755==    by 0x53F137A: ??? (in /usr/lib/x86_64-linux-gnu/libssl.so.3)
==268755== 
==268755== 1,765 bytes in 1 blocks are still reachable in loss record 1,904 of 2,004
==268755==    at 0x4848899: malloc (in /usr/libexec/valgrind/vgpreload_memcheck-amd64-linux.so)
==268755==    by 0x526DAC2: __tzfile_read (tzfile.c:275)
==268755==    by 0x526CC23: tzset_internal (tzset.c:405)
==268755==    by 0x526D5A6: __tz_convert (tzset.c:577)
==268755==    by 0x5617A6D: OPENSSL_gmtime (in /usr/lib/x86_64-linux-gnu/libcrypto.so.3)
==268755==    by 0x551F1FA: ASN1_TIME_adj (in /usr/lib/x86_64-linux-gnu/libcrypto.so.3)
==268755==    by 0x5692F9A: X509_time_adj_ex (in /usr/lib/x86_64-linux-gnu/libcrypto.so.3)
==268755==    by 0x56930D4: X509_cmp_time (in /usr/lib/x86_64-linux-gnu/libcrypto.so.3)
==268755==    by 0x5693F5C: ??? (in /usr/lib/x86_64-linux-gnu/libcrypto.so.3)
==268755==    by 0x569426F: ??? (in /usr/lib/x86_64-linux-gnu/libcrypto.so.3)
==268755==    by 0x569708A: ??? (in /usr/lib/x86_64-linux-gnu/libcrypto.so.3)
==268755==    by 0x56976A5: ??? (in /usr/lib/x86_64-linux-gnu/libcrypto.so.3)
==268755== 
==268755== 1,776 bytes in 74 blocks are still reachable in loss record 1,905 of 2,004
==268755==    at 0x4848899: malloc (in /usr/libexec/valgrind/vgpreload_memcheck-amd64-linux.so)
==268755==    by 0x560C185: OPENSSL_LH_insert (in /usr/lib/x86_64-linux-gnu/libcrypto.so.3)
==268755==    by 0x56FD672: ??? (in /usr/lib/x86_64-linux-gnu/libcrypto.so.3)
==268755==    by 0x55CA89F: ERR_load_strings_const (in /usr/lib/x86_64-linux-gnu/libcrypto.so.3)
==268755==    by 0x561D37D: ??? (in /usr/lib/x86_64-linux-gnu/libcrypto.so.3)
==268755==    by 0x522BEE7: __pthread_once_slow (pthread_once.c:116)
==268755==    by 0x5621C9C: CRYPTO_THREAD_run_once (in /usr/lib/x86_64-linux-gnu/libcrypto.so.3)
==268755==    by 0x561E992: OPENSSL_init_crypto (in /usr/lib/x86_64-linux-gnu/libcrypto.so.3)
==268755==    by 0x55CC336: ??? (in /usr/lib/x86_64-linux-gnu/libcrypto.so.3)
==268755==    by 0x55CCCFC: ERR_set_mark (in /usr/lib/x86_64-linux-gnu/libcrypto.so.3)
==268755==    by 0x55790E1: CONF_modules_load_file_ex (in /usr/lib/x86_64-linux-gnu/libcrypto.so.3)
==268755==    by 0x561E19F: ??? (in /usr/lib/x86_64-linux-gnu/libcrypto.so.3)
==268755== 
==268755== 1,792 bytes in 4 blocks are still reachable in loss record 1,906 of 2,004
==268755==    at 0x4848899: malloc (in /usr/libexec/valgrind/vgpreload_memcheck-amd64-linux.so)
==268755==    by 0x561679D: CRYPTO_zalloc (in /usr/lib/x86_64-linux-gnu/libcrypto.so.3)
==268755==    by 0x569BF2D: ??? (in /usr/lib/x86_64-linux-gnu/libcrypto.so.3)
==268755==    by 0x55F4A00: ??? (in /usr/lib/x86_64-linux-gnu/libcrypto.so.3)
==268755==    by 0x55F4C7E: EVP_CipherInit_ex (in /usr/lib/x86_64-linux-gnu/libcrypto.so.3)
==268755==    by 0x56DF2B1: ??? (in /usr/lib/x86_64-linux-gnu/libcrypto.so.3)
==268755==    by 0x56DF612: ??? (in /usr/lib/x86_64-linux-gnu/libcrypto.so.3)
==268755==    by 0x55F7637: EVP_RAND_instantiate (in /usr/lib/x86_64-linux-gnu/libcrypto.so.3)
==268755==    by 0x5649661: ??? (in /usr/lib/x86_64-linux-gnu/libcrypto.so.3)
==268755==    by 0x5649E27: RAND_get0_public (in /usr/lib/x86_64-linux-gnu/libcrypto.so.3)
==268755==    by 0x5649EE7: RAND_bytes_ex (in /usr/lib/x86_64-linux-gnu/libcrypto.so.3)
==268755==    by 0x53F5779: SSL_CTX_new_ex (in /usr/lib/x86_64-linux-gnu/libssl.so.3)
==268755== 
==268755== 1,792 bytes in 4 blocks are still reachable in loss record 1,907 of 2,004
==268755==    at 0x4848899: malloc (in /usr/libexec/valgrind/vgpreload_memcheck-amd64-linux.so)
==268755==    by 0x561679D: CRYPTO_zalloc (in /usr/lib/x86_64-linux-gnu/libcrypto.so.3)
==268755==    by 0x569C82D: ??? (in /usr/lib/x86_64-linux-gnu/libcrypto.so.3)
==268755==    by 0x55F4A00: ??? (in /usr/lib/x86_64-linux-gnu/libcrypto.so.3)
==268755==    by 0x55F4C7E: EVP_CipherInit_ex (in /usr/lib/x86_64-linux-gnu/libcrypto.so.3)
==268755==    by 0x56DF2D3: ??? (in /usr/lib/x86_64-linux-gnu/libcrypto.so.3)
==268755==    by 0x56DF612: ??? (in /usr/lib/x86_64-linux-gnu/libcrypto.so.3)
==268755==    by 0x55F7637: EVP_RAND_instantiate (in /usr/lib/x86_64-linux-gnu/libcrypto.so.3)
==268755==    by 0x5649661: ??? (in /usr/lib/x86_64-linux-gnu/libcrypto.so.3)
==268755==    by 0x5649E27: RAND_get0_public (in /usr/lib/x86_64-linux-gnu/libcrypto.so.3)
==268755==    by 0x5649EE7: RAND_bytes_ex (in /usr/lib/x86_64-linux-gnu/libcrypto.so.3)
==268755==    by 0x53F5779: SSL_CTX_new_ex (in /usr/lib/x86_64-linux-gnu/libssl.so.3)
==268755== 
==268755== 1,792 bytes in 4 blocks are still reachable in loss record 1,908 of 2,004
==268755==    at 0x4848899: malloc (in /usr/libexec/valgrind/vgpreload_memcheck-amd64-linux.so)
==268755==    by 0x561679D: CRYPTO_zalloc (in /usr/lib/x86_64-linux-gnu/libcrypto.so.3)
==268755==    by 0x569BF2D: ??? (in /usr/lib/x86_64-linux-gnu/libcrypto.so.3)
==268755==    by 0x55F4A00: ??? (in /usr/lib/x86_64-linux-gnu/libcrypto.so.3)
==268755==    by 0x55F4C7E: EVP_CipherInit_ex (in /usr/lib/x86_64-linux-gnu/libcrypto.so.3)
==268755==    by 0x56DF320: ??? (in /usr/lib/x86_64-linux-gnu/libcrypto.so.3)
==268755==    by 0x56DF612: ??? (in /usr/lib/x86_64-linux-gnu/libcrypto.so.3)
==268755==    by 0x55F7637: EVP_RAND_instantiate (in /usr/lib/x86_64-linux-gnu/libcrypto.so.3)
==268755==    by 0x5649661: ??? (in /usr/lib/x86_64-linux-gnu/libcrypto.so.3)
==268755==    by 0x5649E27: RAND_get0_public (in /usr/lib/x86_64-linux-gnu/libcrypto.so.3)
==268755==    by 0x5649EE7: RAND_bytes_ex (in /usr/lib/x86_64-linux-gnu/libcrypto.so.3)
==268755==    by 0x53F5779: SSL_CTX_new_ex (in /usr/lib/x86_64-linux-gnu/libssl.so.3)
==268755== 
==268755== 1,792 bytes in 4 blocks are still reachable in loss record 1,909 of 2,004
==268755==    at 0x4848899: malloc (in /usr/libexec/valgrind/vgpreload_memcheck-amd64-linux.so)
==268755==    by 0x561679D: CRYPTO_zalloc (in /usr/lib/x86_64-linux-gnu/libcrypto.so.3)
==268755==    by 0x569BF2D: ??? (in /usr/lib/x86_64-linux-gnu/libcrypto.so.3)
==268755==    by 0x55F4A00: ??? (in /usr/lib/x86_64-linux-gnu/libcrypto.so.3)
==268755==    by 0x55F4C7E: EVP_CipherInit_ex (in /usr/lib/x86_64-linux-gnu/libcrypto.so.3)
==268755==    by 0x56DF2B1: ??? (in /usr/lib/x86_64-linux-gnu/libcrypto.so.3)
==268755==    by 0x56DF612: ??? (in /usr/lib/x86_64-linux-gnu/libcrypto.so.3)
==268755==    by 0x55F7637: EVP_RAND_instantiate (in /usr/lib/x86_64-linux-gnu/libcrypto.so.3)
==268755==    by 0x5649661: ??? (in /usr/lib/x86_64-linux-gnu/libcrypto.so.3)
==268755==    by 0x564A097: RAND_get0_private (in /usr/lib/x86_64-linux-gnu/libcrypto.so.3)
==268755==    by 0x564A157: RAND_priv_bytes_ex (in /usr/lib/x86_64-linux-gnu/libcrypto.so.3)
==268755==    by 0x53F5AA2: SSL_CTX_new_ex (in /usr/lib/x86_64-linux-gnu/libssl.so.3)
==268755== 
==268755== 1,792 bytes in 4 blocks are still reachable in loss record 1,910 of 2,004
==268755==    at 0x4848899: malloc (in /usr/libexec/valgrind/vgpreload_memcheck-amd64-linux.so)
==268755==    by 0x561679D: CRYPTO_zalloc (in /usr/lib/x86_64-linux-gnu/libcrypto.so.3)
==268755==    by 0x569C82D: ??? (in /usr/lib/x86_64-linux-gnu/libcrypto.so.3)
==268755==    by 0x55F4A00: ??? (in /usr/lib/x86_64-linux-gnu/libcrypto.so.3)
==268755==    by 0x55F4C7E: EVP_CipherInit_ex (in /usr/lib/x86_64-linux-gnu/libcrypto.so.3)
==268755==    by 0x56DF2D3: ??? (in /usr/lib/x86_64-linux-gnu/libcrypto.so.3)
==268755==    by 0x56DF612: ??? (in /usr/lib/x86_64-linux-gnu/libcrypto.so.3)
==268755==    by 0x55F7637: EVP_RAND_instantiate (in /usr/lib/x86_64-linux-gnu/libcrypto.so.3)
==268755==    by 0x5649661: ??? (in /usr/lib/x86_64-linux-gnu/libcrypto.so.3)
==268755==    by 0x564A097: RAND_get0_private (in /usr/lib/x86_64-linux-gnu/libcrypto.so.3)
==268755==    by 0x564A157: RAND_priv_bytes_ex (in /usr/lib/x86_64-linux-gnu/libcrypto.so.3)
==268755==    by 0x53F5AA2: SSL_CTX_new_ex (in /usr/lib/x86_64-linux-gnu/libssl.so.3)
==268755== 
==268755== 1,792 bytes in 4 blocks are still reachable in loss record 1,911 of 2,004
==268755==    at 0x4848899: malloc (in /usr/libexec/valgrind/vgpreload_memcheck-amd64-linux.so)
==268755==    by 0x561679D: CRYPTO_zalloc (in /usr/lib/x86_64-linux-gnu/libcrypto.so.3)
==268755==    by 0x569BF2D: ??? (in /usr/lib/x86_64-linux-gnu/libcrypto.so.3)
==268755==    by 0x55F4A00: ??? (in /usr/lib/x86_64-linux-gnu/libcrypto.so.3)
==268755==    by 0x55F4C7E: EVP_CipherInit_ex (in /usr/lib/x86_64-linux-gnu/libcrypto.so.3)
==268755==    by 0x56DF320: ??? (in /usr/lib/x86_64-linux-gnu/libcrypto.so.3)
==268755==    by 0x56DF612: ??? (in /usr/lib/x86_64-linux-gnu/libcrypto.so.3)
==268755==    by 0x55F7637: EVP_RAND_instantiate (in /usr/lib/x86_64-linux-gnu/libcrypto.so.3)
==268755==    by 0x5649661: ??? (in /usr/lib/x86_64-linux-gnu/libcrypto.so.3)
==268755==    by 0x564A097: RAND_get0_private (in /usr/lib/x86_64-linux-gnu/libcrypto.so.3)
==268755==    by 0x564A157: RAND_priv_bytes_ex (in /usr/lib/x86_64-linux-gnu/libcrypto.so.3)
==268755==    by 0x53F5AA2: SSL_CTX_new_ex (in /usr/lib/x86_64-linux-gnu/libssl.so.3)
==268755== 
==268755== 1,792 bytes in 16 blocks are still reachable in loss record 1,912 of 2,004
==268755==    at 0x4849013: operator new(unsigned long) (in /usr/libexec/valgrind/vgpreload_memcheck-amd64-linux.so)
==268755==    by 0x2EE3C7: __gnu_cxx::new_allocator<std::pair<YAML::detail::node*, YAML::detail::node*> >::allocate(unsigned long, void const*) (new_allocator.h:127)
==268755==    by 0x2EE0F1: std::allocator_traits<std::allocator<std::pair<YAML::detail::node*, YAML::detail::node*> > >::allocate(std::allocator<std::pair<YAML::detail::node*, YAML::detail::node*> >&, unsigned long) (alloc_traits.h:464)
==268755==    by 0x2EDD3F: std::_Vector_base<std::pair<YAML::detail::node*, YAML::detail::node*>, std::allocator<std::pair<YAML::detail::node*, YAML::detail::node*> > >::_M_allocate(unsigned long) (stl_vector.h:346)
==268755==    by 0x2ED6A4: void std::vector<std::pair<YAML::detail::node*, YAML::detail::node*>, std::allocator<std::pair<YAML::detail::node*, YAML::detail::node*> > >::_M_realloc_insert<YAML::detail::node*, YAML::detail::node*>(__gnu_cxx::__normal_iterator<std::pair<YAML::detail::node*, YAML::detail::node*>*, std::vector<std::pair<YAML::detail::node*, YAML::detail::node*>, std::allocator<std::pair<YAML::detail::node*, YAML::detail::node*> > > >, YAML::detail::node*&&, YAML::detail::node*&&) (vector.tcc:440)
==268755==    by 0x2ECEB3: std::pair<YAML::detail::node*, YAML::detail::node*>& std::vector<std::pair<YAML::detail::node*, YAML::detail::node*>, std::allocator<std::pair<YAML::detail::node*, YAML::detail::node*> > >::emplace_back<YAML::detail::node*, YAML::detail::node*>(YAML::detail::node*&&, YAML::detail::node*&&) (vector.tcc:121)
==268755==    by 0x2EBE48: YAML::detail::node_data::insert_map_pair(YAML::detail::node&, YAML::detail::node&) (node_data.cpp:283)
==268755==    by 0x2EB8FF: YAML::detail::node_data::insert(YAML::detail::node&, YAML::detail::node&, std::shared_ptr<YAML::detail::memory_holder> const&) (node_data.cpp:206)
==268755==    by 0x310970: YAML::detail::node_ref::insert(YAML::detail::node&, YAML::detail::node&, std::shared_ptr<YAML::detail::memory_holder>) (node_ref.h:58)
==268755==    by 0x310BB8: YAML::detail::node::insert(YAML::detail::node&, YAML::detail::node&, std::shared_ptr<YAML::detail::memory_holder>) (node.h:120)
==268755==    by 0x3106DA: YAML::NodeBuilder::Pop() (nodebuilder.cpp:117)
==268755==    by 0x310204: YAML::NodeBuilder::OnScalar(YAML::Mark const&, std::__cxx11::basic_string<char, std::char_traits<char>, std::allocator<char> > const&, unsigned long, std::__cxx11::basic_string<char, std::char_traits<char>, std::allocator<char> > const&) (nodebuilder.cpp:52)
==268755== 
==268755== 1,792 bytes in 8 blocks are possibly lost in loss record 1,913 of 2,004
==268755==    at 0x4848899: malloc (in /usr/libexec/valgrind/vgpreload_memcheck-amd64-linux.so)
==268755==    by 0x561679D: CRYPTO_zalloc (in /usr/lib/x86_64-linux-gnu/libcrypto.so.3)
==268755==    by 0x5651EFC: ??? (in /usr/lib/x86_64-linux-gnu/libcrypto.so.3)
==268755==    by 0x56527A4: ??? (in /usr/lib/x86_64-linux-gnu/libcrypto.so.3)
==268755==    by 0x552C1F7: ??? (in /usr/lib/x86_64-linux-gnu/libcrypto.so.3)
==268755==    by 0x552E176: ??? (in /usr/lib/x86_64-linux-gnu/libcrypto.so.3)
==268755==    by 0x552E492: ASN1_item_d2i_ex (in /usr/lib/x86_64-linux-gnu/libcrypto.so.3)
==268755==    by 0x5651CBE: ??? (in /usr/lib/x86_64-linux-gnu/libcrypto.so.3)
==268755==    by 0x569F8E0: ??? (in /usr/lib/x86_64-linux-gnu/libcrypto.so.3)
==268755==    by 0x569FA9C: ??? (in /usr/lib/x86_64-linux-gnu/libcrypto.so.3)
==268755==    by 0x552DB9A: ??? (in /usr/lib/x86_64-linux-gnu/libcrypto.so.3)
==268755==    by 0x552E492: ASN1_item_d2i_ex (in /usr/lib/x86_64-linux-gnu/libcrypto.so.3)
==268755== 
==268755== 1,968 bytes in 82 blocks are still reachable in loss record 1,914 of 2,004
==268755==    at 0x4848899: malloc (in /usr/libexec/valgrind/vgpreload_memcheck-amd64-linux.so)
==268755==    by 0x560C185: OPENSSL_LH_insert (in /usr/lib/x86_64-linux-gnu/libcrypto.so.3)
==268755==    by 0x56FD672: ??? (in /usr/lib/x86_64-linux-gnu/libcrypto.so.3)
==268755==    by 0x55CA89F: ERR_load_strings_const (in /usr/lib/x86_64-linux-gnu/libcrypto.so.3)
==268755==    by 0x561D233: ??? (in /usr/lib/x86_64-linux-gnu/libcrypto.so.3)
==268755==    by 0x522BEE7: __pthread_once_slow (pthread_once.c:116)
==268755==    by 0x5621C9C: CRYPTO_THREAD_run_once (in /usr/lib/x86_64-linux-gnu/libcrypto.so.3)
==268755==    by 0x561E992: OPENSSL_init_crypto (in /usr/lib/x86_64-linux-gnu/libcrypto.so.3)
==268755==    by 0x55CC336: ??? (in /usr/lib/x86_64-linux-gnu/libcrypto.so.3)
==268755==    by 0x55CCCFC: ERR_set_mark (in /usr/lib/x86_64-linux-gnu/libcrypto.so.3)
==268755==    by 0x55790E1: CONF_modules_load_file_ex (in /usr/lib/x86_64-linux-gnu/libcrypto.so.3)
==268755==    by 0x561E19F: ??? (in /usr/lib/x86_64-linux-gnu/libcrypto.so.3)
==268755== 
==268755== 1,968 bytes in 82 blocks are still reachable in loss record 1,915 of 2,004
==268755==    at 0x4848899: malloc (in /usr/libexec/valgrind/vgpreload_memcheck-amd64-linux.so)
==268755==    by 0x560C185: OPENSSL_LH_insert (in /usr/lib/x86_64-linux-gnu/libcrypto.so.3)
==268755==    by 0x5619542: ??? (in /usr/lib/x86_64-linux-gnu/libcrypto.so.3)
==268755==    by 0x5615E27: ??? (in /usr/lib/x86_64-linux-gnu/libcrypto.so.3)
==268755==    by 0x5615F09: ??? (in /usr/lib/x86_64-linux-gnu/libcrypto.so.3)
==268755==    by 0x560C486: OPENSSL_LH_doall_arg (in /usr/lib/x86_64-linux-gnu/libcrypto.so.3)
==268755==    by 0x562D2EA: OBJ_NAME_do_all (in /usr/lib/x86_64-linux-gnu/libcrypto.so.3)
==268755==    by 0x5615B29: ??? (in /usr/lib/x86_64-linux-gnu/libcrypto.so.3)
==268755==    by 0x56F4A6B: ??? (in /usr/lib/x86_64-linux-gnu/libcrypto.so.3)
==268755==    by 0x55EC302: EVP_CIPHER_fetch (in /usr/lib/x86_64-linux-gnu/libcrypto.so.3)
==268755==    by 0x53F137A: ??? (in /usr/lib/x86_64-linux-gnu/libssl.so.3)
==268755==    by 0x53F5161: SSL_CTX_new_ex (in /usr/lib/x86_64-linux-gnu/libssl.so.3)
==268755== 
==268755== 1,968 bytes in 82 blocks are still reachable in loss record 1,916 of 2,004
==268755==    at 0x4848899: malloc (in /usr/libexec/valgrind/vgpreload_memcheck-amd64-linux.so)
==268755==    by 0x560C185: OPENSSL_LH_insert (in /usr/lib/x86_64-linux-gnu/libcrypto.so.3)
==268755==    by 0x5619542: ??? (in /usr/lib/x86_64-linux-gnu/libcrypto.so.3)
==268755==    by 0x5615FC0: ??? (in /usr/lib/x86_64-linux-gnu/libcrypto.so.3)
==268755==    by 0x560C486: OPENSSL_LH_doall_arg (in /usr/lib/x86_64-linux-gnu/libcrypto.so.3)
==268755==    by 0x562D2EA: OBJ_NAME_do_all (in /usr/lib/x86_64-linux-gnu/libcrypto.so.3)
==268755==    by 0x5615B29: ??? (in /usr/lib/x86_64-linux-gnu/libcrypto.so.3)
==268755==    by 0x56F4A6B: ??? (in /usr/lib/x86_64-linux-gnu/libcrypto.so.3)
==268755==    by 0x55EC302: EVP_CIPHER_fetch (in /usr/lib/x86_64-linux-gnu/libcrypto.so.3)
==268755==    by 0x53F137A: ??? (in /usr/lib/x86_64-linux-gnu/libssl.so.3)
==268755==    by 0x53F5161: SSL_CTX_new_ex (in /usr/lib/x86_64-linux-gnu/libssl.so.3)
==268755==    by 0x48F8280: ??? (in /usr/lib/x86_64-linux-gnu/libmysqlclient.so.21.2.42)
==268755== 
==268755== 2,016 bytes in 84 blocks are still reachable in loss record 1,917 of 2,004
==268755==    at 0x4848899: malloc (in /usr/libexec/valgrind/vgpreload_memcheck-amd64-linux.so)
==268755==    by 0x560C185: OPENSSL_LH_insert (in /usr/lib/x86_64-linux-gnu/libcrypto.so.3)
==268755==    by 0x56FD672: ??? (in /usr/lib/x86_64-linux-gnu/libcrypto.so.3)
==268755==    by 0x55CA89F: ERR_load_strings_const (in /usr/lib/x86_64-linux-gnu/libcrypto.so.3)
==268755==    by 0x561D2D3: ??? (in /usr/lib/x86_64-linux-gnu/libcrypto.so.3)
==268755==    by 0x522BEE7: __pthread_once_slow (pthread_once.c:116)
==268755==    by 0x5621C9C: CRYPTO_THREAD_run_once (in /usr/lib/x86_64-linux-gnu/libcrypto.so.3)
==268755==    by 0x561E992: OPENSSL_init_crypto (in /usr/lib/x86_64-linux-gnu/libcrypto.so.3)
==268755==    by 0x55CC336: ??? (in /usr/lib/x86_64-linux-gnu/libcrypto.so.3)
==268755==    by 0x55CCCFC: ERR_set_mark (in /usr/lib/x86_64-linux-gnu/libcrypto.so.3)
==268755==    by 0x55790E1: CONF_modules_load_file_ex (in /usr/lib/x86_64-linux-gnu/libcrypto.so.3)
==268755==    by 0x561E19F: ??? (in /usr/lib/x86_64-linux-gnu/libcrypto.so.3)
==268755== 
==268755== 2,048 bytes in 1 blocks are still reachable in loss record 1,918 of 2,004
==268755==    at 0x484DCD3: realloc (in /usr/libexec/valgrind/vgpreload_memcheck-amd64-linux.so)
==268755==    by 0x560C133: OPENSSL_LH_insert (in /usr/lib/x86_64-linux-gnu/libcrypto.so.3)
==268755==    by 0x5619542: ??? (in /usr/lib/x86_64-linux-gnu/libcrypto.so.3)
==268755==    by 0x56F41B3: ??? (in /usr/lib/x86_64-linux-gnu/libcrypto.so.3)
==268755==    by 0x55EBAFA: ??? (in /usr/lib/x86_64-linux-gnu/libcrypto.so.3)
==268755==    by 0x560B7F8: ??? (in /usr/lib/x86_64-linux-gnu/libcrypto.so.3)
==268755==    by 0x560B71B: ??? (in /usr/lib/x86_64-linux-gnu/libcrypto.so.3)
==268755==    by 0x562AD6A: ??? (in /usr/lib/x86_64-linux-gnu/libcrypto.so.3)
==268755==    by 0x56F44E7: ??? (in /usr/lib/x86_64-linux-gnu/libcrypto.so.3)
==268755==    by 0x56F4B3D: ??? (in /usr/lib/x86_64-linux-gnu/libcrypto.so.3)
==268755==    by 0x55EC302: EVP_CIPHER_fetch (in /usr/lib/x86_64-linux-gnu/libcrypto.so.3)
==268755==    by 0x53F137A: ??? (in /usr/lib/x86_64-linux-gnu/libssl.so.3)
==268755== 
==268755== 2,048 bytes in 8 blocks are possibly lost in loss record 1,919 of 2,004
==268755==    at 0x4848899: malloc (in /usr/libexec/valgrind/vgpreload_memcheck-amd64-linux.so)
==268755==    by 0x552D1DE: ??? (in /usr/lib/x86_64-linux-gnu/libcrypto.so.3)
==268755==    by 0x552E048: ??? (in /usr/lib/x86_64-linux-gnu/libcrypto.so.3)
==268755==    by 0x552F3E7: ??? (in /usr/lib/x86_64-linux-gnu/libcrypto.so.3)
==268755==    by 0x552DD18: ??? (in /usr/lib/x86_64-linux-gnu/libcrypto.so.3)
==268755==    by 0x552E492: ASN1_item_d2i_ex (in /usr/lib/x86_64-linux-gnu/libcrypto.so.3)
==268755==    by 0x54221C2: ??? (in /usr/lib/x86_64-linux-gnu/libssl.so.3)
==268755==    by 0x541EA94: ??? (in /usr/lib/x86_64-linux-gnu/libssl.so.3)
==268755==    by 0x5420697: ??? (in /usr/lib/x86_64-linux-gnu/libssl.so.3)
==268755==    by 0x48F8F69: ??? (in /usr/lib/x86_64-linux-gnu/libmysqlclient.so.21.2.42)
==268755==    by 0x489A12C: ??? (in /usr/lib/x86_64-linux-gnu/libmysqlclient.so.21.2.42)
==268755==    by 0x489AD71: ??? (in /usr/lib/x86_64-linux-gnu/libmysqlclient.so.21.2.42)
==268755== 
==268755== 2,080 bytes in 4 blocks are possibly lost in loss record 1,920 of 2,004
==268755==    at 0x4848899: malloc (in /usr/libexec/valgrind/vgpreload_memcheck-amd64-linux.so)
==268755==    by 0x561679D: CRYPTO_zalloc (in /usr/lib/x86_64-linux-gnu/libcrypto.so.3)
==268755==    by 0x5547EDC: ??? (in /usr/lib/x86_64-linux-gnu/libcrypto.so.3)
==268755==    by 0x5548E1F: BN_set_bit (in /usr/lib/x86_64-linux-gnu/libcrypto.so.3)
==268755==    by 0x554FBC6: BN_MONT_CTX_set (in /usr/lib/x86_64-linux-gnu/libcrypto.so.3)
==268755==    by 0x555283A: BN_MONT_CTX_set_locked (in /usr/lib/x86_64-linux-gnu/libcrypto.so.3)
==268755==    by 0x5657838: ??? (in /usr/lib/x86_64-linux-gnu/libcrypto.so.3)
==268755==    by 0x56E7644: ??? (in /usr/lib/x86_64-linux-gnu/libcrypto.so.3)
==268755==    by 0x56E7825: ??? (in /usr/lib/x86_64-linux-gnu/libcrypto.so.3)
==268755==    by 0x55FF1DB: EVP_DigestVerifyFinal (in /usr/lib/x86_64-linux-gnu/libcrypto.so.3)
==268755==    by 0x5426773: ??? (in /usr/lib/x86_64-linux-gnu/libssl.so.3)
==268755==    by 0x541EA94: ??? (in /usr/lib/x86_64-linux-gnu/libssl.so.3)
==268755== 
==268755== 2,112 bytes in 12 blocks are still reachable in loss record 1,921 of 2,004
==268755==    at 0x4848899: malloc (in /usr/libexec/valgrind/vgpreload_memcheck-amd64-linux.so)
==268755==    by 0x561679D: CRYPTO_zalloc (in /usr/lib/x86_64-linux-gnu/libcrypto.so.3)
==268755==    by 0x560BE3C: OPENSSL_LH_new (in /usr/lib/x86_64-linux-gnu/libcrypto.so.3)
==268755==    by 0x5647F0F: ??? (in /usr/lib/x86_64-linux-gnu/libcrypto.so.3)
==268755==    by 0x55EBA69: ??? (in /usr/lib/x86_64-linux-gnu/libcrypto.so.3)
==268755==    by 0x560B85B: ??? (in /usr/lib/x86_64-linux-gnu/libcrypto.so.3)
==268755==    by 0x560B71B: ??? (in /usr/lib/x86_64-linux-gnu/libcrypto.so.3)
==268755==    by 0x562AD6A: ??? (in /usr/lib/x86_64-linux-gnu/libcrypto.so.3)
==268755==    by 0x56F44E7: ??? (in /usr/lib/x86_64-linux-gnu/libcrypto.so.3)
==268755==    by 0x56F4B3D: ??? (in /usr/lib/x86_64-linux-gnu/libcrypto.so.3)
==268755==    by 0x55F7C32: EVP_KDF_fetch (in /usr/lib/x86_64-linux-gnu/libcrypto.so.3)
==268755==    by 0x54066BF: ??? (in /usr/lib/x86_64-linux-gnu/libssl.so.3)
==268755== 
==268755== 2,112 bytes in 12 blocks are still reachable in loss record 1,922 of 2,004
==268755==    at 0x4848899: malloc (in /usr/libexec/valgrind/vgpreload_memcheck-amd64-linux.so)
==268755==    by 0x561679D: CRYPTO_zalloc (in /usr/lib/x86_64-linux-gnu/libcrypto.so.3)
==268755==    by 0x560BE3C: OPENSSL_LH_new (in /usr/lib/x86_64-linux-gnu/libcrypto.so.3)
==268755==    by 0x5647F0F: ??? (in /usr/lib/x86_64-linux-gnu/libcrypto.so.3)
==268755==    by 0x55C00FE: ??? (in /usr/lib/x86_64-linux-gnu/libcrypto.so.3)
==268755==    by 0x560B85B: ??? (in /usr/lib/x86_64-linux-gnu/libcrypto.so.3)
==268755==    by 0x560B71B: ??? (in /usr/lib/x86_64-linux-gnu/libcrypto.so.3)
==268755==    by 0x562AD6A: ??? (in /usr/lib/x86_64-linux-gnu/libcrypto.so.3)
==268755==    by 0x56F44E7: ??? (in /usr/lib/x86_64-linux-gnu/libcrypto.so.3)
==268755==    by 0x56F53E7: ??? (in /usr/lib/x86_64-linux-gnu/libcrypto.so.3)
==268755==    by 0x55C0470: OSSL_DECODER_do_all_provided (in /usr/lib/x86_64-linux-gnu/libcrypto.so.3)
==268755==    by 0x55CD84B: OSSL_DECODER_CTX_new_for_pkey (in /usr/lib/x86_64-linux-gnu/libcrypto.so.3)
==268755== 
==268755== 2,112 bytes in 88 blocks are still reachable in loss record 1,923 of 2,004
==268755==    at 0x4848899: malloc (in /usr/libexec/valgrind/vgpreload_memcheck-amd64-linux.so)
==268755==    by 0x560C185: OPENSSL_LH_insert (in /usr/lib/x86_64-linux-gnu/libcrypto.so.3)
==268755==    by 0x5619542: ??? (in /usr/lib/x86_64-linux-gnu/libcrypto.so.3)
==268755==    by 0x56F41B3: ??? (in /usr/lib/x86_64-linux-gnu/libcrypto.so.3)
==268755==    by 0x55EBAFA: ??? (in /usr/lib/x86_64-linux-gnu/libcrypto.so.3)
==268755==    by 0x560B7F8: ??? (in /usr/lib/x86_64-linux-gnu/libcrypto.so.3)
==268755==    by 0x560B71B: ??? (in /usr/lib/x86_64-linux-gnu/libcrypto.so.3)
==268755==    by 0x562AD6A: ??? (in /usr/lib/x86_64-linux-gnu/libcrypto.so.3)
==268755==    by 0x56F44E7: ??? (in /usr/lib/x86_64-linux-gnu/libcrypto.so.3)
==268755==    by 0x56F4B3D: ??? (in /usr/lib/x86_64-linux-gnu/libcrypto.so.3)
==268755==    by 0x55EC302: EVP_CIPHER_fetch (in /usr/lib/x86_64-linux-gnu/libcrypto.so.3)
==268755==    by 0x53F137A: ??? (in /usr/lib/x86_64-linux-gnu/libssl.so.3)
==268755== 
==268755== 2,112 bytes in 16 blocks are possibly lost in loss record 1,924 of 2,004
==268755==    at 0x4848899: malloc (in /usr/libexec/valgrind/vgpreload_memcheck-amd64-linux.so)
==268755==    by 0x561679D: CRYPTO_zalloc (in /usr/lib/x86_64-linux-gnu/libcrypto.so.3)
==268755==    by 0x5547EDC: ??? (in /usr/lib/x86_64-linux-gnu/libcrypto.so.3)
==268755==    by 0x5548B7F: BN_bin2bn (in /usr/lib/x86_64-linux-gnu/libcrypto.so.3)
==268755==    by 0x5537C7C: ??? (in /usr/lib/x86_64-linux-gnu/libcrypto.so.3)
==268755==    by 0x552CB78: ??? (in /usr/lib/x86_64-linux-gnu/libcrypto.so.3)
==268755==    by 0x552E048: ??? (in /usr/lib/x86_64-linux-gnu/libcrypto.so.3)
==268755==    by 0x552F3E7: ??? (in /usr/lib/x86_64-linux-gnu/libcrypto.so.3)
==268755==    by 0x552DD18: ??? (in /usr/lib/x86_64-linux-gnu/libcrypto.so.3)
==268755==    by 0x552E492: ASN1_item_d2i_ex (in /usr/lib/x86_64-linux-gnu/libcrypto.so.3)
==268755==    by 0x5651CBE: ??? (in /usr/lib/x86_64-linux-gnu/libcrypto.so.3)
==268755==    by 0x569F8E0: ??? (in /usr/lib/x86_64-linux-gnu/libcrypto.so.3)
==268755== 
==268755== 2,136 bytes in 89 blocks are still reachable in loss record 1,925 of 2,004
==268755==    at 0x4849013: operator new(unsigned long) (in /usr/libexec/valgrind/vgpreload_memcheck-amd64-linux.so)
==268755==    by 0x2E9AE5: std::__shared_count<(__gnu_cxx::_Lock_policy)2>::__shared_count<YAML::detail::node_ref*>(YAML::detail::node_ref*) (shared_ptr_base.h:596)
==268755==    by 0x2E93D4: std::__shared_count<(__gnu_cxx::_Lock_policy)2>::__shared_count<YAML::detail::node_ref*>(YAML::detail::node_ref*, std::integral_constant<bool, false>) (shared_ptr_base.h:607)
==268755==    by 0x2E8FE9: std::__shared_ptr<YAML::detail::node_ref, (__gnu_cxx::_Lock_policy)2>::__shared_ptr<YAML::detail::node_ref, void>(YAML::detail::node_ref*) (shared_ptr_base.h:1099)
==268755==    by 0x2E8D32: std::shared_ptr<YAML::detail::node_ref>::shared_ptr<YAML::detail::node_ref, void>(YAML::detail::node_ref*) (shared_ptr.h:160)
==268755==    by 0x2E8BF7: YAML::detail::node::node() (node.h:27)
==268755==    by 0x2E896A: YAML::detail::memory::create_node() (memory.cpp:17)
==268755==    by 0x1348BD: YAML::detail::memory_holder::create_node() (memory.h:38)
==268755==    by 0x3103BB: YAML::NodeBuilder::Push(YAML::Mark const&, unsigned long) (nodebuilder.cpp:81)
==268755==    by 0x3101CE: YAML::NodeBuilder::OnScalar(YAML::Mark const&, std::__cxx11::basic_string<char, std::char_traits<char>, std::allocator<char> > const&, unsigned long, std::__cxx11::basic_string<char, std::char_traits<char>, std::allocator<char> > const&) (nodebuilder.cpp:49)
==268755==    by 0x306961: YAML::SingleDocParser::HandleNode(YAML::EventHandler&) (singledocparser.cpp:108)
==268755==    by 0x307975: YAML::SingleDocParser::HandleBlockMap(YAML::EventHandler&) (singledocparser.cpp:281)
==268755== 
==268755== 2,136 bytes in 89 blocks are still reachable in loss record 1,926 of 2,004
==268755==    at 0x4849013: operator new(unsigned long) (in /usr/libexec/valgrind/vgpreload_memcheck-amd64-linux.so)
==268755==    by 0x2E9BA7: std::__shared_count<(__gnu_cxx::_Lock_policy)2>::__shared_count<YAML::detail::node*>(YAML::detail::node*) (shared_ptr_base.h:596)
==268755==    by 0x2E9422: std::__shared_count<(__gnu_cxx::_Lock_policy)2>::__shared_count<YAML::detail::node*>(YAML::detail::node*, std::integral_constant<bool, false>) (shared_ptr_base.h:607)
==268755==    by 0x2E9075: std::__shared_ptr<YAML::detail::node, (__gnu_cxx::_Lock_policy)2>::__shared_ptr<YAML::detail::node, void>(YAML::detail::node*) (shared_ptr_base.h:1099)
==268755==    by 0x2E8E58: std::shared_ptr<YAML::detail::node>::shared_ptr<YAML::detail::node, void>(YAML::detail::node*) (shared_ptr.h:160)
==268755==    by 0x2E897A: YAML::detail::memory::create_node() (memory.cpp:17)
==268755==    by 0x1348BD: YAML::detail::memory_holder::create_node() (memory.h:38)
==268755==    by 0x3103BB: YAML::NodeBuilder::Push(YAML::Mark const&, unsigned long) (nodebuilder.cpp:81)
==268755==    by 0x3101CE: YAML::NodeBuilder::OnScalar(YAML::Mark const&, std::__cxx11::basic_string<char, std::char_traits<char>, std::allocator<char> > const&, unsigned long, std::__cxx11::basic_string<char, std::char_traits<char>, std::allocator<char> > const&) (nodebuilder.cpp:49)
==268755==    by 0x306961: YAML::SingleDocParser::HandleNode(YAML::EventHandler&) (singledocparser.cpp:108)
==268755==    by 0x307975: YAML::SingleDocParser::HandleBlockMap(YAML::EventHandler&) (singledocparser.cpp:281)
==268755==    by 0x30762F: YAML::SingleDocParser::HandleMap(YAML::EventHandler&) (singledocparser.cpp:235)
==268755== 
==268755== 2,144 bytes in 4 blocks are possibly lost in loss record 1,927 of 2,004
==268755==    at 0x4848899: malloc (in /usr/libexec/valgrind/vgpreload_memcheck-amd64-linux.so)
==268755==    by 0x561679D: CRYPTO_zalloc (in /usr/lib/x86_64-linux-gnu/libcrypto.so.3)
==268755==    by 0x53E2A8D: ??? (in /usr/lib/x86_64-linux-gnu/libssl.so.3)
==268755==    by 0x53F609E: SSL_new (in /usr/lib/x86_64-linux-gnu/libssl.so.3)
==268755==    by 0x48F901B: ??? (in /usr/lib/x86_64-linux-gnu/libmysqlclient.so.21.2.42)
==268755==    by 0x489A12C: ??? (in /usr/lib/x86_64-linux-gnu/libmysqlclient.so.21.2.42)
==268755==    by 0x489AD71: ??? (in /usr/lib/x86_64-linux-gnu/libmysqlclient.so.21.2.42)
==268755==    by 0x48A3273: ??? (in /usr/lib/x86_64-linux-gnu/libmysqlclient.so.21.2.42)
==268755==    by 0x489EF82: mysql_real_connect (in /usr/lib/x86_64-linux-gnu/libmysqlclient.so.21.2.42)
==268755==    by 0x1EC2E1: cpp_dbc::MySQL::MySQLConnection::MySQLConnection(std::__cxx11::basic_string<char, std::char_traits<char>, std::allocator<char> > const&, int, std::__cxx11::basic_string<char, std::char_traits<char>, std::allocator<char> > const&, std::__cxx11::basic_string<char, std::char_traits<char>, std::allocator<char> > const&, std::__cxx11::basic_string<char, std::char_traits<char>, std::allocator<char> > const&) (driver_mysql.cpp:624)
==268755==    by 0x1F6A72: decltype (::new ((void*)(0)) cpp_dbc::MySQL::MySQLConnection((declval<std::__cxx11::basic_string<char, std::char_traits<char>, std::allocator<char> >&>)(), (declval<int&>)(), (declval<std::__cxx11::basic_string<char, std::char_traits<char>, std::allocator<char> >&>)(), (declval<std::__cxx11::basic_string<char, std::char_traits<char>, std::allocator<char> > const&>)(), (declval<std::__cxx11::basic_string<char, std::char_traits<char>, std::allocator<char> > const&>)())) std::construct_at<cpp_dbc::MySQL::MySQLConnection, std::__cxx11::basic_string<char, std::char_traits<char>, std::allocator<char> >&, int&, std::__cxx11::basic_string<char, std::char_traits<char>, std::allocator<char> >&, std::__cxx11::basic_string<char, std::char_traits<char>, std::allocator<char> > const&, std::__cxx11::basic_string<char, std::char_traits<char>, std::allocator<char> > const&>(cpp_dbc::MySQL::MySQLConnection*, std::__cxx11::basic_string<char, std::char_traits<char>, std::allocator<char> >&, int&, std::__cxx11::basic_string<char, std::char_traits<char>, std::allocator<char> >&, std::__cxx11::basic_string<char, std::char_traits<char>, std::allocator<char> > const&, std::__cxx11::basic_string<char, std::char_traits<char>, std::allocator<char> > const&) (stl_construct.h:97)
==268755==    by 0x1F6B2E: void std::allocator_traits<std::allocator<cpp_dbc::MySQL::MySQLConnection> >::construct<cpp_dbc::MySQL::MySQLConnection, std::__cxx11::basic_string<char, std::char_traits<char>, std::allocator<char> >&, int&, std::__cxx11::basic_string<char, std::char_traits<char>, std::allocator<char> >&, std::__cxx11::basic_string<char, std::char_traits<char>, std::allocator<char> > const&, std::__cxx11::basic_string<char, std::char_traits<char>, std::allocator<char> > const&>(std::allocator<cpp_dbc::MySQL::MySQLConnection>&, cpp_dbc::MySQL::MySQLConnection*, std::__cxx11::basic_string<char, std::char_traits<char>, std::allocator<char> >&, int&, std::__cxx11::basic_string<char, std::char_traits<char>, std::allocator<char> >&, std::__cxx11::basic_string<char, std::char_traits<char>, std::allocator<char> > const&, std::__cxx11::basic_string<char, std::char_traits<char>, std::allocator<char> > const&) (alloc_traits.h:518)
==268755== 
==268755== 2,160 bytes in 8 blocks are possibly lost in loss record 1,928 of 2,004
==268755==    at 0x4848899: malloc (in /usr/libexec/valgrind/vgpreload_memcheck-amd64-linux.so)
==268755==    by 0x552D1DE: ??? (in /usr/lib/x86_64-linux-gnu/libcrypto.so.3)
==268755==    by 0x552E048: ??? (in /usr/lib/x86_64-linux-gnu/libcrypto.so.3)
==268755==    by 0x552F3E7: ??? (in /usr/lib/x86_64-linux-gnu/libcrypto.so.3)
==268755==    by 0x552DD18: ??? (in /usr/lib/x86_64-linux-gnu/libcrypto.so.3)
==268755==    by 0x552F035: ASN1_item_ex_d2i (in /usr/lib/x86_64-linux-gnu/libcrypto.so.3)
==268755==    by 0x569FA57: ??? (in /usr/lib/x86_64-linux-gnu/libcrypto.so.3)
==268755==    by 0x552DB9A: ??? (in /usr/lib/x86_64-linux-gnu/libcrypto.so.3)
==268755==    by 0x552F3E7: ??? (in /usr/lib/x86_64-linux-gnu/libcrypto.so.3)
==268755==    by 0x552DD18: ??? (in /usr/lib/x86_64-linux-gnu/libcrypto.so.3)
==268755==    by 0x552F3E7: ??? (in /usr/lib/x86_64-linux-gnu/libcrypto.so.3)
==268755==    by 0x552DD18: ??? (in /usr/lib/x86_64-linux-gnu/libcrypto.so.3)
==268755== 
==268755== 2,184 bytes in 39 blocks are still reachable in loss record 1,929 of 2,004
==268755==    at 0x4848899: malloc (in /usr/libexec/valgrind/vgpreload_memcheck-amd64-linux.so)
==268755==    by 0x561679D: CRYPTO_zalloc (in /usr/lib/x86_64-linux-gnu/libcrypto.so.3)
==268755==    by 0x5621B23: CRYPTO_THREAD_lock_new (in /usr/lib/x86_64-linux-gnu/libcrypto.so.3)
==268755==    by 0x55C6AF6: ??? (in /usr/lib/x86_64-linux-gnu/libcrypto.so.3)
==268755==    by 0x55C6E4B: ??? (in /usr/lib/x86_64-linux-gnu/libcrypto.so.3)
==268755==    by 0x560B7F8: ??? (in /usr/lib/x86_64-linux-gnu/libcrypto.so.3)
==268755==    by 0x560B71B: ??? (in /usr/lib/x86_64-linux-gnu/libcrypto.so.3)
==268755==    by 0x562AD6A: ??? (in /usr/lib/x86_64-linux-gnu/libcrypto.so.3)
==268755==    by 0x56F44E7: ??? (in /usr/lib/x86_64-linux-gnu/libcrypto.so.3)
==268755==    by 0x56F53E7: ??? (in /usr/lib/x86_64-linux-gnu/libcrypto.so.3)
==268755==    by 0x55C0470: OSSL_DECODER_do_all_provided (in /usr/lib/x86_64-linux-gnu/libcrypto.so.3)
==268755==    by 0x55CD84B: OSSL_DECODER_CTX_new_for_pkey (in /usr/lib/x86_64-linux-gnu/libcrypto.so.3)
==268755== 
==268755== 2,250 bytes in 250 blocks are possibly lost in loss record 1,930 of 2,004
==268755==    at 0x4848899: malloc (in /usr/libexec/valgrind/vgpreload_memcheck-amd64-linux.so)
==268755==    by 0x561772A: CRYPTO_strdup (in /usr/lib/x86_64-linux-gnu/libcrypto.so.3)
==268755==    by 0x53F7F80: ??? (in /usr/lib/x86_64-linux-gnu/libssl.so.3)
==268755==    by 0x569CBB3: ??? (in /usr/lib/x86_64-linux-gnu/libcrypto.so.3)
==268755==    by 0x53F83C6: ??? (in /usr/lib/x86_64-linux-gnu/libssl.so.3)
==268755==    by 0x562AD6A: ??? (in /usr/lib/x86_64-linux-gnu/libcrypto.so.3)
==268755==    by 0x53F55BC: SSL_CTX_new_ex (in /usr/lib/x86_64-linux-gnu/libssl.so.3)
==268755==    by 0x48F8280: ??? (in /usr/lib/x86_64-linux-gnu/libmysqlclient.so.21.2.42)
==268755==    by 0x489A042: ??? (in /usr/lib/x86_64-linux-gnu/libmysqlclient.so.21.2.42)
==268755==    by 0x489AD71: ??? (in /usr/lib/x86_64-linux-gnu/libmysqlclient.so.21.2.42)
==268755==    by 0x48A3273: ??? (in /usr/lib/x86_64-linux-gnu/libmysqlclient.so.21.2.42)
==268755==    by 0x489EF82: mysql_real_connect (in /usr/lib/x86_64-linux-gnu/libmysqlclient.so.21.2.42)
==268755== 
==268755== 2,256 bytes in 94 blocks are still reachable in loss record 1,931 of 2,004
==268755==    at 0x4848899: malloc (in /usr/libexec/valgrind/vgpreload_memcheck-amd64-linux.so)
==268755==    by 0x560C185: OPENSSL_LH_insert (in /usr/lib/x86_64-linux-gnu/libcrypto.so.3)
==268755==    by 0x56FD672: ??? (in /usr/lib/x86_64-linux-gnu/libcrypto.so.3)
==268755==    by 0x55CA89F: ERR_load_strings_const (in /usr/lib/x86_64-linux-gnu/libcrypto.so.3)
==268755==    by 0x561D2F5: ??? (in /usr/lib/x86_64-linux-gnu/libcrypto.so.3)
==268755==    by 0x522BEE7: __pthread_once_slow (pthread_once.c:116)
==268755==    by 0x5621C9C: CRYPTO_THREAD_run_once (in /usr/lib/x86_64-linux-gnu/libcrypto.so.3)
==268755==    by 0x561E992: OPENSSL_init_crypto (in /usr/lib/x86_64-linux-gnu/libcrypto.so.3)
==268755==    by 0x55CC336: ??? (in /usr/lib/x86_64-linux-gnu/libcrypto.so.3)
==268755==    by 0x55CCCFC: ERR_set_mark (in /usr/lib/x86_64-linux-gnu/libcrypto.so.3)
==268755==    by 0x55790E1: CONF_modules_load_file_ex (in /usr/lib/x86_64-linux-gnu/libcrypto.so.3)
==268755==    by 0x561E19F: ??? (in /usr/lib/x86_64-linux-gnu/libcrypto.so.3)
==268755== 
==268755== 2,304 bytes in 18 blocks are still reachable in loss record 1,932 of 2,004
==268755==    at 0x4848899: malloc (in /usr/libexec/valgrind/vgpreload_memcheck-amd64-linux.so)
==268755==    by 0x561679D: CRYPTO_zalloc (in /usr/lib/x86_64-linux-gnu/libcrypto.so.3)
==268755==    by 0x560BE56: OPENSSL_LH_new (in /usr/lib/x86_64-linux-gnu/libcrypto.so.3)
==268755==    by 0x5647F0F: ??? (in /usr/lib/x86_64-linux-gnu/libcrypto.so.3)
==268755==    by 0x55EBA69: ??? (in /usr/lib/x86_64-linux-gnu/libcrypto.so.3)
==268755==    by 0x560B85B: ??? (in /usr/lib/x86_64-linux-gnu/libcrypto.so.3)
==268755==    by 0x560B71B: ??? (in /usr/lib/x86_64-linux-gnu/libcrypto.so.3)
==268755==    by 0x562AD6A: ??? (in /usr/lib/x86_64-linux-gnu/libcrypto.so.3)
==268755==    by 0x56F44E7: ??? (in /usr/lib/x86_64-linux-gnu/libcrypto.so.3)
==268755==    by 0x56F4B3D: ??? (in /usr/lib/x86_64-linux-gnu/libcrypto.so.3)
==268755==    by 0x55F804E: EVP_KEYMGMT_fetch (in /usr/lib/x86_64-linux-gnu/libcrypto.so.3)
==268755==    by 0x56069C0: ??? (in /usr/lib/x86_64-linux-gnu/libcrypto.so.3)
==268755== 
==268755== 2,448 bytes in 102 blocks are still reachable in loss record 1,933 of 2,004
==268755==    at 0x4849013: operator new(unsigned long) (in /usr/libexec/valgrind/vgpreload_memcheck-amd64-linux.so)
==268755==    by 0x2E9AE5: std::__shared_count<(__gnu_cxx::_Lock_policy)2>::__shared_count<YAML::detail::node_ref*>(YAML::detail::node_ref*) (shared_ptr_base.h:596)
==268755==    by 0x2E93D4: std::__shared_count<(__gnu_cxx::_Lock_policy)2>::__shared_count<YAML::detail::node_ref*>(YAML::detail::node_ref*, std::integral_constant<bool, false>) (shared_ptr_base.h:607)
==268755==    by 0x2E8FE9: std::__shared_ptr<YAML::detail::node_ref, (__gnu_cxx::_Lock_policy)2>::__shared_ptr<YAML::detail::node_ref, void>(YAML::detail::node_ref*) (shared_ptr_base.h:1099)
==268755==    by 0x2E8D32: std::shared_ptr<YAML::detail::node_ref>::shared_ptr<YAML::detail::node_ref, void>(YAML::detail::node_ref*) (shared_ptr.h:160)
==268755==    by 0x2E8BF7: YAML::detail::node::node() (node.h:27)
==268755==    by 0x2E896A: YAML::detail::memory::create_node() (memory.cpp:17)
==268755==    by 0x1348BD: YAML::detail::memory_holder::create_node() (memory.h:38)
==268755==    by 0x3103BB: YAML::NodeBuilder::Push(YAML::Mark const&, unsigned long) (nodebuilder.cpp:81)
==268755==    by 0x3101CE: YAML::NodeBuilder::OnScalar(YAML::Mark const&, std::__cxx11::basic_string<char, std::char_traits<char>, std::allocator<char> > const&, unsigned long, std::__cxx11::basic_string<char, std::char_traits<char>, std::allocator<char> > const&) (nodebuilder.cpp:49)
==268755==    by 0x306961: YAML::SingleDocParser::HandleNode(YAML::EventHandler&) (singledocparser.cpp:108)
==268755==    by 0x3078D8: YAML::SingleDocParser::HandleBlockMap(YAML::EventHandler&) (singledocparser.cpp:273)
==268755== 
==268755== 2,448 bytes in 102 blocks are still reachable in loss record 1,934 of 2,004
==268755==    at 0x4849013: operator new(unsigned long) (in /usr/libexec/valgrind/vgpreload_memcheck-amd64-linux.so)
==268755==    by 0x2E9BA7: std::__shared_count<(__gnu_cxx::_Lock_policy)2>::__shared_count<YAML::detail::node*>(YAML::detail::node*) (shared_ptr_base.h:596)
==268755==    by 0x2E9422: std::__shared_count<(__gnu_cxx::_Lock_policy)2>::__shared_count<YAML::detail::node*>(YAML::detail::node*, std::integral_constant<bool, false>) (shared_ptr_base.h:607)
==268755==    by 0x2E9075: std::__shared_ptr<YAML::detail::node, (__gnu_cxx::_Lock_policy)2>::__shared_ptr<YAML::detail::node, void>(YAML::detail::node*) (shared_ptr_base.h:1099)
==268755==    by 0x2E8E58: std::shared_ptr<YAML::detail::node>::shared_ptr<YAML::detail::node, void>(YAML::detail::node*) (shared_ptr.h:160)
==268755==    by 0x2E897A: YAML::detail::memory::create_node() (memory.cpp:17)
==268755==    by 0x1348BD: YAML::detail::memory_holder::create_node() (memory.h:38)
==268755==    by 0x3103BB: YAML::NodeBuilder::Push(YAML::Mark const&, unsigned long) (nodebuilder.cpp:81)
==268755==    by 0x3101CE: YAML::NodeBuilder::OnScalar(YAML::Mark const&, std::__cxx11::basic_string<char, std::char_traits<char>, std::allocator<char> > const&, unsigned long, std::__cxx11::basic_string<char, std::char_traits<char>, std::allocator<char> > const&) (nodebuilder.cpp:49)
==268755==    by 0x306961: YAML::SingleDocParser::HandleNode(YAML::EventHandler&) (singledocparser.cpp:108)
==268755==    by 0x3078D8: YAML::SingleDocParser::HandleBlockMap(YAML::EventHandler&) (singledocparser.cpp:273)
==268755==    by 0x30762F: YAML::SingleDocParser::HandleMap(YAML::EventHandler&) (singledocparser.cpp:235)
==268755== 
==268755== 2,480 bytes in 10 blocks are still reachable in loss record 1,935 of 2,004
==268755==    at 0x4848899: malloc (in /usr/libexec/valgrind/vgpreload_memcheck-amd64-linux.so)
==268755==    by 0x561679D: CRYPTO_zalloc (in /usr/lib/x86_64-linux-gnu/libcrypto.so.3)
==268755==    by 0x56042D7: ??? (in /usr/lib/x86_64-linux-gnu/libcrypto.so.3)
==268755==    by 0x55EBB09: ??? (in /usr/lib/x86_64-linux-gnu/libcrypto.so.3)
==268755==    by 0x560B7F8: ??? (in /usr/lib/x86_64-linux-gnu/libcrypto.so.3)
==268755==    by 0x560B71B: ??? (in /usr/lib/x86_64-linux-gnu/libcrypto.so.3)
==268755==    by 0x562AD6A: ??? (in /usr/lib/x86_64-linux-gnu/libcrypto.so.3)
==268755==    by 0x56F44E7: ??? (in /usr/lib/x86_64-linux-gnu/libcrypto.so.3)
==268755==    by 0x56F4B3D: ??? (in /usr/lib/x86_64-linux-gnu/libcrypto.so.3)
==268755==    by 0x560BAEE: EVP_SIGNATURE_fetch (in /usr/lib/x86_64-linux-gnu/libcrypto.so.3)
==268755==    by 0x53F522E: SSL_CTX_new_ex (in /usr/lib/x86_64-linux-gnu/libssl.so.3)
==268755==    by 0x48F8280: ??? (in /usr/lib/x86_64-linux-gnu/libmysqlclient.so.21.2.42)
==268755== 
==268755== 2,570 bytes in 250 blocks are possibly lost in loss record 1,936 of 2,004
==268755==    at 0x4848899: malloc (in /usr/libexec/valgrind/vgpreload_memcheck-amd64-linux.so)
==268755==    by 0x561772A: CRYPTO_strdup (in /usr/lib/x86_64-linux-gnu/libcrypto.so.3)
==268755==    by 0x53F8068: ??? (in /usr/lib/x86_64-linux-gnu/libssl.so.3)
==268755==    by 0x569CBB3: ??? (in /usr/lib/x86_64-linux-gnu/libcrypto.so.3)
==268755==    by 0x53F83C6: ??? (in /usr/lib/x86_64-linux-gnu/libssl.so.3)
==268755==    by 0x562AD6A: ??? (in /usr/lib/x86_64-linux-gnu/libcrypto.so.3)
==268755==    by 0x53F55BC: SSL_CTX_new_ex (in /usr/lib/x86_64-linux-gnu/libssl.so.3)
==268755==    by 0x48F8280: ??? (in /usr/lib/x86_64-linux-gnu/libmysqlclient.so.21.2.42)
==268755==    by 0x489A042: ??? (in /usr/lib/x86_64-linux-gnu/libmysqlclient.so.21.2.42)
==268755==    by 0x489AD71: ??? (in /usr/lib/x86_64-linux-gnu/libmysqlclient.so.21.2.42)
==268755==    by 0x48A3273: ??? (in /usr/lib/x86_64-linux-gnu/libmysqlclient.so.21.2.42)
==268755==    by 0x489EF82: mysql_real_connect (in /usr/lib/x86_64-linux-gnu/libmysqlclient.so.21.2.42)
==268755== 
==268755== 2,600 bytes in 5 blocks are possibly lost in loss record 1,937 of 2,004
==268755==    at 0x4848899: malloc (in /usr/libexec/valgrind/vgpreload_memcheck-amd64-linux.so)
==268755==    by 0x561679D: CRYPTO_zalloc (in /usr/lib/x86_64-linux-gnu/libcrypto.so.3)
==268755==    by 0x5547EDC: ??? (in /usr/lib/x86_64-linux-gnu/libcrypto.so.3)
==268755==    by 0x5548E1F: BN_set_bit (in /usr/lib/x86_64-linux-gnu/libcrypto.so.3)
==268755==    by 0x554FBC6: BN_MONT_CTX_set (in /usr/lib/x86_64-linux-gnu/libcrypto.so.3)
==268755==    by 0x555283A: BN_MONT_CTX_set_locked (in /usr/lib/x86_64-linux-gnu/libcrypto.so.3)
==268755==    by 0x558C6E1: ??? (in /usr/lib/x86_64-linux-gnu/libcrypto.so.3)
==268755==    by 0x558C924: ??? (in /usr/lib/x86_64-linux-gnu/libcrypto.so.3)
==268755==    by 0x56D478F: ??? (in /usr/lib/x86_64-linux-gnu/libcrypto.so.3)
==268755==    by 0x5608028: EVP_PKEY_generate (in /usr/lib/x86_64-linux-gnu/libcrypto.so.3)
==268755==    by 0x48F8574: ??? (in /usr/lib/x86_64-linux-gnu/libmysqlclient.so.21.2.42)
==268755==    by 0x489A042: ??? (in /usr/lib/x86_64-linux-gnu/libmysqlclient.so.21.2.42)
==268755== 
==268755== 2,616 bytes in 109 blocks are still reachable in loss record 1,938 of 2,004
==268755==    at 0x4848899: malloc (in /usr/libexec/valgrind/vgpreload_memcheck-amd64-linux.so)
==268755==    by 0x560C185: OPENSSL_LH_insert (in /usr/lib/x86_64-linux-gnu/libcrypto.so.3)
==268755==    by 0x56FD672: ??? (in /usr/lib/x86_64-linux-gnu/libcrypto.so.3)
==268755==    by 0x55CA89F: ERR_load_strings_const (in /usr/lib/x86_64-linux-gnu/libcrypto.so.3)
==268755==    by 0x561D24B: ??? (in /usr/lib/x86_64-linux-gnu/libcrypto.so.3)
==268755==    by 0x522BEE7: __pthread_once_slow (pthread_once.c:116)
==268755==    by 0x5621C9C: CRYPTO_THREAD_run_once (in /usr/lib/x86_64-linux-gnu/libcrypto.so.3)
==268755==    by 0x561E992: OPENSSL_init_crypto (in /usr/lib/x86_64-linux-gnu/libcrypto.so.3)
==268755==    by 0x55CC336: ??? (in /usr/lib/x86_64-linux-gnu/libcrypto.so.3)
==268755==    by 0x55CCCFC: ERR_set_mark (in /usr/lib/x86_64-linux-gnu/libcrypto.so.3)
==268755==    by 0x55790E1: CONF_modules_load_file_ex (in /usr/lib/x86_64-linux-gnu/libcrypto.so.3)
==268755==    by 0x561E19F: ??? (in /usr/lib/x86_64-linux-gnu/libcrypto.so.3)
==268755== 
==268755== 2,680 bytes in 5 blocks are possibly lost in loss record 1,939 of 2,004
==268755==    at 0x4848899: malloc (in /usr/libexec/valgrind/vgpreload_memcheck-amd64-linux.so)
==268755==    by 0x561679D: CRYPTO_zalloc (in /usr/lib/x86_64-linux-gnu/libcrypto.so.3)
==268755==    by 0x53F5066: SSL_CTX_new_ex (in /usr/lib/x86_64-linux-gnu/libssl.so.3)
==268755==    by 0x48F8280: ??? (in /usr/lib/x86_64-linux-gnu/libmysqlclient.so.21.2.42)
==268755==    by 0x489A042: ??? (in /usr/lib/x86_64-linux-gnu/libmysqlclient.so.21.2.42)
==268755==    by 0x489AD71: ??? (in /usr/lib/x86_64-linux-gnu/libmysqlclient.so.21.2.42)
==268755==    by 0x48A3273: ??? (in /usr/lib/x86_64-linux-gnu/libmysqlclient.so.21.2.42)
==268755==    by 0x489EF82: mysql_real_connect (in /usr/lib/x86_64-linux-gnu/libmysqlclient.so.21.2.42)
==268755==    by 0x1EC2E1: cpp_dbc::MySQL::MySQLConnection::MySQLConnection(std::__cxx11::basic_string<char, std::char_traits<char>, std::allocator<char> > const&, int, std::__cxx11::basic_string<char, std::char_traits<char>, std::allocator<char> > const&, std::__cxx11::basic_string<char, std::char_traits<char>, std::allocator<char> > const&, std::__cxx11::basic_string<char, std::char_traits<char>, std::allocator<char> > const&) (driver_mysql.cpp:624)
==268755==    by 0x1F6A72: decltype (::new ((void*)(0)) cpp_dbc::MySQL::MySQLConnection((declval<std::__cxx11::basic_string<char, std::char_traits<char>, std::allocator<char> >&>)(), (declval<int&>)(), (declval<std::__cxx11::basic_string<char, std::char_traits<char>, std::allocator<char> >&>)(), (declval<std::__cxx11::basic_string<char, std::char_traits<char>, std::allocator<char> > const&>)(), (declval<std::__cxx11::basic_string<char, std::char_traits<char>, std::allocator<char> > const&>)())) std::construct_at<cpp_dbc::MySQL::MySQLConnection, std::__cxx11::basic_string<char, std::char_traits<char>, std::allocator<char> >&, int&, std::__cxx11::basic_string<char, std::char_traits<char>, std::allocator<char> >&, std::__cxx11::basic_string<char, std::char_traits<char>, std::allocator<char> > const&, std::__cxx11::basic_string<char, std::char_traits<char>, std::allocator<char> > const&>(cpp_dbc::MySQL::MySQLConnection*, std::__cxx11::basic_string<char, std::char_traits<char>, std::allocator<char> >&, int&, std::__cxx11::basic_string<char, std::char_traits<char>, std::allocator<char> >&, std::__cxx11::basic_string<char, std::char_traits<char>, std::allocator<char> > const&, std::__cxx11::basic_string<char, std::char_traits<char>, std::allocator<char> > const&) (stl_construct.h:97)
==268755==    by 0x1F6B2E: void std::allocator_traits<std::allocator<cpp_dbc::MySQL::MySQLConnection> >::construct<cpp_dbc::MySQL::MySQLConnection, std::__cxx11::basic_string<char, std::char_traits<char>, std::allocator<char> >&, int&, std::__cxx11::basic_string<char, std::char_traits<char>, std::allocator<char> >&, std::__cxx11::basic_string<char, std::char_traits<char>, std::allocator<char> > const&, std::__cxx11::basic_string<char, std::char_traits<char>, std::allocator<char> > const&>(std::allocator<cpp_dbc::MySQL::MySQLConnection>&, cpp_dbc::MySQL::MySQLConnection*, std::__cxx11::basic_string<char, std::char_traits<char>, std::allocator<char> >&, int&, std::__cxx11::basic_string<char, std::char_traits<char>, std::allocator<char> >&, std::__cxx11::basic_string<char, std::char_traits<char>, std::allocator<char> > const&, std::__cxx11::basic_string<char, std::char_traits<char>, std::allocator<char> > const&) (alloc_traits.h:518)
==268755==    by 0x1F602C: std::_Sp_counted_ptr_inplace<cpp_dbc::MySQL::MySQLConnection, std::allocator<cpp_dbc::MySQL::MySQLConnection>, (__gnu_cxx::_Lock_policy)2>::_Sp_counted_ptr_inplace<std::__cxx11::basic_string<char, std::char_traits<char>, std::allocator<char> >&, int&, std::__cxx11::basic_string<char, std::char_traits<char>, std::allocator<char> >&, std::__cxx11::basic_string<char, std::char_traits<char>, std::allocator<char> > const&, std::__cxx11::basic_string<char, std::char_traits<char>, std::allocator<char> > const&>(std::allocator<cpp_dbc::MySQL::MySQLConnection>, std::__cxx11::basic_string<char, std::char_traits<char>, std::allocator<char> >&, int&, std::__cxx11::basic_string<char, std::char_traits<char>, std::allocator<char> >&, std::__cxx11::basic_string<char, std::char_traits<char>, std::allocator<char> > const&, std::__cxx11::basic_string<char, std::char_traits<char>, std::allocator<char> > const&) (shared_ptr_base.h:519)
==268755== 
==268755== 2,688 bytes in 21 blocks are still reachable in loss record 1,940 of 2,004
==268755==    at 0x4848899: malloc (in /usr/libexec/valgrind/vgpreload_memcheck-amd64-linux.so)
==268755==    by 0x561679D: CRYPTO_zalloc (in /usr/lib/x86_64-linux-gnu/libcrypto.so.3)
==268755==    by 0x560BE56: OPENSSL_LH_new (in /usr/lib/x86_64-linux-gnu/libcrypto.so.3)
==268755==    by 0x5647F0F: ??? (in /usr/lib/x86_64-linux-gnu/libcrypto.so.3)
==268755==    by 0x55EBA69: ??? (in /usr/lib/x86_64-linux-gnu/libcrypto.so.3)
==268755==    by 0x560B85B: ??? (in /usr/lib/x86_64-linux-gnu/libcrypto.so.3)
==268755==    by 0x560B71B: ??? (in /usr/lib/x86_64-linux-gnu/libcrypto.so.3)
==268755==    by 0x562AD6A: ??? (in /usr/lib/x86_64-linux-gnu/libcrypto.so.3)
==268755==    by 0x56F44E7: ??? (in /usr/lib/x86_64-linux-gnu/libcrypto.so.3)
==268755==    by 0x56F4B3D: ??? (in /usr/lib/x86_64-linux-gnu/libcrypto.so.3)
==268755==    by 0x55DF712: EVP_MD_fetch (in /usr/lib/x86_64-linux-gnu/libcrypto.so.3)
==268755==    by 0x53F13FA: ??? (in /usr/lib/x86_64-linux-gnu/libssl.so.3)
==268755== 
==268755== 2,712 bytes in 3 blocks are still reachable in loss record 1,941 of 2,004
==268755==    at 0x4848899: malloc (in /usr/libexec/valgrind/vgpreload_memcheck-amd64-linux.so)
==268755==    by 0x561679D: CRYPTO_zalloc (in /usr/lib/x86_64-linux-gnu/libcrypto.so.3)
==268755==    by 0x55CC2F8: ??? (in /usr/lib/x86_64-linux-gnu/libcrypto.so.3)
==268755==    by 0x55CCCFC: ERR_set_mark (in /usr/lib/x86_64-linux-gnu/libcrypto.so.3)
==268755==    by 0x53F1364: ??? (in /usr/lib/x86_64-linux-gnu/libssl.so.3)
==268755==    by 0x53F5161: SSL_CTX_new_ex (in /usr/lib/x86_64-linux-gnu/libssl.so.3)
==268755==    by 0x48F8280: ??? (in /usr/lib/x86_64-linux-gnu/libmysqlclient.so.21.2.42)
==268755==    by 0x489A042: ??? (in /usr/lib/x86_64-linux-gnu/libmysqlclient.so.21.2.42)
==268755==    by 0x489AD71: ??? (in /usr/lib/x86_64-linux-gnu/libmysqlclient.so.21.2.42)
==268755==    by 0x48A3273: ??? (in /usr/lib/x86_64-linux-gnu/libmysqlclient.so.21.2.42)
==268755==    by 0x489EF82: mysql_real_connect (in /usr/lib/x86_64-linux-gnu/libmysqlclient.so.21.2.42)
==268755==    by 0x1EC2E1: cpp_dbc::MySQL::MySQLConnection::MySQLConnection(std::__cxx11::basic_string<char, std::char_traits<char>, std::allocator<char> > const&, int, std::__cxx11::basic_string<char, std::char_traits<char>, std::allocator<char> > const&, std::__cxx11::basic_string<char, std::char_traits<char>, std::allocator<char> > const&, std::__cxx11::basic_string<char, std::char_traits<char>, std::allocator<char> > const&) (driver_mysql.cpp:624)
==268755== 
==268755== 2,760 bytes in 115 blocks are still reachable in loss record 1,942 of 2,004
==268755==    at 0x4848899: malloc (in /usr/libexec/valgrind/vgpreload_memcheck-amd64-linux.so)
==268755==    by 0x560C185: OPENSSL_LH_insert (in /usr/lib/x86_64-linux-gnu/libcrypto.so.3)
==268755==    by 0x56FD672: ??? (in /usr/lib/x86_64-linux-gnu/libcrypto.so.3)
==268755==    by 0x55CA89F: ERR_load_strings_const (in /usr/lib/x86_64-linux-gnu/libcrypto.so.3)
==268755==    by 0x561D2B1: ??? (in /usr/lib/x86_64-linux-gnu/libcrypto.so.3)
==268755==    by 0x522BEE7: __pthread_once_slow (pthread_once.c:116)
==268755==    by 0x5621C9C: CRYPTO_THREAD_run_once (in /usr/lib/x86_64-linux-gnu/libcrypto.so.3)
==268755==    by 0x561E992: OPENSSL_init_crypto (in /usr/lib/x86_64-linux-gnu/libcrypto.so.3)
==268755==    by 0x55CC336: ??? (in /usr/lib/x86_64-linux-gnu/libcrypto.so.3)
==268755==    by 0x55CCCFC: ERR_set_mark (in /usr/lib/x86_64-linux-gnu/libcrypto.so.3)
==268755==    by 0x55790E1: CONF_modules_load_file_ex (in /usr/lib/x86_64-linux-gnu/libcrypto.so.3)
==268755==    by 0x561E19F: ??? (in /usr/lib/x86_64-linux-gnu/libcrypto.so.3)
==268755== 
==268755== 2,944 bytes in 4 blocks are possibly lost in loss record 1,943 of 2,004
==268755==    at 0x484DA83: calloc (in /usr/libexec/valgrind/vgpreload_memcheck-amd64-linux.so)
==268755==    by 0x48F0482: ??? (in /usr/lib/x86_64-linux-gnu/libmysqlclient.so.21.2.42)
==268755==    by 0x489280F: mysql_stmt_init (in /usr/lib/x86_64-linux-gnu/libmysqlclient.so.21.2.42)
==268755==    by 0x1E9B91: cpp_dbc::MySQL::MySQLPreparedStatement::MySQLPreparedStatement(MYSQL*, std::__cxx11::basic_string<char, std::char_traits<char>, std::allocator<char> > const&) (driver_mysql.cpp:257)
==268755==    by 0x1F66A8: decltype (::new ((void*)(0)) cpp_dbc::MySQL::MySQLPreparedStatement((declval<MYSQL*&>)(), (declval<std::__cxx11::basic_string<char, std::char_traits<char>, std::allocator<char> > const&>)())) std::construct_at<cpp_dbc::MySQL::MySQLPreparedStatement, MYSQL*&, std::__cxx11::basic_string<char, std::char_traits<char>, std::allocator<char> > const&>(cpp_dbc::MySQL::MySQLPreparedStatement*, MYSQL*&, std::__cxx11::basic_string<char, std::char_traits<char>, std::allocator<char> > const&) (stl_construct.h:97)
==268755==    by 0x1F6724: void std::allocator_traits<std::allocator<cpp_dbc::MySQL::MySQLPreparedStatement> >::construct<cpp_dbc::MySQL::MySQLPreparedStatement, MYSQL*&, std::__cxx11::basic_string<char, std::char_traits<char>, std::allocator<char> > const&>(std::allocator<cpp_dbc::MySQL::MySQLPreparedStatement>&, cpp_dbc::MySQL::MySQLPreparedStatement*, MYSQL*&, std::__cxx11::basic_string<char, std::char_traits<char>, std::allocator<char> > const&) (alloc_traits.h:518)
==268755==    by 0x1F5C74: std::_Sp_counted_ptr_inplace<cpp_dbc::MySQL::MySQLPreparedStatement, std::allocator<cpp_dbc::MySQL::MySQLPreparedStatement>, (__gnu_cxx::_Lock_policy)2>::_Sp_counted_ptr_inplace<MYSQL*&, std::__cxx11::basic_string<char, std::char_traits<char>, std::allocator<char> > const&>(std::allocator<cpp_dbc::MySQL::MySQLPreparedStatement>, MYSQL*&, std::__cxx11::basic_string<char, std::char_traits<char>, std::allocator<char> > const&) (shared_ptr_base.h:519)
==268755==    by 0x1F4CF2: std::__shared_count<(__gnu_cxx::_Lock_policy)2>::__shared_count<cpp_dbc::MySQL::MySQLPreparedStatement, std::allocator<cpp_dbc::MySQL::MySQLPreparedStatement>, MYSQL*&, std::__cxx11::basic_string<char, std::char_traits<char>, std::allocator<char> > const&>(cpp_dbc::MySQL::MySQLPreparedStatement*&, std::_Sp_alloc_shared_tag<std::allocator<cpp_dbc::MySQL::MySQLPreparedStatement> >, MYSQL*&, std::__cxx11::basic_string<char, std::char_traits<char>, std::allocator<char> > const&) (shared_ptr_base.h:650)
==268755==    by 0x1F3D43: std::__shared_ptr<cpp_dbc::MySQL::MySQLPreparedStatement, (__gnu_cxx::_Lock_policy)2>::__shared_ptr<std::allocator<cpp_dbc::MySQL::MySQLPreparedStatement>, MYSQL*&, std::__cxx11::basic_string<char, std::char_traits<char>, std::allocator<char> > const&>(std::_Sp_alloc_shared_tag<std::allocator<cpp_dbc::MySQL::MySQLPreparedStatement> >, MYSQL*&, std::__cxx11::basic_string<char, std::char_traits<char>, std::allocator<char> > const&) (shared_ptr_base.h:1342)
==268755==    by 0x1F2BE8: std::shared_ptr<cpp_dbc::MySQL::MySQLPreparedStatement>::shared_ptr<std::allocator<cpp_dbc::MySQL::MySQLPreparedStatement>, MYSQL*&, std::__cxx11::basic_string<char, std::char_traits<char>, std::allocator<char> > const&>(std::_Sp_alloc_shared_tag<std::allocator<cpp_dbc::MySQL::MySQLPreparedStatement> >, MYSQL*&, std::__cxx11::basic_string<char, std::char_traits<char>, std::allocator<char> > const&) (shared_ptr.h:409)
==268755==    by 0x1F19F8: std::shared_ptr<cpp_dbc::MySQL::MySQLPreparedStatement> std::allocate_shared<cpp_dbc::MySQL::MySQLPreparedStatement, std::allocator<cpp_dbc::MySQL::MySQLPreparedStatement>, MYSQL*&, std::__cxx11::basic_string<char, std::char_traits<char>, std::allocator<char> > const&>(std::allocator<cpp_dbc::MySQL::MySQLPreparedStatement> const&, MYSQL*&, std::__cxx11::basic_string<char, std::char_traits<char>, std::allocator<char> > const&) (shared_ptr.h:863)
==268755==    by 0x1EFE12: std::shared_ptr<cpp_dbc::MySQL::MySQLPreparedStatement> std::make_shared<cpp_dbc::MySQL::MySQLPreparedStatement, MYSQL*&, std::__cxx11::basic_string<char, std::char_traits<char>, std::allocator<char> > const&>(MYSQL*&, std::__cxx11::basic_string<char, std::char_traits<char>, std::allocator<char> > const&) (shared_ptr.h:879)
==268755== 
==268755== 2,952 bytes in 123 blocks are still reachable in loss record 1,944 of 2,004
==268755==    at 0x4848899: malloc (in /usr/libexec/valgrind/vgpreload_memcheck-amd64-linux.so)
==268755==    by 0x560C185: OPENSSL_LH_insert (in /usr/lib/x86_64-linux-gnu/libcrypto.so.3)
==268755==    by 0x56FD672: ??? (in /usr/lib/x86_64-linux-gnu/libcrypto.so.3)
==268755==    by 0x55CA89F: ERR_load_strings_const (in /usr/lib/x86_64-linux-gnu/libcrypto.so.3)
==268755==    by 0x561D1DB: ??? (in /usr/lib/x86_64-linux-gnu/libcrypto.so.3)
==268755==    by 0x522BEE7: __pthread_once_slow (pthread_once.c:116)
==268755==    by 0x5621C9C: CRYPTO_THREAD_run_once (in /usr/lib/x86_64-linux-gnu/libcrypto.so.3)
==268755==    by 0x561E992: OPENSSL_init_crypto (in /usr/lib/x86_64-linux-gnu/libcrypto.so.3)
==268755==    by 0x55CC336: ??? (in /usr/lib/x86_64-linux-gnu/libcrypto.so.3)
==268755==    by 0x55CCCFC: ERR_set_mark (in /usr/lib/x86_64-linux-gnu/libcrypto.so.3)
==268755==    by 0x55790E1: CONF_modules_load_file_ex (in /usr/lib/x86_64-linux-gnu/libcrypto.so.3)
==268755==    by 0x561E19F: ??? (in /usr/lib/x86_64-linux-gnu/libcrypto.so.3)
==268755== 
==268755== 2,976 bytes in 124 blocks are still reachable in loss record 1,945 of 2,004
==268755==    at 0x4848899: malloc (in /usr/libexec/valgrind/vgpreload_memcheck-amd64-linux.so)
==268755==    by 0x561679D: CRYPTO_zalloc (in /usr/lib/x86_64-linux-gnu/libcrypto.so.3)
==268755==    by 0x5647EE1: ??? (in /usr/lib/x86_64-linux-gnu/libcrypto.so.3)
==268755==    by 0x55EBA69: ??? (in /usr/lib/x86_64-linux-gnu/libcrypto.so.3)
==268755==    by 0x560B85B: ??? (in /usr/lib/x86_64-linux-gnu/libcrypto.so.3)
==268755==    by 0x560B71B: ??? (in /usr/lib/x86_64-linux-gnu/libcrypto.so.3)
==268755==    by 0x562AD6A: ??? (in /usr/lib/x86_64-linux-gnu/libcrypto.so.3)
==268755==    by 0x56F44E7: ??? (in /usr/lib/x86_64-linux-gnu/libcrypto.so.3)
==268755==    by 0x56F4B3D: ??? (in /usr/lib/x86_64-linux-gnu/libcrypto.so.3)
==268755==    by 0x55EC302: EVP_CIPHER_fetch (in /usr/lib/x86_64-linux-gnu/libcrypto.so.3)
==268755==    by 0x53F137A: ??? (in /usr/lib/x86_64-linux-gnu/libssl.so.3)
==268755==    by 0x53F5161: SSL_CTX_new_ex (in /usr/lib/x86_64-linux-gnu/libssl.so.3)
==268755== 
==268755== 3,024 bytes in 42 blocks are still reachable in loss record 1,946 of 2,004
==268755==    at 0x4849013: operator new(unsigned long) (in /usr/libexec/valgrind/vgpreload_memcheck-amd64-linux.so)
==268755==    by 0x2E895B: YAML::detail::memory::create_node() (memory.cpp:17)
==268755==    by 0x1348BD: YAML::detail::memory_holder::create_node() (memory.h:38)
==268755==    by 0x3103BB: YAML::NodeBuilder::Push(YAML::Mark const&, unsigned long) (nodebuilder.cpp:81)
==268755==    by 0x3101CE: YAML::NodeBuilder::OnScalar(YAML::Mark const&, std::__cxx11::basic_string<char, std::char_traits<char>, std::allocator<char> > const&, unsigned long, std::__cxx11::basic_string<char, std::char_traits<char>, std::allocator<char> > const&) (nodebuilder.cpp:49)
==268755==    by 0x306961: YAML::SingleDocParser::HandleNode(YAML::EventHandler&) (singledocparser.cpp:108)
==268755==    by 0x307975: YAML::SingleDocParser::HandleBlockMap(YAML::EventHandler&) (singledocparser.cpp:281)
==268755==    by 0x30762F: YAML::SingleDocParser::HandleMap(YAML::EventHandler&) (singledocparser.cpp:235)
==268755==    by 0x306B2F: YAML::SingleDocParser::HandleNode(YAML::EventHandler&) (singledocparser.cpp:128)
==268755==    by 0x307125: YAML::SingleDocParser::HandleBlockSequence(YAML::EventHandler&) (singledocparser.cpp:192)
==268755==    by 0x306E49: YAML::SingleDocParser::HandleSequence(YAML::EventHandler&) (singledocparser.cpp:155)
==268755==    by 0x306A43: YAML::SingleDocParser::HandleNode(YAML::EventHandler&) (singledocparser.cpp:118)
==268755== 
==268755== 3,072 bytes in 8 blocks are possibly lost in loss record 1,947 of 2,004
==268755==    at 0x4848899: malloc (in /usr/libexec/valgrind/vgpreload_memcheck-amd64-linux.so)
==268755==    by 0x561679D: CRYPTO_zalloc (in /usr/lib/x86_64-linux-gnu/libcrypto.so.3)
==268755==    by 0x552C403: ??? (in /usr/lib/x86_64-linux-gnu/libcrypto.so.3)
==268755==    by 0x552C5E5: ASN1_item_new_ex (in /usr/lib/x86_64-linux-gnu/libcrypto.so.3)
==268755==    by 0x569F476: X509_new_ex (in /usr/lib/x86_64-linux-gnu/libcrypto.so.3)
==268755==    by 0x54221A2: ??? (in /usr/lib/x86_64-linux-gnu/libssl.so.3)
==268755==    by 0x541EA94: ??? (in /usr/lib/x86_64-linux-gnu/libssl.so.3)
==268755==    by 0x5420697: ??? (in /usr/lib/x86_64-linux-gnu/libssl.so.3)
==268755==    by 0x48F8F69: ??? (in /usr/lib/x86_64-linux-gnu/libmysqlclient.so.21.2.42)
==268755==    by 0x489A12C: ??? (in /usr/lib/x86_64-linux-gnu/libmysqlclient.so.21.2.42)
==268755==    by 0x489AD71: ??? (in /usr/lib/x86_64-linux-gnu/libmysqlclient.so.21.2.42)
==268755==    by 0x48A3273: ??? (in /usr/lib/x86_64-linux-gnu/libmysqlclient.so.21.2.42)
==268755== 
==268755== 3,168 bytes in 18 blocks are still reachable in loss record 1,948 of 2,004
==268755==    at 0x4848899: malloc (in /usr/libexec/valgrind/vgpreload_memcheck-amd64-linux.so)
==268755==    by 0x561679D: CRYPTO_zalloc (in /usr/lib/x86_64-linux-gnu/libcrypto.so.3)
==268755==    by 0x560BE3C: OPENSSL_LH_new (in /usr/lib/x86_64-linux-gnu/libcrypto.so.3)
==268755==    by 0x5647F0F: ??? (in /usr/lib/x86_64-linux-gnu/libcrypto.so.3)
==268755==    by 0x55EBA69: ??? (in /usr/lib/x86_64-linux-gnu/libcrypto.so.3)
==268755==    by 0x560B85B: ??? (in /usr/lib/x86_64-linux-gnu/libcrypto.so.3)
==268755==    by 0x560B71B: ??? (in /usr/lib/x86_64-linux-gnu/libcrypto.so.3)
==268755==    by 0x562AD6A: ??? (in /usr/lib/x86_64-linux-gnu/libcrypto.so.3)
==268755==    by 0x56F44E7: ??? (in /usr/lib/x86_64-linux-gnu/libcrypto.so.3)
==268755==    by 0x56F4B3D: ??? (in /usr/lib/x86_64-linux-gnu/libcrypto.so.3)
==268755==    by 0x55F804E: EVP_KEYMGMT_fetch (in /usr/lib/x86_64-linux-gnu/libcrypto.so.3)
==268755==    by 0x56069C0: ??? (in /usr/lib/x86_64-linux-gnu/libcrypto.so.3)
==268755== 
==268755== 3,384 bytes in 47 blocks are still reachable in loss record 1,949 of 2,004
==268755==    at 0x4849013: operator new(unsigned long) (in /usr/libexec/valgrind/vgpreload_memcheck-amd64-linux.so)
==268755==    by 0x2E895B: YAML::detail::memory::create_node() (memory.cpp:17)
==268755==    by 0x1348BD: YAML::detail::memory_holder::create_node() (memory.h:38)
==268755==    by 0x3103BB: YAML::NodeBuilder::Push(YAML::Mark const&, unsigned long) (nodebuilder.cpp:81)
==268755==    by 0x3101CE: YAML::NodeBuilder::OnScalar(YAML::Mark const&, std::__cxx11::basic_string<char, std::char_traits<char>, std::allocator<char> > const&, unsigned long, std::__cxx11::basic_string<char, std::char_traits<char>, std::allocator<char> > const&) (nodebuilder.cpp:49)
==268755==    by 0x306961: YAML::SingleDocParser::HandleNode(YAML::EventHandler&) (singledocparser.cpp:108)
==268755==    by 0x307975: YAML::SingleDocParser::HandleBlockMap(YAML::EventHandler&) (singledocparser.cpp:281)
==268755==    by 0x30762F: YAML::SingleDocParser::HandleMap(YAML::EventHandler&) (singledocparser.cpp:235)
==268755==    by 0x306B2F: YAML::SingleDocParser::HandleNode(YAML::EventHandler&) (singledocparser.cpp:128)
==268755==    by 0x307975: YAML::SingleDocParser::HandleBlockMap(YAML::EventHandler&) (singledocparser.cpp:281)
==268755==    by 0x30762F: YAML::SingleDocParser::HandleMap(YAML::EventHandler&) (singledocparser.cpp:235)
==268755==    by 0x306B2F: YAML::SingleDocParser::HandleNode(YAML::EventHandler&) (singledocparser.cpp:128)
==268755== 
==268755== 3,416 bytes in 61 blocks are still reachable in loss record 1,950 of 2,004
==268755==    at 0x4849013: operator new(unsigned long) (in /usr/libexec/valgrind/vgpreload_memcheck-amd64-linux.so)
==268755==    by 0x48E4B91: ??? (in /usr/lib/x86_64-linux-gnu/libmysqlclient.so.21.2.42)
==268755==    by 0x48E4EDC: ??? (in /usr/lib/x86_64-linux-gnu/libmysqlclient.so.21.2.42)
==268755==    by 0x4908DCF: ??? (in /usr/lib/x86_64-linux-gnu/libmysqlclient.so.21.2.42)
==268755==    by 0x48E6082: ??? (in /usr/lib/x86_64-linux-gnu/libmysqlclient.so.21.2.42)
==268755==    by 0x522BEE7: __pthread_once_slow (pthread_once.c:116)
==268755==    by 0x4903155: ??? (in /usr/lib/x86_64-linux-gnu/libmysqlclient.so.21.2.42)
==268755==    by 0x489CBB8: ??? (in /usr/lib/x86_64-linux-gnu/libmysqlclient.so.21.2.42)
==268755==    by 0x489D1FA: ??? (in /usr/lib/x86_64-linux-gnu/libmysqlclient.so.21.2.42)
==268755==    by 0x48A3273: ??? (in /usr/lib/x86_64-linux-gnu/libmysqlclient.so.21.2.42)
==268755==    by 0x489EF82: mysql_real_connect (in /usr/lib/x86_64-linux-gnu/libmysqlclient.so.21.2.42)
==268755==    by 0x1EC2E1: cpp_dbc::MySQL::MySQLConnection::MySQLConnection(std::__cxx11::basic_string<char, std::char_traits<char>, std::allocator<char> > const&, int, std::__cxx11::basic_string<char, std::char_traits<char>, std::allocator<char> > const&, std::__cxx11::basic_string<char, std::char_traits<char>, std::allocator<char> > const&, std::__cxx11::basic_string<char, std::char_traits<char>, std::allocator<char> > const&) (driver_mysql.cpp:624)
==268755== 
==268755== 3,456 bytes in 48 blocks are still reachable in loss record 1,951 of 2,004
==268755==    at 0x4849013: operator new(unsigned long) (in /usr/libexec/valgrind/vgpreload_memcheck-amd64-linux.so)
==268755==    by 0x2E895B: YAML::detail::memory::create_node() (memory.cpp:17)
==268755==    by 0x1348BD: YAML::detail::memory_holder::create_node() (memory.h:38)
==268755==    by 0x3103BB: YAML::NodeBuilder::Push(YAML::Mark const&, unsigned long) (nodebuilder.cpp:81)
==268755==    by 0x3101CE: YAML::NodeBuilder::OnScalar(YAML::Mark const&, std::__cxx11::basic_string<char, std::char_traits<char>, std::allocator<char> > const&, unsigned long, std::__cxx11::basic_string<char, std::char_traits<char>, std::allocator<char> > const&) (nodebuilder.cpp:49)
==268755==    by 0x306961: YAML::SingleDocParser::HandleNode(YAML::EventHandler&) (singledocparser.cpp:108)
==268755==    by 0x3078D8: YAML::SingleDocParser::HandleBlockMap(YAML::EventHandler&) (singledocparser.cpp:273)
==268755==    by 0x30762F: YAML::SingleDocParser::HandleMap(YAML::EventHandler&) (singledocparser.cpp:235)
==268755==    by 0x306B2F: YAML::SingleDocParser::HandleNode(YAML::EventHandler&) (singledocparser.cpp:128)
==268755==    by 0x307125: YAML::SingleDocParser::HandleBlockSequence(YAML::EventHandler&) (singledocparser.cpp:192)
==268755==    by 0x306E49: YAML::SingleDocParser::HandleSequence(YAML::EventHandler&) (singledocparser.cpp:155)
==268755==    by 0x306A43: YAML::SingleDocParser::HandleNode(YAML::EventHandler&) (singledocparser.cpp:118)
==268755== 
==268755== 3,520 bytes in 10 blocks are possibly lost in loss record 1,952 of 2,004
==268755==    at 0x484DA83: calloc (in /usr/libexec/valgrind/vgpreload_memcheck-amd64-linux.so)
==268755==    by 0x40147D9: calloc (rtld-malloc.h:44)
==268755==    by 0x40147D9: allocate_dtv (dl-tls.c:375)
==268755==    by 0x40147D9: _dl_allocate_tls (dl-tls.c:634)
==268755==    by 0x52277B4: allocate_stack (allocatestack.c:430)
==268755==    by 0x52277B4: pthread_create@@GLIBC_2.34 (pthread_create.c:647)
==268755==    by 0x5020328: std::thread::_M_start_thread(std::unique_ptr<std::thread::_State, std::default_delete<std::thread::_State> >, void (*)()) (in /usr/lib/x86_64-linux-gnu/libstdc++.so.6.0.30)
==268755==    by 0x1B486B: std::thread::thread<CATCH2_INTERNAL_TEST_0()::{lambda()#1}, , void>(CATCH2_INTERNAL_TEST_0()::{lambda()#1}&&) (std_thread.h:143)
==268755==    by 0x1B3DEC: CATCH2_INTERNAL_TEST_0() (test_mysql_real.cpp:253)
==268755==    by 0x261743: Catch::TestInvokerAsFunction::invoke() const (catch_test_case_registry_impl.cpp:149)
==268755==    by 0x256F30: Catch::TestCaseHandle::invoke() const (catch_test_case_info.hpp:115)
==268755==    by 0x255FF5: Catch::RunContext::invokeActiveTestCase() (catch_run_context.cpp:538)
==268755==    by 0x255D09: Catch::RunContext::runCurrentTest(std::__cxx11::basic_string<char, std::char_traits<char>, std::allocator<char> >&, std::__cxx11::basic_string<char, std::char_traits<char>, std::allocator<char> >&) (catch_run_context.cpp:501)
==268755==    by 0x2542F5: Catch::RunContext::runTest(Catch::TestCaseHandle const&) (catch_run_context.cpp:232)
==268755==    by 0x205F36: Catch::(anonymous namespace)::TestGroup::execute() (catch_session.cpp:110)
==268755== 
==268755== 3,672 bytes in 51 blocks are still reachable in loss record 1,953 of 2,004
==268755==    at 0x4849013: operator new(unsigned long) (in /usr/libexec/valgrind/vgpreload_memcheck-amd64-linux.so)
==268755==    by 0x2E895B: YAML::detail::memory::create_node() (memory.cpp:17)
==268755==    by 0x1348BD: YAML::detail::memory_holder::create_node() (memory.h:38)
==268755==    by 0x3103BB: YAML::NodeBuilder::Push(YAML::Mark const&, unsigned long) (nodebuilder.cpp:81)
==268755==    by 0x3101CE: YAML::NodeBuilder::OnScalar(YAML::Mark const&, std::__cxx11::basic_string<char, std::char_traits<char>, std::allocator<char> > const&, unsigned long, std::__cxx11::basic_string<char, std::char_traits<char>, std::allocator<char> > const&) (nodebuilder.cpp:49)
==268755==    by 0x306961: YAML::SingleDocParser::HandleNode(YAML::EventHandler&) (singledocparser.cpp:108)
==268755==    by 0x3078D8: YAML::SingleDocParser::HandleBlockMap(YAML::EventHandler&) (singledocparser.cpp:273)
==268755==    by 0x30762F: YAML::SingleDocParser::HandleMap(YAML::EventHandler&) (singledocparser.cpp:235)
==268755==    by 0x306B2F: YAML::SingleDocParser::HandleNode(YAML::EventHandler&) (singledocparser.cpp:128)
==268755==    by 0x307975: YAML::SingleDocParser::HandleBlockMap(YAML::EventHandler&) (singledocparser.cpp:281)
==268755==    by 0x30762F: YAML::SingleDocParser::HandleMap(YAML::EventHandler&) (singledocparser.cpp:235)
==268755==    by 0x306B2F: YAML::SingleDocParser::HandleNode(YAML::EventHandler&) (singledocparser.cpp:128)
==268755== 
==268755== 3,696 bytes in 21 blocks are still reachable in loss record 1,954 of 2,004
==268755==    at 0x4848899: malloc (in /usr/libexec/valgrind/vgpreload_memcheck-amd64-linux.so)
==268755==    by 0x561679D: CRYPTO_zalloc (in /usr/lib/x86_64-linux-gnu/libcrypto.so.3)
==268755==    by 0x560BE3C: OPENSSL_LH_new (in /usr/lib/x86_64-linux-gnu/libcrypto.so.3)
==268755==    by 0x5647F0F: ??? (in /usr/lib/x86_64-linux-gnu/libcrypto.so.3)
==268755==    by 0x55EBA69: ??? (in /usr/lib/x86_64-linux-gnu/libcrypto.so.3)
==268755==    by 0x560B85B: ??? (in /usr/lib/x86_64-linux-gnu/libcrypto.so.3)
==268755==    by 0x560B71B: ??? (in /usr/lib/x86_64-linux-gnu/libcrypto.so.3)
==268755==    by 0x562AD6A: ??? (in /usr/lib/x86_64-linux-gnu/libcrypto.so.3)
==268755==    by 0x56F44E7: ??? (in /usr/lib/x86_64-linux-gnu/libcrypto.so.3)
==268755==    by 0x56F4B3D: ??? (in /usr/lib/x86_64-linux-gnu/libcrypto.so.3)
==268755==    by 0x55DF712: EVP_MD_fetch (in /usr/lib/x86_64-linux-gnu/libcrypto.so.3)
==268755==    by 0x53F13FA: ??? (in /usr/lib/x86_64-linux-gnu/libssl.so.3)
==268755== 
==268755== 3,712 bytes in 4 blocks are possibly lost in loss record 1,955 of 2,004
==268755==    at 0x4848899: malloc (in /usr/libexec/valgrind/vgpreload_memcheck-amd64-linux.so)
==268755==    by 0x53F8E7A: ??? (in /usr/lib/x86_64-linux-gnu/libssl.so.3)
==268755==    by 0x5422912: ??? (in /usr/lib/x86_64-linux-gnu/libssl.so.3)
==268755==    by 0x541EA94: ??? (in /usr/lib/x86_64-linux-gnu/libssl.so.3)
==268755==    by 0x5420697: ??? (in /usr/lib/x86_64-linux-gnu/libssl.so.3)
==268755==    by 0x540DD26: ??? (in /usr/lib/x86_64-linux-gnu/libssl.so.3)
==268755==    by 0x53E73FB: ??? (in /usr/lib/x86_64-linux-gnu/libssl.so.3)
==268755==    by 0x53EDCB6: SSL_read (in /usr/lib/x86_64-linux-gnu/libssl.so.3)
==268755==    by 0x48E219F: ??? (in /usr/lib/x86_64-linux-gnu/libmysqlclient.so.21.2.42)
==268755==    by 0x48AC096: ??? (in /usr/lib/x86_64-linux-gnu/libmysqlclient.so.21.2.42)
==268755==    by 0x48B127D: ??? (in /usr/lib/x86_64-linux-gnu/libmysqlclient.so.21.2.42)
==268755==    by 0x48B484E: ??? (in /usr/lib/x86_64-linux-gnu/libmysqlclient.so.21.2.42)
==268755== 
==268755== 3,802 bytes in 7 blocks are still reachable in loss record 1,956 of 2,004
==268755==    at 0x4848899: malloc (in /usr/libexec/valgrind/vgpreload_memcheck-amd64-linux.so)
==268755==    by 0x52E74EA: __nss_module_allocate (nss_module.c:88)
==268755==    by 0x52E7C6E: nss_action_parse (nss_action_parse.c:57)
==268755==    by 0x52E7C6E: __nss_action_parse (nss_action_parse.c:169)
==268755==    by 0x52E85D8: process_line (nss_database.c:232)
==268755==    by 0x52E85D8: nss_database_reload_1 (nss_database.c:294)
==268755==    by 0x52E85D8: nss_database_reload (nss_database.c:332)
==268755==    by 0x52E85D8: nss_database_check_reload_and_get (nss_database.c:448)
==268755==    by 0x52E658B: __nss_services_lookup2 (XXX-lookup.c:52)
==268755==    by 0x52CBC3A: getservbyname_r@@GLIBC_2.2.5 (getXXbyYY_r.c:264)
==268755==    by 0x52CBAE6: getservbyname (getXXbyYY.c:135)
==268755==    by 0x488FB6C: mysql_server_init (in /usr/lib/x86_64-linux-gnu/libmysqlclient.so.21.2.42)
==268755==    by 0x1ED98C: cpp_dbc::MySQL::MySQLDriver::MySQLDriver() (driver_mysql.cpp:797)
==268755==    by 0x163CB6: decltype (::new ((void*)(0)) cpp_dbc::MySQL::MySQLDriver()) std::construct_at<cpp_dbc::MySQL::MySQLDriver>(cpp_dbc::MySQL::MySQLDriver*) (stl_construct.h:97)
==268755==    by 0x163D03: void std::allocator_traits<std::allocator<cpp_dbc::MySQL::MySQLDriver> >::construct<cpp_dbc::MySQL::MySQLDriver>(std::allocator<cpp_dbc::MySQL::MySQLDriver>&, cpp_dbc::MySQL::MySQLDriver*) (alloc_traits.h:518)
==268755==    by 0x163861: std::_Sp_counted_ptr_inplace<cpp_dbc::MySQL::MySQLDriver, std::allocator<cpp_dbc::MySQL::MySQLDriver>, (__gnu_cxx::_Lock_policy)2>::_Sp_counted_ptr_inplace<>(std::allocator<cpp_dbc::MySQL::MySQLDriver>) (shared_ptr_base.h:519)
==268755== 
==268755== 3,840 bytes in 4 blocks are possibly lost in loss record 1,957 of 2,004
==268755==    at 0x4848899: malloc (in /usr/libexec/valgrind/vgpreload_memcheck-amd64-linux.so)
==268755==    by 0x561679D: CRYPTO_zalloc (in /usr/lib/x86_64-linux-gnu/libcrypto.so.3)
==268755==    by 0x56A86AD: ??? (in /usr/lib/x86_64-linux-gnu/libcrypto.so.3)
==268755==    by 0x55F4A00: ??? (in /usr/lib/x86_64-linux-gnu/libcrypto.so.3)
==268755==    by 0x55F4C7E: EVP_CipherInit_ex (in /usr/lib/x86_64-linux-gnu/libcrypto.so.3)
==268755==    by 0x5406339: ??? (in /usr/lib/x86_64-linux-gnu/libssl.so.3)
==268755==    by 0x5408B74: ??? (in /usr/lib/x86_64-linux-gnu/libssl.so.3)
==268755==    by 0x54286FF: ??? (in /usr/lib/x86_64-linux-gnu/libssl.so.3)
==268755==    by 0x541EA94: ??? (in /usr/lib/x86_64-linux-gnu/libssl.so.3)
==268755==    by 0x5420697: ??? (in /usr/lib/x86_64-linux-gnu/libssl.so.3)
==268755==    by 0x48F8F69: ??? (in /usr/lib/x86_64-linux-gnu/libmysqlclient.so.21.2.42)
==268755==    by 0x489A12C: ??? (in /usr/lib/x86_64-linux-gnu/libmysqlclient.so.21.2.42)
==268755== 
==268755== 3,840 bytes in 4 blocks are possibly lost in loss record 1,958 of 2,004
==268755==    at 0x4848899: malloc (in /usr/libexec/valgrind/vgpreload_memcheck-amd64-linux.so)
==268755==    by 0x561679D: CRYPTO_zalloc (in /usr/lib/x86_64-linux-gnu/libcrypto.so.3)
==268755==    by 0x56A86AD: ??? (in /usr/lib/x86_64-linux-gnu/libcrypto.so.3)
==268755==    by 0x55F4A00: ??? (in /usr/lib/x86_64-linux-gnu/libcrypto.so.3)
==268755==    by 0x55F4C7E: EVP_CipherInit_ex (in /usr/lib/x86_64-linux-gnu/libcrypto.so.3)
==268755==    by 0x5406339: ??? (in /usr/lib/x86_64-linux-gnu/libssl.so.3)
==268755==    by 0x5408B74: ??? (in /usr/lib/x86_64-linux-gnu/libssl.so.3)
==268755==    by 0x541AE30: ??? (in /usr/lib/x86_64-linux-gnu/libssl.so.3)
==268755==    by 0x542056A: ??? (in /usr/lib/x86_64-linux-gnu/libssl.so.3)
==268755==    by 0x48F8F69: ??? (in /usr/lib/x86_64-linux-gnu/libmysqlclient.so.21.2.42)
==268755==    by 0x489A12C: ??? (in /usr/lib/x86_64-linux-gnu/libmysqlclient.so.21.2.42)
==268755==    by 0x489AD71: ??? (in /usr/lib/x86_64-linux-gnu/libmysqlclient.so.21.2.42)
==268755== 
==268755== 3,936 bytes in 39 blocks are still reachable in loss record 1,959 of 2,004
==268755==    at 0x4848899: malloc (in /usr/libexec/valgrind/vgpreload_memcheck-amd64-linux.so)
==268755==    by 0x56475A9: ??? (in /usr/lib/x86_64-linux-gnu/libcrypto.so.3)
==268755==    by 0x564784E: ??? (in /usr/lib/x86_64-linux-gnu/libcrypto.so.3)
==268755==    by 0x55C6B3A: ??? (in /usr/lib/x86_64-linux-gnu/libcrypto.so.3)
==268755==    by 0x55C6E4B: ??? (in /usr/lib/x86_64-linux-gnu/libcrypto.so.3)
==268755==    by 0x560B7F8: ??? (in /usr/lib/x86_64-linux-gnu/libcrypto.so.3)
==268755==    by 0x560B71B: ??? (in /usr/lib/x86_64-linux-gnu/libcrypto.so.3)
==268755==    by 0x562AD6A: ??? (in /usr/lib/x86_64-linux-gnu/libcrypto.so.3)
==268755==    by 0x56F44E7: ??? (in /usr/lib/x86_64-linux-gnu/libcrypto.so.3)
==268755==    by 0x56F53E7: ??? (in /usr/lib/x86_64-linux-gnu/libcrypto.so.3)
==268755==    by 0x55C0470: OSSL_DECODER_do_all_provided (in /usr/lib/x86_64-linux-gnu/libcrypto.so.3)
==268755==    by 0x55CD84B: OSSL_DECODER_CTX_new_for_pkey (in /usr/lib/x86_64-linux-gnu/libcrypto.so.3)
==268755== 
==268755== 3,968 bytes in 124 blocks are still reachable in loss record 1,960 of 2,004
==268755==    at 0x4848899: malloc (in /usr/libexec/valgrind/vgpreload_memcheck-amd64-linux.so)
==268755==    by 0x561679D: CRYPTO_zalloc (in /usr/lib/x86_64-linux-gnu/libcrypto.so.3)
==268755==    by 0x5665352: OPENSSL_sk_new_reserve (in /usr/lib/x86_64-linux-gnu/libcrypto.so.3)
==268755==    by 0x5647EF2: ??? (in /usr/lib/x86_64-linux-gnu/libcrypto.so.3)
==268755==    by 0x55EBA69: ??? (in /usr/lib/x86_64-linux-gnu/libcrypto.so.3)
==268755==    by 0x560B85B: ??? (in /usr/lib/x86_64-linux-gnu/libcrypto.so.3)
==268755==    by 0x560B71B: ??? (in /usr/lib/x86_64-linux-gnu/libcrypto.so.3)
==268755==    by 0x562AD6A: ??? (in /usr/lib/x86_64-linux-gnu/libcrypto.so.3)
==268755==    by 0x56F44E7: ??? (in /usr/lib/x86_64-linux-gnu/libcrypto.so.3)
==268755==    by 0x56F4B3D: ??? (in /usr/lib/x86_64-linux-gnu/libcrypto.so.3)
==268755==    by 0x55EC302: EVP_CIPHER_fetch (in /usr/lib/x86_64-linux-gnu/libcrypto.so.3)
==268755==    by 0x53F137A: ??? (in /usr/lib/x86_64-linux-gnu/libssl.so.3)
==268755== 
==268755== 3,968 bytes in 124 blocks are still reachable in loss record 1,961 of 2,004
==268755==    at 0x4848899: malloc (in /usr/libexec/valgrind/vgpreload_memcheck-amd64-linux.so)
==268755==    by 0x561679D: CRYPTO_zalloc (in /usr/lib/x86_64-linux-gnu/libcrypto.so.3)
==268755==    by 0x5663872: ??? (in /usr/lib/x86_64-linux-gnu/libcrypto.so.3)
==268755==    by 0x5663952: OPENSSL_sk_insert (in /usr/lib/x86_64-linux-gnu/libcrypto.so.3)
==268755==    by 0x5647EAA: ??? (in /usr/lib/x86_64-linux-gnu/libcrypto.so.3)
==268755==    by 0x55EBA69: ??? (in /usr/lib/x86_64-linux-gnu/libcrypto.so.3)
==268755==    by 0x560B85B: ??? (in /usr/lib/x86_64-linux-gnu/libcrypto.so.3)
==268755==    by 0x560B71B: ??? (in /usr/lib/x86_64-linux-gnu/libcrypto.so.3)
==268755==    by 0x562AD6A: ??? (in /usr/lib/x86_64-linux-gnu/libcrypto.so.3)
==268755==    by 0x56F44E7: ??? (in /usr/lib/x86_64-linux-gnu/libcrypto.so.3)
==268755==    by 0x56F4B3D: ??? (in /usr/lib/x86_64-linux-gnu/libcrypto.so.3)
==268755==    by 0x55EC302: EVP_CIPHER_fetch (in /usr/lib/x86_64-linux-gnu/libcrypto.so.3)
==268755== 
==268755== 3,988 bytes in 8 blocks are possibly lost in loss record 1,962 of 2,004
==268755==    at 0x4848899: malloc (in /usr/libexec/valgrind/vgpreload_memcheck-amd64-linux.so)
==268755==    by 0x552E2D0: ??? (in /usr/lib/x86_64-linux-gnu/libcrypto.so.3)
==268755==    by 0x552F3E7: ??? (in /usr/lib/x86_64-linux-gnu/libcrypto.so.3)
==268755==    by 0x552DD18: ??? (in /usr/lib/x86_64-linux-gnu/libcrypto.so.3)
==268755==    by 0x552E492: ASN1_item_d2i_ex (in /usr/lib/x86_64-linux-gnu/libcrypto.so.3)
==268755==    by 0x54221C2: ??? (in /usr/lib/x86_64-linux-gnu/libssl.so.3)
==268755==    by 0x541EA94: ??? (in /usr/lib/x86_64-linux-gnu/libssl.so.3)
==268755==    by 0x5420697: ??? (in /usr/lib/x86_64-linux-gnu/libssl.so.3)
==268755==    by 0x48F8F69: ??? (in /usr/lib/x86_64-linux-gnu/libmysqlclient.so.21.2.42)
==268755==    by 0x489A12C: ??? (in /usr/lib/x86_64-linux-gnu/libmysqlclient.so.21.2.42)
==268755==    by 0x489AD71: ??? (in /usr/lib/x86_64-linux-gnu/libmysqlclient.so.21.2.42)
==268755==    by 0x48A3273: ??? (in /usr/lib/x86_64-linux-gnu/libmysqlclient.so.21.2.42)
==268755== 
==268755== 4,032 bytes in 18 blocks are still reachable in loss record 1,963 of 2,004
==268755==    at 0x4848899: malloc (in /usr/libexec/valgrind/vgpreload_memcheck-amd64-linux.so)
==268755==    by 0x561679D: CRYPTO_zalloc (in /usr/lib/x86_64-linux-gnu/libcrypto.so.3)
==268755==    by 0x55FB6E7: ??? (in /usr/lib/x86_64-linux-gnu/libcrypto.so.3)
==268755==    by 0x55EBB09: ??? (in /usr/lib/x86_64-linux-gnu/libcrypto.so.3)
==268755==    by 0x560B7F8: ??? (in /usr/lib/x86_64-linux-gnu/libcrypto.so.3)
==268755==    by 0x560B71B: ??? (in /usr/lib/x86_64-linux-gnu/libcrypto.so.3)
==268755==    by 0x562AD6A: ??? (in /usr/lib/x86_64-linux-gnu/libcrypto.so.3)
==268755==    by 0x56F44E7: ??? (in /usr/lib/x86_64-linux-gnu/libcrypto.so.3)
==268755==    by 0x56F4B3D: ??? (in /usr/lib/x86_64-linux-gnu/libcrypto.so.3)
==268755==    by 0x55F804E: EVP_KEYMGMT_fetch (in /usr/lib/x86_64-linux-gnu/libcrypto.so.3)
==268755==    by 0x56069C0: ??? (in /usr/lib/x86_64-linux-gnu/libcrypto.so.3)
==268755==    by 0x53F5452: SSL_CTX_new_ex (in /usr/lib/x86_64-linux-gnu/libssl.so.3)
==268755== 
==268755== 4,096 bytes in 1 blocks are still reachable in loss record 1,964 of 2,004
==268755==    at 0x4848899: malloc (in /usr/libexec/valgrind/vgpreload_memcheck-amd64-linux.so)
==268755==    by 0x5210BA3: _IO_file_doallocate (filedoalloc.c:101)
==268755==    by 0x521FCDF: _IO_doallocbuf (genops.c:347)
==268755==    by 0x521EF5F: _IO_file_overflow@@GLIBC_2.2.5 (fileops.c:744)
==268755==    by 0x521D6D4: _IO_new_file_xsputn (fileops.c:1243)
==268755==    by 0x521D6D4: _IO_file_xsputn@@GLIBC_2.2.5 (fileops.c:1196)
==268755==    by 0x5211FD6: fwrite (iofwrite.c:39)
==268755==    by 0x5080B64: std::basic_ostream<char, std::char_traits<char> >& std::__ostream_insert<char, std::char_traits<char> >(std::basic_ostream<char, std::char_traits<char> >&, char const*, long) (in /usr/lib/x86_64-linux-gnu/libstdc++.so.6.0.30)
==268755==    by 0x5080EBA: std::basic_ostream<char, std::char_traits<char> >& std::operator<< <std::char_traits<char> >(std::basic_ostream<char, std::char_traits<char> >&, char const*) (in /usr/lib/x86_64-linux-gnu/libstdc++.so.6.0.30)
==268755==    by 0x2B814B: Catch::CompactReporter::testRunStarting(Catch::TestRunInfo const&) (catch_reporter_compact.cpp:214)
==268755==    by 0x253D51: Catch::RunContext::RunContext(Catch::IConfig const*, Catch::Detail::unique_ptr<Catch::IEventListener>&&) (catch_run_context.cpp:169)
==268755==    by 0x205A7E: Catch::(anonymous namespace)::TestGroup::TestGroup(Catch::Detail::unique_ptr<Catch::IEventListener>&&, Catch::Config const*) (catch_session.cpp:81)
==268755==    by 0x207416: Catch::Session::runInternal() (catch_session.cpp:331)
==268755== 
==268755== 4,200 bytes in 1 blocks are still reachable in loss record 1,965 of 2,004
==268755==    at 0x4849013: operator new(unsigned long) (in /usr/libexec/valgrind/vgpreload_memcheck-amd64-linux.so)
==268755==    by 0x210255: __gnu_cxx::new_allocator<Catch::Clara::Opt>::allocate(unsigned long, void const*) (new_allocator.h:127)
==268755==    by 0x20E9CA: std::allocator_traits<std::allocator<Catch::Clara::Opt> >::allocate(std::allocator<Catch::Clara::Opt>&, unsigned long) (alloc_traits.h:464)
==268755==    by 0x20D0CD: std::_Vector_base<Catch::Clara::Opt, std::allocator<Catch::Clara::Opt> >::_M_allocate(unsigned long) (stl_vector.h:346)
==268755==    by 0x242B1A: std::_Vector_base<Catch::Clara::Opt, std::allocator<Catch::Clara::Opt> >::_M_create_storage(unsigned long) (stl_vector.h:361)
==268755==    by 0x242104: std::_Vector_base<Catch::Clara::Opt, std::allocator<Catch::Clara::Opt> >::_Vector_base(unsigned long, std::allocator<Catch::Clara::Opt> const&) (stl_vector.h:305)
==268755==    by 0x241074: std::vector<Catch::Clara::Opt, std::allocator<Catch::Clara::Opt> >::vector(std::vector<Catch::Clara::Opt, std::allocator<Catch::Clara::Opt> > const&) (stl_vector.h:555)
==268755==    by 0x23FDA3: Catch::Clara::Parser::Parser(Catch::Clara::Parser const&) (catch_clara.hpp:612)
==268755==    by 0x240294: Catch::Clara::Parser Catch::Clara::Parser::operator|<Catch::Clara::Arg>(Catch::Clara::Arg const&) const (catch_clara.hpp:638)
==268755==    by 0x230A26: Catch::makeCommandLineParser(Catch::ConfigData&) (in /home/dsystems/Desktop/projects/cpp/cpp_dbc/build/libs/cpp_dbc/test/test/cpp_dbc_tests)
==268755==    by 0x206504: Catch::Session::Session() (catch_session.cpp:179)
==268755==    by 0x20211F: main (catch_main.cpp:36)
==268755== 
==268755== 4,328 bytes in 1 blocks are still reachable in loss record 1,966 of 2,004
==268755==    at 0x4849013: operator new(unsigned long) (in /usr/libexec/valgrind/vgpreload_memcheck-amd64-linux.so)
==268755==    by 0x48E4C76: ??? (in /usr/lib/x86_64-linux-gnu/libmysqlclient.so.21.2.42)
==268755==    by 0x48E4EDC: ??? (in /usr/lib/x86_64-linux-gnu/libmysqlclient.so.21.2.42)
==268755==    by 0x4908DCF: ??? (in /usr/lib/x86_64-linux-gnu/libmysqlclient.so.21.2.42)
==268755==    by 0x48E6082: ??? (in /usr/lib/x86_64-linux-gnu/libmysqlclient.so.21.2.42)
==268755==    by 0x522BEE7: __pthread_once_slow (pthread_once.c:116)
==268755==    by 0x4903155: ??? (in /usr/lib/x86_64-linux-gnu/libmysqlclient.so.21.2.42)
==268755==    by 0x489CBB8: ??? (in /usr/lib/x86_64-linux-gnu/libmysqlclient.so.21.2.42)
==268755==    by 0x489D1FA: ??? (in /usr/lib/x86_64-linux-gnu/libmysqlclient.so.21.2.42)
==268755==    by 0x48A3273: ??? (in /usr/lib/x86_64-linux-gnu/libmysqlclient.so.21.2.42)
==268755==    by 0x489EF82: mysql_real_connect (in /usr/lib/x86_64-linux-gnu/libmysqlclient.so.21.2.42)
==268755==    by 0x1EC2E1: cpp_dbc::MySQL::MySQLConnection::MySQLConnection(std::__cxx11::basic_string<char, std::char_traits<char>, std::allocator<char> > const&, int, std::__cxx11::basic_string<char, std::char_traits<char>, std::allocator<char> > const&, std::__cxx11::basic_string<char, std::char_traits<char>, std::allocator<char> > const&, std::__cxx11::basic_string<char, std::char_traits<char>, std::allocator<char> > const&) (driver_mysql.cpp:624)
==268755== 
==268755== 4,448 bytes in 4 blocks are possibly lost in loss record 1,967 of 2,004
==268755==    at 0x4848899: malloc (in /usr/libexec/valgrind/vgpreload_memcheck-amd64-linux.so)
==268755==    by 0x48F04CF: ??? (in /usr/lib/x86_64-linux-gnu/libmysqlclient.so.21.2.42)
==268755==    by 0x48E4357: ??? (in /usr/lib/x86_64-linux-gnu/libmysqlclient.so.21.2.42)
==268755==    by 0x48A1DF1: ??? (in /usr/lib/x86_64-linux-gnu/libmysqlclient.so.21.2.42)
==268755==    by 0x48A3273: ??? (in /usr/lib/x86_64-linux-gnu/libmysqlclient.so.21.2.42)
==268755==    by 0x489EF82: mysql_real_connect (in /usr/lib/x86_64-linux-gnu/libmysqlclient.so.21.2.42)
==268755==    by 0x1EC2E1: cpp_dbc::MySQL::MySQLConnection::MySQLConnection(std::__cxx11::basic_string<char, std::char_traits<char>, std::allocator<char> > const&, int, std::__cxx11::basic_string<char, std::char_traits<char>, std::allocator<char> > const&, std::__cxx11::basic_string<char, std::char_traits<char>, std::allocator<char> > const&, std::__cxx11::basic_string<char, std::char_traits<char>, std::allocator<char> > const&) (driver_mysql.cpp:624)
==268755==    by 0x1F6A72: decltype (::new ((void*)(0)) cpp_dbc::MySQL::MySQLConnection((declval<std::__cxx11::basic_string<char, std::char_traits<char>, std::allocator<char> >&>)(), (declval<int&>)(), (declval<std::__cxx11::basic_string<char, std::char_traits<char>, std::allocator<char> >&>)(), (declval<std::__cxx11::basic_string<char, std::char_traits<char>, std::allocator<char> > const&>)(), (declval<std::__cxx11::basic_string<char, std::char_traits<char>, std::allocator<char> > const&>)())) std::construct_at<cpp_dbc::MySQL::MySQLConnection, std::__cxx11::basic_string<char, std::char_traits<char>, std::allocator<char> >&, int&, std::__cxx11::basic_string<char, std::char_traits<char>, std::allocator<char> >&, std::__cxx11::basic_string<char, std::char_traits<char>, std::allocator<char> > const&, std::__cxx11::basic_string<char, std::char_traits<char>, std::allocator<char> > const&>(cpp_dbc::MySQL::MySQLConnection*, std::__cxx11::basic_string<char, std::char_traits<char>, std::allocator<char> >&, int&, std::__cxx11::basic_string<char, std::char_traits<char>, std::allocator<char> >&, std::__cxx11::basic_string<char, std::char_traits<char>, std::allocator<char> > const&, std::__cxx11::basic_string<char, std::char_traits<char>, std::allocator<char> > const&) (stl_construct.h:97)
==268755==    by 0x1F6B2E: void std::allocator_traits<std::allocator<cpp_dbc::MySQL::MySQLConnection> >::construct<cpp_dbc::MySQL::MySQLConnection, std::__cxx11::basic_string<char, std::char_traits<char>, std::allocator<char> >&, int&, std::__cxx11::basic_string<char, std::char_traits<char>, std::allocator<char> >&, std::__cxx11::basic_string<char, std::char_traits<char>, std::allocator<char> > const&, std::__cxx11::basic_string<char, std::char_traits<char>, std::allocator<char> > const&>(std::allocator<cpp_dbc::MySQL::MySQLConnection>&, cpp_dbc::MySQL::MySQLConnection*, std::__cxx11::basic_string<char, std::char_traits<char>, std::allocator<char> >&, int&, std::__cxx11::basic_string<char, std::char_traits<char>, std::allocator<char> >&, std::__cxx11::basic_string<char, std::char_traits<char>, std::allocator<char> > const&, std::__cxx11::basic_string<char, std::char_traits<char>, std::allocator<char> > const&) (alloc_traits.h:518)
==268755==    by 0x1F602C: std::_Sp_counted_ptr_inplace<cpp_dbc::MySQL::MySQLConnection, std::allocator<cpp_dbc::MySQL::MySQLConnection>, (__gnu_cxx::_Lock_policy)2>::_Sp_counted_ptr_inplace<std::__cxx11::basic_string<char, std::char_traits<char>, std::allocator<char> >&, int&, std::__cxx11::basic_string<char, std::char_traits<char>, std::allocator<char> >&, std::__cxx11::basic_string<char, std::char_traits<char>, std::allocator<char> > const&, std::__cxx11::basic_string<char, std::char_traits<char>, std::allocator<char> > const&>(std::allocator<cpp_dbc::MySQL::MySQLConnection>, std::__cxx11::basic_string<char, std::char_traits<char>, std::allocator<char> >&, int&, std::__cxx11::basic_string<char, std::char_traits<char>, std::allocator<char> >&, std::__cxx11::basic_string<char, std::char_traits<char>, std::allocator<char> > const&, std::__cxx11::basic_string<char, std::char_traits<char>, std::allocator<char> > const&) (shared_ptr_base.h:519)
==268755==    by 0x1F4FF2: std::__shared_count<(__gnu_cxx::_Lock_policy)2>::__shared_count<cpp_dbc::MySQL::MySQLConnection, std::allocator<cpp_dbc::MySQL::MySQLConnection>, std::__cxx11::basic_string<char, std::char_traits<char>, std::allocator<char> >&, int&, std::__cxx11::basic_string<char, std::char_traits<char>, std::allocator<char> >&, std::__cxx11::basic_string<char, std::char_traits<char>, std::allocator<char> > const&, std::__cxx11::basic_string<char, std::char_traits<char>, std::allocator<char> > const&>(cpp_dbc::MySQL::MySQLConnection*&, std::_Sp_alloc_shared_tag<std::allocator<cpp_dbc::MySQL::MySQLConnection> >, std::__cxx11::basic_string<char, std::char_traits<char>, std::allocator<char> >&, int&, std::__cxx11::basic_string<char, std::char_traits<char>, std::allocator<char> >&, std::__cxx11::basic_string<char, std::char_traits<char>, std::allocator<char> > const&, std::__cxx11::basic_string<char, std::char_traits<char>, std::allocator<char> > const&) (shared_ptr_base.h:650)
==268755==    by 0x1F42B5: std::__shared_ptr<cpp_dbc::MySQL::MySQLConnection, (__gnu_cxx::_Lock_policy)2>::__shared_ptr<std::allocator<cpp_dbc::MySQL::MySQLConnection>, std::__cxx11::basic_string<char, std::char_traits<char>, std::allocator<char> >&, int&, std::__cxx11::basic_string<char, std::char_traits<char>, std::allocator<char> >&, std::__cxx11::basic_string<char, std::char_traits<char>, std::allocator<char> > const&, std::__cxx11::basic_string<char, std::char_traits<char>, std::allocator<char> > const&>(std::_Sp_alloc_shared_tag<std::allocator<cpp_dbc::MySQL::MySQLConnection> >, std::__cxx11::basic_string<char, std::char_traits<char>, std::allocator<char> >&, int&, std::__cxx11::basic_string<char, std::char_traits<char>, std::allocator<char> >&, std::__cxx11::basic_string<char, std::char_traits<char>, std::allocator<char> > const&, std::__cxx11::basic_string<char, std::char_traits<char>, std::allocator<char> > const&) (shared_ptr_base.h:1342)
==268755== 
==268755== 4,584 bytes in 191 blocks are still reachable in loss record 1,968 of 2,004
==268755==    at 0x4849013: operator new(unsigned long) (in /usr/libexec/valgrind/vgpreload_memcheck-amd64-linux.so)
==268755==    by 0x2E9A33: std::__shared_count<(__gnu_cxx::_Lock_policy)2>::__shared_count<YAML::detail::node_data*>(YAML::detail::node_data*) (shared_ptr_base.h:596)
==268755==    by 0x2E9396: std::__shared_count<(__gnu_cxx::_Lock_policy)2>::__shared_count<YAML::detail::node_data*>(YAML::detail::node_data*, std::integral_constant<bool, false>) (shared_ptr_base.h:607)
==268755==    by 0x2E8F9D: std::__shared_ptr<YAML::detail::node_data, (__gnu_cxx::_Lock_policy)2>::__shared_ptr<YAML::detail::node_data, void>(YAML::detail::node_data*) (shared_ptr_base.h:1099)
==268755==    by 0x2E8D08: std::shared_ptr<YAML::detail::node_data>::shared_ptr<YAML::detail::node_data, void>(YAML::detail::node_data*) (shared_ptr.h:160)
==268755==    by 0x2E8AD1: YAML::detail::node_ref::node_ref() (node_ref.h:19)
==268755==    by 0x2E8BEB: YAML::detail::node::node() (node.h:27)
==268755==    by 0x2E896A: YAML::detail::memory::create_node() (memory.cpp:17)
==268755==    by 0x1348BD: YAML::detail::memory_holder::create_node() (memory.h:38)
==268755==    by 0x3103BB: YAML::NodeBuilder::Push(YAML::Mark const&, unsigned long) (nodebuilder.cpp:81)
==268755==    by 0x3101CE: YAML::NodeBuilder::OnScalar(YAML::Mark const&, std::__cxx11::basic_string<char, std::char_traits<char>, std::allocator<char> > const&, unsigned long, std::__cxx11::basic_string<char, std::char_traits<char>, std::allocator<char> > const&) (nodebuilder.cpp:49)
==268755==    by 0x306961: YAML::SingleDocParser::HandleNode(YAML::EventHandler&) (singledocparser.cpp:108)
==268755== 
==268755== 4,960 bytes in 124 blocks are still reachable in loss record 1,969 of 2,004
==268755==    at 0x4848899: malloc (in /usr/libexec/valgrind/vgpreload_memcheck-amd64-linux.so)
==268755==    by 0x5647AA0: ??? (in /usr/lib/x86_64-linux-gnu/libcrypto.so.3)
==268755==    by 0x55EBA69: ??? (in /usr/lib/x86_64-linux-gnu/libcrypto.so.3)
==268755==    by 0x560B85B: ??? (in /usr/lib/x86_64-linux-gnu/libcrypto.so.3)
==268755==    by 0x560B71B: ??? (in /usr/lib/x86_64-linux-gnu/libcrypto.so.3)
==268755==    by 0x562AD6A: ??? (in /usr/lib/x86_64-linux-gnu/libcrypto.so.3)
==268755==    by 0x56F44E7: ??? (in /usr/lib/x86_64-linux-gnu/libcrypto.so.3)
==268755==    by 0x56F4B3D: ??? (in /usr/lib/x86_64-linux-gnu/libcrypto.so.3)
==268755==    by 0x55EC302: EVP_CIPHER_fetch (in /usr/lib/x86_64-linux-gnu/libcrypto.so.3)
==268755==    by 0x53F137A: ??? (in /usr/lib/x86_64-linux-gnu/libssl.so.3)
==268755==    by 0x53F5161: SSL_CTX_new_ex (in /usr/lib/x86_64-linux-gnu/libssl.so.3)
==268755==    by 0x48F8280: ??? (in /usr/lib/x86_64-linux-gnu/libmysqlclient.so.21.2.42)
==268755== 
==268755== 4,992 bytes in 39 blocks are still reachable in loss record 1,970 of 2,004
==268755==    at 0x4848899: malloc (in /usr/libexec/valgrind/vgpreload_memcheck-amd64-linux.so)
==268755==    by 0x561679D: CRYPTO_zalloc (in /usr/lib/x86_64-linux-gnu/libcrypto.so.3)
==268755==    by 0x55C6AE5: ??? (in /usr/lib/x86_64-linux-gnu/libcrypto.so.3)
==268755==    by 0x55C6E4B: ??? (in /usr/lib/x86_64-linux-gnu/libcrypto.so.3)
==268755==    by 0x560B7F8: ??? (in /usr/lib/x86_64-linux-gnu/libcrypto.so.3)
==268755==    by 0x560B71B: ??? (in /usr/lib/x86_64-linux-gnu/libcrypto.so.3)
==268755==    by 0x562AD6A: ??? (in /usr/lib/x86_64-linux-gnu/libcrypto.so.3)
==268755==    by 0x56F44E7: ??? (in /usr/lib/x86_64-linux-gnu/libcrypto.so.3)
==268755==    by 0x56F53E7: ??? (in /usr/lib/x86_64-linux-gnu/libcrypto.so.3)
==268755==    by 0x55C0470: OSSL_DECODER_do_all_provided (in /usr/lib/x86_64-linux-gnu/libcrypto.so.3)
==268755==    by 0x55CD84B: OSSL_DECODER_CTX_new_for_pkey (in /usr/lib/x86_64-linux-gnu/libcrypto.so.3)
==268755==    by 0x569FB23: ??? (in /usr/lib/x86_64-linux-gnu/libcrypto.so.3)
==268755== 
==268755== 5,040 bytes in 21 blocks are still reachable in loss record 1,971 of 2,004
==268755==    at 0x4848899: malloc (in /usr/libexec/valgrind/vgpreload_memcheck-amd64-linux.so)
==268755==    by 0x561679D: CRYPTO_zalloc (in /usr/lib/x86_64-linux-gnu/libcrypto.so.3)
==268755==    by 0x55E0C03: ??? (in /usr/lib/x86_64-linux-gnu/libcrypto.so.3)
==268755==    by 0x55E0D87: ??? (in /usr/lib/x86_64-linux-gnu/libcrypto.so.3)
==268755==    by 0x55EBB09: ??? (in /usr/lib/x86_64-linux-gnu/libcrypto.so.3)
==268755==    by 0x560B7F8: ??? (in /usr/lib/x86_64-linux-gnu/libcrypto.so.3)
==268755==    by 0x560B71B: ??? (in /usr/lib/x86_64-linux-gnu/libcrypto.so.3)
==268755==    by 0x562AD6A: ??? (in /usr/lib/x86_64-linux-gnu/libcrypto.so.3)
==268755==    by 0x56F44E7: ??? (in /usr/lib/x86_64-linux-gnu/libcrypto.so.3)
==268755==    by 0x56F4B3D: ??? (in /usr/lib/x86_64-linux-gnu/libcrypto.so.3)
==268755==    by 0x55DF712: EVP_MD_fetch (in /usr/lib/x86_64-linux-gnu/libcrypto.so.3)
==268755==    by 0x53F13FA: ??? (in /usr/lib/x86_64-linux-gnu/libssl.so.3)
==268755== 
==268755== 5,280 bytes in 74 blocks are still reachable in loss record 1,972 of 2,004
==268755==    at 0x4849013: operator new(unsigned long) (in /usr/libexec/valgrind/vgpreload_memcheck-amd64-linux.so)
==268755==    by 0x2E83A3: __gnu_cxx::new_allocator<YAML::RegEx>::allocate(unsigned long, void const*) (new_allocator.h:127)
==268755==    by 0x2E82B6: std::allocator_traits<std::allocator<YAML::RegEx> >::allocate(std::allocator<YAML::RegEx>&, unsigned long) (alloc_traits.h:464)
==268755==    by 0x2E80FD: std::_Vector_base<YAML::RegEx, std::allocator<YAML::RegEx> >::_M_allocate(unsigned long) (stl_vector.h:346)
==268755==    by 0x2E7E74: std::_Vector_base<YAML::RegEx, std::allocator<YAML::RegEx> >::_M_create_storage(unsigned long) (stl_vector.h:361)
==268755==    by 0x2E7904: std::_Vector_base<YAML::RegEx, std::allocator<YAML::RegEx> >::_Vector_base(unsigned long, std::allocator<YAML::RegEx> const&) (stl_vector.h:305)
==268755==    by 0x2E7428: std::vector<YAML::RegEx, std::allocator<YAML::RegEx> >::vector(std::vector<YAML::RegEx, std::allocator<YAML::RegEx> > const&) (stl_vector.h:555)
==268755==    by 0x2E5FD6: YAML::RegEx::RegEx(YAML::RegEx const&) (regex_yaml.h:31)
==268755==    by 0x2E82FF: void std::_Construct<YAML::RegEx, YAML::RegEx const&>(YAML::RegEx*, YAML::RegEx const&) (stl_construct.h:119)
==268755==    by 0x2E814F: YAML::RegEx* std::__uninitialized_copy<false>::__uninit_copy<__gnu_cxx::__normal_iterator<YAML::RegEx const*, std::vector<YAML::RegEx, std::allocator<YAML::RegEx> > >, YAML::RegEx*>(__gnu_cxx::__normal_iterator<YAML::RegEx const*, std::vector<YAML::RegEx, std::allocator<YAML::RegEx> > >, __gnu_cxx::__normal_iterator<YAML::RegEx const*, std::vector<YAML::RegEx, std::allocator<YAML::RegEx> > >, YAML::RegEx*) (stl_uninitialized.h:92)
==268755==    by 0x2E7EFB: YAML::RegEx* std::uninitialized_copy<__gnu_cxx::__normal_iterator<YAML::RegEx const*, std::vector<YAML::RegEx, std::allocator<YAML::RegEx> > >, YAML::RegEx*>(__gnu_cxx::__normal_iterator<YAML::RegEx const*, std::vector<YAML::RegEx, std::allocator<YAML::RegEx> > >, __gnu_cxx::__normal_iterator<YAML::RegEx const*, std::vector<YAML::RegEx, std::allocator<YAML::RegEx> > >, YAML::RegEx*) (stl_uninitialized.h:151)
==268755==    by 0x2E79FA: YAML::RegEx* std::__uninitialized_copy_a<__gnu_cxx::__normal_iterator<YAML::RegEx const*, std::vector<YAML::RegEx, std::allocator<YAML::RegEx> > >, YAML::RegEx*, YAML::RegEx>(__gnu_cxx::__normal_iterator<YAML::RegEx const*, std::vector<YAML::RegEx, std::allocator<YAML::RegEx> > >, __gnu_cxx::__normal_iterator<YAML::RegEx const*, std::vector<YAML::RegEx, std::allocator<YAML::RegEx> > >, YAML::RegEx*, std::allocator<YAML::RegEx>&) (stl_uninitialized.h:333)
==268755== 
==268755== 5,600 bytes in 5 blocks are possibly lost in loss record 1,973 of 2,004
==268755==    at 0x4848899: malloc (in /usr/libexec/valgrind/vgpreload_memcheck-amd64-linux.so)
==268755==    by 0x53F540E: SSL_CTX_new_ex (in /usr/lib/x86_64-linux-gnu/libssl.so.3)
==268755==    by 0x48F8280: ??? (in /usr/lib/x86_64-linux-gnu/libmysqlclient.so.21.2.42)
==268755==    by 0x489A042: ??? (in /usr/lib/x86_64-linux-gnu/libmysqlclient.so.21.2.42)
==268755==    by 0x489AD71: ??? (in /usr/lib/x86_64-linux-gnu/libmysqlclient.so.21.2.42)
==268755==    by 0x48A3273: ??? (in /usr/lib/x86_64-linux-gnu/libmysqlclient.so.21.2.42)
==268755==    by 0x489EF82: mysql_real_connect (in /usr/lib/x86_64-linux-gnu/libmysqlclient.so.21.2.42)
==268755==    by 0x1EC2E1: cpp_dbc::MySQL::MySQLConnection::MySQLConnection(std::__cxx11::basic_string<char, std::char_traits<char>, std::allocator<char> > const&, int, std::__cxx11::basic_string<char, std::char_traits<char>, std::allocator<char> > const&, std::__cxx11::basic_string<char, std::char_traits<char>, std::allocator<char> > const&, std::__cxx11::basic_string<char, std::char_traits<char>, std::allocator<char> > const&) (driver_mysql.cpp:624)
==268755==    by 0x1F6A72: decltype (::new ((void*)(0)) cpp_dbc::MySQL::MySQLConnection((declval<std::__cxx11::basic_string<char, std::char_traits<char>, std::allocator<char> >&>)(), (declval<int&>)(), (declval<std::__cxx11::basic_string<char, std::char_traits<char>, std::allocator<char> >&>)(), (declval<std::__cxx11::basic_string<char, std::char_traits<char>, std::allocator<char> > const&>)(), (declval<std::__cxx11::basic_string<char, std::char_traits<char>, std::allocator<char> > const&>)())) std::construct_at<cpp_dbc::MySQL::MySQLConnection, std::__cxx11::basic_string<char, std::char_traits<char>, std::allocator<char> >&, int&, std::__cxx11::basic_string<char, std::char_traits<char>, std::allocator<char> >&, std::__cxx11::basic_string<char, std::char_traits<char>, std::allocator<char> > const&, std::__cxx11::basic_string<char, std::char_traits<char>, std::allocator<char> > const&>(cpp_dbc::MySQL::MySQLConnection*, std::__cxx11::basic_string<char, std::char_traits<char>, std::allocator<char> >&, int&, std::__cxx11::basic_string<char, std::char_traits<char>, std::allocator<char> >&, std::__cxx11::basic_string<char, std::char_traits<char>, std::allocator<char> > const&, std::__cxx11::basic_string<char, std::char_traits<char>, std::allocator<char> > const&) (stl_construct.h:97)
==268755==    by 0x1F6B2E: void std::allocator_traits<std::allocator<cpp_dbc::MySQL::MySQLConnection> >::construct<cpp_dbc::MySQL::MySQLConnection, std::__cxx11::basic_string<char, std::char_traits<char>, std::allocator<char> >&, int&, std::__cxx11::basic_string<char, std::char_traits<char>, std::allocator<char> >&, std::__cxx11::basic_string<char, std::char_traits<char>, std::allocator<char> > const&, std::__cxx11::basic_string<char, std::char_traits<char>, std::allocator<char> > const&>(std::allocator<cpp_dbc::MySQL::MySQLConnection>&, cpp_dbc::MySQL::MySQLConnection*, std::__cxx11::basic_string<char, std::char_traits<char>, std::allocator<char> >&, int&, std::__cxx11::basic_string<char, std::char_traits<char>, std::allocator<char> >&, std::__cxx11::basic_string<char, std::char_traits<char>, std::allocator<char> > const&, std::__cxx11::basic_string<char, std::char_traits<char>, std::allocator<char> > const&) (alloc_traits.h:518)
==268755==    by 0x1F602C: std::_Sp_counted_ptr_inplace<cpp_dbc::MySQL::MySQLConnection, std::allocator<cpp_dbc::MySQL::MySQLConnection>, (__gnu_cxx::_Lock_policy)2>::_Sp_counted_ptr_inplace<std::__cxx11::basic_string<char, std::char_traits<char>, std::allocator<char> >&, int&, std::__cxx11::basic_string<char, std::char_traits<char>, std::allocator<char> >&, std::__cxx11::basic_string<char, std::char_traits<char>, std::allocator<char> > const&, std::__cxx11::basic_string<char, std::char_traits<char>, std::allocator<char> > const&>(std::allocator<cpp_dbc::MySQL::MySQLConnection>, std::__cxx11::basic_string<char, std::char_traits<char>, std::allocator<char> >&, int&, std::__cxx11::basic_string<char, std::char_traits<char>, std::allocator<char> >&, std::__cxx11::basic_string<char, std::char_traits<char>, std::allocator<char> > const&, std::__cxx11::basic_string<char, std::char_traits<char>, std::allocator<char> > const&) (shared_ptr_base.h:519)
==268755==    by 0x1F4FF2: std::__shared_count<(__gnu_cxx::_Lock_policy)2>::__shared_count<cpp_dbc::MySQL::MySQLConnection, std::allocator<cpp_dbc::MySQL::MySQLConnection>, std::__cxx11::basic_string<char, std::char_traits<char>, std::allocator<char> >&, int&, std::__cxx11::basic_string<char, std::char_traits<char>, std::allocator<char> >&, std::__cxx11::basic_string<char, std::char_traits<char>, std::allocator<char> > const&, std::__cxx11::basic_string<char, std::char_traits<char>, std::allocator<char> > const&>(cpp_dbc::MySQL::MySQLConnection*&, std::_Sp_alloc_shared_tag<std::allocator<cpp_dbc::MySQL::MySQLConnection> >, std::__cxx11::basic_string<char, std::char_traits<char>, std::allocator<char> >&, int&, std::__cxx11::basic_string<char, std::char_traits<char>, std::allocator<char> >&, std::__cxx11::basic_string<char, std::char_traits<char>, std::allocator<char> > const&, std::__cxx11::basic_string<char, std::char_traits<char>, std::allocator<char> > const&) (shared_ptr_base.h:650)
==268755== 
==268755== 5,960 bytes in 5 blocks are possibly lost in loss record 1,974 of 2,004
==268755==    at 0x484DA83: calloc (in /usr/libexec/valgrind/vgpreload_memcheck-amd64-linux.so)
==268755==    by 0x48F0482: ??? (in /usr/lib/x86_64-linux-gnu/libmysqlclient.so.21.2.42)
==268755==    by 0x489F831: mysql_init (in /usr/lib/x86_64-linux-gnu/libmysqlclient.so.21.2.42)
==268755==    by 0x1EC1CA: cpp_dbc::MySQL::MySQLConnection::MySQLConnection(std::__cxx11::basic_string<char, std::char_traits<char>, std::allocator<char> > const&, int, std::__cxx11::basic_string<char, std::char_traits<char>, std::allocator<char> > const&, std::__cxx11::basic_string<char, std::char_traits<char>, std::allocator<char> > const&, std::__cxx11::basic_string<char, std::char_traits<char>, std::allocator<char> > const&) (driver_mysql.cpp:613)
==268755==    by 0x1F6A72: decltype (::new ((void*)(0)) cpp_dbc::MySQL::MySQLConnection((declval<std::__cxx11::basic_string<char, std::char_traits<char>, std::allocator<char> >&>)(), (declval<int&>)(), (declval<std::__cxx11::basic_string<char, std::char_traits<char>, std::allocator<char> >&>)(), (declval<std::__cxx11::basic_string<char, std::char_traits<char>, std::allocator<char> > const&>)(), (declval<std::__cxx11::basic_string<char, std::char_traits<char>, std::allocator<char> > const&>)())) std::construct_at<cpp_dbc::MySQL::MySQLConnection, std::__cxx11::basic_string<char, std::char_traits<char>, std::allocator<char> >&, int&, std::__cxx11::basic_string<char, std::char_traits<char>, std::allocator<char> >&, std::__cxx11::basic_string<char, std::char_traits<char>, std::allocator<char> > const&, std::__cxx11::basic_string<char, std::char_traits<char>, std::allocator<char> > const&>(cpp_dbc::MySQL::MySQLConnection*, std::__cxx11::basic_string<char, std::char_traits<char>, std::allocator<char> >&, int&, std::__cxx11::basic_string<char, std::char_traits<char>, std::allocator<char> >&, std::__cxx11::basic_string<char, std::char_traits<char>, std::allocator<char> > const&, std::__cxx11::basic_string<char, std::char_traits<char>, std::allocator<char> > const&) (stl_construct.h:97)
==268755==    by 0x1F6B2E: void std::allocator_traits<std::allocator<cpp_dbc::MySQL::MySQLConnection> >::construct<cpp_dbc::MySQL::MySQLConnection, std::__cxx11::basic_string<char, std::char_traits<char>, std::allocator<char> >&, int&, std::__cxx11::basic_string<char, std::char_traits<char>, std::allocator<char> >&, std::__cxx11::basic_string<char, std::char_traits<char>, std::allocator<char> > const&, std::__cxx11::basic_string<char, std::char_traits<char>, std::allocator<char> > const&>(std::allocator<cpp_dbc::MySQL::MySQLConnection>&, cpp_dbc::MySQL::MySQLConnection*, std::__cxx11::basic_string<char, std::char_traits<char>, std::allocator<char> >&, int&, std::__cxx11::basic_string<char, std::char_traits<char>, std::allocator<char> >&, std::__cxx11::basic_string<char, std::char_traits<char>, std::allocator<char> > const&, std::__cxx11::basic_string<char, std::char_traits<char>, std::allocator<char> > const&) (alloc_traits.h:518)
==268755==    by 0x1F602C: std::_Sp_counted_ptr_inplace<cpp_dbc::MySQL::MySQLConnection, std::allocator<cpp_dbc::MySQL::MySQLConnection>, (__gnu_cxx::_Lock_policy)2>::_Sp_counted_ptr_inplace<std::__cxx11::basic_string<char, std::char_traits<char>, std::allocator<char> >&, int&, std::__cxx11::basic_string<char, std::char_traits<char>, std::allocator<char> >&, std::__cxx11::basic_string<char, std::char_traits<char>, std::allocator<char> > const&, std::__cxx11::basic_string<char, std::char_traits<char>, std::allocator<char> > const&>(std::allocator<cpp_dbc::MySQL::MySQLConnection>, std::__cxx11::basic_string<char, std::char_traits<char>, std::allocator<char> >&, int&, std::__cxx11::basic_string<char, std::char_traits<char>, std::allocator<char> >&, std::__cxx11::basic_string<char, std::char_traits<char>, std::allocator<char> > const&, std::__cxx11::basic_string<char, std::char_traits<char>, std::allocator<char> > const&) (shared_ptr_base.h:519)
==268755==    by 0x1F4FF2: std::__shared_count<(__gnu_cxx::_Lock_policy)2>::__shared_count<cpp_dbc::MySQL::MySQLConnection, std::allocator<cpp_dbc::MySQL::MySQLConnection>, std::__cxx11::basic_string<char, std::char_traits<char>, std::allocator<char> >&, int&, std::__cxx11::basic_string<char, std::char_traits<char>, std::allocator<char> >&, std::__cxx11::basic_string<char, std::char_traits<char>, std::allocator<char> > const&, std::__cxx11::basic_string<char, std::char_traits<char>, std::allocator<char> > const&>(cpp_dbc::MySQL::MySQLConnection*&, std::_Sp_alloc_shared_tag<std::allocator<cpp_dbc::MySQL::MySQLConnection> >, std::__cxx11::basic_string<char, std::char_traits<char>, std::allocator<char> >&, int&, std::__cxx11::basic_string<char, std::char_traits<char>, std::allocator<char> >&, std::__cxx11::basic_string<char, std::char_traits<char>, std::allocator<char> > const&, std::__cxx11::basic_string<char, std::char_traits<char>, std::allocator<char> > const&) (shared_ptr_base.h:650)
==268755==    by 0x1F42B5: std::__shared_ptr<cpp_dbc::MySQL::MySQLConnection, (__gnu_cxx::_Lock_policy)2>::__shared_ptr<std::allocator<cpp_dbc::MySQL::MySQLConnection>, std::__cxx11::basic_string<char, std::char_traits<char>, std::allocator<char> >&, int&, std::__cxx11::basic_string<char, std::char_traits<char>, std::allocator<char> >&, std::__cxx11::basic_string<char, std::char_traits<char>, std::allocator<char> > const&, std::__cxx11::basic_string<char, std::char_traits<char>, std::allocator<char> > const&>(std::_Sp_alloc_shared_tag<std::allocator<cpp_dbc::MySQL::MySQLConnection> >, std::__cxx11::basic_string<char, std::char_traits<char>, std::allocator<char> >&, int&, std::__cxx11::basic_string<char, std::char_traits<char>, std::allocator<char> >&, std::__cxx11::basic_string<char, std::char_traits<char>, std::allocator<char> > const&, std::__cxx11::basic_string<char, std::char_traits<char>, std::allocator<char> > const&) (shared_ptr_base.h:1342)
==268755==    by 0x1F3358: std::shared_ptr<cpp_dbc::MySQL::MySQLConnection>::shared_ptr<std::allocator<cpp_dbc::MySQL::MySQLConnection>, std::__cxx11::basic_string<char, std::char_traits<char>, std::allocator<char> >&, int&, std::__cxx11::basic_string<char, std::char_traits<char>, std::allocator<char> >&, std::__cxx11::basic_string<char, std::char_traits<char>, std::allocator<char> > const&, std::__cxx11::basic_string<char, std::char_traits<char>, std::allocator<char> > const&>(std::_Sp_alloc_shared_tag<std::allocator<cpp_dbc::MySQL::MySQLConnection> >, std::__cxx11::basic_string<char, std::char_traits<char>, std::allocator<char> >&, int&, std::__cxx11::basic_string<char, std::char_traits<char>, std::allocator<char> >&, std::__cxx11::basic_string<char, std::char_traits<char>, std::allocator<char> > const&, std::__cxx11::basic_string<char, std::char_traits<char>, std::allocator<char> > const&) (shared_ptr.h:409)
==268755==    by 0x1F1DAF: std::shared_ptr<cpp_dbc::MySQL::MySQLConnection> std::allocate_shared<cpp_dbc::MySQL::MySQLConnection, std::allocator<cpp_dbc::MySQL::MySQLConnection>, std::__cxx11::basic_string<char, std::char_traits<char>, std::allocator<char> >&, int&, std::__cxx11::basic_string<char, std::char_traits<char>, std::allocator<char> >&, std::__cxx11::basic_string<char, std::char_traits<char>, std::allocator<char> > const&, std::__cxx11::basic_string<char, std::char_traits<char>, std::allocator<char> > const&>(std::allocator<cpp_dbc::MySQL::MySQLConnection> const&, std::__cxx11::basic_string<char, std::char_traits<char>, std::allocator<char> >&, int&, std::__cxx11::basic_string<char, std::char_traits<char>, std::allocator<char> >&, std::__cxx11::basic_string<char, std::char_traits<char>, std::allocator<char> > const&, std::__cxx11::basic_string<char, std::char_traits<char>, std::allocator<char> > const&) (shared_ptr.h:863)
==268755==    by 0x1F0024: std::shared_ptr<cpp_dbc::MySQL::MySQLConnection> std::make_shared<cpp_dbc::MySQL::MySQLConnection, std::__cxx11::basic_string<char, std::char_traits<char>, std::allocator<char> >&, int&, std::__cxx11::basic_string<char, std::char_traits<char>, std::allocator<char> >&, std::__cxx11::basic_string<char, std::char_traits<char>, std::allocator<char> > const&, std::__cxx11::basic_string<char, std::char_traits<char>, std::allocator<char> > const&>(std::__cxx11::basic_string<char, std::char_traits<char>, std::allocator<char> >&, int&, std::__cxx11::basic_string<char, std::char_traits<char>, std::allocator<char> >&, std::__cxx11::basic_string<char, std::char_traits<char>, std::allocator<char> > const&, std::__cxx11::basic_string<char, std::char_traits<char>, std::allocator<char> > const&) (shared_ptr.h:879)
==268755== 
==268755== 6,288 bytes in 3 blocks are possibly lost in loss record 1,975 of 2,004
==268755==    at 0x4848899: malloc (in /usr/libexec/valgrind/vgpreload_memcheck-amd64-linux.so)
==268755==    by 0x48F04CF: ??? (in /usr/lib/x86_64-linux-gnu/libmysqlclient.so.21.2.42)
==268755==    by 0x48F059B: ??? (in /usr/lib/x86_64-linux-gnu/libmysqlclient.so.21.2.42)
==268755==    by 0x48F0677: ??? (in /usr/lib/x86_64-linux-gnu/libmysqlclient.so.21.2.42)
==268755==    by 0x4892CB4: mysql_stmt_prepare (in /usr/lib/x86_64-linux-gnu/libmysqlclient.so.21.2.42)
==268755==    by 0x1E9C58: cpp_dbc::MySQL::MySQLPreparedStatement::MySQLPreparedStatement(MYSQL*, std::__cxx11::basic_string<char, std::char_traits<char>, std::allocator<char> > const&) (driver_mysql.cpp:263)
==268755==    by 0x1F66A8: decltype (::new ((void*)(0)) cpp_dbc::MySQL::MySQLPreparedStatement((declval<MYSQL*&>)(), (declval<std::__cxx11::basic_string<char, std::char_traits<char>, std::allocator<char> > const&>)())) std::construct_at<cpp_dbc::MySQL::MySQLPreparedStatement, MYSQL*&, std::__cxx11::basic_string<char, std::char_traits<char>, std::allocator<char> > const&>(cpp_dbc::MySQL::MySQLPreparedStatement*, MYSQL*&, std::__cxx11::basic_string<char, std::char_traits<char>, std::allocator<char> > const&) (stl_construct.h:97)
==268755==    by 0x1F6724: void std::allocator_traits<std::allocator<cpp_dbc::MySQL::MySQLPreparedStatement> >::construct<cpp_dbc::MySQL::MySQLPreparedStatement, MYSQL*&, std::__cxx11::basic_string<char, std::char_traits<char>, std::allocator<char> > const&>(std::allocator<cpp_dbc::MySQL::MySQLPreparedStatement>&, cpp_dbc::MySQL::MySQLPreparedStatement*, MYSQL*&, std::__cxx11::basic_string<char, std::char_traits<char>, std::allocator<char> > const&) (alloc_traits.h:518)
==268755==    by 0x1F5C74: std::_Sp_counted_ptr_inplace<cpp_dbc::MySQL::MySQLPreparedStatement, std::allocator<cpp_dbc::MySQL::MySQLPreparedStatement>, (__gnu_cxx::_Lock_policy)2>::_Sp_counted_ptr_inplace<MYSQL*&, std::__cxx11::basic_string<char, std::char_traits<char>, std::allocator<char> > const&>(std::allocator<cpp_dbc::MySQL::MySQLPreparedStatement>, MYSQL*&, std::__cxx11::basic_string<char, std::char_traits<char>, std::allocator<char> > const&) (shared_ptr_base.h:519)
==268755==    by 0x1F4CF2: std::__shared_count<(__gnu_cxx::_Lock_policy)2>::__shared_count<cpp_dbc::MySQL::MySQLPreparedStatement, std::allocator<cpp_dbc::MySQL::MySQLPreparedStatement>, MYSQL*&, std::__cxx11::basic_string<char, std::char_traits<char>, std::allocator<char> > const&>(cpp_dbc::MySQL::MySQLPreparedStatement*&, std::_Sp_alloc_shared_tag<std::allocator<cpp_dbc::MySQL::MySQLPreparedStatement> >, MYSQL*&, std::__cxx11::basic_string<char, std::char_traits<char>, std::allocator<char> > const&) (shared_ptr_base.h:650)
==268755==    by 0x1F3D43: std::__shared_ptr<cpp_dbc::MySQL::MySQLPreparedStatement, (__gnu_cxx::_Lock_policy)2>::__shared_ptr<std::allocator<cpp_dbc::MySQL::MySQLPreparedStatement>, MYSQL*&, std::__cxx11::basic_string<char, std::char_traits<char>, std::allocator<char> > const&>(std::_Sp_alloc_shared_tag<std::allocator<cpp_dbc::MySQL::MySQLPreparedStatement> >, MYSQL*&, std::__cxx11::basic_string<char, std::char_traits<char>, std::allocator<char> > const&) (shared_ptr_base.h:1342)
==268755==    by 0x1F2BE8: std::shared_ptr<cpp_dbc::MySQL::MySQLPreparedStatement>::shared_ptr<std::allocator<cpp_dbc::MySQL::MySQLPreparedStatement>, MYSQL*&, std::__cxx11::basic_string<char, std::char_traits<char>, std::allocator<char> > const&>(std::_Sp_alloc_shared_tag<std::allocator<cpp_dbc::MySQL::MySQLPreparedStatement> >, MYSQL*&, std::__cxx11::basic_string<char, std::char_traits<char>, std::allocator<char> > const&) (shared_ptr.h:409)
==268755== 
==268755== 6,944 bytes in 124 blocks are still reachable in loss record 1,976 of 2,004
==268755==    at 0x4848899: malloc (in /usr/libexec/valgrind/vgpreload_memcheck-amd64-linux.so)
==268755==    by 0x561679D: CRYPTO_zalloc (in /usr/lib/x86_64-linux-gnu/libcrypto.so.3)
==268755==    by 0x5621B23: CRYPTO_THREAD_lock_new (in /usr/lib/x86_64-linux-gnu/libcrypto.so.3)
==268755==    by 0x55F3B30: ??? (in /usr/lib/x86_64-linux-gnu/libcrypto.so.3)
==268755==    by 0x55F4E4D: ??? (in /usr/lib/x86_64-linux-gnu/libcrypto.so.3)
==268755==    by 0x55EBB09: ??? (in /usr/lib/x86_64-linux-gnu/libcrypto.so.3)
==268755==    by 0x560B7F8: ??? (in /usr/lib/x86_64-linux-gnu/libcrypto.so.3)
==268755==    by 0x560B71B: ??? (in /usr/lib/x86_64-linux-gnu/libcrypto.so.3)
==268755==    by 0x562AD6A: ??? (in /usr/lib/x86_64-linux-gnu/libcrypto.so.3)
==268755==    by 0x56F44E7: ??? (in /usr/lib/x86_64-linux-gnu/libcrypto.so.3)
==268755==    by 0x56F4B3D: ??? (in /usr/lib/x86_64-linux-gnu/libcrypto.so.3)
==268755==    by 0x55EC302: EVP_CIPHER_fetch (in /usr/lib/x86_64-linux-gnu/libcrypto.so.3)
==268755== 
==268755== 7,392 bytes in 42 blocks are still reachable in loss record 1,977 of 2,004
==268755==    at 0x4849013: operator new(unsigned long) (in /usr/libexec/valgrind/vgpreload_memcheck-amd64-linux.so)
==268755==    by 0x2E8AB6: YAML::detail::node_ref::node_ref() (node_ref.h:19)
==268755==    by 0x2E8BEB: YAML::detail::node::node() (node.h:27)
==268755==    by 0x2E896A: YAML::detail::memory::create_node() (memory.cpp:17)
==268755==    by 0x1348BD: YAML::detail::memory_holder::create_node() (memory.h:38)
==268755==    by 0x3103BB: YAML::NodeBuilder::Push(YAML::Mark const&, unsigned long) (nodebuilder.cpp:81)
==268755==    by 0x3101CE: YAML::NodeBuilder::OnScalar(YAML::Mark const&, std::__cxx11::basic_string<char, std::char_traits<char>, std::allocator<char> > const&, unsigned long, std::__cxx11::basic_string<char, std::char_traits<char>, std::allocator<char> > const&) (nodebuilder.cpp:49)
==268755==    by 0x306961: YAML::SingleDocParser::HandleNode(YAML::EventHandler&) (singledocparser.cpp:108)
==268755==    by 0x307975: YAML::SingleDocParser::HandleBlockMap(YAML::EventHandler&) (singledocparser.cpp:281)
==268755==    by 0x30762F: YAML::SingleDocParser::HandleMap(YAML::EventHandler&) (singledocparser.cpp:235)
==268755==    by 0x306B2F: YAML::SingleDocParser::HandleNode(YAML::EventHandler&) (singledocparser.cpp:128)
==268755==    by 0x307125: YAML::SingleDocParser::HandleBlockSequence(YAML::EventHandler&) (singledocparser.cpp:192)
==268755== 
==268755== 7,632 bytes in 318 blocks are still reachable in loss record 1,978 of 2,004
==268755==    at 0x4848899: malloc (in /usr/libexec/valgrind/vgpreload_memcheck-amd64-linux.so)
==268755==    by 0x560C185: OPENSSL_LH_insert (in /usr/lib/x86_64-linux-gnu/libcrypto.so.3)
==268755==    by 0x56FD672: ??? (in /usr/lib/x86_64-linux-gnu/libcrypto.so.3)
==268755==    by 0x55CA89F: ERR_load_strings_const (in /usr/lib/x86_64-linux-gnu/libcrypto.so.3)
==268755==    by 0x53EA8AB: ??? (in /usr/lib/x86_64-linux-gnu/libssl.so.3)
==268755==    by 0x522BEE7: __pthread_once_slow (pthread_once.c:116)
==268755==    by 0x5621C9C: CRYPTO_THREAD_run_once (in /usr/lib/x86_64-linux-gnu/libcrypto.so.3)
==268755==    by 0x53EBAB2: OPENSSL_init_ssl (in /usr/lib/x86_64-linux-gnu/libssl.so.3)
==268755==    by 0x488FB41: mysql_server_init (in /usr/lib/x86_64-linux-gnu/libmysqlclient.so.21.2.42)
==268755==    by 0x1ED98C: cpp_dbc::MySQL::MySQLDriver::MySQLDriver() (driver_mysql.cpp:797)
==268755==    by 0x163CB6: decltype (::new ((void*)(0)) cpp_dbc::MySQL::MySQLDriver()) std::construct_at<cpp_dbc::MySQL::MySQLDriver>(cpp_dbc::MySQL::MySQLDriver*) (stl_construct.h:97)
==268755==    by 0x163D03: void std::allocator_traits<std::allocator<cpp_dbc::MySQL::MySQLDriver> >::construct<cpp_dbc::MySQL::MySQLDriver>(std::allocator<cpp_dbc::MySQL::MySQLDriver>&, cpp_dbc::MySQL::MySQLDriver*) (alloc_traits.h:518)
==268755== 
==268755== 8,080 bytes in 5 blocks are possibly lost in loss record 1,979 of 2,004
==268755==    at 0x4848899: malloc (in /usr/libexec/valgrind/vgpreload_memcheck-amd64-linux.so)
==268755==    by 0x561679D: CRYPTO_zalloc (in /usr/lib/x86_64-linux-gnu/libcrypto.so.3)
==268755==    by 0x53F4FA4: SSL_CTX_new_ex (in /usr/lib/x86_64-linux-gnu/libssl.so.3)
==268755==    by 0x48F8280: ??? (in /usr/lib/x86_64-linux-gnu/libmysqlclient.so.21.2.42)
==268755==    by 0x489A042: ??? (in /usr/lib/x86_64-linux-gnu/libmysqlclient.so.21.2.42)
==268755==    by 0x489AD71: ??? (in /usr/lib/x86_64-linux-gnu/libmysqlclient.so.21.2.42)
==268755==    by 0x48A3273: ??? (in /usr/lib/x86_64-linux-gnu/libmysqlclient.so.21.2.42)
==268755==    by 0x489EF82: mysql_real_connect (in /usr/lib/x86_64-linux-gnu/libmysqlclient.so.21.2.42)
==268755==    by 0x1EC2E1: cpp_dbc::MySQL::MySQLConnection::MySQLConnection(std::__cxx11::basic_string<char, std::char_traits<char>, std::allocator<char> > const&, int, std::__cxx11::basic_string<char, std::char_traits<char>, std::allocator<char> > const&, std::__cxx11::basic_string<char, std::char_traits<char>, std::allocator<char> > const&, std::__cxx11::basic_string<char, std::char_traits<char>, std::allocator<char> > const&) (driver_mysql.cpp:624)
==268755==    by 0x1F6A72: decltype (::new ((void*)(0)) cpp_dbc::MySQL::MySQLConnection((declval<std::__cxx11::basic_string<char, std::char_traits<char>, std::allocator<char> >&>)(), (declval<int&>)(), (declval<std::__cxx11::basic_string<char, std::char_traits<char>, std::allocator<char> >&>)(), (declval<std::__cxx11::basic_string<char, std::char_traits<char>, std::allocator<char> > const&>)(), (declval<std::__cxx11::basic_string<char, std::char_traits<char>, std::allocator<char> > const&>)())) std::construct_at<cpp_dbc::MySQL::MySQLConnection, std::__cxx11::basic_string<char, std::char_traits<char>, std::allocator<char> >&, int&, std::__cxx11::basic_string<char, std::char_traits<char>, std::allocator<char> >&, std::__cxx11::basic_string<char, std::char_traits<char>, std::allocator<char> > const&, std::__cxx11::basic_string<char, std::char_traits<char>, std::allocator<char> > const&>(cpp_dbc::MySQL::MySQLConnection*, std::__cxx11::basic_string<char, std::char_traits<char>, std::allocator<char> >&, int&, std::__cxx11::basic_string<char, std::char_traits<char>, std::allocator<char> >&, std::__cxx11::basic_string<char, std::char_traits<char>, std::allocator<char> > const&, std::__cxx11::basic_string<char, std::char_traits<char>, std::allocator<char> > const&) (stl_construct.h:97)
==268755==    by 0x1F6B2E: void std::allocator_traits<std::allocator<cpp_dbc::MySQL::MySQLConnection> >::construct<cpp_dbc::MySQL::MySQLConnection, std::__cxx11::basic_string<char, std::char_traits<char>, std::allocator<char> >&, int&, std::__cxx11::basic_string<char, std::char_traits<char>, std::allocator<char> >&, std::__cxx11::basic_string<char, std::char_traits<char>, std::allocator<char> > const&, std::__cxx11::basic_string<char, std::char_traits<char>, std::allocator<char> > const&>(std::allocator<cpp_dbc::MySQL::MySQLConnection>&, cpp_dbc::MySQL::MySQLConnection*, std::__cxx11::basic_string<char, std::char_traits<char>, std::allocator<char> >&, int&, std::__cxx11::basic_string<char, std::char_traits<char>, std::allocator<char> >&, std::__cxx11::basic_string<char, std::char_traits<char>, std::allocator<char> > const&, std::__cxx11::basic_string<char, std::char_traits<char>, std::allocator<char> > const&) (alloc_traits.h:518)
==268755==    by 0x1F602C: std::_Sp_counted_ptr_inplace<cpp_dbc::MySQL::MySQLConnection, std::allocator<cpp_dbc::MySQL::MySQLConnection>, (__gnu_cxx::_Lock_policy)2>::_Sp_counted_ptr_inplace<std::__cxx11::basic_string<char, std::char_traits<char>, std::allocator<char> >&, int&, std::__cxx11::basic_string<char, std::char_traits<char>, std::allocator<char> >&, std::__cxx11::basic_string<char, std::char_traits<char>, std::allocator<char> > const&, std::__cxx11::basic_string<char, std::char_traits<char>, std::allocator<char> > const&>(std::allocator<cpp_dbc::MySQL::MySQLConnection>, std::__cxx11::basic_string<char, std::char_traits<char>, std::allocator<char> >&, int&, std::__cxx11::basic_string<char, std::char_traits<char>, std::allocator<char> >&, std::__cxx11::basic_string<char, std::char_traits<char>, std::allocator<char> > const&, std::__cxx11::basic_string<char, std::char_traits<char>, std::allocator<char> > const&) (shared_ptr_base.h:519)
==268755== 
==268755== 8,192 bytes in 1 blocks are still reachable in loss record 1,980 of 2,004
==268755==    at 0x484DCD3: realloc (in /usr/libexec/valgrind/vgpreload_memcheck-amd64-linux.so)
==268755==    by 0x560C133: OPENSSL_LH_insert (in /usr/lib/x86_64-linux-gnu/libcrypto.so.3)
==268755==    by 0x56FD672: ??? (in /usr/lib/x86_64-linux-gnu/libcrypto.so.3)
==268755==    by 0x55CA89F: ERR_load_strings_const (in /usr/lib/x86_64-linux-gnu/libcrypto.so.3)
==268755==    by 0x561D38E: ??? (in /usr/lib/x86_64-linux-gnu/libcrypto.so.3)
==268755==    by 0x522BEE7: __pthread_once_slow (pthread_once.c:116)
==268755==    by 0x5621C9C: CRYPTO_THREAD_run_once (in /usr/lib/x86_64-linux-gnu/libcrypto.so.3)
==268755==    by 0x561E992: OPENSSL_init_crypto (in /usr/lib/x86_64-linux-gnu/libcrypto.so.3)
==268755==    by 0x55CC336: ??? (in /usr/lib/x86_64-linux-gnu/libcrypto.so.3)
==268755==    by 0x55CCCFC: ERR_set_mark (in /usr/lib/x86_64-linux-gnu/libcrypto.so.3)
==268755==    by 0x55790E1: CONF_modules_load_file_ex (in /usr/lib/x86_64-linux-gnu/libcrypto.so.3)
==268755==    by 0x561E19F: ??? (in /usr/lib/x86_64-linux-gnu/libcrypto.so.3)
==268755== 
==268755== 8,272 bytes in 47 blocks are still reachable in loss record 1,981 of 2,004
==268755==    at 0x4849013: operator new(unsigned long) (in /usr/libexec/valgrind/vgpreload_memcheck-amd64-linux.so)
==268755==    by 0x2E8AB6: YAML::detail::node_ref::node_ref() (node_ref.h:19)
==268755==    by 0x2E8BEB: YAML::detail::node::node() (node.h:27)
==268755==    by 0x2E896A: YAML::detail::memory::create_node() (memory.cpp:17)
==268755==    by 0x1348BD: YAML::detail::memory_holder::create_node() (memory.h:38)
==268755==    by 0x3103BB: YAML::NodeBuilder::Push(YAML::Mark const&, unsigned long) (nodebuilder.cpp:81)
==268755==    by 0x3101CE: YAML::NodeBuilder::OnScalar(YAML::Mark const&, std::__cxx11::basic_string<char, std::char_traits<char>, std::allocator<char> > const&, unsigned long, std::__cxx11::basic_string<char, std::char_traits<char>, std::allocator<char> > const&) (nodebuilder.cpp:49)
==268755==    by 0x306961: YAML::SingleDocParser::HandleNode(YAML::EventHandler&) (singledocparser.cpp:108)
==268755==    by 0x307975: YAML::SingleDocParser::HandleBlockMap(YAML::EventHandler&) (singledocparser.cpp:281)
==268755==    by 0x30762F: YAML::SingleDocParser::HandleMap(YAML::EventHandler&) (singledocparser.cpp:235)
==268755==    by 0x306B2F: YAML::SingleDocParser::HandleNode(YAML::EventHandler&) (singledocparser.cpp:128)
==268755==    by 0x307975: YAML::SingleDocParser::HandleBlockMap(YAML::EventHandler&) (singledocparser.cpp:281)
==268755== 
==268755== 8,448 bytes in 48 blocks are still reachable in loss record 1,982 of 2,004
==268755==    at 0x4849013: operator new(unsigned long) (in /usr/libexec/valgrind/vgpreload_memcheck-amd64-linux.so)
==268755==    by 0x2E8AB6: YAML::detail::node_ref::node_ref() (node_ref.h:19)
==268755==    by 0x2E8BEB: YAML::detail::node::node() (node.h:27)
==268755==    by 0x2E896A: YAML::detail::memory::create_node() (memory.cpp:17)
==268755==    by 0x1348BD: YAML::detail::memory_holder::create_node() (memory.h:38)
==268755==    by 0x3103BB: YAML::NodeBuilder::Push(YAML::Mark const&, unsigned long) (nodebuilder.cpp:81)
==268755==    by 0x3101CE: YAML::NodeBuilder::OnScalar(YAML::Mark const&, std::__cxx11::basic_string<char, std::char_traits<char>, std::allocator<char> > const&, unsigned long, std::__cxx11::basic_string<char, std::char_traits<char>, std::allocator<char> > const&) (nodebuilder.cpp:49)
==268755==    by 0x306961: YAML::SingleDocParser::HandleNode(YAML::EventHandler&) (singledocparser.cpp:108)
==268755==    by 0x3078D8: YAML::SingleDocParser::HandleBlockMap(YAML::EventHandler&) (singledocparser.cpp:273)
==268755==    by 0x30762F: YAML::SingleDocParser::HandleMap(YAML::EventHandler&) (singledocparser.cpp:235)
==268755==    by 0x306B2F: YAML::SingleDocParser::HandleNode(YAML::EventHandler&) (singledocparser.cpp:128)
==268755==    by 0x307125: YAML::SingleDocParser::HandleBlockSequence(YAML::EventHandler&) (singledocparser.cpp:192)
==268755== 
==268755== 8,680 bytes in 35 blocks are still reachable in loss record 1,983 of 2,004
==268755==    at 0x4849013: operator new(unsigned long) (in /usr/libexec/valgrind/vgpreload_memcheck-amd64-linux.so)
==268755==    by 0x1F7001: __gnu_cxx::new_allocator<std::_Sp_counted_ptr_inplace<cpp_dbc::MySQL::MySQLPreparedStatement, std::allocator<cpp_dbc::MySQL::MySQLPreparedStatement>, (__gnu_cxx::_Lock_policy)2> >::allocate(unsigned long, void const*) (new_allocator.h:127)
==268755==    by 0x1F6559: allocate (allocator.h:185)
==268755==    by 0x1F6559: std::allocator_traits<std::allocator<std::_Sp_counted_ptr_inplace<cpp_dbc::MySQL::MySQLPreparedStatement, std::allocator<cpp_dbc::MySQL::MySQLPreparedStatement>, (__gnu_cxx::_Lock_policy)2> > >::allocate(std::allocator<std::_Sp_counted_ptr_inplace<cpp_dbc::MySQL::MySQLPreparedStatement, std::allocator<cpp_dbc::MySQL::MySQLPreparedStatement>, (__gnu_cxx::_Lock_policy)2> >&, unsigned long) (alloc_traits.h:464)
==268755==    by 0x1F5ACF: std::__allocated_ptr<std::allocator<std::_Sp_counted_ptr_inplace<cpp_dbc::MySQL::MySQLPreparedStatement, std::allocator<cpp_dbc::MySQL::MySQLPreparedStatement>, (__gnu_cxx::_Lock_policy)2> > > std::__allocate_guarded<std::allocator<std::_Sp_counted_ptr_inplace<cpp_dbc::MySQL::MySQLPreparedStatement, std::allocator<cpp_dbc::MySQL::MySQLPreparedStatement>, (__gnu_cxx::_Lock_policy)2> > >(std::allocator<std::_Sp_counted_ptr_inplace<cpp_dbc::MySQL::MySQLPreparedStatement, std::allocator<cpp_dbc::MySQL::MySQLPreparedStatement>, (__gnu_cxx::_Lock_policy)2> >&) (allocated_ptr.h:98)
==268755==    by 0x1F4C7F: std::__shared_count<(__gnu_cxx::_Lock_policy)2>::__shared_count<cpp_dbc::MySQL::MySQLPreparedStatement, std::allocator<cpp_dbc::MySQL::MySQLPreparedStatement>, MYSQL*&, std::__cxx11::basic_string<char, std::char_traits<char>, std::allocator<char> > const&>(cpp_dbc::MySQL::MySQLPreparedStatement*&, std::_Sp_alloc_shared_tag<std::allocator<cpp_dbc::MySQL::MySQLPreparedStatement> >, MYSQL*&, std::__cxx11::basic_string<char, std::char_traits<char>, std::allocator<char> > const&) (shared_ptr_base.h:648)
==268755==    by 0x1F3D43: std::__shared_ptr<cpp_dbc::MySQL::MySQLPreparedStatement, (__gnu_cxx::_Lock_policy)2>::__shared_ptr<std::allocator<cpp_dbc::MySQL::MySQLPreparedStatement>, MYSQL*&, std::__cxx11::basic_string<char, std::char_traits<char>, std::allocator<char> > const&>(std::_Sp_alloc_shared_tag<std::allocator<cpp_dbc::MySQL::MySQLPreparedStatement> >, MYSQL*&, std::__cxx11::basic_string<char, std::char_traits<char>, std::allocator<char> > const&) (shared_ptr_base.h:1342)
==268755==    by 0x1F2BE8: std::shared_ptr<cpp_dbc::MySQL::MySQLPreparedStatement>::shared_ptr<std::allocator<cpp_dbc::MySQL::MySQLPreparedStatement>, MYSQL*&, std::__cxx11::basic_string<char, std::char_traits<char>, std::allocator<char> > const&>(std::_Sp_alloc_shared_tag<std::allocator<cpp_dbc::MySQL::MySQLPreparedStatement> >, MYSQL*&, std::__cxx11::basic_string<char, std::char_traits<char>, std::allocator<char> > const&) (shared_ptr.h:409)
==268755==    by 0x1F19F8: std::shared_ptr<cpp_dbc::MySQL::MySQLPreparedStatement> std::allocate_shared<cpp_dbc::MySQL::MySQLPreparedStatement, std::allocator<cpp_dbc::MySQL::MySQLPreparedStatement>, MYSQL*&, std::__cxx11::basic_string<char, std::char_traits<char>, std::allocator<char> > const&>(std::allocator<cpp_dbc::MySQL::MySQLPreparedStatement> const&, MYSQL*&, std::__cxx11::basic_string<char, std::char_traits<char>, std::allocator<char> > const&) (shared_ptr.h:863)
==268755==    by 0x1EFE12: std::shared_ptr<cpp_dbc::MySQL::MySQLPreparedStatement> std::make_shared<cpp_dbc::MySQL::MySQLPreparedStatement, MYSQL*&, std::__cxx11::basic_string<char, std::char_traits<char>, std::allocator<char> > const&>(MYSQL*&, std::__cxx11::basic_string<char, std::char_traits<char>, std::allocator<char> > const&) (shared_ptr.h:879)
==268755==    by 0x1EC8FF: cpp_dbc::MySQL::MySQLConnection::prepareStatement(std::__cxx11::basic_string<char, std::char_traits<char>, std::allocator<char> > const&) (driver_mysql.cpp:689)
==268755==    by 0x1D55DF: cpp_dbc::PooledConnection::prepareStatement(std::__cxx11::basic_string<char, std::char_traits<char>, std::allocator<char> > const&) (connection_pool.cpp:751)
==268755==    by 0x1B2664: CATCH2_INTERNAL_TEST_0()::{lambda()#1}::operator()() const (test_mysql_real.cpp:269)
==268755== 
==268755== 8,976 bytes in 51 blocks are still reachable in loss record 1,984 of 2,004
==268755==    at 0x4849013: operator new(unsigned long) (in /usr/libexec/valgrind/vgpreload_memcheck-amd64-linux.so)
==268755==    by 0x2E8AB6: YAML::detail::node_ref::node_ref() (node_ref.h:19)
==268755==    by 0x2E8BEB: YAML::detail::node::node() (node.h:27)
==268755==    by 0x2E896A: YAML::detail::memory::create_node() (memory.cpp:17)
==268755==    by 0x1348BD: YAML::detail::memory_holder::create_node() (memory.h:38)
==268755==    by 0x3103BB: YAML::NodeBuilder::Push(YAML::Mark const&, unsigned long) (nodebuilder.cpp:81)
==268755==    by 0x3101CE: YAML::NodeBuilder::OnScalar(YAML::Mark const&, std::__cxx11::basic_string<char, std::char_traits<char>, std::allocator<char> > const&, unsigned long, std::__cxx11::basic_string<char, std::char_traits<char>, std::allocator<char> > const&) (nodebuilder.cpp:49)
==268755==    by 0x306961: YAML::SingleDocParser::HandleNode(YAML::EventHandler&) (singledocparser.cpp:108)
==268755==    by 0x3078D8: YAML::SingleDocParser::HandleBlockMap(YAML::EventHandler&) (singledocparser.cpp:273)
==268755==    by 0x30762F: YAML::SingleDocParser::HandleMap(YAML::EventHandler&) (singledocparser.cpp:235)
==268755==    by 0x306B2F: YAML::SingleDocParser::HandleNode(YAML::EventHandler&) (singledocparser.cpp:128)
==268755==    by 0x307975: YAML::SingleDocParser::HandleBlockMap(YAML::EventHandler&) (singledocparser.cpp:281)
==268755== 
==268755== 10,128 bytes in 211 blocks are still reachable in loss record 1,985 of 2,004
==268755==    at 0x4849013: operator new(unsigned long) (in /usr/libexec/valgrind/vgpreload_memcheck-amd64-linux.so)
==268755==    by 0x2EAB18: __gnu_cxx::new_allocator<std::_Rb_tree_node<std::shared_ptr<YAML::detail::node> > >::allocate(unsigned long, void const*) (new_allocator.h:127)
==268755==    by 0x2EA97C: std::allocator_traits<std::allocator<std::_Rb_tree_node<std::shared_ptr<YAML::detail::node> > > >::allocate(std::allocator<std::_Rb_tree_node<std::shared_ptr<YAML::detail::node> > >&, unsigned long) (alloc_traits.h:464)
==268755==    by 0x2EA762: std::_Rb_tree<std::shared_ptr<YAML::detail::node>, std::shared_ptr<YAML::detail::node>, std::_Identity<std::shared_ptr<YAML::detail::node> >, std::less<std::shared_ptr<YAML::detail::node> >, std::allocator<std::shared_ptr<YAML::detail::node> > >::_M_get_node() (stl_tree.h:561)
==268755==    by 0x2EA407: std::_Rb_tree_node<std::shared_ptr<YAML::detail::node> >* std::_Rb_tree<std::shared_ptr<YAML::detail::node>, std::shared_ptr<YAML::detail::node>, std::_Identity<std::shared_ptr<YAML::detail::node> >, std::less<std::shared_ptr<YAML::detail::node> >, std::allocator<std::shared_ptr<YAML::detail::node> > >::_M_create_node<std::shared_ptr<YAML::detail::node> const&>(std::shared_ptr<YAML::detail::node> const&) (stl_tree.h:611)
==268755==    by 0x2E9DE2: std::_Rb_tree_node<std::shared_ptr<YAML::detail::node> >* std::_Rb_tree<std::shared_ptr<YAML::detail::node>, std::shared_ptr<YAML::detail::node>, std::_Identity<std::shared_ptr<YAML::detail::node> >, std::less<std::shared_ptr<YAML::detail::node> >, std::allocator<std::shared_ptr<YAML::detail::node> > >::_Alloc_node::operator()<std::shared_ptr<YAML::detail::node> const&>(std::shared_ptr<YAML::detail::node> const&) const (stl_tree.h:529)
==268755==    by 0x2E96CB: std::_Rb_tree_iterator<std::shared_ptr<YAML::detail::node> > std::_Rb_tree<std::shared_ptr<YAML::detail::node>, std::shared_ptr<YAML::detail::node>, std::_Identity<std::shared_ptr<YAML::detail::node> >, std::less<std::shared_ptr<YAML::detail::node> >, std::allocator<std::shared_ptr<YAML::detail::node> > >::_M_insert_<std::shared_ptr<YAML::detail::node> const&, std::_Rb_tree<std::shared_ptr<YAML::detail::node>, std::shared_ptr<YAML::detail::node>, std::_Identity<std::shared_ptr<YAML::detail::node> >, std::less<std::shared_ptr<YAML::detail::node> >, std::allocator<std::shared_ptr<YAML::detail::node> > >::_Alloc_node>(std::_Rb_tree_node_base*, std::_Rb_tree_node_base*, std::shared_ptr<YAML::detail::node> const&, std::_Rb_tree<std::shared_ptr<YAML::detail::node>, std::shared_ptr<YAML::detail::node>, std::_Identity<std::shared_ptr<YAML::detail::node> >, std::less<std::shared_ptr<YAML::detail::node> >, std::allocator<std::shared_ptr<YAML::detail::node> > >::_Alloc_node&) (stl_tree.h:1784)
==268755==    by 0x2E9125: std::pair<std::_Rb_tree_iterator<std::shared_ptr<YAML::detail::node> >, bool> std::_Rb_tree<std::shared_ptr<YAML::detail::node>, std::shared_ptr<YAML::detail::node>, std::_Identity<std::shared_ptr<YAML::detail::node> >, std::less<std::shared_ptr<YAML::detail::node> >, std::allocator<std::shared_ptr<YAML::detail::node> > >::_M_insert_unique<std::shared_ptr<YAML::detail::node> const&>(std::shared_ptr<YAML::detail::node> const&) (stl_tree.h:2129)
==268755==    by 0x2E8E91: std::set<std::shared_ptr<YAML::detail::node>, std::less<std::shared_ptr<YAML::detail::node> >, std::allocator<std::shared_ptr<YAML::detail::node> > >::insert(std::shared_ptr<YAML::detail::node> const&) (stl_set.h:512)
==268755==    by 0x2E898D: YAML::detail::memory::create_node() (memory.cpp:18)
==268755==    by 0x1348BD: YAML::detail::memory_holder::create_node() (memory.h:38)
==268755==    by 0x3103BB: YAML::NodeBuilder::Push(YAML::Mark const&, unsigned long) (nodebuilder.cpp:81)
==268755== 
==268755== 14,000 bytes in 5 blocks are possibly lost in loss record 1,986 of 2,004
==268755==    at 0x484DCD3: realloc (in /usr/libexec/valgrind/vgpreload_memcheck-amd64-linux.so)
==268755==    by 0x53F7E55: ??? (in /usr/lib/x86_64-linux-gnu/libssl.so.3)
==268755==    by 0x569CBB3: ??? (in /usr/lib/x86_64-linux-gnu/libcrypto.so.3)
==268755==    by 0x53F83C6: ??? (in /usr/lib/x86_64-linux-gnu/libssl.so.3)
==268755==    by 0x562AD6A: ??? (in /usr/lib/x86_64-linux-gnu/libcrypto.so.3)
==268755==    by 0x53F55BC: SSL_CTX_new_ex (in /usr/lib/x86_64-linux-gnu/libssl.so.3)
==268755==    by 0x48F8280: ??? (in /usr/lib/x86_64-linux-gnu/libmysqlclient.so.21.2.42)
==268755==    by 0x489A042: ??? (in /usr/lib/x86_64-linux-gnu/libmysqlclient.so.21.2.42)
==268755==    by 0x489AD71: ??? (in /usr/lib/x86_64-linux-gnu/libmysqlclient.so.21.2.42)
==268755==    by 0x48A3273: ??? (in /usr/lib/x86_64-linux-gnu/libmysqlclient.so.21.2.42)
==268755==    by 0x489EF82: mysql_real_connect (in /usr/lib/x86_64-linux-gnu/libmysqlclient.so.21.2.42)
==268755==    by 0x1EC2E1: cpp_dbc::MySQL::MySQLConnection::MySQLConnection(std::__cxx11::basic_string<char, std::char_traits<char>, std::allocator<char> > const&, int, std::__cxx11::basic_string<char, std::char_traits<char>, std::allocator<char> > const&, std::__cxx11::basic_string<char, std::char_traits<char>, std::allocator<char> > const&, std::__cxx11::basic_string<char, std::char_traits<char>, std::allocator<char> > const&) (driver_mysql.cpp:624)
==268755== 
==268755== 15,872 bytes in 124 blocks are still reachable in loss record 1,987 of 2,004
==268755==    at 0x4848899: malloc (in /usr/libexec/valgrind/vgpreload_memcheck-amd64-linux.so)
==268755==    by 0x561679D: CRYPTO_zalloc (in /usr/lib/x86_64-linux-gnu/libcrypto.so.3)
==268755==    by 0x560BE56: OPENSSL_LH_new (in /usr/lib/x86_64-linux-gnu/libcrypto.so.3)
==268755==    by 0x5647F0F: ??? (in /usr/lib/x86_64-linux-gnu/libcrypto.so.3)
==268755==    by 0x55EBA69: ??? (in /usr/lib/x86_64-linux-gnu/libcrypto.so.3)
==268755==    by 0x560B85B: ??? (in /usr/lib/x86_64-linux-gnu/libcrypto.so.3)
==268755==    by 0x560B71B: ??? (in /usr/lib/x86_64-linux-gnu/libcrypto.so.3)
==268755==    by 0x562AD6A: ??? (in /usr/lib/x86_64-linux-gnu/libcrypto.so.3)
==268755==    by 0x56F44E7: ??? (in /usr/lib/x86_64-linux-gnu/libcrypto.so.3)
==268755==    by 0x56F4B3D: ??? (in /usr/lib/x86_64-linux-gnu/libcrypto.so.3)
==268755==    by 0x55EC302: EVP_CIPHER_fetch (in /usr/lib/x86_64-linux-gnu/libcrypto.so.3)
==268755==    by 0x53F137A: ??? (in /usr/lib/x86_64-linux-gnu/libssl.so.3)
==268755== 
==268755== 21,824 bytes in 124 blocks are still reachable in loss record 1,988 of 2,004
==268755==    at 0x484DA83: calloc (in /usr/libexec/valgrind/vgpreload_memcheck-amd64-linux.so)
==268755==    by 0x616454C: asn1_array2tree (in /usr/lib/x86_64-linux-gnu/libtasn1.so.6.6.2)
==268755==    by 0x5CC4614: ??? (in /usr/lib/x86_64-linux-gnu/libgnutls.so.30.31.0)
==268755==    by 0x5C92CA2: ??? (in /usr/lib/x86_64-linux-gnu/libgnutls.so.30.31.0)
==268755==    by 0x400647D: call_init.part.0 (dl-init.c:70)
==268755==    by 0x4006567: call_init (dl-init.c:33)
==268755==    by 0x4006567: _dl_init (dl-init.c:117)
==268755==    by 0x40202C9: ??? (in /usr/lib/x86_64-linux-gnu/ld-linux-x86-64.so.2)
==268755==    by 0x4: ???
==268755==    by 0x1FFEFFFDD2: ???
==268755==    by 0x1FFEFFFE3C: ???
==268755==    by 0x1FFEFFFE3F: ???
==268755==    by 0x1FFEFFFE42: ???
==268755== 
==268755== 21,824 bytes in 124 blocks are still reachable in loss record 1,989 of 2,004
==268755==    at 0x4848899: malloc (in /usr/libexec/valgrind/vgpreload_memcheck-amd64-linux.so)
==268755==    by 0x561679D: CRYPTO_zalloc (in /usr/lib/x86_64-linux-gnu/libcrypto.so.3)
==268755==    by 0x560BE3C: OPENSSL_LH_new (in /usr/lib/x86_64-linux-gnu/libcrypto.so.3)
==268755==    by 0x5647F0F: ??? (in /usr/lib/x86_64-linux-gnu/libcrypto.so.3)
==268755==    by 0x55EBA69: ??? (in /usr/lib/x86_64-linux-gnu/libcrypto.so.3)
==268755==    by 0x560B85B: ??? (in /usr/lib/x86_64-linux-gnu/libcrypto.so.3)
==268755==    by 0x560B71B: ??? (in /usr/lib/x86_64-linux-gnu/libcrypto.so.3)
==268755==    by 0x562AD6A: ??? (in /usr/lib/x86_64-linux-gnu/libcrypto.so.3)
==268755==    by 0x56F44E7: ??? (in /usr/lib/x86_64-linux-gnu/libcrypto.so.3)
==268755==    by 0x56F4B3D: ??? (in /usr/lib/x86_64-linux-gnu/libcrypto.so.3)
==268755==    by 0x55EC302: EVP_CIPHER_fetch (in /usr/lib/x86_64-linux-gnu/libcrypto.so.3)
==268755==    by 0x53F137A: ??? (in /usr/lib/x86_64-linux-gnu/libssl.so.3)
==268755== 
==268755== 30,432 bytes in 4 blocks are possibly lost in loss record 1,990 of 2,004
==268755==    at 0x4848899: malloc (in /usr/libexec/valgrind/vgpreload_memcheck-amd64-linux.so)
==268755==    by 0x561679D: CRYPTO_zalloc (in /usr/lib/x86_64-linux-gnu/libcrypto.so.3)
==268755==    by 0x53F5F69: SSL_new (in /usr/lib/x86_64-linux-gnu/libssl.so.3)
==268755==    by 0x48F901B: ??? (in /usr/lib/x86_64-linux-gnu/libmysqlclient.so.21.2.42)
==268755==    by 0x489A12C: ??? (in /usr/lib/x86_64-linux-gnu/libmysqlclient.so.21.2.42)
==268755==    by 0x489AD71: ??? (in /usr/lib/x86_64-linux-gnu/libmysqlclient.so.21.2.42)
==268755==    by 0x48A3273: ??? (in /usr/lib/x86_64-linux-gnu/libmysqlclient.so.21.2.42)
==268755==    by 0x489EF82: mysql_real_connect (in /usr/lib/x86_64-linux-gnu/libmysqlclient.so.21.2.42)
==268755==    by 0x1EC2E1: cpp_dbc::MySQL::MySQLConnection::MySQLConnection(std::__cxx11::basic_string<char, std::char_traits<char>, std::allocator<char> > const&, int, std::__cxx11::basic_string<char, std::char_traits<char>, std::allocator<char> > const&, std::__cxx11::basic_string<char, std::char_traits<char>, std::allocator<char> > const&, std::__cxx11::basic_string<char, std::char_traits<char>, std::allocator<char> > const&) (driver_mysql.cpp:624)
==268755==    by 0x1F6A72: decltype (::new ((void*)(0)) cpp_dbc::MySQL::MySQLConnection((declval<std::__cxx11::basic_string<char, std::char_traits<char>, std::allocator<char> >&>)(), (declval<int&>)(), (declval<std::__cxx11::basic_string<char, std::char_traits<char>, std::allocator<char> >&>)(), (declval<std::__cxx11::basic_string<char, std::char_traits<char>, std::allocator<char> > const&>)(), (declval<std::__cxx11::basic_string<char, std::char_traits<char>, std::allocator<char> > const&>)())) std::construct_at<cpp_dbc::MySQL::MySQLConnection, std::__cxx11::basic_string<char, std::char_traits<char>, std::allocator<char> >&, int&, std::__cxx11::basic_string<char, std::char_traits<char>, std::allocator<char> >&, std::__cxx11::basic_string<char, std::char_traits<char>, std::allocator<char> > const&, std::__cxx11::basic_string<char, std::char_traits<char>, std::allocator<char> > const&>(cpp_dbc::MySQL::MySQLConnection*, std::__cxx11::basic_string<char, std::char_traits<char>, std::allocator<char> >&, int&, std::__cxx11::basic_string<char, std::char_traits<char>, std::allocator<char> >&, std::__cxx11::basic_string<char, std::char_traits<char>, std::allocator<char> > const&, std::__cxx11::basic_string<char, std::char_traits<char>, std::allocator<char> > const&) (stl_construct.h:97)
==268755==    by 0x1F6B2E: void std::allocator_traits<std::allocator<cpp_dbc::MySQL::MySQLConnection> >::construct<cpp_dbc::MySQL::MySQLConnection, std::__cxx11::basic_string<char, std::char_traits<char>, std::allocator<char> >&, int&, std::__cxx11::basic_string<char, std::char_traits<char>, std::allocator<char> >&, std::__cxx11::basic_string<char, std::char_traits<char>, std::allocator<char> > const&, std::__cxx11::basic_string<char, std::char_traits<char>, std::allocator<char> > const&>(std::allocator<cpp_dbc::MySQL::MySQLConnection>&, cpp_dbc::MySQL::MySQLConnection*, std::__cxx11::basic_string<char, std::char_traits<char>, std::allocator<char> >&, int&, std::__cxx11::basic_string<char, std::char_traits<char>, std::allocator<char> >&, std::__cxx11::basic_string<char, std::char_traits<char>, std::allocator<char> > const&, std::__cxx11::basic_string<char, std::char_traits<char>, std::allocator<char> > const&) (alloc_traits.h:518)
==268755==    by 0x1F602C: std::_Sp_counted_ptr_inplace<cpp_dbc::MySQL::MySQLConnection, std::allocator<cpp_dbc::MySQL::MySQLConnection>, (__gnu_cxx::_Lock_policy)2>::_Sp_counted_ptr_inplace<std::__cxx11::basic_string<char, std::char_traits<char>, std::allocator<char> >&, int&, std::__cxx11::basic_string<char, std::char_traits<char>, std::allocator<char> >&, std::__cxx11::basic_string<char, std::char_traits<char>, std::allocator<char> > const&, std::__cxx11::basic_string<char, std::char_traits<char>, std::allocator<char> > const&>(std::allocator<cpp_dbc::MySQL::MySQLConnection>, std::__cxx11::basic_string<char, std::char_traits<char>, std::allocator<char> >&, int&, std::__cxx11::basic_string<char, std::char_traits<char>, std::allocator<char> >&, std::__cxx11::basic_string<char, std::char_traits<char>, std::allocator<char> > const&, std::__cxx11::basic_string<char, std::char_traits<char>, std::allocator<char> > const&) (shared_ptr_base.h:519)
==268755== 
==268755== 31,744 bytes in 124 blocks are still reachable in loss record 1,991 of 2,004
==268755==    at 0x4848899: malloc (in /usr/libexec/valgrind/vgpreload_memcheck-amd64-linux.so)
==268755==    by 0x561679D: CRYPTO_zalloc (in /usr/lib/x86_64-linux-gnu/libcrypto.so.3)
==268755==    by 0x55F3B23: ??? (in /usr/lib/x86_64-linux-gnu/libcrypto.so.3)
==268755==    by 0x55F4E4D: ??? (in /usr/lib/x86_64-linux-gnu/libcrypto.so.3)
==268755==    by 0x55EBB09: ??? (in /usr/lib/x86_64-linux-gnu/libcrypto.so.3)
==268755==    by 0x560B7F8: ??? (in /usr/lib/x86_64-linux-gnu/libcrypto.so.3)
==268755==    by 0x560B71B: ??? (in /usr/lib/x86_64-linux-gnu/libcrypto.so.3)
==268755==    by 0x562AD6A: ??? (in /usr/lib/x86_64-linux-gnu/libcrypto.so.3)
==268755==    by 0x56F44E7: ??? (in /usr/lib/x86_64-linux-gnu/libcrypto.so.3)
==268755==    by 0x56F4B3D: ??? (in /usr/lib/x86_64-linux-gnu/libcrypto.so.3)
==268755==    by 0x55EC302: EVP_CIPHER_fetch (in /usr/lib/x86_64-linux-gnu/libcrypto.so.3)
==268755==    by 0x53F137A: ??? (in /usr/lib/x86_64-linux-gnu/libssl.so.3)
==268755== 
==268755== 32,768 bytes in 1 blocks are still reachable in loss record 1,992 of 2,004
==268755==    at 0x484A2F3: operator new[](unsigned long) (in /usr/libexec/valgrind/vgpreload_memcheck-amd64-linux.so)
==268755==    by 0x2A9A05: Catch::FatalConditionHandler::FatalConditionHandler() (catch_fatal_condition_handler.cpp:207)
==268755==    by 0x253C88: Catch::RunContext::RunContext(Catch::IConfig const*, Catch::Detail::unique_ptr<Catch::IEventListener>&&) (catch_run_context.cpp:166)
==268755==    by 0x205A7E: Catch::(anonymous namespace)::TestGroup::TestGroup(Catch::Detail::unique_ptr<Catch::IEventListener>&&, Catch::Config const*) (catch_session.cpp:81)
==268755==    by 0x207416: Catch::Session::runInternal() (catch_session.cpp:331)
==268755==    by 0x206F31: Catch::Session::run() (catch_session.cpp:263)
==268755==    by 0x202254: int Catch::Session::run<char>(int, char const* const*) (catch_session.hpp:41)
==268755==    by 0x20213D: main (catch_main.cpp:36)
==268755== 
==268755== 32,768 bytes in 1 blocks are still reachable in loss record 1,993 of 2,004
==268755==    at 0x4848899: malloc (in /usr/libexec/valgrind/vgpreload_memcheck-amd64-linux.so)
==268755==    by 0x561679D: CRYPTO_zalloc (in /usr/lib/x86_64-linux-gnu/libcrypto.so.3)
==268755==    by 0x5621A74: ??? (in /usr/lib/x86_64-linux-gnu/libcrypto.so.3)
==268755==    by 0x5647F35: ??? (in /usr/lib/x86_64-linux-gnu/libcrypto.so.3)
==268755==    by 0x55EBA69: ??? (in /usr/lib/x86_64-linux-gnu/libcrypto.so.3)
==268755==    by 0x560B85B: ??? (in /usr/lib/x86_64-linux-gnu/libcrypto.so.3)
==268755==    by 0x560B71B: ??? (in /usr/lib/x86_64-linux-gnu/libcrypto.so.3)
==268755==    by 0x562AD6A: ??? (in /usr/lib/x86_64-linux-gnu/libcrypto.so.3)
==268755==    by 0x56F44E7: ??? (in /usr/lib/x86_64-linux-gnu/libcrypto.so.3)
==268755==    by 0x56F4B3D: ??? (in /usr/lib/x86_64-linux-gnu/libcrypto.so.3)
==268755==    by 0x55DF712: EVP_MD_fetch (in /usr/lib/x86_64-linux-gnu/libcrypto.so.3)
==268755==    by 0x53F13FA: ??? (in /usr/lib/x86_64-linux-gnu/libssl.so.3)
==268755== 
==268755== 32,768 bytes in 1 blocks are still reachable in loss record 1,994 of 2,004
==268755==    at 0x4848899: malloc (in /usr/libexec/valgrind/vgpreload_memcheck-amd64-linux.so)
==268755==    by 0x561679D: CRYPTO_zalloc (in /usr/lib/x86_64-linux-gnu/libcrypto.so.3)
==268755==    by 0x5621A74: ??? (in /usr/lib/x86_64-linux-gnu/libcrypto.so.3)
==268755==    by 0x5647F35: ??? (in /usr/lib/x86_64-linux-gnu/libcrypto.so.3)
==268755==    by 0x55EBA69: ??? (in /usr/lib/x86_64-linux-gnu/libcrypto.so.3)
==268755==    by 0x560B85B: ??? (in /usr/lib/x86_64-linux-gnu/libcrypto.so.3)
==268755==    by 0x560B71B: ??? (in /usr/lib/x86_64-linux-gnu/libcrypto.so.3)
==268755==    by 0x562AD6A: ??? (in /usr/lib/x86_64-linux-gnu/libcrypto.so.3)
==268755==    by 0x56F44E7: ??? (in /usr/lib/x86_64-linux-gnu/libcrypto.so.3)
==268755==    by 0x56F4B3D: ??? (in /usr/lib/x86_64-linux-gnu/libcrypto.so.3)
==268755==    by 0x55F783E: EVP_KEYEXCH_fetch (in /usr/lib/x86_64-linux-gnu/libcrypto.so.3)
==268755==    by 0x53F5256: SSL_CTX_new_ex (in /usr/lib/x86_64-linux-gnu/libssl.so.3)
==268755== 
==268755== 32,768 bytes in 1 blocks are still reachable in loss record 1,995 of 2,004
==268755==    at 0x4848899: malloc (in /usr/libexec/valgrind/vgpreload_memcheck-amd64-linux.so)
==268755==    by 0x561679D: CRYPTO_zalloc (in /usr/lib/x86_64-linux-gnu/libcrypto.so.3)
==268755==    by 0x5621A74: ??? (in /usr/lib/x86_64-linux-gnu/libcrypto.so.3)
==268755==    by 0x5647F35: ??? (in /usr/lib/x86_64-linux-gnu/libcrypto.so.3)
==268755==    by 0x55EBA69: ??? (in /usr/lib/x86_64-linux-gnu/libcrypto.so.3)
==268755==    by 0x560B85B: ??? (in /usr/lib/x86_64-linux-gnu/libcrypto.so.3)
==268755==    by 0x560B71B: ??? (in /usr/lib/x86_64-linux-gnu/libcrypto.so.3)
==268755==    by 0x562AD6A: ??? (in /usr/lib/x86_64-linux-gnu/libcrypto.so.3)
==268755==    by 0x56F44E7: ??? (in /usr/lib/x86_64-linux-gnu/libcrypto.so.3)
==268755==    by 0x56F4B3D: ??? (in /usr/lib/x86_64-linux-gnu/libcrypto.so.3)
==268755==    by 0x55F7C32: EVP_KDF_fetch (in /usr/lib/x86_64-linux-gnu/libcrypto.so.3)
==268755==    by 0x54066BF: ??? (in /usr/lib/x86_64-linux-gnu/libssl.so.3)
==268755== 
==268755== 32,768 bytes in 1 blocks are still reachable in loss record 1,996 of 2,004
==268755==    at 0x4848899: malloc (in /usr/libexec/valgrind/vgpreload_memcheck-amd64-linux.so)
==268755==    by 0x561679D: CRYPTO_zalloc (in /usr/lib/x86_64-linux-gnu/libcrypto.so.3)
==268755==    by 0x5621A02: ??? (in /usr/lib/x86_64-linux-gnu/libcrypto.so.3)
==268755==    by 0x5647F35: ??? (in /usr/lib/x86_64-linux-gnu/libcrypto.so.3)
==268755==    by 0x55C00FE: ??? (in /usr/lib/x86_64-linux-gnu/libcrypto.so.3)
==268755==    by 0x560B85B: ??? (in /usr/lib/x86_64-linux-gnu/libcrypto.so.3)
==268755==    by 0x560B71B: ??? (in /usr/lib/x86_64-linux-gnu/libcrypto.so.3)
==268755==    by 0x562AD6A: ??? (in /usr/lib/x86_64-linux-gnu/libcrypto.so.3)
==268755==    by 0x56F44E7: ??? (in /usr/lib/x86_64-linux-gnu/libcrypto.so.3)
==268755==    by 0x56F53E7: ??? (in /usr/lib/x86_64-linux-gnu/libcrypto.so.3)
==268755==    by 0x55C0470: OSSL_DECODER_do_all_provided (in /usr/lib/x86_64-linux-gnu/libcrypto.so.3)
==268755==    by 0x55CD84B: OSSL_DECODER_CTX_new_for_pkey (in /usr/lib/x86_64-linux-gnu/libcrypto.so.3)
==268755== 
==268755== 32,768 bytes in 1 blocks are still reachable in loss record 1,997 of 2,004
==268755==    at 0x4848899: malloc (in /usr/libexec/valgrind/vgpreload_memcheck-amd64-linux.so)
==268755==    by 0x561679D: CRYPTO_zalloc (in /usr/lib/x86_64-linux-gnu/libcrypto.so.3)
==268755==    by 0x5621A02: ??? (in /usr/lib/x86_64-linux-gnu/libcrypto.so.3)
==268755==    by 0x5647F35: ??? (in /usr/lib/x86_64-linux-gnu/libcrypto.so.3)
==268755==    by 0x5666904: ??? (in /usr/lib/x86_64-linux-gnu/libcrypto.so.3)
==268755==    by 0x560B85B: ??? (in /usr/lib/x86_64-linux-gnu/libcrypto.so.3)
==268755==    by 0x560B71B: ??? (in /usr/lib/x86_64-linux-gnu/libcrypto.so.3)
==268755==    by 0x562AD6A: ??? (in /usr/lib/x86_64-linux-gnu/libcrypto.so.3)
==268755==    by 0x56F44E7: ??? (in /usr/lib/x86_64-linux-gnu/libcrypto.so.3)
==268755==    by 0x56F49C6: ??? (in /usr/lib/x86_64-linux-gnu/libcrypto.so.3)
==268755==    by 0x5666F9E: OSSL_STORE_LOADER_fetch (in /usr/lib/x86_64-linux-gnu/libcrypto.so.3)
==268755==    by 0x566B2F7: OSSL_STORE_open_ex (in /usr/lib/x86_64-linux-gnu/libcrypto.so.3)
==268755== 
==268755== 32,924 bytes in 4 blocks are possibly lost in loss record 1,998 of 2,004
==268755==    at 0x4848899: malloc (in /usr/libexec/valgrind/vgpreload_memcheck-amd64-linux.so)
==268755==    by 0x48F04CF: ??? (in /usr/lib/x86_64-linux-gnu/libmysqlclient.so.21.2.42)
==268755==    by 0x48A2426: ??? (in /usr/lib/x86_64-linux-gnu/libmysqlclient.so.21.2.42)
==268755==    by 0x48A3273: ??? (in /usr/lib/x86_64-linux-gnu/libmysqlclient.so.21.2.42)
==268755==    by 0x489EF82: mysql_real_connect (in /usr/lib/x86_64-linux-gnu/libmysqlclient.so.21.2.42)
==268755==    by 0x1EC2E1: cpp_dbc::MySQL::MySQLConnection::MySQLConnection(std::__cxx11::basic_string<char, std::char_traits<char>, std::allocator<char> > const&, int, std::__cxx11::basic_string<char, std::char_traits<char>, std::allocator<char> > const&, std::__cxx11::basic_string<char, std::char_traits<char>, std::allocator<char> > const&, std::__cxx11::basic_string<char, std::char_traits<char>, std::allocator<char> > const&) (driver_mysql.cpp:624)
==268755==    by 0x1F6A72: decltype (::new ((void*)(0)) cpp_dbc::MySQL::MySQLConnection((declval<std::__cxx11::basic_string<char, std::char_traits<char>, std::allocator<char> >&>)(), (declval<int&>)(), (declval<std::__cxx11::basic_string<char, std::char_traits<char>, std::allocator<char> >&>)(), (declval<std::__cxx11::basic_string<char, std::char_traits<char>, std::allocator<char> > const&>)(), (declval<std::__cxx11::basic_string<char, std::char_traits<char>, std::allocator<char> > const&>)())) std::construct_at<cpp_dbc::MySQL::MySQLConnection, std::__cxx11::basic_string<char, std::char_traits<char>, std::allocator<char> >&, int&, std::__cxx11::basic_string<char, std::char_traits<char>, std::allocator<char> >&, std::__cxx11::basic_string<char, std::char_traits<char>, std::allocator<char> > const&, std::__cxx11::basic_string<char, std::char_traits<char>, std::allocator<char> > const&>(cpp_dbc::MySQL::MySQLConnection*, std::__cxx11::basic_string<char, std::char_traits<char>, std::allocator<char> >&, int&, std::__cxx11::basic_string<char, std::char_traits<char>, std::allocator<char> >&, std::__cxx11::basic_string<char, std::char_traits<char>, std::allocator<char> > const&, std::__cxx11::basic_string<char, std::char_traits<char>, std::allocator<char> > const&) (stl_construct.h:97)
==268755==    by 0x1F6B2E: void std::allocator_traits<std::allocator<cpp_dbc::MySQL::MySQLConnection> >::construct<cpp_dbc::MySQL::MySQLConnection, std::__cxx11::basic_string<char, std::char_traits<char>, std::allocator<char> >&, int&, std::__cxx11::basic_string<char, std::char_traits<char>, std::allocator<char> >&, std::__cxx11::basic_string<char, std::char_traits<char>, std::allocator<char> > const&, std::__cxx11::basic_string<char, std::char_traits<char>, std::allocator<char> > const&>(std::allocator<cpp_dbc::MySQL::MySQLConnection>&, cpp_dbc::MySQL::MySQLConnection*, std::__cxx11::basic_string<char, std::char_traits<char>, std::allocator<char> >&, int&, std::__cxx11::basic_string<char, std::char_traits<char>, std::allocator<char> >&, std::__cxx11::basic_string<char, std::char_traits<char>, std::allocator<char> > const&, std::__cxx11::basic_string<char, std::char_traits<char>, std::allocator<char> > const&) (alloc_traits.h:518)
==268755==    by 0x1F602C: std::_Sp_counted_ptr_inplace<cpp_dbc::MySQL::MySQLConnection, std::allocator<cpp_dbc::MySQL::MySQLConnection>, (__gnu_cxx::_Lock_policy)2>::_Sp_counted_ptr_inplace<std::__cxx11::basic_string<char, std::char_traits<char>, std::allocator<char> >&, int&, std::__cxx11::basic_string<char, std::char_traits<char>, std::allocator<char> >&, std::__cxx11::basic_string<char, std::char_traits<char>, std::allocator<char> > const&, std::__cxx11::basic_string<char, std::char_traits<char>, std::allocator<char> > const&>(std::allocator<cpp_dbc::MySQL::MySQLConnection>, std::__cxx11::basic_string<char, std::char_traits<char>, std::allocator<char> >&, int&, std::__cxx11::basic_string<char, std::char_traits<char>, std::allocator<char> >&, std::__cxx11::basic_string<char, std::char_traits<char>, std::allocator<char> > const&, std::__cxx11::basic_string<char, std::char_traits<char>, std::allocator<char> > const&) (shared_ptr_base.h:519)
==268755==    by 0x1F4FF2: std::__shared_count<(__gnu_cxx::_Lock_policy)2>::__shared_count<cpp_dbc::MySQL::MySQLConnection, std::allocator<cpp_dbc::MySQL::MySQLConnection>, std::__cxx11::basic_string<char, std::char_traits<char>, std::allocator<char> >&, int&, std::__cxx11::basic_string<char, std::char_traits<char>, std::allocator<char> >&, std::__cxx11::basic_string<char, std::char_traits<char>, std::allocator<char> > const&, std::__cxx11::basic_string<char, std::char_traits<char>, std::allocator<char> > const&>(cpp_dbc::MySQL::MySQLConnection*&, std::_Sp_alloc_shared_tag<std::allocator<cpp_dbc::MySQL::MySQLConnection> >, std::__cxx11::basic_string<char, std::char_traits<char>, std::allocator<char> >&, int&, std::__cxx11::basic_string<char, std::char_traits<char>, std::allocator<char> >&, std::__cxx11::basic_string<char, std::char_traits<char>, std::allocator<char> > const&, std::__cxx11::basic_string<char, std::char_traits<char>, std::allocator<char> > const&) (shared_ptr_base.h:650)
==268755==    by 0x1F42B5: std::__shared_ptr<cpp_dbc::MySQL::MySQLConnection, (__gnu_cxx::_Lock_policy)2>::__shared_ptr<std::allocator<cpp_dbc::MySQL::MySQLConnection>, std::__cxx11::basic_string<char, std::char_traits<char>, std::allocator<char> >&, int&, std::__cxx11::basic_string<char, std::char_traits<char>, std::allocator<char> >&, std::__cxx11::basic_string<char, std::char_traits<char>, std::allocator<char> > const&, std::__cxx11::basic_string<char, std::char_traits<char>, std::allocator<char> > const&>(std::_Sp_alloc_shared_tag<std::allocator<cpp_dbc::MySQL::MySQLConnection> >, std::__cxx11::basic_string<char, std::char_traits<char>, std::allocator<char> >&, int&, std::__cxx11::basic_string<char, std::char_traits<char>, std::allocator<char> >&, std::__cxx11::basic_string<char, std::char_traits<char>, std::allocator<char> > const&, std::__cxx11::basic_string<char, std::char_traits<char>, std::allocator<char> > const&) (shared_ptr_base.h:1342)
==268755==    by 0x1F3358: std::shared_ptr<cpp_dbc::MySQL::MySQLConnection>::shared_ptr<std::allocator<cpp_dbc::MySQL::MySQLConnection>, std::__cxx11::basic_string<char, std::char_traits<char>, std::allocator<char> >&, int&, std::__cxx11::basic_string<char, std::char_traits<char>, std::allocator<char> >&, std::__cxx11::basic_string<char, std::char_traits<char>, std::allocator<char> > const&, std::__cxx11::basic_string<char, std::char_traits<char>, std::allocator<char> > const&>(std::_Sp_alloc_shared_tag<std::allocator<cpp_dbc::MySQL::MySQLConnection> >, std::__cxx11::basic_string<char, std::char_traits<char>, std::allocator<char> >&, int&, std::__cxx11::basic_string<char, std::char_traits<char>, std::allocator<char> >&, std::__cxx11::basic_string<char, std::char_traits<char>, std::allocator<char> > const&, std::__cxx11::basic_string<char, std::char_traits<char>, std::allocator<char> > const&) (shared_ptr.h:409)
==268755== 
==268755== 65,536 bytes in 2 blocks are still reachable in loss record 1,999 of 2,004
==268755==    at 0x4848899: malloc (in /usr/libexec/valgrind/vgpreload_memcheck-amd64-linux.so)
==268755==    by 0x561679D: CRYPTO_zalloc (in /usr/lib/x86_64-linux-gnu/libcrypto.so.3)
==268755==    by 0x5621A02: ??? (in /usr/lib/x86_64-linux-gnu/libcrypto.so.3)
==268755==    by 0x5647F35: ??? (in /usr/lib/x86_64-linux-gnu/libcrypto.so.3)
==268755==    by 0x55EBA69: ??? (in /usr/lib/x86_64-linux-gnu/libcrypto.so.3)
==268755==    by 0x560B85B: ??? (in /usr/lib/x86_64-linux-gnu/libcrypto.so.3)
==268755==    by 0x560B71B: ??? (in /usr/lib/x86_64-linux-gnu/libcrypto.so.3)
==268755==    by 0x562AD6A: ??? (in /usr/lib/x86_64-linux-gnu/libcrypto.so.3)
==268755==    by 0x56F44E7: ??? (in /usr/lib/x86_64-linux-gnu/libcrypto.so.3)
==268755==    by 0x56F4B3D: ??? (in /usr/lib/x86_64-linux-gnu/libcrypto.so.3)
==268755==    by 0x55EC302: EVP_CIPHER_fetch (in /usr/lib/x86_64-linux-gnu/libcrypto.so.3)
==268755==    by 0x53F137A: ??? (in /usr/lib/x86_64-linux-gnu/libssl.so.3)
==268755== 
==268755== 66,272 bytes in 4 blocks are possibly lost in loss record 2,000 of 2,004
==268755==    at 0x4848899: malloc (in /usr/libexec/valgrind/vgpreload_memcheck-amd64-linux.so)
==268755==    by 0x54082CF: ??? (in /usr/lib/x86_64-linux-gnu/libssl.so.3)
==268755==    by 0x54209B6: ??? (in /usr/lib/x86_64-linux-gnu/libssl.so.3)
==268755==    by 0x48F8F69: ??? (in /usr/lib/x86_64-linux-gnu/libmysqlclient.so.21.2.42)
==268755==    by 0x489A12C: ??? (in /usr/lib/x86_64-linux-gnu/libmysqlclient.so.21.2.42)
==268755==    by 0x489AD71: ??? (in /usr/lib/x86_64-linux-gnu/libmysqlclient.so.21.2.42)
==268755==    by 0x48A3273: ??? (in /usr/lib/x86_64-linux-gnu/libmysqlclient.so.21.2.42)
==268755==    by 0x489EF82: mysql_real_connect (in /usr/lib/x86_64-linux-gnu/libmysqlclient.so.21.2.42)
==268755==    by 0x1EC2E1: cpp_dbc::MySQL::MySQLConnection::MySQLConnection(std::__cxx11::basic_string<char, std::char_traits<char>, std::allocator<char> > const&, int, std::__cxx11::basic_string<char, std::char_traits<char>, std::allocator<char> > const&, std::__cxx11::basic_string<char, std::char_traits<char>, std::allocator<char> > const&, std::__cxx11::basic_string<char, std::char_traits<char>, std::allocator<char> > const&) (driver_mysql.cpp:624)
==268755==    by 0x1F6A72: decltype (::new ((void*)(0)) cpp_dbc::MySQL::MySQLConnection((declval<std::__cxx11::basic_string<char, std::char_traits<char>, std::allocator<char> >&>)(), (declval<int&>)(), (declval<std::__cxx11::basic_string<char, std::char_traits<char>, std::allocator<char> >&>)(), (declval<std::__cxx11::basic_string<char, std::char_traits<char>, std::allocator<char> > const&>)(), (declval<std::__cxx11::basic_string<char, std::char_traits<char>, std::allocator<char> > const&>)())) std::construct_at<cpp_dbc::MySQL::MySQLConnection, std::__cxx11::basic_string<char, std::char_traits<char>, std::allocator<char> >&, int&, std::__cxx11::basic_string<char, std::char_traits<char>, std::allocator<char> >&, std::__cxx11::basic_string<char, std::char_traits<char>, std::allocator<char> > const&, std::__cxx11::basic_string<char, std::char_traits<char>, std::allocator<char> > const&>(cpp_dbc::MySQL::MySQLConnection*, std::__cxx11::basic_string<char, std::char_traits<char>, std::allocator<char> >&, int&, std::__cxx11::basic_string<char, std::char_traits<char>, std::allocator<char> >&, std::__cxx11::basic_string<char, std::char_traits<char>, std::allocator<char> > const&, std::__cxx11::basic_string<char, std::char_traits<char>, std::allocator<char> > const&) (stl_construct.h:97)
==268755==    by 0x1F6B2E: void std::allocator_traits<std::allocator<cpp_dbc::MySQL::MySQLConnection> >::construct<cpp_dbc::MySQL::MySQLConnection, std::__cxx11::basic_string<char, std::char_traits<char>, std::allocator<char> >&, int&, std::__cxx11::basic_string<char, std::char_traits<char>, std::allocator<char> >&, std::__cxx11::basic_string<char, std::char_traits<char>, std::allocator<char> > const&, std::__cxx11::basic_string<char, std::char_traits<char>, std::allocator<char> > const&>(std::allocator<cpp_dbc::MySQL::MySQLConnection>&, cpp_dbc::MySQL::MySQLConnection*, std::__cxx11::basic_string<char, std::char_traits<char>, std::allocator<char> >&, int&, std::__cxx11::basic_string<char, std::char_traits<char>, std::allocator<char> >&, std::__cxx11::basic_string<char, std::char_traits<char>, std::allocator<char> > const&, std::__cxx11::basic_string<char, std::char_traits<char>, std::allocator<char> > const&) (alloc_traits.h:518)
==268755==    by 0x1F602C: std::_Sp_counted_ptr_inplace<cpp_dbc::MySQL::MySQLConnection, std::allocator<cpp_dbc::MySQL::MySQLConnection>, (__gnu_cxx::_Lock_policy)2>::_Sp_counted_ptr_inplace<std::__cxx11::basic_string<char, std::char_traits<char>, std::allocator<char> >&, int&, std::__cxx11::basic_string<char, std::char_traits<char>, std::allocator<char> >&, std::__cxx11::basic_string<char, std::char_traits<char>, std::allocator<char> > const&, std::__cxx11::basic_string<char, std::char_traits<char>, std::allocator<char> > const&>(std::allocator<cpp_dbc::MySQL::MySQLConnection>, std::__cxx11::basic_string<char, std::char_traits<char>, std::allocator<char> >&, int&, std::__cxx11::basic_string<char, std::char_traits<char>, std::allocator<char> >&, std::__cxx11::basic_string<char, std::char_traits<char>, std::allocator<char> > const&, std::__cxx11::basic_string<char, std::char_traits<char>, std::allocator<char> > const&) (shared_ptr_base.h:519)
==268755== 
==268755== 66,848 bytes in 4 blocks are possibly lost in loss record 2,001 of 2,004
==268755==    at 0x4848899: malloc (in /usr/libexec/valgrind/vgpreload_memcheck-amd64-linux.so)
==268755==    by 0x54080DC: ??? (in /usr/lib/x86_64-linux-gnu/libssl.so.3)
==268755==    by 0x5420430: ??? (in /usr/lib/x86_64-linux-gnu/libssl.so.3)
==268755==    by 0x48F8F69: ??? (in /usr/lib/x86_64-linux-gnu/libmysqlclient.so.21.2.42)
==268755==    by 0x489A12C: ??? (in /usr/lib/x86_64-linux-gnu/libmysqlclient.so.21.2.42)
==268755==    by 0x489AD71: ??? (in /usr/lib/x86_64-linux-gnu/libmysqlclient.so.21.2.42)
==268755==    by 0x48A3273: ??? (in /usr/lib/x86_64-linux-gnu/libmysqlclient.so.21.2.42)
==268755==    by 0x489EF82: mysql_real_connect (in /usr/lib/x86_64-linux-gnu/libmysqlclient.so.21.2.42)
==268755==    by 0x1EC2E1: cpp_dbc::MySQL::MySQLConnection::MySQLConnection(std::__cxx11::basic_string<char, std::char_traits<char>, std::allocator<char> > const&, int, std::__cxx11::basic_string<char, std::char_traits<char>, std::allocator<char> > const&, std::__cxx11::basic_string<char, std::char_traits<char>, std::allocator<char> > const&, std::__cxx11::basic_string<char, std::char_traits<char>, std::allocator<char> > const&) (driver_mysql.cpp:624)
==268755==    by 0x1F6A72: decltype (::new ((void*)(0)) cpp_dbc::MySQL::MySQLConnection((declval<std::__cxx11::basic_string<char, std::char_traits<char>, std::allocator<char> >&>)(), (declval<int&>)(), (declval<std::__cxx11::basic_string<char, std::char_traits<char>, std::allocator<char> >&>)(), (declval<std::__cxx11::basic_string<char, std::char_traits<char>, std::allocator<char> > const&>)(), (declval<std::__cxx11::basic_string<char, std::char_traits<char>, std::allocator<char> > const&>)())) std::construct_at<cpp_dbc::MySQL::MySQLConnection, std::__cxx11::basic_string<char, std::char_traits<char>, std::allocator<char> >&, int&, std::__cxx11::basic_string<char, std::char_traits<char>, std::allocator<char> >&, std::__cxx11::basic_string<char, std::char_traits<char>, std::allocator<char> > const&, std::__cxx11::basic_string<char, std::char_traits<char>, std::allocator<char> > const&>(cpp_dbc::MySQL::MySQLConnection*, std::__cxx11::basic_string<char, std::char_traits<char>, std::allocator<char> >&, int&, std::__cxx11::basic_string<char, std::char_traits<char>, std::allocator<char> >&, std::__cxx11::basic_string<char, std::char_traits<char>, std::allocator<char> > const&, std::__cxx11::basic_string<char, std::char_traits<char>, std::allocator<char> > const&) (stl_construct.h:97)
==268755==    by 0x1F6B2E: void std::allocator_traits<std::allocator<cpp_dbc::MySQL::MySQLConnection> >::construct<cpp_dbc::MySQL::MySQLConnection, std::__cxx11::basic_string<char, std::char_traits<char>, std::allocator<char> >&, int&, std::__cxx11::basic_string<char, std::char_traits<char>, std::allocator<char> >&, std::__cxx11::basic_string<char, std::char_traits<char>, std::allocator<char> > const&, std::__cxx11::basic_string<char, std::char_traits<char>, std::allocator<char> > const&>(std::allocator<cpp_dbc::MySQL::MySQLConnection>&, cpp_dbc::MySQL::MySQLConnection*, std::__cxx11::basic_string<char, std::char_traits<char>, std::allocator<char> >&, int&, std::__cxx11::basic_string<char, std::char_traits<char>, std::allocator<char> >&, std::__cxx11::basic_string<char, std::char_traits<char>, std::allocator<char> > const&, std::__cxx11::basic_string<char, std::char_traits<char>, std::allocator<char> > const&) (alloc_traits.h:518)
==268755==    by 0x1F602C: std::_Sp_counted_ptr_inplace<cpp_dbc::MySQL::MySQLConnection, std::allocator<cpp_dbc::MySQL::MySQLConnection>, (__gnu_cxx::_Lock_policy)2>::_Sp_counted_ptr_inplace<std::__cxx11::basic_string<char, std::char_traits<char>, std::allocator<char> >&, int&, std::__cxx11::basic_string<char, std::char_traits<char>, std::allocator<char> >&, std::__cxx11::basic_string<char, std::char_traits<char>, std::allocator<char> > const&, std::__cxx11::basic_string<char, std::char_traits<char>, std::allocator<char> > const&>(std::allocator<cpp_dbc::MySQL::MySQLConnection>, std::__cxx11::basic_string<char, std::char_traits<char>, std::allocator<char> >&, int&, std::__cxx11::basic_string<char, std::char_traits<char>, std::allocator<char> >&, std::__cxx11::basic_string<char, std::char_traits<char>, std::allocator<char> > const&, std::__cxx11::basic_string<char, std::char_traits<char>, std::allocator<char> > const&) (shared_ptr_base.h:519)
==268755== 
==268755== 72,704 bytes in 1 blocks are still reachable in loss record 2,002 of 2,004
==268755==    at 0x4848899: malloc (in /usr/libexec/valgrind/vgpreload_memcheck-amd64-linux.so)
==268755==    by 0x4FEE939: ??? (in /usr/lib/x86_64-linux-gnu/libstdc++.so.6.0.30)
==268755==    by 0x400647D: call_init.part.0 (dl-init.c:70)
==268755==    by 0x4006567: call_init (dl-init.c:33)
==268755==    by 0x4006567: _dl_init (dl-init.c:117)
==268755==    by 0x40202C9: ??? (in /usr/lib/x86_64-linux-gnu/ld-linux-x86-64.so.2)
==268755==    by 0x4: ???
==268755==    by 0x1FFEFFFDD2: ???
==268755==    by 0x1FFEFFFE3C: ???
==268755==    by 0x1FFEFFFE3F: ???
==268755==    by 0x1FFEFFFE42: ???
==268755==    by 0x1FFEFFFE4A: ???
==268755== 
==268755== 84,128 bytes in 478 blocks are still reachable in loss record 2,003 of 2,004
==268755==    at 0x484DA83: calloc (in /usr/libexec/valgrind/vgpreload_memcheck-amd64-linux.so)
==268755==    by 0x616454C: asn1_array2tree (in /usr/lib/x86_64-linux-gnu/libtasn1.so.6.6.2)
==268755==    by 0x5CC44E7: ??? (in /usr/lib/x86_64-linux-gnu/libgnutls.so.30.31.0)
==268755==    by 0x5C92CA2: ??? (in /usr/lib/x86_64-linux-gnu/libgnutls.so.30.31.0)
==268755==    by 0x400647D: call_init.part.0 (dl-init.c:70)
==268755==    by 0x4006567: call_init (dl-init.c:33)
==268755==    by 0x4006567: _dl_init (dl-init.c:117)
==268755==    by 0x40202C9: ??? (in /usr/lib/x86_64-linux-gnu/ld-linux-x86-64.so.2)
==268755==    by 0x4: ???
==268755==    by 0x1FFEFFFDD2: ???
==268755==    by 0x1FFEFFFE3C: ???
==268755==    by 0x1FFEFFFE3F: ???
==268755==    by 0x1FFEFFFE42: ???
==268755== 
==268755== 294,912 bytes in 9 blocks are still reachable in loss record 2,004 of 2,004
==268755==    at 0x4848899: malloc (in /usr/libexec/valgrind/vgpreload_memcheck-amd64-linux.so)
==268755==    by 0x561679D: CRYPTO_zalloc (in /usr/lib/x86_64-linux-gnu/libcrypto.so.3)
==268755==    by 0x5621A74: ??? (in /usr/lib/x86_64-linux-gnu/libcrypto.so.3)
==268755==    by 0x5647F35: ??? (in /usr/lib/x86_64-linux-gnu/libcrypto.so.3)
==268755==    by 0x55EBA69: ??? (in /usr/lib/x86_64-linux-gnu/libcrypto.so.3)
==268755==    by 0x560B85B: ??? (in /usr/lib/x86_64-linux-gnu/libcrypto.so.3)
==268755==    by 0x560B71B: ??? (in /usr/lib/x86_64-linux-gnu/libcrypto.so.3)
==268755==    by 0x562AD6A: ??? (in /usr/lib/x86_64-linux-gnu/libcrypto.so.3)
==268755==    by 0x56F44E7: ??? (in /usr/lib/x86_64-linux-gnu/libcrypto.so.3)
==268755==    by 0x56F4B3D: ??? (in /usr/lib/x86_64-linux-gnu/libcrypto.so.3)
==268755==    by 0x55EC302: EVP_CIPHER_fetch (in /usr/lib/x86_64-linux-gnu/libcrypto.so.3)
==268755==    by 0x53F137A: ??? (in /usr/lib/x86_64-linux-gnu/libssl.so.3)
==268755== 
==268755== LEAK SUMMARY:
==268755==    definitely lost: 0 bytes in 0 blocks
==268755==    indirectly lost: 0 bytes in 0 blocks
==268755==      possibly lost: 353,657 bytes in 1,986 blocks
==268755==    still reachable: 1,213,926 bytes in 9,463 blocks
==268755==                       of which reachable via heuristic:
==268755==                         stdstring          : 98 bytes in 1 blocks
==268755==         suppressed: 0 bytes in 0 blocks
==268755== 
==268755== ERROR SUMMARY: 256 errors from 253 contexts (suppressed: 0 from 0)
==268755== 
==268755== 1 errors in context 1 of 253:
==268755== Thread 11:
==268755== Invalid read of size 8
==268755==    at 0x48ABA4E: ??? (in /usr/lib/x86_64-linux-gnu/libmysqlclient.so.21.2.42)
==268755==    by 0x48ABFEE: ??? (in /usr/lib/x86_64-linux-gnu/libmysqlclient.so.21.2.42)
==268755==    by 0x489646D: ??? (in /usr/lib/x86_64-linux-gnu/libmysqlclient.so.21.2.42)
==268755==    by 0x4892F0B: mysql_stmt_close (in /usr/lib/x86_64-linux-gnu/libmysqlclient.so.21.2.42)
==268755==    by 0x1EA0C0: cpp_dbc::MySQL::MySQLPreparedStatement::close() (driver_mysql.cpp:298)
==268755==    by 0x1E9FCD: cpp_dbc::MySQL::MySQLPreparedStatement::~MySQLPreparedStatement() (driver_mysql.cpp:291)
==268755==    by 0x1F77E3: void std::destroy_at<cpp_dbc::MySQL::MySQLPreparedStatement>(cpp_dbc::MySQL::MySQLPreparedStatement*) (stl_construct.h:88)
==268755==    by 0x1F7731: void std::allocator_traits<std::allocator<cpp_dbc::MySQL::MySQLPreparedStatement> >::destroy<cpp_dbc::MySQL::MySQLPreparedStatement>(std::allocator<cpp_dbc::MySQL::MySQLPreparedStatement>&, cpp_dbc::MySQL::MySQLPreparedStatement*) (alloc_traits.h:537)
==268755==    by 0x1F740A: std::_Sp_counted_ptr_inplace<cpp_dbc::MySQL::MySQLPreparedStatement, std::allocator<cpp_dbc::MySQL::MySQLPreparedStatement>, (__gnu_cxx::_Lock_policy)2>::_M_dispose() (shared_ptr_base.h:528)
==268755==    by 0x136F30: std::_Sp_counted_base<(__gnu_cxx::_Lock_policy)2>::_M_release() (shared_ptr_base.h:168)
==268755==    by 0x135C52: std::__shared_count<(__gnu_cxx::_Lock_policy)2>::~__shared_count() (shared_ptr_base.h:705)
==268755==    by 0x170A87: std::__shared_ptr<cpp_dbc::PreparedStatement, (__gnu_cxx::_Lock_policy)2>::~__shared_ptr() (shared_ptr_base.h:1154)
==268755==  Address 0x328 is not stack'd, malloc'd or (recently) free'd
==268755== 
==268755== 
==268755== 1 errors in context 2 of 253:
==268755== Invalid read of size 8
==268755==    at 0x48E2240: ??? (in /usr/lib/x86_64-linux-gnu/libmysqlclient.so.21.2.42)
==268755==    by 0x48ABA31: ??? (in /usr/lib/x86_64-linux-gnu/libmysqlclient.so.21.2.42)
==268755==    by 0x48ABFEE: ??? (in /usr/lib/x86_64-linux-gnu/libmysqlclient.so.21.2.42)
==268755==    by 0x489646D: ??? (in /usr/lib/x86_64-linux-gnu/libmysqlclient.so.21.2.42)
==268755==    by 0x4892F0B: mysql_stmt_close (in /usr/lib/x86_64-linux-gnu/libmysqlclient.so.21.2.42)
==268755==    by 0x1EA0C0: cpp_dbc::MySQL::MySQLPreparedStatement::close() (driver_mysql.cpp:298)
==268755==    by 0x1E9FCD: cpp_dbc::MySQL::MySQLPreparedStatement::~MySQLPreparedStatement() (driver_mysql.cpp:291)
==268755==    by 0x1F77E3: void std::destroy_at<cpp_dbc::MySQL::MySQLPreparedStatement>(cpp_dbc::MySQL::MySQLPreparedStatement*) (stl_construct.h:88)
==268755==    by 0x1F7731: void std::allocator_traits<std::allocator<cpp_dbc::MySQL::MySQLPreparedStatement> >::destroy<cpp_dbc::MySQL::MySQLPreparedStatement>(std::allocator<cpp_dbc::MySQL::MySQLPreparedStatement>&, cpp_dbc::MySQL::MySQLPreparedStatement*) (alloc_traits.h:537)
==268755==    by 0x1F740A: std::_Sp_counted_ptr_inplace<cpp_dbc::MySQL::MySQLPreparedStatement, std::allocator<cpp_dbc::MySQL::MySQLPreparedStatement>, (__gnu_cxx::_Lock_policy)2>::_M_dispose() (shared_ptr_base.h:528)
==268755==    by 0x136F30: std::_Sp_counted_base<(__gnu_cxx::_Lock_policy)2>::_M_release() (shared_ptr_base.h:168)
==268755==    by 0x135C52: std::__shared_count<(__gnu_cxx::_Lock_policy)2>::~__shared_count() (shared_ptr_base.h:705)
==268755==  Address 0x6ad6a70 is 896 bytes inside a block of size 1,112 free'd
==268755==    at 0x484B27F: free (in /usr/libexec/valgrind/vgpreload_memcheck-amd64-linux.so)
==268755==    by 0x489B2F8: ??? (in /usr/lib/x86_64-linux-gnu/libmysqlclient.so.21.2.42)
==268755==    by 0x4894C0C: ??? (in /usr/lib/x86_64-linux-gnu/libmysqlclient.so.21.2.42)
==268755==    by 0x4895AD1: ??? (in /usr/lib/x86_64-linux-gnu/libmysqlclient.so.21.2.42)
==268755==    by 0x4892AF9: mysql_stmt_prepare (in /usr/lib/x86_64-linux-gnu/libmysqlclient.so.21.2.42)
==268755==    by 0x1E9C58: cpp_dbc::MySQL::MySQLPreparedStatement::MySQLPreparedStatement(MYSQL*, std::__cxx11::basic_string<char, std::char_traits<char>, std::allocator<char> > const&) (driver_mysql.cpp:263)
==268755==    by 0x1F66A8: decltype (::new ((void*)(0)) cpp_dbc::MySQL::MySQLPreparedStatement((declval<MYSQL*&>)(), (declval<std::__cxx11::basic_string<char, std::char_traits<char>, std::allocator<char> > const&>)())) std::construct_at<cpp_dbc::MySQL::MySQLPreparedStatement, MYSQL*&, std::__cxx11::basic_string<char, std::char_traits<char>, std::allocator<char> > const&>(cpp_dbc::MySQL::MySQLPreparedStatement*, MYSQL*&, std::__cxx11::basic_string<char, std::char_traits<char>, std::allocator<char> > const&) (stl_construct.h:97)
==268755==    by 0x1F6724: void std::allocator_traits<std::allocator<cpp_dbc::MySQL::MySQLPreparedStatement> >::construct<cpp_dbc::MySQL::MySQLPreparedStatement, MYSQL*&, std::__cxx11::basic_string<char, std::char_traits<char>, std::allocator<char> > const&>(std::allocator<cpp_dbc::MySQL::MySQLPreparedStatement>&, cpp_dbc::MySQL::MySQLPreparedStatement*, MYSQL*&, std::__cxx11::basic_string<char, std::char_traits<char>, std::allocator<char> > const&) (alloc_traits.h:518)
==268755==    by 0x1F5C74: std::_Sp_counted_ptr_inplace<cpp_dbc::MySQL::MySQLPreparedStatement, std::allocator<cpp_dbc::MySQL::MySQLPreparedStatement>, (__gnu_cxx::_Lock_policy)2>::_Sp_counted_ptr_inplace<MYSQL*&, std::__cxx11::basic_string<char, std::char_traits<char>, std::allocator<char> > const&>(std::allocator<cpp_dbc::MySQL::MySQLPreparedStatement>, MYSQL*&, std::__cxx11::basic_string<char, std::char_traits<char>, std::allocator<char> > const&) (shared_ptr_base.h:519)
==268755==    by 0x1F4CF2: std::__shared_count<(__gnu_cxx::_Lock_policy)2>::__shared_count<cpp_dbc::MySQL::MySQLPreparedStatement, std::allocator<cpp_dbc::MySQL::MySQLPreparedStatement>, MYSQL*&, std::__cxx11::basic_string<char, std::char_traits<char>, std::allocator<char> > const&>(cpp_dbc::MySQL::MySQLPreparedStatement*&, std::_Sp_alloc_shared_tag<std::allocator<cpp_dbc::MySQL::MySQLPreparedStatement> >, MYSQL*&, std::__cxx11::basic_string<char, std::char_traits<char>, std::allocator<char> > const&) (shared_ptr_base.h:650)
==268755==    by 0x1F3D43: std::__shared_ptr<cpp_dbc::MySQL::MySQLPreparedStatement, (__gnu_cxx::_Lock_policy)2>::__shared_ptr<std::allocator<cpp_dbc::MySQL::MySQLPreparedStatement>, MYSQL*&, std::__cxx11::basic_string<char, std::char_traits<char>, std::allocator<char> > const&>(std::_Sp_alloc_shared_tag<std::allocator<cpp_dbc::MySQL::MySQLPreparedStatement> >, MYSQL*&, std::__cxx11::basic_string<char, std::char_traits<char>, std::allocator<char> > const&) (shared_ptr_base.h:1342)
==268755==    by 0x1F2BE8: std::shared_ptr<cpp_dbc::MySQL::MySQLPreparedStatement>::shared_ptr<std::allocator<cpp_dbc::MySQL::MySQLPreparedStatement>, MYSQL*&, std::__cxx11::basic_string<char, std::char_traits<char>, std::allocator<char> > const&>(std::_Sp_alloc_shared_tag<std::allocator<cpp_dbc::MySQL::MySQLPreparedStatement> >, MYSQL*&, std::__cxx11::basic_string<char, std::char_traits<char>, std::allocator<char> > const&) (shared_ptr.h:409)
==268755==  Block was alloc'd at
==268755==    at 0x4848899: malloc (in /usr/libexec/valgrind/vgpreload_memcheck-amd64-linux.so)
==268755==    by 0x48F04CF: ??? (in /usr/lib/x86_64-linux-gnu/libmysqlclient.so.21.2.42)
==268755==    by 0x48E4357: ??? (in /usr/lib/x86_64-linux-gnu/libmysqlclient.so.21.2.42)
==268755==    by 0x48A1DF1: ??? (in /usr/lib/x86_64-linux-gnu/libmysqlclient.so.21.2.42)
==268755==    by 0x48A3273: ??? (in /usr/lib/x86_64-linux-gnu/libmysqlclient.so.21.2.42)
==268755==    by 0x489EF82: mysql_real_connect (in /usr/lib/x86_64-linux-gnu/libmysqlclient.so.21.2.42)
==268755==    by 0x1EC2E1: cpp_dbc::MySQL::MySQLConnection::MySQLConnection(std::__cxx11::basic_string<char, std::char_traits<char>, std::allocator<char> > const&, int, std::__cxx11::basic_string<char, std::char_traits<char>, std::allocator<char> > const&, std::__cxx11::basic_string<char, std::char_traits<char>, std::allocator<char> > const&, std::__cxx11::basic_string<char, std::char_traits<char>, std::allocator<char> > const&) (driver_mysql.cpp:624)
==268755==    by 0x1F6A72: decltype (::new ((void*)(0)) cpp_dbc::MySQL::MySQLConnection((declval<std::__cxx11::basic_string<char, std::char_traits<char>, std::allocator<char> >&>)(), (declval<int&>)(), (declval<std::__cxx11::basic_string<char, std::char_traits<char>, std::allocator<char> >&>)(), (declval<std::__cxx11::basic_string<char, std::char_traits<char>, std::allocator<char> > const&>)(), (declval<std::__cxx11::basic_string<char, std::char_traits<char>, std::allocator<char> > const&>)())) std::construct_at<cpp_dbc::MySQL::MySQLConnection, std::__cxx11::basic_string<char, std::char_traits<char>, std::allocator<char> >&, int&, std::__cxx11::basic_string<char, std::char_traits<char>, std::allocator<char> >&, std::__cxx11::basic_string<char, std::char_traits<char>, std::allocator<char> > const&, std::__cxx11::basic_string<char, std::char_traits<char>, std::allocator<char> > const&>(cpp_dbc::MySQL::MySQLConnection*, std::__cxx11::basic_string<char, std::char_traits<char>, std::allocator<char> >&, int&, std::__cxx11::basic_string<char, std::char_traits<char>, std::allocator<char> >&, std::__cxx11::basic_string<char, std::char_traits<char>, std::allocator<char> > const&, std::__cxx11::basic_string<char, std::char_traits<char>, std::allocator<char> > const&) (stl_construct.h:97)
==268755==    by 0x1F6B2E: void std::allocator_traits<std::allocator<cpp_dbc::MySQL::MySQLConnection> >::construct<cpp_dbc::MySQL::MySQLConnection, std::__cxx11::basic_string<char, std::char_traits<char>, std::allocator<char> >&, int&, std::__cxx11::basic_string<char, std::char_traits<char>, std::allocator<char> >&, std::__cxx11::basic_string<char, std::char_traits<char>, std::allocator<char> > const&, std::__cxx11::basic_string<char, std::char_traits<char>, std::allocator<char> > const&>(std::allocator<cpp_dbc::MySQL::MySQLConnection>&, cpp_dbc::MySQL::MySQLConnection*, std::__cxx11::basic_string<char, std::char_traits<char>, std::allocator<char> >&, int&, std::__cxx11::basic_string<char, std::char_traits<char>, std::allocator<char> >&, std::__cxx11::basic_string<char, std::char_traits<char>, std::allocator<char> > const&, std::__cxx11::basic_string<char, std::char_traits<char>, std::allocator<char> > const&) (alloc_traits.h:518)
==268755==    by 0x1F602C: std::_Sp_counted_ptr_inplace<cpp_dbc::MySQL::MySQLConnection, std::allocator<cpp_dbc::MySQL::MySQLConnection>, (__gnu_cxx::_Lock_policy)2>::_Sp_counted_ptr_inplace<std::__cxx11::basic_string<char, std::char_traits<char>, std::allocator<char> >&, int&, std::__cxx11::basic_string<char, std::char_traits<char>, std::allocator<char> >&, std::__cxx11::basic_string<char, std::char_traits<char>, std::allocator<char> > const&, std::__cxx11::basic_string<char, std::char_traits<char>, std::allocator<char> > const&>(std::allocator<cpp_dbc::MySQL::MySQLConnection>, std::__cxx11::basic_string<char, std::char_traits<char>, std::allocator<char> >&, int&, std::__cxx11::basic_string<char, std::char_traits<char>, std::allocator<char> >&, std::__cxx11::basic_string<char, std::char_traits<char>, std::allocator<char> > const&, std::__cxx11::basic_string<char, std::char_traits<char>, std::allocator<char> > const&) (shared_ptr_base.h:519)
==268755==    by 0x1F4FF2: std::__shared_count<(__gnu_cxx::_Lock_policy)2>::__shared_count<cpp_dbc::MySQL::MySQLConnection, std::allocator<cpp_dbc::MySQL::MySQLConnection>, std::__cxx11::basic_string<char, std::char_traits<char>, std::allocator<char> >&, int&, std::__cxx11::basic_string<char, std::char_traits<char>, std::allocator<char> >&, std::__cxx11::basic_string<char, std::char_traits<char>, std::allocator<char> > const&, std::__cxx11::basic_string<char, std::char_traits<char>, std::allocator<char> > const&>(cpp_dbc::MySQL::MySQLConnection*&, std::_Sp_alloc_shared_tag<std::allocator<cpp_dbc::MySQL::MySQLConnection> >, std::__cxx11::basic_string<char, std::char_traits<char>, std::allocator<char> >&, int&, std::__cxx11::basic_string<char, std::char_traits<char>, std::allocator<char> >&, std::__cxx11::basic_string<char, std::char_traits<char>, std::allocator<char> > const&, std::__cxx11::basic_string<char, std::char_traits<char>, std::allocator<char> > const&) (shared_ptr_base.h:650)
==268755==    by 0x1F42B5: std::__shared_ptr<cpp_dbc::MySQL::MySQLConnection, (__gnu_cxx::_Lock_policy)2>::__shared_ptr<std::allocator<cpp_dbc::MySQL::MySQLConnection>, std::__cxx11::basic_string<char, std::char_traits<char>, std::allocator<char> >&, int&, std::__cxx11::basic_string<char, std::char_traits<char>, std::allocator<char> >&, std::__cxx11::basic_string<char, std::char_traits<char>, std::allocator<char> > const&, std::__cxx11::basic_string<char, std::char_traits<char>, std::allocator<char> > const&>(std::_Sp_alloc_shared_tag<std::allocator<cpp_dbc::MySQL::MySQLConnection> >, std::__cxx11::basic_string<char, std::char_traits<char>, std::allocator<char> >&, int&, std::__cxx11::basic_string<char, std::char_traits<char>, std::allocator<char> >&, std::__cxx11::basic_string<char, std::char_traits<char>, std::allocator<char> > const&, std::__cxx11::basic_string<char, std::char_traits<char>, std::allocator<char> > const&) (shared_ptr_base.h:1342)
==268755== 
==268755== 
==268755== 1 errors in context 3 of 253:
==268755== Invalid write of size 8
==268755==    at 0x540ABF4: ??? (in /usr/lib/x86_64-linux-gnu/libssl.so.3)
==268755==    by 0x53EE266: SSL_write (in /usr/lib/x86_64-linux-gnu/libssl.so.3)
==268755==    by 0x48E228F: ??? (in /usr/lib/x86_64-linux-gnu/libmysqlclient.so.21.2.42)
==268755==    by 0x48ABA31: ??? (in /usr/lib/x86_64-linux-gnu/libmysqlclient.so.21.2.42)
==268755==    by 0x48ABFEE: ??? (in /usr/lib/x86_64-linux-gnu/libmysqlclient.so.21.2.42)
==268755==    by 0x489646D: ??? (in /usr/lib/x86_64-linux-gnu/libmysqlclient.so.21.2.42)
==268755==    by 0x4892F0B: mysql_stmt_close (in /usr/lib/x86_64-linux-gnu/libmysqlclient.so.21.2.42)
==268755==    by 0x1EA0C0: cpp_dbc::MySQL::MySQLPreparedStatement::close() (driver_mysql.cpp:298)
==268755==    by 0x1E9FCD: cpp_dbc::MySQL::MySQLPreparedStatement::~MySQLPreparedStatement() (driver_mysql.cpp:291)
==268755==    by 0x1F77E3: void std::destroy_at<cpp_dbc::MySQL::MySQLPreparedStatement>(cpp_dbc::MySQL::MySQLPreparedStatement*) (stl_construct.h:88)
==268755==    by 0x1F7731: void std::allocator_traits<std::allocator<cpp_dbc::MySQL::MySQLPreparedStatement> >::destroy<cpp_dbc::MySQL::MySQLPreparedStatement>(std::allocator<cpp_dbc::MySQL::MySQLPreparedStatement>&, cpp_dbc::MySQL::MySQLPreparedStatement*) (alloc_traits.h:537)
==268755==    by 0x1F740A: std::_Sp_counted_ptr_inplace<cpp_dbc::MySQL::MySQLPreparedStatement, std::allocator<cpp_dbc::MySQL::MySQLPreparedStatement>, (__gnu_cxx::_Lock_policy)2>::_M_dispose() (shared_ptr_base.h:528)
==268755==  Address 0x6b12688 is 7,352 bytes inside a block of size 7,608 free'd
==268755==    at 0x484B27F: free (in /usr/libexec/valgrind/vgpreload_memcheck-amd64-linux.so)
==268755==    by 0x48E2CB5: ??? (in /usr/lib/x86_64-linux-gnu/libmysqlclient.so.21.2.42)
==268755==    by 0x489B2F8: ??? (in /usr/lib/x86_64-linux-gnu/libmysqlclient.so.21.2.42)
==268755==    by 0x4894C0C: ??? (in /usr/lib/x86_64-linux-gnu/libmysqlclient.so.21.2.42)
==268755==    by 0x4895AD1: ??? (in /usr/lib/x86_64-linux-gnu/libmysqlclient.so.21.2.42)
==268755==    by 0x4892AF9: mysql_stmt_prepare (in /usr/lib/x86_64-linux-gnu/libmysqlclient.so.21.2.42)
==268755==    by 0x1E9C58: cpp_dbc::MySQL::MySQLPreparedStatement::MySQLPreparedStatement(MYSQL*, std::__cxx11::basic_string<char, std::char_traits<char>, std::allocator<char> > const&) (driver_mysql.cpp:263)
==268755==    by 0x1F66A8: decltype (::new ((void*)(0)) cpp_dbc::MySQL::MySQLPreparedStatement((declval<MYSQL*&>)(), (declval<std::__cxx11::basic_string<char, std::char_traits<char>, std::allocator<char> > const&>)())) std::construct_at<cpp_dbc::MySQL::MySQLPreparedStatement, MYSQL*&, std::__cxx11::basic_string<char, std::char_traits<char>, std::allocator<char> > const&>(cpp_dbc::MySQL::MySQLPreparedStatement*, MYSQL*&, std::__cxx11::basic_string<char, std::char_traits<char>, std::allocator<char> > const&) (stl_construct.h:97)
==268755==    by 0x1F6724: void std::allocator_traits<std::allocator<cpp_dbc::MySQL::MySQLPreparedStatement> >::construct<cpp_dbc::MySQL::MySQLPreparedStatement, MYSQL*&, std::__cxx11::basic_string<char, std::char_traits<char>, std::allocator<char> > const&>(std::allocator<cpp_dbc::MySQL::MySQLPreparedStatement>&, cpp_dbc::MySQL::MySQLPreparedStatement*, MYSQL*&, std::__cxx11::basic_string<char, std::char_traits<char>, std::allocator<char> > const&) (alloc_traits.h:518)
==268755==    by 0x1F5C74: std::_Sp_counted_ptr_inplace<cpp_dbc::MySQL::MySQLPreparedStatement, std::allocator<cpp_dbc::MySQL::MySQLPreparedStatement>, (__gnu_cxx::_Lock_policy)2>::_Sp_counted_ptr_inplace<MYSQL*&, std::__cxx11::basic_string<char, std::char_traits<char>, std::allocator<char> > const&>(std::allocator<cpp_dbc::MySQL::MySQLPreparedStatement>, MYSQL*&, std::__cxx11::basic_string<char, std::char_traits<char>, std::allocator<char> > const&) (shared_ptr_base.h:519)
==268755==    by 0x1F4CF2: std::__shared_count<(__gnu_cxx::_Lock_policy)2>::__shared_count<cpp_dbc::MySQL::MySQLPreparedStatement, std::allocator<cpp_dbc::MySQL::MySQLPreparedStatement>, MYSQL*&, std::__cxx11::basic_string<char, std::char_traits<char>, std::allocator<char> > const&>(cpp_dbc::MySQL::MySQLPreparedStatement*&, std::_Sp_alloc_shared_tag<std::allocator<cpp_dbc::MySQL::MySQLPreparedStatement> >, MYSQL*&, std::__cxx11::basic_string<char, std::char_traits<char>, std::allocator<char> > const&) (shared_ptr_base.h:650)
==268755==    by 0x1F3D43: std::__shared_ptr<cpp_dbc::MySQL::MySQLPreparedStatement, (__gnu_cxx::_Lock_policy)2>::__shared_ptr<std::allocator<cpp_dbc::MySQL::MySQLPreparedStatement>, MYSQL*&, std::__cxx11::basic_string<char, std::char_traits<char>, std::allocator<char> > const&>(std::_Sp_alloc_shared_tag<std::allocator<cpp_dbc::MySQL::MySQLPreparedStatement> >, MYSQL*&, std::__cxx11::basic_string<char, std::char_traits<char>, std::allocator<char> > const&) (shared_ptr_base.h:1342)
==268755==  Block was alloc'd at
==268755==    at 0x4848899: malloc (in /usr/libexec/valgrind/vgpreload_memcheck-amd64-linux.so)
==268755==    by 0x561679D: CRYPTO_zalloc (in /usr/lib/x86_64-linux-gnu/libcrypto.so.3)
==268755==    by 0x53F5F69: SSL_new (in /usr/lib/x86_64-linux-gnu/libssl.so.3)
==268755==    by 0x48F901B: ??? (in /usr/lib/x86_64-linux-gnu/libmysqlclient.so.21.2.42)
==268755==    by 0x489A12C: ??? (in /usr/lib/x86_64-linux-gnu/libmysqlclient.so.21.2.42)
==268755==    by 0x489AD71: ??? (in /usr/lib/x86_64-linux-gnu/libmysqlclient.so.21.2.42)
==268755==    by 0x48A3273: ??? (in /usr/lib/x86_64-linux-gnu/libmysqlclient.so.21.2.42)
==268755==    by 0x489EF82: mysql_real_connect (in /usr/lib/x86_64-linux-gnu/libmysqlclient.so.21.2.42)
==268755==    by 0x1EC2E1: cpp_dbc::MySQL::MySQLConnection::MySQLConnection(std::__cxx11::basic_string<char, std::char_traits<char>, std::allocator<char> > const&, int, std::__cxx11::basic_string<char, std::char_traits<char>, std::allocator<char> > const&, std::__cxx11::basic_string<char, std::char_traits<char>, std::allocator<char> > const&, std::__cxx11::basic_string<char, std::char_traits<char>, std::allocator<char> > const&) (driver_mysql.cpp:624)
==268755==    by 0x1F6A72: decltype (::new ((void*)(0)) cpp_dbc::MySQL::MySQLConnection((declval<std::__cxx11::basic_string<char, std::char_traits<char>, std::allocator<char> >&>)(), (declval<int&>)(), (declval<std::__cxx11::basic_string<char, std::char_traits<char>, std::allocator<char> >&>)(), (declval<std::__cxx11::basic_string<char, std::char_traits<char>, std::allocator<char> > const&>)(), (declval<std::__cxx11::basic_string<char, std::char_traits<char>, std::allocator<char> > const&>)())) std::construct_at<cpp_dbc::MySQL::MySQLConnection, std::__cxx11::basic_string<char, std::char_traits<char>, std::allocator<char> >&, int&, std::__cxx11::basic_string<char, std::char_traits<char>, std::allocator<char> >&, std::__cxx11::basic_string<char, std::char_traits<char>, std::allocator<char> > const&, std::__cxx11::basic_string<char, std::char_traits<char>, std::allocator<char> > const&>(cpp_dbc::MySQL::MySQLConnection*, std::__cxx11::basic_string<char, std::char_traits<char>, std::allocator<char> >&, int&, std::__cxx11::basic_string<char, std::char_traits<char>, std::allocator<char> >&, std::__cxx11::basic_string<char, std::char_traits<char>, std::allocator<char> > const&, std::__cxx11::basic_string<char, std::char_traits<char>, std::allocator<char> > const&) (stl_construct.h:97)
==268755==    by 0x1F6B2E: void std::allocator_traits<std::allocator<cpp_dbc::MySQL::MySQLConnection> >::construct<cpp_dbc::MySQL::MySQLConnection, std::__cxx11::basic_string<char, std::char_traits<char>, std::allocator<char> >&, int&, std::__cxx11::basic_string<char, std::char_traits<char>, std::allocator<char> >&, std::__cxx11::basic_string<char, std::char_traits<char>, std::allocator<char> > const&, std::__cxx11::basic_string<char, std::char_traits<char>, std::allocator<char> > const&>(std::allocator<cpp_dbc::MySQL::MySQLConnection>&, cpp_dbc::MySQL::MySQLConnection*, std::__cxx11::basic_string<char, std::char_traits<char>, std::allocator<char> >&, int&, std::__cxx11::basic_string<char, std::char_traits<char>, std::allocator<char> >&, std::__cxx11::basic_string<char, std::char_traits<char>, std::allocator<char> > const&, std::__cxx11::basic_string<char, std::char_traits<char>, std::allocator<char> > const&) (alloc_traits.h:518)
==268755==    by 0x1F602C: std::_Sp_counted_ptr_inplace<cpp_dbc::MySQL::MySQLConnection, std::allocator<cpp_dbc::MySQL::MySQLConnection>, (__gnu_cxx::_Lock_policy)2>::_Sp_counted_ptr_inplace<std::__cxx11::basic_string<char, std::char_traits<char>, std::allocator<char> >&, int&, std::__cxx11::basic_string<char, std::char_traits<char>, std::allocator<char> >&, std::__cxx11::basic_string<char, std::char_traits<char>, std::allocator<char> > const&, std::__cxx11::basic_string<char, std::char_traits<char>, std::allocator<char> > const&>(std::allocator<cpp_dbc::MySQL::MySQLConnection>, std::__cxx11::basic_string<char, std::char_traits<char>, std::allocator<char> >&, int&, std::__cxx11::basic_string<char, std::char_traits<char>, std::allocator<char> >&, std::__cxx11::basic_string<char, std::char_traits<char>, std::allocator<char> > const&, std::__cxx11::basic_string<char, std::char_traits<char>, std::allocator<char> > const&) (shared_ptr_base.h:519)
==268755== 
==268755== 
==268755== 1 errors in context 4 of 253:
==268755== Invalid read of size 8
==268755==    at 0x5407F48: ??? (in /usr/lib/x86_64-linux-gnu/libssl.so.3)
==268755==    by 0x540A71A: ??? (in /usr/lib/x86_64-linux-gnu/libssl.so.3)
==268755==    by 0x540AAE4: ??? (in /usr/lib/x86_64-linux-gnu/libssl.so.3)
==268755==    by 0x53EE266: SSL_write (in /usr/lib/x86_64-linux-gnu/libssl.so.3)
==268755==    by 0x48E228F: ??? (in /usr/lib/x86_64-linux-gnu/libmysqlclient.so.21.2.42)
==268755==    by 0x48ABA31: ??? (in /usr/lib/x86_64-linux-gnu/libmysqlclient.so.21.2.42)
==268755==    by 0x48ABFEE: ??? (in /usr/lib/x86_64-linux-gnu/libmysqlclient.so.21.2.42)
==268755==    by 0x489646D: ??? (in /usr/lib/x86_64-linux-gnu/libmysqlclient.so.21.2.42)
==268755==    by 0x4892F0B: mysql_stmt_close (in /usr/lib/x86_64-linux-gnu/libmysqlclient.so.21.2.42)
==268755==    by 0x1EA0C0: cpp_dbc::MySQL::MySQLPreparedStatement::close() (driver_mysql.cpp:298)
==268755==    by 0x1E9FCD: cpp_dbc::MySQL::MySQLPreparedStatement::~MySQLPreparedStatement() (driver_mysql.cpp:291)
==268755==    by 0x1F77E3: void std::destroy_at<cpp_dbc::MySQL::MySQLPreparedStatement>(cpp_dbc::MySQL::MySQLPreparedStatement*) (stl_construct.h:88)
==268755==  Address 0x6b109d8 is 8 bytes inside a block of size 7,608 free'd
==268755==    at 0x484B27F: free (in /usr/libexec/valgrind/vgpreload_memcheck-amd64-linux.so)
==268755==    by 0x48E2CB5: ??? (in /usr/lib/x86_64-linux-gnu/libmysqlclient.so.21.2.42)
==268755==    by 0x489B2F8: ??? (in /usr/lib/x86_64-linux-gnu/libmysqlclient.so.21.2.42)
==268755==    by 0x4894C0C: ??? (in /usr/lib/x86_64-linux-gnu/libmysqlclient.so.21.2.42)
==268755==    by 0x4895AD1: ??? (in /usr/lib/x86_64-linux-gnu/libmysqlclient.so.21.2.42)
==268755==    by 0x4892AF9: mysql_stmt_prepare (in /usr/lib/x86_64-linux-gnu/libmysqlclient.so.21.2.42)
==268755==    by 0x1E9C58: cpp_dbc::MySQL::MySQLPreparedStatement::MySQLPreparedStatement(MYSQL*, std::__cxx11::basic_string<char, std::char_traits<char>, std::allocator<char> > const&) (driver_mysql.cpp:263)
==268755==    by 0x1F66A8: decltype (::new ((void*)(0)) cpp_dbc::MySQL::MySQLPreparedStatement((declval<MYSQL*&>)(), (declval<std::__cxx11::basic_string<char, std::char_traits<char>, std::allocator<char> > const&>)())) std::construct_at<cpp_dbc::MySQL::MySQLPreparedStatement, MYSQL*&, std::__cxx11::basic_string<char, std::char_traits<char>, std::allocator<char> > const&>(cpp_dbc::MySQL::MySQLPreparedStatement*, MYSQL*&, std::__cxx11::basic_string<char, std::char_traits<char>, std::allocator<char> > const&) (stl_construct.h:97)
==268755==    by 0x1F6724: void std::allocator_traits<std::allocator<cpp_dbc::MySQL::MySQLPreparedStatement> >::construct<cpp_dbc::MySQL::MySQLPreparedStatement, MYSQL*&, std::__cxx11::basic_string<char, std::char_traits<char>, std::allocator<char> > const&>(std::allocator<cpp_dbc::MySQL::MySQLPreparedStatement>&, cpp_dbc::MySQL::MySQLPreparedStatement*, MYSQL*&, std::__cxx11::basic_string<char, std::char_traits<char>, std::allocator<char> > const&) (alloc_traits.h:518)
==268755==    by 0x1F5C74: std::_Sp_counted_ptr_inplace<cpp_dbc::MySQL::MySQLPreparedStatement, std::allocator<cpp_dbc::MySQL::MySQLPreparedStatement>, (__gnu_cxx::_Lock_policy)2>::_Sp_counted_ptr_inplace<MYSQL*&, std::__cxx11::basic_string<char, std::char_traits<char>, std::allocator<char> > const&>(std::allocator<cpp_dbc::MySQL::MySQLPreparedStatement>, MYSQL*&, std::__cxx11::basic_string<char, std::char_traits<char>, std::allocator<char> > const&) (shared_ptr_base.h:519)
==268755==    by 0x1F4CF2: std::__shared_count<(__gnu_cxx::_Lock_policy)2>::__shared_count<cpp_dbc::MySQL::MySQLPreparedStatement, std::allocator<cpp_dbc::MySQL::MySQLPreparedStatement>, MYSQL*&, std::__cxx11::basic_string<char, std::char_traits<char>, std::allocator<char> > const&>(cpp_dbc::MySQL::MySQLPreparedStatement*&, std::_Sp_alloc_shared_tag<std::allocator<cpp_dbc::MySQL::MySQLPreparedStatement> >, MYSQL*&, std::__cxx11::basic_string<char, std::char_traits<char>, std::allocator<char> > const&) (shared_ptr_base.h:650)
==268755==    by 0x1F3D43: std::__shared_ptr<cpp_dbc::MySQL::MySQLPreparedStatement, (__gnu_cxx::_Lock_policy)2>::__shared_ptr<std::allocator<cpp_dbc::MySQL::MySQLPreparedStatement>, MYSQL*&, std::__cxx11::basic_string<char, std::char_traits<char>, std::allocator<char> > const&>(std::_Sp_alloc_shared_tag<std::allocator<cpp_dbc::MySQL::MySQLPreparedStatement> >, MYSQL*&, std::__cxx11::basic_string<char, std::char_traits<char>, std::allocator<char> > const&) (shared_ptr_base.h:1342)
==268755==  Block was alloc'd at
==268755==    at 0x4848899: malloc (in /usr/libexec/valgrind/vgpreload_memcheck-amd64-linux.so)
==268755==    by 0x561679D: CRYPTO_zalloc (in /usr/lib/x86_64-linux-gnu/libcrypto.so.3)
==268755==    by 0x53F5F69: SSL_new (in /usr/lib/x86_64-linux-gnu/libssl.so.3)
==268755==    by 0x48F901B: ??? (in /usr/lib/x86_64-linux-gnu/libmysqlclient.so.21.2.42)
==268755==    by 0x489A12C: ??? (in /usr/lib/x86_64-linux-gnu/libmysqlclient.so.21.2.42)
==268755==    by 0x489AD71: ??? (in /usr/lib/x86_64-linux-gnu/libmysqlclient.so.21.2.42)
==268755==    by 0x48A3273: ??? (in /usr/lib/x86_64-linux-gnu/libmysqlclient.so.21.2.42)
==268755==    by 0x489EF82: mysql_real_connect (in /usr/lib/x86_64-linux-gnu/libmysqlclient.so.21.2.42)
==268755==    by 0x1EC2E1: cpp_dbc::MySQL::MySQLConnection::MySQLConnection(std::__cxx11::basic_string<char, std::char_traits<char>, std::allocator<char> > const&, int, std::__cxx11::basic_string<char, std::char_traits<char>, std::allocator<char> > const&, std::__cxx11::basic_string<char, std::char_traits<char>, std::allocator<char> > const&, std::__cxx11::basic_string<char, std::char_traits<char>, std::allocator<char> > const&) (driver_mysql.cpp:624)
==268755==    by 0x1F6A72: decltype (::new ((void*)(0)) cpp_dbc::MySQL::MySQLConnection((declval<std::__cxx11::basic_string<char, std::char_traits<char>, std::allocator<char> >&>)(), (declval<int&>)(), (declval<std::__cxx11::basic_string<char, std::char_traits<char>, std::allocator<char> >&>)(), (declval<std::__cxx11::basic_string<char, std::char_traits<char>, std::allocator<char> > const&>)(), (declval<std::__cxx11::basic_string<char, std::char_traits<char>, std::allocator<char> > const&>)())) std::construct_at<cpp_dbc::MySQL::MySQLConnection, std::__cxx11::basic_string<char, std::char_traits<char>, std::allocator<char> >&, int&, std::__cxx11::basic_string<char, std::char_traits<char>, std::allocator<char> >&, std::__cxx11::basic_string<char, std::char_traits<char>, std::allocator<char> > const&, std::__cxx11::basic_string<char, std::char_traits<char>, std::allocator<char> > const&>(cpp_dbc::MySQL::MySQLConnection*, std::__cxx11::basic_string<char, std::char_traits<char>, std::allocator<char> >&, int&, std::__cxx11::basic_string<char, std::char_traits<char>, std::allocator<char> >&, std::__cxx11::basic_string<char, std::char_traits<char>, std::allocator<char> > const&, std::__cxx11::basic_string<char, std::char_traits<char>, std::allocator<char> > const&) (stl_construct.h:97)
==268755==    by 0x1F6B2E: void std::allocator_traits<std::allocator<cpp_dbc::MySQL::MySQLConnection> >::construct<cpp_dbc::MySQL::MySQLConnection, std::__cxx11::basic_string<char, std::char_traits<char>, std::allocator<char> >&, int&, std::__cxx11::basic_string<char, std::char_traits<char>, std::allocator<char> >&, std::__cxx11::basic_string<char, std::char_traits<char>, std::allocator<char> > const&, std::__cxx11::basic_string<char, std::char_traits<char>, std::allocator<char> > const&>(std::allocator<cpp_dbc::MySQL::MySQLConnection>&, cpp_dbc::MySQL::MySQLConnection*, std::__cxx11::basic_string<char, std::char_traits<char>, std::allocator<char> >&, int&, std::__cxx11::basic_string<char, std::char_traits<char>, std::allocator<char> >&, std::__cxx11::basic_string<char, std::char_traits<char>, std::allocator<char> > const&, std::__cxx11::basic_string<char, std::char_traits<char>, std::allocator<char> > const&) (alloc_traits.h:518)
==268755==    by 0x1F602C: std::_Sp_counted_ptr_inplace<cpp_dbc::MySQL::MySQLConnection, std::allocator<cpp_dbc::MySQL::MySQLConnection>, (__gnu_cxx::_Lock_policy)2>::_Sp_counted_ptr_inplace<std::__cxx11::basic_string<char, std::char_traits<char>, std::allocator<char> >&, int&, std::__cxx11::basic_string<char, std::char_traits<char>, std::allocator<char> >&, std::__cxx11::basic_string<char, std::char_traits<char>, std::allocator<char> > const&, std::__cxx11::basic_string<char, std::char_traits<char>, std::allocator<char> > const&>(std::allocator<cpp_dbc::MySQL::MySQLConnection>, std::__cxx11::basic_string<char, std::char_traits<char>, std::allocator<char> >&, int&, std::__cxx11::basic_string<char, std::char_traits<char>, std::allocator<char> >&, std::__cxx11::basic_string<char, std::char_traits<char>, std::allocator<char> > const&, std::__cxx11::basic_string<char, std::char_traits<char>, std::allocator<char> > const&) (shared_ptr_base.h:519)
==268755== 
==268755== 
==268755== 1 errors in context 5 of 253:
==268755== Invalid read of size 4
==268755==    at 0x5418548: ??? (in /usr/lib/x86_64-linux-gnu/libssl.so.3)
==268755==    by 0x5407F42: ??? (in /usr/lib/x86_64-linux-gnu/libssl.so.3)
==268755==    by 0x540A71A: ??? (in /usr/lib/x86_64-linux-gnu/libssl.so.3)
==268755==    by 0x540AAE4: ??? (in /usr/lib/x86_64-linux-gnu/libssl.so.3)
==268755==    by 0x53EE266: SSL_write (in /usr/lib/x86_64-linux-gnu/libssl.so.3)
==268755==    by 0x48E228F: ??? (in /usr/lib/x86_64-linux-gnu/libmysqlclient.so.21.2.42)
==268755==    by 0x48ABA31: ??? (in /usr/lib/x86_64-linux-gnu/libmysqlclient.so.21.2.42)
==268755==    by 0x48ABFEE: ??? (in /usr/lib/x86_64-linux-gnu/libmysqlclient.so.21.2.42)
==268755==    by 0x489646D: ??? (in /usr/lib/x86_64-linux-gnu/libmysqlclient.so.21.2.42)
==268755==    by 0x4892F0B: mysql_stmt_close (in /usr/lib/x86_64-linux-gnu/libmysqlclient.so.21.2.42)
==268755==    by 0x1EA0C0: cpp_dbc::MySQL::MySQLPreparedStatement::close() (driver_mysql.cpp:298)
==268755==    by 0x1E9FCD: cpp_dbc::MySQL::MySQLPreparedStatement::~MySQLPreparedStatement() (driver_mysql.cpp:291)
==268755==  Address 0x6b10a18 is 72 bytes inside a block of size 7,608 free'd
==268755==    at 0x484B27F: free (in /usr/libexec/valgrind/vgpreload_memcheck-amd64-linux.so)
==268755==    by 0x48E2CB5: ??? (in /usr/lib/x86_64-linux-gnu/libmysqlclient.so.21.2.42)
==268755==    by 0x489B2F8: ??? (in /usr/lib/x86_64-linux-gnu/libmysqlclient.so.21.2.42)
==268755==    by 0x4894C0C: ??? (in /usr/lib/x86_64-linux-gnu/libmysqlclient.so.21.2.42)
==268755==    by 0x4895AD1: ??? (in /usr/lib/x86_64-linux-gnu/libmysqlclient.so.21.2.42)
==268755==    by 0x4892AF9: mysql_stmt_prepare (in /usr/lib/x86_64-linux-gnu/libmysqlclient.so.21.2.42)
==268755==    by 0x1E9C58: cpp_dbc::MySQL::MySQLPreparedStatement::MySQLPreparedStatement(MYSQL*, std::__cxx11::basic_string<char, std::char_traits<char>, std::allocator<char> > const&) (driver_mysql.cpp:263)
==268755==    by 0x1F66A8: decltype (::new ((void*)(0)) cpp_dbc::MySQL::MySQLPreparedStatement((declval<MYSQL*&>)(), (declval<std::__cxx11::basic_string<char, std::char_traits<char>, std::allocator<char> > const&>)())) std::construct_at<cpp_dbc::MySQL::MySQLPreparedStatement, MYSQL*&, std::__cxx11::basic_string<char, std::char_traits<char>, std::allocator<char> > const&>(cpp_dbc::MySQL::MySQLPreparedStatement*, MYSQL*&, std::__cxx11::basic_string<char, std::char_traits<char>, std::allocator<char> > const&) (stl_construct.h:97)
==268755==    by 0x1F6724: void std::allocator_traits<std::allocator<cpp_dbc::MySQL::MySQLPreparedStatement> >::construct<cpp_dbc::MySQL::MySQLPreparedStatement, MYSQL*&, std::__cxx11::basic_string<char, std::char_traits<char>, std::allocator<char> > const&>(std::allocator<cpp_dbc::MySQL::MySQLPreparedStatement>&, cpp_dbc::MySQL::MySQLPreparedStatement*, MYSQL*&, std::__cxx11::basic_string<char, std::char_traits<char>, std::allocator<char> > const&) (alloc_traits.h:518)
==268755==    by 0x1F5C74: std::_Sp_counted_ptr_inplace<cpp_dbc::MySQL::MySQLPreparedStatement, std::allocator<cpp_dbc::MySQL::MySQLPreparedStatement>, (__gnu_cxx::_Lock_policy)2>::_Sp_counted_ptr_inplace<MYSQL*&, std::__cxx11::basic_string<char, std::char_traits<char>, std::allocator<char> > const&>(std::allocator<cpp_dbc::MySQL::MySQLPreparedStatement>, MYSQL*&, std::__cxx11::basic_string<char, std::char_traits<char>, std::allocator<char> > const&) (shared_ptr_base.h:519)
==268755==    by 0x1F4CF2: std::__shared_count<(__gnu_cxx::_Lock_policy)2>::__shared_count<cpp_dbc::MySQL::MySQLPreparedStatement, std::allocator<cpp_dbc::MySQL::MySQLPreparedStatement>, MYSQL*&, std::__cxx11::basic_string<char, std::char_traits<char>, std::allocator<char> > const&>(cpp_dbc::MySQL::MySQLPreparedStatement*&, std::_Sp_alloc_shared_tag<std::allocator<cpp_dbc::MySQL::MySQLPreparedStatement> >, MYSQL*&, std::__cxx11::basic_string<char, std::char_traits<char>, std::allocator<char> > const&) (shared_ptr_base.h:650)
==268755==    by 0x1F3D43: std::__shared_ptr<cpp_dbc::MySQL::MySQLPreparedStatement, (__gnu_cxx::_Lock_policy)2>::__shared_ptr<std::allocator<cpp_dbc::MySQL::MySQLPreparedStatement>, MYSQL*&, std::__cxx11::basic_string<char, std::char_traits<char>, std::allocator<char> > const&>(std::_Sp_alloc_shared_tag<std::allocator<cpp_dbc::MySQL::MySQLPreparedStatement> >, MYSQL*&, std::__cxx11::basic_string<char, std::char_traits<char>, std::allocator<char> > const&) (shared_ptr_base.h:1342)
==268755==  Block was alloc'd at
==268755==    at 0x4848899: malloc (in /usr/libexec/valgrind/vgpreload_memcheck-amd64-linux.so)
==268755==    by 0x561679D: CRYPTO_zalloc (in /usr/lib/x86_64-linux-gnu/libcrypto.so.3)
==268755==    by 0x53F5F69: SSL_new (in /usr/lib/x86_64-linux-gnu/libssl.so.3)
==268755==    by 0x48F901B: ??? (in /usr/lib/x86_64-linux-gnu/libmysqlclient.so.21.2.42)
==268755==    by 0x489A12C: ??? (in /usr/lib/x86_64-linux-gnu/libmysqlclient.so.21.2.42)
==268755==    by 0x489AD71: ??? (in /usr/lib/x86_64-linux-gnu/libmysqlclient.so.21.2.42)
==268755==    by 0x48A3273: ??? (in /usr/lib/x86_64-linux-gnu/libmysqlclient.so.21.2.42)
==268755==    by 0x489EF82: mysql_real_connect (in /usr/lib/x86_64-linux-gnu/libmysqlclient.so.21.2.42)
==268755==    by 0x1EC2E1: cpp_dbc::MySQL::MySQLConnection::MySQLConnection(std::__cxx11::basic_string<char, std::char_traits<char>, std::allocator<char> > const&, int, std::__cxx11::basic_string<char, std::char_traits<char>, std::allocator<char> > const&, std::__cxx11::basic_string<char, std::char_traits<char>, std::allocator<char> > const&, std::__cxx11::basic_string<char, std::char_traits<char>, std::allocator<char> > const&) (driver_mysql.cpp:624)
==268755==    by 0x1F6A72: decltype (::new ((void*)(0)) cpp_dbc::MySQL::MySQLConnection((declval<std::__cxx11::basic_string<char, std::char_traits<char>, std::allocator<char> >&>)(), (declval<int&>)(), (declval<std::__cxx11::basic_string<char, std::char_traits<char>, std::allocator<char> >&>)(), (declval<std::__cxx11::basic_string<char, std::char_traits<char>, std::allocator<char> > const&>)(), (declval<std::__cxx11::basic_string<char, std::char_traits<char>, std::allocator<char> > const&>)())) std::construct_at<cpp_dbc::MySQL::MySQLConnection, std::__cxx11::basic_string<char, std::char_traits<char>, std::allocator<char> >&, int&, std::__cxx11::basic_string<char, std::char_traits<char>, std::allocator<char> >&, std::__cxx11::basic_string<char, std::char_traits<char>, std::allocator<char> > const&, std::__cxx11::basic_string<char, std::char_traits<char>, std::allocator<char> > const&>(cpp_dbc::MySQL::MySQLConnection*, std::__cxx11::basic_string<char, std::char_traits<char>, std::allocator<char> >&, int&, std::__cxx11::basic_string<char, std::char_traits<char>, std::allocator<char> >&, std::__cxx11::basic_string<char, std::char_traits<char>, std::allocator<char> > const&, std::__cxx11::basic_string<char, std::char_traits<char>, std::allocator<char> > const&) (stl_construct.h:97)
==268755==    by 0x1F6B2E: void std::allocator_traits<std::allocator<cpp_dbc::MySQL::MySQLConnection> >::construct<cpp_dbc::MySQL::MySQLConnection, std::__cxx11::basic_string<char, std::char_traits<char>, std::allocator<char> >&, int&, std::__cxx11::basic_string<char, std::char_traits<char>, std::allocator<char> >&, std::__cxx11::basic_string<char, std::char_traits<char>, std::allocator<char> > const&, std::__cxx11::basic_string<char, std::char_traits<char>, std::allocator<char> > const&>(std::allocator<cpp_dbc::MySQL::MySQLConnection>&, cpp_dbc::MySQL::MySQLConnection*, std::__cxx11::basic_string<char, std::char_traits<char>, std::allocator<char> >&, int&, std::__cxx11::basic_string<char, std::char_traits<char>, std::allocator<char> >&, std::__cxx11::basic_string<char, std::char_traits<char>, std::allocator<char> > const&, std::__cxx11::basic_string<char, std::char_traits<char>, std::allocator<char> > const&) (alloc_traits.h:518)
==268755==    by 0x1F602C: std::_Sp_counted_ptr_inplace<cpp_dbc::MySQL::MySQLConnection, std::allocator<cpp_dbc::MySQL::MySQLConnection>, (__gnu_cxx::_Lock_policy)2>::_Sp_counted_ptr_inplace<std::__cxx11::basic_string<char, std::char_traits<char>, std::allocator<char> >&, int&, std::__cxx11::basic_string<char, std::char_traits<char>, std::allocator<char> >&, std::__cxx11::basic_string<char, std::char_traits<char>, std::allocator<char> > const&, std::__cxx11::basic_string<char, std::char_traits<char>, std::allocator<char> > const&>(std::allocator<cpp_dbc::MySQL::MySQLConnection>, std::__cxx11::basic_string<char, std::char_traits<char>, std::allocator<char> >&, int&, std::__cxx11::basic_string<char, std::char_traits<char>, std::allocator<char> >&, std::__cxx11::basic_string<char, std::char_traits<char>, std::allocator<char> > const&, std::__cxx11::basic_string<char, std::char_traits<char>, std::allocator<char> > const&) (shared_ptr_base.h:519)
==268755== 
==268755== 
==268755== 1 errors in context 6 of 253:
==268755== Invalid read of size 4
==268755==    at 0x5418541: ??? (in /usr/lib/x86_64-linux-gnu/libssl.so.3)
==268755==    by 0x5407F42: ??? (in /usr/lib/x86_64-linux-gnu/libssl.so.3)
==268755==    by 0x540A71A: ??? (in /usr/lib/x86_64-linux-gnu/libssl.so.3)
==268755==    by 0x540AAE4: ??? (in /usr/lib/x86_64-linux-gnu/libssl.so.3)
==268755==    by 0x53EE266: SSL_write (in /usr/lib/x86_64-linux-gnu/libssl.so.3)
==268755==    by 0x48E228F: ??? (in /usr/lib/x86_64-linux-gnu/libmysqlclient.so.21.2.42)
==268755==    by 0x48ABA31: ??? (in /usr/lib/x86_64-linux-gnu/libmysqlclient.so.21.2.42)
==268755==    by 0x48ABFEE: ??? (in /usr/lib/x86_64-linux-gnu/libmysqlclient.so.21.2.42)
==268755==    by 0x489646D: ??? (in /usr/lib/x86_64-linux-gnu/libmysqlclient.so.21.2.42)
==268755==    by 0x4892F0B: mysql_stmt_close (in /usr/lib/x86_64-linux-gnu/libmysqlclient.so.21.2.42)
==268755==    by 0x1EA0C0: cpp_dbc::MySQL::MySQLPreparedStatement::close() (driver_mysql.cpp:298)
==268755==    by 0x1E9FCD: cpp_dbc::MySQL::MySQLPreparedStatement::~MySQLPreparedStatement() (driver_mysql.cpp:291)
==268755==  Address 0x6b10a34 is 100 bytes inside a block of size 7,608 free'd
==268755==    at 0x484B27F: free (in /usr/libexec/valgrind/vgpreload_memcheck-amd64-linux.so)
==268755==    by 0x48E2CB5: ??? (in /usr/lib/x86_64-linux-gnu/libmysqlclient.so.21.2.42)
==268755==    by 0x489B2F8: ??? (in /usr/lib/x86_64-linux-gnu/libmysqlclient.so.21.2.42)
==268755==    by 0x4894C0C: ??? (in /usr/lib/x86_64-linux-gnu/libmysqlclient.so.21.2.42)
==268755==    by 0x4895AD1: ??? (in /usr/lib/x86_64-linux-gnu/libmysqlclient.so.21.2.42)
==268755==    by 0x4892AF9: mysql_stmt_prepare (in /usr/lib/x86_64-linux-gnu/libmysqlclient.so.21.2.42)
==268755==    by 0x1E9C58: cpp_dbc::MySQL::MySQLPreparedStatement::MySQLPreparedStatement(MYSQL*, std::__cxx11::basic_string<char, std::char_traits<char>, std::allocator<char> > const&) (driver_mysql.cpp:263)
==268755==    by 0x1F66A8: decltype (::new ((void*)(0)) cpp_dbc::MySQL::MySQLPreparedStatement((declval<MYSQL*&>)(), (declval<std::__cxx11::basic_string<char, std::char_traits<char>, std::allocator<char> > const&>)())) std::construct_at<cpp_dbc::MySQL::MySQLPreparedStatement, MYSQL*&, std::__cxx11::basic_string<char, std::char_traits<char>, std::allocator<char> > const&>(cpp_dbc::MySQL::MySQLPreparedStatement*, MYSQL*&, std::__cxx11::basic_string<char, std::char_traits<char>, std::allocator<char> > const&) (stl_construct.h:97)
==268755==    by 0x1F6724: void std::allocator_traits<std::allocator<cpp_dbc::MySQL::MySQLPreparedStatement> >::construct<cpp_dbc::MySQL::MySQLPreparedStatement, MYSQL*&, std::__cxx11::basic_string<char, std::char_traits<char>, std::allocator<char> > const&>(std::allocator<cpp_dbc::MySQL::MySQLPreparedStatement>&, cpp_dbc::MySQL::MySQLPreparedStatement*, MYSQL*&, std::__cxx11::basic_string<char, std::char_traits<char>, std::allocator<char> > const&) (alloc_traits.h:518)
==268755==    by 0x1F5C74: std::_Sp_counted_ptr_inplace<cpp_dbc::MySQL::MySQLPreparedStatement, std::allocator<cpp_dbc::MySQL::MySQLPreparedStatement>, (__gnu_cxx::_Lock_policy)2>::_Sp_counted_ptr_inplace<MYSQL*&, std::__cxx11::basic_string<char, std::char_traits<char>, std::allocator<char> > const&>(std::allocator<cpp_dbc::MySQL::MySQLPreparedStatement>, MYSQL*&, std::__cxx11::basic_string<char, std::char_traits<char>, std::allocator<char> > const&) (shared_ptr_base.h:519)
==268755==    by 0x1F4CF2: std::__shared_count<(__gnu_cxx::_Lock_policy)2>::__shared_count<cpp_dbc::MySQL::MySQLPreparedStatement, std::allocator<cpp_dbc::MySQL::MySQLPreparedStatement>, MYSQL*&, std::__cxx11::basic_string<char, std::char_traits<char>, std::allocator<char> > const&>(cpp_dbc::MySQL::MySQLPreparedStatement*&, std::_Sp_alloc_shared_tag<std::allocator<cpp_dbc::MySQL::MySQLPreparedStatement> >, MYSQL*&, std::__cxx11::basic_string<char, std::char_traits<char>, std::allocator<char> > const&) (shared_ptr_base.h:650)
==268755==    by 0x1F3D43: std::__shared_ptr<cpp_dbc::MySQL::MySQLPreparedStatement, (__gnu_cxx::_Lock_policy)2>::__shared_ptr<std::allocator<cpp_dbc::MySQL::MySQLPreparedStatement>, MYSQL*&, std::__cxx11::basic_string<char, std::char_traits<char>, std::allocator<char> > const&>(std::_Sp_alloc_shared_tag<std::allocator<cpp_dbc::MySQL::MySQLPreparedStatement> >, MYSQL*&, std::__cxx11::basic_string<char, std::char_traits<char>, std::allocator<char> > const&) (shared_ptr_base.h:1342)
==268755==  Block was alloc'd at
==268755==    at 0x4848899: malloc (in /usr/libexec/valgrind/vgpreload_memcheck-amd64-linux.so)
==268755==    by 0x561679D: CRYPTO_zalloc (in /usr/lib/x86_64-linux-gnu/libcrypto.so.3)
==268755==    by 0x53F5F69: SSL_new (in /usr/lib/x86_64-linux-gnu/libssl.so.3)
==268755==    by 0x48F901B: ??? (in /usr/lib/x86_64-linux-gnu/libmysqlclient.so.21.2.42)
==268755==    by 0x489A12C: ??? (in /usr/lib/x86_64-linux-gnu/libmysqlclient.so.21.2.42)
==268755==    by 0x489AD71: ??? (in /usr/lib/x86_64-linux-gnu/libmysqlclient.so.21.2.42)
==268755==    by 0x48A3273: ??? (in /usr/lib/x86_64-linux-gnu/libmysqlclient.so.21.2.42)
==268755==    by 0x489EF82: mysql_real_connect (in /usr/lib/x86_64-linux-gnu/libmysqlclient.so.21.2.42)
==268755==    by 0x1EC2E1: cpp_dbc::MySQL::MySQLConnection::MySQLConnection(std::__cxx11::basic_string<char, std::char_traits<char>, std::allocator<char> > const&, int, std::__cxx11::basic_string<char, std::char_traits<char>, std::allocator<char> > const&, std::__cxx11::basic_string<char, std::char_traits<char>, std::allocator<char> > const&, std::__cxx11::basic_string<char, std::char_traits<char>, std::allocator<char> > const&) (driver_mysql.cpp:624)
==268755==    by 0x1F6A72: decltype (::new ((void*)(0)) cpp_dbc::MySQL::MySQLConnection((declval<std::__cxx11::basic_string<char, std::char_traits<char>, std::allocator<char> >&>)(), (declval<int&>)(), (declval<std::__cxx11::basic_string<char, std::char_traits<char>, std::allocator<char> >&>)(), (declval<std::__cxx11::basic_string<char, std::char_traits<char>, std::allocator<char> > const&>)(), (declval<std::__cxx11::basic_string<char, std::char_traits<char>, std::allocator<char> > const&>)())) std::construct_at<cpp_dbc::MySQL::MySQLConnection, std::__cxx11::basic_string<char, std::char_traits<char>, std::allocator<char> >&, int&, std::__cxx11::basic_string<char, std::char_traits<char>, std::allocator<char> >&, std::__cxx11::basic_string<char, std::char_traits<char>, std::allocator<char> > const&, std::__cxx11::basic_string<char, std::char_traits<char>, std::allocator<char> > const&>(cpp_dbc::MySQL::MySQLConnection*, std::__cxx11::basic_string<char, std::char_traits<char>, std::allocator<char> >&, int&, std::__cxx11::basic_string<char, std::char_traits<char>, std::allocator<char> >&, std::__cxx11::basic_string<char, std::char_traits<char>, std::allocator<char> > const&, std::__cxx11::basic_string<char, std::char_traits<char>, std::allocator<char> > const&) (stl_construct.h:97)
==268755==    by 0x1F6B2E: void std::allocator_traits<std::allocator<cpp_dbc::MySQL::MySQLConnection> >::construct<cpp_dbc::MySQL::MySQLConnection, std::__cxx11::basic_string<char, std::char_traits<char>, std::allocator<char> >&, int&, std::__cxx11::basic_string<char, std::char_traits<char>, std::allocator<char> >&, std::__cxx11::basic_string<char, std::char_traits<char>, std::allocator<char> > const&, std::__cxx11::basic_string<char, std::char_traits<char>, std::allocator<char> > const&>(std::allocator<cpp_dbc::MySQL::MySQLConnection>&, cpp_dbc::MySQL::MySQLConnection*, std::__cxx11::basic_string<char, std::char_traits<char>, std::allocator<char> >&, int&, std::__cxx11::basic_string<char, std::char_traits<char>, std::allocator<char> >&, std::__cxx11::basic_string<char, std::char_traits<char>, std::allocator<char> > const&, std::__cxx11::basic_string<char, std::char_traits<char>, std::allocator<char> > const&) (alloc_traits.h:518)
==268755==    by 0x1F602C: std::_Sp_counted_ptr_inplace<cpp_dbc::MySQL::MySQLConnection, std::allocator<cpp_dbc::MySQL::MySQLConnection>, (__gnu_cxx::_Lock_policy)2>::_Sp_counted_ptr_inplace<std::__cxx11::basic_string<char, std::char_traits<char>, std::allocator<char> >&, int&, std::__cxx11::basic_string<char, std::char_traits<char>, std::allocator<char> >&, std::__cxx11::basic_string<char, std::char_traits<char>, std::allocator<char> > const&, std::__cxx11::basic_string<char, std::char_traits<char>, std::allocator<char> > const&>(std::allocator<cpp_dbc::MySQL::MySQLConnection>, std::__cxx11::basic_string<char, std::char_traits<char>, std::allocator<char> >&, int&, std::__cxx11::basic_string<char, std::char_traits<char>, std::allocator<char> >&, std::__cxx11::basic_string<char, std::char_traits<char>, std::allocator<char> > const&, std::__cxx11::basic_string<char, std::char_traits<char>, std::allocator<char> > const&) (shared_ptr_base.h:519)
==268755== 
==268755== 
==268755== 1 errors in context 7 of 253:
==268755== Invalid read of size 8
==268755==    at 0x5407E67: ??? (in /usr/lib/x86_64-linux-gnu/libssl.so.3)
==268755==    by 0x540A71A: ??? (in /usr/lib/x86_64-linux-gnu/libssl.so.3)
==268755==    by 0x540AAE4: ??? (in /usr/lib/x86_64-linux-gnu/libssl.so.3)
==268755==    by 0x53EE266: SSL_write (in /usr/lib/x86_64-linux-gnu/libssl.so.3)
==268755==    by 0x48E228F: ??? (in /usr/lib/x86_64-linux-gnu/libmysqlclient.so.21.2.42)
==268755==    by 0x48ABA31: ??? (in /usr/lib/x86_64-linux-gnu/libmysqlclient.so.21.2.42)
==268755==    by 0x48ABFEE: ??? (in /usr/lib/x86_64-linux-gnu/libmysqlclient.so.21.2.42)
==268755==    by 0x489646D: ??? (in /usr/lib/x86_64-linux-gnu/libmysqlclient.so.21.2.42)
==268755==    by 0x4892F0B: mysql_stmt_close (in /usr/lib/x86_64-linux-gnu/libmysqlclient.so.21.2.42)
==268755==    by 0x1EA0C0: cpp_dbc::MySQL::MySQLPreparedStatement::close() (driver_mysql.cpp:298)
==268755==    by 0x1E9FCD: cpp_dbc::MySQL::MySQLPreparedStatement::~MySQLPreparedStatement() (driver_mysql.cpp:291)
==268755==    by 0x1F77E3: void std::destroy_at<cpp_dbc::MySQL::MySQLPreparedStatement>(cpp_dbc::MySQL::MySQLPreparedStatement*) (stl_construct.h:88)
==268755==  Address 0x6b109e8 is 24 bytes inside a block of size 7,608 free'd
==268755==    at 0x484B27F: free (in /usr/libexec/valgrind/vgpreload_memcheck-amd64-linux.so)
==268755==    by 0x48E2CB5: ??? (in /usr/lib/x86_64-linux-gnu/libmysqlclient.so.21.2.42)
==268755==    by 0x489B2F8: ??? (in /usr/lib/x86_64-linux-gnu/libmysqlclient.so.21.2.42)
==268755==    by 0x4894C0C: ??? (in /usr/lib/x86_64-linux-gnu/libmysqlclient.so.21.2.42)
==268755==    by 0x4895AD1: ??? (in /usr/lib/x86_64-linux-gnu/libmysqlclient.so.21.2.42)
==268755==    by 0x4892AF9: mysql_stmt_prepare (in /usr/lib/x86_64-linux-gnu/libmysqlclient.so.21.2.42)
==268755==    by 0x1E9C58: cpp_dbc::MySQL::MySQLPreparedStatement::MySQLPreparedStatement(MYSQL*, std::__cxx11::basic_string<char, std::char_traits<char>, std::allocator<char> > const&) (driver_mysql.cpp:263)
==268755==    by 0x1F66A8: decltype (::new ((void*)(0)) cpp_dbc::MySQL::MySQLPreparedStatement((declval<MYSQL*&>)(), (declval<std::__cxx11::basic_string<char, std::char_traits<char>, std::allocator<char> > const&>)())) std::construct_at<cpp_dbc::MySQL::MySQLPreparedStatement, MYSQL*&, std::__cxx11::basic_string<char, std::char_traits<char>, std::allocator<char> > const&>(cpp_dbc::MySQL::MySQLPreparedStatement*, MYSQL*&, std::__cxx11::basic_string<char, std::char_traits<char>, std::allocator<char> > const&) (stl_construct.h:97)
==268755==    by 0x1F6724: void std::allocator_traits<std::allocator<cpp_dbc::MySQL::MySQLPreparedStatement> >::construct<cpp_dbc::MySQL::MySQLPreparedStatement, MYSQL*&, std::__cxx11::basic_string<char, std::char_traits<char>, std::allocator<char> > const&>(std::allocator<cpp_dbc::MySQL::MySQLPreparedStatement>&, cpp_dbc::MySQL::MySQLPreparedStatement*, MYSQL*&, std::__cxx11::basic_string<char, std::char_traits<char>, std::allocator<char> > const&) (alloc_traits.h:518)
==268755==    by 0x1F5C74: std::_Sp_counted_ptr_inplace<cpp_dbc::MySQL::MySQLPreparedStatement, std::allocator<cpp_dbc::MySQL::MySQLPreparedStatement>, (__gnu_cxx::_Lock_policy)2>::_Sp_counted_ptr_inplace<MYSQL*&, std::__cxx11::basic_string<char, std::char_traits<char>, std::allocator<char> > const&>(std::allocator<cpp_dbc::MySQL::MySQLPreparedStatement>, MYSQL*&, std::__cxx11::basic_string<char, std::char_traits<char>, std::allocator<char> > const&) (shared_ptr_base.h:519)
==268755==    by 0x1F4CF2: std::__shared_count<(__gnu_cxx::_Lock_policy)2>::__shared_count<cpp_dbc::MySQL::MySQLPreparedStatement, std::allocator<cpp_dbc::MySQL::MySQLPreparedStatement>, MYSQL*&, std::__cxx11::basic_string<char, std::char_traits<char>, std::allocator<char> > const&>(cpp_dbc::MySQL::MySQLPreparedStatement*&, std::_Sp_alloc_shared_tag<std::allocator<cpp_dbc::MySQL::MySQLPreparedStatement> >, MYSQL*&, std::__cxx11::basic_string<char, std::char_traits<char>, std::allocator<char> > const&) (shared_ptr_base.h:650)
==268755==    by 0x1F3D43: std::__shared_ptr<cpp_dbc::MySQL::MySQLPreparedStatement, (__gnu_cxx::_Lock_policy)2>::__shared_ptr<std::allocator<cpp_dbc::MySQL::MySQLPreparedStatement>, MYSQL*&, std::__cxx11::basic_string<char, std::char_traits<char>, std::allocator<char> > const&>(std::_Sp_alloc_shared_tag<std::allocator<cpp_dbc::MySQL::MySQLPreparedStatement> >, MYSQL*&, std::__cxx11::basic_string<char, std::char_traits<char>, std::allocator<char> > const&) (shared_ptr_base.h:1342)
==268755==  Block was alloc'd at
==268755==    at 0x4848899: malloc (in /usr/libexec/valgrind/vgpreload_memcheck-amd64-linux.so)
==268755==    by 0x561679D: CRYPTO_zalloc (in /usr/lib/x86_64-linux-gnu/libcrypto.so.3)
==268755==    by 0x53F5F69: SSL_new (in /usr/lib/x86_64-linux-gnu/libssl.so.3)
==268755==    by 0x48F901B: ??? (in /usr/lib/x86_64-linux-gnu/libmysqlclient.so.21.2.42)
==268755==    by 0x489A12C: ??? (in /usr/lib/x86_64-linux-gnu/libmysqlclient.so.21.2.42)
==268755==    by 0x489AD71: ??? (in /usr/lib/x86_64-linux-gnu/libmysqlclient.so.21.2.42)
==268755==    by 0x48A3273: ??? (in /usr/lib/x86_64-linux-gnu/libmysqlclient.so.21.2.42)
==268755==    by 0x489EF82: mysql_real_connect (in /usr/lib/x86_64-linux-gnu/libmysqlclient.so.21.2.42)
==268755==    by 0x1EC2E1: cpp_dbc::MySQL::MySQLConnection::MySQLConnection(std::__cxx11::basic_string<char, std::char_traits<char>, std::allocator<char> > const&, int, std::__cxx11::basic_string<char, std::char_traits<char>, std::allocator<char> > const&, std::__cxx11::basic_string<char, std::char_traits<char>, std::allocator<char> > const&, std::__cxx11::basic_string<char, std::char_traits<char>, std::allocator<char> > const&) (driver_mysql.cpp:624)
==268755==    by 0x1F6A72: decltype (::new ((void*)(0)) cpp_dbc::MySQL::MySQLConnection((declval<std::__cxx11::basic_string<char, std::char_traits<char>, std::allocator<char> >&>)(), (declval<int&>)(), (declval<std::__cxx11::basic_string<char, std::char_traits<char>, std::allocator<char> >&>)(), (declval<std::__cxx11::basic_string<char, std::char_traits<char>, std::allocator<char> > const&>)(), (declval<std::__cxx11::basic_string<char, std::char_traits<char>, std::allocator<char> > const&>)())) std::construct_at<cpp_dbc::MySQL::MySQLConnection, std::__cxx11::basic_string<char, std::char_traits<char>, std::allocator<char> >&, int&, std::__cxx11::basic_string<char, std::char_traits<char>, std::allocator<char> >&, std::__cxx11::basic_string<char, std::char_traits<char>, std::allocator<char> > const&, std::__cxx11::basic_string<char, std::char_traits<char>, std::allocator<char> > const&>(cpp_dbc::MySQL::MySQLConnection*, std::__cxx11::basic_string<char, std::char_traits<char>, std::allocator<char> >&, int&, std::__cxx11::basic_string<char, std::char_traits<char>, std::allocator<char> >&, std::__cxx11::basic_string<char, std::char_traits<char>, std::allocator<char> > const&, std::__cxx11::basic_string<char, std::char_traits<char>, std::allocator<char> > const&) (stl_construct.h:97)
==268755==    by 0x1F6B2E: void std::allocator_traits<std::allocator<cpp_dbc::MySQL::MySQLConnection> >::construct<cpp_dbc::MySQL::MySQLConnection, std::__cxx11::basic_string<char, std::char_traits<char>, std::allocator<char> >&, int&, std::__cxx11::basic_string<char, std::char_traits<char>, std::allocator<char> >&, std::__cxx11::basic_string<char, std::char_traits<char>, std::allocator<char> > const&, std::__cxx11::basic_string<char, std::char_traits<char>, std::allocator<char> > const&>(std::allocator<cpp_dbc::MySQL::MySQLConnection>&, cpp_dbc::MySQL::MySQLConnection*, std::__cxx11::basic_string<char, std::char_traits<char>, std::allocator<char> >&, int&, std::__cxx11::basic_string<char, std::char_traits<char>, std::allocator<char> >&, std::__cxx11::basic_string<char, std::char_traits<char>, std::allocator<char> > const&, std::__cxx11::basic_string<char, std::char_traits<char>, std::allocator<char> > const&) (alloc_traits.h:518)
==268755==    by 0x1F602C: std::_Sp_counted_ptr_inplace<cpp_dbc::MySQL::MySQLConnection, std::allocator<cpp_dbc::MySQL::MySQLConnection>, (__gnu_cxx::_Lock_policy)2>::_Sp_counted_ptr_inplace<std::__cxx11::basic_string<char, std::char_traits<char>, std::allocator<char> >&, int&, std::__cxx11::basic_string<char, std::char_traits<char>, std::allocator<char> >&, std::__cxx11::basic_string<char, std::char_traits<char>, std::allocator<char> > const&, std::__cxx11::basic_string<char, std::char_traits<char>, std::allocator<char> > const&>(std::allocator<cpp_dbc::MySQL::MySQLConnection>, std::__cxx11::basic_string<char, std::char_traits<char>, std::allocator<char> >&, int&, std::__cxx11::basic_string<char, std::char_traits<char>, std::allocator<char> >&, std::__cxx11::basic_string<char, std::char_traits<char>, std::allocator<char> > const&, std::__cxx11::basic_string<char, std::char_traits<char>, std::allocator<char> > const&) (shared_ptr_base.h:519)
==268755== 
==268755== 
==268755== 1 errors in context 8 of 253:
==268755== Invalid read of size 8
==268755==    at 0x5407E4C: ??? (in /usr/lib/x86_64-linux-gnu/libssl.so.3)
==268755==    by 0x540A71A: ??? (in /usr/lib/x86_64-linux-gnu/libssl.so.3)
==268755==    by 0x540AAE4: ??? (in /usr/lib/x86_64-linux-gnu/libssl.so.3)
==268755==    by 0x53EE266: SSL_write (in /usr/lib/x86_64-linux-gnu/libssl.so.3)
==268755==    by 0x48E228F: ??? (in /usr/lib/x86_64-linux-gnu/libmysqlclient.so.21.2.42)
==268755==    by 0x48ABA31: ??? (in /usr/lib/x86_64-linux-gnu/libmysqlclient.so.21.2.42)
==268755==    by 0x48ABFEE: ??? (in /usr/lib/x86_64-linux-gnu/libmysqlclient.so.21.2.42)
==268755==    by 0x489646D: ??? (in /usr/lib/x86_64-linux-gnu/libmysqlclient.so.21.2.42)
==268755==    by 0x4892F0B: mysql_stmt_close (in /usr/lib/x86_64-linux-gnu/libmysqlclient.so.21.2.42)
==268755==    by 0x1EA0C0: cpp_dbc::MySQL::MySQLPreparedStatement::close() (driver_mysql.cpp:298)
==268755==    by 0x1E9FCD: cpp_dbc::MySQL::MySQLPreparedStatement::~MySQLPreparedStatement() (driver_mysql.cpp:291)
==268755==    by 0x1F77E3: void std::destroy_at<cpp_dbc::MySQL::MySQLPreparedStatement>(cpp_dbc::MySQL::MySQLPreparedStatement*) (stl_construct.h:88)
==268755==  Address 0x6b11698 is 3,272 bytes inside a block of size 7,608 free'd
==268755==    at 0x484B27F: free (in /usr/libexec/valgrind/vgpreload_memcheck-amd64-linux.so)
==268755==    by 0x48E2CB5: ??? (in /usr/lib/x86_64-linux-gnu/libmysqlclient.so.21.2.42)
==268755==    by 0x489B2F8: ??? (in /usr/lib/x86_64-linux-gnu/libmysqlclient.so.21.2.42)
==268755==    by 0x4894C0C: ??? (in /usr/lib/x86_64-linux-gnu/libmysqlclient.so.21.2.42)
==268755==    by 0x4895AD1: ??? (in /usr/lib/x86_64-linux-gnu/libmysqlclient.so.21.2.42)
==268755==    by 0x4892AF9: mysql_stmt_prepare (in /usr/lib/x86_64-linux-gnu/libmysqlclient.so.21.2.42)
==268755==    by 0x1E9C58: cpp_dbc::MySQL::MySQLPreparedStatement::MySQLPreparedStatement(MYSQL*, std::__cxx11::basic_string<char, std::char_traits<char>, std::allocator<char> > const&) (driver_mysql.cpp:263)
==268755==    by 0x1F66A8: decltype (::new ((void*)(0)) cpp_dbc::MySQL::MySQLPreparedStatement((declval<MYSQL*&>)(), (declval<std::__cxx11::basic_string<char, std::char_traits<char>, std::allocator<char> > const&>)())) std::construct_at<cpp_dbc::MySQL::MySQLPreparedStatement, MYSQL*&, std::__cxx11::basic_string<char, std::char_traits<char>, std::allocator<char> > const&>(cpp_dbc::MySQL::MySQLPreparedStatement*, MYSQL*&, std::__cxx11::basic_string<char, std::char_traits<char>, std::allocator<char> > const&) (stl_construct.h:97)
==268755==    by 0x1F6724: void std::allocator_traits<std::allocator<cpp_dbc::MySQL::MySQLPreparedStatement> >::construct<cpp_dbc::MySQL::MySQLPreparedStatement, MYSQL*&, std::__cxx11::basic_string<char, std::char_traits<char>, std::allocator<char> > const&>(std::allocator<cpp_dbc::MySQL::MySQLPreparedStatement>&, cpp_dbc::MySQL::MySQLPreparedStatement*, MYSQL*&, std::__cxx11::basic_string<char, std::char_traits<char>, std::allocator<char> > const&) (alloc_traits.h:518)
==268755==    by 0x1F5C74: std::_Sp_counted_ptr_inplace<cpp_dbc::MySQL::MySQLPreparedStatement, std::allocator<cpp_dbc::MySQL::MySQLPreparedStatement>, (__gnu_cxx::_Lock_policy)2>::_Sp_counted_ptr_inplace<MYSQL*&, std::__cxx11::basic_string<char, std::char_traits<char>, std::allocator<char> > const&>(std::allocator<cpp_dbc::MySQL::MySQLPreparedStatement>, MYSQL*&, std::__cxx11::basic_string<char, std::char_traits<char>, std::allocator<char> > const&) (shared_ptr_base.h:519)
==268755==    by 0x1F4CF2: std::__shared_count<(__gnu_cxx::_Lock_policy)2>::__shared_count<cpp_dbc::MySQL::MySQLPreparedStatement, std::allocator<cpp_dbc::MySQL::MySQLPreparedStatement>, MYSQL*&, std::__cxx11::basic_string<char, std::char_traits<char>, std::allocator<char> > const&>(cpp_dbc::MySQL::MySQLPreparedStatement*&, std::_Sp_alloc_shared_tag<std::allocator<cpp_dbc::MySQL::MySQLPreparedStatement> >, MYSQL*&, std::__cxx11::basic_string<char, std::char_traits<char>, std::allocator<char> > const&) (shared_ptr_base.h:650)
==268755==    by 0x1F3D43: std::__shared_ptr<cpp_dbc::MySQL::MySQLPreparedStatement, (__gnu_cxx::_Lock_policy)2>::__shared_ptr<std::allocator<cpp_dbc::MySQL::MySQLPreparedStatement>, MYSQL*&, std::__cxx11::basic_string<char, std::char_traits<char>, std::allocator<char> > const&>(std::_Sp_alloc_shared_tag<std::allocator<cpp_dbc::MySQL::MySQLPreparedStatement> >, MYSQL*&, std::__cxx11::basic_string<char, std::char_traits<char>, std::allocator<char> > const&) (shared_ptr_base.h:1342)
==268755==  Block was alloc'd at
==268755==    at 0x4848899: malloc (in /usr/libexec/valgrind/vgpreload_memcheck-amd64-linux.so)
==268755==    by 0x561679D: CRYPTO_zalloc (in /usr/lib/x86_64-linux-gnu/libcrypto.so.3)
==268755==    by 0x53F5F69: SSL_new (in /usr/lib/x86_64-linux-gnu/libssl.so.3)
==268755==    by 0x48F901B: ??? (in /usr/lib/x86_64-linux-gnu/libmysqlclient.so.21.2.42)
==268755==    by 0x489A12C: ??? (in /usr/lib/x86_64-linux-gnu/libmysqlclient.so.21.2.42)
==268755==    by 0x489AD71: ??? (in /usr/lib/x86_64-linux-gnu/libmysqlclient.so.21.2.42)
==268755==    by 0x48A3273: ??? (in /usr/lib/x86_64-linux-gnu/libmysqlclient.so.21.2.42)
==268755==    by 0x489EF82: mysql_real_connect (in /usr/lib/x86_64-linux-gnu/libmysqlclient.so.21.2.42)
==268755==    by 0x1EC2E1: cpp_dbc::MySQL::MySQLConnection::MySQLConnection(std::__cxx11::basic_string<char, std::char_traits<char>, std::allocator<char> > const&, int, std::__cxx11::basic_string<char, std::char_traits<char>, std::allocator<char> > const&, std::__cxx11::basic_string<char, std::char_traits<char>, std::allocator<char> > const&, std::__cxx11::basic_string<char, std::char_traits<char>, std::allocator<char> > const&) (driver_mysql.cpp:624)
==268755==    by 0x1F6A72: decltype (::new ((void*)(0)) cpp_dbc::MySQL::MySQLConnection((declval<std::__cxx11::basic_string<char, std::char_traits<char>, std::allocator<char> >&>)(), (declval<int&>)(), (declval<std::__cxx11::basic_string<char, std::char_traits<char>, std::allocator<char> >&>)(), (declval<std::__cxx11::basic_string<char, std::char_traits<char>, std::allocator<char> > const&>)(), (declval<std::__cxx11::basic_string<char, std::char_traits<char>, std::allocator<char> > const&>)())) std::construct_at<cpp_dbc::MySQL::MySQLConnection, std::__cxx11::basic_string<char, std::char_traits<char>, std::allocator<char> >&, int&, std::__cxx11::basic_string<char, std::char_traits<char>, std::allocator<char> >&, std::__cxx11::basic_string<char, std::char_traits<char>, std::allocator<char> > const&, std::__cxx11::basic_string<char, std::char_traits<char>, std::allocator<char> > const&>(cpp_dbc::MySQL::MySQLConnection*, std::__cxx11::basic_string<char, std::char_traits<char>, std::allocator<char> >&, int&, std::__cxx11::basic_string<char, std::char_traits<char>, std::allocator<char> >&, std::__cxx11::basic_string<char, std::char_traits<char>, std::allocator<char> > const&, std::__cxx11::basic_string<char, std::char_traits<char>, std::allocator<char> > const&) (stl_construct.h:97)
==268755==    by 0x1F6B2E: void std::allocator_traits<std::allocator<cpp_dbc::MySQL::MySQLConnection> >::construct<cpp_dbc::MySQL::MySQLConnection, std::__cxx11::basic_string<char, std::char_traits<char>, std::allocator<char> >&, int&, std::__cxx11::basic_string<char, std::char_traits<char>, std::allocator<char> >&, std::__cxx11::basic_string<char, std::char_traits<char>, std::allocator<char> > const&, std::__cxx11::basic_string<char, std::char_traits<char>, std::allocator<char> > const&>(std::allocator<cpp_dbc::MySQL::MySQLConnection>&, cpp_dbc::MySQL::MySQLConnection*, std::__cxx11::basic_string<char, std::char_traits<char>, std::allocator<char> >&, int&, std::__cxx11::basic_string<char, std::char_traits<char>, std::allocator<char> >&, std::__cxx11::basic_string<char, std::char_traits<char>, std::allocator<char> > const&, std::__cxx11::basic_string<char, std::char_traits<char>, std::allocator<char> > const&) (alloc_traits.h:518)
==268755==    by 0x1F602C: std::_Sp_counted_ptr_inplace<cpp_dbc::MySQL::MySQLConnection, std::allocator<cpp_dbc::MySQL::MySQLConnection>, (__gnu_cxx::_Lock_policy)2>::_Sp_counted_ptr_inplace<std::__cxx11::basic_string<char, std::char_traits<char>, std::allocator<char> >&, int&, std::__cxx11::basic_string<char, std::char_traits<char>, std::allocator<char> >&, std::__cxx11::basic_string<char, std::char_traits<char>, std::allocator<char> > const&, std::__cxx11::basic_string<char, std::char_traits<char>, std::allocator<char> > const&>(std::allocator<cpp_dbc::MySQL::MySQLConnection>, std::__cxx11::basic_string<char, std::char_traits<char>, std::allocator<char> >&, int&, std::__cxx11::basic_string<char, std::char_traits<char>, std::allocator<char> >&, std::__cxx11::basic_string<char, std::char_traits<char>, std::allocator<char> > const&, std::__cxx11::basic_string<char, std::char_traits<char>, std::allocator<char> > const&) (shared_ptr_base.h:519)
==268755== 
==268755== 
==268755== 1 errors in context 9 of 253:
==268755== Invalid write of size 8
==268755==    at 0x5407EFD: ??? (in /usr/lib/x86_64-linux-gnu/libssl.so.3)
==268755==    by 0x540A71A: ??? (in /usr/lib/x86_64-linux-gnu/libssl.so.3)
==268755==    by 0x540AAE4: ??? (in /usr/lib/x86_64-linux-gnu/libssl.so.3)
==268755==    by 0x53EE266: SSL_write (in /usr/lib/x86_64-linux-gnu/libssl.so.3)
==268755==    by 0x48E228F: ??? (in /usr/lib/x86_64-linux-gnu/libmysqlclient.so.21.2.42)
==268755==    by 0x48ABA31: ??? (in /usr/lib/x86_64-linux-gnu/libmysqlclient.so.21.2.42)
==268755==    by 0x48ABFEE: ??? (in /usr/lib/x86_64-linux-gnu/libmysqlclient.so.21.2.42)
==268755==    by 0x489646D: ??? (in /usr/lib/x86_64-linux-gnu/libmysqlclient.so.21.2.42)
==268755==    by 0x4892F0B: mysql_stmt_close (in /usr/lib/x86_64-linux-gnu/libmysqlclient.so.21.2.42)
==268755==    by 0x1EA0C0: cpp_dbc::MySQL::MySQLPreparedStatement::close() (driver_mysql.cpp:298)
==268755==    by 0x1E9FCD: cpp_dbc::MySQL::MySQLPreparedStatement::~MySQLPreparedStatement() (driver_mysql.cpp:291)
==268755==    by 0x1F77E3: void std::destroy_at<cpp_dbc::MySQL::MySQLPreparedStatement>(cpp_dbc::MySQL::MySQLPreparedStatement*) (stl_construct.h:88)
==268755==  Address 0x6b11698 is 3,272 bytes inside a block of size 7,608 free'd
==268755==    at 0x484B27F: free (in /usr/libexec/valgrind/vgpreload_memcheck-amd64-linux.so)
==268755==    by 0x48E2CB5: ??? (in /usr/lib/x86_64-linux-gnu/libmysqlclient.so.21.2.42)
==268755==    by 0x489B2F8: ??? (in /usr/lib/x86_64-linux-gnu/libmysqlclient.so.21.2.42)
==268755==    by 0x4894C0C: ??? (in /usr/lib/x86_64-linux-gnu/libmysqlclient.so.21.2.42)
==268755==    by 0x4895AD1: ??? (in /usr/lib/x86_64-linux-gnu/libmysqlclient.so.21.2.42)
==268755==    by 0x4892AF9: mysql_stmt_prepare (in /usr/lib/x86_64-linux-gnu/libmysqlclient.so.21.2.42)
==268755==    by 0x1E9C58: cpp_dbc::MySQL::MySQLPreparedStatement::MySQLPreparedStatement(MYSQL*, std::__cxx11::basic_string<char, std::char_traits<char>, std::allocator<char> > const&) (driver_mysql.cpp:263)
==268755==    by 0x1F66A8: decltype (::new ((void*)(0)) cpp_dbc::MySQL::MySQLPreparedStatement((declval<MYSQL*&>)(), (declval<std::__cxx11::basic_string<char, std::char_traits<char>, std::allocator<char> > const&>)())) std::construct_at<cpp_dbc::MySQL::MySQLPreparedStatement, MYSQL*&, std::__cxx11::basic_string<char, std::char_traits<char>, std::allocator<char> > const&>(cpp_dbc::MySQL::MySQLPreparedStatement*, MYSQL*&, std::__cxx11::basic_string<char, std::char_traits<char>, std::allocator<char> > const&) (stl_construct.h:97)
==268755==    by 0x1F6724: void std::allocator_traits<std::allocator<cpp_dbc::MySQL::MySQLPreparedStatement> >::construct<cpp_dbc::MySQL::MySQLPreparedStatement, MYSQL*&, std::__cxx11::basic_string<char, std::char_traits<char>, std::allocator<char> > const&>(std::allocator<cpp_dbc::MySQL::MySQLPreparedStatement>&, cpp_dbc::MySQL::MySQLPreparedStatement*, MYSQL*&, std::__cxx11::basic_string<char, std::char_traits<char>, std::allocator<char> > const&) (alloc_traits.h:518)
==268755==    by 0x1F5C74: std::_Sp_counted_ptr_inplace<cpp_dbc::MySQL::MySQLPreparedStatement, std::allocator<cpp_dbc::MySQL::MySQLPreparedStatement>, (__gnu_cxx::_Lock_policy)2>::_Sp_counted_ptr_inplace<MYSQL*&, std::__cxx11::basic_string<char, std::char_traits<char>, std::allocator<char> > const&>(std::allocator<cpp_dbc::MySQL::MySQLPreparedStatement>, MYSQL*&, std::__cxx11::basic_string<char, std::char_traits<char>, std::allocator<char> > const&) (shared_ptr_base.h:519)
==268755==    by 0x1F4CF2: std::__shared_count<(__gnu_cxx::_Lock_policy)2>::__shared_count<cpp_dbc::MySQL::MySQLPreparedStatement, std::allocator<cpp_dbc::MySQL::MySQLPreparedStatement>, MYSQL*&, std::__cxx11::basic_string<char, std::char_traits<char>, std::allocator<char> > const&>(cpp_dbc::MySQL::MySQLPreparedStatement*&, std::_Sp_alloc_shared_tag<std::allocator<cpp_dbc::MySQL::MySQLPreparedStatement> >, MYSQL*&, std::__cxx11::basic_string<char, std::char_traits<char>, std::allocator<char> > const&) (shared_ptr_base.h:650)
==268755==    by 0x1F3D43: std::__shared_ptr<cpp_dbc::MySQL::MySQLPreparedStatement, (__gnu_cxx::_Lock_policy)2>::__shared_ptr<std::allocator<cpp_dbc::MySQL::MySQLPreparedStatement>, MYSQL*&, std::__cxx11::basic_string<char, std::char_traits<char>, std::allocator<char> > const&>(std::_Sp_alloc_shared_tag<std::allocator<cpp_dbc::MySQL::MySQLPreparedStatement> >, MYSQL*&, std::__cxx11::basic_string<char, std::char_traits<char>, std::allocator<char> > const&) (shared_ptr_base.h:1342)
==268755==  Block was alloc'd at
==268755==    at 0x4848899: malloc (in /usr/libexec/valgrind/vgpreload_memcheck-amd64-linux.so)
==268755==    by 0x561679D: CRYPTO_zalloc (in /usr/lib/x86_64-linux-gnu/libcrypto.so.3)
==268755==    by 0x53F5F69: SSL_new (in /usr/lib/x86_64-linux-gnu/libssl.so.3)
==268755==    by 0x48F901B: ??? (in /usr/lib/x86_64-linux-gnu/libmysqlclient.so.21.2.42)
==268755==    by 0x489A12C: ??? (in /usr/lib/x86_64-linux-gnu/libmysqlclient.so.21.2.42)
==268755==    by 0x489AD71: ??? (in /usr/lib/x86_64-linux-gnu/libmysqlclient.so.21.2.42)
==268755==    by 0x48A3273: ??? (in /usr/lib/x86_64-linux-gnu/libmysqlclient.so.21.2.42)
==268755==    by 0x489EF82: mysql_real_connect (in /usr/lib/x86_64-linux-gnu/libmysqlclient.so.21.2.42)
==268755==    by 0x1EC2E1: cpp_dbc::MySQL::MySQLConnection::MySQLConnection(std::__cxx11::basic_string<char, std::char_traits<char>, std::allocator<char> > const&, int, std::__cxx11::basic_string<char, std::char_traits<char>, std::allocator<char> > const&, std::__cxx11::basic_string<char, std::char_traits<char>, std::allocator<char> > const&, std::__cxx11::basic_string<char, std::char_traits<char>, std::allocator<char> > const&) (driver_mysql.cpp:624)
==268755==    by 0x1F6A72: decltype (::new ((void*)(0)) cpp_dbc::MySQL::MySQLConnection((declval<std::__cxx11::basic_string<char, std::char_traits<char>, std::allocator<char> >&>)(), (declval<int&>)(), (declval<std::__cxx11::basic_string<char, std::char_traits<char>, std::allocator<char> >&>)(), (declval<std::__cxx11::basic_string<char, std::char_traits<char>, std::allocator<char> > const&>)(), (declval<std::__cxx11::basic_string<char, std::char_traits<char>, std::allocator<char> > const&>)())) std::construct_at<cpp_dbc::MySQL::MySQLConnection, std::__cxx11::basic_string<char, std::char_traits<char>, std::allocator<char> >&, int&, std::__cxx11::basic_string<char, std::char_traits<char>, std::allocator<char> >&, std::__cxx11::basic_string<char, std::char_traits<char>, std::allocator<char> > const&, std::__cxx11::basic_string<char, std::char_traits<char>, std::allocator<char> > const&>(cpp_dbc::MySQL::MySQLConnection*, std::__cxx11::basic_string<char, std::char_traits<char>, std::allocator<char> >&, int&, std::__cxx11::basic_string<char, std::char_traits<char>, std::allocator<char> >&, std::__cxx11::basic_string<char, std::char_traits<char>, std::allocator<char> > const&, std::__cxx11::basic_string<char, std::char_traits<char>, std::allocator<char> > const&) (stl_construct.h:97)
==268755==    by 0x1F6B2E: void std::allocator_traits<std::allocator<cpp_dbc::MySQL::MySQLConnection> >::construct<cpp_dbc::MySQL::MySQLConnection, std::__cxx11::basic_string<char, std::char_traits<char>, std::allocator<char> >&, int&, std::__cxx11::basic_string<char, std::char_traits<char>, std::allocator<char> >&, std::__cxx11::basic_string<char, std::char_traits<char>, std::allocator<char> > const&, std::__cxx11::basic_string<char, std::char_traits<char>, std::allocator<char> > const&>(std::allocator<cpp_dbc::MySQL::MySQLConnection>&, cpp_dbc::MySQL::MySQLConnection*, std::__cxx11::basic_string<char, std::char_traits<char>, std::allocator<char> >&, int&, std::__cxx11::basic_string<char, std::char_traits<char>, std::allocator<char> >&, std::__cxx11::basic_string<char, std::char_traits<char>, std::allocator<char> > const&, std::__cxx11::basic_string<char, std::char_traits<char>, std::allocator<char> > const&) (alloc_traits.h:518)
==268755==    by 0x1F602C: std::_Sp_counted_ptr_inplace<cpp_dbc::MySQL::MySQLConnection, std::allocator<cpp_dbc::MySQL::MySQLConnection>, (__gnu_cxx::_Lock_policy)2>::_Sp_counted_ptr_inplace<std::__cxx11::basic_string<char, std::char_traits<char>, std::allocator<char> >&, int&, std::__cxx11::basic_string<char, std::char_traits<char>, std::allocator<char> >&, std::__cxx11::basic_string<char, std::char_traits<char>, std::allocator<char> > const&, std::__cxx11::basic_string<char, std::char_traits<char>, std::allocator<char> > const&>(std::allocator<cpp_dbc::MySQL::MySQLConnection>, std::__cxx11::basic_string<char, std::char_traits<char>, std::allocator<char> >&, int&, std::__cxx11::basic_string<char, std::char_traits<char>, std::allocator<char> >&, std::__cxx11::basic_string<char, std::char_traits<char>, std::allocator<char> > const&, std::__cxx11::basic_string<char, std::char_traits<char>, std::allocator<char> > const&) (shared_ptr_base.h:519)
==268755== 
==268755== 
==268755== 1 errors in context 10 of 253:
==268755== Invalid read of size 8
==268755==    at 0x5407EE2: ??? (in /usr/lib/x86_64-linux-gnu/libssl.so.3)
==268755==    by 0x540A71A: ??? (in /usr/lib/x86_64-linux-gnu/libssl.so.3)
==268755==    by 0x540AAE4: ??? (in /usr/lib/x86_64-linux-gnu/libssl.so.3)
==268755==    by 0x53EE266: SSL_write (in /usr/lib/x86_64-linux-gnu/libssl.so.3)
==268755==    by 0x48E228F: ??? (in /usr/lib/x86_64-linux-gnu/libmysqlclient.so.21.2.42)
==268755==    by 0x48ABA31: ??? (in /usr/lib/x86_64-linux-gnu/libmysqlclient.so.21.2.42)
==268755==    by 0x48ABFEE: ??? (in /usr/lib/x86_64-linux-gnu/libmysqlclient.so.21.2.42)
==268755==    by 0x489646D: ??? (in /usr/lib/x86_64-linux-gnu/libmysqlclient.so.21.2.42)
==268755==    by 0x4892F0B: mysql_stmt_close (in /usr/lib/x86_64-linux-gnu/libmysqlclient.so.21.2.42)
==268755==    by 0x1EA0C0: cpp_dbc::MySQL::MySQLPreparedStatement::close() (driver_mysql.cpp:298)
==268755==    by 0x1E9FCD: cpp_dbc::MySQL::MySQLPreparedStatement::~MySQLPreparedStatement() (driver_mysql.cpp:291)
==268755==    by 0x1F77E3: void std::destroy_at<cpp_dbc::MySQL::MySQLPreparedStatement>(cpp_dbc::MySQL::MySQLPreparedStatement*) (stl_construct.h:88)
==268755==  Address 0x6b11698 is 3,272 bytes inside a block of size 7,608 free'd
==268755==    at 0x484B27F: free (in /usr/libexec/valgrind/vgpreload_memcheck-amd64-linux.so)
==268755==    by 0x48E2CB5: ??? (in /usr/lib/x86_64-linux-gnu/libmysqlclient.so.21.2.42)
==268755==    by 0x489B2F8: ??? (in /usr/lib/x86_64-linux-gnu/libmysqlclient.so.21.2.42)
==268755==    by 0x4894C0C: ??? (in /usr/lib/x86_64-linux-gnu/libmysqlclient.so.21.2.42)
==268755==    by 0x4895AD1: ??? (in /usr/lib/x86_64-linux-gnu/libmysqlclient.so.21.2.42)
==268755==    by 0x4892AF9: mysql_stmt_prepare (in /usr/lib/x86_64-linux-gnu/libmysqlclient.so.21.2.42)
==268755==    by 0x1E9C58: cpp_dbc::MySQL::MySQLPreparedStatement::MySQLPreparedStatement(MYSQL*, std::__cxx11::basic_string<char, std::char_traits<char>, std::allocator<char> > const&) (driver_mysql.cpp:263)
==268755==    by 0x1F66A8: decltype (::new ((void*)(0)) cpp_dbc::MySQL::MySQLPreparedStatement((declval<MYSQL*&>)(), (declval<std::__cxx11::basic_string<char, std::char_traits<char>, std::allocator<char> > const&>)())) std::construct_at<cpp_dbc::MySQL::MySQLPreparedStatement, MYSQL*&, std::__cxx11::basic_string<char, std::char_traits<char>, std::allocator<char> > const&>(cpp_dbc::MySQL::MySQLPreparedStatement*, MYSQL*&, std::__cxx11::basic_string<char, std::char_traits<char>, std::allocator<char> > const&) (stl_construct.h:97)
==268755==    by 0x1F6724: void std::allocator_traits<std::allocator<cpp_dbc::MySQL::MySQLPreparedStatement> >::construct<cpp_dbc::MySQL::MySQLPreparedStatement, MYSQL*&, std::__cxx11::basic_string<char, std::char_traits<char>, std::allocator<char> > const&>(std::allocator<cpp_dbc::MySQL::MySQLPreparedStatement>&, cpp_dbc::MySQL::MySQLPreparedStatement*, MYSQL*&, std::__cxx11::basic_string<char, std::char_traits<char>, std::allocator<char> > const&) (alloc_traits.h:518)
==268755==    by 0x1F5C74: std::_Sp_counted_ptr_inplace<cpp_dbc::MySQL::MySQLPreparedStatement, std::allocator<cpp_dbc::MySQL::MySQLPreparedStatement>, (__gnu_cxx::_Lock_policy)2>::_Sp_counted_ptr_inplace<MYSQL*&, std::__cxx11::basic_string<char, std::char_traits<char>, std::allocator<char> > const&>(std::allocator<cpp_dbc::MySQL::MySQLPreparedStatement>, MYSQL*&, std::__cxx11::basic_string<char, std::char_traits<char>, std::allocator<char> > const&) (shared_ptr_base.h:519)
==268755==    by 0x1F4CF2: std::__shared_count<(__gnu_cxx::_Lock_policy)2>::__shared_count<cpp_dbc::MySQL::MySQLPreparedStatement, std::allocator<cpp_dbc::MySQL::MySQLPreparedStatement>, MYSQL*&, std::__cxx11::basic_string<char, std::char_traits<char>, std::allocator<char> > const&>(cpp_dbc::MySQL::MySQLPreparedStatement*&, std::_Sp_alloc_shared_tag<std::allocator<cpp_dbc::MySQL::MySQLPreparedStatement> >, MYSQL*&, std::__cxx11::basic_string<char, std::char_traits<char>, std::allocator<char> > const&) (shared_ptr_base.h:650)
==268755==    by 0x1F3D43: std::__shared_ptr<cpp_dbc::MySQL::MySQLPreparedStatement, (__gnu_cxx::_Lock_policy)2>::__shared_ptr<std::allocator<cpp_dbc::MySQL::MySQLPreparedStatement>, MYSQL*&, std::__cxx11::basic_string<char, std::char_traits<char>, std::allocator<char> > const&>(std::_Sp_alloc_shared_tag<std::allocator<cpp_dbc::MySQL::MySQLPreparedStatement> >, MYSQL*&, std::__cxx11::basic_string<char, std::char_traits<char>, std::allocator<char> > const&) (shared_ptr_base.h:1342)
==268755==  Block was alloc'd at
==268755==    at 0x4848899: malloc (in /usr/libexec/valgrind/vgpreload_memcheck-amd64-linux.so)
==268755==    by 0x561679D: CRYPTO_zalloc (in /usr/lib/x86_64-linux-gnu/libcrypto.so.3)
==268755==    by 0x53F5F69: SSL_new (in /usr/lib/x86_64-linux-gnu/libssl.so.3)
==268755==    by 0x48F901B: ??? (in /usr/lib/x86_64-linux-gnu/libmysqlclient.so.21.2.42)
==268755==    by 0x489A12C: ??? (in /usr/lib/x86_64-linux-gnu/libmysqlclient.so.21.2.42)
==268755==    by 0x489AD71: ??? (in /usr/lib/x86_64-linux-gnu/libmysqlclient.so.21.2.42)
==268755==    by 0x48A3273: ??? (in /usr/lib/x86_64-linux-gnu/libmysqlclient.so.21.2.42)
==268755==    by 0x489EF82: mysql_real_connect (in /usr/lib/x86_64-linux-gnu/libmysqlclient.so.21.2.42)
==268755==    by 0x1EC2E1: cpp_dbc::MySQL::MySQLConnection::MySQLConnection(std::__cxx11::basic_string<char, std::char_traits<char>, std::allocator<char> > const&, int, std::__cxx11::basic_string<char, std::char_traits<char>, std::allocator<char> > const&, std::__cxx11::basic_string<char, std::char_traits<char>, std::allocator<char> > const&, std::__cxx11::basic_string<char, std::char_traits<char>, std::allocator<char> > const&) (driver_mysql.cpp:624)
==268755==    by 0x1F6A72: decltype (::new ((void*)(0)) cpp_dbc::MySQL::MySQLConnection((declval<std::__cxx11::basic_string<char, std::char_traits<char>, std::allocator<char> >&>)(), (declval<int&>)(), (declval<std::__cxx11::basic_string<char, std::char_traits<char>, std::allocator<char> >&>)(), (declval<std::__cxx11::basic_string<char, std::char_traits<char>, std::allocator<char> > const&>)(), (declval<std::__cxx11::basic_string<char, std::char_traits<char>, std::allocator<char> > const&>)())) std::construct_at<cpp_dbc::MySQL::MySQLConnection, std::__cxx11::basic_string<char, std::char_traits<char>, std::allocator<char> >&, int&, std::__cxx11::basic_string<char, std::char_traits<char>, std::allocator<char> >&, std::__cxx11::basic_string<char, std::char_traits<char>, std::allocator<char> > const&, std::__cxx11::basic_string<char, std::char_traits<char>, std::allocator<char> > const&>(cpp_dbc::MySQL::MySQLConnection*, std::__cxx11::basic_string<char, std::char_traits<char>, std::allocator<char> >&, int&, std::__cxx11::basic_string<char, std::char_traits<char>, std::allocator<char> >&, std::__cxx11::basic_string<char, std::char_traits<char>, std::allocator<char> > const&, std::__cxx11::basic_string<char, std::char_traits<char>, std::allocator<char> > const&) (stl_construct.h:97)
==268755==    by 0x1F6B2E: void std::allocator_traits<std::allocator<cpp_dbc::MySQL::MySQLConnection> >::construct<cpp_dbc::MySQL::MySQLConnection, std::__cxx11::basic_string<char, std::char_traits<char>, std::allocator<char> >&, int&, std::__cxx11::basic_string<char, std::char_traits<char>, std::allocator<char> >&, std::__cxx11::basic_string<char, std::char_traits<char>, std::allocator<char> > const&, std::__cxx11::basic_string<char, std::char_traits<char>, std::allocator<char> > const&>(std::allocator<cpp_dbc::MySQL::MySQLConnection>&, cpp_dbc::MySQL::MySQLConnection*, std::__cxx11::basic_string<char, std::char_traits<char>, std::allocator<char> >&, int&, std::__cxx11::basic_string<char, std::char_traits<char>, std::allocator<char> >&, std::__cxx11::basic_string<char, std::char_traits<char>, std::allocator<char> > const&, std::__cxx11::basic_string<char, std::char_traits<char>, std::allocator<char> > const&) (alloc_traits.h:518)
==268755==    by 0x1F602C: std::_Sp_counted_ptr_inplace<cpp_dbc::MySQL::MySQLConnection, std::allocator<cpp_dbc::MySQL::MySQLConnection>, (__gnu_cxx::_Lock_policy)2>::_Sp_counted_ptr_inplace<std::__cxx11::basic_string<char, std::char_traits<char>, std::allocator<char> >&, int&, std::__cxx11::basic_string<char, std::char_traits<char>, std::allocator<char> >&, std::__cxx11::basic_string<char, std::char_traits<char>, std::allocator<char> > const&, std::__cxx11::basic_string<char, std::char_traits<char>, std::allocator<char> > const&>(std::allocator<cpp_dbc::MySQL::MySQLConnection>, std::__cxx11::basic_string<char, std::char_traits<char>, std::allocator<char> >&, int&, std::__cxx11::basic_string<char, std::char_traits<char>, std::allocator<char> >&, std::__cxx11::basic_string<char, std::char_traits<char>, std::allocator<char> > const&, std::__cxx11::basic_string<char, std::char_traits<char>, std::allocator<char> > const&) (shared_ptr_base.h:519)
==268755== 
==268755== 
==268755== 1 errors in context 11 of 253:
==268755== Invalid read of size 8
==268755==    at 0x48E321D: ??? (in /usr/lib/x86_64-linux-gnu/libmysqlclient.so.21.2.42)
==268755==    by 0x5534C56: ??? (in /usr/lib/x86_64-linux-gnu/libcrypto.so.3)
==268755==    by 0x5534D56: BIO_write (in /usr/lib/x86_64-linux-gnu/libcrypto.so.3)
==268755==    by 0x5407EDD: ??? (in /usr/lib/x86_64-linux-gnu/libssl.so.3)
==268755==    by 0x540A71A: ??? (in /usr/lib/x86_64-linux-gnu/libssl.so.3)
==268755==    by 0x540AAE4: ??? (in /usr/lib/x86_64-linux-gnu/libssl.so.3)
==268755==    by 0x53EE266: SSL_write (in /usr/lib/x86_64-linux-gnu/libssl.so.3)
==268755==    by 0x48E228F: ??? (in /usr/lib/x86_64-linux-gnu/libmysqlclient.so.21.2.42)
==268755==    by 0x48ABA31: ??? (in /usr/lib/x86_64-linux-gnu/libmysqlclient.so.21.2.42)
==268755==    by 0x48ABFEE: ??? (in /usr/lib/x86_64-linux-gnu/libmysqlclient.so.21.2.42)
==268755==    by 0x489646D: ??? (in /usr/lib/x86_64-linux-gnu/libmysqlclient.so.21.2.42)
==268755==    by 0x4892F0B: mysql_stmt_close (in /usr/lib/x86_64-linux-gnu/libmysqlclient.so.21.2.42)
==268755==  Address 0x6ad6ad0 is 992 bytes inside a block of size 1,112 free'd
==268755==    at 0x484B27F: free (in /usr/libexec/valgrind/vgpreload_memcheck-amd64-linux.so)
==268755==    by 0x489B2F8: ??? (in /usr/lib/x86_64-linux-gnu/libmysqlclient.so.21.2.42)
==268755==    by 0x4894C0C: ??? (in /usr/lib/x86_64-linux-gnu/libmysqlclient.so.21.2.42)
==268755==    by 0x4895AD1: ??? (in /usr/lib/x86_64-linux-gnu/libmysqlclient.so.21.2.42)
==268755==    by 0x4892AF9: mysql_stmt_prepare (in /usr/lib/x86_64-linux-gnu/libmysqlclient.so.21.2.42)
==268755==    by 0x1E9C58: cpp_dbc::MySQL::MySQLPreparedStatement::MySQLPreparedStatement(MYSQL*, std::__cxx11::basic_string<char, std::char_traits<char>, std::allocator<char> > const&) (driver_mysql.cpp:263)
==268755==    by 0x1F66A8: decltype (::new ((void*)(0)) cpp_dbc::MySQL::MySQLPreparedStatement((declval<MYSQL*&>)(), (declval<std::__cxx11::basic_string<char, std::char_traits<char>, std::allocator<char> > const&>)())) std::construct_at<cpp_dbc::MySQL::MySQLPreparedStatement, MYSQL*&, std::__cxx11::basic_string<char, std::char_traits<char>, std::allocator<char> > const&>(cpp_dbc::MySQL::MySQLPreparedStatement*, MYSQL*&, std::__cxx11::basic_string<char, std::char_traits<char>, std::allocator<char> > const&) (stl_construct.h:97)
==268755==    by 0x1F6724: void std::allocator_traits<std::allocator<cpp_dbc::MySQL::MySQLPreparedStatement> >::construct<cpp_dbc::MySQL::MySQLPreparedStatement, MYSQL*&, std::__cxx11::basic_string<char, std::char_traits<char>, std::allocator<char> > const&>(std::allocator<cpp_dbc::MySQL::MySQLPreparedStatement>&, cpp_dbc::MySQL::MySQLPreparedStatement*, MYSQL*&, std::__cxx11::basic_string<char, std::char_traits<char>, std::allocator<char> > const&) (alloc_traits.h:518)
==268755==    by 0x1F5C74: std::_Sp_counted_ptr_inplace<cpp_dbc::MySQL::MySQLPreparedStatement, std::allocator<cpp_dbc::MySQL::MySQLPreparedStatement>, (__gnu_cxx::_Lock_policy)2>::_Sp_counted_ptr_inplace<MYSQL*&, std::__cxx11::basic_string<char, std::char_traits<char>, std::allocator<char> > const&>(std::allocator<cpp_dbc::MySQL::MySQLPreparedStatement>, MYSQL*&, std::__cxx11::basic_string<char, std::char_traits<char>, std::allocator<char> > const&) (shared_ptr_base.h:519)
==268755==    by 0x1F4CF2: std::__shared_count<(__gnu_cxx::_Lock_policy)2>::__shared_count<cpp_dbc::MySQL::MySQLPreparedStatement, std::allocator<cpp_dbc::MySQL::MySQLPreparedStatement>, MYSQL*&, std::__cxx11::basic_string<char, std::char_traits<char>, std::allocator<char> > const&>(cpp_dbc::MySQL::MySQLPreparedStatement*&, std::_Sp_alloc_shared_tag<std::allocator<cpp_dbc::MySQL::MySQLPreparedStatement> >, MYSQL*&, std::__cxx11::basic_string<char, std::char_traits<char>, std::allocator<char> > const&) (shared_ptr_base.h:650)
==268755==    by 0x1F3D43: std::__shared_ptr<cpp_dbc::MySQL::MySQLPreparedStatement, (__gnu_cxx::_Lock_policy)2>::__shared_ptr<std::allocator<cpp_dbc::MySQL::MySQLPreparedStatement>, MYSQL*&, std::__cxx11::basic_string<char, std::char_traits<char>, std::allocator<char> > const&>(std::_Sp_alloc_shared_tag<std::allocator<cpp_dbc::MySQL::MySQLPreparedStatement> >, MYSQL*&, std::__cxx11::basic_string<char, std::char_traits<char>, std::allocator<char> > const&) (shared_ptr_base.h:1342)
==268755==    by 0x1F2BE8: std::shared_ptr<cpp_dbc::MySQL::MySQLPreparedStatement>::shared_ptr<std::allocator<cpp_dbc::MySQL::MySQLPreparedStatement>, MYSQL*&, std::__cxx11::basic_string<char, std::char_traits<char>, std::allocator<char> > const&>(std::_Sp_alloc_shared_tag<std::allocator<cpp_dbc::MySQL::MySQLPreparedStatement> >, MYSQL*&, std::__cxx11::basic_string<char, std::char_traits<char>, std::allocator<char> > const&) (shared_ptr.h:409)
==268755==  Block was alloc'd at
==268755==    at 0x4848899: malloc (in /usr/libexec/valgrind/vgpreload_memcheck-amd64-linux.so)
==268755==    by 0x48F04CF: ??? (in /usr/lib/x86_64-linux-gnu/libmysqlclient.so.21.2.42)
==268755==    by 0x48E4357: ??? (in /usr/lib/x86_64-linux-gnu/libmysqlclient.so.21.2.42)
==268755==    by 0x48A1DF1: ??? (in /usr/lib/x86_64-linux-gnu/libmysqlclient.so.21.2.42)
==268755==    by 0x48A3273: ??? (in /usr/lib/x86_64-linux-gnu/libmysqlclient.so.21.2.42)
==268755==    by 0x489EF82: mysql_real_connect (in /usr/lib/x86_64-linux-gnu/libmysqlclient.so.21.2.42)
==268755==    by 0x1EC2E1: cpp_dbc::MySQL::MySQLConnection::MySQLConnection(std::__cxx11::basic_string<char, std::char_traits<char>, std::allocator<char> > const&, int, std::__cxx11::basic_string<char, std::char_traits<char>, std::allocator<char> > const&, std::__cxx11::basic_string<char, std::char_traits<char>, std::allocator<char> > const&, std::__cxx11::basic_string<char, std::char_traits<char>, std::allocator<char> > const&) (driver_mysql.cpp:624)
==268755==    by 0x1F6A72: decltype (::new ((void*)(0)) cpp_dbc::MySQL::MySQLConnection((declval<std::__cxx11::basic_string<char, std::char_traits<char>, std::allocator<char> >&>)(), (declval<int&>)(), (declval<std::__cxx11::basic_string<char, std::char_traits<char>, std::allocator<char> >&>)(), (declval<std::__cxx11::basic_string<char, std::char_traits<char>, std::allocator<char> > const&>)(), (declval<std::__cxx11::basic_string<char, std::char_traits<char>, std::allocator<char> > const&>)())) std::construct_at<cpp_dbc::MySQL::MySQLConnection, std::__cxx11::basic_string<char, std::char_traits<char>, std::allocator<char> >&, int&, std::__cxx11::basic_string<char, std::char_traits<char>, std::allocator<char> >&, std::__cxx11::basic_string<char, std::char_traits<char>, std::allocator<char> > const&, std::__cxx11::basic_string<char, std::char_traits<char>, std::allocator<char> > const&>(cpp_dbc::MySQL::MySQLConnection*, std::__cxx11::basic_string<char, std::char_traits<char>, std::allocator<char> >&, int&, std::__cxx11::basic_string<char, std::char_traits<char>, std::allocator<char> >&, std::__cxx11::basic_string<char, std::char_traits<char>, std::allocator<char> > const&, std::__cxx11::basic_string<char, std::char_traits<char>, std::allocator<char> > const&) (stl_construct.h:97)
==268755==    by 0x1F6B2E: void std::allocator_traits<std::allocator<cpp_dbc::MySQL::MySQLConnection> >::construct<cpp_dbc::MySQL::MySQLConnection, std::__cxx11::basic_string<char, std::char_traits<char>, std::allocator<char> >&, int&, std::__cxx11::basic_string<char, std::char_traits<char>, std::allocator<char> >&, std::__cxx11::basic_string<char, std::char_traits<char>, std::allocator<char> > const&, std::__cxx11::basic_string<char, std::char_traits<char>, std::allocator<char> > const&>(std::allocator<cpp_dbc::MySQL::MySQLConnection>&, cpp_dbc::MySQL::MySQLConnection*, std::__cxx11::basic_string<char, std::char_traits<char>, std::allocator<char> >&, int&, std::__cxx11::basic_string<char, std::char_traits<char>, std::allocator<char> >&, std::__cxx11::basic_string<char, std::char_traits<char>, std::allocator<char> > const&, std::__cxx11::basic_string<char, std::char_traits<char>, std::allocator<char> > const&) (alloc_traits.h:518)
==268755==    by 0x1F602C: std::_Sp_counted_ptr_inplace<cpp_dbc::MySQL::MySQLConnection, std::allocator<cpp_dbc::MySQL::MySQLConnection>, (__gnu_cxx::_Lock_policy)2>::_Sp_counted_ptr_inplace<std::__cxx11::basic_string<char, std::char_traits<char>, std::allocator<char> >&, int&, std::__cxx11::basic_string<char, std::char_traits<char>, std::allocator<char> >&, std::__cxx11::basic_string<char, std::char_traits<char>, std::allocator<char> > const&, std::__cxx11::basic_string<char, std::char_traits<char>, std::allocator<char> > const&>(std::allocator<cpp_dbc::MySQL::MySQLConnection>, std::__cxx11::basic_string<char, std::char_traits<char>, std::allocator<char> >&, int&, std::__cxx11::basic_string<char, std::char_traits<char>, std::allocator<char> >&, std::__cxx11::basic_string<char, std::char_traits<char>, std::allocator<char> > const&, std::__cxx11::basic_string<char, std::char_traits<char>, std::allocator<char> > const&) (shared_ptr_base.h:519)
==268755==    by 0x1F4FF2: std::__shared_count<(__gnu_cxx::_Lock_policy)2>::__shared_count<cpp_dbc::MySQL::MySQLConnection, std::allocator<cpp_dbc::MySQL::MySQLConnection>, std::__cxx11::basic_string<char, std::char_traits<char>, std::allocator<char> >&, int&, std::__cxx11::basic_string<char, std::char_traits<char>, std::allocator<char> >&, std::__cxx11::basic_string<char, std::char_traits<char>, std::allocator<char> > const&, std::__cxx11::basic_string<char, std::char_traits<char>, std::allocator<char> > const&>(cpp_dbc::MySQL::MySQLConnection*&, std::_Sp_alloc_shared_tag<std::allocator<cpp_dbc::MySQL::MySQLConnection> >, std::__cxx11::basic_string<char, std::char_traits<char>, std::allocator<char> >&, int&, std::__cxx11::basic_string<char, std::char_traits<char>, std::allocator<char> >&, std::__cxx11::basic_string<char, std::char_traits<char>, std::allocator<char> > const&, std::__cxx11::basic_string<char, std::char_traits<char>, std::allocator<char> > const&) (shared_ptr_base.h:650)
==268755==    by 0x1F42B5: std::__shared_ptr<cpp_dbc::MySQL::MySQLConnection, (__gnu_cxx::_Lock_policy)2>::__shared_ptr<std::allocator<cpp_dbc::MySQL::MySQLConnection>, std::__cxx11::basic_string<char, std::char_traits<char>, std::allocator<char> >&, int&, std::__cxx11::basic_string<char, std::char_traits<char>, std::allocator<char> >&, std::__cxx11::basic_string<char, std::char_traits<char>, std::allocator<char> > const&, std::__cxx11::basic_string<char, std::char_traits<char>, std::allocator<char> > const&>(std::_Sp_alloc_shared_tag<std::allocator<cpp_dbc::MySQL::MySQLConnection> >, std::__cxx11::basic_string<char, std::char_traits<char>, std::allocator<char> >&, int&, std::__cxx11::basic_string<char, std::char_traits<char>, std::allocator<char> >&, std::__cxx11::basic_string<char, std::char_traits<char>, std::allocator<char> > const&, std::__cxx11::basic_string<char, std::char_traits<char>, std::allocator<char> > const&) (shared_ptr_base.h:1342)
==268755== 
==268755== 
==268755== 1 errors in context 12 of 253:
==268755== Invalid read of size 8
==268755==    at 0x5533414: BIO_get_callback_arg (in /usr/lib/x86_64-linux-gnu/libcrypto.so.3)
==268755==    by 0x48E321C: ??? (in /usr/lib/x86_64-linux-gnu/libmysqlclient.so.21.2.42)
==268755==    by 0x5534C56: ??? (in /usr/lib/x86_64-linux-gnu/libcrypto.so.3)
==268755==    by 0x5534D56: BIO_write (in /usr/lib/x86_64-linux-gnu/libcrypto.so.3)
==268755==    by 0x5407EDD: ??? (in /usr/lib/x86_64-linux-gnu/libssl.so.3)
==268755==    by 0x540A71A: ??? (in /usr/lib/x86_64-linux-gnu/libssl.so.3)
==268755==    by 0x540AAE4: ??? (in /usr/lib/x86_64-linux-gnu/libssl.so.3)
==268755==    by 0x53EE266: SSL_write (in /usr/lib/x86_64-linux-gnu/libssl.so.3)
==268755==    by 0x48E228F: ??? (in /usr/lib/x86_64-linux-gnu/libmysqlclient.so.21.2.42)
==268755==    by 0x48ABA31: ??? (in /usr/lib/x86_64-linux-gnu/libmysqlclient.so.21.2.42)
==268755==    by 0x48ABFEE: ??? (in /usr/lib/x86_64-linux-gnu/libmysqlclient.so.21.2.42)
==268755==    by 0x489646D: ??? (in /usr/lib/x86_64-linux-gnu/libmysqlclient.so.21.2.42)
==268755==  Address 0x6b12d10 is 32 bytes inside a block of size 136 free'd
==268755==    at 0x484B27F: free (in /usr/libexec/valgrind/vgpreload_memcheck-amd64-linux.so)
==268755==    by 0x553A8F3: BIO_free (in /usr/lib/x86_64-linux-gnu/libcrypto.so.3)
==268755==    by 0x553A95B: BIO_free_all (in /usr/lib/x86_64-linux-gnu/libcrypto.so.3)
==268755==    by 0x53F4C83: SSL_free (in /usr/lib/x86_64-linux-gnu/libssl.so.3)
==268755==    by 0x48E2CB5: ??? (in /usr/lib/x86_64-linux-gnu/libmysqlclient.so.21.2.42)
==268755==    by 0x489B2F8: ??? (in /usr/lib/x86_64-linux-gnu/libmysqlclient.so.21.2.42)
==268755==    by 0x4894C0C: ??? (in /usr/lib/x86_64-linux-gnu/libmysqlclient.so.21.2.42)
==268755==    by 0x4895AD1: ??? (in /usr/lib/x86_64-linux-gnu/libmysqlclient.so.21.2.42)
==268755==    by 0x4892AF9: mysql_stmt_prepare (in /usr/lib/x86_64-linux-gnu/libmysqlclient.so.21.2.42)
==268755==    by 0x1E9C58: cpp_dbc::MySQL::MySQLPreparedStatement::MySQLPreparedStatement(MYSQL*, std::__cxx11::basic_string<char, std::char_traits<char>, std::allocator<char> > const&) (driver_mysql.cpp:263)
==268755==    by 0x1F66A8: decltype (::new ((void*)(0)) cpp_dbc::MySQL::MySQLPreparedStatement((declval<MYSQL*&>)(), (declval<std::__cxx11::basic_string<char, std::char_traits<char>, std::allocator<char> > const&>)())) std::construct_at<cpp_dbc::MySQL::MySQLPreparedStatement, MYSQL*&, std::__cxx11::basic_string<char, std::char_traits<char>, std::allocator<char> > const&>(cpp_dbc::MySQL::MySQLPreparedStatement*, MYSQL*&, std::__cxx11::basic_string<char, std::char_traits<char>, std::allocator<char> > const&) (stl_construct.h:97)
==268755==    by 0x1F6724: void std::allocator_traits<std::allocator<cpp_dbc::MySQL::MySQLPreparedStatement> >::construct<cpp_dbc::MySQL::MySQLPreparedStatement, MYSQL*&, std::__cxx11::basic_string<char, std::char_traits<char>, std::allocator<char> > const&>(std::allocator<cpp_dbc::MySQL::MySQLPreparedStatement>&, cpp_dbc::MySQL::MySQLPreparedStatement*, MYSQL*&, std::__cxx11::basic_string<char, std::char_traits<char>, std::allocator<char> > const&) (alloc_traits.h:518)
==268755==  Block was alloc'd at
==268755==    at 0x4848899: malloc (in /usr/libexec/valgrind/vgpreload_memcheck-amd64-linux.so)
==268755==    by 0x561679D: CRYPTO_zalloc (in /usr/lib/x86_64-linux-gnu/libcrypto.so.3)
==268755==    by 0x553A9CA: BIO_new_ex (in /usr/lib/x86_64-linux-gnu/libcrypto.so.3)
==268755==    by 0x53ED34B: SSL_set_fd (in /usr/lib/x86_64-linux-gnu/libssl.so.3)
==268755==    by 0x48F907D: ??? (in /usr/lib/x86_64-linux-gnu/libmysqlclient.so.21.2.42)
==268755==    by 0x489A12C: ??? (in /usr/lib/x86_64-linux-gnu/libmysqlclient.so.21.2.42)
==268755==    by 0x489AD71: ??? (in /usr/lib/x86_64-linux-gnu/libmysqlclient.so.21.2.42)
==268755==    by 0x48A3273: ??? (in /usr/lib/x86_64-linux-gnu/libmysqlclient.so.21.2.42)
==268755==    by 0x489EF82: mysql_real_connect (in /usr/lib/x86_64-linux-gnu/libmysqlclient.so.21.2.42)
==268755==    by 0x1EC2E1: cpp_dbc::MySQL::MySQLConnection::MySQLConnection(std::__cxx11::basic_string<char, std::char_traits<char>, std::allocator<char> > const&, int, std::__cxx11::basic_string<char, std::char_traits<char>, std::allocator<char> > const&, std::__cxx11::basic_string<char, std::char_traits<char>, std::allocator<char> > const&, std::__cxx11::basic_string<char, std::char_traits<char>, std::allocator<char> > const&) (driver_mysql.cpp:624)
==268755==    by 0x1F6A72: decltype (::new ((void*)(0)) cpp_dbc::MySQL::MySQLConnection((declval<std::__cxx11::basic_string<char, std::char_traits<char>, std::allocator<char> >&>)(), (declval<int&>)(), (declval<std::__cxx11::basic_string<char, std::char_traits<char>, std::allocator<char> >&>)(), (declval<std::__cxx11::basic_string<char, std::char_traits<char>, std::allocator<char> > const&>)(), (declval<std::__cxx11::basic_string<char, std::char_traits<char>, std::allocator<char> > const&>)())) std::construct_at<cpp_dbc::MySQL::MySQLConnection, std::__cxx11::basic_string<char, std::char_traits<char>, std::allocator<char> >&, int&, std::__cxx11::basic_string<char, std::char_traits<char>, std::allocator<char> >&, std::__cxx11::basic_string<char, std::char_traits<char>, std::allocator<char> > const&, std::__cxx11::basic_string<char, std::char_traits<char>, std::allocator<char> > const&>(cpp_dbc::MySQL::MySQLConnection*, std::__cxx11::basic_string<char, std::char_traits<char>, std::allocator<char> >&, int&, std::__cxx11::basic_string<char, std::char_traits<char>, std::allocator<char> >&, std::__cxx11::basic_string<char, std::char_traits<char>, std::allocator<char> > const&, std::__cxx11::basic_string<char, std::char_traits<char>, std::allocator<char> > const&) (stl_construct.h:97)
==268755==    by 0x1F6B2E: void std::allocator_traits<std::allocator<cpp_dbc::MySQL::MySQLConnection> >::construct<cpp_dbc::MySQL::MySQLConnection, std::__cxx11::basic_string<char, std::char_traits<char>, std::allocator<char> >&, int&, std::__cxx11::basic_string<char, std::char_traits<char>, std::allocator<char> >&, std::__cxx11::basic_string<char, std::char_traits<char>, std::allocator<char> > const&, std::__cxx11::basic_string<char, std::char_traits<char>, std::allocator<char> > const&>(std::allocator<cpp_dbc::MySQL::MySQLConnection>&, cpp_dbc::MySQL::MySQLConnection*, std::__cxx11::basic_string<char, std::char_traits<char>, std::allocator<char> >&, int&, std::__cxx11::basic_string<char, std::char_traits<char>, std::allocator<char> >&, std::__cxx11::basic_string<char, std::char_traits<char>, std::allocator<char> > const&, std::__cxx11::basic_string<char, std::char_traits<char>, std::allocator<char> > const&) (alloc_traits.h:518)
==268755== 
==268755== 
==268755== 1 errors in context 13 of 253:
==268755== Invalid read of size 8
==268755==    at 0x553123F: ??? (in /usr/lib/x86_64-linux-gnu/libcrypto.so.3)
==268755==    by 0x5534C56: ??? (in /usr/lib/x86_64-linux-gnu/libcrypto.so.3)
==268755==    by 0x5534D56: BIO_write (in /usr/lib/x86_64-linux-gnu/libcrypto.so.3)
==268755==    by 0x5407EDD: ??? (in /usr/lib/x86_64-linux-gnu/libssl.so.3)
==268755==    by 0x540A71A: ??? (in /usr/lib/x86_64-linux-gnu/libssl.so.3)
==268755==    by 0x540AAE4: ??? (in /usr/lib/x86_64-linux-gnu/libssl.so.3)
==268755==    by 0x53EE266: SSL_write (in /usr/lib/x86_64-linux-gnu/libssl.so.3)
==268755==    by 0x48E228F: ??? (in /usr/lib/x86_64-linux-gnu/libmysqlclient.so.21.2.42)
==268755==    by 0x48ABA31: ??? (in /usr/lib/x86_64-linux-gnu/libmysqlclient.so.21.2.42)
==268755==    by 0x48ABFEE: ??? (in /usr/lib/x86_64-linux-gnu/libmysqlclient.so.21.2.42)
==268755==    by 0x489646D: ??? (in /usr/lib/x86_64-linux-gnu/libmysqlclient.so.21.2.42)
==268755==    by 0x4892F0B: mysql_stmt_close (in /usr/lib/x86_64-linux-gnu/libmysqlclient.so.21.2.42)
==268755==  Address 0x6b12d08 is 24 bytes inside a block of size 136 free'd
==268755==    at 0x484B27F: free (in /usr/libexec/valgrind/vgpreload_memcheck-amd64-linux.so)
==268755==    by 0x553A8F3: BIO_free (in /usr/lib/x86_64-linux-gnu/libcrypto.so.3)
==268755==    by 0x553A95B: BIO_free_all (in /usr/lib/x86_64-linux-gnu/libcrypto.so.3)
==268755==    by 0x53F4C83: SSL_free (in /usr/lib/x86_64-linux-gnu/libssl.so.3)
==268755==    by 0x48E2CB5: ??? (in /usr/lib/x86_64-linux-gnu/libmysqlclient.so.21.2.42)
==268755==    by 0x489B2F8: ??? (in /usr/lib/x86_64-linux-gnu/libmysqlclient.so.21.2.42)
==268755==    by 0x4894C0C: ??? (in /usr/lib/x86_64-linux-gnu/libmysqlclient.so.21.2.42)
==268755==    by 0x4895AD1: ??? (in /usr/lib/x86_64-linux-gnu/libmysqlclient.so.21.2.42)
==268755==    by 0x4892AF9: mysql_stmt_prepare (in /usr/lib/x86_64-linux-gnu/libmysqlclient.so.21.2.42)
==268755==    by 0x1E9C58: cpp_dbc::MySQL::MySQLPreparedStatement::MySQLPreparedStatement(MYSQL*, std::__cxx11::basic_string<char, std::char_traits<char>, std::allocator<char> > const&) (driver_mysql.cpp:263)
==268755==    by 0x1F66A8: decltype (::new ((void*)(0)) cpp_dbc::MySQL::MySQLPreparedStatement((declval<MYSQL*&>)(), (declval<std::__cxx11::basic_string<char, std::char_traits<char>, std::allocator<char> > const&>)())) std::construct_at<cpp_dbc::MySQL::MySQLPreparedStatement, MYSQL*&, std::__cxx11::basic_string<char, std::char_traits<char>, std::allocator<char> > const&>(cpp_dbc::MySQL::MySQLPreparedStatement*, MYSQL*&, std::__cxx11::basic_string<char, std::char_traits<char>, std::allocator<char> > const&) (stl_construct.h:97)
==268755==    by 0x1F6724: void std::allocator_traits<std::allocator<cpp_dbc::MySQL::MySQLPreparedStatement> >::construct<cpp_dbc::MySQL::MySQLPreparedStatement, MYSQL*&, std::__cxx11::basic_string<char, std::char_traits<char>, std::allocator<char> > const&>(std::allocator<cpp_dbc::MySQL::MySQLPreparedStatement>&, cpp_dbc::MySQL::MySQLPreparedStatement*, MYSQL*&, std::__cxx11::basic_string<char, std::char_traits<char>, std::allocator<char> > const&) (alloc_traits.h:518)
==268755==  Block was alloc'd at
==268755==    at 0x4848899: malloc (in /usr/libexec/valgrind/vgpreload_memcheck-amd64-linux.so)
==268755==    by 0x561679D: CRYPTO_zalloc (in /usr/lib/x86_64-linux-gnu/libcrypto.so.3)
==268755==    by 0x553A9CA: BIO_new_ex (in /usr/lib/x86_64-linux-gnu/libcrypto.so.3)
==268755==    by 0x53ED34B: SSL_set_fd (in /usr/lib/x86_64-linux-gnu/libssl.so.3)
==268755==    by 0x48F907D: ??? (in /usr/lib/x86_64-linux-gnu/libmysqlclient.so.21.2.42)
==268755==    by 0x489A12C: ??? (in /usr/lib/x86_64-linux-gnu/libmysqlclient.so.21.2.42)
==268755==    by 0x489AD71: ??? (in /usr/lib/x86_64-linux-gnu/libmysqlclient.so.21.2.42)
==268755==    by 0x48A3273: ??? (in /usr/lib/x86_64-linux-gnu/libmysqlclient.so.21.2.42)
==268755==    by 0x489EF82: mysql_real_connect (in /usr/lib/x86_64-linux-gnu/libmysqlclient.so.21.2.42)
==268755==    by 0x1EC2E1: cpp_dbc::MySQL::MySQLConnection::MySQLConnection(std::__cxx11::basic_string<char, std::char_traits<char>, std::allocator<char> > const&, int, std::__cxx11::basic_string<char, std::char_traits<char>, std::allocator<char> > const&, std::__cxx11::basic_string<char, std::char_traits<char>, std::allocator<char> > const&, std::__cxx11::basic_string<char, std::char_traits<char>, std::allocator<char> > const&) (driver_mysql.cpp:624)
==268755==    by 0x1F6A72: decltype (::new ((void*)(0)) cpp_dbc::MySQL::MySQLConnection((declval<std::__cxx11::basic_string<char, std::char_traits<char>, std::allocator<char> >&>)(), (declval<int&>)(), (declval<std::__cxx11::basic_string<char, std::char_traits<char>, std::allocator<char> >&>)(), (declval<std::__cxx11::basic_string<char, std::char_traits<char>, std::allocator<char> > const&>)(), (declval<std::__cxx11::basic_string<char, std::char_traits<char>, std::allocator<char> > const&>)())) std::construct_at<cpp_dbc::MySQL::MySQLConnection, std::__cxx11::basic_string<char, std::char_traits<char>, std::allocator<char> >&, int&, std::__cxx11::basic_string<char, std::char_traits<char>, std::allocator<char> >&, std::__cxx11::basic_string<char, std::char_traits<char>, std::allocator<char> > const&, std::__cxx11::basic_string<char, std::char_traits<char>, std::allocator<char> > const&>(cpp_dbc::MySQL::MySQLConnection*, std::__cxx11::basic_string<char, std::char_traits<char>, std::allocator<char> >&, int&, std::__cxx11::basic_string<char, std::char_traits<char>, std::allocator<char> >&, std::__cxx11::basic_string<char, std::char_traits<char>, std::allocator<char> > const&, std::__cxx11::basic_string<char, std::char_traits<char>, std::allocator<char> > const&) (stl_construct.h:97)
==268755==    by 0x1F6B2E: void std::allocator_traits<std::allocator<cpp_dbc::MySQL::MySQLConnection> >::construct<cpp_dbc::MySQL::MySQLConnection, std::__cxx11::basic_string<char, std::char_traits<char>, std::allocator<char> >&, int&, std::__cxx11::basic_string<char, std::char_traits<char>, std::allocator<char> >&, std::__cxx11::basic_string<char, std::char_traits<char>, std::allocator<char> > const&, std::__cxx11::basic_string<char, std::char_traits<char>, std::allocator<char> > const&>(std::allocator<cpp_dbc::MySQL::MySQLConnection>&, cpp_dbc::MySQL::MySQLConnection*, std::__cxx11::basic_string<char, std::char_traits<char>, std::allocator<char> >&, int&, std::__cxx11::basic_string<char, std::char_traits<char>, std::allocator<char> >&, std::__cxx11::basic_string<char, std::char_traits<char>, std::allocator<char> > const&, std::__cxx11::basic_string<char, std::char_traits<char>, std::allocator<char> > const&) (alloc_traits.h:518)
==268755== 
==268755== 
==268755== 1 errors in context 14 of 253:
==268755== Invalid read of size 8
==268755==    at 0x5534CA0: ??? (in /usr/lib/x86_64-linux-gnu/libcrypto.so.3)
==268755==    by 0x5534D56: BIO_write (in /usr/lib/x86_64-linux-gnu/libcrypto.so.3)
==268755==    by 0x5407EDD: ??? (in /usr/lib/x86_64-linux-gnu/libssl.so.3)
==268755==    by 0x540A71A: ??? (in /usr/lib/x86_64-linux-gnu/libssl.so.3)
==268755==    by 0x540AAE4: ??? (in /usr/lib/x86_64-linux-gnu/libssl.so.3)
==268755==    by 0x53EE266: SSL_write (in /usr/lib/x86_64-linux-gnu/libssl.so.3)
==268755==    by 0x48E228F: ??? (in /usr/lib/x86_64-linux-gnu/libmysqlclient.so.21.2.42)
==268755==    by 0x48ABA31: ??? (in /usr/lib/x86_64-linux-gnu/libmysqlclient.so.21.2.42)
==268755==    by 0x48ABFEE: ??? (in /usr/lib/x86_64-linux-gnu/libmysqlclient.so.21.2.42)
==268755==    by 0x489646D: ??? (in /usr/lib/x86_64-linux-gnu/libmysqlclient.so.21.2.42)
==268755==    by 0x4892F0B: mysql_stmt_close (in /usr/lib/x86_64-linux-gnu/libmysqlclient.so.21.2.42)
==268755==    by 0x1EA0C0: cpp_dbc::MySQL::MySQLPreparedStatement::close() (driver_mysql.cpp:298)
==268755==  Address 0x6b12d08 is 24 bytes inside a block of size 136 free'd
==268755==    at 0x484B27F: free (in /usr/libexec/valgrind/vgpreload_memcheck-amd64-linux.so)
==268755==    by 0x553A8F3: BIO_free (in /usr/lib/x86_64-linux-gnu/libcrypto.so.3)
==268755==    by 0x553A95B: BIO_free_all (in /usr/lib/x86_64-linux-gnu/libcrypto.so.3)
==268755==    by 0x53F4C83: SSL_free (in /usr/lib/x86_64-linux-gnu/libssl.so.3)
==268755==    by 0x48E2CB5: ??? (in /usr/lib/x86_64-linux-gnu/libmysqlclient.so.21.2.42)
==268755==    by 0x489B2F8: ??? (in /usr/lib/x86_64-linux-gnu/libmysqlclient.so.21.2.42)
==268755==    by 0x4894C0C: ??? (in /usr/lib/x86_64-linux-gnu/libmysqlclient.so.21.2.42)
==268755==    by 0x4895AD1: ??? (in /usr/lib/x86_64-linux-gnu/libmysqlclient.so.21.2.42)
==268755==    by 0x4892AF9: mysql_stmt_prepare (in /usr/lib/x86_64-linux-gnu/libmysqlclient.so.21.2.42)
==268755==    by 0x1E9C58: cpp_dbc::MySQL::MySQLPreparedStatement::MySQLPreparedStatement(MYSQL*, std::__cxx11::basic_string<char, std::char_traits<char>, std::allocator<char> > const&) (driver_mysql.cpp:263)
==268755==    by 0x1F66A8: decltype (::new ((void*)(0)) cpp_dbc::MySQL::MySQLPreparedStatement((declval<MYSQL*&>)(), (declval<std::__cxx11::basic_string<char, std::char_traits<char>, std::allocator<char> > const&>)())) std::construct_at<cpp_dbc::MySQL::MySQLPreparedStatement, MYSQL*&, std::__cxx11::basic_string<char, std::char_traits<char>, std::allocator<char> > const&>(cpp_dbc::MySQL::MySQLPreparedStatement*, MYSQL*&, std::__cxx11::basic_string<char, std::char_traits<char>, std::allocator<char> > const&) (stl_construct.h:97)
==268755==    by 0x1F6724: void std::allocator_traits<std::allocator<cpp_dbc::MySQL::MySQLPreparedStatement> >::construct<cpp_dbc::MySQL::MySQLPreparedStatement, MYSQL*&, std::__cxx11::basic_string<char, std::char_traits<char>, std::allocator<char> > const&>(std::allocator<cpp_dbc::MySQL::MySQLPreparedStatement>&, cpp_dbc::MySQL::MySQLPreparedStatement*, MYSQL*&, std::__cxx11::basic_string<char, std::char_traits<char>, std::allocator<char> > const&) (alloc_traits.h:518)
==268755==  Block was alloc'd at
==268755==    at 0x4848899: malloc (in /usr/libexec/valgrind/vgpreload_memcheck-amd64-linux.so)
==268755==    by 0x561679D: CRYPTO_zalloc (in /usr/lib/x86_64-linux-gnu/libcrypto.so.3)
==268755==    by 0x553A9CA: BIO_new_ex (in /usr/lib/x86_64-linux-gnu/libcrypto.so.3)
==268755==    by 0x53ED34B: SSL_set_fd (in /usr/lib/x86_64-linux-gnu/libssl.so.3)
==268755==    by 0x48F907D: ??? (in /usr/lib/x86_64-linux-gnu/libmysqlclient.so.21.2.42)
==268755==    by 0x489A12C: ??? (in /usr/lib/x86_64-linux-gnu/libmysqlclient.so.21.2.42)
==268755==    by 0x489AD71: ??? (in /usr/lib/x86_64-linux-gnu/libmysqlclient.so.21.2.42)
==268755==    by 0x48A3273: ??? (in /usr/lib/x86_64-linux-gnu/libmysqlclient.so.21.2.42)
==268755==    by 0x489EF82: mysql_real_connect (in /usr/lib/x86_64-linux-gnu/libmysqlclient.so.21.2.42)
==268755==    by 0x1EC2E1: cpp_dbc::MySQL::MySQLConnection::MySQLConnection(std::__cxx11::basic_string<char, std::char_traits<char>, std::allocator<char> > const&, int, std::__cxx11::basic_string<char, std::char_traits<char>, std::allocator<char> > const&, std::__cxx11::basic_string<char, std::char_traits<char>, std::allocator<char> > const&, std::__cxx11::basic_string<char, std::char_traits<char>, std::allocator<char> > const&) (driver_mysql.cpp:624)
==268755==    by 0x1F6A72: decltype (::new ((void*)(0)) cpp_dbc::MySQL::MySQLConnection((declval<std::__cxx11::basic_string<char, std::char_traits<char>, std::allocator<char> >&>)(), (declval<int&>)(), (declval<std::__cxx11::basic_string<char, std::char_traits<char>, std::allocator<char> >&>)(), (declval<std::__cxx11::basic_string<char, std::char_traits<char>, std::allocator<char> > const&>)(), (declval<std::__cxx11::basic_string<char, std::char_traits<char>, std::allocator<char> > const&>)())) std::construct_at<cpp_dbc::MySQL::MySQLConnection, std::__cxx11::basic_string<char, std::char_traits<char>, std::allocator<char> >&, int&, std::__cxx11::basic_string<char, std::char_traits<char>, std::allocator<char> >&, std::__cxx11::basic_string<char, std::char_traits<char>, std::allocator<char> > const&, std::__cxx11::basic_string<char, std::char_traits<char>, std::allocator<char> > const&>(cpp_dbc::MySQL::MySQLConnection*, std::__cxx11::basic_string<char, std::char_traits<char>, std::allocator<char> >&, int&, std::__cxx11::basic_string<char, std::char_traits<char>, std::allocator<char> >&, std::__cxx11::basic_string<char, std::char_traits<char>, std::allocator<char> > const&, std::__cxx11::basic_string<char, std::char_traits<char>, std::allocator<char> > const&) (stl_construct.h:97)
==268755==    by 0x1F6B2E: void std::allocator_traits<std::allocator<cpp_dbc::MySQL::MySQLConnection> >::construct<cpp_dbc::MySQL::MySQLConnection, std::__cxx11::basic_string<char, std::char_traits<char>, std::allocator<char> >&, int&, std::__cxx11::basic_string<char, std::char_traits<char>, std::allocator<char> >&, std::__cxx11::basic_string<char, std::char_traits<char>, std::allocator<char> > const&, std::__cxx11::basic_string<char, std::char_traits<char>, std::allocator<char> > const&>(std::allocator<cpp_dbc::MySQL::MySQLConnection>&, cpp_dbc::MySQL::MySQLConnection*, std::__cxx11::basic_string<char, std::char_traits<char>, std::allocator<char> >&, int&, std::__cxx11::basic_string<char, std::char_traits<char>, std::allocator<char> >&, std::__cxx11::basic_string<char, std::char_traits<char>, std::allocator<char> > const&, std::__cxx11::basic_string<char, std::char_traits<char>, std::allocator<char> > const&) (alloc_traits.h:518)
==268755== 
==268755== 
==268755== 1 errors in context 15 of 253:
==268755== Invalid read of size 8
==268755==    at 0x5534C32: ??? (in /usr/lib/x86_64-linux-gnu/libcrypto.so.3)
==268755==    by 0x5534D56: BIO_write (in /usr/lib/x86_64-linux-gnu/libcrypto.so.3)
==268755==    by 0x5407EDD: ??? (in /usr/lib/x86_64-linux-gnu/libssl.so.3)
==268755==    by 0x540A71A: ??? (in /usr/lib/x86_64-linux-gnu/libssl.so.3)
==268755==    by 0x540AAE4: ??? (in /usr/lib/x86_64-linux-gnu/libssl.so.3)
==268755==    by 0x53EE266: SSL_write (in /usr/lib/x86_64-linux-gnu/libssl.so.3)
==268755==    by 0x48E228F: ??? (in /usr/lib/x86_64-linux-gnu/libmysqlclient.so.21.2.42)
==268755==    by 0x48ABA31: ??? (in /usr/lib/x86_64-linux-gnu/libmysqlclient.so.21.2.42)
==268755==    by 0x48ABFEE: ??? (in /usr/lib/x86_64-linux-gnu/libmysqlclient.so.21.2.42)
==268755==    by 0x489646D: ??? (in /usr/lib/x86_64-linux-gnu/libmysqlclient.so.21.2.42)
==268755==    by 0x4892F0B: mysql_stmt_close (in /usr/lib/x86_64-linux-gnu/libmysqlclient.so.21.2.42)
==268755==    by 0x1EA0C0: cpp_dbc::MySQL::MySQLPreparedStatement::close() (driver_mysql.cpp:298)
==268755==  Address 0x6b12d00 is 16 bytes inside a block of size 136 free'd
==268755==    at 0x484B27F: free (in /usr/libexec/valgrind/vgpreload_memcheck-amd64-linux.so)
==268755==    by 0x553A8F3: BIO_free (in /usr/lib/x86_64-linux-gnu/libcrypto.so.3)
==268755==    by 0x553A95B: BIO_free_all (in /usr/lib/x86_64-linux-gnu/libcrypto.so.3)
==268755==    by 0x53F4C83: SSL_free (in /usr/lib/x86_64-linux-gnu/libssl.so.3)
==268755==    by 0x48E2CB5: ??? (in /usr/lib/x86_64-linux-gnu/libmysqlclient.so.21.2.42)
==268755==    by 0x489B2F8: ??? (in /usr/lib/x86_64-linux-gnu/libmysqlclient.so.21.2.42)
==268755==    by 0x4894C0C: ??? (in /usr/lib/x86_64-linux-gnu/libmysqlclient.so.21.2.42)
==268755==    by 0x4895AD1: ??? (in /usr/lib/x86_64-linux-gnu/libmysqlclient.so.21.2.42)
==268755==    by 0x4892AF9: mysql_stmt_prepare (in /usr/lib/x86_64-linux-gnu/libmysqlclient.so.21.2.42)
==268755==    by 0x1E9C58: cpp_dbc::MySQL::MySQLPreparedStatement::MySQLPreparedStatement(MYSQL*, std::__cxx11::basic_string<char, std::char_traits<char>, std::allocator<char> > const&) (driver_mysql.cpp:263)
==268755==    by 0x1F66A8: decltype (::new ((void*)(0)) cpp_dbc::MySQL::MySQLPreparedStatement((declval<MYSQL*&>)(), (declval<std::__cxx11::basic_string<char, std::char_traits<char>, std::allocator<char> > const&>)())) std::construct_at<cpp_dbc::MySQL::MySQLPreparedStatement, MYSQL*&, std::__cxx11::basic_string<char, std::char_traits<char>, std::allocator<char> > const&>(cpp_dbc::MySQL::MySQLPreparedStatement*, MYSQL*&, std::__cxx11::basic_string<char, std::char_traits<char>, std::allocator<char> > const&) (stl_construct.h:97)
==268755==    by 0x1F6724: void std::allocator_traits<std::allocator<cpp_dbc::MySQL::MySQLPreparedStatement> >::construct<cpp_dbc::MySQL::MySQLPreparedStatement, MYSQL*&, std::__cxx11::basic_string<char, std::char_traits<char>, std::allocator<char> > const&>(std::allocator<cpp_dbc::MySQL::MySQLPreparedStatement>&, cpp_dbc::MySQL::MySQLPreparedStatement*, MYSQL*&, std::__cxx11::basic_string<char, std::char_traits<char>, std::allocator<char> > const&) (alloc_traits.h:518)
==268755==  Block was alloc'd at
==268755==    at 0x4848899: malloc (in /usr/libexec/valgrind/vgpreload_memcheck-amd64-linux.so)
==268755==    by 0x561679D: CRYPTO_zalloc (in /usr/lib/x86_64-linux-gnu/libcrypto.so.3)
==268755==    by 0x553A9CA: BIO_new_ex (in /usr/lib/x86_64-linux-gnu/libcrypto.so.3)
==268755==    by 0x53ED34B: SSL_set_fd (in /usr/lib/x86_64-linux-gnu/libssl.so.3)
==268755==    by 0x48F907D: ??? (in /usr/lib/x86_64-linux-gnu/libmysqlclient.so.21.2.42)
==268755==    by 0x489A12C: ??? (in /usr/lib/x86_64-linux-gnu/libmysqlclient.so.21.2.42)
==268755==    by 0x489AD71: ??? (in /usr/lib/x86_64-linux-gnu/libmysqlclient.so.21.2.42)
==268755==    by 0x48A3273: ??? (in /usr/lib/x86_64-linux-gnu/libmysqlclient.so.21.2.42)
==268755==    by 0x489EF82: mysql_real_connect (in /usr/lib/x86_64-linux-gnu/libmysqlclient.so.21.2.42)
==268755==    by 0x1EC2E1: cpp_dbc::MySQL::MySQLConnection::MySQLConnection(std::__cxx11::basic_string<char, std::char_traits<char>, std::allocator<char> > const&, int, std::__cxx11::basic_string<char, std::char_traits<char>, std::allocator<char> > const&, std::__cxx11::basic_string<char, std::char_traits<char>, std::allocator<char> > const&, std::__cxx11::basic_string<char, std::char_traits<char>, std::allocator<char> > const&) (driver_mysql.cpp:624)
==268755==    by 0x1F6A72: decltype (::new ((void*)(0)) cpp_dbc::MySQL::MySQLConnection((declval<std::__cxx11::basic_string<char, std::char_traits<char>, std::allocator<char> >&>)(), (declval<int&>)(), (declval<std::__cxx11::basic_string<char, std::char_traits<char>, std::allocator<char> >&>)(), (declval<std::__cxx11::basic_string<char, std::char_traits<char>, std::allocator<char> > const&>)(), (declval<std::__cxx11::basic_string<char, std::char_traits<char>, std::allocator<char> > const&>)())) std::construct_at<cpp_dbc::MySQL::MySQLConnection, std::__cxx11::basic_string<char, std::char_traits<char>, std::allocator<char> >&, int&, std::__cxx11::basic_string<char, std::char_traits<char>, std::allocator<char> >&, std::__cxx11::basic_string<char, std::char_traits<char>, std::allocator<char> > const&, std::__cxx11::basic_string<char, std::char_traits<char>, std::allocator<char> > const&>(cpp_dbc::MySQL::MySQLConnection*, std::__cxx11::basic_string<char, std::char_traits<char>, std::allocator<char> >&, int&, std::__cxx11::basic_string<char, std::char_traits<char>, std::allocator<char> >&, std::__cxx11::basic_string<char, std::char_traits<char>, std::allocator<char> > const&, std::__cxx11::basic_string<char, std::char_traits<char>, std::allocator<char> > const&) (stl_construct.h:97)
==268755==    by 0x1F6B2E: void std::allocator_traits<std::allocator<cpp_dbc::MySQL::MySQLConnection> >::construct<cpp_dbc::MySQL::MySQLConnection, std::__cxx11::basic_string<char, std::char_traits<char>, std::allocator<char> >&, int&, std::__cxx11::basic_string<char, std::char_traits<char>, std::allocator<char> >&, std::__cxx11::basic_string<char, std::char_traits<char>, std::allocator<char> > const&, std::__cxx11::basic_string<char, std::char_traits<char>, std::allocator<char> > const&>(std::allocator<cpp_dbc::MySQL::MySQLConnection>&, cpp_dbc::MySQL::MySQLConnection*, std::__cxx11::basic_string<char, std::char_traits<char>, std::allocator<char> >&, int&, std::__cxx11::basic_string<char, std::char_traits<char>, std::allocator<char> >&, std::__cxx11::basic_string<char, std::char_traits<char>, std::allocator<char> > const&, std::__cxx11::basic_string<char, std::char_traits<char>, std::allocator<char> > const&) (alloc_traits.h:518)
==268755== 
==268755== 
==268755== 2 errors in context 16 of 253:
==268755== Invalid read of size 8
==268755==    at 0x5407EF9: ??? (in /usr/lib/x86_64-linux-gnu/libssl.so.3)
==268755==    by 0x540A71A: ??? (in /usr/lib/x86_64-linux-gnu/libssl.so.3)
==268755==    by 0x540AAE4: ??? (in /usr/lib/x86_64-linux-gnu/libssl.so.3)
==268755==    by 0x53EE266: SSL_write (in /usr/lib/x86_64-linux-gnu/libssl.so.3)
==268755==    by 0x48E228F: ??? (in /usr/lib/x86_64-linux-gnu/libmysqlclient.so.21.2.42)
==268755==    by 0x48ABA31: ??? (in /usr/lib/x86_64-linux-gnu/libmysqlclient.so.21.2.42)
==268755==    by 0x48ABFEE: ??? (in /usr/lib/x86_64-linux-gnu/libmysqlclient.so.21.2.42)
==268755==    by 0x489646D: ??? (in /usr/lib/x86_64-linux-gnu/libmysqlclient.so.21.2.42)
==268755==    by 0x4892F0B: mysql_stmt_close (in /usr/lib/x86_64-linux-gnu/libmysqlclient.so.21.2.42)
==268755==    by 0x1EA0C0: cpp_dbc::MySQL::MySQLPreparedStatement::close() (driver_mysql.cpp:298)
==268755==    by 0x1E9FCD: cpp_dbc::MySQL::MySQLPreparedStatement::~MySQLPreparedStatement() (driver_mysql.cpp:291)
==268755==    by 0x1F77E3: void std::destroy_at<cpp_dbc::MySQL::MySQLPreparedStatement>(cpp_dbc::MySQL::MySQLPreparedStatement*) (stl_construct.h:88)
==268755==  Address 0x6b11690 is 3,264 bytes inside a block of size 7,608 free'd
==268755==    at 0x484B27F: free (in /usr/libexec/valgrind/vgpreload_memcheck-amd64-linux.so)
==268755==    by 0x48E2CB5: ??? (in /usr/lib/x86_64-linux-gnu/libmysqlclient.so.21.2.42)
==268755==    by 0x489B2F8: ??? (in /usr/lib/x86_64-linux-gnu/libmysqlclient.so.21.2.42)
==268755==    by 0x4894C0C: ??? (in /usr/lib/x86_64-linux-gnu/libmysqlclient.so.21.2.42)
==268755==    by 0x4895AD1: ??? (in /usr/lib/x86_64-linux-gnu/libmysqlclient.so.21.2.42)
==268755==    by 0x4892AF9: mysql_stmt_prepare (in /usr/lib/x86_64-linux-gnu/libmysqlclient.so.21.2.42)
==268755==    by 0x1E9C58: cpp_dbc::MySQL::MySQLPreparedStatement::MySQLPreparedStatement(MYSQL*, std::__cxx11::basic_string<char, std::char_traits<char>, std::allocator<char> > const&) (driver_mysql.cpp:263)
==268755==    by 0x1F66A8: decltype (::new ((void*)(0)) cpp_dbc::MySQL::MySQLPreparedStatement((declval<MYSQL*&>)(), (declval<std::__cxx11::basic_string<char, std::char_traits<char>, std::allocator<char> > const&>)())) std::construct_at<cpp_dbc::MySQL::MySQLPreparedStatement, MYSQL*&, std::__cxx11::basic_string<char, std::char_traits<char>, std::allocator<char> > const&>(cpp_dbc::MySQL::MySQLPreparedStatement*, MYSQL*&, std::__cxx11::basic_string<char, std::char_traits<char>, std::allocator<char> > const&) (stl_construct.h:97)
==268755==    by 0x1F6724: void std::allocator_traits<std::allocator<cpp_dbc::MySQL::MySQLPreparedStatement> >::construct<cpp_dbc::MySQL::MySQLPreparedStatement, MYSQL*&, std::__cxx11::basic_string<char, std::char_traits<char>, std::allocator<char> > const&>(std::allocator<cpp_dbc::MySQL::MySQLPreparedStatement>&, cpp_dbc::MySQL::MySQLPreparedStatement*, MYSQL*&, std::__cxx11::basic_string<char, std::char_traits<char>, std::allocator<char> > const&) (alloc_traits.h:518)
==268755==    by 0x1F5C74: std::_Sp_counted_ptr_inplace<cpp_dbc::MySQL::MySQLPreparedStatement, std::allocator<cpp_dbc::MySQL::MySQLPreparedStatement>, (__gnu_cxx::_Lock_policy)2>::_Sp_counted_ptr_inplace<MYSQL*&, std::__cxx11::basic_string<char, std::char_traits<char>, std::allocator<char> > const&>(std::allocator<cpp_dbc::MySQL::MySQLPreparedStatement>, MYSQL*&, std::__cxx11::basic_string<char, std::char_traits<char>, std::allocator<char> > const&) (shared_ptr_base.h:519)
==268755==    by 0x1F4CF2: std::__shared_count<(__gnu_cxx::_Lock_policy)2>::__shared_count<cpp_dbc::MySQL::MySQLPreparedStatement, std::allocator<cpp_dbc::MySQL::MySQLPreparedStatement>, MYSQL*&, std::__cxx11::basic_string<char, std::char_traits<char>, std::allocator<char> > const&>(cpp_dbc::MySQL::MySQLPreparedStatement*&, std::_Sp_alloc_shared_tag<std::allocator<cpp_dbc::MySQL::MySQLPreparedStatement> >, MYSQL*&, std::__cxx11::basic_string<char, std::char_traits<char>, std::allocator<char> > const&) (shared_ptr_base.h:650)
==268755==    by 0x1F3D43: std::__shared_ptr<cpp_dbc::MySQL::MySQLPreparedStatement, (__gnu_cxx::_Lock_policy)2>::__shared_ptr<std::allocator<cpp_dbc::MySQL::MySQLPreparedStatement>, MYSQL*&, std::__cxx11::basic_string<char, std::char_traits<char>, std::allocator<char> > const&>(std::_Sp_alloc_shared_tag<std::allocator<cpp_dbc::MySQL::MySQLPreparedStatement> >, MYSQL*&, std::__cxx11::basic_string<char, std::char_traits<char>, std::allocator<char> > const&) (shared_ptr_base.h:1342)
==268755==  Block was alloc'd at
==268755==    at 0x4848899: malloc (in /usr/libexec/valgrind/vgpreload_memcheck-amd64-linux.so)
==268755==    by 0x561679D: CRYPTO_zalloc (in /usr/lib/x86_64-linux-gnu/libcrypto.so.3)
==268755==    by 0x53F5F69: SSL_new (in /usr/lib/x86_64-linux-gnu/libssl.so.3)
==268755==    by 0x48F901B: ??? (in /usr/lib/x86_64-linux-gnu/libmysqlclient.so.21.2.42)
==268755==    by 0x489A12C: ??? (in /usr/lib/x86_64-linux-gnu/libmysqlclient.so.21.2.42)
==268755==    by 0x489AD71: ??? (in /usr/lib/x86_64-linux-gnu/libmysqlclient.so.21.2.42)
==268755==    by 0x48A3273: ??? (in /usr/lib/x86_64-linux-gnu/libmysqlclient.so.21.2.42)
==268755==    by 0x489EF82: mysql_real_connect (in /usr/lib/x86_64-linux-gnu/libmysqlclient.so.21.2.42)
==268755==    by 0x1EC2E1: cpp_dbc::MySQL::MySQLConnection::MySQLConnection(std::__cxx11::basic_string<char, std::char_traits<char>, std::allocator<char> > const&, int, std::__cxx11::basic_string<char, std::char_traits<char>, std::allocator<char> > const&, std::__cxx11::basic_string<char, std::char_traits<char>, std::allocator<char> > const&, std::__cxx11::basic_string<char, std::char_traits<char>, std::allocator<char> > const&) (driver_mysql.cpp:624)
==268755==    by 0x1F6A72: decltype (::new ((void*)(0)) cpp_dbc::MySQL::MySQLConnection((declval<std::__cxx11::basic_string<char, std::char_traits<char>, std::allocator<char> >&>)(), (declval<int&>)(), (declval<std::__cxx11::basic_string<char, std::char_traits<char>, std::allocator<char> >&>)(), (declval<std::__cxx11::basic_string<char, std::char_traits<char>, std::allocator<char> > const&>)(), (declval<std::__cxx11::basic_string<char, std::char_traits<char>, std::allocator<char> > const&>)())) std::construct_at<cpp_dbc::MySQL::MySQLConnection, std::__cxx11::basic_string<char, std::char_traits<char>, std::allocator<char> >&, int&, std::__cxx11::basic_string<char, std::char_traits<char>, std::allocator<char> >&, std::__cxx11::basic_string<char, std::char_traits<char>, std::allocator<char> > const&, std::__cxx11::basic_string<char, std::char_traits<char>, std::allocator<char> > const&>(cpp_dbc::MySQL::MySQLConnection*, std::__cxx11::basic_string<char, std::char_traits<char>, std::allocator<char> >&, int&, std::__cxx11::basic_string<char, std::char_traits<char>, std::allocator<char> >&, std::__cxx11::basic_string<char, std::char_traits<char>, std::allocator<char> > const&, std::__cxx11::basic_string<char, std::char_traits<char>, std::allocator<char> > const&) (stl_construct.h:97)
==268755==    by 0x1F6B2E: void std::allocator_traits<std::allocator<cpp_dbc::MySQL::MySQLConnection> >::construct<cpp_dbc::MySQL::MySQLConnection, std::__cxx11::basic_string<char, std::char_traits<char>, std::allocator<char> >&, int&, std::__cxx11::basic_string<char, std::char_traits<char>, std::allocator<char> >&, std::__cxx11::basic_string<char, std::char_traits<char>, std::allocator<char> > const&, std::__cxx11::basic_string<char, std::char_traits<char>, std::allocator<char> > const&>(std::allocator<cpp_dbc::MySQL::MySQLConnection>&, cpp_dbc::MySQL::MySQLConnection*, std::__cxx11::basic_string<char, std::char_traits<char>, std::allocator<char> >&, int&, std::__cxx11::basic_string<char, std::char_traits<char>, std::allocator<char> >&, std::__cxx11::basic_string<char, std::char_traits<char>, std::allocator<char> > const&, std::__cxx11::basic_string<char, std::char_traits<char>, std::allocator<char> > const&) (alloc_traits.h:518)
==268755==    by 0x1F602C: std::_Sp_counted_ptr_inplace<cpp_dbc::MySQL::MySQLConnection, std::allocator<cpp_dbc::MySQL::MySQLConnection>, (__gnu_cxx::_Lock_policy)2>::_Sp_counted_ptr_inplace<std::__cxx11::basic_string<char, std::char_traits<char>, std::allocator<char> >&, int&, std::__cxx11::basic_string<char, std::char_traits<char>, std::allocator<char> >&, std::__cxx11::basic_string<char, std::char_traits<char>, std::allocator<char> > const&, std::__cxx11::basic_string<char, std::char_traits<char>, std::allocator<char> > const&>(std::allocator<cpp_dbc::MySQL::MySQLConnection>, std::__cxx11::basic_string<char, std::char_traits<char>, std::allocator<char> >&, int&, std::__cxx11::basic_string<char, std::char_traits<char>, std::allocator<char> >&, std::__cxx11::basic_string<char, std::char_traits<char>, std::allocator<char> > const&, std::__cxx11::basic_string<char, std::char_traits<char>, std::allocator<char> > const&) (shared_ptr_base.h:519)
==268755== 
==268755== 
==268755== 2 errors in context 17 of 253:
==268755== Invalid read of size 8
==268755==    at 0x5534C2E: ??? (in /usr/lib/x86_64-linux-gnu/libcrypto.so.3)
==268755==    by 0x5534D56: BIO_write (in /usr/lib/x86_64-linux-gnu/libcrypto.so.3)
==268755==    by 0x5407EDD: ??? (in /usr/lib/x86_64-linux-gnu/libssl.so.3)
==268755==    by 0x540A71A: ??? (in /usr/lib/x86_64-linux-gnu/libssl.so.3)
==268755==    by 0x540AAE4: ??? (in /usr/lib/x86_64-linux-gnu/libssl.so.3)
==268755==    by 0x53EE266: SSL_write (in /usr/lib/x86_64-linux-gnu/libssl.so.3)
==268755==    by 0x48E228F: ??? (in /usr/lib/x86_64-linux-gnu/libmysqlclient.so.21.2.42)
==268755==    by 0x48ABA31: ??? (in /usr/lib/x86_64-linux-gnu/libmysqlclient.so.21.2.42)
==268755==    by 0x48ABFEE: ??? (in /usr/lib/x86_64-linux-gnu/libmysqlclient.so.21.2.42)
==268755==    by 0x489646D: ??? (in /usr/lib/x86_64-linux-gnu/libmysqlclient.so.21.2.42)
==268755==    by 0x4892F0B: mysql_stmt_close (in /usr/lib/x86_64-linux-gnu/libmysqlclient.so.21.2.42)
==268755==    by 0x1EA0C0: cpp_dbc::MySQL::MySQLPreparedStatement::close() (driver_mysql.cpp:298)
==268755==  Address 0x6b12d58 is 104 bytes inside a block of size 136 free'd
==268755==    at 0x484B27F: free (in /usr/libexec/valgrind/vgpreload_memcheck-amd64-linux.so)
==268755==    by 0x553A8F3: BIO_free (in /usr/lib/x86_64-linux-gnu/libcrypto.so.3)
==268755==    by 0x553A95B: BIO_free_all (in /usr/lib/x86_64-linux-gnu/libcrypto.so.3)
==268755==    by 0x53F4C83: SSL_free (in /usr/lib/x86_64-linux-gnu/libssl.so.3)
==268755==    by 0x48E2CB5: ??? (in /usr/lib/x86_64-linux-gnu/libmysqlclient.so.21.2.42)
==268755==    by 0x489B2F8: ??? (in /usr/lib/x86_64-linux-gnu/libmysqlclient.so.21.2.42)
==268755==    by 0x4894C0C: ??? (in /usr/lib/x86_64-linux-gnu/libmysqlclient.so.21.2.42)
==268755==    by 0x4895AD1: ??? (in /usr/lib/x86_64-linux-gnu/libmysqlclient.so.21.2.42)
==268755==    by 0x4892AF9: mysql_stmt_prepare (in /usr/lib/x86_64-linux-gnu/libmysqlclient.so.21.2.42)
==268755==    by 0x1E9C58: cpp_dbc::MySQL::MySQLPreparedStatement::MySQLPreparedStatement(MYSQL*, std::__cxx11::basic_string<char, std::char_traits<char>, std::allocator<char> > const&) (driver_mysql.cpp:263)
==268755==    by 0x1F66A8: decltype (::new ((void*)(0)) cpp_dbc::MySQL::MySQLPreparedStatement((declval<MYSQL*&>)(), (declval<std::__cxx11::basic_string<char, std::char_traits<char>, std::allocator<char> > const&>)())) std::construct_at<cpp_dbc::MySQL::MySQLPreparedStatement, MYSQL*&, std::__cxx11::basic_string<char, std::char_traits<char>, std::allocator<char> > const&>(cpp_dbc::MySQL::MySQLPreparedStatement*, MYSQL*&, std::__cxx11::basic_string<char, std::char_traits<char>, std::allocator<char> > const&) (stl_construct.h:97)
==268755==    by 0x1F6724: void std::allocator_traits<std::allocator<cpp_dbc::MySQL::MySQLPreparedStatement> >::construct<cpp_dbc::MySQL::MySQLPreparedStatement, MYSQL*&, std::__cxx11::basic_string<char, std::char_traits<char>, std::allocator<char> > const&>(std::allocator<cpp_dbc::MySQL::MySQLPreparedStatement>&, cpp_dbc::MySQL::MySQLPreparedStatement*, MYSQL*&, std::__cxx11::basic_string<char, std::char_traits<char>, std::allocator<char> > const&) (alloc_traits.h:518)
==268755==  Block was alloc'd at
==268755==    at 0x4848899: malloc (in /usr/libexec/valgrind/vgpreload_memcheck-amd64-linux.so)
==268755==    by 0x561679D: CRYPTO_zalloc (in /usr/lib/x86_64-linux-gnu/libcrypto.so.3)
==268755==    by 0x553A9CA: BIO_new_ex (in /usr/lib/x86_64-linux-gnu/libcrypto.so.3)
==268755==    by 0x53ED34B: SSL_set_fd (in /usr/lib/x86_64-linux-gnu/libssl.so.3)
==268755==    by 0x48F907D: ??? (in /usr/lib/x86_64-linux-gnu/libmysqlclient.so.21.2.42)
==268755==    by 0x489A12C: ??? (in /usr/lib/x86_64-linux-gnu/libmysqlclient.so.21.2.42)
==268755==    by 0x489AD71: ??? (in /usr/lib/x86_64-linux-gnu/libmysqlclient.so.21.2.42)
==268755==    by 0x48A3273: ??? (in /usr/lib/x86_64-linux-gnu/libmysqlclient.so.21.2.42)
==268755==    by 0x489EF82: mysql_real_connect (in /usr/lib/x86_64-linux-gnu/libmysqlclient.so.21.2.42)
==268755==    by 0x1EC2E1: cpp_dbc::MySQL::MySQLConnection::MySQLConnection(std::__cxx11::basic_string<char, std::char_traits<char>, std::allocator<char> > const&, int, std::__cxx11::basic_string<char, std::char_traits<char>, std::allocator<char> > const&, std::__cxx11::basic_string<char, std::char_traits<char>, std::allocator<char> > const&, std::__cxx11::basic_string<char, std::char_traits<char>, std::allocator<char> > const&) (driver_mysql.cpp:624)
==268755==    by 0x1F6A72: decltype (::new ((void*)(0)) cpp_dbc::MySQL::MySQLConnection((declval<std::__cxx11::basic_string<char, std::char_traits<char>, std::allocator<char> >&>)(), (declval<int&>)(), (declval<std::__cxx11::basic_string<char, std::char_traits<char>, std::allocator<char> >&>)(), (declval<std::__cxx11::basic_string<char, std::char_traits<char>, std::allocator<char> > const&>)(), (declval<std::__cxx11::basic_string<char, std::char_traits<char>, std::allocator<char> > const&>)())) std::construct_at<cpp_dbc::MySQL::MySQLConnection, std::__cxx11::basic_string<char, std::char_traits<char>, std::allocator<char> >&, int&, std::__cxx11::basic_string<char, std::char_traits<char>, std::allocator<char> >&, std::__cxx11::basic_string<char, std::char_traits<char>, std::allocator<char> > const&, std::__cxx11::basic_string<char, std::char_traits<char>, std::allocator<char> > const&>(cpp_dbc::MySQL::MySQLConnection*, std::__cxx11::basic_string<char, std::char_traits<char>, std::allocator<char> >&, int&, std::__cxx11::basic_string<char, std::char_traits<char>, std::allocator<char> >&, std::__cxx11::basic_string<char, std::char_traits<char>, std::allocator<char> > const&, std::__cxx11::basic_string<char, std::char_traits<char>, std::allocator<char> > const&) (stl_construct.h:97)
==268755==    by 0x1F6B2E: void std::allocator_traits<std::allocator<cpp_dbc::MySQL::MySQLConnection> >::construct<cpp_dbc::MySQL::MySQLConnection, std::__cxx11::basic_string<char, std::char_traits<char>, std::allocator<char> >&, int&, std::__cxx11::basic_string<char, std::char_traits<char>, std::allocator<char> >&, std::__cxx11::basic_string<char, std::char_traits<char>, std::allocator<char> > const&, std::__cxx11::basic_string<char, std::char_traits<char>, std::allocator<char> > const&>(std::allocator<cpp_dbc::MySQL::MySQLConnection>&, cpp_dbc::MySQL::MySQLConnection*, std::__cxx11::basic_string<char, std::char_traits<char>, std::allocator<char> >&, int&, std::__cxx11::basic_string<char, std::char_traits<char>, std::allocator<char> >&, std::__cxx11::basic_string<char, std::char_traits<char>, std::allocator<char> > const&, std::__cxx11::basic_string<char, std::char_traits<char>, std::allocator<char> > const&) (alloc_traits.h:518)
==268755== 
==268755== 
==268755== 2 errors in context 18 of 253:
==268755== Invalid read of size 4
==268755==    at 0x5533396: BIO_clear_flags (in /usr/lib/x86_64-linux-gnu/libcrypto.so.3)
==268755==    by 0x5541692: ??? (in /usr/lib/x86_64-linux-gnu/libcrypto.so.3)
==268755==    by 0x553131A: ??? (in /usr/lib/x86_64-linux-gnu/libcrypto.so.3)
==268755==    by 0x5534C25: ??? (in /usr/lib/x86_64-linux-gnu/libcrypto.so.3)
==268755==    by 0x5534D56: BIO_write (in /usr/lib/x86_64-linux-gnu/libcrypto.so.3)
==268755==    by 0x5407EDD: ??? (in /usr/lib/x86_64-linux-gnu/libssl.so.3)
==268755==    by 0x540A71A: ??? (in /usr/lib/x86_64-linux-gnu/libssl.so.3)
==268755==    by 0x540AAE4: ??? (in /usr/lib/x86_64-linux-gnu/libssl.so.3)
==268755==    by 0x53EE266: SSL_write (in /usr/lib/x86_64-linux-gnu/libssl.so.3)
==268755==    by 0x48E228F: ??? (in /usr/lib/x86_64-linux-gnu/libmysqlclient.so.21.2.42)
==268755==    by 0x48ABA31: ??? (in /usr/lib/x86_64-linux-gnu/libmysqlclient.so.21.2.42)
==268755==    by 0x48ABFEE: ??? (in /usr/lib/x86_64-linux-gnu/libmysqlclient.so.21.2.42)
==268755==  Address 0x6b12d20 is 48 bytes inside a block of size 136 free'd
==268755==    at 0x484B27F: free (in /usr/libexec/valgrind/vgpreload_memcheck-amd64-linux.so)
==268755==    by 0x553A8F3: BIO_free (in /usr/lib/x86_64-linux-gnu/libcrypto.so.3)
==268755==    by 0x553A95B: BIO_free_all (in /usr/lib/x86_64-linux-gnu/libcrypto.so.3)
==268755==    by 0x53F4C83: SSL_free (in /usr/lib/x86_64-linux-gnu/libssl.so.3)
==268755==    by 0x48E2CB5: ??? (in /usr/lib/x86_64-linux-gnu/libmysqlclient.so.21.2.42)
==268755==    by 0x489B2F8: ??? (in /usr/lib/x86_64-linux-gnu/libmysqlclient.so.21.2.42)
==268755==    by 0x4894C0C: ??? (in /usr/lib/x86_64-linux-gnu/libmysqlclient.so.21.2.42)
==268755==    by 0x4895AD1: ??? (in /usr/lib/x86_64-linux-gnu/libmysqlclient.so.21.2.42)
==268755==    by 0x4892AF9: mysql_stmt_prepare (in /usr/lib/x86_64-linux-gnu/libmysqlclient.so.21.2.42)
==268755==    by 0x1E9C58: cpp_dbc::MySQL::MySQLPreparedStatement::MySQLPreparedStatement(MYSQL*, std::__cxx11::basic_string<char, std::char_traits<char>, std::allocator<char> > const&) (driver_mysql.cpp:263)
==268755==    by 0x1F66A8: decltype (::new ((void*)(0)) cpp_dbc::MySQL::MySQLPreparedStatement((declval<MYSQL*&>)(), (declval<std::__cxx11::basic_string<char, std::char_traits<char>, std::allocator<char> > const&>)())) std::construct_at<cpp_dbc::MySQL::MySQLPreparedStatement, MYSQL*&, std::__cxx11::basic_string<char, std::char_traits<char>, std::allocator<char> > const&>(cpp_dbc::MySQL::MySQLPreparedStatement*, MYSQL*&, std::__cxx11::basic_string<char, std::char_traits<char>, std::allocator<char> > const&) (stl_construct.h:97)
==268755==    by 0x1F6724: void std::allocator_traits<std::allocator<cpp_dbc::MySQL::MySQLPreparedStatement> >::construct<cpp_dbc::MySQL::MySQLPreparedStatement, MYSQL*&, std::__cxx11::basic_string<char, std::char_traits<char>, std::allocator<char> > const&>(std::allocator<cpp_dbc::MySQL::MySQLPreparedStatement>&, cpp_dbc::MySQL::MySQLPreparedStatement*, MYSQL*&, std::__cxx11::basic_string<char, std::char_traits<char>, std::allocator<char> > const&) (alloc_traits.h:518)
==268755==  Block was alloc'd at
==268755==    at 0x4848899: malloc (in /usr/libexec/valgrind/vgpreload_memcheck-amd64-linux.so)
==268755==    by 0x561679D: CRYPTO_zalloc (in /usr/lib/x86_64-linux-gnu/libcrypto.so.3)
==268755==    by 0x553A9CA: BIO_new_ex (in /usr/lib/x86_64-linux-gnu/libcrypto.so.3)
==268755==    by 0x53ED34B: SSL_set_fd (in /usr/lib/x86_64-linux-gnu/libssl.so.3)
==268755==    by 0x48F907D: ??? (in /usr/lib/x86_64-linux-gnu/libmysqlclient.so.21.2.42)
==268755==    by 0x489A12C: ??? (in /usr/lib/x86_64-linux-gnu/libmysqlclient.so.21.2.42)
==268755==    by 0x489AD71: ??? (in /usr/lib/x86_64-linux-gnu/libmysqlclient.so.21.2.42)
==268755==    by 0x48A3273: ??? (in /usr/lib/x86_64-linux-gnu/libmysqlclient.so.21.2.42)
==268755==    by 0x489EF82: mysql_real_connect (in /usr/lib/x86_64-linux-gnu/libmysqlclient.so.21.2.42)
==268755==    by 0x1EC2E1: cpp_dbc::MySQL::MySQLConnection::MySQLConnection(std::__cxx11::basic_string<char, std::char_traits<char>, std::allocator<char> > const&, int, std::__cxx11::basic_string<char, std::char_traits<char>, std::allocator<char> > const&, std::__cxx11::basic_string<char, std::char_traits<char>, std::allocator<char> > const&, std::__cxx11::basic_string<char, std::char_traits<char>, std::allocator<char> > const&) (driver_mysql.cpp:624)
==268755==    by 0x1F6A72: decltype (::new ((void*)(0)) cpp_dbc::MySQL::MySQLConnection((declval<std::__cxx11::basic_string<char, std::char_traits<char>, std::allocator<char> >&>)(), (declval<int&>)(), (declval<std::__cxx11::basic_string<char, std::char_traits<char>, std::allocator<char> >&>)(), (declval<std::__cxx11::basic_string<char, std::char_traits<char>, std::allocator<char> > const&>)(), (declval<std::__cxx11::basic_string<char, std::char_traits<char>, std::allocator<char> > const&>)())) std::construct_at<cpp_dbc::MySQL::MySQLConnection, std::__cxx11::basic_string<char, std::char_traits<char>, std::allocator<char> >&, int&, std::__cxx11::basic_string<char, std::char_traits<char>, std::allocator<char> >&, std::__cxx11::basic_string<char, std::char_traits<char>, std::allocator<char> > const&, std::__cxx11::basic_string<char, std::char_traits<char>, std::allocator<char> > const&>(cpp_dbc::MySQL::MySQLConnection*, std::__cxx11::basic_string<char, std::char_traits<char>, std::allocator<char> >&, int&, std::__cxx11::basic_string<char, std::char_traits<char>, std::allocator<char> >&, std::__cxx11::basic_string<char, std::char_traits<char>, std::allocator<char> > const&, std::__cxx11::basic_string<char, std::char_traits<char>, std::allocator<char> > const&) (stl_construct.h:97)
==268755==    by 0x1F6B2E: void std::allocator_traits<std::allocator<cpp_dbc::MySQL::MySQLConnection> >::construct<cpp_dbc::MySQL::MySQLConnection, std::__cxx11::basic_string<char, std::char_traits<char>, std::allocator<char> >&, int&, std::__cxx11::basic_string<char, std::char_traits<char>, std::allocator<char> >&, std::__cxx11::basic_string<char, std::char_traits<char>, std::allocator<char> > const&, std::__cxx11::basic_string<char, std::char_traits<char>, std::allocator<char> > const&>(std::allocator<cpp_dbc::MySQL::MySQLConnection>&, cpp_dbc::MySQL::MySQLConnection*, std::__cxx11::basic_string<char, std::char_traits<char>, std::allocator<char> >&, int&, std::__cxx11::basic_string<char, std::char_traits<char>, std::allocator<char> >&, std::__cxx11::basic_string<char, std::char_traits<char>, std::allocator<char> > const&, std::__cxx11::basic_string<char, std::char_traits<char>, std::allocator<char> > const&) (alloc_traits.h:518)
==268755== 
==268755== ERROR SUMMARY: 256 errors from 253 contexts (suppressed: 0 from 0)
libs/cpp_dbc/run_test_cpp_dbc.sh: line 273: 268755 Segmentation fault      (core dumped) valgrind --leak-check=full --show-leak-kinds=all --track-origins=yes --verbose "$TEST_EXECUTABLE" $@
